0	8	R2	5.846244e+00	5.846244e+00	3.340744e-09	0.000000e+00	4.610689e-01
0	16	R2	6.453695e+00	6.453695e+00	3.852452e-09	0.000000e+00	2.053354e-01
0	19	R2	5.900401e+00	5.900401e+00	3.385600e-09	4.088392e-15	2.172439e-01
0	21	R2	4.854133e+00	4.854133e+00	2.555706e-09	0.000000e+00	1.609326e-01
0	23	R2	5.628095e+00	5.628095e+00	3.161893e-09	0.000000e+00	1.738983e-01
0	27	R2	5.935775e+00	5.935775e+00	3.414990e-09	3.037157e-15	2.924374e-01
0	28	R2	6.153467e+00	6.153467e+00	3.597340e-09	3.276026e-15	2.711146e-01
0	33	R2	6.835737e+00	6.835737e+00	4.181730e-09	3.533029e-15	2.513929e-01
0	39	R2	6.298022e+00	6.298022e+00	3.719699e-09	-4.626435e-15	1.919790e-01
0	40	R2	5.577556e+00	5.577556e+00	3.120904e-09	0.000000e+00	3.857532e-01
0	44	R2	5.387060e+00	5.387060e+00	2.968044e-09	3.381800e-15	2.626348e-01
0	47	R2	5.837371e+00	5.837371e+00	3.333411e-09	5.617559e-15	1.581075e-01
0	49	R2	6.122199e+00	6.122199e+00	3.570999e-09	-1.243914e-14	1.428038e-01
0	52	R2	6.459948e+00	6.459948e+00	3.857804e-09	0.000000e+00	1.727661e-01
0	55	R2	6.079027e+00	6.079027e+00	3.534711e-09	4.216549e-15	2.106411e-01
0	57	R2	4.998251e+00	4.998251e+00	2.664842e-09	0.000000e+00	1.861197e-01
0	62	R2	6.392636e+00	6.392636e+00	3.800269e-09	4.490503e-15	1.977904e-01
0	63	R2	6.035732e+00	6.035732e+00	3.498412e-09	0.000000e+00	2.655751e-01
0	64	R2	6.490556e+00	6.490556e+00	3.884021e-09	0.000000e+00	3.332271e-01
0	65	R2	6.688068e+00	6.688068e+00	4.053946e-09	1.368458e-15	6.490361e-01
0	67	R2	6.452445e+00	6.452445e+00	3.851383e-09	3.307439e-15	2.685396e-01
0	69	R2	6.774150e+00	6.774150e+00	4.128367e-09	0.000000e+00	2.969025e-01
0	70	R2	6.454528e+00	6.454528e+00	3.853165e-09	0.000000e+00	2.262188e-01
0	74	R2	6.038283e+00	6.038283e+00	3.500548e-09	-1.982081e-15	8.962079e-01
0	89	R2	6.488872e+00	6.488872e+00	3.882577e-09	0.000000e+00	2.261063e-01
0	91	R2	6.115834e+00	6.115834e+00	3.565643e-09	-5.196042e-15	1.709336e-01
0	92	R2	6.115086e+00	6.115086e+00	3.565014e-09	7.699099e-15	2.307227e-01
0	93	R2	6.022645e+00	6.022645e+00	3.487460e-09	9.102766e-15	1.951447e-01
0	94	R2	5.194535e+00	5.194535e+00	2.816362e-09	5.458703e-15	1.627087e-01
0	96	R2	5.508124e+00	5.508124e+00	3.064884e-09	-4.791280e-15	1.853739e-01
0	100	R2	5.595032e+00	5.595032e+00	3.135057e-09	-3.057364e-15	2.905046e-01
0	102	R2	6.605020e+00	6.605020e+00	3.982347e-09	0.000000e+00	5.928812e-01
0	106	R2	6.452445e+00	6.452445e+00	3.851383e-09	4.984341e-15	1.781937e-01
0	109	R2	6.285355e+00	6.285355e+00	3.708940e-09	9.947917e-15	1.785657e-01
0	111	R2	6.329515e+00	6.329515e+00	3.746476e-09	-3.524591e-15	2.519947e-01
0	112	R2	6.481722e+00	6.481722e+00	3.876450e-09	4.517245e-15	1.966195e-01
0	113	R2	6.035732e+00	6.035732e+00	3.498412e-09	0.000000e+00	3.260490e-01
0	116	R2	3.958671e+00	3.958671e+00	1.919812e-09	9.420923e-16	4.713861e-01
0	117	R2	5.245764e+00	5.245764e+00	2.856435e-09	2.856303e-15	3.109539e-01
0	120	R2	5.824451e+00	5.824451e+00	3.322743e-09	-5.257277e-15	1.689427e-01
0	123	R2	6.194635e+00	6.194635e+00	3.632090e-09	0.000000e+00	1.346910e-01
0	125	R2	6.807352e+00	6.807352e+00	4.157124e-09	-3.441031e-15	2.581140e-01
0	127	R2	6.579380e+00	6.579380e+00	3.960285e-09	4.793872e-15	1.852737e-01
0	128	R2	6.848846e+00	6.848846e+00	4.193100e-09	0.000000e+00	2.199924e-01
0	130	R2	4.641017e+00	4.641017e+00	2.397723e-09	0.000000e+00	1.643429e-01
0	133	R2	6.448701e+00	6.448701e+00	3.848178e-09	0.000000e+00	1.912944e-01
0	134	R2	5.957345e+00	5.957345e+00	3.432946e-09	3.910341e-15	2.271358e-01
0	135	R2	6.297229e+00	6.297229e+00	3.719025e-09	-5.270020e-15	1.685342e-01
0	136	R2	6.231306e+00	6.231306e+00	3.663110e-09	0.000000e+00	2.166668e-01
0	137	R2	6.292078e+00	6.292078e+00	3.714649e-09	-2.991236e-15	2.969269e-01
0	143	R2	6.044122e+00	6.044122e+00	3.505439e-09	-6.078183e-15	1.461256e-01
0	144	R2	6.472492e+00	6.472492e+00	3.868544e-09	-4.435364e-15	2.002493e-01
0	145	R2	5.740528e+00	5.740528e+00	3.253693e-09	0.000000e+00	2.026650e-01
0	146	R2	5.887201e+00	5.887201e+00	3.374651e-09	5.824113e-15	3.050004e-01
0	148	R2	2.462690e+00	2.462690e+00	9.946157e-10	-2.419013e-15	1.835828e-01


1	8	NOE	7.460700e-01	7.460700e-01	4.707020e-09	0.000000e+00	2.969000e-02
1	16	NOE	7.585800e-01	7.585800e-01	5.160587e-09	0.000000e+00	1.975000e-02
1	19	NOE	7.576700e-01	7.576700e-01	5.123175e-09	-7.074633e-08	2.653000e-02
1	21	NOE	7.786500e-01	7.786500e-01	6.266773e-09	5.365989e-15	2.069000e-02
1	23	NOE	7.716200e-01	7.716200e-01	5.804048e-09	6.832142e-15	1.625000e-02
1	27	NOE	7.648000e-01	7.648000e-01	5.439867e-09	-3.678671e-15	3.018000e-02
1	28	NOE	7.930600e-01	7.930600e-01	7.704227e-09	-4.616312e-15	2.405000e-02
1	33	NOE	8.182500e-01	8.182500e-01	2.287701e-08	0.000000e+00	2.406000e-02
1	39	NOE	8.033200e-01	8.033200e-01	9.647112e-09	0.000000e+00	2.085000e-02
1	40	NOE	8.372700e-01	8.214914e-01	3.494706e-05	5.018650e-01	3.144000e-02
1	44	NOE	7.658200e-01	7.658200e-01	5.490061e-09	0.000000e+00	2.258000e-02
1	47	NOE	7.333600e-01	7.333600e-01	4.348573e-09	6.538416e-15	1.698000e-02
1	49	NOE	7.788900e-01	7.788900e-01	6.284558e-09	6.406365e-15	1.733000e-02
1	52	NOE	7.389300e-01	7.389300e-01	4.495505e-09	-4.963000e-15	2.237000e-02
1	55	NOE	7.060200e-01	7.060200e-01	3.788081e-09	-4.655023e-15	2.385000e-02
1	57	NOE	6.805900e-01	6.805900e-01	3.419984e-09	0.000000e+00	1.943000e-02
1	62	NOE	8.650500e-01	8.214914e-01	3.072402e-05	2.123776e+00	2.051000e-02
1	63	NOE	7.739600e-01	7.739600e-01	5.946655e-09	-4.580128e-15	2.424000e-02
1	64	NOE	7.797600e-01	7.797600e-01	6.350306e-09	0.000000e+00	3.100000e-02
1	65	NOE	8.249300e-01	8.214914e-01	4.809079e-05	9.470216e-02	3.631000e-02
1	67	NOE	7.683700e-01	7.683700e-01	5.621787e-09	3.451113e-15	3.217000e-02
1	69	NOE	7.456200e-01	7.456200e-01	4.692818e-09	0.000000e+00	3.412000e-02
1	70	NOE	7.954900e-01	7.954900e-01	8.058230e-09	0.000000e+00	2.884000e-02
1	74	NOE	7.500000e-01	7.500000e-01	4.836663e-09	0.000000e+00	7.458000e-02
1	89	NOE	7.371400e-01	7.371400e-01	4.446712e-09	-5.161427e-15	2.151000e-02
1	91	NOE	7.971000e-01	7.971000e-01	8.321323e-09	-4.967441e-15	2.235000e-02
1	92	NOE	7.573700e-01	7.573700e-01	5.111015e-09	0.000000e+00	2.661000e-02
1	93	NOE	7.631200e-01	7.631200e-01	5.360069e-09	0.000000e+00	2.222000e-02
1	94	NOE	6.644800e-01	6.644800e-01	3.234212e-09	0.000000e+00	1.966000e-02
1	96	NOE	8.174500e-01	8.174500e-01	2.048629e-08	-5.988258e-15	1.854000e-02
1	100	NOE	7.370600e-01	7.370600e-01	4.444567e-09	-3.969335e-15	2.797000e-02
1	102	NOE	8.641900e-01	8.214914e-01	1.960984e-05	1.605816e+00	2.659000e-02
1	106	NOE	7.308600e-01	7.308600e-01	4.287047e-09	5.994725e-15	1.852000e-02
1	109	NOE	7.598800e-01	7.598800e-01	5.215458e-09	-8.656864e-08	2.094000e-02
1	111	NOE	7.871100e-01	7.871100e-01	7.001599e-09	0.000000e+00	2.492000e-02
1	112	NOE	8.056000e-01	8.056000e-01	1.031842e-08	0.000000e+00	2.263000e-02
1	113	NOE	7.253000e-01	7.253000e-01	4.158863e-09	3.719340e-15	2.985000e-02
1	116	NOE	5.218900e-01	5.218900e-01	2.305289e-09	0.000000e+00	3.632000e-02
1	117	NOE	6.832500e-01	6.832500e-01	3.453710e-09	0.000000e+00	3.028000e-02
1	120	NOE	7.194500e-01	7.194500e-01	4.035395e-09	5.981805e-15	1.856000e-02
1	123	NOE	7.912000e-01	7.912000e-01	7.462501e-09	0.000000e+00	1.822000e-02
1	125	NOE	7.665300e-01	7.665300e-01	5.525818e-09	0.000000e+00	3.229000e-02
1	127	NOE	6.702200e-01	6.702200e-01	3.297026e-09	0.000000e+00	2.514000e-02
1	128	NOE	7.921600e-01	7.921600e-01	7.584398e-09	-3.250421e-08	2.673000e-02
1	130	NOE	7.026200e-01	7.026200e-01	3.732168e-09	-1.945632e-07	1.776000e-02
1	133	NOE	8.202300e-01	8.202300e-01	3.668022e-08	0.000000e+00	1.529000e-02
1	134	NOE	7.569900e-01	7.569900e-01	5.095735e-09	0.000000e+00	2.125000e-02
1	135	NOE	7.619100e-01	7.619100e-01	5.304690e-09	6.413767e-15	1.731000e-02
1	136	NOE	7.815100e-01	7.815100e-01	6.488980e-09	0.000000e+00	1.902000e-02
1	137	NOE	8.207400e-01	8.207400e-01	4.752802e-08	0.000000e+00	3.008000e-02
1	143	NOE	7.393900e-01	7.393900e-01	4.508300e-09	0.000000e+00	1.839000e-02
1	144	NOE	6.971400e-01	6.971400e-01	3.646882e-09	0.000000e+00	2.135000e-02
1	145	NOE	6.748900e-01	6.748900e-01	3.350800e-09	4.664803e-15	2.380000e-02
1	146	NOE	7.066000e-01	7.066000e-01	3.797864e-09	-4.245595e-15	2.615000e-02
1	148	NOE	-2.132200e-01	-2.132200e-01	1.134754e-09	-1.014829e-15	2.735000e-02


2	8	R1	2.138854e+00	2.138854e+00	7.744775e-09	0.000000e+00	6.088923e-02
2	16	R1	2.263160e+00	2.263160e+00	7.148687e-09	1.817696e-14	2.443144e-02
2	19	R1	2.192982e+00	2.192982e+00	7.479318e-09	0.000000e+00	2.774892e-02
2	21	R1	1.962400e+00	1.962400e+00	8.686303e-09	-1.087900e-14	2.041038e-02
2	23	R1	2.182120e+00	2.182120e+00	7.531824e-09	0.000000e+00	2.342730e-02
2	27	R1	2.202886e+00	2.202886e+00	7.431771e-09	0.000000e+00	3.668646e-02
2	28	R1	2.246232e+00	2.246232e+00	7.227137e-09	0.000000e+00	3.097973e-02
2	33	R1	2.292526e+00	2.292526e+00	7.014437e-09	1.588290e-14	2.796020e-02
2	39	R1	2.148735e+00	2.148735e+00	7.695587e-09	0.000000e+00	2.322383e-02
2	40	R1	2.161835e+00	2.161835e+00	7.630890e-09	-8.560560e-15	5.187619e-02
2	44	R1	2.055034e+00	2.055034e+00	8.176275e-09	0.000000e+00	3.082910e-02
2	47	R1	2.171600e+00	2.171600e+00	7.583033e-09	0.000000e+00	2.004234e-02
2	49	R1	2.262699e+00	2.262699e+00	7.150812e-09	-2.464188e-14	1.802173e-02
2	52	R1	2.257999e+00	2.257999e+00	7.172521e-09	-3.914648e-14	2.268859e-02
2	55	R1	2.206970e+00	2.206970e+00	7.412252e-09	0.000000e+00	2.742212e-02
2	57	R1	1.649947e+00	1.649947e+00	1.075257e-08	1.112746e-14	1.995465e-02
2	62	R1	2.291896e+00	2.291896e+00	7.017296e-09	0.000000e+00	2.621141e-02
2	63	R1	2.237187e+00	2.237187e+00	7.269386e-09	1.473904e-14	3.013012e-02
2	64	R1	2.303086e+00	2.303086e+00	6.966711e-09	-1.107460e-14	4.009980e-02
2	65	R1	2.311925e+00	2.311925e+00	6.926979e-09	0.000000e+00	8.001460e-02
2	67	R1	2.314279e+00	2.314279e+00	6.916429e-09	0.000000e+00	3.872307e-02
2	69	R1	2.344556e+00	2.344556e+00	6.781932e-09	0.000000e+00	3.941308e-02
2	70	R1	2.279306e+00	2.279306e+00	7.074592e-09	0.000000e+00	3.122337e-02
2	74	R1	2.189957e+00	2.189957e+00	7.493905e-09	0.000000e+00	1.227753e-01
2	89	R1	2.300384e+00	2.300384e+00	6.978896e-09	-1.632700e-14	2.719968e-02
2	91	R1	2.239892e+00	2.239892e+00	7.256723e-09	1.953969e-14	2.272755e-02
2	92	R1	2.234587e+00	2.234587e+00	7.281571e-09	0.000000e+00	2.981047e-02
2	93	R1	2.184265e+00	2.184265e+00	7.521427e-09	0.000000e+00	2.585888e-02
2	94	R1	2.044990e+00	2.044990e+00	8.229800e-09	2.128077e-14	2.086810e-02
2	96	R1	2.235886e+00	2.235886e+00	7.275480e-09	1.766050e-14	2.514591e-02
2	100	R1	2.182358e+00	2.182358e+00	7.530669e-09	-1.159744e-14	3.829199e-02
2	102	R1	2.207408e+00	2.207408e+00	7.410160e-09	6.496019e-15	6.836328e-02
2	106	R1	2.198575e+00	2.198575e+00	7.452428e-09	0.000000e+00	1.986664e-02
2	109	R1	2.222815e+00	2.222815e+00	7.336998e-09	0.000000e+00	2.149294e-02
2	111	R1	2.325960e+00	2.325960e+00	6.864281e-09	0.000000e+00	3.321795e-02
2	112	R1	2.169386e+00	2.169386e+00	7.593857e-09	0.000000e+00	2.442535e-02
2	113	R1	2.090476e+00	2.090476e+00	7.990604e-09	-1.083371e-14	4.099144e-02
2	116	R1	1.372947e+00	1.372947e+00	4.023903e-10	0.000000e+00	5.415561e-02
2	117	R1	1.978552e+00	1.978552e+00	8.594621e-09	-6.047032e-15	3.671960e-02
2	120	R1	2.238288e+00	2.238288e+00	7.264228e-09	-2.028415e-14	2.189341e-02
2	123	R1	2.284409e+00	2.284409e+00	7.051319e-09	-2.532697e-14	1.753424e-02
2	125	R1	2.276401e+00	2.276401e+00	7.087875e-09	2.764465e-14	3.212840e-02
2	127	R1	2.303511e+00	2.303511e+00	6.964799e-09	0.000000e+00	2.541651e-02
2	128	R1	2.245122e+00	2.245122e+00	7.232307e-09	1.581739e-14	2.807600e-02
2	130	R1	1.649893e+00	1.649893e+00	6.040417e-10	2.618610e-14	1.695897e-02
2	133	R1	2.236486e+00	2.236486e+00	7.272668e-09	0.000000e+00	2.260845e-02
2	134	R1	2.226775e+00	2.226775e+00	7.318309e-09	0.000000e+00	3.004867e-02
2	135	R1	2.282740e+00	2.282740e+00	7.058922e-09	-2.058529e-14	2.157314e-02
2	136	R1	2.236586e+00	2.236586e+00	7.272199e-09	-3.630949e-14	2.446133e-02
2	137	R1	2.282063e+00	2.282063e+00	7.062010e-09	5.939708e-07	3.885027e-02
2	143	R1	2.247898e+00	2.247898e+00	7.219380e-09	-2.375282e-14	1.869627e-02
2	144	R1	2.223408e+00	2.223408e+00	7.334196e-09	1.803859e-14	2.461885e-02
2	145	R1	2.161555e+00	2.161555e+00	7.632268e-09	0.000000e+00	2.635187e-02
2	146	R1	2.137848e+00	2.137848e+00	7.749802e-09	0.000000e+00	3.962533e-02
2	148	R1	1.296512e+00	1.296512e+00	3.567717e-10	0.000000e+00	2.116309e-02


