8	5.846244e+00	4.610689e-01	7.460700e-01	2.969000e-02	2.138854e+00	6.088923e-02	5.505504e-02	
16	6.453695e+00	2.053354e-01	7.585800e-01	1.975000e-02	2.263160e+00	2.443144e-02	5.538478e-02	
19	5.900401e+00	2.172439e-01	7.576700e-01	2.653000e-02	2.192982e+00	2.774892e-02	5.386965e-02	
21	4.854133e+00	1.609326e-01	7.786500e-01	2.069000e-02	1.962400e+00	2.041038e-02	4.403206e-02	
23	5.628095e+00	1.738983e-01	7.716200e-01	1.625000e-02	2.182120e+00	2.342730e-02	5.051711e-02	
27	5.935775e+00	2.924374e-01	7.648000e-01	3.018000e-02	2.202886e+00	3.668646e-02	5.252078e-02	
28	6.153467e+00	2.711146e-01	7.930600e-01	2.405000e-02	2.246232e+00	3.097973e-02	4.711952e-02	
33	6.835737e+00	2.513929e-01	8.182500e-01	2.406000e-02	2.292526e+00	2.796020e-02	4.223676e-02	
39	6.298022e+00	1.919790e-01	8.033200e-01	2.085000e-02	2.148735e+00	2.322383e-02	4.283956e-02	
40	5.577556e+00	3.857532e-01	8.372700e-01	3.144000e-02	2.161835e+00	5.187619e-02	3.566088e-02	
44	5.387060e+00	2.626348e-01	7.658200e-01	2.258000e-02	2.055034e+00	3.082910e-02	4.878324e-02	
47	5.837371e+00	1.581075e-01	7.333600e-01	1.698000e-02	2.171600e+00	2.004234e-02	5.869579e-02	
49	6.122199e+00	1.428038e-01	7.788900e-01	1.733000e-02	2.262699e+00	1.802173e-02	5.071508e-02	
52	6.459948e+00	1.727661e-01	7.389300e-01	2.237000e-02	2.257999e+00	2.268859e-02	5.975614e-02	
55	6.079027e+00	2.106411e-01	7.060200e-01	2.385000e-02	2.206970e+00	2.742212e-02	6.576820e-02	
57	4.998251e+00	1.861197e-01	6.805900e-01	1.943000e-02	1.649947e+00	1.995465e-02	5.342203e-02	
62	6.392636e+00	1.977904e-01	8.650500e-01	2.051000e-02	2.291896e+00	2.621141e-02	3.135231e-02	
63	6.035732e+00	2.655751e-01	7.739600e-01	2.424000e-02	2.237187e+00	3.013012e-02	5.126127e-02	
64	6.490556e+00	3.332271e-01	7.797600e-01	3.100000e-02	2.303086e+00	4.009980e-02	5.141718e-02	
65	6.688068e+00	6.490361e-01	8.249300e-01	3.631000e-02	2.311925e+00	8.001460e-02	4.102866e-02	
67	6.452445e+00	2.685396e-01	7.683700e-01	3.217000e-02	2.314279e+00	3.872307e-02	5.433909e-02	
69	6.774150e+00	2.969025e-01	7.456200e-01	3.412000e-02	2.344556e+00	3.941308e-02	6.045683e-02	
70	6.454528e+00	2.262188e-01	7.954900e-01	2.884000e-02	2.279306e+00	3.122337e-02	4.725188e-02	
74	6.038283e+00	8.962079e-01	7.500000e-01	7.458000e-02	2.189957e+00	1.227753e-01	5.549801e-02	
89	6.488872e+00	2.261063e-01	7.371400e-01	2.151000e-02	2.300384e+00	2.719968e-02	6.129523e-02	
91	6.115834e+00	1.709336e-01	7.971000e-01	2.235000e-02	2.239892e+00	2.272755e-02	4.606924e-02	
92	6.115086e+00	2.307227e-01	7.573700e-01	2.661000e-02	2.234587e+00	2.981047e-02	5.495960e-02	
93	6.022645e+00	1.951447e-01	7.631200e-01	2.222000e-02	2.184265e+00	2.585888e-02	5.244879e-02	
94	5.194535e+00	1.627087e-01	6.644800e-01	1.966000e-02	2.044990e+00	2.086810e-02	6.955228e-02	
96	5.508124e+00	1.853739e-01	8.174500e-01	1.854000e-02	2.235886e+00	2.514591e-02	4.137455e-02	
100	5.595032e+00	2.905046e-01	7.370600e-01	2.797000e-02	2.182358e+00	3.829199e-02	5.816804e-02	
102	6.605020e+00	5.928812e-01	8.641900e-01	2.659000e-02	2.207408e+00	6.836328e-02	3.038899e-02	
106	6.452445e+00	1.781937e-01	7.308600e-01	1.852000e-02	2.198575e+00	1.986664e-02	5.998207e-02	
109	6.285355e+00	1.785657e-01	7.598800e-01	2.094000e-02	2.222815e+00	2.149294e-02	5.410451e-02	
111	6.329515e+00	2.519947e-01	7.871100e-01	2.492000e-02	2.325960e+00	3.321795e-02	5.019487e-02	
112	6.481722e+00	1.966195e-01	8.056000e-01	2.263000e-02	2.169386e+00	2.442535e-02	4.274988e-02	
113	6.035732e+00	3.260490e-01	7.253000e-01	2.985000e-02	2.090476e+00	4.099144e-02	5.821108e-02	
116	3.958671e+00	4.713861e-01	5.218900e-01	3.632000e-02	1.372947e+00	5.415561e-02	6.654012e-02	
117	5.245764e+00	3.109539e-01	6.832500e-01	3.028000e-02	1.978552e+00	3.671960e-02	6.352813e-02	
120	5.824451e+00	1.689427e-01	7.194500e-01	1.856000e-02	2.238288e+00	2.189341e-02	6.365435e-02	
123	6.194635e+00	1.346910e-01	7.912000e-01	1.822000e-02	2.284409e+00	1.753424e-02	4.835108e-02	
125	6.807352e+00	2.581140e-01	7.665300e-01	3.229000e-02	2.276401e+00	3.212840e-02	5.387430e-02	
127	6.579380e+00	1.852737e-01	6.702200e-01	2.514000e-02	2.303511e+00	2.541651e-02	7.700454e-02	
128	6.848846e+00	2.199924e-01	7.921600e-01	2.673000e-02	2.245122e+00	2.807600e-02	4.730107e-02	
130	4.641017e+00	1.643429e-01	7.026200e-01	1.776000e-02	1.649893e+00	1.695897e-02	4.973582e-02	
133	6.448701e+00	1.912944e-01	8.202300e-01	1.529000e-02	2.236486e+00	2.260845e-02	4.075541e-02	
134	5.957345e+00	2.271358e-01	7.569900e-01	2.125000e-02	2.226775e+00	3.004867e-02	5.485324e-02	
135	6.297229e+00	1.685342e-01	7.619100e-01	1.731000e-02	2.282740e+00	2.157314e-02	5.509339e-02	
136	6.231306e+00	2.166668e-01	7.815100e-01	1.902000e-02	2.236586e+00	2.446133e-02	4.953578e-02	
137	6.292078e+00	2.969269e-01	8.207400e-01	3.008000e-02	2.282063e+00	3.885027e-02	4.146798e-02	
143	6.044122e+00	1.461256e-01	7.393900e-01	1.839000e-02	2.247898e+00	1.869627e-02	5.938402e-02	
144	6.472492e+00	2.002493e-01	6.971400e-01	2.135000e-02	2.223408e+00	2.461885e-02	6.825947e-02	
145	5.740528e+00	2.026650e-01	6.748900e-01	2.380000e-02	2.161555e+00	2.635187e-02	7.123581e-02	
146	5.887201e+00	3.050004e-01	7.066000e-01	2.615000e-02	2.137848e+00	3.962533e-02	6.358269e-02	
148	2.462690e+00	1.835828e-01	-2.132200e-01	2.735000e-02	1.296512e+00	2.116309e-02	1.594476e-01	
