0	3	R2	4.923683e+00	4.923683e+00	2.608146e-09	-2.693898e-15	3.297001e-01
0	4	R2	5.941771e+00	5.941771e+00	3.419979e-09	3.543318e-15	2.506629e-01
0	5	R2	1.060445e+01	1.060445e+01	7.469579e-09	-4.111727e-07	3.148724e-01
0	6	R2	1.457726e+01	1.457726e+01	1.082117e-08	0.000000e+00	2.337461e-01
0	7	R2	1.426534e+01	1.426534e+01	1.056189e-08	6.465952e-15	5.494494e-01
0	8	R2	1.402525e+01	1.402525e+01	1.036195e-08	0.000000e+00	2.950613e-01
0	9	R2	1.424501e+01	1.424501e+01	1.054498e-08	1.786522e-15	9.943101e-01
0	10	R2	1.579779e+01	1.579779e+01	1.183099e-08	2.372555e-15	7.487103e-01
0	11	R2	1.398601e+01	1.398601e+01	1.032925e-08	-1.275448e-07	1.447504e+00
0	12	R2	1.689189e+01	1.689189e+01	1.273065e-08	0.000000e+00	1.426680e+00
0	14	R2	1.416431e+01	1.416431e+01	1.047780e-08	2.012273e-15	8.827613e-01
0	15	R2	1.408451e+01	1.408451e+01	1.041133e-08	0.000000e+00	1.983733e-01
0	17	R2	1.499250e+01	1.499250e+01	1.116554e-08	0.000000e+00	6.518480e-01
0	18	R2	1.669449e+01	1.669449e+01	1.256867e-08	0.000000e+00	5.016708e-01
0	19	R2	1.718213e+01	1.718213e+01	1.296854e-08	1.467548e-15	2.420850e+00
0	20	R2	1.447178e+01	1.447178e+01	1.073356e-08	1.247319e-15	1.424140e+00
0	21	R2	1.231527e+01	1.231527e+01	8.927364e-09	0.000000e+00	7.734961e-01
0	22	R2	1.329787e+01	1.329787e+01	9.754106e-09	-1.860254e-15	9.549004e-01
0	23	R2	1.434720e+01	1.434720e+01	1.062999e-08	2.184735e-15	1.626153e+00
0	25	R2	1.282051e+01	1.282051e+01	9.353323e-09	4.002724e-15	4.437870e-01
0	27	R2	1.655629e+01	1.655629e+01	1.245519e-08	-1.178261e-14	3.015219e-01
0	28	R2	1.499250e+01	1.499250e+01	1.116554e-08	0.000000e+00	4.045953e-01
0	29	R2	1.562500e+01	1.562500e+01	1.168845e-08	8.084397e-15	4.394531e-01
0	31	R2	1.631321e+01	1.631321e+01	1.225541e-08	0.000000e+00	3.991814e-01
0	32	R2	1.402525e+01	1.402525e+01	1.036195e-08	0.000000e+00	5.311103e-01
0	34	R2	1.524390e+01	1.524390e+01	1.137361e-08	-6.370252e-15	2.788519e-01
0	35	R2	1.282051e+01	1.282051e+01	9.353323e-09	4.002724e-15	4.437870e-01
0	39	R2	1.838235e+01	1.838235e+01	1.394933e-08	0.000000e+00	2.230212e+00
0	42	R2	1.550388e+01	1.550388e+01	1.158846e-08	2.737070e-15	6.489995e-01
0	44	R2	1.466276e+01	1.466276e+01	1.089215e-08	-2.526699e-07	7.739872e-01
0	45	R2	1.538462e+01	1.538462e+01	1.148994e-08	0.000000e+00	4.260355e-01
0	47	R2	1.373626e+01	1.373626e+01	1.012085e-08	0.000000e+00	6.226603e-01
0	50	R2	1.592357e+01	1.592357e+01	1.193466e-08	2.060490e-15	8.621039e-01
0	54	R2	1.569859e+01	1.569859e+01	1.174917e-08	-3.003294e-15	5.914695e-01
0	55	R2	1.298701e+01	1.298701e+01	9.493292e-09	2.240855e-15	7.927138e-01
0	56	R2	1.414427e+01	1.414427e+01	1.046111e-08	3.061759e-15	5.801752e-01
0	57	R2	1.200480e+01	1.200480e+01	8.664649e-09	1.711937e-15	1.037630e+00
0	58	R2	1.265823e+01	1.265823e+01	9.216709e-09	-2.842626e-15	6.248999e-01
0	59	R2	1.461988e+01	1.461988e+01	1.085656e-08	4.155396e-15	4.274820e-01
0	60	R2	1.455604e+01	1.455604e+01	1.080355e-08	0.000000e+00	3.601931e-01
0	61	R2	1.377410e+01	1.377410e+01	1.015245e-08	0.000000e+00	2.466437e-01
0	62	R2	1.550388e+01	1.550388e+01	1.158846e-08	7.972048e-15	2.228231e-01
0	63	R2	1.453488e+01	1.453488e+01	1.078598e-08	6.467907e-15	2.746417e-01
0	64	R2	1.477105e+01	1.477105e+01	1.098200e-08	2.467139e-15	7.200068e-01
0	65	R2	1.322751e+01	1.322751e+01	9.695131e-09	9.229563e-15	1.924638e-01
0	66	R2	1.410437e+01	1.410437e+01	1.042788e-08	3.720587e-15	4.774400e-01
0	67	R2	1.396648e+01	1.396648e+01	1.031296e-08	-3.794417e-15	4.681502e-01
0	68	R2	1.438849e+01	1.438849e+01	1.066433e-08	5.535644e-15	6.417887e-01
0	69	R2	1.344086e+01	1.344086e+01	9.873859e-09	-2.861718e-07	6.142329e-01
0	70	R2	1.251564e+01	1.251564e+01	9.096521e-09	0.000000e+00	3.289469e-01
0	71	R2	1.470588e+01	1.470588e+01	1.092794e-08	-2.161546e-15	8.217993e-01
0	72	R2	1.298701e+01	1.298701e+01	9.493292e-09	4.388342e-15	4.047900e-01
0	73	R2	1.428571e+01	1.428571e+01	1.057885e-08	0.000000e+00	3.061224e-01
0	77	R2	1.497006e+01	1.497006e+01	1.114695e-08	0.000000e+00	5.154362e-01
0	78	R2	1.538462e+01	1.538462e+01	1.148994e-08	0.000000e+00	4.023669e-01
0	79	R2	1.560062e+01	1.560062e+01	1.166834e-08	0.000000e+00	2.677174e-01
0	80	R2	1.422475e+01	1.422475e+01	1.052812e-08	0.000000e+00	4.653901e-01
0	81	R2	1.572327e+01	1.572327e+01	1.176953e-08	4.490808e-15	3.955540e-01
0	82	R2	2.427184e+01	2.427184e+01	1.871257e-08	3.092573e-15	2.297578e+00
0	83	R2	1.557632e+01	1.557632e+01	1.164828e-08	-6.655912e-15	5.337681e-01
0	84	R2	1.669449e+01	1.669449e+01	1.256867e-08	0.000000e+00	2.497206e-01
0	85	R2	1.488095e+01	1.488095e+01	1.107312e-08	-5.013590e-15	7.086168e-01
0	86	R2	1.567398e+01	1.567398e+01	1.172887e-08	-4.311221e-07	4.913474e-01
0	87	R2	1.669449e+01	1.669449e+01	1.256867e-08	0.000000e+00	1.270899e-01
0	91	R2	1.428571e+01	1.428571e+01	1.057885e-08	0.000000e+00	7.142857e-01
0	92	R2	1.470588e+01	1.470588e+01	1.092794e-08	-5.867053e-15	3.027682e-01
0	94	R2	1.519757e+01	1.519757e+01	1.133528e-08	6.409155e-15	5.543186e-01
0	95	R2	1.519757e+01	1.519757e+01	1.133528e-08	4.047887e-15	8.776711e-01
0	96	R2	1.499250e+01	1.499250e+01	1.116554e-08	0.000000e+00	3.821178e-01
0	97	R2	1.477105e+01	1.477105e+01	1.098200e-08	4.070779e-15	4.363678e-01
0	99	R2	1.406470e+01	1.406470e+01	1.039483e-08	-5.986571e-15	2.967236e-01
0	100	R2	1.265823e+01	1.265823e+01	9.216709e-09	-1.198513e-14	1.482134e-01
0	101	R2	1.390821e+01	1.390821e+01	1.026436e-08	3.992640e-15	4.449078e-01
0	102	R2	1.572327e+01	1.572327e+01	1.176953e-08	3.781733e-15	4.697203e-01
0	103	R2	1.466276e+01	1.466276e+01	1.089215e-08	-2.756399e-07	7.094882e-01
0	105	R2	1.577287e+01	1.577287e+01	1.181044e-08	6.800165e-15	5.224452e-01
0	106	R2	1.388889e+01	1.388889e+01	1.024825e-08	-4.185743e-15	4.243827e-01
0	107	R2	1.335113e+01	1.335113e+01	9.798729e-09	-1.384081e-15	1.283420e+00
0	108	R2	1.453488e+01	1.453488e+01	1.078598e-08	4.003942e-15	4.436520e-01
0	110	R2	1.564945e+01	1.564945e+01	1.170863e-08	3.817494e-15	4.653202e-01
0	114	R2	1.335113e+01	1.335113e+01	9.798729e-09	-2.076121e-15	8.556134e-01
0	115	R2	1.324503e+01	1.324503e+01	9.709819e-09	0.000000e+00	7.543529e-01
0	117	R2	1.655629e+01	1.655629e+01	1.245519e-08	-1.934458e-15	1.836542e+00
0	118	R2	1.342282e+01	1.342282e+01	9.858757e-09	-1.428873e-15	1.243187e+00
0	120	R2	1.453488e+01	1.453488e+01	1.078598e-08	3.002957e-15	5.915360e-01
0	121	R2	1.526718e+01	1.526718e+01	1.139286e-08	0.000000e+00	3.962473e-01
0	122	R2	1.136364e+01	1.136364e+01	8.119610e-09	0.000000e+00	4.003099e-01
0	123	R2	9.920635e+00	9.920635e+00	6.879473e-09	0.000000e+00	1.476285e-01


1	3	NOE	-2.000000e-01	-2.000000e-01	1.144083e-09	-4.550094e-16	1.220000e-01
1	4	NOE	-1.600000e-02	-1.600000e-02	1.293983e-09	4.536969e-15	5.200000e-02
1	5	NOE	3.710000e-01	3.710000e-01	1.848331e-09	3.581365e-15	3.100000e-02
1	6	NOE	6.380000e-01	6.380000e-01	2.983263e-09	-3.172066e-15	3.500000e-02
1	7	NOE	8.010000e-01	8.010000e-01	9.082408e-09	0.000000e+00	7.600000e-02
1	8	NOE	5.450000e-01	5.450000e-01	2.405821e-09	-2.265761e-15	4.900000e-02
1	9	NOE	8.150000e-01	8.150000e-01	1.616029e-08	0.000000e+00	6.000000e-02
1	10	NOE	6.780000e-01	6.780000e-01	3.388042e-09	1.027984e-15	1.080000e-01
1	11	NOE	4.010000e-01	4.010000e-01	1.919692e-09	9.824983e-16	1.130000e-01
1	12	NOE	8.710000e-01	8.214914e-01	3.304386e-05	9.707576e-01	5.100000e-02
1	14	NOE	7.060000e-01	7.060000e-01	3.787745e-09	-3.428164e-08	9.800000e-02
1	15	NOE	6.930000e-01	6.930000e-01	3.586071e-09	0.000000e+00	4.000000e-02
1	17	NOE	7.570000e-01	7.570000e-01	5.096135e-09	-1.306145e-15	8.500000e-02
1	18	NOE	7.370000e-01	7.370000e-01	4.442961e-09	0.000000e+00	8.600000e-02
1	19	NOE	5.630000e-01	5.630000e-01	2.493096e-09	0.000000e+00	9.900000e-02
1	20	NOE	5.170000e-01	5.170000e-01	2.285467e-09	0.000000e+00	4.800000e-02
1	21	NOE	5.090000e-01	5.090000e-01	2.254023e-09	-5.286776e-15	2.100000e-02
1	22	NOE	7.100000e-01	7.100000e-01	3.856728e-09	0.000000e+00	7.300000e-02
1	23	NOE	8.670000e-01	8.214914e-01	2.435405e-05	1.750332e+00	2.600000e-02
1	25	NOE	7.770000e-01	7.770000e-01	6.148411e-09	2.921640e-15	3.800000e-02
1	27	NOE	7.430000e-01	7.430000e-01	4.612560e-09	-1.233581e-14	9.000000e-03
1	28	NOE	7.060000e-01	7.060000e-01	3.787745e-09	-3.054182e-07	1.100000e-02
1	29	NOE	5.240000e-01	5.240000e-01	2.313990e-09	0.000000e+00	1.100000e-02
1	31	NOE	6.600000e-01	6.600000e-01	3.187506e-09	0.000000e+00	3.200000e-02
1	32	NOE	6.880000e-01	6.880000e-01	3.516399e-09	0.000000e+00	2.000000e-02
1	34	NOE	7.980000e-01	7.980000e-01	8.480021e-09	0.000000e+00	1.100000e-02
1	35	NOE	6.880000e-01	6.880000e-01	3.516399e-09	0.000000e+00	4.000000e-03
1	39	NOE	5.530000e-01	5.530000e-01	2.443547e-09	-3.700743e-15	3.000000e-02
1	42	NOE	6.320000e-01	6.320000e-01	2.933755e-09	3.364312e-15	3.300000e-02
1	44	NOE	7.320000e-01	7.320000e-01	4.314785e-09	0.000000e+00	1.900000e-02
1	45	NOE	7.010000e-01	7.010000e-01	3.706356e-09	3.172066e-15	3.500000e-02
1	47	NOE	8.340000e-01	8.214914e-01	3.875740e-05	1.454493e-01	8.600000e-02
1	50	NOE	6.850000e-01	6.850000e-01	3.476429e-09	-2.055969e-15	5.400000e-02
1	54	NOE	6.490000e-01	6.490000e-01	3.080559e-09	0.000000e+00	3.200000e-02
1	55	NOE	7.820000e-01	7.820000e-01	6.529446e-09	0.000000e+00	2.300000e-02
1	56	NOE	7.600000e-01	7.600000e-01	5.220610e-09	-4.761216e-08	3.800000e-02
1	57	NOE	6.580000e-01	6.580000e-01	3.167271e-09	-2.413528e-15	4.600000e-02
1	58	NOE	7.660000e-01	7.660000e-01	5.499061e-09	-2.265761e-15	4.900000e-02
1	59	NOE	7.830000e-01	7.830000e-01	6.614409e-09	-5.046468e-15	2.200000e-02
1	60	NOE	6.920000e-01	6.920000e-01	3.571817e-09	0.000000e+00	4.700000e-02
1	61	NOE	7.140000e-01	7.140000e-01	3.929497e-09	0.000000e+00	4.200000e-02
1	62	NOE	6.880000e-01	6.880000e-01	3.516399e-09	0.000000e+00	1.500000e-02
1	63	NOE	6.480000e-01	6.480000e-01	3.071338e-09	0.000000e+00	2.700000e-02
1	64	NOE	7.350000e-01	7.350000e-01	4.390366e-09	2.775558e-14	4.000000e-03
1	65	NOE	6.980000e-01	6.980000e-01	3.659893e-09	0.000000e+00	5.000000e-03
1	66	NOE	7.280000e-01	7.280000e-01	4.219692e-09	2.265761e-15	4.900000e-02
1	67	NOE	7.900000e-01	7.900000e-01	7.318024e-09	-8.223874e-15	2.700000e-02
1	68	NOE	7.980000e-01	7.980000e-01	8.480021e-09	0.000000e+00	4.400000e-02
1	69	NOE	6.970000e-01	6.970000e-01	3.644776e-09	-1.609019e-15	6.900000e-02
1	70	NOE	5.730000e-01	5.730000e-01	2.545549e-09	0.000000e+00	1.200000e-02
1	71	NOE	8.170000e-01	8.170000e-01	1.943202e-08	0.000000e+00	4.000000e-02
1	72	NOE	6.370000e-01	6.370000e-01	2.974846e-09	0.000000e+00	2.600000e-02
1	73	NOE	7.680000e-01	7.680000e-01	5.602093e-09	5.843279e-15	1.900000e-02
1	77	NOE	7.790000e-01	7.790000e-01	6.292759e-09	6.167906e-15	1.800000e-02
1	78	NOE	7.770000e-01	7.770000e-01	6.148411e-09	1.914178e-15	5.800000e-02
1	79	NOE	7.890000e-01	7.890000e-01	7.203778e-09	0.000000e+00	2.000000e-02
1	80	NOE	7.160000e-01	7.160000e-01	3.967411e-09	0.000000e+00	2.000000e-02
1	81	NOE	8.050000e-01	8.050000e-01	1.012835e-08	0.000000e+00	3.700000e-02
1	82	NOE	6.990000e-01	6.990000e-01	3.675192e-09	-1.500301e-15	7.400000e-02
1	83	NOE	7.050000e-01	7.050000e-01	3.771052e-09	0.000000e+00	1.500000e-02
1	84	NOE	7.810000e-01	7.810000e-01	6.447642e-09	3.469447e-15	3.200000e-02
1	85	NOE	6.730000e-01	6.730000e-01	3.328735e-09	-1.850372e-15	6.000000e-02
1	86	NOE	5.230000e-01	5.230000e-01	2.309855e-09	-5.551115e-15	2.000000e-02
1	87	NOE	7.560000e-01	7.560000e-01	5.056548e-09	-5.662757e-08	3.400000e-02
1	91	NOE	4.020000e-01	4.020000e-01	1.922197e-09	-8.540177e-15	1.300000e-02
1	92	NOE	4.080000e-01	4.080000e-01	1.937414e-09	2.006427e-15	8.300000e-02
1	94	NOE	6.190000e-01	6.190000e-01	2.834038e-09	0.000000e+00	4.700000e-02
1	95	NOE	7.150000e-01	7.150000e-01	3.948321e-09	1.632681e-15	6.800000e-02
1	96	NOE	7.570000e-01	7.570000e-01	5.096135e-09	-1.850372e-14	6.000000e-03
1	97	NOE	6.690000e-01	6.690000e-01	3.283382e-09	-2.921640e-15	3.800000e-02
1	99	NOE	7.630000e-01	7.630000e-01	5.354500e-09	-1.790682e-15	6.200000e-02
1	100	NOE	5.830000e-01	5.830000e-01	2.601207e-09	0.000000e+00	6.100000e-02
1	101	NOE	5.540000e-01	5.540000e-01	2.448379e-09	-1.734723e-15	6.400000e-02
1	102	NOE	7.640000e-01	7.640000e-01	5.401433e-09	2.312965e-15	4.800000e-02
1	103	NOE	7.700000e-01	7.700000e-01	5.711048e-09	0.000000e+00	6.000000e-02
1	105	NOE	8.260000e-01	8.214914e-01	2.958264e-05	2.049380e-01	2.200000e-02
1	106	NOE	7.360000e-01	7.360000e-01	4.416434e-09	-1.682156e-15	6.600000e-02
1	107	NOE	8.270000e-01	8.214914e-01	2.557036e-05	6.405392e-02	8.600000e-02
1	108	NOE	7.970000e-01	7.970000e-01	8.304231e-09	0.000000e+00	3.400000e-02
1	110	NOE	7.200000e-01	7.200000e-01	4.046550e-09	0.000000e+00	4.100000e-02
1	114	NOE	7.750000e-01	7.750000e-01	6.013453e-09	-1.276118e-15	8.700000e-02
1	115	NOE	7.820000e-01	7.820000e-01	6.529446e-09	0.000000e+00	7.200000e-02
1	117	NOE	6.930000e-01	6.930000e-01	3.586071e-09	0.000000e+00	6.800000e-02
1	118	NOE	7.180000e-01	7.180000e-01	4.006411e-09	0.000000e+00	5.500000e-02
1	120	NOE	7.140000e-01	7.140000e-01	3.929497e-09	0.000000e+00	4.900000e-02
1	121	NOE	6.390000e-01	6.390000e-01	2.991748e-09	-1.387779e-15	8.000000e-02
1	122	NOE	3.210000e-01	3.210000e-01	1.743501e-09	9.100189e-16	6.100000e-02
1	123	NOE	3.170000e-01	3.170000e-01	1.735770e-09	-6.608470e-15	4.200000e-02


2	3	R1	1.754386e+00	1.754386e+00	9.991302e-09	1.639598e-15	1.354263e-01
2	4	R1	1.968504e+00	1.968504e+00	8.651515e-09	0.000000e+00	1.743753e-01
2	5	R1	2.127660e+00	2.127660e+00	7.800912e-09	1.783624e-15	2.489814e-01
2	6	R1	2.020202e+00	2.020202e+00	8.363681e-09	0.000000e+00	1.918172e-01
2	7	R1	1.988072e+00	1.988072e+00	8.541155e-09	0.000000e+00	1.897166e-01
2	8	R1	1.788909e+00	1.788909e+00	9.756880e-09	0.000000e+00	9.920603e-02
2	9	R1	1.897533e+00	1.897533e+00	9.067327e-09	0.000000e+00	1.332234e-01
2	10	R1	2.145923e+00	2.145923e+00	7.709555e-09	0.000000e+00	2.716941e-01
2	11	R1	2.114165e+00	2.114165e+00	7.869172e-09	-5.229244e-15	8.492417e-02
2	12	R1	2.100840e+00	2.100840e+00	7.937219e-09	1.306753e-15	3.398418e-01
2	14	R1	1.960784e+00	1.960784e+00	8.695544e-09	0.000000e+00	1.806997e-01
2	15	R1	1.828154e+00	1.828154e+00	9.499707e-09	-1.545064e-15	1.437123e-01
2	17	R1	2.262443e+00	2.262443e+00	7.151993e-09	0.000000e+00	1.433222e-01
2	18	R1	1.736111e+00	1.736111e+00	1.011868e-08	0.000000e+00	1.326196e-01
2	19	R1	2.032520e+00	2.032520e+00	8.296827e-09	0.000000e+00	1.404587e-01
2	20	R1	1.828154e+00	1.828154e+00	9.499707e-09	2.214591e-15	1.002644e-01
2	21	R1	2.004008e+00	2.004008e+00	8.452560e-09	-5.819929e-15	7.630491e-02
2	22	R1	1.769912e+00	1.769912e+00	9.884896e-09	-1.125114e-15	1.973530e-01
2	23	R1	2.061856e+00	2.061856e+00	8.140154e-09	-1.658109e-15	2.678287e-01
2	25	R1	1.862197e+00	1.862197e+00	9.284142e-09	-2.910490e-15	7.629114e-02
2	27	R1	2.415459e+00	2.415459e+00	6.474916e-09	2.378597e-15	1.867021e-01
2	28	R1	2.123142e+00	2.123142e+00	7.823689e-09	-1.669783e-15	2.659562e-01
2	29	R1	2.197802e+00	2.197802e+00	7.456140e-09	2.188990e-15	2.028740e-01
2	31	R1	1.862197e+00	1.862197e+00	9.284142e-09	2.910490e-15	7.629114e-02
2	32	R1	1.666667e+00	1.666667e+00	1.062503e-08	-1.700767e-15	1.305556e-01
2	34	R1	1.798561e+00	1.798561e+00	9.692733e-09	-1.906722e-15	1.164536e-01
2	35	R1	1.706485e+00	1.706485e+00	1.033024e-08	-3.049969e-15	7.280225e-02
2	39	R1	2.358491e+00	2.358491e+00	1.230053e-09	2.575374e-15	1.724368e-01
2	42	R1	2.369668e+00	2.369668e+00	6.671976e-09	1.719243e-15	2.583051e-01
2	44	R1	1.897533e+00	1.897533e+00	9.067327e-09	0.000000e+00	1.656291e-01
2	45	R1	1.555210e+00	1.555210e+00	1.152162e-08	2.824742e-15	1.572141e-01
2	47	R1	2.409639e+00	2.409639e+00	6.499731e-09	1.627303e-15	2.728988e-01
2	50	R1	1.443001e+00	1.443001e+00	1.255080e-08	0.000000e+00	2.873509e-01
2	54	R1	1.831502e+00	1.831502e+00	9.478204e-09	-1.408405e-15	1.576568e-01
2	55	R1	1.930502e+00	1.930502e+00	8.871032e-09	4.468492e-15	1.490735e-01
2	56	R1	1.801802e+00	1.801802e+00	9.671329e-09	0.000000e+00	1.558315e-01
2	57	R1	1.855288e+00	1.855288e+00	9.327351e-09	1.075144e-15	2.065255e-01
2	58	R1	1.776199e+00	1.776199e+00	9.842264e-09	7.820140e-15	2.839394e-02
2	59	R1	1.841621e+00	1.841621e+00	9.413624e-09	2.846506e-15	7.800603e-02
2	60	R1	1.855288e+00	1.855288e+00	9.327351e-09	3.225431e-15	6.884184e-02
2	61	R1	1.893939e+00	1.893939e+00	9.089068e-09	5.382825e-15	8.250115e-02
2	62	R1	2.040816e+00	2.040816e+00	8.252162e-09	0.000000e+00	1.166181e-01
2	63	R1	1.745201e+00	1.745201e+00	1.005503e-08	-1.104601e-15	2.010179e-01
2	64	R1	1.672241e+00	1.672241e+00	1.058301e-08	0.000000e+00	6.431695e-02
2	65	R1	1.727116e+00	1.727116e+00	1.018224e-08	0.000000e+00	1.014196e-01
2	66	R1	1.848429e+00	1.848429e+00	9.370512e-09	4.061765e-15	1.640011e-01
2	67	R1	1.801802e+00	1.801802e+00	9.671329e-09	0.000000e+00	3.895788e-02
2	68	R1	1.795332e+00	1.795332e+00	9.714126e-09	-1.530869e-15	1.450448e-01
2	69	R1	1.658375e+00	1.658375e+00	1.068800e-08	0.000000e+00	9.350704e-02
2	70	R1	1.930502e+00	1.930502e+00	8.871032e-09	5.416354e-15	1.229856e-01
2	71	R1	2.155172e+00	2.155172e+00	7.663723e-09	4.780532e-15	9.289536e-02
2	72	R1	1.760563e+00	1.760563e+00	9.948769e-09	1.432738e-15	1.549792e-01
2	73	R1	1.763668e+00	1.763668e+00	9.927488e-09	0.000000e+00	1.804105e-01
2	77	R1	2.427184e+00	2.427184e+00	6.425120e-09	5.025432e-15	1.767367e-01
2	78	R1	2.155172e+00	2.155172e+00	7.663723e-09	0.000000e+00	1.811460e-01
2	79	R1	1.776199e+00	1.776199e+00	9.842264e-09	1.353486e-15	1.640539e-01
2	80	R1	1.901141e+00	1.901141e+00	9.045573e-09	1.077797e-15	2.060171e-01
2	81	R1	2.024291e+00	2.024291e+00	8.341415e-09	0.000000e+00	2.294743e-01
2	82	R1	2.652520e+00	2.652520e+00	1.564925e-09	-1.660999e-15	2.673627e-01
2	83	R1	2.024291e+00	2.024291e+00	8.341415e-09	0.000000e+00	1.188349e-01
2	84	R1	1.280410e+00	1.280410e+00	1.433732e-08	4.232455e-15	5.246237e-02
2	85	R1	2.087683e+00	2.087683e+00	8.005060e-09	-6.792818e-15	1.307526e-01
2	86	R1	2.207506e+00	2.207505e+00	7.409695e-09	2.638030e-07	8.771545e-02
2	87	R1	1.587302e+00	1.587302e+00	1.125183e-08	0.000000e+00	2.544722e-01
2	91	R1	1.766784e+00	1.766784e+00	9.906197e-09	2.789542e-15	1.591979e-01
2	92	R1	2.352941e+00	2.352941e+00	6.745061e-09	0.000000e+00	1.826990e-01
2	94	R1	2.024291e+00	2.024291e+00	8.341415e-09	-4.013843e-15	1.106394e-01
2	95	R1	1.808318e+00	1.808318e+00	9.628490e-09	-2.829302e-15	7.848036e-02
2	96	R1	2.105263e+00	2.105263e+00	7.914560e-09	0.000000e+00	2.260388e-01
2	97	R1	1.960784e+00	1.960784e+00	8.695544e-09	0.000000e+00	2.499039e-01
2	99	R1	1.834862e+00	1.834862e+00	9.456689e-09	0.000000e+00	1.178352e-01
2	100	R1	1.689189e+00	1.689189e+00	1.045677e-08	4.323258e-15	1.027210e-01
2	101	R1	1.824818e+00	1.824818e+00	9.521199e-09	2.150996e-15	1.032287e-01
2	102	R1	1.538462e+00	1.538462e+00	1.166648e-08	-1.103692e-15	2.011834e-01
2	103	R1	1.552795e+00	1.552795e+00	1.154233e-08	0.000000e+00	8.439103e-02
2	105	R1	1.821494e+00	1.821494e+00	9.542680e-09	1.338489e-15	1.658920e-01
2	106	R1	1.801802e+00	1.801802e+00	9.671329e-09	0.000000e+00	1.038877e-01
2	107	R1	1.879699e+00	1.879699e+00	9.175897e-09	0.000000e+00	2.084629e-01
2	108	R1	1.890359e+00	1.890359e+00	9.110795e-09	1.194946e-15	1.858198e-01
2	110	R1	1.964637e+00	1.964637e+00	8.673537e-09	2.501197e-15	8.877533e-02
2	114	R1	1.788909e+00	1.788909e+00	9.756880e-09	0.000000e+00	8.320506e-02
2	115	R1	1.937984e+00	1.937984e+00	8.827252e-09	0.000000e+00	2.366144e-01
2	117	R1	2.192982e+00	2.192982e+00	7.479318e-09	1.145596e-07	2.019852e-01
2	118	R1	2.008032e+00	2.008032e+00	8.430368e-09	3.239291e-15	1.370946e-01
2	120	R1	1.773050e+00	1.773050e+00	9.863585e-09	-1.858724e-15	1.194608e-01
2	121	R1	1.410437e+00	1.410437e+00	1.287771e-08	-6.099323e-16	3.640480e-01
2	122	R1	2.551020e+00	2.551020e+00	5.913030e-09	2.353122e-15	1.887234e-01
2	123	R1	1.680672e+00	1.680672e+00	1.051993e-08	0.000000e+00	2.174988e-01


