3	4.923683e+00	3.297001e-01	-2.000000e-01	1.220000e-01	1.754386e+00	1.354263e-01	2.134068e-01	
4	5.941771e+00	2.506629e-01	-1.600000e-02	5.200000e-02	1.968504e+00	1.743753e-01	2.027364e-01	
5	1.060445e+01	3.148724e-01	3.710000e-01	3.100000e-02	2.127660e+00	2.489814e-01	1.356609e-01	
6	1.457726e+01	2.337461e-01	6.380000e-01	3.500000e-02	2.020202e+00	1.918172e-01	7.413191e-02	
7	1.426534e+01	5.494494e-01	8.010000e-01	7.600000e-02	1.988072e+00	1.897166e-01	4.010393e-02	
8	1.402525e+01	2.950613e-01	5.450000e-01	4.900000e-02	1.788909e+00	9.920603e-02	8.250902e-02	
9	1.424501e+01	9.943101e-01	8.150000e-01	6.000000e-02	1.897533e+00	1.332234e-01	3.558467e-02	
10	1.579779e+01	7.487103e-01	6.780000e-01	1.080000e-01	2.145923e+00	2.716941e-01	7.004414e-02	
11	1.398601e+01	1.447504e+00	4.010000e-01	1.130000e-01	2.114165e+00	8.492417e-02	1.283712e-01	
12	1.689189e+01	1.426680e+00	8.710000e-01	5.100000e-02	2.100840e+00	3.398418e-01	2.747164e-02	
14	1.416431e+01	8.827613e-01	7.060000e-01	9.800000e-02	1.960784e+00	1.806997e-01	5.843580e-02	
15	1.408451e+01	1.983733e-01	6.930000e-01	4.000000e-02	1.828154e+00	1.437123e-01	5.689222e-02	
17	1.499250e+01	6.518480e-01	7.570000e-01	8.500000e-02	2.262443e+00	1.433222e-01	5.572959e-02	
18	1.669449e+01	5.016708e-01	7.370000e-01	8.600000e-02	1.736111e+00	1.326196e-01	4.628445e-02	
19	1.718213e+01	2.420850e+00	5.630000e-01	9.900000e-02	2.032520e+00	1.404587e-01	9.003641e-02	
20	1.447178e+01	1.424140e+00	5.170000e-01	4.800000e-02	1.828154e+00	1.002644e-01	8.950796e-02	
21	1.231527e+01	7.734961e-01	5.090000e-01	2.100000e-02	2.004008e+00	7.630491e-02	9.974308e-02	
22	1.329787e+01	9.549004e-01	7.100000e-01	7.300000e-02	1.769912e+00	1.973530e-01	5.202971e-02	
23	1.434720e+01	1.626153e+00	8.670000e-01	2.600000e-02	2.061856e+00	2.678287e-01	2.779788e-02	
25	1.282051e+01	4.437870e-01	7.770000e-01	3.800000e-02	1.862197e+00	7.629114e-02	4.209518e-02	
27	1.655629e+01	3.015219e-01	7.430000e-01	9.000000e-03	2.415459e+00	1.867021e-01	6.292665e-02	
28	1.499250e+01	4.045953e-01	7.060000e-01	1.100000e-02	2.123142e+00	2.659562e-01	6.327443e-02	
29	1.562500e+01	4.394531e-01	5.240000e-01	1.100000e-02	2.197802e+00	2.028740e-01	1.060468e-01	
31	1.631321e+01	3.991814e-01	6.600000e-01	3.200000e-02	1.862197e+00	7.629114e-02	6.418100e-02	
32	1.402525e+01	5.311103e-01	6.880000e-01	2.000000e-02	1.666667e+00	1.305556e-01	5.271148e-02	
34	1.524390e+01	2.788519e-01	7.980000e-01	1.100000e-02	1.798561e+00	1.164536e-01	3.682802e-02	
35	1.282051e+01	4.437870e-01	6.880000e-01	4.000000e-03	1.706485e+00	7.280225e-02	5.397080e-02	
39	1.838235e+01	2.230212e+00	5.530000e-01	3.000000e-02	2.358491e+00	1.724368e-01	1.068670e-01	
42	1.550388e+01	6.489995e-01	6.320000e-01	3.300000e-02	2.369668e+00	2.583051e-01	8.839693e-02	
44	1.466276e+01	7.739872e-01	7.320000e-01	1.900000e-02	1.897533e+00	1.656291e-01	5.154969e-02	
45	1.538462e+01	4.260355e-01	7.010000e-01	3.500000e-02	1.555210e+00	1.572141e-01	4.713701e-02	
47	1.373626e+01	6.226603e-01	8.340000e-01	8.600000e-02	2.409639e+00	2.728988e-01	4.054729e-02	
50	1.592357e+01	8.621039e-01	6.850000e-01	5.400000e-02	1.443001e+00	2.873509e-01	4.607647e-02	
54	1.569859e+01	5.914695e-01	6.490000e-01	3.200000e-02	1.831502e+00	1.576568e-01	6.516529e-02	
55	1.298701e+01	7.927138e-01	7.820000e-01	2.300000e-02	1.930502e+00	1.490735e-01	4.266076e-02	
56	1.414427e+01	5.801752e-01	7.600000e-01	3.800000e-02	1.801802e+00	1.558315e-01	4.383491e-02	
57	1.200480e+01	1.037630e+00	6.580000e-01	4.600000e-02	1.855288e+00	2.065255e-01	6.431898e-02	
58	1.265823e+01	6.248999e-01	7.660000e-01	4.900000e-02	1.776199e+00	2.839394e-02	4.213173e-02	
59	1.461988e+01	4.274820e-01	7.830000e-01	2.200000e-02	1.841621e+00	7.800603e-02	4.050995e-02	
60	1.455604e+01	3.601931e-01	6.920000e-01	4.700000e-02	1.855288e+00	6.884184e-02	5.792470e-02	
61	1.377410e+01	2.466437e-01	7.140000e-01	4.200000e-02	1.893939e+00	8.250115e-02	5.490779e-02	
62	1.550388e+01	2.228231e-01	6.880000e-01	1.500000e-02	2.040816e+00	1.166181e-01	6.454467e-02	
63	1.453488e+01	2.746417e-01	6.480000e-01	2.700000e-02	1.745201e+00	2.010179e-01	6.227158e-02	
64	1.477105e+01	7.200068e-01	7.350000e-01	4.000000e-03	1.672241e+00	6.431695e-02	4.492070e-02	
65	1.322751e+01	1.924638e-01	6.980000e-01	5.000000e-03	1.727116e+00	1.014196e-01	5.287255e-02	
66	1.410437e+01	4.774400e-01	7.280000e-01	4.900000e-02	1.848429e+00	1.640011e-01	5.096517e-02	
67	1.396648e+01	4.681502e-01	7.900000e-01	2.700000e-02	1.801802e+00	3.895788e-02	3.835554e-02	
68	1.438849e+01	6.417887e-01	7.980000e-01	4.400000e-02	1.795332e+00	1.450448e-01	3.676191e-02	
69	1.344086e+01	6.142329e-01	6.970000e-01	6.900000e-02	1.658375e+00	9.350704e-02	5.093627e-02	
70	1.251564e+01	3.289469e-01	5.730000e-01	1.200000e-02	1.930502e+00	1.229856e-01	8.356029e-02	
71	1.470588e+01	8.217993e-01	8.170000e-01	4.000000e-02	2.155172e+00	9.289536e-02	3.997928e-02	
72	1.298701e+01	4.047900e-01	6.370000e-01	2.600000e-02	1.760563e+00	1.549792e-01	6.478286e-02	
73	1.428571e+01	3.061224e-01	7.680000e-01	1.900000e-02	1.763668e+00	1.804105e-01	4.147695e-02	
77	1.497006e+01	5.154362e-01	7.790000e-01	1.800000e-02	2.427184e+00	1.767367e-01	5.437470e-02	
78	1.538462e+01	4.023669e-01	7.770000e-01	5.800000e-02	2.155172e+00	1.811460e-01	4.871792e-02	
79	1.560062e+01	2.677174e-01	7.890000e-01	2.000000e-02	1.776199e+00	1.640539e-01	3.799058e-02	
80	1.422475e+01	4.653901e-01	7.160000e-01	2.000000e-02	1.901141e+00	2.060171e-01	5.473113e-02	
81	1.572327e+01	3.955540e-01	8.050000e-01	3.700000e-02	2.024291e+00	2.294743e-01	4.001377e-02	
82	2.427184e+01	2.297578e+00	6.990000e-01	7.400000e-02	2.652520e+00	2.673627e-01	8.093325e-02	
83	1.557632e+01	5.337681e-01	7.050000e-01	1.500000e-02	2.024291e+00	1.188349e-01	6.053366e-02	
84	1.669449e+01	2.497206e-01	7.810000e-01	3.200000e-02	1.280410e+00	5.246237e-02	2.842464e-02	
85	1.488095e+01	7.086168e-01	6.730000e-01	6.000000e-02	2.087683e+00	1.307526e-01	6.920127e-02	
86	1.567398e+01	4.913474e-01	5.230000e-01	2.000000e-02	2.207506e+00	8.771545e-02	1.067387e-01	
87	1.669449e+01	1.270899e-01	7.560000e-01	3.400000e-02	1.587302e+00	2.544722e-01	3.926007e-02	
91	1.428571e+01	7.142857e-01	4.020000e-01	1.300000e-02	1.766784e+00	1.591979e-01	1.070993e-01	
92	1.470588e+01	3.027682e-01	4.080000e-01	8.300000e-02	2.352941e+00	1.826990e-01	1.412000e-01	
94	1.519757e+01	5.543186e-01	6.190000e-01	4.700000e-02	2.024291e+00	1.106394e-01	7.818076e-02	
95	1.519757e+01	8.776711e-01	7.150000e-01	6.800000e-02	1.808318e+00	7.848036e-02	5.224221e-02	
96	1.499250e+01	3.821178e-01	7.570000e-01	6.000000e-03	2.105263e+00	2.260388e-01	5.185785e-02	
97	1.477105e+01	4.363678e-01	6.690000e-01	3.800000e-02	1.960784e+00	2.499039e-01	6.578997e-02	
99	1.406470e+01	2.967236e-01	7.630000e-01	6.200000e-02	1.834862e+00	1.178352e-01	4.408123e-02	
100	1.265823e+01	1.482134e-01	5.830000e-01	6.100000e-02	1.689189e+00	1.027210e-01	7.140296e-02	
101	1.390821e+01	4.449078e-01	5.540000e-01	6.400000e-02	1.824818e+00	1.032287e-01	8.250042e-02	
102	1.572327e+01	4.697203e-01	7.640000e-01	4.800000e-02	1.538462e+00	2.011834e-01	3.680446e-02	
103	1.466276e+01	7.094882e-01	7.700000e-01	6.000000e-02	1.552795e+00	8.439103e-02	3.620294e-02	
105	1.577287e+01	5.224452e-01	8.260000e-01	2.200000e-02	1.821494e+00	1.658920e-01	3.212763e-02	
106	1.388889e+01	4.243827e-01	7.360000e-01	6.600000e-02	1.801802e+00	1.038877e-01	4.821840e-02	
107	1.335113e+01	1.283420e+00	8.270000e-01	8.600000e-02	1.879699e+00	2.084629e-01	3.296373e-02	
108	1.453488e+01	4.436520e-01	7.970000e-01	3.400000e-02	1.890359e+00	1.858198e-01	3.889934e-02	
110	1.564945e+01	4.653202e-01	7.200000e-01	4.100000e-02	1.964637e+00	8.877533e-02	5.576248e-02	
114	1.335113e+01	8.556134e-01	7.750000e-01	8.700000e-02	1.788909e+00	8.320506e-02	4.080116e-02	
115	1.324503e+01	7.543529e-01	7.820000e-01	7.200000e-02	1.937984e+00	2.366144e-01	4.282611e-02	
117	1.655629e+01	1.836542e+00	6.930000e-01	6.800000e-02	2.192982e+00	2.019852e-01	6.824571e-02	
118	1.342282e+01	1.243187e+00	7.180000e-01	5.500000e-02	2.008032e+00	1.370946e-01	5.740128e-02	
120	1.453488e+01	5.915360e-01	7.140000e-01	4.900000e-02	1.773050e+00	1.194608e-01	5.140304e-02	
121	1.526718e+01	3.962473e-01	6.390000e-01	8.000000e-02	1.410437e+00	3.640480e-01	5.161344e-02	
122	1.136364e+01	4.003099e-01	3.210000e-01	6.100000e-02	2.551020e+00	1.887234e-01	1.755842e-01	
123	9.920635e+00	1.476285e-01	3.170000e-01	4.200000e-02	1.680672e+00	2.174988e-01	1.163605e-01	
