0	3	R2	1.967195e+01	1.967195e+01	1.397313e-08	0.000000e+00	1.967195e+00
0	8	R2	2.369226e+01	2.369226e+01	1.696586e-08	9.416316e-16	3.772934e+00
0	9	R2	3.026415e+01	3.026415e+01	2.182315e-08	-1.020485e-15	3.481398e+00
0	12	R2	2.533032e+01	2.533032e+01	1.817972e-08	-1.224182e-15	2.902112e+00
0	13	R2	2.764630e+01	2.764630e+01	1.989201e-08	1.840482e-15	3.860635e+00
0	14	R2	2.466034e+01	2.466034e+01	1.768355e-08	1.992740e-15	1.782829e+00
0	17	R2	2.584565e+01	2.584565e+01	1.856109e-08	1.224905e-15	2.900399e+00
0	19	R2	2.455453e+01	2.455453e+01	1.760516e-08	-9.416893e-16	3.772703e+00
0	20	R2	2.715315e+01	2.715315e+01	1.952774e-08	2.777242e-15	1.279224e+00
0	23	R2	2.456174e+01	2.456174e+01	1.761050e-08	1.864368e-15	1.905586e+00
0	25	R2	2.959489e+01	2.959489e+01	2.132983e-08	8.705288e-16	4.081098e+00
0	26	R2	2.549758e+01	2.549758e+01	1.830352e-08	1.324022e-15	2.683274e+00
0	27	R2	2.807269e+01	2.807269e+01	2.020684e-08	-2.239811e-15	4.758500e+00
0	29	R2	2.945162e+01	2.945162e+01	2.122419e-08	-1.024252e-15	3.468593e+00
0	30	R2	2.374663e+01	2.374663e+01	1.700620e-08	2.469660e-15	2.877087e+00
0	31	R2	2.435417e+01	2.435417e+01	1.745667e-08	-1.716885e-15	2.069279e+00
0	34	R2	2.449912e+01	2.449912e+01	1.756409e-08	4.602878e-16	7.718461e+00
0	35	R2	2.664800e+01	2.664800e+01	1.915443e-08	-3.421202e-15	1.038440e+00
0	37	R2	2.373417e+01	2.373417e+01	1.699696e-08	1.620321e-15	2.192599e+00
0	38	R2	2.513365e+01	2.513365e+01	1.803411e-08	0.000000e+00	1.610247e+00
0	40	R2	2.387383e+01	2.387383e+01	1.710054e-08	-3.157790e-15	2.250126e+00
0	41	R2	2.623371e+01	2.623371e+01	1.884813e-08	-1.052034e-15	3.376995e+00
0	43	R2	2.481628e+01	2.481628e+01	1.779908e-08	0.000000e+00	2.422909e+00
0	44	R2	1.874195e+01	1.874195e+01	1.327717e-08	0.000000e+00	4.431732e+00
0	45	R2	2.779115e+01	2.779115e+01	1.999898e-08	0.000000e+00	1.343601e+00
0	46	R2	2.716801e+01	2.716801e+01	1.953872e-08	-8.254323e-16	4.304064e+00
0	47	R2	2.504258e+01	2.504258e+01	1.796668e-08	2.249373e-15	3.158848e+00
0	48	R2	2.386105e+01	2.386105e+01	1.709107e-08	-1.295154e-15	2.743083e+00
0	49	R2	2.297959e+01	2.297959e+01	1.643689e-08	2.220466e-15	1.599986e+00
0	51	R2	2.620841e+01	2.620841e+01	1.882941e-08	-1.801134e-15	1.972488e+00
0	52	R2	2.600313e+01	2.600313e+01	1.867759e-08	-2.866419e-15	1.239426e+00
0	53	R2	2.934862e+01	2.934862e+01	2.114824e-08	1.534970e-15	4.629035e+00
0	54	R2	2.506492e+01	2.506492e+01	1.798322e-08	-8.364230e-16	8.495017e+00
0	55	R2	2.214807e+01	2.214807e+01	1.581896e-08	1.456142e-15	2.439813e+00
0	56	R2	3.119991e+01	3.119991e+01	2.251253e-08	0.000000e+00	3.694269e+00
0	57	R2	2.319570e+01	2.319570e+01	1.659736e-08	1.863768e-15	1.906199e+00
0	58	R2	2.538572e+01	2.538572e+01	1.822073e-08	0.000000e+00	3.171957e+00
0	60	R2	2.875450e+01	2.875450e+01	2.071001e-08	0.000000e+00	2.133681e+00
0	61	R2	2.218590e+01	2.218590e+01	1.584709e-08	0.000000e+00	1.204208e+00
0	62	R2	2.872486e+01	2.872486e+01	2.068814e-08	1.280224e-15	2.775071e+00
0	63	R2	2.711959e+01	2.711959e+01	1.950295e-08	-9.072351e-16	3.915979e+00
0	64	R2	2.740458e+01	2.740458e+01	1.971349e-08	0.000000e+00	2.903265e+00
0	65	R2	2.837708e+01	2.837708e+01	2.043151e-08	2.335200e-15	3.042749e+00
0	66	R2	2.918988e+01	2.918988e+01	2.103117e-08	7.938682e-16	4.475194e+00
0	67	R2	2.392386e+01	2.392386e+01	1.713765e-08	0.000000e+00	3.614560e+00
0	68	R2	3.017915e+01	3.017915e+01	2.176051e-08	-1.349194e-15	2.633211e+00
0	69	R2	2.827059e+01	2.827059e+01	2.035292e-08	-3.695791e-15	2.883859e+00
0	70	R2	2.646196e+01	2.646196e+01	1.901690e-08	-2.525066e-15	1.406978e+00
0	71	R2	2.515763e+01	2.515763e+01	1.805187e-08	1.528398e-15	2.324469e+00
0	72	R2	2.561321e+01	2.561321e+01	1.838910e-08	1.669049e-15	2.128586e+00
0	74	R2	2.456837e+01	2.456837e+01	1.761541e-08	1.911903e-15	1.858208e+00
0	75	R2	1.030545e+01	1.030545e+01	6.829977e-09	-2.190399e-16	8.109740e+00
0	76	R2	1.885639e+01	1.885639e+01	1.336290e-08	0.000000e+00	1.819820e+00
0	77	R2	2.341157e+01	2.341157e+01	1.675759e-08	2.825762e-15	1.257259e+00
0	79	R2	2.402841e+01	2.402841e+01	1.721518e-08	-3.306348e-15	2.149026e+00
0	81	R2	2.608540e+01	2.608540e+01	1.873844e-08	-2.735075e-15	2.597891e+00
0	82	R2	2.593654e+01	2.593654e+01	1.862833e-08	0.000000e+00	2.683140e+00
0	83	R2	2.717918e+01	2.717918e+01	1.954698e-08	-1.101373e-15	3.225712e+00
0	84	R2	2.820461e+01	2.820461e+01	2.030422e-08	2.578375e-15	2.755777e+00
0	85	R2	2.439835e+01	2.439835e+01	1.748942e-08	5.004904e-15	1.419693e+00
0	86	R2	2.546022e+01	2.546022e+01	1.827587e-08	1.756003e-15	4.046364e+00
0	87	R2	2.659840e+01	2.659840e+01	1.911777e-08	2.521355e-15	2.818099e+00
0	88	R2	2.708941e+01	2.708941e+01	1.948065e-08	3.800035e-15	1.869832e+00
0	90	R2	2.267950e+01	2.267950e+01	1.621398e-08	-5.463223e-15	6.502963e-01
0	92	R2	2.735979e+01	2.735979e+01	1.968040e-08	0.000000e+00	2.675565e+00
0	93	R2	2.403798e+01	2.403798e+01	1.722227e-08	0.000000e+00	1.509019e+00
0	94	R2	2.711097e+01	2.711097e+01	1.949658e-08	2.416652e-15	2.940195e+00
0	95	R2	2.356120e+01	2.356120e+01	1.686863e-08	0.000000e+00	1.861595e+00
0	96	R2	2.188089e+01	2.188089e+01	1.562022e-08	2.097906e-15	1.693457e+00
0	97	R2	2.649119e+01	2.649119e+01	1.903851e-08	-1.304974e-15	2.722439e+00
0	98	R2	2.744574e+01	2.744574e+01	1.974389e-08	8.390305e-16	4.234308e+00
0	99	R2	2.532158e+01	2.532158e+01	1.817325e-08	0.000000e+00	1.356665e+00
0	100	R2	2.393970e+01	2.393970e+01	1.714940e-08	0.000000e+00	1.093641e+00


1	3	NOE	3.142996e-01	3.142996e-01	1.367793e-09	2.990860e-15	9.280132e-02
1	8	NOE	7.028872e-01	7.028872e-01	2.843517e-09	-2.624455e-15	8.460597e-02
1	9	NOE	8.977757e-01	8.344542e-01	4.032606e-05	7.024374e-01	9.014543e-02
1	12	NOE	1.020597e+00	8.344542e-01	3.135320e-05	1.731218e+00	1.075213e-01
1	13	NOE	7.462415e-01	7.462415e-01	3.489110e-09	0.000000e+00	8.472073e-02
1	14	NOE	7.857786e-01	7.857786e-01	4.717126e-09	1.843540e-15	6.022236e-02
1	17	NOE	7.459961e-01	7.459961e-01	3.484175e-09	-1.134096e-15	9.789496e-02
1	19	NOE	7.838564e-01	7.838564e-01	4.625700e-09	-1.413986e-08	1.054968e-01
1	20	NOE	8.663458e-01	8.344542e-01	2.301614e-05	5.891805e-01	5.412869e-02
1	23	NOE	6.944555e-01	6.944555e-01	2.754014e-09	1.865170e-15	5.952395e-02
1	25	NOE	8.028791e-01	8.028791e-01	5.867550e-09	0.000000e+00	9.693323e-02
1	26	NOE	8.380917e-01	8.344542e-01	2.826637e-05	4.772165e-02	7.622251e-02
1	27	NOE	7.131606e-01	7.131606e-01	2.964820e-09	-1.175807e-15	9.442218e-02
1	29	NOE	7.419470e-01	7.419470e-01	3.405573e-09	0.000000e+00	9.513889e-02
1	30	NOE	8.206919e-01	8.206919e-01	8.904495e-09	0.000000e+00	8.957558e-02
1	31	NOE	1.082683e+00	8.344542e-01	1.931142e-05	2.862577e+00	8.671501e-02
1	34	NOE	7.824963e-01	7.824963e-01	4.564088e-09	0.000000e+00	1.719477e-01
1	35	NOE	6.399164e-01	6.399164e-01	2.322268e-09	3.250165e-15	3.415897e-02
1	37	NOE	8.249036e-01	8.249036e-01	1.069388e-08	-1.263378e-15	8.787734e-02
1	38	NOE	7.906708e-01	7.906708e-01	4.976295e-09	1.775732e-15	6.252201e-02
1	40	NOE	7.860514e-01	7.860514e-01	4.730537e-09	0.000000e+00	8.353696e-02
1	41	NOE	8.319075e-01	8.319075e-01	2.072460e-08	0.000000e+00	9.583743e-02
1	43	NOE	8.181742e-01	8.181742e-01	8.184867e-09	0.000000e+00	8.012218e-02
1	44	NOE	8.610998e-01	8.344542e-01	2.394118e-05	2.805216e-01	9.498590e-02
1	45	NOE	7.813524e-01	7.813524e-01	4.514107e-09	0.000000e+00	4.813059e-02
1	46	NOE	7.672757e-01	7.672757e-01	4.007310e-09	1.331900e-15	8.335634e-02
1	47	NOE	7.691731e-01	7.691731e-01	4.065959e-09	1.100391e-15	1.008935e-01
1	48	NOE	7.682533e-01	7.682533e-01	4.037214e-09	0.000000e+00	7.300326e-02
1	49	NOE	5.371832e-01	5.371832e-01	1.857050e-09	-2.082195e-15	5.331983e-02
1	51	NOE	6.445949e-01	6.445949e-01	2.351928e-09	-1.847927e-15	6.007936e-02
1	52	NOE	7.559831e-01	7.559831e-01	3.703252e-09	0.000000e+00	4.344843e-02
1	53	NOE	8.004189e-01	8.004189e-01	5.650024e-09	0.000000e+00	1.309219e-01
1	54	NOE	1.354875e+00	8.344542e-01	1.584299e-05	1.513119e+00	3.439388e-01
1	55	NOE	5.919235e-01	5.919235e-01	2.068728e-09	-1.506098e-15	7.371521e-02
1	56	NOE	9.633417e-01	8.344542e-01	2.896842e-05	1.052623e+00	1.224440e-01
1	57	NOE	8.156614e-01	8.156614e-01	7.615995e-09	-1.243016e-15	8.931688e-02
1	58	NOE	8.393633e-01	8.344542e-01	3.831086e-05	4.504658e-02	1.089771e-01
1	60	NOE	7.013224e-01	7.013224e-01	2.826274e-09	1.884652e-15	5.890864e-02
1	61	NOE	9.013863e-01	8.344542e-01	2.727471e-05	9.571602e-01	6.992776e-02
1	62	NOE	9.806598e-01	8.344542e-01	2.969119e-05	1.397810e+00	1.045962e-01
1	63	NOE	8.879488e-01	8.344542e-01	3.359615e-05	4.315590e-01	1.239565e-01
1	64	NOE	7.805946e-01	7.805946e-01	4.481872e-09	-1.405239e-15	7.900598e-02
1	65	NOE	7.219603e-01	7.219603e-01	3.081553e-09	-1.347523e-15	8.238991e-02
1	66	NOE	8.284357e-01	8.284357e-01	1.347621e-08	0.000000e+00	1.200758e-01
1	67	NOE	8.636619e-01	8.344542e-01	2.729904e-05	3.140862e-01	9.299246e-02
1	68	NOE	8.153624e-01	8.153624e-01	7.555885e-09	0.000000e+00	8.258169e-02
1	69	NOE	7.583881e-01	7.583881e-01	3.762318e-09	1.481719e-15	7.492803e-02
1	70	NOE	7.372065e-01	7.372065e-01	3.319822e-09	-5.704071e-08	4.975840e-02
1	71	NOE	7.998478e-01	7.998478e-01	5.602864e-09	-1.558475e-15	7.123776e-02
1	72	NOE	7.704703e-01	7.704703e-01	4.107544e-09	0.000000e+00	6.959679e-02
1	74	NOE	6.891567e-01	6.891567e-01	2.701760e-09	1.894753e-15	5.859461e-02
1	75	NOE	6.271753e-01	6.271753e-01	2.246578e-09	1.699405e-15	1.306602e-01
1	76	NOE	3.836237e-01	3.836237e-01	1.481375e-09	7.921631e-15	4.905278e-02
1	77	NOE	6.369742e-01	6.369742e-01	2.304151e-09	0.000000e+00	4.660214e-02
1	79	NOE	7.126274e-01	7.126274e-01	2.958152e-09	-1.581657e-15	7.019366e-02
1	81	NOE	7.202263e-01	7.202263e-01	3.057497e-09	-1.447193e-15	7.671564e-02
1	82	NOE	8.944304e-01	8.344542e-01	2.756360e-05	7.279013e-01	8.239600e-02
1	83	NOE	7.532243e-01	7.532243e-01	3.638736e-09	-1.184474e-15	9.373131e-02
1	84	NOE	8.169450e-01	8.169450e-01	7.891295e-09	0.000000e+00	8.114360e-02
1	85	NOE	8.275876e-01	8.275876e-01	1.261544e-08	-2.003054e-15	5.542652e-02
1	86	NOE	6.426890e-01	6.426890e-01	2.339716e-09	1.422170e-15	7.806541e-02
1	87	NOE	6.483310e-01	6.483310e-01	2.376400e-09	-7.052629e-08	7.553381e-02
1	88	NOE	8.036001e-01	8.036001e-01	5.936173e-09	1.926885e-15	5.761749e-02
1	90	NOE	6.459649e-01	6.459649e-01	2.360818e-09	3.574121e-15	3.106282e-02
1	92	NOE	8.574736e-01	8.344542e-01	1.946523e-05	2.695604e-01	8.539602e-02
1	93	NOE	7.206295e-01	7.206295e-01	3.063041e-09	1.910499e-15	5.811168e-02
1	94	NOE	1.035267e+00	8.344542e-01	2.171191e-05	1.864434e+00	1.077068e-01
1	95	NOE	8.138079e-01	8.138079e-01	7.264669e-09	1.690418e-15	6.567742e-02
1	96	NOE	7.343042e-01	7.343042e-01	3.270335e-09	-1.678373e-15	6.614878e-02
1	97	NOE	7.626901e-01	7.626901e-01	3.875248e-09	0.000000e+00	8.175573e-02
1	98	NOE	7.321538e-01	7.321538e-01	3.235023e-09	-3.693652e-08	8.074505e-02
1	99	NOE	7.738438e-01	7.738438e-01	4.221841e-09	0.000000e+00	5.472735e-02
1	100	NOE	6.881735e-01	6.881735e-01	2.692373e-09	-2.231062e-15	4.976208e-02


2	3	R1	8.450052e-01	8.450052e-01	1.661689e-08	-1.154409e-15	9.617242e-02
2	8	R1	5.410939e-01	5.410939e-01	2.632493e-08	0.000000e+00	1.080401e-01
2	9	R1	5.382540e-01	5.382540e-01	2.646653e-08	0.000000e+00	6.179717e-02
2	12	R1	5.869270e-01	5.869270e-01	2.422732e-08	-1.990340e-15	5.578059e-02
2	13	R1	6.882066e-01	6.882066e-01	2.057211e-08	0.000000e+00	8.477659e-02
2	14	R1	6.485069e-01	6.485069e-01	2.187073e-08	2.374334e-15	4.675935e-02
2	17	R1	5.429512e-01	5.429512e-01	2.623312e-08	1.477788e-15	7.512734e-02
2	19	R1	6.251782e-01	6.251782e-01	2.270959e-08	-1.226752e-15	9.050100e-02
2	20	R1	6.525964e-01	6.525964e-01	2.172978e-08	-7.548679e-15	2.941503e-02
2	23	R1	5.940323e-01	5.940323e-01	2.393080e-08	2.274187e-15	4.881847e-02
2	25	R1	5.745493e-01	5.745493e-01	2.476117e-08	1.511956e-15	7.342961e-02
2	26	R1	5.431036e-01	5.431036e-01	2.622562e-08	0.000000e+00	5.431036e-02
2	27	R1	5.825646e-01	5.825646e-01	2.441291e-08	-1.290456e-15	8.603338e-02
2	29	R1	6.362751e-01	6.362751e-01	2.230300e-08	-3.195968e-15	6.947648e-02
2	30	R1	6.117743e-01	6.117743e-01	2.322010e-08	0.000000e+00	7.031669e-02
2	31	R1	6.697339e-01	6.697339e-01	2.115752e-08	4.120489e-15	5.388792e-02
2	34	R1	6.273531e-01	6.273531e-01	2.262878e-08	-6.364498e-16	1.744400e-01
2	35	R1	6.177680e-01	6.177680e-01	2.298912e-08	-4.789816e-15	2.317882e-02
2	37	R1	6.208919e-01	6.208919e-01	2.287047e-08	1.926360e-15	5.763320e-02
2	38	R1	5.519054e-01	5.519054e-01	2.579907e-08	0.000000e+00	3.463480e-02
2	40	R1	5.775363e-01	5.775363e-01	2.463027e-08	0.000000e+00	5.537572e-02
2	41	R1	6.385277e-01	6.385277e-01	2.222217e-08	0.000000e+00	7.577437e-02
2	43	R1	6.612185e-01	6.612185e-01	2.143822e-08	-3.196581e-15	6.946315e-02
2	44	R1	6.554317e-01	6.554317e-01	2.163306e-08	1.028870e-15	1.079070e-01
2	45	R1	5.984474e-01	5.984474e-01	2.375005e-08	-3.738884e-15	2.969397e-02
2	46	R1	5.700924e-01	5.700924e-01	2.495901e-08	0.000000e+00	1.067807e-01
2	47	R1	7.004325e-01	7.004325e-01	2.020137e-08	2.580458e-15	8.604852e-02
2	48	R1	6.199401e-01	6.199401e-01	2.290650e-08	1.447556e-15	7.669636e-02
2	49	R1	5.511616e-01	5.511616e-01	2.583460e-08	0.000000e+00	4.684876e-02
2	51	R1	5.780632e-01	5.780632e-01	2.460732e-08	4.897738e-15	4.533616e-02
2	52	R1	5.721628e-01	5.721628e-01	2.486673e-08	0.000000e+00	2.643084e-02
2	53	R1	6.371907e-01	6.371907e-01	2.227008e-08	-1.167386e-15	9.510333e-02
2	54	R1	7.175350e-01	7.175350e-01	1.970359e-08	-9.194416e-16	2.414994e-01
2	55	R1	6.526581e-01	6.526581e-01	2.172766e-08	0.000000e+00	7.135536e-02
2	56	R1	5.536906e-01	5.536906e-01	2.571419e-08	-1.618609e-15	6.859118e-02
2	57	R1	6.461389e-01	6.461389e-01	2.195316e-08	0.000000e+00	4.691281e-02
2	58	R1	6.266951e-01	6.266951e-01	2.265317e-08	1.487895e-15	7.461703e-02
2	60	R1	6.033229e-01	6.033228e-01	2.355350e-08	1.777311e-07	4.937629e-02
2	61	R1	5.546756e-01	5.546756e-01	2.566760e-08	3.458395e-15	3.210226e-02
2	62	R1	6.692928e-01	6.692928e-01	2.117189e-08	-1.838294e-15	6.039420e-02
2	63	R1	6.699211e-01	6.699211e-01	2.115143e-08	0.000000e+00	9.047783e-02
2	64	R1	5.492915e-01	5.492915e-01	2.592433e-08	1.844442e-15	6.019289e-02
2	65	R1	5.694561e-01	5.694561e-01	2.498751e-08	0.000000e+00	5.966792e-02
2	66	R1	5.814641e-01	5.814641e-01	2.446017e-08	0.000000e+00	8.274077e-02
2	67	R1	6.224311e-01	6.224311e-01	2.281245e-08	0.000000e+00	8.440519e-02
2	68	R1	5.806474e-01	5.806474e-01	2.449535e-08	0.000000e+00	4.490145e-02
2	69	R1	5.953435e-01	5.953435e-01	2.387684e-08	2.033733e-15	5.459040e-02
2	70	R1	5.888973e-01	5.888973e-01	2.414438e-08	3.517753e-15	3.156057e-02
2	71	R1	6.432750e-01	6.432750e-01	2.205365e-08	-3.658463e-15	6.069341e-02
2	72	R1	6.223275e-01	6.223275e-01	2.281634e-08	0.000000e+00	5.737185e-02
2	74	R1	6.093380e-01	6.093380e-01	2.331527e-08	2.231419e-15	4.975414e-02
2	75	R1	9.790514e-01	9.790514e-01	1.421871e-08	-3.082219e-16	3.602025e-01
2	76	R1	6.450644e-01	6.450644e-01	2.199076e-08	0.000000e+00	7.703070e-02
2	77	R1	6.263038e-01	6.263038e-01	2.266770e-08	0.000000e+00	3.778663e-02
2	79	R1	5.857371e-01	5.857371e-01	2.427767e-08	0.000000e+00	5.572632e-02
2	81	R1	6.092621e-01	6.092621e-01	2.331825e-08	0.000000e+00	6.113613e-02
2	82	R1	6.261268e-01	6.261268e-01	2.267428e-08	0.000000e+00	6.198357e-02
2	83	R1	5.913039e-01	5.913039e-01	2.404383e-08	-1.595942e-15	6.956536e-02
2	84	R1	5.952604e-01	5.952604e-01	2.388026e-08	0.000000e+00	6.116021e-02
2	85	R1	5.991469e-01	5.991469e-01	2.372166e-08	3.149193e-15	3.525421e-02
2	86	R1	6.798558e-01	6.798558e-01	2.083288e-08	1.958716e-15	1.133623e-01
2	87	R1	6.824996e-01	6.824996e-01	2.074964e-08	2.974250e-15	7.465565e-02
2	88	R1	6.425226e-01	6.425226e-01	2.208019e-08	0.000000e+00	3.941669e-02
2	90	R1	6.513219e-01	6.513219e-01	2.177352e-08	0.000000e+00	2.283802e-02
2	92	R1	5.839997e-01	5.839997e-01	2.435155e-08	0.000000e+00	5.479604e-02
2	93	R1	6.146625e-01	6.146625e-01	2.310824e-08	-2.720733e-15	4.080603e-02
2	94	R1	5.483348e-01	5.483348e-01	2.597047e-08	1.909218e-15	5.815068e-02
2	95	R1	6.249203e-01	6.249203e-01	2.271921e-08	0.000000e+00	5.074210e-02
2	96	R1	5.502599e-01	5.502599e-01	2.587779e-08	-2.552673e-15	4.349258e-02
2	97	R1	5.831364e-01	5.831364e-01	2.438843e-08	0.000000e+00	5.728866e-02
2	98	R1	6.830638e-01	6.830638e-01	2.073196e-08	0.000000e+00	1.156201e-01
2	99	R1	6.813694e-01	6.813694e-01	2.078514e-08	0.000000e+00	3.660060e-02
2	100	R1	6.684244e-01	6.684244e-01	2.120023e-08	3.667683e-15	3.027042e-02


