0	3	R2	1.941890e+01	1.941890e+01	1.218524e-08	0.000000e+00	1.840827e+00
0	8	R2	2.419789e+01	2.419789e+01	1.530349e-08	1.162841e-15	3.055202e+00
0	9	R2	3.387150e+01	3.387150e+01	2.157018e-08	0.000000e+00	3.770352e+00
0	12	R2	2.840769e+01	2.840769e+01	1.803577e-08	1.176647e-15	3.019353e+00
0	13	R2	2.536452e+01	2.536452e+01	1.606172e-08	0.000000e+00	3.804690e+00
0	14	R2	2.826876e+01	2.826876e+01	1.794576e-08	-3.661788e-15	1.940425e+00
0	17	R2	3.023911e+01	3.023911e+01	1.922167e-08	-1.965035e-15	3.615928e+00
0	19	R2	2.870700e+01	2.870700e+01	1.822968e-08	0.000000e+00	3.293236e+00
0	20	R2	2.888998e+01	2.888998e+01	1.834821e-08	0.000000e+00	1.378994e+00
0	23	R2	2.930879e+01	2.930879e+01	1.861943e-08	-1.471087e-15	2.415026e+00
0	25	R2	3.806157e+01	3.806157e+01	2.427486e-08	0.000000e+00	4.944354e+00
0	26	R2	2.867778e+01	2.867778e+01	1.821076e-08	-2.119932e-15	3.351724e+00
0	27	R2	2.913758e+01	2.913758e+01	1.850857e-08	0.000000e+00	6.241135e+00
0	29	R2	3.482499e+01	3.482499e+01	2.218602e-08	1.723240e-15	4.123294e+00
0	30	R2	3.330151e+01	3.330151e+01	2.120192e-08	0.000000e+00	3.453113e+00
0	31	R2	2.760615e+01	2.760615e+01	1.751630e-08	-1.522721e-15	2.333135e+00
0	34	R2	3.942321e+01	3.942321e+01	2.515303e-08	0.000000e+00	1.019014e+01
0	35	R2	2.927085e+01	2.927085e+01	1.859487e-08	3.331957e-15	1.066254e+00
0	37	R2	2.734171e+01	2.734171e+01	1.734485e-08	2.388282e-15	2.975121e+00
0	38	R2	2.804173e+01	2.804173e+01	1.779864e-08	0.000000e+00	1.832574e+00
0	40	R2	2.670798e+01	2.670798e+01	1.693382e-08	1.330207e-15	2.670798e+00
0	41	R2	3.161853e+01	3.161853e+01	2.011402e-08	0.000000e+00	3.691187e+00
0	43	R2	2.609937e+01	2.609937e+01	1.653887e-08	-1.105292e-15	3.214277e+00
0	44	R2	2.525437e+01	2.525437e+01	1.599017e-08	-1.181265e-15	3.007551e+00
0	45	R2	2.994084e+01	2.994084e+01	1.902862e-08	4.356996e-15	1.630809e+00
0	46	R2	2.852540e+01	2.852540e+01	1.811204e-08	-1.143991e-15	3.105545e+00
0	47	R2	2.669457e+01	2.669457e+01	1.692512e-08	1.006377e-15	3.530201e+00
0	48	R2	2.991981e+01	2.991981e+01	1.901501e-08	-1.255406e-15	2.829932e+00
0	49	R2	2.439220e+01	2.439220e+01	1.542984e-08	4.960047e-15	1.432532e+00
0	51	R2	2.770791e+01	2.770791e+01	1.758227e-08	-1.625947e-15	2.185012e+00
0	52	R2	2.887538e+01	2.887538e+01	1.833875e-08	-2.656879e-15	1.337176e+00
0	53	R2	3.794391e+01	3.794391e+01	2.419897e-08	-1.142834e-15	6.217377e+00
0	54	R2	3.208238e+01	3.208238e+01	2.041395e-08	9.329574e-16	7.616026e+00
0	55	R2	2.815768e+01	2.815768e+01	1.787377e-08	1.292892e-15	2.747881e+00
0	56	R2	3.447577e+01	3.447577e+01	2.196049e-08	1.692886e-15	4.197228e+00
0	57	R2	2.835040e+01	2.835040e+01	1.799866e-08	-1.400988e-15	2.535863e+00
0	58	R2	2.906097e+01	2.906097e+01	1.845895e-08	1.027527e-15	3.457539e+00
0	60	R2	3.220611e+01	3.220611e+01	2.049394e-08	0.000000e+00	2.016544e+00
0	61	R2	2.231746e+01	2.231746e+01	1.407918e-08	0.000000e+00	1.590143e+00
0	62	R2	3.521860e+01	3.521860e+01	2.244017e-08	0.000000e+00	3.270913e+00
0	63	R2	3.149738e+01	3.149738e+01	2.003568e-08	8.233552e-16	4.314922e+00
0	64	R2	3.260945e+01	3.260945e+01	2.075467e-08	0.000000e+00	3.807485e+00
0	65	R2	2.897784e+01	2.897784e+01	1.840511e-08	0.000000e+00	3.112604e+00
0	66	R2	3.393876e+01	3.393876e+01	2.161362e-08	0.000000e+00	4.677456e+00
0	67	R2	3.200462e+01	3.200462e+01	2.036367e-08	0.000000e+00	4.955210e+00
0	68	R2	3.251972e+01	3.251972e+01	2.069667e-08	0.000000e+00	3.134671e+00
0	69	R2	2.914843e+01	2.914843e+01	1.851559e-08	-1.218225e-15	2.916304e+00
0	70	R2	2.852338e+01	2.852338e+01	1.811073e-08	-2.284023e-15	1.555463e+00
0	71	R2	3.001934e+01	3.001934e+01	1.907943e-08	0.000000e+00	2.416676e+00
0	72	R2	2.842299e+01	2.842299e+01	1.804569e-08	1.738273e-15	2.043818e+00
0	74	R2	2.604118e+01	2.604118e+01	1.650110e-08	0.000000e+00	1.746438e+00
0	75	R2	2.317887e+01	2.317887e+01	1.464039e-08	0.000000e+00	6.976006e+00
0	76	R2	2.296063e+01	2.296063e+01	1.449826e-08	-4.890479e-15	1.452910e+00
0	77	R2	2.656030e+01	2.656030e+01	1.683800e-08	3.037718e-15	1.169534e+00
0	79	R2	2.912844e+01	2.912844e+01	1.850265e-08	-1.356499e-15	2.619032e+00
0	81	R2	2.798277e+01	2.798277e+01	1.776043e-08	-3.840018e-15	2.775545e+00
0	82	R2	2.563456e+01	2.563456e+01	1.623710e-08	0.000000e+00	2.933740e+00
0	83	R2	2.803885e+01	2.803885e+01	1.779677e-08	-8.231719e-16	4.315883e+00
0	84	R2	2.800632e+01	2.800632e+01	1.777569e-08	0.000000e+00	3.056352e+00
0	85	R2	2.782320e+01	2.782320e+01	1.765700e-08	-4.529977e-15	1.568535e+00
0	86	R2	2.887287e+01	2.887287e+01	1.833713e-08	-8.950641e-16	3.969228e+00
0	87	R2	2.956222e+01	2.956222e+01	1.878352e-08	0.000000e+00	2.647544e+00
0	88	R2	3.060137e+01	3.060137e+01	1.945608e-08	0.000000e+00	2.240699e+00
0	90	R2	2.608689e+01	2.608689e+01	1.653077e-08	5.122275e-15	6.935812e-01
0	92	R2	2.708141e+01	2.708141e+01	1.717604e-08	1.436404e-15	2.473339e+00
0	93	R2	2.612163e+01	2.612163e+01	1.655332e-08	-4.188548e-15	1.696394e+00
0	94	R2	3.119119e+01	3.119119e+01	1.983765e-08	0.000000e+00	3.839337e+00
0	95	R2	2.548546e+01	2.548546e+01	1.614027e-08	1.610014e-15	2.206636e+00
0	96	R2	2.244725e+01	2.244725e+01	1.416378e-08	0.000000e+00	1.973484e+00
0	97	R2	3.071593e+01	3.071593e+01	1.953020e-08	8.388805e-16	4.235065e+00
0	98	R2	2.708210e+01	2.708210e+01	1.717649e-08	1.061434e-15	3.347089e+00
0	99	R2	2.725961e+01	2.725961e+01	1.729161e-08	0.000000e+00	1.330835e+00
0	100	R2	2.675220e+01	2.675220e+01	1.696250e-08	2.644375e-15	1.343498e+00


1	3	NOE	5.373832e-01	5.373832e-01	1.347893e-09	-7.493319e-08	1.169975e-01
1	8	NOE	6.972970e-01	6.972970e-01	1.952516e-09	0.000000e+00	1.033471e-01
1	9	NOE	8.074294e-01	8.074294e-01	3.627449e-09	0.000000e+00	8.374414e-02
1	12	NOE	7.253045e-01	7.253045e-01	2.161525e-09	0.000000e+00	7.142335e-02
1	13	NOE	8.699766e-01	8.539817e-01	2.245144e-05	1.725784e-01	9.268235e-02
1	14	NOE	8.088539e-01	8.088539e-01	3.684848e-09	1.817464e-15	6.108638e-02
1	17	NOE	6.829477e-01	6.829477e-01	1.865709e-09	-5.397710e-08	9.082426e-02
1	19	NOE	7.675252e-01	7.675252e-01	2.649780e-09	0.000000e+00	9.630802e-02
1	20	NOE	7.857673e-01	7.857673e-01	2.989306e-09	-2.272613e-15	4.885228e-02
1	23	NOE	9.534694e-01	8.539817e-01	1.984006e-05	1.161793e+00	8.563290e-02
1	25	NOE	8.826780e-01	8.539817e-01	1.379119e-05	3.032558e-01	9.462762e-02
1	26	NOE	7.536709e-01	7.536709e-01	2.456116e-09	1.622820e-15	6.841320e-02
1	27	NOE	8.423500e-01	8.423500e-01	7.285422e-09	1.202201e-15	9.234919e-02
1	29	NOE	7.444714e-01	7.444714e-01	2.348218e-09	0.000000e+00	8.856915e-02
1	30	NOE	8.241277e-01	8.241277e-01	4.538232e-09	-1.410777e-15	7.869588e-02
1	31	NOE	7.548138e-01	7.548138e-01	2.470550e-09	0.000000e+00	6.475504e-02
1	34	NOE	7.644067e-01	7.644067e-01	2.602321e-09	0.000000e+00	1.546672e-01
1	35	NOE	7.210954e-01	7.210954e-01	2.125988e-09	2.857701e-15	3.885021e-02
1	37	NOE	7.595640e-01	7.595640e-01	2.533307e-09	0.000000e+00	7.566957e-02
1	38	NOE	7.346600e-01	7.346600e-01	2.247077e-09	0.000000e+00	6.085689e-02
1	40	NOE	7.081267e-01	7.081267e-01	2.026240e-09	0.000000e+00	7.687884e-02
1	41	NOE	8.284906e-01	8.284906e-01	4.913674e-09	0.000000e+00	8.883720e-02
1	43	NOE	8.952224e-01	8.539817e-01	1.364622e-05	4.589425e-01	8.986029e-02
1	44	NOE	8.836641e-01	8.539817e-01	2.509080e-05	3.076485e-01	9.648161e-02
1	45	NOE	7.380495e-01	7.380495e-01	2.280575e-09	2.238251e-15	4.960226e-02
1	46	NOE	8.191403e-01	8.191403e-01	4.198526e-09	-1.140243e-08	9.035625e-02
1	47	NOE	7.425525e-01	7.425525e-01	2.327399e-09	-1.255909e-15	8.839999e-02
1	48	NOE	5.420642e-01	5.420642e-01	1.358734e-09	0.000000e+00	6.970744e-02
1	49	NOE	4.685089e-01	4.685089e-01	1.211379e-09	9.507837e-16	5.838463e-02
1	51	NOE	6.291395e-01	6.291395e-01	1.617016e-09	0.000000e+00	6.552769e-02
1	52	NOE	7.795952e-01	7.795952e-01	2.860602e-09	0.000000e+00	4.822173e-02
1	53	NOE	9.618773e-01	8.539817e-01	1.756129e-05	7.498889e-01	1.438822e-01
1	54	NOE	1.168038e+00	8.539817e-01	1.355825e-05	1.112256e+00	2.823601e-01
1	55	NOE	6.958278e-01	6.958278e-01	1.943095e-09	0.000000e+00	9.215308e-02
1	56	NOE	7.312799e-01	7.312799e-01	2.215051e-09	0.000000e+00	8.072054e-02
1	57	NOE	6.598658e-01	6.598658e-01	1.746574e-09	0.000000e+00	6.935600e-02
1	58	NOE	7.499450e-01	7.499450e-01	2.410707e-09	0.000000e+00	9.020161e-02
1	60	NOE	7.940180e-01	7.940180e-01	3.191316e-09	0.000000e+00	6.313941e-02
1	61	NOE	7.749454e-01	7.749454e-01	2.773715e-09	1.591196e-15	6.977288e-02
1	62	NOE	9.833252e-01	8.539817e-01	2.348603e-05	1.399190e+00	9.244168e-02
1	63	NOE	8.568271e-01	8.539817e-01	2.410820e-05	2.649146e-02	1.074106e-01
1	64	NOE	7.495843e-01	7.495843e-01	2.406440e-09	1.513240e-15	7.336730e-02
1	65	NOE	8.649148e-01	8.539817e-01	1.684995e-05	1.277773e-01	8.556367e-02
1	66	NOE	8.232291e-01	8.232291e-01	4.470984e-09	0.000000e+00	9.295811e-02
1	67	NOE	7.507016e-01	7.507016e-01	2.419731e-09	1.176310e-15	9.438185e-02
1	68	NOE	7.252473e-01	7.252473e-01	2.161030e-09	0.000000e+00	6.158768e-02
1	69	NOE	7.588912e-01	7.588912e-01	2.524136e-09	0.000000e+00	6.960587e-02
1	70	NOE	6.328281e-01	6.328281e-01	1.631153e-09	2.259017e-15	4.914628e-02
1	71	NOE	8.392015e-01	8.392015e-01	6.460730e-09	-1.316672e-15	8.432038e-02
1	72	NOE	6.986692e-01	6.986692e-01	1.961434e-09	0.000000e+00	6.312560e-02
1	74	NOE	7.578476e-01	7.578476e-01	2.510099e-09	1.719390e-15	6.457073e-02
1	75	NOE	1.118169e+00	8.539817e-01	1.136645e-05	8.461920e-01	3.122070e-01
1	76	NOE	4.833717e-01	4.833717e-01	1.237678e-09	1.867651e-15	5.944488e-02
1	77	NOE	7.104816e-01	7.104816e-01	2.043354e-09	0.000000e+00	5.203281e-02
1	79	NOE	7.503076e-01	7.503076e-01	2.415019e-09	0.000000e+00	8.616200e-02
1	81	NOE	7.893335e-01	7.893335e-01	3.071891e-09	-1.458061e-15	7.614380e-02
1	82	NOE	7.589773e-01	7.589773e-01	2.525304e-09	-1.531564e-15	7.248950e-02
1	83	NOE	8.681255e-01	8.539817e-01	1.733346e-05	1.370687e-01	1.031883e-01
1	84	NOE	6.362194e-01	6.362194e-01	1.644460e-09	1.485290e-15	7.474788e-02
1	85	NOE	7.180145e-01	7.180145e-01	2.101017e-09	0.000000e+00	4.962325e-02
1	86	NOE	7.831251e-01	7.831251e-01	2.932164e-09	0.000000e+00	1.009574e-01
1	87	NOE	6.995313e-01	6.995313e-01	1.967096e-09	1.629812e-15	6.811971e-02
1	88	NOE	7.120901e-01	7.120901e-01	2.055284e-09	2.080627e-15	5.336003e-02
1	90	NOE	6.593991e-01	6.593991e-01	1.744384e-09	0.000000e+00	3.150606e-02
1	92	NOE	5.740612e-01	5.740612e-01	1.439798e-09	4.923357e-15	6.765037e-02
1	93	NOE	7.094782e-01	7.094782e-01	2.036011e-09	0.000000e+00	5.878498e-02
1	94	NOE	8.019412e-01	8.019412e-01	3.428721e-09	-1.284908e-15	8.640489e-02
1	95	NOE	7.962017e-01	7.962017e-01	3.251865e-09	0.000000e+00	6.794978e-02
1	96	NOE	7.295149e-01	7.295149e-01	2.198844e-09	1.535926e-15	7.228363e-02
1	97	NOE	8.211268e-01	8.211268e-01	4.324556e-09	0.000000e+00	8.877041e-02
1	98	NOE	6.701314e-01	6.701314e-01	1.796824e-09	1.185284e-15	9.366725e-02
1	99	NOE	8.181330e-01	8.181330e-01	4.138650e-09	0.000000e+00	5.549543e-02
1	100	NOE	6.647937e-01	6.647937e-01	1.770193e-09	-2.313109e-15	4.799701e-02


2	3	R1	7.396639e-01	7.396639e-01	1.378795e-08	0.000000e+00	8.719678e-02
2	8	R1	4.567737e-01	4.567737e-01	2.264184e-08	0.000000e+00	7.331569e-02
2	9	R1	3.947252e-01	3.947252e-01	2.625695e-08	1.203189e-15	4.613670e-02
2	12	R1	4.266718e-01	4.266718e-01	2.426531e-08	7.869758e-15	4.232238e-02
2	13	R1	5.015108e-01	5.015108e-01	2.058622e-08	0.000000e+00	6.517553e-02
2	14	R1	4.585390e-01	4.585390e-01	2.255319e-08	3.285161e-15	3.379509e-02
2	17	R1	4.361375e-01	4.361375e-01	2.373084e-08	0.000000e+00	6.105022e-02
2	19	R1	5.065311e-01	5.065311e-01	2.037798e-08	1.123417e-07	6.581127e-02
2	20	R1	4.945244e-01	4.945244e-01	2.088296e-08	2.029264e-15	2.735531e-02
2	23	R1	4.242540e-01	4.242540e-01	2.440562e-08	1.352296e-15	4.104954e-02
2	25	R1	3.879604e-01	3.879604e-01	2.672048e-08	0.000000e+00	5.155459e-02
2	26	R1	4.100591e-01	4.100591e-01	2.526253e-08	2.583494e-15	4.297370e-02
2	27	R1	4.121918e-01	4.121918e-01	2.513005e-08	8.707429e-16	6.375148e-02
2	29	R1	4.497092e-01	4.497092e-01	2.300349e-08	-1.072089e-15	5.177849e-02
2	30	R1	4.318402e-01	4.318402e-01	2.397060e-08	0.000000e+00	4.854481e-02
2	31	R1	5.499843e-01	5.499843e-01	1.873279e-08	2.801672e-15	3.962716e-02
2	34	R1	4.664827e-01	4.664827e-01	2.216254e-08	4.459662e-16	1.244739e-01
2	35	R1	4.843480e-01	4.843480e-01	2.133036e-08	5.904052e-15	1.880443e-02
2	37	R1	4.492235e-01	4.492235e-01	2.302876e-08	2.595834e-15	4.276942e-02
2	38	R1	4.151372e-01	4.151372e-01	2.494930e-08	1.869348e-15	2.969545e-02
2	40	R1	3.989730e-01	3.989730e-01	2.597388e-08	1.544189e-07	3.801299e-02
2	41	R1	4.651254e-01	4.651254e-01	2.222835e-08	-1.031253e-15	5.382882e-02
2	43	R1	5.010057e-01	5.010057e-01	2.060739e-08	0.000000e+00	5.590301e-02
2	44	R1	5.066577e-01	5.066577e-01	2.037278e-08	0.000000e+00	7.009119e-02
2	45	R1	4.362926e-01	4.362926e-01	2.372227e-08	0.000000e+00	2.350573e-02
2	46	R1	4.827597e-01	4.827597e-01	2.140187e-08	0.000000e+00	7.219392e-02
2	47	R1	5.055849e-01	5.055849e-01	2.041692e-08	0.000000e+00	6.355651e-02
2	48	R1	4.854060e-01	4.854060e-01	2.128298e-08	1.307867e-07	5.426557e-02
2	49	R1	4.531745e-01	4.531744e-01	2.282470e-08	1.835288e-07	3.619253e-02
2	51	R1	4.197079e-01	4.197079e-01	2.467380e-08	1.574423e-15	3.525810e-02
2	52	R1	4.615324e-01	4.615324e-01	2.240442e-08	-2.455594e-15	2.260600e-02
2	53	R1	4.928261e-01	4.928261e-01	2.095635e-08	-6.885128e-16	8.062472e-02
2	54	R1	5.211704e-01	5.211704e-01	1.979343e-08	6.790595e-16	1.634942e-01
2	55	R1	5.593260e-01	5.593260e-01	1.841210e-08	1.749765e-15	6.344982e-02
2	56	R1	4.511290e-01	4.511290e-01	2.292990e-08	1.009285e-15	5.500048e-02
2	57	R1	4.437137e-01	4.437137e-01	2.331936e-08	1.403835e-15	3.954251e-02
2	58	R1	4.710274e-01	4.710274e-01	2.194491e-08	-9.260052e-16	5.994691e-02
2	60	R1	5.007355e-01	5.007355e-01	2.061874e-08	3.070661e-15	3.615583e-02
2	61	R1	3.844155e-01	3.844155e-01	2.696985e-08	-1.723489e-15	3.220859e-02
2	62	R1	4.861162e-01	4.861162e-01	2.125129e-08	0.000000e+00	5.147611e-02
2	63	R1	5.329641e-01	5.329641e-01	1.934561e-08	0.000000e+00	7.842754e-02
2	64	R1	4.183724e-01	4.183724e-01	2.475368e-08	-1.174247e-15	4.727384e-02
2	65	R1	4.638704e-01	4.638704e-01	2.228955e-08	1.196695e-15	4.638704e-02
2	66	R1	3.598328e-01	3.598328e-01	2.883354e-08	0.000000e+00	6.338681e-02
2	67	R1	4.229239e-01	4.229239e-01	2.448349e-08	0.000000e+00	5.782538e-02
2	68	R1	4.221404e-01	4.221404e-01	2.452959e-08	-2.985345e-15	3.718911e-02
2	69	R1	4.690881e-01	4.690881e-01	2.203727e-08	1.409417e-15	3.938588e-02
2	70	R1	4.682037e-01	4.682037e-01	2.207963e-08	-2.067956e-15	2.684349e-02
2	71	R1	4.614319e-01	4.614319e-01	2.240939e-08	1.229260e-15	4.515818e-02
2	72	R1	5.103660e-01	5.103660e-01	2.022165e-08	1.639958e-07	4.540929e-02
2	74	R1	4.656415e-01	4.656415e-01	2.220328e-08	0.000000e+00	3.524319e-02
2	75	R1	4.914210e-01	4.914210e-01	2.101745e-08	0.000000e+00	1.604315e-01
2	76	R1	5.545278e-01	5.545278e-01	1.857548e-08	0.000000e+00	5.282598e-02
2	77	R1	5.280343e-01	5.280343e-01	1.953040e-08	0.000000e+00	2.697293e-02
2	79	R1	4.601522e-01	4.601522e-01	2.247278e-08	0.000000e+00	4.346323e-02
2	81	R1	4.547177e-01	4.547177e-01	2.274594e-08	1.297539e-15	4.278188e-02
2	82	R1	4.902357e-01	4.902357e-01	2.106927e-08	0.000000e+00	4.556059e-02
2	83	R1	4.234060e-01	4.234060e-01	2.445522e-08	0.000000e+00	5.201896e-02
2	84	R1	4.899489e-01	4.899489e-01	2.108184e-08	-2.245907e-15	4.943316e-02
2	85	R1	4.418916e-01	4.418916e-01	2.341704e-08	4.066932e-15	2.729879e-02
2	86	R1	5.134366e-01	5.134366e-01	2.009814e-08	0.000000e+00	7.993430e-02
2	87	R1	5.145939e-01	5.145939e-01	2.005197e-08	-2.487220e-15	4.463711e-02
2	88	R1	4.659786e-01	4.659786e-01	2.218694e-08	1.776404e-15	3.124918e-02
2	90	R1	5.365591e-01	5.365591e-01	1.921297e-08	0.000000e+00	1.680315e-02
2	92	R1	4.454350e-01	4.454350e-01	2.322781e-08	2.836410e-15	3.914183e-02
2	93	R1	4.525645e-01	4.525645e-01	2.285597e-08	-3.673892e-15	3.021926e-02
2	94	R1	4.331547e-01	4.331547e-01	2.389676e-08	1.126043e-15	4.929754e-02
2	95	R1	5.050568e-01	5.050568e-01	2.043871e-08	3.068579e-15	3.618037e-02
2	96	R1	3.913880e-01	3.913880e-01	2.648363e-08	-2.838857e-15	3.910810e-02
2	97	R1	4.560838e-01	4.560838e-01	2.267667e-08	-2.191985e-15	5.064921e-02
2	98	R1	5.233799e-01	5.233799e-01	1.970802e-08	-1.311882e-15	8.462827e-02
2	99	R1	5.356049e-01	5.356049e-01	1.924800e-08	4.180826e-15	2.655511e-02
2	100	R1	5.336247e-01	5.336247e-01	1.932110e-08	4.456982e-15	2.490975e-02


