3	1.941890e+01	1.840827e+00	5.373832e-01	1.169975e-01	7.396639e-01	8.719678e-02	3.468628e-02	
8	2.419789e+01	3.055202e+00	6.972970e-01	1.033471e-01	4.567737e-01	7.331569e-02	1.401586e-02	
9	3.387150e+01	3.770352e+00	8.074294e-01	8.374414e-02	3.947252e-01	4.613670e-02	7.705249e-03	
12	2.840769e+01	3.019353e+00	7.253045e-01	7.142335e-02	4.266718e-01	4.232238e-02	1.188084e-02	
13	2.536452e+01	3.804690e+00	8.699766e-01	9.268235e-02	5.015108e-01	6.517553e-02	6.610031e-03	
14	2.826876e+01	1.940425e+00	8.088539e-01	6.108638e-02	4.585390e-01	3.379509e-02	8.884717e-03	
17	3.023911e+01	3.615928e+00	6.829477e-01	9.082426e-02	4.361375e-01	6.105022e-02	1.401704e-02	
19	2.870700e+01	3.293236e+00	7.675252e-01	9.630802e-02	5.065311e-01	6.581127e-02	1.193669e-02	
20	2.888998e+01	1.378994e+00	7.857673e-01	4.885228e-02	4.945244e-01	2.735531e-02	1.073928e-02	
23	2.930879e+01	2.415026e+00	9.534694e-01	8.563290e-02	4.242540e-01	4.104954e-02	2.001091e-03	
25	3.806157e+01	4.944354e+00	8.826780e-01	9.462762e-02	3.879604e-01	5.155459e-02	4.613904e-03	
26	2.867778e+01	3.351724e+00	7.536709e-01	6.841320e-02	4.100591e-01	4.297370e-02	1.023915e-02	
27	2.913758e+01	6.241135e+00	8.423500e-01	9.234919e-02	4.121918e-01	6.375148e-02	6.587112e-03	
29	3.482499e+01	4.123294e+00	7.444714e-01	8.856915e-02	4.497092e-01	5.177849e-02	1.164858e-02	
30	3.330151e+01	3.453113e+00	8.241277e-01	7.869588e-02	4.318402e-01	4.854481e-02	7.698789e-03	
31	2.760615e+01	2.333135e+00	7.548138e-01	6.475504e-02	5.499843e-01	3.962716e-02	1.366936e-02	
34	3.942321e+01	1.019014e+01	7.644067e-01	1.546672e-01	4.664827e-01	1.244739e-01	1.114039e-02	
35	2.927085e+01	1.066254e+00	7.210954e-01	3.885021e-02	4.843480e-01	1.880443e-02	1.369352e-02	
37	2.734171e+01	2.975121e+00	7.595640e-01	7.566957e-02	4.492235e-01	4.276942e-02	1.094873e-02	
38	2.804173e+01	1.832574e+00	7.346600e-01	6.085689e-02	4.151372e-01	2.969545e-02	1.116596e-02	
40	2.670798e+01	2.670798e+00	7.081267e-01	7.687884e-02	3.989730e-01	3.801299e-02	1.180428e-02	
41	3.161853e+01	3.691187e+00	8.284906e-01	8.883720e-02	4.651254e-01	5.382882e-02	8.086486e-03	
43	2.609937e+01	3.214277e+00	8.952224e-01	8.986029e-02	5.010057e-01	5.590301e-02	5.321243e-03	
44	2.525437e+01	3.007551e+00	8.836641e-01	9.648161e-02	5.066577e-01	7.009119e-02	5.974896e-03	
45	2.994084e+01	1.630809e+00	7.380495e-01	4.960226e-02	4.362926e-01	2.350573e-02	1.158508e-02	
46	2.852540e+01	3.105545e+00	8.191403e-01	9.035625e-02	4.827597e-01	7.219392e-02	8.850639e-03	
47	2.669457e+01	3.530201e+00	7.425525e-01	8.839999e-02	5.055849e-01	6.355651e-02	1.319425e-02	
48	2.991981e+01	2.829932e+00	5.420642e-01	6.970744e-02	4.854060e-01	5.426557e-02	2.253261e-02	
49	2.439220e+01	1.432532e+00	4.685089e-01	5.838463e-02	4.531745e-01	3.619253e-02	2.441537e-02	
51	2.770791e+01	2.185012e+00	6.291395e-01	6.552769e-02	4.197079e-01	3.525810e-02	1.577828e-02	
52	2.887538e+01	1.337176e+00	7.795952e-01	4.822173e-02	4.615324e-01	2.260600e-02	1.031158e-02	
53	3.794391e+01	6.217377e+00	9.618773e-01	1.438822e-01	4.928261e-01	8.062472e-02	1.904491e-03	
54	3.208238e+01	7.616026e+00	1.168038e+00	2.823601e-01	5.211704e-01	1.634942e-01	-8.877493e-03	
55	2.815768e+01	2.747881e+00	6.958278e-01	9.215308e-02	5.593260e-01	6.344982e-02	1.724592e-02	
56	3.447577e+01	4.197228e+00	7.312799e-01	8.072054e-02	4.511290e-01	5.500048e-02	1.228861e-02	
57	2.835040e+01	2.535863e+00	6.598658e-01	6.935600e-02	4.437137e-01	3.954251e-02	1.529872e-02	
58	2.906097e+01	3.457539e+00	7.499450e-01	9.020161e-02	4.710274e-01	5.994691e-02	1.193943e-02	
60	3.220611e+01	2.016544e+00	7.940180e-01	6.313941e-02	5.007355e-01	3.615583e-02	1.045537e-02	
61	2.231746e+01	1.590143e+00	7.749454e-01	6.977288e-02	3.844155e-01	3.220859e-02	8.769820e-03	
62	3.521860e+01	3.270913e+00	9.833252e-01	9.244168e-02	4.861162e-01	5.147611e-02	8.216811e-04	
63	3.149738e+01	4.314922e+00	8.568271e-01	1.074106e-01	5.329641e-01	7.842754e-02	7.735004e-03	
64	3.260945e+01	3.807485e+00	7.495843e-01	7.336730e-02	4.183724e-01	4.727384e-02	1.062005e-02	
65	2.897784e+01	3.112604e+00	8.649148e-01	8.556367e-02	4.638704e-01	4.638704e-02	6.351940e-03	
66	3.393876e+01	4.677456e+00	8.232291e-01	9.295811e-02	3.598328e-01	6.338681e-02	6.447827e-03	
67	3.200462e+01	4.955210e+00	7.507016e-01	9.438185e-02	4.229239e-01	5.782538e-02	1.068768e-02	
68	3.251972e+01	3.134671e+00	7.252473e-01	6.158768e-02	4.221404e-01	3.718911e-02	1.175711e-02	
69	2.914843e+01	2.916304e+00	7.588912e-01	6.960587e-02	4.690881e-01	3.938588e-02	1.146488e-02	
70	2.852338e+01	1.555463e+00	6.328281e-01	4.914628e-02	4.682037e-01	2.684349e-02	1.742634e-02	
71	3.001934e+01	2.416676e+00	8.392015e-01	8.432038e-02	4.614319e-01	4.515818e-02	7.521276e-03	
72	2.842299e+01	2.043818e+00	6.986692e-01	6.312560e-02	5.103660e-01	4.540929e-02	1.558932e-02	
74	2.604118e+01	1.746438e+00	7.578476e-01	6.457073e-02	4.656415e-01	3.524319e-02	1.142990e-02	
75	2.317887e+01	6.976006e+00	1.118169e+00	3.122070e-01	4.914210e-01	1.604315e-01	-5.886513e-03	
76	2.296063e+01	1.452910e+00	4.833717e-01	5.944488e-02	5.545278e-01	5.282598e-02	2.904045e-02	
77	2.656030e+01	1.169534e+00	7.104816e-01	5.203281e-02	5.280343e-01	2.697293e-02	1.549673e-02	
79	2.912844e+01	2.619032e+00	7.503076e-01	8.616200e-02	4.601522e-01	4.346323e-02	1.164686e-02	
81	2.798277e+01	2.775545e+00	7.893335e-01	7.614380e-02	4.547177e-01	4.278188e-02	9.710443e-03	
82	2.563456e+01	2.933740e+00	7.589773e-01	7.248950e-02	4.902357e-01	4.556059e-02	1.197746e-02	
83	2.803885e+01	4.315883e+00	8.681255e-01	1.031883e-01	4.234060e-01	5.201896e-02	5.660040e-03	
84	2.800632e+01	3.056352e+00	6.362194e-01	7.474788e-02	4.899489e-01	4.943316e-02	1.806725e-02	
85	2.782320e+01	1.568535e+00	7.180145e-01	4.962325e-02	4.418916e-01	2.729879e-02	1.263119e-02	
86	2.887287e+01	3.969228e+00	7.831251e-01	1.009574e-01	5.134366e-01	7.993430e-02	1.128750e-02	
87	2.956222e+01	2.647544e+00	6.995313e-01	6.811971e-02	5.145939e-01	4.463711e-02	1.567349e-02	
88	3.060137e+01	2.240699e+00	7.120901e-01	5.336003e-02	4.659786e-01	3.124918e-02	1.359955e-02	
90	2.608689e+01	6.935812e-01	6.593991e-01	3.150606e-02	5.365591e-01	1.680315e-02	1.852530e-02	
92	2.708141e+01	2.473339e+00	5.740612e-01	6.765037e-02	4.454350e-01	3.914183e-02	1.923239e-02	
93	2.612163e+01	1.696394e+00	7.094782e-01	5.878498e-02	4.525645e-01	3.021926e-02	1.332788e-02	
94	3.119119e+01	3.839337e+00	8.019412e-01	8.640489e-02	4.331547e-01	4.929754e-02	8.696392e-03	
95	2.548546e+01	2.206636e+00	7.962017e-01	6.794978e-02	5.050568e-01	3.618037e-02	1.043380e-02	
96	2.244725e+01	1.973484e+00	7.295149e-01	7.228363e-02	3.913880e-01	3.910810e-02	1.073131e-02	
97	3.071593e+01	4.235065e+00	8.211268e-01	8.877041e-02	4.560838e-01	5.064921e-02	8.269738e-03	
98	2.708210e+01	3.347089e+00	6.701314e-01	9.366725e-02	5.233799e-01	8.462827e-02	1.750088e-02	
99	2.725961e+01	1.330835e+00	8.181330e-01	5.549543e-02	5.356049e-01	2.655511e-02	9.874163e-03	
100	2.675220e+01	1.343498e+00	6.647937e-01	4.799701e-02	5.336247e-01	2.490975e-02	1.813217e-02	
