3	1.967195e+01	1.967195e+00	3.142996e-01	9.280132e-02	8.450052e-01	9.617242e-02	5.873481e-02	
8	2.369226e+01	3.772934e+00	7.028872e-01	8.460597e-02	5.410939e-01	1.080401e-01	1.629656e-02	
9	3.026415e+01	3.481398e+00	8.977757e-01	9.014543e-02	5.382540e-01	6.179717e-02	5.577545e-03	
12	2.533032e+01	2.902112e+00	1.020597e+00	1.075213e-01	5.869270e-01	5.578059e-02	-1.225431e-03	
13	2.764630e+01	3.860635e+00	7.462415e-01	8.472073e-02	6.882066e-01	8.477659e-02	1.770277e-02	
14	2.466034e+01	1.782829e+00	7.857786e-01	6.022236e-02	6.485069e-01	4.675935e-02	1.408248e-02	
17	2.584565e+01	2.900399e+00	7.459961e-01	9.789496e-02	5.429512e-01	7.512734e-02	1.397986e-02	
19	2.455453e+01	3.772703e+00	7.838564e-01	1.054968e-01	6.251782e-01	9.050100e-02	1.369771e-02	
20	2.715315e+01	1.279224e+00	8.663458e-01	5.412869e-02	6.525964e-01	2.941503e-02	8.841564e-03	
23	2.456174e+01	1.905586e+00	6.944555e-01	5.952395e-02	5.940323e-01	4.881847e-02	1.839867e-02	
25	2.959489e+01	4.081098e+00	8.028791e-01	9.693323e-02	5.745493e-01	7.342961e-02	1.148053e-02	
26	2.549758e+01	2.683274e+00	8.380917e-01	7.622251e-02	5.431036e-01	5.431036e-02	8.913610e-03	
27	2.807269e+01	4.758500e+00	7.131606e-01	9.442218e-02	5.825646e-01	8.603338e-02	1.693888e-02	
29	2.945162e+01	3.468593e+00	7.419470e-01	9.513889e-02	6.362751e-01	6.947648e-02	1.664392e-02	
30	2.374663e+01	2.877087e+00	8.206919e-01	8.957558e-02	6.117743e-01	7.031669e-02	1.111970e-02	
31	2.435417e+01	2.069279e+00	1.082683e+00	8.671501e-02	6.697339e-01	5.388792e-02	-5.613303e-03	
34	2.449912e+01	7.718461e+00	7.824963e-01	1.719477e-01	6.273531e-01	1.744400e-01	1.383186e-02	
35	2.664800e+01	1.038440e+00	6.399164e-01	3.415897e-02	6.177680e-01	2.317882e-02	2.254917e-02	
37	2.373417e+01	2.192599e+00	8.249036e-01	8.787734e-02	6.208919e-01	5.763320e-02	1.102034e-02	
38	2.513365e+01	1.610247e+00	7.906708e-01	6.252201e-02	5.519054e-01	3.463480e-02	1.171106e-02	
40	2.387383e+01	2.250126e+00	7.860514e-01	8.353696e-02	5.775363e-01	5.537572e-02	1.252537e-02	
41	2.623371e+01	3.376995e+00	8.319075e-01	9.583743e-02	6.385277e-01	7.577437e-02	1.088002e-02	
43	2.481628e+01	2.422909e+00	8.181742e-01	8.012218e-02	6.612185e-01	6.946315e-02	1.218715e-02	
44	1.874195e+01	4.431732e+00	8.610998e-01	9.498590e-02	6.554317e-01	1.079070e-01	9.228521e-03	
45	2.779115e+01	1.343601e+00	7.813524e-01	4.813059e-02	5.984474e-01	2.969397e-02	1.326394e-02	
46	2.716801e+01	4.304064e+00	7.672757e-01	8.335634e-02	5.700924e-01	1.067807e-01	1.344896e-02	
47	2.504258e+01	3.158848e+00	7.691731e-01	1.008935e-01	7.004325e-01	8.604852e-02	1.638908e-02	
48	2.386105e+01	2.743083e+00	7.682533e-01	7.300326e-02	6.199401e-01	7.669636e-02	1.456348e-02	
49	2.297959e+01	1.599986e+00	5.371832e-01	5.331983e-02	5.511616e-01	4.684876e-02	2.585770e-02	
51	2.620841e+01	1.972488e+00	6.445949e-01	6.007936e-02	5.780632e-01	4.533616e-02	2.082576e-02	
52	2.600313e+01	1.239426e+00	7.559831e-01	4.344843e-02	5.721628e-01	2.643084e-02	1.415277e-02	
53	2.934862e+01	4.629035e+00	8.004189e-01	1.309219e-01	6.371907e-01	9.510333e-02	1.289112e-02	
54	2.506492e+01	8.495017e+00	1.354875e+00	3.439388e-01	7.175350e-01	2.414994e-01	-2.581190e-02	
55	2.214807e+01	2.439813e+00	5.919235e-01	7.371521e-02	6.526581e-01	7.135536e-02	2.699785e-02	
56	3.119991e+01	3.694269e+00	9.633417e-01	1.224440e-01	5.536906e-01	6.859118e-02	2.057510e-03	
57	2.319570e+01	1.906199e+00	8.156614e-01	8.931688e-02	6.461389e-01	4.691281e-02	1.207380e-02	
58	2.538572e+01	3.171957e+00	8.393633e-01	1.089771e-01	6.266951e-01	7.461703e-02	1.020476e-02	
60	2.875450e+01	2.133681e+00	7.013224e-01	5.890864e-02	6.033229e-01	4.937629e-02	1.826645e-02	
61	2.218590e+01	1.204208e+00	9.013863e-01	6.992776e-02	5.546756e-01	3.210226e-02	5.544701e-03	
62	2.872486e+01	2.775071e+00	9.806598e-01	1.045962e-01	6.692928e-01	6.039420e-02	1.312135e-03	
63	2.711959e+01	3.915979e+00	8.879488e-01	1.239565e-01	6.699211e-01	9.047783e-02	7.609254e-03	
64	2.740458e+01	2.903265e+00	7.805946e-01	7.900598e-02	5.492915e-01	6.019289e-02	1.221665e-02	
65	2.837708e+01	3.042749e+00	7.219603e-01	8.238991e-02	5.694561e-01	5.966792e-02	1.604977e-02	
66	2.918988e+01	4.475194e+00	8.284357e-01	1.200758e-01	5.814641e-01	8.274077e-02	1.011234e-02	
67	2.392386e+01	3.614560e+00	8.636619e-01	9.299246e-02	6.224311e-01	8.440519e-02	8.602217e-03	
68	3.017915e+01	2.633211e+00	8.153624e-01	8.258169e-02	5.806474e-01	4.490145e-02	1.086762e-02	
69	2.827059e+01	2.883859e+00	7.583881e-01	7.492803e-02	5.953435e-01	5.459040e-02	1.458102e-02	
70	2.646196e+01	1.406978e+00	7.372065e-01	4.975840e-02	5.888973e-01	3.156057e-02	1.568758e-02	
71	2.515763e+01	2.324469e+00	7.998478e-01	7.123776e-02	6.432750e-01	6.069341e-02	1.305145e-02	
72	2.561321e+01	2.128586e+00	7.704703e-01	6.959679e-02	6.223275e-01	5.737185e-02	1.447971e-02	
74	2.456837e+01	1.858208e+00	6.891567e-01	5.859461e-02	6.093380e-01	4.975414e-02	1.920001e-02	
75	1.030545e+01	8.109740e+00	6.271753e-01	1.306602e-01	9.790514e-01	3.602025e-01	3.700088e-02	
76	1.885639e+01	1.819820e+00	3.836237e-01	4.905278e-02	6.450644e-01	7.703070e-02	4.030425e-02	
77	2.341157e+01	1.257259e+00	6.369742e-01	4.660214e-02	6.263038e-01	3.778663e-02	2.304753e-02	
79	2.402841e+01	2.149026e+00	7.126274e-01	7.019366e-02	5.857371e-01	5.572632e-02	1.706279e-02	
81	2.608540e+01	2.597891e+00	7.202263e-01	7.671564e-02	6.092621e-01	6.113613e-02	1.727877e-02	
82	2.593654e+01	2.683140e+00	8.944304e-01	8.239600e-02	6.261268e-01	6.198357e-02	6.700436e-03	
83	2.717918e+01	3.225712e+00	7.532243e-01	9.373131e-02	5.913039e-01	6.956536e-02	1.479160e-02	
84	2.820461e+01	2.755777e+00	8.169450e-01	8.114360e-02	5.952604e-01	6.116021e-02	1.104563e-02	
85	2.439835e+01	1.419693e+00	8.275876e-01	5.542652e-02	5.991469e-01	3.525421e-02	1.047137e-02	
86	2.546022e+01	4.046364e+00	6.426890e-01	7.806541e-02	6.798558e-01	1.133623e-01	2.462436e-02	
87	2.659840e+01	2.818099e+00	6.483310e-01	7.553381e-02	6.824996e-01	7.465565e-02	2.432979e-02	
88	2.708941e+01	1.869832e+00	8.036001e-01	5.761749e-02	6.425226e-01	3.941669e-02	1.279179e-02	
90	2.267950e+01	6.502963e-01	6.459649e-01	3.106282e-02	6.513219e-01	2.283802e-02	2.337458e-02	
92	2.735979e+01	2.675565e+00	8.574736e-01	8.539602e-02	5.839997e-01	5.479604e-02	8.437422e-03	
93	2.403798e+01	1.509019e+00	7.206295e-01	5.811168e-02	6.146625e-01	4.080603e-02	1.740681e-02	
94	2.711097e+01	2.940195e+00	1.035267e+00	1.077068e-01	5.483348e-01	5.815068e-02	-1.960248e-03	
95	2.356120e+01	1.861595e+00	8.138079e-01	6.567742e-02	6.249203e-01	5.074210e-02	1.179472e-02	
96	2.188089e+01	1.693457e+00	7.343042e-01	6.614878e-02	5.502599e-01	4.349258e-02	1.482021e-02	
97	2.649119e+01	2.722439e+00	7.626901e-01	8.175573e-02	5.831364e-01	5.728866e-02	1.402774e-02	
98	2.744574e+01	4.234308e+00	7.321538e-01	8.074505e-02	6.830638e-01	1.156201e-01	1.854593e-02	
99	2.532158e+01	1.356665e+00	7.738438e-01	5.472735e-02	6.813694e-01	3.660060e-02	1.562043e-02	
100	2.393970e+01	1.093641e+00	6.881735e-01	4.976208e-02	6.684244e-01	3.027042e-02	2.112843e-02	
