0	14	R2	1.594300e+01	1.594300e+01	1.195067e-08	2.837631e-15	6.260000e-01
0	16	R2	1.401900e+01	1.401900e+01	1.035675e-08	6.979791e-15	5.090000e-01
0	17	R2	1.390100e+01	1.390100e+01	1.025835e-08	0.000000e+00	5.870000e-01
0	18	R2	1.353100e+01	1.353100e+01	9.949284e-09	3.094698e-15	5.740000e-01
0	19	R2	1.415500e+01	1.415500e+01	1.047005e-08	3.402982e-15	5.220000e-01
0	20	R2	1.364700e+01	1.364700e+01	1.004627e-08	-3.041707e-15	5.840000e-01
0	21	R2	1.349100e+01	1.349100e+01	9.915820e-09	-4.696563e-07	3.760000e-01
0	22	R2	1.097500e+01	1.097500e+01	7.787506e-09	0.000000e+00	6.370000e-01
0	24	R2	1.445400e+01	1.445400e+01	1.071878e-08	0.000000e+00	4.160000e-01
0	25	R2	1.507000e+01	1.507000e+01	1.122971e-08	2.775558e-15	1.280000e+00
0	26	R2	1.408100e+01	1.408100e+01	1.040841e-08	9.017040e-15	3.940000e-01
0	27	R2	1.431000e+01	1.431000e+01	1.059905e-08	-3.552714e-15	5.000000e-01
0	28	R2	1.473100e+01	1.473100e+01	1.094878e-08	1.552759e-15	1.144000e+00
0	29	R2	1.698400e+01	1.698400e+01	1.280618e-08	4.463208e-15	7.960000e-01
0	31	R2	1.396200e+01	1.396200e+01	1.030923e-08	0.000000e+00	3.930000e-01
0	32	R2	1.390000e+01	1.390000e+01	1.025752e-08	-3.524518e-15	5.040000e-01
0	33	R2	1.572700e+01	1.572700e+01	1.177261e-08	3.763468e-15	9.440000e-01
0	34	R2	1.525600e+01	1.525600e+01	1.138361e-08	6.615854e-15	5.370000e-01
0	36	R2	1.466100e+01	1.466100e+01	1.089069e-08	-3.000603e-15	5.920000e-01
0	37	R2	1.422100e+01	1.422100e+01	1.052500e-08	0.000000e+00	4.400000e-01
0	38	R2	1.461900e+01	1.461900e+01	1.085583e-08	9.787090e-15	3.630000e-01
0	39	R2	1.478500e+01	1.478500e+01	1.099357e-08	5.089848e-15	3.490000e-01
0	40	R2	1.186200e+01	1.186200e+01	8.543554e-09	6.832142e-15	2.600000e-01
0	41	R2	1.420100e+01	1.420100e+01	1.050835e-08	5.255494e-15	6.760000e-01
0	42	R2	1.344700e+01	1.344700e+01	9.878998e-09	-4.028020e-15	4.410000e-01
0	52	R2	1.620100e+01	1.620100e+01	1.216310e-08	0.000000e+00	6.050000e-01
0	53	R2	1.374900e+01	1.374900e+01	1.013149e-08	5.786179e-15	3.070000e-01
0	54	R2	1.375100e+01	1.375100e+01	1.013316e-08	0.000000e+00	3.630000e-01
0	55	R2	1.293800e+01	1.293800e+01	9.452109e-09	6.530724e-15	2.720000e-01
0	56	R2	1.383000e+01	1.383000e+01	1.019911e-08	5.119184e-15	3.470000e-01
0	57	R2	1.325100e+01	1.325100e+01	9.714821e-09	-1.387779e-14	2.560000e-01
0	58	R2	1.394100e+01	1.394100e+01	1.029172e-08	0.000000e+00	4.820000e-01
0	60	R2	1.448600e+01	1.448600e+01	1.074537e-08	-1.065814e-14	5.000000e-01
0	61	R2	1.410900e+01	1.410900e+01	1.043174e-08	-8.802513e-07	2.120000e-01
0	62	R2	1.303700e+01	1.303700e+01	9.535275e-09	0.000000e+00	2.640000e-01
0	63	R2	1.394400e+01	1.394400e+01	1.029422e-08	-7.773991e-15	4.570000e-01
0	64	R2	1.385600e+01	1.385600e+01	1.022081e-08	4.724353e-15	3.760000e-01
0	65	R2	1.488600e+01	1.488600e+01	1.107730e-08	0.000000e+00	5.690000e-01
0	66	R2	1.354600e+01	1.354600e+01	9.961830e-09	0.000000e+00	5.180000e-01
0	67	R2	1.310400e+01	1.310400e+01	9.591522e-09	6.779988e-15	5.240000e-01
0	68	R2	1.339100e+01	1.339100e+01	9.832116e-09	3.429260e-15	5.180000e-01
0	73	R2	1.504200e+01	1.504200e+01	1.120653e-08	-3.787541e-15	4.690000e-01
0	78	R2	1.355200e+01	1.355200e+01	9.966848e-09	2.161018e-15	8.220000e-01
0	79	R2	1.457600e+01	1.457600e+01	1.082013e-08	-4.662354e-15	3.810000e-01
0	81	R2	1.358400e+01	1.358400e+01	9.993608e-09	3.921318e-15	4.530000e-01
0	82	R2	1.688400e+01	1.688400e+01	1.272417e-08	0.000000e+00	1.556000e+00
0	83	R2	1.725200e+01	1.725200e+01	1.302577e-08	0.000000e+00	1.801000e+00
0	84	R2	1.616900e+01	1.616900e+01	1.213677e-08	0.000000e+00	6.170000e-01
0	86	R2	1.259700e+01	1.259700e+01	9.165116e-09	0.000000e+00	6.110000e-01
0	87	R2	1.361400e+01	1.361400e+01	1.001869e-08	0.000000e+00	3.370000e-01
0	88	R2	1.405200e+01	1.405200e+01	1.038425e-08	0.000000e+00	9.180000e-01
0	89	R2	1.379700e+01	1.379700e+01	1.017156e-08	-5.017957e-15	3.540000e-01
0	92	R2	1.386600e+01	1.386600e+01	1.022915e-08	0.000000e+00	3.980000e-01
0	93	R2	1.363000e+01	1.363000e+01	1.003206e-08	-3.581365e-15	4.960000e-01
0	94	R2	1.409200e+01	1.409200e+01	1.041758e-08	-3.956251e-15	4.490000e-01
0	96	R2	1.493300e+01	1.493300e+01	1.111625e-08	6.471245e-15	5.490000e-01
0	97	R2	1.467600e+01	1.467600e+01	1.090314e-08	3.731842e-15	4.760000e-01
0	98	R2	1.570400e+01	1.570400e+01	1.175364e-08	1.149746e-14	3.090000e-01
0	101	R2	1.420500e+01	1.420500e+01	1.051168e-08	-4.578239e-15	3.880000e-01
0	102	R2	1.527100e+01	1.527100e+01	1.139602e-08	3.503662e-15	5.070000e-01
0	104	R2	1.467500e+01	1.467500e+01	1.090231e-08	0.000000e+00	2.490000e-01
0	105	R2	1.459900e+01	1.459900e+01	1.083923e-08	5.711758e-15	3.110000e-01
0	107	R2	1.344400e+01	1.344400e+01	9.876487e-09	0.000000e+00	2.490000e-01
0	108	R2	1.442600e+01	1.442600e+01	1.069551e-08	-5.286776e-15	3.360000e-01
0	110	R2	1.567600e+01	1.567600e+01	1.173054e-08	-5.675261e-15	3.130000e-01
0	111	R2	1.560400e+01	1.560400e+01	1.167112e-08	4.554761e-15	3.900000e-01
0	112	R2	1.484500e+01	1.484500e+01	1.104332e-08	-3.708469e-15	4.790000e-01
0	113	R2	1.556300e+01	1.556300e+01	1.163728e-08	3.929993e-15	4.520000e-01
0	114	R2	1.468800e+01	1.468800e+01	1.091310e-08	6.436076e-15	2.760000e-01
0	115	R2	1.641600e+01	1.641600e+01	1.233991e-08	-7.526936e-15	4.720000e-01
0	116	R2	1.379000e+01	1.379000e+01	1.016572e-08	0.000000e+00	3.430000e-01
0	117	R2	1.109300e+01	1.109300e+01	7.888485e-09	-8.971499e-15	1.980000e-01
0	118	R2	1.209200e+01	1.209200e+01	8.738512e-09	7.191728e-15	2.470000e-01
0	120	R2	1.025400e+01	1.025400e+01	7.167707e-09	0.000000e+00	2.870000e-01
0	121	R2	9.864000e+00	9.864000e+00	6.830401e-09	-8.328390e-07	1.410000e-01
0	122	R2	1.049600e+01	1.049600e+01	7.376284e-09	0.000000e+00	3.070000e-01
0	124	R2	1.289000e+01	1.289000e+01	9.411761e-09	-5.516636e-15	3.220000e-01
0	126	R2	1.256000e+01	1.256000e+01	9.133926e-09	0.000000e+00	3.110000e-01
0	127	R2	1.289200e+01	1.289200e+01	9.413443e-09	-4.150366e-15	4.280000e-01
0	128	R2	1.384000e+01	1.384000e+01	1.020746e-08	0.000000e+00	5.610000e-01
0	129	R2	1.338100e+01	1.338100e+01	9.823742e-09	1.377021e-14	3.870000e-01
0	130	R2	1.459700e+01	1.459700e+01	1.083757e-08	2.980464e-15	5.960000e-01
0	131	R2	1.524000e+01	1.524000e+01	1.137038e-08	-3.524518e-15	5.040000e-01
0	132	R2	1.489600e+01	1.489600e+01	1.108559e-08	-7.623849e-15	4.660000e-01
0	133	R2	1.471300e+01	1.471300e+01	1.093384e-08	4.508520e-15	3.940000e-01
0	134	R2	1.277900e+01	1.277900e+01	9.318395e-09	0.000000e+00	2.030000e-01
0	135	R2	1.440100e+01	1.440100e+01	1.067473e-08	0.000000e+00	4.060000e-01
0	136	R2	1.384800e+01	1.384800e+01	1.021413e-08	5.432284e-15	3.270000e-01
0	137	R2	1.367500e+01	1.367500e+01	1.006967e-08	-6.554822e-15	2.710000e-01
0	138	R2	1.636900e+01	1.636900e+01	1.230128e-08	-2.465450e-15	1.441000e+00
0	139	R2	1.329600e+01	1.329600e+01	9.752537e-09	3.183435e-15	5.580000e-01
0	141	R2	1.421800e+01	1.421800e+01	1.052250e-08	4.280378e-15	4.150000e-01
0	143	R2	1.379500e+01	1.379500e+01	1.016989e-08	-4.554761e-15	3.900000e-01
0	144	R2	1.395600e+01	1.395600e+01	1.030422e-08	0.000000e+00	3.620000e-01
0	145	R2	1.523600e+01	1.523600e+01	1.136707e-08	-5.533822e-15	3.210000e-01
0	146	R2	1.508100e+01	1.508100e+01	1.123882e-08	7.105427e-15	2.500000e-01
0	147	R2	1.496100e+01	1.496100e+01	1.113945e-08	-6.483054e-15	2.740000e-01
0	148	R2	1.496700e+01	1.496700e+01	1.114442e-08	-6.703233e-15	2.650000e-01
0	149	R2	1.516200e+01	1.516200e+01	1.130586e-08	-6.530724e-15	2.720000e-01
0	150	R2	1.443300e+01	1.443300e+01	1.070133e-08	0.000000e+00	2.570000e-01
0	152	R2	1.448000e+01	1.448000e+01	1.074039e-08	0.000000e+00	3.680000e-01
0	153	R2	1.441500e+01	1.441500e+01	1.068636e-08	-5.921189e-15	3.000000e-01
0	154	R2	1.372100e+01	1.372100e+01	1.010810e-08	-1.038805e-14	3.420000e-01
0	156	R2	1.303400e+01	1.303400e+01	9.532756e-09	5.366637e-15	3.310000e-01
0	159	R2	1.367600e+01	1.367600e+01	1.007051e-08	4.343171e-15	4.090000e-01
0	160	R2	1.396800e+01	1.396800e+01	1.031423e-08	-3.912680e-15	4.540000e-01
0	161	R2	1.443400e+01	1.443400e+01	1.070216e-08	3.965082e-15	4.480000e-01
0	162	R2	1.319000e+01	1.319000e+01	9.663674e-09	3.700743e-15	4.800000e-01
0	163	R2	1.484900e+01	1.484900e+01	1.104663e-08	8.223874e-15	4.320000e-01
0	164	R2	1.274000e+01	1.274000e+01	9.285570e-09	8.223874e-15	2.160000e-01
0	165	R2	1.349200e+01	1.349200e+01	9.916657e-09	4.092988e-15	4.340000e-01
0	166	R2	1.455400e+01	1.455400e+01	1.080186e-08	-5.824121e-15	3.050000e-01
0	167	R2	1.390100e+01	1.390100e+01	1.025835e-08	0.000000e+00	2.870000e-01
0	168	R2	1.469700e+01	1.469700e+01	1.092057e-08	-5.901518e-15	3.010000e-01
0	169	R2	1.448100e+01	1.448100e+01	1.074122e-08	-5.003822e-15	3.550000e-01
0	170	R2	1.429700e+01	1.429700e+01	1.058824e-08	0.000000e+00	4.050000e-01
0	171	R2	1.489500e+01	1.489500e+01	1.108476e-08	-4.332578e-15	4.100000e-01
0	172	R2	1.526900e+01	1.526900e+01	1.139437e-08	-4.813975e-15	3.690000e-01
0	173	R2	1.456300e+01	1.456300e+01	1.080933e-08	-5.533822e-15	3.210000e-01
0	174	R2	1.482900e+01	1.482900e+01	1.103005e-08	0.000000e+00	3.540000e-01
0	176	R2	1.469100e+01	1.469100e+01	1.091559e-08	5.940993e-15	2.990000e-01
0	177	R2	1.425900e+01	1.425900e+01	1.055662e-08	3.693050e-15	4.810000e-01
0	179	R2	1.548000e+01	1.548000e+01	1.156874e-08	4.429818e-15	4.010000e-01
0	180	R2	1.437700e+01	1.437700e+01	1.065477e-08	-5.003822e-15	3.550000e-01
0	181	R2	1.466000e+01	1.466000e+01	1.088986e-08	0.000000e+00	5.250000e-01
0	182	R2	1.447400e+01	1.447400e+01	1.073540e-08	5.017957e-15	3.540000e-01
0	183	R2	1.173400e+01	1.173400e+01	8.434868e-09	-1.776357e-14	2.000000e-01


1	14	NOE	5.370000e-01	5.370000e-01	2.369665e-09	1.370646e-15	8.100000e-02
1	16	NOE	7.320000e-01	7.320000e-01	4.314785e-09	0.000000e+00	6.400000e-02
1	17	NOE	8.910000e-01	8.214914e-01	3.780185e-05	9.393059e-01	7.400000e-02
1	18	NOE	7.710000e-01	7.710000e-01	5.767929e-09	-1.790682e-15	6.200000e-02
1	19	NOE	8.370000e-01	8.214914e-01	2.493606e-05	2.184315e-01	7.100000e-02
1	20	NOE	8.890000e-01	8.214914e-01	3.951940e-05	8.036742e-01	8.400000e-02
1	21	NOE	8.190000e-01	8.190000e-01	2.609626e-08	0.000000e+00	5.000000e-02
1	22	NOE	4.880000e-01	4.880000e-01	2.176814e-09	1.220025e-15	9.100000e-02
1	24	NOE	8.510000e-01	8.214914e-01	3.793847e-05	4.404274e-01	6.700000e-02
1	25	NOE	7.080000e-01	7.080000e-01	3.821785e-09	0.000000e+00	1.100000e-01
1	26	NOE	9.400000e-01	8.214914e-01	2.584004e-05	1.795585e+00	6.600000e-02
1	27	NOE	6.940000e-01	6.940000e-01	3.600490e-09	1.947760e-15	5.700000e-02
1	28	NOE	9.010000e-01	8.214914e-01	3.299867e-05	7.294370e-01	1.090000e-01
1	29	NOE	8.960000e-01	8.214914e-01	2.150184e-05	9.086419e-01	8.200000e-02
1	31	NOE	8.340000e-01	8.214914e-01	3.875740e-05	2.405507e-01	5.200000e-02
1	32	NOE	7.560000e-01	7.560000e-01	5.056548e-09	-3.008340e-08	6.400000e-02
1	33	NOE	8.540000e-01	8.214914e-01	3.608543e-05	2.982444e-01	1.090000e-01
1	34	NOE	8.200000e-01	8.200000e-01	3.373261e-08	1.914178e-15	5.800000e-02
1	36	NOE	6.770000e-01	6.770000e-01	3.375937e-09	0.000000e+00	6.300000e-02
1	37	NOE	8.330000e-01	8.214914e-01	3.016914e-05	2.055114e-01	5.600000e-02
1	38	NOE	8.730000e-01	8.214914e-01	2.529617e-05	1.009973e+00	5.100000e-02
1	39	NOE	7.780000e-01	7.780000e-01	6.219344e-09	-2.312965e-15	4.800000e-02
1	40	NOE	6.440000e-01	6.440000e-01	3.035227e-09	-2.775558e-15	4.000000e-02
1	41	NOE	7.580000e-01	7.580000e-01	5.136649e-09	-2.277225e-08	8.200000e-02
1	42	NOE	6.690000e-01	6.690000e-01	3.283382e-09	-1.820038e-15	6.100000e-02
1	52	NOE	8.260000e-01	8.214914e-01	2.958264e-05	6.630348e-02	6.800000e-02
1	53	NOE	7.640000e-01	7.640000e-01	5.401433e-09	2.523234e-15	4.400000e-02
1	54	NOE	7.570000e-01	7.570000e-01	5.096135e-09	-2.265761e-15	4.900000e-02
1	55	NOE	7.510000e-01	7.510000e-01	4.871360e-09	-2.581914e-15	4.300000e-02
1	56	NOE	7.380000e-01	7.380000e-01	4.469960e-09	0.000000e+00	4.400000e-02
1	57	NOE	7.740000e-01	7.740000e-01	5.949183e-09	-2.775558e-15	4.000000e-02
1	58	NOE	8.600000e-01	8.214914e-01	3.067845e-05	6.418106e-01	6.000000e-02
1	60	NOE	8.210000e-01	8.210000e-01	5.877392e-08	0.000000e+00	6.400000e-02
1	61	NOE	8.130000e-01	8.130000e-01	1.412663e-08	0.000000e+00	3.700000e-02
1	62	NOE	7.450000e-01	7.450000e-01	4.673456e-09	2.467162e-15	4.500000e-02
1	63	NOE	7.660000e-01	7.660000e-01	5.499061e-09	-1.609019e-15	6.900000e-02
1	64	NOE	7.690000e-01	7.690000e-01	5.655795e-09	2.055969e-15	5.400000e-02
1	65	NOE	7.820000e-01	7.820000e-01	6.529446e-09	0.000000e+00	6.000000e-02
1	66	NOE	7.580000e-01	7.580000e-01	5.136649e-09	-2.964007e-08	6.300000e-02
1	67	NOE	7.880000e-01	7.880000e-01	7.094678e-09	0.000000e+00	6.100000e-02
1	68	NOE	7.970000e-01	7.970000e-01	8.304231e-09	0.000000e+00	6.500000e-02
1	73	NOE	7.920000e-01	7.920000e-01	7.563670e-09	-1.762259e-15	6.300000e-02
1	78	NOE	6.640000e-01	6.640000e-01	3.229114e-09	1.405346e-15	7.900000e-02
1	79	NOE	7.550000e-01	7.550000e-01	5.017853e-09	1.762259e-15	6.300000e-02
1	81	NOE	7.660000e-01	7.660000e-01	5.499061e-09	-1.708035e-15	6.500000e-02
1	82	NOE	7.780000e-01	7.780000e-01	6.219344e-09	-8.953411e-16	1.240000e-01
1	83	NOE	8.380000e-01	8.214914e-01	2.578095e-05	1.320691e-01	1.250000e-01
1	84	NOE	6.950000e-01	6.950000e-01	3.615079e-09	-5.372047e-15	6.200000e-02
1	86	NOE	6.120000e-01	6.120000e-01	2.784177e-09	-1.632681e-15	6.800000e-02
1	87	NOE	7.760000e-01	7.760000e-01	6.079823e-09	1.982541e-15	5.600000e-02
1	88	NOE	7.660000e-01	7.660000e-01	5.499061e-09	-1.276118e-15	8.700000e-02
1	89	NOE	7.830000e-01	7.830000e-01	6.614409e-09	-2.413528e-15	4.600000e-02
1	92	NOE	7.270000e-01	7.270000e-01	4.196861e-09	1.982541e-15	5.600000e-02
1	93	NOE	8.320000e-01	8.214914e-01	4.189521e-05	1.722727e-01	6.100000e-02
1	94	NOE	8.920000e-01	8.214914e-01	2.426690e-05	1.119185e+00	6.300000e-02
1	96	NOE	8.810000e-01	8.214914e-01	5.595897e-05	8.624440e-01	6.900000e-02
1	97	NOE	8.030000e-01	8.030000e-01	9.562957e-09	0.000000e+00	5.800000e-02
1	98	NOE	7.890000e-01	7.890000e-01	7.203778e-09	0.000000e+00	3.900000e-02
1	101	NOE	9.240000e-01	8.214914e-01	3.640788e-05	1.553161e+00	6.600000e-02
1	102	NOE	9.560000e-01	8.214914e-01	2.401097e-05	1.868176e+00	7.200000e-02
1	104	NOE	8.380000e-01	8.214914e-01	2.578095e-05	4.232984e-01	3.900000e-02
1	105	NOE	8.020000e-01	8.020000e-01	9.313447e-09	0.000000e+00	4.700000e-02
1	107	NOE	8.290000e-01	8.214914e-01	4.116215e-05	1.668586e-01	4.500000e-02
1	108	NOE	8.420000e-01	8.214914e-01	2.772714e-05	3.797896e-01	5.400000e-02
1	110	NOE	8.170000e-01	8.170000e-01	1.943202e-08	0.000000e+00	4.700000e-02
1	111	NOE	7.490000e-01	7.490000e-01	4.802682e-09	-2.413528e-15	4.600000e-02
1	112	NOE	8.240000e-01	8.214914e-01	3.036998e-05	3.919745e-02	6.400000e-02
1	113	NOE	8.130000e-01	8.130000e-01	1.412663e-08	0.000000e+00	5.600000e-02
1	114	NOE	7.510000e-01	7.510000e-01	4.871360e-09	-2.707861e-15	4.100000e-02
1	115	NOE	7.510000e-01	7.510000e-01	4.871360e-09	-1.881734e-15	5.900000e-02
1	116	NOE	7.970000e-01	7.970000e-01	8.304231e-09	0.000000e+00	5.100000e-02
1	117	NOE	5.720000e-01	5.720000e-01	2.540165e-09	3.172066e-15	3.500000e-02
1	118	NOE	6.150000e-01	6.150000e-01	2.805240e-09	2.775558e-15	4.000000e-02
1	120	NOE	5.220000e-01	5.220000e-01	2.305741e-09	0.000000e+00	4.500000e-02
1	121	NOE	5.020000e-01	5.020000e-01	2.227463e-09	-8.540177e-15	2.600000e-02
1	122	NOE	5.530000e-01	5.530000e-01	2.443547e-09	-2.220446e-15	5.000000e-02
1	124	NOE	7.950000e-01	7.950000e-01	7.982950e-09	0.000000e+00	5.000000e-02
1	126	NOE	7.030000e-01	7.030000e-01	3.738298e-09	2.581914e-15	4.300000e-02
1	127	NOE	8.200000e-01	8.200000e-01	3.373261e-08	1.914178e-15	5.800000e-02
1	128	NOE	7.880000e-01	7.880000e-01	7.094678e-09	0.000000e+00	7.000000e-02
1	129	NOE	8.070000e-01	8.070000e-01	1.080693e-08	-8.280413e-09	5.200000e-02
1	130	NOE	7.690000e-01	7.690000e-01	5.655795e-09	1.609019e-15	6.900000e-02
1	131	NOE	8.510000e-01	8.214914e-01	3.793847e-05	5.087696e-01	5.800000e-02
1	132	NOE	8.060000e-01	8.060000e-01	1.045122e-08	0.000000e+00	5.600000e-02
1	133	NOE	8.130000e-01	8.130000e-01	1.412663e-08	0.000000e+00	5.400000e-02
1	134	NOE	7.810000e-01	7.810000e-01	6.447642e-09	2.921640e-15	3.800000e-02
1	135	NOE	8.520000e-01	8.214914e-01	2.843032e-05	5.352392e-01	5.700000e-02
1	136	NOE	8.240000e-01	8.214914e-01	3.036998e-05	5.017273e-02	5.000000e-02
1	137	NOE	9.020000e-01	8.214914e-01	5.082585e-05	1.829742e+00	4.400000e-02
1	138	NOE	7.360000e-01	7.360000e-01	4.416434e-09	-1.067522e-15	1.040000e-01
1	139	NOE	6.900000e-01	6.900000e-01	3.543795e-09	1.850372e-15	6.000000e-02
1	141	NOE	7.650000e-01	7.650000e-01	5.449602e-09	0.000000e+00	5.000000e-02
1	143	NOE	7.370000e-01	7.370000e-01	4.442961e-09	0.000000e+00	4.600000e-02
1	144	NOE	8.820000e-01	8.214914e-01	2.711929e-05	1.080511e+00	5.600000e-02
1	145	NOE	7.500000e-01	7.500000e-01	4.836663e-09	0.000000e+00	4.100000e-02
1	146	NOE	7.830000e-01	7.830000e-01	6.614409e-09	-2.921640e-15	3.800000e-02
1	147	NOE	8.810000e-01	8.214914e-01	5.595897e-05	1.239763e+00	4.800000e-02
1	148	NOE	7.730000e-01	7.730000e-01	5.886906e-09	2.846726e-15	3.900000e-02
1	149	NOE	7.290000e-01	7.290000e-01	4.242890e-09	0.000000e+00	3.600000e-02
1	150	NOE	7.300000e-01	7.300000e-01	4.266464e-09	0.000000e+00	3.500000e-02
1	152	NOE	7.640000e-01	7.640000e-01	5.401433e-09	2.581914e-15	4.300000e-02
1	153	NOE	8.040000e-01	8.040000e-01	9.833541e-09	0.000000e+00	4.400000e-02
1	154	NOE	7.930000e-01	7.930000e-01	7.696062e-09	2.265761e-15	4.900000e-02
1	156	NOE	8.550000e-01	8.214914e-01	3.134744e-05	6.205303e-01	5.400000e-02
1	159	NOE	8.590000e-01	8.214914e-01	3.670896e-05	6.148957e-01	6.100000e-02
1	160	NOE	8.200000e-01	8.200000e-01	3.373261e-08	1.850372e-15	6.000000e-02
1	161	NOE	8.700000e-01	8.214914e-01	2.316575e-05	7.133623e-01	6.800000e-02
1	162	NOE	8.440000e-01	8.214914e-01	3.279747e-05	3.262121e-01	6.900000e-02
1	163	NOE	8.250000e-01	8.214914e-01	3.392159e-05	6.265422e-02	5.600000e-02
1	164	NOE	7.910000e-01	7.910000e-01	7.437832e-09	3.000603e-15	3.700000e-02
1	165	NOE	7.870000e-01	7.870000e-01	6.990345e-09	0.000000e+00	5.200000e-02
1	166	NOE	8.130000e-01	8.130000e-01	1.412663e-08	0.000000e+00	4.600000e-02
1	167	NOE	7.700000e-01	7.700000e-01	5.711048e-09	0.000000e+00	4.000000e-02
1	168	NOE	8.050000e-01	8.050000e-01	1.012835e-08	0.000000e+00	4.200000e-02
1	169	NOE	7.330000e-01	7.330000e-01	4.339554e-09	2.362177e-15	4.700000e-02
1	170	NOE	8.080000e-01	8.080000e-01	1.120145e-08	-7.565127e-09	5.300000e-02
1	171	NOE	7.970000e-01	7.970000e-01	8.304231e-09	0.000000e+00	4.900000e-02
1	172	NOE	8.250000e-01	8.214914e-01	3.392159e-05	7.974173e-02	4.400000e-02
1	173	NOE	8.310000e-01	8.214914e-01	2.466378e-05	2.161054e-01	4.400000e-02
1	174	NOE	8.260000e-01	8.214914e-01	2.958264e-05	1.001919e-01	4.500000e-02
1	176	NOE	8.270000e-01	8.214914e-01	2.557036e-05	1.281078e-01	4.300000e-02
1	177	NOE	8.400000e-01	8.214914e-01	2.447318e-05	2.847483e-01	6.500000e-02
1	179	NOE	8.060000e-01	8.060000e-01	1.045122e-08	0.000000e+00	5.400000e-02
1	180	NOE	8.010000e-01	8.010000e-01	9.082408e-09	0.000000e+00	5.500000e-02
1	181	NOE	7.590000e-01	7.590000e-01	5.178128e-09	1.657049e-15	6.700000e-02
1	182	NOE	8.280000e-01	8.214914e-01	1.952195e-05	1.016975e-01	6.400000e-02
1	183	NOE	5.780000e-01	5.780000e-01	2.572957e-09	-3.083953e-15	3.600000e-02


2	14	R1	1.435000e+00	1.435000e+00	1.262985e-08	5.286776e-15	8.400000e-02
2	16	R1	1.426000e+00	1.426000e+00	1.271975e-08	0.000000e+00	8.700000e-02
2	17	R1	1.333000e+00	1.333000e+00	1.371476e-08	2.413528e-15	9.200000e-02
2	18	R1	1.395000e+00	1.395000e+00	1.303763e-08	4.270089e-15	1.040000e-01
2	19	R1	1.321000e+00	1.321000e+00	1.385269e-08	2.467162e-15	9.000000e-02
2	20	R1	1.396000e+00	1.396000e+00	1.302717e-08	0.000000e+00	1.080000e-01
2	21	R1	1.372000e+00	1.372000e+00	1.328213e-08	-3.218038e-15	6.900000e-02
2	22	R1	1.844000e+00	1.844000e+00	9.398526e-09	-1.414297e-15	1.570000e-01
2	24	R1	1.439000e+00	1.439000e+00	1.259023e-08	-6.254778e-15	7.100000e-02
2	25	R1	1.879000e+00	1.879000e+00	9.180190e-09	7.116814e-16	3.120000e-01
2	26	R1	1.402000e+00	1.402000e+00	1.296471e-08	-7.049035e-15	6.300000e-02
2	27	R1	1.524000e+00	1.524000e+00	1.179390e-08	2.312965e-15	9.600000e-02
2	28	R1	1.459000e+00	1.459000e+00	1.239516e-08	2.265761e-15	1.960000e-01
2	29	R1	1.423000e+00	1.423000e+00	1.274995e-08	4.074213e-15	1.090000e-01
2	31	R1	1.457000e+00	1.457000e+00	1.241445e-08	6.344132e-15	7.000000e-02
2	32	R1	1.379000e+00	1.379000e+00	1.320691e-08	0.000000e+00	8.900000e-02
2	33	R1	1.466000e+00	1.466000e+00	1.232805e-08	5.593063e-16	3.970000e-01
2	34	R1	1.546000e+00	1.546000e+00	1.160092e-08	5.482583e-15	8.100000e-02
2	36	R1	1.352000e+00	1.352000e+00	1.350107e-08	2.176908e-15	1.020000e-01
2	37	R1	1.274000e+00	1.274000e+00	1.441652e-08	3.041707e-15	7.300000e-02
2	38	R1	1.419000e+00	1.419000e+00	1.279040e-08	7.049035e-15	6.300000e-02
2	39	R1	1.348000e+00	1.348000e+00	1.354558e-08	4.037175e-15	5.500000e-02
2	40	R1	1.331000e+00	1.331000e+00	1.373758e-08	-4.531523e-15	4.900000e-02
2	41	R1	1.380000e+00	1.380000e+00	1.319623e-08	0.000000e+00	1.230000e-01
2	42	R1	1.498000e+00	1.498000e+00	1.202864e-08	-5.163828e-15	8.600000e-02
2	52	R1	1.422000e+00	1.422000e+00	1.276004e-08	-2.362177e-15	9.400000e-02
2	53	R1	1.341000e+00	1.341000e+00	1.362409e-08	0.000000e+00	4.900000e-02
2	54	R1	1.456000e+00	1.456000e+00	1.242411e-08	3.640075e-15	6.100000e-02
2	55	R1	1.369000e+00	1.369000e+00	1.331459e-08	1.417306e-14	4.700000e-02
2	56	R1	1.351000e+00	1.351000e+00	1.351217e-08	3.828355e-15	5.800000e-02
2	57	R1	1.204000e+00	1.204000e+00	1.533339e-08	-1.032766e-14	4.300000e-02
2	58	R1	1.281000e+00	1.281000e+00	1.433006e-08	2.675236e-15	8.300000e-02
2	60	R1	1.361000e+00	1.361000e+00	1.340180e-08	-5.482583e-15	8.100000e-02
2	61	R1	1.306000e+00	1.306000e+00	1.402847e-08	-6.167906e-15	-3.600000e-02
2	62	R1	1.238000e+00	1.238000e+00	1.487574e-08	0.000000e+00	4.400000e-02
2	63	R1	1.350000e+00	1.350000e+00	1.352329e-08	-3.000603e-15	7.400000e-02
2	64	R1	1.301000e+00	1.301000e+00	1.408792e-08	3.581365e-15	6.200000e-02
2	65	R1	1.416000e+00	1.416000e+00	1.282087e-08	-2.440051e-15	9.100000e-02
2	66	R1	1.508000e+00	1.508000e+00	1.193748e-08	-2.135044e-15	2.080000e-01
2	67	R1	1.422000e+00	1.422000e+00	1.276004e-08	2.289120e-15	9.700000e-02
2	68	R1	1.409000e+00	1.409000e+00	1.289246e-08	4.724353e-15	9.400000e-02
2	73	R1	1.488000e+00	1.488000e+00	1.212094e-08	0.000000e+00	7.200000e-02
2	78	R1	1.347000e+00	1.347000e+00	1.355675e-08	0.000000e+00	1.490000e-01
2	79	R1	1.373000e+00	1.373000e+00	1.327134e-08	0.000000e+00	6.400000e-02
2	81	R1	1.524000e+00	1.524000e+00	1.179390e-08	0.000000e+00	8.400000e-02
2	82	R1	1.326000e+00	1.326000e+00	1.379493e-08	-7.526936e-16	2.950000e-01
2	83	R1	1.270000e+00	1.270000e+00	1.446632e-08	0.000000e+00	2.110000e-01
2	84	R1	1.381000e+00	1.381000e+00	1.318555e-08	2.552237e-15	8.700000e-02
2	86	R1	1.328000e+00	1.328000e+00	1.377194e-08	0.000000e+00	1.120000e-01
2	87	R1	1.399000e+00	1.399000e+00	1.299588e-08	7.656711e-15	5.800000e-02
2	88	R1	1.272000e+00	1.272000e+00	1.444138e-08	-1.396507e-15	1.590000e-01
2	89	R1	1.308000e+00	1.308000e+00	1.400482e-08	7.049035e-15	6.300000e-02
2	92	R1	1.330000e+00	1.330000e+00	1.374902e-08	-3.127389e-15	7.100000e-02
2	93	R1	1.385000e+00	1.385000e+00	1.314301e-08	0.000000e+00	8.400000e-02
2	94	R1	1.522000e+00	1.522000e+00	1.181170e-08	-2.741291e-15	8.100000e-02
2	96	R1	1.433000e+00	1.433000e+00	1.264974e-08	2.176214e-07	8.700000e-02
2	97	R1	1.416000e+00	1.416000e+00	1.282087e-08	6.001206e-15	7.400000e-02
2	98	R1	1.344000e+00	1.344000e+00	1.359035e-08	-4.934325e-15	4.500000e-02
2	101	R1	1.305000e+00	1.305000e+00	1.404033e-08	0.000000e+00	6.500000e-02
2	102	R1	1.322000e+00	1.322000e+00	1.384111e-08	-5.350472e-15	8.300000e-02
2	104	R1	1.360000e+00	1.360000e+00	1.341277e-08	5.551115e-15	4.000000e-02
2	105	R1	1.297000e+00	1.297000e+00	1.413578e-08	-8.707632e-15	5.100000e-02
2	107	R1	1.266000e+00	1.266000e+00	1.451642e-08	-5.163828e-15	4.300000e-02
2	108	R1	1.297000e+00	1.297000e+00	1.413578e-08	-4.189521e-15	5.300000e-02
2	110	R1	1.255000e+00	1.255000e+00	1.465577e-08	0.000000e+00	5.100000e-02
2	111	R1	1.348000e+00	1.348000e+00	1.354558e-08	-7.791039e-15	5.700000e-02
2	112	R1	1.287000e+00	1.287000e+00	1.425667e-08	2.675236e-15	8.300000e-02
2	113	R1	1.319000e+00	1.319000e+00	1.387591e-08	0.000000e+00	6.700000e-02
2	114	R1	1.297000e+00	1.297000e+00	1.413578e-08	5.046468e-15	4.400000e-02
2	115	R1	1.369000e+00	1.369000e+00	1.331459e-08	0.000000e+00	6.800000e-02
2	116	R1	1.320000e+00	1.320000e+00	1.386430e-08	-3.965082e-15	5.600000e-02
2	117	R1	1.462000e+00	1.462000e+00	1.236633e-08	0.000000e+00	4.400000e-02
2	118	R1	1.503000e+00	1.503000e+00	1.198292e-08	-9.654113e-15	4.600000e-02
2	120	R1	1.347000e+00	1.347000e+00	1.355675e-08	0.000000e+00	6.200000e-02
2	121	R1	1.424000e+00	1.424000e+00	1.273987e-08	5.889399e-07	3.200000e-02
2	122	R1	1.450000e+00	1.450000e+00	1.248233e-08	3.031042e-07	6.300000e-02
2	124	R1	1.414000e+00	1.414000e+00	1.284126e-08	3.828355e-15	5.800000e-02
2	126	R1	1.388000e+00	1.388000e+00	1.311124e-08	4.353816e-15	5.100000e-02
2	127	R1	1.434000e+00	1.434000e+00	1.263979e-08	4.827057e-15	9.200000e-02
2	128	R1	1.352000e+00	1.352000e+00	1.350107e-08	-2.312965e-15	9.600000e-02
2	129	R1	1.490000e+00	1.490000e+00	1.210239e-08	5.621382e-15	7.900000e-02
2	130	R1	1.197000e+00	1.197000e+00	1.543068e-08	0.000000e+00	1.900000e-01
2	131	R1	1.335000e+00	1.335000e+00	1.369199e-08	-2.921640e-15	7.600000e-02
2	132	R1	1.509000e+00	1.509000e+00	1.192842e-08	-5.843279e-15	7.600000e-02
2	133	R1	1.361000e+00	1.361000e+00	1.340180e-08	-6.938894e-15	6.400000e-02
2	134	R1	1.266000e+00	1.266000e+00	1.451642e-08	0.000000e+00	3.300000e-02
2	135	R1	1.420000e+00	1.420000e+00	1.278026e-08	0.000000e+00	6.900000e-02
2	136	R1	1.312000e+00	1.312000e+00	1.395771e-08	-4.353816e-15	5.100000e-02
2	137	R1	1.449000e+00	1.449000e+00	1.249207e-08	0.000000e+00	5.100000e-02
2	138	R1	1.376000e+00	1.376000e+00	1.323906e-08	0.000000e+00	2.140000e-01
2	139	R1	1.265000e+00	1.265000e+00	1.452900e-08	2.155773e-15	1.030000e-01
2	141	R1	1.337000e+00	1.337000e+00	1.366929e-08	0.000000e+00	6.500000e-02
2	143	R1	1.299000e+00	1.299000e+00	1.411181e-08	-3.416071e-15	6.500000e-02
2	144	R1	1.418000e+00	1.418000e+00	1.280054e-08	-3.965082e-15	5.600000e-02
2	145	R1	1.314000e+00	1.314000e+00	1.393425e-08	-4.531523e-15	4.900000e-02
2	146	R1	1.283000e+00	1.283000e+00	1.430553e-08	1.110223e-14	4.000000e-02
2	147	R1	1.356000e+00	1.356000e+00	1.345680e-08	-4.625929e-15	4.800000e-02
2	148	R1	1.362000e+00	1.362000e+00	1.339085e-08	-5.163828e-15	4.300000e-02
2	149	R1	1.309000e+00	1.309000e+00	1.399301e-08	5.415722e-15	4.100000e-02
2	150	R1	1.304000e+00	1.304000e+00	1.405220e-08	-1.057355e-14	4.200000e-02
2	152	R1	1.334000e+00	1.334000e+00	1.370337e-08	3.895519e-15	5.700000e-02
2	153	R1	1.279000e+00	1.279000e+00	1.435467e-08	4.531523e-15	4.900000e-02
2	154	R1	1.267000e+00	1.267000e+00	1.450387e-08	3.700743e-15	6.000000e-02
2	156	R1	1.409000e+00	1.409000e+00	1.289246e-08	3.581365e-15	6.200000e-02
2	159	R1	1.355000e+00	1.355000e+00	1.346784e-08	3.041707e-15	7.300000e-02
2	160	R1	1.457000e+00	1.457000e+00	1.241445e-08	2.467162e-15	9.000000e-02
2	161	R1	1.255000e+00	1.255000e+00	1.465577e-08	0.000000e+00	7.300000e-02
2	162	R1	1.360000e+00	1.360000e+00	1.341277e-08	2.612289e-15	8.500000e-02
2	163	R1	1.428000e+00	1.428000e+00	1.269968e-08	0.000000e+00	7.000000e-02
2	164	R1	1.148000e+00	1.148000e+00	1.614347e-08	5.843279e-15	3.800000e-02
2	165	R1	1.473000e+00	1.473000e+00	1.226153e-08	-2.846726e-15	7.800000e-02
2	166	R1	1.399000e+00	1.399000e+00	1.299588e-08	0.000000e+00	5.400000e-02
2	167	R1	1.276000e+00	1.276000e+00	1.439172e-08	1.448117e-14	4.600000e-02
2	168	R1	1.323000e+00	1.323000e+00	1.382954e-08	9.251859e-15	4.800000e-02
2	169	R1	1.355000e+00	1.355000e+00	1.346784e-08	3.965082e-15	5.600000e-02
2	170	R1	1.233000e+00	1.233000e+00	1.494153e-08	0.000000e+00	6.300000e-02
2	171	R1	1.281000e+00	1.281000e+00	1.433006e-08	0.000000e+00	6.300000e-02
2	172	R1	1.325000e+00	1.325000e+00	1.380645e-08	-3.828355e-15	5.800000e-02
2	173	R1	1.376000e+00	1.376000e+00	1.323906e-08	0.000000e+00	5.600000e-02
2	174	R1	1.339000e+00	1.339000e+00	1.364666e-08	0.000000e+00	5.500000e-02
2	176	R1	1.319000e+00	1.319000e+00	1.387591e-08	0.000000e+00	4.700000e-02
2	177	R1	1.371000e+00	1.371000e+00	1.329294e-08	5.482583e-15	8.100000e-02
2	179	R1	1.275000e+00	1.275000e+00	1.440411e-08	0.000000e+00	5.800000e-02
2	180	R1	1.408000e+00	1.408000e+00	1.290274e-08	0.000000e+00	6.100000e-02
2	181	R1	1.380000e+00	1.380000e+00	1.319623e-08	0.000000e+00	8.200000e-02
2	182	R1	1.358000e+00	1.358000e+00	1.343475e-08	0.000000e+00	5.900000e-02
2	183	R1	1.488000e+00	1.488000e+00	1.212094e-08	0.000000e+00	4.300000e-02


