14	1.594300e+01	6.260000e-01	5.370000e-01	8.100000e-02	1.435000e+00	8.400000e-02	6.734956e-02	
16	1.401900e+01	5.090000e-01	7.320000e-01	6.400000e-02	1.426000e+00	8.700000e-02	3.873969e-02	
17	1.390100e+01	5.870000e-01	8.910000e-01	7.400000e-02	1.333000e+00	9.200000e-02	1.472850e-02	
18	1.353100e+01	5.740000e-01	7.710000e-01	6.200000e-02	1.395000e+00	1.040000e-01	3.238259e-02	
19	1.415500e+01	5.220000e-01	8.370000e-01	7.100000e-02	1.321000e+00	9.000000e-02	2.182691e-02	
20	1.364700e+01	5.840000e-01	8.890000e-01	8.400000e-02	1.396000e+00	1.080000e-01	1.570761e-02	
21	1.349100e+01	3.760000e-01	8.190000e-01	5.000000e-02	1.372000e+00	6.900000e-02	2.517297e-02	
22	1.097500e+01	6.370000e-01	4.880000e-01	9.100000e-02	1.844000e+00	1.570000e-01	9.570458e-02	
24	1.445400e+01	4.160000e-01	8.510000e-01	6.700000e-02	1.439000e+00	7.100000e-02	2.173446e-02	
25	1.507000e+01	1.280000e+00	7.080000e-01	1.100000e-01	1.879000e+00	3.120000e-01	5.561750e-02	
26	1.408100e+01	3.940000e-01	9.400000e-01	6.600000e-02	1.402000e+00	6.300000e-02	8.527095e-03	
27	1.431000e+01	5.000000e-01	6.940000e-01	5.700000e-02	1.524000e+00	9.600000e-02	4.727246e-02	
28	1.473100e+01	1.144000e+00	9.010000e-01	1.090000e-01	1.459000e+00	1.960000e-01	1.464173e-02	
29	1.698400e+01	7.960000e-01	8.960000e-01	8.200000e-02	1.423000e+00	1.090000e-01	1.500169e-02	
31	1.396200e+01	3.930000e-01	8.340000e-01	5.200000e-02	1.457000e+00	7.000000e-02	2.451712e-02	
32	1.390000e+01	5.040000e-01	7.560000e-01	6.400000e-02	1.379000e+00	8.900000e-02	3.410797e-02	
33	1.572700e+01	9.440000e-01	8.540000e-01	1.090000e-01	1.466000e+00	3.970000e-01	2.169645e-02	
34	1.525600e+01	5.370000e-01	8.200000e-01	5.800000e-02	1.546000e+00	8.100000e-02	2.820875e-02	
36	1.466100e+01	5.920000e-01	6.770000e-01	6.300000e-02	1.352000e+00	1.020000e-01	4.426710e-02	
37	1.422100e+01	4.400000e-01	8.330000e-01	5.600000e-02	1.274000e+00	7.300000e-02	2.156690e-02	
38	1.461900e+01	3.630000e-01	8.730000e-01	5.100000e-02	1.419000e+00	6.300000e-02	1.826787e-02	
39	1.478500e+01	3.490000e-01	7.780000e-01	4.800000e-02	1.348000e+00	5.500000e-02	3.033505e-02	
40	1.186200e+01	2.600000e-01	6.440000e-01	4.000000e-02	1.331000e+00	4.900000e-02	4.803191e-02	
41	1.420100e+01	6.760000e-01	7.580000e-01	8.200000e-02	1.380000e+00	1.230000e-01	3.385293e-02	
42	1.344700e+01	4.410000e-01	6.690000e-01	6.100000e-02	1.498000e+00	8.600000e-02	5.026222e-02	
52	1.620100e+01	6.050000e-01	8.260000e-01	6.800000e-02	1.422000e+00	9.400000e-02	2.508134e-02	
53	1.374900e+01	3.070000e-01	7.640000e-01	4.400000e-02	1.341000e+00	4.900000e-02	3.208061e-02	
54	1.375100e+01	3.630000e-01	7.570000e-01	4.900000e-02	1.456000e+00	6.100000e-02	3.586489e-02	
55	1.293800e+01	2.720000e-01	7.510000e-01	4.300000e-02	1.369000e+00	4.700000e-02	3.455450e-02	
56	1.383000e+01	3.470000e-01	7.380000e-01	4.400000e-02	1.351000e+00	5.800000e-02	3.588050e-02	
57	1.325100e+01	2.560000e-01	7.740000e-01	4.000000e-02	1.204000e+00	4.300000e-02	2.758270e-02	
58	1.394100e+01	4.820000e-01	8.600000e-01	6.000000e-02	1.281000e+00	8.300000e-02	1.817938e-02	
60	1.448600e+01	5.000000e-01	8.210000e-01	6.400000e-02	1.361000e+00	8.100000e-02	2.469523e-02	
61	1.410900e+01	2.120000e-01	8.130000e-01	3.700000e-02	1.306000e+00	-3.600000e-02	2.475635e-02	
62	1.303700e+01	2.640000e-01	7.450000e-01	4.500000e-02	1.238000e+00	4.400000e-02	3.200093e-02	
63	1.394400e+01	4.570000e-01	7.660000e-01	6.900000e-02	1.350000e+00	7.400000e-02	3.202222e-02	
64	1.385600e+01	3.760000e-01	7.690000e-01	5.400000e-02	1.301000e+00	6.200000e-02	3.046429e-02	
65	1.488600e+01	5.690000e-01	7.820000e-01	6.000000e-02	1.416000e+00	9.100000e-02	3.129115e-02	
66	1.354600e+01	5.180000e-01	7.580000e-01	6.300000e-02	1.508000e+00	2.080000e-01	3.699291e-02	
67	1.310400e+01	5.240000e-01	7.880000e-01	6.100000e-02	1.422000e+00	9.700000e-02	3.055887e-02	
68	1.339100e+01	5.180000e-01	7.970000e-01	6.500000e-02	1.409000e+00	9.400000e-02	2.899405e-02	
73	1.504200e+01	4.690000e-01	7.920000e-01	6.300000e-02	1.488000e+00	7.200000e-02	3.137387e-02	
78	1.355200e+01	8.220000e-01	6.640000e-01	7.900000e-02	1.347000e+00	1.490000e-01	4.587845e-02	
79	1.457600e+01	3.810000e-01	7.550000e-01	6.300000e-02	1.373000e+00	6.400000e-02	3.409875e-02	
81	1.358400e+01	4.530000e-01	7.660000e-01	6.500000e-02	1.524000e+00	8.400000e-02	3.614953e-02	
82	1.688400e+01	1.556000e+00	7.780000e-01	1.240000e-01	1.326000e+00	2.950000e-01	2.983997e-02	
83	1.725200e+01	1.801000e+00	8.380000e-01	1.250000e-01	1.270000e+00	2.110000e-01	2.085550e-02	
84	1.616900e+01	6.170000e-01	6.950000e-01	6.200000e-02	1.381000e+00	8.700000e-02	4.269680e-02	
86	1.259700e+01	6.110000e-01	6.120000e-01	6.800000e-02	1.328000e+00	1.120000e-01	5.223140e-02	
87	1.361400e+01	3.370000e-01	7.760000e-01	5.600000e-02	1.399000e+00	5.800000e-02	3.176637e-02	
88	1.405200e+01	9.180000e-01	7.660000e-01	8.700000e-02	1.272000e+00	1.590000e-01	3.017205e-02	
89	1.379700e+01	3.540000e-01	7.830000e-01	4.600000e-02	1.308000e+00	6.300000e-02	2.877195e-02	
92	1.386600e+01	3.980000e-01	7.270000e-01	5.600000e-02	1.330000e+00	7.100000e-02	3.680579e-02	
93	1.363000e+01	4.960000e-01	8.320000e-01	6.100000e-02	1.385000e+00	8.400000e-02	2.358636e-02	
94	1.409200e+01	4.490000e-01	8.920000e-01	6.300000e-02	1.522000e+00	8.100000e-02	1.666250e-02	
96	1.493300e+01	5.490000e-01	8.810000e-01	6.900000e-02	1.433000e+00	8.700000e-02	1.728602e-02	
97	1.467600e+01	4.760000e-01	8.030000e-01	5.800000e-02	1.416000e+00	7.400000e-02	2.827687e-02	
98	1.570400e+01	3.090000e-01	7.890000e-01	3.900000e-02	1.344000e+00	4.500000e-02	2.874641e-02	
101	1.420500e+01	3.880000e-01	9.240000e-01	6.600000e-02	1.305000e+00	6.500000e-02	1.005370e-02	
102	1.527100e+01	5.070000e-01	9.560000e-01	7.200000e-02	1.322000e+00	8.300000e-02	5.896387e-03	
104	1.467500e+01	2.490000e-01	8.380000e-01	3.900000e-02	1.360000e+00	4.000000e-02	2.233345e-02	
105	1.459900e+01	3.110000e-01	8.020000e-01	4.700000e-02	1.297000e+00	5.100000e-02	2.603197e-02	
107	1.344400e+01	2.490000e-01	8.290000e-01	4.500000e-02	1.266000e+00	4.300000e-02	2.194480e-02	
108	1.442600e+01	3.360000e-01	8.420000e-01	5.400000e-02	1.297000e+00	5.300000e-02	2.077298e-02	
110	1.567600e+01	3.130000e-01	8.170000e-01	4.700000e-02	1.255000e+00	5.100000e-02	2.328073e-02	
111	1.560400e+01	3.900000e-01	7.490000e-01	4.600000e-02	1.348000e+00	5.700000e-02	3.429774e-02	
112	1.484500e+01	4.790000e-01	8.240000e-01	6.400000e-02	1.287000e+00	8.300000e-02	2.296112e-02	
113	1.556300e+01	4.520000e-01	8.130000e-01	5.600000e-02	1.319000e+00	6.700000e-02	2.500278e-02	
114	1.468800e+01	2.760000e-01	7.510000e-01	4.100000e-02	1.297000e+00	4.400000e-02	3.273717e-02	
115	1.641600e+01	4.720000e-01	7.510000e-01	5.900000e-02	1.369000e+00	6.800000e-02	3.455450e-02	
116	1.379000e+01	3.430000e-01	7.970000e-01	5.100000e-02	1.320000e+00	5.600000e-02	2.716263e-02	
117	1.109300e+01	1.980000e-01	5.720000e-01	3.500000e-02	1.462000e+00	4.400000e-02	6.342975e-02	
118	1.209200e+01	2.470000e-01	6.150000e-01	4.000000e-02	1.503000e+00	4.600000e-02	5.865723e-02	
120	1.025400e+01	2.870000e-01	5.220000e-01	4.500000e-02	1.347000e+00	6.200000e-02	6.526755e-02	
121	9.864000e+00	1.410000e-01	5.020000e-01	2.600000e-02	1.424000e+00	3.200000e-02	7.188548e-02	
122	1.049600e+01	3.070000e-01	5.530000e-01	5.000000e-02	1.450000e+00	6.300000e-02	6.570181e-02	
124	1.289000e+01	3.220000e-01	7.950000e-01	5.000000e-02	1.414000e+00	5.800000e-02	2.938361e-02	
126	1.256000e+01	3.110000e-01	7.030000e-01	4.300000e-02	1.388000e+00	5.100000e-02	4.178763e-02	
127	1.289200e+01	4.280000e-01	8.200000e-01	5.800000e-02	1.434000e+00	9.200000e-02	2.616517e-02	
128	1.384000e+01	5.610000e-01	7.880000e-01	7.000000e-02	1.352000e+00	9.600000e-02	2.905457e-02	
129	1.338100e+01	3.870000e-01	8.070000e-01	5.200000e-02	1.490000e+00	7.900000e-02	2.915046e-02	
130	1.459700e+01	5.960000e-01	7.690000e-01	6.900000e-02	1.197000e+00	1.900000e-01	2.802902e-02	
131	1.524000e+01	5.040000e-01	8.510000e-01	5.800000e-02	1.335000e+00	7.600000e-02	2.016366e-02	
132	1.489600e+01	4.660000e-01	8.060000e-01	5.600000e-02	1.509000e+00	7.600000e-02	2.967514e-02	
133	1.471300e+01	3.940000e-01	8.130000e-01	5.400000e-02	1.361000e+00	6.400000e-02	2.579892e-02	
134	1.277900e+01	2.030000e-01	7.810000e-01	3.800000e-02	1.266000e+00	3.300000e-02	2.810475e-02	
135	1.440100e+01	4.060000e-01	8.520000e-01	5.700000e-02	1.420000e+00	6.900000e-02	2.130355e-02	
136	1.384800e+01	3.270000e-01	8.240000e-01	5.000000e-02	1.312000e+00	5.100000e-02	2.340714e-02	
137	1.367500e+01	2.710000e-01	9.020000e-01	4.400000e-02	1.449000e+00	5.100000e-02	1.439449e-02	
138	1.636900e+01	1.441000e+00	7.360000e-01	1.040000e-01	1.376000e+00	2.140000e-01	3.682343e-02	
139	1.329600e+01	5.580000e-01	6.900000e-01	6.000000e-02	1.265000e+00	1.030000e-01	3.975155e-02	
141	1.421800e+01	4.150000e-01	7.650000e-01	5.000000e-02	1.337000e+00	6.500000e-02	3.184939e-02	
143	1.379500e+01	3.900000e-01	7.370000e-01	4.600000e-02	1.299000e+00	6.500000e-02	3.463114e-02	
144	1.395600e+01	3.620000e-01	8.820000e-01	5.600000e-02	1.418000e+00	5.600000e-02	1.696134e-02	
145	1.523600e+01	3.210000e-01	7.500000e-01	4.100000e-02	1.314000e+00	4.900000e-02	3.329946e-02	
146	1.508100e+01	2.500000e-01	7.830000e-01	3.800000e-02	1.283000e+00	4.000000e-02	2.822203e-02	
147	1.496100e+01	2.740000e-01	8.810000e-01	4.800000e-02	1.356000e+00	4.800000e-02	1.635718e-02	
148	1.496700e+01	2.650000e-01	7.730000e-01	3.900000e-02	1.362000e+00	4.300000e-02	3.134042e-02	
149	1.516200e+01	2.720000e-01	7.290000e-01	3.600000e-02	1.309000e+00	4.100000e-02	3.595926e-02	
150	1.443300e+01	2.570000e-01	7.300000e-01	3.500000e-02	1.304000e+00	4.200000e-02	3.568972e-02	
152	1.448000e+01	3.680000e-01	7.640000e-01	4.300000e-02	1.334000e+00	5.700000e-02	3.191315e-02	
153	1.441500e+01	3.000000e-01	8.040000e-01	4.400000e-02	1.279000e+00	4.900000e-02	2.541139e-02	
154	1.372100e+01	3.420000e-01	7.930000e-01	4.900000e-02	1.267000e+00	6.000000e-02	2.658574e-02	
156	1.303400e+01	3.310000e-01	8.550000e-01	5.400000e-02	1.409000e+00	6.200000e-02	2.071004e-02	
159	1.367600e+01	4.090000e-01	8.590000e-01	6.100000e-02	1.355000e+00	7.300000e-02	1.936691e-02	
160	1.396800e+01	4.540000e-01	8.200000e-01	6.000000e-02	1.457000e+00	9.000000e-02	2.658483e-02	
161	1.443400e+01	4.480000e-01	8.700000e-01	6.800000e-02	1.255000e+00	7.300000e-02	1.653823e-02	
162	1.319000e+01	4.800000e-01	8.440000e-01	6.900000e-02	1.360000e+00	8.500000e-02	2.150628e-02	
163	1.484900e+01	4.320000e-01	8.250000e-01	5.600000e-02	1.428000e+00	7.000000e-02	2.533192e-02	
164	1.274000e+01	2.160000e-01	7.910000e-01	3.700000e-02	1.148000e+00	3.800000e-02	2.432148e-02	
165	1.349200e+01	4.340000e-01	7.870000e-01	5.200000e-02	1.473000e+00	7.800000e-02	3.180418e-02	
166	1.455400e+01	3.050000e-01	8.130000e-01	4.600000e-02	1.399000e+00	5.400000e-02	2.651925e-02	
167	1.390100e+01	2.870000e-01	7.700000e-01	4.000000e-02	1.276000e+00	4.600000e-02	2.974955e-02	
168	1.469700e+01	3.010000e-01	8.050000e-01	4.200000e-02	1.323000e+00	4.800000e-02	2.615148e-02	
169	1.448100e+01	3.550000e-01	7.330000e-01	4.700000e-02	1.355000e+00	5.600000e-02	3.667350e-02	
170	1.429700e+01	4.050000e-01	8.080000e-01	5.300000e-02	1.233000e+00	6.300000e-02	2.399751e-02	
171	1.489500e+01	4.100000e-01	7.970000e-01	4.900000e-02	1.281000e+00	6.300000e-02	2.636010e-02	
172	1.526900e+01	3.690000e-01	8.250000e-01	4.400000e-02	1.325000e+00	5.800000e-02	2.350476e-02	
173	1.456300e+01	3.210000e-01	8.310000e-01	4.400000e-02	1.376000e+00	5.600000e-02	2.357257e-02	
174	1.482900e+01	3.540000e-01	8.260000e-01	4.500000e-02	1.339000e+00	5.500000e-02	2.361738e-02	
176	1.469100e+01	2.990000e-01	8.270000e-01	4.300000e-02	1.319000e+00	4.700000e-02	2.313091e-02	
177	1.425900e+01	4.810000e-01	8.400000e-01	6.500000e-02	1.371000e+00	8.100000e-02	2.223613e-02	
179	1.548000e+01	4.010000e-01	8.060000e-01	5.400000e-02	1.275000e+00	5.800000e-02	2.507343e-02	
180	1.437700e+01	3.550000e-01	8.010000e-01	5.500000e-02	1.408000e+00	6.100000e-02	2.840257e-02	
181	1.466000e+01	5.250000e-01	7.590000e-01	6.700000e-02	1.380000e+00	8.200000e-02	3.371304e-02	
182	1.447400e+01	3.540000e-01	8.280000e-01	6.400000e-02	1.358000e+00	5.900000e-02	2.367718e-02	
183	1.173400e+01	2.000000e-01	5.780000e-01	3.600000e-02	1.488000e+00	4.300000e-02	6.365276e-02	
