9.959997e+00	0.000000e+00	1.389207e-05
1.015386e+01	0.000000e+00	4.744037e-05
1.035150e+01	1.000000e+00	1.565208e-04
1.055298e+01	1.000000e+00	4.974524e-04
1.075838e+01	0.000000e+00	1.518223e-03
1.096779e+01	1.000000e+00	4.435122e-03
1.118126e+01	1.000000e+00	1.235872e-02
1.139890e+01	0.000000e+00	3.273241e-02
1.162077e+01	0.000000e+00	8.208843e-02
1.184695e+01	2.000000e+00	1.941641e-01
1.207754e+01	1.000000e+00	4.313598e-01
1.231262e+01	0.000000e+00	8.962073e-01
1.255228e+01	2.000000e+00	1.733404e+00
1.279660e+01	4.000000e+00	3.106306e+00
1.304567e+01	4.000000e+00	5.131855e+00
1.329959e+01	5.000000e+00	7.775370e+00
1.355846e+01	1.300000e+01	1.074506e+01
1.382236e+01	1.600000e+01	1.346637e+01
1.409140e+01	1.300000e+01	1.521405e+01
1.436568e+01	1.400000e+01	1.539817e+01
1.464529e+01	1.600000e+01	1.386995e+01
1.493035e+01	1.100000e+01	1.104291e+01
1.522096e+01	7.000000e+00	7.715781e+00
1.551722e+01	3.000000e+00	4.695766e+00
1.581925e+01	4.000000e+00	2.469779e+00
1.612716e+01	2.000000e+00	1.113461e+00
1.644106e+01	2.000000e+00	4.266155e-01
1.676107e+01	1.000000e+00	1.376752e-01
1.708731e+01	2.000000e+00	3.707402e-02


4.937239e-01	1.000000e+00	1.244852e-06
5.053060e-01	1.000000e+00	4.150553e-06
5.171597e-01	1.000000e+00	1.357245e-05
5.292916e-01	0.000000e+00	4.341038e-05
5.417080e-01	1.000000e+00	1.354120e-04
5.544157e-01	1.000000e+00	4.106914e-04
5.674215e-01	1.000000e+00	1.207128e-03
5.807325e-01	1.000000e+00	3.426629e-03
5.943556e-01	0.000000e+00	9.359733e-03
6.082984e-01	2.000000e+00	2.450484e-02
6.225682e-01	0.000000e+00	6.124079e-02
6.371728e-01	1.000000e+00	1.454562e-01
6.521200e-01	0.000000e+00	3.268254e-01
6.674178e-01	2.000000e+00	6.912951e-01
6.830745e-01	2.000000e+00	1.369376e+00
6.990984e-01	3.000000e+00	2.526451e+00
7.154983e-01	1.000000e+00	4.316262e+00
7.322829e-01	8.000000e+00	6.786547e+00
7.494612e-01	1.100000e+01	9.757034e+00
7.670425e-01	1.300000e+01	1.273910e+01
7.850363e-01	1.400000e+01	1.499575e+01
8.034521e-01	1.300000e+01	1.579377e+01
8.223000e-01	2.000000e+01	1.476339e+01
8.415900e-01	1.100000e+01	1.214421e+01
8.613325e-01	6.000000e+00	8.712242e+00
8.815381e-01	6.000000e+00	5.399431e+00
9.022178e-01	4.000000e+00	2.862050e+00
9.233825e-01	1.000000e+00	1.283908e+00
9.450438e-01	2.000000e+00	4.820422e-01


1.157836e+00	1.000000e+00	4.941795e-01
1.177676e+00	0.000000e+00	9.259717e-01
1.197856e+00	2.000000e+00	1.642160e+00
1.218382e+00	0.000000e+00	2.747519e+00
1.239259e+00	2.000000e+00	4.322338e+00
1.260494e+00	7.000000e+00	6.371393e+00
1.282093e+00	9.000000e+00	8.768186e+00
1.304063e+00	1.200000e+01	1.122283e+01
1.326408e+00	1.500000e+01	1.330769e+01
1.349137e+00	1.700000e+01	1.455897e+01
1.372255e+00	1.400000e+01	1.463304e+01
1.395769e+00	7.000000e+00	1.345203e+01
1.419686e+00	1.500000e+01	1.125863e+01
1.444013e+00	7.000000e+00	8.537725e+00
1.468757e+00	6.000000e+00	5.836986e+00
1.493925e+00	5.000000e+00	3.579062e+00
1.519524e+00	5.000000e+00	1.957663e+00
1.545562e+00	1.000000e+00	9.498516e-01
1.572046e+00	0.000000e+00	4.064310e-01
1.598983e+00	0.000000e+00	1.524386e-01
1.626383e+00	0.000000e+00	4.980126e-02
1.654251e+00	0.000000e+00	1.407910e-02
1.682598e+00	0.000000e+00	3.420889e-03
1.711430e+00	0.000000e+00	7.093451e-04
1.740756e+00	0.000000e+00	1.246049e-04
1.770585e+00	0.000000e+00	1.840143e-05
1.800924e+00	0.000000e+00	2.266514e-06
1.831784e+00	1.000000e+00	2.309261e-07
1.863172e+00	1.000000e+00	1.929633e-08


6.193772e-03	1.000000e+00	7.281058e-02
6.818538e-03	0.000000e+00	9.739699e-02
7.506325e-03	0.000000e+00	1.329357e-01
8.263489e-03	1.000000e+00	1.851472e-01
9.097029e-03	0.000000e+00	2.630454e-01
1.001465e-02	1.000000e+00	3.808976e-01
1.102483e-02	0.000000e+00	5.612737e-01
1.213690e-02	0.000000e+00	8.395895e-01
1.336115e-02	0.000000e+00	1.270362e+00
1.470889e-02	4.000000e+00	1.934511e+00
1.619258e-02	5.000000e+00	2.944589e+00
1.782593e-02	3.000000e+00	4.439394e+00
1.962404e-02	2.000000e+00	6.550417e+00
2.160351e-02	1.200000e+01	9.313724e+00
2.378266e-02	1.400000e+01	1.250958e+01
2.618163e-02	1.500000e+01	1.547471e+01
2.882257e-02	1.700000e+01	1.707440e+01
3.172991e-02	1.500000e+01	1.614006e+01
3.493051e-02	1.400000e+01	1.242740e+01
3.845395e-02	6.000000e+00	7.318619e+00
4.233281e-02	3.000000e+00	3.048331e+00
4.660292e-02	3.000000e+00	8.149796e-01
5.130377e-02	2.000000e+00	1.240473e-01
5.647879e-02	2.000000e+00	9.270630e-03
6.217581e-02	2.000000e+00	2.835069e-04
6.844749e-02	3.000000e+00	2.835621e-06
7.535180e-02	1.000000e+00	7.045651e-09
8.295255e-02	0.000000e+00	3.104247e-12
9.131999e-02	1.000000e+00	1.604929e-16


7.467709e-02	1.000000e+00	1.557281e-04
7.683264e-02	0.000000e+00	4.877291e-04
7.905041e-02	0.000000e+00	1.484136e-03
8.133219e-02	1.000000e+00	4.368372e-03
8.367983e-02	0.000000e+00	1.237759e-02
8.609524e-02	1.000000e+00	3.358813e-02
8.858037e-02	0.000000e+00	8.680869e-02
9.113723e-02	0.000000e+00	2.124145e-01
9.376790e-02	0.000000e+00	4.889619e-01
9.647450e-02	4.000000e+00	1.051621e+00
9.925923e-02	5.000000e+00	2.097706e+00
1.021243e-01	3.000000e+00	3.850442e+00
1.050721e-01	2.000000e+00	6.449000e+00
1.081050e-01	1.200000e+01	9.767102e+00
1.112255e-01	1.400000e+01	1.324740e+01
1.144360e-01	1.500000e+01	1.592554e+01
1.177392e-01	1.700000e+01	1.678228e+01
1.211377e-01	1.500000e+01	1.532019e+01
1.246343e-01	1.400000e+01	1.196314e+01
1.282319e-01	6.000000e+00	7.883705e+00
1.319333e-01	3.000000e+00	4.321734e+00
1.357415e-01	3.000000e+00	1.940636e+00
1.396597e-01	2.000000e+00	7.021903e-01
1.436910e-01	2.000000e+00	2.011775e-01
1.478386e-01	2.000000e+00	4.479198e-02
1.521059e-01	3.000000e+00	7.597336e-03
1.564964e-01	1.000000e+00	9.610257e-04
1.610137e-01	0.000000e+00	8.863119e-05
1.656613e-01	1.000000e+00	5.817506e-06


