0	2	R2	6.430868e+00	6.430868e+00	3.714114e-09	-1.263316e-14	7.030531e-02
0	3	R2	5.991612e+00	5.991612e+00	3.361297e-09	4.123459e-14	6.461894e-02
0	4	R2	6.535948e+00	6.535948e+00	3.799071e-09	0.000000e+00	8.116536e-02
0	5	R2	6.238303e+00	6.238303e+00	3.558909e-09	0.000000e+00	8.172450e-02
0	6	R2	6.119951e+00	6.119951e+00	3.463906e-09	1.077908e-14	8.239836e-02
0	7	R2	6.553080e+00	6.553080e+00	3.812937e-09	1.216635e-14	7.300286e-02
0	8	R2	5.701254e+00	5.701254e+00	3.131137e-09	-1.242043e-14	7.150946e-02
0	9	R2	5.527916e+00	5.527916e+00	2.995366e-09	2.325238e-14	7.639464e-02
0	10	R2	5.096840e+00	5.096840e+00	2.664679e-09	-1.486519e-14	5.974889e-02
0	11	R2	5.595971e+00	5.595971e+00	3.048506e-09	0.000000e+00	5.636680e-02
0	12	R2	5.717553e+00	5.717553e+00	3.143972e-09	1.358469e-14	6.538082e-02
0	13	R2	6.101281e+00	6.101281e+00	3.448951e-09	-9.543729e-15	9.306408e-02
0	14	R2	6.289308e+00	6.289308e+00	3.599948e-09	0.000000e+00	7.515525e-02
0	15	R2	6.199628e+00	6.199628e+00	3.527827e-09	-8.962134e-07	7.302724e-02
0	16	R2	5.963029e+00	5.963029e+00	3.338511e-09	1.387694e-14	6.400389e-02
0	17	R2	6.784261e+00	6.784261e+00	4.000355e-09	-9.971914e-07	7.364191e-02
0	18	R2	6.548788e+00	6.548788e+00	3.809463e-09	1.150551e-14	7.719593e-02
0	20	R2	6.609385e+00	6.609385e+00	3.858533e-09	0.000000e+00	7.863115e-02
0	22	R2	6.082725e+00	6.082725e+00	3.434096e-09	0.000000e+00	7.399909e-02
0	23	R2	7.598784e+00	7.598784e+00	4.662356e-09	0.000000e+00	1.097089e-01
0	25	R2	9.624639e+00	9.624639e+00	6.291727e-09	-1.917615e-14	9.263368e-02
0	26	R2	6.451613e+00	6.451613e+00	3.730873e-09	0.000000e+00	6.659729e-02
0	27	R2	6.830601e+00	6.830601e+00	4.037979e-09	-1.189768e-14	7.465138e-02
0	29	R2	6.653360e+00	6.653360e+00	3.894168e-09	1.337602e-14	6.640080e-02
0	30	R2	6.653360e+00	6.653360e+00	3.894168e-09	1.254002e-14	7.082752e-02
0	32	R2	6.770481e+00	6.770481e+00	3.989170e-09	-1.141235e-06	6.417517e-02
0	33	R2	6.165228e+00	6.165228e+00	3.500211e-09	0.000000e+00	6.081606e-02
0	34	R2	6.230530e+00	6.230530e+00	3.552659e-09	1.089509e-14	8.152095e-02
0	35	R2	6.618134e+00	6.618134e+00	3.865621e-09	1.067273e-14	8.321942e-02
0	36	R2	6.234414e+00	6.234414e+00	3.555781e-09	2.539022e-14	6.996225e-02
0	39	R2	6.230530e+00	6.230530e+00	3.552659e-09	1.525313e-14	5.822925e-02
0	40	R2	6.561680e+00	6.561680e+00	3.819898e-09	-1.146034e-14	7.750016e-02
0	41	R2	6.535948e+00	6.535948e+00	3.799071e-09	0.000000e+00	7.689350e-02
0	42	R2	6.101281e+00	6.101281e+00	3.448951e-09	-1.037362e-14	8.561896e-02
0	43	R2	6.301197e+00	6.301197e+00	3.609522e-09	0.000000e+00	9.926272e-02
0	44	R2	6.414368e+00	6.414368e+00	3.700789e-09	0.000000e+00	8.228824e-02
0	45	R2	6.548788e+00	6.548788e+00	3.809463e-09	9.861864e-15	9.006192e-02
0	46	R2	6.430868e+00	6.430868e+00	3.714114e-09	-9.337555e-15	9.511895e-02
0	47	R2	6.131208e+00	6.131208e+00	3.472927e-09	1.243525e-14	7.142425e-02
0	48	R2	6.333122e+00	6.333122e+00	3.635245e-09	1.476295e-14	6.016266e-02
0	49	R2	5.790388e+00	5.790388e+00	3.201460e-09	1.558246e-14	5.699861e-02
0	50	R2	6.222775e+00	6.222775e+00	3.546426e-09	-9.972502e-15	8.906275e-02
0	51	R2	6.226650e+00	6.226650e+00	3.549540e-09	0.000000e+00	1.046822e-01
0	52	R2	6.321113e+00	6.321113e+00	3.625566e-09	1.389291e-14	6.393034e-02
0	54	R2	6.666667e+00	6.666667e+00	3.904956e-09	2.351061e-14	7.555556e-02
0	55	R2	6.618134e+00	6.618134e+00	3.865621e-09	8.816603e-15	1.007393e-01
0	56	R2	6.451613e+00	6.451613e+00	3.730873e-09	0.000000e+00	7.908429e-02
0	57	R2	6.410256e+00	6.410256e+00	3.697469e-09	0.000000e+00	6.985536e-02
0	58	R2	6.464124e+00	6.464124e+00	3.740984e-09	-8.687604e-07	7.939131e-02
0	59	R2	6.289308e+00	6.289308e+00	3.599948e-09	0.000000e+00	8.306633e-02
0	60	R2	6.561680e+00	6.561680e+00	3.819898e-09	-1.146034e-14	7.750016e-02
0	62	R2	5.503577e+00	5.503577e+00	2.976417e-09	-1.274918e-14	6.966554e-02
0	63	R2	6.497726e+00	6.497726e+00	3.768150e-09	1.618207e-14	5.488657e-02
0	64	R2	6.269592e+00	6.269592e+00	3.584078e-09	9.824122e-15	9.040792e-02
0	65	R2	6.309148e+00	6.309148e+00	3.615927e-09	1.239613e-14	7.164963e-02
0	66	R2	6.301197e+00	6.301197e+00	3.609522e-09	0.000000e+00	8.735119e-02
0	67	R2	6.067961e+00	6.067961e+00	3.422284e-09	0.000000e+00	1.030964e-01
0	68	R2	6.443299e+00	6.443299e+00	3.724156e-09	0.000000e+00	8.718381e-02
0	70	R2	6.697924e+00	6.697924e+00	3.930302e-09	-8.999060e-15	9.869680e-02
0	74	R2	2.938584e+00	2.938584e+00	1.237971e-09	1.254326e-14	3.540462e-02
0	75	R2	1.821162e+00	1.821162e+00	6.295200e-10	-6.901943e-15	3.217132e-02
0	76	R2	1.390821e+00	1.390821e+00	4.011639e-10	-9.727831e-15	2.282571e-02


1	2	NOE	7.270000e-01	7.270000e-01	3.156243e-09	8.540177e-15	1.300000e-02
1	3	NOE	7.330000e-01	7.330000e-01	3.250374e-09	-7.930164e-15	1.400000e-02
1	4	NOE	7.730000e-01	7.730000e-01	4.194742e-09	7.401487e-15	1.500000e-02
1	5	NOE	7.250000e-01	7.250000e-01	3.126586e-09	-7.930164e-15	1.400000e-02
1	6	NOE	7.830000e-01	7.830000e-01	4.589381e-09	-8.917599e-08	1.700000e-02
1	7	NOE	7.260000e-01	7.260000e-01	3.141313e-09	0.000000e+00	1.500000e-02
1	8	NOE	7.000000e-01	7.000000e-01	2.813229e-09	8.540177e-15	1.300000e-02
1	9	NOE	6.070000e-01	6.070000e-01	2.140714e-09	-1.850372e-14	1.200000e-02
1	10	NOE	6.670000e-01	6.670000e-01	2.511662e-09	0.000000e+00	1.200000e-02
1	11	NOE	5.960000e-01	5.960000e-01	2.088175e-09	-1.110223e-14	1.000000e-02
1	12	NOE	6.350000e-01	6.350000e-01	2.293208e-09	0.000000e+00	1.300000e-02
1	13	NOE	7.750000e-01	7.750000e-01	4.265658e-09	6.530724e-15	1.700000e-02
1	14	NOE	7.450000e-01	7.450000e-01	3.466095e-09	7.930164e-15	1.400000e-02
1	15	NOE	7.370000e-01	7.370000e-01	3.317866e-09	7.930164e-15	1.400000e-02
1	16	NOE	7.560000e-01	7.560000e-01	3.705595e-09	-1.480297e-14	1.500000e-02
1	17	NOE	7.670000e-01	7.670000e-01	4.001181e-09	-7.930164e-15	1.400000e-02
1	18	NOE	7.470000e-01	7.470000e-01	3.506275e-09	0.000000e+00	1.600000e-02
1	20	NOE	7.200000e-01	7.200000e-01	3.055851e-09	0.000000e+00	1.200000e-02
1	22	NOE	7.710000e-01	7.710000e-01	4.127191e-09	7.930164e-15	1.400000e-02
1	23	NOE	7.780000e-01	7.780000e-01	4.378991e-09	0.000000e+00	1.600000e-02
1	25	NOE	7.790000e-01	7.790000e-01	4.418789e-09	-8.540177e-15	1.300000e-02
1	26	NOE	7.660000e-01	7.660000e-01	3.971410e-09	0.000000e+00	1.200000e-02
1	27	NOE	8.000000e-01	8.000000e-01	5.619330e-09	0.000000e+00	1.200000e-02
1	29	NOE	7.890000e-01	7.890000e-01	4.886192e-09	9.251859e-15	1.200000e-02
1	30	NOE	7.540000e-01	7.540000e-01	3.658442e-09	-9.251859e-15	1.200000e-02
1	32	NOE	7.320000e-01	7.320000e-01	3.234117e-09	0.000000e+00	1.100000e-02
1	33	NOE	7.400000e-01	7.400000e-01	3.371255e-09	0.000000e+00	1.200000e-02
1	34	NOE	7.350000e-01	7.350000e-01	3.283615e-09	0.000000e+00	1.500000e-02
1	35	NOE	7.910000e-01	7.910000e-01	4.998504e-09	0.000000e+00	1.400000e-02
1	36	NOE	7.820000e-01	7.820000e-01	4.544915e-09	0.000000e+00	1.400000e-02
1	39	NOE	7.810000e-01	7.810000e-01	4.501699e-09	9.251859e-15	1.200000e-02
1	40	NOE	7.760000e-01	7.760000e-01	4.302469e-09	0.000000e+00	1.600000e-02
1	41	NOE	7.700000e-01	7.700000e-01	4.094597e-09	7.930164e-15	1.400000e-02
1	42	NOE	7.750000e-01	7.750000e-01	4.265658e-09	6.167906e-15	1.800000e-02
1	43	NOE	7.780000e-01	7.780000e-01	4.378991e-09	0.000000e+00	1.900000e-02
1	44	NOE	7.460000e-01	7.460000e-01	3.486016e-09	-1.480297e-14	1.500000e-02
1	45	NOE	7.930000e-01	7.930000e-01	5.118828e-09	0.000000e+00	1.700000e-02
1	46	NOE	7.850000e-01	7.850000e-01	4.682311e-09	-6.938894e-15	1.600000e-02
1	47	NOE	7.630000e-01	7.630000e-01	3.885860e-09	7.930164e-15	1.400000e-02
1	48	NOE	6.750000e-01	6.750000e-01	2.576177e-09	0.000000e+00	1.200000e-02
1	49	NOE	6.340000e-01	6.340000e-01	2.287226e-09	-9.251859e-15	1.200000e-02
1	50	NOE	7.610000e-01	7.610000e-01	3.831748e-09	0.000000e+00	1.700000e-02
1	51	NOE	7.420000e-01	7.420000e-01	3.408273e-09	-5.843279e-15	1.900000e-02
1	52	NOE	7.840000e-01	7.840000e-01	4.635158e-09	-1.239029e-07	1.200000e-02
1	54	NOE	7.770000e-01	7.770000e-01	4.340232e-09	-7.930164e-15	1.400000e-02
1	55	NOE	7.680000e-01	7.680000e-01	4.031619e-09	0.000000e+00	1.700000e-02
1	56	NOE	8.030000e-01	8.030000e-01	5.883286e-09	0.000000e+00	1.400000e-02
1	57	NOE	8.050000e-01	8.050000e-01	6.081204e-09	0.000000e+00	1.200000e-02
1	58	NOE	7.770000e-01	7.770000e-01	4.340232e-09	-9.251859e-15	1.200000e-02
1	59	NOE	7.780000e-01	7.780000e-01	4.378991e-09	0.000000e+00	1.400000e-02
1	60	NOE	7.880000e-01	7.880000e-01	4.832769e-09	-9.786296e-08	1.400000e-02
1	62	NOE	5.780000e-01	5.780000e-01	2.009482e-09	8.540177e-15	1.300000e-02
1	63	NOE	7.880000e-01	7.880000e-01	4.832769e-09	-1.245529e-07	1.100000e-02
1	64	NOE	7.430000e-01	7.430000e-01	3.427232e-09	7.401487e-15	1.500000e-02
1	65	NOE	7.490000e-01	7.490000e-01	3.547848e-09	-9.251859e-15	1.200000e-02
1	66	NOE	7.610000e-01	7.610000e-01	3.831748e-09	0.000000e+00	1.600000e-02
1	67	NOE	7.570000e-01	7.570000e-01	3.729850e-09	6.167906e-15	1.800000e-02
1	68	NOE	7.720000e-01	7.720000e-01	4.160563e-09	0.000000e+00	1.600000e-02
1	70	NOE	7.810000e-01	7.810000e-01	4.501699e-09	6.167906e-15	1.800000e-02
1	74	NOE	1.150000e-01	1.150000e-01	1.135245e-09	1.387779e-14	9.000000e-03
1	75	NOE	-2.230000e-01	-2.230000e-01	8.953862e-10	-1.541976e-14	9.000000e-03
1	76	NOE	-1.080000e+00	-1.080000e+00	5.801419e-10	-4.037175e-14	1.100000e-02


2	2	R1	1.976285e+00	1.976285e+00	6.203588e-09	1.353605e-14	1.640394e-02
2	3	R1	2.027986e+00	2.027986e+00	5.977561e-09	-2.249567e-14	1.974109e-02
2	4	R1	2.151000e+00	2.151000e+00	5.468763e-09	1.713962e-14	2.591009e-02
2	5	R1	2.022245e+00	2.022245e+00	6.002269e-09	-1.840563e-14	2.412789e-02
2	6	R1	2.112825e+00	2.112825e+00	5.622755e-09	1.913110e-14	2.321295e-02
2	7	R1	2.072968e+00	2.072968e+00	5.787133e-09	-2.152998e-14	2.062655e-02
2	8	R1	2.048760e+00	2.048760e+00	5.888935e-09	1.233401e-06	1.678968e-02
2	9	R1	1.900418e+00	1.900418e+00	6.550968e-09	-2.277079e-14	1.950258e-02
2	10	R1	1.934610e+00	1.934610e+00	6.391941e-09	1.289720e-14	1.721650e-02
2	11	R1	1.810938e+00	1.810938e+00	6.988584e-09	3.472150e-14	1.279004e-02
2	12	R1	1.913509e+00	1.913509e+00	6.489581e-09	-2.580543e-14	1.720914e-02
2	13	R1	2.055921e+00	2.055921e+00	5.858661e-09	1.722374e-14	2.578355e-02
2	14	R1	1.984127e+00	1.984127e+00	6.168777e-09	0.000000e+00	1.968380e-02
2	15	R1	2.087683e+00	2.087683e+00	5.725995e-09	0.000000e+00	2.222794e-02
2	16	R1	1.882176e+00	1.882176e+00	6.637578e-09	2.667178e-14	1.665015e-02
2	17	R1	2.097755e+00	2.097755e+00	5.684452e-09	0.000000e+00	1.892248e-02
2	18	R1	1.968504e+00	1.968504e+00	6.238318e-09	-2.203912e-14	2.015004e-02
2	20	R1	2.034174e+00	2.034174e+00	5.951036e-09	0.000000e+00	2.027554e-02
2	22	R1	2.084636e+00	2.084636e+00	5.738609e-09	2.085516e-14	2.129397e-02
2	23	R1	2.181977e+00	2.181977e+00	5.346053e-09	-1.665643e-14	2.666173e-02
2	25	R1	2.129472e+00	2.129472e+00	5.555210e-09	0.000000e+00	2.131286e-02
2	26	R1	2.127660e+00	2.127660e+00	5.562533e-09	2.392666e-14	1.856043e-02
2	27	R1	2.164034e+00	2.164034e+00	5.416900e-09	2.205331e-14	2.013708e-02
2	29	R1	2.125399e+00	2.125399e+00	5.571680e-09	0.000000e+00	1.852101e-02
2	30	R1	2.119093e+00	2.119093e+00	5.597248e-09	2.247592e-14	1.975844e-02
2	32	R1	2.113718e+00	2.113718e+00	5.619115e-09	0.000000e+00	1.653087e-02
2	33	R1	2.028809e+00	2.028809e+00	5.974027e-09	0.000000e+00	1.605266e-02
2	34	R1	2.018571e+00	2.018571e+00	6.018129e-09	-3.824172e-14	2.322538e-02
2	35	R1	2.014910e+00	2.014910e+00	6.033971e-09	0.000000e+00	2.435918e-02
2	36	R1	1.783803e+00	1.783803e+00	7.128067e-09	1.268772e-14	1.750074e-02
2	39	R1	2.110150e+00	2.110150e+00	5.633668e-09	2.624581e-14	1.692038e-02
2	40	R1	2.091175e+00	2.091175e+00	5.711563e-09	1.880596e-14	2.361427e-02
2	41	R1	2.068680e+00	2.068680e+00	5.805055e-09	0.000000e+00	2.310896e-02
2	42	R1	2.052967e+00	2.052967e+00	5.871135e-09	-3.571778e-14	2.486656e-02
2	43	R1	2.029221e+00	2.029221e+00	5.972260e-09	-1.609670e-14	2.758884e-02
2	44	R1	2.057613e+00	2.057613e+00	5.851527e-09	0.000000e+00	2.243899e-02
2	45	R1	2.068252e+00	2.068252e+00	5.806846e-09	1.789926e-14	2.481047e-02
2	46	R1	2.093802e+00	2.093802e+00	5.700727e-09	0.000000e+00	2.498885e-02
2	47	R1	1.999200e+00	1.999200e+00	6.102409e-09	0.000000e+00	1.998401e-02
2	48	R1	1.972387e+00	1.972387e+00	6.220963e-09	1.271017e-06	1.633930e-02
2	49	R1	1.906941e+00	1.906941e+00	6.520301e-09	1.696145e-14	1.309113e-02
2	50	R1	2.072968e+00	2.072968e+00	5.787133e-09	-1.813051e-14	2.449403e-02
2	51	R1	1.939488e+00	1.939488e+00	6.369593e-09	8.313955e-15	2.670746e-02
2	52	R1	1.838911e+00	1.838911e+00	6.848226e-09	0.000000e+00	1.487902e-02
2	54	R1	1.977066e+00	1.977066e+00	6.200110e-09	2.184865e-14	2.032571e-02
2	55	R1	2.072539e+00	2.072539e+00	5.788927e-09	0.000000e+00	2.620205e-02
2	56	R1	2.207506e+00	2.207506e+00	5.246295e-09	0.000000e+00	2.290348e-02
2	57	R1	2.100399e+00	2.100399e+00	5.673590e-09	0.000000e+00	1.852904e-02
2	58	R1	2.166847e+00	2.166847e+00	5.405749e-09	0.000000e+00	2.300661e-02
2	59	R1	2.049180e+00	2.049180e+00	5.887156e-09	0.000000e+00	2.477493e-02
2	60	R1	2.107038e+00	2.107038e+00	5.646386e-09	0.000000e+00	2.352992e-02
2	62	R1	1.819174e+00	1.819174e+00	6.946905e-09	-1.242504e-14	1.787073e-02
2	63	R1	1.948938e+00	1.948938e+00	6.326529e-09	1.771456e-14	1.253458e-02
2	64	R1	2.125399e+00	2.125399e+00	5.571680e-09	-1.820521e-14	2.439352e-02
2	65	R1	2.045408e+00	2.045408e+00	5.903156e-09	2.258460e-14	1.966336e-02
2	66	R1	2.032107e+00	2.032107e+00	5.959884e-09	0.000000e+00	2.395087e-02
2	67	R1	2.090301e+00	2.090301e+00	5.715173e-09	0.000000e+00	2.752696e-02
2	68	R1	2.040400e+00	2.040400e+00	5.924458e-09	-1.904810e-14	2.331410e-02
2	70	R1	2.103049e+00	2.103049e+00	5.662716e-09	-1.793012e-14	2.476777e-02
2	74	R1	1.596424e+00	1.596424e+00	6.119937e-10	0.000000e+00	8.155423e-03
2	75	R1	1.275836e+00	1.275836e+00	3.849957e-10	-3.327108e-14	6.673802e-03
2	76	R1	8.391374e-01	8.391374e-01	1.804864e-10	-2.815504e-14	3.943249e-03


