0	2	R2	6.211180e+00	6.211180e+00	3.646078e-09	0.000000e+00	1.157363e-01
0	3	R2	5.871991e+00	5.871991e+00	3.362047e-09	-1.431057e-14	1.241290e-01
0	4	R2	6.086427e+00	6.086427e+00	3.540924e-09	1.115159e-14	1.592918e-01
0	5	R2	6.067961e+00	6.067961e+00	3.525424e-09	0.000000e+00	1.620087e-01
0	6	R2	6.082725e+00	6.082725e+00	3.537815e-09	-1.170981e-14	1.516981e-01
0	7	R2	6.006006e+00	6.006006e+00	3.473548e-09	-1.367906e-14	1.298596e-01
0	8	R2	5.503577e+00	5.503577e+00	3.061228e-09	0.000000e+00	1.150996e-01
0	9	R2	5.241090e+00	5.241090e+00	2.852770e-09	-6.598738e-15	1.345982e-01
0	10	R2	4.985045e+00	4.985045e+00	2.654766e-09	-8.509671e-15	1.043728e-01
0	11	R2	4.943154e+00	4.943154e+00	2.622903e-09	0.000000e+00	9.040864e-02
0	12	R2	5.577245e+00	5.577245e+00	3.120652e-09	7.138399e-15	1.244226e-01
0	13	R2	6.119951e+00	6.119951e+00	3.569107e-09	0.000000e+00	1.797782e-01
0	14	R2	6.060606e+00	6.060606e+00	3.519255e-09	0.000000e+00	1.395776e-01
0	15	R2	5.906675e+00	5.906675e+00	3.390807e-09	0.000000e+00	1.395552e-01
0	16	R2	5.411255e+00	5.411255e+00	2.987310e-09	1.516611e-14	1.171267e-01
0	17	R2	6.540222e+00	6.540222e+00	3.926631e-09	0.000000e+00	1.326010e-01
0	18	R2	6.548788e+00	6.548788e+00	3.933989e-09	0.000000e+00	1.458145e-01
0	20	R2	6.464124e+00	6.464124e+00	3.861379e-09	0.000000e+00	1.295332e-01
0	22	R2	6.108735e+00	6.108735e+00	3.559672e-09	-6.800323e-15	1.306083e-01
0	23	R2	6.802721e+00	6.802721e+00	4.153111e-09	-5.331291e-15	1.665973e-01
0	25	R2	8.305648e+00	8.305648e+00	5.469506e-09	0.000000e+00	1.379676e-01
0	26	R2	6.439150e+00	6.439150e+00	3.840009e-09	-7.933766e-15	1.119492e-01
0	27	R2	6.958942e+00	6.958942e+00	4.288747e-09	-7.336244e-15	1.210672e-01
0	29	R2	6.337136e+00	6.337136e+00	3.752963e-09	0.000000e+00	1.084301e-01
0	30	R2	5.984440e+00	5.984440e+00	3.455538e-09	7.294142e-15	1.217660e-01
0	32	R2	6.234414e+00	6.234414e+00	3.665742e-09	-8.788922e-15	1.010566e-01
0	33	R2	5.847953e+00	5.847953e+00	3.342157e-09	8.657075e-15	1.025957e-01
0	34	R2	6.053269e+00	6.053269e+00	3.513104e-09	-5.771265e-15	1.538967e-01
0	35	R2	6.138735e+00	6.138735e+00	3.584923e-09	-5.748553e-15	1.545047e-01
0	36	R2	5.461496e+00	5.461496e+00	3.027458e-09	7.262615e-15	1.222946e-01
0	39	R2	6.161429e+00	6.161429e+00	3.604054e-09	8.665098e-15	1.025007e-01
0	40	R2	6.273526e+00	6.273526e+00	3.698898e-09	-1.253731e-14	1.416856e-01
0	41	R2	6.165228e+00	6.165228e+00	3.607259e-09	-1.298164e-14	1.368361e-01
0	42	R2	6.184292e+00	6.184292e+00	3.623351e-09	5.529310e-15	1.606310e-01
0	43	R2	6.207325e+00	6.207325e+00	3.642817e-09	9.604617e-15	1.849482e-01
0	44	R2	6.082725e+00	6.082725e+00	3.537815e-09	-1.143101e-14	1.553981e-01
0	45	R2	6.079027e+00	6.079027e+00	3.534711e-09	5.589379e-15	1.589047e-01
0	46	R2	6.108735e+00	6.108735e+00	3.559672e-09	-5.409348e-15	1.641933e-01
0	47	R2	5.854801e+00	5.854801e+00	3.347820e-09	-2.045567e-14	1.302590e-01
0	48	R2	6.261741e+00	6.261741e+00	3.688901e-09	0.000000e+00	1.058654e-01
0	49	R2	5.691520e+00	5.691520e+00	3.213576e-09	0.000000e+00	9.394085e-02
0	50	R2	5.595971e+00	5.595971e+00	3.135819e-09	0.000000e+00	1.534430e-01
0	51	R2	5.959476e+00	5.959476e+00	3.434721e-09	0.000000e+00	1.775767e-01
0	52	R2	6.418485e+00	6.418485e+00	3.822344e-09	-8.292047e-15	1.071121e-01
0	54	R2	6.410256e+00	6.410256e+00	3.815314e-09	-1.309982e-14	1.356016e-01
0	55	R2	6.180470e+00	6.180470e+00	3.620123e-09	-5.054747e-15	1.757117e-01
0	56	R2	6.261741e+00	6.261741e+00	3.688901e-09	0.000000e+00	1.333120e-01
0	57	R2	5.854801e+00	5.854801e+00	3.347820e-09	-2.355501e-14	1.131197e-01
0	58	R2	6.535948e+00	6.535948e+00	3.922960e-09	-6.706893e-15	1.324277e-01
0	59	R2	6.024096e+00	6.024096e+00	3.488674e-09	-5.691778e-15	1.560459e-01
0	60	R2	6.402049e+00	6.402049e+00	3.808305e-09	-1.313344e-14	1.352545e-01
0	62	R2	4.980080e+00	4.980080e+00	2.650981e-09	-7.308556e-15	1.215258e-01
0	63	R2	6.349206e+00	6.349206e+00	3.763241e-09	-2.098322e-14	8.465608e-02
0	64	R2	5.917160e+00	5.917160e+00	3.399515e-09	-5.514623e-15	1.610588e-01
0	65	R2	6.369427e+00	6.369427e+00	3.780472e-09	-7.549210e-15	1.176518e-01
0	66	R2	6.246096e+00	6.246096e+00	3.675638e-09	1.665790e-14	1.599562e-01
0	67	R2	6.234414e+00	6.234414e+00	3.665742e-09	-4.760666e-15	1.865660e-01
0	68	R2	5.885815e+00	5.885815e+00	3.373502e-09	0.000000e+00	1.593570e-01
0	70	R2	6.468305e+00	6.468305e+00	3.864959e-09	0.000000e+00	1.757237e-01
0	74	R2	3.222688e+00	3.222688e+00	1.448386e-09	0.000000e+00	5.919858e-02
0	75	R2	1.758706e+00	1.758706e+00	5.818217e-10	-3.922860e-15	5.660273e-02
0	76	R2	1.328904e+00	1.328904e+00	3.477723e-10	-2.741132e-07	4.008786e-02


1	2	NOE	7.090000e-01	7.090000e-01	3.839141e-09	1.480297e-14	1.500000e-02
1	3	NOE	6.940000e-01	6.940000e-01	3.600490e-09	7.930164e-15	1.400000e-02
1	4	NOE	7.120000e-01	7.120000e-01	3.892618e-09	0.000000e+00	1.600000e-02
1	5	NOE	7.240000e-01	7.240000e-01	4.130475e-09	0.000000e+00	1.700000e-02
1	6	NOE	7.550000e-01	7.550000e-01	5.017853e-09	5.843279e-15	1.900000e-02
1	7	NOE	6.830000e-01	6.830000e-01	3.450499e-09	0.000000e+00	1.600000e-02
1	8	NOE	6.000000e-01	6.000000e-01	2.704184e-09	-7.930164e-15	1.400000e-02
1	9	NOE	6.330000e-01	6.330000e-01	2.941844e-09	-8.540177e-15	1.300000e-02
1	10	NOE	5.420000e-01	5.420000e-01	2.392084e-09	0.000000e+00	1.100000e-02
1	11	NOE	5.990000e-01	5.990000e-01	2.697807e-09	-2.018587e-14	1.100000e-02
1	12	NOE	6.150000e-01	6.150000e-01	2.805240e-09	7.401487e-15	1.500000e-02
1	13	NOE	6.840000e-01	6.840000e-01	3.463394e-09	-5.843279e-15	1.900000e-02
1	14	NOE	7.150000e-01	7.150000e-01	3.948321e-09	6.938894e-15	1.600000e-02
1	15	NOE	7.030000e-01	7.030000e-01	3.738298e-09	7.401487e-15	1.500000e-02
1	16	NOE	6.790000e-01	6.790000e-01	3.400273e-09	0.000000e+00	1.500000e-02
1	17	NOE	7.250000e-01	7.250000e-01	4.152261e-09	-6.938894e-15	1.600000e-02
1	18	NOE	6.870000e-01	6.870000e-01	3.502928e-09	0.000000e+00	1.700000e-02
1	20	NOE	6.790000e-01	6.790000e-01	3.400273e-09	0.000000e+00	1.200000e-02
1	22	NOE	6.840000e-01	6.840000e-01	3.463394e-09	-7.930164e-15	1.400000e-02
1	23	NOE	7.220000e-01	7.220000e-01	4.087884e-09	0.000000e+00	1.700000e-02
1	25	NOE	7.300000e-01	7.300000e-01	4.266464e-09	0.000000e+00	1.300000e-02
1	26	NOE	7.440000e-01	7.440000e-01	4.642715e-09	0.000000e+00	1.200000e-02
1	27	NOE	7.230000e-01	7.230000e-01	4.109018e-09	8.540177e-15	1.300000e-02
1	29	NOE	6.960000e-01	6.960000e-01	3.629840e-09	0.000000e+00	1.200000e-02
1	30	NOE	7.040000e-01	7.040000e-01	3.754571e-09	0.000000e+00	1.300000e-02
1	32	NOE	7.530000e-01	7.530000e-01	4.943010e-09	1.009294e-14	1.100000e-02
1	33	NOE	6.710000e-01	6.710000e-01	3.305835e-09	9.251859e-15	1.200000e-02
1	34	NOE	7.170000e-01	7.170000e-01	3.986772e-09	-6.167906e-15	1.800000e-02
1	35	NOE	7.360000e-01	7.360000e-01	4.416434e-09	-7.401487e-15	1.500000e-02
1	36	NOE	7.240000e-01	7.240000e-01	4.130475e-09	0.000000e+00	1.300000e-02
1	39	NOE	6.990000e-01	6.990000e-01	3.675192e-09	-1.009294e-14	1.100000e-02
1	40	NOE	6.830000e-01	6.830000e-01	3.450499e-09	0.000000e+00	1.600000e-02
1	41	NOE	6.820000e-01	6.820000e-01	3.437743e-09	7.930164e-15	1.400000e-02
1	42	NOE	7.110000e-01	7.110000e-01	3.874552e-09	0.000000e+00	1.800000e-02
1	43	NOE	7.440000e-01	7.440000e-01	4.642715e-09	0.000000e+00	2.100000e-02
1	44	NOE	7.010000e-01	7.010000e-01	3.706356e-09	6.530724e-15	1.700000e-02
1	45	NOE	7.430000e-01	7.430000e-01	4.612560e-09	-6.167906e-15	1.800000e-02
1	46	NOE	7.550000e-01	7.550000e-01	5.017853e-09	6.530724e-15	1.700000e-02
1	47	NOE	6.900000e-01	6.900000e-01	3.543795e-09	7.930164e-15	1.400000e-02
1	48	NOE	7.020000e-01	7.020000e-01	3.722227e-09	-2.671543e-07	1.300000e-02
1	49	NOE	5.610000e-01	5.610000e-01	2.482963e-09	9.251859e-15	1.200000e-02
1	50	NOE	6.980000e-01	6.980000e-01	3.659893e-09	0.000000e+00	1.800000e-02
1	51	NOE	7.480000e-01	7.480000e-01	4.769394e-09	0.000000e+00	2.000000e-02
1	52	NOE	6.920000e-01	6.920000e-01	3.571817e-09	0.000000e+00	1.200000e-02
1	54	NOE	6.840000e-01	6.840000e-01	3.463394e-09	-7.930164e-15	1.400000e-02
1	55	NOE	7.490000e-01	7.490000e-01	4.802682e-09	-5.843279e-15	1.900000e-02
1	56	NOE	7.270000e-01	7.270000e-01	4.196861e-09	8.540177e-15	1.300000e-02
1	57	NOE	7.610000e-01	7.610000e-01	5.264137e-09	8.540177e-15	1.300000e-02
1	58	NOE	7.430000e-01	7.430000e-01	4.612560e-09	-9.251859e-15	1.200000e-02
1	59	NOE	7.260000e-01	7.260000e-01	4.174387e-09	0.000000e+00	1.400000e-02
1	60	NOE	7.280000e-01	7.280000e-01	4.219692e-09	7.930164e-15	1.400000e-02
1	62	NOE	6.290000e-01	6.290000e-01	2.909862e-09	0.000000e+00	1.400000e-02
1	63	NOE	7.360000e-01	7.360000e-01	4.416434e-09	-9.251859e-15	1.200000e-02
1	64	NOE	7.150000e-01	7.150000e-01	3.948321e-09	6.530724e-15	1.700000e-02
1	65	NOE	7.590000e-01	7.590000e-01	5.178128e-09	9.251859e-15	1.200000e-02
1	66	NOE	7.420000e-01	7.420000e-01	4.582973e-09	0.000000e+00	1.800000e-02
1	67	NOE	6.950000e-01	6.950000e-01	3.615079e-09	-1.665335e-14	2.000000e-02
1	68	NOE	7.390000e-01	7.390000e-01	4.497445e-09	0.000000e+00	1.900000e-02
1	70	NOE	7.320000e-01	7.320000e-01	4.314785e-09	0.000000e+00	2.100000e-02
1	74	NOE	8.300000e-02	8.300000e-02	1.395098e-09	-7.709882e-15	9.000000e-03
1	75	NOE	-4.720000e-01	-4.720000e-01	9.792293e-10	-2.220446e-14	1.000000e-02
1	76	NOE	-1.239000e+00	-1.239000e+00	6.843260e-10	-2.018587e-14	1.100000e-02


2	2	R1	2.321802e+00	2.321802e+00	6.882808e-09	0.000000e+00	1.725044e-02
2	3	R1	2.369107e+00	2.369107e+00	6.674419e-09	2.260648e-14	1.964434e-02
2	4	R1	2.508151e+00	2.508151e+00	6.087743e-09	-1.680790e-14	2.642146e-02
2	5	R1	2.370230e+00	2.370230e+00	6.669533e-09	0.000000e+00	2.471916e-02
2	6	R1	2.472799e+00	2.472799e+00	6.233744e-09	1.815652e-14	2.445894e-02
2	7	R1	2.413127e+00	2.413127e+00	6.484849e-09	2.178922e-14	2.038114e-02
2	8	R1	2.315887e+00	2.315887e+00	6.909231e-09	0.000000e+00	1.823533e-02
2	9	R1	2.207018e+00	2.207018e+00	7.412020e-09	2.337727e-14	1.899663e-02
2	10	R1	2.226676e+00	2.226676e+00	7.318776e-09	2.889313e-14	1.537006e-02
2	11	R1	2.085071e+00	2.085071e+00	8.018604e-09	0.000000e+00	1.217306e-02
2	12	R1	2.254283e+00	2.254283e+00	7.189726e-09	0.000000e+00	1.880263e-02
2	13	R1	2.383790e+00	2.383790e+00	6.610744e-09	-1.662786e-14	2.670754e-02
2	14	R1	2.314815e+00	2.314815e+00	6.914030e-09	-2.071943e-14	2.143347e-02
2	15	R1	2.487562e+00	2.487562e+00	6.172545e-09	0.000000e+00	2.351427e-02
2	16	R1	2.239140e+00	2.239140e+00	1.112978e-09	1.023391e-06	1.704675e-02
2	17	R1	2.449780e+00	2.449780e+00	6.329874e-09	0.000000e+00	2.040483e-02
2	18	R1	2.326122e+00	2.326122e+00	6.863559e-09	0.000000e+00	2.218447e-02
2	20	R1	2.356268e+00	2.356268e+00	6.730477e-09	4.847714e-14	1.832159e-02
2	22	R1	2.444988e+00	2.444988e+00	6.349997e-09	2.251142e-14	1.972729e-02
2	23	R1	2.567394e+00	2.567394e+00	5.846885e-09	7.997946e-07	2.702520e-02
2	25	R1	2.497502e+00	2.497502e+00	6.131526e-09	-4.449778e-14	1.996006e-02
2	26	R1	2.478929e+00	2.478929e+00	6.208291e-09	-2.491977e-14	1.782076e-02
2	27	R1	2.546473e+00	2.546473e+00	5.931454e-09	0.000000e+00	2.010203e-02
2	29	R1	2.469136e+00	2.469136e+00	6.248984e-09	-5.202981e-14	1.707057e-02
2	30	R1	2.538715e+00	2.538715e+00	5.962942e-09	4.445396e-14	1.997974e-02
2	32	R1	2.422481e+00	2.422481e+00	6.445066e-09	1.428003e-06	1.584471e-02
2	33	R1	2.374169e+00	2.374169e+00	6.652415e-09	-2.917986e-14	1.521903e-02
2	34	R1	2.378121e+00	2.378121e+00	6.635273e-09	-1.826139e-14	2.431848e-02
2	35	R1	2.397507e+00	2.397507e+00	6.551668e-09	1.884372e-14	2.356696e-02
2	36	R1	2.080732e+00	2.080732e+00	8.041161e-09	0.000000e+00	1.645190e-02
2	39	R1	2.420721e+00	2.420721e+00	6.452536e-09	2.806835e-14	1.582171e-02
2	40	R1	2.440810e+00	2.440810e+00	6.367573e-09	-2.014654e-14	2.204295e-02
2	41	R1	2.453988e+00	2.453988e+00	6.312234e-09	1.035931e-06	2.167940e-02
2	42	R1	2.405581e+00	2.405581e+00	6.517069e-09	9.124812e-07	2.488332e-02
2	43	R1	2.380386e+00	2.380386e+00	6.625468e-09	1.567493e-14	2.833118e-02
2	44	R1	2.446184e+00	2.446184e+00	6.344970e-09	-1.810123e-14	2.453365e-02
2	45	R1	2.482622e+00	2.482622e+00	6.192988e-09	0.000000e+00	2.588632e-02
2	46	R1	2.463661e+00	2.463661e+00	6.271799e-09	0.000000e+00	2.670635e-02
2	47	R1	2.394063e+00	2.394063e+00	6.566465e-09	0.000000e+00	2.006038e-02
2	48	R1	2.288330e+00	2.288330e+00	7.033484e-09	0.000000e+00	1.570936e-02
2	49	R1	2.214839e+00	2.214839e+00	7.374782e-09	1.684562e-06	1.373544e-02
2	50	R1	2.423068e+00	2.423068e+00	6.442574e-09	0.000000e+00	2.524640e-02
2	51	R1	2.295684e+00	2.295684e+00	7.000136e-09	0.000000e+00	2.635083e-02
2	52	R1	2.170139e+00	2.170139e+00	7.590173e-09	3.143214e-14	1.412851e-02
2	54	R1	2.293052e+00	2.293052e+00	7.012055e-09	2.282657e-14	1.945492e-02
2	55	R1	2.392344e+00	2.392344e+00	6.573856e-09	1.686805e-14	2.632724e-02
2	56	R1	2.529724e+00	2.529724e+00	5.999529e-09	-4.205716e-14	2.111837e-02
2	57	R1	2.493766e+00	2.493766e+00	6.146929e-09	2.380333e-14	1.865660e-02
2	58	R1	2.503129e+00	2.503129e+00	6.108373e-09	2.147780e-14	2.067666e-02
2	59	R1	2.413127e+00	2.413127e+00	6.484849e-09	1.906557e-14	2.329274e-02
2	60	R1	2.409058e+00	2.409058e+00	6.502210e-09	2.068112e-14	2.147317e-02
2	62	R1	2.125399e+00	2.125399e+00	7.812304e-09	0.000000e+00	1.671408e-02
2	63	R1	2.257846e+00	2.257846e+00	7.173229e-09	1.813219e-06	1.274467e-02
2	64	R1	2.520161e+00	2.520161e+00	6.038556e-09	0.000000e+00	2.667509e-02
2	65	R1	2.416626e+00	2.416626e+00	6.469947e-09	2.452955e-14	1.810426e-02
2	66	R1	2.390057e+00	2.390057e+00	6.583704e-09	0.000000e+00	2.513445e-02
2	67	R1	2.486325e+00	2.486325e+00	6.177660e-09	0.000000e+00	2.967270e-02
2	68	R1	2.447381e+00	2.447381e+00	6.339940e-09	8.942296e-07	2.515664e-02
2	70	R1	2.517623e+00	2.517623e+00	6.048934e-09	0.000000e+00	2.788908e-02
2	74	R1	1.687479e+00	1.687479e+00	6.341773e-10	-1.581975e-06	7.403721e-03
2	75	R1	1.318044e+00	1.318044e+00	3.690868e-10	0.000000e+00	6.080340e-03
2	76	R1	8.285691e-01	8.285691e-01	1.725561e-10	-6.738164e-14	3.295328e-03


