2	6.211180e+00	1.157363e-01	7.090000e-01	1.500000e-02	2.321802e+00	1.725044e-02	6.848886e-02	
3	5.871991e+00	1.241290e-01	6.940000e-01	1.400000e-02	2.369107e+00	1.964434e-02	7.348656e-02	
4	6.086427e+00	1.592918e-01	7.120000e-01	1.600000e-02	2.508151e+00	2.642146e-02	7.322310e-02	
5	6.067961e+00	1.620087e-01	7.240000e-01	1.700000e-02	2.370230e+00	2.471916e-02	6.631342e-02	
6	6.082725e+00	1.516981e-01	7.550000e-01	1.900000e-02	2.472799e+00	2.445894e-02	6.141250e-02	
7	6.006006e+00	1.298596e-01	6.830000e-01	1.600000e-02	2.413127e+00	2.038114e-02	7.754278e-02	
8	5.503577e+00	1.150996e-01	6.000000e-01	1.400000e-02	2.315887e+00	1.823533e-02	9.390294e-02	
9	5.241090e+00	1.345982e-01	6.330000e-01	1.300000e-02	2.207018e+00	1.899663e-02	8.210580e-02	
10	4.985045e+00	1.043728e-01	5.420000e-01	1.100000e-02	2.226676e+00	1.537006e-02	1.033771e-01	
11	4.943154e+00	9.040864e-02	5.990000e-01	1.100000e-02	2.085071e+00	1.217306e-02	8.475533e-02	
12	5.577245e+00	1.244226e-01	6.150000e-01	1.500000e-02	2.254283e+00	1.880263e-02	8.797738e-02	
13	6.119951e+00	1.797782e-01	6.840000e-01	1.900000e-02	2.383790e+00	2.670754e-02	7.635842e-02	
14	6.060606e+00	1.395776e-01	7.150000e-01	1.600000e-02	2.314815e+00	2.143347e-02	6.687487e-02	
15	5.906675e+00	1.395552e-01	7.030000e-01	1.500000e-02	2.487562e+00	2.351427e-02	7.489145e-02	
16	5.411255e+00	1.171267e-01	6.790000e-01	1.500000e-02	2.239140e+00	1.704675e-02	7.285983e-02	
17	6.540222e+00	1.326010e-01	7.250000e-01	1.600000e-02	2.449780e+00	2.040483e-02	6.829069e-02	
18	6.548788e+00	1.458145e-01	6.870000e-01	1.700000e-02	2.326122e+00	2.218447e-02	7.380380e-02	
20	6.464124e+00	1.295332e-01	6.790000e-01	1.200000e-02	2.356268e+00	1.832159e-02	7.667107e-02	
22	6.108735e+00	1.306083e-01	6.840000e-01	1.400000e-02	2.444988e+00	1.972729e-02	7.831873e-02	
23	6.802721e+00	1.665973e-01	7.220000e-01	1.700000e-02	2.567394e+00	2.702520e-02	7.235011e-02	
25	8.305648e+00	1.379676e-01	7.300000e-01	1.300000e-02	2.497502e+00	1.996006e-02	6.835520e-02	
26	6.439150e+00	1.119492e-01	7.440000e-01	1.200000e-02	2.478929e+00	1.782076e-02	6.432887e-02	
27	6.958942e+00	1.210672e-01	7.230000e-01	1.300000e-02	2.546473e+00	2.010203e-02	7.150241e-02	
29	6.337136e+00	1.084301e-01	6.960000e-01	1.200000e-02	2.469136e+00	1.707057e-02	7.608874e-02	
30	5.984440e+00	1.217660e-01	7.040000e-01	1.300000e-02	2.538715e+00	1.997974e-02	7.617414e-02	
32	6.234414e+00	1.010566e-01	7.530000e-01	1.100000e-02	2.422481e+00	1.584471e-02	6.065395e-02	
33	5.847953e+00	1.025957e-01	6.710000e-01	1.200000e-02	2.374169e+00	1.521903e-02	7.917888e-02	
34	6.053269e+00	1.538967e-01	7.170000e-01	1.800000e-02	2.378121e+00	2.431848e-02	6.822166e-02	
35	6.138735e+00	1.545047e-01	7.360000e-01	1.500000e-02	2.397507e+00	2.356696e-02	6.416018e-02	
36	5.461496e+00	1.222946e-01	7.240000e-01	1.300000e-02	2.080732e+00	1.645190e-02	5.821396e-02	
39	6.161429e+00	1.025007e-01	6.990000e-01	1.100000e-02	2.420721e+00	1.582171e-02	7.386065e-02	
40	6.273526e+00	1.416856e-01	6.830000e-01	1.600000e-02	2.440810e+00	2.204295e-02	7.843233e-02	
41	6.165228e+00	1.368361e-01	6.820000e-01	1.400000e-02	2.453988e+00	2.167940e-02	7.910453e-02	
42	6.184292e+00	1.606310e-01	7.110000e-01	1.800000e-02	2.405581e+00	2.488332e-02	7.047250e-02	
43	6.207325e+00	1.849482e-01	7.440000e-01	2.100000e-02	2.380386e+00	2.833118e-02	6.177164e-02	
44	6.082725e+00	1.553981e-01	7.010000e-01	1.700000e-02	2.446184e+00	2.453365e-02	7.414163e-02	
45	6.079027e+00	1.589047e-01	7.430000e-01	1.800000e-02	2.482622e+00	2.588632e-02	6.467635e-02	
46	6.108735e+00	1.641933e-01	7.550000e-01	1.700000e-02	2.463661e+00	2.670635e-02	6.118555e-02	
47	5.854801e+00	1.302590e-01	6.900000e-01	1.400000e-02	2.394063e+00	2.006038e-02	7.523139e-02	
48	6.261741e+00	1.058654e-01	7.020000e-01	1.300000e-02	2.288330e+00	1.570936e-02	6.912524e-02	
49	5.691520e+00	9.394085e-02	5.610000e-01	1.200000e-02	2.214839e+00	1.373544e-02	9.856180e-02	
50	5.595971e+00	1.534430e-01	6.980000e-01	1.800000e-02	2.423068e+00	2.524640e-02	7.417786e-02	
51	5.959476e+00	1.775767e-01	7.480000e-01	2.000000e-02	2.295684e+00	2.635083e-02	5.864277e-02	
52	6.418485e+00	1.071121e-01	6.920000e-01	1.200000e-02	2.170139e+00	1.412851e-02	6.775480e-02	
54	6.410256e+00	1.356016e-01	6.840000e-01	1.400000e-02	2.293052e+00	1.945492e-02	7.345187e-02	
55	6.180470e+00	1.757117e-01	7.490000e-01	1.900000e-02	2.392344e+00	2.632724e-02	6.086944e-02	
56	6.261741e+00	1.333120e-01	7.270000e-01	1.300000e-02	2.529724e+00	2.111837e-02	7.000639e-02	
57	5.854801e+00	1.131197e-01	7.610000e-01	1.300000e-02	2.493766e+00	1.865660e-02	6.041647e-02	
58	6.535948e+00	1.324277e-01	7.430000e-01	1.200000e-02	2.503129e+00	2.067666e-02	6.521060e-02	
59	6.024096e+00	1.560459e-01	7.260000e-01	1.400000e-02	2.413127e+00	2.329274e-02	6.702436e-02	
60	6.402049e+00	1.352545e-01	7.280000e-01	1.400000e-02	2.409058e+00	2.147317e-02	6.642293e-02	
62	4.980080e+00	1.215258e-01	6.290000e-01	1.400000e-02	2.125399e+00	1.671408e-02	7.993116e-02	
63	6.349206e+00	8.465608e-02	7.360000e-01	1.200000e-02	2.257846e+00	1.274467e-02	6.042269e-02	
64	5.917160e+00	1.610588e-01	7.150000e-01	1.700000e-02	2.520161e+00	2.667509e-02	7.280732e-02	
65	6.369427e+00	1.176518e-01	7.590000e-01	1.200000e-02	2.416626e+00	1.810426e-02	5.903756e-02	
66	6.246096e+00	1.599562e-01	7.420000e-01	1.800000e-02	2.390057e+00	2.513445e-02	6.250717e-02	
67	6.234414e+00	1.865660e-01	6.950000e-01	2.000000e-02	2.486325e+00	2.967270e-02	7.687048e-02	
68	5.885815e+00	1.593570e-01	7.390000e-01	1.900000e-02	2.447381e+00	2.515664e-02	6.475063e-02	
70	6.468305e+00	1.757237e-01	7.320000e-01	2.100000e-02	2.517623e+00	2.788908e-02	6.839548e-02	
74	3.222688e+00	5.919858e-02	8.300000e-02	9.000000e-03	1.687479e+00	7.403721e-03	1.568590e-01	
75	1.758706e+00	5.660273e-02	-4.720000e-01	1.000000e-02	1.318044e+00	6.080340e-03	1.966707e-01	
76	1.328904e+00	4.008786e-02	-1.239000e+00	1.100000e-02	8.285691e-01	3.295328e-03	1.880549e-01	
