1.372247e+00	1.000000e+00	2.574573e-69
1.461761e+00	0.000000e+00	9.677464e-67
1.557115e+00	0.000000e+00	4.739756e-64
1.658688e+00	0.000000e+00	3.027199e-61
1.766887e+00	1.000000e+00	2.517847e-58
1.882145e+00	0.000000e+00	2.716461e-55
2.004920e+00	0.000000e+00	3.774802e-52
2.135705e+00	0.000000e+00	6.683835e-49
2.275021e+00	0.000000e+00	1.485325e-45
2.423425e+00	0.000000e+00	4.059429e-42
2.581509e+00	0.000000e+00	1.328953e-38
2.749906e+00	0.000000e+00	5.040007e-35
2.929287e+00	0.000000e+00	2.123789e-31
3.120370e+00	0.000000e+00	9.446011e-28
3.323918e+00	1.000000e+00	4.165614e-24
3.540743e+00	0.000000e+00	1.688894e-20
3.771712e+00	0.000000e+00	5.750314e-17
4.017748e+00	0.000000e+00	1.475970e-13
4.279833e+00	0.000000e+00	2.512959e-10
4.559014e+00	0.000000e+00	2.440097e-07
4.856407e+00	3.000000e+00	1.131313e-04
5.173199e+00	1.000000e+00	2.033606e-02
5.510657e+00	5.000000e+00	1.111095e+00
5.870127e+00	1.300000e+01	1.389338e+01
6.253046e+00	2.900000e+01	2.858338e+01
6.660944e+00	6.000000e+00	6.596533e+00
7.095450e+00	1.000000e+00	1.095689e-01
7.558299e+00	0.000000e+00	7.839973e-05
8.051340e+00	1.000000e+00	1.335843e-09


1.080558e-02	0.000000e+00	6.474811e-09
1.254652e-02	0.000000e+00	6.986992e-09
1.456796e-02	0.000000e+00	7.631819e-09
1.691508e-02	0.000000e+00	8.454191e-09
1.964035e-02	0.000000e+00	9.518784e-09
2.280471e-02	0.000000e+00	1.092098e-08
2.647890e-02	0.000000e+00	1.280513e-08
3.074505e-02	0.000000e+00	1.539606e-08
3.569855e-02	0.000000e+00	1.905524e-08
4.145013e-02	0.000000e+00	2.438457e-08
4.812838e-02	0.000000e+00	3.242649e-08
5.588260e-02	0.000000e+00	4.506690e-08
6.488614e-02	0.000000e+00	6.588845e-08
7.534029e-02	0.000000e+00	1.020790e-07
8.747876e-02	1.000000e+00	1.689692e-07
1.015729e-01	0.000000e+00	3.015756e-07
1.179379e-01	0.000000e+00	5.862562e-07
1.369395e-01	0.000000e+00	1.255058e-06
1.590025e-01	0.000000e+00	2.994074e-06
1.846202e-01	0.000000e+00	8.059116e-06
2.143654e-01	0.000000e+00	2.478886e-05
2.489029e-01	0.000000e+00	8.821804e-05
2.890049e-01	0.000000e+00	3.673421e-04
3.355680e-01	0.000000e+00	1.805553e-03
3.896332e-01	0.000000e+00	1.052217e-02
4.524090e-01	0.000000e+00	7.251503e-02
5.252990e-01	2.000000e+00	5.830770e-01
6.099327e-01	5.000000e+00	5.309838e+00
7.082022e-01	5.200000e+01	5.190868e+01


8.450446e-01	1.000000e+00	1.149328e-49
8.786508e-01	0.000000e+00	1.463034e-47
9.135935e-01	0.000000e+00	2.023225e-45
9.499258e-01	0.000000e+00	3.022548e-43
9.877029e-01	0.000000e+00	4.846066e-41
1.026982e+00	0.000000e+00	8.275384e-39
1.067824e+00	0.000000e+00	1.491992e-36
1.110290e+00	0.000000e+00	2.811728e-34
1.154445e+00	0.000000e+00	5.475897e-32
1.200355e+00	0.000000e+00	1.087923e-29
1.248092e+00	0.000000e+00	2.173018e-27
1.297726e+00	1.000000e+00	4.292573e-25
1.349335e+00	0.000000e+00	8.233007e-23
1.402996e+00	0.000000e+00	1.501865e-20
1.458791e+00	0.000000e+00	2.546474e-18
1.516805e+00	0.000000e+00	3.911554e-16
1.577127e+00	0.000000e+00	5.290340e-14
1.639847e+00	0.000000e+00	6.103890e-12
1.705061e+00	1.000000e+00	5.800975e-10
1.772869e+00	0.000000e+00	4.368496e-08
1.843373e+00	0.000000e+00	2.497478e-06
1.916682e+00	0.000000e+00	1.033928e-04
1.992905e+00	0.000000e+00	2.942270e-03
2.072160e+00	2.000000e+00	5.434787e-02
2.154567e+00	2.000000e+00	6.117999e-01
2.240251e+00	6.000000e+00	3.916317e+00
2.329343e+00	1.100000e+01	1.321172e+01
2.421977e+00	2.300000e+01	2.160846e+01
2.518296e+00	1.500000e+01	1.563719e+01


5.946187e-02	5.000000e+00	3.711222e+00
6.201118e-02	5.000000e+00	5.095547e+00
6.466979e-02	5.000000e+00	6.506640e+00
6.744239e-02	1.000000e+01	7.645174e+00
7.033385e-02	4.000000e+00	8.169019e+00
7.334928e-02	1.000000e+01	7.835384e+00
7.649399e-02	8.000000e+00	6.650173e+00
7.977353e-02	5.000000e+00	4.916164e+00
8.319366e-02	2.000000e+00	3.110880e+00
8.676043e-02	1.000000e+00	1.653048e+00
9.048012e-02	0.000000e+00	7.222440e-01
9.435928e-02	1.000000e+00	2.535245e-01
9.840476e-02	1.000000e+00	6.970156e-02
1.026237e-01	1.000000e+00	1.459538e-02
1.070235e-01	0.000000e+00	2.257449e-03
1.116119e-01	0.000000e+00	2.493650e-04
1.163970e-01	0.000000e+00	1.896011e-05
1.213873e-01	0.000000e+00	9.529392e-07
1.265916e-01	0.000000e+00	3.028701e-08
1.320190e-01	0.000000e+00	5.798642e-10
1.376790e-01	0.000000e+00	6.341360e-12
1.435818e-01	0.000000e+00	3.737203e-14
1.497375e-01	0.000000e+00	1.113670e-16
1.561573e-01	1.000000e+00	1.565124e-19
1.628522e-01	0.000000e+00	9.612226e-23
1.698342e-01	0.000000e+00	2.373508e-26
1.771155e-01	0.000000e+00	2.151225e-30
1.847090e-01	1.000000e+00	6.478451e-35
1.926280e-01	1.000000e+00	5.814357e-40


3.055092e-01	5.000000e+00	3.663487e+00
3.152828e-01	5.000000e+00	5.099906e+00
3.253691e-01	5.000000e+00	6.546276e+00
3.357780e-01	1.000000e+01	7.682007e+00
3.465200e-01	4.000000e+00	8.165813e+00
3.576056e-01	1.000000e+01	7.784981e+00
3.690459e-01	8.000000e+00	6.585810e+00
3.808521e-01	5.000000e+00	4.887228e+00
3.930360e-01	2.000000e+00	3.142317e+00
4.056097e-01	1.000000e+00	1.727432e+00
4.185857e-01	0.000000e+00	8.004154e-01
4.319768e-01	1.000000e+00	3.078455e-01
4.457962e-01	1.000000e+00	9.667207e-02
4.600578e-01	1.000000e+00	2.435245e-02
4.747756e-01	0.000000e+00	4.828571e-03
4.899643e-01	0.000000e+00	7.383966e-04
5.056389e-01	0.000000e+00	8.520705e-05
5.218149e-01	0.000000e+00	7.247877e-06
5.385084e-01	0.000000e+00	4.431987e-07
5.557359e-01	0.000000e+00	1.896531e-08
5.735146e-01	0.000000e+00	5.518006e-10
5.918621e-01	0.000000e+00	1.058426e-11
6.107965e-01	0.000000e+00	1.294905e-13
6.303366e-01	1.000000e+00	9.753102e-16
6.505019e-01	0.000000e+00	4.354286e-18
6.713122e-01	0.000000e+00	1.106483e-20
6.927883e-01	0.000000e+00	1.532406e-23
7.149515e-01	1.000000e+00	1.104162e-26
7.378237e-01	1.000000e+00	3.938597e-30


