1.438790e+00	1.000000e+00	1.332713e-62
1.538037e+00	0.000000e+00	4.295401e-60
1.644130e+00	0.000000e+00	1.812542e-57
1.757542e+00	0.000000e+00	1.001541e-54
1.878776e+00	1.000000e+00	7.229198e-52
2.008373e+00	0.000000e+00	6.778287e-49
2.146910e+00	0.000000e+00	8.178407e-46
2.295003e+00	0.000000e+00	1.252169e-42
2.453312e+00	0.000000e+00	2.385970e-39
2.622540e+00	0.000000e+00	5.513571e-36
2.803442e+00	0.000000e+00	1.494202e-32
2.996822e+00	1.000000e+00	4.551250e-29
3.203542e+00	0.000000e+00	1.477553e-25
3.424521e+00	0.000000e+00	4.788648e-22
3.660743e+00	0.000000e+00	1.430258e-18
3.913260e+00	0.000000e+00	3.573371e-15
4.183195e+00	0.000000e+00	6.646262e-12
4.471750e+00	0.000000e+00	8.004455e-09
4.780210e+00	0.000000e+00	5.286856e-06
5.109947e+00	1.000000e+00	1.572593e-03
5.462429e+00	3.000000e+00	1.669115e-01
5.839226e+00	5.000000e+00	4.805213e+00
6.242013e+00	2.700000e+01	2.718910e+01
6.672585e+00	2.100000e+01	2.072974e+01
7.132857e+00	0.000000e+00	1.369687e+00
7.624879e+00	1.000000e+00	4.685744e-03
8.150840e+00	0.000000e+00	4.554771e-07
8.713082e+00	0.000000e+00	6.260049e-13
9.314107e+00	1.000000e+00	5.408312e-21


1.081684e-02	0.000000e+00	9.775789e-09
1.258396e-02	0.000000e+00	1.052695e-08
1.463978e-02	0.000000e+00	1.147235e-08
1.703145e-02	0.000000e+00	1.267743e-08
1.981385e-02	0.000000e+00	1.423636e-08
2.305079e-02	0.000000e+00	1.628780e-08
2.681656e-02	0.000000e+00	1.904135e-08
3.119752e-02	0.000000e+00	2.282296e-08
3.629420e-02	0.000000e+00	2.815595e-08
4.222351e-02	0.000000e+00	3.591058e-08
4.912147e-02	0.000000e+00	4.759184e-08
5.714635e-02	0.000000e+00	6.591874e-08
6.648223e-02	0.000000e+00	9.604943e-08
7.734330e-02	0.000000e+00	1.483187e-07
8.997872e-02	0.000000e+00	2.447393e-07
1.046784e-01	0.000000e+00	4.355220e-07
1.217794e-01	1.000000e+00	8.443194e-07
1.416743e-01	0.000000e+00	1.802856e-06
1.648193e-01	0.000000e+00	4.289993e-06
1.917455e-01	0.000000e+00	1.151548e-05
2.230706e-01	0.000000e+00	3.529741e-05
2.595132e-01	0.000000e+00	1.249870e-04
3.019094e-01	0.000000e+00	5.163494e-04
3.512317e-01	0.000000e+00	2.505397e-03
4.086117e-01	0.000000e+00	1.429526e-02
4.753657e-01	0.000000e+00	9.520490e-02
5.530253e-01	1.000000e+00	7.249584e-01
6.433719e-01	6.000000e+00	6.062870e+00
7.484782e-01	5.200000e+01	5.198630e+01


8.533673e-01	1.000000e+00	2.387752e-66
8.823099e-01	0.000000e+00	3.360693e-63
9.122340e-01	0.000000e+00	5.034185e-60
9.431731e-01	0.000000e+00	7.941612e-57
9.751615e-01	0.000000e+00	1.303921e-53
1.008235e+00	0.000000e+00	2.199182e-50
1.042430e+00	0.000000e+00	3.755062e-47
1.077784e+00	0.000000e+00	6.387325e-44
1.114338e+00	0.000000e+00	1.063248e-40
1.152132e+00	0.000000e+00	1.698397e-37
1.191207e+00	0.000000e+00	2.547732e-34
1.231608e+00	0.000000e+00	3.504900e-31
1.273379e+00	1.000000e+00	4.308297e-28
1.316566e+00	0.000000e+00	4.599074e-25
1.361218e+00	0.000000e+00	4.132734e-22
1.407385e+00	0.000000e+00	3.021519e-19
1.455118e+00	0.000000e+00	1.731834e-16
1.504469e+00	0.000000e+00	7.473140e-14
1.555494e+00	0.000000e+00	2.323148e-11
1.608250e+00	1.000000e+00	4.959160e-09
1.662795e+00	0.000000e+00	6.900298e-07
1.719189e+00	0.000000e+00	5.913993e-05
1.777497e+00	1.000000e+00	2.936148e-03
1.837782e+00	3.000000e+00	7.900199e-02
1.900112e+00	4.000000e+00	1.071813e+00
1.964555e+00	8.000000e+00	6.780729e+00
2.031184e+00	1.600000e+01	1.838095e+01
2.100073e+00	2.200000e+01	1.948258e+01
2.171299e+00	5.000000e+00	7.313677e+00


4.046632e-02	1.000000e+00	2.193836e+00
4.261669e-02	4.000000e+00	4.480337e+00
4.488132e-02	7.000000e+00	7.590088e+00
4.726630e-02	1.300000e+01	1.030494e+01
4.977802e-02	1.000000e+01	1.078403e+01
5.242320e-02	6.000000e+00	8.324171e+00
5.520895e-02	6.000000e+00	4.509888e+00
5.814274e-02	3.000000e+00	1.621679e+00
6.123242e-02	1.000000e+00	3.634110e-01
6.448629e-02	2.000000e+00	4.728483e-02
6.791307e-02	0.000000e+00	3.299095e-03
7.152195e-02	2.000000e+00	1.128863e-04
7.532260e-02	2.000000e+00	1.713808e-06
7.932522e-02	1.000000e+00	1.031802e-08
8.354053e-02	0.000000e+00	2.172289e-11
8.797985e-02	0.000000e+00	1.389201e-14
9.265507e-02	0.000000e+00	2.305158e-18
9.757873e-02	0.000000e+00	8.321157e-23
1.027640e-01	0.000000e+00	5.366010e-28
1.082249e-01	0.000000e+00	4.960212e-34
1.139759e-01	0.000000e+00	5.139870e-41
1.200325e-01	0.000000e+00	4.537288e-49
1.264110e-01	0.000000e+00	2.511835e-58
1.331285e-01	0.000000e+00	6.195991e-69
1.402029e-01	1.000000e+00	4.651804e-81
1.476532e-01	0.000000e+00	6.949690e-95
1.554994e-01	1.000000e+00	1.286575e-110
1.637626e-01	0.000000e+00	1.741048e-128
1.724649e-01	1.000000e+00	9.566189e-149


2.257374e-01	1.000000e+00	2.106116e+00
2.348898e-01	4.000000e+00	4.449562e+00
2.444133e-01	7.000000e+00	7.639233e+00
2.543229e-01	1.300000e+01	1.036294e+01
2.646343e-01	1.000000e+01	1.077005e+01
2.753637e-01	6.000000e+00	8.289863e+00
2.865282e-01	6.000000e+00	4.553439e+00
2.981454e-01	3.000000e+00	1.713606e+00
3.102335e-01	1.000000e+00	4.225611e-01
3.228118e-01	2.000000e+00	6.502288e-02
3.359000e-01	0.000000e+00	5.918794e-03
3.495189e-01	2.000000e+00	3.006135e-04
3.636899e-01	2.000000e+00	7.991827e-06
3.784355e-01	1.000000e+00	1.037121e-07
3.937790e-01	0.000000e+00	6.087614e-10
4.097446e-01	0.000000e+00	1.487139e-12
4.263575e-01	0.000000e+00	1.380685e-15
4.436439e-01	0.000000e+00	4.412057e-19
4.616312e-01	0.000000e+00	4.355732e-23
4.803478e-01	0.000000e+00	1.180844e-27
4.998232e-01	0.000000e+00	7.731747e-33
5.200883e-01	0.000000e+00	1.063083e-38
5.411750e-01	0.000000e+00	2.635685e-45
5.631167e-01	0.000000e+00	9.981702e-53
5.859479e-01	1.000000e+00	4.820172e-61
6.097049e-01	0.000000e+00	2.438352e-70
6.344250e-01	1.000000e+00	1.043306e-80
6.601475e-01	0.000000e+00	2.991907e-92
6.869128e-01	1.000000e+00	4.464637e-105


