0	4	R2	9.233610e+00	9.233610e+00	5.586336e-09	-2.934464e-15	6.053429e-01
0	5	R2	1.242236e+01	1.242236e+01	7.869155e-09	-3.837079e-15	4.629451e-01
0	6	R2	1.317523e+01	1.317523e+01	8.399093e-09	-4.651479e-15	3.818907e-01
0	7	R2	1.207729e+01	1.207729e+01	7.625320e-09	7.380860e-15	4.813415e-01
0	8	R2	1.319261e+01	1.319261e+01	8.411297e-09	0.000000e+00	8.354161e-01
0	10	R2	1.605136e+01	1.605136e+01	1.040316e-08	0.000000e+00	5.410572e-01
0	11	R2	1.457726e+01	1.457726e+01	9.379529e-09	6.430357e-15	5.524909e-01
0	12	R2	1.479290e+01	1.479290e+01	9.529687e-09	0.000000e+00	1.072266e+00
0	14	R2	1.531394e+01	1.531394e+01	9.891889e-09	-2.611912e-15	6.800982e-01
0	15	R2	2.028398e+01	2.028398e+01	1.331474e-08	3.083870e-15	1.152031e+00
0	16	R2	1.356852e+01	1.356852e+01	8.674904e-09	-2.680172e-15	6.627771e-01
0	17	R2	1.692047e+01	1.692047e+01	1.100392e-08	-4.963582e-15	7.157561e-01
0	18	R2	1.428571e+01	1.428571e+01	9.176263e-09	0.000000e+00	6.734694e-01
0	19	R2	1.515152e+01	1.515152e+01	9.779071e-09	2.210803e-15	8.034894e-01
0	20	R2	1.402525e+01	1.402525e+01	8.994407e-09	2.100104e-15	8.458423e-01
0	21	R2	1.461988e+01	1.461988e+01	9.409221e-09	0.000000e+00	7.267193e-01
0	22	R2	1.335113e+01	1.335113e+01	8.522535e-09	0.000000e+00	6.238848e-01
0	23	R2	1.416431e+01	1.416431e+01	9.091528e-09	0.000000e+00	5.617572e-01
0	24	R2	1.636661e+01	1.636661e+01	1.062128e-08	4.912232e-15	7.232382e-01
0	25	R2	1.347709e+01	1.347709e+01	8.610842e-09	2.173329e-15	8.173437e-01
0	26	R2	1.270648e+01	1.270648e+01	8.069464e-09	0.000000e+00	5.650912e-01
0	27	R2	1.367989e+01	1.367989e+01	8.752889e-09	3.273158e-15	5.427043e-01
0	28	R2	1.305483e+01	1.305483e+01	8.314523e-09	-3.362219e-15	5.283286e-01
0	29	R2	1.461988e+01	1.461988e+01	9.409221e-09	0.000000e+00	2.564892e-01
0	31	R2	1.515152e+01	1.515152e+01	9.779071e-09	1.004910e-15	1.767677e+00
0	32	R2	1.533742e+01	1.533742e+01	9.908197e-09	-6.509797e-16	2.728744e+00
0	34	R2	1.412429e+01	1.412429e+01	9.063591e-09	1.509193e-15	1.177024e+00
0	35	R2	1.754386e+01	1.754386e+01	1.143376e-08	0.000000e+00	1.015697e+00
0	37	R2	1.712329e+01	1.712329e+01	1.114386e-08	-5.635694e-15	1.260790e+00
0	38	R2	1.408451e+01	1.408451e+01	9.035805e-09	-2.420166e-15	7.339814e-01
0	39	R2	2.398082e+01	2.398082e+01	1.583692e-08	5.616162e-15	1.265175e+00
0	40	R2	1.512859e+01	1.512859e+01	9.763143e-09	-2.097642e-15	8.468350e-01
0	41	R2	1.331558e+01	1.331558e+01	8.497594e-09	-1.431239e-15	1.241133e+00
0	43	R2	1.262626e+01	1.262626e+01	8.012950e-09	4.285557e-15	4.144985e-01
0	44	R2	1.225490e+01	1.225490e+01	7.750902e-09	0.000000e+00	4.054931e-01
0	45	R2	1.447178e+01	1.447178e+01	9.306022e-09	1.211681e-14	2.932054e-01
0	46	R2	1.385042e+01	1.385042e+01	8.872201e-09	-7.122972e-15	2.493842e-01
0	47	R2	1.201923e+01	1.201923e+01	7.584227e-09	8.783120e-15	4.044933e-01
0	48	R2	1.239157e+01	1.239157e+01	7.847426e-09	0.000000e+00	4.606533e-01
0	50	R2	1.029866e+01	1.029866e+01	6.357026e-09	-2.263273e-15	7.848619e-01
0	51	R2	1.290323e+01	1.290323e+01	8.207941e-09	0.000000e+00	7.325702e-01
0	52	R2	1.146789e+01	1.146789e+01	7.193065e-09	-2.178570e-15	8.153775e-01
0	53	R2	1.251564e+01	1.251564e+01	7.934967e-09	2.577336e-15	6.892220e-01
0	54	R2	1.272265e+01	1.272265e+01	8.080849e-09	-3.407563e-07	5.017838e-01
0	55	R2	1.172333e+01	1.172333e+01	7.374515e-09	-6.802596e-15	2.611293e-01
0	56	R2	1.285347e+01	1.285347e+01	8.172939e-09	-9.774549e-15	1.817329e-01
0	58	R2	1.503759e+01	1.503759e+01	9.699893e-09	-3.342763e-15	1.062807e+00
0	59	R2	1.862197e+01	1.862197e+01	1.217534e-08	-3.658902e-15	9.709782e-01
0	60	R2	1.865672e+01	1.865672e+01	1.219920e-08	0.000000e+00	5.221096e-01
0	62	R2	1.107420e+01	1.107420e+01	6.912609e-09	2.011746e-15	8.829925e-01
0	63	R2	1.091703e+01	1.091703e+01	6.800362e-09	1.447051e-15	1.227570e+00
0	64	R2	1.347709e+01	1.347709e+01	8.610842e-09	1.552378e-15	1.144281e+00
0	66	R2	1.567398e+01	1.567398e+01	1.014170e-08	0.000000e+00	2.874382e+00
0	69	R2	1.356852e+01	1.356852e+01	8.674904e-09	-1.969106e-15	9.021133e-01
0	70	R2	1.457726e+01	1.457726e+01	9.379529e-09	2.933145e-15	1.211230e+00
0	71	R2	1.447178e+01	1.447178e+01	9.306022e-09	4.712092e-15	7.539567e-01
0	73	R2	1.457726e+01	1.457726e+01	9.379529e-09	3.980697e-15	8.924853e-01
0	74	R2	1.503759e+01	1.503759e+01	9.699893e-09	-4.909684e-15	7.236135e-01
0	75	R2	1.536098e+01	1.536098e+01	9.924554e-09	-3.011287e-15	5.898995e-01
0	76	R2	1.479290e+01	1.479290e+01	9.529687e-09	0.000000e+00	2.407129e+00
0	77	R2	1.652893e+01	1.652893e+01	1.073349e-08	8.669213e-15	4.098081e-01
0	78	R2	1.392758e+01	1.392758e+01	8.926151e-09	-1.990771e-15	8.922960e-01
0	79	R2	1.204819e+01	1.204819e+01	7.604726e-09	0.000000e+00	5.661199e-01
0	80	R2	1.538462e+01	1.538462e+01	9.940959e-09	0.000000e+00	5.207101e-01
0	81	R2	1.336898e+01	1.336898e+01	8.535053e-09	-1.104310e-14	3.217135e-01
0	82	R2	1.176471e+01	1.176471e+01	7.403870e-09	0.000000e+00	4.705882e-01
0	83	R2	1.226994e+01	1.226994e+01	7.761527e-09	-4.719602e-15	3.763785e-01
0	84	R2	1.375516e+01	1.375516e+01	8.805566e-09	-8.535055e-15	2.081248e-01
0	85	R2	1.451379e+01	1.451379e+01	9.335301e-09	7.440652e-15	7.162102e-01
0	86	R2	1.377410e+01	1.377410e+01	8.818822e-09	0.000000e+00	5.691779e-01
0	87	R2	1.508296e+01	1.508296e+01	9.731426e-09	-3.253464e-15	5.459894e-01
0	88	R2	1.552795e+01	1.552795e+01	1.004043e-08	0.000000e+00	3.375641e-01
0	90	R2	1.418440e+01	1.418440e+01	9.105554e-09	0.000000e+00	1.005986e+00
0	91	R2	1.336898e+01	1.336898e+01	8.535053e-09	-4.229271e-15	8.400297e-01
0	92	R2	1.455604e+01	1.455604e+01	9.364745e-09	3.224559e-15	5.508836e-01
0	94	R2	1.436782e+01	1.436782e+01	9.233534e-09	3.309599e-15	5.367288e-01
0	95	R2	1.574803e+01	1.574803e+01	1.019304e-08	-4.775143e-15	3.720007e-01
0	96	R2	1.377410e+01	1.377410e+01	8.818822e-09	0.000000e+00	2.314657e+00
0	97	R2	1.422475e+01	1.422475e+01	9.133721e-09	0.000000e+00	8.498429e-01
0	98	R2	1.597444e+01	1.597444e+01	1.034990e-08	3.867287e-15	9.186579e-01
0	99	R2	1.524390e+01	1.524390e+01	9.843254e-09	-2.465904e-15	7.203673e-01
0	100	R2	1.445087e+01	1.445087e+01	9.291444e-09	9.451482e-15	3.758896e-01
0	102	R2	1.503759e+01	1.503759e+01	9.699893e-09	-7.481423e-15	4.748714e-01
0	105	R2	1.438849e+01	1.438849e+01	9.247952e-09	6.600190e-15	5.382744e-01
0	106	R2	1.447178e+01	1.447178e+01	9.306022e-09	6.058405e-15	5.864108e-01
0	107	R2	1.375516e+01	1.375516e+01	8.805566e-09	-3.353058e-15	5.297723e-01
0	108	R2	1.457726e+01	1.457726e+01	9.379529e-09	5.224665e-15	6.799888e-01
0	111	R2	9.041591e+00	9.041591e+00	5.446334e-09	0.000000e+00	3.924018e-01
0	114	R2	1.353180e+01	1.353180e+01	8.649179e-09	0.000000e+00	3.479082e-01
0	115	R2	1.481481e+01	1.481481e+01	9.544939e-09	2.452584e-15	7.242798e-01
0	116	R2	1.508296e+01	1.508296e+01	9.731426e-09	-4.337952e-15	4.094920e-01
0	117	R2	1.356852e+01	1.356852e+01	8.674904e-09	-2.243865e-15	7.916505e-01
0	118	R2	1.375516e+01	1.375516e+01	8.805566e-09	-8.535055e-15	2.081248e-01
0	119	R2	1.773050e+01	1.773050e+01	1.156230e-08	0.000000e+00	2.169156e+00
0	120	R2	1.497006e+01	1.497006e+01	9.652936e-09	2.401979e-15	7.395389e-01
0	121	R2	1.445087e+01	1.445087e+01	9.291444e-09	1.063292e-14	3.341241e-01
0	122	R2	1.443001e+01	1.443001e+01	9.276906e-09	2.080716e-15	8.537238e-01
0	124	R2	1.009082e+01	1.009082e+01	6.207365e-09	-8.114076e-15	4.378458e-01
0	126	R2	1.394700e+01	1.394700e+01	8.939729e-09	1.691121e-15	1.050402e+00
0	127	R2	1.265823e+01	1.265823e+01	8.035474e-09	0.000000e+00	9.293382e-01
0	128	R2	1.388889e+01	1.388889e+01	8.899104e-09	1.534772e-14	2.314815e-01
0	129	R2	1.358696e+01	1.358696e+01	8.687817e-09	0.000000e+00	7.568821e-01
0	130	R2	1.394700e+01	1.394700e+01	8.939729e-09	3.512329e-15	5.057490e-01
0	131	R2	1.355014e+01	1.355014e+01	8.662025e-09	-3.583267e-15	4.957367e-01
0	132	R2	1.404494e+01	1.404494e+01	9.008169e-09	0.000000e+00	2.169865e-01
0	133	R2	1.457726e+01	1.457726e+01	9.379529e-09	9.834664e-15	3.612440e-01
0	134	R2	1.526718e+01	1.526718e+01	9.859418e-09	8.467794e-15	4.195560e-01
0	135	R2	1.385042e+01	1.385042e+01	8.872201e-09	-3.703946e-15	4.795850e-01
0	136	R2	1.524390e+01	1.524390e+01	9.843254e-09	-5.460216e-15	3.253272e-01
0	137	R2	1.402525e+01	1.402525e+01	8.994407e-09	4.752867e-15	3.737443e-01
0	138	R2	1.466276e+01	1.466276e+01	9.439082e-09	3.540969e-14	1.504975e-01
0	139	R2	1.310616e+01	1.310616e+01	8.350586e-09	-2.713871e-07	6.527314e-01
0	140	R2	1.519757e+01	1.519757e+01	9.811068e-09	5.916143e-15	3.002559e-01
0	141	R2	1.459854e+01	1.459854e+01	9.394354e-09	1.282325e-14	2.770526e-01
0	144	R2	1.396648e+01	1.396648e+01	8.953343e-09	0.000000e+00	7.217315e-01
0	145	R2	1.187648e+01	1.187648e+01	7.483122e-09	0.000000e+00	5.359934e-01
0	146	R2	1.579779e+01	1.579779e+01	1.022752e-08	-1.227184e-15	1.447507e+00
0	147	R2	1.254705e+01	1.254705e+01	7.957114e-09	3.134327e-15	5.667426e-01
0	148	R2	1.408451e+01	1.408451e+01	9.035805e-09	-1.865545e-15	9.521920e-01
0	149	R2	1.381215e+01	1.381215e+01	8.845440e-09	2.738599e-15	6.486371e-01
0	150	R2	1.303781e+01	1.303781e+01	8.302563e-09	-1.583350e-15	1.121898e+00
0	152	R2	1.164144e+01	1.164144e+01	7.316391e-09	-3.640944e-15	4.878835e-01
0	153	R2	1.367989e+01	1.367989e+01	8.752889e-09	1.665291e-15	1.066695e+00
0	154	R2	1.497006e+01	1.497006e+01	9.652936e-09	7.926531e-15	2.241027e-01
0	155	R2	1.492537e+01	1.492537e+01	9.621857e-09	6.133897e-15	5.791936e-01
0	156	R2	1.295337e+01	1.295337e+01	8.243204e-09	-7.057868e-15	2.516846e-01
0	157	R2	1.430615e+01	1.430615e+01	9.190522e-09	4.568051e-15	3.888654e-01
0	158	R2	1.264223e+01	1.264223e+01	8.024198e-09	-5.051967e-15	3.516169e-01
0	159	R2	1.468429e+01	1.468429e+01	9.454076e-09	2.746017e-15	6.468849e-01
0	160	R2	1.383126e+01	1.383126e+01	8.858803e-09	7.428426e-15	4.782593e-01
0	161	R2	1.466276e+01	1.466276e+01	9.439082e-09	2.065565e-14	2.579957e-01
0	163	R2	1.457726e+01	1.457726e+01	9.379529e-09	1.393244e-14	2.549958e-01
0	164	R2	1.543210e+01	1.543210e+01	9.973917e-09	-2.406127e-15	7.382640e-01
0	165	R2	1.328021e+01	1.328021e+01	8.472781e-09	0.000000e+00	1.058184e-01
0	166	R2	1.443001e+01	1.443001e+01	9.276906e-09	2.369704e-15	7.496111e-01
0	168	R2	1.644737e+01	1.644737e+01	1.067712e-08	0.000000e+00	5.680834e-01
0	169	R2	1.277139e+01	1.277139e+01	8.115172e-09	1.281253e-14	2.772844e-01
0	171	R2	4.889976e+00	4.889976e+00	2.385853e-09	-1.092466e-14	8.130033e-02


1	4	NOE	5.184000e-01	5.184000e-01	1.446688e-09	nan	nan
1	5	NOE	6.922000e-01	6.922000e-01	2.148908e-09	nan	nan
1	6	NOE	7.823000e-01	7.823000e-01	3.350351e-09	nan	nan
1	7	NOE	7.645000e-01	7.645000e-01	2.963531e-09	nan	nan
1	8	NOE	7.990000e-01	7.990000e-01	3.891837e-09	nan	nan
1	10	NOE	8.578000e-01	8.474950e-01	1.623604e-05	nan	nan
1	11	NOE	8.090000e-01	8.090000e-01	4.373024e-09	nan	nan
1	12	NOE	7.830000e-01	7.830000e-01	3.368746e-09	nan	nan
1	14	NOE	7.464000e-01	7.464000e-01	2.679725e-09	nan	nan
1	15	NOE	8.188000e-01	8.188000e-01	5.070504e-09	nan	nan
1	16	NOE	9.143000e-01	8.474950e-01	1.715376e-05	nan	nan
1	17	NOE	9.037000e-01	8.474950e-01	2.613680e-05	nan	nan
1	18	NOE	7.609000e-01	7.609000e-01	2.900108e-09	nan	nan
1	19	NOE	8.532000e-01	8.474950e-01	1.757202e-05	nan	nan
1	20	NOE	8.640000e-01	8.474950e-01	2.161319e-05	nan	nan
1	21	NOE	8.558000e-01	8.474950e-01	3.209901e-05	nan	nan
1	22	NOE	7.509000e-01	7.509000e-01	2.742818e-09	nan	nan
1	23	NOE	9.033000e-01	8.474950e-01	3.113261e-05	nan	nan
1	24	NOE	8.714000e-01	8.474950e-01	2.284451e-05	nan	nan
1	25	NOE	8.077000e-01	8.077000e-01	4.300385e-09	nan	nan
1	26	NOE	7.799000e-01	7.799000e-01	3.289457e-09	nan	nan
1	27	NOE	8.407000e-01	8.407000e-01	1.044497e-08	nan	nan
1	28	NOE	8.442000e-01	8.442000e-01	1.500522e-08	nan	nan
1	29	NOE	7.979000e-01	7.979000e-01	3.847965e-09	nan	nan
1	31	NOE	8.332000e-01	8.332000e-01	7.195342e-09	nan	nan
1	32	NOE	7.286000e-01	7.286000e-01	2.466062e-09	nan	nan
1	34	NOE	4.221000e-01	4.221000e-01	1.257828e-09	nan	nan
1	35	NOE	8.152000e-01	8.152000e-01	4.777647e-09	nan	nan
1	37	NOE	7.952000e-01	7.952000e-01	3.746191e-09	nan	nan
1	38	NOE	7.482000e-01	7.482000e-01	2.704451e-09	nan	nan
1	39	NOE	7.575000e-01	7.575000e-01	2.843716e-09	nan	nan
1	40	NOE	8.267000e-01	8.267000e-01	5.961468e-09	nan	nan
1	41	NOE	7.154000e-01	7.154000e-01	2.336122e-09	nan	nan
1	43	NOE	8.212000e-01	8.212000e-01	5.298253e-09	nan	nan
1	44	NOE	7.415000e-01	7.415000e-01	2.615613e-09	nan	nan
1	45	NOE	8.177000e-01	8.177000e-01	4.975421e-09	nan	nan
1	46	NOE	8.405000e-01	8.405000e-01	1.029434e-08	nan	nan
1	47	NOE	7.583000e-01	7.583000e-01	2.856696e-09	nan	nan
1	48	NOE	7.762000e-01	7.762000e-01	3.201643e-09	nan	nan
1	50	NOE	7.660000e-01	7.660000e-01	2.991181e-09	nan	nan
1	51	NOE	8.450000e-01	8.450000e-01	1.724542e-08	nan	nan
1	52	NOE	7.759000e-01	7.759000e-01	3.194821e-09	nan	nan
1	53	NOE	8.051000e-01	8.051000e-01	4.165233e-09	nan	nan
1	54	NOE	7.307000e-01	7.307000e-01	2.488722e-09	nan	nan
1	55	NOE	7.900000e-01	7.900000e-01	3.570707e-09	nan	nan
1	56	NOE	8.161000e-01	8.161000e-01	4.846125e-09	nan	nan
1	58	NOE	8.773000e-01	8.474950e-01	1.919886e-05	nan	nan
1	59	NOE	7.746000e-01	7.746000e-01	3.165746e-09	nan	nan
1	60	NOE	8.875000e-01	8.474950e-01	1.621885e-05	nan	nan
1	62	NOE	5.700000e-01	5.700000e-01	1.585068e-09	nan	nan
1	63	NOE	6.017000e-01	6.017000e-01	1.690418e-09	nan	nan
1	64	NOE	6.180000e-01	6.180000e-01	1.752729e-09	nan	nan
1	66	NOE	5.344000e-01	5.344000e-01	1.486003e-09	nan	nan
1	69	NOE	7.488000e-01	7.488000e-01	2.712842e-09	nan	nan
1	70	NOE	8.180000e-01	8.180000e-01	5.000826e-09	nan	nan
1	71	NOE	7.668000e-01	7.668000e-01	3.006240e-09	nan	nan
1	73	NOE	8.070000e-01	8.070000e-01	4.262724e-09	nan	nan
1	74	NOE	7.846000e-01	7.846000e-01	3.411933e-09	nan	nan
1	75	NOE	7.824000e-01	7.824000e-01	3.352961e-09	nan	nan
1	76	NOE	8.316000e-01	8.316000e-01	6.822394e-09	nan	nan
1	77	NOE	9.042000e-01	8.474950e-01	1.457085e-05	nan	nan
1	78	NOE	7.116000e-01	7.116000e-01	2.302239e-09	nan	nan
1	79	NOE	8.431000e-01	8.431000e-01	1.299085e-08	nan	nan
1	80	NOE	8.927000e-01	8.474950e-01	2.818142e-05	nan	nan
1	81	NOE	8.990000e-01	8.474950e-01	2.322522e-05	nan	nan
1	82	NOE	7.953000e-01	7.953000e-01	3.749820e-09	nan	nan
1	83	NOE	8.017000e-01	8.017000e-01	4.006121e-09	nan	nan
1	84	NOE	8.547000e-01	8.474950e-01	1.770088e-05	nan	nan
1	85	NOE	8.491000e-01	8.474950e-01	1.695564e-05	nan	nan
1	86	NOE	8.537000e-01	8.474950e-01	1.694519e-05	nan	nan
1	87	NOE	8.619000e-01	8.474950e-01	2.759290e-05	nan	nan
1	88	NOE	7.812000e-01	7.812000e-01	3.322033e-09	nan	nan
1	90	NOE	8.419000e-01	8.419000e-01	1.151223e-08	nan	nan
1	91	NOE	8.446000e-01	8.446000e-01	1.600904e-08	nan	nan
1	92	NOE	8.312000e-01	8.312000e-01	6.737841e-09	nan	nan
1	94	NOE	8.262000e-01	8.262000e-01	5.890741e-09	nan	nan
1	95	NOE	8.329000e-01	8.329000e-01	7.120773e-09	nan	nan
1	96	NOE	8.105000e-01	8.105000e-01	4.461537e-09	nan	nan
1	97	NOE	8.443000e-01	8.443000e-01	1.523840e-08	nan	nan
1	98	NOE	9.117000e-01	8.474950e-01	3.602175e-05	nan	nan
1	99	NOE	8.326000e-01	8.326000e-01	7.048466e-09	nan	nan
1	100	NOE	8.240000e-01	8.240000e-01	5.606808e-09	nan	nan
1	102	NOE	7.820000e-01	7.820000e-01	3.342558e-09	nan	nan
1	105	NOE	8.554000e-01	8.474950e-01	3.102356e-05	nan	nan
1	106	NOE	7.374000e-01	7.374000e-01	2.565265e-09	nan	nan
1	107	NOE	7.550000e-01	7.550000e-01	2.804237e-09	nan	nan
1	108	NOE	6.814000e-01	6.814000e-01	2.075318e-09	nan	nan
1	111	NOE	4.062000e-01	4.062000e-01	1.232573e-09	nan	nan
1	114	NOE	8.435000e-01	8.435000e-01	1.362630e-08	nan	nan
1	115	NOE	8.292000e-01	8.292000e-01	6.357495e-09	nan	nan
1	116	NOE	7.526000e-01	7.526000e-01	2.767804e-09	nan	nan
1	117	NOE	7.541000e-01	7.541000e-01	2.790411e-09	nan	nan
1	118	NOE	8.205000e-01	8.205000e-01	5.228704e-09	nan	nan
1	119	NOE	7.880000e-01	7.880000e-01	3.509397e-09	nan	nan
1	120	NOE	7.856000e-01	7.856000e-01	3.439768e-09	nan	nan
1	121	NOE	7.790000e-01	7.790000e-01	3.267447e-09	nan	nan
1	122	NOE	8.345000e-01	8.345000e-01	7.547751e-09	nan	nan
1	124	NOE	6.424000e-01	6.424000e-01	1.859286e-09	nan	nan
1	126	NOE	8.022000e-01	8.022000e-01	4.028394e-09	nan	nan
1	127	NOE	8.277000e-01	8.277000e-01	6.110866e-09	nan	nan
1	128	NOE	7.201000e-01	7.201000e-01	2.380089e-09	nan	nan
1	129	NOE	8.477000e-01	8.474950e-01	1.898040e-05	nan	nan
1	130	NOE	7.516000e-01	7.516000e-01	2.753026e-09	nan	nan
1	131	NOE	7.972000e-01	7.972000e-01	3.820797e-09	nan	nan
1	132	NOE	7.967000e-01	7.967000e-01	3.801735e-09	nan	nan
1	133	NOE	8.085000e-01	8.085000e-01	4.344657e-09	nan	nan
1	134	NOE	8.626000e-01	8.474950e-01	1.856034e-05	nan	nan
1	135	NOE	8.176000e-01	8.176000e-01	4.967038e-09	nan	nan
1	136	NOE	9.516000e-01	8.474950e-01	2.262095e-05	nan	nan
1	137	NOE	7.821000e-01	7.821000e-01	3.345150e-09	nan	nan
1	138	NOE	8.828000e-01	8.474950e-01	2.686058e-05	nan	nan
1	139	NOE	8.319000e-01	8.319000e-01	6.887930e-09	nan	nan
1	140	NOE	8.521000e-01	8.474950e-01	1.959533e-05	nan	nan
1	141	NOE	8.501000e-01	8.474950e-01	1.442610e-05	nan	nan
1	144	NOE	8.521000e-01	8.474950e-01	1.959533e-05	nan	nan
1	145	NOE	8.123000e-01	8.123000e-01	4.575115e-09	nan	nan
1	146	NOE	8.377000e-01	8.377000e-01	8.696738e-09	nan	nan
1	147	NOE	7.733000e-01	7.733000e-01	3.137435e-09	nan	nan
1	148	NOE	8.105000e-01	8.105000e-01	4.461537e-09	nan	nan
1	149	NOE	7.992000e-01	7.992000e-01	3.899973e-09	nan	nan
1	150	NOE	8.243000e-01	8.243000e-01	5.643137e-09	nan	nan
1	152	NOE	7.267000e-01	7.267000e-01	2.446067e-09	nan	nan
1	153	NOE	7.625000e-01	7.625000e-01	2.927801e-09	nan	nan
1	154	NOE	8.092000e-01	8.092000e-01	4.384525e-09	nan	nan
1	155	NOE	7.996000e-01	7.996000e-01	3.916399e-09	nan	nan
1	156	NOE	8.584000e-01	8.474950e-01	1.829244e-05	nan	nan
1	157	NOE	8.272000e-01	8.272000e-01	6.034788e-09	nan	nan
1	158	NOE	7.999000e-01	7.999000e-01	3.928853e-09	nan	nan
1	159	NOE	8.820000e-01	8.474950e-01	2.070090e-05	nan	nan
1	160	NOE	8.315000e-01	8.315000e-01	6.800959e-09	nan	nan
1	161	NOE	7.971000e-01	7.971000e-01	3.816962e-09	nan	nan
1	163	NOE	8.996000e-01	8.474950e-01	1.552122e-05	nan	nan
1	164	NOE	7.323000e-01	7.323000e-01	2.506397e-09	nan	nan
1	165	NOE	7.836000e-01	7.836000e-01	3.384752e-09	nan	nan
1	166	NOE	8.120000e-01	8.120000e-01	4.555589e-09	nan	nan
1	168	NOE	7.546000e-01	7.546000e-01	2.798067e-09	nan	nan
1	169	NOE	7.012000e-01	7.012000e-01	2.216285e-09	nan	nan
1	171	NOE	8.080000e-02	8.080000e-02	8.971708e-10	nan	nan


2	4	R1	1.116695e+00	1.116695e+00	9.772999e-09	7.038026e-15	3.154927e-02
2	5	R1	1.019160e+00	1.019160e+00	1.080464e-08	7.246583e-15	3.064128e-02
2	6	R1	9.930487e-01	9.930487e-01	1.111340e-08	0.000000e+00	9.072540e-03
2	7	R1	9.354537e-01	9.354537e-01	1.185259e-08	-1.112912e-14	1.995168e-02
2	8	R1	1.013171e+00	1.013171e+00	1.087412e-08	0.000000e+00	3.264321e-02
2	10	R1	9.398496e-01	9.398496e-01	1.179311e-08	0.000000e+00	3.798264e-02
2	11	R1	9.950249e-01	9.950249e-01	1.108949e-08	0.000000e+00	3.782085e-02
2	12	R1	9.578544e-01	9.578544e-01	1.155497e-08	1.743620e-15	6.367346e-02
2	14	R1	9.514748e-01	9.514748e-01	1.163836e-08	0.000000e+00	5.730576e-02
2	15	R1	8.810573e-01	8.810573e-01	1.263582e-08	0.000000e+00	4.921501e-02
2	16	R1	9.451796e-01	9.451796e-01	1.172171e-08	2.271926e-15	4.886704e-02
2	17	R1	1.034982e+00	1.034982e+00	1.062478e-08	0.000000e+00	5.666588e-02
2	18	R1	9.442871e-01	9.442871e-01	1.173361e-08	0.000000e+00	2.755285e-02
2	19	R1	1.015228e+00	1.015228e+00	1.085016e-08	5.729607e-15	3.875390e-02
2	20	R1	9.250694e-01	9.250694e-01	1.199526e-08	0.000000e+00	3.457244e-02
2	21	R1	1.015847e+00	1.015847e+00	1.084298e-08	0.000000e+00	2.559225e-02
2	22	R1	9.746589e-01	9.746589e-01	1.134033e-08	0.000000e+00	3.115869e-02
2	23	R1	9.980040e-01	9.980040e-01	1.105362e-08	0.000000e+00	1.952183e-02
2	24	R1	1.094451e+00	1.094451e+00	9.992958e-09	-7.756210e-15	2.862798e-02
2	25	R1	1.000000e+00	1.000000e+00	1.102970e-08	0.000000e+00	3.580000e-02
2	26	R1	9.881423e-01	9.881423e-01	1.117315e-08	3.314951e-15	3.349138e-02
2	27	R1	1.023541e+00	1.023541e+00	1.075431e-08	0.000000e+00	1.938129e-02
2	28	R1	9.871668e-01	9.871668e-01	1.118510e-08	-4.424375e-15	5.018667e-02
2	29	R1	1.074576e+00	1.074576e+00	1.019676e-08	5.033881e-15	4.411002e-02
2	31	R1	9.107468e-01	9.107468e-01	1.219716e-08	0.000000e+00	5.673505e-02
2	32	R1	1.058089e+00	1.058089e+00	1.037129e-08	0.000000e+00	1.500200e-01
2	34	R1	1.016054e+00	1.016054e+00	1.084058e-08	-3.596713e-15	6.173543e-02
2	35	R1	8.576329e-01	8.576329e-01	1.300260e-08	0.000000e+00	4.288165e-02
2	37	R1	1.012351e+00	1.012351e+00	1.088370e-08	0.000000e+00	8.209080e-02
2	38	R1	1.006847e+00	1.006847e+00	1.094834e-08	2.378231e-15	9.336545e-02
2	39	R1	1.004823e+00	1.004823e+00	1.097228e-08	-4.337635e-15	5.119025e-02
2	40	R1	1.031140e+00	1.031140e+00	1.066797e-08	-1.122772e-14	1.977646e-02
2	41	R1	9.970090e-01	9.970090e-01	1.106558e-08	0.000000e+00	3.131185e-02
2	43	R1	8.944544e-01	8.944544e-01	1.243440e-08	-7.688058e-15	2.888176e-02
2	44	R1	9.718173e-01	9.718173e-01	1.137612e-08	1.475585e-14	2.257185e-02
2	45	R1	9.727626e-01	9.727626e-01	1.136419e-08	2.300521e-14	1.447789e-02
2	46	R1	1.107420e+00	1.107420e+00	9.863704e-09	1.540912e-14	2.881989e-02
2	47	R1	9.842520e-01	9.842520e-01	1.122094e-08	-6.548768e-15	1.695316e-02
2	48	R1	8.920607e-01	8.920607e-01	1.246996e-08	2.762677e-15	4.018650e-02
2	50	R1	9.775171e-01	9.775171e-01	1.130452e-08	-1.330906e-15	8.341862e-02
2	51	R1	8.873114e-01	8.873114e-01	1.254106e-08	4.973991e-15	4.464113e-02
2	52	R1	9.633911e-01	9.633911e-01	1.148346e-08	2.037825e-15	5.448079e-02
2	53	R1	1.032525e+00	1.032525e+00	1.065237e-08	-6.235812e-15	3.560797e-02
2	54	R1	9.578544e-01	9.578544e-01	1.155497e-08	-6.505764e-15	1.706522e-02
2	55	R1	9.643202e-01	9.643202e-01	1.147154e-08	-1.438433e-14	2.315484e-02
2	56	R1	9.551098e-01	9.551098e-01	1.159072e-08	2.222898e-14	1.997794e-02
2	58	R1	1.013171e+00	1.013171e+00	1.087412e-08	0.000000e+00	2.751063e-02
2	59	R1	9.823183e-01	9.823183e-01	1.124482e-08	0.000000e+00	4.930890e-02
2	60	R1	9.523810e-01	9.523810e-01	1.162645e-08	-1.488171e-14	2.984127e-02
2	62	R1	1.201779e+00	1.201779e+00	9.002281e-09	-3.020463e-15	7.351344e-02
2	63	R1	1.057753e+00	1.057753e+00	1.037490e-08	0.000000e+00	2.550960e-02
2	64	R1	1.135976e+00	1.135976e+00	9.588886e-09	2.607100e-15	1.703384e-01
2	66	R1	1.021242e+00	1.021242e+00	1.078067e-08	-1.347491e-14	1.647837e-02
2	69	R1	1.074114e+00	1.074114e+00	1.020158e-08	0.000000e+00	8.202953e-02
2	70	R1	1.057418e+00	1.057418e+00	1.037851e-08	4.565178e-15	4.863876e-02
2	71	R1	1.107665e+00	1.107665e+00	9.861287e-09	8.339953e-15	2.662420e-02
2	73	R1	1.043297e+00	1.043297e+00	1.053234e-08	5.982326e-15	3.711677e-02
2	74	R1	9.680542e-01	9.680542e-01	1.142384e-08	3.356110e-15	6.616130e-02
2	75	R1	1.033165e+00	1.033165e+00	1.064518e-08	1.149271e-14	1.932047e-02
2	76	R1	1.019368e+00	1.019368e+00	1.080224e-08	5.247529e-07	2.660124e-02
2	77	R1	1.041558e+00	1.041558e+00	1.055155e-08	0.000000e+00	7.626449e-02
2	78	R1	1.055855e+00	1.055855e+00	1.039535e-08	-6.204787e-15	3.578602e-02
2	79	R1	1.066894e+00	1.066894e+00	1.027744e-08	0.000000e+00	2.003344e-02
2	80	R1	9.380863e-01	9.380863e-01	1.181691e-08	-2.454491e-15	4.523230e-02
2	81	R1	9.990010e-01	9.990010e-01	1.104166e-08	0.000000e+00	2.195607e-02
2	82	R1	9.165903e-01	9.165903e-01	1.211405e-08	0.000000e+00	2.839666e-02
2	83	R1	1.004016e+00	1.004016e+00	1.098185e-08	0.000000e+00	1.229819e-02
2	84	R1	9.980040e-01	9.980040e-01	1.105362e-08	-4.254459e-15	5.219103e-02
2	85	R1	9.523810e-01	9.523810e-01	1.162645e-08	8.242565e-15	2.693878e-02
2	86	R1	9.832842e-01	9.832842e-01	1.123288e-08	-8.341100e-15	3.993081e-02
2	87	R1	9.960159e-01	9.960159e-01	1.107754e-08	8.351661e-15	2.658688e-02
2	88	R1	9.487666e-01	9.487666e-01	1.167409e-08	0.000000e+00	6.301106e-02
2	90	R1	1.065757e+00	1.065757e+00	1.028948e-08	5.104167e-15	4.350261e-02
2	91	R1	9.174312e-01	9.174312e-01	1.210218e-08	-6.221962e-15	1.784362e-02
2	92	R1	9.250694e-01	9.250694e-01	1.199526e-08	0.000000e+00	2.156498e-02
2	94	R1	9.302326e-01	9.302326e-01	1.192394e-08	0.000000e+00	1.877772e-02
2	95	R1	1.053186e+00	1.053186e+00	1.042420e-08	0.000000e+00	2.307137e-02
2	96	R1	9.842520e-01	9.842520e-01	1.122094e-08	-2.166417e-15	5.124698e-02
2	97	R1	1.095770e+00	1.095770e+00	9.979679e-09	0.000000e+00	1.236734e-01
2	98	R1	1.036592e+00	1.036592e+00	1.060678e-08	0.000000e+00	3.449217e-02
2	99	R1	9.416196e-01	9.416196e-01	1.176932e-08	6.260792e-15	1.773295e-02
2	100	R1	9.606148e-01	9.606148e-01	1.151922e-08	-3.623878e-15	3.063632e-02
2	102	R1	9.587728e-01	9.587728e-01	1.154306e-08	2.848479e-15	3.897600e-02
2	105	R1	8.928571e-01	8.928571e-01	1.245811e-08	-2.836382e-15	3.914222e-02
2	106	R1	9.832842e-01	9.832842e-01	1.123288e-08	-2.474766e-14	2.243087e-02
2	107	R1	1.009387e+00	1.009387e+00	1.091842e-08	8.648166e-15	2.567534e-02
2	108	R1	1.007049e+00	1.007049e+00	1.094595e-08	0.000000e+00	1.703769e-02
2	111	R1	1.000600e+00	1.000600e+00	1.102253e-08	0.000000e+00	4.014816e-02
2	114	R1	9.496676e-01	9.496676e-01	1.166218e-08	-4.130957e-15	2.687568e-02
2	115	R1	1.055632e+00	1.055632e+00	1.039775e-08	-9.913323e-15	2.239861e-02
2	116	R1	9.514748e-01	9.514748e-01	1.163836e-08	6.152275e-15	5.413720e-02
2	117	R1	9.469697e-01	9.469697e-01	1.169790e-08	0.000000e+00	1.667958e-02
2	118	R1	9.930487e-01	9.930487e-01	1.111340e-08	0.000000e+00	1.232682e-02
2	119	R1	9.469697e-01	9.469697e-01	1.169790e-08	0.000000e+00	7.021565e-02
2	120	R1	9.225092e-01	9.225092e-01	1.203090e-08	4.858749e-15	4.569995e-02
2	121	R1	1.083306e+00	1.083306e+00	1.010637e-08	8.262324e-15	2.687435e-02
2	122	R1	9.910803e-01	9.910803e-01	1.113731e-08	-1.306702e-14	1.699275e-02
2	124	R1	8.673027e-01	8.673027e-01	1.284887e-08	-5.788002e-15	1.918146e-02
2	126	R1	1.023541e+00	1.023541e+00	1.075431e-08	0.000000e+00	7.281078e-02
2	127	R1	9.596929e-01	9.596929e-01	1.153114e-08	0.000000e+00	4.936616e-02
2	128	R1	1.004722e+00	1.004722e+00	1.097347e-08	-9.127066e-15	2.432815e-02
2	129	R1	9.380863e-01	9.380863e-01	1.181691e-08	2.713137e-15	4.092027e-02
2	130	R1	9.569378e-01	9.569378e-01	1.156689e-08	0.000000e+00	2.902864e-02
2	131	R1	9.671180e-01	9.671180e-01	1.143576e-08	-5.652389e-15	1.964166e-02
2	132	R1	9.832842e-01	9.832842e-01	1.123288e-08	-1.159890e-14	2.871538e-02
2	133	R1	9.652510e-01	9.652510e-01	1.145961e-08	6.848264e-15	1.621174e-02
2	134	R1	9.718173e-01	9.718173e-01	1.137612e-08	0.000000e+00	1.756638e-02
2	135	R1	1.020512e+00	1.020512e+00	1.078906e-08	0.000000e+00	1.885016e-02
2	136	R1	1.038745e+00	1.038745e+00	1.058277e-08	1.950607e-14	2.276672e-02
2	137	R1	9.293680e-01	9.293680e-01	1.193583e-08	6.491867e-15	1.710175e-02
2	138	R1	9.451796e-01	9.451796e-01	1.172171e-08	3.261794e-15	3.403719e-02
2	139	R1	9.140768e-01	9.140768e-01	1.214967e-08	1.983216e-15	5.598094e-02
2	140	R1	9.242144e-01	9.242144e-01	1.200714e-08	1.043988e-14	2.126889e-02
2	141	R1	9.661836e-01	9.661836e-01	1.144769e-08	0.000000e+00	3.752713e-02
2	144	R1	9.881423e-01	9.881423e-01	1.117315e-08	-9.096226e-15	2.441063e-02
2	145	R1	9.140768e-01	9.140768e-01	1.214967e-08	-2.119226e-15	5.238813e-02
2	146	R1	9.852217e-01	9.852217e-01	1.120899e-08	0.000000e+00	3.989420e-02
2	147	R1	9.267841e-01	9.267841e-01	1.197149e-08	1.143865e-14	1.941179e-02
2	148	R1	9.980040e-01	9.980040e-01	1.105362e-08	0.000000e+00	7.370489e-03
2	149	R1	9.380863e-01	9.380863e-01	1.181691e-08	1.126436e-15	9.856066e-02
2	150	R1	9.451796e-01	9.451796e-01	1.172171e-08	2.531046e-15	4.386419e-02
2	152	R1	8.865248e-01	8.865248e-01	1.255291e-08	0.000000e+00	1.972675e-02
2	153	R1	1.066667e+00	1.066667e+00	1.027985e-08	0.000000e+00	3.731911e-02
2	154	R1	1.045151e+00	1.045151e+00	1.051192e-08	1.917682e-14	1.157880e-02
2	155	R1	9.606148e-01	9.606148e-01	1.151922e-08	4.320027e-15	5.139889e-02
2	156	R1	9.328358e-01	9.328358e-01	1.188827e-08	-8.024217e-15	1.383590e-02
2	157	R1	1.071582e+00	1.071582e+00	1.022808e-08	0.000000e+00	3.536725e-02
2	158	R1	9.551098e-01	9.551098e-01	1.159072e-08	4.868146e-14	4.561174e-03
2	159	R1	9.756098e-01	9.756098e-01	1.132839e-08	-3.622447e-15	3.064842e-02
2	160	R1	9.074410e-01	9.074410e-01	1.224463e-08	-1.805704e-14	1.844526e-02
2	161	R1	1.072156e+00	1.072156e+00	1.022205e-08	-2.182634e-14	2.034648e-02
2	163	R1	9.784736e-01	9.784736e-01	1.129258e-08	4.026424e-15	2.757342e-02
2	164	R1	9.871668e-01	9.871668e-01	1.118510e-08	4.025712e-15	2.757830e-02
2	165	R1	9.823183e-01	9.823183e-01	1.124482e-08	0.000000e+00	4.168580e-02
2	166	R1	1.002506e+00	1.002506e+00	1.099980e-08	2.945810e-14	7.537641e-03
2	168	R1	1.108402e+00	1.108402e+00	9.854034e-09	1.613719e-14	1.375981e-02
2	169	R1	1.093135e+00	1.093135e+00	1.000624e-08	2.413247e-14	9.201072e-03
2	171	R1	1.234263e+00	1.234263e+00	8.734174e-09	1.473525e-06	1.096852e-02


