4	9.233610e+00	6.053429e-01	5.184000e-01	nan	1.116695e+00	3.154927e-02	5.451584e-02	
5	1.242236e+01	4.629451e-01	6.922000e-01	nan	1.019160e+00	3.064128e-02	3.179896e-02	
6	1.317523e+01	3.818907e-01	7.823000e-01	nan	9.930487e-01	9.072540e-03	2.191446e-02	
7	1.207729e+01	4.813415e-01	7.645000e-01	nan	9.354537e-01	1.995168e-02	2.233135e-02	
8	1.319261e+01	8.354161e-01	7.990000e-01	nan	1.013171e+00	3.264321e-02	2.064338e-02	
10	1.605136e+01	5.410572e-01	8.578000e-01	nan	9.398496e-01	3.798264e-02	1.354752e-02	
11	1.457726e+01	5.524909e-01	8.090000e-01	nan	9.950249e-01	3.782085e-02	1.926501e-02	
12	1.479290e+01	1.072266e+00	7.830000e-01	nan	9.578544e-01	6.367346e-02	2.106983e-02	
14	1.531394e+01	6.800982e-01	7.464000e-01	nan	9.514748e-01	5.730576e-02	2.445954e-02	
15	2.028398e+01	1.152031e+00	8.188000e-01	nan	8.810573e-01	4.921501e-02	1.618319e-02	
16	1.356852e+01	6.627771e-01	9.143000e-01	nan	9.451796e-01	4.886704e-02	8.211018e-03	
17	1.692047e+01	7.157561e-01	9.037000e-01	nan	1.034982e+00	5.666588e-02	1.010325e-02	
18	1.428571e+01	6.734694e-01	7.609000e-01	nan	9.442871e-01	2.755285e-02	2.288682e-02	
19	1.515152e+01	8.034894e-01	8.532000e-01	nan	1.015228e+00	3.875390e-02	1.510747e-02	
20	1.402525e+01	8.458423e-01	8.640000e-01	nan	9.250694e-01	3.457244e-02	1.275308e-02	
21	1.461988e+01	7.267193e-01	8.558000e-01	nan	1.015847e+00	2.559225e-02	1.484894e-02	
22	1.335113e+01	6.238848e-01	7.509000e-01	nan	9.746589e-01	3.115869e-02	2.461094e-02	
23	1.416431e+01	5.617572e-01	9.033000e-01	nan	9.980040e-01	1.952183e-02	9.782742e-03	
24	1.636661e+01	7.232382e-01	8.714000e-01	nan	1.094451e+00	2.862798e-02	1.426721e-02	
25	1.347709e+01	8.173437e-01	8.077000e-01	nan	1.000000e+00	3.580000e-02	1.949311e-02	
26	1.270648e+01	5.650912e-01	7.799000e-01	nan	9.881423e-01	3.349138e-02	2.204659e-02	
27	1.367989e+01	5.427043e-01	8.407000e-01	nan	1.023541e+00	1.938129e-02	1.652810e-02	
28	1.305483e+01	5.283286e-01	8.442000e-01	nan	9.871668e-01	5.018667e-02	1.559049e-02	
29	1.461988e+01	2.564892e-01	7.979000e-01	nan	1.074576e+00	4.411002e-02	2.201431e-02	
31	1.515152e+01	1.767677e+00	8.332000e-01	nan	9.107468e-01	5.673505e-02	1.539911e-02	
32	1.533742e+01	2.728744e+00	7.286000e-01	nan	1.058089e+00	1.500200e-01	2.910944e-02	
34	1.412429e+01	1.177024e+00	4.221000e-01	nan	1.016054e+00	6.173543e-02	5.952113e-02	
35	1.754386e+01	1.015697e+00	8.152000e-01	nan	8.576329e-01	4.288165e-02	1.606591e-02	
37	1.712329e+01	1.260790e+00	7.952000e-01	nan	1.012351e+00	8.209080e-02	2.101662e-02	
38	1.408451e+01	7.339814e-01	7.482000e-01	nan	1.006847e+00	9.336545e-02	2.569927e-02	
39	2.398082e+01	1.265175e+00	7.575000e-01	nan	1.004823e+00	5.119025e-02	2.470036e-02	
40	1.512859e+01	8.468350e-01	8.267000e-01	nan	1.031140e+00	1.977646e-02	1.811416e-02	
41	1.331558e+01	1.241133e+00	7.154000e-01	nan	9.970090e-01	3.131185e-02	2.876311e-02	
43	1.262626e+01	4.144985e-01	8.212000e-01	nan	8.944544e-01	2.888176e-02	1.621166e-02	
44	1.225490e+01	4.054931e-01	7.415000e-01	nan	9.718173e-01	2.257185e-02	2.546520e-02	
45	1.447178e+01	2.932054e-01	8.177000e-01	nan	9.727626e-01	1.447789e-02	1.797610e-02	
46	1.385042e+01	2.493842e-01	8.405000e-01	nan	1.107420e+00	2.881989e-02	1.790502e-02	
47	1.201923e+01	4.044933e-01	7.583000e-01	nan	9.842520e-01	1.695316e-02	2.411486e-02	
48	1.239157e+01	4.606533e-01	7.762000e-01	nan	8.920607e-01	4.018650e-02	2.023747e-02	
50	1.029866e+01	7.848619e-01	7.660000e-01	nan	9.775171e-01	8.341862e-02	2.318687e-02	
51	1.290323e+01	7.325702e-01	8.450000e-01	nan	8.873114e-01	4.464113e-02	1.394150e-02	
52	1.146789e+01	8.153775e-01	7.759000e-01	nan	9.633911e-01	5.448079e-02	2.188499e-02	
53	1.251564e+01	6.892220e-01	8.051000e-01	nan	1.032525e+00	3.560797e-02	2.039924e-02	
54	1.272265e+01	5.017838e-01	7.307000e-01	nan	9.578544e-01	1.706522e-02	2.614795e-02	
55	1.172333e+01	2.611293e-01	7.900000e-01	nan	9.643202e-01	2.315484e-02	2.052780e-02	
56	1.285347e+01	1.817329e-01	8.161000e-01	nan	9.551098e-01	1.997794e-02	1.780479e-02	
58	1.503759e+01	1.062807e+00	8.773000e-01	nan	1.013171e+00	2.751063e-02	1.260170e-02	
59	1.862197e+01	9.709782e-01	7.746000e-01	nan	9.823183e-01	4.930890e-02	2.244440e-02	
60	1.865672e+01	5.221096e-01	8.875000e-01	nan	9.523810e-01	2.984127e-02	1.086088e-02	
62	1.107420e+01	8.829925e-01	5.700000e-01	nan	1.201779e+00	7.351344e-02	5.238353e-02	
63	1.091703e+01	1.227570e+00	6.017000e-01	nan	1.057753e+00	2.550960e-02	4.270675e-02	
64	1.347709e+01	1.144281e+00	6.180000e-01	nan	1.135976e+00	1.703384e-01	4.398803e-02	
66	1.567398e+01	2.874382e+00	5.344000e-01	nan	1.021242e+00	1.647837e-02	4.819960e-02	
69	1.356852e+01	9.021133e-01	7.488000e-01	nan	1.074114e+00	8.202953e-02	2.735091e-02	
70	1.457726e+01	1.211230e+00	8.180000e-01	nan	1.057418e+00	4.863876e-02	1.950832e-02	
71	1.447178e+01	7.539567e-01	7.668000e-01	nan	1.107665e+00	2.662420e-02	2.618417e-02	
73	1.457726e+01	8.924853e-01	8.070000e-01	nan	1.043297e+00	3.711677e-02	2.041113e-02	
74	1.503759e+01	7.236135e-01	7.846000e-01	nan	9.680542e-01	6.616130e-02	2.113719e-02	
75	1.536098e+01	5.898995e-01	7.824000e-01	nan	1.033165e+00	1.932047e-02	2.278926e-02	
76	1.479290e+01	2.407129e+00	8.316000e-01	nan	1.019368e+00	2.660124e-02	1.740103e-02	
77	1.652893e+01	4.098081e-01	9.042000e-01	nan	1.041558e+00	7.626449e-02	1.011465e-02	
78	1.392758e+01	8.922960e-01	7.116000e-01	nan	1.055855e+00	3.578602e-02	3.086749e-02	
79	1.204819e+01	5.661199e-01	8.431000e-01	nan	1.066894e+00	2.003344e-02	1.696861e-02	
80	1.538462e+01	5.207101e-01	8.927000e-01	nan	9.380863e-01	4.523230e-02	1.020339e-02	
81	1.336898e+01	3.217135e-01	8.990000e-01	nan	9.990010e-01	2.195607e-02	1.022796e-02	
82	1.176471e+01	4.705882e-01	7.953000e-01	nan	9.165903e-01	2.839666e-02	1.901932e-02	
83	1.226994e+01	3.763785e-01	8.017000e-01	nan	1.004016e+00	1.229819e-02	2.018205e-02	
84	1.375516e+01	2.081248e-01	8.547000e-01	nan	9.980040e-01	5.219103e-02	1.469940e-02	
85	1.451379e+01	7.162102e-01	8.491000e-01	nan	9.523810e-01	2.693878e-02	1.456806e-02	
86	1.377410e+01	5.691779e-01	8.537000e-01	nan	9.832842e-01	3.993081e-02	1.458227e-02	
87	1.508296e+01	5.459894e-01	8.619000e-01	nan	9.960159e-01	2.658688e-02	1.394318e-02	
88	1.552795e+01	3.375641e-01	7.812000e-01	nan	9.487666e-01	6.301106e-02	2.104304e-02	
90	1.418440e+01	1.005986e+00	8.419000e-01	nan	1.065757e+00	4.350261e-02	1.708016e-02	
91	1.336898e+01	8.400297e-01	8.446000e-01	nan	9.174312e-01	1.784362e-02	1.445195e-02	
92	1.455604e+01	5.508836e-01	8.312000e-01	nan	9.250694e-01	2.156498e-02	1.582882e-02	
94	1.436782e+01	5.367288e-01	8.262000e-01	nan	9.302326e-01	1.877772e-02	1.638865e-02	
95	1.574803e+01	3.720007e-01	8.329000e-01	nan	1.053186e+00	2.307137e-02	1.783953e-02	
96	1.377410e+01	2.314657e+00	8.105000e-01	nan	9.842520e-01	5.124698e-02	1.890677e-02	
97	1.422475e+01	8.498429e-01	8.443000e-01	nan	1.095770e+00	1.236734e-01	1.729458e-02	
98	1.597444e+01	9.186579e-01	9.117000e-01	nan	1.036592e+00	3.449217e-02	9.278340e-03	
99	1.524390e+01	7.203673e-01	8.326000e-01	nan	9.416196e-01	1.773295e-02	1.597838e-02	
100	1.445087e+01	3.758896e-01	8.240000e-01	nan	9.606148e-01	3.063632e-02	1.713814e-02	
102	1.503759e+01	4.748714e-01	7.820000e-01	nan	9.587728e-01	3.897600e-02	2.118722e-02	
105	1.438849e+01	5.382744e-01	8.554000e-01	nan	8.928571e-01	3.914222e-02	1.308736e-02	
106	1.447178e+01	5.864108e-01	7.374000e-01	nan	9.832842e-01	2.243087e-02	2.617433e-02	
107	1.375516e+01	5.297723e-01	7.550000e-01	nan	1.009387e+00	2.567534e-02	2.506835e-02	
108	1.457726e+01	6.799888e-01	6.814000e-01	nan	1.007049e+00	1.703769e-02	3.252358e-02	
111	9.041591e+00	3.924018e-01	4.062000e-01	nan	1.000600e+00	4.014816e-02	6.022859e-02	
114	1.353180e+01	3.479082e-01	8.435000e-01	nan	9.496676e-01	2.687568e-02	1.506565e-02	
115	1.481481e+01	7.242798e-01	8.292000e-01	nan	1.055632e+00	2.239861e-02	1.827688e-02	
116	1.508296e+01	4.094920e-01	7.526000e-01	nan	9.514748e-01	5.413720e-02	2.386156e-02	
117	1.356852e+01	7.916505e-01	7.541000e-01	nan	9.469697e-01	1.667958e-02	2.360459e-02	
118	1.375516e+01	2.081248e-01	8.205000e-01	nan	9.930487e-01	1.232682e-02	1.806911e-02	
119	1.773050e+01	2.169156e+00	7.880000e-01	nan	9.469697e-01	7.021565e-02	2.035044e-02	
120	1.497006e+01	7.395389e-01	7.856000e-01	nan	9.225092e-01	4.569995e-02	2.004921e-02	
121	1.445087e+01	3.341241e-01	7.790000e-01	nan	1.083306e+00	2.687435e-02	2.426864e-02	
122	1.443001e+01	8.537238e-01	8.345000e-01	nan	9.910803e-01	1.699275e-02	1.662680e-02	
124	1.009082e+01	4.378458e-01	6.424000e-01	nan	8.673027e-01	1.918146e-02	3.143910e-02	
126	1.394700e+01	1.050402e+00	8.022000e-01	nan	1.023541e+00	7.281078e-02	2.052266e-02	
127	1.265823e+01	9.293382e-01	8.277000e-01	nan	9.596929e-01	4.936616e-02	1.676175e-02	
128	1.388889e+01	2.314815e-01	7.201000e-01	nan	1.004722e+00	2.432815e-02	2.850695e-02	
129	1.358696e+01	7.568821e-01	8.477000e-01	nan	9.380863e-01	4.092027e-02	1.448253e-02	
130	1.394700e+01	5.057490e-01	7.516000e-01	nan	9.569378e-01	2.902864e-02	2.409557e-02	
131	1.355014e+01	4.957367e-01	7.972000e-01	nan	9.671180e-01	1.964166e-02	1.988150e-02	
132	1.404494e+01	2.169865e-01	7.967000e-01	nan	9.832842e-01	2.871538e-02	2.026368e-02	
133	1.457726e+01	3.612440e-01	8.085000e-01	nan	9.652510e-01	1.621174e-02	1.873747e-02	
134	1.526718e+01	4.195560e-01	8.626000e-01	nan	9.718173e-01	1.756638e-02	1.353547e-02	
135	1.385042e+01	4.795850e-01	8.176000e-01	nan	1.020512e+00	1.885016e-02	1.886883e-02	
136	1.524390e+01	3.253272e-01	9.516000e-01	nan	1.038745e+00	2.276672e-02	5.096315e-03	
137	1.402525e+01	3.737443e-01	7.821000e-01	nan	9.293680e-01	1.710175e-02	2.052801e-02	
138	1.466276e+01	1.504975e-01	8.828000e-01	nan	9.451796e-01	3.403719e-02	1.122907e-02	
139	1.310616e+01	6.527314e-01	8.319000e-01	nan	9.140768e-01	5.598094e-02	1.557587e-02	
140	1.519757e+01	3.002559e-01	8.521000e-01	nan	9.242144e-01	2.126889e-02	1.385616e-02	
141	1.459854e+01	2.770526e-01	8.501000e-01	nan	9.661836e-01	3.752713e-02	1.468125e-02	
144	1.396648e+01	7.217315e-01	8.521000e-01	nan	9.881423e-01	2.441063e-02	1.481459e-02	
145	1.187648e+01	5.359934e-01	8.123000e-01	nan	9.140768e-01	5.238813e-02	1.739197e-02	
146	1.579779e+01	1.447507e+00	8.377000e-01	nan	9.852217e-01	3.989420e-02	1.620893e-02	
147	1.254705e+01	5.667426e-01	7.733000e-01	nan	9.267841e-01	1.941179e-02	2.129766e-02	
148	1.408451e+01	9.521920e-01	8.105000e-01	nan	9.980040e-01	7.370489e-03	1.917094e-02	
149	1.381215e+01	6.486371e-01	7.992000e-01	nan	9.380863e-01	9.856066e-02	1.909450e-02	
150	1.303781e+01	1.121898e+00	8.243000e-01	nan	9.451796e-01	4.386419e-02	1.683402e-02	
152	1.164144e+01	4.878835e-01	7.267000e-01	nan	8.865248e-01	1.972675e-02	2.456023e-02	
153	1.367989e+01	1.066695e+00	7.625000e-01	nan	1.066667e+00	3.731911e-02	2.567995e-02	
154	1.497006e+01	2.241027e-01	8.092000e-01	nan	1.045151e+00	1.157880e-02	2.021432e-02	
155	1.492537e+01	5.791936e-01	7.996000e-01	nan	9.606148e-01	5.139889e-02	1.951411e-02	
156	1.295337e+01	2.516846e-01	8.584000e-01	nan	9.328358e-01	1.383590e-02	1.338968e-02	
157	1.430615e+01	3.888654e-01	8.272000e-01	nan	1.071582e+00	3.536725e-02	1.877028e-02	
158	1.264223e+01	3.516169e-01	7.999000e-01	nan	9.551098e-01	4.561174e-03	1.937324e-02	
159	1.468429e+01	6.468849e-01	8.820000e-01	nan	9.756098e-01	3.064842e-02	1.166971e-02	
160	1.383126e+01	4.782593e-01	8.315000e-01	nan	9.074410e-01	1.844526e-02	1.549959e-02	
161	1.466276e+01	2.579957e-01	7.971000e-01	nan	1.072156e+00	2.034648e-02	2.205169e-02	
163	1.457726e+01	2.549958e-01	8.996000e-01	nan	9.784736e-01	2.757342e-02	9.958287e-03	
164	1.543210e+01	7.382640e-01	7.323000e-01	nan	9.871668e-01	2.757830e-02	2.678803e-02	
165	1.328021e+01	1.058184e-01	7.836000e-01	nan	9.823183e-01	4.168580e-02	2.154822e-02	
166	1.443001e+01	7.496111e-01	8.120000e-01	nan	1.002506e+00	7.537641e-03	1.910499e-02	
168	1.644737e+01	5.680834e-01	7.546000e-01	nan	1.108402e+00	1.375981e-02	2.757234e-02	
169	1.277139e+01	2.772844e-01	7.012000e-01	nan	1.093135e+00	9.201072e-03	3.310978e-02	
171	4.889976e+00	8.130033e-02	8.080000e-02	nan	1.234263e+00	1.096852e-02	1.150058e-01	
