0	2	R2	5.079400e+01	5.079400e+01	3.394175e-08	5.326407e-15	1.334000e+00
0	5	R2	4.927900e+01	4.927900e+01	3.292246e-08	-3.001870e-15	2.367000e+00
0	6	R2	5.367100e+01	5.367100e+01	3.587683e-08	2.611329e-15	2.721000e+00
0	7	R2	5.945000e+01	5.945000e+01	3.976204e-08	0.000000e+00	2.262000e+00
0	8	R2	6.988800e+01	6.988800e+01	4.677507e-08	0.000000e+00	5.878000e+00
0	9	R2	5.538500e+01	5.538500e+01	3.702938e-08	9.560586e-16	7.432000e+00
0	11	R2	4.998200e+01	4.998200e+01	3.339546e-08	0.000000e+00	1.579000e+00
0	12	R2	5.576000e+01	5.576000e+01	3.728151e-08	3.045618e-15	2.333000e+00
0	13	R2	6.150300e+01	6.150300e+01	4.114179e-08	-3.357952e-15	2.116000e+00
0	14	R2	5.266600e+01	5.266600e+01	3.520094e-08	-2.360607e-15	3.010000e+00
0	15	R2	6.375500e+01	6.375500e+01	4.265504e-08	-1.780363e-15	3.991000e+00
0	16	R2	5.552300e+01	5.552300e+01	3.712217e-08	-2.970496e-15	2.392000e+00
0	17	R2	4.722000e+01	4.722000e+01	3.153681e-08	7.386099e-15	1.924000e+00
0	18	R2	5.508200e+01	5.508200e+01	3.682565e-08	0.000000e+00	1.499000e+00
0	19	R2	5.025900e+01	5.025900e+01	3.358182e-08	0.000000e+00	1.658000e+00
0	20	R2	5.526500e+01	5.526500e+01	3.694869e-08	0.000000e+00	1.055000e+00
0	21	R2	4.511700e+01	4.511700e+01	3.012107e-08	3.634490e-15	1.955000e+00
0	22	R2	4.934400e+01	4.934400e+01	3.296620e-08	-2.765834e-15	2.569000e+00
0	23	R2	5.430500e+01	5.430500e+01	3.630318e-08	1.891754e-15	3.756000e+00
0	24	R2	5.394500e+01	5.394500e+01	3.606109e-08	0.000000e+00	2.454000e+00
0	25	R2	5.456000e+01	5.456000e+01	3.647465e-08	-4.045483e-07	1.998000e+00
0	26	R2	4.792300e+01	4.792300e+01	3.200996e-08	0.000000e+00	9.820000e-01
0	27	R2	5.675800e+01	5.675800e+01	3.795248e-08	0.000000e+00	2.331000e+00
0	28	R2	5.124500e+01	5.124500e+01	3.424514e-08	3.755511e-15	1.892000e+00
0	29	R2	5.449100e+01	5.449100e+01	3.642825e-08	-8.171854e-15	1.739000e+00
0	30	R2	5.501800e+01	5.501800e+01	3.678261e-08	0.000000e+00	1.282000e+00
0	31	R2	5.059400e+01	5.059400e+01	3.380720e-08	-7.287618e-15	9.750000e-01
0	32	R2	6.112700e+01	6.112700e+01	4.088911e-08	5.486816e-15	2.590000e+00
0	33	R2	6.315500e+01	6.315500e+01	4.225189e-08	9.680419e-16	7.340000e+00
0	36	R2	5.565100e+01	5.565100e+01	3.720823e-08	0.000000e+00	2.068000e+00
0	37	R2	5.400900e+01	5.400900e+01	3.610413e-08	-4.166819e-07	1.920000e+00
0	38	R2	4.882300e+01	4.882300e+01	3.261562e-08	3.934345e-15	1.806000e+00
0	40	R2	5.447700e+01	5.447700e+01	3.641884e-08	-6.026656e-15	1.179000e+00
0	41	R2	5.191900e+01	5.191900e+01	3.469851e-08	-4.128333e-07	1.862000e+00
0	42	R2	5.432600e+01	5.432600e+01	3.631730e-08	-3.124638e-15	2.274000e+00
0	43	R2	6.476500e+01	6.476500e+01	4.333364e-08	3.058071e-15	4.647000e+00
0	44	R2	5.915000e+01	5.915000e+01	3.956040e-08	-1.226342e-15	5.794000e+00
0	46	R2	5.644000e+01	5.644000e+01	3.773869e-08	-8.750526e-15	1.624000e+00
0	47	R2	5.462400e+01	5.462400e+01	3.651769e-08	-6.905177e-15	1.029000e+00
0	48	R2	5.690000e+01	5.690000e+01	3.804794e-08	-2.253545e-15	3.153000e+00
0	49	R2	4.863200e+01	4.863200e+01	3.248710e-08	-6.067829e-15	1.171000e+00
0	50	R2	5.100300e+01	5.100300e+01	3.408234e-08	5.913797e-15	2.403000e+00
0	51	R2	5.382600e+01	5.382600e+01	3.598107e-08	3.399726e-15	2.090000e+00
0	52	R2	6.119800e+01	6.119800e+01	4.093682e-08	1.219397e-15	5.827000e+00
0	53	R2	5.510100e+01	5.510100e+01	3.683842e-08	-2.931400e-07	2.785000e+00
0	54	R2	5.117100e+01	5.117100e+01	3.419536e-08	-3.425951e-07	2.211000e+00
0	58	R2	5.675900e+01	5.675900e+01	3.795315e-08	-2.240753e-15	3.171000e+00
0	59	R2	4.824900e+01	4.824900e+01	3.222936e-08	1.882232e-15	3.775000e+00
0	60	R2	5.036300e+01	5.036300e+01	3.365179e-08	-2.785350e-15	2.551000e+00
0	61	R2	5.472800e+01	5.472800e+01	3.658762e-08	-3.131524e-15	2.269000e+00
0	62	R2	5.010400e+01	5.010400e+01	3.347754e-08	-9.576048e-15	7.420000e-01
0	64	R2	5.406500e+01	5.406500e+01	3.614179e-08	-4.592136e-07	1.744000e+00
0	66	R2	5.224100e+01	5.224100e+01	3.491509e-08	6.001206e-15	1.184000e+00
0	67	R2	4.047500e+01	4.047500e+01	2.699398e-08	-7.133963e-15	9.960000e-01
0	69	R2	5.054100e+01	5.054100e+01	3.377154e-08	-3.771458e-15	1.884000e+00
0	70	R2	5.128100e+01	5.128100e+01	3.426935e-08	0.000000e+00	1.905000e+00
0	71	R2	5.789100e+01	5.789100e+01	3.871413e-08	5.478356e-15	1.297000e+00
0	72	R2	5.664500e+01	5.664500e+01	3.787651e-08	-3.525950e-07	2.381000e+00
0	73	R2	5.881900e+01	5.881900e+01	3.933792e-08	-7.596608e-07	1.148000e+00
0	74	R2	6.284000e+01	6.284000e+01	4.204023e-08	0.000000e+00	2.496000e+00
0	75	R2	5.774300e+01	5.774300e+01	3.861465e-08	2.141479e-15	3.318000e+00
0	77	R2	5.206300e+01	5.206300e+01	3.479537e-08	0.000000e+00	3.590000e+00
0	78	R2	4.239000e+01	4.239000e+01	2.828442e-08	-4.055609e-15	3.504000e+00
0	79	R2	5.928900e+01	5.928900e+01	3.965383e-08	0.000000e+00	2.604000e+00
0	80	R2	5.218800e+01	5.218800e+01	3.487944e-08	0.000000e+00	2.314000e+00
0	81	R2	5.987200e+01	5.987200e+01	4.004567e-08	0.000000e+00	2.543000e+00
0	82	R2	6.184000e+01	6.184000e+01	4.136825e-08	-3.798678e-15	3.741000e+00
0	83	R2	5.309500e+01	5.309500e+01	3.548947e-08	-4.566366e-07	1.722000e+00
0	84	R2	5.442600e+01	5.442600e+01	3.638454e-08	0.000000e+00	2.327000e+00
0	86	R2	6.050600e+01	6.050600e+01	4.047177e-08	0.000000e+00	4.774000e+00
0	87	R2	4.536300e+01	4.536300e+01	3.028671e-08	0.000000e+00	1.199000e+00
0	88	R2	4.583400e+01	4.583400e+01	3.060382e-08	0.000000e+00	1.087000e+00
0	89	R2	5.746000e+01	5.746000e+01	3.842440e-08	2.219752e-15	3.201000e+00
0	90	R2	5.019000e+01	5.019000e+01	3.353540e-08	0.000000e+00	3.565000e+00
0	91	R2	5.989600e+01	5.989600e+01	4.006180e-08	0.000000e+00	3.445000e+00
0	92	R2	5.304000e+01	5.304000e+01	3.545248e-08	3.943078e-15	1.802000e+00
0	93	R2	5.995900e+01	5.995900e+01	4.010414e-08	-2.947087e-15	2.411000e+00
0	94	R2	5.268600e+01	5.268600e+01	3.521439e-08	-2.365665e-07	3.298000e+00
0	95	R2	5.633700e+01	5.633700e+01	3.766944e-08	5.253551e-15	2.705000e+00
0	97	R2	6.048700e+01	6.048700e+01	4.045900e-08	0.000000e+00	1.975000e+00
0	99	R2	4.979100e+01	4.979100e+01	3.326696e-08	7.148317e-15	9.940000e-01
0	101	R2	6.485100e+01	6.485100e+01	4.339142e-08	0.000000e+00	3.237000e+00
0	102	R2	5.729600e+01	5.729600e+01	3.831416e-08	-2.352012e-15	3.021000e+00
0	103	R2	5.094300e+01	5.094300e+01	3.404198e-08	0.000000e+00	2.932000e+00
0	104	R2	6.767100e+01	6.767100e+01	4.528590e-08	-1.709268e-15	8.314000e+00
0	105	R2	5.673600e+01	5.673600e+01	3.793769e-08	3.385149e-15	2.099000e+00
0	106	R2	5.817700e+01	5.817700e+01	3.890638e-08	-1.587096e-15	4.477000e+00
0	107	R2	5.568700e+01	5.568700e+01	3.723243e-08	-3.051686e-07	2.704000e+00
0	108	R2	5.575600e+01	5.575600e+01	3.727882e-08	0.000000e+00	1.752000e+00
0	109	R2	6.972000e+01	6.972000e+01	4.666223e-08	0.000000e+00	3.862000e+00
0	110	R2	6.893500e+01	6.893500e+01	4.613496e-08	0.000000e+00	4.318000e+00
0	111	R2	5.425700e+01	5.425700e+01	3.627090e-08	-4.053296e-15	1.753000e+00
0	113	R2	5.816500e+01	5.816500e+01	3.889832e-08	-3.599507e-15	1.974000e+00
0	114	R2	5.562400e+01	5.562400e+01	3.719007e-08	-3.050849e-15	2.329000e+00
0	115	R2	5.774900e+01	5.774900e+01	3.861868e-08	-1.986976e-15	3.576000e+00
0	116	R2	6.254700e+01	6.254700e+01	4.184334e-08	0.000000e+00	3.733000e+00
0	118	R2	5.306400e+01	5.306400e+01	3.546862e-08	1.727134e-15	4.114000e+00
0	119	R2	6.573200e+01	6.573200e+01	4.398331e-08	0.000000e+00	4.023000e+00
0	121	R2	5.727000e+01	5.727000e+01	3.829668e-08	2.264317e-15	3.138000e+00
0	122	R2	6.194800e+01	6.194800e+01	4.144083e-08	1.639462e-15	4.334000e+00
0	123	R2	7.043500e+01	7.043500e+01	4.714247e-08	-2.590858e-15	5.485000e+00
0	124	R2	6.943300e+01	6.943300e+01	4.646946e-08	3.301012e-15	4.305000e+00
0	125	R2	6.116900e+01	6.116900e+01	4.091733e-08	2.317491e-15	3.066000e+00
0	126	R2	6.948100e+01	6.948100e+01	4.650170e-08	-2.880773e-15	4.933000e+00
0	127	R2	3.429000e+01	3.429000e+01	2.282128e-08	3.291073e-15	2.159000e+00
0	128	R2	5.467200e+01	5.467200e+01	3.654996e-08	3.026162e-15	2.348000e+00
0	129	R2	5.350800e+01	5.350800e+01	3.576722e-08	1.740247e-15	4.083000e+00
0	130	R2	5.541800e+01	5.541800e+01	3.705157e-08	0.000000e+00	2.130000e+00
0	132	R2	4.263100e+01	4.263100e+01	2.844677e-08	0.000000e+00	1.696000e+00
0	133	R2	5.089900e+01	5.089900e+01	3.401238e-08	0.000000e+00	1.241000e+00
0	135	R2	5.071600e+01	5.071600e+01	3.388927e-08	-7.409205e-15	9.590000e-01
0	136	R2	5.429000e+01	5.429000e+01	3.629309e-08	2.914449e-15	2.438000e+00
0	138	R2	4.675400e+01	4.675400e+01	3.122315e-08	4.399645e-15	1.615000e+00
0	139	R2	4.381500e+01	4.381500e+01	2.924429e-08	-1.054218e-14	1.348000e+00
0	140	R2	5.189600e+01	5.189600e+01	3.468304e-08	0.000000e+00	1.124000e+00
0	141	R2	5.815400e+01	5.815400e+01	3.889092e-08	2.984220e-15	2.381000e+00
0	142	R2	5.940100e+01	5.940100e+01	3.972910e-08	-6.344132e-15	1.120000e+00
0	143	R2	5.803500e+01	5.803500e+01	3.881093e-08	-6.572569e-07	1.309000e+00
0	144	R2	5.743900e+01	5.743900e+01	3.841029e-08	0.000000e+00	1.484000e+00
0	145	R2	6.179000e+01	6.179000e+01	4.133465e-08	0.000000e+00	2.455000e+00
0	146	R2	6.579200e+01	6.579200e+01	4.402362e-08	-5.069873e-15	2.803000e+00
0	147	R2	6.470400e+01	6.470400e+01	4.329266e-08	7.956806e-15	1.786000e+00
0	148	R2	6.267900e+01	6.267900e+01	4.193204e-08	5.632523e-15	2.523000e+00
0	149	R2	6.369600e+01	6.369600e+01	4.261540e-08	0.000000e+00	2.183000e+00
0	150	R2	5.741300e+01	5.741300e+01	3.839281e-08	0.000000e+00	3.372000e+00
0	151	R2	6.224900e+01	6.224900e+01	4.164310e-08	2.867404e-15	2.478000e+00
0	152	R2	6.331700e+01	6.331700e+01	4.236074e-08	3.202085e-15	2.219000e+00
0	153	R2	5.948300e+01	5.948300e+01	3.978422e-08	-1.614503e-15	4.401000e+00
0	154	R2	6.117900e+01	6.117900e+01	4.092405e-08	0.000000e+00	2.815000e+00
0	155	R2	4.809000e+01	4.809000e+01	3.212235e-08	3.914836e-15	1.815000e+00
0	156	R2	6.399400e+01	6.399400e+01	4.281562e-08	0.000000e+00	2.142000e+00
0	157	R2	5.954600e+01	5.954600e+01	3.982656e-08	0.000000e+00	2.290000e+00
0	158	R2	6.134000e+01	6.134000e+01	4.103225e-08	0.000000e+00	2.196000e+00
0	160	R2	2.876000e+01	2.876000e+01	1.908115e-08	5.758045e-15	6.170000e-01
0	161	R2	9.937000e+00	9.937000e+00	6.096385e-09	-5.060846e-15	3.510000e-01
0	162	R2	4.596000e+00	4.596000e+00	2.182614e-09	0.000000e+00	2.220000e-01


1	2	NOE	6.210000e-01	6.210000e-01	1.764911e-09	0.000000e+00	8.000000e-03
1	5	NOE	9.030000e-01	8.474950e-01	1.734049e-05	3.964646e+00	1.400000e-02
1	6	NOE	9.050000e-01	8.474950e-01	2.637174e-05	3.833669e+00	1.500000e-02
1	7	NOE	1.000000e+00	8.474950e-01	1.602056e-05	1.173116e+01	1.300000e-02
1	8	NOE	8.890000e-01	8.474950e-01	2.452466e-05	1.804567e+00	2.300000e-02
1	9	NOE	9.090000e-01	8.474950e-01	1.354915e-05	2.277964e+00	2.700000e-02
1	11	NOE	8.790000e-01	8.474950e-01	1.233368e-05	2.864095e+00	1.100000e-02
1	12	NOE	8.810000e-01	8.474950e-01	2.037483e-05	3.045912e+00	1.100000e-02
1	13	NOE	9.770000e-01	8.474950e-01	1.514023e-05	8.094065e+00	1.600000e-02
1	14	NOE	6.670000e-01	6.670000e-01	1.987542e-09	0.000000e+00	1.900000e-02
1	15	NOE	7.180000e-01	7.180000e-01	2.360151e-09	-1.233581e-14	1.800000e-02
1	16	NOE	1.002000e+00	8.474950e-01	2.414514e-05	1.188500e+01	1.300000e-02
1	17	NOE	8.510000e-01	8.474950e-01	2.087377e-05	3.505036e-01	1.000000e-02
1	18	NOE	8.900000e-01	8.474950e-01	1.758193e-05	3.864094e+00	1.100000e-02
1	19	NOE	8.410000e-01	8.410000e-01	1.068383e-08	9.251859e-15	1.200000e-02
1	20	NOE	8.560000e-01	8.474950e-01	2.486795e-05	1.063129e+00	8.000000e-03
1	21	NOE	6.850000e-01	6.850000e-01	2.099041e-09	0.000000e+00	1.600000e-02
1	22	NOE	5.480000e-01	5.480000e-01	1.521806e-09	0.000000e+00	1.200000e-02
1	23	NOE	5.630000e-01	5.630000e-01	1.564163e-09	0.000000e+00	2.200000e-02
1	24	NOE	7.580000e-01	7.580000e-01	2.851808e-09	6.938894e-15	1.600000e-02
1	25	NOE	7.220000e-01	7.220000e-01	2.398553e-09	0.000000e+00	9.000000e-03
1	26	NOE	7.750000e-01	7.750000e-01	3.174610e-09	0.000000e+00	7.000000e-03
1	27	NOE	9.680000e-01	8.474950e-01	2.172615e-05	9.269618e+00	1.300000e-02
1	28	NOE	8.930000e-01	8.474950e-01	1.815748e-05	5.056115e+00	9.000000e-03
1	29	NOE	9.100000e-01	8.474950e-01	2.273359e-05	4.464645e+00	1.400000e-02
1	30	NOE	9.130000e-01	8.474950e-01	1.700738e-05	4.367002e+00	1.500000e-02
1	31	NOE	9.310000e-01	8.474950e-01	1.908774e-05	2.087626e+00	4.000000e-02
1	32	NOE	9.260000e-01	8.474950e-01	2.186014e-05	7.136821e+00	1.100000e-02
1	33	NOE	8.950000e-01	8.474950e-01	3.003030e-05	1.532421e+00	3.100000e-02
1	36	NOE	8.390000e-01	8.390000e-01	9.339832e-09	0.000000e+00	8.000000e-03
1	37	NOE	9.510000e-01	8.474950e-01	1.371965e-05	1.150056e+01	9.000000e-03
1	38	NOE	9.830000e-01	8.474950e-01	2.305599e-05	1.231864e+01	1.100000e-02
1	40	NOE	8.780000e-01	8.474950e-01	1.699073e-05	2.542086e+00	1.200000e-02
1	41	NOE	9.210000e-01	8.474950e-01	2.809665e-05	6.682276e+00	1.100000e-02
1	42	NOE	8.730000e-01	8.474950e-01	1.508963e-05	1.821788e+00	1.400000e-02
1	43	NOE	7.550000e-01	7.550000e-01	2.804237e-09	-6.167906e-15	1.800000e-02
1	44	NOE	8.830000e-01	8.474950e-01	2.628829e-05	1.775252e+00	2.000000e-02
1	46	NOE	8.950000e-01	8.474950e-01	3.003030e-05	4.750504e+00	1.000000e-02
1	47	NOE	8.440000e-01	8.440000e-01	1.456924e-08	0.000000e+00	1.000000e-02
1	48	NOE	8.510000e-01	8.474950e-01	2.087377e-05	2.336691e-01	1.500000e-02
1	49	NOE	9.050000e-01	8.474950e-01	2.637174e-05	5.750504e+00	1.000000e-02
1	50	NOE	8.690000e-01	8.474950e-01	1.513041e-05	1.654234e+00	1.300000e-02
1	51	NOE	7.110000e-01	7.110000e-01	2.297017e-09	7.401487e-15	1.500000e-02
1	52	NOE	9.340000e-01	8.474950e-01	1.414371e-05	2.982932e+00	2.900000e-02
1	53	NOE	8.020000e-01	8.020000e-01	4.019441e-09	0.000000e+00	1.500000e-02
1	54	NOE	7.320000e-01	7.320000e-01	2.503056e-09	-8.540177e-15	1.300000e-02
1	58	NOE	9.310000e-01	8.474950e-01	1.908774e-05	5.219065e+00	1.600000e-02
1	59	NOE	9.270000e-01	8.474950e-01	1.861437e-05	1.472315e+00	5.400000e-02
1	60	NOE	8.930000e-01	8.474950e-01	1.815748e-05	3.792086e+00	1.200000e-02
1	61	NOE	1.049000e+00	8.474950e-01	3.411525e-05	1.679209e+01	1.200000e-02
1	62	NOE	8.440000e-01	8.440000e-01	1.456924e-08	0.000000e+00	8.000000e-03
1	64	NOE	8.420000e-01	8.420000e-01	1.161664e-08	0.000000e+00	1.100000e-02
1	66	NOE	9.680000e-01	8.474950e-01	2.172615e-05	1.095500e+01	1.100000e-02
1	67	NOE	7.410000e-01	7.410000e-01	2.609319e-09	1.387779e-14	8.000000e-03
1	69	NOE	9.340000e-01	8.474950e-01	1.414371e-05	6.178931e+00	1.400000e-02
1	70	NOE	1.088000e+00	8.474950e-01	1.819519e-05	1.414736e+01	1.700000e-02
1	71	NOE	1.004000e+00	8.474950e-01	2.324874e-05	1.304209e+01	1.200000e-02
1	72	NOE	8.560000e-01	8.474950e-01	2.486795e-05	7.087530e-01	1.200000e-02
1	73	NOE	8.020000e-01	8.020000e-01	4.019441e-09	0.000000e+00	8.000000e-03
1	74	NOE	8.580000e-01	8.474950e-01	1.473026e-05	8.080799e-01	1.300000e-02
1	75	NOE	9.930000e-01	8.474950e-01	1.476882e-05	9.700336e+00	1.500000e-02
1	77	NOE	1.019000e+00	8.474950e-01	1.465222e-05	6.596348e+00	2.600000e-02
1	78	NOE	1.078000e+00	8.474950e-01	1.664757e-05	6.779560e+00	3.400000e-02
1	79	NOE	9.110000e-01	8.474950e-01	4.195714e-05	5.292086e+00	1.200000e-02
1	80	NOE	9.240000e-01	8.474950e-01	2.075427e-05	5.100336e+00	1.500000e-02
1	81	NOE	9.620000e-01	8.474950e-01	1.819812e-05	7.633669e+00	1.500000e-02
1	82	NOE	6.760000e-01	6.760000e-01	2.041125e-09	-1.144560e-15	9.700000e-02
1	83	NOE	8.250000e-01	8.250000e-01	5.730708e-09	1.009294e-14	1.100000e-02
1	84	NOE	8.130000e-01	8.130000e-01	4.621660e-09	0.000000e+00	1.100000e-02
1	86	NOE	7.820000e-01	7.820000e-01	3.342558e-09	0.000000e+00	1.900000e-02
1	87	NOE	6.560000e-01	6.560000e-01	1.927184e-09	9.251859e-15	1.200000e-02
1	88	NOE	5.950000e-01	5.950000e-01	1.666541e-09	0.000000e+00	8.000000e-03
1	89	NOE	7.670000e-01	7.670000e-01	3.010040e-09	0.000000e+00	1.300000e-02
1	90	NOE	7.020000e-01	7.020000e-01	2.222572e-09	-2.209251e-07	1.900000e-02
1	91	NOE	8.040000e-01	8.040000e-01	4.111725e-09	0.000000e+00	1.100000e-02
1	92	NOE	9.760000e-01	8.474950e-01	2.831546e-05	9.178931e+00	1.400000e-02
1	93	NOE	1.046000e+00	8.474950e-01	1.555825e-05	1.417893e+01	1.400000e-02
1	94	NOE	9.530000e-01	8.474950e-01	1.388536e-05	6.206179e+00	1.700000e-02
1	95	NOE	1.010000e+00	8.474950e-01	2.460276e-05	1.083367e+01	1.500000e-02
1	97	NOE	9.640000e-01	8.474950e-01	1.783841e-05	1.294500e+01	9.000000e-03
1	99	NOE	7.290000e-01	7.290000e-01	2.470332e-09	-1.387779e-14	8.000000e-03
1	101	NOE	8.700000e-01	8.474950e-01	3.185644e-05	1.607503e+00	1.400000e-02
1	102	NOE	9.510000e-01	8.474950e-01	1.371965e-05	4.704774e+00	2.200000e-02
1	103	NOE	9.710000e-01	8.474950e-01	2.143106e-05	7.719065e+00	1.600000e-02
1	104	NOE	1.024000e+00	8.474950e-01	1.693642e-05	4.902918e+00	3.600000e-02
1	105	NOE	9.760000e-01	8.474950e-01	2.831546e-05	9.178931e+00	1.400000e-02
1	106	NOE	8.080000e-01	8.080000e-01	4.316830e-09	0.000000e+00	1.900000e-02
1	107	NOE	8.710000e-01	8.474950e-01	1.404559e-05	1.175252e+00	2.000000e-02
1	108	NOE	9.580000e-01	8.474950e-01	1.710181e-05	8.500387e+00	1.300000e-02
1	109	NOE	8.990000e-01	8.474950e-01	2.322522e-05	4.292086e+00	1.200000e-02
1	110	NOE	9.170000e-01	8.474950e-01	2.063379e-05	4.633669e+00	1.500000e-02
1	111	NOE	1.009000e+00	8.474950e-01	1.227290e-05	1.345875e+01	1.200000e-02
1	113	NOE	8.240000e-01	8.240000e-01	5.606808e-09	-1.009294e-14	1.100000e-02
1	114	NOE	8.150000e-01	8.150000e-01	4.762816e-09	-6.868024e-08	1.400000e-02
1	115	NOE	8.500000e-01	8.474950e-01	2.015727e-05	1.318440e-01	1.900000e-02
1	116	NOE	9.170000e-01	8.474950e-01	2.063379e-05	3.475252e+00	2.000000e-02
1	118	NOE	8.710000e-01	8.474950e-01	1.404559e-05	3.672662e-01	6.400000e-02
1	119	NOE	8.880000e-01	8.474950e-01	2.272594e-05	2.025252e+00	2.000000e-02
1	121	NOE	1.042000e+00	8.474950e-01	1.542342e-05	9.725252e+00	2.000000e-02
1	122	NOE	9.730000e-01	8.474950e-01	1.498598e-05	6.972502e+00	1.800000e-02
1	123	NOE	8.780000e-01	8.474950e-01	1.699073e-05	1.605528e+00	1.900000e-02
1	124	NOE	1.075000e+00	8.474950e-01	2.599849e-05	9.479376e+00	2.400000e-02
1	125	NOE	1.019000e+00	8.474950e-01	1.465222e-05	9.528058e+00	1.800000e-02
1	126	NOE	9.910000e-01	8.474950e-01	2.547492e-05	7.972502e+00	1.800000e-02
1	127	NOE	8.230000e-01	8.230000e-01	5.490562e-09	0.000000e+00	1.400000e-02
1	128	NOE	8.790000e-01	8.474950e-01	1.233368e-05	2.100336e+00	1.500000e-02
1	129	NOE	9.040000e-01	8.474950e-01	1.309576e-05	4.346541e+00	1.300000e-02
1	130	NOE	9.470000e-01	8.474950e-01	2.343676e-05	8.292086e+00	1.200000e-02
1	132	NOE	5.920000e-01	5.920000e-01	1.656150e-09	0.000000e+00	2.100000e-02
1	133	NOE	6.790000e-01	6.790000e-01	2.059921e-09	0.000000e+00	7.000000e-03
1	135	NOE	6.760000e-01	6.760000e-01	2.041125e-09	-1.586033e-14	7.000000e-03
1	136	NOE	6.940000e-01	6.940000e-01	2.161914e-09	0.000000e+00	1.200000e-02
1	138	NOE	7.850000e-01	7.850000e-01	3.422987e-09	0.000000e+00	7.000000e-03
1	139	NOE	7.510000e-01	7.510000e-01	2.744269e-09	0.000000e+00	1.100000e-02
1	140	NOE	8.380000e-01	8.380000e-01	8.833351e-09	0.000000e+00	9.000000e-03
1	141	NOE	8.790000e-01	8.474950e-01	1.233368e-05	2.625420e+00	1.200000e-02
1	142	NOE	8.900000e-01	8.474950e-01	1.758193e-05	5.313130e+00	8.000000e-03
1	143	NOE	9.450000e-01	8.474950e-01	1.984620e-05	8.125420e+00	1.200000e-02
1	144	NOE	8.420000e-01	8.420000e-01	1.161664e-08	0.000000e+00	1.200000e-02
1	145	NOE	9.500000e-01	8.474950e-01	1.753374e-05	6.833669e+00	1.500000e-02
1	146	NOE	9.500000e-01	8.474950e-01	1.753374e-05	5.694724e+00	1.800000e-02
1	147	NOE	8.910000e-01	8.474950e-01	1.859985e-05	3.346541e+00	1.300000e-02
1	148	NOE	9.930000e-01	8.474950e-01	1.476882e-05	1.039322e+01	1.400000e-02
1	149	NOE	9.510000e-01	8.474950e-01	1.371965e-05	6.469065e+00	1.600000e-02
1	150	NOE	8.720000e-01	8.474950e-01	1.428744e-05	1.441473e+00	1.700000e-02
1	151	NOE	8.730000e-01	8.474950e-01	1.508963e-05	1.700336e+00	1.500000e-02
1	152	NOE	9.450000e-01	8.474950e-01	1.984620e-05	2.437626e+00	4.000000e-02
1	153	NOE	8.670000e-01	8.474950e-01	3.825325e-05	8.865925e-01	2.200000e-02
1	154	NOE	9.000000e-01	8.474950e-01	2.829992e-05	3.281565e+00	1.600000e-02
1	155	NOE	8.240000e-01	8.240000e-01	5.606808e-09	-9.251859e-15	1.200000e-02
1	156	NOE	9.250000e-01	8.474950e-01	1.838025e-05	7.750504e+00	1.000000e-02
1	157	NOE	1.041000e+00	8.474950e-01	1.703863e-05	1.138265e+01	1.700000e-02
1	158	NOE	8.010000e-01	8.010000e-01	3.975541e-09	0.000000e+00	1.100000e-02
1	160	NOE	3.190000e-01	3.190000e-01	1.114260e-09	4.163336e-14	4.000000e-03
1	161	NOE	1.960000e-01	1.960000e-01	9.880530e-10	1.850372e-14	3.000000e-03
1	162	NOE	4.580000e-01	4.580000e-01	1.320236e-09	-9.251859e-14	3.000000e-03


2	2	R1	2.820000e-01	2.820000e-01	4.057615e-08	5.551115e-15	1.000000e-02
2	5	R1	2.730000e-01	2.730000e-01	4.192174e-08	0.000000e+00	1.700000e-02
2	6	R1	2.860000e-01	2.860000e-01	4.000521e-08	2.823689e-07	1.500000e-02
2	7	R1	2.880000e-01	2.880000e-01	3.972567e-08	-3.083953e-15	1.800000e-02
2	8	R1	2.870000e-01	2.870000e-01	3.986496e-08	1.206764e-15	4.600000e-02
2	9	R1	3.140000e-01	3.140000e-01	3.641471e-08	-2.312965e-15	2.400000e-02
2	11	R1	2.770000e-01	2.770000e-01	4.131293e-08	-3.965082e-15	1.400000e-02
2	12	R1	2.880000e-01	2.880000e-01	3.972567e-08	-4.625929e-15	1.200000e-02
2	13	R1	3.190000e-01	3.190000e-01	3.583965e-08	0.000000e+00	1.400000e-02
2	14	R1	3.090000e-01	3.090000e-01	3.700831e-08	3.469447e-15	1.600000e-02
2	15	R1	3.060000e-01	3.060000e-01	3.737375e-08	0.000000e+00	1.500000e-02
2	16	R1	2.800000e-01	2.800000e-01	4.086771e-08	0.000000e+00	1.000000e-02
2	17	R1	3.200000e-01	3.200000e-01	3.572678e-08	0.000000e+00	1.700000e-02
2	18	R1	3.150000e-01	3.150000e-01	3.629824e-08	4.270089e-15	1.300000e-02
2	19	R1	3.310000e-01	3.310000e-01	3.453011e-08	1.110223e-14	1.000000e-02
2	20	R1	3.600000e-01	3.600000e-01	3.172437e-08	-7.930164e-15	1.400000e-02
2	21	R1	4.300000e-01	4.300000e-01	2.650399e-08	2.921640e-15	1.900000e-02
2	22	R1	4.720000e-01	4.720000e-01	2.411054e-08	6.167906e-15	1.800000e-02
2	23	R1	3.590000e-01	3.590000e-01	3.181361e-08	0.000000e+00	2.000000e-02
2	24	R1	4.040000e-01	4.040000e-01	2.823307e-08	0.000000e+00	1.400000e-02
2	25	R1	4.330000e-01	4.330000e-01	2.631775e-08	-3.700743e-15	1.500000e-02
2	26	R1	3.070000e-01	3.070000e-01	3.725114e-08	1.387779e-14	8.000000e-03
2	27	R1	3.420000e-01	3.420000e-01	3.341011e-08	-4.270089e-15	1.300000e-02
2	28	R1	2.880000e-01	2.880000e-01	3.972567e-08	0.000000e+00	1.200000e-02
2	29	R1	3.100000e-01	3.100000e-01	3.688806e-08	-4.625929e-15	1.200000e-02
2	30	R1	3.180000e-01	3.180000e-01	3.595322e-08	-3.700743e-15	1.500000e-02
2	31	R1	4.720000e-01	4.720000e-01	2.411054e-08	0.000000e+00	5.300000e-02
2	32	R1	3.170000e-01	3.170000e-01	3.606750e-08	-5.046468e-15	1.100000e-02
2	33	R1	3.690000e-01	3.690000e-01	3.094289e-08	0.000000e+00	2.200000e-02
2	36	R1	2.530000e-01	2.530000e-01	4.525368e-08	8.540177e-15	1.300000e-02
2	37	R1	2.900000e-01	2.900000e-01	3.944998e-08	5.046468e-15	1.100000e-02
2	38	R1	3.050000e-01	3.050000e-01	3.749715e-08	5.046468e-15	1.100000e-02
2	40	R1	3.030000e-01	3.030000e-01	3.774639e-08	-4.625929e-15	1.200000e-02
2	41	R1	3.140000e-01	3.140000e-01	3.641471e-08	3.965082e-15	1.400000e-02
2	42	R1	2.810000e-01	2.810000e-01	4.072141e-08	3.468651e-07	1.200000e-02
2	43	R1	2.870000e-01	2.870000e-01	3.986496e-08	2.921640e-15	1.900000e-02
2	44	R1	3.810000e-01	3.810000e-01	2.995804e-08	2.055969e-15	2.700000e-02
2	46	R1	3.340000e-01	3.340000e-01	3.421737e-08	0.000000e+00	1.200000e-02
2	47	R1	3.250000e-01	3.250000e-01	3.517284e-08	6.938894e-15	8.000000e-03
2	48	R1	2.920000e-01	2.920000e-01	3.917805e-08	0.000000e+00	1.000000e-02
2	49	R1	2.880000e-01	2.880000e-01	3.972567e-08	-3.965082e-15	1.400000e-02
2	50	R1	3.140000e-01	3.140000e-01	3.641471e-08	5.551115e-15	1.000000e-02
2	51	R1	3.290000e-01	3.290000e-01	3.474176e-08	2.775558e-15	2.000000e-02
2	52	R1	4.100000e-01	4.100000e-01	2.781472e-08	-1.790682e-15	3.100000e-02
2	53	R1	3.290000e-01	3.290000e-01	3.474176e-08	0.000000e+00	1.500000e-02
2	54	R1	3.530000e-01	3.530000e-01	3.235961e-08	3.469447e-15	1.600000e-02
2	58	R1	2.780000e-01	2.780000e-01	4.116346e-08	-5.843279e-15	1.900000e-02
2	59	R1	3.620000e-01	3.620000e-01	3.154737e-08	0.000000e+00	3.200000e-02
2	60	R1	3.170000e-01	3.170000e-01	3.606750e-08	2.523234e-15	2.200000e-02
2	61	R1	2.790000e-01	2.790000e-01	4.101506e-08	-3.700743e-15	1.500000e-02
2	62	R1	2.690000e-01	2.690000e-01	4.254859e-08	1.387779e-14	8.000000e-03
2	64	R1	2.990000e-01	2.990000e-01	3.825485e-08	-3.700743e-15	1.500000e-02
2	66	R1	2.740000e-01	2.740000e-01	4.176787e-08	4.625929e-15	1.200000e-02
2	67	R1	3.580000e-01	3.580000e-01	3.190335e-08	0.000000e+00	1.100000e-02
2	69	R1	2.780000e-01	2.780000e-01	4.116346e-08	-3.083953e-15	1.800000e-02
2	70	R1	3.060000e-01	3.060000e-01	3.737375e-08	0.000000e+00	1.200000e-02
2	71	R1	2.870000e-01	2.870000e-01	3.986496e-08	4.270089e-15	1.300000e-02
2	72	R1	2.840000e-01	2.840000e-01	4.028868e-08	3.265362e-15	1.700000e-02
2	73	R1	2.860000e-01	2.860000e-01	4.000521e-08	0.000000e+00	1.100000e-02
2	74	R1	2.920000e-01	2.920000e-01	3.917805e-08	0.000000e+00	8.000000e-03
2	75	R1	3.030000e-01	3.030000e-01	3.774639e-08	-3.265362e-15	1.700000e-02
2	77	R1	3.900000e-01	3.900000e-01	2.925897e-08	1.734723e-15	3.200000e-02
2	78	R1	2.320000e-01	2.320000e-01	4.936887e-08	-3.083953e-15	2.700000e-02
2	79	R1	2.850000e-01	2.850000e-01	4.014645e-08	-3.965082e-15	1.400000e-02
2	80	R1	2.810000e-01	2.810000e-01	4.072141e-08	4.625929e-15	2.400000e-02
2	81	R1	2.940000e-01	2.940000e-01	3.890981e-08	0.000000e+00	1.100000e-02
2	82	R1	3.230000e-01	3.230000e-01	3.539237e-08	8.953411e-16	6.200000e-02
2	83	R1	3.100000e-01	3.100000e-01	3.688806e-08	6.938894e-15	8.000000e-03
2	84	R1	3.560000e-01	3.560000e-01	3.208432e-08	0.000000e+00	1.600000e-02
2	86	R1	4.670000e-01	4.670000e-01	2.437308e-08	-3.364312e-15	3.300000e-02
2	87	R1	4.540000e-01	4.540000e-01	2.508251e-08	7.930164e-15	2.100000e-02
2	88	R1	4.520000e-01	4.520000e-01	2.519525e-08	-4.270089e-15	1.300000e-02
2	89	R1	4.020000e-01	4.020000e-01	2.837528e-08	-4.270089e-15	1.300000e-02
2	90	R1	5.350000e-01	5.350000e-01	2.121939e-08	0.000000e+00	2.700000e-02
2	91	R1	2.860000e-01	2.860000e-01	4.000521e-08	0.000000e+00	9.000000e-03
2	92	R1	2.720000e-01	2.720000e-01	4.207673e-08	0.000000e+00	2.400000e-02
2	93	R1	2.960000e-01	2.960000e-01	3.864518e-08	3.083953e-15	1.800000e-02
2	94	R1	2.960000e-01	2.960000e-01	3.864518e-08	-3.083953e-15	1.800000e-02
2	95	R1	2.950000e-01	2.950000e-01	3.877705e-08	-3.469447e-15	1.600000e-02
2	97	R1	2.970000e-01	2.970000e-01	3.851420e-08	-6.167906e-15	9.000000e-03
2	99	R1	2.870000e-01	2.870000e-01	3.986496e-08	5.551115e-15	1.000000e-02
2	101	R1	2.940000e-01	2.940000e-01	3.890981e-08	0.000000e+00	1.600000e-02
2	102	R1	2.490000e-01	2.490000e-01	4.598413e-08	0.000000e+00	9.000000e-03
2	103	R1	2.850000e-01	2.850000e-01	4.014645e-08	-1.387779e-14	8.000000e-03
2	104	R1	4.870000e-01	4.870000e-01	2.335500e-08	-1.009294e-15	5.500000e-02
2	105	R1	2.990000e-01	2.990000e-01	3.825485e-08	0.000000e+00	1.000000e-02
2	106	R1	2.370000e-01	2.370000e-01	4.832307e-08	8.540177e-15	1.300000e-02
2	107	R1	2.580000e-01	2.580000e-01	4.437239e-08	9.251859e-15	1.200000e-02
2	108	R1	2.700000e-01	2.700000e-01	4.239014e-08	1.009294e-14	1.100000e-02
2	109	R1	2.860000e-01	2.860000e-01	4.000521e-08	0.000000e+00	1.100000e-02
2	110	R1	2.820000e-01	2.820000e-01	4.057615e-08	-3.965082e-15	1.400000e-02
2	111	R1	2.650000e-01	2.650000e-01	4.319432e-08	0.000000e+00	1.200000e-02
2	113	R1	2.670000e-01	2.670000e-01	4.286904e-08	0.000000e+00	7.000000e-03
2	114	R1	3.080000e-01	3.080000e-01	3.712933e-08	-3.965082e-15	1.400000e-02
2	115	R1	3.270000e-01	3.270000e-01	3.495599e-08	0.000000e+00	1.400000e-02
2	116	R1	2.820000e-01	2.820000e-01	4.057615e-08	-3.083953e-15	1.800000e-02
2	118	R1	2.550000e-01	2.550000e-01	4.489703e-08	-2.135044e-15	2.600000e-02
2	119	R1	2.760000e-01	2.760000e-01	4.146348e-08	0.000000e+00	2.900000e-02
2	121	R1	2.810000e-01	2.810000e-01	4.072141e-08	-5.046468e-15	1.100000e-02
2	122	R1	2.890000e-01	2.890000e-01	3.958735e-08	-2.523234e-15	2.200000e-02
2	123	R1	2.870000e-01	2.870000e-01	3.986496e-08	-5.046468e-15	2.200000e-02
2	124	R1	3.080000e-01	3.080000e-01	3.712933e-08	-2.135044e-15	2.600000e-02
2	125	R1	3.130000e-01	3.130000e-01	3.653192e-08	-3.265362e-15	1.700000e-02
2	126	R1	3.050000e-01	3.050000e-01	3.749715e-08	-2.643388e-15	2.100000e-02
2	127	R1	3.180000e-01	3.180000e-01	3.595322e-08	8.540177e-15	1.300000e-02
2	128	R1	3.130000e-01	3.130000e-01	3.653192e-08	2.775558e-15	2.000000e-02
2	129	R1	3.630000e-01	3.630000e-01	3.145959e-08	-2.135044e-15	2.600000e-02
2	130	R1	3.130000e-01	3.130000e-01	3.653192e-08	4.625929e-15	1.200000e-02
2	132	R1	3.840000e-01	3.840000e-01	2.972140e-08	-4.827057e-15	2.300000e-02
2	133	R1	4.200000e-01	4.200000e-01	2.714386e-08	0.000000e+00	1.500000e-02
2	135	R1	4.170000e-01	4.170000e-01	2.734176e-08	-5.551115e-15	1.000000e-02
2	136	R1	3.940000e-01	3.940000e-01	2.895846e-08	-3.469447e-15	1.600000e-02
2	138	R1	3.260000e-01	3.260000e-01	3.506408e-08	6.167906e-15	9.000000e-03
2	139	R1	3.060000e-01	3.060000e-01	3.737375e-08	0.000000e+00	1.300000e-02
2	140	R1	2.800000e-01	2.800000e-01	4.086771e-08	-1.586033e-14	7.000000e-03
2	141	R1	2.830000e-01	2.830000e-01	4.043191e-08	4.625929e-15	1.200000e-02
2	142	R1	2.860000e-01	2.860000e-01	4.000521e-08	-1.233581e-14	9.000000e-03
2	143	R1	2.740000e-01	2.740000e-01	4.176787e-08	6.938894e-15	8.000000e-03
2	144	R1	3.000000e-01	3.000000e-01	3.812647e-08	0.000000e+00	1.100000e-02
2	145	R1	2.970000e-01	2.970000e-01	3.851420e-08	-4.270089e-15	1.300000e-02
2	146	R1	3.110000e-01	3.110000e-01	3.676859e-08	-3.965082e-15	1.400000e-02
2	147	R1	2.630000e-01	2.630000e-01	4.352453e-08	0.000000e+00	1.400000e-02
2	148	R1	2.740000e-01	2.740000e-01	4.176787e-08	0.000000e+00	1.300000e-02
2	149	R1	3.140000e-01	3.140000e-01	3.641471e-08	-4.625929e-15	1.200000e-02
2	150	R1	2.930000e-01	2.930000e-01	3.904347e-08	-5.286776e-15	2.100000e-02
2	151	R1	3.000000e-01	3.000000e-01	3.812647e-08	0.000000e+00	1.100000e-02
2	152	R1	3.430000e-01	3.430000e-01	3.331184e-08	0.000000e+00	1.400000e-02
2	153	R1	3.170000e-01	3.170000e-01	3.606750e-08	-2.523234e-15	2.200000e-02
2	154	R1	3.250000e-01	3.250000e-01	3.517284e-08	0.000000e+00	1.800000e-02
2	155	R1	3.150000e-01	3.150000e-01	3.629824e-08	-5.046468e-15	1.100000e-02
2	156	R1	3.070000e-01	3.070000e-01	3.725114e-08	-5.046468e-15	1.100000e-02
2	157	R1	3.060000e-01	3.060000e-01	3.737375e-08	0.000000e+00	1.000000e-02
2	158	R1	3.330000e-01	3.330000e-01	3.432100e-08	-4.625929e-15	1.200000e-02
2	160	R1	7.500000e-01	7.500000e-01	1.497291e-08	1.110223e-14	2.000000e-02
2	161	R1	1.055000e+00	1.055000e+00	1.040457e-08	-9.654113e-15	2.300000e-02
2	162	R1	9.680000e-01	9.680000e-01	1.142453e-08	0.000000e+00	2.000000e-02


