2	5.079400e+01	1.334000e+00	6.210000e-01	8.000000e-03	2.820000e-01	1.000000e-02	1.083403e-02	
5	4.927900e+01	2.367000e+00	9.030000e-01	1.400000e-02	2.730000e-01	1.700000e-02	2.684332e-03	
6	5.367100e+01	2.721000e+00	9.050000e-01	1.500000e-02	2.860000e-01	1.500000e-02	2.754175e-03	
7	5.945000e+01	2.262000e+00	1.000000e+00	1.300000e-02	2.880000e-01	1.800000e-02	-0.000000e+00	
8	6.988800e+01	5.878000e+00	8.890000e-01	2.300000e-02	2.870000e-01	4.600000e-02	3.229288e-03	
9	5.538500e+01	7.432000e+00	9.090000e-01	2.700000e-02	3.140000e-01	2.400000e-02	2.896496e-03	
11	4.998200e+01	1.579000e+00	8.790000e-01	1.100000e-02	2.770000e-01	1.400000e-02	3.397559e-03	
12	5.576000e+01	2.333000e+00	8.810000e-01	1.100000e-02	2.880000e-01	1.200000e-02	3.474092e-03	
13	6.150300e+01	2.116000e+00	9.770000e-01	1.600000e-02	3.190000e-01	1.400000e-02	7.437387e-04	
14	5.266600e+01	3.010000e+00	6.670000e-01	1.900000e-02	3.090000e-01	1.600000e-02	1.043049e-02	
15	6.375500e+01	3.991000e+00	7.180000e-01	1.800000e-02	3.060000e-01	1.500000e-02	8.747267e-03	
16	5.552300e+01	2.392000e+00	1.002000e+00	1.300000e-02	2.800000e-01	1.000000e-02	-5.676621e-05	
17	4.722000e+01	1.924000e+00	8.510000e-01	1.000000e-02	3.200000e-01	1.700000e-02	4.833237e-03	
18	5.508200e+01	1.499000e+00	8.900000e-01	1.100000e-02	3.150000e-01	1.300000e-02	3.512409e-03	
19	5.025900e+01	1.658000e+00	8.410000e-01	1.200000e-02	3.310000e-01	1.000000e-02	5.334908e-03	
20	5.526500e+01	1.055000e+00	8.560000e-01	8.000000e-03	3.600000e-01	1.400000e-02	5.254929e-03	
21	4.511700e+01	1.955000e+00	6.850000e-01	1.600000e-02	4.300000e-01	1.900000e-02	1.373033e-02	
22	4.934400e+01	2.569000e+00	5.480000e-01	1.200000e-02	4.720000e-01	1.800000e-02	2.162630e-02	
23	5.430500e+01	3.756000e+00	5.630000e-01	2.200000e-02	3.590000e-01	2.000000e-02	1.590295e-02	
24	5.394500e+01	2.454000e+00	7.580000e-01	1.600000e-02	4.040000e-01	1.400000e-02	9.910569e-03	
25	5.456000e+01	1.998000e+00	7.220000e-01	9.000000e-03	4.330000e-01	1.500000e-02	1.220210e-02	
26	4.792300e+01	9.820000e-01	7.750000e-01	7.000000e-03	3.070000e-01	8.000000e-03	7.002010e-03	
27	5.675800e+01	2.331000e+00	9.680000e-01	1.300000e-02	3.420000e-01	1.300000e-02	1.109374e-03	
28	5.124500e+01	1.892000e+00	8.930000e-01	9.000000e-03	2.880000e-01	1.200000e-02	3.123763e-03	
29	5.449100e+01	1.739000e+00	9.100000e-01	1.400000e-02	3.100000e-01	1.200000e-02	2.828173e-03	
30	5.501800e+01	1.282000e+00	9.130000e-01	1.500000e-02	3.180000e-01	1.500000e-02	2.804453e-03	
31	5.059400e+01	9.750000e-01	9.310000e-01	4.000000e-02	4.720000e-01	5.300000e-02	3.301360e-03	
32	6.112700e+01	2.590000e+00	9.260000e-01	1.100000e-02	3.170000e-01	1.100000e-02	2.377896e-03	
33	6.315500e+01	7.340000e+00	8.950000e-01	3.100000e-02	3.690000e-01	2.200000e-02	3.927512e-03	
36	5.565100e+01	2.068000e+00	8.390000e-01	8.000000e-03	2.530000e-01	1.300000e-02	4.129032e-03	
37	5.400900e+01	1.920000e+00	9.510000e-01	9.000000e-03	2.900000e-01	1.100000e-02	1.440442e-03	
38	4.882300e+01	1.806000e+00	9.830000e-01	1.100000e-02	3.050000e-01	1.100000e-02	5.255942e-04	
40	5.447700e+01	1.179000e+00	8.780000e-01	1.200000e-02	3.030000e-01	1.200000e-02	3.747178e-03	
41	5.191900e+01	1.862000e+00	9.210000e-01	1.100000e-02	3.140000e-01	1.400000e-02	2.514540e-03	
42	5.432600e+01	2.274000e+00	8.730000e-01	1.400000e-02	2.810000e-01	1.200000e-02	3.617528e-03	
43	6.476500e+01	4.647000e+00	7.550000e-01	1.800000e-02	2.870000e-01	1.900000e-02	7.127707e-03	
44	5.915000e+01	5.794000e+00	8.830000e-01	2.000000e-02	3.810000e-01	2.700000e-02	4.518691e-03	
46	5.644000e+01	1.624000e+00	8.950000e-01	1.000000e-02	3.340000e-01	1.200000e-02	3.554984e-03	
47	5.462400e+01	1.029000e+00	8.440000e-01	1.000000e-02	3.250000e-01	8.000000e-03	5.139369e-03	
48	5.690000e+01	3.153000e+00	8.510000e-01	1.500000e-02	2.920000e-01	1.000000e-02	4.410329e-03	
49	4.863200e+01	1.171000e+00	9.050000e-01	1.000000e-02	2.880000e-01	1.400000e-02	2.773435e-03	
50	5.100300e+01	2.403000e+00	8.690000e-01	1.300000e-02	3.140000e-01	1.000000e-02	4.169681e-03	
51	5.382600e+01	2.090000e+00	7.110000e-01	1.500000e-02	3.290000e-01	2.000000e-02	9.638192e-03	
52	6.119800e+01	5.827000e+00	9.340000e-01	2.900000e-02	4.100000e-01	3.100000e-02	2.743024e-03	
53	5.510100e+01	2.785000e+00	8.020000e-01	1.500000e-02	3.290000e-01	1.500000e-02	6.603329e-03	
54	5.117100e+01	2.211000e+00	7.320000e-01	1.300000e-02	3.530000e-01	1.600000e-02	9.589839e-03	
58	5.675900e+01	3.171000e+00	9.310000e-01	1.600000e-02	2.780000e-01	1.900000e-02	1.944445e-03	
59	4.824900e+01	3.775000e+00	9.270000e-01	5.400000e-02	3.620000e-01	3.200000e-02	2.678757e-03	
60	5.036300e+01	2.551000e+00	8.930000e-01	1.200000e-02	3.170000e-01	2.200000e-02	3.438309e-03	
61	5.472800e+01	2.269000e+00	1.049000e+00	1.200000e-02	2.790000e-01	1.500000e-02	-1.385805e-03	
62	5.010400e+01	7.420000e-01	8.440000e-01	8.000000e-03	2.690000e-01	8.000000e-03	4.253816e-03	
64	5.406500e+01	1.744000e+00	8.420000e-01	1.100000e-02	2.990000e-01	1.500000e-02	4.788838e-03	
66	5.224100e+01	1.184000e+00	9.680000e-01	1.100000e-02	2.740000e-01	1.200000e-02	8.887966e-04	
67	4.047500e+01	9.960000e-01	7.410000e-01	8.000000e-03	3.580000e-01	1.100000e-02	9.399064e-03	
69	5.054100e+01	1.884000e+00	9.340000e-01	1.400000e-02	2.780000e-01	1.800000e-02	1.859904e-03	
70	5.128100e+01	1.905000e+00	1.088000e+00	1.700000e-02	3.060000e-01	1.200000e-02	-2.729644e-03	
71	5.789100e+01	1.297000e+00	1.004000e+00	1.200000e-02	2.870000e-01	1.300000e-02	-1.163707e-04	
72	5.664500e+01	2.381000e+00	8.560000e-01	1.200000e-02	2.840000e-01	1.700000e-02	4.145555e-03	
73	5.881900e+01	1.148000e+00	8.020000e-01	8.000000e-03	2.860000e-01	1.100000e-02	5.740280e-03	
74	6.284000e+01	2.496000e+00	8.580000e-01	1.300000e-02	2.920000e-01	8.000000e-03	4.203132e-03	
75	5.774300e+01	3.318000e+00	9.930000e-01	1.500000e-02	3.030000e-01	1.700000e-02	2.150020e-04	
77	5.206300e+01	3.590000e+00	1.019000e+00	2.600000e-02	3.900000e-01	3.200000e-02	-7.511385e-04	
78	4.239000e+01	3.504000e+00	1.078000e+00	3.400000e-02	2.320000e-01	2.700000e-02	-1.834359e-03	
79	5.928900e+01	2.604000e+00	9.110000e-01	1.200000e-02	2.850000e-01	1.400000e-02	2.571205e-03	
80	5.218800e+01	2.314000e+00	9.240000e-01	1.500000e-02	2.810000e-01	2.400000e-02	2.164820e-03	
81	5.987200e+01	2.543000e+00	9.620000e-01	1.500000e-02	2.940000e-01	1.100000e-02	1.132486e-03	
82	6.184000e+01	3.741000e+00	6.760000e-01	9.700000e-02	3.230000e-01	6.200000e-02	1.060839e-02	
83	5.309500e+01	1.722000e+00	8.250000e-01	1.100000e-02	3.100000e-01	8.000000e-03	5.499226e-03	
84	5.442600e+01	2.327000e+00	8.130000e-01	1.100000e-02	3.560000e-01	1.600000e-02	6.748285e-03	
86	6.050600e+01	4.774000e+00	7.820000e-01	1.900000e-02	4.670000e-01	3.300000e-02	1.031989e-02	
87	4.536300e+01	1.199000e+00	6.560000e-01	1.200000e-02	4.540000e-01	2.100000e-02	1.583128e-02	
88	4.583400e+01	1.087000e+00	5.950000e-01	8.000000e-03	4.520000e-01	1.300000e-02	1.855647e-02	
89	5.746000e+01	3.201000e+00	7.670000e-01	1.300000e-02	4.020000e-01	1.300000e-02	9.494756e-03	
90	5.019000e+01	3.565000e+00	7.020000e-01	1.900000e-02	5.350000e-01	2.700000e-02	1.616114e-02	
91	5.989600e+01	3.445000e+00	8.040000e-01	1.100000e-02	2.860000e-01	9.000000e-03	5.682297e-03	
92	5.304000e+01	1.802000e+00	9.760000e-01	1.400000e-02	2.720000e-01	2.400000e-02	6.617318e-04	
93	5.995900e+01	2.411000e+00	1.046000e+00	1.400000e-02	2.960000e-01	1.800000e-02	-1.380230e-03	
94	5.268600e+01	3.298000e+00	9.530000e-01	1.700000e-02	2.960000e-01	1.800000e-02	1.410235e-03	
95	5.633700e+01	2.705000e+00	1.010000e+00	1.500000e-02	2.950000e-01	1.600000e-02	-2.990363e-04	
97	6.048700e+01	1.975000e+00	9.640000e-01	9.000000e-03	2.970000e-01	9.000000e-03	1.083829e-03	
99	4.979100e+01	9.940000e-01	7.290000e-01	8.000000e-03	2.870000e-01	1.000000e-02	7.884116e-03	
101	6.485100e+01	3.237000e+00	8.700000e-01	1.400000e-02	2.940000e-01	1.600000e-02	3.874294e-03	
102	5.729600e+01	3.021000e+00	9.510000e-01	2.200000e-02	2.490000e-01	9.000000e-03	1.236794e-03	
103	5.094300e+01	2.932000e+00	9.710000e-01	1.600000e-02	2.850000e-01	8.000000e-03	8.378084e-04	
104	6.767100e+01	8.314000e+00	1.024000e+00	3.600000e-02	4.870000e-01	5.500000e-02	-1.184792e-03	
105	5.673600e+01	2.099000e+00	9.760000e-01	1.400000e-02	2.990000e-01	1.000000e-02	7.274184e-04	
106	5.817700e+01	4.477000e+00	8.080000e-01	1.900000e-02	2.370000e-01	1.300000e-02	4.612660e-03	
107	5.568700e+01	2.704000e+00	8.710000e-01	2.000000e-02	2.580000e-01	1.200000e-02	3.373737e-03	
108	5.575600e+01	1.752000e+00	9.580000e-01	1.300000e-02	2.700000e-01	1.100000e-02	1.149516e-03	
109	6.972000e+01	3.862000e+00	8.990000e-01	1.200000e-02	2.860000e-01	1.100000e-02	2.928123e-03	
110	6.893500e+01	4.318000e+00	9.170000e-01	1.500000e-02	2.820000e-01	1.400000e-02	2.372625e-03	
111	5.425700e+01	1.753000e+00	1.009000e+00	1.200000e-02	2.650000e-01	1.200000e-02	-2.417632e-04	
113	5.816500e+01	1.974000e+00	8.240000e-01	1.100000e-02	2.670000e-01	7.000000e-03	4.763496e-03	
114	5.562400e+01	2.329000e+00	8.150000e-01	1.400000e-02	3.080000e-01	1.400000e-02	5.775961e-03	
115	5.774900e+01	3.576000e+00	8.500000e-01	1.900000e-02	3.270000e-01	1.400000e-02	4.972111e-03	
116	6.254700e+01	3.733000e+00	9.170000e-01	2.000000e-02	2.820000e-01	1.800000e-02	2.372625e-03	
118	5.306400e+01	4.114000e+00	8.710000e-01	6.400000e-02	2.550000e-01	2.600000e-02	3.334508e-03	
119	6.573200e+01	4.023000e+00	8.880000e-01	2.000000e-02	2.760000e-01	2.900000e-02	3.133495e-03	
121	5.727000e+01	3.138000e+00	1.042000e+00	2.000000e-02	2.810000e-01	1.100000e-02	-1.196348e-03	
122	6.194800e+01	4.334000e+00	9.730000e-01	1.800000e-02	2.890000e-01	2.200000e-02	7.909763e-04	
123	7.043500e+01	5.485000e+00	8.780000e-01	1.900000e-02	2.870000e-01	2.200000e-02	3.549307e-03	
124	6.943300e+01	4.305000e+00	1.075000e+00	2.400000e-02	3.080000e-01	2.600000e-02	-2.341606e-03	
125	6.116900e+01	3.066000e+00	1.019000e+00	1.800000e-02	3.130000e-01	1.700000e-02	-6.028368e-04	
126	6.948100e+01	4.933000e+00	9.910000e-01	1.800000e-02	3.050000e-01	2.100000e-02	2.782558e-04	
127	3.429000e+01	2.159000e+00	8.230000e-01	1.400000e-02	3.180000e-01	1.300000e-02	5.705612e-03	
128	5.467200e+01	2.348000e+00	8.790000e-01	1.500000e-02	3.130000e-01	2.000000e-02	3.839119e-03	
129	5.350800e+01	4.083000e+00	9.040000e-01	1.300000e-02	3.630000e-01	2.600000e-02	3.532480e-03	
130	5.541800e+01	2.130000e+00	9.470000e-01	1.200000e-02	3.130000e-01	1.200000e-02	1.681597e-03	
132	4.263100e+01	1.696000e+00	5.920000e-01	2.100000e-02	3.840000e-01	2.300000e-02	1.588156e-02	
133	5.089900e+01	1.241000e+00	6.790000e-01	7.000000e-03	4.200000e-01	1.500000e-02	1.366646e-02	
135	5.071600e+01	9.590000e-01	6.760000e-01	7.000000e-03	4.170000e-01	1.000000e-02	1.369566e-02	
136	5.429000e+01	2.438000e+00	6.940000e-01	1.200000e-02	3.940000e-01	1.600000e-02	1.222136e-02	
138	4.675400e+01	1.615000e+00	7.850000e-01	7.000000e-03	3.260000e-01	9.000000e-03	7.104899e-03	
139	4.381500e+01	1.348000e+00	7.510000e-01	1.100000e-02	3.060000e-01	1.300000e-02	7.723650e-03	
140	5.189600e+01	1.124000e+00	8.380000e-01	9.000000e-03	2.800000e-01	7.000000e-03	4.598063e-03	
141	5.815400e+01	2.381000e+00	8.790000e-01	1.200000e-02	2.830000e-01	1.200000e-02	3.471152e-03	
142	5.940100e+01	1.120000e+00	8.900000e-01	8.000000e-03	2.860000e-01	9.000000e-03	3.189044e-03	
143	5.803500e+01	1.309000e+00	9.450000e-01	1.200000e-02	2.740000e-01	8.000000e-03	1.527619e-03	
144	5.743900e+01	1.484000e+00	8.420000e-01	1.200000e-02	3.000000e-01	1.100000e-02	4.804854e-03	
145	6.179000e+01	2.455000e+00	9.500000e-01	1.500000e-02	2.970000e-01	1.300000e-02	1.505318e-03	
146	6.579200e+01	2.803000e+00	9.500000e-01	1.800000e-02	3.110000e-01	1.400000e-02	1.576276e-03	
147	6.470400e+01	1.786000e+00	8.910000e-01	1.300000e-02	2.630000e-01	1.400000e-02	2.905923e-03	
148	6.267900e+01	2.523000e+00	9.930000e-01	1.400000e-02	2.740000e-01	1.300000e-02	1.944243e-04	
149	6.369600e+01	2.183000e+00	9.510000e-01	1.600000e-02	3.140000e-01	1.200000e-02	1.559651e-03	
150	5.741300e+01	3.372000e+00	8.720000e-01	1.700000e-02	2.930000e-01	2.100000e-02	3.801714e-03	
151	6.224900e+01	2.478000e+00	8.730000e-01	1.500000e-02	3.000000e-01	1.100000e-02	3.862129e-03	
152	6.331700e+01	2.219000e+00	9.450000e-01	4.000000e-02	3.430000e-01	1.400000e-02	1.912312e-03	
153	5.948300e+01	4.401000e+00	8.670000e-01	2.200000e-02	3.170000e-01	2.200000e-02	4.273786e-03	
154	6.117900e+01	2.815000e+00	9.000000e-01	1.600000e-02	3.250000e-01	1.800000e-02	3.294467e-03	
155	4.809000e+01	1.815000e+00	8.240000e-01	1.200000e-02	3.150000e-01	1.100000e-02	5.619854e-03	
156	6.399400e+01	2.142000e+00	9.250000e-01	1.000000e-02	3.070000e-01	1.100000e-02	2.334003e-03	
157	5.954600e+01	2.290000e+00	1.041000e+00	1.700000e-02	3.060000e-01	1.000000e-02	-1.271766e-03	
158	6.134000e+01	2.196000e+00	8.010000e-01	1.100000e-02	3.330000e-01	1.200000e-02	6.717368e-03	
160	2.876000e+01	6.170000e-01	3.190000e-01	4.000000e-03	7.500000e-01	2.000000e-02	5.177382e-02	
161	9.937000e+00	3.510000e-01	1.960000e-01	3.000000e-03	1.055000e+00	2.300000e-02	8.598256e-02	
162	4.596000e+00	2.220000e-01	4.580000e-01	3.000000e-03	9.680000e-01	2.000000e-02	5.318345e-02	
