0	3	R2	1.048432e+01	1.048432e+01	5.477787e-09	-9.559768e-07	1.436300e-01
0	4	R2	1.147583e+01	1.147583e+01	6.064586e-09	1.877557e-14	9.461000e-02
0	6	R2	1.228458e+01	1.228458e+01	6.539787e-09	-1.066369e-14	1.665800e-01
0	7	R2	1.067543e+01	1.067543e+01	5.591294e-09	-3.150072e-15	5.639100e-01
0	8	R2	1.198946e+01	1.198946e+01	6.366703e-09	-6.126002e-15	2.899700e-01
0	10	R2	1.108398e+01	1.108398e+01	5.833282e-09	0.000000e+00	1.864300e-01
0	13	R2	1.231882e+01	1.231882e+01	6.559846e-09	0.000000e+00	6.468800e-01
0	14	R2	1.213327e+01	1.213327e+01	6.451090e-09	0.000000e+00	2.757100e-01
0	15	R2	1.385495e+01	1.385495e+01	7.455509e-09	-1.915623e-14	9.273000e-02
0	17	R2	1.214393e+01	1.214393e+01	6.457341e-09	1.266474e-14	1.402600e-01
0	18	R2	1.374714e+01	1.374714e+01	7.392894e-09	8.967876e-15	1.980800e-01
0	19	R2	1.347394e+01	1.347394e+01	7.234070e-09	-6.571554e-15	2.703100e-01
0	20	R2	1.200998e+01	1.200998e+01	6.378749e-09	-1.968371e-14	1.804900e-01
0	22	R2	1.227495e+01	1.227495e+01	6.534145e-09	-1.983205e-14	1.791400e-01
0	23	R2	1.218225e+01	1.218225e+01	6.479811e-09	0.000000e+00	2.515900e-01
0	24	R2	1.265201e+01	1.265201e+01	6.754805e-09	-1.181756e-14	3.006300e-01
0	25	R2	1.129304e+01	1.129304e+01	5.956780e-09	0.000000e+00	2.218500e-01
0	27	R2	1.358916e+01	1.358916e+01	7.301080e-09	1.521635e-14	2.334800e-01
0	30	R2	1.166237e+01	1.166237e+01	6.174443e-09	0.000000e+00	4.514500e-01
0	31	R2	1.144604e+01	1.144604e+01	6.047027e-09	0.000000e+00	2.185300e-01
0	33	R2	1.181810e+01	1.181810e+01	6.266037e-09	5.789196e-15	3.068400e-01
0	34	R2	1.289230e+01	1.289230e+01	6.895154e-09	8.536073e-15	2.081000e-01
0	35	R2	1.341963e+01	1.341963e+01	7.202470e-09	4.179860e-15	4.249800e-01
0	36	R2	1.152542e+01	1.152542e+01	6.093806e-09	0.000000e+00	2.881400e-01
0	38	R2	1.172620e+01	1.172620e+01	6.211998e-09	4.314687e-15	4.117000e-01
0	39	R2	1.167325e+01	1.167325e+01	6.180846e-09	0.000000e+00	4.449200e-01
0	42	R2	1.275310e+01	1.275310e+01	6.813875e-09	2.676849e-15	6.636000e-01
0	43	R2	1.215407e+01	1.215407e+01	6.463288e-09	0.000000e+00	3.717100e-01
0	45	R2	1.262730e+01	1.262730e+01	6.740361e-09	0.000000e+00	2.892500e-01
0	46	R2	1.234600e+01	1.234600e+01	6.575765e-09	0.000000e+00	4.663800e-01
0	47	R2	1.228330e+01	1.228330e+01	6.539037e-09	0.000000e+00	4.429700e-01
0	51	R2	1.205952e+01	1.205952e+01	6.407824e-09	-4.198333e-15	4.231100e-01
0	55	R2	1.069649e+01	1.069649e+01	5.603789e-09	0.000000e+00	6.169700e-01
0	56	R2	1.111396e+01	1.111396e+01	5.851005e-09	-4.631357e-15	3.835500e-01
0	57	R2	1.081114e+01	1.081114e+01	5.671774e-09	0.000000e+00	3.355000e-01
0	58	R2	1.213166e+01	1.213166e+01	6.450145e-09	-4.337232e-15	4.095600e-01
0	59	R2	1.354838e+01	1.354838e+01	7.277368e-09	1.929418e-15	9.206700e-01
0	60	R2	1.189896e+01	1.189896e+01	6.313554e-09	3.954138e-15	4.492400e-01
0	61	R2	1.385518e+01	1.385518e+01	7.455643e-09	0.000000e+00	4.442500e-01
0	62	R2	1.234681e+01	1.234681e+01	6.576240e-09	3.460862e-15	5.132700e-01
0	63	R2	1.101362e+01	1.101362e+01	5.791669e-09	0.000000e+00	6.259400e-01
0	64	R2	1.295786e+01	1.295786e+01	6.933411e-09	-6.378874e-15	5.569500e-01
0	65	R2	1.157111e+01	1.157111e+01	6.120718e-09	6.270232e-15	2.833000e-01
0	66	R2	1.141031e+01	1.141031e+01	6.025961e-09	-5.903479e-15	3.009000e-01
0	67	R2	1.369525e+01	1.369525e+01	7.362745e-09	3.675703e-15	4.832700e-01
0	68	R2	1.178389e+01	1.178389e+01	6.245925e-09	0.000000e+00	4.666000e-01
0	69	R2	1.093044e+01	1.093044e+01	5.742441e-09	-2.121530e-15	8.373000e-01
0	70	R2	1.094840e+01	1.094840e+01	5.753073e-09	0.000000e+00	6.422800e-01
0	71	R2	1.150234e+01	1.150234e+01	6.080208e-09	5.009608e-15	3.545900e-01
0	74	R2	1.229885e+01	1.229885e+01	6.548147e-09	1.386988e-15	1.280730e+00
0	75	R2	1.156063e+01	1.156063e+01	6.114546e-09	3.946407e-15	4.501200e-01
0	77	R2	1.853905e+01	1.853905e+01	1.015135e-08	6.411105e-15	5.541500e-01
0	78	R2	1.154520e+01	1.154520e+01	6.105458e-09	0.000000e+00	7.183600e-01
0	80	R2	9.856860e+00	9.856860e+00	5.103602e-09	-9.134349e-15	1.944700e-01
0	82	R2	1.097878e+01	1.097878e+01	5.771054e-09	0.000000e+00	8.953400e-01
0	83	R2	1.138244e+01	1.138244e+01	6.009526e-09	0.000000e+00	2.492900e-01
0	84	R2	1.270527e+01	1.270527e+01	6.785931e-09	1.573041e-14	2.258500e-01
0	86	R2	1.211760e+01	1.211760e+01	6.441899e-09	8.887116e-15	1.998800e-01
0	87	R2	1.214741e+01	1.214741e+01	6.459382e-09	0.000000e+00	2.268700e-01
0	88	R2	1.186512e+01	1.186512e+01	6.293672e-09	5.977377e-15	2.971800e-01
0	90	R2	1.287720e+01	1.287720e+01	6.886340e-09	-9.675673e-15	1.835900e-01
0	91	R2	1.314273e+01	1.314273e+01	7.041213e-09	0.000000e+00	3.090600e-01
0	92	R2	1.413301e+01	1.413301e+01	7.616851e-09	-7.263481e-15	2.445600e-01
0	95	R2	2.051013e+01	2.051013e+01	1.127590e-08	-3.647288e-15	9.740700e-01
0	96	R2	1.713093e+01	1.713093e+01	9.345056e-09	6.913374e-15	5.138900e-01
0	97	R2	1.218158e+01	1.218158e+01	6.479419e-09	-8.033088e-15	4.422600e-01
0	98	R2	2.486105e+01	2.486105e+01	1.374640e-08	1.866264e-14	3.807300e-01
0	100	R2	1.341106e+01	1.341106e+01	7.197483e-09	1.500301e-14	2.368000e-01
0	101	R2	1.313018e+01	1.313018e+01	7.033898e-09	8.974672e-15	1.979300e-01
0	102	R2	1.240532e+01	1.240532e+01	6.610500e-09	0.000000e+00	3.223600e-01
0	103	R2	1.397674e+01	1.397674e+01	7.526203e-09	0.000000e+00	3.955000e-01
0	104	R2	1.186770e+01	1.186770e+01	6.295188e-09	0.000000e+00	3.562500e-01
0	107	R2	1.885916e+01	1.885916e+01	1.033428e-08	7.805760e-15	4.551400e-01
0	108	R2	1.383662e+01	1.383662e+01	7.444866e-09	-8.327584e-15	4.266200e-01
0	110	R2	1.286008e+01	1.286008e+01	6.876347e-09	0.000000e+00	6.061400e-01
0	111	R2	1.203761e+01	1.203761e+01	6.394966e-09	7.576536e-15	4.689100e-01
0	112	R2	1.138466e+01	1.138466e+01	6.010835e-09	0.000000e+00	7.714100e-01
0	113	R2	9.835560e+00	9.835560e+00	5.090856e-09	2.777815e-15	6.394800e-01
0	115	R2	1.040136e+01	1.040136e+01	5.428450e-09	-1.244936e-07	1.092110e+00
0	116	R2	1.113645e+01	1.113645e+01	5.864298e-09	9.385306e-15	3.785400e-01
0	117	R2	1.265381e+01	1.265381e+01	6.755857e-09	8.930231e-15	3.978300e-01
0	118	R2	1.164184e+01	1.164184e+01	6.162361e-09	-4.152016e-15	4.278300e-01
0	119	R2	1.266034e+01	1.266034e+01	6.759674e-09	-5.454971e-15	3.256400e-01
0	120	R2	9.865410e+00	9.865410e+00	5.108717e-09	0.000000e+00	4.033900e-01
0	121	R2	1.421258e+01	1.421258e+01	7.662982e-09	0.000000e+00	3.139000e-01
0	122	R2	1.194280e+01	1.194280e+01	6.339305e-09	-8.091267e-15	2.195400e-01
0	123	R2	1.215778e+01	1.215778e+01	6.465463e-09	-7.495809e-15	2.369800e-01
0	126	R2	1.239700e+01	1.239700e+01	6.605629e-09	4.053573e-15	4.382200e-01
0	127	R2	1.187046e+01	1.187046e+01	6.296809e-09	-6.251476e-15	2.841500e-01
0	128	R2	1.283211e+01	1.283211e+01	6.860017e-09	0.000000e+00	1.870200e-01
0	129	R2	1.180804e+01	1.180804e+01	6.260124e-09	-8.487538e-15	2.092900e-01
0	130	R2	1.036085e+01	1.036085e+01	5.404343e-09	0.000000e+00	1.521500e-01
0	131	R2	1.360502e+01	1.360502e+01	7.310301e-09	0.000000e+00	2.984800e-01
0	132	R2	1.223016e+01	1.223016e+01	6.507897e-09	-1.084070e-14	1.638600e-01
0	133	R2	1.176333e+01	1.176333e+01	6.233836e-09	0.000000e+00	3.234000e-01
0	134	R2	1.173061e+01	1.173061e+01	6.214592e-09	-7.321258e-15	2.426300e-01
0	135	R2	1.185736e+01	1.185736e+01	6.289112e-09	0.000000e+00	3.778700e-01
0	136	R2	1.152262e+01	1.152262e+01	6.092156e-09	0.000000e+00	2.642900e-01
0	137	R2	1.050633e+01	1.050633e+01	5.490870e-09	0.000000e+00	5.402900e-01
0	138	R2	1.114109e+01	1.114109e+01	5.867040e-09	7.620905e-15	2.330900e-01


1	3	NOE	7.090820e-01	7.090820e-01	1.491091e-09	0.000000e+00	1.366800e-02
1	4	NOE	6.804750e-01	6.804750e-01	1.370567e-09	4.896243e-15	2.267500e-02
1	6	NOE	8.565350e-01	8.565350e-01	4.885876e-09	0.000000e+00	2.718400e-02
1	7	NOE	8.695220e-01	8.695220e-01	1.168157e-08	0.000000e+00	2.978600e-02
1	8	NOE	8.075690e-01	8.075690e-01	2.396362e-09	0.000000e+00	2.305700e-02
1	10	NOE	8.297520e-01	8.297520e-01	2.963776e-09	0.000000e+00	1.679200e-02
1	13	NOE	8.331140e-01	8.331140e-01	3.089582e-09	0.000000e+00	1.644200e-02
1	14	NOE	7.789050e-01	7.789050e-01	1.988083e-09	0.000000e+00	1.730100e-02
1	15	NOE	7.996750e-01	7.996750e-01	2.260211e-09	0.000000e+00	1.745800e-02
1	17	NOE	8.427560e-01	8.427560e-01	3.562495e-09	0.000000e+00	2.122700e-02
1	18	NOE	8.450500e-01	8.450500e-01	3.710502e-09	0.000000e+00	1.903500e-02
1	19	NOE	8.783210e-01	8.722859e-01	1.207947e-05	2.499526e-01	2.414500e-02
1	20	NOE	8.550600e-01	8.550600e-01	4.671198e-09	0.000000e+00	1.989100e-02
1	22	NOE	8.580330e-01	8.580330e-01	5.137130e-09	-6.383160e-15	1.739300e-02
1	23	NOE	8.868350e-01	8.722859e-01	1.881982e-05	8.414265e-01	1.729100e-02
1	24	NOE	8.443460e-01	8.443460e-01	3.663151e-09	6.686479e-15	1.660400e-02
1	25	NOE	8.369930e-01	8.369930e-01	3.256446e-09	0.000000e+00	1.787000e-02
1	27	NOE	8.685640e-01	8.685640e-01	1.006539e-08	0.000000e+00	3.796600e-02
1	30	NOE	7.383180e-01	7.383180e-01	1.651672e-09	0.000000e+00	1.192000e-02
1	31	NOE	8.406440e-01	8.406440e-01	3.440685e-09	0.000000e+00	4.205600e-02
1	33	NOE	8.442260e-01	8.442260e-01	3.655258e-09	0.000000e+00	2.215900e-02
1	34	NOE	8.540060e-01	8.540060e-01	4.533965e-09	0.000000e+00	2.853000e-02
1	35	NOE	8.758350e-01	8.722859e-01	1.078237e-05	7.293685e-02	4.866000e-02
1	36	NOE	8.631580e-01	8.631580e-01	6.423181e-09	0.000000e+00	2.526800e-02
1	38	NOE	8.416940e-01	8.416940e-01	3.499671e-09	-5.564470e-15	1.995200e-02
1	39	NOE	8.537010e-01	8.537010e-01	4.496444e-09	0.000000e+00	2.381600e-02
1	42	NOE	8.152470e-01	8.152470e-01	2.554907e-09	0.000000e+00	1.703200e-02
1	43	NOE	8.185610e-01	8.185610e-01	2.633571e-09	3.707788e-15	2.994300e-02
1	45	NOE	8.509070e-01	8.509070e-01	4.190953e-09	-5.255742e-15	2.112400e-02
1	46	NOE	8.120680e-01	8.120680e-01	2.485608e-09	0.000000e+00	5.704700e-02
1	47	NOE	8.595620e-01	8.595620e-01	5.438019e-09	4.099335e-15	2.708300e-02
1	51	NOE	8.226710e-01	8.226710e-01	2.741827e-09	-3.921220e-08	3.726700e-02
1	55	NOE	7.868690e-01	7.868690e-01	2.080697e-09	0.000000e+00	2.436200e-02
1	56	NOE	7.802360e-01	7.802360e-01	2.002727e-09	0.000000e+00	1.335900e-02
1	57	NOE	7.835180e-01	7.835180e-01	2.040222e-09	0.000000e+00	1.778400e-02
1	58	NOE	8.315020e-01	8.315020e-01	3.027326e-09	0.000000e+00	2.242600e-02
1	59	NOE	8.414790e-01	8.414790e-01	3.487348e-09	0.000000e+00	3.600300e-02
1	60	NOE	8.651860e-01	8.651860e-01	7.284732e-09	-3.044292e-15	3.646900e-02
1	61	NOE	8.881880e-01	8.722859e-01	1.523238e-05	5.610990e-01	2.834100e-02
1	62	NOE	8.309970e-01	8.309970e-01	3.008575e-09	0.000000e+00	1.963200e-02
1	63	NOE	8.359370e-01	8.359370e-01	3.208392e-09	-3.266226e-15	3.399100e-02
1	64	NOE	8.808360e-01	8.722859e-01	1.484144e-05	2.678353e-01	3.192300e-02
1	65	NOE	8.481540e-01	8.481540e-01	3.943373e-09	5.361842e-15	2.070600e-02
1	66	NOE	8.270460e-01	8.270460e-01	2.872844e-09	0.000000e+00	2.299500e-02
1	67	NOE	8.574450e-01	8.574450e-01	5.033984e-09	0.000000e+00	2.826800e-02
1	68	NOE	7.811220e-01	7.811220e-01	2.012650e-09	0.000000e+00	1.305000e-02
1	69	NOE	8.529730e-01	8.529730e-01	4.410503e-09	0.000000e+00	1.941100e-02
1	70	NOE	8.348120e-01	8.348120e-01	3.159442e-09	0.000000e+00	2.012000e-02
1	71	NOE	8.519940e-01	8.519940e-01	4.302294e-09	5.686453e-15	1.952400e-02
1	74	NOE	8.003770e-01	8.003770e-01	2.271408e-09	0.000000e+00	4.713200e-02
1	75	NOE	8.035110e-01	8.035110e-01	2.323458e-09	3.639121e-15	3.050800e-02
1	77	NOE	8.040070e-01	8.040070e-01	2.332021e-09	0.000000e+00	1.967900e-02
1	78	NOE	8.373620e-01	8.373620e-01	3.273748e-09	4.685869e-15	2.369300e-02
1	80	NOE	7.516530e-01	7.516530e-01	1.743398e-09	7.467198e-15	1.486800e-02
1	82	NOE	8.098690e-01	8.098690e-01	2.440787e-09	0.000000e+00	2.291200e-02
1	83	NOE	8.319890e-01	8.319890e-01	3.045741e-09	4.131677e-15	2.687100e-02
1	84	NOE	8.359690e-01	8.359690e-01	3.209817e-09	0.000000e+00	1.593700e-02
1	86	NOE	8.646280e-01	8.646280e-01	7.013846e-09	0.000000e+00	1.934800e-02
1	87	NOE	8.067210e-01	8.067210e-01	2.380573e-09	-5.969904e-15	1.859700e-02
1	88	NOE	8.696160e-01	8.696160e-01	1.188556e-08	0.000000e+00	1.863900e-02
1	90	NOE	8.989280e-01	8.722859e-01	1.497690e-05	1.327922e+00	2.006300e-02
1	91	NOE	9.078780e-01	8.722859e-01	1.514555e-05	1.103084e+00	3.226600e-02
1	92	NOE	8.758990e-01	8.722859e-01	1.602541e-05	1.341018e-01	2.694300e-02
1	95	NOE	8.466860e-01	8.466860e-01	3.827973e-09	0.000000e+00	4.687800e-02
1	96	NOE	8.515040e-01	8.515040e-01	4.251025e-09	-2.336105e-08	2.638200e-02
1	97	NOE	8.512870e-01	8.512870e-01	4.228894e-09	-4.280460e-15	2.593700e-02
1	98	NOE	8.337460e-01	8.337460e-01	3.115046e-09	0.000000e+00	2.803900e-02
1	100	NOE	8.770280e-01	8.722859e-01	1.724888e-05	2.163665e-01	2.191700e-02
1	101	NOE	8.357250e-01	8.357250e-01	3.198995e-09	0.000000e+00	2.149800e-02
1	102	NOE	8.501170e-01	8.501170e-01	4.115217e-09	-3.095752e-08	2.123000e-02
1	103	NOE	8.553920e-01	8.553920e-01	4.717060e-09	5.486376e-15	2.023600e-02
1	104	NOE	8.348940e-01	8.348940e-01	3.162935e-09	0.000000e+00	1.439300e-02
1	107	NOE	8.353260e-01	8.353260e-01	3.181530e-09	0.000000e+00	2.881300e-02
1	108	NOE	8.581390e-01	8.581390e-01	5.156405e-09	0.000000e+00	1.935900e-02
1	110	NOE	9.170300e-01	8.722859e-01	2.375686e-05	1.222650e+00	3.659600e-02
1	111	NOE	8.647990e-01	8.647990e-01	7.093635e-09	4.525796e-15	2.453100e-02
1	112	NOE	8.367810e-01	8.367810e-01	3.246628e-09	0.000000e+00	2.958900e-02
1	113	NOE	7.783460e-01	7.783460e-01	1.982025e-09	-4.651513e-15	2.386800e-02
1	115	NOE	7.194570e-01	7.194570e-01	1.542836e-09	4.045413e-15	2.744400e-02
1	116	NOE	8.216670e-01	8.216670e-01	2.714174e-09	-6.092427e-15	1.822300e-02
1	117	NOE	8.379770e-01	8.379770e-01	3.303201e-09	7.291626e-15	1.522600e-02
1	118	NOE	8.267020e-01	8.267020e-01	2.861866e-09	-7.734164e-08	1.737600e-02
1	119	NOE	8.124820e-01	8.124820e-01	2.494320e-09	0.000000e+00	1.817600e-02
1	120	NOE	6.978580e-01	6.978580e-01	1.440328e-09	6.853652e-15	1.619900e-02
1	121	NOE	8.435190e-01	8.435190e-01	3.609758e-09	0.000000e+00	1.424700e-02
1	122	NOE	8.743840e-01	8.722859e-01	8.942683e-06	1.099292e-01	1.908600e-02
1	123	NOE	8.317530e-01	8.317530e-01	3.036776e-09	0.000000e+00	3.116900e-02
1	126	NOE	8.538760e-01	8.538760e-01	4.517859e-09	2.276867e-15	4.876100e-02
1	127	NOE	8.264420e-01	8.264420e-01	2.853650e-09	0.000000e+00	3.922200e-02
1	128	NOE	8.239970e-01	8.239970e-01	2.779657e-09	-3.016664e-15	3.680300e-02
1	129	NOE	8.580430e-01	8.580430e-01	5.138939e-09	-5.726932e-15	1.938600e-02
1	130	NOE	8.203910e-01	8.203910e-01	2.680189e-09	4.879672e-15	2.275200e-02
1	131	NOE	8.405020e-01	8.405020e-01	3.432933e-09	0.000000e+00	2.323700e-02
1	132	NOE	8.752400e-01	8.722859e-01	1.203535e-05	1.651815e-01	1.788400e-02
1	133	NOE	8.553210e-01	8.553210e-01	4.707139e-09	0.000000e+00	1.526600e-02
1	134	NOE	8.497380e-01	8.497380e-01	4.080301e-09	-4.285739e-08	1.559600e-02
1	135	NOE	8.389720e-01	8.389720e-01	3.352564e-09	-7.530510e-15	1.474300e-02
1	136	NOE	8.113390e-01	8.113390e-01	2.470482e-09	0.000000e+00	1.571000e-02
1	137	NOE	8.063890e-01	8.063890e-01	2.374474e-09	8.105001e-15	1.369800e-02
1	138	NOE	7.955790e-01	7.955790e-01	2.197955e-09	0.000000e+00	1.632300e-02


2	3	R1	8.311800e-01	8.311800e-01	9.666911e-09	0.000000e+00	7.750000e-03
2	4	R1	9.081100e-01	9.081100e-01	8.790923e-09	3.795634e-14	5.850000e-03
2	6	R1	9.522500e-01	9.522500e-01	8.349678e-09	-1.541976e-14	7.200000e-03
2	7	R1	8.375500e-01	8.375500e-01	9.588503e-09	0.000000e+00	3.797000e-02
2	8	R1	8.959700e-01	8.959700e-01	8.919555e-09	0.000000e+00	8.160000e-03
2	10	R1	8.523200e-01	8.523200e-01	9.411051e-09	1.076198e-06	1.103000e-02
2	13	R1	8.904800e-01	8.904800e-01	8.978828e-09	0.000000e+00	1.367000e-02
2	14	R1	8.795800e-01	8.795800e-01	9.098612e-09	0.000000e+00	1.556000e-02
2	15	R1	8.772500e-01	8.772500e-01	9.124588e-09	1.504367e-14	7.380000e-03
2	17	R1	8.714800e-01	8.714800e-01	9.189488e-09	0.000000e+00	1.000000e-02
2	18	R1	9.451400e-01	9.451400e-01	8.418097e-09	1.196361e-14	9.280000e-03
2	19	R1	9.428500e-01	9.428500e-01	8.440342e-09	0.000000e+00	6.340000e-03
2	20	R1	9.346000e-01	9.346000e-01	8.521345e-09	-1.090592e-14	1.018000e-02
2	22	R1	9.108600e-01	9.108600e-01	8.762241e-09	0.000000e+00	6.900000e-03
2	23	R1	8.953900e-01	8.953900e-01	8.925784e-09	3.163029e-14	7.020000e-03
2	24	R1	9.381900e-01	9.381900e-01	8.485930e-09	1.090592e-14	1.018000e-02
2	25	R1	8.818900e-01	8.818900e-01	9.072990e-09	4.869399e-14	6.840000e-03
2	27	R1	9.356800e-01	9.356800e-01	8.510664e-09	-9.595705e-15	1.157000e-02
2	30	R1	8.790300e-01	8.790300e-01	9.104732e-09	0.000000e+00	1.790000e-02
2	31	R1	8.416800e-01	8.416800e-01	9.538280e-09	8.418127e-07	1.395000e-02
2	33	R1	8.482700e-01	8.482700e-01	9.459117e-09	-7.752954e-15	1.432000e-02
2	34	R1	9.282700e-01	9.282700e-01	8.584427e-09	5.132002e-14	6.490000e-03
2	35	R1	8.736100e-01	8.736100e-01	9.165434e-09	0.000000e+00	1.717000e-02
2	36	R1	8.164900e-01	8.164900e-01	9.852226e-09	1.748383e-14	6.350000e-03
2	38	R1	8.645100e-01	8.645100e-01	9.268995e-09	1.127130e-14	9.850000e-03
2	39	R1	8.344600e-01	8.344600e-01	9.626394e-09	8.349939e-07	1.396000e-02
2	42	R1	8.131800e-01	8.131800e-01	9.894874e-09	0.000000e+00	1.869000e-02
2	43	R1	8.145800e-01	8.145800e-01	9.876795e-09	8.474985e-15	1.310000e-02
2	45	R1	9.215800e-01	9.215800e-01	8.651995e-09	-1.069579e-14	1.038000e-02
2	46	R1	9.055100e-01	9.055100e-01	8.818194e-09	0.000000e+00	1.647000e-02
2	47	R1	8.998000e-01	8.998000e-01	8.878615e-09	-9.859885e-15	1.126000e-02
2	51	R1	8.625100e-01	8.625100e-01	9.292037e-09	-5.861790e-15	1.894000e-02
2	55	R1	8.681200e-01	8.681200e-01	9.227662e-09	0.000000e+00	2.929000e-02
2	56	R1	8.597000e-01	8.597000e-01	9.324585e-09	8.279068e-15	1.341000e-02
2	57	R1	8.532700e-01	8.532700e-01	9.399840e-09	0.000000e+00	1.125000e-02
2	58	R1	9.292000e-01	9.292000e-01	8.575108e-09	1.563694e-14	1.420000e-02
2	59	R1	9.389400e-01	9.389400e-01	8.478564e-09	-2.412479e-15	4.602000e-02
2	60	R1	8.816000e-01	8.816000e-01	9.076199e-09	6.205830e-15	1.789000e-02
2	61	R1	8.428100e-01	8.428100e-01	9.524621e-09	-6.534568e-15	1.699000e-02
2	62	R1	8.677900e-01	8.677900e-01	9.231427e-09	1.994413e-14	1.670000e-02
2	63	R1	7.390900e-01	7.390900e-01	1.094615e-08	0.000000e+00	1.784000e-02
2	64	R1	8.665200e-01	8.665200e-01	9.245941e-09	0.000000e+00	1.918000e-02
2	65	R1	8.232500e-01	8.232500e-01	9.766155e-09	6.564699e-07	1.755000e-02
2	66	R1	8.625400e-01	8.625400e-01	9.291690e-09	7.651434e-15	1.451000e-02
2	67	R1	8.538700e-01	8.538700e-01	9.392771e-09	-5.991490e-15	1.853000e-02
2	68	R1	7.836800e-01	7.836800e-01	1.029035e-08	-7.481287e-15	1.484000e-02
2	69	R1	7.963000e-01	7.963000e-01	1.011770e-08	5.635650e-15	3.940000e-02
2	70	R1	8.150900e-01	8.150900e-01	9.870224e-09	4.279965e-15	2.594000e-02
2	71	R1	9.126200e-01	9.126200e-01	8.743971e-09	9.842403e-15	1.128000e-02
2	74	R1	7.063900e-01	7.063900e-01	1.147820e-08	-2.949583e-15	3.764000e-02
2	75	R1	8.621800e-01	8.621800e-01	9.295849e-09	0.000000e+00	1.967000e-02
2	77	R1	8.713900e-01	8.713900e-01	9.190507e-09	-6.477381e-15	1.714000e-02
2	78	R1	8.310400e-01	8.310400e-01	9.668647e-09	0.000000e+00	4.047000e-02
2	80	R1	7.409500e-01	7.409500e-01	1.091726e-08	2.832202e-14	7.840000e-03
2	82	R1	7.834100e-01	7.834100e-01	1.029411e-08	-2.626503e-15	4.227000e-02
2	83	R1	8.848500e-01	8.848500e-01	9.040345e-09	-7.436189e-15	1.493000e-02
2	84	R1	9.170600e-01	9.170600e-01	8.698179e-09	-2.523234e-14	8.800000e-03
2	86	R1	9.560600e-01	9.560600e-01	8.313413e-09	1.672023e-14	6.640000e-03
2	87	R1	8.930000e-01	8.930000e-01	8.951534e-09	0.000000e+00	9.410000e-03
2	88	R1	9.008400e-01	9.008400e-01	8.867555e-09	-1.393003e-14	7.970000e-03
2	90	R1	8.511400e-01	8.511400e-01	9.425010e-09	0.000000e+00	7.620000e-03
2	91	R1	9.196100e-01	9.196100e-01	8.672070e-09	0.000000e+00	8.350000e-03
2	92	R1	9.097500e-01	9.097500e-01	8.773798e-09	1.814090e-14	6.120000e-03
2	95	R1	8.515700e-01	8.515700e-01	9.419919e-09	-2.420368e-15	4.587000e-02
2	96	R1	8.661800e-01	8.661800e-01	9.249833e-09	6.318856e-15	1.757000e-02
2	97	R1	8.393300e-01	8.393300e-01	9.566799e-09	9.048272e-15	1.227000e-02
2	98	R1	8.457500e-01	8.457500e-01	9.489248e-09	2.400482e-14	9.250000e-03
2	100	R1	9.597500e-01	9.597500e-01	8.278552e-09	1.284980e-14	8.640000e-03
2	101	R1	8.666200e-01	8.666200e-01	9.244796e-09	0.000000e+00	9.720000e-03
2	102	R1	9.520400e-01	9.520400e-01	8.351685e-09	1.193788e-14	9.300000e-03
2	103	R1	9.079800e-01	9.079800e-01	8.792283e-09	-1.350636e-14	1.644000e-02
2	104	R1	9.040600e-01	9.040600e-01	8.833468e-09	0.000000e+00	1.675000e-02
2	107	R1	9.415400e-01	9.415400e-01	8.453114e-09	0.000000e+00	1.494000e-02
2	108	R1	9.159100e-01	9.159100e-01	8.709999e-09	0.000000e+00	1.254000e-02
2	110	R1	8.650500e-01	8.650500e-01	9.262791e-09	-4.773100e-15	2.326000e-02
2	111	R1	8.354700e-01	8.354700e-01	9.613979e-09	6.137220e-15	1.809000e-02
2	112	R1	7.665500e-01	7.665500e-01	1.053352e-08	-3.368395e-15	3.296000e-02
2	113	R1	6.778400e-01	6.778400e-01	1.198363e-08	0.000000e+00	1.829000e-02
2	115	R1	7.149200e-01	7.149200e-01	1.133484e-08	2.830036e-15	3.923000e-02
2	116	R1	9.081000e-01	9.081000e-01	8.791028e-09	-5.981805e-15	1.856000e-02
2	117	R1	9.645600e-01	9.645600e-01	8.233490e-09	6.106837e-15	1.818000e-02
2	118	R1	9.220000e-01	9.220000e-01	8.647725e-09	0.000000e+00	1.765000e-02
2	119	R1	8.821900e-01	8.821900e-01	9.069672e-09	-9.595705e-15	1.157000e-02
2	120	R1	8.169300e-01	8.169300e-01	9.846582e-09	2.032135e-14	1.639000e-02
2	121	R1	9.860500e-01	9.860500e-01	8.037263e-09	0.000000e+00	1.164000e-02
2	122	R1	8.895500e-01	8.895500e-01	8.988938e-09	1.951183e-14	5.690000e-03
2	123	R1	9.002300e-01	9.002300e-01	8.874039e-09	0.000000e+00	8.460000e-03
2	126	R1	1.016800e+00	1.016800e+00	7.770155e-09	7.232723e-15	3.070000e-02
2	127	R1	8.790700e-01	8.790700e-01	9.104287e-09	0.000000e+00	2.077000e-02
2	128	R1	9.464700e-01	9.464700e-01	8.405224e-09	7.089547e-15	1.566000e-02
2	129	R1	9.313800e-01	9.313800e-01	8.553332e-09	-1.015758e-14	1.093000e-02
2	130	R1	9.184200e-01	9.184200e-01	8.684237e-09	-8.832323e-15	1.257000e-02
2	131	R1	9.449500e-01	9.449500e-01	8.419939e-09	0.000000e+00	1.046000e-02
2	132	R1	9.198200e-01	9.198200e-01	8.669926e-09	-1.416101e-14	7.840000e-03
2	133	R1	9.237600e-01	9.237600e-01	8.629875e-09	-9.480982e-15	1.171000e-02
2	134	R1	8.807800e-01	8.807800e-01	9.085286e-09	1.073717e-14	1.034000e-02
2	135	R1	9.293300e-01	9.293300e-01	8.573806e-09	-8.236076e-15	1.348000e-02
2	136	R1	9.073400e-01	9.073400e-01	8.798984e-09	3.442552e-14	1.290000e-02
2	137	R1	8.030900e-01	8.030900e-01	1.002698e-08	4.886545e-15	2.272000e-02
2	138	R1	9.075400e-01	9.075400e-01	8.796889e-09	-3.025131e-14	7.340000e-03


