0	3	R2	8.535890e+00	8.535890e+00	5.420929e-09	2.950269e-14	6.021000e-02
0	4	R2	9.440460e+00	9.440460e+00	6.145599e-09	-1.149919e-06	9.995000e-02
0	6	R2	1.006004e+01	1.006004e+01	6.637444e-09	5.427305e-15	3.273000e-01
0	7	R2	1.050718e+01	1.050718e+01	6.990214e-09	-1.094220e-14	1.623400e-01
0	8	R2	1.018289e+01	1.018289e+01	6.734543e-09	9.102987e-15	1.951400e-01
0	10	R2	9.749350e+00	9.749350e+00	6.391258e-09	0.000000e+00	1.174200e-01
0	13	R2	1.045173e+01	1.045173e+01	6.946563e-09	-3.219788e-14	1.103400e-01
0	14	R2	9.953380e+00	9.953380e+00	6.553029e-09	0.000000e+00	1.653800e-01
0	15	R2	1.111651e+01	1.111651e+01	7.468201e-09	1.374357e-14	1.292500e-01
0	17	R2	1.055212e+01	1.055212e+01	7.025573e-09	1.117416e-14	1.589700e-01
0	18	R2	1.055400e+01	1.055400e+01	7.027052e-09	0.000000e+00	5.636000e-02
0	19	R2	1.100174e+01	1.100174e+01	7.378400e-09	0.000000e+00	1.578600e-01
0	20	R2	1.024919e+01	1.024919e+01	6.786890e-09	-8.524603e-15	2.083800e-01
0	22	R2	1.038716e+01	1.038716e+01	6.895698e-09	1.531342e-14	1.160000e-01
0	23	R2	1.080371e+01	1.080371e+01	7.223207e-09	-1.237103e-14	1.435900e-01
0	24	R2	9.888180e+00	9.888180e+00	6.501375e-09	6.305622e-15	2.817100e-01
0	25	R2	1.023845e+01	1.023845e+01	6.778413e-09	0.000000e+00	1.635900e-01
0	27	R2	1.097639e+01	1.097639e+01	7.358552e-09	1.080706e-14	3.287400e-01
0	30	R2	9.354050e+00	9.354050e+00	6.076714e-09	0.000000e+00	1.101300e-01
0	31	R2	1.053656e+01	1.053656e+01	7.013332e-09	9.132001e-15	1.945200e-01
0	33	R2	9.972150e+00	9.972150e+00	6.567892e-09	0.000000e+00	1.968900e-01
0	34	R2	1.052557e+01	1.052557e+01	7.004685e-09	8.421147e-15	2.109400e-01
0	35	R2	1.240899e+01	1.240899e+01	8.472840e-09	1.225116e-14	2.899900e-01
0	36	R2	1.015759e+01	1.015759e+01	6.714558e-09	9.002417e-15	1.973200e-01
0	38	R2	1.028230e+01	1.028230e+01	6.813017e-09	1.829127e-14	1.942300e-01
0	39	R2	1.069893e+01	1.069893e+01	7.140962e-09	-2.449472e-14	1.450400e-01
0	42	R2	1.136506e+01	1.136506e+01	7.662325e-09	1.196764e-14	1.484300e-01
0	43	R2	1.105910e+01	1.105910e+01	7.423294e-09	-1.196683e-14	1.484400e-01
0	45	R2	1.098246e+01	1.098246e+01	7.363305e-09	0.000000e+00	1.521400e-01
0	46	R2	1.125515e+01	1.125515e+01	7.576541e-09	0.000000e+00	4.145900e-01
0	47	R2	1.038182e+01	1.038182e+01	6.891490e-09	7.538115e-15	2.356500e-01
0	51	R2	1.071561e+01	1.071561e+01	7.154061e-09	-5.601529e-15	3.171200e-01
0	55	R2	9.963960e+00	9.963960e+00	6.561407e-09	1.795751e-14	1.978400e-01
0	56	R2	9.617280e+00	9.617280e+00	6.286335e-09	-1.408354e-14	1.261300e-01
0	57	R2	9.153910e+00	9.153910e+00	5.916888e-09	-1.647062e-14	1.078500e-01
0	58	R2	1.024057e+01	1.024057e+01	6.780086e-09	-1.593145e-14	1.115000e-01
0	59	R2	1.185865e+01	1.185865e+01	8.046481e-09	4.932064e-15	7.203300e-01
0	60	R2	1.059546e+01	1.059546e+01	7.059656e-09	-1.270642e-14	2.796000e-01
0	61	R2	1.170200e+01	1.170200e+01	7.924750e-09	1.386695e-14	1.281000e-01
0	62	R2	1.072804e+01	1.072804e+01	7.163821e-09	1.412048e-14	2.516000e-01
0	63	R2	1.092921e+01	1.092921e+01	7.321596e-09	-9.941554e-15	1.786800e-01
0	64	R2	1.064357e+01	1.064357e+01	7.097472e-09	-5.303666e-15	3.349300e-01
0	65	R2	1.069533e+01	1.069533e+01	7.138135e-09	1.145298e-14	1.551000e-01
0	66	R2	1.052654e+01	1.052654e+01	7.005449e-09	7.537475e-15	2.356700e-01
0	67	R2	1.123091e+01	1.123091e+01	7.557609e-09	-1.336612e-14	1.329000e-01
0	68	R2	1.014779e+01	1.014779e+01	6.706815e-09	2.886977e-14	1.230600e-01
0	69	R2	1.100926e+01	1.100926e+01	7.384288e-09	0.000000e+00	1.864300e-01
0	70	R2	1.028707e+01	1.028707e+01	6.816780e-09	0.000000e+00	2.193400e-01
0	71	R2	1.079945e+01	1.079945e+01	7.219865e-09	0.000000e+00	1.729300e-01
0	74	R2	1.306560e+01	1.306560e+01	8.979085e-09	0.000000e+00	4.861300e-01
0	75	R2	1.054668e+01	1.054668e+01	7.021293e-09	6.841088e-15	2.596600e-01
0	77	R2	1.395720e+01	1.395720e+01	9.662764e-09	-3.152643e-14	1.126900e-01
0	78	R2	1.143217e+01	1.143217e+01	7.714660e-09	-5.624052e-15	3.158500e-01
0	80	R2	8.050090e+00	8.050090e+00	5.028643e-09	0.000000e+00	1.455400e-01
0	82	R2	1.050219e+01	1.050219e+01	6.986287e-09	-7.772290e-15	2.285500e-01
0	83	R2	9.958420e+00	9.958420e+00	6.557020e-09	-1.722361e-14	2.062700e-01
0	84	R2	1.022070e+01	1.022070e+01	6.764401e-09	0.000000e+00	1.661000e-01
0	86	R2	9.875130e+00	9.875130e+00	6.491032e-09	0.000000e+00	1.040000e-01
0	87	R2	1.067790e+01	1.067790e+01	7.124444e-09	1.548023e-14	1.147500e-01
0	88	R2	1.019474e+01	1.019474e+01	6.743902e-09	-1.303940e-14	1.362300e-01
0	90	R2	1.059017e+01	1.059017e+01	7.055497e-09	0.000000e+00	2.160800e-01
0	91	R2	1.093488e+01	1.093488e+01	7.326038e-09	-6.742160e-15	2.634700e-01
0	92	R2	1.119994e+01	1.119994e+01	7.533415e-09	0.000000e+00	1.495900e-01
0	95	R2	1.252602e+01	1.252602e+01	8.563257e-09	3.180870e-15	5.584500e-01
0	96	R2	1.254675e+01	1.254675e+01	8.579264e-09	8.053849e-15	2.205600e-01
0	97	R2	1.066421e+01	1.066421e+01	7.113689e-09	0.000000e+00	1.709900e-01
0	98	R2	1.604950e+01	1.604950e+01	1.125351e-08	-1.112065e-14	3.194700e-01
0	100	R2	1.054051e+01	1.054051e+01	7.016440e-09	0.000000e+00	1.702900e-01
0	101	R2	1.161821e+01	1.161821e+01	7.859567e-09	-1.109876e-14	1.600500e-01
0	102	R2	1.054475e+01	1.054475e+01	7.019775e-09	6.759349e-15	2.628000e-01
0	103	R2	1.154759e+01	1.154759e+01	7.804591e-09	-1.841357e-14	1.929400e-01
0	104	R2	9.943100e+00	9.943100e+00	6.544887e-09	0.000000e+00	1.186800e-01
0	107	R2	1.651995e+01	1.651995e+01	1.160905e-08	-1.396233e-14	2.544500e-01
0	108	R2	1.094970e+01	1.094970e+01	7.337648e-09	2.390629e-14	1.486100e-01
0	110	R2	1.109403e+01	1.109403e+01	7.450620e-09	6.897402e-15	2.575400e-01
0	111	R2	1.054616e+01	1.054616e+01	7.020884e-09	0.000000e+00	2.188200e-01
0	112	R2	1.140858e+01	1.140858e+01	7.696267e-09	2.048854e-14	1.734000e-01
0	113	R2	9.810010e+00	9.810010e+00	6.439395e-09	0.000000e+00	6.732000e-02
0	115	R2	1.045261e+01	1.045261e+01	6.947256e-09	-8.262125e-15	4.300000e-01
0	116	R2	1.003749e+01	1.003749e+01	6.619605e-09	1.506025e-14	1.179500e-01
0	117	R2	1.110151e+01	1.110151e+01	7.456470e-09	0.000000e+00	1.058500e-01
0	118	R2	1.013240e+01	1.013240e+01	6.694653e-09	0.000000e+00	1.676500e-01
0	119	R2	1.077948e+01	1.077948e+01	7.204196e-09	0.000000e+00	7.293000e-02
0	120	R2	9.089990e+00	9.089990e+00	5.865762e-09	0.000000e+00	1.311100e-01
0	121	R2	1.127886e+01	1.127886e+01	7.595054e-09	-2.004691e-14	8.861000e-02
0	122	R2	1.008381e+01	1.008381e+01	6.656242e-09	0.000000e+00	1.368200e-01
0	123	R2	1.054320e+01	1.054320e+01	7.018556e-09	9.059809e-15	1.960700e-01
0	126	R2	1.075706e+01	1.075706e+01	7.186601e-09	0.000000e+00	4.643500e-01
0	127	R2	1.106611e+01	1.106611e+01	7.428779e-09	0.000000e+00	2.522600e-01
0	128	R2	1.155383e+01	1.155383e+01	7.809450e-09	-8.698677e-15	2.042100e-01
0	129	R2	1.022221e+01	1.022221e+01	6.765593e-09	0.000000e+00	1.181900e-01
0	130	R2	9.690680e+00	9.690680e+00	6.344668e-09	0.000000e+00	1.034700e-01
0	131	R2	1.095781e+01	1.095781e+01	7.344000e-09	-6.930231e-15	2.563200e-01
0	132	R2	1.009250e+01	1.009250e+01	6.663113e-09	2.628524e-14	1.351600e-01
0	133	R2	1.025833e+01	1.025833e+01	6.794103e-09	3.382570e-14	1.050300e-01
0	134	R2	1.032981e+01	1.032981e+01	6.850490e-09	2.309957e-14	7.690000e-02
0	135	R2	1.040415e+01	1.040415e+01	6.909085e-09	0.000000e+00	1.322100e-01
0	136	R2	1.063617e+01	1.063617e+01	7.091656e-09	-2.222530e-14	1.598500e-01
0	137	R2	9.658880e+00	9.658880e+00	6.319402e-09	-7.795734e-07	1.520000e-01
0	138	R2	9.786110e+00	9.786110e+00	6.420433e-09	-6.690610e-14	7.965000e-02


1	3	NOE	4.941610e-01	4.941610e-01	1.728347e-09	-1.621000e-15	3.424500e-02
1	4	NOE	4.962680e-01	4.962680e-01	1.734143e-09	1.130573e-15	4.910000e-02
1	6	NOE	5.417560e-01	5.417560e-01	1.873758e-09	0.000000e+00	4.805500e-02
1	7	NOE	6.067230e-01	6.067230e-01	2.139942e-09	-1.750809e-15	6.341200e-02
1	8	NOE	6.564080e-01	6.564080e-01	2.433649e-09	2.136523e-15	5.196400e-02
1	10	NOE	6.140970e-01	6.140970e-01	2.177253e-09	2.835095e-15	3.916000e-02
1	13	NOE	5.974150e-01	5.974150e-01	2.095313e-09	-6.204963e-15	3.578500e-02
1	14	NOE	6.154550e-01	6.154550e-01	2.184325e-09	0.000000e+00	4.178300e-02
1	15	NOE	7.261680e-01	7.261680e-01	3.144799e-09	-2.065839e-15	5.374200e-02
1	17	NOE	6.779550e-01	6.779550e-01	2.602000e-09	2.095156e-15	5.299000e-02
1	18	NOE	5.786450e-01	5.786450e-01	2.012714e-09	3.106649e-15	3.573700e-02
1	19	NOE	6.861310e-01	6.861310e-01	2.675175e-09	0.000000e+00	5.563900e-02
1	20	NOE	6.510400e-01	6.510400e-01	2.396339e-09	-2.471776e-15	4.491600e-02
1	22	NOE	6.981120e-01	6.981120e-01	2.793943e-09	2.579155e-15	4.304600e-02
1	23	NOE	6.552040e-01	6.552040e-01	2.425137e-09	-2.622595e-15	4.233300e-02
1	24	NOE	6.534640e-01	6.534640e-01	2.412984e-09	0.000000e+00	3.687300e-02
1	25	NOE	6.561030e-01	6.561030e-01	2.431484e-09	-2.540498e-15	4.370100e-02
1	27	NOE	5.847170e-01	5.847170e-01	2.038431e-09	-1.399605e-15	7.932400e-02
1	30	NOE	5.089010e-01	5.089010e-01	1.770036e-09	0.000000e+00	2.738500e-02
1	31	NOE	5.331560e-01	5.331560e-01	1.845014e-09	0.000000e+00	6.639800e-02
1	33	NOE	6.344860e-01	6.344860e-01	2.290777e-09	-2.071466e-15	5.359600e-02
1	34	NOE	5.683130e-01	5.683130e-01	1.970955e-09	-1.957547e-15	5.671500e-02
1	35	NOE	6.254460e-01	6.254460e-01	2.238426e-09	0.000000e+00	1.134750e-01
1	36	NOE	5.454770e-01	5.454770e-01	1.886582e-09	-1.782017e-07	4.534700e-02
1	38	NOE	6.895240e-01	6.895240e-01	2.707326e-09	0.000000e+00	5.201900e-02
1	39	NOE	5.579630e-01	5.579630e-01	1.931447e-09	2.500784e-15	4.439500e-02
1	42	NOE	6.909270e-01	6.909270e-01	2.720948e-09	0.000000e+00	4.432600e-02
1	43	NOE	5.265710e-01	5.265710e-01	1.823805e-09	-1.805476e-15	6.149200e-02
1	45	NOE	5.859900e-01	5.859900e-01	2.043940e-09	0.000000e+00	4.656500e-02
1	46	NOE	7.391600e-01	7.391600e-01	3.357147e-09	-1.132476e-15	9.803500e-02
1	47	NOE	6.331080e-01	6.331080e-01	2.282573e-09	-3.894085e-15	5.702100e-02
1	51	NOE	6.783070e-01	6.783070e-01	2.605033e-09	2.379160e-15	9.332900e-02
1	55	NOE	5.880490e-01	5.880490e-01	2.052939e-09	0.000000e+00	4.992400e-02
1	56	NOE	5.567490e-01	5.567490e-01	1.926955e-09	0.000000e+00	3.496100e-02
1	57	NOE	5.300280e-01	5.300280e-01	1.834856e-09	-2.707993e-15	4.099800e-02
1	58	NOE	5.987120e-01	5.987120e-01	2.101375e-09	0.000000e+00	4.858500e-02
1	59	NOE	6.056270e-01	6.056270e-01	2.134548e-09	-1.570241e-15	7.070400e-02
1	60	NOE	6.764900e-01	6.764900e-01	2.589485e-09	0.000000e+00	7.309800e-02
1	61	NOE	5.860200e-01	5.860200e-01	2.044070e-09	0.000000e+00	5.427300e-02
1	62	NOE	5.799310e-01	5.799310e-01	2.018085e-09	0.000000e+00	4.369800e-02
1	63	NOE	5.829620e-01	5.829620e-01	2.030904e-09	-3.403087e-15	6.524800e-02
1	64	NOE	6.613040e-01	6.613040e-01	2.469159e-09	1.694092e-15	6.553500e-02
1	65	NOE	6.507710e-01	6.507710e-01	2.394512e-09	-4.406521e-15	5.039000e-02
1	66	NOE	5.843900e-01	5.843900e-01	2.037023e-09	0.000000e+00	4.873900e-02
1	67	NOE	6.119750e-01	6.119750e-01	2.166329e-09	2.265068e-15	4.901500e-02
1	68	NOE	6.473920e-01	6.473920e-01	2.371894e-09	-1.608653e-07	3.326900e-02
1	69	NOE	6.240770e-01	6.240770e-01	2.230789e-09	0.000000e+00	4.673700e-02
1	70	NOE	6.445320e-01	6.445320e-01	2.353218e-09	-2.216545e-15	5.008800e-02
1	71	NOE	6.126640e-01	6.126640e-01	2.169859e-09	0.000000e+00	3.976900e-02
1	74	NOE	5.459110e-01	5.459110e-01	1.888094e-09	0.000000e+00	8.576300e-02
1	75	NOE	6.844200e-01	6.844200e-01	2.659374e-09	-1.383645e-15	8.023900e-02
1	77	NOE	5.832240e-01	5.832240e-01	2.032023e-09	0.000000e+00	4.386600e-02
1	78	NOE	6.272250e-01	6.272250e-01	2.248461e-09	-1.845972e-15	6.014300e-02
1	80	NOE	6.657570e-01	6.657570e-01	2.502774e-09	0.000000e+00	4.493600e-02
1	82	NOE	5.648080e-01	5.648080e-01	1.957327e-09	2.152596e-15	5.157600e-02
1	83	NOE	5.503330e-01	5.503330e-01	1.903687e-09	0.000000e+00	4.824400e-02
1	84	NOE	5.419390e-01	5.419390e-01	1.874383e-09	-3.637929e-15	3.051800e-02
1	86	NOE	6.300820e-01	6.300820e-01	2.264846e-09	0.000000e+00	4.149600e-02
1	87	NOE	6.162830e-01	6.162830e-01	2.188669e-09	2.351171e-15	4.722000e-02
1	88	NOE	6.470330e-01	6.470330e-01	2.369527e-09	2.755580e-15	4.029000e-02
1	90	NOE	7.225520e-01	7.225520e-01	3.092336e-09	-2.220180e-15	5.000600e-02
1	91	NOE	7.156280e-01	7.156280e-01	2.998593e-09	2.005968e-15	5.534600e-02
1	92	NOE	6.480050e-01	6.480050e-01	2.375952e-09	-1.053476e-07	5.064200e-02
1	95	NOE	6.525040e-01	6.525040e-01	2.406353e-09	-7.040126e-08	7.402500e-02
1	96	NOE	5.886490e-01	5.886490e-01	2.055582e-09	-5.302558e-15	4.187500e-02
1	97	NOE	6.568930e-01	6.568930e-01	2.437101e-09	4.197917e-15	5.289400e-02
1	98	NOE	5.884600e-01	5.884600e-01	2.054748e-09	-4.175969e-15	5.317200e-02
1	100	NOE	6.237460e-01	6.237460e-01	2.228954e-09	-2.658134e-15	4.176700e-02
1	101	NOE	6.033670e-01	6.033670e-01	2.123545e-09	-5.393097e-15	4.117200e-02
1	102	NOE	6.567500e-01	6.567500e-01	2.436082e-09	0.000000e+00	4.662500e-02
1	103	NOE	6.005230e-01	6.005230e-01	2.109923e-09	2.679692e-15	4.143100e-02
1	104	NOE	6.378400e-01	6.378400e-01	2.311098e-09	0.000000e+00	3.460800e-02
1	107	NOE	7.381670e-01	7.381670e-01	3.339424e-09	0.000000e+00	6.635400e-02
1	108	NOE	6.239340e-01	6.239340e-01	2.229996e-09	0.000000e+00	4.570000e-02
1	110	NOE	6.512350e-01	6.512350e-01	2.397666e-09	0.000000e+00	6.197900e-02
1	111	NOE	6.431930e-01	6.431930e-01	2.344616e-09	2.382811e-15	4.659300e-02
1	112	NOE	5.943530e-01	5.943530e-01	2.081192e-09	-1.767196e-15	6.282400e-02
1	113	NOE	5.947180e-01	5.947180e-01	2.082861e-09	-1.856964e-15	5.978700e-02
1	115	NOE	5.150840e-01	5.150840e-01	1.788355e-09	-1.906486e-15	5.823400e-02
1	116	NOE	6.424690e-01	6.424690e-01	2.340002e-09	-1.108424e-07	4.950000e-02
1	117	NOE	6.266510e-01	6.266510e-01	2.245209e-09	2.891582e-15	3.839500e-02
1	118	NOE	5.916620e-01	5.916620e-01	2.068999e-09	-2.752847e-15	4.033000e-02
1	119	NOE	6.226310e-01	6.226310e-01	2.222802e-09	-2.816610e-15	3.941700e-02
1	120	NOE	5.781830e-01	5.781830e-01	2.010794e-09	-2.458367e-15	4.516100e-02
1	121	NOE	6.437570e-01	6.437570e-01	2.348228e-09	-1.462454e-07	3.727600e-02
1	122	NOE	6.079850e-01	6.079850e-01	2.146200e-09	-2.620243e-15	4.237100e-02
1	123	NOE	6.367770e-01	6.367770e-01	2.304602e-09	0.000000e+00	5.516500e-02
1	126	NOE	5.610680e-01	5.610680e-01	1.943068e-09	-1.131957e-15	9.808000e-02
1	127	NOE	5.243830e-01	5.243830e-01	1.816905e-09	0.000000e+00	7.752200e-02
1	128	NOE	5.462500e-01	5.462500e-01	1.889276e-09	0.000000e+00	7.719800e-02
1	129	NOE	6.928330e-01	6.928330e-01	2.739775e-09	4.604346e-15	4.822500e-02
1	130	NOE	6.167130e-01	6.167130e-01	2.190935e-09	-2.742239e-15	4.048600e-02
1	131	NOE	6.163380e-01	6.163380e-01	2.188959e-09	2.143991e-15	5.178300e-02
1	132	NOE	6.260770e-01	6.260770e-01	2.241971e-09	2.979425e-15	3.726300e-02
1	133	NOE	5.983480e-01	5.983480e-01	2.099669e-09	2.788174e-15	3.981900e-02
1	134	NOE	6.146300e-01	6.146300e-01	2.180021e-09	0.000000e+00	3.356900e-02
1	135	NOE	6.391080e-01	6.391080e-01	2.318915e-09	-2.948095e-15	3.765900e-02
1	136	NOE	6.679060e-01	6.679060e-01	2.519470e-09	0.000000e+00	4.150400e-02
1	137	NOE	6.240540e-01	6.240540e-01	2.230662e-09	3.001739e-15	3.698600e-02
1	138	NOE	6.039280e-01	6.039280e-01	2.126262e-09	0.000000e+00	3.893400e-02


2	3	R1	1.258940e+00	1.258940e+00	1.081288e-08	-3.346565e-14	1.327000e-02
2	4	R1	1.429560e+00	1.429560e+00	9.351874e-09	-1.330804e-14	3.337000e-02
2	6	R1	1.571910e+00	1.571910e+00	8.354998e-09	0.000000e+00	3.752000e-02
2	7	R1	1.532800e+00	1.532800e+00	8.612491e-09	4.467698e-15	4.970000e-02
2	8	R1	1.460740e+00	1.460740e+00	9.118717e-09	1.320908e-14	1.681000e-02
2	10	R1	1.396920e+00	1.396920e+00	9.606010e-09	-2.623090e-14	1.693000e-02
2	13	R1	1.476940e+00	1.476940e+00	9.001076e-09	8.169412e-15	2.718000e-02
2	14	R1	1.378150e+00	1.378150e+00	9.757104e-09	-6.947578e-15	3.196000e-02
2	15	R1	1.419170e+00	1.419170e+00	9.431621e-09	7.256360e-15	3.060000e-02
2	17	R1	1.458170e+00	1.458170e+00	9.137595e-09	9.103920e-15	2.439000e-02
2	18	R1	1.492640e+00	1.492640e+00	8.889248e-09	-7.121379e-15	3.118000e-02
2	19	R1	1.535460e+00	1.535460e+00	8.594613e-09	0.000000e+00	2.689000e-02
2	20	R1	1.487050e+00	1.487050e+00	8.928822e-09	0.000000e+00	4.039000e-02
2	22	R1	1.482090e+00	1.482090e+00	8.964160e-09	0.000000e+00	2.242000e-02
2	23	R1	1.541910e+00	1.541910e+00	8.551488e-09	1.119176e-14	1.984000e-02
2	24	R1	1.515480e+00	1.515480e+00	8.730254e-09	-1.005637e-14	2.208000e-02
2	25	R1	1.523510e+00	1.523510e+00	8.675361e-09	1.152880e-14	1.926000e-02
2	27	R1	1.583510e+00	1.583510e+00	8.280770e-09	-8.042181e-15	2.761000e-02
2	30	R1	1.396550e+00	1.396550e+00	9.608953e-09	1.496257e-14	1.484000e-02
2	31	R1	1.381420e+00	1.381420e+00	9.730512e-09	7.614698e-15	2.916000e-02
2	33	R1	1.474730e+00	1.474730e+00	9.016988e-09	1.362237e-14	1.630000e-02
2	34	R1	1.599740e+00	1.599740e+00	8.178487e-09	0.000000e+00	3.715000e-02
2	35	R1	1.558540e+00	1.558540e+00	8.441748e-09	0.000000e+00	4.622000e-02
2	36	R1	1.466900e+00	1.466900e+00	9.073710e-09	1.561495e-14	1.422000e-02
2	38	R1	1.471290e+00	1.471290e+00	9.041841e-09	0.000000e+00	3.153000e-02
2	39	R1	1.489730e+00	1.489730e+00	8.909816e-09	-7.379349e-15	3.009000e-02
2	42	R1	1.452120e+00	1.452120e+00	9.182273e-09	2.401780e-14	1.849000e-02
2	43	R1	1.462690e+00	1.462690e+00	9.104433e-09	-7.468705e-15	2.973000e-02
2	45	R1	1.496030e+00	1.496030e+00	8.865376e-09	-6.091759e-15	3.645000e-02
2	46	R1	1.618420e+00	1.618420e+00	8.062965e-09	-3.104216e-15	7.153000e-02
2	47	R1	1.509690e+00	1.509690e+00	8.770155e-09	-7.704532e-15	2.882000e-02
2	51	R1	1.548610e+00	1.548610e+00	8.507026e-09	5.381595e-15	4.126000e-02
2	55	R1	1.580000e+00	1.580000e+00	8.303130e-09	0.000000e+00	2.135000e-02
2	56	R1	1.431050e+00	1.431050e+00	9.340524e-09	1.122004e-14	1.979000e-02
2	57	R1	1.415160e+00	1.415160e+00	9.462682e-09	1.318555e-14	1.684000e-02
2	58	R1	1.480060e+00	1.480060e+00	8.978684e-09	1.112448e-14	1.996000e-02
2	59	R1	1.622710e+00	1.622710e+00	8.036759e-09	0.000000e+00	5.596000e-02
2	60	R1	1.485310e+00	1.485310e+00	8.941195e-09	1.659113e-14	4.015000e-02
2	61	R1	1.442900e+00	1.442900e+00	9.251009e-09	0.000000e+00	2.619000e-02
2	62	R1	1.550310e+00	1.550310e+00	8.495799e-09	-1.108560e-14	2.003000e-02
2	63	R1	1.371370e+00	1.371370e+00	9.812609e-09	0.000000e+00	3.686000e-02
2	64	R1	1.583440e+00	1.583440e+00	8.281215e-09	5.750112e-07	3.375000e-02
2	65	R1	1.411910e+00	1.411910e+00	9.487974e-09	-1.149299e-14	1.932000e-02
2	66	R1	1.474590e+00	1.474590e+00	9.017997e-09	0.000000e+00	2.209000e-02
2	67	R1	1.492970e+00	1.492970e+00	8.886920e-09	1.333201e-14	3.331000e-02
2	68	R1	1.398890e+00	1.398890e+00	9.590367e-09	-1.105249e-14	2.009000e-02
2	69	R1	1.570760e+00	1.570760e+00	8.362409e-09	4.417919e-15	5.026000e-02
2	70	R1	1.437080e+00	1.437080e+00	9.294807e-09	1.179207e-14	1.883000e-02
2	71	R1	1.621480e+00	1.621480e+00	8.044260e-09	0.000000e+00	2.976000e-02
2	74	R1	1.606040e+00	1.606040e+00	8.139267e-09	7.319750e-15	6.067000e-02
2	75	R1	1.570530e+00	1.570530e+00	8.363893e-09	-1.179207e-14	1.883000e-02
2	77	R1	1.441720e+00	1.441720e+00	9.259863e-09	7.443668e-15	2.983000e-02
2	78	R1	1.641620e+00	1.641620e+00	7.922644e-09	0.000000e+00	4.778000e-02
2	80	R1	1.190760e+00	1.190760e+00	1.150466e-08	0.000000e+00	1.902000e-02
2	82	R1	1.432650e+00	1.432650e+00	9.328360e-09	-7.964297e-15	5.576000e-02
2	83	R1	1.460460e+00	1.460460e+00	9.120771e-09	-7.599062e-15	2.922000e-02
2	84	R1	1.434250e+00	1.434250e+00	9.316220e-09	-1.787799e-14	1.242000e-02
2	86	R1	1.490480e+00	1.490480e+00	8.904508e-09	0.000000e+00	1.679000e-02
2	87	R1	1.551230e+00	1.551230e+00	8.489732e-09	-1.110223e-14	2.000000e-02
2	88	R1	1.513960e+00	1.513960e+00	8.740702e-09	0.000000e+00	2.677000e-02
2	90	R1	1.446620e+00	1.446620e+00	9.223181e-09	8.193528e-15	2.710000e-02
2	91	R1	1.467020e+00	1.467020e+00	9.072836e-09	7.299297e-15	3.042000e-02
2	92	R1	1.526910e+00	1.526910e+00	8.652273e-09	-1.095975e-14	2.026000e-02
2	95	R1	1.629800e+00	1.629800e+00	7.993708e-09	7.800618e-15	5.693000e-02
2	96	R1	1.560940e+00	1.560940e+00	8.426080e-09	-1.022776e-14	2.171000e-02
2	97	R1	1.449720e+00	1.449720e+00	9.200090e-09	-8.783410e-15	2.528000e-02
2	98	R1	1.442630e+00	1.442630e+00	9.253034e-09	-1.043933e-14	2.127000e-02
2	100	R1	1.540020e+00	1.540020e+00	8.564091e-09	1.106351e-14	2.007000e-02
2	101	R1	1.484070e+00	1.484070e+00	8.950028e-09	0.000000e+00	2.112000e-02
2	102	R1	1.595170e+00	1.595170e+00	8.207105e-09	-1.329210e-14	3.341000e-02
2	103	R1	1.535390e+00	1.535390e+00	8.595082e-09	-2.072278e-14	2.143000e-02
2	104	R1	1.436250e+00	1.436250e+00	9.301079e-09	1.380016e-14	1.609000e-02
2	107	R1	1.450380e+00	1.450380e+00	9.195185e-09	0.000000e+00	1.821000e-02
2	108	R1	1.534970e+00	1.534970e+00	8.597902e-09	8.010381e-07	2.382000e-02
2	110	R1	1.511130e+00	1.511130e+00	8.760206e-09	8.498855e-07	2.225000e-02
2	111	R1	1.501480e+00	1.501480e+00	8.827201e-09	1.657049e-14	2.680000e-02
2	112	R1	1.469510e+00	1.469510e+00	9.054742e-09	0.000000e+00	3.454000e-02
2	113	R1	1.306320e+00	1.306320e+00	1.037195e-08	6.113563e-15	3.632000e-02
2	115	R1	1.399850e+00	1.399850e+00	9.582758e-09	0.000000e+00	5.232000e-02
2	116	R1	1.513350e+00	1.513350e+00	8.744901e-09	1.359734e-14	1.633000e-02
2	117	R1	1.605580e+00	1.605580e+00	8.142122e-09	0.000000e+00	2.530000e-02
2	118	R1	1.577010e+00	1.577010e+00	8.322246e-09	1.516698e-14	1.464000e-02
2	119	R1	1.538570e+00	1.538570e+00	8.573779e-09	3.027193e-14	1.467000e-02
2	120	R1	1.363670e+00	1.363670e+00	9.876257e-09	0.000000e+00	1.960000e-02
2	121	R1	1.592960e+00	1.592960e+00	8.220996e-09	-1.414297e-14	1.570000e-02
2	122	R1	1.484680e+00	1.484680e+00	8.945681e-09	1.172977e-14	1.893000e-02
2	123	R1	1.506010e+00	1.506010e+00	8.795656e-09	-1.746320e-14	2.543000e-02
2	126	R1	1.629910e+00	1.629910e+00	7.993042e-09	2.537073e-15	8.752000e-02
2	127	R1	1.556100e+00	1.556100e+00	8.457721e-09	-7.237438e-15	3.068000e-02
2	128	R1	1.529880e+00	1.529880e+00	8.632179e-09	-8.814792e-15	2.519000e-02
2	129	R1	1.478490e+00	1.478490e+00	8.989941e-09	1.815573e-14	1.223000e-02
2	130	R1	1.470320e+00	1.470320e+00	9.048868e-09	9.111391e-15	2.437000e-02
2	131	R1	1.620260e+00	1.620260e+00	8.051711e-09	0.000000e+00	2.714000e-02
2	132	R1	1.456090e+00	1.456090e+00	9.152918e-09	2.465792e-14	1.801000e-02
2	133	R1	1.531530e+00	1.531530e+00	8.621046e-09	0.000000e+00	2.400000e-02
2	134	R1	1.477810e+00	1.477810e+00	8.994823e-09	0.000000e+00	1.841000e-02
2	135	R1	1.538220e+00	1.538220e+00	8.576120e-09	0.000000e+00	3.791000e-02
2	136	R1	1.557760e+00	1.557760e+00	8.446849e-09	8.500920e-07	2.263000e-02
2	137	R1	1.433370e+00	1.433370e+00	9.322894e-09	0.000000e+00	1.846000e-02
2	138	R1	1.478140e+00	1.478140e+00	8.992453e-09	0.000000e+00	2.832000e-02


