3	1.048432e+01	1.436300e-01	7.090820e-01	1.366800e-02	8.311800e-01	7.750000e-03	2.451137e-02	
4	1.147583e+01	9.461000e-02	6.804750e-01	2.267500e-02	9.081100e-01	5.850000e-03	2.941339e-02	
6	1.228458e+01	1.665800e-01	8.565350e-01	2.718400e-02	9.522500e-01	7.200000e-03	1.384837e-02	
7	1.067543e+01	5.639100e-01	8.695220e-01	2.978600e-02	8.375500e-01	3.797000e-02	1.107771e-02	
8	1.198946e+01	2.899700e-01	8.075690e-01	2.305700e-02	8.959700e-01	8.160000e-03	1.747714e-02	
10	1.108398e+01	1.864300e-01	8.297520e-01	1.679200e-02	8.523200e-01	1.103000e-02	1.470911e-02	
13	1.231882e+01	6.468800e-01	8.331140e-01	1.644200e-02	8.904800e-01	1.367000e-02	1.506419e-02	
14	1.213327e+01	2.757100e-01	7.789050e-01	1.730100e-02	8.795800e-01	1.556000e-02	1.971315e-02	
15	1.385495e+01	9.273000e-02	7.996750e-01	1.745800e-02	8.772500e-01	7.380000e-03	1.781396e-02	
17	1.214393e+01	1.402600e-01	8.427560e-01	2.122700e-02	8.714800e-01	1.000000e-02	1.389099e-02	
18	1.374714e+01	1.980800e-01	8.450500e-01	1.903500e-02	9.451400e-01	9.280000e-03	1.484532e-02	
19	1.347394e+01	2.703100e-01	8.783210e-01	2.414500e-02	9.428500e-01	6.340000e-03	1.162947e-02	
20	1.200998e+01	1.804900e-01	8.550600e-01	1.989100e-02	9.346000e-01	1.018000e-02	1.373143e-02	
22	1.227495e+01	1.791400e-01	8.580330e-01	1.739300e-02	9.108600e-01	6.900000e-03	1.310813e-02	
23	1.218225e+01	2.515900e-01	8.868350e-01	1.729100e-02	8.953900e-01	7.020000e-03	1.027132e-02	
24	1.265201e+01	3.006300e-01	8.443460e-01	1.660400e-02	9.381900e-01	1.018000e-02	1.480311e-02	
25	1.129304e+01	2.218500e-01	8.369930e-01	1.787000e-02	8.818900e-01	6.840000e-03	1.457211e-02	
27	1.358916e+01	2.334800e-01	8.685640e-01	3.796600e-02	9.356800e-01	1.157000e-02	1.246647e-02	
30	1.166237e+01	4.514500e-01	7.383180e-01	1.192000e-02	8.790300e-01	1.790000e-02	2.331736e-02	
31	1.144604e+01	2.185300e-01	8.406440e-01	4.205600e-02	8.416800e-01	1.395000e-02	1.359619e-02	
33	1.181810e+01	3.068400e-01	8.442260e-01	2.215900e-02	8.482700e-01	1.432000e-02	1.339464e-02	
34	1.289230e+01	2.081000e-01	8.540060e-01	2.853000e-02	9.282700e-01	6.490000e-03	1.373761e-02	
35	1.341963e+01	4.249800e-01	8.758350e-01	4.866000e-02	8.736100e-01	1.717000e-02	1.099559e-02	
36	1.152542e+01	2.881400e-01	8.631580e-01	2.526800e-02	8.164900e-01	6.350000e-03	1.132588e-02	
38	1.172620e+01	4.117000e-01	8.416940e-01	1.995200e-02	8.645100e-01	9.850000e-03	1.387296e-02	
39	1.167325e+01	4.449200e-01	8.537010e-01	2.381600e-02	8.344600e-01	1.396000e-02	1.237510e-02	
42	1.275310e+01	6.636000e-01	8.152470e-01	1.703200e-02	8.131800e-01	1.869000e-02	1.522930e-02	
43	1.215407e+01	3.717100e-01	8.185610e-01	2.994300e-02	8.145800e-01	1.310000e-02	1.498188e-02	
45	1.262730e+01	2.892500e-01	8.509070e-01	2.112400e-02	9.215800e-01	1.038000e-02	1.392811e-02	
46	1.234600e+01	4.663800e-01	8.120680e-01	5.704700e-02	9.055100e-01	1.647000e-02	1.725027e-02	
47	1.228330e+01	4.429700e-01	8.595620e-01	2.708300e-02	8.998000e-01	1.126000e-02	1.280951e-02	
51	1.205952e+01	4.231100e-01	8.226710e-01	3.726700e-02	8.625100e-01	1.894000e-02	1.550407e-02	
55	1.069649e+01	6.169700e-01	7.868690e-01	2.436200e-02	8.681200e-01	2.929000e-02	1.875548e-02	
56	1.111396e+01	3.835500e-01	7.802360e-01	1.335900e-02	8.597000e-01	1.341000e-02	1.915161e-02	
57	1.081114e+01	3.355000e-01	7.835180e-01	1.778400e-02	8.532700e-01	1.125000e-02	1.872449e-02	
58	1.213166e+01	4.095600e-01	8.315020e-01	2.242600e-02	9.292000e-01	1.420000e-02	1.587105e-02	
59	1.354838e+01	9.206700e-01	8.414790e-01	3.600300e-02	9.389400e-01	4.602000e-02	1.508782e-02	
60	1.189896e+01	4.492400e-01	8.651860e-01	3.646900e-02	8.816000e-01	1.789000e-02	1.204782e-02	
61	1.385518e+01	4.442500e-01	8.881880e-01	2.834100e-02	8.428100e-01	1.699000e-02	9.552564e-03	
62	1.234681e+01	5.132700e-01	8.309970e-01	1.963200e-02	8.677900e-01	1.670000e-02	1.486657e-02	
63	1.101362e+01	6.259400e-01	8.359370e-01	3.399100e-02	7.390900e-01	1.784000e-02	1.229164e-02	
64	1.295786e+01	5.569500e-01	8.808360e-01	3.192300e-02	8.665200e-01	1.918000e-02	1.046708e-02	
65	1.157111e+01	2.833000e-01	8.481540e-01	2.070600e-02	8.232500e-01	1.755000e-02	1.267176e-02	
66	1.141031e+01	3.009000e-01	8.270460e-01	2.299500e-02	8.625400e-01	1.451000e-02	1.512209e-02	
67	1.369525e+01	4.832700e-01	8.574450e-01	2.826800e-02	8.538700e-01	1.853000e-02	1.233889e-02	
68	1.178389e+01	4.666000e-01	7.811220e-01	1.305000e-02	7.836800e-01	1.484000e-02	1.738772e-02	
69	1.093044e+01	8.373000e-01	8.529730e-01	1.941100e-02	7.963000e-01	3.940000e-02	1.186795e-02	
70	1.094840e+01	6.422800e-01	8.348120e-01	2.012000e-02	8.150900e-01	2.594000e-02	1.364853e-02	
71	1.150234e+01	3.545900e-01	8.519940e-01	1.952400e-02	9.126200e-01	1.128000e-02	1.369213e-02	
74	1.229885e+01	1.280730e+00	8.003770e-01	4.713200e-02	7.063900e-01	3.764000e-02	1.429410e-02	
75	1.156063e+01	4.501200e-01	8.035110e-01	3.050800e-02	8.621800e-01	1.967000e-02	1.717268e-02	
77	1.853905e+01	5.541500e-01	8.040070e-01	1.967900e-02	8.713900e-01	1.714000e-02	1.731231e-02	
78	1.154520e+01	7.183600e-01	8.373620e-01	2.369300e-02	8.310400e-01	4.047000e-02	1.370080e-02	
80	9.856860e+00	1.944700e-01	7.516530e-01	1.486800e-02	7.409500e-01	7.840000e-03	1.865304e-02	
82	1.097878e+01	8.953400e-01	8.098690e-01	2.291200e-02	7.834100e-01	4.227000e-02	1.509885e-02	
83	1.138244e+01	2.492900e-01	8.319890e-01	2.687100e-02	8.848500e-01	1.493000e-02	1.506986e-02	
84	1.270527e+01	2.258500e-01	8.359690e-01	1.593700e-02	9.170600e-01	8.800000e-03	1.524844e-02	
86	1.211760e+01	1.998800e-01	8.646280e-01	1.934800e-02	9.560600e-01	6.640000e-03	1.311946e-02	
87	1.214741e+01	2.268700e-01	8.067210e-01	1.859700e-02	8.930000e-01	9.410000e-03	1.749597e-02	
88	1.186512e+01	2.971800e-01	8.696160e-01	1.863900e-02	9.008400e-01	7.970000e-03	1.190622e-02	
90	1.287720e+01	1.835900e-01	8.989280e-01	2.006300e-02	8.511400e-01	7.620000e-03	8.720346e-03	
91	1.314273e+01	3.090600e-01	9.078780e-01	3.226600e-02	9.196100e-01	8.350000e-03	8.587542e-03	
92	1.413301e+01	2.445600e-01	8.758990e-01	2.694300e-02	9.097500e-01	6.120000e-03	1.144456e-02	
95	2.051013e+01	9.740700e-01	8.466860e-01	4.687800e-02	8.515700e-01	4.587000e-02	1.323439e-02	
96	1.713093e+01	5.138900e-01	8.515040e-01	2.638200e-02	8.661800e-01	1.757000e-02	1.303841e-02	
97	1.218158e+01	4.422600e-01	8.512870e-01	2.593700e-02	8.393300e-01	1.227000e-02	1.265271e-02	
98	2.486105e+01	3.807300e-01	8.337460e-01	2.803900e-02	8.457500e-01	9.250000e-03	1.425332e-02	
100	1.341106e+01	2.368000e-01	8.770280e-01	2.191700e-02	9.597500e-01	8.640000e-03	1.196372e-02	
101	1.313018e+01	1.979300e-01	8.357250e-01	2.149800e-02	8.666200e-01	9.720000e-03	1.443119e-02	
102	1.240532e+01	3.223600e-01	8.501170e-01	2.123000e-02	9.520400e-01	9.300000e-03	1.446470e-02	
103	1.397674e+01	3.955000e-01	8.553920e-01	2.023600e-02	9.079800e-01	1.644000e-02	1.330977e-02	
104	1.186770e+01	3.562500e-01	8.348940e-01	1.439300e-02	9.040600e-01	1.675000e-02	1.513080e-02	
107	1.885916e+01	4.551400e-01	8.353260e-01	2.881300e-02	9.415400e-01	1.494000e-02	1.571686e-02	
108	1.383662e+01	4.266200e-01	8.581390e-01	1.935900e-02	9.159100e-01	1.254000e-02	1.317097e-02	
110	1.286008e+01	6.061400e-01	9.170300e-01	3.659600e-02	8.650500e-01	2.326000e-02	7.275522e-03	
111	1.203761e+01	4.689100e-01	8.647990e-01	2.453100e-02	8.354700e-01	1.809000e-02	1.145019e-02	
112	1.138466e+01	7.714100e-01	8.367810e-01	2.958900e-02	7.665500e-01	3.296000e-02	1.268274e-02	
113	9.835560e+00	6.394800e-01	7.783460e-01	2.386800e-02	6.778400e-01	1.829000e-02	1.523016e-02	
115	1.040136e+01	1.092110e+00	7.194570e-01	2.744400e-02	7.149200e-01	3.923000e-02	2.033100e-02	
116	1.113645e+01	3.785400e-01	8.216670e-01	1.822300e-02	9.081000e-01	1.856000e-02	1.641600e-02	
117	1.265381e+01	3.978300e-01	8.379770e-01	1.522600e-02	9.645600e-01	1.818000e-02	1.584192e-02	
118	1.164184e+01	4.278300e-01	8.267020e-01	1.737600e-02	9.220000e-01	1.765000e-02	1.619669e-02	
119	1.266034e+01	3.256400e-01	8.124820e-01	1.817600e-02	8.821900e-01	1.157000e-02	1.676899e-02	
120	9.865410e+00	4.033900e-01	6.978580e-01	1.619900e-02	8.169300e-01	1.639000e-02	2.502060e-02	
121	1.421258e+01	3.139000e-01	8.435190e-01	1.424700e-02	9.860500e-01	1.164000e-02	1.564092e-02	
122	1.194280e+01	2.195400e-01	8.743840e-01	1.908600e-02	8.895500e-01	5.690000e-03	1.132706e-02	
123	1.215778e+01	2.369800e-01	8.317530e-01	3.116900e-02	9.002300e-01	8.460000e-03	1.535333e-02	
126	1.239700e+01	4.382200e-01	8.538760e-01	4.876100e-02	1.016800e+00	3.070000e-02	1.506118e-02	
127	1.187046e+01	2.841500e-01	8.264420e-01	3.922200e-02	8.790700e-01	2.077000e-02	1.546571e-02	
128	1.283211e+01	1.870200e-01	8.239970e-01	3.680300e-02	9.464700e-01	1.566000e-02	1.688608e-02	
129	1.180804e+01	2.092900e-01	8.580430e-01	1.938600e-02	9.313800e-01	1.093000e-02	1.340249e-02	
130	1.036085e+01	1.521500e-01	8.203910e-01	2.275200e-02	9.184200e-01	1.257000e-02	1.672135e-02	
131	1.360502e+01	2.984800e-01	8.405020e-01	2.323700e-02	9.449500e-01	1.046000e-02	1.527798e-02	
132	1.223016e+01	1.638600e-01	8.752400e-01	1.788400e-02	9.198200e-01	7.840000e-03	1.163269e-02	
133	1.176333e+01	3.234000e-01	8.553210e-01	1.526600e-02	9.237600e-01	1.171000e-02	1.354773e-02	
134	1.173061e+01	2.426300e-01	8.497380e-01	1.559600e-02	8.807800e-01	1.034000e-02	1.341586e-02	
135	1.185736e+01	3.778700e-01	8.389720e-01	1.474300e-02	9.293300e-01	1.348000e-02	1.516957e-02	
136	1.152262e+01	2.642900e-01	8.113390e-01	1.571000e-02	9.073400e-01	1.290000e-02	1.735218e-02	
137	1.050633e+01	5.402900e-01	8.063890e-01	1.369800e-02	8.030900e-01	2.272000e-02	1.576145e-02	
138	1.114109e+01	2.330900e-01	7.955790e-01	1.632300e-02	9.075400e-01	7.340000e-03	1.880586e-02	
