3	8.535890e+00	6.021000e-02	4.941610e-01	3.424500e-02	1.258940e+00	1.327000e-02	6.455341e-02	
4	9.440460e+00	9.995000e-02	4.962680e-01	4.910000e-02	1.429560e+00	3.337000e-02	7.299679e-02	
6	1.006004e+01	3.273000e-01	5.417560e-01	4.805500e-02	1.571910e+00	3.752000e-02	7.301739e-02	
7	1.050718e+01	1.623400e-01	6.067230e-01	6.341200e-02	1.532800e+00	4.970000e-02	6.110628e-02	
8	1.018289e+01	1.951400e-01	6.564080e-01	5.196400e-02	1.460740e+00	1.681000e-02	5.087657e-02	
10	9.749350e+00	1.174200e-01	6.140970e-01	3.916000e-02	1.396920e+00	1.693000e-02	5.464514e-02	
13	1.045173e+01	1.103400e-01	5.974150e-01	3.578500e-02	1.476940e+00	2.718000e-02	6.027293e-02	
14	9.953380e+00	1.653800e-01	6.154550e-01	4.178300e-02	1.378150e+00	3.196000e-02	5.372117e-02	
15	1.111651e+01	1.292500e-01	7.261680e-01	5.374200e-02	1.419170e+00	3.060000e-02	3.939313e-02	
17	1.055212e+01	1.589700e-01	6.779550e-01	5.299000e-02	1.458170e+00	2.439000e-02	4.760215e-02	
18	1.055400e+01	5.636000e-02	5.786450e-01	3.573700e-02	1.492640e+00	3.118000e-02	6.375365e-02	
19	1.100174e+01	1.578600e-01	6.861310e-01	5.563900e-02	1.535460e+00	2.689000e-02	4.885272e-02	
20	1.024919e+01	2.083800e-01	6.510400e-01	4.491600e-02	1.487050e+00	4.039000e-02	5.260210e-02	
22	1.038716e+01	1.160000e-01	6.981120e-01	4.304600e-02	1.482090e+00	2.242000e-02	4.535470e-02	
23	1.080371e+01	1.435900e-01	6.552040e-01	4.233300e-02	1.541910e+00	1.984000e-02	5.389185e-02	
24	9.888180e+00	2.817100e-01	6.534640e-01	3.687300e-02	1.515480e+00	2.208000e-02	5.323539e-02	
25	1.023845e+01	1.635900e-01	6.561030e-01	4.370100e-02	1.523510e+00	1.926000e-02	5.310991e-02	
27	1.097639e+01	3.287400e-01	5.847170e-01	7.932400e-02	1.583510e+00	2.761000e-02	6.666023e-02	
30	9.354050e+00	1.101300e-01	5.089010e-01	2.738500e-02	1.396550e+00	1.484000e-02	6.952282e-02	
31	1.053656e+01	1.945200e-01	5.331560e-01	6.639800e-02	1.381420e+00	2.916000e-02	6.537314e-02	
33	9.972150e+00	1.968900e-01	6.344860e-01	5.359600e-02	1.474730e+00	1.630000e-02	5.464097e-02	
34	1.052557e+01	2.109400e-01	5.683130e-01	5.671500e-02	1.599740e+00	3.715000e-02	7.000357e-02	
35	1.240899e+01	2.899900e-01	6.254460e-01	1.134750e-01	1.558540e+00	4.622000e-02	5.917445e-02	
36	1.015759e+01	1.973200e-01	5.454770e-01	4.534700e-02	1.466900e+00	1.422000e-02	6.758623e-02	
38	1.028230e+01	1.942300e-01	6.895240e-01	5.201900e-02	1.471290e+00	3.153000e-02	4.630503e-02	
39	1.069893e+01	1.450400e-01	5.579630e-01	4.439500e-02	1.489730e+00	3.009000e-02	6.675258e-02	
42	1.136506e+01	1.484300e-01	6.909270e-01	4.432600e-02	1.452120e+00	1.849000e-02	4.549518e-02	
43	1.105910e+01	1.484400e-01	5.265710e-01	6.149200e-02	1.462690e+00	2.973000e-02	7.019545e-02	
45	1.098246e+01	1.521400e-01	5.859900e-01	4.656500e-02	1.496030e+00	3.645000e-02	6.278458e-02	
46	1.125515e+01	4.145900e-01	7.391600e-01	9.803500e-02	1.618420e+00	7.153000e-02	4.279246e-02	
47	1.038182e+01	2.356500e-01	6.331080e-01	5.702100e-02	1.509690e+00	2.882000e-02	5.614717e-02	
51	1.071561e+01	3.171200e-01	6.783070e-01	9.332900e-02	1.548610e+00	4.126000e-02	5.049932e-02	
55	9.963960e+00	1.978400e-01	5.880490e-01	4.992400e-02	1.580000e+00	2.135000e-02	6.597881e-02	
56	9.617280e+00	1.261300e-01	5.567490e-01	3.496100e-02	1.431050e+00	1.979000e-02	6.429932e-02	
57	9.153910e+00	1.078500e-01	5.300280e-01	4.099800e-02	1.415160e+00	1.684000e-02	6.741854e-02	
58	1.024057e+01	1.115000e-01	5.987120e-01	4.858500e-02	1.480060e+00	1.996000e-02	6.020566e-02	
59	1.185865e+01	7.203300e-01	6.056270e-01	7.070400e-02	1.622710e+00	5.596000e-02	6.487090e-02	
60	1.059546e+01	2.796000e-01	6.764900e-01	7.309800e-02	1.485310e+00	4.015000e-02	4.870871e-02	
61	1.170200e+01	1.281000e-01	5.860200e-01	5.427300e-02	1.442900e+00	2.619000e-02	6.055046e-02	
62	1.072804e+01	2.516000e-01	5.799310e-01	4.369800e-02	1.550310e+00	2.003000e-02	6.601476e-02	
63	1.092921e+01	1.786800e-01	5.829620e-01	6.524800e-02	1.371370e+00	3.686000e-02	5.797385e-02	
64	1.064357e+01	3.349300e-01	6.613040e-01	6.553500e-02	1.583440e+00	3.375000e-02	5.436426e-02	
65	1.069533e+01	1.551000e-01	6.507710e-01	5.039000e-02	1.411910e+00	1.932000e-02	4.998264e-02	
66	1.052654e+01	2.356700e-01	5.843900e-01	4.873900e-02	1.474590e+00	2.209000e-02	6.212396e-02	
67	1.123091e+01	1.329000e-01	6.119750e-01	4.901500e-02	1.492970e+00	3.331000e-02	5.872359e-02	
68	1.014779e+01	1.230600e-01	6.473920e-01	3.326900e-02	1.398890e+00	2.009000e-02	5.000087e-02	
69	1.100926e+01	1.864300e-01	6.240770e-01	4.673700e-02	1.570760e+00	5.026000e-02	5.985640e-02	
70	1.028707e+01	2.193400e-01	6.445320e-01	5.008800e-02	1.437080e+00	1.883000e-02	5.178253e-02	
71	1.079945e+01	1.729300e-01	6.126640e-01	3.976900e-02	1.621480e+00	2.976000e-02	6.366508e-02	
74	1.306560e+01	4.861300e-01	5.459110e-01	8.576300e-02	1.606040e+00	6.067000e-02	7.392634e-02	
75	1.054668e+01	2.596600e-01	6.844200e-01	8.023900e-02	1.570530e+00	1.883000e-02	5.024092e-02	
77	1.395720e+01	1.126900e-01	5.832240e-01	4.386600e-02	1.441720e+00	2.983000e-02	6.090956e-02	
78	1.143217e+01	3.158500e-01	6.272250e-01	6.014300e-02	1.641620e+00	4.778000e-02	6.203278e-02	
80	8.050090e+00	1.455400e-01	6.657570e-01	4.493600e-02	1.190760e+00	1.902000e-02	4.034488e-02	
82	1.050219e+01	2.285500e-01	5.648080e-01	5.157600e-02	1.432650e+00	5.576000e-02	6.320084e-02	
83	9.958420e+00	2.062700e-01	5.503330e-01	4.824400e-02	1.460460e+00	2.922000e-02	6.657061e-02	
84	1.022070e+01	1.661000e-01	5.419390e-01	3.051800e-02	1.434250e+00	1.242000e-02	6.659629e-02	
86	9.875130e+00	1.040000e-01	6.300820e-01	4.149600e-02	1.490480e+00	1.679000e-02	5.588992e-02	
87	1.067790e+01	1.147500e-01	6.162830e-01	4.722000e-02	1.551230e+00	2.000000e-02	6.033774e-02	
88	1.019474e+01	1.362300e-01	6.470330e-01	4.029000e-02	1.513960e+00	2.677000e-02	5.416894e-02	
90	1.059017e+01	2.160800e-01	7.225520e-01	5.000600e-02	1.446620e+00	2.710000e-02	4.068534e-02	
91	1.093488e+01	2.634700e-01	7.156280e-01	5.534600e-02	1.467020e+00	3.042000e-02	4.228874e-02	
92	1.119994e+01	1.495900e-01	6.480050e-01	5.064200e-02	1.526910e+00	2.026000e-02	5.448184e-02	
95	1.252602e+01	5.584500e-01	6.525040e-01	7.402500e-02	1.629800e+00	5.693000e-02	5.740979e-02	
96	1.254675e+01	2.205600e-01	5.886490e-01	4.187500e-02	1.560940e+00	2.171000e-02	6.508795e-02	
97	1.066421e+01	1.709900e-01	6.568930e-01	5.289400e-02	1.449720e+00	2.528000e-02	5.042148e-02	
98	1.604950e+01	3.194700e-01	5.884600e-01	5.317200e-02	1.442630e+00	2.127000e-02	6.018231e-02	
100	1.054051e+01	1.702900e-01	6.237460e-01	4.176700e-02	1.540020e+00	2.007000e-02	5.873667e-02	
101	1.161821e+01	1.600500e-01	6.033670e-01	4.117200e-02	1.484070e+00	2.112000e-02	5.966849e-02	
102	1.054475e+01	2.628000e-01	6.567500e-01	4.662500e-02	1.595170e+00	3.341000e-02	5.550337e-02	
103	1.154759e+01	1.929400e-01	6.005230e-01	4.143100e-02	1.535390e+00	2.143000e-02	6.217450e-02	
104	9.943100e+00	1.186800e-01	6.378400e-01	3.460800e-02	1.436250e+00	1.609000e-02	5.272692e-02	
107	1.651995e+01	2.544500e-01	7.381670e-01	6.635400e-02	1.450380e+00	1.821000e-02	3.849533e-02	
108	1.094970e+01	1.486100e-01	6.239340e-01	4.570000e-02	1.534970e+00	2.382000e-02	5.851481e-02	
110	1.109403e+01	2.575400e-01	6.512350e-01	6.197900e-02	1.511130e+00	2.225000e-02	5.342402e-02	
111	1.054616e+01	2.188200e-01	6.431930e-01	4.659300e-02	1.501480e+00	2.680000e-02	5.430687e-02	
112	1.140858e+01	1.734000e-01	5.943530e-01	6.282400e-02	1.469510e+00	3.454000e-02	6.042583e-02	
113	9.810010e+00	6.732000e-02	5.947180e-01	5.978700e-02	1.306320e+00	3.632000e-02	5.366717e-02	
115	1.045261e+01	4.300000e-01	5.150840e-01	5.823400e-02	1.399850e+00	5.232000e-02	6.880973e-02	
116	1.003749e+01	1.179500e-01	6.424690e-01	4.950000e-02	1.513350e+00	1.633000e-02	5.484726e-02	
117	1.110151e+01	1.058500e-01	6.266510e-01	3.839500e-02	1.605580e+00	2.530000e-02	6.076434e-02	
118	1.013240e+01	1.676500e-01	5.916620e-01	4.033000e-02	1.577010e+00	1.464000e-02	6.527638e-02	
119	1.077948e+01	7.293000e-02	6.226310e-01	3.941700e-02	1.538570e+00	1.467000e-02	5.885527e-02	
120	9.089990e+00	1.311100e-01	5.781830e-01	4.516100e-02	1.363670e+00	1.960000e-02	5.830895e-02	
121	1.127886e+01	8.861000e-02	6.437570e-01	3.727600e-02	1.592960e+00	1.570000e-02	5.752453e-02	
122	1.008381e+01	1.368200e-01	6.079850e-01	4.237100e-02	1.484680e+00	1.893000e-02	5.899801e-02	
123	1.054320e+01	1.960700e-01	6.367770e-01	5.516500e-02	1.506010e+00	2.543000e-02	5.545019e-02	
126	1.075706e+01	4.643500e-01	5.610680e-01	9.808000e-02	1.629910e+00	8.752000e-02	7.252082e-02	
127	1.106611e+01	2.522600e-01	5.243830e-01	7.752200e-02	1.556100e+00	3.068000e-02	7.502339e-02	
128	1.155383e+01	2.042100e-01	5.462500e-01	7.719800e-02	1.529880e+00	2.519000e-02	7.036810e-02	
129	1.022221e+01	1.181900e-01	6.928330e-01	4.822500e-02	1.478490e+00	1.223000e-02	4.603570e-02	
130	9.690680e+00	1.034700e-01	6.167130e-01	4.048600e-02	1.470320e+00	2.437000e-02	5.712652e-02	
131	1.095781e+01	2.563200e-01	6.163380e-01	5.178300e-02	1.620260e+00	2.714000e-02	6.301375e-02	
132	1.009250e+01	1.351600e-01	6.260770e-01	3.726300e-02	1.456090e+00	1.801000e-02	5.519151e-02	
133	1.025833e+01	1.050300e-01	5.983480e-01	3.981900e-02	1.531530e+00	2.400000e-02	6.235586e-02	
134	1.032981e+01	7.690000e-02	6.146300e-01	3.356900e-02	1.477810e+00	1.841000e-02	5.772957e-02	
135	1.040415e+01	1.322100e-01	6.391080e-01	3.765900e-02	1.538220e+00	3.791000e-02	5.627267e-02	
136	1.063617e+01	1.598500e-01	6.679060e-01	4.150400e-02	1.557760e+00	2.263000e-02	5.244009e-02	
137	9.658880e+00	1.520000e-01	6.240540e-01	3.698600e-02	1.433370e+00	1.846000e-02	5.462427e-02	
138	9.786110e+00	7.965000e-02	6.039280e-01	3.893400e-02	1.478140e+00	2.832000e-02	5.934601e-02	
