3	7.954380e+00	1.325800e-01	6.434250e-01	4.518500e-02	1.605710e+00	3.032000e-02	5.803899e-02	
4	8.812790e+00	1.271700e-01	5.869790e-01	5.977000e-02	1.818730e+00	3.307000e-02	7.614514e-02	
6	9.414020e+00	2.089700e-01	6.833440e-01	7.365500e-02	2.021570e+00	3.037000e-02	6.489009e-02	
7	9.646380e+00	4.237100e-01	5.516850e-01	7.134700e-02	1.933030e+00	5.402000e-02	8.784635e-02	
8	9.391380e+00	2.192400e-01	6.510940e-01	6.137800e-02	1.813980e+00	2.325000e-02	6.415681e-02	
10	9.092380e+00	1.690400e-01	7.200410e-01	5.522600e-02	1.826790e+00	2.528000e-02	5.184238e-02	
13	9.961000e+00	1.927700e-01	7.108360e-01	4.817000e-02	1.916410e+00	3.499000e-02	5.617389e-02	
14	9.415280e+00	1.957900e-01	7.122080e-01	6.003000e-02	1.706990e+00	3.225000e-02	4.979796e-02	
15	1.070833e+01	2.865900e-01	7.143270e-01	6.978400e-02	1.810670e+00	3.110000e-02	5.243368e-02	
17	1.055955e+01	2.332500e-01	6.037690e-01	6.653300e-02	1.869190e+00	5.528000e-02	7.507645e-02	
18	9.679890e+00	2.314000e-01	7.658530e-01	6.356400e-02	1.867690e+00	1.753000e-02	4.432974e-02	
19	9.835870e+00	3.002900e-01	7.260430e-01	7.607200e-02	1.978280e+00	5.515000e-02	5.493789e-02	
20	9.803400e+00	2.271800e-01	6.871430e-01	5.701100e-02	1.916690e+00	3.895000e-02	6.078544e-02	
22	9.896680e+00	1.227000e-01	7.342970e-01	5.651300e-02	1.951860e+00	2.385000e-02	5.257109e-02	
23	9.828990e+00	2.201100e-01	7.533120e-01	6.518200e-02	1.915700e+00	2.733000e-02	4.790462e-02	
24	9.874100e+00	2.051700e-01	6.532200e-01	4.883300e-02	1.950660e+00	3.021000e-02	6.857052e-02	
25	9.192810e+00	1.224500e-01	7.774890e-01	6.615700e-02	1.881940e+00	1.712000e-02	4.244818e-02	
27	1.005773e+01	1.462200e-01	7.088290e-01	1.027390e-01	1.905920e+00	8.937000e-02	5.625416e-02	
30	8.840020e+00	2.098400e-01	6.469100e-01	4.014600e-02	1.711490e+00	2.637000e-02	6.125783e-02	
31	9.717730e+00	3.425500e-01	6.310550e-01	8.820400e-02	1.753810e+00	7.058000e-02	6.559127e-02	
33	1.015880e+01	3.687200e-01	6.423290e-01	5.790800e-02	1.943970e+00	2.743000e-02	7.048150e-02	
34	1.084190e+01	3.977500e-01	5.667910e-01	8.033700e-02	1.888270e+00	2.933000e-02	8.292078e-02	
35	1.155463e+01	4.218400e-01	7.472860e-01	1.769380e-01	2.039140e+00	9.705000e-02	5.223699e-02	
36	9.595330e+00	2.282900e-01	5.767300e-01	6.801100e-02	1.876420e+00	3.529000e-02	8.050992e-02	
38	9.627920e+00	2.384900e-01	6.884680e-01	7.258400e-02	1.948700e+00	4.788000e-02	6.153887e-02	
39	1.075134e+01	2.428700e-01	8.154970e-01	7.768700e-02	1.899190e+00	4.611000e-02	3.552006e-02	
42	1.020350e+01	2.253600e-01	7.560700e-01	5.841200e-02	1.867600e+00	3.242000e-02	4.617968e-02	
43	1.017286e+01	2.395600e-01	7.517520e-01	1.179310e-01	1.860680e+00	3.323000e-02	4.682301e-02	
45	1.047025e+01	4.054300e-01	7.018540e-01	5.704300e-02	1.970300e+00	3.842000e-02	5.954745e-02	
46	1.045846e+01	5.285400e-01	4.699210e-01	1.024760e-01	1.966620e+00	5.900000e-02	1.056727e-01	
47	9.952900e+00	3.173400e-01	8.010090e-01	8.612500e-02	1.979730e+00	3.725000e-02	3.993386e-02	
51	1.042330e+01	1.495900e-01	6.451730e-01	1.014850e-01	1.976920e+00	1.092900e-01	7.110622e-02	
55	9.819820e+00	3.140500e-01	7.319580e-01	7.360100e-02	1.964570e+00	4.590000e-02	5.337922e-02	
56	9.356840e+00	1.794400e-01	6.786200e-01	3.954500e-02	1.804830e+00	5.017000e-02	5.879725e-02	
57	8.995600e+00	1.726200e-01	7.243390e-01	6.053700e-02	1.803300e+00	3.350000e-02	5.039009e-02	
58	9.754520e+00	2.438700e-01	6.980430e-01	7.208400e-02	1.898320e+00	3.583000e-02	5.810538e-02	
59	1.228042e+01	8.296700e-01	0.000000e+00	0.000000e+00	2.146230e+00	1.588500e-01	2.175595e-01	
60	9.705350e+00	2.905600e-01	7.392490e-01	9.992700e-02	1.967100e+00	7.696000e-02	5.199412e-02	
61	1.124276e+01	4.015500e-01	6.363690e-01	7.251600e-02	1.897910e+00	2.436000e-02	6.995816e-02	
62	1.031900e+01	1.526400e-01	7.142160e-01	6.699900e-02	1.914900e+00	3.152000e-02	5.547354e-02	
63	1.067724e+01	4.594000e-01	8.314450e-01	1.023610e-01	1.822280e+00	2.778000e-02	3.113570e-02	
64	1.113960e+01	2.300500e-01	6.575520e-01	9.334500e-02	1.950570e+00	3.521000e-02	6.771081e-02	
65	1.047244e+01	2.845700e-01	7.200120e-01	5.785600e-02	1.816780e+00	3.000000e-02	5.156364e-02	
66	9.503850e+00	2.283900e-01	6.302890e-01	5.589600e-02	1.891880e+00	3.484000e-02	7.090189e-02	
67	1.106537e+01	2.297700e-01	7.061350e-01	7.525500e-02	1.855520e+00	3.258000e-02	5.527329e-02	
68	9.936620e+00	1.588600e-01	7.824710e-01	4.401900e-02	1.716710e+00	2.698000e-02	3.785436e-02	
69	1.040428e+01	3.619700e-01	6.947270e-01	6.781500e-02	1.907820e+00	3.892000e-02	5.903746e-02	
70	1.026950e+01	2.462800e-01	6.742940e-01	5.823900e-02	1.896520e+00	4.214000e-02	6.261596e-02	
71	1.002039e+01	1.023500e-01	0.000000e+00	0.000000e+00	1.983640e+00	2.935000e-02	2.010781e-01	
74	1.177372e+01	1.089600e+00	6.166460e-01	1.132720e-01	1.883670e+00	1.487300e-01	7.319925e-02	
75	9.737400e+00	3.067600e-01	7.444430e-01	1.161170e-01	1.918390e+00	4.978000e-02	4.969658e-02	
77	1.273299e+01	2.416900e-01	8.120330e-01	7.377400e-02	1.774560e+00	2.678000e-02	3.381226e-02	
78	1.092985e+01	4.007700e-01	7.806130e-01	7.596700e-02	1.907450e+00	6.970000e-02	4.241953e-02	
80	7.403880e+00	1.707900e-01	6.494210e-01	4.856400e-02	1.436420e+00	1.859000e-02	5.104688e-02	
82	1.058744e+01	3.978600e-01	6.152450e-01	7.611400e-02	1.865780e+00	7.024000e-02	7.276902e-02	
83	1.001746e+01	3.735000e-01	8.094170e-01	9.344700e-02	1.958810e+00	4.036000e-02	3.784237e-02	
84	9.672080e+00	2.274100e-01	7.561570e-01	5.219000e-02	1.851000e+00	3.371000e-02	4.575289e-02	
86	9.561740e+00	2.131600e-01	7.162410e-01	6.714400e-02	1.923900e+00	2.988000e-02	5.533934e-02	
87	9.854980e+00	2.142600e-01	7.996510e-01	6.403900e-02	1.908760e+00	2.752000e-02	3.876505e-02	
88	9.586540e+00	1.761500e-01	7.707830e-01	5.319300e-02	1.923730e+00	3.573000e-02	4.469848e-02	
90	1.008490e+01	1.297900e-01	8.182970e-01	6.856500e-02	1.902840e+00	2.428000e-02	3.504824e-02	
91	1.015486e+01	2.710700e-01	6.415560e-01	6.627200e-02	1.847030e+00	3.910000e-02	6.711152e-02	
92	1.030682e+01	3.246400e-01	7.142180e-01	7.836400e-02	1.994880e+00	2.307000e-02	5.779011e-02	
95	1.110620e+01	5.634400e-01	8.227870e-01	1.077420e-01	1.976810e+00	3.766000e-02	3.551095e-02	
96	1.192386e+01	2.465600e-01	7.543280e-01	6.805300e-02	1.944630e+00	2.916000e-02	4.842777e-02	
97	9.826250e+00	2.351100e-01	8.537940e-01	9.397800e-02	1.933810e+00	3.605000e-02	2.866031e-02	
98	1.345265e+01	4.831300e-01	6.530160e-01	5.866500e-02	1.759620e+00	4.196000e-02	6.189138e-02	
100	9.927470e+00	1.842900e-01	6.008480e-01	5.662900e-02	1.980130e+00	1.095000e-02	8.011869e-02	
101	1.066979e+01	1.587200e-01	6.943350e-01	6.503700e-02	1.929850e+00	5.115000e-02	5.979586e-02	
102	9.787150e+00	3.095400e-01	6.653690e-01	5.622500e-02	2.070710e+00	3.731000e-02	7.024045e-02	
103	1.119128e+01	2.590000e-01	7.075930e-01	6.192000e-02	1.902890e+00	2.926000e-02	5.640314e-02	
104	9.413040e+00	1.785800e-01	7.086080e-01	4.002000e-02	1.826870e+00	2.339000e-02	5.396188e-02	
107	1.569259e+01	6.030400e-01	7.911940e-01	6.818500e-02	1.893240e+00	4.082000e-02	4.007287e-02	
108	1.057737e+01	1.248900e-01	5.510240e-01	5.836600e-02	1.909320e+00	4.732000e-02	8.689678e-02	
110	1.029633e+01	2.869500e-01	7.810730e-01	9.616500e-02	1.925580e+00	3.588000e-02	4.273294e-02	
111	9.596700e+00	1.483500e-01	6.662120e-01	6.377900e-02	1.863240e+00	3.615000e-02	6.304365e-02	
112	1.068865e+01	5.899800e-01	6.749430e-01	9.413100e-02	1.831390e+00	5.784000e-02	6.034513e-02	
113	9.678110e+00	3.261800e-01	6.606330e-01	7.857000e-02	1.620440e+00	1.920000e-02	5.574481e-02	
115	1.101640e+01	4.176600e-01	6.420730e-01	9.364700e-02	1.771730e+00	5.327000e-02	6.428266e-02	
116	9.286700e+00	2.700800e-01	6.935650e-01	5.681300e-02	1.918630e+00	3.413000e-02	5.959797e-02	
117	1.017458e+01	3.329500e-01	7.132110e-01	4.918200e-02	1.982090e+00	2.230000e-02	5.762192e-02	
118	1.008417e+01	3.171900e-01	7.134690e-01	5.142100e-02	1.998830e+00	4.143000e-02	5.805629e-02	
119	9.915160e+00	2.216300e-01	7.851240e-01	5.405100e-02	1.963340e+00	3.735000e-02	4.276468e-02	
120	8.591030e+00	2.991200e-01	7.080470e-01	6.000700e-02	1.730730e+00	4.516000e-02	5.122053e-02	
121	1.040108e+01	2.437800e-01	8.138130e-01	5.903300e-02	1.996630e+00	3.394000e-02	3.768329e-02	
122	9.665710e+00	1.326700e-01	7.082540e-01	6.252800e-02	1.868970e+00	3.531000e-02	5.527250e-02	
123	1.077045e+01	2.843200e-01	7.282950e-01	8.218100e-02	1.942490e+00	4.031000e-02	5.350055e-02	
126	1.044876e+01	6.731100e-01	7.489000e-01	1.655810e-01	1.900650e+00	1.313400e-01	4.837831e-02	
127	1.035383e+01	4.121900e-01	6.514560e-01	1.175000e-01	1.977310e+00	8.018000e-02	6.986091e-02	
128	9.311990e+00	5.124200e-01	8.484340e-01	1.258140e-01	2.037450e+00	7.737000e-02	3.130333e-02	
129	9.593030e+00	2.274200e-01	5.641730e-01	6.618100e-02	1.937310e+00	3.149000e-02	8.558844e-02	
130	8.839780e+00	1.720600e-01	6.517170e-01	5.954500e-02	1.846500e+00	2.002000e-02	6.519037e-02	
131	1.041900e+01	1.875900e-01	7.037950e-01	9.210800e-02	1.970040e+00	2.993000e-02	5.915198e-02	
132	1.003926e+01	2.682400e-01	7.862240e-01	5.367800e-02	1.940330e+00	4.487000e-02	4.204713e-02	
133	9.990360e+00	1.338400e-01	7.618920e-01	5.145200e-02	1.956660e+00	2.520000e-02	4.722709e-02	
134	9.530780e+00	1.829200e-01	7.019400e-01	4.861600e-02	1.873470e+00	2.884000e-02	5.660467e-02	
135	9.611380e+00	9.938000e-02	7.533840e-01	5.201500e-02	1.884810e+00	2.750000e-02	4.711841e-02	
136	9.968750e+00	1.086100e-01	7.339820e-01	5.727200e-02	1.861170e+00	2.794000e-02	5.018789e-02	
137	9.412520e+00	9.134000e-02	7.052750e-01	4.727400e-02	1.818790e+00	3.461000e-02	5.433772e-02	
138	9.306290e+00	8.774000e-02	5.397400e-01	4.955500e-02	1.838800e+00	3.208000e-02	8.579057e-02	
