0	4	R2	1.320341e+01	1.320341e+01	9.674921e-09	2.956083e-15	6.009158e-01
0	5	R2	1.262993e+01	1.262993e+01	9.192868e-09	0.000000e+00	2.960601e-01
0	6	R2	1.538154e+01	1.538154e+01	1.148740e-08	-1.312607e-14	2.706610e-01
0	7	R2	1.449759e+01	1.449759e+01	1.075500e-08	-5.112884e-15	3.474275e-01
0	8	R2	1.477738e+01	1.477738e+01	1.098725e-08	-5.125762e-15	3.465547e-01
0	9	R2	1.572105e+01	1.572105e+01	1.176770e-08	-5.097394e-15	3.484833e-01
0	10	R2	1.508523e+01	1.508523e+01	1.124232e-08	4.771368e-15	3.722950e-01
0	11	R2	1.534142e+01	1.534142e+01	1.145424e-08	3.320469e-15	5.349716e-01
0	12	R2	1.578632e+01	1.578632e+01	1.182153e-08	-7.773190e-15	2.285235e-01
0	13	R2	1.623166e+01	1.623166e+01	1.218832e-08	-9.638661e-15	3.685900e-01
0	14	R2	1.567890e+01	1.567890e+01	1.173293e-08	4.875858e-15	3.643168e-01
0	15	R2	1.508796e+01	1.508796e+01	1.124458e-08	0.000000e+00	4.008857e-01
0	17	R2	1.460046e+01	1.460046e+01	1.084044e-08	0.000000e+00	1.564693e-01
0	18	R2	1.489824e+01	1.489824e+01	1.108745e-08	0.000000e+00	4.070704e-01
0	20	R2	1.603618e+01	1.603618e+01	1.202742e-08	0.000000e+00	2.075273e-01
0	22	R2	1.675294e+01	1.675294e+01	1.261665e-08	-6.467683e-07	3.541944e-01
0	23	R2	1.470177e+01	1.470177e+01	1.092453e-08	-8.145158e-15	2.180875e-01
0	24	R2	1.529520e+01	1.529520e+01	1.141603e-08	0.000000e+00	2.659933e-01
0	25	R2	1.545810e+01	1.545810e+01	1.155065e-08	0.000000e+00	2.179250e-01
0	26	R2	1.579904e+01	1.579904e+01	1.183202e-08	-1.490375e-14	2.383771e-01
0	27	R2	1.513523e+01	1.513523e+01	1.128371e-08	0.000000e+00	2.416744e-01
0	28	R2	1.543091e+01	1.543091e+01	1.152819e-08	0.000000e+00	3.519309e-01
0	29	R2	1.496894e+01	1.496894e+01	1.114602e-08	-6.568117e-15	2.704515e-01
0	30	R2	1.371328e+01	1.371328e+01	1.010165e-08	0.000000e+00	4.238740e-01
0	31	R2	1.373570e+01	1.373570e+01	1.012038e-08	-2.682388e-14	1.324459e-01
0	32	R2	1.131913e+01	1.131913e+01	8.081647e-09	-7.290854e-07	1.935935e-01
0	33	R2	1.320725e+01	1.320725e+01	9.678138e-09	0.000000e+00	4.308456e-01
0	34	R2	1.323749e+01	1.323749e+01	9.703499e-09	-7.599112e-15	2.337585e-01
0	35	R2	1.449443e+01	1.449443e+01	1.075238e-08	0.000000e+00	1.687012e-01
0	36	R2	1.816168e+01	1.816168e+01	1.376934e-08	1.386205e-14	5.125814e-01
0	37	R2	1.577287e+01	1.577287e+01	1.181044e-08	2.153898e-14	1.649434e-01
0	38	R2	1.785013e+01	1.785013e+01	1.351497e-08	-4.009373e-15	8.861021e-01
0	39	R2	1.611058e+01	1.611058e+01	1.208868e-08	1.095911e-14	3.241791e-01
0	40	R2	1.688248e+01	1.688248e+01	1.272293e-08	0.000000e+00	5.657611e-01
0	41	R2	1.611604e+01	1.611604e+01	1.209317e-08	-1.940236e-14	1.831073e-01
0	42	R2	1.580703e+01	1.580703e+01	1.183860e-08	-4.661868e-15	3.810397e-01
0	43	R2	1.424562e+01	1.424562e+01	1.054549e-08	0.000000e+00	2.372343e-01
0	44	R2	1.559284e+01	1.559284e+01	1.166191e-08	3.785493e-15	4.692537e-01
0	46	R2	1.714149e+01	1.714149e+01	1.293524e-08	0.000000e+00	1.007839e+00
0	47	R2	1.642252e+01	1.642252e+01	1.234527e-08	0.000000e+00	4.749401e-01
0	49	R2	1.620010e+01	1.620010e+01	1.216236e-08	8.982793e-15	3.955021e-01
0	51	R2	1.617442e+01	1.617442e+01	1.214123e-08	1.522431e-14	2.333579e-01
0	52	R2	1.603181e+01	1.603181e+01	1.202382e-08	-4.275526e-15	8.309419e-01
0	53	R2	1.580878e+01	1.580878e+01	1.184005e-08	3.756752e-15	4.728438e-01
0	54	R2	1.539361e+01	1.539361e+01	1.149737e-08	6.973335e-15	2.547356e-01
0	55	R2	1.513226e+01	1.513226e+01	1.128124e-08	0.000000e+00	2.692866e-01
0	56	R2	1.641416e+01	1.641416e+01	1.233840e-08	-7.795310e-07	2.869373e-01
0	57	R2	1.657688e+01	1.657688e+01	1.247210e-08	0.000000e+00	6.600523e-01
0	59	R2	1.558312e+01	1.558312e+01	1.165389e-08	-7.106857e-07	2.960142e-01
0	60	R2	1.599821e+01	1.599821e+01	1.199615e-08	0.000000e+00	2.787216e-01
0	61	R2	1.660192e+01	1.660192e+01	1.249267e-08	-5.176596e-15	6.863031e-01
0	62	R2	1.584460e+01	1.584460e+01	1.186958e-08	-6.450023e-15	5.508064e-01
0	63	R2	1.554678e+01	1.554678e+01	1.162389e-08	0.000000e+00	2.571713e-01
0	64	R2	1.340572e+01	1.340572e+01	9.844445e-09	-1.069739e-14	1.660552e-01
0	65	R2	1.499858e+01	1.499858e+01	1.117057e-08	-8.391519e-15	2.116848e-01
0	66	R2	1.645765e+01	1.645765e+01	1.237415e-08	0.000000e+00	3.112117e-01
0	67	R2	1.414507e+01	1.414507e+01	1.046178e-08	7.247426e-15	2.451017e-01
0	70	R2	1.376103e+01	1.376103e+01	1.014153e-08	7.042459e-15	2.522353e-01
0	71	R2	1.569095e+01	1.569095e+01	1.174287e-08	-3.429146e-15	5.180173e-01
0	72	R2	1.475057e+01	1.475057e+01	1.096501e-08	9.650335e-15	3.681441e-01
0	73	R2	1.539978e+01	1.539978e+01	1.150247e-08	0.000000e+00	3.426863e-01
0	74	R2	1.335060e+01	1.335060e+01	9.798281e-09	-2.588618e-14	1.372437e-01
0	75	R2	1.299866e+01	1.299866e+01	9.503076e-09	0.000000e+00	2.042789e-01
0	76	R2	1.455541e+01	1.455541e+01	1.080303e-08	9.910858e-15	1.792334e-01
0	78	R2	1.636554e+01	1.636554e+01	1.229843e-08	-2.493376e-14	1.424861e-01
0	79	R2	1.389082e+01	1.389082e+01	1.024986e-08	-8.338837e-15	2.130221e-01
0	80	R2	1.602615e+01	1.602615e+01	1.201917e-08	0.000000e+00	4.366240e-01
0	83	R2	1.394097e+01	1.394097e+01	1.029169e-08	0.000000e+00	4.124123e-01
0	84	R2	1.328727e+01	1.328727e+01	9.745222e-09	-4.194296e-07	4.131307e-01
0	86	R2	1.562940e+01	1.562940e+01	1.169208e-08	0.000000e+00	7.123147e-01
0	87	R2	1.612227e+01	1.612227e+01	1.209831e-08	7.951185e-15	4.468156e-01
0	88	R2	1.803264e+01	1.803264e+01	1.366402e-08	0.000000e+00	2.601409e-01
0	89	R2	1.530550e+01	1.530550e+01	1.142454e-08	-1.140286e-14	1.557817e-01
0	90	R2	1.482514e+01	1.482514e+01	1.102685e-08	0.000000e+00	5.378132e-01
0	91	R2	1.371817e+01	1.371817e+01	1.010574e-08	0.000000e+00	1.366247e-01
0	92	R2	1.518787e+01	1.518787e+01	1.132726e-08	-5.820716e-15	3.051784e-01
0	93	R2	1.530011e+01	1.530011e+01	1.142009e-08	5.435701e-15	3.267944e-01
0	94	R2	1.273934e+01	1.273934e+01	9.285014e-09	0.000000e+00	1.752741e-01
0	95	R2	1.382151e+01	1.382151e+01	1.019202e-08	0.000000e+00	1.923714e-01
0	96	R2	1.458066e+01	1.458066e+01	1.082400e-08	6.412560e-15	2.770121e-01
0	97	R2	1.605549e+01	1.605549e+01	1.204332e-08	-9.426833e-15	3.768724e-01
0	98	R2	1.602461e+01	1.602461e+01	1.201790e-08	-1.363073e-14	2.606401e-01
0	99	R2	1.719927e+01	1.719927e+01	1.298258e-08	-7.354514e-15	4.830658e-01
0	100	R2	1.587982e+01	1.587982e+01	1.189861e-08	0.000000e+00	4.062438e-01
0	101	R2	1.684977e+01	1.684977e+01	1.269609e-08	-5.379757e-15	6.603855e-01
0	102	R2	1.601999e+01	1.601999e+01	1.201409e-08	0.000000e+00	5.715377e-01
0	104	R2	1.677796e+01	1.677796e+01	1.263718e-08	0.000000e+00	3.524379e-01
0	105	R2	1.824917e+01	1.824917e+01	1.384072e-08	0.000000e+00	3.506831e-01
0	106	R2	2.047334e+01	2.047334e+01	1.564846e-08	0.000000e+00	6.966403e-01
0	107	R2	1.696957e+01	1.696957e+01	1.279435e-08	4.884105e-15	7.274032e-01
0	108	R2	1.565362e+01	1.565362e+01	1.171207e-08	-5.229175e-15	1.019104e+00
0	109	R2	1.551398e+01	1.551398e+01	1.159680e-08	0.000000e+00	3.720967e-01
0	110	R2	1.585716e+01	1.585716e+01	1.187993e-08	-5.164085e-15	3.439829e-01
0	111	R2	1.682652e+01	1.682652e+01	1.267702e-08	-1.270032e-14	2.797341e-01
0	112	R2	1.524065e+01	1.524065e+01	1.137092e-08	-1.573573e-14	2.257736e-01
0	113	R2	1.505707e+01	1.505707e+01	1.121901e-08	8.823411e-15	2.013231e-01
0	114	R2	1.578681e+01	1.578681e+01	1.182194e-08	-6.176399e-15	2.876039e-01
0	115	R2	1.595253e+01	1.595253e+01	1.195852e-08	2.401189e-15	7.397823e-01
0	116	R2	1.646063e+01	1.646063e+01	1.237660e-08	-8.681951e-07	2.584887e-01
0	117	R2	1.518441e+01	1.518441e+01	1.132440e-08	-7.582988e-15	4.685110e-01
0	118	R2	1.417535e+01	1.417535e+01	1.048699e-08	9.141895e-15	1.943095e-01
0	119	R2	1.441151e+01	1.441151e+01	1.068346e-08	0.000000e+00	2.330299e-01
0	120	R2	1.358013e+01	1.358013e+01	9.990372e-09	-7.774117e-15	2.284963e-01
0	121	R2	1.552891e+01	1.552891e+01	1.160914e-08	-8.821888e-15	2.013579e-01
0	122	R2	1.462908e+01	1.462908e+01	1.086420e-08	7.004511e-15	2.536018e-01
0	125	R2	1.554678e+01	1.554678e+01	1.162389e-08	0.000000e+00	1.974708e-01
0	126	R2	1.578482e+01	1.578482e+01	1.182029e-08	4.251261e-15	4.178423e-01
0	127	R2	1.704245e+01	1.704245e+01	1.285409e-08	0.000000e+00	3.252986e-01
0	128	R2	1.670174e+01	1.670174e+01	1.257462e-08	1.291695e-14	2.750429e-01
0	129	R2	1.621113e+01	1.621113e+01	1.217144e-08	0.000000e+00	3.679212e-01
0	130	R2	1.757346e+01	1.757346e+01	1.328883e-08	0.000000e+00	3.128411e-01
0	131	R2	1.810086e+01	1.810086e+01	1.371970e-08	0.000000e+00	8.145157e-01
0	132	R2	1.613606e+01	1.613606e+01	1.210965e-08	1.403780e-14	2.530820e-01
0	133	R2	1.102548e+01	1.102548e+01	7.830720e-09	-2.078589e-07	6.559443e-01
0	134	R2	1.571388e+01	1.571388e+01	1.176179e-08	4.328448e-15	4.103911e-01
0	135	R2	1.748099e+01	1.748099e+01	1.321319e-08	-4.788280e-15	7.419604e-01
0	136	R2	1.581253e+01	1.581253e+01	1.184314e-08	-6.965102e-15	2.550367e-01
0	138	R2	1.464729e+01	1.464729e+01	1.087932e-08	-7.976605e-15	2.226958e-01
0	139	R2	1.652647e+01	1.652647e+01	1.243069e-08	0.000000e+00	3.173702e-01
0	140	R2	1.639344e+01	1.639344e+01	1.232137e-08	-5.371657e-15	6.613813e-01
0	141	R2	1.505820e+01	1.505820e+01	1.121994e-08	-3.045882e-15	5.831994e-01
0	142	R2	1.516346e+01	1.516346e+01	1.130707e-08	3.986389e-15	4.456055e-01
0	143	R2	1.378911e+01	1.378911e+01	1.016498e-08	0.000000e+00	2.610616e-01
0	144	R2	1.590078e+01	1.590078e+01	1.191588e-08	4.446684e-15	3.994789e-01
0	147	R2	1.572896e+01	1.572896e+01	1.177423e-08	6.243562e-15	2.845102e-01
0	149	R2	1.670090e+01	1.670090e+01	1.257394e-08	0.000000e+00	2.476811e-01
0	150	R2	1.514073e+01	1.514073e+01	1.128826e-08	0.000000e+00	3.809999e-01
0	153	R2	1.712182e+01	1.712182e+01	1.291913e-08	-1.482277e-07	1.585099e+00
0	154	R2	1.525320e+01	1.525320e+01	1.138130e-08	-1.706777e-14	3.122300e-01
0	155	R2	1.480275e+01	1.480275e+01	1.100829e-08	5.129213e-15	6.926431e-01
0	156	R2	1.692964e+01	1.692964e+01	1.276160e-08	0.000000e+00	6.073324e-01
0	157	R2	1.583757e+01	1.583757e+01	1.186378e-08	-2.932486e-15	6.057511e-01
0	158	R2	1.411991e+01	1.411991e+01	1.044082e-08	0.000000e+00	4.119020e-01
0	159	R2	1.532473e+01	1.532473e+01	1.144044e-08	-6.261488e-15	2.836956e-01
0	160	R2	1.488228e+01	1.488228e+01	1.107422e-08	-5.807611e-15	3.058670e-01
0	164	R2	1.439284e+01	1.439284e+01	1.066794e-08	0.000000e+00	5.690515e-01
0	165	R2	1.632387e+01	1.632387e+01	1.226416e-08	0.000000e+00	2.715315e-01
0	168	R2	1.698139e+01	1.698139e+01	1.280403e-08	8.676118e-15	4.094819e-01
0	169	R2	1.519549e+01	1.519549e+01	1.133357e-08	3.120929e-15	5.691757e-01
0	170	R2	1.567742e+01	1.567742e+01	1.173171e-08	0.000000e+00	5.350664e-01
0	171	R2	1.477934e+01	1.477934e+01	1.098888e-08	-3.517483e-15	5.050079e-01
0	172	R2	1.493652e+01	1.493652e+01	1.111916e-08	0.000000e+00	2.228765e-01
0	173	R2	1.449233e+01	1.449233e+01	1.075063e-08	-5.332740e-15	3.331040e-01
0	174	R2	1.197060e+01	1.197060e+01	8.635661e-09	3.647096e-15	4.870606e-01
0	175	R2	1.419849e+01	1.419849e+01	1.050626e-08	1.844550e-15	9.630301e-01
0	176	R2	1.450242e+01	1.450242e+01	1.075901e-08	0.000000e+00	2.296697e-01
0	177	R2	1.467179e+01	1.467179e+01	1.089965e-08	-1.281380e-14	2.772568e-01
0	178	R2	1.563355e+01	1.563355e+01	1.169551e-08	1.799010e-14	1.974816e-01
0	179	R2	1.399698e+01	1.399698e+01	1.033839e-08	1.421154e-14	1.249940e-01
0	180	R2	1.447346e+01	1.447346e+01	1.073495e-08	-6.573490e-15	2.702304e-01
0	181	R2	1.463272e+01	1.463272e+01	1.086722e-08	-7.420589e-15	2.393822e-01
0	183	R2	1.456367e+01	1.456367e+01	1.080989e-08	-1.004205e-14	1.768919e-01
0	184	R2	1.502472e+01	1.502472e+01	1.119222e-08	0.000000e+00	1.526016e-01
0	185	R2	1.548083e+01	1.548083e+01	1.156943e-08	0.000000e+00	4.515124e-01
0	186	R2	1.792982e+01	1.792982e+01	1.358007e-08	3.806810e-15	9.332522e-01
0	187	R2	1.471844e+01	1.471844e+01	1.093835e-08	-1.641615e-14	2.164157e-01
0	188	R2	1.532497e+01	1.532497e+01	1.144064e-08	0.000000e+00	3.147051e-01
0	190	R2	1.701056e+01	1.701056e+01	1.282795e-08	-7.163264e-07	3.255292e-01
0	191	R2	1.625725e+01	1.625725e+01	1.220938e-08	0.000000e+00	2.666770e-01
0	192	R2	1.486304e+01	1.486304e+01	1.105827e-08	-9.842219e-15	3.609667e-01
0	193	R2	1.561695e+01	1.561695e+01	1.168181e-08	-3.016402e-07	6.992299e-01
0	194	R2	1.537279e+01	1.537279e+01	1.148017e-08	6.735357e-15	2.637361e-01
0	195	R2	1.548419e+01	1.548419e+01	1.157220e-08	-1.994318e-14	1.781418e-01
0	196	R2	1.883204e+01	1.883204e+01	1.431569e-08	-1.798823e-15	1.975021e+00
0	197	R2	1.669115e+01	1.669115e+01	1.256593e-08	1.677932e-14	2.117317e-01
0	198	R2	1.634548e+01	1.634548e+01	1.228194e-08	0.000000e+00	2.308389e-01
0	199	R2	1.819836e+01	1.819836e+01	1.379927e-08	0.000000e+00	8.584196e-01
0	200	R2	1.755741e+01	1.755741e+01	1.327571e-08	0.000000e+00	8.951950e-01
0	201	R2	1.363736e+01	1.363736e+01	1.003821e-08	0.000000e+00	1.218338e+00
0	202	R2	1.560695e+01	1.560695e+01	1.167356e-08	0.000000e+00	4.243112e-01
0	203	R2	1.476690e+01	1.476690e+01	1.097856e-08	0.000000e+00	1.559139e-01
0	205	R2	1.455075e+01	1.455075e+01	1.079916e-08	-1.740655e-14	1.020511e-01
0	206	R2	1.362565e+01	1.362565e+01	1.002843e-08	4.781550e-15	7.430046e-01
0	207	R2	1.446948e+01	1.446948e+01	1.073164e-08	0.000000e+00	2.608697e-01
0	208	R2	1.507273e+01	1.507273e+01	1.123197e-08	-7.450135e-15	4.768657e-01
0	209	R2	1.448310e+01	1.448310e+01	1.074296e-08	6.464515e-15	2.747858e-01
0	210	R2	1.567890e+01	1.567890e+01	1.173293e-08	1.789505e-15	9.926526e-01
0	211	R2	1.628373e+01	1.628373e+01	1.223115e-08	-9.065215e-15	3.919062e-01
0	212	R2	1.594922e+01	1.594922e+01	1.195579e-08	0.000000e+00	5.504730e-01
0	213	R2	2.190293e+01	2.190293e+01	1.680454e-08	0.000000e+00	1.579778e+00
0	214	R2	1.901683e+01	1.901683e+01	1.446607e-08	-7.980423e-15	4.451786e-01
0	216	R2	1.624986e+01	1.624986e+01	1.220329e-08	0.000000e+00	5.093676e-01
0	217	R2	1.610929e+01	1.610929e+01	1.208762e-08	8.362940e-15	4.248164e-01
0	218	R2	1.562744e+01	1.562744e+01	1.169047e-08	-4.077177e-15	4.356830e-01
0	219	R2	1.695720e+01	1.695720e+01	1.278420e-08	-5.985132e-07	3.881880e-01
0	220	R2	1.732412e+01	1.732412e+01	1.308481e-08	0.000000e+00	3.868612e-01
0	221	R2	1.799403e+01	1.799403e+01	1.363250e-08	3.949765e-15	8.994746e-01
0	223	R2	1.723068e+01	1.723068e+01	1.300831e-08	0.000000e+00	8.114181e-01
0	224	R2	1.696554e+01	1.696554e+01	1.279104e-08	-5.730321e-15	6.199851e-01
0	225	R2	1.536641e+01	1.536641e+01	1.147489e-08	0.000000e+00	3.990540e-01
0	226	R2	1.519988e+01	1.519988e+01	1.133720e-08	-8.093314e-15	2.194845e-01
0	227	R2	1.559357e+01	1.559357e+01	1.166251e-08	0.000000e+00	3.520948e-01
0	229	R2	1.444565e+01	1.444565e+01	1.071184e-08	7.281848e-15	2.439431e-01
0	230	R2	1.438621e+01	1.438621e+01	1.066243e-08	0.000000e+00	4.006806e-01
0	231	R2	1.217048e+01	1.217048e+01	8.804941e-09	0.000000e+00	4.357711e-01
0	232	R2	1.284225e+01	1.284225e+01	9.371604e-09	0.000000e+00	1.355669e-01
0	233	R2	1.578183e+01	1.578183e+01	1.181783e-08	-4.288675e-15	4.141971e-01
0	235	R2	1.475928e+01	1.475928e+01	1.097223e-08	-6.557254e-07	3.006140e-01
0	236	R2	1.565533e+01	1.565533e+01	1.171348e-08	3.141652e-15	5.654213e-01
0	237	R2	1.504981e+01	1.504981e+01	1.121300e-08	0.000000e+00	2.267234e-01
0	238	R2	1.599386e+01	1.599386e+01	1.199257e-08	-5.383119e-15	3.299865e-01
0	239	R2	1.691904e+01	1.691904e+01	1.275291e-08	0.000000e+00	7.176388e-01
0	240	R2	1.680814e+01	1.680814e+01	1.266194e-08	-2.437077e-07	9.435948e-01
0	241	R2	1.678275e+01	1.678275e+01	1.264111e-08	-5.473551e-07	4.193926e-01
0	242	R2	1.645711e+01	1.645711e+01	1.237370e-08	-6.387086e-07	3.512750e-01
0	243	R2	1.552024e+01	1.552024e+01	1.160197e-08	3.263060e-15	5.443838e-01
0	244	R2	1.563233e+01	1.563233e+01	1.169450e-08	0.000000e+00	2.705172e-01
0	245	R2	1.591318e+01	1.591318e+01	1.192610e-08	4.733345e-15	3.752857e-01
0	247	R2	1.599181e+01	1.599181e+01	1.199088e-08	-1.348738e-14	2.634102e-01
0	248	R2	1.382648e+01	1.382648e+01	1.019617e-08	-1.021992e-15	1.738131e+00
0	249	R2	1.513959e+01	1.513959e+01	1.128731e-08	0.000000e+00	2.149963e-01
0	250	R2	1.585515e+01	1.585515e+01	1.187827e-08	0.000000e+00	2.712452e-01
0	251	R2	1.569391e+01	1.569391e+01	1.174531e-08	-1.829580e-15	9.709094e-01
0	252	R2	1.628532e+01	1.628532e+01	1.223246e-08	-9.143870e-15	3.885350e-01
0	254	R2	1.624458e+01	1.624458e+01	1.219895e-08	-2.456760e-14	1.446097e-01
0	255	R2	1.510027e+01	1.510027e+01	1.125477e-08	0.000000e+00	2.362267e-01
0	256	R2	1.546671e+01	1.546671e+01	1.155776e-08	6.106620e-15	2.908904e-01
0	257	R2	1.712094e+01	1.712094e+01	1.291841e-08	0.000000e+00	7.902695e-01
0	259	R2	1.556517e+01	1.556517e+01	1.163907e-08	2.725650e-14	2.606874e-01
0	260	R2	1.554533e+01	1.554533e+01	1.162269e-08	0.000000e+00	1.764098e-01
0	261	R2	1.537255e+01	1.537255e+01	1.147997e-08	-1.254906e-14	1.415529e-01
0	262	R2	1.592281e+01	1.592281e+01	1.193403e-08	4.606401e-15	3.856279e-01
0	264	R2	1.643899e+01	1.643899e+01	1.235881e-08	0.000000e+00	1.310665e-01
0	265	R2	1.626334e+01	1.626334e+01	1.221438e-08	1.868151e-14	1.901727e-01
0	266	R2	1.515358e+01	1.515358e+01	1.129889e-08	9.181840e-15	3.869283e-01
0	267	R2	1.246168e+01	1.246168e+01	9.050994e-09	0.000000e+00	2.535942e-01
0	268	R2	1.004177e+01	1.004177e+01	6.984334e-09	0.000000e+00	1.908849e-01
0	269	R2	6.298895e+00	6.298895e+00	3.720440e-09	-4.093205e-15	2.169885e-01
0	270	R2	3.775793e+00	3.775793e+00	1.798748e-09	0.000000e+00	2.353054e-01
0	271	R2	1.763799e+00	1.763799e+00	5.847987e-10	-2.347222e-15	9.459890e-02


1	4	NOE	5.175620e-01	5.175620e-01	2.287721e-09	-3.020358e-15	3.675800e-02
1	5	NOE	6.599390e-01	6.599390e-01	3.186883e-09	-7.113166e-15	1.560800e-02
1	6	NOE	7.304690e-01	7.304690e-01	4.277653e-09	7.439677e-15	1.492300e-02
1	7	NOE	7.145730e-01	7.145730e-01	3.940251e-09	6.772956e-15	1.639200e-02
1	8	NOE	7.477740e-01	7.477740e-01	4.761964e-09	0.000000e+00	1.836600e-02
1	9	NOE	8.412540e-01	8.214914e-01	3.184254e-05	9.750178e-01	2.026900e-02
1	10	NOE	7.895250e-01	7.895250e-01	7.263090e-09	-5.344008e-08	1.770900e-02
1	11	NOE	7.834840e-01	7.834840e-01	6.656727e-09	-7.020951e-15	1.581300e-02
1	12	NOE	7.796780e-01	7.796780e-01	6.344021e-09	5.525697e-15	2.009200e-02
1	13	NOE	8.098590e-01	8.098590e-01	1.206568e-08	0.000000e+00	1.848600e-02
1	14	NOE	7.865850e-01	7.865850e-01	6.948367e-09	0.000000e+00	1.474000e-02
1	15	NOE	7.893660e-01	7.893660e-01	7.244974e-09	-4.701167e-08	2.023000e-02
1	17	NOE	8.091450e-01	8.091450e-01	1.171073e-08	0.000000e+00	1.988400e-02
1	18	NOE	7.857870e-01	7.857870e-01	6.869708e-09	0.000000e+00	1.592000e-02
1	20	NOE	8.048780e-01	8.048780e-01	1.009096e-08	5.861171e-15	1.894200e-02
1	22	NOE	7.432300e-01	7.432300e-01	4.619445e-09	5.583780e-15	1.988300e-02
1	23	NOE	7.915410e-01	7.915410e-01	7.505129e-09	0.000000e+00	2.379900e-02
1	24	NOE	8.306770e-01	8.214914e-01	4.207572e-05	3.428755e-01	2.679000e-02
1	25	NOE	7.849900e-01	7.849900e-01	6.793730e-09	0.000000e+00	2.416200e-02
1	26	NOE	8.128180e-01	8.128180e-01	1.397736e-08	0.000000e+00	2.270600e-02
1	27	NOE	7.660640e-01	7.660640e-01	5.502272e-09	4.487744e-15	2.473900e-02
1	28	NOE	7.962230e-01	7.962230e-01	8.174896e-09	-4.043203e-15	2.745900e-02
1	29	NOE	7.519760e-01	7.519760e-01	4.905941e-09	0.000000e+00	2.658200e-02
1	30	NOE	7.755510e-01	7.755510e-01	6.049756e-09	0.000000e+00	1.864000e-02
1	31	NOE	6.057880e-01	6.057880e-01	2.741946e-09	0.000000e+00	1.411900e-02
1	32	NOE	5.446150e-01	5.446150e-01	2.404046e-09	0.000000e+00	1.621000e-02
1	33	NOE	7.182660e-01	7.182660e-01	4.011683e-09	0.000000e+00	1.814400e-02
1	34	NOE	6.909830e-01	6.909830e-01	3.557488e-09	1.595607e-14	1.391600e-02
1	35	NOE	6.928430e-01	6.928430e-01	3.583822e-09	-5.885094e-15	1.886500e-02
1	36	NOE	7.802200e-01	7.802200e-01	6.385903e-09	0.000000e+00	2.877600e-02
1	37	NOE	8.145160e-01	8.145160e-01	1.558877e-08	-1.479665e-08	1.402900e-02
1	38	NOE	7.991590e-01	7.991590e-01	8.698333e-09	4.242836e-15	2.616700e-02
1	39	NOE	8.027890e-01	8.027890e-01	9.508651e-09	0.000000e+00	2.439600e-02
1	40	NOE	8.347110e-01	8.214914e-01	2.178738e-05	5.646040e-01	2.341400e-02
1	41	NOE	7.898480e-01	7.898480e-01	7.300311e-09	5.906070e-15	1.879800e-02
1	42	NOE	8.074220e-01	8.074220e-01	1.096829e-08	0.000000e+00	2.009800e-02
1	43	NOE	7.956130e-01	7.956130e-01	8.077461e-09	0.000000e+00	2.188900e-02
1	44	NOE	7.679110e-01	7.679110e-01	5.597387e-09	-4.034387e-15	2.751900e-02
1	46	NOE	8.142290e-01	8.142290e-01	1.527719e-08	2.645782e-15	4.196200e-02
1	47	NOE	8.433500e-01	8.214914e-01	2.952060e-05	5.946796e-01	3.675700e-02
1	49	NOE	8.478260e-01	8.214914e-01	2.366152e-05	9.735541e-01	2.705000e-02
1	51	NOE	8.125620e-01	8.125620e-01	1.377518e-08	0.000000e+00	2.325200e-02
1	52	NOE	8.076920e-01	8.076920e-01	1.107538e-08	0.000000e+00	2.104400e-02
1	53	NOE	8.324870e-01	8.214914e-01	3.790867e-05	3.742686e-01	2.937900e-02
1	54	NOE	8.150000e-01	8.150000e-01	1.616029e-08	0.000000e+00	2.322100e-02
1	55	NOE	7.895270e-01	7.895270e-01	7.263319e-09	-5.100310e-08	1.855400e-02
1	56	NOE	8.407080e-01	8.214914e-01	2.346198e-05	1.060170e+00	1.812600e-02
1	57	NOE	8.445120e-01	8.214914e-01	4.807642e-05	1.213656e+00	1.896800e-02
1	59	NOE	8.574260e-01	8.214914e-01	3.056995e-05	1.154267e+00	3.113200e-02
1	60	NOE	7.948720e-01	7.948720e-01	7.963628e-09	4.555883e-15	2.436900e-02
1	61	NOE	8.078870e-01	8.078870e-01	1.115470e-08	0.000000e+00	2.101900e-02
1	62	NOE	7.709160e-01	7.709160e-01	5.763087e-09	0.000000e+00	1.841200e-02
1	63	NOE	8.086170e-01	8.086170e-01	1.146745e-08	-5.860862e-15	1.894300e-02
1	64	NOE	7.918780e-01	7.918780e-01	7.547977e-09	0.000000e+00	1.881600e-02
1	65	NOE	7.700690e-01	7.700690e-01	5.714920e-09	6.473604e-15	1.715000e-02
1	66	NOE	7.589740e-01	7.589740e-01	5.177037e-09	0.000000e+00	1.892800e-02
1	67	NOE	7.258060e-01	7.258060e-01	4.170068e-09	8.102635e-15	1.370200e-02
1	70	NOE	7.916670e-01	7.916670e-01	7.521065e-09	-7.013854e-15	1.582900e-02
1	71	NOE	8.132650e-01	8.132650e-01	1.435275e-08	0.000000e+00	1.609900e-02
1	72	NOE	7.859300e-01	7.859300e-01	6.883609e-09	0.000000e+00	1.559500e-02
1	73	NOE	7.596350e-01	7.596350e-01	5.204985e-09	-4.813453e-15	2.306500e-02
1	74	NOE	7.293530e-01	7.293530e-01	4.251168e-09	8.048594e-15	1.379400e-02
1	75	NOE	7.173690e-01	7.173690e-01	3.993986e-09	-4.820141e-15	2.303300e-02
1	76	NOE	7.098390e-01	7.098390e-01	3.853881e-09	-5.396243e-15	2.057400e-02
1	78	NOE	7.601180e-01	7.601180e-01	5.225691e-09	0.000000e+00	1.604500e-02
1	79	NOE	7.614680e-01	7.614680e-01	5.284878e-09	0.000000e+00	1.838600e-02
1	80	NOE	7.615690e-01	7.615690e-01	5.289386e-09	0.000000e+00	1.756500e-02
1	83	NOE	7.106300e-01	7.106300e-01	3.867930e-09	0.000000e+00	2.172200e-02
1	84	NOE	7.809620e-01	7.809620e-01	6.444593e-09	0.000000e+00	2.207800e-02
1	86	NOE	7.408160e-01	7.408160e-01	4.548652e-09	0.000000e+00	2.602000e-02
1	87	NOE	7.842360e-01	7.842360e-01	6.724102e-09	0.000000e+00	4.014100e-02
1	88	NOE	7.983790e-01	7.983790e-01	8.549604e-09	0.000000e+00	2.122300e-02
1	89	NOE	6.910000e-01	6.910000e-01	3.557726e-09	-6.154912e-15	1.803800e-02
1	90	NOE	7.336020e-01	7.336020e-01	4.354667e-09	-6.122328e-15	1.813400e-02
1	91	NOE	7.164480e-01	7.164480e-01	3.976051e-09	0.000000e+00	1.473500e-02
1	92	NOE	7.594680e-01	7.594680e-01	5.197882e-09	-6.191549e-08	2.947100e-02
1	93	NOE	7.586890e-01	7.586890e-01	5.165123e-09	-7.153960e-15	1.551900e-02
1	94	NOE	6.950000e-01	6.950000e-01	3.615079e-09	-2.560871e-14	1.300600e-02
1	95	NOE	7.295410e-01	7.295410e-01	4.255596e-09	0.000000e+00	2.343500e-02
1	96	NOE	8.004090e-01	8.004090e-01	8.953650e-09	-4.712522e-15	2.355900e-02
1	97	NOE	7.914170e-01	7.914170e-01	7.489544e-09	0.000000e+00	2.563300e-02
1	98	NOE	8.303570e-01	8.214914e-01	6.676833e-05	3.804830e-01	2.330100e-02
1	99	NOE	8.326610e-01	8.214914e-01	4.291640e-05	5.056422e-01	2.209000e-02
1	100	NOE	8.081510e-01	8.081510e-01	1.126484e-08	-5.501328e-15	2.018100e-02
1	101	NOE	7.815630e-01	7.815630e-01	6.493321e-09	0.000000e+00	1.941900e-02
1	102	NOE	8.406370e-01	8.214914e-01	2.340778e-05	8.066756e-01	2.373400e-02
1	104	NOE	7.881530e-01	7.881530e-01	7.111052e-09	4.646646e-15	2.389300e-02
1	105	NOE	8.172690e-01	8.172690e-01	2.004201e-08	0.000000e+00	3.185900e-02
1	106	NOE	8.292180e-01	8.214914e-01	2.037267e-05	2.688929e-01	2.873500e-02
1	107	NOE	8.533330e-01	8.214914e-01	3.235652e-05	8.704657e-01	3.658000e-02
1	108	NOE	7.990150e-01	7.990150e-01	8.670294e-09	-3.492146e-15	3.179200e-02
1	109	NOE	8.023830e-01	8.023830e-01	9.406696e-09	0.000000e+00	2.890200e-02
1	110	NOE	8.140960e-01	8.140960e-01	1.513898e-08	0.000000e+00	3.007000e-02
1	111	NOE	7.949950e-01	7.949950e-01	7.982192e-09	-4.376816e-15	2.536600e-02
1	112	NOE	7.753040e-01	7.753040e-01	6.033402e-09	5.394408e-15	2.058100e-02
1	113	NOE	8.492150e-01	8.214914e-01	2.735142e-05	1.380384e+00	2.008400e-02
1	114	NOE	8.303390e-01	8.214914e-01	1.975520e-05	4.816877e-01	1.836800e-02
1	115	NOE	8.209260e-01	8.209260e-01	5.479224e-08	-6.462085e-10	2.607100e-02
1	116	NOE	8.325070e-01	8.214914e-01	3.912153e-05	4.305506e-01	2.558500e-02
1	117	NOE	7.801420e-01	7.801420e-01	6.379826e-09	0.000000e+00	2.309200e-02
1	118	NOE	7.880600e-01	7.880600e-01	7.101086e-09	0.000000e+00	1.444200e-02
1	119	NOE	7.629180e-01	7.629180e-01	5.350705e-09	0.000000e+00	1.519000e-02
1	120	NOE	8.131870e-01	8.131870e-01	1.428507e-08	0.000000e+00	2.078200e-02
1	121	NOE	8.299600e-01	8.214914e-01	3.476227e-05	4.103419e-01	2.063800e-02
1	122	NOE	8.304570e-01	8.214914e-01	4.236799e-05	4.514191e-01	1.986100e-02
1	125	NOE	8.286270e-01	8.214914e-01	3.564485e-05	3.453340e-01	2.066300e-02
1	126	NOE	8.215380e-01	8.214914e-01	3.218426e-05	1.845304e-03	2.527300e-02
1	127	NOE	7.505090e-01	7.505090e-01	4.854233e-09	0.000000e+00	2.380900e-02
1	128	NOE	8.162060e-01	8.162060e-01	1.791158e-08	0.000000e+00	1.792100e-02
1	129	NOE	8.030000e-01	8.030000e-01	9.562957e-09	0.000000e+00	1.993000e-02
1	130	NOE	8.302620e-01	8.214914e-01	3.927430e-05	3.335223e-01	2.629700e-02
1	131	NOE	8.353540e-01	8.214914e-01	3.537645e-05	5.635447e-01	2.459900e-02
1	132	NOE	7.792750e-01	7.792750e-01	6.313403e-09	-6.659207e-15	1.667200e-02
1	133	NOE	6.062440e-01	6.062440e-01	2.744985e-09	-1.267957e-14	1.751200e-02
1	134	NOE	8.348530e-01	8.214914e-01	3.090913e-05	5.752136e-01	2.322900e-02
1	135	NOE	7.674420e-01	7.674420e-01	5.572775e-09	5.787838e-15	1.918200e-02
1	136	NOE	7.681310e-01	7.681310e-01	5.609043e-09	0.000000e+00	2.701000e-02
1	138	NOE	8.113210e-01	8.113210e-01	1.290575e-08	0.000000e+00	2.338900e-02
1	139	NOE	7.832660e-01	7.832660e-01	6.637568e-09	0.000000e+00	2.418800e-02
1	140	NOE	7.963890e-01	7.963890e-01	8.202023e-09	4.097822e-15	2.709300e-02
1	141	NOE	8.388670e-01	8.214914e-01	2.800344e-05	3.953411e-01	4.395100e-02
1	142	NOE	7.945210e-01	7.945210e-01	7.911349e-09	4.174712e-15	2.659400e-02
1	143	NOE	8.256050e-01	8.214914e-01	3.528871e-05	1.343667e-01	3.061500e-02
1	144	NOE	8.043480e-01	8.043480e-01	9.933206e-09	-3.298737e-15	3.365600e-02
1	147	NOE	7.901110e-01	7.901110e-01	7.331040e-09	-3.548485e-08	2.618400e-02
1	149	NOE	8.253190e-01	8.214914e-01	3.039082e-05	1.669343e-01	2.292900e-02
1	150	NOE	7.860800e-01	7.860800e-01	6.898281e-09	3.790063e-15	2.929300e-02
1	153	NOE	7.354170e-01	7.354170e-01	4.401182e-09	0.000000e+00	5.651800e-02
1	154	NOE	8.075400e-01	8.075400e-01	1.101471e-08	6.780816e-15	1.637300e-02
1	155	NOE	7.917510e-01	7.917510e-01	7.531745e-09	-4.022401e-15	2.760100e-02
1	156	NOE	8.166670e-01	8.166670e-01	1.874874e-08	-5.514444e-15	2.013300e-02
1	157	NOE	8.071710e-01	8.071710e-01	1.087145e-08	-3.772932e-15	2.942600e-02
1	158	NOE	8.438130e-01	8.214914e-01	4.459594e-05	9.282889e-01	2.404600e-02
1	159	NOE	8.220420e-01	8.214914e-01	2.154650e-05	1.898426e-02	2.900500e-02
1	160	NOE	7.690780e-01	7.690780e-01	5.660048e-09	-5.263716e-15	2.109200e-02
1	164	NOE	8.089110e-01	8.089110e-01	1.160103e-08	5.595600e-15	1.984100e-02
1	165	NOE	8.498990e-01	8.214914e-01	1.949368e-05	1.483195e+00	1.915300e-02
1	168	NOE	7.951320e-01	7.951320e-01	8.003023e-09	0.000000e+00	2.192400e-02
1	169	NOE	8.050000e-01	8.050000e-01	1.012835e-08	0.000000e+00	1.986000e-02
1	170	NOE	8.114750e-01	8.114750e-01	1.300479e-08	5.403860e-15	2.054500e-02
1	171	NOE	7.860700e-01	7.860700e-01	6.897300e-09	-6.315262e-15	1.758000e-02
1	172	NOE	8.316830e-01	8.214914e-01	2.990572e-05	4.261787e-01	2.391400e-02
1	173	NOE	7.784550e-01	7.784550e-01	6.252432e-09	-9.852010e-15	2.253800e-02
1	174	NOE	7.197970e-01	7.197970e-01	4.042422e-09	-5.839284e-15	1.901300e-02
1	175	NOE	7.005930e-01	7.005930e-01	3.699952e-09	-7.044721e-08	4.986500e-02
1	176	NOE	6.699410e-01	6.699410e-01	3.293892e-09	-7.428725e-15	1.494500e-02
1	177	NOE	7.823470e-01	7.823470e-01	6.558560e-09	6.837612e-15	1.623700e-02
1	178	NOE	7.780040e-01	7.780040e-01	6.219633e-09	-4.970999e-15	2.233400e-02
1	179	NOE	7.844130e-01	7.844130e-01	6.740257e-09	0.000000e+00	1.767500e-02
1	180	NOE	7.720360e-01	7.720360e-01	5.828661e-09	-7.282539e-15	1.524500e-02
1	181	NOE	8.439130e-01	8.214914e-01	3.126524e-05	1.020882e+00	2.196300e-02
1	183	NOE	7.864690e-01	7.864690e-01	6.936766e-09	0.000000e+00	1.986300e-02
1	184	NOE	8.094260e-01	8.094260e-01	1.184666e-08	0.000000e+00	1.993100e-02
1	185	NOE	8.276210e-01	8.214914e-01	1.993009e-05	2.993280e-01	2.047800e-02
1	186	NOE	8.443110e-01	8.214914e-01	2.246818e-05	7.740718e-01	2.948000e-02
1	187	NOE	7.954990e-01	7.954990e-01	8.059632e-09	0.000000e+00	1.677900e-02
1	188	NOE	8.122490e-01	8.122490e-01	1.353948e-08	0.000000e+00	1.724200e-02
1	190	NOE	7.942970e-01	7.942970e-01	7.878515e-09	0.000000e+00	2.725800e-02
1	191	NOE	8.146190e-01	8.146190e-01	1.570533e-08	-5.642122e-09	3.624900e-02
1	192	NOE	8.067390e-01	8.067390e-01	1.071062e-08	-6.254425e-15	1.775100e-02
1	193	NOE	7.670680e-01	7.670680e-01	5.553377e-09	0.000000e+00	2.796500e-02
1	194	NOE	7.628870e-01	7.628870e-01	5.349272e-09	4.820978e-15	2.302900e-02
1	195	NOE	7.658290e-01	7.658290e-01	5.490510e-09	-6.044333e-15	1.836800e-02
1	196	NOE	7.393940e-01	7.393940e-01	4.508412e-09	1.466357e-15	7.571300e-02
1	197	NOE	8.000000e-01	8.000000e-01	8.867666e-09	-5.826413e-15	1.905500e-02
1	198	NOE	8.129290e-01	8.129290e-01	1.406783e-08	0.000000e+00	2.297300e-02
1	199	NOE	7.969700e-01	7.969700e-01	8.299124e-09	-2.138169e-15	5.192400e-02
1	200	NOE	8.350410e-01	8.214914e-01	2.851760e-05	3.409743e-01	3.973800e-02
1	201	NOE	7.905600e-01	7.905600e-01	7.384402e-09	0.000000e+00	1.916500e-02
1	202	NOE	8.080080e-01	8.080080e-01	1.120478e-08	0.000000e+00	2.386500e-02
1	203	NOE	8.279250e-01	8.214914e-01	2.655266e-05	3.451892e-01	1.863800e-02
1	205	NOE	7.615230e-01	7.615230e-01	5.287331e-09	0.000000e+00	1.306100e-02
1	206	NOE	7.317810e-01	7.317810e-01	4.309416e-09	0.000000e+00	2.388000e-02
1	207	NOE	7.693080e-01	7.693080e-01	5.672645e-09	0.000000e+00	1.397100e-02
1	208	NOE	7.748740e-01	7.748740e-01	6.005241e-09	-4.727572e-15	2.348400e-02
1	209	NOE	8.553850e-01	8.214914e-01	2.800765e-05	1.810558e+00	1.872000e-02
1	210	NOE	8.118230e-01	8.118230e-01	1.323725e-08	0.000000e+00	3.450400e-02
1	211	NOE	7.952050e-01	7.952050e-01	8.014189e-09	0.000000e+00	2.034500e-02
1	212	NOE	8.052580e-01	8.052580e-01	1.020879e-08	0.000000e+00	2.982900e-02
1	213	NOE	8.460780e-01	8.214914e-01	2.460613e-05	3.354111e-01	7.330300e-02
1	214	NOE	8.136090e-01	8.136090e-01	1.466312e-08	0.000000e+00	3.247100e-02
1	216	NOE	7.304170e-01	7.304170e-01	4.276408e-09	0.000000e+00	1.971500e-02
1	217	NOE	7.908900e-01	7.908900e-01	7.424367e-09	0.000000e+00	2.733400e-02
1	218	NOE	7.707510e-01	7.707510e-01	5.753609e-09	4.114223e-15	2.698500e-02
1	219	NOE	7.507450e-01	7.507450e-01	4.862443e-09	0.000000e+00	2.448700e-02
1	220	NOE	8.364350e-01	8.214914e-01	2.446697e-05	8.071098e-01	1.851500e-02
1	221	NOE	7.886180e-01	7.886180e-01	7.161516e-09	-3.230861e-08	3.011700e-02
1	223	NOE	8.042380e-01	8.042380e-01	9.901377e-09	0.000000e+00	2.701200e-02
1	224	NOE	8.355740e-01	8.214914e-01	3.300328e-05	3.798623e-01	3.707300e-02
1	225	NOE	7.874490e-01	7.874490e-01	7.036623e-09	0.000000e+00	2.141100e-02
1	226	NOE	8.201010e-01	8.201010e-01	3.493672e-08	-1.636027e-09	2.532000e-02
1	227	NOE	8.006070e-01	8.006070e-01	8.996179e-09	4.154715e-15	2.672200e-02
1	229	NOE	8.015950e-01	8.015950e-01	9.217782e-09	5.259477e-15	2.110900e-02
1	230	NOE	7.085890e-01	7.085890e-01	3.831980e-09	-5.062576e-15	2.193000e-02
1	231	NOE	6.403600e-01	6.403600e-01	3.003398e-09	0.000000e+00	2.971600e-02
1	232	NOE	6.370890e-01	6.370890e-01	2.975593e-09	-1.602632e-14	1.385500e-02
1	233	NOE	7.482720e-01	7.482720e-01	4.778381e-09	0.000000e+00	1.789000e-02
1	235	NOE	7.827870e-01	7.827870e-01	6.596037e-09	0.000000e+00	2.694700e-02
1	236	NOE	7.693100e-01	7.693100e-01	5.672754e-09	0.000000e+00	2.114100e-02
1	237	NOE	8.036620e-01	8.036620e-01	9.739543e-09	0.000000e+00	2.422300e-02
1	238	NOE	8.125620e-01	8.125620e-01	1.377518e-08	0.000000e+00	2.325200e-02
1	239	NOE	8.097660e-01	8.097660e-01	1.201762e-08	0.000000e+00	2.548600e-02
1	240	NOE	8.125000e-01	8.125000e-01	1.372751e-08	0.000000e+00	2.365700e-02
1	241	NOE	7.653470e-01	7.653470e-01	5.466615e-09	0.000000e+00	2.587100e-02
1	242	NOE	7.667980e-01	7.667980e-01	5.539496e-09	0.000000e+00	2.079500e-02
1	243	NOE	8.130000e-01	8.130000e-01	1.412663e-08	0.000000e+00	2.866300e-02
1	244	NOE	7.973790e-01	7.973790e-01	8.369569e-09	5.488274e-15	2.022900e-02
1	245	NOE	7.563450e-01	7.563450e-01	5.070103e-09	-6.212565e-08	3.083000e-02
1	247	NOE	7.587270e-01	7.587270e-01	5.166707e-09	-8.578313e-08	2.152200e-02
1	248	NOE	7.895250e-01	7.895250e-01	7.263090e-09	-1.047890e-08	9.031200e-02
1	249	NOE	7.728190e-01	7.728190e-01	5.875838e-09	6.420814e-15	1.729100e-02
1	250	NOE	8.103980e-01	8.103980e-01	1.235601e-08	0.000000e+00	2.336800e-02
1	251	NOE	8.221990e-01	8.214914e-01	2.798329e-05	2.738639e-02	2.583900e-02
1	252	NOE	7.628970e-01	7.628970e-01	5.349734e-09	5.707207e-15	1.945300e-02
1	254	NOE	7.902580e-01	7.902580e-01	7.348384e-09	-5.716120e-08	1.617900e-02
1	255	NOE	8.026450e-01	8.026450e-01	9.472113e-09	4.593203e-15	2.417100e-02
1	256	NOE	8.080500e-01	8.080500e-01	1.122232e-08	0.000000e+00	2.014100e-02
1	257	NOE	7.971890e-01	7.971890e-01	8.336623e-09	5.269212e-15	2.107000e-02
1	259	NOE	8.221570e-01	8.214914e-01	2.114006e-05	2.578395e-02	2.581600e-02
1	260	NOE	8.120000e-01	8.120000e-01	1.336035e-08	0.000000e+00	1.995300e-02
1	261	NOE	7.931030e-01	7.931030e-01	7.710094e-09	-6.690106e-15	1.659500e-02
1	262	NOE	8.310000e-01	8.214914e-01	2.466378e-05	3.873488e-01	2.454800e-02
1	264	NOE	7.885600e-01	7.885600e-01	7.155163e-09	-5.750699e-08	1.695000e-02
1	265	NOE	7.779980e-01	7.779980e-01	6.219200e-09	0.000000e+00	1.930000e-02
1	266	NOE	8.045270e-01	8.045270e-01	9.985659e-09	0.000000e+00	2.629000e-02
1	267	NOE	6.656470e-01	6.656470e-01	3.246705e-09	-8.667523e-15	1.280900e-02
1	268	NOE	4.490410e-01	4.490410e-01	2.050857e-09	0.000000e+00	8.001000e-03
1	269	NOE	8.045700e-02	8.045700e-02	1.392267e-09	1.796187e-14	6.181000e-03
1	270	NOE	-3.472930e-01	-3.472930e-01	1.048423e-09	-6.744976e-14	5.761000e-03
1	271	NOE	-8.018110e-01	-8.018110e-01	8.315355e-10	5.747984e-14	3.863000e-03


2	4	R1	1.689900e+00	1.689900e+00	1.045153e-08	0.000000e+00	1.443987e-01
2	5	R1	1.422801e+00	1.422801e+00	1.275195e-08	-1.168615e-14	1.900067e-02
2	6	R1	1.317500e+00	1.317500e+00	1.389337e-08	1.827560e-14	2.429957e-02
2	7	R1	1.399200e+00	1.399200e+00	1.299379e-08	-6.150963e-15	3.609916e-02
2	8	R1	1.288799e+00	1.288799e+00	1.423479e-08	0.000000e+00	1.679939e-02
2	9	R1	1.315400e+00	1.315400e+00	1.391788e-08	0.000000e+00	4.309948e-02
2	10	R1	1.286099e+00	1.286099e+00	1.426765e-08	0.000000e+00	3.190003e-02
2	11	R1	1.359601e+00	1.359601e+00	1.341715e-08	1.138692e-14	1.949998e-02
2	12	R1	1.317700e+00	1.317700e+00	1.389104e-08	-9.099929e-15	2.440070e-02
2	13	R1	1.325701e+00	1.325701e+00	1.379838e-08	-1.547366e-14	2.869969e-02
2	14	R1	1.321301e+00	1.321301e+00	1.384921e-08	-1.337666e-14	1.659940e-02
2	15	R1	1.295699e+00	1.295699e+00	1.415141e-08	0.000000e+00	2.470072e-02
2	17	R1	1.237200e+00	1.237200e+00	1.488624e-08	1.451224e-14	1.530051e-02
2	18	R1	1.337401e+00	1.337401e+00	1.366475e-08	0.000000e+00	2.550065e-02
2	20	R1	1.147600e+00	1.147600e+00	1.614953e-08	-1.268819e-14	1.750010e-02
2	22	R1	1.225600e+00	1.225600e+00	1.503985e-08	-1.206721e-14	1.840066e-02
2	23	R1	1.256900e+00	1.256900e+00	1.463153e-08	0.000000e+00	2.179964e-02
2	24	R1	1.329501e+00	1.329501e+00	1.375474e-08	-4.744541e-15	4.680002e-02
2	25	R1	1.326300e+00	1.326300e+00	1.379148e-08	8.316525e-15	2.669921e-02
2	26	R1	1.346100e+00	1.346100e+00	1.356682e-08	-5.299352e-15	4.190033e-02
2	27	R1	1.342799e+00	1.342799e+00	1.360384e-08	6.628202e-15	3.349997e-02
2	28	R1	1.281700e+00	1.281700e+00	1.432147e-08	1.475371e-14	3.010018e-02
2	29	R1	1.319300e+00	1.319300e+00	1.387243e-08	1.609024e-14	2.759992e-02
2	30	R1	1.366400e+00	1.366400e+00	1.334283e-08	-6.290161e-15	3.530031e-02
2	31	R1	1.395200e+00	1.395200e+00	1.303554e-08	-1.432486e-14	1.550065e-02
2	32	R1	1.348100e+00	1.348100e+00	1.354447e-08	0.000000e+00	2.700070e-02
2	33	R1	1.372000e+00	1.372000e+00	1.328213e-08	0.000000e+00	1.729911e-02
2	34	R1	1.315400e+00	1.315400e+00	1.391788e-08	1.290905e-14	1.720069e-02
2	35	R1	1.307400e+00	1.307400e+00	1.401191e-08	0.000000e+00	3.170057e-02
2	36	R1	1.235601e+00	1.235601e+00	1.490725e-08	-6.628084e-15	3.350057e-02
2	37	R1	1.214300e+00	1.214300e+00	1.519218e-08	0.000000e+00	1.199967e-02
2	38	R1	1.217300e+00	1.217300e+00	1.515147e-08	6.628295e-15	3.349950e-02
2	39	R1	1.388600e+00	1.388600e+00	1.310491e-08	5.236977e-15	4.239938e-02
2	40	R1	1.245600e+00	1.245600e+00	1.477670e-08	0.000000e+00	2.629980e-02
2	41	R1	1.384800e+00	1.384800e+00	1.314513e-08	5.415749e-15	4.099980e-02
2	42	R1	1.343400e+00	1.343400e+00	1.359709e-08	1.099216e-14	2.020027e-02
2	43	R1	1.300899e+00	1.300899e+00	1.408912e-08	1.276072e-14	1.740063e-02
2	44	R1	1.381401e+00	1.381401e+00	1.318128e-08	2.670406e-07	6.899914e-02
2	46	R1	1.415400e+00	1.415400e+00	1.282698e-08	3.688394e-15	6.020089e-02
2	47	R1	1.465101e+00	1.465101e+00	1.233664e-08	1.271227e-14	5.240084e-02
2	49	R1	1.563101e+00	1.563101e+00	1.145435e-08	-1.132879e-14	3.920005e-02
2	51	R1	1.470400e+00	1.470400e+00	1.228617e-08	4.121213e-07	4.680031e-02
2	52	R1	1.392899e+00	1.392899e+00	1.305965e-08	-4.890857e-15	4.539994e-02
2	53	R1	1.456900e+00	1.456900e+00	1.241542e-08	6.100172e-15	3.639973e-02
2	54	R1	1.357300e+00	1.357300e+00	1.344246e-08	0.000000e+00	4.400059e-02
2	55	R1	1.291699e+00	1.291699e+00	1.419964e-08	1.374879e-14	3.230024e-02
2	56	R1	1.340400e+00	1.340400e+00	1.363085e-08	0.000000e+00	2.060064e-02
2	57	R1	1.392899e+00	1.392899e+00	1.305965e-08	-6.628022e-15	3.350089e-02
2	59	R1	1.282699e+00	1.282699e+00	1.430921e-08	-7.476345e-15	2.969962e-02
2	60	R1	1.365900e+00	1.365900e+00	1.334827e-08	8.989742e-15	2.469978e-02
2	61	R1	1.352499e+00	1.352499e+00	1.349553e-08	-2.124907e-14	2.089923e-02
2	62	R1	1.332299e+00	1.332299e+00	1.372274e-08	-4.012853e-14	1.660000e-02
2	63	R1	1.292599e+00	1.292599e+00	1.418876e-08	0.000000e+00	1.799967e-02
2	64	R1	1.278300e+00	1.278300e+00	1.436330e-08	-7.958650e-15	2.789978e-02
2	65	R1	1.256400e+00	1.256400e+00	1.463791e-08	1.451347e-14	1.529921e-02
2	66	R1	1.197400e+00	1.197400e+00	1.542510e-08	1.337607e-14	1.660014e-02
2	67	R1	1.184100e+00	1.184100e+00	1.561286e-08	-2.094794e-14	1.059983e-02
2	70	R1	1.402700e+00	1.402700e+00	1.295746e-08	-1.156512e-14	1.919951e-02
2	71	R1	1.275300e+00	1.275300e+00	1.440039e-08	0.000000e+00	2.349972e-02
2	72	R1	1.222500e+00	1.222500e+00	1.508137e-08	-7.604357e-15	2.919966e-02
2	73	R1	1.256700e+00	1.256700e+00	1.463409e-08	2.145378e-14	2.069981e-02
2	74	R1	1.230400e+00	1.230400e+00	1.497595e-08	0.000000e+00	1.590032e-02
2	75	R1	1.294901e+00	1.294901e+00	1.416101e-08	-1.042464e-14	2.129998e-02
2	76	R1	1.240099e+00	1.240099e+00	1.484827e-08	1.200222e-14	1.850029e-02
2	78	R1	1.289399e+00	1.289399e+00	1.422751e-08	-5.523434e-15	4.020047e-02
2	79	R1	1.289200e+00	1.289200e+00	1.422993e-08	0.000000e+00	2.059927e-02
2	80	R1	1.199600e+00	1.199600e+00	1.539442e-08	0.000000e+00	1.280027e-02
2	83	R1	1.421101e+00	1.421101e+00	1.276913e-08	8.917181e-15	2.490076e-02
2	84	R1	1.438001e+00	1.438001e+00	1.260011e-08	1.188979e-14	7.470093e-02
2	86	R1	1.345500e+00	1.345500e+00	1.357353e-08	0.000000e+00	2.879938e-02
2	87	R1	1.244901e+00	1.244901e+00	1.478576e-08	0.000000e+00	6.549979e-02
2	88	R1	1.252000e+00	1.252000e+00	1.469417e-08	0.000000e+00	2.170053e-02
2	89	R1	1.245400e+00	1.245400e+00	1.477929e-08	0.000000e+00	2.619984e-02
2	90	R1	1.237301e+00	1.237301e+00	1.488491e-08	1.552732e-14	2.860052e-02
2	91	R1	1.217000e+00	1.217000e+00	1.515554e-08	0.000000e+00	2.689952e-02
2	92	R1	1.360400e+00	1.360400e+00	1.340838e-08	8.379042e-15	2.650000e-02
2	93	R1	1.195500e+00	1.195500e+00	1.545167e-08	0.000000e+00	1.330033e-02
2	94	R1	1.178700e+00	1.178700e+00	1.569025e-08	-2.155663e-14	1.030053e-02
2	95	R1	1.262500e+00	1.262500e+00	1.456051e-08	-4.978500e-15	4.460071e-02
2	96	R1	1.344400e+00	1.344400e+00	1.358586e-08	0.000000e+00	3.860091e-02
2	97	R1	1.279301e+00	1.279301e+00	1.435097e-08	-7.929947e-15	2.800077e-02
2	98	R1	1.276899e+00	1.276899e+00	1.438060e-08	-6.417427e-15	3.460025e-02
2	99	R1	1.245800e+00	1.245800e+00	1.477410e-08	3.836615e-07	4.430080e-02
2	100	R1	1.339999e+00	1.339999e+00	1.363537e-08	1.099205e-14	2.020048e-02
2	101	R1	1.312699e+00	1.312699e+00	1.394950e-08	0.000000e+00	2.060062e-02
2	102	R1	1.267800e+00	1.267800e+00	1.449384e-08	-8.410725e-15	2.640018e-02
2	104	R1	1.361200e+00	1.361200e+00	1.339961e-08	6.832299e-15	3.249925e-02
2	105	R1	1.391800e+00	1.391800e+00	1.307120e-08	-1.138697e-14	3.899978e-02
2	106	R1	1.328101e+00	1.328101e+00	1.377079e-08	3.828662e-07	4.669973e-02
2	107	R1	1.368000e+00	1.368000e+00	1.332544e-08	-5.261642e-15	4.220063e-02
2	108	R1	1.529801e+00	1.529801e+00	1.174253e-08	0.000000e+00	6.890047e-02
2	109	R1	1.429300e+00	1.429300e+00	1.268666e-08	0.000000e+00	3.910110e-02
2	110	R1	1.522800e+00	1.522800e+00	1.180457e-08	5.311963e-15	4.180086e-02
2	111	R1	1.441699e+00	1.441699e+00	1.256361e-08	-3.309155e-15	6.710010e-02
2	112	R1	1.388301e+00	1.388301e+00	1.310807e-08	7.656883e-15	2.899935e-02
2	113	R1	1.370000e+00	1.370000e+00	1.330376e-08	-1.526108e-14	2.909946e-02
2	114	R1	1.392699e+00	1.392699e+00	1.306175e-08	-1.329604e-14	3.340012e-02
2	115	R1	1.395101e+00	1.395101e+00	1.303658e-08	0.000000e+00	2.760058e-02
2	116	R1	1.333300e+00	1.333300e+00	1.371134e-08	1.620793e-14	2.739950e-02
2	117	R1	1.414599e+00	1.414599e+00	1.283515e-08	1.141641e-14	3.889921e-02
2	118	R1	1.367301e+00	1.367301e+00	1.333304e-08	0.000000e+00	2.570017e-02
2	119	R1	1.306500e+00	1.306500e+00	1.402256e-08	2.265866e-14	1.959910e-02
2	120	R1	1.307501e+00	1.307501e+00	1.401072e-08	0.000000e+00	3.290044e-02
2	121	R1	1.372701e+00	1.372701e+00	1.327457e-08	4.800440e-07	3.820055e-02
2	122	R1	1.424499e+00	1.424499e+00	1.273484e-08	0.000000e+00	2.810034e-02
2	125	R1	1.349500e+00	1.349500e+00	1.352886e-08	-1.083107e-14	2.050070e-02
2	126	R1	1.342900e+00	1.342900e+00	1.360270e-08	0.000000e+00	2.549980e-02
2	127	R1	1.346500e+00	1.346500e+00	1.356234e-08	-8.776646e-15	2.529948e-02
2	128	R1	1.305500e+00	1.305500e+00	1.403440e-08	0.000000e+00	2.870092e-02
2	129	R1	1.337700e+00	1.337700e+00	1.366137e-08	-6.708443e-15	3.309927e-02
2	130	R1	1.355300e+00	1.355300e+00	1.346452e-08	-6.417378e-15	3.460052e-02
2	131	R1	1.307400e+00	1.307400e+00	1.401191e-08	-8.074607e-15	2.749912e-02
2	132	R1	1.315900e+00	1.315900e+00	1.391203e-08	-1.370652e-14	3.239985e-02
2	133	R1	1.331101e+00	1.331101e+00	1.373643e-08	0.000000e+00	2.320033e-02
2	134	R1	1.301101e+00	1.301101e+00	1.408671e-08	-6.167833e-15	3.600043e-02
2	135	R1	1.274200e+00	1.274200e+00	1.441403e-08	7.232631e-15	3.070039e-02
2	136	R1	1.273900e+00	1.273900e+00	1.441776e-08	3.547020e-15	6.260032e-02
2	138	R1	1.331700e+00	1.331700e+00	1.372959e-08	-8.378953e-15	2.650028e-02
2	139	R1	1.473900e+00	1.473900e+00	1.225302e-08	6.473654e-15	3.429974e-02
2	140	R1	1.392699e+00	1.392699e+00	1.306175e-08	6.708403e-15	3.309948e-02
2	141	R1	1.338900e+00	1.338900e+00	1.364779e-08	3.719297e-15	5.970069e-02
2	142	R1	1.214800e+00	1.214800e+00	1.518538e-08	0.000000e+00	5.089969e-02
2	143	R1	1.255699e+00	1.255699e+00	1.464684e-08	-2.037151e-14	3.269928e-02
2	144	R1	1.330599e+00	1.330599e+00	1.374216e-08	0.000000e+00	4.840001e-02
2	147	R1	1.398801e+00	1.398801e+00	1.299795e-08	0.000000e+00	6.989915e-02
2	149	R1	1.365700e+00	1.365700e+00	1.335044e-08	5.224469e-15	4.250089e-02
2	150	R1	1.406201e+00	1.406201e+00	1.292127e-08	0.000000e+00	7.380055e-02
2	153	R1	1.399001e+00	1.399001e+00	1.299587e-08	3.549860e-15	1.251005e-01
2	154	R1	1.385600e+00	1.385600e+00	1.313664e-08	-6.185091e-15	3.589997e-02
2	155	R1	1.511599e+00	1.511599e+00	1.190494e-08	0.000000e+00	7.719872e-02
2	156	R1	1.530201e+00	1.530201e+00	1.173900e-08	-3.916146e-15	5.669977e-02
2	157	R1	1.368201e+00	1.368201e+00	1.332326e-08	1.132852e-14	3.920098e-02
2	158	R1	1.445601e+00	1.445601e+00	1.252530e-08	4.370957e-15	5.080000e-02
2	159	R1	1.400700e+00	1.400699e+00	1.297820e-08	5.100740e-07	3.650029e-02
2	160	R1	1.349801e+00	1.349801e+00	1.352551e-08	-9.251584e-15	2.400071e-02
2	164	R1	1.353400e+00	1.353400e+00	1.348555e-08	0.000000e+00	2.670056e-02
2	165	R1	1.386099e+00	1.386099e+00	1.313135e-08	-3.680237e-14	1.810030e-02
2	168	R1	1.376300e+00	1.376300e+00	1.323585e-08	-1.028005e-14	2.159957e-02
2	169	R1	1.354300e+00	1.354300e+00	1.347558e-08	6.454616e-15	3.440090e-02
2	170	R1	1.396100e+00	1.396100e+00	1.302613e-08	-3.610492e-15	6.149981e-02
2	171	R1	1.364201e+00	1.364201e+00	1.336679e-08	7.736975e-15	2.869915e-02
2	172	R1	1.344200e+00	1.344200e+00	1.358811e-08	0.000000e+00	3.369999e-02
2	173	R1	1.317200e+00	1.317200e+00	1.389686e-08	-1.321681e-14	5.040050e-02
2	174	R1	1.233100e+00	1.233100e+00	1.494021e-08	-1.240490e-14	1.789976e-02
2	175	R1	1.499700e+00	1.499700e+00	1.201307e-08	1.107451e-15	2.005005e-01
2	176	R1	1.324800e+00	1.324800e+00	1.380876e-08	-1.250945e-14	3.550030e-02
2	177	R1	1.269000e+00	1.269000e+00	1.447882e-08	1.000181e-14	2.220044e-02
2	178	R1	1.158100e+00	1.158100e+00	1.599182e-08	0.000000e+00	2.539958e-02
2	179	R1	1.366299e+00	1.366299e+00	1.334392e-08	-7.071678e-15	3.139914e-02
2	180	R1	1.385700e+00	1.385700e+00	1.313558e-08	8.254576e-15	2.689958e-02
2	181	R1	1.361500e+00	1.361500e+00	1.339632e-08	0.000000e+00	4.419920e-02
2	183	R1	1.356699e+00	1.356699e+00	1.344908e-08	1.052385e-14	2.109918e-02
2	184	R1	1.350100e+00	1.350100e+00	1.352218e-08	0.000000e+00	1.789960e-02
2	185	R1	1.371200e+00	1.371200e+00	1.329077e-08	-8.673389e-15	2.560067e-02
2	186	R1	1.386599e+00	1.386599e+00	1.312606e-08	0.000000e+00	2.739978e-02
2	187	R1	1.385600e+00	1.385600e+00	1.313664e-08	-1.138673e-14	1.950030e-02
2	188	R1	1.401200e+00	1.401200e+00	1.297301e-08	-1.776394e-14	2.499948e-02
2	190	R1	1.454700e+00	1.454700e+00	1.243669e-08	0.000000e+00	3.289981e-02
2	191	R1	1.366600e+00	1.366600e+00	1.334065e-08	-1.052339e-14	4.220019e-02
2	192	R1	1.322101e+00	1.322101e+00	1.383994e-08	-5.797609e-15	3.829934e-02
2	193	R1	1.290601e+00	1.290601e+00	1.421294e-08	0.000000e+00	3.279998e-02
2	194	R1	1.421399e+00	1.421399e+00	1.276611e-08	0.000000e+00	3.269979e-02
2	195	R1	1.483000e+00	1.483000e+00	1.216751e-08	3.616378e-15	6.139972e-02
2	196	R1	1.582599e+00	1.582599e+00	1.129074e-08	1.150484e-15	1.930010e-01
2	197	R1	1.468701e+00	1.468701e+00	1.230232e-08	-2.092779e-15	1.061004e-01
2	198	R1	1.336300e+00	1.336300e+00	1.367723e-08	6.167964e-15	3.599966e-02
2	199	R1	1.318499e+00	1.318499e+00	1.388174e-08	0.000000e+00	7.289976e-02
2	200	R1	1.363200e+00	1.363200e+00	1.337772e-08	0.000000e+00	4.900004e-02
2	201	R1	1.445099e+00	1.445099e+00	1.253021e-08	4.945227e-15	4.490079e-02
2	202	R1	1.374300e+00	1.374300e+00	1.325734e-08	7.220975e-15	6.149989e-02
2	203	R1	1.181300e+00	1.181300e+00	1.565291e-08	0.000000e+00	1.630048e-02
2	205	R1	1.182700e+00	1.182700e+00	1.563286e-08	0.000000e+00	3.119977e-02
2	206	R1	1.312400e+00	1.312400e+00	1.395301e-08	-5.299420e-15	8.379958e-02
2	207	R1	1.336800e+00	1.336800e+00	1.367156e-08	8.707296e-15	2.550098e-02
2	208	R1	1.282600e+00	1.282600e+00	1.431042e-08	-8.347326e-15	2.660069e-02
2	209	R1	1.258900e+00	1.258900e+00	1.460610e-08	0.000000e+00	3.130040e-02
2	210	R1	1.271800e+00	1.271800e+00	1.444387e-08	0.000000e+00	3.749956e-02
2	211	R1	1.337000e+00	1.337000e+00	1.366929e-08	4.606732e-15	4.820003e-02
2	212	R1	1.234800e+00	1.234800e+00	1.491780e-08	0.000000e+00	4.839951e-02
2	213	R1	1.465601e+00	1.465601e+00	1.233186e-08	-7.688498e-16	2.888010e-01
2	214	R1	1.249900e+00	1.249900e+00	1.472116e-08	3.731851e-15	5.949985e-02
2	216	R1	1.259800e+00	1.259800e+00	1.459468e-08	0.000000e+00	3.889970e-02
2	217	R1	1.408001e+00	1.408001e+00	1.290273e-08	6.344054e-15	3.500043e-02
2	218	R1	1.474200e+00	1.474200e+00	1.225019e-08	0.000000e+00	3.869934e-02
2	219	R1	1.324300e+00	1.324300e+00	1.381453e-08	7.818320e-15	2.840055e-02
2	220	R1	1.385400e+00	1.385400e+00	1.313876e-08	0.000000e+00	5.380086e-02
2	221	R1	1.399300e+00	1.399300e+00	1.299275e-08	5.782542e-15	3.839914e-02
2	223	R1	1.332600e+00	1.332600e+00	1.371932e-08	-7.256554e-15	3.059918e-02
2	224	R1	1.375200e+00	1.375200e+00	1.324766e-08	4.684445e-15	4.740041e-02
2	225	R1	1.290701e+00	1.290701e+00	1.421173e-08	-2.987168e-14	2.229985e-02
2	226	R1	1.255800e+00	1.255800e+00	1.464555e-08	-1.580411e-14	2.809960e-02
2	227	R1	1.370099e+00	1.370099e+00	1.330268e-08	7.656594e-15	2.900044e-02
2	229	R1	1.383899e+00	1.383899e+00	1.315469e-08	0.000000e+00	3.160042e-02
2	230	R1	1.490400e+00	1.490400e+00	1.209869e-08	2.163560e-07	9.000005e-02
2	231	R1	1.465601e+00	1.465601e+00	1.233186e-08	-1.451262e-15	1.530010e-01
2	232	R1	1.190700e+00	1.190700e+00	1.551918e-08	6.740398e-07	2.430052e-02
2	233	R1	1.213700e+00	1.213700e+00	1.520034e-08	-2.523205e-14	1.760021e-02
2	235	R1	1.343999e+00	1.343999e+00	1.359036e-08	-7.709831e-15	2.880019e-02
2	236	R1	1.302501e+00	1.302501e+00	1.407003e-08	1.820015e-14	3.660046e-02
2	237	R1	1.246201e+00	1.246201e+00	1.476892e-08	-4.880073e-15	4.550026e-02
2	238	R1	1.273900e+00	1.273900e+00	1.441776e-08	0.000000e+00	2.780055e-02
2	239	R1	1.292100e+00	1.292100e+00	1.419480e-08	-8.193624e-15	2.709968e-02
2	240	R1	1.222901e+00	1.222901e+00	1.507599e-08	7.139670e-15	3.110012e-02
2	241	R1	1.275901e+00	1.275901e+00	1.439295e-08	5.843186e-15	3.800060e-02
2	242	R1	1.177300e+00	1.177300e+00	1.571042e-08	0.000000e+00	1.800045e-02
2	243	R1	1.232400e+00	1.232400e+00	1.494947e-08	9.468992e-15	4.689931e-02
2	244	R1	1.253700e+00	1.253700e+00	1.467239e-08	0.000000e+00	4.510019e-02
2	245	R1	1.335900e+00	1.335900e+00	1.368177e-08	2.645214e-07	6.789978e-02
2	247	R1	1.252400e+00	1.252400e+00	1.468905e-08	1.141603e-14	3.890051e-02
2	248	R1	1.397800e+00	1.397800e+00	1.300838e-08	-9.704785e-16	2.287991e-01
2	249	R1	1.432999e+00	1.432999e+00	1.264974e-08	1.716811e-14	3.880064e-02
2	250	R1	1.277900e+00	1.277900e+00	1.436824e-08	0.000000e+00	4.150013e-02
2	251	R1	1.345699e+00	1.345699e+00	1.357130e-08	6.427910e-07	2.809984e-02
2	252	R1	1.349200e+00	1.349200e+00	1.353220e-08	-5.116170e-15	4.340056e-02
2	254	R1	1.263299e+00	1.263299e+00	1.455042e-08	-1.897861e-14	2.339946e-02
2	255	R1	1.258599e+00	1.258599e+00	1.460992e-08	0.000000e+00	2.310053e-02
2	256	R1	1.338600e+00	1.338600e+00	1.365118e-08	0.000000e+00	4.230022e-02
2	257	R1	1.332401e+00	1.332401e+00	1.372159e-08	8.103862e-15	2.739985e-02
2	259	R1	1.356900e+00	1.356900e+00	1.344687e-08	6.938966e-15	3.199967e-02
2	260	R1	1.353001e+00	1.353001e+00	1.348997e-08	1.181065e-14	1.880037e-02
2	261	R1	1.316399e+00	1.316399e+00	1.390621e-08	-9.329706e-15	2.379974e-02
2	262	R1	1.301201e+00	1.301201e+00	1.408552e-08	0.000000e+00	4.189972e-02
2	264	R1	1.373800e+00	1.373800e+00	1.326272e-08	-1.558180e-14	2.850052e-02
2	265	R1	1.287401e+00	1.287401e+00	1.425180e-08	2.037075e-14	3.270051e-02
2	266	R1	1.278700e+00	1.278700e+00	1.435837e-08	9.591474e-15	4.630041e-02
2	267	R1	1.372501e+00	1.372501e+00	1.327673e-08	9.408778e-15	2.359973e-02
2	268	R1	1.638501e+00	1.638501e+00	1.084123e-08	3.000576e-15	7.400066e-02
2	269	R1	1.799001e+00	1.799001e+00	9.689823e-09	1.349815e-15	1.645000e-01
2	270	R1	1.681701e+00	1.681701e+00	6.295198e-10	0.000000e+00	1.637990e-01
2	271	R1	1.072200e+00	1.072200e+00	2.517118e-10	0.000000e+00	1.079946e-02


