0	4	R2	1.511282e+01	1.511282e+01	8.954131e-09	1.691494e-15	1.050171e+00
0	5	R2	1.703868e+01	1.703868e+01	1.017089e-08	0.000000e+00	7.278236e-01
0	6	R2	2.057994e+01	2.057994e+01	1.239151e-08	-2.379648e-14	2.985915e-01
0	7	R2	1.994973e+01	1.994973e+01	1.199754e-08	9.481258e-15	7.494182e-01
0	8	R2	2.037241e+01	2.037241e+01	1.226182e-08	-7.521998e-15	4.723098e-01
0	9	R2	2.105352e+01	2.105352e+01	1.268728e-08	0.000000e+00	3.683413e-01
0	10	R2	1.915856e+01	1.915856e+01	1.150228e-08	0.000000e+00	4.859746e-01
0	11	R2	1.757068e+01	1.757068e+01	1.050569e-08	-7.702515e-15	4.612407e-01
0	12	R2	2.104377e+01	2.104377e+01	1.268119e-08	0.000000e+00	5.876491e-01
0	13	R2	2.129608e+01	2.129608e+01	1.283868e-08	7.620225e-15	4.662216e-01
0	14	R2	2.018530e+01	2.018530e+01	1.214486e-08	-1.415497e-14	2.509870e-01
0	15	R2	1.873361e+01	1.873361e+01	1.123593e-08	-8.144159e-15	4.362285e-01
0	17	R2	1.827552e+01	1.827552e+01	1.094853e-08	-1.429709e-14	2.484921e-01
0	18	R2	1.933638e+01	1.933638e+01	1.161366e-08	1.557687e-14	2.280762e-01
0	20	R2	2.158941e+01	2.158941e+01	1.302169e-08	-7.584247e-15	4.684332e-01
0	22	R2	2.110684e+01	2.110684e+01	1.272057e-08	-4.372087e-15	8.125898e-01
0	23	R2	2.027986e+01	2.027986e+01	1.220397e-08	-4.312700e-15	1.647559e+00
0	24	R2	1.978005e+01	1.978005e+01	1.189139e-08	-5.197718e-15	6.835141e-01
0	25	R2	1.884233e+01	1.884233e+01	1.130410e-08	5.757598e-15	6.170479e-01
0	26	R2	2.154708e+01	2.154708e+01	1.299529e-08	3.425312e-15	1.037194e+00
0	27	R2	1.872203e+01	1.872203e+01	1.122868e-08	0.000000e+00	4.497102e-01
0	28	R2	2.222370e+01	2.222370e+01	1.341717e-08	0.000000e+00	1.241153e+00
0	29	R2	2.078224e+01	2.078224e+01	1.251788e-08	4.150225e-15	8.560291e-01
0	30	R2	1.805347e+01	1.805347e+01	1.080911e-08	0.000000e+00	8.174273e-01
0	31	R2	1.862128e+01	1.862128e+01	1.116549e-08	-2.551853e-14	2.784419e-01
0	32	R2	1.656644e+01	1.656644e+01	9.873256e-09	0.000000e+00	4.682065e-01
0	33	R2	1.861227e+01	1.861227e+01	1.115984e-08	0.000000e+00	4.382170e-01
0	34	R2	1.765100e+01	1.765100e+01	1.055620e-08	1.081884e-14	3.283821e-01
0	35	R2	2.010171e+01	2.010171e+01	1.209259e-08	0.000000e+00	9.019042e-01
0	36	R2	2.691428e+01	2.691428e+01	1.633256e-08	2.421975e-15	1.466866e+00
0	37	R2	2.126031e+01	2.126031e+01	1.281636e-08	0.000000e+00	8.606096e-01
0	38	R2	2.209359e+01	2.209359e+01	1.333607e-08	-5.530594e-15	6.423747e-01
0	39	R2	2.046078e+01	2.046078e+01	1.231705e-08	0.000000e+00	5.450737e-01
0	40	R2	2.417386e+01	2.417386e+01	1.463102e-08	0.000000e+00	1.700532e+00
0	41	R2	2.244014e+01	2.244014e+01	1.355204e-08	0.000000e+00	7.407366e-01
0	42	R2	2.169292e+01	2.169292e+01	1.308625e-08	6.147889e-15	5.778754e-01
0	43	R2	1.813072e+01	1.813072e+01	1.085762e-08	0.000000e+00	6.646781e-01
0	44	R2	2.050819e+01	2.050819e+01	1.234668e-08	0.000000e+00	9.833300e-01
0	46	R2	2.016739e+01	2.016739e+01	1.213366e-08	-2.961003e-15	1.199835e+00
0	47	R2	2.212047e+01	2.212047e+01	1.335283e-08	6.462470e-15	1.099491e+00
0	49	R2	2.405928e+01	2.405928e+01	1.455978e-08	0.000000e+00	1.315724e+00
0	51	R2	2.403615e+01	2.403615e+01	1.454540e-08	-3.400258e-15	2.089673e+00
0	52	R2	2.140686e+01	2.140686e+01	1.290781e-08	-2.936638e-15	1.209790e+00
0	53	R2	2.077059e+01	2.077059e+01	1.251060e-08	2.356892e-15	1.507372e+00
0	54	R2	2.214938e+01	2.214938e+01	1.337085e-08	0.000000e+00	7.486477e-01
0	55	R2	1.876313e+01	1.876313e+01	1.125445e-08	9.199046e-15	3.862046e-01
0	56	R2	1.990050e+01	1.990050e+01	1.196674e-08	8.215040e-15	4.324645e-01
0	57	R2	1.967691e+01	1.967691e+01	1.182684e-08	0.000000e+00	4.785552e-01
0	59	R2	2.012923e+01	2.012923e+01	1.210980e-08	0.000000e+00	4.732571e-01
0	60	R2	2.042984e+01	2.042984e+01	1.229772e-08	0.000000e+00	4.682987e-01
0	61	R2	2.123323e+01	2.123323e+01	1.279945e-08	-4.796127e-15	7.407463e-01
0	62	R2	2.003245e+01	2.003245e+01	1.204928e-08	1.152738e-14	3.081978e-01
0	63	R2	2.014180e+01	2.014180e+01	1.211766e-08	0.000000e+00	6.000185e-01
0	64	R2	1.816201e+01	1.816201e+01	1.087726e-08	0.000000e+00	8.642291e-01
0	65	R2	1.928306e+01	1.928306e+01	1.158027e-08	-2.137475e-14	3.324216e-01
0	66	R2	2.083247e+01	2.083247e+01	1.254925e-08	-6.559403e-15	5.416215e-01
0	67	R2	1.797753e+01	1.797753e+01	1.076140e-08	-2.333884e-14	1.522232e-01
0	70	R2	1.892864e+01	1.892864e+01	1.135820e-08	0.000000e+00	3.794327e-01
0	71	R2	2.112066e+01	2.112066e+01	1.272919e-08	-4.749108e-15	7.480801e-01
0	72	R2	2.093627e+01	2.093627e+01	1.261407e-08	1.005603e-14	3.532919e-01
0	73	R2	1.981297e+01	1.981297e+01	1.191198e-08	0.000000e+00	7.572359e-01
0	74	R2	1.728579e+01	1.728579e+01	1.032646e-08	0.000000e+00	9.884251e-01
0	75	R2	1.806815e+01	1.806815e+01	1.081833e-08	1.064834e-14	3.336402e-01
0	76	R2	1.915122e+01	1.915122e+01	1.149768e-08	8.279070e-15	4.291199e-01
0	78	R2	2.313422e+01	2.313422e+01	1.398427e-08	-4.401989e-15	8.070701e-01
0	79	R2	1.787917e+01	1.787917e+01	1.069961e-08	0.000000e+00	4.155643e-01
0	80	R2	2.060326e+01	2.060326e+01	1.240608e-08	0.000000e+00	4.728868e-01
0	83	R2	1.772578e+01	1.772578e+01	1.060321e-08	0.000000e+00	4.131774e-01
0	84	R2	1.773081e+01	1.773081e+01	1.060637e-08	6.105154e-15	5.819204e-01
0	86	R2	2.041483e+01	2.041483e+01	1.228833e-08	6.552264e-15	5.422116e-01
0	87	R2	2.096216e+01	2.096216e+01	1.263024e-08	0.000000e+00	1.218490e+00
0	88	R2	2.465301e+01	2.465301e+01	1.492885e-08	6.695856e-15	5.305840e-01
0	89	R2	2.042359e+01	2.042359e+01	1.229381e-08	-4.528011e-15	7.846080e-01
0	90	R2	1.945790e+01	1.945790e+01	1.168976e-08	0.000000e+00	5.058229e-01
0	91	R2	1.949774e+01	1.949774e+01	1.171470e-08	1.205841e-14	2.946254e-01
0	92	R2	1.914608e+01	1.914608e+01	1.149447e-08	0.000000e+00	4.633477e-01
0	93	R2	2.107926e+01	2.107926e+01	1.270335e-08	0.000000e+00	3.687981e-01
0	94	R2	1.655657e+01	1.655657e+01	9.867028e-09	-2.156479e-14	1.647460e-01
0	95	R2	1.940881e+01	1.940881e+01	1.165902e-08	6.627620e-15	5.360467e-01
0	96	R2	1.889074e+01	1.889074e+01	1.133445e-08	-1.921908e-14	3.697069e-01
0	97	R2	2.338251e+01	2.338251e+01	1.413881e-08	-3.089858e-15	1.149798e+00
0	98	R2	2.244064e+01	2.244064e+01	1.355235e-08	0.000000e+00	5.821414e-01
0	99	R2	2.323312e+01	2.323312e+01	1.404583e-08	0.000000e+00	1.144869e+00
0	100	R2	1.996925e+01	1.996925e+01	1.200975e-08	-1.852216e-14	3.836175e-01
0	101	R2	2.270611e+01	2.270611e+01	1.371772e-08	1.274515e-14	8.362507e-01
0	102	R2	2.203760e+01	2.203760e+01	1.330117e-08	-8.703502e-15	8.163871e-01
0	104	R2	2.045910e+01	2.045910e+01	1.231600e-08	-1.735714e-14	4.093662e-01
0	105	R2	2.574268e+01	2.574268e+01	1.560563e-08	3.713950e-15	1.913173e+00
0	106	R2	2.534597e+01	2.534597e+01	1.535932e-08	5.992868e-16	5.928236e+00
0	107	R2	2.200607e+01	2.200607e+01	1.328152e-08	-3.809069e-15	9.326988e-01
0	108	R2	2.199204e+01	2.199204e+01	1.327277e-08	-1.943289e-15	1.828196e+00
0	109	R2	2.138992e+01	2.138992e+01	1.289723e-08	4.143549e-15	8.574085e-01
0	110	R2	2.233838e+01	2.233838e+01	1.348863e-08	3.503750e-15	1.013975e+00
0	111	R2	2.194474e+01	2.194474e+01	1.324328e-08	0.000000e+00	6.164118e-01
0	112	R2	1.914242e+01	1.914242e+01	1.149217e-08	7.240790e-15	4.906528e-01
0	113	R2	1.934086e+01	1.934086e+01	1.161647e-08	-7.519780e-15	4.724491e-01
0	114	R2	2.074345e+01	2.074345e+01	1.249365e-08	0.000000e+00	3.524079e-01
0	115	R2	1.908361e+01	1.908361e+01	1.145532e-08	-6.469013e-15	5.491895e-01
0	116	R2	2.107926e+01	2.107926e+01	1.270335e-08	0.000000e+00	5.243154e-01
0	117	R2	2.018449e+01	2.018449e+01	1.214435e-08	0.000000e+00	6.498245e-01
0	118	R2	1.811135e+01	1.811135e+01	1.084546e-08	3.358373e-14	2.115735e-01
0	119	R2	1.855976e+01	1.855976e+01	1.112690e-08	0.000000e+00	4.939625e-01
0	120	R2	1.814092e+01	1.814092e+01	1.086402e-08	0.000000e+00	7.868612e-01
0	121	R2	2.048802e+01	2.048802e+01	1.233408e-08	7.962084e-15	4.462040e-01
0	122	R2	2.064964e+01	2.064964e+01	1.243505e-08	8.939628e-15	3.974118e-01
0	125	R2	1.934311e+01	1.934311e+01	1.161788e-08	8.940940e-15	3.973535e-01
0	126	R2	2.539425e+01	2.539425e+01	1.538930e-08	-2.268099e-15	3.132767e+00
0	127	R2	2.171647e+01	2.171647e+01	1.310094e-08	-7.830810e-15	9.073681e-01
0	128	R2	2.228710e+01	2.228710e+01	1.345668e-08	1.147140e-14	6.194035e-01
0	129	R2	2.121926e+01	2.121926e+01	1.279074e-08	3.743081e-15	9.491416e-01
0	130	R2	2.178222e+01	2.178222e+01	1.314195e-08	-5.489610e-15	6.471705e-01
0	131	R2	2.432202e+01	2.432202e+01	1.472314e-08	-2.845610e-15	2.496978e+00
0	132	R2	2.168680e+01	2.168680e+01	1.308244e-08	1.037619e-14	3.423910e-01
0	133	R2	1.544115e+01	1.544115e+01	9.162169e-09	1.741119e-15	1.020239e+00
0	134	R2	2.256012e+01	2.256012e+01	1.362678e-08	6.139271e-15	5.786865e-01
0	135	R2	2.184694e+01	2.184694e+01	1.318230e-08	-8.453754e-15	8.405056e-01
0	136	R2	1.873361e+01	1.873361e+01	1.123593e-08	-7.335644e-15	4.843083e-01
0	138	R2	2.047251e+01	2.047251e+01	1.232438e-08	0.000000e+00	1.340776e+00
0	139	R2	2.286551e+01	2.286551e+01	1.381698e-08	-2.761131e-15	1.286688e+00
0	140	R2	2.054274e+01	2.054274e+01	1.236827e-08	-3.491775e-15	1.017452e+00
0	141	R2	1.962631e+01	1.962631e+01	1.179518e-08	3.071336e-15	1.156732e+00
0	142	R2	2.158382e+01	2.158382e+01	1.301821e-08	-2.878867e-15	1.234067e+00
0	143	R2	1.927897e+01	1.927897e+01	1.157770e-08	1.880127e-15	1.889614e+00
0	144	R2	2.115686e+01	2.115686e+01	1.275179e-08	4.157689e-15	8.544924e-01
0	147	R2	2.386635e+01	2.386635e+01	1.443980e-08	-3.187113e-15	1.114712e+00
0	149	R2	2.222420e+01	2.222420e+01	1.341748e-08	6.515368e-15	5.452821e-01
0	150	R2	2.377443e+01	2.377443e+01	1.438263e-08	-1.707089e-15	2.081153e+00
0	153	R2	2.135383e+01	2.135383e+01	1.287472e-08	-3.414979e-15	2.080665e+00
0	154	R2	2.104289e+01	2.104289e+01	1.268064e-08	-1.315285e-14	5.402197e-01
0	155	R2	2.101105e+01	2.101105e+01	1.266077e-08	0.000000e+00	7.888967e-01
0	156	R2	2.222420e+01	2.222420e+01	1.341748e-08	5.974224e-15	5.946736e-01
0	157	R2	2.043235e+01	2.043235e+01	1.229928e-08	2.685353e-15	1.322997e+00
0	158	R2	2.313851e+01	2.313851e+01	1.398694e-08	1.397587e-15	2.542034e+00
0	159	R2	2.089035e+01	2.089035e+01	1.258540e-08	0.000000e+00	1.343696e+00
0	160	R2	2.091569e+01	2.091569e+01	1.260122e-08	-1.255196e-14	5.660811e-01
0	164	R2	1.940994e+01	1.940994e+01	1.165972e-08	-1.083909e-14	3.277687e-01
0	165	R2	2.209749e+01	2.209749e+01	1.333851e-08	-2.260233e-15	1.571835e+00
0	168	R2	2.157590e+01	2.157590e+01	1.301327e-08	7.593747e-15	4.678472e-01
0	169	R2	2.096920e+01	2.096920e+01	1.263463e-08	0.000000e+00	1.009568e+00
0	170	R2	1.976089e+01	1.976089e+01	1.187940e-08	0.000000e+00	4.791348e-01
0	171	R2	2.030539e+01	2.030539e+01	1.221993e-08	2.814053e-15	1.262490e+00
0	172	R2	1.924965e+01	1.924965e+01	1.155934e-08	0.000000e+00	5.298850e-01
0	173	R2	2.014748e+01	2.014748e+01	1.212121e-08	0.000000e+00	8.893728e-01
0	174	R2	1.748924e+01	1.748924e+01	1.045447e-08	0.000000e+00	2.667218e-01
0	175	R2	1.803752e+01	1.803752e+01	1.079909e-08	2.648459e-15	1.341427e+00
0	176	R2	1.942313e+01	1.942313e+01	1.166799e-08	-5.101407e-15	6.964184e-01
0	177	R2	1.894585e+01	1.894585e+01	1.136899e-08	0.000000e+00	3.596632e-01
0	178	R2	2.081122e+01	2.081122e+01	1.253598e-08	3.985839e-15	8.913341e-01
0	179	R2	1.867239e+01	1.867239e+01	1.119755e-08	1.059218e-14	6.708185e-01
0	180	R2	1.833954e+01	1.833954e+01	1.098871e-08	0.000000e+00	5.300697e-01
0	181	R2	1.976441e+01	1.976441e+01	1.188160e-08	2.030087e-14	3.500061e-01
0	183	R2	1.864732e+01	1.864732e+01	1.118182e-08	0.000000e+00	7.281313e-01
0	184	R2	1.896454e+01	1.896454e+01	1.138070e-08	9.012913e-15	3.941804e-01
0	185	R2	2.013328e+01	2.013328e+01	1.211233e-08	-1.740731e-14	4.081865e-01
0	186	R2	2.285401e+01	2.285401e+01	1.380982e-08	-2.834159e-15	2.507067e+00
0	187	R2	1.906287e+01	1.906287e+01	1.144233e-08	6.250963e-15	5.683466e-01
0	188	R2	1.960900e+01	1.960900e+01	1.178434e-08	-2.764255e-14	5.140935e-01
0	190	R2	2.145693e+01	2.145693e+01	1.293904e-08	0.000000e+00	7.978726e-01
0	191	R2	2.049810e+01	2.049810e+01	1.234037e-08	4.851047e-15	7.323603e-01
0	192	R2	2.036660e+01	2.036660e+01	1.225819e-08	-8.866374e-15	4.006952e-01
0	193	R2	2.552974e+01	2.552974e+01	1.547344e-08	-2.736390e-15	1.298321e+00
0	194	R2	2.333232e+01	2.333232e+01	1.410757e-08	5.521115e-15	6.434776e-01
0	195	R2	2.293420e+01	2.293420e+01	1.385975e-08	-9.628647e-15	7.379466e-01
0	196	R2	2.236186e+01	2.236186e+01	1.350326e-08	1.054732e-15	3.368355e+00
0	197	R2	2.572016e+01	2.572016e+01	1.559166e-08	0.000000e+00	1.308500e+00
0	198	R2	2.221679e+01	2.221679e+01	1.341286e-08	2.620227e-15	1.355880e+00
0	199	R2	2.784274e+01	2.784274e+01	1.690816e-08	1.272308e-15	2.792337e+00
0	200	R2	2.265827e+01	2.265827e+01	1.368792e-08	-6.276654e-15	1.132041e+00
0	201	R2	2.070136e+01	2.070136e+01	1.246736e-08	0.000000e+00	7.019590e-01
0	202	R2	2.108681e+01	2.108681e+01	1.270806e-08	0.000000e+00	4.562147e-01
0	203	R2	1.945033e+01	1.945033e+01	1.168502e-08	1.069576e-14	3.321610e-01
0	205	R2	1.921340e+01	1.921340e+01	1.153664e-08	-6.657842e-15	1.067227e+00
0	206	R2	1.906360e+01	1.906360e+01	1.144278e-08	0.000000e+00	7.591858e-01
0	207	R2	1.873256e+01	1.873256e+01	1.123527e-08	-1.432012e-14	2.480924e-01
0	208	R2	1.990089e+01	1.990089e+01	1.196699e-08	0.000000e+00	1.127542e+00
0	209	R2	1.902913e+01	1.902913e+01	1.142119e-08	1.387723e-14	2.560103e-01
0	210	R2	2.038404e+01	2.038404e+01	1.226909e-08	-4.305272e-15	8.252007e-01
0	211	R2	2.095821e+01	2.095821e+01	1.262777e-08	-3.495333e-15	1.016416e+00
0	212	R2	2.403268e+01	2.403268e+01	1.454325e-08	0.000000e+00	1.216940e+00
0	213	R2	2.718204e+01	2.718204e+01	1.649860e-08	0.000000e+00	4.184182e+00
0	214	R2	2.775619e+01	2.775619e+01	1.685451e-08	0.000000e+00	4.630140e+00
0	216	R2	2.149521e+01	2.149521e+01	1.296293e-08	2.313215e-15	1.535834e+00
0	217	R2	2.182215e+01	2.182215e+01	1.316685e-08	4.214945e-15	8.428850e-01
0	218	R2	2.083377e+01	2.083377e+01	1.255006e-08	0.000000e+00	6.098344e-01
0	219	R2	2.747102e+01	2.747102e+01	1.667776e-08	-1.031490e-15	3.444254e+00
0	220	R2	2.350563e+01	2.350563e+01	1.421541e-08	8.533618e-15	8.326395e-01
0	221	R2	2.353550e+01	2.353550e+01	1.423400e-08	3.956673e-15	8.979042e-01
0	223	R2	2.220347e+01	2.220347e+01	1.340456e-08	0.000000e+00	6.399065e-01
0	224	R2	2.159781e+01	2.159781e+01	1.302693e-08	2.787791e-15	1.274383e+00
0	225	R2	2.063941e+01	2.063941e+01	1.242866e-08	0.000000e+00	5.410012e-01
0	226	R2	1.862267e+01	1.862267e+01	1.116636e-08	0.000000e+00	4.203261e-01
0	227	R2	1.997723e+01	1.997723e+01	1.201474e-08	0.000000e+00	5.228073e-01
0	229	R2	1.872624e+01	1.872624e+01	1.123131e-08	3.724690e-15	9.538281e-01
0	230	R2	1.878958e+01	1.878958e+01	1.127103e-08	8.128410e-15	4.370736e-01
0	231	R2	1.854187e+01	1.854187e+01	1.111567e-08	-4.454154e-15	7.976180e-01
0	232	R2	1.756543e+01	1.756543e+01	1.050239e-08	0.000000e+00	6.936078e-01
0	233	R2	2.121431e+01	2.121431e+01	1.278765e-08	0.000000e+00	4.459964e-01
0	235	R2	2.106771e+01	2.106771e+01	1.269614e-08	0.000000e+00	6.591150e-01
0	236	R2	1.796816e+01	1.796816e+01	1.075552e-08	1.184506e-14	5.998642e-01
0	237	R2	2.155591e+01	2.155591e+01	1.300079e-08	0.000000e+00	5.719928e-01
0	238	R2	2.043402e+01	2.043402e+01	1.230033e-08	3.344533e-15	1.062245e+00
0	239	R2	1.995849e+01	1.995849e+01	1.200302e-08	0.000000e+00	4.628724e-01
0	240	R2	2.019998e+01	2.019998e+01	1.215403e-08	0.000000e+00	5.010721e-01
0	241	R2	2.039360e+01	2.039360e+01	1.227506e-08	-2.685399e-15	1.322974e+00
0	242	R2	2.053472e+01	2.053472e+01	1.236326e-08	7.844733e-15	4.528788e-01
0	243	R2	2.098812e+01	2.098812e+01	1.264645e-08	-1.129575e-14	6.290357e-01
0	244	R2	2.293736e+01	2.293736e+01	1.386172e-08	0.000000e+00	1.031726e+00
0	245	R2	2.192886e+01	2.192886e+01	1.323338e-08	0.000000e+00	8.170067e-01
0	247	R2	2.359826e+01	2.359826e+01	1.427305e-08	-3.790670e-15	9.372257e-01
0	248	R2	2.027698e+01	2.027698e+01	1.220217e-08	-1.242386e-15	2.859590e+00
0	249	R2	2.023186e+01	2.023186e+01	1.217396e-08	6.044137e-15	5.877951e-01
0	250	R2	2.181311e+01	2.181311e+01	1.316121e-08	0.000000e+00	5.414736e-01
0	251	R2	2.246888e+01	2.246888e+01	1.356994e-08	0.000000e+00	6.729658e-01
0	252	R2	2.159128e+01	2.159128e+01	1.302286e-08	0.000000e+00	6.242194e-01
0	254	R2	2.152435e+01	2.152435e+01	1.298111e-08	4.422327e-15	8.033585e-01
0	255	R2	1.928789e+01	1.928789e+01	1.158329e-08	0.000000e+00	4.311744e-01
0	256	R2	2.227023e+01	2.227023e+01	1.344616e-08	5.105676e-15	6.958361e-01
0	257	R2	2.198624e+01	2.198624e+01	1.326915e-08	4.547964e-15	7.811657e-01
0	259	R2	2.212879e+01	2.212879e+01	1.335801e-08	-1.419790e-15	2.502282e+00
0	260	R2	2.259836e+01	2.259836e+01	1.365060e-08	3.354267e-15	1.059162e+00
0	261	R2	1.998961e+01	1.998961e+01	1.202248e-08	0.000000e+00	3.412450e-01
0	262	R2	2.362670e+01	2.362670e+01	1.429074e-08	-1.920444e-15	1.849944e+00
0	264	R2	2.140411e+01	2.140411e+01	1.290609e-08	0.000000e+00	3.385624e-01
0	265	R2	2.137117e+01	2.137117e+01	1.288554e-08	-8.700935e-15	4.083140e-01
0	266	R2	1.953583e+01	1.953583e+01	1.173854e-08	0.000000e+00	3.877550e-01
0	267	R2	1.790639e+01	1.790639e+01	1.071671e-08	0.000000e+00	4.200366e-01
0	268	R2	1.324942e+01	1.324942e+01	7.767618e-09	-3.929698e-15	4.520339e-01
0	269	R2	7.924621e+00	7.924621e+00	4.283578e-09	0.000000e+00	4.478869e-01
0	270	R2	4.464206e+00	4.464206e+00	1.957495e-09	0.000000e+00	4.150043e-01
0	271	R2	2.936901e+00	2.936901e+00	1.096093e-09	4.901590e-15	9.060105e-02


1	4	NOE	6.139000e-01	6.139000e-01	1.414177e-09	0.000000e+00	2.628900e-02
1	5	NOE	7.644000e-01	7.644000e-01	2.308123e-09	0.000000e+00	1.769700e-02
1	6	NOE	8.185000e-01	8.185000e-01	3.519844e-09	0.000000e+00	1.968400e-02
1	7	NOE	7.921000e-01	7.921000e-01	2.746259e-09	0.000000e+00	1.774800e-02
1	8	NOE	8.066000e-01	8.066000e-01	3.100559e-09	0.000000e+00	1.963200e-02
1	9	NOE	8.192000e-01	8.192000e-01	3.550034e-09	5.490717e-15	2.022000e-02
1	10	NOE	8.144000e-01	8.144000e-01	3.357100e-09	0.000000e+00	1.891300e-02
1	11	NOE	8.990000e-01	8.602211e-01	1.897622e-05	2.016689e+00	1.922900e-02
1	12	NOE	8.754000e-01	8.602211e-01	2.186517e-05	5.760282e-01	2.635100e-02
1	13	NOE	8.161000e-01	8.161000e-01	3.421831e-09	0.000000e+00	1.967400e-02
1	14	NOE	8.437000e-01	8.437000e-01	5.609615e-09	0.000000e+00	1.755200e-02
1	15	NOE	8.854000e-01	8.602211e-01	2.410433e-05	1.142315e+00	2.204200e-02
1	17	NOE	8.183000e-01	8.183000e-01	3.511357e-09	5.473393e-15	2.028400e-02
1	18	NOE	8.341000e-01	8.341000e-01	4.456368e-09	-6.801587e-15	1.632300e-02
1	20	NOE	8.830000e-01	8.602211e-01	2.012366e-05	1.039706e+00	2.190900e-02
1	22	NOE	7.817000e-01	7.817000e-01	2.554861e-09	0.000000e+00	2.111100e-02
1	23	NOE	7.998000e-01	7.998000e-01	2.918594e-09	4.311211e-15	2.575200e-02
1	24	NOE	8.637000e-01	8.602211e-01	1.058661e-05	9.752254e-02	3.567300e-02
1	25	NOE	8.559000e-01	8.559000e-01	1.098396e-08	0.000000e+00	2.892100e-02
1	26	NOE	8.749000e-01	8.602211e-01	1.899917e-05	5.296763e-01	2.771300e-02
1	27	NOE	8.826000e-01	8.602211e-01	1.352542e-05	6.823674e-01	3.279600e-02
1	28	NOE	8.348000e-01	8.348000e-01	4.517668e-09	0.000000e+00	3.055400e-02
1	29	NOE	8.128000e-01	8.128000e-01	3.299373e-09	0.000000e+00	3.165600e-02
1	30	NOE	7.720000e-01	7.720000e-01	2.407611e-09	0.000000e+00	2.263900e-02
1	31	NOE	6.836000e-01	6.836000e-01	1.684036e-09	0.000000e+00	1.826100e-02
1	32	NOE	6.275000e-01	6.275000e-01	1.457296e-09	0.000000e+00	1.944300e-02
1	33	NOE	7.808000e-01	7.808000e-01	2.540080e-09	0.000000e+00	1.806800e-02
1	34	NOE	7.609000e-01	7.609000e-01	2.266168e-09	-6.698178e-15	1.657500e-02
1	35	NOE	7.451000e-01	7.451000e-01	2.101049e-09	-5.407281e-15	2.053200e-02
1	36	NOE	8.107000e-01	8.107000e-01	3.227880e-09	0.000000e+00	3.152900e-02
1	37	NOE	8.959000e-01	8.602211e-01	2.257526e-05	2.348997e+00	1.518900e-02
1	38	NOE	9.210000e-01	8.602211e-01	1.943708e-05	2.079262e+00	2.923100e-02
1	39	NOE	8.647000e-01	8.602211e-01	2.100574e-05	1.579531e-01	2.835600e-02
1	40	NOE	8.961000e-01	8.602211e-01	2.002235e-05	1.143114e+00	3.138700e-02
1	41	NOE	9.101000e-01	8.602211e-01	1.765184e-05	2.400102e+00	2.078200e-02
1	42	NOE	8.820000e-01	8.602211e-01	2.034184e-05	8.637972e-01	2.521300e-02
1	43	NOE	8.525000e-01	8.525000e-01	8.213880e-09	0.000000e+00	2.169900e-02
1	44	NOE	8.799000e-01	8.602211e-01	1.765809e-05	5.623512e-01	3.499400e-02
1	46	NOE	8.458000e-01	8.458000e-01	6.005613e-09	0.000000e+00	4.596200e-02
1	47	NOE	8.759000e-01	8.602211e-01	1.828333e-05	3.348193e-01	4.682800e-02
1	49	NOE	8.419000e-01	8.419000e-01	5.325834e-09	0.000000e+00	2.670200e-02
1	51	NOE	8.364000e-01	8.364000e-01	4.667775e-09	0.000000e+00	2.402200e-02
1	52	NOE	8.799000e-01	8.602211e-01	1.765809e-05	9.075318e-01	2.168400e-02
1	53	NOE	8.732000e-01	8.602211e-01	2.462312e-05	3.940528e-01	3.293700e-02
1	54	NOE	9.485000e-01	8.602211e-01	1.901110e-05	2.923143e+00	3.020000e-02
1	55	NOE	9.237000e-01	8.602211e-01	2.078023e-05	2.748600e+00	2.309500e-02
1	56	NOE	9.033000e-01	8.602211e-01	1.622113e-05	2.248847e+00	1.915600e-02
1	57	NOE	9.170000e-01	8.602211e-01	1.750424e-05	2.654461e+00	2.139000e-02
1	59	NOE	8.669000e-01	8.602211e-01	1.445285e-05	2.190959e-01	3.048400e-02
1	60	NOE	8.519000e-01	8.519000e-01	7.911666e-09	-9.613135e-09	2.574800e-02
1	61	NOE	8.875000e-01	8.602211e-01	1.862208e-05	1.147234e+00	2.377800e-02
1	62	NOE	8.788000e-01	8.602211e-01	1.282083e-05	9.014080e-01	2.061100e-02
1	63	NOE	8.906000e-01	8.602211e-01	1.942950e-05	1.567782e+00	1.937700e-02
1	64	NOE	8.344000e-01	8.344000e-01	4.482334e-09	0.000000e+00	2.056200e-02
1	65	NOE	8.608000e-01	8.602211e-01	1.620769e-05	2.754396e-02	2.101800e-02
1	66	NOE	8.381000e-01	8.381000e-01	4.844754e-09	5.336328e-15	2.080500e-02
1	67	NOE	7.481000e-01	7.481000e-01	2.129717e-09	0.000000e+00	1.379000e-02
1	70	NOE	8.780000e-01	8.602211e-01	1.321539e-05	1.033899e+00	1.719600e-02
1	71	NOE	8.701000e-01	8.602211e-01	1.616271e-05	5.675257e-01	1.740700e-02
1	72	NOE	8.693000e-01	8.602211e-01	1.589686e-05	4.777876e-01	1.900200e-02
1	73	NOE	8.132000e-01	8.132000e-01	3.313529e-09	0.000000e+00	2.855700e-02
1	74	NOE	7.590000e-01	7.590000e-01	2.244303e-09	7.294501e-15	1.522000e-02
1	75	NOE	7.498000e-01	7.498000e-01	2.146474e-09	0.000000e+00	2.465400e-02
1	76	NOE	8.242000e-01	8.242000e-01	3.790587e-09	0.000000e+00	2.881100e-02
1	78	NOE	8.437000e-01	8.437000e-01	5.609615e-09	0.000000e+00	1.821500e-02
1	79	NOE	7.380000e-01	7.380000e-01	2.037419e-09	0.000000e+00	1.938300e-02
1	80	NOE	7.921000e-01	7.921000e-01	2.746259e-09	0.000000e+00	1.931700e-02
1	83	NOE	7.576000e-01	7.576000e-01	2.228578e-09	0.000000e+00	2.500500e-02
1	84	NOE	7.918000e-01	7.918000e-01	2.740137e-09	0.000000e+00	2.255000e-02
1	86	NOE	7.941000e-01	7.941000e-01	2.788127e-09	0.000000e+00	3.141700e-02
1	87	NOE	9.114000e-01	8.602211e-01	1.265248e-05	8.876137e-01	5.765900e-02
1	88	NOE	8.695000e-01	8.602211e-01	1.265967e-05	4.108080e-01	2.258700e-02
1	89	NOE	7.517000e-01	7.517000e-01	2.165662e-09	5.462621e-15	2.032400e-02
1	90	NOE	8.120000e-01	8.120000e-01	3.271589e-09	0.000000e+00	2.074300e-02
1	91	NOE	7.500000e-01	7.500000e-01	2.148471e-09	0.000000e+00	1.779400e-02
1	92	NOE	8.301000e-01	8.301000e-01	4.148038e-09	3.507038e-15	3.165700e-02
1	93	NOE	7.796000e-01	7.796000e-01	2.520755e-09	6.572867e-15	1.689100e-02
1	94	NOE	7.029000e-01	7.029000e-01	1.788422e-09	8.610385e-15	1.289400e-02
1	95	NOE	7.976000e-01	7.976000e-01	2.866141e-09	0.000000e+00	2.408000e-02
1	96	NOE	8.716000e-01	8.602211e-01	2.281265e-05	4.155620e-01	2.738200e-02
1	97	NOE	8.730000e-01	8.602211e-01	2.387040e-05	3.933306e-01	3.248900e-02
1	98	NOE	9.265000e-01	8.602211e-01	1.372316e-05	2.503075e+00	2.647900e-02
1	99	NOE	8.700000e-01	8.602211e-01	2.369179e-05	4.345413e-01	2.250400e-02
1	100	NOE	9.182000e-01	8.602211e-01	2.515949e-05	2.543493e+00	2.279500e-02
1	101	NOE	8.669000e-01	8.602211e-01	1.445285e-05	3.018994e-01	2.212300e-02
1	102	NOE	8.580000e-01	8.580000e-01	1.532416e-08	0.000000e+00	2.099700e-02
1	104	NOE	9.099000e-01	8.602211e-01	1.760839e-05	1.984062e+00	2.503900e-02
1	105	NOE	8.639000e-01	8.602211e-01	1.253628e-05	9.122270e-02	4.032900e-02
1	106	NOE	8.632000e-01	8.602211e-01	2.972438e-05	9.265397e-02	3.215100e-02
1	107	NOE	9.438000e-01	8.602211e-01	1.739096e-05	2.023997e+00	4.129400e-02
1	108	NOE	8.938000e-01	8.602211e-01	1.436156e-05	8.785923e-01	3.821900e-02
1	109	NOE	8.851000e-01	8.602211e-01	2.207108e-05	6.217553e-01	4.001400e-02
1	110	NOE	8.506000e-01	8.506000e-01	7.356676e-09	0.000000e+00	3.591900e-02
1	111	NOE	9.396000e-01	8.602211e-01	1.474104e-05	2.819154e+00	2.815700e-02
1	112	NOE	8.918000e-01	8.602211e-01	1.357476e-05	1.244293e+00	2.537900e-02
1	113	NOE	8.696000e-01	8.602211e-01	2.317188e-05	4.603150e-01	2.037500e-02
1	114	NOE	8.763000e-01	8.602211e-01	1.718461e-05	7.371931e-01	2.181100e-02
1	115	NOE	8.613000e-01	8.602211e-01	1.691551e-05	3.657228e-02	2.950100e-02
1	116	NOE	8.350000e-01	8.350000e-01	4.535648e-09	0.000000e+00	2.852900e-02
1	117	NOE	8.511000e-01	8.511000e-01	7.556055e-09	0.000000e+00	2.963700e-02
1	118	NOE	8.781000e-01	8.602211e-01	1.883541e-05	1.149400e+00	1.555500e-02
1	119	NOE	8.430000e-01	8.430000e-01	5.493985e-09	-3.011966e-08	1.697300e-02
1	120	NOE	8.741000e-01	8.602211e-01	1.173864e-05	6.090184e-01	2.278900e-02
1	121	NOE	9.043000e-01	8.602211e-01	2.125672e-05	1.752362e+00	2.515400e-02
1	122	NOE	9.043000e-01	8.602211e-01	2.125672e-05	1.806291e+00	2.440300e-02
1	125	NOE	9.009000e-01	8.602211e-01	1.203472e-05	1.646120e+00	2.471200e-02
1	126	NOE	8.592000e-01	8.592000e-01	2.260412e-08	0.000000e+00	2.147600e-02
1	127	NOE	8.180000e-01	8.180000e-01	3.498739e-09	-4.756921e-08	2.619800e-02
1	128	NOE	9.072000e-01	8.602211e-01	1.051877e-05	2.171532e+00	2.163400e-02
1	129	NOE	9.417000e-01	8.602211e-01	1.375965e-05	3.412158e+00	2.387900e-02
1	130	NOE	8.713000e-01	8.602211e-01	2.258707e-05	4.109086e-01	2.696200e-02
1	131	NOE	9.400000e-01	8.602211e-01	1.931772e-05	3.011548e+00	2.649100e-02
1	132	NOE	8.346000e-01	8.346000e-01	4.499898e-09	0.000000e+00	1.708400e-02
1	133	NOE	7.197000e-01	7.197000e-01	1.896057e-09	0.000000e+00	1.991100e-02
1	134	NOE	8.773000e-01	8.602211e-01	1.839087e-05	6.424994e-01	2.658200e-02
1	135	NOE	8.711000e-01	8.602211e-01	1.570605e-05	5.059256e-01	2.150300e-02
1	136	NOE	8.650000e-01	8.602211e-01	1.342474e-05	1.539452e-01	3.104300e-02
1	138	NOE	8.468000e-01	8.468000e-01	6.226041e-09	4.085457e-15	2.717500e-02
1	139	NOE	8.822000e-01	8.602211e-01	1.691949e-05	7.825300e-01	2.808700e-02
1	140	NOE	8.325000e-01	8.325000e-01	4.325060e-09	0.000000e+00	2.943300e-02
1	141	NOE	9.199000e-01	8.602211e-01	1.118145e-05	1.072648e+00	5.563700e-02
1	142	NOE	8.166000e-01	8.166000e-01	3.441584e-09	0.000000e+00	3.399000e-02
1	143	NOE	8.481000e-01	8.481000e-01	6.552384e-09	-3.920694e-15	2.831700e-02
1	144	NOE	8.827000e-01	8.602211e-01	1.356494e-05	5.377475e-01	4.180200e-02
1	147	NOE	8.820000e-01	8.602211e-01	2.034184e-05	6.593478e-01	3.303100e-02
1	149	NOE	8.882000e-01	8.602211e-01	1.566987e-05	1.037794e+00	2.696000e-02
1	150	NOE	8.485000e-01	8.485000e-01	6.663554e-09	0.000000e+00	3.515800e-02
1	153	NOE	7.761000e-01	7.761000e-01	2.466758e-09	-3.900204e-08	6.305000e-02
1	154	NOE	8.819000e-01	8.602211e-01	1.560219e-05	1.042105e+00	2.080300e-02
1	155	NOE	8.226000e-01	8.226000e-01	3.708426e-09	0.000000e+00	3.067000e-02
1	156	NOE	8.665000e-01	8.602211e-01	2.013903e-05	2.668020e-01	2.353400e-02
1	157	NOE	8.814000e-01	8.602211e-01	1.614508e-05	5.629996e-01	3.761800e-02
1	158	NOE	9.122000e-01	8.602211e-01	1.703711e-05	2.066181e+00	2.515700e-02
1	159	NOE	9.065000e-01	8.602211e-01	1.787579e-05	1.528265e+00	3.028200e-02
1	160	NOE	8.713000e-01	8.602211e-01	2.258707e-05	4.743906e-01	2.335400e-02
1	164	NOE	8.918000e-01	8.602211e-01	1.357476e-05	1.518655e+00	2.079400e-02
1	165	NOE	8.824000e-01	8.602211e-01	1.266486e-05	1.075968e+00	2.061300e-02
1	168	NOE	9.175000e-01	8.602211e-01	1.590691e-05	2.173278e+00	2.635600e-02
1	169	NOE	8.765000e-01	8.602211e-01	1.329928e-05	7.501115e-01	2.170200e-02
1	170	NOE	9.101000e-01	8.602211e-01	1.765184e-05	2.213201e+00	2.253700e-02
1	171	NOE	8.790000e-01	8.602211e-01	1.576273e-05	9.200842e-01	2.041000e-02
1	172	NOE	8.649000e-01	8.602211e-01	1.977171e-05	1.959510e-01	2.387800e-02
1	173	NOE	8.905000e-01	8.602211e-01	2.102020e-05	1.181616e+00	2.562500e-02
1	174	NOE	7.891000e-01	7.891000e-01	2.686784e-09	-5.528724e-15	2.008100e-02
1	175	NOE	7.396000e-01	7.396000e-01	2.051271e-09	-2.385832e-15	4.653400e-02
1	176	NOE	7.189000e-01	7.189000e-01	1.890505e-09	0.000000e+00	1.749600e-02
1	177	NOE	8.537000e-01	8.537000e-01	8.938958e-09	0.000000e+00	1.806600e-02
1	178	NOE	7.923000e-01	7.923000e-01	2.750363e-09	0.000000e+00	2.937100e-02
1	179	NOE	8.564000e-01	8.564000e-01	1.168118e-08	-5.405659e-09	2.104800e-02
1	180	NOE	8.102000e-01	8.102000e-01	3.211522e-09	0.000000e+00	1.519500e-02
1	181	NOE	8.594000e-01	8.594000e-01	2.520778e-08	0.000000e+00	2.530700e-02
1	183	NOE	8.312000e-01	8.312000e-01	4.226451e-09	0.000000e+00	2.242300e-02
1	184	NOE	8.508000e-01	8.508000e-01	7.434522e-09	-5.063038e-15	2.192800e-02
1	185	NOE	8.327000e-01	8.327000e-01	4.340846e-09	0.000000e+00	2.402900e-02
1	186	NOE	9.220000e-01	8.602211e-01	1.646301e-05	2.587274e+00	2.387800e-02
1	187	NOE	8.739000e-01	8.602211e-01	1.105163e-05	7.865065e-01	1.739200e-02
1	188	NOE	8.882000e-01	8.602211e-01	1.566987e-05	1.498683e+00	1.866900e-02
1	190	NOE	9.188000e-01	8.602211e-01	1.514933e-05	1.493332e+00	3.922700e-02
1	191	NOE	9.686000e-01	8.602211e-01	1.841923e-05	2.982195e+00	3.634200e-02
1	192	NOE	8.378000e-01	8.378000e-01	4.812068e-09	0.000000e+00	2.222700e-02
1	193	NOE	8.818000e-01	8.602211e-01	1.555678e-05	5.840506e-01	3.694700e-02
1	194	NOE	8.459000e-01	8.459000e-01	6.026613e-09	0.000000e+00	2.513900e-02
1	195	NOE	8.142000e-01	8.142000e-01	3.349720e-09	-5.754538e-15	1.929300e-02
1	196	NOE	8.867000e-01	8.602211e-01	1.227678e-05	2.493636e-01	1.061860e-01
1	197	NOE	9.145000e-01	8.602211e-01	1.369149e-05	2.429783e+00	2.233900e-02
1	198	NOE	8.494000e-01	8.494000e-01	6.935838e-09	0.000000e+00	2.676700e-02
1	199	NOE	9.744000e-01	8.602211e-01	1.895528e-05	1.731479e+00	6.594300e-02
1	200	NOE	9.035000e-01	8.602211e-01	2.965368e-05	9.460907e-01	4.574500e-02
1	201	NOE	9.079000e-01	8.602211e-01	1.313665e-05	1.943223e+00	2.453600e-02
1	202	NOE	8.847000e-01	8.602211e-01	1.479950e-05	9.298028e-01	2.632700e-02
1	203	NOE	8.631000e-01	8.602211e-01	1.320152e-05	1.411097e-01	2.040200e-02
1	205	NOE	8.338000e-01	8.338000e-01	4.430843e-09	-7.525405e-15	1.475300e-02
1	206	NOE	7.566000e-01	7.566000e-01	2.217541e-09	0.000000e+00	2.335400e-02
1	207	NOE	8.228000e-01	8.228000e-01	3.718408e-09	0.000000e+00	1.631600e-02
1	208	NOE	8.442000e-01	8.442000e-01	5.696802e-09	-3.630315e-15	3.058200e-02
1	209	NOE	8.450000e-01	8.450000e-01	5.845126e-09	0.000000e+00	1.908300e-02
1	210	NOE	8.714000e-01	8.602211e-01	1.756348e-05	2.703879e-01	4.134400e-02
1	211	NOE	8.786000e-01	8.602211e-01	1.486913e-05	7.890657e-01	2.329200e-02
1	212	NOE	8.084000e-01	8.084000e-01	3.154601e-09	0.000000e+00	2.978600e-02
1	213	NOE	9.243000e-01	8.602211e-01	1.876627e-05	8.384659e-01	7.642400e-02
1	214	NOE	9.109000e-01	8.602211e-01	1.363215e-05	1.101955e+00	4.599000e-02
1	216	NOE	8.139000e-01	8.139000e-01	3.338740e-09	0.000000e+00	2.361300e-02
1	217	NOE	9.822000e-01	8.602211e-01	1.757211e-05	3.080665e+00	3.959500e-02
1	218	NOE	8.669000e-01	8.602211e-01	1.445285e-05	2.267807e-01	2.945100e-02
1	219	NOE	8.832000e-01	8.602211e-01	1.295432e-05	5.881474e-01	3.907000e-02
1	220	NOE	9.186000e-01	8.602211e-01	1.513151e-05	2.484950e+00	2.349300e-02
1	221	NOE	8.568000e-01	8.568000e-01	1.234576e-08	0.000000e+00	3.385500e-02
1	223	NOE	8.981000e-01	8.602211e-01	1.607912e-05	1.124337e+00	3.369000e-02
1	224	NOE	8.747000e-01	8.602211e-01	1.869346e-05	3.601990e-01	4.019700e-02
1	225	NOE	8.795000e-01	8.602211e-01	2.835801e-05	6.971223e-01	2.765500e-02
1	226	NOE	9.287000e-01	8.602211e-01	1.175567e-05	2.355980e+00	2.906600e-02
1	227	NOE	9.342000e-01	8.602211e-01	1.376847e-05	2.308163e+00	3.205100e-02
1	229	NOE	8.793000e-01	8.602211e-01	1.301172e-05	7.858522e-01	2.427800e-02
1	230	NOE	7.277000e-01	7.277000e-01	1.954282e-09	-4.851313e-15	2.288500e-02
1	231	NOE	7.106000e-01	7.106000e-01	1.835528e-09	3.486991e-15	3.183900e-02
1	232	NOE	7.362000e-01	7.362000e-01	2.022154e-09	-6.826680e-15	1.626300e-02
1	233	NOE	8.094000e-01	8.094000e-01	3.185852e-09	0.000000e+00	2.242500e-02
1	235	NOE	8.717000e-01	8.602211e-01	2.403223e-05	3.857034e-01	2.976100e-02
1	236	NOE	9.303000e-01	8.602211e-01	1.832941e-05	2.640999e+00	2.653500e-02
1	237	NOE	8.639000e-01	8.602211e-01	1.253628e-05	1.357435e-01	2.710200e-02
1	238	NOE	8.847000e-01	8.602211e-01	1.479950e-05	8.904339e-01	2.749100e-02
1	239	NOE	8.916000e-01	8.602211e-01	1.887164e-05	1.103570e+00	2.843400e-02
1	240	NOE	8.737000e-01	8.602211e-01	1.693749e-05	4.830981e-01	2.790100e-02
1	241	NOE	8.110000e-01	8.110000e-01	3.237813e-09	-3.285072e-15	3.379600e-02
1	242	NOE	8.162000e-01	8.162000e-01	3.425755e-09	0.000000e+00	2.449800e-02
1	243	NOE	8.063000e-01	8.063000e-01	3.091815e-09	0.000000e+00	3.298800e-02
1	244	NOE	8.205000e-01	8.205000e-01	3.608197e-09	0.000000e+00	2.111200e-02
1	245	NOE	8.504000e-01	8.504000e-01	7.281218e-09	0.000000e+00	3.778200e-02
1	247	NOE	8.682000e-01	8.602211e-01	1.370215e-05	2.720674e-01	2.932700e-02
1	248	NOE	7.833000e-01	7.833000e-01	2.581774e-09	0.000000e+00	7.619000e-02
1	249	NOE	8.781000e-01	8.602211e-01	1.883541e-05	7.529234e-01	2.374600e-02
1	250	NOE	8.367000e-01	8.367000e-01	4.697609e-09	0.000000e+00	2.646300e-02
1	251	NOE	8.168000e-01	8.168000e-01	3.449580e-09	0.000000e+00	2.620800e-02
1	252	NOE	8.819000e-01	8.602211e-01	1.560219e-05	8.338046e-01	2.600000e-02
1	254	NOE	8.800000e-01	8.602211e-01	1.180696e-05	1.008871e+00	1.960500e-02
1	255	NOE	8.765000e-01	8.602211e-01	1.329928e-05	6.056596e-01	2.687800e-02
1	256	NOE	8.694000e-01	8.602211e-01	1.600415e-05	3.772830e-01	2.432900e-02
1	257	NOE	8.459000e-01	8.459000e-01	6.026613e-09	0.000000e+00	2.574000e-02
1	259	NOE	9.136000e-01	8.602211e-01	2.004108e-05	1.749154e+00	3.051700e-02
1	260	NOE	8.758000e-01	8.602211e-01	2.083164e-05	6.053827e-01	2.573400e-02
1	261	NOE	8.206000e-01	8.206000e-01	3.612789e-09	-7.207719e-08	1.623500e-02
1	262	NOE	8.940000e-01	8.602211e-01	1.270538e-05	1.137989e+00	2.968300e-02
1	264	NOE	8.875000e-01	8.602211e-01	1.862208e-05	1.374738e+00	1.984300e-02
1	265	NOE	8.229000e-01	8.229000e-01	3.723429e-09	4.318086e-15	2.571100e-02
1	266	NOE	8.592000e-01	8.592000e-01	2.260412e-08	0.000000e+00	2.625600e-02
1	267	NOE	6.870000e-01	6.870000e-01	1.701168e-09	0.000000e+00	1.452900e-02
1	268	NOE	5.890000e-01	5.890000e-01	1.343647e-09	0.000000e+00	9.028000e-03
1	269	NOE	4.194000e-01	4.194000e-01	1.032003e-09	-3.401419e-14	6.528000e-03
1	270	NOE	8.050000e-02	8.050000e-02	7.418008e-10	2.116899e-14	4.589000e-03
1	271	NOE	-3.933000e-01	-3.933000e-01	5.448971e-10	-7.037864e-14	3.155000e-03


2	4	R1	1.034000e+00	1.034000e+00	8.844131e-09	0.000000e+00	9.519979e-02
2	5	R1	7.848000e-01	7.848000e-01	1.189780e-08	1.057350e-14	3.150015e-02
2	6	R1	6.834990e-01	6.834990e-01	1.375110e-08	0.000000e+00	1.389973e-02
2	7	R1	7.618990e-01	7.618990e-01	1.227473e-08	5.827960e-15	3.809988e-02
2	8	R1	6.973014e-01	6.973014e-01	1.346768e-08	-7.987310e-15	1.389984e-02
2	9	R1	6.645004e-01	6.645004e-01	1.416006e-08	-8.285219e-15	1.340004e-02
2	10	R1	6.705019e-01	6.705019e-01	1.402842e-08	0.000000e+00	1.120021e-02
2	11	R1	6.518013e-01	6.518013e-01	1.444644e-08	0.000000e+00	4.280015e-02
2	12	R1	6.589004e-01	6.589004e-01	1.428501e-08	-5.023643e-15	2.209996e-02
2	13	R1	6.577000e-01	6.577000e-01	1.431207e-08	8.540173e-15	1.300001e-02
2	14	R1	6.825985e-01	6.825985e-01	1.376998e-08	0.000000e+00	1.039980e-02
2	15	R1	6.686995e-01	6.686995e-01	1.406771e-08	0.000000e+00	1.409982e-02
2	17	R1	6.336011e-01	6.336011e-01	1.487650e-08	-4.785399e-15	2.320022e-02
2	18	R1	6.892986e-01	6.892986e-01	1.363066e-08	0.000000e+00	1.059973e-02
2	20	R1	6.276991e-01	6.276991e-01	1.502122e-08	0.000000e+00	1.940008e-02
2	22	R1	6.203012e-01	6.203012e-01	1.520644e-08	1.657034e-14	1.340013e-02
2	23	R1	6.636008e-01	6.636008e-01	1.418000e-08	-6.492588e-15	1.709985e-02
2	24	R1	6.662980e-01	6.662980e-01	1.412039e-08	2.279725e-15	4.869987e-02
2	25	R1	6.768006e-01	6.768006e-01	1.389272e-08	-5.693442e-15	1.950003e-02
2	26	R1	6.867000e-01	6.867000e-01	1.368438e-08	1.174839e-14	1.890000e-02
2	27	R1	6.681991e-01	6.681991e-01	1.407866e-08	-5.551095e-15	2.000007e-02
2	28	R1	6.555013e-01	6.555013e-01	1.436188e-08	0.000000e+00	2.280021e-02
2	29	R1	7.002997e-01	7.002997e-01	1.340756e-08	-3.936945e-15	2.820011e-02
2	30	R1	8.026971e-01	8.026971e-01	1.161778e-08	1.181086e-14	1.880004e-02
2	31	R1	8.243004e-01	8.243004e-01	1.129549e-08	-6.272368e-15	1.770022e-02
2	32	R1	7.635978e-01	7.635978e-01	1.224602e-08	-7.071460e-15	1.570005e-02
2	33	R1	7.474009e-01	7.474009e-01	1.252497e-08	8.540224e-15	1.299993e-02
2	34	R1	7.399022e-01	7.399022e-01	1.265814e-08	-9.912848e-15	1.119984e-02
2	35	R1	7.113995e-01	7.113995e-01	1.318930e-08	-1.609014e-14	1.380004e-02
2	36	R1	6.228007e-01	6.228007e-01	1.514338e-08	-3.447906e-15	3.219992e-02
2	37	R1	5.909991e-01	5.909991e-01	1.598483e-08	-7.401573e-15	1.499983e-02
2	38	R1	5.935986e-01	5.935986e-01	1.591272e-08	6.202414e-15	1.789985e-02
2	39	R1	6.793017e-01	6.793017e-01	1.383952e-08	2.966550e-07	3.280038e-02
2	40	R1	6.094997e-01	6.094997e-01	1.548481e-08	0.000000e+00	2.709981e-02
2	41	R1	6.450989e-01	6.450989e-01	1.460205e-08	-1.799400e-15	6.169961e-02
2	42	R1	6.614019e-01	6.614019e-01	1.422894e-08	1.840145e-14	1.810003e-02
2	43	R1	6.292989e-01	6.292989e-01	1.498173e-08	-3.881904e-15	2.859996e-02
2	44	R1	6.916012e-01	6.916012e-01	1.358339e-08	0.000000e+00	2.440014e-02
2	46	R1	7.286983e-01	7.286983e-01	1.286209e-08	-2.775572e-15	3.999979e-02
2	47	R1	7.318019e-01	7.318019e-01	1.280498e-08	-2.861401e-15	3.879998e-02
2	49	R1	8.197998e-01	8.197998e-01	1.136127e-08	9.868522e-15	2.250029e-02
2	51	R1	7.017987e-01	7.017987e-01	1.337769e-08	-7.426243e-15	2.989999e-02
2	52	R1	6.425992e-01	6.425992e-01	1.466090e-08	2.982065e-07	3.099976e-02
2	53	R1	6.878005e-01	6.878005e-01	1.366158e-08	0.000000e+00	3.960018e-02
2	54	R1	6.836999e-01	6.836999e-01	1.374690e-08	-6.344049e-15	1.750023e-02
2	55	R1	6.381987e-01	6.381987e-01	1.476559e-08	-7.930141e-15	1.400004e-02
2	56	R1	6.924009e-01	6.924009e-01	1.356704e-08	-2.037093e-14	1.090007e-02
2	57	R1	7.049005e-01	7.049005e-01	1.331628e-08	-1.609021e-14	1.379998e-02
2	59	R1	6.646020e-01	6.646020e-01	1.415782e-08	-5.312031e-15	2.090016e-02
2	60	R1	7.005990e-01	7.005990e-01	1.340158e-08	0.000000e+00	1.859985e-02
2	61	R1	7.032992e-01	7.032992e-01	1.334791e-08	-5.116258e-15	2.169990e-02
2	62	R1	6.806981e-01	6.806981e-01	1.380999e-08	4.587729e-15	2.419984e-02
2	63	R1	6.540009e-01	6.540009e-01	1.439606e-08	1.865930e-14	1.189995e-02
2	64	R1	6.426983e-01	6.426983e-01	1.465855e-08	0.000000e+00	1.250006e-02
2	65	R1	6.442012e-01	6.442012e-01	1.462313e-08	0.000000e+00	1.300014e-02
2	66	R1	6.300999e-01	6.300999e-01	1.496203e-08	7.026710e-15	1.580004e-02
2	67	R1	6.169983e-01	6.169983e-01	1.529054e-08	0.000000e+00	9.099940e-03
2	70	R1	6.965001e-01	6.965001e-01	1.348384e-08	-1.000214e-14	1.109986e-02
2	71	R1	6.522009e-01	6.522009e-01	1.443727e-08	0.000000e+00	1.070008e-02
2	72	R1	6.156991e-01	6.156991e-01	1.532387e-08	0.000000e+00	1.759980e-02
2	73	R1	6.689008e-01	6.689008e-01	1.406332e-08	0.000000e+00	1.800004e-02
2	74	R1	6.806981e-01	6.806981e-01	1.380999e-08	-7.930097e-15	1.400012e-02
2	75	R1	6.537999e-01	6.537999e-01	1.440065e-08	6.769595e-15	1.640014e-02
2	76	R1	6.594001e-01	6.594001e-01	1.427378e-08	6.308022e-15	1.760018e-02
2	78	R1	6.508002e-01	6.508002e-01	1.446949e-08	4.388233e-15	5.060000e-02
2	79	R1	6.861016e-01	6.861016e-01	1.369681e-08	-1.930811e-14	1.150007e-02
2	80	R1	6.207016e-01	6.207016e-01	1.519630e-08	-9.824996e-15	1.129998e-02
2	83	R1	7.396012e-01	7.396012e-01	1.266354e-08	4.869416e-15	2.279992e-02
2	84	R1	6.643989e-01	6.643989e-01	1.416231e-08	0.000000e+00	3.439987e-02
2	86	R1	7.040023e-01	7.040023e-01	1.333401e-08	0.000000e+00	2.400036e-02
2	87	R1	7.031014e-01	7.031014e-01	1.335183e-08	1.449372e-15	7.660027e-02
2	88	R1	6.201012e-01	6.201012e-01	1.521151e-08	-8.044957e-15	1.380024e-02
2	89	R1	6.637021e-01	6.637021e-01	1.417775e-08	8.741865e-15	1.270007e-02
2	90	R1	6.194981e-01	6.194981e-01	1.522681e-08	1.835059e-14	1.210013e-02
2	91	R1	6.689008e-01	6.689008e-01	1.406332e-08	0.000000e+00	1.100002e-02
2	92	R1	7.116982e-01	7.116982e-01	1.318351e-08	5.092797e-15	2.179987e-02
2	93	R1	6.413998e-01	6.413998e-01	1.468929e-08	0.000000e+00	2.850012e-02
2	94	R1	6.395007e-01	6.395007e-01	1.473447e-08	-5.286738e-15	2.100015e-02
2	95	R1	6.646020e-01	6.646020e-01	1.415782e-08	-6.853196e-15	1.620008e-02
2	96	R1	6.817004e-01	6.817004e-01	1.378886e-08	0.000000e+00	3.290000e-02
2	97	R1	6.458989e-01	6.458989e-01	1.458331e-08	-5.139976e-15	2.159977e-02
2	98	R1	6.478992e-01	6.478992e-01	1.453665e-08	0.000000e+00	1.569994e-02
2	99	R1	6.100983e-01	6.100983e-01	1.546912e-08	-7.763826e-15	1.429995e-02
2	100	R1	6.586010e-01	6.586010e-01	1.429175e-08	0.000000e+00	4.190033e-02
2	101	R1	6.813985e-01	6.813985e-01	1.379522e-08	7.656844e-15	1.449975e-02
2	102	R1	6.678019e-01	6.678019e-01	1.408736e-08	7.709866e-15	1.440003e-02
2	104	R1	6.913000e-01	6.913000e-01	1.358955e-08	0.000000e+00	1.929982e-02
2	105	R1	6.952991e-01	6.952991e-01	1.350811e-08	0.000000e+00	3.049980e-02
2	106	R1	6.630992e-01	6.630992e-01	1.419113e-08	0.000000e+00	2.360005e-02
2	107	R1	6.133991e-01	6.133991e-01	1.538320e-08	-3.324031e-15	6.679980e-02
2	108	R1	7.638019e-01	7.638019e-01	1.224257e-08	3.041707e-15	3.650000e-02
2	109	R1	7.124994e-01	7.124994e-01	1.316803e-08	-4.022591e-15	2.759970e-02
2	110	R1	8.318983e-01	8.318983e-01	1.118599e-08	-5.874191e-15	3.780003e-02
2	111	R1	7.123979e-01	7.123979e-01	1.316999e-08	-1.814099e-15	6.119970e-02
2	112	R1	7.253999e-01	7.253999e-01	1.292331e-08	-6.895895e-15	1.609977e-02
2	113	R1	6.888998e-01	6.888998e-01	1.363888e-08	-5.092774e-15	2.179996e-02
2	114	R1	7.206999e-01	7.206999e-01	1.301147e-08	-4.531527e-15	2.449998e-02
2	115	R1	7.017987e-01	7.017987e-01	1.337769e-08	-1.077902e-14	2.059971e-02
2	116	R1	6.971021e-01	6.971021e-01	1.347169e-08	5.442206e-15	2.040024e-02
2	117	R1	7.232018e-01	7.232018e-01	1.296440e-08	0.000000e+00	2.089991e-02
2	118	R1	6.599005e-01	6.599005e-01	1.426255e-08	4.173745e-15	2.660017e-02
2	119	R1	7.102021e-01	7.102021e-01	1.321252e-08	0.000000e+00	9.500128e-03
2	120	R1	6.146999e-01	6.146999e-01	1.534959e-08	0.000000e+00	2.319998e-02
2	121	R1	6.965001e-01	6.965001e-01	1.348384e-08	0.000000e+00	5.609985e-02
2	122	R1	7.187987e-01	7.187987e-01	1.304746e-08	-9.570844e-15	2.320011e-02
2	125	R1	6.640988e-01	6.640988e-01	1.416895e-08	-6.202373e-15	1.789997e-02
2	126	R1	6.692007e-01	6.692007e-01	1.405677e-08	-1.500314e-14	1.479987e-02
2	127	R1	6.258018e-01	6.258018e-01	1.506831e-08	0.000000e+00	2.270032e-02
2	128	R1	7.089986e-01	7.089986e-01	1.323594e-08	-7.501570e-15	1.479988e-02
2	129	R1	6.706998e-01	6.706998e-01	1.402412e-08	0.000000e+00	1.859991e-02
2	130	R1	6.047997e-01	6.047997e-01	1.560898e-08	5.812719e-15	3.819978e-02
2	131	R1	6.292989e-01	6.292989e-01	1.498173e-08	-4.476746e-15	2.479978e-02
2	132	R1	6.543989e-01	6.543989e-01	1.438698e-08	1.000208e-14	1.109993e-02
2	133	R1	6.537999e-01	6.537999e-01	1.440065e-08	-1.490212e-14	1.490020e-02
2	134	R1	6.302984e-01	6.302984e-01	1.495716e-08	5.139944e-15	2.159990e-02
2	135	R1	6.245004e-01	6.245004e-01	1.510078e-08	1.835055e-14	1.210016e-02
2	136	R1	5.725999e-01	5.725999e-01	1.651364e-08	0.000000e+00	4.699994e-02
2	138	R1	6.611002e-01	6.611002e-01	1.423568e-08	5.874214e-15	1.889994e-02
2	139	R1	7.095016e-01	7.095016e-01	1.322614e-08	7.139676e-15	3.110010e-02
2	140	R1	6.908988e-01	6.908988e-01	1.359778e-08	5.389459e-15	4.119979e-02
2	141	R1	6.344010e-01	6.344010e-01	1.485709e-08	0.000000e+00	4.309994e-02
2	142	R1	6.203012e-01	6.203012e-01	1.520644e-08	-4.253734e-15	2.609996e-02
2	143	R1	6.209984e-01	6.209984e-01	1.518880e-08	5.579081e-15	1.989975e-02
2	144	R1	6.911996e-01	6.911996e-01	1.359161e-08	0.000000e+00	3.400005e-02
2	147	R1	7.036010e-01	7.036010e-01	1.334194e-08	4.934276e-15	2.250022e-02
2	149	R1	6.643989e-01	6.643989e-01	1.416231e-08	0.000000e+00	2.049982e-02
2	150	R1	6.586010e-01	6.586010e-01	1.429175e-08	0.000000e+00	2.790001e-02
2	153	R1	6.640988e-01	6.640988e-01	1.416895e-08	1.841169e-15	6.029989e-02
2	154	R1	7.146022e-01	7.146022e-01	1.312755e-08	0.000000e+00	1.340013e-02
2	155	R1	6.904981e-01	6.904981e-01	1.360600e-08	0.000000e+00	4.489956e-02
2	156	R1	7.358027e-01	7.358027e-01	1.273206e-08	-6.133737e-15	1.810027e-02
2	157	R1	6.457988e-01	6.457988e-01	1.458565e-08	0.000000e+00	3.759969e-02
2	158	R1	7.028000e-01	7.028000e-01	1.335781e-08	0.000000e+00	2.810005e-02
2	159	R1	6.746000e-01	6.746000e-01	1.393985e-08	0.000000e+00	2.050022e-02
2	160	R1	6.224983e-01	6.224983e-01	1.515098e-08	0.000000e+00	3.289988e-02
2	164	R1	6.896980e-01	6.896980e-01	1.362244e-08	1.329623e-14	1.669981e-02
2	165	R1	7.220008e-01	7.220008e-01	1.298696e-08	0.000000e+00	1.270007e-02
2	168	R1	6.847017e-01	6.847017e-01	1.372596e-08	1.261629e-14	1.759984e-02
2	169	R1	7.150007e-01	7.150007e-01	1.311991e-08	-7.401545e-15	1.499988e-02
2	170	R1	6.230995e-01	6.230995e-01	1.513587e-08	5.023646e-15	4.419989e-02
2	171	R1	6.555013e-01	6.555013e-01	1.436188e-08	-1.254497e-14	1.769989e-02
2	172	R1	7.014000e-01	7.014000e-01	1.338562e-08	0.000000e+00	1.619982e-02
2	173	R1	6.609997e-01	6.609997e-01	1.423793e-08	6.608457e-15	1.680003e-02
2	174	R1	6.604017e-01	6.604017e-01	1.425131e-08	-1.790674e-14	1.240006e-02
2	175	R1	6.977978e-01	6.977978e-01	1.345769e-08	4.379600e-15	5.069975e-02
2	176	R1	7.233011e-01	7.233011e-01	1.296254e-08	5.812700e-15	3.819991e-02
2	177	R1	6.376982e-01	6.376982e-01	1.477759e-08	2.220503e-14	9.999744e-03
2	178	R1	5.808989e-01	5.808989e-01	1.627104e-08	1.734736e-14	1.919986e-02
2	179	R1	7.207986e-01	7.207986e-01	1.300961e-08	-3.050087e-15	3.639972e-02
2	180	R1	7.097988e-01	7.097988e-01	1.322036e-08	-4.270115e-15	2.599984e-02
2	181	R1	7.378985e-01	7.378985e-01	1.269417e-08	6.344116e-15	1.750004e-02
2	183	R1	6.889994e-01	6.889994e-01	1.363682e-08	-7.818565e-15	1.419983e-02
2	184	R1	6.837981e-01	6.837981e-01	1.374484e-08	0.000000e+00	2.640002e-02
2	185	R1	7.026024e-01	7.026024e-01	1.336172e-08	2.445397e-15	4.540051e-02
2	186	R1	6.253009e-01	6.253009e-01	1.508079e-08	0.000000e+00	2.600002e-02
2	187	R1	6.935005e-01	6.935005e-01	1.354463e-08	0.000000e+00	1.959987e-02
2	188	R1	7.304975e-01	7.304975e-01	1.282893e-08	8.316274e-15	2.670001e-02
2	190	R1	7.056018e-01	7.056018e-01	1.330246e-08	5.693434e-15	5.850018e-02
2	191	R1	6.193983e-01	6.193983e-01	1.522934e-08	7.071529e-15	1.569990e-02
2	192	R1	6.653006e-01	6.653006e-01	1.414238e-08	7.352399e-15	1.510015e-02
2	193	R1	6.504996e-01	6.504996e-01	1.447642e-08	-4.286551e-15	2.590015e-02
2	194	R1	7.207986e-01	7.207986e-01	1.300961e-08	-4.744534e-15	2.340004e-02
2	195	R1	7.469989e-01	7.469989e-01	1.253204e-08	1.785824e-07	5.939989e-02
2	196	R1	7.146022e-01	7.146022e-01	1.312755e-08	0.000000e+00	1.240006e-01
2	197	R1	6.806008e-01	6.806008e-01	1.381204e-08	-2.803593e-15	7.920000e-02
2	198	R1	6.556990e-01	6.556990e-01	1.435739e-08	6.454861e-15	1.719980e-02
2	199	R1	6.301991e-01	6.301991e-01	1.495960e-08	0.000000e+00	5.699990e-02
2	200	R1	6.548017e-01	6.548017e-01	1.437780e-08	-2.929327e-15	3.790027e-02
2	201	R1	7.112021e-01	7.112021e-01	1.319312e-08	0.000000e+00	2.219993e-02
2	202	R1	6.753015e-01	6.753015e-01	1.392479e-08	-6.769724e-15	1.639983e-02
2	203	R1	5.760999e-01	5.760999e-01	1.641049e-08	-7.116870e-15	1.559988e-02
2	205	R1	6.047009e-01	6.047009e-01	1.561161e-08	-4.253737e-15	2.609994e-02
2	206	R1	6.137002e-01	6.137002e-01	1.537541e-08	-1.627889e-15	6.820017e-02
2	207	R1	6.931977e-01	6.931977e-01	1.355079e-08	0.000000e+00	1.649972e-02
2	208	R1	6.699988e-01	6.699988e-01	1.403937e-08	-5.312120e-15	2.089981e-02
2	209	R1	6.478992e-01	6.478992e-01	1.453665e-08	5.023677e-15	2.209981e-02
2	210	R1	6.537999e-01	6.537999e-01	1.440065e-08	3.789176e-15	2.929985e-02
2	211	R1	6.253987e-01	6.253987e-01	1.507836e-08	3.936960e-15	2.820001e-02
2	212	R1	6.776996e-01	6.776996e-01	1.387356e-08	4.253764e-15	2.609978e-02
2	213	R1	8.271025e-01	8.271025e-01	1.125488e-08	0.000000e+00	8.780063e-02
2	214	R1	6.530015e-01	6.530015e-01	1.441891e-08	-6.511555e-15	3.410009e-02
2	216	R1	5.875993e-01	5.875993e-01	1.608009e-08	0.000000e+00	1.880011e-02
2	217	R1	6.973987e-01	6.973987e-01	1.346572e-08	0.000000e+00	2.629970e-02
2	218	R1	6.904981e-01	6.904981e-01	1.360600e-08	0.000000e+00	4.819989e-02
2	219	R1	6.751009e-01	6.751009e-01	1.392910e-08	0.000000e+00	2.730010e-02
2	220	R1	7.063993e-01	7.063993e-01	1.328679e-08	0.000000e+00	1.379984e-02
2	221	R1	6.711004e-01	6.711004e-01	1.401542e-08	-8.045116e-15	2.759993e-02
2	223	R1	6.693978e-01	6.693978e-01	1.405247e-08	-5.139946e-15	2.159990e-02
2	224	R1	6.368007e-01	6.368007e-01	1.479915e-08	-7.987190e-15	2.780009e-02
2	225	R1	6.387001e-01	6.387001e-01	1.475359e-08	-3.016904e-15	3.680007e-02
2	226	R1	5.916005e-01	5.916005e-01	1.596809e-08	0.000000e+00	1.719996e-02
2	227	R1	7.157018e-01	7.157018e-01	1.310648e-08	0.000000e+00	2.280034e-02
2	229	R1	6.973014e-01	6.973014e-01	1.346768e-08	1.083149e-14	2.049991e-02
2	230	R1	7.258000e-01	7.258000e-01	1.291585e-08	0.000000e+00	7.369995e-02
2	231	R1	6.721017e-01	6.721017e-01	1.399372e-08	-3.841577e-15	2.890019e-02
2	232	R1	6.140997e-01	6.140997e-01	1.536508e-08	0.000000e+00	1.940011e-02
2	233	R1	5.961998e-01	5.961998e-01	1.584118e-08	-4.213370e-15	5.270000e-02
2	235	R1	6.836018e-01	6.836018e-01	1.374895e-08	4.848109e-15	2.290013e-02
2	236	R1	6.430992e-01	6.430992e-01	1.464909e-08	-6.492632e-15	1.709974e-02
2	237	R1	6.224015e-01	6.224015e-01	1.515342e-08	0.000000e+00	3.350016e-02
2	238	R1	6.114002e-01	6.114002e-01	1.543513e-08	0.000000e+00	1.490007e-02
2	239	R1	6.246994e-01	6.246994e-01	1.509581e-08	1.247438e-14	1.780005e-02
2	240	R1	6.007991e-01	6.007991e-01	1.571619e-08	0.000000e+00	2.549998e-02
2	241	R1	6.555013e-01	6.555013e-01	1.436188e-08	0.000000e+00	2.289990e-02
2	242	R1	6.168004e-01	6.168004e-01	1.529561e-08	-7.683217e-15	2.889995e-02
2	243	R1	5.964986e-01	5.964986e-01	1.583300e-08	0.000000e+00	2.129989e-02
2	244	R1	6.154982e-01	6.154982e-01	1.532903e-08	0.000000e+00	1.889985e-02
2	245	R1	6.224983e-01	6.224983e-01	1.515098e-08	0.000000e+00	9.109952e-02
2	247	R1	5.928983e-01	5.928983e-01	1.593209e-08	3.349820e-07	2.559970e-02
2	248	R1	6.524987e-01	6.524987e-01	1.443043e-08	-1.201542e-15	9.239982e-02
2	249	R1	7.182979e-01	7.182979e-01	1.305697e-08	7.162863e-15	1.549971e-02
2	250	R1	6.402008e-01	6.402008e-01	1.471778e-08	-6.454763e-15	1.720006e-02
2	251	R1	7.211989e-01	7.211989e-01	1.300206e-08	1.276130e-14	1.739984e-02
2	252	R1	6.712986e-01	6.712986e-01	1.401112e-08	-1.432562e-14	1.549983e-02
2	254	R1	6.425992e-01	6.425992e-01	1.466090e-08	4.340072e-07	2.129995e-02
2	255	R1	6.237019e-01	6.237019e-01	1.512076e-08	-1.470497e-14	1.509997e-02
2	256	R1	6.841022e-01	6.841022e-01	1.373848e-08	5.286682e-15	2.100037e-02
2	257	R1	6.543004e-01	6.543004e-01	1.438922e-08	7.304094e-15	1.520001e-02
2	259	R1	6.629981e-01	6.629981e-01	1.419338e-08	-1.220038e-14	1.819981e-02
2	260	R1	6.984021e-01	6.984021e-01	1.344555e-08	-6.344114e-15	1.750005e-02
2	261	R1	6.458989e-01	6.458989e-01	1.458331e-08	-1.609010e-14	1.380007e-02
2	262	R1	6.732012e-01	6.732012e-01	1.396996e-08	0.000000e+00	1.609993e-02
2	264	R1	6.756985e-01	6.756985e-01	1.391629e-08	0.000000e+00	2.529983e-02
2	265	R1	6.559011e-01	6.559011e-01	1.435280e-08	-7.501528e-15	1.479996e-02
2	266	R1	6.359017e-01	6.359017e-01	1.482081e-08	-7.026733e-15	1.579999e-02
2	267	R1	7.074988e-01	7.074988e-01	1.326524e-08	0.000000e+00	2.350003e-02
2	268	R1	1.028500e+00	1.028500e+00	8.896213e-09	2.039443e-07	6.829973e-02
2	269	R1	1.235401e+00	1.235401e+00	7.237967e-09	4.827045e-15	4.600011e-02
2	270	R1	1.301500e+00	1.301500e+00	6.811223e-09	5.058056e-15	4.389920e-02
2	271	R1	9.785023e-01	9.785023e-01	2.452561e-10	7.451112e-15	1.490010e-02


