0	4	R2	1.302711e+01	1.302711e+01	8.948735e-09	1.174384e-15	1.512586e+00
0	5	R2	1.376728e+01	1.376728e+01	9.516662e-09	0.000000e+00	1.804401e-01
0	6	R2	1.651064e+01	1.651064e+01	1.160100e-08	0.000000e+00	2.338919e-01
0	7	R2	1.542139e+01	1.542139e+01	1.077678e-08	1.181860e-14	3.006035e-01
0	8	R2	1.568578e+01	1.568578e+01	1.097720e-08	0.000000e+00	2.497344e-01
0	9	R2	1.713209e+01	1.713209e+01	1.206962e-08	1.118697e-14	3.175761e-01
0	10	R2	1.647881e+01	1.647881e+01	1.157697e-08	0.000000e+00	2.226719e-01
0	11	R2	1.442627e+01	1.442627e+01	1.002006e-08	-5.157322e-15	3.444339e-01
0	12	R2	1.714501e+01	1.714501e+01	1.207936e-08	1.079112e-14	3.292256e-01
0	13	R2	1.733763e+01	1.733763e+01	1.222438e-08	0.000000e+00	2.633199e-01
0	14	R2	1.694255e+01	1.694255e+01	1.192681e-08	0.000000e+00	2.494464e-01
0	15	R2	1.556396e+01	1.556396e+01	1.088488e-08	1.761363e-14	3.025538e-01
0	17	R2	1.561378e+01	1.561378e+01	1.092264e-08	-7.877211e-15	2.255058e-01
0	18	R2	1.610099e+01	1.610099e+01	1.129147e-08	0.000000e+00	2.773887e-01
0	20	R2	1.669449e+01	1.669449e+01	1.173976e-08	-1.246058e-14	2.851163e-01
0	22	R2	1.731392e+01	1.731392e+01	1.220653e-08	-9.244458e-15	3.843074e-01
0	23	R2	1.579629e+01	1.579629e+01	1.106090e-08	-4.631760e-15	3.835166e-01
0	24	R2	1.623166e+01	1.623166e+01	1.139026e-08	0.000000e+00	4.423606e-01
0	25	R2	1.624088e+01	1.624088e+01	1.139724e-08	1.708202e-14	4.159595e-01
0	26	R2	1.702070e+01	1.702070e+01	1.198570e-08	0.000000e+00	3.606816e-01
0	27	R2	1.635510e+01	1.635510e+01	1.148354e-08	-8.675180e-15	4.095262e-01
0	28	R2	1.650710e+01	1.650710e+01	1.159833e-08	7.002273e-15	5.073657e-01
0	29	R2	1.530479e+01	1.530479e+01	1.068831e-08	0.000000e+00	4.345092e-01
0	30	R2	1.521028e+01	1.521028e+01	1.061656e-08	0.000000e+00	3.525815e-01
0	31	R2	1.514371e+01	1.514371e+01	1.056601e-08	-8.852325e-15	2.006656e-01
0	32	R2	1.155014e+01	1.155014e+01	7.805959e-09	4.800085e-15	3.700678e-01
0	33	R2	1.450326e+01	1.450326e+01	1.007875e-08	8.361369e-15	2.124481e-01
0	34	R2	1.432418e+01	1.432418e+01	9.942209e-09	0.000000e+00	2.185191e-01
0	35	R2	1.550003e+01	1.550003e+01	1.083642e-08	-7.371640e-15	4.819434e-01
0	36	R2	1.896454e+01	1.896454e+01	1.344573e-08	-5.209996e-15	6.819033e-01
0	37	R2	1.654150e+01	1.654150e+01	1.162430e-08	0.000000e+00	1.909877e-01
0	38	R2	1.611448e+01	1.611448e+01	1.130168e-08	8.936194e-15	3.975645e-01
0	39	R2	1.616501e+01	1.616501e+01	1.133989e-08	-9.003911e-15	3.945745e-01
0	40	R2	1.787470e+01	1.787470e+01	1.262825e-08	8.028474e-15	4.425142e-01
0	41	R2	1.688391e+01	1.688391e+01	1.188260e-08	1.103876e-14	3.218398e-01
0	42	R2	1.680870e+01	1.680870e+01	1.182590e-08	1.028171e-14	3.455371e-01
0	43	R2	1.425842e+01	1.425842e+01	9.892030e-09	-5.358446e-07	3.604554e-01
0	44	R2	1.626360e+01	1.626360e+01	1.141441e-08	0.000000e+00	5.126101e-01
0	46	R2	1.669393e+01	1.669393e+01	1.173934e-08	0.000000e+00	9.260783e-01
0	47	R2	1.699437e+01	1.699437e+01	1.196587e-08	0.000000e+00	8.895310e-01
0	49	R2	1.787502e+01	1.787502e+01	1.262849e-08	-7.104817e-15	5.000430e-01
0	51	R2	1.773993e+01	1.773993e+01	1.252697e-08	0.000000e+00	4.783519e-01
0	52	R2	1.509662e+01	1.509662e+01	1.053023e-08	-2.639115e-15	2.019264e+00
0	53	R2	1.643710e+01	1.643710e+01	1.154547e-08	6.855852e-15	5.182016e-01
0	54	R2	1.747274e+01	1.747274e+01	1.232605e-08	1.745975e-14	4.069605e-01
0	55	R2	1.681096e+01	1.681096e+01	1.182760e-08	4.468949e-15	7.949774e-01
0	56	R2	1.761959e+01	1.761959e+01	1.243650e-08	5.684924e-15	6.249360e-01
0	57	R2	1.578183e+01	1.578183e+01	1.104995e-08	7.132066e-15	2.490662e-01
0	59	R2	1.695145e+01	1.695145e+01	1.193352e-08	8.182424e-15	4.341884e-01
0	60	R2	1.682312e+01	1.682312e+01	1.183677e-08	-8.753825e-15	4.058470e-01
0	61	R2	1.665640e+01	1.665640e+01	1.171101e-08	1.943179e-14	3.656600e-01
0	62	R2	1.634521e+01	1.634521e+01	1.147607e-08	2.935492e-14	2.420523e-01
0	63	R2	1.688847e+01	1.688847e+01	1.188604e-08	0.000000e+00	3.342783e-01
0	64	R2	1.456219e+01	1.456219e+01	1.012365e-08	-3.532924e-07	5.604675e-01
0	65	R2	1.624590e+01	1.624590e+01	1.140103e-08	-9.270564e-15	3.832252e-01
0	66	R2	1.731092e+01	1.731092e+01	1.220428e-08	-1.290043e-14	2.753949e-01
0	67	R2	1.477978e+01	1.477978e+01	1.028933e-08	0.000000e+00	1.465745e-01
0	70	R2	1.461070e+01	1.461070e+01	1.016061e-08	-1.874154e-14	1.895636e-01
0	71	R2	1.677402e+01	1.677402e+01	1.179975e-08	1.541707e-14	2.304402e-01
0	72	R2	1.718656e+01	1.718656e+01	1.211065e-08	0.000000e+00	2.342346e-01
0	73	R2	1.592154e+01	1.592154e+01	1.115572e-08	0.000000e+00	3.414583e-01
0	74	R2	1.450305e+01	1.450305e+01	1.007859e-08	0.000000e+00	1.897254e-01
0	75	R2	1.428327e+01	1.428327e+01	9.910990e-09	-6.192840e-15	2.868404e-01
0	76	R2	1.624088e+01	1.624088e+01	1.139724e-08	2.224471e-14	3.194210e-01
0	78	R2	1.817917e+01	1.817917e+01	1.285690e-08	0.000000e+00	2.422436e-01
0	79	R2	1.497432e+01	1.497432e+01	1.043729e-08	-8.971712e-15	1.979953e-01
0	80	R2	1.705175e+01	1.705175e+01	1.200910e-08	0.000000e+00	2.378435e-01
0	83	R2	1.423710e+01	1.423710e+01	9.875762e-09	9.619854e-15	3.693106e-01
0	84	R2	1.466469e+01	1.466469e+01	1.020172e-08	6.064671e-15	2.929024e-01
0	86	R2	1.624933e+01	1.624933e+01	1.140362e-08	-8.494428e-15	4.182405e-01
0	87	R2	1.724227e+01	1.724227e+01	1.215260e-08	-4.499282e-15	7.896179e-01
0	88	R2	2.042651e+01	2.042651e+01	1.453864e-08	9.524332e-15	3.730145e-01
0	89	R2	1.662345e+01	1.662345e+01	1.168615e-08	1.417460e-14	2.506394e-01
0	90	R2	1.559843e+01	1.559843e+01	1.091101e-08	0.000000e+00	2.294424e-01
0	91	R2	1.498891e+01	1.498891e+01	1.044838e-08	-2.006753e-14	1.770379e-01
0	92	R2	1.595889e+01	1.595889e+01	1.118398e-08	4.348310e-15	4.085166e-01
0	93	R2	1.752603e+01	1.752603e+01	1.236613e-08	2.814177e-14	2.524868e-01
0	94	R2	1.389005e+01	1.389005e+01	9.610596e-09	0.000000e+00	1.749906e-01
0	95	R2	1.531065e+01	1.531065e+01	1.069276e-08	-1.103830e-14	3.218533e-01
0	96	R2	1.552699e+01	1.552699e+01	1.085685e-08	1.089957e-14	3.259500e-01
0	97	R2	1.757130e+01	1.757130e+01	1.240018e-08	-5.500358e-15	6.459059e-01
0	98	R2	1.904182e+01	1.904182e+01	1.350360e-08	0.000000e+00	4.833335e-01
0	99	R2	1.824052e+01	1.824052e+01	1.290294e-08	6.652896e-15	5.340101e-01
0	100	R2	1.673752e+01	1.673752e+01	1.177222e-08	1.310094e-14	2.711800e-01
0	101	R2	1.828254e+01	1.828254e+01	1.293448e-08	8.064395e-15	4.405431e-01
0	102	R2	1.817917e+01	1.817917e+01	1.285690e-08	0.000000e+00	3.879863e-01
0	104	R2	1.734575e+01	1.734575e+01	1.223049e-08	0.000000e+00	3.733861e-01
0	105	R2	1.989100e+01	1.989100e+01	1.413876e-08	0.000000e+00	7.141515e-01
0	106	R2	2.414876e+01	2.414876e+01	1.730683e-08	0.000000e+00	1.047943e+00
0	107	R2	1.782182e+01	1.782182e+01	1.258852e-08	0.000000e+00	7.857849e-01
0	108	R2	1.972309e+01	1.972309e+01	1.401328e-08	0.000000e+00	1.338550e+00
0	109	R2	1.753525e+01	1.753525e+01	1.237307e-08	1.093104e-14	6.500230e-01
0	110	R2	1.739857e+01	1.739857e+01	1.227024e-08	0.000000e+00	6.456807e-01
0	111	R2	1.693193e+01	1.693193e+01	1.191881e-08	0.000000e+00	5.232099e-01
0	112	R2	1.594871e+01	1.594871e+01	1.117628e-08	-5.618340e-15	3.161711e-01
0	113	R2	1.616527e+01	1.616527e+01	1.134008e-08	-1.338136e-14	2.654971e-01
0	114	R2	1.652264e+01	1.652264e+01	1.161007e-08	0.000000e+00	3.221374e-01
0	115	R2	1.575597e+01	1.575597e+01	1.103037e-08	0.000000e+00	3.954633e-01
0	116	R2	1.736774e+01	1.736774e+01	1.224705e-08	0.000000e+00	4.593955e-01
0	117	R2	1.650437e+01	1.650437e+01	1.159627e-08	0.000000e+00	3.565642e-01
0	118	R2	1.530362e+01	1.530362e+01	1.068742e-08	-8.086094e-15	2.196804e-01
0	119	R2	1.536807e+01	1.536807e+01	1.073632e-08	0.000000e+00	1.835099e-01
0	120	R2	1.487874e+01	1.487874e+01	1.036461e-08	1.315431e-14	2.700798e-01
0	121	R2	1.681746e+01	1.681746e+01	1.183251e-08	-1.117565e-14	3.178976e-01
0	122	R2	1.622271e+01	1.622271e+01	1.138350e-08	-1.210706e-14	2.934414e-01
0	125	R2	1.731452e+01	1.731452e+01	1.220698e-08	1.103405e-14	3.219772e-01
0	126	R2	2.155405e+01	2.155405e+01	1.537911e-08	-2.799122e-15	1.269224e+00
0	127	R2	1.767097e+01	1.767097e+01	1.247513e-08	0.000000e+00	4.243655e-01
0	128	R2	1.834896e+01	1.834896e+01	1.298431e-08	-2.129578e-14	3.336542e-01
0	129	R2	1.702359e+01	1.702359e+01	1.198789e-08	-1.014824e-14	3.500818e-01
0	130	R2	1.729356e+01	1.729356e+01	1.219121e-08	-4.927133e-15	7.210509e-01
0	131	R2	1.949432e+01	1.949432e+01	1.384223e-08	1.391153e-14	5.107582e-01
0	132	R2	1.617547e+01	1.617547e+01	1.134779e-08	0.000000e+00	2.888571e-01
0	133	R2	1.104985e+01	1.104985e+01	7.415473e-09	-3.145618e-15	1.129417e+00
0	134	R2	1.785204e+01	1.785204e+01	1.261123e-08	8.953958e-15	3.967758e-01
0	135	R2	1.757716e+01	1.757716e+01	1.240460e-08	0.000000e+00	3.559181e-01
0	136	R2	1.651937e+01	1.651937e+01	1.160759e-08	7.318083e-15	4.854705e-01
0	138	R2	1.516185e+01	1.516185e+01	1.057979e-08	-4.558857e-15	3.896496e-01
0	139	R2	1.761928e+01	1.761928e+01	1.243627e-08	0.000000e+00	5.656201e-01
0	140	R2	1.657495e+01	1.657495e+01	1.164955e-08	0.000000e+00	5.359963e-01
0	141	R2	1.580753e+01	1.580753e+01	1.106941e-08	3.768300e-15	9.427894e-01
0	142	R2	1.675659e+01	1.675659e+01	1.178660e-08	-1.080979e-14	6.573140e-01
0	143	R2	1.635537e+01	1.635537e+01	1.148374e-08	0.000000e+00	1.040568e+00
0	144	R2	1.733823e+01	1.733823e+01	1.222484e-08	0.000000e+00	6.793885e-01
0	147	R2	1.785204e+01	1.785204e+01	1.261123e-08	2.478914e-15	1.433173e+00
0	149	R2	1.787917e+01	1.787917e+01	1.263161e-08	0.000000e+00	5.216930e-01
0	150	R2	1.692276e+01	1.692276e+01	1.191190e-08	-9.045275e-15	7.855402e-01
0	153	R2	1.591343e+01	1.591343e+01	1.114958e-08	3.646471e-15	1.461432e+00
0	154	R2	1.576516e+01	1.576516e+01	1.103733e-08	1.157434e-14	3.069473e-01
0	155	R2	1.380739e+01	1.380739e+01	9.547359e-09	-3.597555e-15	4.937678e-01
0	156	R2	1.753894e+01	1.753894e+01	1.237585e-08	0.000000e+00	4.515778e-01
0	157	R2	1.605008e+01	1.605008e+01	1.125297e-08	0.000000e+00	6.056292e-01
0	158	R2	1.558701e+01	1.558701e+01	1.090235e-08	-3.870551e-15	4.589416e-01
0	159	R2	1.583481e+01	1.583481e+01	1.109007e-08	-7.251200e-15	4.899484e-01
0	160	R2	1.568947e+01	1.568947e+01	1.098000e-08	0.000000e+00	3.254230e-01
0	164	R2	1.613918e+01	1.613918e+01	1.132036e-08	0.000000e+00	3.823748e-01
0	165	R2	1.727683e+01	1.727683e+01	1.217861e-08	-1.254198e-14	2.832658e-01
0	168	R2	1.740190e+01	1.740190e+01	1.227275e-08	-8.428063e-15	4.215338e-01
0	169	R2	1.861262e+01	1.861262e+01	1.318204e-08	3.771692e-15	9.419417e-01
0	170	R2	1.574878e+01	1.574878e+01	1.102492e-08	-6.440682e-15	2.758026e-01
0	171	R2	1.572401e+01	1.572401e+01	1.100616e-08	7.507434e-15	2.366130e-01
0	172	R2	1.659613e+01	1.659613e+01	1.166554e-08	0.000000e+00	3.564085e-01
0	173	R2	1.552771e+01	1.552771e+01	1.085740e-08	-2.303038e-15	7.713101e-01
0	174	R2	1.387598e+01	1.387598e+01	9.599834e-09	7.707419e-15	2.304736e-01
0	175	R2	1.406272e+01	1.406272e+01	9.742594e-09	0.000000e+00	1.108841e+00
0	176	R2	1.540975e+01	1.540975e+01	1.076794e-08	1.647720e-14	2.156139e-01
0	177	R2	1.572030e+01	1.572030e+01	1.100335e-08	8.416867e-15	2.110473e-01
0	178	R2	1.654752e+01	1.654752e+01	1.162885e-08	0.000000e+00	3.718483e-01
0	179	R2	1.498352e+01	1.498352e+01	1.044428e-08	7.704282e-15	2.305675e-01
0	180	R2	1.510848e+01	1.510848e+01	1.053924e-08	1.136052e-14	1.563623e-01
0	181	R2	1.599667e+01	1.599667e+01	1.121257e-08	0.000000e+00	2.937658e-01
0	183	R2	1.546982e+01	1.546982e+01	1.081351e-08	-7.171656e-15	2.476913e-01
0	184	R2	1.567693e+01	1.567693e+01	1.097050e-08	1.109414e-14	3.202333e-01
0	185	R2	1.690246e+01	1.690246e+01	1.189659e-08	1.026025e-14	3.462599e-01
0	186	R2	1.638216e+01	1.638216e+01	1.150398e-08	1.297829e-14	2.737428e-01
0	187	R2	1.572698e+01	1.572698e+01	1.100841e-08	-1.806768e-14	1.966336e-01
0	188	R2	1.582028e+01	1.582028e+01	1.107907e-08	0.000000e+00	2.172442e-01
0	190	R2	1.737952e+01	1.737952e+01	1.225591e-08	-2.015208e-14	5.288853e-01
0	191	R2	1.628691e+01	1.628691e+01	1.143202e-08	0.000000e+00	2.962993e-01
0	192	R2	1.593956e+01	1.593956e+01	1.116935e-08	-5.099649e-15	3.483293e-01
0	193	R2	1.641928e+01	1.641928e+01	1.153202e-08	0.000000e+00	9.999199e-01
0	194	R2	1.680955e+01	1.680955e+01	1.182654e-08	0.000000e+00	3.808921e-01
0	195	R2	1.703084e+01	1.703084e+01	1.199335e-08	2.392313e-14	2.970108e-01
0	196	R2	1.960208e+01	1.960208e+01	1.392281e-08	1.236433e-15	2.873358e+00
0	197	R2	1.720371e+01	1.720371e+01	1.212356e-08	-3.612859e-14	3.933410e-01
0	198	R2	1.756358e+01	1.756358e+01	1.239438e-08	6.988386e-15	5.083740e-01
0	199	R2	1.990446e+01	1.990446e+01	1.414882e-08	2.420311e-15	1.467875e+00
0	200	R2	1.740069e+01	1.740069e+01	1.227184e-08	0.000000e+00	9.489246e-01
0	201	R2	1.557851e+01	1.557851e+01	1.089591e-08	-1.543211e-15	1.151078e+00
0	202	R2	1.641955e+01	1.641955e+01	1.153222e-08	0.000000e+00	4.073682e-01
0	203	R2	1.566931e+01	1.566931e+01	1.096473e-08	6.589127e-15	2.695891e-01
0	205	R2	1.543305e+01	1.543305e+01	1.078562e-08	1.037284e-14	1.712508e-01
0	206	R2	1.413428e+01	1.413428e+01	9.797254e-09	-9.384343e-15	3.785788e-01
0	207	R2	1.432316e+01	1.432316e+01	9.941427e-09	0.000000e+00	2.562360e-01
0	208	R2	1.665445e+01	1.665445e+01	1.170955e-08	-8.030429e-15	4.424065e-01
0	209	R2	1.560866e+01	1.560866e+01	1.091876e-08	1.426849e-14	2.489901e-01
0	210	R2	1.712417e+01	1.712417e+01	1.206366e-08	-4.762381e-15	7.459952e-01
0	211	R2	1.691475e+01	1.691475e+01	1.190586e-08	0.000000e+00	4.397492e-01
0	212	R2	2.160807e+01	2.160807e+01	1.541933e-08	-2.375588e-15	1.495509e+00
0	213	R2	2.098328e+01	2.098328e+01	1.495389e-08	0.000000e+00	3.234869e+00
0	214	R2	1.889323e+01	1.889323e+01	1.339233e-08	-3.128844e-15	1.135472e+00
0	216	R2	1.689446e+01	1.689446e+01	1.189056e-08	0.000000e+00	4.184298e-01
0	217	R2	1.719513e+01	1.719513e+01	1.211710e-08	6.354154e-15	5.591167e-01
0	218	R2	1.699611e+01	1.699611e+01	1.196717e-08	0.000000e+00	5.526039e-01
0	219	R2	1.910402e+01	1.910402e+01	1.355018e-08	5.155949e-15	6.890513e-01
0	220	R2	1.824252e+01	1.824252e+01	1.290444e-08	0.000000e+00	3.780487e-01
0	221	R2	1.848566e+01	1.848566e+01	1.308685e-08	5.157034e-15	6.889064e-01
0	223	R2	1.759603e+01	1.759603e+01	1.241878e-08	0.000000e+00	5.018945e-01
0	224	R2	1.707796e+01	1.707796e+01	1.202885e-08	0.000000e+00	7.413915e-01
0	225	R2	1.599821e+01	1.599821e+01	1.121373e-08	4.412237e-15	4.025978e-01
0	226	R2	1.561475e+01	1.561475e+01	1.092338e-08	-1.275177e-14	4.179083e-01
0	227	R2	1.714501e+01	1.714501e+01	1.207936e-08	7.782393e-15	4.565066e-01
0	229	R2	1.530433e+01	1.530433e+01	1.068796e-08	1.203819e-14	2.951202e-01
0	230	R2	1.510300e+01	1.510300e+01	1.053508e-08	8.905203e-15	3.989481e-01
0	231	R2	1.474578e+01	1.474578e+01	1.026346e-08	0.000000e+00	1.065012e+00
0	232	R2	1.348418e+01	1.348418e+01	9.299772e-09	-8.842601e-07	2.043691e-01
0	233	R2	1.727653e+01	1.727653e+01	1.217839e-08	-1.133595e-14	3.134023e-01
0	235	R2	1.602410e+01	1.602410e+01	1.123332e-08	-7.799366e-15	4.555132e-01
0	236	R2	1.549403e+01	1.549403e+01	1.083186e-08	8.003771e-15	4.438800e-01
0	237	R2	1.620010e+01	1.620010e+01	1.136641e-08	1.552416e-14	4.577012e-01
0	238	R2	1.771260e+01	1.771260e+01	1.250643e-08	0.000000e+00	6.309232e-01
0	239	R2	1.694743e+01	1.694743e+01	1.193049e-08	6.792703e-15	5.230192e-01
0	240	R2	1.588058e+01	1.588058e+01	1.112472e-08	8.777131e-15	4.047694e-01
0	241	R2	1.770915e+01	1.770915e+01	1.250383e-08	-5.809388e-15	6.115469e-01
0	242	R2	1.694197e+01	1.694197e+01	1.192638e-08	0.000000e+00	3.668249e-01
0	243	R2	1.712065e+01	1.712065e+01	1.206101e-08	0.000000e+00	5.296617e-01
0	244	R2	1.684806e+01	1.684806e+01	1.185558e-08	-1.015897e-14	3.497122e-01
0	245	R2	1.728668e+01	1.728668e+01	1.218603e-08	-4.616998e-15	7.694857e-01
0	247	R2	1.736443e+01	1.736443e+01	1.224455e-08	0.000000e+00	4.954028e-01
0	248	R2	1.851235e+01	1.851235e+01	1.310686e-08	0.000000e+00	3.733450e+00
0	249	R2	1.612825e+01	1.612825e+01	1.131209e-08	-1.212962e-14	2.928957e-01
0	250	R2	1.736443e+01	1.736443e+01	1.224455e-08	0.000000e+00	5.083683e-01
0	251	R2	1.809071e+01	1.809071e+01	1.279049e-08	7.970252e-15	4.457467e-01
0	252	R2	1.705146e+01	1.705146e+01	1.200888e-08	9.486830e-15	3.744890e-01
0	254	R2	1.727175e+01	1.727175e+01	1.217479e-08	0.000000e+00	2.801164e-01
0	255	R2	1.631348e+01	1.631348e+01	1.145210e-08	-9.787068e-15	3.630008e-01
0	256	R2	1.757933e+01	1.757933e+01	1.240622e-08	1.084551e-14	3.275747e-01
0	257	R2	1.796945e+01	1.796945e+01	1.269943e-08	0.000000e+00	3.406608e-01
0	259	R2	1.699235e+01	1.699235e+01	1.196435e-08	0.000000e+00	4.377300e-01
0	260	R2	1.710308e+01	1.710308e+01	1.204777e-08	0.000000e+00	3.074336e-01
0	261	R2	1.671319e+01	1.671319e+01	1.175386e-08	0.000000e+00	2.181572e-01
0	262	R2	1.935359e+01	1.935359e+01	1.373696e-08	5.995572e-15	5.925562e-01
0	264	R2	1.695835e+01	1.695835e+01	1.193872e-08	1.418322e-14	2.504871e-01
0	265	R2	1.731212e+01	1.731212e+01	1.220518e-08	-1.094539e-14	3.245854e-01
0	266	R2	1.628797e+01	1.628797e+01	1.143282e-08	0.000000e+00	3.703560e-01
0	267	R2	1.313836e+01	1.313836e+01	9.034281e-09	0.000000e+00	1.645035e-01
0	268	R2	1.049593e+01	1.049593e+01	6.980830e-09	0.000000e+00	8.328444e-02
0	269	R2	6.187200e+00	6.187200e+00	3.517847e-09	-9.477646e-15	9.371297e-02
0	270	R2	3.599997e+00	3.599997e+00	1.630802e-09	-4.679257e-15	9.490593e-02
0	271	R2	1.799299e+00	1.799299e+00	6.178206e-10	0.000000e+00	2.900132e-02


1	4	NOE	5.715670e-01	5.715670e-01	1.983302e-09	-2.586727e-15	4.292000e-02
1	5	NOE	6.934330e-01	6.934330e-01	2.744958e-09	-5.901675e-15	1.881200e-02
1	6	NOE	7.979670e-01	7.979670e-01	5.459244e-09	5.558341e-15	1.997400e-02
1	7	NOE	7.726670e-01	7.726670e-01	4.183268e-09	0.000000e+00	2.201300e-02
1	8	NOE	7.930670e-01	7.930670e-01	5.123008e-09	-5.031830e-15	2.206400e-02
1	9	NOE	8.584330e-01	8.344307e-01	1.991206e-05	9.097309e-01	2.638400e-02
1	10	NOE	7.652670e-01	7.652670e-01	3.949997e-09	5.580693e-15	1.989400e-02
1	11	NOE	8.594670e-01	8.344307e-01	3.055086e-05	1.219025e+00	2.053800e-02
1	12	NOE	8.282330e-01	8.282330e-01	1.328471e-08	0.000000e+00	2.615700e-02
1	13	NOE	7.911670e-01	7.911670e-01	5.008232e-09	0.000000e+00	2.165100e-02
1	14	NOE	8.438000e-01	8.344307e-01	2.064385e-05	4.419084e-01	2.120200e-02
1	15	NOE	8.233000e-01	8.233000e-01	9.907806e-09	4.378196e-15	2.535800e-02
1	17	NOE	8.210670e-01	8.210670e-01	9.040072e-09	0.000000e+00	2.330400e-02
1	18	NOE	7.909670e-01	7.909670e-01	4.996588e-09	5.752451e-15	1.930000e-02
1	20	NOE	8.255000e-01	8.255000e-01	1.106364e-08	0.000000e+00	2.362300e-02
1	22	NOE	7.295000e-01	7.295000e-01	3.194489e-09	-1.224419e-07	2.497000e-02
1	23	NOE	7.799670e-01	7.799670e-01	4.458308e-09	3.734101e-15	2.973200e-02
1	24	NOE	8.082330e-01	8.082330e-01	6.447754e-09	0.000000e+00	3.171300e-02
1	25	NOE	8.466670e-01	8.344307e-01	1.497659e-05	3.985780e-01	3.070000e-02
1	26	NOE	7.914330e-01	7.914330e-01	5.023843e-09	0.000000e+00	2.679800e-02
1	27	NOE	8.226330e-01	8.226330e-01	9.622970e-09	0.000000e+00	3.026600e-02
1	28	NOE	7.985000e-01	7.985000e-01	5.499901e-09	6.729032e-15	3.299800e-02
1	29	NOE	8.126000e-01	8.126000e-01	7.066574e-09	-1.905615e-08	3.398300e-02
1	30	NOE	6.815000e-01	6.815000e-01	2.632238e-09	8.222352e-15	2.700500e-02
1	31	NOE	6.247000e-01	6.247000e-01	2.233626e-09	1.364581e-14	1.627200e-02
1	32	NOE	6.258000e-01	6.258000e-01	2.239781e-09	-5.252758e-15	2.113600e-02
1	33	NOE	7.298330e-01	7.298330e-01	3.199686e-09	-1.390399e-07	2.192100e-02
1	34	NOE	7.214670e-01	7.214670e-01	3.076121e-09	0.000000e+00	1.881000e-02
1	35	NOE	7.142330e-01	7.142330e-01	2.979765e-09	-4.661864e-15	2.381500e-02
1	36	NOE	7.909670e-01	7.909670e-01	4.996588e-09	3.159428e-15	3.514000e-02
1	37	NOE	7.902330e-01	7.902330e-01	4.954535e-09	0.000000e+00	1.565000e-02
1	38	NOE	8.764000e-01	8.344307e-01	2.665116e-05	1.161942e+00	3.612000e-02
1	39	NOE	8.303330e-01	8.303330e-01	1.634162e-08	0.000000e+00	2.874800e-02
1	40	NOE	8.192330e-01	8.192330e-01	8.475422e-09	0.000000e+00	2.913600e-02
1	41	NOE	8.133330e-01	8.133330e-01	7.188846e-09	-4.819513e-15	2.303600e-02
1	42	NOE	8.455330e-01	8.344307e-01	1.765901e-05	4.106351e-01	2.703700e-02
1	43	NOE	8.073670e-01	8.073670e-01	6.343169e-09	0.000000e+00	2.330100e-02
1	44	NOE	7.897330e-01	7.897330e-01	4.926481e-09	0.000000e+00	3.392100e-02
1	46	NOE	8.033670e-01	8.033670e-01	5.918170e-09	0.000000e+00	4.732400e-02
1	47	NOE	8.052670e-01	8.052670e-01	6.109153e-09	-2.402040e-15	4.622000e-02
1	49	NOE	8.201670e-01	8.201670e-01	8.749384e-09	0.000000e+00	3.059300e-02
1	51	NOE	8.726000e-01	8.344307e-01	2.621001e-05	1.377656e+00	2.770600e-02
1	52	NOE	8.558000e-01	8.344307e-01	1.963662e-05	9.025359e-01	2.367700e-02
1	53	NOE	8.527670e-01	8.344307e-01	2.469888e-05	4.701385e-01	3.900200e-02
1	54	NOE	8.659670e-01	8.344307e-01	3.723010e-05	1.054304e+00	2.991200e-02
1	55	NOE	7.942000e-01	7.942000e-01	5.195277e-09	0.000000e+00	2.166200e-02
1	56	NOE	8.197000e-01	8.197000e-01	8.609149e-09	0.000000e+00	2.022600e-02
1	57	NOE	7.990000e-01	7.990000e-01	5.538869e-09	5.333764e-15	2.081500e-02
1	59	NOE	8.632000e-01	8.344307e-01	3.311374e-05	8.370480e-01	3.437000e-02
1	60	NOE	8.504670e-01	8.344307e-01	2.867376e-05	5.558716e-01	2.884900e-02
1	61	NOE	8.174000e-01	8.174000e-01	8.004774e-09	0.000000e+00	2.529600e-02
1	62	NOE	8.375000e-01	8.344307e-01	2.547307e-05	1.402614e-01	2.188300e-02
1	63	NOE	8.379000e-01	8.344307e-01	3.306645e-05	1.531785e-01	2.264900e-02
1	64	NOE	8.017670e-01	8.017670e-01	5.770414e-09	0.000000e+00	2.253500e-02
1	65	NOE	7.827670e-01	7.827670e-01	4.578905e-09	0.000000e+00	2.110300e-02
1	66	NOE	7.912670e-01	7.912670e-01	5.014084e-09	-4.482128e-15	2.477000e-02
1	67	NOE	7.348000e-01	7.348000e-01	3.280246e-09	-7.347118e-15	1.511100e-02
1	70	NOE	7.983000e-01	7.983000e-01	5.484540e-09	5.882600e-15	1.887300e-02
1	71	NOE	8.330330e-01	8.330330e-01	2.798896e-08	0.000000e+00	2.075500e-02
1	72	NOE	8.004330e-01	8.004330e-01	5.655263e-09	0.000000e+00	1.852300e-02
1	73	NOE	7.780000e-01	7.780000e-01	4.378991e-09	0.000000e+00	2.854200e-02
1	74	NOE	7.122670e-01	7.122670e-01	2.955057e-09	-6.511572e-15	1.705000e-02
1	75	NOE	7.407670e-01	7.407670e-01	3.385312e-09	0.000000e+00	2.854200e-02
1	76	NOE	7.744670e-01	7.744670e-01	4.246414e-09	0.000000e+00	2.561900e-02
1	78	NOE	7.671000e-01	7.671000e-01	4.004194e-09	0.000000e+00	2.002300e-02
1	79	NOE	7.460000e-01	7.460000e-01	3.486016e-09	-1.086537e-14	2.043600e-02
1	80	NOE	7.735670e-01	7.735670e-01	4.214493e-09	-5.364433e-15	2.069600e-02
1	83	NOE	7.496330e-01	7.496330e-01	3.561310e-09	0.000000e+00	2.723100e-02
1	84	NOE	8.279330e-01	8.279330e-01	1.297399e-08	0.000000e+00	2.764800e-02
1	86	NOE	7.410000e-01	7.410000e-01	3.389616e-09	-3.368191e-15	3.296200e-02
1	87	NOE	7.460000e-01	7.460000e-01	3.486016e-09	-4.884932e-15	4.545500e-02
1	88	NOE	8.209000e-01	8.209000e-01	8.983951e-09	0.000000e+00	2.483200e-02
1	89	NOE	7.381000e-01	7.381000e-01	3.337154e-09	0.000000e+00	2.191700e-02
1	90	NOE	7.594330e-01	7.594330e-01	3.790864e-09	4.446406e-15	2.496900e-02
1	91	NOE	6.966000e-01	6.966000e-01	2.777279e-09	6.103480e-15	1.819000e-02
1	92	NOE	7.757330e-01	7.757330e-01	4.292549e-09	3.346364e-15	3.317700e-02
1	93	NOE	7.744670e-01	7.744670e-01	4.246414e-09	0.000000e+00	1.880900e-02
1	94	NOE	6.998000e-01	6.998000e-01	2.811077e-09	0.000000e+00	1.623700e-02
1	95	NOE	7.319000e-01	7.319000e-01	3.232504e-09	-1.022058e-07	2.924500e-02
1	96	NOE	8.145670e-01	8.145670e-01	7.409756e-09	0.000000e+00	2.730000e-02
1	97	NOE	8.572000e-01	8.344307e-01	2.202038e-05	5.203707e-01	4.375600e-02
1	98	NOE	7.811670e-01	7.811670e-01	4.508832e-09	0.000000e+00	2.835000e-02
1	99	NOE	8.520670e-01	8.344307e-01	2.665013e-05	5.902587e-01	2.987900e-02
1	100	NOE	8.445670e-01	8.344307e-01	2.418162e-05	4.193422e-01	2.417200e-02
1	101	NOE	7.828330e-01	7.828330e-01	4.581866e-09	-4.181316e-15	2.655200e-02
1	102	NOE	7.963670e-01	7.963670e-01	5.342357e-09	0.000000e+00	2.604100e-02
1	104	NOE	7.995670e-01	7.995670e-01	5.584067e-09	0.000000e+00	2.661800e-02
1	105	NOE	7.752670e-01	7.752670e-01	4.275396e-09	0.000000e+00	3.988000e-02
1	106	NOE	8.553330e-01	8.344307e-01	3.041414e-05	6.114477e-01	3.418500e-02
1	107	NOE	8.238670e-01	8.238670e-01	1.017084e-08	-2.527082e-15	4.393300e-02
1	108	NOE	8.586670e-01	8.344307e-01	2.365333e-05	5.822684e-01	4.162400e-02
1	109	NOE	8.176330e-01	8.176330e-01	8.060300e-09	0.000000e+00	4.133600e-02
1	110	NOE	8.408670e-01	8.344307e-01	2.744166e-05	1.819306e-01	3.537800e-02
1	111	NOE	8.149670e-01	8.149670e-01	7.485828e-09	-3.269304e-15	3.395900e-02
1	112	NOE	8.176330e-01	8.176330e-01	8.060300e-09	0.000000e+00	2.396000e-02
1	113	NOE	8.485000e-01	8.344307e-01	1.869108e-05	6.256099e-01	2.248900e-02
1	114	NOE	8.277000e-01	8.277000e-01	1.274713e-08	0.000000e+00	2.406300e-02
1	115	NOE	8.470330e-01	8.344307e-01	1.831137e-05	3.931597e-01	3.205400e-02
1	116	NOE	8.376330e-01	8.344307e-01	2.073269e-05	9.148239e-02	3.500500e-02
1	117	NOE	8.034670e-01	8.034670e-01	5.927782e-09	0.000000e+00	2.798000e-02
1	118	NOE	8.437330e-01	8.344307e-01	1.864232e-05	5.234563e-01	1.777100e-02
1	119	NOE	8.046670e-01	8.046670e-01	6.046875e-09	0.000000e+00	1.801800e-02
1	120	NOE	8.043330e-01	8.043330e-01	6.013015e-09	0.000000e+00	2.511200e-02
1	121	NOE	8.400000e-01	8.344307e-01	1.611966e-05	2.275058e-01	2.448000e-02
1	122	NOE	8.351670e-01	8.344307e-01	1.876257e-05	3.281965e-02	2.243600e-02
1	125	NOE	8.628670e-01	8.344307e-01	1.793411e-05	1.121749e+00	2.535000e-02
1	126	NOE	7.506670e-01	7.506670e-01	3.583624e-09	-4.125230e-15	2.691300e-02
1	127	NOE	7.718670e-01	7.718670e-01	4.156078e-09	-3.939615e-15	2.818100e-02
1	128	NOE	8.054330e-01	8.054330e-01	6.126723e-09	-5.297624e-15	2.095700e-02
1	129	NOE	8.290670e-01	8.290670e-01	1.428150e-08	0.000000e+00	2.465900e-02
1	130	NOE	8.231330e-01	8.231330e-01	9.834131e-09	0.000000e+00	3.428300e-02
1	131	NOE	8.295000e-01	8.295000e-01	1.489608e-08	3.909924e-15	2.839500e-02
1	132	NOE	8.446330e-01	8.344307e-01	2.561327e-05	4.748146e-01	2.148700e-02
1	133	NOE	4.567670e-01	4.567670e-01	1.633047e-09	-2.971212e-15	1.868300e-02
1	134	NOE	8.327670e-01	8.327670e-01	2.565329e-08	0.000000e+00	2.729200e-02
1	135	NOE	8.034330e-01	8.034330e-01	5.924509e-09	4.698959e-15	2.362700e-02
1	136	NOE	7.749670e-01	7.749670e-01	4.264460e-09	0.000000e+00	3.159700e-02
1	138	NOE	8.332670e-01	8.332670e-01	3.067505e-08	0.000000e+00	2.992000e-02
1	139	NOE	8.154000e-01	8.154000e-01	7.570860e-09	-3.735483e-15	2.972100e-02
1	140	NOE	8.410670e-01	8.344307e-01	2.776114e-05	1.885699e-01	3.519300e-02
1	141	NOE	7.725670e-01	7.725670e-01	4.179841e-09	0.000000e+00	5.450200e-02
1	142	NOE	7.863670e-01	7.863670e-01	4.749128e-09	-3.716306e-08	3.815000e-02
1	143	NOE	8.133000e-01	8.133000e-01	7.183205e-09	-1.648559e-08	3.802800e-02
1	144	NOE	8.403330e-01	8.344307e-01	2.275578e-05	1.408135e-01	4.191600e-02
1	147	NOE	8.187000e-01	8.187000e-01	8.330126e-09	0.000000e+00	2.989700e-02
1	149	NOE	8.222330e-01	8.222330e-01	9.463468e-09	0.000000e+00	2.756200e-02
1	150	NOE	8.326000e-01	8.326000e-01	2.445478e-08	0.000000e+00	4.516300e-02
1	153	NOE	7.843330e-01	7.843330e-01	4.650703e-09	-2.316910e-08	6.375400e-02
1	154	NOE	8.049330e-01	8.049330e-01	6.074251e-09	-5.195484e-15	2.136900e-02
1	155	NOE	7.934330e-01	7.934330e-01	5.146027e-09	0.000000e+00	3.185800e-02
1	156	NOE	8.277000e-01	8.277000e-01	1.274713e-08	0.000000e+00	2.594800e-02
1	157	NOE	8.595000e-01	8.344307e-01	2.501432e-05	7.032862e-01	3.564600e-02
1	158	NOE	8.038330e-01	8.038330e-01	5.963363e-09	0.000000e+00	2.970400e-02
1	159	NOE	8.209330e-01	8.209330e-01	8.994959e-09	-3.344347e-15	3.319700e-02
1	160	NOE	8.311330e-01	8.311330e-01	1.821785e-08	0.000000e+00	2.525200e-02
1	164	NOE	8.458670e-01	8.344307e-01	3.142490e-05	3.402964e-01	3.360700e-02
1	165	NOE	8.398330e-01	8.344307e-01	2.711306e-05	2.509798e-01	2.152500e-02
1	168	NOE	8.264670e-01	8.264670e-01	1.171731e-08	-3.901817e-15	2.845400e-02
1	169	NOE	7.783670e-01	7.783670e-01	4.393474e-09	0.000000e+00	2.665000e-02
1	170	NOE	8.729670e-01	8.344307e-01	2.225645e-05	1.371986e+00	2.808800e-02
1	171	NOE	8.431000e-01	8.344307e-01	1.988680e-05	4.044102e-01	2.143700e-02
1	172	NOE	7.649330e-01	7.649330e-01	3.940351e-09	4.359286e-15	2.546800e-02
1	173	NOE	8.271000e-01	8.271000e-01	1.221356e-08	3.771010e-15	2.944100e-02
1	174	NOE	7.616330e-01	7.616330e-01	3.848634e-09	0.000000e+00	2.344900e-02
1	175	NOE	7.380330e-01	7.380330e-01	3.335970e-09	0.000000e+00	5.579800e-02
1	176	NOE	6.698000e-01	6.698000e-01	2.533713e-09	-6.342682e-15	1.750400e-02
1	177	NOE	8.017330e-01	8.017330e-01	5.767392e-09	0.000000e+00	1.974800e-02
1	178	NOE	8.202330e-01	8.202330e-01	8.769758e-09	-3.639240e-15	3.050700e-02
1	179	NOE	8.041000e-01	8.041000e-01	5.989725e-09	0.000000e+00	2.032000e-02
1	180	NOE	7.978000e-01	7.978000e-01	5.446688e-09	6.444294e-15	1.722800e-02
1	181	NOE	8.471670e-01	8.344307e-01	2.149486e-05	4.546258e-01	2.801500e-02
1	183	NOE	8.453330e-01	8.344307e-01	1.537991e-05	4.375815e-01	2.491500e-02
1	184	NOE	8.331670e-01	8.331670e-01	2.943599e-08	0.000000e+00	2.262400e-02
1	185	NOE	7.731330e-01	7.731330e-01	4.199350e-09	-4.330550e-15	2.563700e-02
1	186	NOE	8.441330e-01	8.344307e-01	1.772782e-05	3.907823e-01	2.482800e-02
1	187	NOE	8.005670e-01	8.005670e-01	5.666523e-09	0.000000e+00	1.877600e-02
1	188	NOE	8.006330e-01	8.006330e-01	5.672093e-09	0.000000e+00	1.919600e-02
1	190	NOE	8.360330e-01	8.344307e-01	3.143693e-05	4.595840e-02	3.486500e-02
1	191	NOE	8.533000e-01	8.344307e-01	2.581182e-05	6.814250e-01	2.769100e-02
1	192	NOE	7.686000e-01	7.686000e-01	4.050212e-09	0.000000e+00	2.222000e-02
1	193	NOE	8.038000e-01	8.038000e-01	5.960129e-09	2.912977e-15	3.811300e-02
1	194	NOE	7.580670e-01	7.580670e-01	3.756251e-09	0.000000e+00	2.785300e-02
1	195	NOE	7.659000e-01	7.659000e-01	3.968468e-09	0.000000e+00	2.127000e-02
1	196	NOE	7.842330e-01	7.842330e-01	4.646019e-09	-1.820736e-08	8.128800e-02
1	197	NOE	8.405670e-01	8.344307e-01	1.725710e-05	2.524828e-01	2.430400e-02
1	198	NOE	8.278330e-01	8.278330e-01	1.287516e-08	0.000000e+00	2.824000e-02
1	199	NOE	7.721000e-01	7.721000e-01	4.163944e-09	0.000000e+00	6.061300e-02
1	200	NOE	8.513670e-01	8.344307e-01	1.850421e-05	3.618722e-01	4.680200e-02
1	201	NOE	8.204000e-01	8.204000e-01	8.821952e-09	0.000000e+00	2.242900e-02
1	202	NOE	8.449000e-01	8.344307e-01	3.280750e-05	3.672164e-01	2.851000e-02
1	203	NOE	8.000000e-01	8.000000e-01	5.619330e-09	0.000000e+00	2.091800e-02
1	205	NOE	8.250670e-01	8.250670e-01	1.080431e-08	6.870617e-15	1.615900e-02
1	206	NOE	7.726330e-01	7.726330e-01	4.182102e-09	4.054276e-15	2.738400e-02
1	207	NOE	7.971000e-01	7.971000e-01	5.394975e-09	-6.036117e-15	1.839300e-02
1	208	NOE	7.498330e-01	7.498330e-01	3.565594e-09	0.000000e+00	2.787300e-02
1	209	NOE	8.242330e-01	8.242330e-01	1.035216e-08	-1.427756e-08	2.124000e-02
1	210	NOE	8.915000e-01	8.344307e-01	2.153138e-05	1.379353e+00	4.137400e-02
1	211	NOE	8.052670e-01	8.052670e-01	6.109153e-09	-4.039231e-15	2.748600e-02
1	212	NOE	7.855000e-01	7.855000e-01	4.706427e-09	-3.689223e-08	3.911600e-02
1	213	NOE	7.642670e-01	7.642670e-01	3.921324e-09	1.395103e-15	7.958000e-02
1	214	NOE	8.492330e-01	8.344307e-01	3.190409e-05	2.916372e-01	5.075600e-02
1	216	NOE	7.523330e-01	7.523330e-01	3.620456e-09	-4.436988e-15	2.502200e-02
1	217	NOE	8.282000e-01	8.282000e-01	1.324944e-08	0.000000e+00	3.208500e-02
1	218	NOE	8.298670e-01	8.298670e-01	1.548406e-08	-4.168352e-09	3.259700e-02
1	219	NOE	8.409330e-01	8.344307e-01	1.873265e-05	1.653782e-01	3.931800e-02
1	220	NOE	8.263330e-01	8.263330e-01	1.161979e-08	0.000000e+00	2.108600e-02
1	221	NOE	8.349000e-01	8.344307e-01	2.671195e-05	1.274065e-02	3.683800e-02
1	223	NOE	8.310330e-01	8.310330e-01	1.794756e-08	0.000000e+00	3.096800e-02
1	224	NOE	8.717330e-01	8.344307e-01	4.098460e-05	7.926549e-01	4.706000e-02
1	225	NOE	8.308000e-01	8.308000e-01	1.736168e-08	0.000000e+00	3.112100e-02
1	226	NOE	8.063670e-01	8.063670e-01	6.228464e-09	0.000000e+00	3.038500e-02
1	227	NOE	8.172330e-01	8.172330e-01	7.965672e-09	-3.413970e-15	3.252000e-02
1	229	NOE	8.160000e-01	8.160000e-01	7.693598e-09	0.000000e+00	2.409500e-02
1	230	NOE	7.177330e-01	7.177330e-01	3.025275e-09	0.000000e+00	2.691300e-02
1	231	NOE	6.639000e-01	6.639000e-01	2.487876e-09	0.000000e+00	3.766700e-02
1	232	NOE	6.661330e-01	6.661330e-01	2.504944e-09	0.000000e+00	1.743300e-02
1	233	NOE	7.741670e-01	7.741670e-01	4.235695e-09	0.000000e+00	2.240700e-02
1	235	NOE	8.673670e-01	8.344307e-01	1.914133e-05	9.465282e-01	3.479700e-02
1	236	NOE	8.456670e-01	8.344307e-01	1.991544e-05	3.308699e-01	3.396000e-02
1	237	NOE	8.197000e-01	8.197000e-01	8.609149e-09	0.000000e+00	3.236800e-02
1	238	NOE	8.122330e-01	8.122330e-01	7.007639e-09	0.000000e+00	2.717500e-02
1	239	NOE	7.921000e-01	7.921000e-01	5.063630e-09	-3.660116e-15	3.033300e-02
1	240	NOE	8.925670e-01	8.344307e-01	2.172962e-05	1.892028e+00	3.072700e-02
1	241	NOE	7.771670e-01	7.771670e-01	4.346634e-09	-3.299424e-15	3.364900e-02
1	242	NOE	7.884330e-01	7.884330e-01	4.855688e-09	-4.543577e-15	2.443500e-02
1	243	NOE	8.233000e-01	8.233000e-01	9.907806e-09	3.178696e-15	3.492700e-02
1	244	NOE	7.646670e-01	7.646670e-01	3.932719e-09	0.000000e+00	2.389000e-02
1	245	NOE	7.963670e-01	7.963670e-01	5.342357e-09	0.000000e+00	3.557600e-02
1	247	NOE	7.799670e-01	7.799670e-01	4.458308e-09	4.077954e-15	2.722500e-02
1	248	NOE	7.603670e-01	7.603670e-01	3.815077e-09	0.000000e+00	8.419100e-02
1	249	NOE	7.801330e-01	7.801330e-01	4.465198e-09	0.000000e+00	2.067200e-02
1	250	NOE	8.237670e-01	8.237670e-01	1.012293e-08	-1.008305e-08	3.144700e-02
1	251	NOE	7.115330e-01	7.115330e-01	2.945983e-09	8.260895e-15	2.687900e-02
1	252	NOE	8.184000e-01	8.184000e-01	8.251548e-09	0.000000e+00	2.456900e-02
1	254	NOE	8.632330e-01	8.344307e-01	2.560612e-05	1.357768e+00	2.121300e-02
1	255	NOE	8.055330e-01	8.055330e-01	6.137380e-09	0.000000e+00	2.866500e-02
1	256	NOE	8.337330e-01	8.337330e-01	3.961847e-08	-4.511635e-15	2.460800e-02
1	257	NOE	8.138330e-01	8.138330e-01	7.275964e-09	-4.048363e-15	2.742400e-02
1	259	NOE	8.205670e-01	8.205670e-01	8.875085e-09	-3.487648e-15	3.183300e-02
1	260	NOE	8.275330e-01	8.275330e-01	1.259165e-08	4.595294e-15	2.416000e-02
1	261	NOE	8.295670e-01	8.295670e-01	1.499844e-08	0.000000e+00	1.891300e-02
1	262	NOE	7.669330e-01	7.669330e-01	3.999166e-09	0.000000e+00	2.961200e-02
1	264	NOE	8.092000e-01	8.092000e-01	6.570831e-09	0.000000e+00	2.094800e-02
1	265	NOE	8.207000e-01	8.207000e-01	8.918091e-09	0.000000e+00	2.652200e-02
1	266	NOE	7.535670e-01	7.535670e-01	3.648463e-09	0.000000e+00	2.941200e-02
1	267	NOE	6.872000e-01	6.872000e-01	2.684388e-09	0.000000e+00	1.827700e-02
1	268	NOE	4.759670e-01	4.759670e-01	1.679939e-09	-2.855218e-14	9.721000e-03
1	269	NOE	2.117670e-01	2.117670e-01	1.235107e-09	-1.718611e-14	8.075000e-03
1	270	NOE	-1.570000e-01	-1.570000e-01	9.331454e-10	3.917820e-14	6.376000e-03
1	271	NOE	-8.430330e-01	-8.430330e-01	6.464176e-10	-1.542589e-13	5.038000e-03


2	4	R1	1.269400e+00	1.269400e+00	1.070956e-08	0.000000e+00	5.449994e-02
2	5	R1	1.091500e+00	1.091500e+00	1.265286e-08	0.000000e+00	1.440013e-02
2	6	R1	9.840970e-01	9.840970e-01	1.414743e-08	-2.707807e-14	1.230024e-02
2	7	R1	1.114800e+00	1.114800e+00	1.236504e-08	0.000000e+00	2.179958e-02
2	8	R1	1.014900e+00	1.014900e+00	1.368779e-08	0.000000e+00	1.559968e-02
2	9	R1	1.001200e+00	1.001200e+00	1.388885e-08	1.337636e-14	1.659978e-02
2	10	R1	9.451975e-01	9.451975e-01	1.476907e-08	-8.285197e-15	1.340008e-02
2	11	R1	1.121900e+00	1.121900e+00	1.227960e-08	0.000000e+00	7.349943e-02
2	12	R1	9.981036e-01	9.981036e-01	1.393504e-08	6.100202e-15	1.819978e-02
2	13	R1	1.016100e+00	1.016100e+00	1.367042e-08	1.432517e-14	1.550031e-02
2	14	R1	1.001100e+00	1.001100e+00	1.389034e-08	0.000000e+00	1.409997e-02
2	15	R1	1.023100e+00	1.023100e+00	1.356992e-08	1.187412e-14	1.869988e-02
2	17	R1	9.787992e-01	9.787992e-01	1.422929e-08	6.811089e-15	1.630023e-02
2	18	R1	1.006500e+00	1.006500e+00	1.381045e-08	1.695042e-14	1.309965e-02
2	20	R1	8.924985e-01	8.924985e-01	1.569465e-08	-8.044924e-15	1.380029e-02
2	22	R1	9.163971e-01	9.163971e-01	1.526213e-08	-6.982700e-15	1.589962e-02
2	23	R1	9.541985e-01	9.541985e-01	1.462088e-08	-5.337546e-15	2.080025e-02
2	24	R1	9.709021e-01	9.709021e-01	1.435291e-08	1.486892e-14	2.240021e-02
2	25	R1	9.834002e-01	9.834002e-01	1.415815e-08	-1.578541e-14	2.109966e-02
2	26	R1	1.017000e+00	1.017000e+00	1.365742e-08	0.000000e+00	2.100021e-02
2	27	R1	9.230968e-01	9.230968e-01	1.514477e-08	8.316295e-15	2.669994e-02
2	28	R1	9.837001e-01	9.837001e-01	1.415353e-08	8.639788e-15	2.570024e-02
2	29	R1	1.025700e+00	1.025700e+00	1.353291e-08	0.000000e+00	2.660029e-02
2	30	R1	9.873033e-01	9.873033e-01	1.409830e-08	2.164174e-15	5.130008e-02
2	31	R1	1.089300e+00	1.089300e+00	1.268065e-08	0.000000e+00	1.400038e-02
2	32	R1	1.067700e+00	1.067700e+00	1.295921e-08	0.000000e+00	1.749987e-02
2	33	R1	1.048500e+00	1.048500e+00	1.321601e-08	-1.233601e-14	1.799971e-02
2	34	R1	1.059100e+00	1.059100e+00	1.307314e-08	1.574821e-14	1.409968e-02
2	35	R1	9.740038e-01	9.740038e-01	1.430412e-08	5.389259e-15	2.060066e-02
2	36	R1	9.359002e-01	9.359002e-01	1.492503e-08	-8.540305e-15	2.599961e-02
2	37	R1	8.888968e-01	8.888968e-01	1.576179e-08	-2.265744e-14	9.800075e-03
2	38	R1	9.060023e-01	9.060023e-01	1.544754e-08	0.000000e+00	2.409987e-02
2	39	R1	9.874983e-01	9.874983e-01	1.409532e-08	0.000000e+00	2.379958e-02
2	40	R1	8.999037e-01	8.999037e-01	1.555825e-08	0.000000e+00	2.060037e-02
2	41	R1	1.000200e+00	1.000200e+00	1.390374e-08	-1.306160e-14	1.699980e-02
2	42	R1	9.783013e-01	9.783013e-01	1.423702e-08	0.000000e+00	1.830020e-02
2	43	R1	9.897952e-01	9.897952e-01	1.406033e-08	0.000000e+00	3.869989e-02
2	44	R1	1.014400e+00	1.014400e+00	1.369503e-08	7.846159e-15	2.829978e-02
2	46	R1	1.033899e+00	1.033899e+00	1.341741e-08	5.012246e-15	4.430042e-02
2	47	R1	1.043400e+00	1.043400e+00	1.328574e-08	5.363334e-15	4.140048e-02
2	49	R1	1.058300e+00	1.058300e+00	1.308383e-08	1.714633e-14	2.589996e-02
2	51	R1	1.071700e+00	1.071700e+00	1.290682e-08	9.781804e-15	2.269976e-02
2	52	R1	9.722992e-01	9.722992e-01	1.433090e-08	0.000000e+00	1.659968e-02
2	53	R1	1.057800e+00	1.057800e+00	1.309051e-08	-7.094043e-15	3.130015e-02
2	54	R1	1.023300e+00	1.023300e+00	1.356706e-08	0.000000e+00	2.189993e-02
2	55	R1	9.681011e-01	9.681011e-01	1.439722e-08	-1.405377e-14	1.579965e-02
2	56	R1	1.018700e+00	1.018700e+00	1.363293e-08	1.520842e-14	1.460011e-02
2	57	R1	1.062900e+00	1.062900e+00	1.302257e-08	-1.353967e-14	1.639955e-02
2	59	R1	9.849985e-01	9.849985e-01	1.413358e-08	0.000000e+00	2.440011e-02
2	60	R1	1.058300e+00	1.058300e+00	1.308383e-08	9.781649e-15	2.270012e-02
2	61	R1	1.044200e+00	1.044200e+00	1.327477e-08	7.320411e-07	1.969942e-02
2	62	R1	1.015200e+00	1.015200e+00	1.368345e-08	0.000000e+00	1.589953e-02
2	63	R1	9.790963e-01	9.790963e-01	1.422467e-08	7.256489e-15	1.529973e-02
2	64	R1	9.733971e-01	9.733971e-01	1.431364e-08	7.209359e-15	1.539975e-02
2	65	R1	9.520002e-01	9.520002e-01	1.465682e-08	-7.401367e-15	1.500024e-02
2	66	R1	9.484966e-01	9.484966e-01	1.471444e-08	6.982385e-15	1.590034e-02
2	67	R1	9.019003e-01	9.019003e-01	1.552184e-08	-2.440111e-14	9.099776e-03
2	70	R1	1.014400e+00	1.014400e+00	1.369503e-08	-3.442646e-14	1.289965e-02
2	71	R1	9.352962e-01	9.352962e-01	1.493526e-08	-8.881985e-15	1.249972e-02
2	72	R1	9.178017e-01	9.178017e-01	1.523739e-08	9.738372e-15	1.140050e-02
2	73	R1	9.787034e-01	9.787034e-01	1.423077e-08	0.000000e+00	2.009974e-02
2	74	R1	9.450992e-01	9.450992e-01	1.477070e-08	1.790615e-14	1.240047e-02
2	75	R1	1.005300e+00	1.005300e+00	1.382813e-08	-1.032761e-14	2.150010e-02
2	76	R1	9.748014e-01	9.748014e-01	1.429163e-08	6.272419e-15	1.770008e-02
2	78	R1	9.817975e-01	9.817975e-01	1.418285e-08	1.268820e-14	1.750008e-02
2	79	R1	9.905011e-01	9.905011e-01	1.404960e-08	-4.051916e-14	1.369997e-02
2	80	R1	9.106970e-01	9.106970e-01	1.536329e-08	1.552761e-14	1.429998e-02
2	83	R1	1.014100e+00	1.014100e+00	1.369938e-08	0.000000e+00	2.029957e-02
2	84	R1	1.012600e+00	1.012600e+00	1.372118e-08	0.000000e+00	3.110014e-02
2	86	R1	1.066200e+00	1.066200e+00	1.297895e-08	5.374805e-07	2.729985e-02
2	87	R1	9.214042e-01	9.214042e-01	1.517427e-08	2.937079e-15	3.780024e-02
2	88	R1	9.498029e-01	9.498029e-01	1.469291e-08	8.210611e-07	1.620037e-02
2	89	R1	9.534979e-01	9.534979e-01	1.463231e-08	-1.531325e-14	1.450017e-02
2	90	R1	9.403003e-01	9.403003e-01	1.485085e-08	0.000000e+00	1.589993e-02
2	91	R1	9.714963e-01	9.714963e-01	1.434354e-08	9.330002e-15	1.189949e-02
2	92	R1	1.070100e+00	1.070100e+00	1.292773e-08	-8.254483e-15	2.689988e-02
2	93	R1	9.524989e-01	9.524989e-01	1.464865e-08	9.570763e-15	1.160015e-02
2	94	R1	9.015994e-01	9.015994e-01	1.552732e-08	-1.632642e-14	1.360032e-02
2	95	R1	9.871961e-01	9.871961e-01	1.409994e-08	1.067525e-14	2.079995e-02
2	96	R1	1.016900e+00	1.016900e+00	1.365887e-08	2.325128e-14	1.909956e-02
2	97	R1	9.865046e-01	9.865046e-01	1.411051e-08	4.215797e-07	3.259996e-02
2	98	R1	9.406984e-01	9.406984e-01	1.484417e-08	0.000000e+00	1.770004e-02
2	99	R1	9.271020e-01	9.271020e-01	1.507540e-08	0.000000e+00	1.839970e-02
2	100	R1	9.999000e-01	9.999000e-01	1.390821e-08	-1.353954e-14	1.639972e-02
2	101	R1	9.740038e-01	9.740038e-01	1.430412e-08	5.635547e-15	1.970036e-02
2	102	R1	8.554027e-01	8.554027e-01	1.641245e-08	1.920792e-15	5.780027e-02
2	104	R1	1.017700e+00	1.017700e+00	1.364733e-08	2.209390e-14	2.010008e-02
2	105	R1	1.026600e+00	1.026600e+00	1.352014e-08	7.162810e-15	3.099965e-02
2	106	R1	9.271965e-01	9.271965e-01	1.507377e-08	0.000000e+00	2.359944e-02
2	107	R1	1.006700e+00	1.006700e+00	1.380751e-08	0.000000e+00	3.389970e-02
2	108	R1	1.070301e+00	1.070301e+00	1.292510e-08	0.000000e+00	3.520025e-02
2	109	R1	1.036800e+00	1.036800e+00	1.337696e-08	6.853185e-15	3.240021e-02
2	110	R1	1.108200e+00	1.108200e+00	1.244540e-08	6.917217e-15	3.210028e-02
2	111	R1	1.076799e+00	1.076799e+00	1.284056e-08	2.458079e-14	2.709977e-02
2	112	R1	1.032300e+00	1.032300e+00	1.343980e-08	0.000000e+00	1.820011e-02
2	113	R1	1.029600e+00	1.029600e+00	1.347775e-08	1.405307e-14	1.580043e-02
2	114	R1	1.035400e+00	1.035400e+00	1.339645e-08	1.213361e-14	1.829996e-02
2	115	R1	1.043100e+00	1.043100e+00	1.328987e-08	0.000000e+00	2.549971e-02
2	116	R1	1.001800e+00	1.001800e+00	1.387994e-08	5.274728e-07	2.639980e-02
2	117	R1	1.043900e+00	1.043900e+00	1.327888e-08	-1.000204e-14	2.219993e-02
2	118	R1	1.023900e+00	1.023900e+00	1.355851e-08	1.850425e-14	1.199965e-02
2	119	R1	1.009300e+00	1.009300e+00	1.376935e-08	0.000000e+00	1.209995e-02
2	120	R1	9.682042e-01	9.682042e-01	1.439558e-08	0.000000e+00	1.770035e-02
2	121	R1	1.023800e+00	1.023800e+00	1.355993e-08	0.000000e+00	2.390030e-02
2	122	R1	1.073200e+00	1.073200e+00	1.288727e-08	-1.220020e-14	1.820007e-02
2	125	R1	9.892958e-01	9.892958e-01	1.406792e-08	0.000000e+00	1.760007e-02
2	126	R1	9.352000e-01	9.352000e-01	1.493690e-08	-1.129032e-14	2.950023e-02
2	127	R1	9.772974e-01	9.772974e-01	1.425265e-08	5.212336e-15	2.129991e-02
2	128	R1	9.563978e-01	9.563978e-01	1.458508e-08	-7.709844e-15	1.440007e-02
2	129	R1	1.011600e+00	1.011600e+00	1.373574e-08	7.589677e-07	1.849984e-02
2	130	R1	9.855032e-01	9.855032e-01	1.412584e-08	8.507301e-15	2.610048e-02
2	131	R1	9.535979e-01	9.535979e-01	1.463068e-08	-5.468996e-15	2.030031e-02
2	132	R1	1.020500e+00	1.020500e+00	1.360709e-08	5.722773e-15	3.880018e-02
2	133	R1	1.007200e+00	1.007200e+00	1.380014e-08	-2.846679e-14	1.560026e-02
2	134	R1	9.461006e-01	9.461006e-01	1.475408e-08	0.000000e+00	1.850006e-02
2	135	R1	9.202002e-01	9.202002e-01	1.519531e-08	1.432537e-14	1.550010e-02
2	136	R1	8.945984e-01	8.945984e-01	1.565575e-08	0.000000e+00	2.370027e-02
2	138	R1	9.287983e-01	9.287983e-01	1.504619e-08	-5.389534e-15	2.059961e-02
2	139	R1	1.016000e+00	1.016000e+00	1.367187e-08	9.489001e-15	2.340021e-02
2	140	R1	1.006500e+00	1.006500e+00	1.381045e-08	-7.987244e-15	2.779990e-02
2	141	R1	9.455013e-01	9.455013e-01	1.476402e-08	-2.211593e-15	5.020014e-02
2	142	R1	8.150026e-01	8.150026e-01	1.726644e-08	3.416064e-15	3.250007e-02
2	143	R1	9.029019e-01	9.029019e-01	1.550364e-08	-7.873782e-15	2.820050e-02
2	144	R1	1.010100e+00	1.010100e+00	1.375764e-08	-6.237142e-15	3.560038e-02
2	147	R1	1.061200e+00	1.061200e+00	1.304515e-08	-9.213647e-15	2.409953e-02
2	149	R1	9.616032e-01	9.616032e-01	1.450098e-08	5.722858e-15	1.939980e-02
2	150	R1	9.679043e-01	9.679043e-01	1.440034e-08	-3.255787e-15	3.409999e-02
2	153	R1	1.076900e+00	1.076900e+00	1.283925e-08	0.000000e+00	6.400000e-02
2	154	R1	1.004400e+00	1.004400e+00	1.384142e-08	-3.194997e-14	1.389952e-02
2	155	R1	1.040800e+00	1.040800e+00	1.332154e-08	8.163491e-15	2.719971e-02
2	156	R1	1.025200e+00	1.025200e+00	1.354001e-08	1.162508e-14	1.910048e-02
2	157	R1	9.694995e-01	9.694995e-01	1.437506e-08	8.347541e-15	2.660000e-02
2	158	R1	9.990010e-01	9.990010e-01	1.392163e-08	-5.092678e-15	2.180038e-02
2	159	R1	1.020100e+00	1.020100e+00	1.361282e-08	8.639935e-15	2.569980e-02
2	160	R1	9.756954e-01	9.756954e-01	1.427764e-08	-6.492725e-15	1.709949e-02
2	164	R1	1.113599e+00	1.113599e+00	1.237959e-08	4.336795e-15	5.120016e-02
2	165	R1	1.050900e+00	1.050900e+00	1.318342e-08	1.470460e-14	1.510035e-02
2	168	R1	1.032400e+00	1.032400e+00	1.343840e-08	0.000000e+00	2.019998e-02
2	169	R1	9.345008e-01	9.345008e-01	1.494876e-08	-4.684433e-15	4.740053e-02
2	170	R1	1.150200e+00	1.150200e+00	1.194898e-08	0.000000e+00	7.890002e-02
2	171	R1	9.825016e-01	9.825016e-01	1.417199e-08	2.329124e-14	1.430009e-02
2	172	R1	9.949952e-01	9.949952e-01	1.398168e-08	-1.121420e-14	1.980031e-02
2	173	R1	1.002000e+00	1.002000e+00	1.387697e-08	0.000000e+00	2.179994e-02
2	174	R1	9.156000e-01	9.156000e-01	1.527620e-08	-1.423330e-14	1.560036e-02
2	175	R1	9.099015e-01	9.099015e-01	1.537751e-08	7.256371e-15	4.589993e-02
2	176	R1	1.010400e+00	1.010400e+00	1.375325e-08	1.000217e-14	2.219965e-02
2	177	R1	9.263977e-01	9.263977e-01	1.508756e-08	-9.099926e-15	1.220035e-02
2	178	R1	8.551979e-01	8.551979e-01	1.641658e-08	1.174846e-14	1.889989e-02
2	179	R1	1.080100e+00	1.080100e+00	1.279799e-08	-7.280146e-15	3.050002e-02
2	180	R1	1.043000e+00	1.043000e+00	1.329125e-08	-1.947834e-14	1.139956e-02
2	181	R1	1.055101e+00	1.055101e+00	1.312672e-08	-1.067536e-14	2.079972e-02
2	183	R1	1.013600e+00	1.013600e+00	1.370663e-08	0.000000e+00	1.750049e-02
2	184	R1	1.004700e+00	1.004700e+00	1.383699e-08	1.261597e-14	1.760028e-02
2	185	R1	1.053300e+00	1.053300e+00	1.315097e-08	0.000000e+00	2.060010e-02
2	186	R1	1.090800e+00	1.090800e+00	1.266169e-08	0.000000e+00	1.809993e-02
2	187	R1	1.039200e+00	1.039200e+00	1.334367e-08	0.000000e+00	1.339984e-02
2	188	R1	1.049900e+00	1.049900e+00	1.319699e-08	0.000000e+00	1.499995e-02
2	190	R1	1.047400e+00	1.047400e+00	1.323100e-08	7.552599e-15	2.939976e-02
2	191	R1	1.067600e+00	1.067600e+00	1.296052e-08	2.808646e-07	5.229952e-02
2	192	R1	9.271965e-01	9.271965e-01	1.507377e-08	7.401521e-15	1.499993e-02
2	193	R1	9.910017e-01	9.910017e-01	1.404201e-08	0.000000e+00	2.990054e-02
2	194	R1	1.040500e+00	1.040500e+00	1.332569e-08	0.000000e+00	2.129988e-02
2	195	R1	1.053400e+00	1.053400e+00	1.314962e-08	0.000000e+00	1.570046e-02
2	196	R1	9.296013e-01	9.296013e-01	1.503240e-08	-1.358900e-15	8.170014e-02
2	197	R1	9.817011e-01	9.817011e-01	1.418434e-08	-3.181172e-15	3.489981e-02
2	198	R1	9.377960e-01	9.377960e-01	1.489298e-08	-1.187405e-14	1.869999e-02
2	199	R1	9.092976e-01	9.092976e-01	1.538832e-08	2.052176e-15	5.409979e-02
2	200	R1	9.488026e-01	9.488026e-01	1.470939e-08	0.000000e+00	3.509983e-02
2	201	R1	1.022500e+00	1.022500e+00	1.357847e-08	0.000000e+00	1.650018e-02
2	202	R1	9.848045e-01	9.848045e-01	1.413656e-08	-5.523517e-15	2.009993e-02
2	203	R1	8.857004e-01	8.857004e-01	1.582182e-08	2.431163e-14	1.369990e-02
2	205	R1	9.055018e-01	9.055018e-01	1.545657e-08	-2.362247e-14	9.399718e-03
2	206	R1	9.158012e-01	9.158012e-01	1.527265e-08	-3.118608e-15	3.559996e-02
2	207	R1	1.067300e+00	1.067300e+00	1.296447e-08	0.000000e+00	3.240023e-02
2	208	R1	9.101003e-01	9.101003e-01	1.537395e-08	4.645267e-15	2.390009e-02
2	209	R1	9.729993e-01	9.729993e-01	1.431989e-08	7.501409e-15	1.480019e-02
2	210	R1	8.953032e-01	8.953032e-01	1.564273e-08	7.526909e-15	2.950010e-02
2	211	R1	9.518008e-01	9.518008e-01	1.466009e-08	1.138688e-14	1.950003e-02
2	212	R1	8.200015e-01	8.200015e-01	1.715633e-08	1.734725e-15	6.399993e-02
2	213	R1	1.043200e+00	1.043200e+00	1.328850e-08	2.520384e-15	8.809950e-02
2	214	R1	8.837982e-01	8.837982e-01	1.585774e-08	6.550045e-15	3.389971e-02
2	216	R1	8.862027e-01	8.862027e-01	1.581236e-08	6.853098e-15	1.620031e-02
2	217	R1	9.968003e-01	9.968003e-01	1.395456e-08	1.353941e-14	2.459982e-02
2	218	R1	1.021200e+00	1.021200e+00	1.359706e-08	5.443557e-07	2.600033e-02
2	219	R1	9.568005e-01	9.568005e-01	1.457854e-08	0.000000e+00	2.760042e-02
2	220	R1	9.696970e-01	9.696970e-01	1.437194e-08	-1.563732e-14	1.419965e-02
2	221	R1	9.792976e-01	9.792976e-01	1.422155e-08	0.000000e+00	2.679992e-02
2	223	R1	9.875958e-01	9.875958e-01	1.409383e-08	-4.848107e-15	2.290014e-02
2	224	R1	9.617974e-01	9.617974e-01	1.449786e-08	-3.246249e-15	3.420018e-02
2	225	R1	9.199040e-01	9.199040e-01	1.520049e-08	5.905537e-15	1.879970e-02
2	226	R1	9.296964e-01	9.296964e-01	1.503077e-08	-5.523465e-15	2.010012e-02
2	227	R1	1.037800e+00	1.037800e+00	1.336308e-08	8.881790e-15	2.499998e-02
2	229	R1	1.038000e+00	1.038000e+00	1.336030e-08	-2.440025e-14	1.820019e-02
2	230	R1	1.046401e+00	1.046401e+00	1.324464e-08	-6.895707e-15	3.220041e-02
2	231	R1	9.583042e-01	9.583042e-01	1.455418e-08	3.025064e-15	3.670082e-02
2	232	R1	8.655011e-01	8.655011e-01	1.621112e-08	0.000000e+00	1.020039e-02
2	233	R1	9.299990e-01	9.299990e-01	1.502558e-08	-1.460847e-14	1.519972e-02
2	235	R1	1.032000e+00	1.032000e+00	1.344400e-08	1.603197e-14	2.770022e-02
2	236	R1	9.560961e-01	9.560961e-01	1.458998e-08	2.104717e-14	2.109971e-02
2	237	R1	9.424982e-01	9.424982e-01	1.481404e-08	-5.023614e-15	2.210009e-02
2	238	R1	9.129002e-01	9.129002e-01	1.532405e-08	6.569270e-15	1.690025e-02
2	239	R1	9.150973e-01	9.150973e-01	1.528509e-08	-1.127135e-14	1.969991e-02
2	240	R1	9.314022e-01	9.314022e-01	1.500156e-08	0.000000e+00	2.270014e-02
2	241	R1	8.689985e-01	8.689985e-01	1.614246e-08	4.625989e-15	2.399969e-02
2	242	R1	8.698980e-01	8.698980e-01	1.612488e-08	-7.552490e-15	1.470009e-02
2	243	R1	9.312027e-01	9.312027e-01	1.500497e-08	-4.684532e-15	2.369976e-02
2	244	R1	9.099015e-01	9.099015e-01	1.537751e-08	0.000000e+00	1.479991e-02
2	245	R1	9.368033e-01	9.368033e-01	1.490975e-08	-7.426280e-15	2.989984e-02
2	247	R1	9.292989e-01	9.292989e-01	1.503759e-08	-1.930809e-14	2.300017e-02
2	248	R1	9.604026e-01	9.604026e-01	1.452030e-08	0.000000e+00	9.360058e-02
2	249	R1	1.002700e+00	1.002700e+00	1.386658e-08	0.000000e+00	1.389976e-02
2	250	R1	9.594995e-01	9.594995e-01	1.453486e-08	0.000000e+00	2.249950e-02
2	251	R1	9.226965e-01	9.226965e-01	1.515174e-08	-3.828444e-15	2.899932e-02
2	252	R1	9.866019e-01	9.866019e-01	1.410902e-08	6.688058e-15	1.660008e-02
2	254	R1	9.774980e-01	9.774980e-01	1.424952e-08	1.762230e-14	1.260021e-02
2	255	R1	9.530980e-01	9.530980e-01	1.463885e-08	1.156491e-14	1.919986e-02
2	256	R1	1.006800e+00	1.006800e+00	1.380603e-08	1.261622e-14	1.759994e-02
2	257	R1	1.008600e+00	1.008600e+00	1.377959e-08	0.000000e+00	1.820006e-02
2	259	R1	1.016300e+00	1.016300e+00	1.366752e-08	-9.448795e-15	2.349978e-02
2	260	R1	1.021900e+00	1.021900e+00	1.358704e-08	1.306157e-14	1.699984e-02
2	261	R1	9.733971e-01	9.733971e-01	1.431364e-08	-1.865972e-14	1.189968e-02
2	262	R1	8.953032e-01	8.953032e-01	1.564273e-08	0.000000e+00	5.550056e-02
2	264	R1	1.058300e+00	1.058300e+00	1.308383e-08	1.321696e-14	1.679997e-02
2	265	R1	9.454030e-01	9.454030e-01	1.476565e-08	6.939034e-15	1.599968e-02
2	266	R1	9.631035e-01	9.631035e-01	1.447690e-08	4.890768e-15	2.270038e-02
2	267	R1	1.021600e+00	1.021600e+00	1.359134e-08	0.000000e+00	1.320029e-02
2	268	R1	1.269999e+00	1.269999e+00	1.070388e-08	-1.835085e-14	2.419993e-02
2	269	R1	1.424601e+00	1.424601e+00	9.386828e-09	0.000000e+00	4.759960e-02
2	270	R1	1.357500e+00	1.357500e+00	4.391634e-10	0.000000e+00	5.610059e-02
2	271	R1	1.016800e+00	1.016800e+00	2.460154e-10	0.000000e+00	1.259991e-02


