4	1.302711e+01	1.512586e+00	5.715670e-01	4.292000e-02	1.269400e+00	5.449994e-02	5.512938e-02	
5	1.376728e+01	1.804401e-01	6.934330e-01	1.881200e-02	1.091500e+00	1.440013e-02	3.391964e-02	
6	1.651064e+01	2.338919e-01	7.979670e-01	1.997400e-02	9.840970e-01	1.230024e-02	2.015404e-02	
7	1.542139e+01	3.006035e-01	7.726670e-01	2.201300e-02	1.114800e+00	2.179958e-02	2.568983e-02	
8	1.568578e+01	2.497344e-01	7.930670e-01	2.206400e-02	1.014900e+00	1.559968e-02	2.128897e-02	
9	1.713209e+01	3.175761e-01	8.584330e-01	2.638400e-02	1.001200e+00	1.659978e-02	1.436762e-02	
10	1.647881e+01	2.226719e-01	7.652670e-01	1.989400e-02	9.451975e-01	1.340008e-02	2.249047e-02	
11	1.442627e+01	3.444339e-01	8.594670e-01	2.053800e-02	1.121900e+00	7.349943e-02	1.598212e-02	
12	1.714501e+01	3.292256e-01	8.282330e-01	2.615700e-02	9.981036e-01	1.819978e-02	1.737870e-02	
13	1.733763e+01	2.633199e-01	7.911670e-01	2.165100e-02	1.016100e+00	1.550031e-02	2.150985e-02	
14	1.694255e+01	2.494464e-01	8.438000e-01	2.120200e-02	1.001100e+00	1.409997e-02	1.585114e-02	
15	1.556396e+01	3.025538e-01	8.233000e-01	2.535800e-02	1.023100e+00	1.869988e-02	1.832552e-02	
17	1.561378e+01	2.255058e-01	8.210670e-01	2.330400e-02	9.787992e-01	1.630023e-02	1.775358e-02	
18	1.610099e+01	2.773887e-01	7.909670e-01	1.930000e-02	1.006500e+00	1.309965e-02	2.132703e-02	
20	1.669449e+01	2.851163e-01	8.255000e-01	2.362300e-02	8.924985e-01	1.380029e-02	1.578719e-02	
22	1.731392e+01	3.843074e-01	7.295000e-01	2.497000e-02	9.163971e-01	1.589962e-02	2.512770e-02	
23	1.579629e+01	3.835166e-01	7.799670e-01	2.973200e-02	9.541985e-01	2.080025e-02	2.128278e-02	
24	1.623166e+01	4.423606e-01	8.082330e-01	3.171300e-02	9.709021e-01	2.240021e-02	1.887344e-02	
25	1.624088e+01	4.159595e-01	8.466670e-01	3.070000e-02	9.834002e-01	2.109966e-02	1.528508e-02	
26	1.702070e+01	3.606816e-01	7.914330e-01	2.679800e-02	1.017000e+00	2.100021e-02	2.150149e-02	
27	1.635510e+01	4.095262e-01	8.226330e-01	3.026600e-02	9.230968e-01	2.669994e-02	1.659671e-02	
28	1.650710e+01	5.073657e-01	7.985000e-01	3.299800e-02	9.837001e-01	2.570024e-02	2.009276e-02	
29	1.530479e+01	4.345092e-01	8.126000e-01	3.398300e-02	1.025700e+00	2.660029e-02	1.948461e-02	
30	1.521028e+01	3.525815e-01	6.815000e-01	2.700500e-02	9.873033e-01	5.130008e-02	3.187586e-02	
31	1.514371e+01	2.006656e-01	6.247000e-01	1.627200e-02	1.089300e+00	1.400038e-02	4.144077e-02	
32	1.155014e+01	3.700678e-01	6.258000e-01	2.113600e-02	1.067700e+00	1.749987e-02	4.049997e-02	
33	1.450326e+01	2.124481e-01	7.298330e-01	2.192100e-02	1.048500e+00	1.799971e-02	2.871460e-02	
34	1.432418e+01	2.185191e-01	7.214670e-01	1.881000e-02	1.059100e+00	1.409968e-02	2.990305e-02	
35	1.550003e+01	4.819434e-01	7.142330e-01	2.381500e-02	9.740038e-01	2.060066e-02	2.821464e-02	
36	1.896454e+01	6.819033e-01	7.909670e-01	3.514000e-02	9.359002e-01	2.599961e-02	1.983107e-02	
37	1.654150e+01	1.909877e-01	7.902330e-01	1.565000e-02	8.888968e-01	9.800075e-03	1.890124e-02	
38	1.611448e+01	3.975645e-01	8.764000e-01	3.612000e-02	9.060023e-01	2.409987e-02	1.135140e-02	
39	1.616501e+01	3.945745e-01	8.303330e-01	2.874800e-02	9.874983e-01	2.379958e-02	1.698383e-02	
40	1.787470e+01	4.425142e-01	8.192330e-01	2.913600e-02	8.999037e-01	2.060037e-02	1.648986e-02	
41	1.688391e+01	3.218398e-01	8.133330e-01	2.303600e-02	1.000200e+00	1.699980e-02	1.892589e-02	
42	1.680870e+01	3.455371e-01	8.455330e-01	2.703700e-02	9.783013e-01	1.830020e-02	1.531829e-02	
43	1.425842e+01	3.604554e-01	8.073670e-01	2.330100e-02	9.897952e-01	3.869989e-02	1.932760e-02	
44	1.626360e+01	5.126101e-01	7.897330e-01	3.392100e-02	1.014400e+00	2.829978e-02	2.162133e-02	
46	1.669393e+01	9.260783e-01	8.033670e-01	4.732400e-02	1.033899e+00	4.430042e-02	2.060803e-02	
47	1.699437e+01	8.895310e-01	8.052670e-01	4.622000e-02	1.043400e+00	4.140048e-02	2.059645e-02	
49	1.787502e+01	5.000430e-01	8.201670e-01	3.059300e-02	1.058300e+00	2.589996e-02	1.929212e-02	
51	1.773993e+01	4.783519e-01	8.726000e-01	2.770600e-02	1.071700e+00	2.269976e-02	1.384027e-02	
52	1.509662e+01	2.019264e+00	8.558000e-01	2.367700e-02	9.722992e-01	1.659968e-02	1.421239e-02	
53	1.643710e+01	5.182016e-01	8.527670e-01	3.900200e-02	1.057800e+00	3.130015e-02	1.578740e-02	
54	1.747274e+01	4.069605e-01	8.659670e-01	2.991200e-02	1.023300e+00	2.189993e-02	1.390325e-02	
55	1.681096e+01	7.949774e-01	7.942000e-01	2.166200e-02	9.681011e-01	1.579965e-02	2.019612e-02	
56	1.761959e+01	6.249360e-01	8.197000e-01	2.022600e-02	1.018700e+00	1.460011e-02	1.861847e-02	
57	1.578183e+01	2.490662e-01	7.990000e-01	2.081500e-02	1.062900e+00	1.639955e-02	2.165661e-02	
59	1.695145e+01	4.341884e-01	8.632000e-01	3.437000e-02	9.849985e-01	2.440011e-02	1.365914e-02	
60	1.682312e+01	4.058470e-01	8.504670e-01	2.884900e-02	1.058300e+00	2.270012e-02	1.604159e-02	
61	1.665640e+01	3.656600e-01	8.174000e-01	2.529600e-02	1.044200e+00	1.969942e-02	1.932797e-02	
62	1.634521e+01	2.420523e-01	8.375000e-01	2.188300e-02	1.015200e+00	1.589953e-02	1.672271e-02	
63	1.688847e+01	3.342783e-01	8.379000e-01	2.264900e-02	9.790963e-01	1.529973e-02	1.608830e-02	
64	1.456219e+01	5.604675e-01	8.017670e-01	2.253500e-02	9.733971e-01	1.539975e-02	1.955995e-02	
65	1.624590e+01	3.832252e-01	7.827670e-01	2.110300e-02	9.520002e-01	1.500024e-02	2.096354e-02	
66	1.731092e+01	2.753949e-01	7.912670e-01	2.477000e-02	9.484966e-01	1.590034e-02	2.006914e-02	
67	1.477978e+01	1.465745e-01	7.348000e-01	1.511100e-02	9.019003e-01	9.099776e-03	2.424565e-02	
70	1.461070e+01	1.895636e-01	7.983000e-01	1.887300e-02	1.014400e+00	1.289965e-02	2.074040e-02	
71	1.677402e+01	2.304402e-01	8.330330e-01	2.075500e-02	9.352962e-01	1.249972e-02	1.583003e-02	
72	1.718656e+01	2.342346e-01	8.004330e-01	1.852300e-02	9.178017e-01	1.140050e-02	1.856690e-02	
73	1.592154e+01	3.414583e-01	7.780000e-01	2.854200e-02	9.787034e-01	2.009974e-02	2.202449e-02	
74	1.450305e+01	1.897254e-01	7.122670e-01	1.705000e-02	9.450992e-01	1.240047e-02	2.756569e-02	
75	1.428327e+01	2.868404e-01	7.407670e-01	2.854200e-02	1.005300e+00	2.150010e-02	2.641726e-02	
76	1.624088e+01	3.194210e-01	7.744670e-01	2.561900e-02	9.748014e-01	1.770008e-02	2.228579e-02	
78	1.817917e+01	2.422436e-01	7.671000e-01	2.002300e-02	9.817975e-01	1.750008e-02	2.317892e-02	
79	1.497432e+01	1.979953e-01	7.460000e-01	2.043600e-02	9.905011e-01	1.369997e-02	2.550296e-02	
80	1.705175e+01	2.378435e-01	7.735670e-01	2.069600e-02	9.106970e-01	1.429998e-02	2.090333e-02	
83	1.423710e+01	3.693106e-01	7.496330e-01	2.723100e-02	1.014100e+00	2.029957e-02	2.573711e-02	
84	1.466469e+01	2.929024e-01	8.279330e-01	2.764800e-02	1.012600e+00	3.110014e-02	1.766189e-02	
86	1.624933e+01	4.182405e-01	7.410000e-01	3.296200e-02	1.066200e+00	2.729985e-02	2.799242e-02	
87	1.724227e+01	7.896179e-01	7.460000e-01	4.545500e-02	9.214042e-01	3.780024e-02	2.372388e-02	
88	2.042651e+01	3.730145e-01	8.209000e-01	2.483200e-02	9.498029e-01	1.620037e-02	1.724372e-02	
89	1.662345e+01	2.506394e-01	7.381000e-01	2.191700e-02	9.534979e-01	1.450017e-02	2.531378e-02	
90	1.559843e+01	2.294424e-01	7.594330e-01	2.496900e-02	9.403003e-01	1.589993e-02	2.293002e-02	
91	1.498891e+01	1.770379e-01	6.966000e-01	1.819000e-02	9.714963e-01	1.189949e-02	2.987848e-02	
92	1.595889e+01	4.085166e-01	7.757330e-01	3.317700e-02	1.070100e+00	2.689988e-02	2.432717e-02	
93	1.752603e+01	2.524868e-01	7.744670e-01	1.880900e-02	9.524989e-01	1.160015e-02	2.177591e-02	
94	1.389005e+01	1.749906e-01	6.998000e-01	1.623700e-02	9.015994e-01	1.360032e-02	2.743634e-02	
95	1.531065e+01	3.218533e-01	7.319000e-01	2.924500e-02	9.871961e-01	2.079995e-02	2.682885e-02	
96	1.552699e+01	3.259500e-01	8.145670e-01	2.730000e-02	1.016900e+00	1.909956e-02	1.911468e-02	
97	1.757130e+01	6.459059e-01	8.572000e-01	4.375600e-02	9.865046e-01	3.259996e-02	1.428003e-02	
98	1.904182e+01	4.833335e-01	7.811670e-01	2.835000e-02	9.406984e-01	1.770004e-02	2.086724e-02	
99	1.824052e+01	5.340101e-01	8.520670e-01	2.987900e-02	9.271020e-01	1.839970e-02	1.390255e-02	
100	1.673752e+01	2.711800e-01	8.445670e-01	2.417200e-02	9.999000e-01	1.639972e-02	1.575439e-02	
101	1.828254e+01	4.405431e-01	7.828330e-01	2.655200e-02	9.740038e-01	1.970036e-02	2.144156e-02	
102	1.817917e+01	3.879863e-01	7.963670e-01	2.604100e-02	8.554027e-01	5.780027e-02	1.765715e-02	
104	1.734575e+01	3.733861e-01	7.995670e-01	2.661800e-02	1.017700e+00	2.010008e-02	2.067715e-02	
105	1.989100e+01	7.141515e-01	7.752670e-01	3.988000e-02	1.026600e+00	3.099965e-02	2.338676e-02	
106	2.414876e+01	1.047943e+00	8.553330e-01	3.418500e-02	9.271965e-01	2.359944e-02	1.359700e-02	
107	1.782182e+01	7.857849e-01	8.238670e-01	4.393300e-02	1.006700e+00	3.389970e-02	1.797391e-02	
108	1.972309e+01	1.338550e+00	8.586670e-01	4.162400e-02	1.070301e+00	3.520025e-02	1.533385e-02	
109	1.753525e+01	6.500230e-01	8.176330e-01	4.133600e-02	1.036800e+00	3.240021e-02	1.916652e-02	
110	1.739857e+01	6.456807e-01	8.408670e-01	3.537800e-02	1.108200e+00	3.210028e-02	1.787641e-02	
111	1.693193e+01	5.232099e-01	8.149670e-01	3.395900e-02	1.076799e+00	2.709977e-02	2.019695e-02	
112	1.594871e+01	3.161711e-01	8.176330e-01	2.396000e-02	1.032300e+00	1.820011e-02	1.908332e-02	
113	1.616527e+01	2.654971e-01	8.485000e-01	2.248900e-02	1.029600e+00	1.580043e-02	1.581186e-02	
114	1.652264e+01	3.221374e-01	8.277000e-01	2.406300e-02	1.035400e+00	1.829996e-02	1.808404e-02	
115	1.575597e+01	3.954633e-01	8.470330e-01	3.205400e-02	1.043100e+00	2.549971e-02	1.617430e-02	
116	1.736774e+01	4.593955e-01	8.376330e-01	3.500500e-02	1.001800e+00	2.639980e-02	1.648848e-02	
117	1.650437e+01	3.565642e-01	8.034670e-01	2.798000e-02	1.043900e+00	2.219993e-02	2.079679e-02	
118	1.530362e+01	2.196804e-01	8.437330e-01	1.777100e-02	1.023900e+00	1.199965e-02	1.621909e-02	
119	1.536807e+01	1.835099e-01	8.046670e-01	1.801800e-02	1.009300e+00	1.209995e-02	1.998470e-02	
120	1.487874e+01	2.700798e-01	8.043330e-01	2.511200e-02	9.682042e-01	1.770035e-02	1.920376e-02	
121	1.681746e+01	3.178976e-01	8.400000e-01	2.448000e-02	1.023800e+00	2.390030e-02	1.660493e-02	
122	1.622271e+01	2.934414e-01	8.351670e-01	2.243600e-02	1.073200e+00	1.820007e-02	1.793191e-02	
125	1.731452e+01	3.219772e-01	8.628670e-01	2.535000e-02	9.892958e-01	1.760007e-02	1.375213e-02	
126	2.155405e+01	1.269224e+00	7.506670e-01	2.691300e-02	9.352000e-01	2.950023e-02	2.363666e-02	
127	1.767097e+01	4.243655e-01	7.718670e-01	2.818100e-02	9.772974e-01	2.129991e-02	2.260043e-02	
128	1.834896e+01	3.336542e-01	8.054330e-01	2.095700e-02	9.563978e-01	1.440007e-02	1.886295e-02	
129	1.702359e+01	3.500818e-01	8.290670e-01	2.465900e-02	1.011600e+00	1.849984e-02	1.752817e-02	
130	1.729356e+01	7.210509e-01	8.231330e-01	3.428300e-02	9.855032e-01	2.610048e-02	1.766879e-02	
131	1.949432e+01	5.107582e-01	8.295000e-01	2.839500e-02	9.535979e-01	2.030031e-02	1.648130e-02	
132	1.617547e+01	2.888571e-01	8.446330e-01	2.148700e-02	1.020500e+00	3.880018e-02	1.607213e-02	
133	1.104985e+01	1.129417e+00	4.567670e-01	1.868300e-02	1.007200e+00	1.560026e-02	5.546307e-02	
134	1.785204e+01	3.967758e-01	8.327670e-01	2.729200e-02	9.461006e-01	1.850006e-02	1.603840e-02	
135	1.757716e+01	3.559181e-01	8.034330e-01	2.362700e-02	9.202002e-01	1.550010e-02	1.833559e-02	
136	1.651937e+01	4.854705e-01	7.749670e-01	3.159700e-02	8.945984e-01	2.370027e-02	2.040686e-02	
138	1.516185e+01	3.896496e-01	8.332670e-01	2.992000e-02	9.287983e-01	2.059961e-02	1.569802e-02	
139	1.761928e+01	5.656201e-01	8.154000e-01	2.972100e-02	1.016000e+00	2.340021e-02	1.901197e-02	
140	1.657495e+01	5.359963e-01	8.410670e-01	3.519300e-02	1.006500e+00	2.779990e-02	1.621548e-02	
141	1.580753e+01	9.427894e-01	7.725670e-01	5.450200e-02	9.455013e-01	5.020014e-02	2.179804e-02	
142	1.675659e+01	6.573140e-01	7.863670e-01	3.815000e-02	8.150026e-01	3.250007e-02	1.764937e-02	
143	1.635537e+01	1.040568e+00	8.133000e-01	3.802800e-02	9.029019e-01	2.820050e-02	1.708782e-02	
144	1.733823e+01	6.793885e-01	8.403330e-01	4.191600e-02	1.010100e+00	3.560038e-02	1.634863e-02	
147	1.785204e+01	1.433173e+00	8.187000e-01	2.989700e-02	1.061200e+00	2.409953e-02	1.950281e-02	
149	1.787917e+01	5.216930e-01	8.222330e-01	2.756200e-02	9.616032e-01	1.939980e-02	1.732802e-02	
150	1.692276e+01	7.855402e-01	8.326000e-01	4.516300e-02	9.679043e-01	3.409999e-02	1.642441e-02	
153	1.591343e+01	1.461432e+00	7.843330e-01	6.375400e-02	1.076900e+00	6.400000e-02	2.354296e-02	
154	1.576516e+01	3.069473e-01	8.049330e-01	2.136900e-02	1.004400e+00	1.389952e-02	1.986060e-02	
155	1.380739e+01	4.937678e-01	7.934330e-01	3.185800e-02	1.040800e+00	2.719971e-02	2.179366e-02	
156	1.753894e+01	4.515778e-01	8.277000e-01	2.594800e-02	1.025200e+00	1.910048e-02	1.790589e-02	
157	1.605008e+01	6.056292e-01	8.595000e-01	3.564600e-02	9.694995e-01	2.660000e-02	1.380784e-02	
158	1.558701e+01	4.589416e-01	8.038330e-01	2.970400e-02	9.990010e-01	2.180038e-02	1.986524e-02	
159	1.583481e+01	4.899484e-01	8.209330e-01	3.319700e-02	1.020100e+00	2.569980e-02	1.851655e-02	
160	1.568947e+01	3.254230e-01	8.311330e-01	2.525200e-02	9.756954e-01	1.709949e-02	1.670171e-02	
164	1.613918e+01	3.823748e-01	8.458670e-01	3.360700e-02	1.113599e+00	5.120016e-02	1.739909e-02	
165	1.727683e+01	2.832658e-01	8.398330e-01	2.152500e-02	1.050900e+00	1.510035e-02	1.706225e-02	
168	1.740190e+01	4.215338e-01	8.264670e-01	2.845400e-02	1.032400e+00	2.019998e-02	1.816067e-02	
169	1.861262e+01	9.419417e-01	7.783670e-01	2.665000e-02	9.345008e-01	4.740053e-02	2.099500e-02	
170	1.574878e+01	2.758026e-01	8.729670e-01	2.808800e-02	1.150200e+00	7.890002e-02	1.481125e-02	
171	1.572401e+01	2.366130e-01	8.431000e-01	2.143700e-02	9.825016e-01	1.430009e-02	1.562637e-02	
172	1.659613e+01	3.564085e-01	7.649330e-01	2.546800e-02	9.949952e-01	1.980031e-02	2.370907e-02	
173	1.552771e+01	7.713101e-01	8.271000e-01	2.944100e-02	1.002000e+00	2.179994e-02	1.756162e-02	
174	1.387598e+01	2.304736e-01	7.616330e-01	2.344900e-02	9.156000e-01	1.560036e-02	2.212350e-02	
175	1.406272e+01	1.108841e+00	7.380330e-01	5.579800e-02	9.099015e-01	4.589993e-02	2.416255e-02	
176	1.540975e+01	2.156139e-01	6.698000e-01	1.750400e-02	1.010400e+00	2.219965e-02	3.381990e-02	
177	1.572030e+01	2.110473e-01	8.017330e-01	1.974800e-02	9.263977e-01	1.220035e-02	1.861872e-02	
178	1.654752e+01	3.718483e-01	8.202330e-01	3.050700e-02	8.551979e-01	1.889989e-02	1.558398e-02	
179	1.498352e+01	2.305675e-01	8.041000e-01	2.032000e-02	1.080100e+00	3.050002e-02	2.144867e-02	
180	1.510848e+01	1.563623e-01	7.978000e-01	1.722800e-02	1.043000e+00	1.139956e-02	2.137801e-02	
181	1.599667e+01	2.937658e-01	8.471670e-01	2.801500e-02	1.055101e+00	2.079972e-02	1.634605e-02	
183	1.546982e+01	2.476913e-01	8.453330e-01	2.491500e-02	1.013600e+00	1.750049e-02	1.589155e-02	
184	1.567693e+01	3.202333e-01	8.331670e-01	2.262400e-02	1.004700e+00	1.760028e-02	1.699105e-02	
185	1.690246e+01	3.462599e-01	7.731330e-01	2.563700e-02	1.053300e+00	2.060010e-02	2.422285e-02	
186	1.638216e+01	2.737428e-01	8.441330e-01	2.482800e-02	1.090800e+00	1.809993e-02	1.723460e-02	
187	1.572698e+01	1.966336e-01	8.005670e-01	1.877600e-02	1.039200e+00	1.339984e-02	2.100864e-02	
188	1.582028e+01	2.172442e-01	8.006330e-01	1.919600e-02	1.049900e+00	1.499995e-02	2.121792e-02	
190	1.737952e+01	5.288853e-01	8.360330e-01	3.486500e-02	1.047400e+00	2.939976e-02	1.740888e-02	
191	1.628691e+01	2.962993e-01	8.533000e-01	2.769100e-02	1.067600e+00	5.229952e-02	1.587599e-02	
192	1.593956e+01	3.483293e-01	7.686000e-01	2.222000e-02	9.271965e-01	1.499993e-02	2.174888e-02	
193	1.641928e+01	9.999199e-01	8.038000e-01	3.811300e-02	9.910017e-01	2.990054e-02	1.970948e-02	
194	1.680955e+01	3.808921e-01	7.580670e-01	2.785300e-02	1.040500e+00	2.129988e-02	2.551756e-02	
195	1.703084e+01	2.970108e-01	7.659000e-01	2.127000e-02	1.053400e+00	1.570046e-02	2.499750e-02	
196	1.960208e+01	2.873358e+00	7.842330e-01	8.128800e-02	9.296013e-01	8.170014e-02	2.033216e-02	
197	1.720371e+01	3.933410e-01	8.405670e-01	2.430400e-02	9.817011e-01	3.489981e-02	1.586570e-02	
198	1.756358e+01	5.083740e-01	8.278330e-01	2.824000e-02	9.377960e-01	1.869999e-02	1.636666e-02	
199	1.990446e+01	1.467875e+00	7.721000e-01	6.061300e-02	9.092976e-01	5.409979e-02	2.100643e-02	
200	1.740069e+01	9.489246e-01	8.513670e-01	4.680200e-02	9.488026e-01	3.509983e-02	1.429529e-02	
201	1.557851e+01	1.151078e+00	8.204000e-01	2.242900e-02	1.022500e+00	1.650018e-02	1.861536e-02	
202	1.641955e+01	4.073682e-01	8.449000e-01	2.851000e-02	9.848045e-01	2.009993e-02	1.548330e-02	
203	1.566931e+01	2.695891e-01	8.000000e-01	2.091800e-02	8.857004e-01	1.369990e-02	1.795637e-02	
205	1.543305e+01	1.712508e-01	8.250670e-01	1.615900e-02	9.055018e-01	9.399718e-03	1.605694e-02	
206	1.413428e+01	3.785788e-01	7.726330e-01	2.738400e-02	9.158012e-01	3.559996e-02	2.110719e-02	
207	1.432316e+01	2.562360e-01	7.971000e-01	1.839300e-02	1.067300e+00	3.240023e-02	2.195181e-02	
208	1.665445e+01	4.424065e-01	7.498330e-01	2.787300e-02	9.101003e-01	2.390009e-02	2.307922e-02	
209	1.560866e+01	2.489901e-01	8.242330e-01	2.124000e-02	9.729993e-01	1.480019e-02	1.733611e-02	
210	1.712417e+01	7.459952e-01	8.915000e-01	4.137400e-02	8.953032e-01	2.950010e-02	9.846950e-03	
211	1.691475e+01	4.397492e-01	8.052670e-01	2.748600e-02	9.518008e-01	1.950003e-02	1.878830e-02	
212	2.160807e+01	1.495509e+00	7.855000e-01	3.911600e-02	8.200015e-01	6.399993e-02	1.782969e-02	
213	2.098328e+01	3.234869e+00	7.642670e-01	7.958000e-02	1.043200e+00	8.809950e-02	2.492813e-02	
214	1.889323e+01	1.135472e+00	8.492330e-01	5.075600e-02	8.837982e-01	3.389971e-02	1.350707e-02	
216	1.689446e+01	4.184298e-01	7.523330e-01	2.502200e-02	8.862027e-01	1.620031e-02	2.224862e-02	
217	1.719513e+01	5.591167e-01	8.282000e-01	3.208500e-02	9.968003e-01	2.459982e-02	1.735934e-02	
218	1.699611e+01	5.526039e-01	8.298670e-01	3.259700e-02	1.021200e+00	2.600033e-02	1.761170e-02	
219	1.910402e+01	6.890513e-01	8.409330e-01	3.931800e-02	9.568005e-01	2.760042e-02	1.542778e-02	
220	1.824252e+01	3.780487e-01	8.263330e-01	2.108600e-02	9.696970e-01	1.419965e-02	1.707085e-02	
221	1.848566e+01	6.889064e-01	8.349000e-01	3.683800e-02	9.792976e-01	2.679992e-02	1.638942e-02	
223	1.759603e+01	5.018945e-01	8.310330e-01	3.096800e-02	9.875958e-01	2.290014e-02	1.691543e-02	
224	1.707796e+01	7.413915e-01	8.717330e-01	4.706000e-02	9.617974e-01	3.420018e-02	1.250548e-02	
225	1.599821e+01	4.025978e-01	8.308000e-01	3.112100e-02	9.199040e-01	1.879970e-02	1.577774e-02	
226	1.561475e+01	4.179083e-01	8.063670e-01	3.038500e-02	9.296964e-01	2.010012e-02	1.824830e-02	
227	1.714501e+01	4.565066e-01	8.172330e-01	3.252000e-02	1.037800e+00	2.499998e-02	1.922707e-02	
229	1.530433e+01	2.951202e-01	8.160000e-01	2.409500e-02	1.038000e+00	1.820019e-02	1.936052e-02	
230	1.510300e+01	3.989481e-01	7.177330e-01	2.691300e-02	1.046401e+00	3.220041e-02	2.994056e-02	
231	1.474578e+01	1.065012e+00	6.639000e-01	3.766700e-02	9.583042e-01	3.670082e-02	3.264929e-02	
232	1.348418e+01	2.043691e-01	6.661330e-01	1.743300e-02	8.655011e-01	1.020039e-02	2.929159e-02	
233	1.727653e+01	3.134023e-01	7.741670e-01	2.240700e-02	9.299990e-01	1.519972e-02	2.128981e-02	
235	1.602410e+01	4.555132e-01	8.673670e-01	3.479700e-02	1.032000e+00	2.770022e-02	1.387501e-02	
236	1.549403e+01	4.438800e-01	8.456670e-01	3.396000e-02	9.560961e-01	2.109971e-02	1.495761e-02	
237	1.620010e+01	4.577012e-01	8.197000e-01	3.236800e-02	9.424982e-01	2.210009e-02	1.722575e-02	
238	1.771260e+01	6.309232e-01	8.122330e-01	2.717500e-02	9.129002e-01	1.690025e-02	1.737578e-02	
239	1.694743e+01	5.230192e-01	7.921000e-01	3.033300e-02	9.150973e-01	1.969991e-02	1.928518e-02	
240	1.588058e+01	4.047694e-01	8.925670e-01	3.072700e-02	9.314022e-01	2.270014e-02	1.014324e-02	
241	1.770915e+01	6.115469e-01	7.771670e-01	3.364900e-02	8.689985e-01	2.399969e-02	1.962910e-02	
242	1.694197e+01	3.668249e-01	7.884330e-01	2.443500e-02	8.698980e-01	1.470009e-02	1.865598e-02	
243	1.712065e+01	5.296617e-01	8.233000e-01	3.492700e-02	9.312027e-01	2.369976e-02	1.667948e-02	
244	1.684806e+01	3.497122e-01	7.646670e-01	2.389000e-02	9.099015e-01	1.479991e-02	2.170596e-02	
245	1.728668e+01	7.694857e-01	7.963670e-01	3.557600e-02	9.368033e-01	2.989984e-02	1.933741e-02	
247	1.736443e+01	4.954028e-01	7.799670e-01	2.722500e-02	9.292989e-01	2.300017e-02	2.072741e-02	
248	1.851235e+01	3.733450e+00	7.603670e-01	8.419100e-02	9.604026e-01	9.360058e-02	2.332930e-02	
249	1.612825e+01	2.928957e-01	7.801330e-01	2.067200e-02	1.002700e+00	1.389976e-02	2.234771e-02	
250	1.736443e+01	5.083683e-01	8.237670e-01	3.144700e-02	9.594995e-01	2.249950e-02	1.714091e-02	
251	1.809071e+01	4.457467e-01	7.115330e-01	2.687900e-02	9.226965e-01	2.899932e-02	2.698093e-02	
252	1.705146e+01	3.744890e-01	8.184000e-01	2.456900e-02	9.866019e-01	1.660008e-02	1.816183e-02	
254	1.727175e+01	2.801164e-01	8.632330e-01	2.121300e-02	9.774980e-01	1.260021e-02	1.355186e-02	
255	1.631348e+01	3.630008e-01	8.055330e-01	2.866500e-02	9.530980e-01	1.919986e-02	1.878821e-02	
256	1.757933e+01	3.275747e-01	8.337330e-01	2.460800e-02	1.006800e+00	1.759994e-02	1.696880e-02	
257	1.796945e+01	3.406608e-01	8.138330e-01	2.742400e-02	1.008600e+00	1.820006e-02	1.903372e-02	
259	1.699235e+01	4.377300e-01	8.205670e-01	3.183300e-02	1.016300e+00	2.349978e-02	1.848529e-02	
260	1.710308e+01	3.074336e-01	8.275330e-01	2.416000e-02	1.021900e+00	1.699984e-02	1.786555e-02	
261	1.671319e+01	2.181572e-01	8.295670e-01	1.891300e-02	9.733971e-01	1.189968e-02	1.681689e-02	
262	1.935359e+01	5.925562e-01	7.669330e-01	2.961200e-02	8.953032e-01	5.550056e-02	2.115207e-02	
264	1.695835e+01	2.504871e-01	8.092000e-01	2.094800e-02	1.058300e+00	1.679997e-02	2.046863e-02	
265	1.731212e+01	3.245854e-01	8.207000e-01	2.652200e-02	9.454030e-01	1.599968e-02	1.718300e-02	
266	1.628797e+01	3.703560e-01	7.535670e-01	2.941200e-02	9.631035e-01	2.270038e-02	2.405878e-02	
267	1.313836e+01	1.645035e-01	6.872000e-01	1.827700e-02	1.021600e+00	1.320029e-02	3.239286e-02	
268	1.049593e+01	8.328444e-02	4.759670e-01	9.721000e-03	1.269999e+00	2.419993e-02	6.746274e-02	
269	6.187200e+00	9.371297e-02	2.117670e-01	8.075000e-03	1.424601e+00	4.759960e-02	1.138281e-01	
270	3.599997e+00	9.490593e-02	-1.570000e-01	6.376000e-03	1.357500e+00	5.610059e-02	1.592118e-01	
271	1.799299e+00	2.900132e-02	-8.430330e-01	5.038000e-03	1.016800e+00	1.259991e-02	1.899636e-01	
