4	1.320341e+01	6.009158e-01	5.175620e-01	3.675800e-02	1.689900e+00	1.443987e-01	8.264267e-02	
5	1.262993e+01	2.960601e-01	6.599390e-01	1.560800e-02	1.422801e+00	1.900067e-02	4.904591e-02	
6	1.538154e+01	2.706610e-01	7.304690e-01	1.492300e-02	1.317500e+00	2.429957e-02	3.599659e-02	
7	1.449759e+01	3.474275e-01	7.145730e-01	1.639200e-02	1.399200e+00	3.609916e-02	4.048338e-02	
8	1.477738e+01	3.465547e-01	7.477740e-01	1.836600e-02	1.288799e+00	1.679939e-02	3.295164e-02	
9	1.572105e+01	3.484833e-01	8.412540e-01	2.026900e-02	1.315400e+00	4.309948e-02	2.116715e-02	
10	1.508523e+01	3.722950e-01	7.895250e-01	1.770900e-02	1.286099e+00	3.190003e-02	2.743954e-02	
11	1.534142e+01	5.349716e-01	7.834840e-01	1.581300e-02	1.359601e+00	1.949998e-02	2.984030e-02	
12	1.578632e+01	2.285235e-01	7.796780e-01	2.009200e-02	1.317700e+00	2.440070e-02	2.942905e-02	
13	1.623166e+01	3.685900e-01	8.098590e-01	1.848600e-02	1.325701e+00	2.869969e-02	2.555190e-02	
14	1.567890e+01	3.643168e-01	7.865850e-01	1.474000e-02	1.321301e+00	1.659940e-02	2.858436e-02	
15	1.508796e+01	4.008857e-01	7.893660e-01	2.023000e-02	1.295699e+00	2.470072e-02	2.766525e-02	
17	1.460046e+01	1.564693e-01	8.091450e-01	1.988400e-02	1.237200e+00	1.530051e-02	2.393565e-02	
18	1.489824e+01	4.070704e-01	7.857870e-01	1.592000e-02	1.337401e+00	2.550065e-02	2.904084e-02	
20	1.603618e+01	2.075273e-01	8.048780e-01	1.894200e-02	1.147600e+00	1.750010e-02	2.269857e-02	
22	1.675294e+01	3.541944e-01	7.432300e-01	1.988300e-02	1.225600e+00	1.840066e-02	3.190030e-02	
23	1.470177e+01	2.180875e-01	7.915410e-01	2.379900e-02	1.256900e+00	2.179964e-02	2.655971e-02	
24	1.529520e+01	2.659933e-01	8.306770e-01	2.679000e-02	1.329501e+00	4.680002e-02	2.281951e-02	
25	1.545810e+01	2.179250e-01	7.849900e-01	2.416200e-02	1.326300e+00	2.669921e-02	2.890696e-02	
26	1.579904e+01	2.383771e-01	8.128180e-01	2.270600e-02	1.346100e+00	4.190033e-02	2.554131e-02	
27	1.513523e+01	2.416744e-01	7.660640e-01	2.473900e-02	1.342799e+00	3.349997e-02	3.184271e-02	
28	1.543091e+01	3.519309e-01	7.962230e-01	2.745900e-02	1.281700e+00	3.010018e-02	2.647544e-02	
29	1.496894e+01	2.704515e-01	7.519760e-01	2.658200e-02	1.319300e+00	2.759992e-02	3.316950e-02	
30	1.371328e+01	4.238740e-01	7.755510e-01	1.864000e-02	1.366400e+00	3.530031e-02	3.108833e-02	
31	1.373570e+01	1.324459e-01	6.057880e-01	1.411900e-02	1.395200e+00	1.550065e-02	5.575300e-02	
32	1.131913e+01	1.935935e-01	5.446150e-01	1.621000e-02	1.348100e+00	2.700070e-02	6.223039e-02	
33	1.320725e+01	4.308456e-01	7.182660e-01	1.814400e-02	1.372000e+00	1.729911e-02	3.918278e-02	
34	1.323749e+01	2.337585e-01	6.909830e-01	1.391600e-02	1.315400e+00	1.720069e-02	4.120425e-02	
35	1.449443e+01	1.687012e-01	6.928430e-01	1.886500e-02	1.307400e+00	3.170057e-02	4.070715e-02	
36	1.816168e+01	5.125814e-01	7.802200e-01	2.877600e-02	1.235601e+00	3.350057e-02	2.752759e-02	
37	1.577287e+01	1.649434e-01	8.145160e-01	1.402900e-02	1.214300e+00	1.199967e-02	2.283148e-02	
38	1.785013e+01	8.861021e-01	7.991590e-01	2.616700e-02	1.217300e+00	3.349950e-02	2.478289e-02	
39	1.611058e+01	3.241791e-01	8.027890e-01	2.439600e-02	1.388600e+00	4.239938e-02	2.775940e-02	
40	1.688248e+01	5.657611e-01	8.347110e-01	2.341400e-02	1.245600e+00	2.629980e-02	2.087009e-02	
41	1.611604e+01	1.831073e-01	7.898480e-01	1.879800e-02	1.384800e+00	4.099980e-02	2.950003e-02	
42	1.580703e+01	3.810397e-01	8.074220e-01	2.009800e-02	1.343400e+00	2.020027e-02	2.622490e-02	
43	1.424562e+01	2.372343e-01	7.956130e-01	2.188900e-02	1.300899e+00	1.740063e-02	2.695248e-02	
44	1.559284e+01	4.692537e-01	7.679110e-01	2.751900e-02	1.381401e+00	6.899914e-02	3.249945e-02	
46	1.714149e+01	1.007839e+00	8.142290e-01	4.196200e-02	1.415400e+00	6.020089e-02	2.665379e-02	
47	1.642252e+01	4.749401e-01	8.433500e-01	3.675700e-02	1.465101e+00	5.240084e-02	2.326482e-02	
49	1.620010e+01	3.955021e-01	8.478260e-01	2.705000e-02	1.563101e+00	3.920005e-02	2.411178e-02	
51	1.617442e+01	2.333579e-01	8.125620e-01	2.325200e-02	1.470400e+00	4.680031e-02	2.793798e-02	
52	1.603181e+01	8.309419e-01	8.076920e-01	2.104400e-02	1.392899e+00	4.539994e-02	2.715307e-02	
53	1.580878e+01	4.728438e-01	8.324870e-01	2.937900e-02	1.456900e+00	3.639973e-02	2.473888e-02	
54	1.539361e+01	2.547356e-01	8.150000e-01	2.322100e-02	1.357300e+00	4.400059e-02	2.545360e-02	
55	1.513226e+01	2.692866e-01	7.895270e-01	1.855400e-02	1.291699e+00	3.230024e-02	2.755876e-02	
56	1.641416e+01	2.869373e-01	8.407080e-01	1.812600e-02	1.340400e+00	2.060064e-02	2.164363e-02	
57	1.657688e+01	6.600523e-01	8.445120e-01	1.896800e-02	1.392899e+00	3.350089e-02	2.195424e-02	
59	1.558312e+01	2.960142e-01	8.574260e-01	3.113200e-02	1.282699e+00	2.969962e-02	1.853818e-02	
60	1.599821e+01	2.787216e-01	7.948720e-01	2.436900e-02	1.365900e+00	2.469978e-02	2.840179e-02	
61	1.660192e+01	6.863031e-01	8.078870e-01	2.101900e-02	1.352499e+00	2.089923e-02	2.633878e-02	
62	1.584460e+01	5.508064e-01	7.709160e-01	1.841200e-02	1.332299e+00	1.660000e-02	3.093844e-02	
63	1.554678e+01	2.571713e-01	8.086170e-01	1.894300e-02	1.292599e+00	1.799967e-02	2.507663e-02	
64	1.340572e+01	1.660552e-01	7.918780e-01	1.881600e-02	1.278300e+00	2.789978e-02	2.696824e-02	
65	1.499858e+01	2.116848e-01	7.700690e-01	1.715000e-02	1.256400e+00	1.529921e-02	2.928379e-02	
66	1.645765e+01	3.112117e-01	7.589740e-01	1.892800e-02	1.197400e+00	1.660014e-02	2.925532e-02	
67	1.414507e+01	2.451017e-01	7.258060e-01	1.370200e-02	1.184100e+00	1.059983e-02	3.291155e-02	
70	1.376103e+01	2.522353e-01	7.916670e-01	1.582900e-02	1.402700e+00	1.919951e-02	2.962270e-02	
71	1.569095e+01	5.180173e-01	8.132650e-01	1.609900e-02	1.275300e+00	2.349972e-02	2.414015e-02	
72	1.475057e+01	3.681441e-01	7.859300e-01	1.559500e-02	1.222500e+00	2.919966e-02	2.652812e-02	
73	1.539978e+01	3.426863e-01	7.596350e-01	2.306500e-02	1.256700e+00	2.069981e-02	3.061996e-02	
74	1.335060e+01	1.372437e-01	7.293530e-01	1.379400e-02	1.230400e+00	1.590032e-02	3.375602e-02	
75	1.299866e+01	2.042789e-01	7.173690e-01	2.303300e-02	1.294901e+00	2.129998e-02	3.709865e-02	
76	1.455541e+01	1.792334e-01	7.098390e-01	2.057400e-02	1.240099e+00	1.850029e-02	3.647517e-02	
78	1.636554e+01	1.424861e-01	7.601180e-01	1.604500e-02	1.289399e+00	4.020047e-02	3.135356e-02	
79	1.389082e+01	2.130221e-01	7.614680e-01	1.838600e-02	1.289200e+00	2.059927e-02	3.117229e-02	
80	1.602615e+01	4.366240e-01	7.615690e-01	1.756500e-02	1.199600e+00	1.280027e-02	2.899353e-02	
83	1.394097e+01	4.124123e-01	7.106300e-01	2.172200e-02	1.421101e+00	2.490076e-02	4.168503e-02	
84	1.328727e+01	4.131307e-01	7.809620e-01	2.207800e-02	1.438001e+00	7.470093e-02	3.192864e-02	
86	1.562940e+01	7.123147e-01	7.408160e-01	2.602000e-02	1.345500e+00	2.879938e-02	3.535036e-02	
87	1.612227e+01	4.468156e-01	7.842360e-01	4.014100e-02	1.244901e+00	6.549979e-02	2.722798e-02	
88	1.803264e+01	2.601409e-01	7.983790e-01	2.122300e-02	1.252000e+00	2.170053e-02	2.558833e-02	
89	1.530550e+01	1.557817e-01	6.910000e-01	1.803800e-02	1.245400e+00	2.619984e-02	3.900939e-02	
90	1.482514e+01	5.378132e-01	7.336020e-01	1.813400e-02	1.237301e+00	2.860052e-02	3.341243e-02	
91	1.371817e+01	1.366247e-01	7.164480e-01	1.473500e-02	1.217000e+00	2.689952e-02	3.498042e-02	
92	1.518787e+01	3.051784e-01	7.594680e-01	2.947100e-02	1.360400e+00	2.650000e-02	3.316968e-02	
93	1.530011e+01	3.267944e-01	7.586890e-01	1.551900e-02	1.195500e+00	1.330033e-02	2.924345e-02	
94	1.273934e+01	1.752741e-01	6.950000e-01	1.300600e-02	1.178700e+00	1.030053e-02	3.644224e-02	
95	1.382151e+01	1.923714e-01	7.295410e-01	2.343500e-02	1.262500e+00	4.460071e-02	3.461264e-02	
96	1.458066e+01	2.770121e-01	8.004090e-01	2.355900e-02	1.344400e+00	3.860091e-02	2.720016e-02	
97	1.605549e+01	3.768724e-01	7.914170e-01	2.563300e-02	1.279301e+00	2.800077e-02	2.704914e-02	
98	1.602461e+01	2.606401e-01	8.303570e-01	2.330100e-02	1.276899e+00	3.460025e-02	2.195809e-02	
99	1.719927e+01	4.830658e-01	8.326610e-01	2.209000e-02	1.245800e+00	4.430080e-02	2.113233e-02	
100	1.587982e+01	4.062438e-01	8.081510e-01	2.018100e-02	1.339999e+00	2.020048e-02	2.605949e-02	
101	1.684977e+01	6.603855e-01	7.815630e-01	1.941900e-02	1.312699e+00	2.060062e-02	2.906654e-02	
102	1.601999e+01	5.715377e-01	8.406370e-01	2.373400e-02	1.267800e+00	2.640018e-02	2.048048e-02	
104	1.677796e+01	3.524379e-01	7.881530e-01	2.389300e-02	1.361200e+00	3.249925e-02	2.923116e-02	
105	1.824917e+01	3.506831e-01	8.172690e-01	3.185900e-02	1.391800e+00	3.899978e-02	2.578048e-02	
106	2.047334e+01	6.966403e-01	8.292180e-01	2.873500e-02	1.328101e+00	4.669973e-02	2.299190e-02	
107	1.696957e+01	7.274032e-01	8.533330e-01	3.658000e-02	1.368000e+00	4.220063e-02	2.033857e-02	
108	1.565362e+01	1.019104e+00	7.990150e-01	3.179200e-02	1.529801e+00	6.890047e-02	3.116738e-02	
109	1.551398e+01	3.720967e-01	8.023830e-01	2.890200e-02	1.429300e+00	3.910110e-02	2.863187e-02	
110	1.585716e+01	3.439829e-01	8.140960e-01	3.007000e-02	1.522800e+00	4.180086e-02	2.869680e-02	
111	1.682652e+01	2.797341e-01	7.949950e-01	2.536600e-02	1.441699e+00	6.710010e-02	2.995994e-02	
112	1.524065e+01	2.257736e-01	7.753040e-01	2.058100e-02	1.388301e+00	2.899935e-02	3.162138e-02	
113	1.505707e+01	2.013231e-01	8.492150e-01	2.008400e-02	1.370000e+00	2.909946e-02	2.094019e-02	
114	1.578681e+01	2.876039e-01	8.303390e-01	1.836800e-02	1.392699e+00	3.340012e-02	2.395197e-02	
115	1.595253e+01	7.397823e-01	8.209260e-01	2.607100e-02	1.395101e+00	2.760058e-02	2.532445e-02	
116	1.646063e+01	2.584887e-01	8.325070e-01	2.558500e-02	1.333300e+00	2.739950e-02	2.263738e-02	
117	1.518441e+01	4.685110e-01	7.801420e-01	2.309200e-02	1.414599e+00	3.889921e-02	3.152663e-02	
118	1.417535e+01	1.943095e-01	7.880600e-01	1.444200e-02	1.367301e+00	2.570017e-02	2.937506e-02	
119	1.441151e+01	2.330299e-01	7.629180e-01	1.519000e-02	1.306500e+00	1.959910e-02	3.139856e-02	
120	1.358013e+01	2.284963e-01	8.131870e-01	2.078200e-02	1.307501e+00	3.290044e-02	2.476001e-02	
121	1.552891e+01	2.013579e-01	8.299600e-01	2.063800e-02	1.372701e+00	3.820055e-02	2.366076e-02	
122	1.462908e+01	2.536018e-01	8.304570e-01	1.986100e-02	1.424499e+00	2.810034e-02	2.448184e-02	
125	1.554678e+01	1.974708e-01	8.286270e-01	2.066300e-02	1.349500e+00	2.050070e-02	2.344322e-02	
126	1.578482e+01	4.178423e-01	8.215380e-01	2.527300e-02	1.342900e+00	2.549980e-02	2.429357e-02	
127	1.704245e+01	3.252986e-01	7.505090e-01	2.380900e-02	1.346500e+00	2.529948e-02	3.405361e-02	
128	1.670174e+01	2.750429e-01	8.162060e-01	1.792100e-02	1.305500e+00	2.870092e-02	2.432260e-02	
129	1.621113e+01	3.679212e-01	8.030000e-01	1.993000e-02	1.337700e+00	3.309927e-02	2.671325e-02	
130	1.757346e+01	3.128411e-01	8.302620e-01	2.629700e-02	1.355300e+00	3.460052e-02	2.331935e-02	
131	1.810086e+01	8.145157e-01	8.353540e-01	2.459900e-02	1.307400e+00	2.749912e-02	2.182034e-02	
132	1.613606e+01	2.530820e-01	7.792750e-01	1.667200e-02	1.315900e+00	3.239985e-02	2.944261e-02	
133	1.102548e+01	6.559443e-01	6.062440e-01	1.751200e-02	1.331101e+00	2.320033e-02	5.313001e-02	
134	1.571388e+01	4.103911e-01	8.348530e-01	2.322900e-02	1.301101e+00	3.600043e-02	2.178128e-02	
135	1.748099e+01	7.419604e-01	7.674420e-01	1.918200e-02	1.274200e+00	3.070039e-02	3.003799e-02	
136	1.581253e+01	2.550367e-01	7.681310e-01	2.701000e-02	1.273900e+00	6.260032e-02	2.994193e-02	
138	1.464729e+01	2.226958e-01	8.113210e-01	2.338900e-02	1.331700e+00	2.650028e-02	2.547016e-02	
139	1.652647e+01	3.173702e-01	7.832660e-01	2.418800e-02	1.473900e+00	3.429974e-02	3.238150e-02	
140	1.639344e+01	6.613813e-01	7.963890e-01	2.709300e-02	1.392699e+00	3.309948e-02	2.874488e-02	
141	1.505820e+01	5.831994e-01	8.388670e-01	4.395100e-02	1.338900e+00	5.970069e-02	2.186927e-02	
142	1.516346e+01	4.456055e-01	7.945210e-01	2.659400e-02	1.214800e+00	5.089969e-02	2.530311e-02	
143	1.378911e+01	2.610616e-01	8.256050e-01	3.061500e-02	1.255699e+00	3.269928e-02	2.219839e-02	
144	1.590078e+01	3.994789e-01	8.043480e-01	3.365600e-02	1.330599e+00	4.840001e-02	2.638964e-02	
147	1.572896e+01	2.845102e-01	7.901110e-01	2.618400e-02	1.398801e+00	6.989915e-02	2.976099e-02	
149	1.670090e+01	2.476811e-01	8.253190e-01	2.292900e-02	1.365700e+00	4.250089e-02	2.418260e-02	
150	1.514073e+01	3.809999e-01	7.860800e-01	2.929300e-02	1.406201e+00	7.380055e-02	3.049303e-02	
153	1.712182e+01	1.585099e+00	7.354170e-01	5.651800e-02	1.399001e+00	1.251005e-01	3.752163e-02	
154	1.525320e+01	3.122300e-01	8.075400e-01	1.637300e-02	1.385600e+00	3.589997e-02	2.703213e-02	
155	1.480275e+01	6.926431e-01	7.917510e-01	2.760100e-02	1.511599e+00	7.719872e-02	3.190961e-02	
156	1.692964e+01	6.073324e-01	8.166670e-01	2.013300e-02	1.530201e+00	5.669977e-02	2.843747e-02	
157	1.583757e+01	6.057511e-01	8.071710e-01	2.942600e-02	1.368201e+00	3.920098e-02	2.674385e-02	
158	1.411991e+01	4.119020e-01	8.438130e-01	2.404600e-02	1.445601e+00	5.080000e-02	2.288733e-02	
159	1.532473e+01	2.836956e-01	8.220420e-01	2.900500e-02	1.400700e+00	3.650029e-02	2.526762e-02	
160	1.488228e+01	3.058670e-01	7.690780e-01	2.109200e-02	1.349801e+00	2.400071e-02	3.159635e-02	
164	1.439284e+01	5.690515e-01	8.089110e-01	1.984100e-02	1.353400e+00	2.670056e-02	2.621583e-02	
165	1.632387e+01	2.715315e-01	8.498990e-01	1.915300e-02	1.386099e+00	1.810030e-02	2.109016e-02	
168	1.698139e+01	4.094819e-01	7.951320e-01	2.192400e-02	1.376300e+00	2.159957e-02	2.858176e-02	
169	1.519549e+01	5.691757e-01	8.050000e-01	1.986000e-02	1.354300e+00	3.440090e-02	2.677018e-02	
170	1.567742e+01	5.350664e-01	8.114750e-01	2.054500e-02	1.396100e+00	6.149981e-02	2.668009e-02	
171	1.477934e+01	5.050079e-01	7.860700e-01	1.758000e-02	1.364201e+00	2.869915e-02	2.958365e-02	
172	1.493652e+01	2.228765e-01	8.316830e-01	2.391400e-02	1.344200e+00	3.369999e-02	2.293473e-02	
173	1.449233e+01	3.331040e-01	7.784550e-01	2.253800e-02	1.317200e+00	5.040050e-02	2.958119e-02	
174	1.197060e+01	4.870606e-01	7.197970e-01	1.901300e-02	1.233100e+00	1.789976e-02	3.502459e-02	
175	1.419849e+01	9.630301e-01	7.005930e-01	4.986500e-02	1.499700e+00	2.005005e-01	4.551643e-02	
176	1.450242e+01	2.296697e-01	6.699410e-01	1.494500e-02	1.324800e+00	3.550030e-02	4.432448e-02	
177	1.467179e+01	2.772568e-01	7.823470e-01	1.623700e-02	1.269000e+00	2.220044e-02	2.799807e-02	
178	1.563355e+01	1.974816e-01	7.780040e-01	2.233400e-02	1.158100e+00	2.539958e-02	2.606113e-02	
179	1.399698e+01	1.249940e-01	7.844130e-01	1.767500e-02	1.366299e+00	3.139914e-02	2.985866e-02	
180	1.447346e+01	2.702304e-01	7.720360e-01	1.524500e-02	1.385700e+00	2.689958e-02	3.202118e-02	
181	1.463272e+01	2.393822e-01	8.439130e-01	2.196300e-02	1.361500e+00	4.419920e-02	2.154201e-02	
183	1.456367e+01	1.768919e-01	7.864690e-01	1.986300e-02	1.356699e+00	2.109918e-02	2.936611e-02	
184	1.502472e+01	1.526016e-01	8.094260e-01	1.993100e-02	1.350100e+00	1.789960e-02	2.608143e-02	
185	1.548083e+01	4.515124e-01	8.276210e-01	2.047800e-02	1.371200e+00	2.560067e-02	2.396002e-02	
186	1.792982e+01	9.332522e-01	8.443110e-01	2.948000e-02	1.386599e+00	2.739978e-02	2.188319e-02	
187	1.471844e+01	2.164157e-01	7.954990e-01	1.677900e-02	1.385600e+00	1.950030e-02	2.872335e-02	
188	1.532497e+01	3.147051e-01	8.122490e-01	1.724200e-02	1.401200e+00	2.499948e-02	2.666762e-02	
190	1.701056e+01	3.255292e-01	7.942970e-01	2.725800e-02	1.454700e+00	3.289981e-02	3.033304e-02	
191	1.625725e+01	2.666770e-01	8.146190e-01	3.624900e-02	1.366600e+00	4.220019e-02	2.568080e-02	
192	1.486304e+01	3.609667e-01	8.067390e-01	1.775100e-02	1.322101e+00	3.829934e-02	2.590065e-02	
193	1.561695e+01	6.992299e-01	7.670680e-01	2.796500e-02	1.290601e+00	3.279998e-02	3.047354e-02	
194	1.537279e+01	2.637361e-01	7.628870e-01	2.302900e-02	1.421399e+00	3.269979e-02	3.416436e-02	
195	1.548419e+01	1.781418e-01	7.658290e-01	1.836800e-02	1.483000e+00	6.139972e-02	3.520270e-02	
196	1.883204e+01	1.975021e+00	7.393940e-01	7.571300e-02	1.582599e+00	1.930010e-01	4.180778e-02	
197	1.669115e+01	2.117317e-01	8.000000e-01	1.905500e-02	1.468701e+00	1.061004e-01	2.977591e-02	
198	1.634548e+01	2.308389e-01	8.129290e-01	2.297300e-02	1.336300e+00	3.599966e-02	2.534033e-02	
199	1.819836e+01	8.584196e-01	7.969700e-01	5.192400e-02	1.318499e+00	7.289976e-02	2.713576e-02	
200	1.755741e+01	8.951950e-01	8.350410e-01	3.973800e-02	1.363200e+00	4.900004e-02	2.279489e-02	
201	1.363736e+01	1.218338e+00	7.905600e-01	1.916500e-02	1.445099e+00	4.490079e-02	3.068027e-02	
202	1.560695e+01	4.243112e-01	8.080080e-01	2.386500e-02	1.374300e+00	6.149989e-02	2.674648e-02	
203	1.476690e+01	1.559139e-01	8.279250e-01	1.863800e-02	1.181300e+00	1.630048e-02	2.060534e-02	
205	1.455075e+01	1.020511e-01	7.615230e-01	1.306100e-02	1.182700e+00	3.119977e-02	2.859058e-02	
206	1.362565e+01	7.430046e-01	7.317810e-01	2.388000e-02	1.312400e+00	8.379958e-02	3.568268e-02	
207	1.446948e+01	2.608697e-01	7.693080e-01	1.397100e-02	1.336800e+00	2.550098e-02	3.126085e-02	
208	1.507273e+01	4.768657e-01	7.748740e-01	2.348400e-02	1.282600e+00	2.660069e-02	2.926974e-02	
209	1.448310e+01	2.747858e-01	8.553850e-01	1.872000e-02	1.258900e+00	3.130040e-02	1.845468e-02	
210	1.567890e+01	9.926526e-01	8.118230e-01	3.450400e-02	1.271800e+00	3.749956e-02	2.425980e-02	
211	1.628373e+01	3.919062e-01	7.952050e-01	2.034500e-02	1.337000e+00	4.820003e-02	2.775573e-02	
212	1.594922e+01	5.504730e-01	8.052580e-01	2.982900e-02	1.234800e+00	4.839951e-02	2.437575e-02	
213	2.190293e+01	1.579778e+00	8.460780e-01	7.330300e-02	1.465601e+00	2.888010e-01	2.286748e-02	
214	1.901683e+01	4.451786e-01	8.136090e-01	3.247100e-02	1.249900e+00	5.949985e-02	2.361577e-02	
216	1.624986e+01	5.093676e-01	7.304170e-01	1.971500e-02	1.259800e+00	3.889970e-02	3.442673e-02	
217	1.610929e+01	4.248164e-01	7.908900e-01	2.733400e-02	1.408001e+00	3.500043e-02	2.984554e-02	
218	1.562744e+01	4.356830e-01	7.707510e-01	2.698500e-02	1.474200e+00	3.869934e-02	3.425829e-02	
219	1.695720e+01	3.881880e-01	7.507450e-01	2.448700e-02	1.324300e+00	2.840055e-02	3.346047e-02	
220	1.732412e+01	3.868612e-01	8.364350e-01	1.851500e-02	1.385400e+00	5.380086e-02	2.297034e-02	
221	1.799403e+01	8.994746e-01	7.886180e-01	3.011700e-02	1.399300e+00	3.839914e-02	2.998339e-02	
223	1.723068e+01	8.114181e-01	8.042380e-01	2.701200e-02	1.332600e+00	3.059918e-02	2.644417e-02	
224	1.696554e+01	6.199851e-01	8.355740e-01	3.707300e-02	1.375200e+00	4.740041e-02	2.292124e-02	
225	1.536641e+01	3.990540e-01	7.874490e-01	2.141100e-02	1.290701e+00	2.229985e-02	2.780933e-02	
226	1.519988e+01	2.194845e-01	8.201010e-01	2.532000e-02	1.255800e+00	2.809960e-02	2.290083e-02	
227	1.559357e+01	3.520948e-01	8.006070e-01	2.672200e-02	1.370099e+00	2.900044e-02	2.769261e-02	
229	1.444565e+01	2.439431e-01	8.015950e-01	2.110900e-02	1.383899e+00	3.160042e-02	2.783293e-02	
230	1.438621e+01	4.006806e-01	7.085890e-01	2.193000e-02	1.490400e+00	9.000005e-02	4.402613e-02	
231	1.217048e+01	4.357711e-01	6.403600e-01	2.971600e-02	1.465601e+00	1.530010e-01	5.343005e-02	
232	1.284225e+01	1.355669e-01	6.370890e-01	1.385500e-02	1.190700e+00	2.430052e-02	4.380305e-02	
233	1.578183e+01	4.141971e-01	7.482720e-01	1.789000e-02	1.213700e+00	1.760021e-02	3.097024e-02	
235	1.475928e+01	3.006140e-01	7.827870e-01	2.694700e-02	1.343999e+00	2.880019e-02	2.959284e-02	
236	1.565533e+01	5.654213e-01	7.693100e-01	2.114100e-02	1.302501e+00	3.660046e-02	3.045850e-02	
237	1.504981e+01	2.267234e-01	8.036620e-01	2.422300e-02	1.246201e+00	4.550026e-02	2.480243e-02	
238	1.599386e+01	3.299865e-01	8.125620e-01	2.325200e-02	1.273900e+00	2.780055e-02	2.420443e-02	
239	1.691904e+01	7.176388e-01	8.097660e-01	2.548600e-02	1.292100e+00	2.709968e-02	2.491644e-02	
240	1.680814e+01	9.435948e-01	8.125000e-01	2.365700e-02	1.222901e+00	3.110012e-02	2.324311e-02	
241	1.678275e+01	4.193926e-01	7.653470e-01	2.587100e-02	1.275901e+00	3.800060e-02	3.034903e-02	
242	1.645711e+01	3.512750e-01	7.667980e-01	2.079500e-02	1.177300e+00	1.800045e-02	2.783052e-02	
243	1.552024e+01	5.443838e-01	8.130000e-01	2.866300e-02	1.232400e+00	4.689931e-02	2.336120e-02	
244	1.563233e+01	2.705172e-01	7.973790e-01	2.022900e-02	1.253700e+00	4.510019e-02	2.575016e-02	
245	1.591318e+01	3.752857e-01	7.563450e-01	3.083000e-02	1.335900e+00	6.789978e-02	3.299523e-02	
247	1.599181e+01	2.634102e-01	7.587270e-01	2.152200e-02	1.252400e+00	3.890051e-02	3.063047e-02	
248	1.382648e+01	1.738131e+00	7.895250e-01	9.031200e-02	1.397800e+00	2.287991e-01	2.982273e-02	
249	1.513959e+01	2.149963e-01	7.728190e-01	1.729100e-02	1.432999e+00	3.880064e-02	3.300045e-02	
250	1.585515e+01	2.712452e-01	8.103980e-01	2.336800e-02	1.277900e+00	4.150013e-02	2.456075e-02	
251	1.569391e+01	9.709094e-01	8.221990e-01	2.583900e-02	1.345699e+00	2.809984e-02	2.425404e-02	
252	1.628532e+01	3.885350e-01	7.628970e-01	1.945300e-02	1.349200e+00	4.340056e-02	3.242763e-02	
254	1.624458e+01	1.446097e-01	7.902580e-01	1.617900e-02	1.263299e+00	2.339946e-02	2.685923e-02	
255	1.510027e+01	2.362267e-01	8.026450e-01	2.417100e-02	1.258599e+00	2.310053e-02	2.517894e-02	
256	1.546671e+01	2.908904e-01	8.080500e-01	2.014100e-02	1.338600e+00	4.230022e-02	2.604599e-02	
257	1.712094e+01	7.902695e-01	7.971890e-01	2.107000e-02	1.332401e+00	2.739985e-02	2.739228e-02	
259	1.556517e+01	2.606874e-01	8.221570e-01	2.581600e-02	1.356900e+00	3.199967e-02	2.446169e-02	
260	1.554533e+01	1.764098e-01	8.120000e-01	1.995300e-02	1.353001e+00	1.880037e-02	2.578444e-02	
261	1.537255e+01	1.415529e-01	7.931030e-01	1.659500e-02	1.316399e+00	2.379974e-02	2.760855e-02	
262	1.592281e+01	3.856279e-01	8.310000e-01	2.454800e-02	1.301201e+00	4.189972e-02	2.229117e-02	
264	1.643899e+01	1.310665e-01	7.885600e-01	1.695000e-02	1.373800e+00	2.850052e-02	2.944506e-02	
265	1.626334e+01	1.901727e-01	7.779980e-01	1.930000e-02	1.287401e+00	3.270051e-02	2.897160e-02	
266	1.515358e+01	3.869283e-01	8.045270e-01	2.629000e-02	1.278700e+00	4.630041e-02	2.533713e-02	
267	1.246168e+01	2.535942e-01	6.656470e-01	1.280900e-02	1.372501e+00	2.359973e-02	4.651786e-02	
268	1.004177e+01	1.908849e-01	4.490410e-01	8.001000e-03	1.638501e+00	7.400066e-02	9.150984e-02	
269	6.298895e+00	2.169885e-01	8.045700e-02	6.181000e-03	1.799001e+00	1.645000e-01	1.676893e-01	
270	3.775793e+00	2.353054e-01	-3.472930e-01	5.761000e-03	1.681701e+00	1.637990e-01	2.296745e-01	
271	1.763799e+00	9.459890e-02	-8.018110e-01	3.863000e-03	1.072200e+00	1.079946e-02	1.958334e-01	
