0	2	R2	5.931198e+00	5.931198e+00	3.411183e-09	1.051972e-14	8.442987e-02
0	3	R2	5.707763e+00	5.707763e+00	3.226855e-09	0.000000e+00	6.515711e-02
0	4	R2	6.273526e+00	6.273526e+00	3.698898e-09	-1.100837e-14	1.613642e-01
0	5	R2	7.194245e+00	7.194245e+00	4.493947e-09	4.902999e-14	3.623001e-02
0	6	R2	7.763975e+00	7.763975e+00	4.993495e-09	1.473438e-14	6.027931e-02
0	7	R2	7.880221e+00	7.880221e+00	5.095647e-09	-2.043268e-14	4.346851e-02
0	8	R2	8.244023e+00	8.244023e+00	5.415371e-09	8.167739e-15	2.174845e-01
0	9	R2	7.745933e+00	7.745933e+00	4.977644e-09	9.868734e-14	1.799985e-02
0	10	R2	7.304602e+00	7.304602e+00	4.590476e-09	-1.664589e-14	5.335721e-02
0	11	R2	8.510638e+00	8.510638e+00	5.649479e-09	0.000000e+00	5.070167e-02
0	12	R2	7.942812e+00	7.942812e+00	5.150659e-09	0.000000e+00	4.416178e-02
0	13	R2	7.874016e+00	7.874016e+00	5.090194e-09	0.000000e+00	1.860004e-02
0	15	R2	7.843137e+00	7.843137e+00	5.063057e-09	-1.443845e-14	1.230296e-01
0	16	R2	8.000000e+00	8.000000e+00	5.200924e-09	0.000000e+00	5.120000e-02
0	17	R2	8.488964e+00	8.488964e+00	5.630459e-09	-4.481858e-14	7.926877e-02
0	18	R2	7.942812e+00	7.942812e+00	5.150659e-09	0.000000e+00	3.785296e-02
0	19	R2	7.698229e+00	7.698229e+00	4.935737e-09	8.992279e-14	2.963137e-02
0	20	R2	6.978367e+00	6.978367e+00	4.305649e-09	0.000000e+00	1.460928e-02
0	21	R2	7.680492e+00	7.680492e+00	4.920157e-09	2.150919e-14	8.258593e-02
0	22	R2	7.429421e+00	7.429421e+00	4.699823e-09	0.000000e+00	5.519629e-02
0	23	R2	7.855460e+00	7.855460e+00	5.073886e-09	5.757276e-14	3.085412e-02
0	25	R2	7.117438e+00	7.117438e+00	4.426864e-09	-1.948096e-14	4.559213e-02
0	27	R2	8.628128e+00	8.628128e+00	5.752538e-09	-3.408781e-14	5.211121e-02
0	28	R2	8.064516e+00	8.064516e+00	5.257629e-09	-2.483024e-14	7.154006e-02
0	29	R2	9.569378e+00	9.569378e+00	6.574637e-09	1.616522e-14	1.098876e-01
0	30	R2	1.203369e+01	1.203369e+01	8.689130e-09	0.000000e+00	1.303288e-01
0	31	R2	8.136697e+00	8.136697e+00	5.321065e-09	0.000000e+00	9.268816e-02
0	32	R2	9.372071e+00	9.372071e+00	6.402909e-09	0.000000e+00	8.783572e-02
0	33	R2	9.832842e+00	9.832842e+00	6.803390e-09	-4.593166e-14	3.867391e-02
0	34	R2	7.782101e+00	7.782101e+00	5.009422e-09	2.933165e-14	3.028055e-02
0	35	R2	6.839945e+00	6.839945e+00	4.185380e-09	-9.991745e-15	8.889122e-02
0	36	R2	7.776050e+00	7.776050e+00	5.004105e-09	5.875464e-14	3.023347e-02
0	37	R2	7.680492e+00	7.680492e+00	4.920157e-09	2.737534e-14	6.488895e-02
0	38	R2	7.547170e+00	7.547170e+00	4.803105e-09	-8.206885e-15	1.082236e-01
0	39	R2	1.089325e+01	1.089325e+01	7.717471e-09	7.128469e-15	2.491919e-01
0	40	R2	7.770008e+00	7.770008e+00	4.998796e-09	2.101645e-14	4.226111e-02
0	41	R2	6.915629e+00	6.915629e+00	4.251087e-09	-1.547589e-14	5.739111e-02
0	42	R2	7.518797e+00	7.518797e+00	4.778209e-09	1.963874e-14	9.045169e-02
0	43	R2	8.097166e+00	8.097166e+00	5.286324e-09	0.000000e+00	9.834615e-02
0	45	R2	7.936508e+00	7.936508e+00	5.145118e-09	0.000000e+00	9.448224e-02
0	46	R2	8.264463e+00	8.264463e+00	5.433328e-09	5.201528e-14	3.415067e-02
0	47	R2	8.163265e+00	8.163265e+00	5.344413e-09	-8.885485e-14	1.999167e-02
0	48	R2	8.169935e+00	8.169935e+00	5.350274e-09	0.000000e+00	1.268209e-01
0	49	R2	8.176615e+00	8.176615e+00	5.356144e-09	0.000000e+00	1.136570e-01
0	50	R2	8.058018e+00	8.058018e+00	5.251917e-09	-4.559556e-14	3.895899e-02
0	51	R2	7.369197e+00	7.369197e+00	4.647044e-09	7.788263e-15	1.140406e-01
0	52	R2	7.698229e+00	7.698229e+00	4.935737e-09	7.493566e-14	3.555764e-02
0	53	R2	7.836991e+00	7.836991e+00	5.057655e-09	1.807638e-14	4.913474e-02
0	54	R2	6.715917e+00	6.715917e+00	4.078000e-09	0.000000e+00	3.608283e-02
0	55	R2	6.134969e+00	6.134969e+00	3.581751e-09	1.815232e-14	4.892920e-02
0	56	R2	7.358352e+00	7.358352e+00	4.637543e-09	-9.713280e-07	8.121801e-02
0	57	R2	6.150062e+00	6.150062e+00	3.594468e-09	-9.031668e-15	9.834047e-02
0	58	R2	7.645260e+00	7.645260e+00	4.889216e-09	-1.899441e-14	9.352000e-02
0	59	R2	8.196721e+00	8.196721e+00	5.373811e-09	0.000000e+00	6.046762e-02
0	60	R2	7.806401e+00	7.806401e+00	5.030774e-09	2.429110e-14	3.656394e-02
0	61	R2	7.380074e+00	7.380074e+00	4.656574e-09	3.261436e-14	5.446549e-02
0	63	R2	7.451565e+00	7.451565e+00	4.719238e-09	-8.886541e-15	9.994647e-02
0	65	R2	7.246377e+00	7.246377e+00	4.539527e-09	0.000000e+00	3.675698e-02
0	66	R2	7.610350e+00	7.610350e+00	4.858563e-09	-7.302501e-15	1.216266e-01
0	67	R2	8.620690e+00	8.620690e+00	5.746016e-09	0.000000e+00	1.189061e-01
0	68	R2	6.447453e+00	6.447453e+00	3.847111e-09	1.643541e-14	5.404055e-02
0	69	R2	8.176615e+00	8.176615e+00	5.356144e-09	0.000000e+00	1.470855e-01
0	70	R2	7.621951e+00	7.621951e+00	4.868749e-09	-5.880233e-15	3.020895e-01
0	71	R2	7.434944e+00	7.434944e+00	4.704665e-09	-2.142316e-14	8.291759e-02
0	74	R2	7.980846e+00	7.980846e+00	5.184089e-09	3.984137e-15	2.229287e-01
0	75	R2	7.710100e+00	7.710100e+00	4.946165e-09	0.000000e+00	7.727934e-02
0	76	R2	7.363770e+00	7.363770e+00	4.642290e-09	-2.047433e-14	4.338009e-02
0	77	R2	7.645260e+00	7.645260e+00	4.889216e-09	-2.762823e-14	6.429500e-02
0	78	R2	7.513148e+00	7.513148e+00	4.773253e-09	-1.748291e-14	1.016053e-01
0	79	R2	7.082153e+00	7.082153e+00	4.396078e-09	-1.180534e-14	7.523534e-02
0	81	R2	7.326007e+00	7.326007e+00	4.609216e-09	0.000000e+00	4.293631e-02
0	82	R2	7.518797e+00	7.518797e+00	4.778209e-09	3.491331e-14	5.087908e-02
0	83	R2	7.751938e+00	7.751938e+00	4.982920e-09	0.000000e+00	7.211105e-02
0	84	R2	6.648936e+00	6.648936e+00	4.020183e-09	-7.727207e-15	1.149417e-01
0	86	R2	5.434783e+00	5.434783e+00	3.006087e-09	8.127073e-15	1.092864e-01
0	87	R2	4.849661e+00	4.849661e+00	2.552348e-09	0.000000e+00	5.879802e-02
0	88	R2	3.735525e+00	3.735525e+00	1.772463e-09	0.000000e+00	2.511746e-02


1	2	NOE	7.850000e-02	7.850000e-02	1.390097e-09	-3.558407e-15	3.900000e-03
1	3	NOE	2.958000e-01	2.958000e-01	1.696221e-09	3.750753e-15	1.480000e-02
1	4	NOE	3.402000e-01	3.402000e-01	1.781890e-09	-9.796086e-15	1.700000e-02
1	5	NOE	6.849000e-01	6.849000e-01	3.475119e-09	3.246266e-15	3.420000e-02
1	6	NOE	7.529000e-01	7.529000e-01	4.939354e-09	0.000000e+00	3.760000e-02
1	7	NOE	7.482000e-01	7.482000e-01	4.775997e-09	0.000000e+00	3.740000e-02
1	8	NOE	7.505000e-01	7.505000e-01	4.853920e-09	-2.960595e-15	3.750000e-02
1	9	NOE	7.539000e-01	7.539000e-01	4.976280e-09	-5.268430e-08	3.770000e-02
1	10	NOE	7.464000e-01	7.464000e-01	4.717515e-09	0.000000e+00	3.730000e-02
1	11	NOE	7.745000e-01	7.745000e-01	5.981062e-09	0.000000e+00	3.870000e-02
1	12	NOE	8.126000e-01	8.126000e-01	1.380464e-08	0.000000e+00	4.060000e-02
1	13	NOE	7.975000e-01	7.975000e-01	8.390754e-09	0.000000e+00	3.990000e-02
1	15	NOE	7.732000e-01	7.732000e-01	5.899207e-09	2.868793e-15	3.870000e-02
1	16	NOE	7.683000e-01	7.683000e-01	5.618045e-09	0.000000e+00	3.840000e-02
1	17	NOE	7.462000e-01	7.462000e-01	4.711146e-09	0.000000e+00	3.730000e-02
1	18	NOE	7.418000e-01	7.418000e-01	4.577122e-09	0.000000e+00	3.710000e-02
1	19	NOE	7.890000e-01	7.890000e-01	7.203778e-09	0.000000e+00	3.950000e-02
1	20	NOE	6.639000e-01	6.639000e-01	3.228055e-09	-3.344045e-15	3.320000e-02
1	21	NOE	7.136000e-01	7.136000e-01	3.922039e-09	-3.109868e-15	3.570000e-02
1	22	NOE	7.596000e-01	7.596000e-01	5.203494e-09	0.000000e+00	3.800000e-02
1	23	NOE	7.528000e-01	7.528000e-01	4.935705e-09	0.000000e+00	3.760000e-02
1	25	NOE	6.734000e-01	6.734000e-01	3.333370e-09	0.000000e+00	3.370000e-02
1	27	NOE	7.894000e-01	7.894000e-01	7.248837e-09	0.000000e+00	3.950000e-02
1	28	NOE	7.061000e-01	7.061000e-01	3.789426e-09	-9.509243e-08	3.530000e-02
1	29	NOE	6.762000e-01	6.762000e-01	3.366343e-09	0.000000e+00	3.380000e-02
1	30	NOE	7.308000e-01	7.308000e-01	4.285602e-09	0.000000e+00	3.650000e-02
1	31	NOE	7.090000e-01	7.090000e-01	3.839141e-09	6.254778e-15	3.550000e-02
1	32	NOE	7.761000e-01	7.761000e-01	6.086580e-09	-2.861400e-15	3.880000e-02
1	33	NOE	7.495000e-01	7.495000e-01	4.819584e-09	0.000000e+00	3.750000e-02
1	34	NOE	7.664000e-01	7.664000e-01	5.519220e-09	-2.898755e-15	3.830000e-02
1	35	NOE	6.427000e-01	6.427000e-01	3.023749e-09	-1.598451e-07	3.210000e-02
1	36	NOE	7.357000e-01	7.357000e-01	4.408566e-09	0.000000e+00	3.680000e-02
1	37	NOE	7.741000e-01	7.741000e-01	5.955519e-09	2.868793e-15	3.870000e-02
1	38	NOE	7.196000e-01	7.196000e-01	4.038428e-09	0.000000e+00	3.600000e-02
1	39	NOE	7.078000e-01	7.078000e-01	3.818341e-09	0.000000e+00	3.540000e-02
1	40	NOE	7.102000e-01	7.102000e-01	3.860274e-09	3.127389e-15	3.550000e-02
1	41	NOE	6.742000e-01	6.742000e-01	3.342696e-09	3.294430e-15	3.370000e-02
1	42	NOE	7.577000e-01	7.577000e-01	5.124395e-09	-2.929348e-15	3.790000e-02
1	43	NOE	8.323000e-01	8.214914e-01	2.353310e-05	2.598230e-01	4.160000e-02
1	45	NOE	8.111000e-01	8.111000e-01	1.276749e-08	0.000000e+00	4.060000e-02
1	46	NOE	8.172000e-01	8.172000e-01	1.988009e-08	2.714482e-15	4.090000e-02
1	47	NOE	7.240000e-01	7.240000e-01	4.130475e-09	0.000000e+00	3.620000e-02
1	48	NOE	7.478000e-01	7.478000e-01	4.762817e-09	2.968511e-15	3.740000e-02
1	49	NOE	7.387000e-01	7.387000e-01	4.489148e-09	-3.008734e-15	3.690000e-02
1	50	NOE	7.630000e-01	7.630000e-01	5.354500e-09	-2.906343e-15	3.820000e-02
1	51	NOE	7.461000e-01	7.461000e-01	4.707971e-09	0.000000e+00	3.730000e-02
1	52	NOE	7.602000e-01	7.602000e-01	5.229230e-09	0.000000e+00	3.800000e-02
1	53	NOE	7.737000e-01	7.737000e-01	5.930295e-09	0.000000e+00	3.870000e-02
1	54	NOE	6.292000e-01	6.292000e-01	2.911438e-09	0.000000e+00	3.150000e-02
1	55	NOE	6.403000e-01	6.403000e-01	3.002881e-09	0.000000e+00	3.200000e-02
1	56	NOE	6.829000e-01	6.829000e-01	3.449218e-09	-3.255786e-15	3.410000e-02
1	57	NOE	6.213000e-01	6.213000e-01	2.850980e-09	0.000000e+00	3.110000e-02
1	58	NOE	6.588000e-01	6.588000e-01	3.175321e-09	0.000000e+00	3.290000e-02
1	59	NOE	7.519000e-01	7.519000e-01	4.903222e-09	0.000000e+00	3.760000e-02
1	60	NOE	7.475000e-01	7.475000e-01	4.753002e-09	0.000000e+00	3.740000e-02
1	61	NOE	8.080000e-01	8.080000e-01	1.120145e-08	-9.924547e-09	4.040000e-02
1	63	NOE	7.103000e-01	7.103000e-01	3.862051e-09	3.127389e-15	3.550000e-02
1	65	NOE	7.641000e-01	7.641000e-01	5.406194e-09	0.000000e+00	3.820000e-02
1	66	NOE	7.609000e-01	7.609000e-01	5.259736e-09	0.000000e+00	3.800000e-02
1	67	NOE	7.077000e-01	7.077000e-01	3.816622e-09	-3.136223e-15	3.540000e-02
1	68	NOE	4.593000e-01	4.593000e-01	2.082097e-09	-2.413528e-15	2.300000e-02
1	69	NOE	5.452000e-01	5.452000e-01	2.406744e-09	0.000000e+00	2.730000e-02
1	70	NOE	5.679000e-01	5.679000e-01	2.518417e-09	3.909236e-15	2.840000e-02
1	71	NOE	5.901000e-01	5.901000e-01	2.642856e-09	-3.763468e-15	2.950000e-02
1	74	NOE	7.339000e-01	7.339000e-01	4.362206e-09	0.000000e+00	3.670000e-02
1	75	NOE	7.122000e-01	7.122000e-01	3.896261e-09	-3.118604e-15	3.560000e-02
1	76	NOE	7.531000e-01	7.531000e-01	4.946675e-09	-2.944889e-15	3.770000e-02
1	77	NOE	7.453000e-01	7.453000e-01	4.682795e-09	0.000000e+00	3.730000e-02
1	78	NOE	7.682000e-01	7.682000e-01	5.612713e-09	0.000000e+00	3.840000e-02
1	79	NOE	6.969000e-01	6.969000e-01	3.643275e-09	3.190296e-15	3.480000e-02
1	81	NOE	7.313000e-01	7.313000e-01	4.297691e-09	3.033396e-15	3.660000e-02
1	82	NOE	7.111000e-01	7.111000e-01	3.876348e-09	0.000000e+00	3.560000e-02
1	83	NOE	4.504000e-01	4.504000e-01	2.054923e-09	-9.868649e-15	2.250000e-02
1	84	NOE	3.417000e-01	3.417000e-01	1.784983e-09	-6.492532e-15	1.710000e-02
1	86	NOE	-2.476000e-01	-2.476000e-01	1.111232e-09	-2.238353e-14	-1.240000e-02
1	87	NOE	-5.197000e-01	-5.197000e-01	9.550425e-10	1.708035e-14	-2.600000e-02
1	88	NOE	-6.805000e-01	-6.805000e-01	8.810334e-10	2.285753e-14	-3.400000e-02


2	2	R1	1.792757e+00	1.792757e+00	9.731233e-09	-8.564522e-15	7.777828e-02
2	3	R1	2.001601e+00	2.001601e+00	8.465867e-09	0.000000e+00	4.967946e-02
2	4	R1	1.963865e+00	1.963865e+00	8.677940e-09	0.000000e+00	2.776871e-02
2	5	R1	2.193945e+00	2.193945e+00	7.474684e-09	-4.731341e-14	1.877223e-02
2	6	R1	2.201673e+00	2.201673e+00	7.437576e-09	3.393132e-14	2.617577e-02
2	7	R1	2.376991e+00	2.376991e+00	6.640173e-09	1.637472e-14	2.712041e-02
2	8	R1	2.374733e+00	2.374733e+00	6.649968e-09	0.000000e+00	2.537710e-02
2	9	R1	2.360160e+00	2.360160e+00	6.713442e-09	0.000000e+00	2.228143e-02
2	10	R1	2.291476e+00	2.291476e+00	7.019201e-09	0.000000e+00	1.890310e-02
2	11	R1	2.275313e+00	2.275313e+00	7.092853e-09	0.000000e+00	1.035410e-02
2	12	R1	2.345216e+00	2.345216e+00	6.779025e-09	0.000000e+00	2.420016e-02
2	13	R1	2.380952e+00	2.380952e+00	6.623015e-09	-3.012974e-14	1.473923e-02
2	15	R1	2.440215e+00	2.440215e+00	6.370082e-09	-2.259957e-14	1.965034e-02
2	16	R1	2.473411e+00	2.473411e+00	6.231201e-09	1.837725e-14	4.833031e-02
2	17	R1	2.424830e+00	2.424830e+00	6.435098e-09	-1.798284e-14	2.469517e-02
2	18	R1	2.477087e+00	2.477087e+00	6.215934e-09	1.904602e-14	2.331665e-02
2	19	R1	2.344666e+00	2.344666e+00	6.781448e-09	5.048802e-14	8.795933e-03
2	20	R1	2.151926e+00	2.151926e+00	7.679776e-09	-2.230217e-14	1.991238e-02
2	21	R1	2.347969e+00	2.347969e+00	6.766905e-09	0.000000e+00	1.267980e-02
2	22	R1	2.298322e+00	2.298322e+00	6.988207e-09	-2.802381e-14	1.584686e-02
2	23	R1	2.304147e+00	2.304147e+00	6.961930e-09	-2.987388e-14	1.486547e-02
2	25	R1	2.230152e+00	2.230152e+00	7.302407e-09	0.000000e+00	1.492073e-02
2	27	R1	2.109705e+00	2.109705e+00	7.891877e-09	-1.781718e-14	2.492478e-02
2	28	R1	1.998002e+00	1.998002e+00	8.485816e-09	9.758286e-15	2.275447e-02
2	29	R1	1.902588e+00	1.902588e+00	9.036867e-09	-2.341260e-15	9.483979e-02
2	30	R1	2.113718e+00	2.113718e+00	7.871443e-09	1.987953e-14	2.233902e-02
2	31	R1	2.333178e+00	2.333178e+00	6.832223e-09	6.798190e-14	6.532462e-03
2	32	R1	2.333178e+00	2.333178e+00	6.832223e-09	-9.597445e-15	4.627161e-02
2	33	R1	2.172968e+00	2.172968e+00	7.576351e-09	-1.343586e-14	3.305254e-02
2	34	R1	2.149151e+00	2.149151e+00	7.693526e-09	-2.827857e-14	1.570409e-02
2	35	R1	2.046664e+00	2.046664e+00	8.220850e-09	0.000000e+00	1.089097e-02
2	36	R1	2.329373e+00	2.329373e+00	6.849105e-09	0.000000e+00	1.899093e-02
2	37	R1	2.291476e+00	2.291476e+00	7.019201e-09	1.364106e-14	3.255534e-02
2	38	R1	2.377556e+00	2.377556e+00	6.637724e-09	5.237421e-14	1.695832e-02
2	39	R1	2.249213e+00	2.249213e+00	7.213265e-09	-3.657614e-14	1.214150e-02
2	40	R1	2.123142e+00	2.123142e+00	7.823689e-09	0.000000e+00	1.262165e-02
2	41	R1	2.165909e+00	2.165909e+00	7.610887e-09	4.733256e-14	9.382320e-03
2	42	R1	2.239642e+00	2.239642e+00	7.257896e-09	-3.688943e-14	2.407677e-02
2	43	R1	2.181025e+00	2.181025e+00	7.537136e-09	1.986328e-14	2.235729e-02
2	45	R1	2.342469e+00	2.342469e+00	6.791134e-09	-1.037595e-14	4.279985e-02
2	46	R1	2.178649e+00	2.178649e+00	7.548678e-09	2.528680e-14	1.756210e-02
2	47	R1	2.267574e+00	2.267574e+00	7.128363e-09	1.542266e-14	2.879459e-02
2	48	R1	2.354603e+00	2.354603e+00	6.737771e-09	0.000000e+00	5.599598e-02
2	49	R1	2.407898e+00	2.407898e+00	6.507165e-09	2.252761e-14	1.971311e-02
2	50	R1	2.386635e+00	2.386635e+00	6.598461e-09	0.000000e+00	1.367046e-02
2	51	R1	2.147305e+00	2.147305e+00	7.702687e-09	0.000000e+00	1.475494e-02
2	52	R1	2.099517e+00	2.099517e+00	7.944012e-09	-4.797468e-14	9.256741e-03
2	53	R1	2.347418e+00	2.347418e+00	6.769330e-09	-1.918846e-14	2.314356e-02
2	54	R1	2.120891e+00	2.120891e+00	7.835069e-09	-4.292455e-14	1.034581e-02
2	55	R1	1.790831e+00	1.790831e+00	9.744058e-09	-1.538575e-14	1.443184e-02
2	56	R1	2.076843e+00	2.076843e+00	8.061443e-09	-1.492154e-14	2.976162e-02
2	57	R1	2.086811e+00	2.086811e+00	8.009576e-09	4.249057e-14	1.045148e-02
2	58	R1	1.960016e+00	1.960016e+00	8.699943e-09	-1.675336e-14	2.650746e-02
2	59	R1	2.310002e+00	2.310002e+00	6.935605e-09	0.000000e+00	1.974361e-02
2	60	R1	2.329916e+00	2.329916e+00	6.846694e-09	1.817930e-14	2.442829e-02
2	61	R1	2.382654e+00	2.382654e+00	6.615654e-09	0.000000e+00	1.873424e-02
2	63	R1	2.300966e+00	2.300966e+00	6.976269e-09	0.000000e+00	2.223667e-02
2	65	R1	2.317497e+00	2.317497e+00	6.902029e-09	-1.590115e-14	2.792812e-02
2	66	R1	2.323420e+00	2.323420e+00	6.875593e-09	-1.371082e-14	3.238969e-02
2	67	R1	2.282063e+00	2.282063e+00	7.062010e-09	0.000000e+00	3.176765e-02
2	68	R1	1.731302e+00	1.731302e+00	1.015259e-08	0.000000e+00	2.128159e-02
2	69	R1	2.070822e+00	2.070822e+00	8.092958e-09	-9.957522e-15	4.459836e-02
2	70	R1	2.037490e+00	2.037490e+00	8.270037e-09	0.000000e+00	5.064665e-01
2	71	R1	2.180549e+00	2.180549e+00	7.539445e-09	-5.188787e-14	8.558633e-03
2	74	R1	2.292526e+00	2.292526e+00	7.014437e-09	1.299955e-14	3.416190e-02
2	75	R1	2.258356e+00	2.258356e+00	7.170871e-09	-1.261933e-14	3.519118e-02
2	76	R1	2.246181e+00	2.246181e+00	7.227372e-09	-3.259994e-14	1.362239e-02
2	77	R1	2.334267e+00	2.334267e+00	6.827395e-09	0.000000e+00	1.416689e-02
2	78	R1	2.433682e+00	2.433682e+00	6.397636e-09	0.000000e+00	4.027510e-02
2	79	R1	2.212389e+00	2.212389e+00	7.386427e-09	0.000000e+00	2.789960e-02
2	81	R1	2.235136e+00	2.235136e+00	7.278994e-09	0.000000e+00	2.497917e-02
2	82	R1	2.295684e+00	2.295684e+00	7.000136e-09	0.000000e+00	4.058027e-02
2	83	R1	2.151000e+00	2.151000e+00	7.684361e-09	0.000000e+00	4.395462e-02
2	84	R1	1.835536e+00	1.835536e+00	9.452385e-09	0.000000e+00	3.268117e-02
2	86	R1	1.617076e+00	1.617076e+00	5.780789e-10	0.000000e+00	4.680735e-02
2	87	R1	1.498801e+00	1.498801e+00	1.202130e-08	-1.864990e-14	1.190594e-02
2	88	R1	1.464343e+00	1.464343e+00	4.635556e-10	5.135363e-07	1.908428e-02


