3.812408e+00	0.000000e+00	3.741473e-16
3.969340e+00	0.000000e+00	7.353807e-15
4.132731e+00	0.000000e+00	1.437836e-13
4.302848e+00	0.000000e+00	2.766151e-12
4.479968e+00	0.000000e+00	5.172092e-11
4.664378e+00	0.000000e+00	9.270206e-10
4.856380e+00	1.000000e+00	1.568367e-08
5.056285e+00	0.000000e+00	2.461886e-07
5.264418e+00	0.000000e+00	3.517459e-06
5.481119e+00	1.000000e+00	4.477956e-05
5.706741e+00	1.000000e+00	4.960812e-04
5.941649e+00	1.000000e+00	4.658739e-03
6.186227e+00	3.000000e+00	3.602727e-02
6.440873e+00	1.000000e+00	2.221865e-01
6.706001e+00	3.000000e+00	1.054757e+00
6.982043e+00	4.000000e+00	3.706596e+00
7.269447e+00	8.000000e+00	9.236262e+00
7.568682e+00	1.600000e+01	1.556458e+01
7.880234e+00	1.700000e+01	1.683685e+01
8.204611e+00	1.100000e+01	1.104034e+01
8.542340e+00	4.000000e+00	4.120684e+00
8.893972e+00	0.000000e+00	8.169920e-01
9.260078e+00	1.000000e+00	7.976557e-02
9.641253e+00	2.000000e+00	3.529228e-03
1.003812e+01	0.000000e+00	6.460632e-05
1.045132e+01	0.000000e+00	4.428998e-07
1.088153e+01	1.000000e+00	1.019485e-09
1.132945e+01	0.000000e+00	6.992833e-13
1.179581e+01	0.000000e+00	1.254365e-16


1.082353e-02	0.000000e+00	1.642135e-15
1.260624e-02	0.000000e+00	1.960786e-15
1.468257e-02	0.000000e+00	2.409401e-15
1.710089e-02	0.000000e+00	3.060669e-15
1.991752e-02	0.000000e+00	4.040340e-15
2.319807e-02	0.000000e+00	5.575886e-15
2.701894e-02	0.000000e+00	8.099890e-15
3.146914e-02	0.000000e+00	1.248263e-14
3.665232e-02	0.000000e+00	2.058958e-14
4.268920e-02	0.000000e+00	3.671623e-14
4.972039e-02	0.000000e+00	7.158607e-14
5.790967e-02	0.000000e+00	1.545290e-13
6.744778e-02	0.000000e+00	3.744719e-13
7.855687e-02	1.000000e+00	1.034219e-12
9.149571e-02	0.000000e+00	3.308366e-12
1.065657e-01	0.000000e+00	1.246734e-11
1.241177e-01	0.000000e+00	5.630263e-11
1.445607e-01	0.000000e+00	3.097493e-10
1.683709e-01	0.000000e+00	2.105976e-09
1.961027e-01	0.000000e+00	1.787756e-08
2.284021e-01	0.000000e+00	1.900834e-07
2.660214e-01	0.000000e+00	2.510630e-06
3.098369e-01	1.000000e+00	4.014558e-05
3.608691e-01	2.000000e+00	7.378368e-04
4.203066e-01	1.000000e+00	1.424207e-02
4.895339e-01	1.000000e+00	2.496473e-01
5.701634e-01	3.000000e+00	3.176179e+00
6.640730e-01	2.100000e+01	2.097603e+01
7.734503e-01	4.400000e+01	4.400332e+01


1.477736e+00	1.000000e+00	1.164945e-06
1.504767e+00	1.000000e+00	3.291246e-06
1.532292e+00	0.000000e+00	9.139567e-06
1.560321e+00	0.000000e+00	2.490479e-05
1.588863e+00	0.000000e+00	6.647821e-05
1.617926e+00	1.000000e+00	1.735107e-04
1.647521e+00	0.000000e+00	4.419750e-04
1.677658e+00	0.000000e+00	1.096549e-03
1.708346e+00	0.000000e+00	2.644305e-03
1.739595e+00	1.000000e+00	6.184437e-03
1.771416e+00	0.000000e+00	1.399592e-02
1.803818e+00	2.000000e+00	3.057578e-02
1.836814e+00	1.000000e+00	6.431952e-02
1.870413e+00	0.000000e+00	1.299457e-01
1.904627e+00	1.000000e+00	2.514480e-01
1.939466e+00	0.000000e+00	4.646874e-01
1.974943e+00	2.000000e+00	8.177185e-01
2.011069e+00	2.000000e+00	1.365911e+00
2.047856e+00	2.000000e+00	2.158749e+00
2.085315e+00	4.000000e+00	3.217102e+00
2.123460e+00	4.000000e+00	4.504720e+00
2.162302e+00	9.000000e+00	5.904728e+00
2.201855e+00	3.000000e+00	7.217378e+00
2.242132e+00	6.000000e+00	8.193158e+00
2.283145e+00	9.000000e+00	8.601694e+00
2.324908e+00	1.200000e+01	8.315080e+00
2.367436e+00	1.000000e+01	7.367243e+00
2.410741e+00	2.000000e+00	5.954158e+00
2.454838e+00	4.000000e+00	4.367608e+00


3.833575e-02	1.000000e+00	1.530417e-01
4.094038e-02	1.000000e+00	3.965114e-01
4.372197e-02	3.000000e+00	9.652160e-01
4.669255e-02	1.000000e+00	2.159363e+00
4.986495e-02	4.000000e+00	4.325412e+00
5.325290e-02	4.000000e+00	7.522926e+00
5.687103e-02	1.500000e+01	1.095814e+01
6.073499e-02	1.400000e+01	1.281538e+01
6.486148e-02	7.000000e+00	1.145342e+01
6.926832e-02	1.000000e+01	7.385056e+00
7.397458e-02	3.000000e+00	3.212918e+00
7.900060e-02	2.000000e+00	8.725181e-01
8.436809e-02	0.000000e+00	1.351345e-01
9.010027e-02	2.000000e+00	1.075087e-02
9.622190e-02	2.000000e+00	3.892542e-04
1.027595e-01	0.000000e+00	5.576538e-06
1.097412e-01	0.000000e+00	2.689455e-08
1.171973e-01	1.000000e+00	3.623889e-11
1.251599e-01	1.000000e+00	1.100469e-14
1.336636e-01	1.000000e+00	5.880166e-19
1.427450e-01	1.000000e+00	4.158142e-24
1.524435e-01	0.000000e+00	2.804225e-30
1.628009e-01	1.000000e+00	1.237543e-37
1.738620e-01	0.000000e+00	2.318561e-46
1.856746e-01	0.000000e+00	1.122013e-56
1.982898e-01	1.000000e+00	7.929147e-69
2.117621e-01	0.000000e+00	4.253676e-83
2.261497e-01	1.000000e+00	8.180257e-100
2.415149e-01	1.000000e+00	2.386184e-119


1.781151e-01	1.000000e+00	4.386610e-02
1.831146e-01	1.000000e+00	1.763936e-01
1.882544e-01	3.000000e+00	6.019755e-01
1.935385e-01	1.000000e+00	1.715517e+00
1.989709e-01	4.000000e+00	4.012602e+00
2.045557e-01	4.000000e+00	7.562307e+00
2.102974e-01	1.500000e+01	1.125945e+01
2.162002e-01	1.400000e+01	1.296804e+01
2.222686e-01	7.000000e+00	1.129725e+01
2.285075e-01	1.000000e+01	7.267875e+00
2.349214e-01	3.000000e+00	3.365765e+00
2.415153e-01	2.000000e+00	1.091878e+00
2.482944e-01	0.000000e+00	2.410317e-01
2.552637e-01	2.000000e+00	3.510381e-02
2.624287e-01	2.000000e+00	3.263708e-03
2.697947e-01	0.000000e+00	1.870316e-04
2.773675e-01	0.000000e+00	6.364318e-06
2.851529e-01	1.000000e+00	1.235851e-07
2.931568e-01	1.000000e+00	1.312796e-09
3.013854e-01	1.000000e+00	7.293118e-12
3.098449e-01	1.000000e+00	2.019950e-14
3.185419e-01	0.000000e+00	2.650882e-17
3.274830e-01	1.000000e+00	1.561631e-20
3.366750e-01	0.000000e+00	3.898917e-24
3.461251e-01	0.000000e+00	3.881141e-28
3.558404e-01	1.000000e+00	1.443574e-32
3.658284e-01	0.000000e+00	1.872573e-37
3.760968e-01	1.000000e+00	7.873242e-43
3.866533e-01	1.000000e+00	9.926713e-49


