0	6	R2	6.130982e+00	6.130982e+00	3.063699e-09	0.000000e+00	2.459986e-01
0	7	R2	6.013012e+00	6.013012e+00	2.983263e-09	0.000000e+00	5.700007e-01
0	10	R2	8.158004e+00	8.158004e+00	4.440655e-09	6.703228e-15	2.650002e-01
0	12	R2	1.226000e+01	1.226000e+01	7.132639e-09	-1.015061e-14	3.500000e-01
0	24	R2	1.806300e+01	1.806300e+01	1.081509e-08	0.000000e+00	4.449989e-01
0	26	R2	1.900201e+01	1.900201e+01	1.140419e-08	9.448711e-15	3.759998e-01
0	27	R2	1.491700e+01	1.491700e+01	8.829928e-09	6.276895e-15	2.829993e-01
0	28	R2	1.470100e+01	1.470100e+01	8.692800e-09	-1.708038e-14	1.039998e-01
0	29	R2	1.953900e+01	1.953900e+01	1.174053e-08	0.000000e+00	2.290001e-01
0	33	R2	2.112602e+01	2.112602e+01	1.273254e-08	-5.675249e-15	6.260013e-01
0	34	R2	1.873800e+01	1.873800e+01	1.123869e-08	0.000000e+00	2.509998e-01
0	35	R2	2.097100e+01	2.097100e+01	1.263576e-08	4.668479e-15	7.610002e-01
0	36	R2	1.798299e+01	1.798299e+01	1.076484e-08	2.519660e-14	1.409998e-01
0	40	R2	2.265498e+01	2.265498e+01	1.368587e-08	0.000000e+00	1.959998e-01
0	41	R2	2.306199e+01	2.306199e+01	1.393931e-08	0.000000e+00	2.399997e-02
0	42	R2	2.056898e+01	2.056898e+01	1.238466e-08	6.920887e-14	1.539996e-01
0	43	R2	2.215900e+01	2.215900e+01	1.337684e-08	3.041703e-15	1.168002e+00
0	47	R2	1.756599e+01	1.756599e+01	1.050274e-08	0.000000e+00	6.489993e-01
0	48	R2	2.759397e+01	2.759397e+01	1.675397e-08	0.000000e+00	5.289985e-01
0	53	R2	1.924402e+01	1.924402e+01	1.155581e-08	3.345299e-15	1.062002e+00
0	54	R2	2.179798e+01	2.179798e+01	1.315178e-08	8.388948e-16	4.234993e+00
0	57	R2	2.115601e+01	2.115601e+01	1.275126e-08	0.000000e+00	7.920002e-01
0	58	R2	1.874699e+01	1.874699e+01	1.124432e-08	-4.418794e-15	8.040007e-01
0	59	R2	1.925198e+01	1.925198e+01	1.156080e-08	0.000000e+00	6.500005e-01
0	60	R2	1.963699e+01	1.963699e+01	1.180186e-08	4.762351e-15	7.460000e-01
0	61	R2	2.227300e+01	2.227300e+01	1.344789e-08	-5.562701e-15	1.916001e+00
0	65	R2	2.046300e+01	2.046300e+01	1.231844e-08	1.480297e-13	2.400000e-02
0	66	R2	2.350000e+01	2.350000e+01	1.421191e-08	0.000000e+00	2.828999e+00
0	67	R2	2.355402e+01	2.355402e+01	1.424552e-08	-2.938550e-15	1.209002e+00
0	72	R2	2.024800e+01	2.024800e+01	1.218405e-08	0.000000e+00	2.027998e+00
0	74	R2	2.044300e+01	2.044300e+01	1.230594e-08	0.000000e+00	6.400011e-02
0	75	R2	2.588601e+01	2.588601e+01	1.569461e-08	-4.472562e-15	2.383006e+00
0	76	R2	2.172699e+01	2.172699e+01	1.310751e-08	0.000000e+00	6.959990e-01
0	81	R2	2.081300e+01	2.081300e+01	1.253709e-08	0.000000e+00	7.310014e-01
0	83	R2	2.179100e+01	2.179100e+01	1.314742e-08	-1.874784e-15	1.894999e+00
0	84	R2	2.055300e+01	2.055300e+01	1.237468e-08	-3.712339e-15	9.570014e-01
0	87	R2	1.137700e+01	1.137700e+01	6.562247e-09	-1.754064e-06	8.600002e-02
0	88	R2	1.861400e+01	1.861400e+01	1.116092e-08	0.000000e+00	9.250005e-01
0	90	R2	2.126298e+01	2.126298e+01	1.281802e-08	0.000000e+00	2.649995e-01
0	91	R2	1.377500e+01	1.377500e+01	8.103393e-09	0.000000e+00	8.700005e-02
0	104	R2	2.386601e+01	2.386601e+01	1.443959e-08	0.000000e+00	1.332000e+00
0	105	R2	2.020998e+01	2.020998e+01	1.216029e-08	7.177219e-15	9.899973e-01
0	106	R2	2.121701e+01	2.121701e+01	1.278933e-08	0.000000e+00	1.698999e+00
0	118	R2	2.305901e+01	2.305901e+01	1.393745e-08	0.000000e+00	7.240030e-01
0	119	R2	2.257800e+01	2.257800e+01	1.363792e-08	1.966452e-14	5.419987e-01
0	121	R2	1.808701e+01	1.808701e+01	1.083017e-08	-1.338121e-14	5.310004e-01
0	122	R2	1.988301e+01	1.988301e+01	1.195580e-08	-4.982763e-15	7.130007e-01
0	126	R2	2.028998e+01	2.028998e+01	1.221030e-08	-6.221906e-15	5.710009e-01
0	127	R2	2.051400e+01	2.051400e+01	1.235031e-08	0.000000e+00	6.922010e+00
0	128	R2	2.260802e+01	2.260802e+01	1.365661e-08	0.000000e+00	6.949986e-01
0	129	R2	1.726701e+01	1.726701e+01	1.031464e-08	0.000000e+00	9.990013e-01
0	130	R2	2.026002e+01	2.026002e+01	1.219157e-08	0.000000e+00	3.330006e-01
0	131	R2	1.976300e+01	1.976300e+01	1.188072e-08	3.689211e-15	9.630009e-01
0	132	R2	1.884101e+01	1.884101e+01	1.130328e-08	-6.952484e-15	5.109992e-01
0	140	R2	1.864600e+01	1.864600e+01	1.118099e-08	0.000000e+00	2.458002e+00
0	141	R2	1.665501e+01	1.665501e+01	9.929110e-09	-1.018844e-15	3.487005e+00
0	142	R2	2.092501e+01	2.092501e+01	1.260704e-08	0.000000e+00	4.699991e-02
0	143	R2	2.192800e+01	2.192800e+01	1.323284e-08	0.000000e+00	3.499999e-02
0	145	R2	2.122300e+01	2.122300e+01	1.279307e-08	-2.382770e-15	1.491002e+00
0	149	R2	1.820900e+01	1.820900e+01	1.090677e-08	0.000000e+00	7.919991e-01
0	150	R2	2.194701e+01	2.194701e+01	1.324470e-08	-1.404234e-14	2.530002e-01
0	153	R2	1.814000e+01	1.814000e+01	1.086345e-08	-3.113682e-15	1.141001e+00
0	156	R2	1.764001e+01	1.764001e+01	1.054929e-08	-5.881979e-15	6.039998e-01
0	158	R2	2.170299e+01	2.170299e+01	1.309254e-08	1.291895e-14	5.500004e-01
0	159	R2	2.207301e+01	2.207301e+01	1.332325e-08	7.479393e-15	4.750002e-01
0	162	R2	2.178801e+01	2.178801e+01	1.314556e-08	-2.532220e-15	1.403004e+00
0	163	R2	2.006602e+01	2.006602e+01	1.207027e-08	-3.599508e-15	9.869998e-01
0	166	R2	1.948900e+01	1.948900e+01	1.170923e-08	-4.429819e-15	8.019998e-01
0	168	R2	2.206001e+01	2.206001e+01	1.331514e-08	-9.680416e-15	7.340002e-01
0	169	R2	3.664306e+01	3.664306e+01	2.234892e-08	0.000000e+00	1.460000e-01
0	170	R2	3.347998e+01	3.347998e+01	2.039586e-08	0.000000e+00	1.537181e+02
0	172	R2	2.332498e+01	2.332498e+01	1.410300e-08	2.384377e-15	1.489997e+00
0	173	R2	2.239200e+01	2.239200e+01	1.352204e-08	0.000000e+00	3.980002e-01
0	178	R2	2.085401e+01	2.085401e+01	1.256271e-08	5.491068e-15	6.469987e-01
0	179	R2	2.224501e+01	2.224501e+01	1.343045e-08	-4.369864e-15	8.130032e-01
0	180	R2	2.191901e+01	2.191901e+01	1.322724e-08	5.776764e-15	6.150006e-01
0	182	R2	2.187499e+01	2.187499e+01	1.319980e-08	-2.329649e-15	1.525000e+00
0	183	R2	1.714401e+01	1.714401e+01	1.023722e-08	-4.650134e-15	7.640025e-01
0	186	R2	1.119700e+01	1.119700e+01	6.445477e-09	3.820117e-15	4.650006e-01
0	188	R2	9.368033e+00	9.368033e+00	5.247396e-09	0.000000e+00	5.240038e-01
0	189	R2	9.693022e+00	9.693022e+00	5.462001e-09	2.980452e-15	5.960024e-01
0	193	R2	7.894031e+00	7.894031e+00	4.262954e-09	-1.268817e-14	1.400010e-01
0	198	R2	4.472992e+00	4.472992e+00	1.963008e-09	0.000000e+00	1.749994e-01


1	6	NOE	3.210000e-01	3.210000e-01	9.213798e-10	2.643388e-15	2.100000e-02
1	7	NOE	2.870000e-01	2.870000e-01	8.896716e-10	-1.460820e-14	1.900000e-02
1	10	NOE	1.880000e-01	1.880000e-01	8.107861e-10	6.237208e-16	8.900000e-02
1	12	NOE	4.670000e-01	4.670000e-01	1.099255e-09	-5.001005e-16	1.110000e-01
1	24	NOE	6.540000e-01	6.540000e-01	1.553021e-09	-2.643388e-15	4.200000e-02
1	26	NOE	8.600000e-01	8.600000e-01	4.858252e-08	0.000000e+00	3.800000e-02
1	27	NOE	7.330000e-01	7.330000e-01	1.995813e-09	-6.167906e-15	1.800000e-02
1	28	NOE	6.710000e-01	6.710000e-01	1.624570e-09	-1.927317e-07	2.800000e-02
1	29	NOE	7.170000e-01	7.170000e-01	1.877504e-09	-3.000603e-15	3.700000e-02
1	33	NOE	7.820000e-01	7.820000e-01	2.559845e-09	0.000000e+00	2.300000e-02
1	34	NOE	8.160000e-01	8.160000e-01	3.417921e-09	0.000000e+00	5.900000e-02
1	35	NOE	7.910000e-01	7.910000e-01	2.724006e-09	0.000000e+00	4.300000e-02
1	36	NOE	8.490000e-01	8.490000e-01	6.810784e-09	0.000000e+00	4.100000e-02
1	40	NOE	8.660000e-01	8.602211e-01	1.220111e-05	1.699683e-01	3.400000e-02
1	41	NOE	8.930000e-01	8.602211e-01	1.630059e-05	9.365405e-01	3.500000e-02
1	42	NOE	8.030000e-01	8.030000e-01	3.000197e-09	-4.270089e-15	2.600000e-02
1	43	NOE	8.660000e-01	8.602211e-01	1.220111e-05	2.063900e-01	2.800000e-02
1	47	NOE	7.410000e-01	7.410000e-01	2.063617e-09	3.700743e-15	3.000000e-02
1	48	NOE	7.810000e-01	7.810000e-01	2.543343e-09	3.581365e-15	3.100000e-02
1	53	NOE	5.910000e-01	5.910000e-01	1.348956e-09	0.000000e+00	3.200000e-02
1	54	NOE	6.200000e-01	6.200000e-01	1.433073e-09	2.846726e-15	7.800000e-02
1	57	NOE	8.870000e-01	8.602211e-01	2.157449e-05	3.389736e-01	7.900000e-02
1	58	NOE	8.330000e-01	8.330000e-01	4.364850e-09	0.000000e+00	3.200000e-02
1	59	NOE	8.100000e-01	8.100000e-01	3.205047e-09	0.000000e+00	4.200000e-02
1	60	NOE	8.130000e-01	8.130000e-01	3.306429e-09	0.000000e+00	3.800000e-02
1	61	NOE	8.230000e-01	8.230000e-01	3.728470e-09	2.135044e-15	5.200000e-02
1	65	NOE	7.860000e-01	7.860000e-01	2.629134e-09	0.000000e+00	4.600000e-02
1	66	NOE	7.740000e-01	7.740000e-01	2.435940e-09	0.000000e+00	3.800000e-02
1	67	NOE	8.950000e-01	8.602211e-01	1.845075e-05	7.399770e-01	4.700000e-02
1	72	NOE	8.710000e-01	8.602211e-01	1.453543e-05	1.539846e-01	7.000000e-02
1	74	NOE	8.260000e-01	8.260000e-01	3.889802e-09	1.632681e-15	6.800000e-02
1	75	NOE	7.940000e-01	7.940000e-01	2.785989e-09	2.055969e-15	5.400000e-02
1	76	NOE	9.210000e-01	8.602211e-01	1.943708e-05	1.558434e+00	3.900000e-02
1	81	NOE	8.440000e-01	8.440000e-01	5.661445e-09	0.000000e+00	5.600000e-02
1	83	NOE	7.590000e-01	7.590000e-01	2.244303e-09	3.172066e-15	3.500000e-02
1	84	NOE	7.030000e-01	7.030000e-01	1.789012e-09	3.581365e-15	3.100000e-02
1	87	NOE	7.960000e-01	7.960000e-01	2.829690e-09	0.000000e+00	3.500000e-02
1	88	NOE	8.230000e-01	8.230000e-01	3.728470e-09	2.265761e-15	4.900000e-02
1	90	NOE	7.100000e-01	7.100000e-01	1.831729e-09	0.000000e+00	4.000000e-02
1	91	NOE	6.030000e-01	6.030000e-01	1.382070e-09	3.581365e-15	3.100000e-02
1	104	NOE	8.640000e-01	8.602211e-01	2.587024e-05	8.788181e-02	4.300000e-02
1	105	NOE	7.860000e-01	7.860000e-01	2.629134e-09	0.000000e+00	3.000000e-02
1	106	NOE	8.320000e-01	8.320000e-01	4.286329e-09	0.000000e+00	5.200000e-02
1	118	NOE	7.800000e-01	7.800000e-01	2.527149e-09	3.000603e-15	3.700000e-02
1	119	NOE	7.900000e-01	7.900000e-01	2.704228e-09	2.581914e-15	4.300000e-02
1	121	NOE	8.270000e-01	8.270000e-01	3.948364e-09	7.930164e-15	2.800000e-02
1	122	NOE	9.030000e-01	8.602211e-01	2.186352e-05	8.912275e-01	4.800000e-02
1	126	NOE	9.430000e-01	8.602211e-01	2.078142e-05	1.724561e+00	4.800000e-02
1	127	NOE	8.750000e-01	8.602211e-01	1.905771e-05	1.870749e-01	7.900000e-02
1	128	NOE	8.030000e-01	8.030000e-01	3.000197e-09	-4.827057e-15	2.300000e-02
1	129	NOE	6.590000e-01	6.590000e-01	1.573136e-09	0.000000e+00	7.700000e-02
1	130	NOE	8.550000e-01	8.550000e-01	9.991499e-09	0.000000e+00	3.900000e-02
1	131	NOE	7.800000e-01	7.800000e-01	2.527149e-09	2.921640e-15	3.800000e-02
1	132	NOE	8.230000e-01	8.230000e-01	3.728470e-09	2.921640e-15	3.800000e-02
1	140	NOE	9.940000e-01	8.602211e-01	2.083872e-05	1.351302e+00	9.900000e-02
1	141	NOE	7.720000e-01	7.720000e-01	2.407611e-09	0.000000e+00	6.800000e-02
1	142	NOE	8.070000e-01	8.070000e-01	3.112332e-09	-2.362177e-15	4.700000e-02
1	143	NOE	8.300000e-01	8.300000e-01	4.141122e-09	-3.265362e-15	3.400000e-02
1	145	NOE	8.840000e-01	8.602211e-01	1.325906e-05	4.486589e-01	5.300000e-02
1	149	NOE	7.970000e-01	7.970000e-01	2.852310e-09	-3.364312e-15	3.300000e-02
1	150	NOE	8.240000e-01	8.240000e-01	3.780021e-09	0.000000e+00	3.200000e-02
1	153	NOE	7.760000e-01	7.760000e-01	2.465264e-09	0.000000e+00	3.500000e-02
1	156	NOE	8.640000e-01	8.602211e-01	2.587024e-05	1.259639e-01	3.000000e-02
1	158	NOE	7.940000e-01	7.940000e-01	2.785989e-09	4.111937e-15	2.700000e-02
1	159	NOE	8.090000e-01	8.090000e-01	3.173242e-09	3.172066e-15	3.500000e-02
1	162	NOE	8.500000e-01	8.500000e-01	7.136997e-09	0.000000e+00	3.000000e-02
1	163	NOE	8.150000e-01	8.150000e-01	3.379530e-09	0.000000e+00	2.900000e-02
1	166	NOE	6.840000e-01	6.840000e-01	1.686026e-09	-2.467162e-15	4.500000e-02
1	168	NOE	7.380000e-01	7.380000e-01	2.037419e-09	0.000000e+00	3.600000e-02
1	169	NOE	6.990000e-01	6.990000e-01	1.765845e-09	2.643388e-15	4.200000e-02
1	170	NOE	7.280000e-01	7.280000e-01	1.956566e-09	0.000000e+00	1.100000e-01
1	172	NOE	7.930000e-01	7.930000e-01	2.764870e-09	0.000000e+00	3.200000e-02
1	173	NOE	7.290000e-01	7.290000e-01	1.964238e-09	4.111937e-15	2.700000e-02
1	178	NOE	7.430000e-01	7.430000e-01	2.081633e-09	0.000000e+00	3.300000e-02
1	179	NOE	7.900000e-01	7.900000e-01	2.704228e-09	2.775558e-15	4.000000e-02
1	180	NOE	7.210000e-01	7.210000e-01	1.905179e-09	-5.046468e-15	2.200000e-02
1	182	NOE	6.180000e-01	6.180000e-01	1.426801e-09	0.000000e+00	4.200000e-02
1	183	NOE	6.730000e-01	6.730000e-01	1.633613e-09	0.000000e+00	4.100000e-02
1	186	NOE	4.550000e-01	4.550000e-01	1.081228e-09	-4.625929e-15	3.600000e-02
1	188	NOE	3.620000e-01	3.620000e-01	9.636433e-10	0.000000e+00	2.200000e-02
1	189	NOE	3.340000e-01	3.340000e-01	9.342685e-10	-2.498002e-14	2.000000e-02
1	193	NOE	3.020000e-01	3.020000e-01	9.033207e-10	1.982541e-15	2.800000e-02
1	198	NOE	1.280000e-01	1.280000e-01	7.705319e-10	1.306145e-14	1.700000e-02


2	6	R1	1.243000e+00	1.243000e+00	7.186814e-09	-2.018585e-14	1.100001e-02
2	7	R1	1.243999e+00	1.243999e+00	7.180133e-09	1.708038e-14	1.299998e-02
2	10	R1	9.620010e-01	9.620010e-01	9.570447e-09	0.000000e+00	2.600003e-02
2	12	R1	1.025000e+00	1.025000e+00	8.929629e-09	0.000000e+00	4.799999e-02
2	24	R1	7.309995e-01	7.309995e-01	1.281970e-08	1.387781e-14	1.599998e-02
2	26	R1	7.490020e-01	7.490020e-01	1.249687e-08	9.251826e-15	1.200004e-02
2	27	R1	7.789982e-01	7.789982e-01	1.199126e-08	-2.220456e-14	4.999977e-03
2	28	R1	6.469979e-01	6.469979e-01	1.455764e-08	0.000000e+00	7.999944e-03
2	29	R1	6.590003e-01	6.590003e-01	1.428277e-08	-7.930155e-15	1.400002e-02
2	33	R1	7.089986e-01	7.089986e-01	1.323594e-08	0.000000e+00	6.999956e-03
2	34	R1	6.359988e-01	6.359988e-01	1.481847e-08	0.000000e+00	1.799992e-02
2	35	R1	7.159990e-01	7.159990e-01	1.310079e-08	7.930175e-15	1.399998e-02
2	36	R1	6.770022e-01	6.770022e-01	1.388842e-08	2.018576e-14	1.100006e-02
2	40	R1	7.290011e-01	7.290011e-01	1.285650e-08	-1.233576e-14	9.000034e-03
2	41	R1	7.869988e-01	7.869988e-01	1.186273e-08	2.467173e-14	8.999961e-03
2	42	R1	7.800008e-01	7.800008e-01	1.197501e-08	4.758084e-14	7.000021e-03
2	43	R1	7.980018e-01	7.980018e-01	1.169006e-08	-1.586025e-14	7.000036e-03
2	47	R1	7.199994e-01	7.199994e-01	1.302471e-08	1.387781e-14	7.999988e-03
2	48	R1	7.469989e-01	7.469989e-01	1.253204e-08	1.387781e-14	7.999985e-03
2	53	R1	8.090026e-01	8.090026e-01	1.152199e-08	-8.540108e-15	1.300010e-02
2	54	R1	7.860029e-01	7.860029e-01	1.187859e-08	2.643369e-15	4.200030e-02
2	57	R1	7.040023e-01	7.040023e-01	1.333401e-08	-8.881723e-15	2.500017e-02
2	58	R1	7.020007e-01	7.020007e-01	1.337367e-08	1.233581e-14	8.999999e-03
2	59	R1	6.949995e-01	6.949995e-01	1.351418e-08	2.379053e-14	1.399998e-02
2	60	R1	7.020007e-01	7.020007e-01	1.337367e-08	8.356172e-07	1.200005e-02
2	61	R1	7.020007e-01	7.020007e-01	1.337367e-08	7.401463e-15	1.500005e-02
2	65	R1	7.390000e-01	7.390000e-01	1.267434e-08	-7.930179e-15	1.399998e-02
2	66	R1	7.770008e-01	7.770008e-01	1.202374e-08	-8.540176e-15	1.300000e-02
2	67	R1	7.029976e-01	7.029976e-01	1.335389e-08	-7.930218e-15	1.399991e-02
2	72	R1	7.380019e-01	7.380019e-01	1.269231e-08	3.828334e-15	2.900016e-02
2	74	R1	6.059982e-01	6.059982e-01	1.557714e-08	4.827088e-15	2.299985e-02
2	75	R1	8.509986e-01	8.509986e-01	1.091908e-08	5.551141e-15	1.999991e-02
2	76	R1	7.269978e-01	7.269978e-01	1.289358e-08	0.000000e+00	9.999919e-03
2	81	R1	7.140001e-01	7.140001e-01	1.313912e-08	1.233582e-14	1.799998e-02
2	83	R1	7.320001e-01	7.320001e-01	1.280135e-08	1.387776e-14	8.000016e-03
2	84	R1	7.660018e-01	7.660018e-01	1.220559e-08	1.009291e-14	1.100002e-02
2	87	R1	7.269978e-01	7.269978e-01	1.289358e-08	0.000000e+00	7.999978e-03
2	88	R1	6.889994e-01	6.889994e-01	1.363682e-08	0.000000e+00	1.499997e-02
2	90	R1	6.679982e-01	6.679982e-01	1.408306e-08	-1.233590e-14	8.999933e-03
2	91	R1	6.970001e-01	6.970001e-01	1.347375e-08	1.387776e-14	8.000014e-03
2	104	R1	7.269978e-01	7.269978e-01	1.289358e-08	-1.708044e-14	1.299994e-02
2	105	R1	7.179988e-01	7.179988e-01	1.306266e-08	0.000000e+00	9.999946e-03
2	106	R1	6.879992e-01	6.879992e-01	1.365747e-08	-6.938900e-15	1.599999e-02
2	118	R1	7.500019e-01	7.500019e-01	1.247938e-08	-1.850365e-14	1.200004e-02
2	119	R1	7.120022e-01	7.120022e-01	1.317763e-08	-9.251783e-15	1.200010e-02
2	121	R1	7.540000e-01	7.540000e-01	1.240991e-08	-1.110220e-14	1.000003e-02
2	122	R1	7.150007e-01	7.150007e-01	1.311991e-08	7.930149e-15	1.400003e-02
2	126	R1	7.580007e-01	7.580007e-01	1.234110e-08	1.708029e-14	1.300005e-02
2	127	R1	7.759999e-01	7.759999e-01	1.204008e-08	-5.551114e-15	4.000001e-02
2	128	R1	7.159990e-01	7.159990e-01	1.310079e-08	1.850370e-14	6.000006e-03
2	129	R1	7.250002e-01	7.250002e-01	1.293076e-08	0.000000e+00	3.000001e-02
2	130	R1	7.190003e-01	7.190003e-01	1.304363e-08	-1.233583e-14	8.999988e-03
2	131	R1	7.029976e-01	7.029976e-01	1.335389e-08	-1.009300e-14	1.099993e-02
2	132	R1	6.850019e-01	6.850019e-01	1.371970e-08	0.000000e+00	1.300009e-02
2	140	R1	6.679982e-01	6.679982e-01	1.408306e-08	3.265380e-15	3.399981e-02
2	141	R1	7.049999e-01	7.049999e-01	1.331432e-08	-4.111941e-15	2.699998e-02
2	142	R1	6.809994e-01	6.809994e-01	1.380363e-08	0.000000e+00	1.599996e-02
2	143	R1	7.530007e-01	7.530007e-01	1.242720e-08	0.000000e+00	1.200003e-02
2	145	R1	8.099986e-01	8.099986e-01	1.150699e-08	5.286797e-15	2.099992e-02
2	149	R1	7.339988e-01	7.339988e-01	1.276485e-08	2.467163e-14	8.999998e-03
2	150	R1	7.519984e-01	7.519984e-01	1.244460e-08	1.233587e-14	8.999959e-03
2	153	R1	7.029976e-01	7.029976e-01	1.335389e-08	-1.387787e-14	7.999953e-03
2	156	R1	7.770008e-01	7.770008e-01	1.202374e-08	1.586031e-14	7.000010e-03
2	158	R1	7.049999e-01	7.049999e-01	1.331432e-08	-1.586033e-14	6.999998e-03
2	159	R1	7.390000e-01	7.390000e-01	1.267434e-08	-1.110221e-14	1.000002e-02
2	162	R1	6.819980e-01	6.819980e-01	1.378260e-08	0.000000e+00	7.999946e-03
2	163	R1	6.250000e-01	6.250000e-01	1.508830e-08	1.586033e-14	7.000000e-03
2	166	R1	6.949995e-01	6.949995e-01	1.351418e-08	0.000000e+00	1.699999e-02
2	168	R1	6.859981e-01	6.859981e-01	1.369896e-08	-8.540238e-15	1.299991e-02
2	169	R1	7.779982e-01	7.779982e-01	1.200750e-08	2.337324e-14	1.899990e-02
2	170	R1	6.560001e-01	6.560001e-01	1.435055e-08	-1.734723e-15	6.400002e-02
2	172	R1	7.580007e-01	7.580007e-01	1.234110e-08	2.775553e-14	8.000014e-03
2	173	R1	7.640003e-01	7.640003e-01	1.223923e-08	1.387774e-14	8.000027e-03
2	178	R1	8.209978e-01	8.209978e-01	1.134369e-08	0.000000e+00	9.999952e-03
2	179	R1	8.049974e-01	8.049974e-01	1.158267e-08	2.018595e-14	1.099996e-02
2	180	R1	8.200015e-01	8.200015e-01	1.135831e-08	-1.586023e-14	7.000045e-03
2	182	R1	8.209978e-01	8.209978e-01	1.134369e-08	0.000000e+00	1.799990e-02
2	183	R1	9.110040e-01	9.110040e-01	1.015087e-08	0.000000e+00	1.600011e-02
2	186	R1	1.186000e+00	1.186000e+00	7.585036e-09	0.000000e+00	2.599996e-02
2	188	R1	1.197999e+00	1.197999e+00	7.498325e-09	1.850374e-14	1.199999e-02
2	189	R1	1.179001e+00	1.179001e+00	7.636371e-09	0.000000e+00	1.900007e-02
2	193	R1	1.195000e+00	1.195000e+00	7.519849e-09	-1.850372e-14	1.200000e-02
2	198	R1	1.279000e+00	1.279000e+00	6.952014e-09	0.000000e+00	9.999990e-03


