6	6.130982e+00	2.459986e-01	3.210000e-01	2.100000e-02	1.243000e+00	1.100001e-02	8.555450e-02	
7	6.013012e+00	5.700007e-01	2.870000e-01	1.900000e-02	1.243999e+00	1.299998e-02	8.991072e-02	
10	8.158004e+00	2.650002e-01	1.880000e-01	8.900000e-02	9.620010e-01	2.600003e-02	7.918326e-02	
12	1.226000e+01	3.500000e-01	4.670000e-01	1.110000e-01	1.025000e+00	4.799999e-02	5.537998e-02	
24	1.806300e+01	4.449989e-01	6.540000e-01	4.200000e-02	7.309995e-01	1.599998e-02	2.563864e-02	
26	1.900201e+01	3.759998e-01	8.600000e-01	3.800000e-02	7.490020e-01	1.200004e-02	1.062950e-02	
27	1.491700e+01	2.829993e-01	7.330000e-01	1.800000e-02	7.789982e-01	4.999977e-03	2.108383e-02	
28	1.470100e+01	1.039998e-01	6.710000e-01	2.800000e-02	6.469979e-01	7.999944e-03	2.157748e-02	
29	1.953900e+01	2.290001e-01	7.170000e-01	3.700000e-02	6.590003e-01	1.400002e-02	1.890488e-02	
33	2.112602e+01	6.260013e-01	7.820000e-01	2.300000e-02	7.089986e-01	6.999956e-03	1.566764e-02	
34	1.873800e+01	2.509998e-01	8.160000e-01	5.900000e-02	6.359988e-01	1.799992e-02	1.186249e-02	
35	2.097100e+01	7.610002e-01	7.910000e-01	4.300000e-02	7.159990e-01	1.399998e-02	1.516913e-02	
36	1.798299e+01	1.409998e-01	8.490000e-01	4.100000e-02	6.770022e-01	1.100006e-02	1.036260e-02	
40	2.265498e+01	1.959998e-01	8.660000e-01	3.400000e-02	7.290011e-01	9.000034e-03	9.902272e-03	
41	2.306199e+01	2.399997e-02	8.930000e-01	3.500000e-02	7.869988e-01	8.999961e-03	8.536104e-03	
42	2.056898e+01	1.539996e-01	8.030000e-01	2.600000e-02	7.800008e-01	7.000021e-03	1.557626e-02	
43	2.215900e+01	1.168002e+00	8.660000e-01	2.800000e-02	7.980018e-01	7.000036e-03	1.083953e-02	
47	1.756599e+01	6.489993e-01	7.410000e-01	3.000000e-02	7.199994e-01	7.999988e-03	1.890313e-02	
48	2.759397e+01	5.289985e-01	7.810000e-01	3.100000e-02	7.469989e-01	7.999985e-03	1.658311e-02	
53	1.924402e+01	1.062002e+00	5.910000e-01	3.200000e-02	8.090026e-01	1.300010e-02	3.354093e-02	
54	2.179798e+01	4.234993e+00	6.200000e-01	7.800000e-02	7.860029e-01	4.200030e-02	3.027677e-02	
57	2.115601e+01	7.920002e-01	8.870000e-01	7.900000e-02	7.040023e-01	2.500017e-02	8.064071e-03	
58	1.874699e+01	8.040007e-01	8.330000e-01	3.200000e-02	7.020007e-01	8.999999e-03	1.188381e-02	
59	1.925198e+01	6.500005e-01	8.100000e-01	4.200000e-02	6.949995e-01	1.399998e-02	1.338566e-02	
60	1.963699e+01	7.460000e-01	8.130000e-01	3.800000e-02	7.020007e-01	1.200005e-02	1.330703e-02	
61	2.227300e+01	1.916001e+00	8.230000e-01	5.200000e-02	7.020007e-01	1.500005e-02	1.259542e-02	
65	2.046300e+01	2.400000e-02	7.860000e-01	4.600000e-02	7.390000e-01	1.399998e-02	1.603098e-02	
66	2.350000e+01	2.828999e+00	7.740000e-01	3.800000e-02	7.770008e-01	1.300000e-02	1.780048e-02	
67	2.355402e+01	1.209002e+00	8.950000e-01	4.700000e-02	7.029976e-01	1.399991e-02	7.482470e-03	
72	2.024800e+01	2.027998e+00	8.710000e-01	7.000000e-02	7.380019e-01	2.900016e-02	9.650483e-03	
74	2.044300e+01	6.400011e-02	8.260000e-01	6.800000e-02	6.059982e-01	2.299985e-02	1.068864e-02	
75	2.588601e+01	2.383006e+00	7.940000e-01	5.400000e-02	8.509986e-01	1.999991e-02	1.777043e-02	
76	2.172699e+01	6.959990e-01	9.210000e-01	3.900000e-02	7.269978e-01	9.999919e-03	5.821864e-03	
81	2.081300e+01	7.310014e-01	8.440000e-01	5.600000e-02	7.140001e-01	1.799998e-02	1.129080e-02	
83	2.179100e+01	1.894999e+00	7.590000e-01	3.500000e-02	7.320001e-01	8.000016e-03	1.788257e-02	
84	2.055300e+01	9.570014e-01	7.030000e-01	3.100000e-02	7.660018e-01	1.100002e-02	2.306153e-02	
87	1.137700e+01	8.600002e-02	7.960000e-01	3.500000e-02	7.269978e-01	7.999978e-03	1.503367e-02	
88	1.861400e+01	9.250005e-01	8.230000e-01	4.900000e-02	6.889994e-01	1.499997e-02	1.236215e-02	
90	2.126298e+01	2.649995e-01	7.100000e-01	4.000000e-02	6.679982e-01	8.999933e-03	1.963700e-02	
91	1.377500e+01	8.700005e-02	6.030000e-01	3.100000e-02	6.970001e-01	8.000014e-03	2.804950e-02	
104	2.386601e+01	1.332000e+00	8.640000e-01	4.300000e-02	7.269978e-01	1.299994e-02	1.002245e-02	
105	2.020998e+01	9.899973e-01	7.860000e-01	3.000000e-02	7.179988e-01	9.999946e-03	1.557540e-02	
106	2.121701e+01	1.698999e+00	8.320000e-01	5.200000e-02	6.879992e-01	1.599999e-02	1.171653e-02	
118	2.305901e+01	7.240030e-01	7.800000e-01	3.700000e-02	7.500019e-01	1.200004e-02	1.672580e-02	
119	2.257800e+01	5.419987e-01	7.900000e-01	4.300000e-02	7.120022e-01	1.200010e-02	1.515662e-02	
121	1.808701e+01	5.310004e-01	8.270000e-01	2.800000e-02	7.540000e-01	1.000003e-02	1.322267e-02	
122	1.988301e+01	7.130007e-01	9.030000e-01	4.800000e-02	7.150007e-01	1.400003e-02	7.030400e-03	
126	2.028998e+01	5.710009e-01	9.430000e-01	4.800000e-02	7.580007e-01	1.300005e-02	4.379720e-03	
127	2.051400e+01	6.922010e+00	8.750000e-01	7.900000e-02	7.759999e-01	4.000001e-02	9.832716e-03	
128	2.260802e+01	6.949986e-01	8.030000e-01	2.300000e-02	7.159990e-01	6.000006e-03	1.429817e-02	
129	1.726701e+01	9.990013e-01	6.590000e-01	7.700000e-02	7.250002e-01	3.000001e-02	2.506077e-02	
130	2.026002e+01	3.330006e-01	8.550000e-01	3.900000e-02	7.190003e-01	8.999988e-03	1.056815e-02	
131	1.976300e+01	9.630009e-01	7.800000e-01	3.800000e-02	7.029976e-01	1.099993e-02	1.567756e-02	
132	1.884101e+01	5.109992e-01	8.230000e-01	3.800000e-02	6.850019e-01	1.300009e-02	1.229042e-02	
140	1.864600e+01	2.458002e+00	9.940000e-01	9.900000e-02	6.679982e-01	3.399981e-02	4.062828e-04	
141	1.665501e+01	3.487005e+00	7.720000e-01	6.800000e-02	7.049999e-01	2.699998e-02	1.629393e-02	
142	2.092501e+01	4.699991e-02	8.070000e-01	4.700000e-02	6.809994e-01	1.599996e-02	1.332312e-02	
143	2.192800e+01	3.499999e-02	8.300000e-01	3.400000e-02	7.530007e-01	1.200003e-02	1.297616e-02	
145	2.122300e+01	1.491002e+00	8.840000e-01	5.300000e-02	8.099986e-01	2.099992e-02	9.524542e-03	
149	1.820900e+01	7.919991e-01	7.970000e-01	3.300000e-02	7.339988e-01	8.999998e-03	1.510404e-02	
150	2.194701e+01	2.530002e-01	8.240000e-01	3.200000e-02	7.519984e-01	8.999959e-03	1.341626e-02	
153	1.814000e+01	1.141001e+00	7.760000e-01	3.500000e-02	7.029976e-01	7.999953e-03	1.596260e-02	
156	1.764001e+01	6.039998e-01	8.640000e-01	3.000000e-02	7.770008e-01	7.000010e-03	1.071179e-02	
158	2.170299e+01	5.500004e-01	7.940000e-01	2.700000e-02	7.049999e-01	6.999998e-03	1.472170e-02	
159	2.207301e+01	4.750002e-01	8.090000e-01	3.500000e-02	7.390000e-01	1.000002e-02	1.430802e-02	
162	2.178801e+01	1.403004e+00	8.500000e-01	3.000000e-02	6.819980e-01	7.999946e-03	1.036994e-02	
163	2.006602e+01	9.869998e-01	8.150000e-01	2.900000e-02	6.250000e-01	7.000000e-03	1.172070e-02	
166	1.948900e+01	8.019998e-01	6.840000e-01	4.500000e-02	6.949995e-01	1.699999e-02	2.226247e-02	
168	2.206001e+01	7.340002e-01	7.380000e-01	3.600000e-02	6.859981e-01	1.299991e-02	1.821906e-02	
169	3.664306e+01	1.460000e-01	6.990000e-01	4.200000e-02	7.779982e-01	1.899990e-02	2.373815e-02	
170	3.347998e+01	1.537181e+02	7.280000e-01	1.100000e-01	6.560001e-01	6.400002e-02	1.808734e-02	
172	2.332498e+01	1.489997e+00	7.930000e-01	3.200000e-02	7.580007e-01	8.000014e-03	1.590530e-02	
173	2.239200e+01	3.980002e-01	7.290000e-01	2.700000e-02	7.640003e-01	8.000027e-03	2.098769e-02	
178	2.085401e+01	6.469987e-01	7.430000e-01	3.300000e-02	8.209978e-01	9.999952e-03	2.138833e-02	
179	2.224501e+01	8.130032e-01	7.900000e-01	4.000000e-02	8.049974e-01	1.099996e-02	1.713624e-02	
180	2.191901e+01	6.150006e-01	7.210000e-01	2.200000e-02	8.200015e-01	7.000045e-03	2.319106e-02	
182	2.187499e+01	1.525000e+00	6.180000e-01	4.200000e-02	8.209978e-01	1.799990e-02	3.179122e-02	
183	1.714401e+01	7.640025e-01	6.730000e-01	4.100000e-02	9.110040e-01	1.600011e-02	3.019742e-02	
186	1.119700e+01	4.650006e-01	4.550000e-01	3.600000e-02	1.186000e+00	2.599996e-02	6.552140e-02	
188	9.368033e+00	5.240038e-01	3.620000e-01	2.200000e-02	1.197999e+00	1.199999e-02	7.747812e-02	
189	9.693022e+00	5.960024e-01	3.340000e-01	2.000000e-02	1.179001e+00	1.900007e-02	7.959579e-02	
193	7.894031e+00	1.400010e-01	3.020000e-01	2.800000e-02	1.195000e+00	1.200000e-02	8.455226e-02	
198	4.472992e+00	1.749994e-01	1.280000e-01	1.700000e-02	1.279000e+00	9.999990e-03	1.130547e-01	
