4.641216e+00	1.000000e+00	5.525146e-13
4.990316e+00	0.000000e+00	2.074262e-12
5.365676e+00	0.000000e+00	8.331419e-12
5.769268e+00	0.000000e+00	3.580550e-11
6.203218e+00	2.000000e+00	1.645360e-10
6.669809e+00	0.000000e+00	8.071323e-10
7.171496e+00	0.000000e+00	4.214904e-09
7.710918e+00	1.000000e+00	2.333257e-08
8.290914e+00	1.000000e+00	1.361135e-07
8.914536e+00	0.000000e+00	8.301244e-07
9.585065e+00	2.000000e+00	5.237944e-06
1.030603e+01	0.000000e+00	3.374058e-05
1.108122e+01	2.000000e+00	2.181731e-04
1.191473e+01	1.000000e+00	1.386729e-03
1.281092e+01	0.000000e+00	8.442693e-03
1.377453e+01	1.000000e+00	4.769945e-02
1.481061e+01	2.000000e+00	2.406415e-01
1.592463e+01	0.000000e+00	1.034781e+00
1.712244e+01	5.000000e+00	3.586296e+00
1.841035e+01	1.100000e+01	9.368225e+00
1.979513e+01	1.400000e+01	1.702717e+01
2.128407e+01	2.100000e+01	1.957799e+01
2.288500e+01	1.400000e+01	1.272006e+01
2.460636e+01	1.000000e+00	4.085558e+00
2.645719e+01	1.000000e+00	5.539644e-01
2.844723e+01	1.000000e+00	2.632321e-02
3.058696e+01	0.000000e+00	3.521097e-04
3.288764e+01	1.000000e+00	1.024929e-06
3.536136e+01	1.000000e+00	4.799355e-10


1.326872e-01	1.000000e+00	4.267887e-16
1.424048e-01	0.000000e+00	1.280056e-15
1.528342e-01	0.000000e+00	4.087810e-15
1.640273e-01	0.000000e+00	1.392598e-14
1.760402e-01	0.000000e+00	5.069268e-14
1.889329e-01	1.000000e+00	1.974278e-13
2.027699e-01	0.000000e+00	8.233404e-13
2.176202e-01	0.000000e+00	3.677725e-12
2.335581e-01	0.000000e+00	1.758835e-11
2.506632e-01	0.000000e+00	8.994178e-11
2.690211e-01	0.000000e+00	4.906569e-10
2.887235e-01	1.000000e+00	2.845204e-09
3.098688e-01	1.000000e+00	1.744790e-08
3.325627e-01	2.000000e+00	1.123691e-07
3.569187e-01	1.000000e+00	7.531021e-07
3.830585e-01	0.000000e+00	5.191153e-06
4.111126e-01	0.000000e+00	3.626065e-05
4.412214e-01	1.000000e+00	2.519664e-04
4.735352e-01	1.000000e+00	1.702504e-03
5.082156e-01	0.000000e+00	1.087858e-02
5.454359e-01	0.000000e+00	6.354886e-02
5.853822e-01	2.000000e+00	3.258149e-01
6.282539e-01	2.000000e+00	1.395990e+00
6.742655e-01	5.000000e+00	4.714143e+00
7.236469e-01	1.100000e+01	1.170132e+01
7.766448e-01	2.000000e+01	1.965219e+01
8.335241e-01	2.000000e+01	2.024677e+01
8.945691e-01	1.200000e+01	1.139715e+01
9.600849e-01	2.000000e+00	3.058484e+00


6.139039e-01	1.000000e+00	8.373235e-01
6.299217e-01	2.000000e+00	1.639735e+00
6.463575e-01	1.000000e+00	2.939104e+00
6.632220e-01	4.000000e+00	4.783874e+00
6.805266e-01	7.000000e+00	7.011518e+00
6.982827e-01	1.200000e+01	9.171177e+00
7.165021e-01	1.000000e+01	1.060444e+01
7.351969e-01	1.000000e+01	1.073028e+01
7.543794e-01	9.000000e+00	9.400125e+00
7.740625e-01	7.000000e+00	7.048642e+00
7.942591e-01	3.000000e+00	4.469638e+00
8.149827e-01	6.000000e+00	2.366238e+00
8.362469e-01	0.000000e+00	1.031687e+00
8.580660e-01	1.000000e+00	3.651455e-01
8.804545e-01	0.000000e+00	1.033139e-01
9.034270e-01	1.000000e+00	2.299176e-02
9.269990e-01	0.000000e+00	3.955750e-03
9.511860e-01	1.000000e+00	5.166601e-04
9.760040e-01	0.000000e+00	5.024646e-05
1.001470e+00	0.000000e+00	3.564818e-06
1.027600e+00	1.000000e+00	1.805436e-07
1.054412e+00	0.000000e+00	6.379203e-09
1.081923e+00	0.000000e+00	1.534729e-10
1.110152e+00	0.000000e+00	2.450199e-12
1.139118e+00	0.000000e+00	2.526075e-14
1.168839e+00	1.000000e+00	1.633989e-16
1.199336e+00	3.000000e+00	6.432300e-19
1.230629e+00	2.000000e+00	1.492065e-21
1.262738e+00	1.000000e+00	1.971038e-24


4.497965e-04	0.000000e+00	1.142307e-01
5.461448e-04	0.000000e+00	1.215906e-01
6.631313e-04	0.000000e+00	1.310970e-01
8.051768e-04	0.000000e+00	1.435311e-01
9.776491e-04	0.000000e+00	1.600381e-01
1.187066e-03	0.000000e+00	1.823402e-01
1.441340e-03	0.000000e+00	2.130981e-01
1.750081e-03	0.000000e+00	2.565419e-01
2.124956e-03	0.000000e+00	3.196020e-01
2.580131e-03	0.000000e+00	4.139869e-01
3.132806e-03	0.000000e+00	5.600741e-01
3.803866e-03	0.000000e+00	7.942722e-01
4.618670e-03	1.000000e+00	1.182804e+00
5.608008e-03	1.000000e+00	1.846168e+00
6.809267e-03	1.000000e+00	2.995917e+00
8.267841e-03	3.000000e+00	4.962263e+00
1.003885e-02	1.200000e+01	8.099943e+00
1.218921e-02	1.200000e+01	1.225466e+01
1.480019e-02	1.600000e+01	1.551704e+01
1.797046e-02	1.200000e+01	1.394786e+01
2.181980e-02	8.000000e+00	6.863233e+00
2.649370e-02	3.000000e+00	1.234277e+00
3.216876e-02	4.000000e+00	4.359939e-02
3.905944e-02	0.000000e+00	1.174338e-04
4.742614e-02	0.000000e+00	5.758239e-09
5.758502e-02	1.000000e+00	5.945412e-16
6.991997e-02	1.000000e+00	5.087022e-27
8.489712e-02	6.000000e+00	2.862315e-44
1.030824e-01	1.000000e+00	7.817538e-71


2.054254e-02	0.000000e+00	1.178472e-04
2.253187e-02	0.000000e+00	1.985739e-04
2.471386e-02	0.000000e+00	3.471855e-04
2.710714e-02	0.000000e+00	6.303634e-04
2.973219e-02	0.000000e+00	1.188925e-03
3.261145e-02	0.000000e+00	2.328719e-03
3.576954e-02	0.000000e+00	4.731271e-03
3.923346e-02	0.000000e+00	9.948637e-03
4.303282e-02	0.000000e+00	2.157231e-02
4.720012e-02	0.000000e+00	4.797691e-02
5.177097e-02	0.000000e+00	1.086077e-01
5.678446e-02	0.000000e+00	2.476636e-01
6.228346e-02	1.000000e+00	5.610633e-01
6.831499e-02	1.000000e+00	1.239979e+00
7.493060e-02	1.000000e+00	2.611334e+00
8.218687e-02	3.000000e+00	5.085110e+00
9.014583e-02	1.200000e+01	8.813892e+00
9.887554e-02	1.200000e+01	1.296007e+01
1.084506e-01	1.600000e+01	1.522301e+01
1.189530e-01	1.200000e+01	1.325261e+01
1.304724e-01	8.000000e+00	7.791503e+00
1.431073e-01	3.000000e+00	2.757506e+00
1.569658e-01	4.000000e+00	5.098223e-01
1.721663e-01	0.000000e+00	4.136468e-02
1.888389e-01	0.000000e+00	1.189307e-03
2.071260e-01	1.000000e+00	9.327024e-06
2.271841e-01	1.000000e+00	1.449037e-08
2.491846e-01	6.000000e+00	3.018875e-12
2.733156e-01	1.000000e+00	5.243096e-17


