0	3	R2	7.777690e+00	7.777690e+00	5.006476e-09	-5.708088e-15	1.556000e-01
0	4	R2	7.968090e+00	7.968090e+00	5.173896e-09	-6.728624e-15	1.320000e-01
0	6	R2	9.288690e+00	9.288690e+00	6.331940e-09	-1.820038e-14	9.760000e-02
0	7	R2	9.897040e+00	9.897040e+00	6.861075e-09	0.000000e+00	2.304900e-01
0	8	R2	8.743680e+00	8.743680e+00	5.855231e-09	0.000000e+00	1.450400e-01
0	10	R2	8.968560e+00	8.968560e+00	6.052202e-09	0.000000e+00	2.250600e-01
0	13	R2	9.523280e+00	9.523280e+00	6.536381e-09	-4.951633e-07	2.259800e-01
0	14	R2	8.495300e+00	8.495300e+00	5.637300e-09	0.000000e+00	1.337600e-01
0	15	R2	9.511850e+00	9.511850e+00	6.526431e-09	-3.938148e-07	2.836700e-01
0	17	R2	9.450060e+00	9.450060e+00	6.472623e-09	0.000000e+00	1.937500e-01
0	18	R2	9.117470e+00	9.117470e+00	6.182426e-09	-1.830730e-14	9.703000e-02
0	19	R2	9.921380e+00	9.921380e+00	6.882174e-09	1.507687e-14	1.178200e-01
0	20	R2	9.411590e+00	9.411590e+00	6.439106e-09	8.672347e-15	2.048300e-01
0	22	R2	9.268050e+00	9.268050e+00	6.313930e-09	-3.294838e-14	1.617400e-01
0	23	R2	9.094140e+00	9.094140e+00	6.162036e-09	-1.063878e-14	1.669700e-01
0	24	R2	9.095050e+00	9.095050e+00	6.162831e-09	9.637876e-15	1.843100e-01
0	25	R2	9.046380e+00	9.046380e+00	6.120279e-09	0.000000e+00	1.043400e-01
0	27	R2	1.001808e+01	1.001808e+01	6.965945e-09	-8.405893e-07	1.426200e-01
0	30	R2	8.513800e+00	8.513800e+00	5.653544e-09	-1.373401e-14	1.293400e-01
0	31	R2	9.179720e+00	9.179720e+00	6.236813e-09	1.010959e-14	1.757100e-01
0	33	R2	9.176310e+00	9.176310e+00	6.233834e-09	3.180016e-14	1.117200e-01
0	34	R2	9.473230e+00	9.473230e+00	6.492804e-09	0.000000e+00	1.274500e-01
0	35	R2	9.601100e+00	9.601100e+00	6.604091e-09	0.000000e+00	2.867000e-01
0	36	R2	9.094910e+00	9.094910e+00	6.162709e-09	-1.246741e-14	1.424800e-01
0	38	R2	9.071420e+00	9.071420e+00	6.142174e-09	0.000000e+00	1.017600e-01
0	39	R2	9.807170e+00	9.807170e+00	6.783121e-09	-5.635872e-07	2.066600e-01
0	42	R2	1.007618e+01	1.007618e+01	7.016234e-09	-1.001385e-14	1.773900e-01
0	43	R2	9.775900e+00	9.775900e+00	6.755980e-09	-1.324718e-06	8.754000e-02
0	45	R2	9.672850e+00	9.672850e+00	6.666471e-09	1.406570e-14	2.525800e-01
0	46	R2	9.757220e+00	9.757220e+00	6.739762e-09	8.298794e-15	2.140500e-01
0	47	R2	8.599510e+00	8.599510e+00	5.728777e-09	-1.144560e-14	1.552000e-01
0	51	R2	9.663290e+00	9.663290e+00	6.658162e-09	-5.066550e-07	2.253000e-01
0	55	R2	9.653490e+00	9.653490e+00	6.649644e-09	-6.502281e-07	1.753100e-01
0	56	R2	8.576030e+00	8.576030e+00	5.708171e-09	1.124134e-14	1.580200e-01
0	57	R2	8.480310e+00	8.480310e+00	5.624137e-09	0.000000e+00	1.583200e-01
0	58	R2	9.106450e+00	9.106450e+00	6.172795e-09	0.000000e+00	1.243400e-01
0	59	R2	9.489300e+00	9.489300e+00	6.506798e-09	1.220696e-14	1.455200e-01
0	60	R2	9.528370e+00	9.528370e+00	6.540811e-09	-9.067209e-15	1.959100e-01
0	61	R2	9.998420e+00	9.998420e+00	6.948921e-09	-5.348280e-07	2.235600e-01
0	62	R2	9.824950e+00	9.824950e+00	6.798550e-09	-7.998005e-15	2.221000e-01
0	63	R2	9.473990e+00	9.473990e+00	6.493466e-09	-6.752511e-07	1.645400e-01
0	64	R2	9.621710e+00	9.621710e+00	6.622014e-09	0.000000e+00	1.245600e-01
0	65	R2	9.681590e+00	9.681590e+00	6.674066e-09	1.634183e-14	1.087000e-01
0	66	R2	9.359520e+00	9.359520e+00	6.393718e-09	1.325936e-14	1.339700e-01
0	67	R2	1.022251e+01	1.022251e+01	7.142749e-09	2.545471e-14	1.395700e-01
0	68	R2	9.314350e+00	9.314350e+00	6.354326e-09	0.000000e+00	1.078000e-01
0	69	R2	1.086437e+01	1.086437e+01	7.695302e-09	-4.628099e-15	3.838200e-01
0	70	R2	9.361000e+00	9.361000e+00	6.395008e-09	7.793431e-15	2.279300e-01
0	71	R2	1.209792e+01	1.209792e+01	8.746790e-09	0.000000e+00	3.107200e-01
0	75	R2	9.332320e+00	9.332320e+00	6.369999e-09	0.000000e+00	2.020300e-01
0	77	R2	1.125159e+01	1.125159e+01	8.026799e-09	-6.166817e-07	2.270200e-01
0	78	R2	1.089995e+01	1.089995e+01	7.725819e-09	-6.294835e-07	2.132700e-01
0	80	R2	7.089190e+00	7.089190e+00	4.402861e-09	0.000000e+00	1.113000e-01
0	82	R2	1.006575e+01	1.006575e+01	7.007209e-09	-3.512808e-15	5.056800e-01
0	83	R2	9.514860e+00	9.514860e+00	6.529051e-09	0.000000e+00	3.379100e-01
0	84	R2	8.958100e+00	8.958100e+00	6.043049e-09	9.082972e-15	1.955700e-01
0	86	R2	8.938270e+00	8.938270e+00	6.025692e-09	-1.291520e-14	1.375400e-01
0	87	R2	9.113130e+00	9.113130e+00	6.178634e-09	0.000000e+00	1.709100e-01
0	88	R2	8.927960e+00	8.927960e+00	6.016668e-09	0.000000e+00	2.224900e-01
0	90	R2	9.486920e+00	9.486920e+00	6.504726e-09	-1.261080e-14	1.408600e-01
0	91	R2	9.432700e+00	9.432700e+00	6.457500e-09	0.000000e+00	1.773300e-01
0	92	R2	9.808250e+00	9.808250e+00	6.784059e-09	-4.697301e-07	2.479900e-01
0	95	R2	1.308784e+01	1.308784e+01	9.581762e-09	0.000000e+00	3.733300e-01
0	96	R2	1.129223e+01	1.129223e+01	8.061513e-09	6.436076e-15	2.760000e-01
0	97	R2	9.801760e+00	9.801760e+00	6.778426e-09	0.000000e+00	2.261400e-01
0	98	R2	1.308228e+01	1.308228e+01	9.577092e-09	0.000000e+00	2.651800e-01
0	100	R2	9.409180e+00	9.409180e+00	6.437005e-09	0.000000e+00	1.260600e-01
0	101	R2	9.356020e+00	9.356020e+00	6.390666e-09	0.000000e+00	2.397000e-01
0	102	R2	9.033960e+00	9.033960e+00	6.109417e-09	0.000000e+00	2.665900e-01
0	103	R2	9.647850e+00	9.647850e+00	6.644741e-09	1.115802e-14	1.592000e-01
0	104	R2	9.026220e+00	9.026220e+00	6.102647e-09	-9.394240e-15	1.890900e-01
0	107	R2	1.359529e+01	1.359529e+01	1.000712e-08	0.000000e+00	4.240700e-01
0	108	R2	9.834400e+00	9.834400e+00	6.806749e-09	-7.222971e-07	1.618600e-01
0	110	R2	1.016574e+01	1.016574e+01	7.093691e-09	0.000000e+00	1.014100e-01
0	111	R2	1.027250e+01	1.027250e+01	7.185924e-09	-4.426172e-07	2.801900e-01
0	112	R2	1.049587e+01	1.049587e+01	7.378549e-09	5.058972e-15	3.511300e-01
0	113	R2	9.451080e+00	9.451080e+00	6.473512e-09	0.000000e+00	3.550500e-01
0	115	R2	1.140684e+01	1.140684e+01	8.159331e-09	4.442003e-15	7.998000e-01
0	116	R2	9.096630e+00	9.096630e+00	6.164212e-09	1.135197e-14	1.564800e-01
0	117	R2	1.016302e+01	1.016302e+01	7.091340e-09	-8.489161e-15	2.092500e-01
0	118	R2	9.315770e+00	9.315770e+00	6.355564e-09	-9.824983e-15	1.808000e-01
0	119	R2	9.713240e+00	9.713240e+00	6.701565e-09	0.000000e+00	1.461700e-01
0	120	R2	8.277050e+00	8.277050e+00	5.445556e-09	0.000000e+00	1.201800e-01
0	121	R2	9.529110e+00	9.529110e+00	6.541456e-09	-7.001165e-07	1.599600e-01
0	122	R2	9.362840e+00	9.362840e+00	6.396613e-09	-1.091463e-14	1.627500e-01
0	123	R2	8.981250e+00	8.981250e+00	6.063307e-09	0.000000e+00	1.306900e-01
0	124	R2	8.940870e+00	8.940870e+00	6.027968e-09	0.000000e+00	1.261500e-01
0	126	R2	9.205940e+00	9.205940e+00	6.259711e-09	0.000000e+00	2.204100e-01
0	127	R2	8.846260e+00	8.846260e+00	5.945124e-09	-1.162994e-14	1.527400e-01
0	128	R2	9.233610e+00	9.233610e+00	6.283869e-09	6.791134e-15	2.615700e-01
0	129	R2	8.706950e+00	8.706950e+00	5.823026e-09	0.000000e+00	1.998900e-01
0	130	R2	8.454440e+00	8.454440e+00	5.601418e-09	9.565219e-15	1.857100e-01
0	131	R2	9.506910e+00	9.506910e+00	6.522131e-09	-6.951066e-07	1.606000e-01
0	132	R2	9.256800e+00	9.256800e+00	6.304111e-09	-1.881734e-14	1.888000e-01
0	133	R2	9.612910e+00	9.612910e+00	6.614362e-09	2.406498e-14	1.476300e-01
0	134	R2	9.065140e+00	9.065140e+00	6.136683e-09	-9.604525e-15	1.849500e-01
0	135	R2	9.150320e+00	9.150320e+00	6.211131e-09	-1.506408e-14	1.179200e-01
0	136	R2	9.222820e+00	9.222820e+00	6.274450e-09	1.215767e-14	1.461100e-01
0	137	R2	9.050010e+00	9.050010e+00	6.123453e-09	2.264317e-14	1.569000e-01
0	138	R2	8.960730e+00	8.960730e+00	6.045350e-09	-1.688713e-14	1.051900e-01


1	3	NOE	6.430540e-01	6.430540e-01	3.032966e-09	-1.124793e-07	4.550800e-02
1	4	NOE	6.191800e-01	6.191800e-01	2.840984e-09	2.491244e-15	4.456500e-02
1	6	NOE	6.701630e-01	6.701630e-01	3.303185e-09	-1.847385e-15	6.009700e-02
1	7	NOE	6.451600e-01	6.451600e-01	3.051724e-09	0.000000e+00	6.901600e-02
1	8	NOE	7.144450e-01	7.144450e-01	3.946467e-09	0.000000e+00	6.323300e-02
1	10	NOE	6.845100e-01	6.845100e-01	3.477294e-09	0.000000e+00	5.962100e-02
1	13	NOE	6.884260e-01	6.884260e-01	3.529598e-09	0.000000e+00	5.177200e-02
1	14	NOE	6.102110e-01	6.102110e-01	2.777304e-09	-2.109327e-15	5.263400e-02
1	15	NOE	7.413590e-01	7.413590e-01	4.574968e-09	0.000000e+00	6.778200e-02
1	17	NOE	6.720800e-01	6.720800e-01	3.325003e-09	0.000000e+00	7.342400e-02
1	18	NOE	7.199700e-01	7.199700e-01	4.054898e-09	0.000000e+00	5.346800e-02
1	19	NOE	7.470690e-01	7.470690e-01	4.750296e-09	0.000000e+00	8.076200e-02
1	20	NOE	7.158840e-01	7.158840e-01	3.973893e-09	0.000000e+00	5.674400e-02
1	22	NOE	8.043860e-01	8.043860e-01	9.989103e-09	1.966040e-15	5.647000e-02
1	23	NOE	7.603100e-01	7.603100e-01	5.247176e-09	-1.762371e-15	6.299600e-02
1	24	NOE	6.976840e-01	6.976840e-01	3.662887e-09	0.000000e+00	4.806500e-02
1	25	NOE	7.278760e-01	7.278760e-01	4.226343e-09	1.875250e-15	5.920400e-02
1	27	NOE	8.035950e-01	8.035950e-01	9.763862e-09	1.467365e-15	7.566100e-02
1	30	NOE	6.228130e-01	6.228130e-01	2.867979e-09	0.000000e+00	3.990100e-02
1	31	NOE	7.800520e-01	7.800520e-01	6.391225e-09	0.000000e+00	7.167600e-02
1	33	NOE	7.686790e-01	7.686790e-01	5.653283e-09	0.000000e+00	7.058000e-02
1	34	NOE	6.173230e-01	6.173230e-01	2.827461e-09	-2.098641e-15	5.290200e-02
1	35	NOE	7.551450e-01	7.551450e-01	5.035765e-09	-2.643457e-08	7.366900e-02
1	36	NOE	7.967100e-01	7.967100e-01	8.285392e-09	0.000000e+00	7.106300e-02
1	38	NOE	7.683590e-01	7.683590e-01	5.636015e-09	-1.681952e-15	6.600800e-02
1	39	NOE	6.875360e-01	6.875360e-01	3.517511e-09	-1.869786e-15	5.937700e-02
1	42	NOE	7.667200e-01	7.667200e-01	5.549949e-09	0.000000e+00	5.971700e-02
1	43	NOE	5.861740e-01	5.861740e-01	2.624715e-09	0.000000e+00	6.817900e-02
1	45	NOE	7.801130e-01	7.801130e-01	6.395986e-09	0.000000e+00	5.325400e-02
1	46	NOE	8.732160e-01	8.213975e-01	3.082980e-05	5.195823e-01	9.973100e-02
1	47	NOE	7.489120e-01	7.489120e-01	4.811238e-09	0.000000e+00	7.246100e-02
1	51	NOE	6.505210e-01	6.505210e-01	3.101012e-09	-1.678773e-15	6.613300e-02
1	55	NOE	7.990720e-01	7.990720e-01	8.714804e-09	-1.878518e-15	5.910100e-02
1	56	NOE	7.170310e-01	7.170310e-01	3.996155e-09	0.000000e+00	4.231800e-02
1	57	NOE	6.512980e-01	6.512980e-01	3.108346e-09	0.000000e+00	5.327500e-02
1	58	NOE	6.124100e-01	6.124100e-01	2.792543e-09	2.167896e-15	5.121200e-02
1	59	NOE	6.358770e-01	6.358770e-01	2.971425e-09	-2.323031e-15	4.779200e-02
1	60	NOE	7.317340e-01	7.317340e-01	4.318067e-09	0.000000e+00	6.308200e-02
1	61	NOE	6.543700e-01	6.543700e-01	3.137834e-09	-1.652413e-15	6.718800e-02
1	62	NOE	6.176890e-01	6.176890e-01	2.830111e-09	0.000000e+00	5.649000e-02
1	63	NOE	7.738240e-01	7.738240e-01	5.954336e-09	1.935805e-15	5.735200e-02
1	64	NOE	7.752110e-01	7.752110e-01	6.043956e-09	1.237527e-15	8.971300e-02
1	65	NOE	6.690080e-01	6.690080e-01	3.290238e-09	0.000000e+00	4.900500e-02
1	66	NOE	6.883090e-01	6.883090e-01	3.528002e-09	2.451094e-15	4.529500e-02
1	67	NOE	6.071370e-01	6.071370e-01	2.756391e-09	-4.031677e-15	5.507500e-02
1	68	NOE	7.148260e-01	7.148260e-01	3.953675e-09	0.000000e+00	4.251900e-02
1	69	NOE	6.727890e-01	6.727890e-01	3.333178e-09	-1.783519e-15	6.224900e-02
1	70	NOE	7.641620e-01	7.641620e-01	5.423058e-09	0.000000e+00	6.536500e-02
1	71	NOE	7.413230e-01	7.413230e-01	4.573922e-09	1.588234e-15	6.990300e-02
1	75	NOE	6.203190e-01	6.203190e-01	2.849370e-09	-1.842052e-15	6.027100e-02
1	77	NOE	7.433270e-01	7.433270e-01	4.633231e-09	0.000000e+00	6.218400e-02
1	78	NOE	6.809530e-01	6.809530e-01	3.431676e-09	-1.659576e-15	6.689800e-02
1	80	NOE	6.130350e-01	6.130350e-01	2.796917e-09	0.000000e+00	4.571100e-02
1	82	NOE	6.002680e-01	6.002680e-01	2.711221e-09	3.014944e-15	7.364800e-02
1	83	NOE	7.545360e-01	7.545360e-01	5.012458e-09	0.000000e+00	6.954300e-02
1	84	NOE	7.380920e-01	7.380920e-01	4.482821e-09	0.000000e+00	5.091900e-02
1	86	NOE	7.246820e-01	7.246820e-01	4.154569e-09	-1.933176e-15	5.743000e-02
1	87	NOE	7.784960e-01	7.784960e-01	6.273234e-09	0.000000e+00	6.110600e-02
1	88	NOE	7.788210e-01	7.788210e-01	6.297345e-09	0.000000e+00	5.580300e-02
1	90	NOE	8.182250e-01	8.182250e-01	2.316423e-08	0.000000e+00	6.349500e-02
1	91	NOE	7.863480e-01	7.863480e-01	6.946122e-09	0.000000e+00	7.313000e-02
1	92	NOE	7.592090e-01	7.592090e-01	5.199920e-09	-2.367565e-08	7.727400e-02
1	95	NOE	8.298720e-01	8.213975e-01	4.222228e-05	8.663236e-02	9.782100e-02
1	96	NOE	7.968320e-01	7.968320e-01	8.306046e-09	0.000000e+00	7.188900e-02
1	97	NOE	7.169100e-01	7.169100e-01	3.993789e-09	-1.589644e-15	6.984100e-02
1	98	NOE	7.514190e-01	7.514190e-01	4.897951e-09	-1.816940e-15	6.110400e-02
1	100	NOE	6.991250e-01	6.991250e-01	3.684972e-09	-1.857026e-15	5.978500e-02
1	101	NOE	6.483880e-01	6.483880e-01	3.081131e-09	3.606259e-15	6.157200e-02
1	102	NOE	6.964090e-01	6.964090e-01	3.643663e-09	2.114106e-15	5.251500e-02
1	103	NOE	6.307990e-01	6.307990e-01	2.929971e-09	1.928107e-15	5.758100e-02
1	104	NOE	7.344750e-01	7.344750e-01	4.386889e-09	0.000000e+00	4.117500e-02
1	107	NOE	6.913950e-01	6.913950e-01	3.570803e-09	-3.878915e-15	5.724400e-02
1	108	NOE	6.020120e-01	6.020120e-01	2.722491e-09	-1.967748e-15	5.642100e-02
1	110	NOE	7.218930e-01	7.218930e-01	4.094725e-09	-1.818130e-15	6.106400e-02
1	111	NOE	7.598360e-01	7.598360e-01	5.226676e-09	0.000000e+00	6.304100e-02
1	112	NOE	6.177500e-01	6.177500e-01	2.830554e-09	0.000000e+00	8.428700e-02
1	113	NOE	8.466530e-01	8.213975e-01	2.340742e-05	2.475201e-01	1.020340e-01
1	115	NOE	4.398490e-01	4.398490e-01	2.027720e-09	-1.619944e-15	1.028020e-01
1	116	NOE	8.634690e-01	8.213975e-01	3.080716e-05	5.936428e-01	7.087000e-02
1	117	NOE	6.236830e-01	6.236830e-01	2.874552e-09	-2.419208e-15	4.589200e-02
1	118	NOE	7.024970e-01	7.024970e-01	3.738197e-09	-6.776496e-08	5.100400e-02
1	119	NOE	6.803130e-01	6.803130e-01	3.423650e-09	2.216810e-15	5.008200e-02
1	120	NOE	6.713230e-01	6.713230e-01	3.316338e-09	1.948307e-15	5.698400e-02
1	121	NOE	6.632850e-01	6.632850e-01	3.228165e-09	2.384244e-15	4.656500e-02
1	122	NOE	7.309090e-01	7.309090e-01	4.297964e-09	0.000000e+00	6.562400e-02
1	123	NOE	7.182490e-01	7.182490e-01	4.020197e-09	-1.747612e-15	6.352800e-02
1	124	NOE	6.535510e-01	6.535510e-01	3.129894e-09	0.000000e+00	6.784600e-02
1	126	NOE	7.561730e-01	7.561730e-01	5.075841e-09	-2.527355e-08	7.587400e-02
1	127	NOE	6.712800e-01	6.712800e-01	3.315848e-09	1.842571e-15	6.025400e-02
1	128	NOE	7.366440e-01	7.366440e-01	4.443684e-09	-1.880937e-15	5.902500e-02
1	129	NOE	6.915240e-01	6.915240e-01	3.572625e-09	0.000000e+00	6.621400e-02
1	130	NOE	6.564130e-01	6.564130e-01	3.157894e-09	5.863131e-15	5.680700e-02
1	131	NOE	6.365430e-01	6.365430e-01	2.976986e-09	0.000000e+00	7.775600e-02
1	132	NOE	7.597240e-01	7.597240e-01	5.221867e-09	0.000000e+00	5.339200e-02
1	133	NOE	6.569530e-01	6.569530e-01	3.163258e-09	-2.128291e-15	5.216500e-02
1	134	NOE	8.006850e-01	8.006850e-01	9.049294e-09	0.000000e+00	6.130300e-02
1	135	NOE	7.202040e-01	7.202040e-01	4.059684e-09	-2.223604e-15	4.992900e-02
1	136	NOE	7.375150e-01	7.375150e-01	4.467105e-09	1.941357e-15	5.718800e-02
1	137	NOE	7.416290e-01	7.416290e-01	4.582835e-09	0.000000e+00	5.629800e-02
1	138	NOE	6.451340e-01	6.451340e-01	3.051491e-09	1.874743e-15	5.922000e-02


2	3	R1	1.637970e+00	1.637970e+00	1.087369e-08	7.755662e-15	2.863000e-02
2	4	R1	1.808100e+00	1.808100e+00	9.655555e-09	-2.676849e-14	1.659000e-02
2	6	R1	2.047290e+00	2.047290e+00	8.240170e-09	0.000000e+00	3.174000e-02
2	7	R1	2.038290e+00	2.038290e+00	8.288495e-09	0.000000e+00	9.183000e-02
2	8	R1	1.929820e+00	1.929820e+00	8.899057e-09	-1.719943e-14	1.291000e-02
2	10	R1	1.907780e+00	1.907780e+00	9.030012e-09	0.000000e+00	1.476000e-02
2	13	R1	2.010550e+00	2.010550e+00	8.439587e-09	0.000000e+00	3.055000e-02
2	14	R1	1.844170e+00	1.844170e+00	9.422582e-09	-2.341008e-14	1.897000e-02
2	15	R1	1.965480e+00	1.965480e+00	8.692318e-09	0.000000e+00	2.863000e-02
2	17	R1	1.951960e+00	1.951960e+00	8.769972e-09	6.335081e-15	3.505000e-02
2	18	R1	2.034430e+00	2.034430e+00	8.309324e-09	0.000000e+00	3.501000e-02
2	19	R1	1.993480e+00	1.993480e+00	8.534224e-09	2.210499e-14	2.009000e-02
2	20	R1	2.017390e+00	2.017390e+00	8.402025e-09	-1.442316e-14	3.079000e-02
2	22	R1	2.077560e+00	2.077560e+00	8.080043e-09	0.000000e+00	2.390000e-02
2	23	R1	2.042650e+00	2.042650e+00	8.265042e-09	0.000000e+00	2.469000e-02
2	24	R1	2.094810e+00	2.094810e+00	7.990396e-09	0.000000e+00	4.367000e-02
2	25	R1	2.025920e+00	2.025920e+00	8.355466e-09	0.000000e+00	3.285000e-02
2	27	R1	2.034510e+00	2.034510e+00	8.308891e-09	0.000000e+00	2.291000e-02
2	30	R1	1.861700e+00	1.861700e+00	9.312139e-09	-6.116931e-15	3.630000e-02
2	31	R1	1.946160e+00	1.946160e+00	8.803555e-09	-1.280165e-14	3.469000e-02
2	33	R1	2.070210e+00	2.070210e+00	8.118590e-09	-1.386912e-14	3.202000e-02
2	34	R1	2.036530e+00	2.036530e+00	8.297984e-09	0.000000e+00	2.542000e-02
2	35	R1	2.014110e+00	2.014110e+00	8.420012e-09	0.000000e+00	3.613000e-02
2	36	R1	1.922160e+00	1.922160e+00	8.944288e-09	-2.087867e-14	2.127000e-02
2	38	R1	2.002810e+00	2.002810e+00	8.482338e-09	-1.575343e-14	2.819000e-02
2	39	R1	1.983600e+00	1.983600e+00	8.589597e-09	0.000000e+00	2.955000e-02
2	42	R1	1.925430e+00	1.925430e+00	8.924943e-09	1.858114e-14	2.390000e-02
2	43	R1	1.967830e+00	1.967830e+00	8.678910e-09	-1.951183e-14	2.276000e-02
2	45	R1	2.154290e+00	2.154290e+00	7.689662e-09	0.000000e+00	4.693000e-02
2	46	R1	2.030640e+00	2.030640e+00	8.329836e-09	1.013902e-14	4.380000e-02
2	47	R1	2.038130e+00	2.038130e+00	8.289357e-09	-1.463226e-14	3.035000e-02
2	51	R1	2.041470e+00	2.041470e+00	8.271382e-09	-2.354662e-14	1.886000e-02
2	55	R1	2.052530e+00	2.052530e+00	8.212188e-09	0.000000e+00	2.752000e-02
2	56	R1	1.915720e+00	1.915720e+00	8.982547e-09	-5.190990e-14	1.711000e-02
2	57	R1	1.905620e+00	1.905620e+00	9.042981e-09	3.037546e-14	2.193000e-02
2	58	R1	2.054720e+00	2.054720e+00	8.200526e-09	2.350922e-14	1.889000e-02
2	59	R1	2.025240e+00	2.025240e+00	8.359166e-09	-4.311546e-14	2.060000e-02
2	60	R1	2.016650e+00	2.016650e+00	8.406079e-09	1.090860e-14	4.071000e-02
2	61	R1	2.028130e+00	2.028130e+00	8.343453e-09	-2.161018e-14	2.055000e-02
2	62	R1	1.999850e+00	1.999850e+00	8.498757e-09	1.102505e-14	2.014000e-02
2	63	R1	1.921610e+00	1.921610e+00	8.947548e-09	6.584953e-15	3.372000e-02
2	64	R1	2.010000e+00	2.010000e+00	8.442616e-09	-4.011646e-14	2.214000e-02
2	65	R1	1.953810e+00	1.953810e+00	8.759294e-09	1.112448e-14	1.996000e-02
2	66	R1	1.993540e+00	1.993540e+00	8.533889e-09	8.687191e-15	2.556000e-02
2	67	R1	1.994160e+00	1.994160e+00	8.530429e-09	-1.288709e-14	5.169000e-02
2	68	R1	1.878750e+00	1.878750e+00	9.206396e-09	0.000000e+00	2.578000e-02
2	69	R1	2.051090e+00	2.051090e+00	8.219866e-09	-6.906520e-15	6.430000e-02
2	70	R1	1.993810e+00	1.993810e+00	8.532382e-09	-2.121783e-14	2.093000e-02
2	71	R1	2.107690e+00	2.107690e+00	7.924192e-09	-7.821226e-15	5.678000e-02
2	75	R1	1.989950e+00	1.989950e+00	8.553957e-09	-1.046393e-14	2.122000e-02
2	77	R1	1.922570e+00	1.922570e+00	8.941860e-09	-1.469521e-14	3.022000e-02
2	78	R1	2.116610e+00	2.116610e+00	7.878701e-09	-3.990378e-15	1.112900e-01
2	80	R1	1.526880e+00	1.526880e+00	1.179875e-08	0.000000e+00	2.340000e-02
2	82	R1	1.924340e+00	1.924340e+00	8.931386e-09	0.000000e+00	7.971000e-02
2	83	R1	1.998390e+00	1.998390e+00	8.506870e-09	-1.290957e-14	1.720000e-02
2	84	R1	1.985360e+00	1.985360e+00	8.579700e-09	-1.001103e-14	2.218000e-02
2	86	R1	1.993610e+00	1.993610e+00	8.533498e-09	6.982535e-14	1.272000e-02
2	87	R1	2.006760e+00	2.006760e+00	8.460488e-09	0.000000e+00	3.039000e-02
2	88	R1	2.021780e+00	2.021780e+00	8.378024e-09	-1.562044e-14	2.843000e-02
2	90	R1	1.945060e+00	1.945060e+00	8.809943e-09	1.331203e-14	1.668000e-02
2	91	R1	2.019270e+00	2.019270e+00	8.391737e-09	0.000000e+00	1.796000e-02
2	92	R1	2.061810e+00	2.061810e+00	8.162904e-09	7.857929e-07	2.925000e-02
2	95	R1	2.135380e+00	2.135380e+00	7.783911e-09	-5.086933e-15	8.730000e-02
2	96	R1	2.014590e+00	2.014590e+00	8.417377e-09	-2.649697e-14	1.676000e-02
2	97	R1	2.032980e+00	2.032980e+00	8.317164e-09	-1.394753e-14	3.184000e-02
2	98	R1	1.970660e+00	1.970660e+00	8.662797e-09	1.479804e-14	3.001000e-02
2	100	R1	2.068350e+00	2.068350e+00	8.128378e-09	-1.708693e-14	2.599000e-02
2	101	R1	1.979570e+00	1.979570e+00	8.612311e-09	0.000000e+00	1.860000e-02
2	102	R1	2.078590e+00	2.078590e+00	8.074658e-09	2.105686e-14	2.109000e-02
2	103	R1	2.061890e+00	2.061890e+00	8.162481e-09	6.354613e-07	3.617000e-02
2	104	R1	1.948430e+00	1.948430e+00	8.790392e-09	2.553215e-14	2.609000e-02
2	107	R1	2.027720e+00	2.027720e+00	8.345680e-09	-1.108007e-14	4.008000e-02
2	108	R1	2.006170e+00	2.006170e+00	8.463747e-09	3.054259e-14	1.454000e-02
2	110	R1	1.988130e+00	1.988130e+00	8.564153e-09	4.363798e-14	3.053000e-02
2	111	R1	2.014310e+00	2.014310e+00	8.418914e-09	0.000000e+00	3.565000e-02
2	112	R1	1.954540e+00	1.954540e+00	8.755086e-09	4.191894e-15	5.297000e-02
2	113	R1	1.736090e+00	1.736090e+00	1.014553e-08	-2.649697e-14	1.676000e-02
2	115	R1	1.934550e+00	1.934550e+00	8.871275e-09	-8.324852e-15	1.066900e-01
2	116	R1	2.019390e+00	2.019390e+00	8.391081e-09	3.329005e-14	1.334000e-02
2	117	R1	2.148820e+00	2.148820e+00	7.716799e-09	0.000000e+00	2.554000e-02
2	118	R1	2.078440e+00	2.078440e+00	8.075442e-09	0.000000e+00	1.980000e-02
2	119	R1	2.022840e+00	2.022840e+00	8.372241e-09	-1.955479e-14	2.271000e-02
2	120	R1	1.832190e+00	1.832190e+00	9.499090e-09	-1.456508e-14	3.049000e-02
2	121	R1	2.090130e+00	2.090130e+00	8.014606e-09	8.786577e-07	2.623000e-02
2	122	R1	1.983320e+00	1.983320e+00	8.591172e-09	0.000000e+00	2.672000e-02
2	123	R1	1.999030e+00	1.999030e+00	8.503312e-09	0.000000e+00	2.850000e-02
2	124	R1	2.006330e+00	2.006330e+00	8.462863e-09	-2.033376e-14	2.184000e-02
2	126	R1	2.091840e+00	2.091840e+00	8.005750e-09	8.165273e-07	2.823000e-02
2	127	R1	1.949050e+00	1.949050e+00	8.786801e-09	1.541976e-14	1.440000e-02
2	128	R1	2.065700e+00	2.065700e+00	8.142348e-09	0.000000e+00	1.691000e-02
2	129	R1	2.071700e+00	2.071700e+00	8.110759e-09	1.798660e-14	2.469000e-02
2	130	R1	1.953520e+00	1.953520e+00	8.760967e-09	-3.706922e-14	1.797000e-02
2	131	R1	2.077990e+00	2.077990e+00	8.077795e-09	7.064091e-07	3.259000e-02
2	132	R1	2.028190e+00	2.028190e+00	8.343128e-09	0.000000e+00	3.930000e-02
2	133	R1	2.057170e+00	2.057170e+00	8.187502e-09	3.056361e-14	1.453000e-02
2	134	R1	1.980770e+00	1.980770e+00	8.605539e-09	9.993007e-15	2.222000e-02
2	135	R1	2.001060e+00	2.001060e+00	8.492040e-09	1.520853e-14	2.920000e-02
2	136	R1	2.009480e+00	2.009480e+00	8.445481e-09	-1.385182e-14	3.206000e-02
2	137	R1	1.872190e+00	1.872190e+00	9.246888e-09	-1.752523e-14	2.534000e-02
2	138	R1	1.939220e+00	1.939220e+00	8.843955e-09	8.285246e-15	2.680000e-02


