0	3	R2	9.300300e+00	9.300300e+00	4.769567e-09	1.411263e-14	1.258700e-01
0	4	R2	1.000652e+01	1.000652e+01	5.193072e-09	1.974388e-14	8.997000e-02
0	6	R2	1.142601e+01	1.142601e+01	6.035218e-09	0.000000e+00	2.129400e-01
0	7	R2	9.638180e+00	9.638180e+00	4.972607e-09	0.000000e+00	8.332600e-01
0	8	R2	1.122758e+01	1.122758e+01	5.918134e-09	-1.717116e-14	2.069000e-01
0	10	R2	1.008866e+01	1.008866e+01	5.242117e-09	0.000000e+00	1.961300e-01
0	13	R2	1.146317e+01	1.146317e+01	6.057124e-09	3.629663e-15	4.894000e-01
0	14	R2	1.117065e+01	1.117065e+01	5.884506e-09	0.000000e+00	3.777500e-01
0	15	R2	1.341640e+01	1.341640e+01	7.200591e-09	0.000000e+00	2.387700e-01
0	17	R2	1.105871e+01	1.105871e+01	5.818339e-09	-4.899754e-15	3.625400e-01
0	18	R2	1.222590e+01	1.222590e+01	6.505400e-09	-8.189750e-15	2.169000e-01
0	19	R2	1.309191e+01	1.309191e+01	7.011590e-09	1.057513e-14	3.359500e-01
0	20	R2	1.129528e+01	1.129528e+01	5.958102e-09	6.709817e-15	2.647400e-01
0	22	R2	1.133088e+01	1.133088e+01	5.979110e-09	-1.626328e-14	2.184500e-01
0	23	R2	1.149423e+01	1.149423e+01	6.075429e-09	6.108307e-15	2.908100e-01
0	24	R2	1.138757e+01	1.138757e+01	6.012551e-09	0.000000e+00	1.563300e-01
0	25	R2	1.077595e+01	1.077595e+01	5.650915e-09	-7.071484e-15	2.512000e-01
0	27	R2	1.313070e+01	1.313070e+01	7.034201e-09	9.057962e-15	1.961100e-01
0	30	R2	1.086279e+01	1.086279e+01	5.702378e-09	-7.609153e-15	4.669000e-01
0	31	R2	1.059697e+01	1.059697e+01	5.544718e-09	0.000000e+00	2.982200e-01
0	33	R2	1.090836e+01	1.090836e+01	5.729368e-09	0.000000e+00	2.694900e-01
0	34	R2	1.163602e+01	1.163602e+01	6.158935e-09	7.557679e-15	2.350400e-01
0	35	R2	1.127451e+01	1.127451e+01	5.945842e-09	0.000000e+00	2.540200e-01
0	36	R2	1.029784e+01	1.029784e+01	5.366829e-09	0.000000e+00	2.339700e-01
0	38	R2	1.092622e+01	1.092622e+01	5.739943e-09	4.938028e-15	3.597300e-01
0	39	R2	1.091618e+01	1.091618e+01	5.733998e-09	0.000000e+00	4.264800e-01
0	42	R2	1.174611e+01	1.174611e+01	6.223709e-09	2.215655e-15	8.017300e-01
0	43	R2	1.089717e+01	1.089717e+01	5.722741e-09	0.000000e+00	4.620000e-01
0	45	R2	1.160640e+01	1.160640e+01	6.141498e-09	4.661131e-15	3.811000e-01
0	46	R2	1.254654e+01	1.254654e+01	6.693136e-09	-6.451972e-15	5.506400e-01
0	47	R2	1.123886e+01	1.123886e+01	5.924794e-09	-1.815944e-14	2.934600e-01
0	51	R2	1.121189e+01	1.121189e+01	5.908867e-09	0.000000e+00	4.061500e-01
0	55	R2	9.872920e+00	9.872920e+00	5.113210e-09	0.000000e+00	7.878100e-01
0	56	R2	1.053554e+01	1.053554e+01	5.508228e-09	-3.466603e-15	5.124200e-01
0	57	R2	1.022260e+01	1.022260e+01	5.322002e-09	0.000000e+00	3.055600e-01
0	58	R2	1.107738e+01	1.107738e+01	5.829379e-09	-4.978300e-15	3.568200e-01
0	59	R2	1.063286e+01	1.063286e+01	5.566027e-09	1.366744e-14	2.599400e-01
0	60	R2	1.126097e+01	1.126097e+01	5.937849e-09	4.890581e-15	3.632200e-01
0	61	R2	1.097795e+01	1.097795e+01	5.770563e-09	0.000000e+00	4.613900e-01
0	62	R2	1.123257e+01	1.123257e+01	5.921080e-09	-2.774517e-15	6.402400e-01
0	63	R2	1.011023e+01	1.011023e+01	5.254989e-09	0.000000e+00	7.521100e-01
0	64	R2	1.154110e+01	1.154110e+01	6.103043e-09	0.000000e+00	3.924600e-01
0	65	R2	1.135581e+01	1.135581e+01	5.993818e-09	-3.617614e-15	4.910300e-01
0	66	R2	1.108982e+01	1.108982e+01	5.836735e-09	0.000000e+00	5.342900e-01
0	67	R2	1.248468e+01	1.248468e+01	6.656948e-09	0.000000e+00	5.455500e-01
0	68	R2	1.128980e+01	1.128980e+01	5.954867e-09	0.000000e+00	5.418100e-01
0	69	R2	1.088647e+01	1.088647e+01	5.716404e-09	0.000000e+00	9.903500e-01
0	70	R2	1.022015e+01	1.022015e+01	5.320541e-09	0.000000e+00	5.818600e-01
0	71	R2	1.309305e+01	1.309305e+01	7.012254e-09	0.000000e+00	1.265980e+00
0	75	R2	1.057892e+01	1.057892e+01	5.533999e-09	0.000000e+00	5.248600e-01
0	77	R2	1.670263e+01	1.670263e+01	9.099220e-09	4.846813e-15	7.330000e-01
0	78	R2	1.098649e+01	1.098649e+01	5.775617e-09	-1.807132e-15	9.829700e-01
0	80	R2	9.200490e+00	9.200490e+00	4.709433e-09	-5.015973e-15	3.541400e-01
0	82	R2	9.848590e+00	9.848590e+00	5.098654e-09	-1.539798e-15	1.153630e+00
0	83	R2	1.079961e+01	1.079961e+01	5.664940e-09	-4.988785e-15	3.560700e-01
0	84	R2	1.213980e+01	1.213980e+01	6.454919e-09	-7.238913e-15	2.453900e-01
0	86	R2	1.132602e+01	1.132602e+01	5.976242e-09	0.000000e+00	2.188400e-01
0	87	R2	1.093500e+01	1.093500e+01	5.745141e-09	-7.956449e-15	2.232600e-01
0	88	R2	1.113334e+01	1.113334e+01	5.862460e-09	0.000000e+00	2.757800e-01
0	90	R2	1.191469e+01	1.191469e+01	6.322794e-09	0.000000e+00	2.101300e-01
0	91	R2	1.167660e+01	1.167660e+01	6.182817e-09	0.000000e+00	1.538800e-01
0	92	R2	1.363863e+01	1.363863e+01	7.329839e-09	0.000000e+00	2.001000e-01
0	95	R2	2.093131e+01	2.093131e+01	1.151568e-08	-2.023047e-15	1.756120e+00
0	96	R2	1.673376e+01	1.673376e+01	9.117098e-09	0.000000e+00	6.226800e-01
0	97	R2	1.140086e+01	1.140086e+01	6.020389e-09	0.000000e+00	4.448500e-01
0	98	R2	2.345729e+01	2.345729e+01	1.295074e-08	0.000000e+00	7.017300e-01
0	100	R2	1.179666e+01	1.179666e+01	6.253433e-09	0.000000e+00	1.731100e-01
0	101	R2	1.177963e+01	1.177963e+01	6.243421e-09	0.000000e+00	2.318200e-01
0	102	R2	1.179116e+01	1.179116e+01	6.250200e-09	0.000000e+00	3.297500e-01
0	103	R2	1.273273e+01	1.273273e+01	6.801975e-09	0.000000e+00	6.176700e-01
0	104	R2	1.062334e+01	1.062334e+01	5.560376e-09	0.000000e+00	3.825300e-01
0	107	R2	1.749167e+01	1.749167e+01	9.551888e-09	-9.937383e-15	3.575100e-01
0	108	R2	1.331988e+01	1.331988e+01	7.144407e-09	-4.016453e-15	4.422700e-01
0	110	R2	1.189380e+01	1.189380e+01	6.310523e-09	2.843126e-15	6.247900e-01
0	111	R2	1.141410e+01	1.141410e+01	6.028196e-09	-8.232132e-15	6.473500e-01
0	112	R2	1.031074e+01	1.031074e+01	5.374511e-09	0.000000e+00	1.009660e+00
0	113	R2	9.234740e+00	9.234740e+00	4.730076e-09	-2.448594e-15	7.254600e-01
0	115	R2	9.539170e+00	9.539170e+00	4.913192e-09	0.000000e+00	1.308770e+00
0	116	R2	1.040651e+01	1.040651e+01	5.431513e-09	8.722383e-15	4.073100e-01
0	117	R2	1.133609e+01	1.133609e+01	5.982184e-09	0.000000e+00	7.070700e-01
0	118	R2	1.122595e+01	1.122595e+01	5.917171e-09	-3.327695e-15	5.338100e-01
0	119	R2	1.128219e+01	1.128219e+01	5.950375e-09	0.000000e+00	3.789400e-01
0	120	R2	9.575300e+00	9.575300e+00	4.934881e-09	-4.426947e-15	4.012600e-01
0	121	R2	1.300272e+01	1.300272e+01	6.959580e-09	0.000000e+00	2.806000e-01
0	122	R2	1.114283e+01	1.114283e+01	5.868068e-09	0.000000e+00	1.116800e-01
0	123	R2	1.122272e+01	1.122272e+01	5.915264e-09	0.000000e+00	2.257500e-01
0	124	R2	1.141000e+01	1.141000e+01	6.025779e-09	9.385058e-15	3.785500e-01
0	126	R2	1.102148e+01	1.102148e+01	5.796319e-09	1.397441e-14	2.542300e-01
0	127	R2	1.080330e+01	1.080330e+01	5.667127e-09	1.534186e-14	2.315700e-01
0	128	R2	1.130799e+01	1.130799e+01	5.965603e-09	7.257842e-15	2.447500e-01
0	129	R2	1.080895e+01	1.080895e+01	5.670476e-09	0.000000e+00	1.878200e-01
0	130	R2	1.037084e+01	1.037084e+01	5.410289e-09	4.552660e-15	3.901800e-01
0	131	R2	1.215464e+01	1.215464e+01	6.463622e-09	0.000000e+00	2.393200e-01
0	132	R2	1.100662e+01	1.100662e+01	5.787528e-09	-1.453171e-14	2.444800e-01
0	133	R2	1.115744e+01	1.115744e+01	5.876701e-09	-7.415855e-15	4.790700e-01
0	134	R2	1.109748e+01	1.109748e+01	5.841263e-09	5.074435e-15	3.500600e-01
0	135	R2	1.106067e+01	1.106067e+01	5.819498e-09	3.657765e-15	4.856400e-01
0	136	R2	1.137974e+01	1.137974e+01	6.007933e-09	-1.637497e-14	3.254400e-01
0	137	R2	9.672000e+00	9.672000e+00	4.992887e-09	2.827783e-15	6.281800e-01
0	138	R2	1.057678e+01	1.057678e+01	5.532728e-09	0.000000e+00	3.730100e-01


1	3	NOE	7.037130e-01	7.037130e-01	1.466185e-09	1.071851e-14	1.035800e-02
1	4	NOE	7.521180e-01	7.521180e-01	1.746867e-09	-9.281249e-15	1.196200e-02
1	6	NOE	8.806210e-01	8.722859e-01	1.774119e-05	5.087344e-01	1.638400e-02
1	7	NOE	8.543860e-01	8.543860e-01	4.582044e-09	0.000000e+00	1.637700e-02
1	8	NOE	8.589150e-01	8.589150e-01	5.304412e-09	-6.755236e-15	1.643500e-02
1	10	NOE	8.266190e-01	8.266190e-01	2.859236e-09	0.000000e+00	1.448300e-02
1	13	NOE	8.515990e-01	8.515990e-01	4.260822e-09	0.000000e+00	1.338000e-02
1	14	NOE	7.947070e-01	7.947070e-01	2.185339e-09	0.000000e+00	1.392000e-02
1	15	NOE	7.866260e-01	7.866260e-01	2.077683e-09	0.000000e+00	1.316500e-02
1	17	NOE	8.720380e-01	8.720380e-01	3.901720e-08	0.000000e+00	1.730100e-02
1	18	NOE	8.688000e-01	8.688000e-01	1.040082e-08	0.000000e+00	1.361200e-02
1	19	NOE	8.195870e-01	8.195870e-01	2.659410e-09	0.000000e+00	1.736200e-02
1	20	NOE	8.566720e-01	8.566720e-01	4.907344e-09	0.000000e+00	1.664200e-02
1	22	NOE	8.324830e-01	8.324830e-01	3.064764e-09	-7.885667e-15	1.407900e-02
1	23	NOE	8.300060e-01	8.300060e-01	2.972755e-09	0.000000e+00	1.405400e-02
1	24	NOE	8.589440e-01	8.589440e-01	5.310192e-09	-9.258031e-15	1.199200e-02
1	25	NOE	8.293890e-01	8.293890e-01	2.951082e-09	-8.325008e-15	1.333600e-02
1	27	NOE	8.684900e-01	8.684900e-01	9.966713e-09	0.000000e+00	1.757000e-02
1	30	NOE	7.589230e-01	7.589230e-01	1.800021e-09	0.000000e+00	9.903000e-03
1	31	NOE	8.848830e-01	8.722859e-01	9.833607e-06	5.856668e-01	2.150900e-02
1	33	NOE	8.664450e-01	8.664450e-01	8.032754e-09	-7.371509e-15	1.506100e-02
1	34	NOE	8.762170e-01	8.722859e-01	1.014894e-05	2.815980e-01	1.396000e-02
1	35	NOE	8.386000e-01	8.386000e-01	3.333854e-09	0.000000e+00	1.870000e-02
1	36	NOE	8.395350e-01	8.395350e-01	3.381484e-09	-8.310053e-15	1.336000e-02
1	38	NOE	8.402000e-01	8.402000e-01	3.416616e-09	0.000000e+00	1.582100e-02
1	39	NOE	8.257640e-01	8.257640e-01	2.832551e-09	-8.615991e-08	1.591500e-02
1	42	NOE	8.541150e-01	8.541150e-01	4.547602e-09	0.000000e+00	1.453000e-02
1	43	NOE	8.214360e-01	8.214360e-01	2.707927e-09	0.000000e+00	1.961600e-02
1	45	NOE	8.848850e-01	8.722859e-01	1.573566e-05	8.678863e-01	1.451700e-02
1	46	NOE	8.278020e-01	8.278020e-01	2.897414e-09	0.000000e+00	2.444400e-02
1	47	NOE	8.711570e-01	8.711570e-01	1.828179e-08	0.000000e+00	1.744900e-02
1	51	NOE	8.434650e-01	8.434650e-01	3.606351e-09	0.000000e+00	1.806500e-02
1	55	NOE	7.954400e-01	7.954400e-01	2.195930e-09	-7.934699e-15	1.399200e-02
1	56	NOE	8.011720e-01	8.011720e-01	2.284287e-09	-1.021646e-14	1.086700e-02
1	57	NOE	8.004810e-01	8.004810e-01	2.273081e-09	0.000000e+00	1.326400e-02
1	58	NOE	8.332620e-01	8.332620e-01	3.095489e-09	-8.168209e-15	1.359200e-02
1	59	NOE	8.607260e-01	8.607260e-01	5.706024e-09	7.627778e-15	1.455500e-02
1	60	NOE	8.476870e-01	8.476870e-01	3.905546e-09	-6.615558e-15	1.678200e-02
1	61	NOE	8.826270e-01	8.722859e-01	1.818624e-05	5.716160e-01	1.809100e-02
1	62	NOE	8.448800e-01	8.448800e-01	3.698902e-09	0.000000e+00	1.345500e-02
1	63	NOE	8.340450e-01	8.340450e-01	3.127311e-09	0.000000e+00	1.893100e-02
1	64	NOE	8.388150e-01	8.388150e-01	3.344630e-09	-6.242820e-15	1.778400e-02
1	65	NOE	8.230430e-01	8.230430e-01	2.752286e-09	-1.061466e-07	1.366500e-02
1	66	NOE	8.372880e-01	8.372880e-01	3.270257e-09	0.000000e+00	1.331100e-02
1	67	NOE	8.378470e-01	8.378470e-01	3.296910e-09	0.000000e+00	1.678000e-02
1	68	NOE	8.120790e-01	8.120790e-01	2.485838e-09	-1.075172e-14	1.032600e-02
1	69	NOE	8.800910e-01	8.722859e-01	1.345761e-05	4.750232e-01	1.643100e-02
1	70	NOE	8.434840e-01	8.434840e-01	3.607549e-09	0.000000e+00	1.459500e-02
1	71	NOE	8.732930e-01	8.722859e-01	2.035571e-05	5.828827e-02	1.727800e-02
1	75	NOE	8.179560e-01	8.179560e-01	2.618677e-09	0.000000e+00	1.491900e-02
1	77	NOE	8.149700e-01	8.149700e-01	2.548641e-09	-7.300257e-15	1.520800e-02
1	78	NOE	8.655310e-01	8.655310e-01	7.468751e-09	0.000000e+00	1.917300e-02
1	80	NOE	7.716630e-01	7.716630e-01	1.913529e-09	0.000000e+00	1.121800e-02
1	82	NOE	8.063750e-01	8.063750e-01	2.374217e-09	5.358736e-15	2.071800e-02
1	83	NOE	8.364470e-01	8.364470e-01	3.231335e-09	0.000000e+00	1.598300e-02
1	84	NOE	8.504680e-01	8.504680e-01	4.148360e-09	-4.912858e-08	1.316700e-02
1	86	NOE	8.495810e-01	8.495810e-01	4.066094e-09	-5.495940e-08	1.224600e-02
1	87	NOE	8.789410e-01	8.722859e-01	1.604308e-05	3.949852e-01	1.684900e-02
1	88	NOE	8.601100e-01	8.601100e-01	5.559407e-09	0.000000e+00	1.411600e-02
1	90	NOE	8.549860e-01	8.549860e-01	4.661156e-09	7.091811e-15	1.565500e-02
1	91	NOE	8.432670e-01	8.432670e-01	3.593943e-09	0.000000e+00	2.173500e-02
1	92	NOE	8.727160e-01	8.722859e-01	1.946274e-05	2.264663e-02	1.899200e-02
1	95	NOE	9.105380e-01	8.722859e-01	1.105680e-05	8.642591e-01	4.426000e-02
1	96	NOE	8.818830e-01	8.722859e-01	1.742833e-05	4.042759e-01	2.373900e-02
1	97	NOE	8.733480e-01	8.722859e-01	1.378630e-05	5.479292e-02	1.938400e-02
1	98	NOE	8.488040e-01	8.488040e-01	3.997887e-09	-5.764697e-15	1.925900e-02
1	100	NOE	8.853180e-01	8.722859e-01	2.112751e-05	7.103900e-01	1.834500e-02
1	101	NOE	8.434300e-01	8.434300e-01	3.604149e-09	0.000000e+00	1.741900e-02
1	102	NOE	8.454670e-01	8.454670e-01	3.739423e-09	-6.811184e-15	1.630000e-02
1	103	NOE	8.284660e-01	8.284660e-01	2.919515e-09	7.343231e-15	1.511900e-02
1	104	NOE	8.550020e-01	8.550020e-01	4.663322e-09	0.000000e+00	1.244400e-02
1	107	NOE	8.526790e-01	8.526790e-01	4.377158e-09	0.000000e+00	2.050700e-02
1	108	NOE	8.459330e-01	8.459330e-01	3.772549e-09	0.000000e+00	1.494900e-02
1	110	NOE	8.934490e-01	8.722859e-01	2.071186e-05	1.163064e+00	1.819600e-02
1	111	NOE	8.357910e-01	8.357910e-01	3.201912e-09	0.000000e+00	1.417700e-02
1	112	NOE	8.272450e-01	8.272450e-01	2.879252e-09	-6.045392e-08	2.196800e-02
1	113	NOE	7.944680e-01	7.944680e-01	2.181917e-09	0.000000e+00	1.802200e-02
1	115	NOE	7.669700e-01	7.669700e-01	1.869346e-09	0.000000e+00	2.657600e-02
1	116	NOE	8.331690e-01	8.331690e-01	3.091773e-09	-7.359294e-15	1.508600e-02
1	117	NOE	8.551620e-01	8.551620e-01	4.685147e-09	8.461421e-15	1.312100e-02
1	118	NOE	8.462790e-01	8.462790e-01	3.797718e-09	0.000000e+00	1.305300e-02
1	119	NOE	8.475670e-01	8.475670e-01	3.895999e-09	0.000000e+00	1.503700e-02
1	120	NOE	7.359840e-01	7.359840e-01	1.637003e-09	0.000000e+00	1.323900e-02
1	121	NOE	8.473670e-01	8.473670e-01	3.880240e-09	0.000000e+00	1.186300e-02
1	122	NOE	8.544970e-01	8.544970e-01	4.596378e-09	-7.118183e-15	1.559700e-02
1	123	NOE	8.744970e-01	8.722859e-01	1.848125e-05	1.149821e-01	1.923000e-02
1	124	NOE	8.315100e-01	8.315100e-01	3.027626e-09	0.000000e+00	1.918200e-02
1	126	NOE	8.436240e-01	8.436240e-01	3.616409e-09	0.000000e+00	1.897400e-02
1	127	NOE	8.606410e-01	8.606410e-01	5.685104e-09	-7.305541e-15	1.519700e-02
1	128	NOE	8.567760e-01	8.567760e-01	4.923830e-09	0.000000e+00	1.456900e-02
1	129	NOE	8.596450e-01	8.596450e-01	5.455896e-09	0.000000e+00	1.620400e-02
1	130	NOE	8.424610e-01	8.424610e-01	3.544708e-09	0.000000e+00	1.733200e-02
1	131	NOE	8.555360e-01	8.555360e-01	4.737374e-09	0.000000e+00	1.793800e-02
1	132	NOE	8.417450e-01	8.417450e-01	3.502613e-09	0.000000e+00	1.209100e-02
1	133	NOE	8.273880e-01	8.273880e-01	2.883882e-09	0.000000e+00	1.267600e-02
1	134	NOE	8.455570e-01	8.455570e-01	3.745753e-09	9.189827e-15	1.208100e-02
1	135	NOE	8.464600e-01	8.464600e-01	3.811084e-09	0.000000e+00	1.243600e-02
1	136	NOE	8.640310e-01	8.640310e-01	6.754987e-09	0.000000e+00	1.380300e-02
1	137	NOE	8.223120e-01	8.223120e-01	2.731843e-09	-9.182227e-15	1.209100e-02
1	138	NOE	8.192280e-01	8.192280e-01	2.650284e-09	-8.325008e-15	1.333600e-02


2	3	R1	8.585500e-01	8.585500e-01	9.337965e-09	-6.050262e-14	3.670000e-03
2	4	R1	9.587400e-01	9.587400e-01	8.288069e-09	-2.040851e-14	5.440000e-03
2	6	R1	1.030080e+00	1.030080e+00	7.659457e-09	2.678463e-14	8.290000e-03
2	7	R1	8.644300e-01	8.644300e-01	9.269915e-09	0.000000e+00	3.915000e-02
2	8	R1	9.555300e-01	9.555300e-01	8.318442e-09	3.757100e-14	5.910000e-03
2	10	R1	9.137700e-01	9.137700e-01	8.732069e-09	0.000000e+00	1.103000e-02
2	13	R1	9.668700e-01	9.668700e-01	8.212000e-09	-6.652025e-15	1.669000e-02
2	14	R1	9.286500e-01	9.286500e-01	8.580617e-09	0.000000e+00	1.188000e-02
2	15	R1	9.532900e-01	9.532900e-01	8.339752e-09	-3.581365e-14	3.100000e-03
2	17	R1	9.493100e-01	9.493100e-01	8.377851e-09	-4.294867e-14	5.170000e-03
2	18	R1	1.037750e+00	1.037750e+00	7.596737e-09	0.000000e+00	6.940000e-03
2	19	R1	1.020360e+00	1.020360e+00	7.740214e-09	-2.220446e-14	1.000000e-02
2	20	R1	1.005540e+00	1.005540e+00	7.866173e-09	3.616362e-14	6.140000e-03
2	22	R1	9.882100e-01	9.882100e-01	8.017987e-09	-3.246266e-14	6.840000e-03
2	23	R1	9.742400e-01	9.742400e-01	8.144085e-09	0.000000e+00	5.730000e-03
2	24	R1	9.916400e-01	9.916400e-01	7.987541e-09	-5.108388e-14	6.520000e-03
2	25	R1	9.455600e-01	9.455600e-01	8.414028e-09	1.506408e-14	7.370000e-03
2	27	R1	1.018060e+00	1.018060e+00	7.759536e-09	0.000000e+00	8.580000e-03
2	30	R1	9.263900e-01	9.263900e-01	8.603321e-09	2.176908e-14	1.020000e-02
2	31	R1	9.152600e-01	9.152600e-01	8.716692e-09	-1.970227e-14	1.127000e-02
2	33	R1	9.298100e-01	9.298100e-01	8.569005e-09	-1.789239e-14	1.241000e-02
2	34	R1	9.831900e-01	9.831900e-01	8.062908e-09	0.000000e+00	6.680000e-03
2	35	R1	9.422200e-01	9.422200e-01	8.446480e-09	-1.237707e-14	8.970000e-03
2	36	R1	9.006200e-01	9.006200e-01	8.869893e-09	0.000000e+00	8.190000e-03
2	38	R1	9.469400e-01	9.469400e-01	8.400683e-09	9.713237e-15	1.143000e-02
2	39	R1	8.867700e-01	8.867700e-01	9.019282e-09	8.967876e-15	1.238000e-02
2	42	R1	8.745800e-01	8.745800e-01	9.154517e-09	-6.060169e-15	1.832000e-02
2	43	R1	8.957600e-01	8.957600e-01	8.921810e-09	1.684709e-14	1.318000e-02
2	45	R1	1.019410e+00	1.019410e+00	7.748185e-09	1.787799e-14	1.242000e-02
2	46	R1	9.735800e-01	9.735800e-01	8.150127e-09	7.747544e-15	1.433000e-02
2	47	R1	9.651200e-01	9.651200e-01	8.228271e-09	-9.521638e-15	1.166000e-02
2	51	R1	9.133600e-01	9.133600e-01	8.736309e-09	0.000000e+00	1.659000e-02
2	55	R1	9.300100e-01	9.300100e-01	8.567005e-09	9.111391e-15	2.437000e-02
2	56	R1	9.423300e-01	9.423300e-01	8.445408e-09	-1.317772e-14	1.685000e-02
2	57	R1	9.020600e-01	9.020600e-01	8.854613e-09	1.414297e-14	7.850000e-03
2	58	R1	1.002000e+00	1.002000e+00	7.896781e-09	-1.410703e-14	1.574000e-02
2	59	R1	9.945800e-01	9.945800e-01	7.961603e-09	-9.384810e-15	1.183000e-02
2	60	R1	9.439400e-01	9.439400e-01	8.429741e-09	1.171121e-14	9.480000e-03
2	61	R1	9.151100e-01	9.151100e-01	8.718238e-09	8.960638e-15	1.239000e-02
2	62	R1	9.281500e-01	9.281500e-01	8.585631e-09	7.562827e-15	1.468000e-02
2	63	R1	8.062700e-01	8.062700e-01	9.984998e-09	0.000000e+00	1.781000e-02
2	64	R1	9.356700e-01	9.356700e-01	8.510763e-09	0.000000e+00	1.025000e-02
2	65	R1	8.882100e-01	8.882100e-01	9.003542e-09	0.000000e+00	1.237000e-02
2	66	R1	9.428500e-01	9.428500e-01	8.440342e-09	-1.654580e-14	1.342000e-02
2	67	R1	9.204900e-01	9.204900e-01	8.663092e-09	-6.644064e-15	1.671000e-02
2	68	R1	8.459600e-01	8.459600e-01	9.486731e-09	8.609157e-07	1.370000e-02
2	69	R1	8.507800e-01	8.507800e-01	9.429276e-09	-5.262968e-15	4.219000e-02
2	70	R1	8.558700e-01	8.558700e-01	9.369279e-09	6.765527e-15	1.641000e-02
2	71	R1	9.183800e-01	9.183800e-01	8.684647e-09	4.640431e-15	4.785000e-02
2	75	R1	9.170000e-01	9.170000e-01	8.698795e-09	1.627893e-14	1.364000e-02
2	77	R1	9.351800e-01	9.351800e-01	8.515606e-09	-2.232352e-14	1.492000e-02
2	78	R1	8.567100e-01	8.567100e-01	9.359444e-09	2.923178e-15	3.798000e-02
2	80	R1	8.180800e-01	8.180800e-01	9.831858e-09	1.254489e-14	8.850000e-03
2	82	R1	8.294500e-01	8.294500e-01	9.688405e-09	2.762436e-15	4.019000e-02
2	83	R1	9.408600e-01	9.408600e-01	8.459757e-09	0.000000e+00	6.930000e-03
2	84	R1	1.001880e+00	1.001880e+00	7.897822e-09	-3.289550e-14	6.750000e-03
2	86	R1	1.025980e+00	1.025980e+00	7.693346e-09	-2.772092e-14	8.010000e-03
2	87	R1	9.675800e-01	9.675800e-01	8.205415e-09	-1.181088e-14	9.400000e-03
2	88	R1	9.580300e-01	9.580300e-01	8.294770e-09	0.000000e+00	5.100000e-03
2	90	R1	9.110800e-01	9.110800e-01	8.759953e-09	1.993219e-14	5.570000e-03
2	91	R1	1.010410e+00	1.010410e+00	7.824397e-09	0.000000e+00	7.500000e-03
2	92	R1	9.987700e-01	9.987700e-01	7.924887e-09	-2.883696e-14	3.850000e-03
2	95	R1	9.498200e-01	9.498200e-01	8.372952e-09	-2.326536e-15	4.772000e-02
2	96	R1	9.539500e-01	9.539500e-01	8.333463e-09	-8.353823e-15	1.329000e-02
2	97	R1	9.131100e-01	9.131100e-01	8.738896e-09	0.000000e+00	1.284000e-02
2	98	R1	9.307200e-01	9.307200e-01	8.559914e-09	0.000000e+00	8.710000e-03
2	100	R1	1.009230e+00	1.009230e+00	7.834485e-09	0.000000e+00	6.200000e-03
2	101	R1	9.218900e-01	9.218900e-01	8.648843e-09	1.312320e-14	8.460000e-03
2	102	R1	1.030130e+00	1.030130e+00	7.659045e-09	0.000000e+00	1.008000e-02
2	103	R1	9.941600e-01	9.941600e-01	7.965300e-09	5.737587e-15	1.935000e-02
2	104	R1	9.639100e-01	9.639100e-01	8.239554e-09	0.000000e+00	1.020000e-02
2	107	R1	1.002540e+00	1.002540e+00	7.892099e-09	2.754896e-14	8.060000e-03
2	108	R1	9.742700e-01	9.742700e-01	8.143810e-09	0.000000e+00	1.113000e-02
2	110	R1	8.966900e-01	8.966900e-01	8.911833e-09	-1.259470e-14	1.763000e-02
2	111	R1	8.951500e-01	8.951500e-01	8.928364e-09	1.510508e-14	1.470000e-02
2	112	R1	8.080700e-01	8.080700e-01	9.961378e-09	5.670189e-15	1.958000e-02
2	113	R1	7.241900e-01	7.241900e-01	1.118278e-08	-5.687618e-15	1.952000e-02
2	115	R1	7.583900e-01	7.583900e-01	1.065311e-08	2.477623e-15	4.481000e-02
2	116	R1	9.590700e-01	9.590700e-01	8.284957e-09	-7.583491e-15	1.464000e-02
2	117	R1	1.042960e+00	1.042960e+00	7.554628e-09	-8.707632e-15	2.550000e-02
2	118	R1	9.812700e-01	9.812700e-01	8.080204e-09	0.000000e+00	1.283000e-02
2	119	R1	9.554200e-01	9.554200e-01	8.319486e-09	9.816296e-15	1.131000e-02
2	120	R1	8.631700e-01	8.631700e-01	9.284422e-09	1.971977e-14	1.126000e-02
2	121	R1	1.075100e+00	1.075100e+00	7.303332e-09	-2.202823e-14	1.008000e-02
2	122	R1	9.733200e-01	9.733200e-01	8.152509e-09	4.089219e-14	5.430000e-03
2	123	R1	9.811700e-01	9.811700e-01	8.081107e-09	-1.257331e-14	8.830000e-03
2	124	R1	9.577600e-01	9.577600e-01	8.297321e-09	0.000000e+00	6.560000e-03
2	126	R1	1.000910e+00	1.000910e+00	7.906246e-09	2.079069e-14	1.068000e-02
2	127	R1	9.246400e-01	9.246400e-01	8.620974e-09	2.216014e-14	1.002000e-02
2	128	R1	1.005730e+00	1.005730e+00	7.864536e-09	-4.081702e-14	5.440000e-03
2	129	R1	9.688200e-01	9.688200e-01	8.193935e-09	4.684485e-14	4.740000e-03
2	130	R1	9.488200e-01	9.488200e-01	8.382563e-09	0.000000e+00	9.270000e-03
2	131	R1	1.014770e+00	1.014770e+00	7.787317e-09	0.000000e+00	6.540000e-03
2	132	R1	9.786800e-01	9.786800e-01	8.103638e-09	0.000000e+00	6.610000e-03
2	133	R1	9.850600e-01	9.850600e-01	8.046124e-09	0.000000e+00	1.212000e-02
2	134	R1	9.444800e-01	9.444800e-01	8.424498e-09	-2.701273e-14	8.220000e-03
2	135	R1	9.880200e-01	9.880200e-01	8.019679e-09	1.058363e-14	1.049000e-02
2	136	R1	9.621700e-01	9.621700e-01	8.255827e-09	0.000000e+00	1.012000e-02
2	137	R1	8.623900e-01	8.623900e-01	9.293423e-09	-4.059316e-15	2.735000e-02
2	138	R1	9.629500e-01	9.629500e-01	8.248525e-09	2.711167e-14	8.190000e-03


