0	3	R2	8.091210e+00	8.091210e+00	5.061923e-09	0.000000e+00	5.049000e-02
0	4	R2	8.759420e+00	8.759420e+00	5.600729e-09	-7.161767e-14	7.441000e-02
0	6	R2	9.570280e+00	9.570280e+00	6.248955e-09	-4.081812e-07	2.867600e-01
0	7	R2	1.023625e+01	1.023625e+01	6.776676e-09	2.580414e-14	6.884000e-02
0	8	R2	9.611910e+00	9.611910e+00	6.282065e-09	0.000000e+00	8.487000e-02
0	10	R2	9.194070e+00	9.194070e+00	5.948990e-09	-1.068552e-06	1.038100e-01
0	13	R2	1.001169e+01	1.001169e+01	6.599191e-09	0.000000e+00	8.177000e-02
0	14	R2	9.302670e+00	9.302670e+00	6.035720e-09	1.523201e-14	1.166200e-01
0	15	R2	1.040746e+01	1.040746e+01	6.911693e-09	1.378303e-14	1.288800e-01
0	17	R2	9.722400e+00	9.722400e+00	6.369861e-09	9.914365e-15	1.791700e-01
0	18	R2	1.025207e+01	1.025207e+01	6.789163e-09	2.846270e-14	6.241000e-02
0	19	R2	1.007227e+01	1.007227e+01	6.647116e-09	-2.770363e-14	1.282400e-01
0	20	R2	9.924700e+00	9.924700e+00	6.530313e-09	1.227274e-14	1.447400e-01
0	22	R2	9.711310e+00	9.711310e+00	6.361054e-09	-3.524867e-14	1.007900e-01
0	23	R2	1.004158e+01	1.004158e+01	6.622841e-09	0.000000e+00	1.588800e-01
0	24	R2	9.480930e+00	9.480930e+00	6.177837e-09	0.000000e+00	1.384200e-01
0	25	R2	9.715880e+00	9.715880e+00	6.364683e-09	0.000000e+00	8.669000e-02
0	27	R2	1.059991e+01	1.059991e+01	7.063155e-09	-7.567338e-15	2.347400e-01
0	30	R2	8.808650e+00	8.808650e+00	5.640265e-09	0.000000e+00	1.199600e-01
0	31	R2	9.404210e+00	9.404210e+00	6.116710e-09	1.422907e-14	1.248400e-01
0	33	R2	9.577690e+00	9.577690e+00	6.254850e-09	-9.853744e-07	1.189100e-01
0	34	R2	9.662310e+00	9.662310e+00	6.322128e-09	-4.471096e-07	2.651500e-01
0	35	R2	1.023430e+01	1.023430e+01	6.775137e-09	-7.235669e-15	2.455000e-01
0	36	R2	9.339810e+00	9.339810e+00	6.065355e-09	-3.288027e-14	1.080500e-01
0	38	R2	9.631080e+00	9.631080e+00	6.297306e-09	-6.176956e-07	1.911000e-01
0	39	R2	9.714350e+00	9.714350e+00	6.363468e-09	-1.067009e-14	1.664800e-01
0	42	R2	1.051848e+01	1.051848e+01	6.999107e-09	0.000000e+00	2.339000e-01
0	43	R2	9.938380e+00	9.938380e+00	6.541149e-09	-1.040082e-14	1.707900e-01
0	45	R2	9.757520e+00	9.757520e+00	6.397744e-09	8.503384e-15	2.089000e-01
0	46	R2	9.993660e+00	9.993660e+00	6.584920e-09	0.000000e+00	8.865000e-02
0	47	R2	9.900080e+00	9.900080e+00	6.510806e-09	0.000000e+00	1.494000e-01
0	51	R2	9.994670e+00	9.994670e+00	6.585720e-09	-1.784566e-14	1.990800e-01
0	55	R2	9.477750e+00	9.477750e+00	6.175304e-09	0.000000e+00	1.983700e-01
0	56	R2	8.978170e+00	8.978170e+00	5.776228e-09	-2.284703e-14	7.775000e-02
0	57	R2	8.821170e+00	8.821170e+00	5.650316e-09	0.000000e+00	1.344900e-01
0	58	R2	9.829640e+00	9.829640e+00	6.454965e-09	1.167120e-14	1.522000e-01
0	59	R2	9.549350e+00	9.549350e+00	6.232303e-09	-9.772151e-07	1.194300e-01
0	60	R2	1.000114e+01	1.000114e+01	6.590841e-09	-1.995682e-14	8.901000e-02
0	61	R2	1.007102e+01	1.007102e+01	6.646128e-09	2.081099e-14	2.560700e-01
0	62	R2	9.903280e+00	9.903280e+00	6.513342e-09	9.397222e-15	1.890300e-01
0	63	R2	9.733590e+00	9.733590e+00	6.378746e-09	0.000000e+00	2.172800e-01
0	64	R2	1.026902e+01	1.026902e+01	6.802539e-09	0.000000e+00	1.669500e-01
0	65	R2	9.915230e+00	9.915230e+00	6.522810e-09	-9.909388e-15	1.792600e-01
0	66	R2	1.002926e+01	1.002926e+01	6.613094e-09	-1.061906e-14	1.672800e-01
0	67	R2	1.067834e+01	1.067834e+01	7.124790e-09	0.000000e+00	1.765100e-01
0	68	R2	9.445670e+00	9.445670e+00	6.149750e-09	-4.450520e-07	2.584400e-01
0	69	R2	1.082486e+01	1.082486e+01	7.239797e-09	-8.755702e-15	2.028800e-01
0	70	R2	9.925220e+00	9.925220e+00	6.530724e-09	-1.963585e-14	1.809300e-01
0	71	R2	1.208374e+01	1.208374e+01	8.221102e-09	-6.989953e-15	2.541300e-01
0	75	R2	9.667970e+00	9.667970e+00	6.326625e-09	2.800500e-14	1.268600e-01
0	77	R2	1.293444e+01	1.293444e+01	8.878160e-09	-1.079567e-06	1.591800e-01
0	78	R2	1.096412e+01	1.096412e+01	7.348942e-09	-6.059549e-15	2.931500e-01
0	80	R2	7.859390e+00	7.859390e+00	4.874145e-09	5.620315e-15	1.580300e-01
0	82	R2	1.064746e+01	1.064746e+01	7.100529e-09	5.315251e-15	3.342000e-01
0	83	R2	9.559900e+00	9.559900e+00	6.240697e-09	2.536928e-14	7.002000e-02
0	84	R2	1.005148e+01	1.005148e+01	6.630673e-09	1.119741e-14	1.586400e-01
0	86	R2	9.438730e+00	9.438730e+00	6.144221e-09	0.000000e+00	1.140700e-01
0	87	R2	9.991810e+00	9.991810e+00	6.583456e-09	0.000000e+00	1.009800e-01
0	88	R2	9.757950e+00	9.757950e+00	6.398085e-09	-1.497266e-14	1.186400e-01
0	90	R2	1.025356e+01	1.025356e+01	6.790339e-09	-8.888451e-15	1.998500e-01
0	91	R2	9.928130e+00	9.928130e+00	6.533030e-09	-3.339644e-14	1.063800e-01
0	92	R2	1.034845e+01	1.034845e+01	6.865187e-09	2.275922e-14	1.561000e-01
0	95	R2	1.358696e+01	1.358696e+01	9.379350e-09	0.000000e+00	2.817700e-01
0	96	R2	1.213031e+01	1.213031e+01	8.257188e-09	-8.652072e-15	2.053100e-01
0	97	R2	9.915450e+00	9.915450e+00	6.522984e-09	0.000000e+00	1.583200e-01
0	98	R2	1.536289e+01	1.536289e+01	1.073332e-08	2.673223e-14	2.658000e-01
0	100	R2	9.968780e+00	9.968780e+00	6.565223e-09	0.000000e+00	1.331800e-01
0	101	R2	1.051604e+01	1.051604e+01	6.997187e-09	1.023719e-14	1.735200e-01
0	102	R2	9.862530e+00	9.862530e+00	6.481044e-09	1.090793e-14	1.628500e-01
0	103	R2	1.103905e+01	1.103905e+01	7.407605e-09	0.000000e+00	1.613500e-01
0	104	R2	9.263340e+00	9.263340e+00	6.004324e-09	-9.630602e-07	1.163500e-01
0	107	R2	1.484962e+01	1.484962e+01	1.034335e-08	0.000000e+00	2.183000e-01
0	108	R2	1.103437e+01	1.103437e+01	7.403942e-09	-3.669022e-14	9.683000e-02
0	110	R2	1.044056e+01	1.044056e+01	6.937766e-09	0.000000e+00	1.365700e-01
0	111	R2	1.005369e+01	1.005369e+01	6.632421e-09	1.011362e-14	1.756400e-01
0	112	R2	1.018876e+01	1.018876e+01	6.739180e-09	0.000000e+00	2.012700e-01
0	113	R2	9.709360e+00	9.709360e+00	6.359505e-09	3.922616e-14	9.057000e-02
0	115	R2	1.040768e+01	1.040768e+01	6.911866e-09	-9.599853e-15	3.700800e-01
0	116	R2	9.520060e+00	9.520060e+00	6.208992e-09	-2.102571e-14	1.689700e-01
0	117	R2	1.055748e+01	1.055748e+01	7.029789e-09	-1.500935e-14	1.183500e-01
0	118	R2	9.630300e+00	9.630300e+00	6.296686e-09	0.000000e+00	8.763000e-02
0	119	R2	1.015109e+01	1.015109e+01	6.709422e-09	1.423933e-14	1.247500e-01
0	120	R2	8.465860e+00	8.465860e+00	5.364504e-09	0.000000e+00	1.394600e-01
0	121	R2	1.051108e+01	1.051108e+01	6.993283e-09	2.114962e-14	8.399000e-02
0	122	R2	9.621810e+00	9.621810e+00	6.289936e-09	-1.189491e-06	9.911000e-02
0	123	R2	1.005913e+01	1.005913e+01	6.636724e-09	0.000000e+00	9.570000e-02
0	124	R2	9.381090e+00	9.381090e+00	6.098278e-09	-8.680604e-07	1.312900e-01
0	126	R2	9.616200e+00	9.616200e+00	6.285476e-09	-8.127987e-07	1.449300e-01
0	127	R2	9.626450e+00	9.626450e+00	6.293625e-09	0.000000e+00	7.628000e-02
0	128	R2	9.940140e+00	9.940140e+00	6.542543e-09	0.000000e+00	1.105200e-01
0	129	R2	9.436280e+00	9.436280e+00	6.142268e-09	-4.121956e-14	8.619000e-02
0	130	R2	9.117290e+00	9.117290e+00	5.887602e-09	-9.262719e-07	1.184100e-01
0	131	R2	1.044494e+01	1.044494e+01	6.941215e-09	1.208242e-14	1.470200e-01
0	132	R2	9.609000e+00	9.609000e+00	6.279751e-09	0.000000e+00	1.355100e-01
0	133	R2	9.893240e+00	9.893240e+00	6.505386e-09	-6.540583e-15	2.715900e-01
0	134	R2	9.594590e+00	9.594590e+00	6.268292e-09	0.000000e+00	8.263000e-02
0	135	R2	9.867490e+00	9.867490e+00	6.484976e-09	-4.407287e-14	8.061000e-02
0	136	R2	9.819400e+00	9.819400e+00	6.446843e-09	-1.050850e-14	1.690400e-01
0	137	R2	9.338420e+00	9.338420e+00	6.064246e-09	-4.352644e-07	2.602400e-01
0	138	R2	9.213270e+00	9.213270e+00	5.964332e-09	0.000000e+00	7.949000e-02


1	3	NOE	6.892510e-01	6.892510e-01	2.704698e-09	-2.972803e-15	3.734600e-02
1	4	NOE	6.780470e-01	6.780470e-01	2.602792e-09	9.074156e-15	3.670500e-02
1	6	NOE	7.530130e-01	7.530130e-01	3.637044e-09	0.000000e+00	4.239000e-02
1	7	NOE	7.626780e-01	7.626780e-01	3.878360e-09	0.000000e+00	4.943400e-02
1	8	NOE	8.092580e-01	8.092580e-01	6.582063e-09	0.000000e+00	4.988600e-02
1	10	NOE	7.930080e-01	7.930080e-01	5.121531e-09	-2.589019e-15	4.288200e-02
1	13	NOE	8.292050e-01	8.292050e-01	1.449403e-08	0.000000e+00	4.363300e-02
1	14	NOE	7.355510e-01	7.355510e-01	3.294010e-09	-5.658196e-15	3.924300e-02
1	15	NOE	6.609530e-01	6.609530e-01	2.466564e-09	-2.771746e-15	4.005500e-02
1	17	NOE	6.732480e-01	6.732480e-01	2.562393e-09	-2.459347e-15	4.514300e-02
1	18	NOE	8.157800e-01	8.157800e-01	7.652945e-09	-2.657435e-15	4.177800e-02
1	19	NOE	8.395600e-01	8.344152e-01	1.864169e-05	9.514880e-02	5.407100e-02
1	20	NOE	7.692140e-01	7.692140e-01	4.070979e-09	0.000000e+00	4.738100e-02
1	22	NOE	8.172220e-01	8.172220e-01	7.968637e-09	0.000000e+00	4.555600e-02
1	23	NOE	8.183120e-01	8.183120e-01	8.234871e-09	0.000000e+00	4.319000e-02
1	24	NOE	7.543090e-01	7.543090e-01	3.666861e-09	-3.324220e-15	3.339800e-02
1	25	NOE	7.662010e-01	7.662010e-01	3.978763e-09	-2.843955e-15	3.903800e-02
1	27	NOE	8.274990e-01	8.274990e-01	1.257778e-08	0.000000e+00	5.591300e-02
1	30	NOE	6.313310e-01	6.313310e-01	2.272115e-09	0.000000e+00	2.951800e-02
1	31	NOE	8.219490e-01	8.219490e-01	9.362982e-09	0.000000e+00	5.598600e-02
1	33	NOE	8.243560e-01	8.243560e-01	1.042583e-08	-5.750393e-09	5.202200e-02
1	34	NOE	7.305380e-01	7.305380e-01	3.211794e-09	2.994775e-15	3.707200e-02
1	35	NOE	8.278130e-01	8.278130e-01	1.287383e-08	1.830511e-15	6.065100e-02
1	36	NOE	7.878270e-01	7.878270e-01	4.825678e-09	0.000000e+00	3.987800e-02
1	38	NOE	7.742920e-01	7.742920e-01	4.241732e-09	0.000000e+00	4.822900e-02
1	39	NOE	8.358950e-01	8.344152e-01	2.245098e-05	2.665087e-02	5.552500e-02
1	42	NOE	7.453330e-01	7.453330e-01	3.473841e-09	0.000000e+00	4.209100e-02
1	43	NOE	7.378680e-01	7.378680e-01	3.334140e-09	4.505958e-15	4.927800e-02
1	45	NOE	7.486820e-01	7.486820e-01	3.542326e-09	2.755511e-15	4.029100e-02
1	46	NOE	8.213610e-01	8.213610e-01	9.149111e-09	0.000000e+00	5.852800e-02
1	47	NOE	8.292000e-01	8.292000e-01	1.448708e-08	-2.067223e-15	5.370600e-02
1	51	NOE	7.629860e-01	7.629860e-01	3.886842e-09	-1.670463e-15	6.646200e-02
1	55	NOE	8.448670e-01	8.344152e-01	2.050097e-05	2.212815e-01	4.723300e-02
1	56	NOE	7.876190e-01	7.876190e-01	4.814834e-09	-3.918273e-08	3.523900e-02
1	57	NOE	7.737340e-01	7.737340e-01	4.221931e-09	2.407092e-15	4.612300e-02
1	58	NOE	7.924460e-01	7.924460e-01	5.086819e-09	0.000000e+00	4.326800e-02
1	59	NOE	7.849370e-01	7.849370e-01	4.681172e-09	-3.294765e-08	4.428400e-02
1	60	NOE	7.696100e-01	7.696100e-01	4.083572e-09	0.000000e+00	4.403500e-02
1	61	NOE	7.601150e-01	7.601150e-01	3.809826e-09	0.000000e+00	4.691700e-02
1	62	NOE	7.743630e-01	7.743630e-01	4.244271e-09	0.000000e+00	4.290100e-02
1	63	NOE	8.398120e-01	8.344152e-01	2.711556e-05	1.031083e-01	5.234100e-02
1	64	NOE	8.591240e-01	8.344152e-01	2.115645e-05	4.496186e-01	5.495500e-02
1	65	NOE	8.698940e-01	8.344152e-01	1.571998e-05	7.117253e-01	4.984900e-02
1	66	NOE	8.194660e-01	8.194660e-01	8.547859e-09	2.724139e-15	4.075500e-02
1	67	NOE	8.008820e-01	8.008820e-01	5.695957e-09	0.000000e+00	4.411500e-02
1	68	NOE	7.658320e-01	7.658320e-01	3.967888e-09	0.000000e+00	3.406600e-02
1	69	NOE	7.857730e-01	7.857730e-01	4.721652e-09	-2.907169e-08	4.934900e-02
1	70	NOE	7.514710e-01	7.514710e-01	3.602477e-09	0.000000e+00	4.602100e-02
1	71	NOE	8.231420e-01	8.231420e-01	9.847201e-09	-2.278830e-15	4.871900e-02
1	75	NOE	7.911140e-01	7.911140e-01	5.007254e-09	-2.175799e-15	5.102600e-02
1	77	NOE	8.618960e-01	8.344152e-01	1.367568e-05	5.191520e-01	5.293400e-02
1	78	NOE	7.986420e-01	7.986420e-01	5.513420e-09	0.000000e+00	6.249000e-02
1	80	NOE	8.349050e-01	8.344152e-01	3.924301e-05	9.806553e-03	4.994500e-02
1	82	NOE	7.802260e-01	7.802260e-01	4.470800e-09	0.000000e+00	6.374600e-02
1	83	NOE	7.564920e-01	7.564920e-01	3.718748e-09	0.000000e+00	4.568700e-02
1	84	NOE	6.697130e-01	6.697130e-01	2.533758e-09	0.000000e+00	2.968100e-02
1	86	NOE	7.467450e-01	7.467450e-01	3.502240e-09	0.000000e+00	3.934800e-02
1	87	NOE	7.690500e-01	7.690500e-01	4.065797e-09	0.000000e+00	4.741200e-02
1	88	NOE	7.877710e-01	7.877710e-01	4.822752e-09	0.000000e+00	4.062400e-02
1	90	NOE	7.698280e-01	7.698280e-01	4.090554e-09	2.410227e-15	4.606300e-02
1	91	NOE	8.418750e-01	8.344152e-01	1.397080e-05	1.333153e-01	5.595600e-02
1	92	NOE	7.934880e-01	7.934880e-01	5.151742e-09	0.000000e+00	4.927400e-02
1	95	NOE	7.138130e-01	7.138130e-01	2.975354e-09	0.000000e+00	6.881600e-02
1	96	NOE	7.346400e-01	7.346400e-01	3.278613e-09	0.000000e+00	4.275600e-02
1	97	NOE	8.246820e-01	8.246820e-01	1.059936e-08	-5.336978e-09	5.423900e-02
1	98	NOE	7.462730e-01	7.462730e-01	3.492672e-09	0.000000e+00	4.916600e-02
1	100	NOE	8.406890e-01	8.344152e-01	1.740834e-05	1.417646e-01	4.425500e-02
1	101	NOE	8.128530e-01	8.128530e-01	7.112355e-09	-1.324482e-08	4.829500e-02
1	102	NOE	7.879080e-01	7.879080e-01	4.829921e-09	0.000000e+00	4.636400e-02
1	103	NOE	7.847580e-01	7.847580e-01	4.672637e-09	-3.246227e-08	4.510700e-02
1	104	NOE	8.412310e-01	8.344152e-01	3.592412e-05	1.731126e-01	3.937200e-02
1	107	NOE	8.607260e-01	8.344152e-01	2.381136e-05	4.337563e-01	6.065800e-02
1	108	NOE	8.148990e-01	8.148990e-01	7.477513e-09	0.000000e+00	4.566500e-02
1	110	NOE	7.664720e-01	7.664720e-01	3.986807e-09	0.000000e+00	4.368600e-02
1	111	NOE	8.927430e-01	8.344152e-01	2.057001e-05	1.264532e+00	4.612600e-02
1	112	NOE	7.810500e-01	7.810500e-01	4.505583e-09	-1.699564e-15	6.532400e-02
1	113	NOE	7.731040e-01	7.731040e-01	4.199898e-09	0.000000e+00	6.007300e-02
1	115	NOE	6.257400e-01	6.257400e-01	2.240076e-09	0.000000e+00	6.963800e-02
1	116	NOE	7.521850e-01	7.521850e-01	3.618363e-09	0.000000e+00	4.918500e-02
1	117	NOE	7.442180e-01	7.442180e-01	3.451886e-09	0.000000e+00	4.211300e-02
1	118	NOE	8.059050e-01	8.059050e-01	6.180697e-09	2.231425e-15	4.975400e-02
1	119	NOE	8.426370e-01	8.344152e-01	2.913550e-05	1.849380e-01	4.445700e-02
1	120	NOE	7.171620e-01	7.171620e-01	3.018650e-09	0.000000e+00	4.618400e-02
1	121	NOE	8.353160e-01	8.344152e-01	3.121558e-05	2.218309e-02	4.060700e-02
1	122	NOE	8.053000e-01	8.053000e-01	6.115748e-09	-2.406518e-15	4.613400e-02
1	123	NOE	7.506250e-01	7.506250e-01	3.583916e-09	0.000000e+00	4.507400e-02
1	124	NOE	7.747450e-01	7.747450e-01	4.258010e-09	0.000000e+00	4.937100e-02
1	126	NOE	8.534930e-01	8.344152e-01	2.757496e-05	3.350331e-01	5.694300e-02
1	127	NOE	8.123820e-01	8.123820e-01	7.035571e-09	0.000000e+00	4.607800e-02
1	128	NOE	8.492220e-01	8.344152e-01	3.223869e-05	3.089124e-01	4.793200e-02
1	129	NOE	8.186820e-01	8.186820e-01	8.331467e-09	0.000000e+00	4.590900e-02
1	130	NOE	7.212810e-01	7.212810e-01	3.074490e-09	2.623834e-15	4.231300e-02
1	131	NOE	7.429220e-01	7.429220e-01	3.426869e-09	2.056235e-15	5.399300e-02
1	132	NOE	8.674220e-01	8.344152e-01	2.299991e-05	7.334516e-01	4.500200e-02
1	133	NOE	7.903730e-01	7.903730e-01	4.964557e-09	0.000000e+00	4.316100e-02
1	134	NOE	7.506720e-01	7.506720e-01	3.584940e-09	0.000000e+00	3.780200e-02
1	135	NOE	7.765730e-01	7.765730e-01	4.325622e-09	0.000000e+00	3.966000e-02
1	136	NOE	8.600700e-01	8.344152e-01	3.972456e-05	5.342744e-01	4.801800e-02
1	137	NOE	8.026880e-01	8.026880e-01	5.856960e-09	-2.517741e-15	4.409600e-02
1	138	NOE	7.553200e-01	7.553200e-01	3.690626e-09	2.721535e-15	4.079400e-02


2	3	R1	1.314300e+00	1.314300e+00	1.030059e-08	2.480945e-14	8.950000e-03
2	4	R1	1.429000e+00	1.429000e+00	9.356146e-09	7.436189e-15	2.986000e-02
2	6	R1	1.644050e+00	1.644050e+00	7.908143e-09	8.436345e-15	2.632000e-02
2	7	R1	1.621460e+00	1.621460e+00	8.044382e-09	0.000000e+00	6.082000e-02
2	8	R1	1.518510e+00	1.518510e+00	8.709480e-09	-8.175427e-15	2.716000e-02
2	10	R1	1.459790e+00	1.459790e+00	9.125688e-09	0.000000e+00	2.968000e-02
2	13	R1	1.610510e+00	1.610510e+00	8.111601e-09	1.025137e-14	2.166000e-02
2	14	R1	1.436520e+00	1.436520e+00	9.299038e-09	1.394753e-14	1.592000e-02
2	15	R1	1.571730e+00	1.571730e+00	8.356158e-09	5.642811e-15	3.935000e-02
2	17	R1	1.560370e+00	1.560370e+00	8.429798e-09	-1.174218e-14	1.891000e-02
2	18	R1	1.594250e+00	1.594250e+00	8.212884e-09	1.337618e-14	3.320000e-02
2	19	R1	1.677190e+00	1.677190e+00	7.713952e-09	-3.045879e-14	1.458000e-02
2	20	R1	1.566210e+00	1.566210e+00	8.391824e-09	0.000000e+00	2.217000e-02
2	22	R1	1.566730e+00	1.566730e+00	8.388455e-09	0.000000e+00	1.752000e-02
2	23	R1	1.626220e+00	1.626220e+00	8.015405e-09	-8.550043e-15	2.597000e-02
2	24	R1	1.607240e+00	1.607240e+00	8.131827e-09	-2.821405e-14	1.574000e-02
2	25	R1	1.594430e+00	1.594430e+00	8.211753e-09	-9.361071e-15	2.372000e-02
2	27	R1	1.607490e+00	1.607490e+00	8.130278e-09	1.098687e-14	2.021000e-02
2	30	R1	1.495420e+00	1.495420e+00	8.869665e-09	-1.823026e-14	2.436000e-02
2	31	R1	1.519130e+00	1.519130e+00	8.705239e-09	-9.029874e-15	2.459000e-02
2	33	R1	1.563720e+00	1.563720e+00	8.407984e-09	0.000000e+00	1.776000e-02
2	34	R1	1.649480e+00	1.649480e+00	7.875871e-09	0.000000e+00	2.621000e-02
2	35	R1	1.520500e+00	1.520500e+00	8.695877e-09	7.661995e-15	2.898000e-02
2	36	R1	1.484070e+00	1.484070e+00	8.950028e-09	0.000000e+00	1.935000e-02
2	38	R1	1.566030e+00	1.566030e+00	8.392991e-09	1.232212e-14	1.802000e-02
2	39	R1	1.515420e+00	1.515420e+00	8.730666e-09	2.385012e-14	1.862000e-02
2	42	R1	1.586340e+00	1.586340e+00	8.262805e-09	-5.985030e-15	3.710000e-02
2	43	R1	1.557170e+00	1.557170e+00	8.450711e-09	-9.649918e-15	2.301000e-02
2	45	R1	1.680050e+00	1.680050e+00	7.697498e-09	4.877894e-07	4.093000e-02
2	46	R1	1.579800e+00	1.579800e+00	8.304407e-09	7.094077e-15	3.130000e-02
2	47	R1	1.608420e+00	1.608420e+00	8.124520e-09	0.000000e+00	2.030000e-02
2	51	R1	1.602010e+00	1.602010e+00	8.164325e-09	-8.540177e-15	2.600000e-02
2	55	R1	1.627230e+00	1.627230e+00	8.009276e-09	1.999501e-14	2.221000e-02
2	56	R1	1.566810e+00	1.566810e+00	8.387936e-09	-5.085767e-15	4.366000e-02
2	57	R1	1.469710e+00	1.469710e+00	9.053291e-09	0.000000e+00	3.871000e-02
2	58	R1	1.629980e+00	1.629980e+00	7.992619e-09	1.163756e-14	1.908000e-02
2	59	R1	1.694990e+00	1.694990e+00	7.612303e-09	0.000000e+00	3.077000e-02
2	60	R1	1.589410e+00	1.589410e+00	8.243378e-09	0.000000e+00	1.936000e-02
2	61	R1	1.602760e+00	1.602760e+00	8.159653e-09	0.000000e+00	2.680000e-02
2	62	R1	1.582820e+00	1.582820e+00	8.285159e-09	0.000000e+00	2.284000e-02
2	63	R1	1.480820e+00	1.480820e+00	8.973242e-09	-1.212034e-14	1.832000e-02
2	64	R1	1.612600e+00	1.612600e+00	8.098710e-09	2.575923e-14	1.724000e-02
2	65	R1	1.523370e+00	1.523370e+00	8.676314e-09	1.168656e-14	1.900000e-02
2	66	R1	1.596260e+00	1.596260e+00	8.200267e-09	1.186136e-14	1.872000e-02
2	67	R1	1.554810e+00	1.554810e+00	8.466183e-09	5.952938e-15	3.730000e-02
2	68	R1	1.442210e+00	1.442210e+00	9.256185e-09	0.000000e+00	1.233000e-02
2	69	R1	1.658110e+00	1.658110e+00	7.824951e-09	8.579776e-15	5.176000e-02
2	70	R1	1.540560e+00	1.540560e+00	8.560487e-09	1.185502e-14	1.873000e-02
2	71	R1	1.718800e+00	1.718800e+00	7.479093e-09	0.000000e+00	6.061000e-02
2	75	R1	1.628090e+00	1.628090e+00	8.004061e-09	1.092739e-14	2.032000e-02
2	77	R1	1.523570e+00	1.523570e+00	8.674953e-09	-1.122004e-14	1.979000e-02
2	78	R1	1.696270e+00	1.696270e+00	7.605062e-09	0.000000e+00	2.467000e-02
2	80	R1	1.255360e+00	1.255360e+00	1.084746e-08	2.046494e-14	1.085000e-02
2	82	R1	1.537910e+00	1.537910e+00	8.578194e-09	5.413082e-15	4.102000e-02
2	83	R1	1.525950e+00	1.525950e+00	8.658783e-09	0.000000e+00	2.940000e-02
2	84	R1	1.504010e+00	1.504010e+00	8.809562e-09	3.379674e-14	1.314000e-02
2	86	R1	1.595520e+00	1.595520e+00	8.204909e-09	0.000000e+00	1.524000e-02
2	87	R1	1.576160e+00	1.576160e+00	8.327692e-09	-1.273192e-14	1.744000e-02
2	88	R1	1.538060e+00	1.538060e+00	8.577191e-09	-1.932503e-14	1.149000e-02
2	90	R1	1.484900e+00	1.484900e+00	8.944114e-09	0.000000e+00	1.603000e-02
2	91	R1	1.556050e+00	1.556050e+00	8.458048e-09	0.000000e+00	1.066000e-02
2	92	R1	1.657970e+00	1.657970e+00	7.825774e-09	-9.519597e-15	4.665000e-02
2	95	R1	1.733750e+00	1.733750e+00	7.397008e-09	-3.797582e-15	5.847000e-02
2	96	R1	1.649260e+00	1.649260e+00	7.877175e-09	-2.077772e-14	3.206000e-02
2	97	R1	1.535250e+00	1.535250e+00	8.596022e-09	0.000000e+00	3.187000e-02
2	98	R1	1.514320e+00	1.514320e+00	8.738226e-09	-7.100883e-15	3.127000e-02
2	100	R1	1.621040e+00	1.621040e+00	8.046946e-09	-1.258043e-14	1.765000e-02
2	101	R1	1.556310e+00	1.556310e+00	8.456344e-09	-1.022305e-14	2.172000e-02
2	102	R1	1.661910e+00	1.661910e+00	7.802673e-09	7.890711e-15	2.814000e-02
2	103	R1	1.653110e+00	1.653110e+00	7.854398e-09	7.780119e-15	2.854000e-02
2	104	R1	1.520670e+00	1.520670e+00	8.694717e-09	4.074213e-14	1.090000e-02
2	107	R1	1.648430e+00	1.648430e+00	7.882098e-09	6.258303e-15	3.548000e-02
2	108	R1	1.596130e+00	1.596130e+00	8.201082e-09	-8.103818e-15	2.740000e-02
2	110	R1	1.564380e+00	1.564380e+00	8.403696e-09	0.000000e+00	2.047000e-02
2	111	R1	1.571800e+00	1.571800e+00	8.355707e-09	0.000000e+00	2.857000e-02
2	112	R1	1.495500e+00	1.495500e+00	8.869102e-09	0.000000e+00	3.489000e-02
2	113	R1	1.320350e+00	1.320350e+00	1.024702e-08	2.678463e-14	1.658000e-02
2	115	R1	1.500840e+00	1.500840e+00	8.831671e-09	-2.417733e-15	9.184000e-02
2	116	R1	1.567180e+00	1.567180e+00	8.385541e-09	-1.886530e-14	1.177000e-02
2	117	R1	1.681770e+00	1.681770e+00	7.687625e-09	1.333201e-14	3.331000e-02
2	118	R1	1.618170e+00	1.618170e+00	8.064496e-09	-2.144323e-14	2.071000e-02
2	119	R1	1.590340e+00	1.590340e+00	8.237506e-09	-6.191986e-15	3.586000e-02
2	120	R1	1.445730e+00	1.445730e+00	9.229827e-09	0.000000e+00	1.808000e-02
2	121	R1	1.700100e+00	1.700100e+00	7.583452e-09	-2.124829e-14	2.090000e-02
2	122	R1	1.573830e+00	1.573830e+00	8.342647e-09	-6.340508e-15	3.502000e-02
2	123	R1	1.579600e+00	1.579600e+00	8.305684e-09	0.000000e+00	2.653000e-02
2	124	R1	1.616020e+00	1.616020e+00	8.077679e-09	-1.846525e-14	2.405000e-02
2	126	R1	1.609570e+00	1.609570e+00	8.117408e-09	0.000000e+00	2.582000e-02
2	127	R1	1.580170e+00	1.580170e+00	8.302045e-09	-1.018553e-14	2.180000e-02
2	128	R1	1.577950e+00	1.577950e+00	8.316230e-09	0.000000e+00	2.380000e-02
2	129	R1	1.584930e+00	1.584930e+00	8.271749e-09	7.638273e-15	2.907000e-02
2	130	R1	1.574790e+00	1.574790e+00	8.336480e-09	-1.842694e-14	1.205000e-02
2	131	R1	1.661660e+00	1.661660e+00	7.804136e-09	1.554390e-14	2.857000e-02
2	132	R1	1.527660e+00	1.527660e+00	8.647192e-09	0.000000e+00	2.203000e-02
2	133	R1	1.616080e+00	1.616080e+00	8.077310e-09	2.116726e-14	1.049000e-02
2	134	R1	1.576580e+00	1.576580e+00	8.325001e-09	2.874364e-14	1.545000e-02
2	135	R1	1.619940e+00	1.619940e+00	8.053666e-09	-1.280534e-14	1.734000e-02
2	136	R1	1.581220e+00	1.581220e+00	8.295349e-09	1.399147e-14	1.587000e-02
2	137	R1	1.525960e+00	1.525960e+00	8.658715e-09	-8.711048e-15	2.549000e-02
2	138	R1	1.578650e+00	1.578650e+00	8.311754e-09	0.000000e+00	3.040000e-02


