3	7.777690e+00	1.556000e-01	6.430540e-01	4.550800e-02	1.637970e+00	2.863000e-02	5.926664e-02	
4	7.968090e+00	1.320000e-01	6.191800e-01	4.456500e-02	1.808100e+00	1.659000e-02	6.979817e-02	
6	9.288690e+00	9.760000e-02	6.701630e-01	6.009700e-02	2.047290e+00	3.174000e-02	6.845112e-02	
7	9.897040e+00	2.304900e-01	6.451600e-01	6.901600e-02	2.038290e+00	9.183000e-02	7.331627e-02	
8	8.743680e+00	1.450400e-01	7.144450e-01	6.323300e-02	1.929820e+00	1.291000e-02	5.586096e-02	
10	8.968560e+00	2.250600e-01	6.845100e-01	5.962100e-02	1.907780e+00	1.476000e-02	6.101207e-02	
13	9.523280e+00	2.259800e-01	6.884260e-01	5.177200e-02	2.010550e+00	3.055000e-02	6.350061e-02	
14	8.495300e+00	1.337600e-01	6.102110e-01	5.263400e-02	1.844170e+00	1.897000e-02	7.286725e-02	
15	9.511850e+00	2.836700e-01	7.413590e-01	6.778200e-02	1.965480e+00	2.863000e-02	5.153091e-02	
17	9.450060e+00	1.937500e-01	6.720800e-01	7.342400e-02	1.951960e+00	3.505000e-02	6.488445e-02	
18	9.117470e+00	9.703000e-02	7.199700e-01	5.346800e-02	2.034430e+00	3.501000e-02	5.774962e-02	
19	9.921380e+00	1.178200e-01	7.470690e-01	8.076200e-02	1.993480e+00	2.009000e-02	5.111117e-02	
20	9.411590e+00	2.048300e-01	7.158840e-01	5.674400e-02	2.017390e+00	3.079000e-02	5.810151e-02	
22	9.268050e+00	1.617400e-01	8.043860e-01	5.647000e-02	2.077560e+00	2.390000e-02	4.119603e-02	
23	9.094140e+00	1.669700e-01	7.603100e-01	6.299600e-02	2.042650e+00	2.469000e-02	4.963016e-02	
24	9.095050e+00	1.843100e-01	6.976840e-01	4.806500e-02	2.094810e+00	4.367000e-02	6.419595e-02	
25	9.046380e+00	1.043400e-01	7.278760e-01	5.920400e-02	2.025920e+00	3.285000e-02	5.588445e-02	
27	1.001808e+01	1.426200e-01	8.035950e-01	7.566100e-02	2.034510e+00	2.291000e-02	4.050552e-02	
30	8.513800e+00	1.293400e-01	6.228130e-01	3.990100e-02	1.861700e+00	3.630000e-02	7.118168e-02	
31	9.179720e+00	1.757100e-01	7.800520e-01	7.167600e-02	1.946160e+00	3.469000e-02	4.339107e-02	
33	9.176310e+00	1.117200e-01	7.686790e-01	7.058000e-02	2.070210e+00	3.202000e-02	4.854352e-02	
34	9.473230e+00	1.274500e-01	6.173230e-01	5.290200e-02	2.036530e+00	2.542000e-02	7.899962e-02	
35	9.601100e+00	2.867000e-01	7.551450e-01	7.366900e-02	2.014110e+00	3.613000e-02	4.999125e-02	
36	9.094910e+00	1.424800e-01	7.967100e-01	7.106300e-02	1.922160e+00	2.127000e-02	3.961023e-02	
38	9.071420e+00	1.017600e-01	7.683590e-01	6.600800e-02	2.002810e+00	2.819000e-02	4.702806e-02	
39	9.807170e+00	2.066600e-01	6.875360e-01	5.937700e-02	1.983600e+00	2.955000e-02	6.282839e-02	
42	1.007618e+01	1.773900e-01	7.667200e-01	5.971700e-02	1.925430e+00	2.390000e-02	4.553099e-02	
43	9.775900e+00	8.754000e-02	5.861740e-01	6.817900e-02	1.967830e+00	2.276000e-02	8.254812e-02	
45	9.672850e+00	2.525800e-01	7.801130e-01	5.325400e-02	2.154290e+00	4.693000e-02	4.801816e-02	
46	9.757220e+00	2.140500e-01	8.732160e-01	9.973100e-02	2.030640e+00	4.380000e-02	2.609752e-02	
47	8.599510e+00	1.552000e-01	7.489120e-01	7.246100e-02	2.038130e+00	3.035000e-02	5.187519e-02	
51	9.663290e+00	2.253000e-01	6.505210e-01	6.613300e-02	2.041470e+00	1.886000e-02	7.232125e-02	
55	9.653490e+00	1.753100e-01	7.990720e-01	5.910100e-02	2.052530e+00	2.752000e-02	4.180535e-02	
56	8.576030e+00	1.580200e-01	7.170310e-01	4.231800e-02	1.915720e+00	1.711000e-02	5.495064e-02	
57	8.480310e+00	1.583200e-01	6.512980e-01	5.327500e-02	1.905620e+00	2.193000e-02	6.735853e-02	
58	9.106450e+00	1.243400e-01	6.124100e-01	5.121200e-02	2.054720e+00	1.889000e-02	8.072853e-02	
59	9.489300e+00	1.455200e-01	6.358770e-01	4.779200e-02	2.025240e+00	2.060000e-02	7.475262e-02	
60	9.528370e+00	1.959100e-01	7.317340e-01	6.308200e-02	2.016650e+00	4.071000e-02	5.484007e-02	
61	9.998420e+00	2.235600e-01	6.543700e-01	6.718800e-02	2.028130e+00	2.055000e-02	7.105736e-02	
62	9.824950e+00	2.221000e-01	6.176890e-01	5.649000e-02	1.999850e+00	2.014000e-02	7.750256e-02	
63	9.473990e+00	1.645400e-01	7.738240e-01	5.735200e-02	1.921610e+00	3.372000e-02	4.405687e-02	
64	9.621710e+00	1.245600e-01	7.752110e-01	8.971300e-02	2.010000e+00	2.214000e-02	4.580079e-02	
65	9.681590e+00	1.087000e-01	6.690080e-01	4.900500e-02	1.953810e+00	1.996000e-02	6.555437e-02	
66	9.359520e+00	1.339700e-01	6.883090e-01	4.529500e-02	1.993540e+00	2.556000e-02	6.298702e-02	
67	1.022251e+01	1.395700e-01	6.071370e-01	5.507500e-02	1.994160e+00	5.169000e-02	7.941508e-02	
68	9.314350e+00	1.078000e-01	7.148260e-01	4.251900e-02	1.878750e+00	2.578000e-02	5.431012e-02	
69	1.086437e+01	3.838200e-01	6.727890e-01	6.224900e-02	2.051090e+00	6.430000e-02	6.803219e-02	
70	9.361000e+00	2.279300e-01	7.641620e-01	6.536500e-02	1.993810e+00	2.093000e-02	4.766498e-02	
71	1.209792e+01	3.107200e-01	7.413230e-01	6.990300e-02	2.107690e+00	5.678000e-02	5.526706e-02	
75	9.332320e+00	2.020300e-01	6.203190e-01	6.027100e-02	1.989950e+00	2.122000e-02	7.658838e-02	
77	1.125159e+01	2.270200e-01	7.433270e-01	6.218400e-02	1.922570e+00	3.022000e-02	5.002236e-02	
78	1.089995e+01	2.132700e-01	6.809530e-01	6.689800e-02	2.116610e+00	1.112900e-01	6.845377e-02	
80	7.089190e+00	1.113000e-01	6.130350e-01	4.571100e-02	1.526880e+00	2.340000e-02	5.989333e-02	
82	1.006575e+01	5.056800e-01	6.002680e-01	7.364800e-02	1.924340e+00	7.971000e-02	7.797449e-02	
83	9.514860e+00	3.379100e-01	7.545360e-01	6.954300e-02	1.998390e+00	1.720000e-02	4.972444e-02	
84	8.958100e+00	1.955700e-01	7.380920e-01	5.091900e-02	1.985360e+00	2.218000e-02	5.270962e-02	
86	8.938270e+00	1.375400e-01	7.246820e-01	5.743000e-02	1.993610e+00	1.272000e-02	5.563866e-02	
87	9.113130e+00	1.709100e-01	7.784960e-01	6.110600e-02	2.006760e+00	3.039000e-02	4.505872e-02	
88	8.927960e+00	2.224900e-01	7.788210e-01	5.580300e-02	2.021780e+00	2.843000e-02	4.532936e-02	
90	9.486920e+00	1.408600e-01	8.182250e-01	6.349500e-02	1.945060e+00	1.668000e-02	3.584008e-02	
91	9.432700e+00	1.773300e-01	7.863480e-01	7.313000e-02	2.019270e+00	1.796000e-02	4.373239e-02	
92	9.808250e+00	2.479900e-01	7.592090e-01	7.727400e-02	2.061810e+00	2.925000e-02	5.032581e-02	
95	1.308784e+01	3.733300e-01	8.298720e-01	9.782100e-02	2.135380e+00	8.730000e-02	3.682585e-02	
96	1.129223e+01	2.760000e-01	7.968320e-01	7.188900e-02	2.014590e+00	1.676000e-02	4.149004e-02	
97	9.801760e+00	2.261400e-01	7.169100e-01	6.984100e-02	2.032980e+00	3.184000e-02	5.833907e-02	
98	1.308228e+01	2.651800e-01	7.514190e-01	6.110400e-02	1.970660e+00	3.001000e-02	4.965711e-02	
100	9.409180e+00	1.260600e-01	6.991250e-01	5.978500e-02	2.068350e+00	2.599000e-02	6.308295e-02	
101	9.356020e+00	2.397000e-01	6.483880e-01	6.157200e-02	1.979570e+00	1.860000e-02	7.055640e-02	
102	9.033960e+00	2.665900e-01	6.964090e-01	5.251500e-02	2.078590e+00	2.109000e-02	6.396753e-02	
103	9.647850e+00	1.592000e-01	6.307990e-01	5.758100e-02	2.061890e+00	3.617000e-02	7.716675e-02	
104	9.026220e+00	1.890900e-01	7.344750e-01	4.117500e-02	1.948430e+00	2.609000e-02	5.244355e-02	
107	1.359529e+01	4.240700e-01	6.913950e-01	5.724400e-02	2.027720e+00	4.008000e-02	6.343264e-02	
108	9.834400e+00	1.618600e-01	6.020120e-01	5.642100e-02	2.006170e+00	1.454000e-02	8.093559e-02	
110	1.016574e+01	1.014100e-01	7.218930e-01	6.106400e-02	1.988130e+00	3.053000e-02	5.604780e-02	
111	1.027250e+01	2.801900e-01	7.598360e-01	6.304100e-02	2.014310e+00	3.565000e-02	4.903837e-02	
112	1.049587e+01	3.511300e-01	6.177500e-01	8.428700e-02	1.954540e+00	5.297000e-02	7.573452e-02	
113	9.451080e+00	3.550500e-01	8.466530e-01	1.020340e-01	1.736090e+00	1.676000e-02	2.698667e-02	
115	1.140684e+01	7.998000e-01	4.398490e-01	1.028020e-01	1.934550e+00	1.066900e-01	1.098467e-01	
116	9.096630e+00	1.564800e-01	8.634690e-01	7.087000e-02	2.019390e+00	1.334000e-02	2.794817e-02	
117	1.016302e+01	2.092500e-01	6.236830e-01	4.589200e-02	2.148820e+00	2.554000e-02	8.197015e-02	
118	9.315770e+00	1.808000e-01	7.024970e-01	5.100400e-02	2.078440e+00	1.980000e-02	6.268024e-02	
119	9.713240e+00	1.461700e-01	6.803130e-01	5.008200e-02	2.022840e+00	2.271000e-02	6.555236e-02	
120	8.277050e+00	1.201800e-01	6.713230e-01	5.698400e-02	1.832190e+00	3.049000e-02	6.104381e-02	
121	9.529110e+00	1.599600e-01	6.632850e-01	4.656500e-02	2.090130e+00	2.623000e-02	7.134074e-02	
122	9.362840e+00	1.627500e-01	7.309090e-01	6.562400e-02	1.983320e+00	2.672000e-02	5.409957e-02	
123	8.981250e+00	1.306900e-01	7.182490e-01	6.352800e-02	1.999030e+00	2.850000e-02	5.709349e-02	
124	8.940870e+00	1.261500e-01	6.535510e-01	6.784600e-02	2.006330e+00	2.184000e-02	7.046014e-02	
126	9.205940e+00	2.204100e-01	7.561730e-01	7.587400e-02	2.091840e+00	2.823000e-02	5.170257e-02	
127	8.846260e+00	1.527400e-01	6.712800e-01	6.025400e-02	1.949050e+00	1.440000e-02	6.494578e-02	
128	9.233610e+00	2.615700e-01	7.366440e-01	5.902500e-02	2.065700e+00	1.691000e-02	5.514578e-02	
129	8.706950e+00	1.998900e-01	6.915240e-01	6.621400e-02	2.071700e+00	2.469000e-02	6.478136e-02	
130	8.454440e+00	1.857100e-01	6.564130e-01	5.680700e-02	1.953520e+00	1.797000e-02	6.803877e-02	
131	9.506910e+00	1.606000e-01	6.365430e-01	7.775600e-02	2.077990e+00	3.259000e-02	7.655937e-02	
132	9.256800e+00	1.888000e-01	7.597240e-01	5.339200e-02	2.028190e+00	3.930000e-02	4.939931e-02	
133	9.612910e+00	1.476300e-01	6.569530e-01	5.216500e-02	2.057170e+00	1.453000e-02	7.153616e-02	
134	9.065140e+00	1.849500e-01	8.006850e-01	6.130300e-02	1.980770e+00	2.222000e-02	4.001989e-02	
135	9.150320e+00	1.179200e-01	7.202040e-01	4.992900e-02	2.001060e+00	2.920000e-02	5.675491e-02	
136	9.222820e+00	1.461100e-01	7.375150e-01	5.718800e-02	2.009480e+00	3.206000e-02	5.346752e-02	
137	9.050010e+00	1.569000e-01	7.416290e-01	5.629800e-02	1.872190e+00	2.534000e-02	4.903380e-02	
138	8.960730e+00	1.051900e-01	6.451340e-01	5.922000e-02	1.939220e+00	2.680000e-02	6.975789e-02	
