3	9.300300e+00	1.258700e-01	7.037130e-01	1.035800e-02	8.585500e-01	3.670000e-03	2.578577e-02	
4	1.000652e+01	8.997000e-02	7.521180e-01	1.196200e-02	9.587400e-01	5.440000e-03	2.409060e-02	
6	1.142601e+01	2.129400e-01	8.806210e-01	1.638400e-02	1.030080e+00	8.290000e-03	1.246524e-02	
7	9.638180e+00	8.332600e-01	8.543860e-01	1.637700e-02	8.644300e-01	3.915000e-02	1.275953e-02	
8	1.122758e+01	2.069000e-01	8.589150e-01	1.643500e-02	9.555300e-01	5.910000e-03	1.366555e-02	
10	1.008866e+01	1.961300e-01	8.266190e-01	1.448300e-02	9.137700e-01	1.103000e-02	1.605980e-02	
13	1.146317e+01	4.894000e-01	8.515990e-01	1.338000e-02	9.668700e-01	1.669000e-02	1.454477e-02	
14	1.117065e+01	3.777500e-01	7.947070e-01	1.392000e-02	9.286500e-01	1.188000e-02	1.932538e-02	
15	1.341640e+01	2.387700e-01	7.866260e-01	1.316500e-02	9.532900e-01	3.100000e-03	2.061904e-02	
17	1.105871e+01	3.625400e-01	8.720380e-01	1.730100e-02	9.493100e-01	5.170000e-03	1.231377e-02	
18	1.222590e+01	2.169000e-01	8.688000e-01	1.361200e-02	1.037750e+00	6.940000e-03	1.380157e-02	
19	1.309191e+01	3.359500e-01	8.195870e-01	1.736200e-02	1.020360e+00	1.000000e-02	1.866049e-02	
20	1.129528e+01	2.647400e-01	8.566720e-01	1.664200e-02	1.005540e+00	6.140000e-03	1.460939e-02	
22	1.133088e+01	2.184500e-01	8.324830e-01	1.407900e-02	9.882100e-01	6.840000e-03	1.678070e-02	
23	1.149423e+01	2.908100e-01	8.300060e-01	1.405400e-02	9.742400e-01	5.730000e-03	1.678809e-02	
24	1.138757e+01	1.563300e-01	8.589440e-01	1.199200e-02	9.916400e-01	6.520000e-03	1.417906e-02	
25	1.077595e+01	2.512000e-01	8.293890e-01	1.333600e-02	9.455600e-01	7.370000e-03	1.635302e-02	
27	1.313070e+01	1.961100e-01	8.684900e-01	1.757000e-02	1.018060e+00	8.580000e-03	1.357169e-02	
30	1.086279e+01	4.669000e-01	7.589230e-01	9.903000e-03	9.263900e-01	1.020000e-02	2.263870e-02	
31	1.059697e+01	2.982200e-01	8.848830e-01	2.150900e-02	9.152600e-01	1.127000e-02	1.068036e-02	
33	1.090836e+01	2.694900e-01	8.664450e-01	1.506100e-02	9.298100e-01	1.241000e-02	1.258798e-02	
34	1.163602e+01	2.350400e-01	8.762170e-01	1.396000e-02	9.831900e-01	6.680000e-03	1.233674e-02	
35	1.127451e+01	2.540200e-01	8.386000e-01	1.870000e-02	9.422200e-01	8.970000e-03	1.541550e-02	
36	1.029784e+01	2.339700e-01	8.395350e-01	1.336000e-02	9.006200e-01	8.190000e-03	1.464953e-02	
38	1.092622e+01	3.597300e-01	8.402000e-01	1.582100e-02	9.469400e-01	1.143000e-02	1.533914e-02	
39	1.091618e+01	4.264800e-01	8.257640e-01	1.591500e-02	8.867700e-01	1.238000e-02	1.566213e-02	
42	1.174611e+01	8.017300e-01	8.541150e-01	1.453000e-02	8.745800e-01	1.832000e-02	1.293338e-02	
43	1.089717e+01	4.620000e-01	8.214360e-01	1.961600e-02	8.957600e-01	1.318000e-02	1.621390e-02	
45	1.160640e+01	3.811000e-01	8.848850e-01	1.451700e-02	1.019410e+00	1.242000e-02	1.189550e-02	
46	1.254654e+01	5.506400e-01	8.278020e-01	2.444400e-02	9.735800e-01	1.433000e-02	1.699423e-02	
47	1.123886e+01	2.934600e-01	8.711570e-01	1.744900e-02	9.651200e-01	1.166000e-02	1.260503e-02	
51	1.121189e+01	4.061500e-01	8.434650e-01	1.806500e-02	9.133600e-01	1.659000e-02	1.449290e-02	
55	9.872920e+00	7.878100e-01	7.954400e-01	1.399200e-02	9.300100e-01	2.437000e-02	1.928458e-02	
56	1.053554e+01	5.124200e-01	8.011720e-01	1.086700e-02	9.423300e-01	1.685000e-02	1.899251e-02	
57	1.022260e+01	3.055600e-01	8.004810e-01	1.326400e-02	9.020600e-01	7.850000e-03	1.824406e-02	
58	1.107738e+01	3.568200e-01	8.332620e-01	1.359200e-02	1.002000e+00	1.574000e-02	1.693574e-02	
59	1.063286e+01	2.599400e-01	8.607260e-01	1.455500e-02	9.945800e-01	1.183000e-02	1.404144e-02	
60	1.126097e+01	3.632200e-01	8.476870e-01	1.678200e-02	9.439400e-01	9.480000e-03	1.457415e-02	
61	1.097795e+01	4.613900e-01	8.826270e-01	1.809100e-02	9.151100e-01	1.239000e-02	1.088788e-02	
62	1.123257e+01	6.402400e-01	8.448800e-01	1.345500e-02	9.281500e-01	1.468000e-02	1.459445e-02	
63	1.011023e+01	7.521100e-01	8.340450e-01	1.893100e-02	8.062700e-01	1.781000e-02	1.356353e-02	
64	1.154110e+01	3.924600e-01	8.388150e-01	1.778400e-02	9.356700e-01	1.025000e-02	1.528795e-02	
65	1.135581e+01	4.910300e-01	8.230430e-01	1.366500e-02	8.882100e-01	1.237000e-02	1.593255e-02	
66	1.108982e+01	5.342900e-01	8.372880e-01	1.331100e-02	9.428500e-01	1.342000e-02	1.555120e-02	
67	1.248468e+01	5.455500e-01	8.378470e-01	1.678000e-02	9.204900e-01	1.671000e-02	1.513024e-02	
68	1.128980e+01	5.418100e-01	8.120790e-01	1.032600e-02	8.459600e-01	1.370000e-02	1.611488e-02	
69	1.088647e+01	9.903500e-01	8.800910e-01	1.643100e-02	8.507800e-01	4.219000e-02	1.034120e-02	
70	1.022015e+01	5.818600e-01	8.434840e-01	1.459500e-02	8.558700e-01	1.641000e-02	1.357902e-02	
71	1.309305e+01	1.265980e+00	8.732930e-01	1.727800e-02	9.183800e-01	4.785000e-02	1.179573e-02	
75	1.057892e+01	5.248600e-01	8.179560e-01	1.491900e-02	9.170000e-01	1.364000e-02	1.692184e-02	
77	1.670263e+01	7.330000e-01	8.149700e-01	1.520800e-02	9.351800e-01	1.492000e-02	1.754039e-02	
78	1.098649e+01	9.829700e-01	8.655310e-01	1.917300e-02	8.567100e-01	3.798000e-02	1.167771e-02	
80	9.200490e+00	3.541400e-01	7.716630e-01	1.121800e-02	8.180800e-01	8.850000e-03	1.893537e-02	
82	9.848590e+00	1.153630e+00	8.063750e-01	2.071800e-02	8.294500e-01	4.019000e-02	1.627997e-02	
83	1.079961e+01	3.560700e-01	8.364470e-01	1.598300e-02	9.408600e-01	6.930000e-03	1.559859e-02	
84	1.213980e+01	2.453900e-01	8.504680e-01	1.316700e-02	1.001880e+00	6.750000e-03	1.518629e-02	
86	1.132602e+01	2.188400e-01	8.495810e-01	1.224600e-02	1.025980e+00	8.010000e-03	1.564384e-02	
87	1.093500e+01	2.232600e-01	8.789410e-01	1.684900e-02	9.675800e-01	9.400000e-03	1.187369e-02	
88	1.113334e+01	2.757800e-01	8.601100e-01	1.411600e-02	9.580300e-01	5.100000e-03	1.358525e-02	
90	1.191469e+01	2.101300e-01	8.549860e-01	1.565500e-02	9.110800e-01	5.570000e-03	1.339270e-02	
91	1.167660e+01	1.538800e-01	8.432670e-01	2.173500e-02	1.010410e+00	7.500000e-03	1.605314e-02	
92	1.363863e+01	2.001000e-01	8.727160e-01	1.899200e-02	9.987700e-01	3.850000e-03	1.288668e-02	
95	2.093131e+01	1.756120e+00	9.105380e-01	4.426000e-02	9.498200e-01	4.772000e-02	8.613542e-03	
96	1.673376e+01	6.226800e-01	8.818830e-01	2.373900e-02	9.539500e-01	1.329000e-02	1.142194e-02	
97	1.140086e+01	4.448500e-01	8.733480e-01	1.938400e-02	9.131100e-01	1.284000e-02	1.172295e-02	
98	2.345729e+01	7.017300e-01	8.488040e-01	1.925900e-02	9.307200e-01	8.710000e-03	1.426465e-02	
100	1.179666e+01	1.731100e-01	8.853180e-01	1.834500e-02	1.009230e+00	6.200000e-03	1.173241e-02	
101	1.177963e+01	2.318200e-01	8.434300e-01	1.741900e-02	9.218900e-01	8.460000e-03	1.463152e-02	
102	1.179116e+01	3.297500e-01	8.454670e-01	1.630000e-02	1.030130e+00	1.008000e-02	1.613671e-02	
103	1.273273e+01	6.176700e-01	8.284660e-01	1.511900e-02	9.941600e-01	1.935000e-02	1.728655e-02	
104	1.062334e+01	3.825300e-01	8.550020e-01	1.244400e-02	9.639100e-01	1.020000e-02	1.416773e-02	
107	1.749167e+01	3.575100e-01	8.526790e-01	2.050700e-02	1.002540e+00	8.060000e-03	1.497160e-02	
108	1.331988e+01	4.422700e-01	8.459330e-01	1.494900e-02	9.742700e-01	1.113000e-02	1.521566e-02	
110	1.189380e+01	6.247900e-01	8.934490e-01	1.819600e-02	8.966900e-01	1.763000e-02	9.685046e-03	
111	1.141410e+01	6.473500e-01	8.357910e-01	1.417700e-02	8.951500e-01	1.470000e-02	1.490029e-02	
112	1.031074e+01	1.009660e+00	8.272450e-01	2.196800e-02	8.080700e-01	1.958000e-02	1.415081e-02	
113	9.234740e+00	7.254600e-01	7.944680e-01	1.802200e-02	7.241900e-01	1.952000e-02	1.508807e-02	
115	9.539170e+00	1.308770e+00	7.669700e-01	2.657600e-02	7.583900e-01	4.481000e-02	1.791457e-02	
116	1.040651e+01	4.073100e-01	8.331690e-01	1.508600e-02	9.590700e-01	1.464000e-02	1.621918e-02	
117	1.133609e+01	7.070700e-01	8.551620e-01	1.312100e-02	1.042960e+00	2.550000e-02	1.531271e-02	
118	1.122595e+01	5.338100e-01	8.462790e-01	1.305300e-02	9.812700e-01	1.283000e-02	1.529057e-02	
119	1.128219e+01	3.789400e-01	8.475670e-01	1.503700e-02	9.554200e-01	1.131000e-02	1.476302e-02	
120	9.575300e+00	4.012600e-01	7.359840e-01	1.323900e-02	8.631700e-01	1.126000e-02	2.310087e-02	
121	1.300272e+01	2.806000e-01	8.473670e-01	1.186300e-02	1.075100e+00	1.008000e-02	1.663409e-02	
122	1.114283e+01	1.116800e-01	8.544970e-01	1.559700e-02	9.733200e-01	5.430000e-03	1.435587e-02	
123	1.122272e+01	2.257500e-01	8.744970e-01	1.923000e-02	9.811700e-01	8.830000e-03	1.248246e-02	
124	1.141000e+01	3.785500e-01	8.315100e-01	1.918200e-02	9.577600e-01	6.560000e-03	1.635809e-02	
126	1.102148e+01	2.542300e-01	8.436240e-01	1.897400e-02	1.000910e+00	1.068000e-02	1.586598e-02	
127	1.080330e+01	2.315700e-01	8.606410e-01	1.519700e-02	9.246400e-01	1.002000e-02	1.306200e-02	
128	1.130799e+01	2.447500e-01	8.567760e-01	1.456900e-02	1.005730e+00	5.440000e-03	1.460155e-02	
129	1.080895e+01	1.878200e-01	8.596450e-01	1.620400e-02	9.688200e-01	4.740000e-03	1.378392e-02	
130	1.037084e+01	3.901800e-01	8.424610e-01	1.733200e-02	9.488200e-01	9.270000e-03	1.515213e-02	
131	1.215464e+01	2.393200e-01	8.555360e-01	1.793800e-02	1.014770e+00	6.540000e-03	1.486035e-02	
132	1.100662e+01	2.444800e-01	8.417450e-01	1.209100e-02	9.786800e-01	6.610000e-03	1.570001e-02	
133	1.115744e+01	4.790700e-01	8.273880e-01	1.267600e-02	9.850600e-01	1.212000e-02	1.723596e-02	
134	1.109748e+01	3.500600e-01	8.455570e-01	1.208100e-02	9.444800e-01	8.220000e-03	1.478641e-02	
135	1.106067e+01	4.856400e-01	8.464600e-01	1.243600e-02	9.880200e-01	1.049000e-02	1.537762e-02	
136	1.137974e+01	3.254400e-01	8.640310e-01	1.380300e-02	9.621700e-01	1.012000e-02	1.326153e-02	
137	9.672000e+00	6.281800e-01	8.223120e-01	1.209100e-02	8.623900e-01	2.735000e-02	1.553330e-02	
138	1.057678e+01	3.730100e-01	8.192280e-01	1.333600e-02	9.629500e-01	8.190000e-03	1.764561e-02	
