3	8.091210e+00	5.049000e-02	6.892510e-01	3.734600e-02	1.314300e+00	8.950000e-03	4.140055e-02	
4	8.759420e+00	7.441000e-02	6.780470e-01	3.670500e-02	1.429000e+00	2.986000e-02	4.663656e-02	
6	9.570280e+00	2.867600e-01	7.530130e-01	4.239000e-02	1.644050e+00	2.632000e-02	4.116148e-02	
7	1.023625e+01	6.884000e-02	7.626780e-01	4.943400e-02	1.621460e+00	6.082000e-02	3.900732e-02	
8	9.611910e+00	8.487000e-02	8.092580e-01	4.988600e-02	1.518510e+00	2.716000e-02	2.936066e-02	
10	9.194070e+00	1.038100e-01	7.930080e-01	4.288200e-02	1.459790e+00	2.968000e-02	3.062991e-02	
13	1.001169e+01	8.177000e-02	8.292050e-01	4.363300e-02	1.610510e+00	2.166000e-02	2.788306e-02	
14	9.302670e+00	1.166200e-01	7.355510e-01	3.924300e-02	1.436520e+00	1.592000e-02	3.850840e-02	
15	1.040746e+01	1.288800e-01	6.609530e-01	4.005500e-02	1.571730e+00	3.935000e-02	5.401815e-02	
17	9.722400e+00	1.791700e-01	6.732480e-01	4.514300e-02	1.560370e+00	1.891000e-02	5.168300e-02	
18	1.025207e+01	6.241000e-02	8.157800e-01	4.177800e-02	1.594250e+00	3.320000e-02	2.977111e-02	
19	1.007227e+01	1.282400e-01	8.395600e-01	5.407100e-02	1.677190e+00	1.458000e-02	2.727701e-02	
20	9.924700e+00	1.447400e-01	7.692140e-01	4.738100e-02	1.566210e+00	2.217000e-02	3.664049e-02	
22	9.711310e+00	1.007900e-01	8.172220e-01	4.555600e-02	1.566730e+00	1.752000e-02	2.902819e-02	
23	1.004158e+01	1.588800e-01	8.183120e-01	4.319000e-02	1.626220e+00	2.597000e-02	2.995073e-02	
24	9.480930e+00	1.384200e-01	7.543090e-01	3.339800e-02	1.607240e+00	1.574000e-02	4.002873e-02	
25	9.715880e+00	8.669000e-02	7.662010e-01	3.903800e-02	1.594430e+00	2.372000e-02	3.778766e-02	
27	1.059991e+01	2.347400e-01	8.274990e-01	5.591300e-02	1.607490e+00	2.021000e-02	2.810876e-02	
30	8.808650e+00	1.199600e-01	6.313310e-01	2.951800e-02	1.495420e+00	2.436000e-02	5.588582e-02	
31	9.404210e+00	1.248400e-01	8.219490e-01	5.598600e-02	1.519130e+00	2.459000e-02	2.741834e-02	
33	9.577690e+00	1.189100e-01	8.243560e-01	5.202200e-02	1.563720e+00	1.776000e-02	2.784160e-02	
34	9.662310e+00	2.651500e-01	7.305380e-01	3.707200e-02	1.649480e+00	2.621000e-02	4.505536e-02	
35	1.023430e+01	2.455000e-01	8.278130e-01	6.065100e-02	1.520500e+00	2.898000e-02	2.653925e-02	
36	9.339810e+00	1.080500e-01	7.878270e-01	3.987800e-02	1.484070e+00	1.935000e-02	3.191878e-02	
38	9.631080e+00	1.911000e-01	7.742920e-01	4.822900e-02	1.566030e+00	1.802000e-02	3.583017e-02	
39	9.714350e+00	1.664800e-01	8.358950e-01	5.552500e-02	1.515420e+00	1.862000e-02	2.520906e-02	
42	1.051848e+01	2.339000e-01	7.453330e-01	4.209100e-02	1.586340e+00	3.710000e-02	4.095159e-02	
43	9.938380e+00	1.707900e-01	7.378680e-01	4.927800e-02	1.557170e+00	2.301000e-02	4.137690e-02	
45	9.757520e+00	2.089000e-01	7.486820e-01	4.029100e-02	1.680050e+00	4.093000e-02	4.280038e-02	
46	9.993660e+00	8.865000e-02	8.213610e-01	5.852800e-02	1.579800e+00	3.130000e-02	2.860752e-02	
47	9.900080e+00	1.494000e-01	8.292000e-01	5.370600e-02	1.608420e+00	2.030000e-02	2.784769e-02	
51	9.994670e+00	1.990800e-01	7.629860e-01	6.646200e-02	1.602010e+00	2.600000e-02	3.848939e-02	
55	9.477750e+00	1.983700e-01	8.448670e-01	4.723300e-02	1.627230e+00	2.221000e-02	2.558910e-02	
56	8.978170e+00	7.775000e-02	7.876190e-01	3.523900e-02	1.566810e+00	4.366000e-02	3.373136e-02	
57	8.821170e+00	1.344900e-01	7.737340e-01	4.612300e-02	1.469710e+00	3.871000e-02	3.370954e-02	
58	9.829640e+00	1.522000e-01	7.924460e-01	4.326800e-02	1.629980e+00	1.908000e-02	3.429377e-02	
59	9.549350e+00	1.194300e-01	7.849370e-01	4.428400e-02	1.694990e+00	3.077000e-02	3.695172e-02	
60	1.000114e+01	8.901000e-02	7.696100e-01	4.403500e-02	1.589410e+00	1.936000e-02	3.711944e-02	
61	1.007102e+01	2.560700e-01	7.601150e-01	4.691700e-02	1.602760e+00	2.680000e-02	3.897386e-02	
62	9.903280e+00	1.890300e-01	7.743630e-01	4.290100e-02	1.582820e+00	2.284000e-02	3.620293e-02	
63	9.733590e+00	2.172800e-01	8.398120e-01	5.234100e-02	1.480820e+00	1.832000e-02	2.404552e-02	
64	1.026902e+01	1.669500e-01	8.591240e-01	5.495500e-02	1.612600e+00	1.724000e-02	2.302849e-02	
65	9.915230e+00	1.792600e-01	8.698940e-01	4.984900e-02	1.523370e+00	1.900000e-02	2.009114e-02	
66	1.002926e+01	1.672800e-01	8.194660e-01	4.075500e-02	1.596260e+00	1.872000e-02	2.921221e-02	
67	1.067834e+01	1.765100e-01	8.008820e-01	4.411500e-02	1.554810e+00	3.730000e-02	3.138266e-02	
68	9.445670e+00	2.584400e-01	7.658320e-01	3.406600e-02	1.442210e+00	1.233000e-02	3.423402e-02	
69	1.082486e+01	2.028800e-01	7.857730e-01	4.934900e-02	1.658110e+00	5.176000e-02	3.600720e-02	
70	9.925220e+00	1.809300e-01	7.514710e-01	4.602100e-02	1.540560e+00	1.873000e-02	3.881124e-02	
71	1.208374e+01	2.541300e-01	8.231420e-01	4.871900e-02	1.718800e+00	6.061000e-02	3.081427e-02	
75	9.667970e+00	1.268600e-01	7.911140e-01	5.102600e-02	1.628090e+00	2.032000e-02	3.447383e-02	
77	1.293444e+01	1.591800e-01	8.618960e-01	5.293400e-02	1.523570e+00	1.979000e-02	2.132900e-02	
78	1.096412e+01	2.931500e-01	7.986420e-01	6.249000e-02	1.696270e+00	2.467000e-02	3.462308e-02	
80	7.859390e+00	1.580300e-01	8.349050e-01	4.994500e-02	1.255360e+00	1.085000e-02	2.100894e-02	
82	1.064746e+01	3.342000e-01	7.802260e-01	6.374600e-02	1.537910e+00	4.102000e-02	3.426171e-02	
83	9.559900e+00	7.002000e-02	7.564920e-01	4.568700e-02	1.525950e+00	2.940000e-02	3.766651e-02	
84	1.005148e+01	1.586400e-01	6.697130e-01	2.968100e-02	1.504010e+00	1.314000e-02	5.035517e-02	
86	9.438730e+00	1.140700e-01	7.467450e-01	3.934800e-02	1.595520e+00	1.524000e-02	4.096020e-02	
87	9.991810e+00	1.009800e-01	7.690500e-01	4.741200e-02	1.576160e+00	1.744000e-02	3.689947e-02	
88	9.757950e+00	1.186400e-01	7.877710e-01	4.062400e-02	1.538060e+00	1.149000e-02	3.308871e-02	
90	1.025356e+01	1.998500e-01	7.698280e-01	4.606300e-02	1.484900e+00	1.603000e-02	3.464588e-02	
91	9.928130e+00	1.063800e-01	8.418750e-01	5.595600e-02	1.556050e+00	1.066000e-02	2.494169e-02	
92	1.034845e+01	1.561000e-01	7.934880e-01	4.927400e-02	1.657970e+00	4.665000e-02	3.470754e-02	
95	1.358696e+01	2.817700e-01	7.138130e-01	6.881600e-02	1.733750e+00	5.847000e-02	5.029655e-02	
96	1.213031e+01	2.053100e-01	7.346400e-01	4.275600e-02	1.649260e+00	3.206000e-02	4.436356e-02	
97	9.915450e+00	1.583200e-01	8.246820e-01	5.423900e-02	1.535250e+00	3.187000e-02	2.728396e-02	
98	1.536289e+01	2.658000e-01	7.462730e-01	4.916600e-02	1.514320e+00	3.127000e-02	3.894809e-02	
100	9.968780e+00	1.331800e-01	8.406890e-01	4.425500e-02	1.621040e+00	1.765000e-02	2.617829e-02	
101	1.051604e+01	1.735200e-01	8.128530e-01	4.829500e-02	1.556310e+00	2.172000e-02	2.952438e-02	
102	9.862530e+00	1.628500e-01	7.879080e-01	4.636400e-02	1.661910e+00	2.814000e-02	3.573005e-02	
103	1.103905e+01	1.613500e-01	7.847580e-01	4.510700e-02	1.653110e+00	2.854000e-02	3.606871e-02	
104	9.263340e+00	1.163500e-01	8.412310e-01	3.937200e-02	1.520670e+00	1.090000e-02	2.447386e-02	
107	1.484962e+01	2.183000e-01	8.607260e-01	6.065800e-02	1.648430e+00	3.548000e-02	2.327247e-02	
108	1.103437e+01	9.683000e-02	8.148990e-01	4.566500e-02	1.596130e+00	2.740000e-02	2.994876e-02	
110	1.044056e+01	1.365700e-01	7.664720e-01	4.368600e-02	1.564380e+00	2.047000e-02	3.703250e-02	
111	1.005369e+01	1.756400e-01	8.927430e-01	4.612600e-02	1.571800e+00	2.857000e-02	1.708932e-02	
112	1.018876e+01	2.012700e-01	7.810500e-01	6.532400e-02	1.495500e+00	3.489000e-02	3.319198e-02	
113	9.709360e+00	9.057000e-02	7.731040e-01	6.007300e-02	1.320350e+00	1.658000e-02	3.036811e-02	
115	1.040768e+01	3.700800e-01	6.257400e-01	6.963800e-02	1.500840e+00	9.184000e-02	5.693898e-02	
116	9.520060e+00	1.689700e-01	7.521850e-01	4.918500e-02	1.567180e+00	1.177000e-02	3.936845e-02	
117	1.055748e+01	1.183500e-01	7.442180e-01	4.211300e-02	1.681770e+00	3.331000e-02	4.360521e-02	
118	9.630300e+00	8.763000e-02	8.059050e-01	4.975400e-02	1.618170e+00	2.071000e-02	3.183760e-02	
119	1.015109e+01	1.247500e-01	8.426370e-01	4.445700e-02	1.590340e+00	3.586000e-02	2.536848e-02	
120	8.465860e+00	1.394600e-01	7.171620e-01	4.618400e-02	1.445730e+00	1.808000e-02	4.145022e-02	
121	1.051108e+01	8.399000e-02	8.353160e-01	4.060700e-02	1.700100e+00	2.090000e-02	2.838100e-02	
122	9.621810e+00	9.911000e-02	8.053000e-01	4.613400e-02	1.573830e+00	3.502000e-02	3.106173e-02	
123	1.005913e+01	9.570000e-02	7.506250e-01	4.507400e-02	1.579600e+00	2.653000e-02	3.993024e-02	
124	9.381090e+00	1.312900e-01	7.747450e-01	4.937100e-02	1.616020e+00	2.405000e-02	3.689971e-02	
126	9.616200e+00	1.449300e-01	8.534930e-01	5.694300e-02	1.609570e+00	2.582000e-02	2.390397e-02	
127	9.626450e+00	7.628000e-02	8.123820e-01	4.607800e-02	1.580170e+00	2.180000e-02	3.005247e-02	
128	9.940140e+00	1.105200e-01	8.492220e-01	4.793200e-02	1.577950e+00	2.380000e-02	2.411754e-02	
129	9.436280e+00	8.619000e-02	8.186820e-01	4.590900e-02	1.584930e+00	2.907000e-02	2.913083e-02	
130	9.117290e+00	1.184100e-01	7.212810e-01	4.231300e-02	1.574790e+00	1.205000e-02	4.449294e-02	
131	1.044494e+01	1.470200e-01	7.429220e-01	5.399300e-02	1.661660e+00	2.857000e-02	4.330210e-02	
132	9.609000e+00	1.355100e-01	8.674220e-01	4.500200e-02	1.527660e+00	2.203000e-02	2.053052e-02	
133	9.893240e+00	2.715900e-01	7.903730e-01	4.316100e-02	1.616080e+00	1.049000e-02	3.434092e-02	
134	9.594590e+00	8.263000e-02	7.506720e-01	3.780200e-02	1.576580e+00	1.545000e-02	3.984638e-02	
135	9.867490e+00	8.061000e-02	7.765730e-01	3.966000e-02	1.619940e+00	1.734000e-02	3.668905e-02	
136	9.819400e+00	1.690400e-01	8.600700e-01	4.801800e-02	1.581220e+00	1.587000e-02	2.242874e-02	
137	9.338420e+00	2.602400e-01	8.026880e-01	4.409600e-02	1.525960e+00	2.549000e-02	3.052098e-02	
138	9.213270e+00	7.949000e-02	7.553200e-01	4.079400e-02	1.578650e+00	3.040000e-02	3.915490e-02	
