7.169679e+00	1.000000e+00	3.764111e-05
7.332484e+00	0.000000e+00	2.395605e-04
7.498987e+00	0.000000e+00	1.372895e-03
7.669270e+00	0.000000e+00	7.020451e-03
7.843420e+00	1.000000e+00	3.172565e-02
8.021525e+00	1.000000e+00	1.254152e-01
8.203673e+00	1.000000e+00	4.290542e-01
8.389958e+00	2.000000e+00	1.255929e+00
8.580473e+00	4.000000e+00	3.108168e+00
8.775315e+00	3.000000e+00	6.421540e+00
8.974580e+00	1.300000e+01	1.092892e+01
9.178370e+00	1.500000e+01	1.510812e+01
9.386788e+00	1.700000e+01	1.671476e+01
9.599939e+00	1.400000e+01	1.456999e+01
9.817930e+00	1.000000e+01	9.843182e+00
1.004087e+01	4.000000e+00	5.065174e+00
1.026887e+01	4.000000e+00	1.949392e+00
1.050205e+01	1.000000e+00	5.504169e-01
1.074053e+01	0.000000e+00	1.117306e-01
1.098442e+01	2.000000e+00	1.596160e-02
1.123385e+01	2.000000e+00	1.569113e-03
1.148894e+01	1.000000e+00	1.036681e-04
1.174983e+01	0.000000e+00	4.490082e-06
1.201664e+01	1.000000e+00	1.242009e-07
1.228950e+01	0.000000e+00	2.134580e-09
1.256857e+01	0.000000e+00	2.214399e-11
1.285397e+01	0.000000e+00	1.345078e-13
1.314585e+01	2.000000e+00	4.633413e-16
1.344436e+01	1.000000e+00	8.752264e-19


4.451114e-01	1.000000e+00	1.867674e-02
4.557622e-01	0.000000e+00	3.000542e-02
4.666679e-01	0.000000e+00	4.780903e-02
4.778345e-01	0.000000e+00	7.546285e-02
4.892683e-01	0.000000e+00	1.178527e-01
5.009757e-01	0.000000e+00	1.818716e-01
5.129633e-01	0.000000e+00	2.769558e-01
5.252377e-01	0.000000e+00	4.155654e-01
5.378058e-01	0.000000e+00	6.134451e-01
5.506746e-01	0.000000e+00	8.894102e-01
5.638514e-01	0.000000e+00	1.264321e+00
5.773434e-01	0.000000e+00	1.758873e+00
5.911583e-01	1.000000e+00	2.389889e+00
6.053038e-01	5.000000e+00	3.165049e+00
6.197878e-01	8.000000e+00	4.076453e+00
6.346183e-01	3.000000e+00	5.094088e+00
6.498037e-01	1.000000e+01	6.161071e+00
6.653525e-01	7.000000e+00	7.193037e+00
6.812733e-01	6.000000e+00	8.084061e+00
6.975751e-01	6.000000e+00	8.720340e+00
7.142669e-01	9.000000e+00	9.000695e+00
7.313582e-01	8.000000e+00	8.859984e+00
7.488584e-01	1.000000e+01	8.288932e+00
7.667774e-01	1.000000e+01	7.343150e+00
7.851252e-01	5.000000e+00	6.136270e+00
8.039119e-01	6.000000e+00	4.817154e+00
8.231483e-01	2.000000e+00	3.537265e+00
8.428449e-01	1.000000e+00	2.418568e+00
8.630128e-01	2.000000e+00	1.532413e+00


1.535996e+00	1.000000e+00	2.040287e-15
1.554337e+00	0.000000e+00	3.206242e-14
1.572898e+00	0.000000e+00	4.665677e-13
1.591679e+00	0.000000e+00	6.264729e-12
1.610685e+00	0.000000e+00	7.733379e-11
1.629918e+00	1.000000e+00	8.743366e-10
1.649381e+00	0.000000e+00	9.018720e-09
1.669076e+00	0.000000e+00	8.453429e-08
1.689006e+00	0.000000e+00	7.170617e-07
1.709175e+00	0.000000e+00	5.481221e-06
1.729584e+00	1.000000e+00	3.759268e-05
1.750237e+00	0.000000e+00	2.302964e-04
1.771136e+00	0.000000e+00	1.254369e-03
1.792285e+00	0.000000e+00	6.045831e-03
1.813686e+00	1.000000e+00	2.566008e-02
1.835343e+00	2.000000e+00	9.542214e-02
1.857259e+00	1.000000e+00	3.093032e-01
1.879436e+00	2.000000e+00	8.692701e-01
1.901879e+00	2.000000e+00	2.106614e+00
1.924589e+00	8.000000e+00	4.377563e+00
1.947570e+00	9.000000e+00	7.755053e+00
1.970826e+00	5.000000e+00	1.164284e+01
1.994359e+00	1.600000e+01	1.472307e+01
2.018174e+00	1.900000e+01	1.558374e+01
2.042272e+00	1.200000e+01	1.371738e+01
2.066659e+00	1.200000e+01	9.974920e+00
2.091337e+00	3.000000e+00	5.951395e+00
2.116309e+00	2.000000e+00	2.893001e+00
2.141580e+00	3.000000e+00	1.137530e+00


2.676051e-02	1.000000e+00	3.769517e-01
2.812018e-02	1.000000e+00	4.764654e-01
2.954894e-02	0.000000e+00	6.034510e-01
3.105028e-02	0.000000e+00	7.650904e-01
3.262791e-02	0.000000e+00	9.700004e-01
3.428570e-02	0.000000e+00	1.228208e+00
3.602771e-02	2.000000e+00	1.550888e+00
3.785824e-02	0.000000e+00	1.949710e+00
3.978177e-02	3.000000e+00	2.435607e+00
4.180304e-02	3.000000e+00	3.016746e+00
4.392700e-02	3.000000e+00	3.695549e+00
4.615888e-02	5.000000e+00	4.464708e+00
4.850416e-02	8.000000e+00	5.302494e+00
5.096860e-02	8.000000e+00	6.168144e+00
5.355825e-02	6.000000e+00	6.998797e+00
5.627948e-02	9.000000e+00	7.710178e+00
5.913898e-02	5.000000e+00	8.203487e+00
6.214376e-02	8.000000e+00	8.380337e+00
6.530121e-02	7.000000e+00	8.165289e+00
6.861909e-02	7.000000e+00	7.531714e+00
7.210555e-02	9.000000e+00	6.522299e+00
7.576915e-02	6.000000e+00	5.253254e+00
7.961889e-02	5.000000e+00	3.894289e+00
8.366423e-02	2.000000e+00	2.626111e+00
8.791511e-02	0.000000e+00	1.590003e+00
9.238198e-02	0.000000e+00	8.517937e-01
9.707580e-02	0.000000e+00	3.972262e-01
1.020081e-01	0.000000e+00	1.583459e-01
1.071910e-01	0.000000e+00	5.287296e-02


1.503595e-01	1.000000e+00	9.739193e-02
1.528007e-01	1.000000e+00	1.555183e-01
1.552816e-01	0.000000e+00	2.436469e-01
1.578027e-01	0.000000e+00	3.740657e-01
1.603648e-01	0.000000e+00	5.620932e-01
1.629684e-01	0.000000e+00	8.256319e-01
1.656144e-01	2.000000e+00	1.183871e+00
1.683033e-01	0.000000e+00	1.654859e+00
1.710358e-01	3.000000e+00	2.251808e+00
1.738127e-01	3.000000e+00	2.978284e+00
1.766347e-01	3.000000e+00	3.822873e+00
1.795026e-01	5.000000e+00	4.754459e+00
1.824169e-01	8.000000e+00	5.719664e+00
1.853787e-01	8.000000e+00	6.644168e+00
1.883884e-01	6.000000e+00	7.439167e+00
1.914471e-01	9.000000e+00	8.013169e+00
1.945554e-01	5.000000e+00	8.287651e+00
1.977142e-01	8.000000e+00	8.213423e+00
2.009242e-01	7.000000e+00	7.783360e+00
2.041864e-01	7.000000e+00	7.037360e+00
2.075016e-01	9.000000e+00	6.057111e+00
2.108706e-01	6.000000e+00	4.951199e+00
2.142942e-01	5.000000e+00	3.834259e+00
2.177735e-01	2.000000e+00	2.805922e+00
2.213092e-01	0.000000e+00	1.935301e+00
2.249024e-01	0.000000e+00	1.254620e+00
2.285539e-01	0.000000e+00	7.623165e-01
2.322646e-01	0.000000e+00	4.328519e-01
2.360357e-01	0.000000e+00	2.289806e-01


