7.951270e+00	1.000000e+00	2.541395e-03
8.137180e+00	1.000000e+00	1.298839e-02
8.327436e+00	0.000000e+00	5.806805e-02
8.522140e+00	1.000000e+00	2.245573e-01
8.721397e+00	3.000000e+00	7.422546e-01
8.925313e+00	1.000000e+00	2.070838e+00
9.133996e+00	3.000000e+00	4.812018e+00
9.347559e+00	9.000000e+00	9.183115e+00
9.566115e+00	1.700000e+01	1.418025e+01
9.789781e+00	1.400000e+01	1.744205e+01
1.001868e+01	2.100000e+01	1.680889e+01
1.025292e+01	8.000000e+00	1.247147e+01
1.049265e+01	9.000000e+00	6.993975e+00
1.073798e+01	3.000000e+00	2.907416e+00
1.098904e+01	3.000000e+00	8.777153e-01
1.124598e+01	0.000000e+00	1.883058e-01
1.150892e+01	0.000000e+00	2.806254e-02
1.177801e+01	0.000000e+00	2.835935e-03
1.205340e+01	2.000000e+00	1.894791e-04
1.233522e+01	0.000000e+00	8.149286e-06
1.262363e+01	0.000000e+00	2.193551e-07
1.291878e+01	1.000000e+00	3.587315e-09
1.322084e+01	0.000000e+00	3.454809e-11
1.352995e+01	1.000000e+00	1.895967e-13
1.384630e+01	0.000000e+00	5.727355e-16
1.417004e+01	0.000000e+00	9.182605e-19
1.450135e+01	0.000000e+00	7.519794e-22
1.484041e+01	1.000000e+00	3.020929e-25
1.518739e+01	1.000000e+00	5.705833e-29


6.295975e-01	2.000000e+00	2.316542e-02
6.373600e-01	0.000000e+00	3.959633e-02
6.452182e-01	0.000000e+00	6.636411e-02
6.531733e-01	0.000000e+00	1.089650e-01
6.612265e-01	1.000000e+00	1.751119e-01
6.693789e-01	2.000000e+00	2.751742e-01
6.776319e-01	1.000000e+00	4.224137e-01
6.859866e-01	1.000000e+00	6.328040e-01
6.944444e-01	0.000000e+00	9.241677e-01
7.030064e-01	0.000000e+00	1.314373e+00
7.116740e-01	1.000000e+00	1.818423e+00
7.204484e-01	2.000000e+00	2.444484e+00
7.293311e-01	1.000000e+00	3.189254e+00
7.383232e-01	3.000000e+00	4.033467e+00
7.474262e-01	9.000000e+00	4.938765e+00
7.566415e-01	6.000000e+00	5.847305e+00
7.659704e-01	9.000000e+00	6.685306e+00
7.754142e-01	6.000000e+00	7.371047e+00
7.849746e-01	9.000000e+00	7.826658e+00
7.946528e-01	6.000000e+00	7.991755e+00
8.044503e-01	5.000000e+00	7.835883e+00
8.143686e-01	7.000000e+00	7.366422e+00
8.244092e-01	1.000000e+01	6.629364e+00
8.345736e-01	4.000000e+00	5.702143e+00
8.448633e-01	7.000000e+00	4.679931e+00
8.552799e-01	3.000000e+00	3.658808e+00
8.658249e-01	4.000000e+00	2.720077e+00
8.764999e-01	0.000000e+00	1.919486e+00
8.873066e-01	1.000000e+00	1.283363e+00


1.262387e+00	1.000000e+00	2.928496e-06
1.276520e+00	0.000000e+00	1.086889e-05
1.290811e+00	0.000000e+00	3.854020e-05
1.305263e+00	0.000000e+00	1.303225e-04
1.319876e+00	2.000000e+00	4.194379e-04
1.334652e+00	0.000000e+00	1.282337e-03
1.349594e+00	0.000000e+00	3.716570e-03
1.364704e+00	0.000000e+00	1.019024e-02
1.379982e+00	0.000000e+00	2.637540e-02
1.395432e+00	0.000000e+00	6.430318e-02
1.411054e+00	0.000000e+00	1.473345e-01
1.426852e+00	1.000000e+00	3.165255e-01
1.442826e+00	3.000000e+00	6.360797e-01
1.458979e+00	1.000000e+00	1.192756e+00
1.475313e+00	2.000000e+00	2.081798e+00
1.491830e+00	4.000000e+00	3.373294e+00
1.508531e+00	4.000000e+00	5.061147e+00
1.525420e+00	9.000000e+00	7.012027e+00
1.542498e+00	4.000000e+00	8.945965e+00
1.559767e+00	1.200000e+01	1.047989e+01
1.577229e+00	1.400000e+01	1.123975e+01
1.594887e+00	1.000000e+01	1.100316e+01
1.612742e+00	1.200000e+01	9.801546e+00
1.630798e+00	4.000000e+00	7.919712e+00
1.649055e+00	7.000000e+00	5.785571e+00
1.667517e+00	2.000000e+00	3.808488e+00
1.686186e+00	4.000000e+00	2.251324e+00
1.705063e+00	2.000000e+00	1.190895e+00
1.724152e+00	2.000000e+00	5.616807e-01


1.745139e-02	0.000000e+00	5.412562e-01
1.819088e-02	0.000000e+00	6.685850e-01
1.896170e-02	0.000000e+00	8.253079e-01
1.976519e-02	1.000000e+00	1.017201e+00
2.060272e-02	2.000000e+00	1.250566e+00
2.147574e-02	1.000000e+00	1.531945e+00
2.238576e-02	1.000000e+00	1.867604e+00
2.333433e-02	2.000000e+00	2.262762e+00
2.432310e-02	4.000000e+00	2.720466e+00
2.535377e-02	4.000000e+00	3.240114e+00
2.642812e-02	2.000000e+00	3.815661e+00
2.754799e-02	7.000000e+00	4.433642e+00
2.871531e-02	5.000000e+00	5.071335e+00
2.993209e-02	8.000000e+00	5.695544e+00
3.120044e-02	5.000000e+00	6.262688e+00
3.252253e-02	3.000000e+00	6.720933e+00
3.390064e-02	7.000000e+00	7.015030e+00
3.533715e-02	7.000000e+00	7.094018e+00
3.683453e-02	8.000000e+00	6.921156e+00
3.839536e-02	9.000000e+00	6.484294e+00
4.002233e-02	4.000000e+00	5.803827e+00
4.171824e-02	6.000000e+00	4.934931e+00
4.348602e-02	4.000000e+00	3.961559e+00
4.532870e-02	2.000000e+00	2.981998e+00
4.724946e-02	1.000000e+00	2.089067e+00
4.925162e-02	0.000000e+00	1.350925e+00
5.133861e-02	3.000000e+00	7.991524e-01
5.351404e-02	1.000000e+00	4.282078e-01
5.578165e-02	2.000000e+00	2.055901e-01


9.957982e-02	0.000000e+00	3.347554e-01
1.016202e-01	0.000000e+00	4.553715e-01
1.037023e-01	0.000000e+00	6.128871e-01
1.058271e-01	1.000000e+00	8.154019e-01
1.079955e-01	2.000000e+00	1.071320e+00
1.102083e-01	1.000000e+00	1.388613e+00
1.124664e-01	1.000000e+00	1.773751e+00
1.147708e-01	2.000000e+00	2.230309e+00
1.171224e-01	4.000000e+00	2.757305e+00
1.195222e-01	4.000000e+00	3.347438e+00
1.219711e-01	2.000000e+00	3.985491e+00
1.244703e-01	7.000000e+00	4.647268e+00
1.270206e-01	5.000000e+00	5.299508e+00
1.296232e-01	8.000000e+00	5.901193e+00
1.322791e-01	5.000000e+00	6.406526e+00
1.349895e-01	3.000000e+00	6.769586e+00
1.377554e-01	7.000000e+00	6.950266e+00
1.405779e-01	7.000000e+00	6.920644e+00
1.434583e-01	8.000000e+00	6.670602e+00
1.463977e-01	9.000000e+00	6.211324e+00
1.493973e-01	4.000000e+00	5.575570e+00
1.524584e-01	6.000000e+00	4.814172e+00
1.555822e-01	4.000000e+00	3.989118e+00
1.587700e-01	2.000000e+00	3.164482e+00
1.620232e-01	1.000000e+00	2.397159e+00
1.653429e-01	0.000000e+00	1.729437e+00
1.687307e-01	3.000000e+00	1.184998e+00
1.721880e-01	1.000000e+00	7.689004e-01
1.757160e-01	2.000000e+00	4.710170e-01


