0	203	R2	2.198845e+01	2.198845e+01	1.570024e-08	1.507038e-14	4.714829e-01
0	206	R2	2.476503e+01	2.476503e+01	1.776111e-08	0.000000e+00	3.615702e-01
0	209	R2	2.266280e+01	2.266280e+01	1.620157e-08	1.567515e-14	4.532925e-01
0	210	R2	1.914251e+01	1.914251e+01	1.357713e-08	9.571157e-15	3.711896e-01
0	212	R2	2.294602e+01	2.294602e+01	1.641197e-08	0.000000e+00	2.013391e+00
0	213	R2	2.547276e+01	2.547276e+01	1.828515e-08	7.548997e-15	4.706206e-01
0	214	R2	2.399545e+01	2.399545e+01	1.719074e-08	-8.537237e-15	4.161432e-01
0	215	R2	2.380071e+01	2.380071e+01	1.704631e-08	0.000000e+00	3.719543e-01
0	218	R2	2.484200e+01	2.484200e+01	1.781813e-08	0.000000e+00	8.077090e-01
0	219	R2	2.630038e+01	2.630038e+01	1.889743e-08	5.916356e-15	6.004902e-01
0	222	R2	2.133541e+01	2.133541e+01	1.521418e-08	0.000000e+00	4.028835e-01
0	224	R2	2.615070e+01	2.615070e+01	1.878674e-08	-6.096018e-15	5.827925e-01
0	227	R2	2.469605e+01	2.469605e+01	1.771001e-08	0.000000e+00	3.726029e-01
0	228	R2	2.419796e+01	2.419796e+01	1.734088e-08	2.346182e-14	3.028507e-01
0	231	R2	2.385490e+01	2.385490e+01	1.708650e-08	8.639712e-15	4.112074e-01
0	232	R2	2.503092e+01	2.503092e+01	1.795804e-08	1.031051e-14	3.445721e-01
0	233	R2	2.339577e+01	2.339577e+01	1.674586e-08	-8.988680e-15	3.952431e-01
0	234	R2	2.571040e+01	2.571040e+01	1.846102e-08	-9.429893e-15	3.767502e-01
0	235	R2	2.446459e+01	2.446459e+01	1.753851e-08	0.000000e+00	4.543811e-01
0	236	R2	2.304284e+01	2.304284e+01	1.648387e-08	5.230646e-15	6.792113e-01
0	237	R2	2.477334e+01	2.477334e+01	1.776727e-08	-9.248460e-15	3.841411e-01
0	242	R2	2.264468e+01	2.264468e+01	1.618811e-08	0.000000e+00	5.114372e-01
0	243	R2	2.084082e+01	2.084082e+01	1.484564e-08	1.109465e-14	3.202186e-01
0	244	R2	2.446588e+01	2.446588e+01	1.753947e-08	6.859141e-15	5.179532e-01
0	245	R2	2.293394e+01	2.293394e+01	1.640299e-08	2.598616e-14	2.734312e-01
0	246	R2	2.346404e+01	2.346404e+01	1.679653e-08	-9.973452e-15	3.562170e-01
0	247	R2	2.384895e+01	2.384895e+01	1.708209e-08	1.201568e-14	2.956730e-01
0	249	R2	2.819075e+01	2.819075e+01	2.029398e-08	5.188359e-15	6.847470e-01
0	251	R2	2.587980e+01	2.587980e+01	1.858635e-08	-7.096934e-15	5.005984e-01
0	252	R2	2.470292e+01	2.470292e+01	1.771510e-08	-8.822165e-15	8.054063e-01
0	254	R2	2.122145e+01	2.122145e+01	1.512929e-08	2.981336e-15	1.191651e+00
0	255	R2	2.017344e+01	2.017344e+01	1.434775e-08	-6.166285e-15	5.761514e-01
0	256	R2	2.419906e+01	2.419906e+01	1.734170e-08	1.300602e-14	5.463182e-01
0	257	R2	2.522261e+01	2.522261e+01	1.809998e-08	0.000000e+00	5.315731e-01
0	258	R2	2.610014e+01	2.610014e+01	1.874934e-08	-5.920562e-15	6.000636e-01
0	259	R2	2.653721e+01	2.653721e+01	1.907253e-08	-6.144742e-15	5.781714e-01
0	260	R2	2.633925e+01	2.633925e+01	1.892617e-08	5.512922e-15	6.444339e-01
0	261	R2	2.690227e+01	2.690227e+01	1.934237e-08	4.373944e-15	8.122448e-01
0	263	R2	2.498999e+01	2.498999e+01	1.792774e-08	-8.261554e-15	4.300297e-01
0	266	R2	2.404556e+01	2.404556e+01	1.722790e-08	-1.140863e-14	3.114059e-01
0	267	R2	2.396372e+01	2.396372e+01	1.716721e-08	8.152245e-15	4.357957e-01
0	269	R2	2.381603e+01	2.381603e+01	1.705768e-08	0.000000e+00	6.056305e-01
0	270	R2	2.520880e+01	2.520880e+01	1.808975e-08	-6.582334e-15	5.397346e-01
0	271	R2	2.626961e+01	2.626961e+01	1.887467e-08	7.150860e-15	4.968233e-01
0	272	R2	2.780160e+01	2.780160e+01	2.000669e-08	-5.925091e-15	5.996049e-01
0	273	R2	2.397929e+01	2.397929e+01	1.717875e-08	-7.537680e-15	4.713272e-01
0	275	R2	2.302506e+01	2.302506e+01	1.647066e-08	-6.229555e-15	5.702997e-01
0	276	R2	2.434265e+01	2.434265e+01	1.744813e-08	-6.601676e-15	5.381533e-01
0	278	R2	2.483137e+01	2.483137e+01	1.781025e-08	0.000000e+00	3.942453e-01
0	279	R2	2.265170e+01	2.265170e+01	1.619333e-08	-3.381483e-14	3.151913e-01
0	280	R2	2.500730e+01	2.500730e+01	1.794055e-08	-5.361643e-15	6.626166e-01
0	281	R2	1.402673e+01	1.402673e+01	9.713840e-09	-7.649560e-15	2.322169e-01
0	287	R2	2.380735e+01	2.380735e+01	1.705124e-08	-1.431968e-14	4.962001e-01
0	289	R2	2.184614e+01	2.184614e+01	1.559437e-08	1.210271e-14	2.935470e-01
0	290	R2	1.906606e+01	1.906606e+01	1.351991e-08	4.174010e-14	1.702303e-01


1	203	NOE	7.344566e-01	7.344566e-01	3.272879e-09	0.000000e+00	3.490610e-02
1	206	NOE	8.199713e-01	8.199713e-01	8.679496e-09	0.000000e+00	3.154263e-02
1	209	NOE	7.231486e-01	7.231486e-01	3.098359e-09	0.000000e+00	3.771208e-02
1	210	NOE	6.527213e-01	6.527213e-01	2.406103e-09	-2.411697e-15	4.603493e-02
1	212	NOE	9.128332e-01	8.344542e-01	1.924496e-05	5.134749e-01	1.526441e-01
1	213	NOE	6.930450e-01	6.930450e-01	2.739821e-09	-2.904338e-15	3.822637e-02
1	214	NOE	8.175140e-01	8.175140e-01	8.023216e-09	0.000000e+00	2.959576e-02
1	215	NOE	8.174531e-01	8.174531e-01	8.008799e-09	0.000000e+00	2.963403e-02
1	218	NOE	9.033186e-01	8.344542e-01	3.560951e-05	1.846329e+00	3.729799e-02
1	219	NOE	8.554623e-01	8.344542e-01	3.722314e-05	6.815866e-01	3.082224e-02
1	222	NOE	7.306821e-01	7.306821e-01	3.211487e-09	-9.607240e-08	3.148021e-02
1	224	NOE	8.517116e-01	8.344542e-01	1.707493e-05	5.655168e-01	3.051615e-02
1	227	NOE	7.455176e-01	7.455176e-01	3.474609e-09	-4.214355e-15	2.634384e-02
1	228	NOE	7.755646e-01	7.755646e-01	4.283874e-09	0.000000e+00	2.510652e-02
1	231	NOE	8.187711e-01	8.187711e-01	8.339688e-09	0.000000e+00	2.967222e-02
1	232	NOE	7.728040e-01	7.728040e-01	4.185616e-09	-3.520026e-15	3.154020e-02
1	233	NOE	7.793079e-01	7.793079e-01	4.428665e-09	-3.487485e-15	3.183449e-02
1	234	NOE	7.989921e-01	7.989921e-01	5.534345e-09	0.000000e+00	3.438496e-02
1	235	NOE	8.044237e-01	8.044237e-01	6.017550e-09	0.000000e+00	3.843057e-02
1	236	NOE	7.848250e-01	7.848250e-01	4.671105e-09	-2.699099e-08	5.422028e-02
1	237	NOE	7.467763e-01	7.467763e-01	3.499937e-09	3.522221e-15	3.152054e-02
1	242	NOE	5.601859e-01	5.601859e-01	1.938409e-09	0.000000e+00	4.344782e-02
1	243	NOE	6.118449e-01	6.118449e-01	2.164136e-09	-2.978743e-15	3.727153e-02
1	244	NOE	8.093058e-01	8.093058e-01	6.579187e-09	0.000000e+00	3.322553e-02
1	245	NOE	7.694418e-01	7.694418e-01	4.074471e-09	0.000000e+00	2.653892e-02
1	246	NOE	6.027755e-01	6.027755e-01	2.119202e-09	-1.136977e-14	2.929408e-02
1	247	NOE	7.944286e-01	7.944286e-01	5.206755e-09	3.854445e-15	2.880370e-02
1	249	NOE	7.653906e-01	7.653906e-01	3.951435e-09	0.000000e+00	3.503672e-02
1	251	NOE	7.993628e-01	7.993628e-01	5.563724e-09	0.000000e+00	4.098130e-02
1	252	NOE	8.365442e-01	8.344542e-01	2.813438e-05	3.910489e-02	5.344485e-02
1	254	NOE	6.710213e-01	6.710213e-01	2.542374e-09	0.000000e+00	7.727562e-02
1	255	NOE	6.810941e-01	6.810941e-01	2.627452e-09	0.000000e+00	5.184999e-02
1	256	NOE	8.032555e-01	8.032555e-01	5.903079e-09	0.000000e+00	3.202634e-02
1	257	NOE	8.823276e-01	8.344542e-01	4.188313e-05	1.562195e+00	3.064497e-02
1	258	NOE	8.596566e-01	8.344542e-01	2.134761e-05	8.759036e-01	2.877299e-02
1	259	NOE	8.214367e-01	8.214367e-01	9.156425e-09	0.000000e+00	3.433090e-02
1	260	NOE	8.525828e-01	8.344542e-01	2.059522e-05	6.256858e-01	2.897391e-02
1	261	NOE	8.215035e-01	8.215035e-01	9.180085e-09	0.000000e+00	3.777934e-02
1	263	NOE	7.933686e-01	7.933686e-01	5.138565e-09	0.000000e+00	2.951769e-02
1	266	NOE	7.542090e-01	7.542090e-01	3.661386e-09	0.000000e+00	2.532879e-02
1	267	NOE	7.332233e-01	7.332233e-01	3.252446e-09	-3.390755e-15	3.274265e-02
1	269	NOE	7.873190e-01	7.873190e-01	4.794376e-09	-2.385382e-15	4.654279e-02
1	270	NOE	7.892481e-01	7.892481e-01	4.896618e-09	0.000000e+00	4.068835e-02
1	271	NOE	8.162725e-01	8.162725e-01	7.743431e-09	0.000000e+00	4.489679e-02
1	272	NOE	7.955918e-01	7.955918e-01	5.284764e-09	0.000000e+00	3.942974e-02
1	273	NOE	7.953859e-01	7.953859e-01	5.270698e-09	-3.269654e-15	3.395536e-02
1	275	NOE	8.574579e-01	8.344542e-01	2.476505e-05	6.362134e-01	3.615712e-02
1	276	NOE	7.887769e-01	7.887769e-01	4.871051e-09	-3.534952e-15	3.140702e-02
1	278	NOE	7.911784e-01	7.911784e-01	5.005667e-09	0.000000e+00	3.013413e-02
1	279	NOE	8.610154e-01	8.344542e-01	1.720650e-05	8.534628e-01	3.112167e-02
1	280	NOE	7.726788e-01	7.726788e-01	4.181319e-09	-2.729717e-15	4.067173e-02
1	281	NOE	6.195765e-01	6.195765e-01	2.204629e-09	3.827964e-15	2.900297e-02
1	287	NOE	7.669857e-01	7.669857e-01	3.998562e-09	0.000000e+00	3.264690e-02
1	289	NOE	6.643531e-01	6.643531e-01	2.490210e-09	-3.661124e-15	3.032465e-02
1	290	NOE	2.344605e-01	2.344605e-01	1.261264e-09	-5.521668e-15	2.010666e-02


2	203	R1	6.063935e-01	6.063935e-01	2.343130e-08	-5.016496e-15	2.213144e-02
2	206	R1	6.555394e-01	6.555394e-01	2.162941e-08	0.000000e+00	1.739358e-02
2	209	R1	6.364594e-01	6.364594e-01	2.229637e-08	0.000000e+00	2.642298e-02
2	210	R1	8.455043e-01	8.455043e-01	1.660660e-08	-3.649857e-15	3.041826e-02
2	212	R1	6.831818e-01	6.831818e-01	2.072826e-08	1.735493e-15	1.279432e-01
2	213	R1	6.392313e-01	6.392313e-01	2.219704e-08	-8.629238e-15	2.573166e-02
2	214	R1	6.601259e-01	6.601259e-01	2.147475e-08	1.779721e-14	1.871456e-02
2	215	R1	6.584210e-01	6.584210e-01	2.153199e-08	-1.165397e-14	1.905313e-02
2	218	R1	6.545180e-01	6.545180e-01	2.166414e-08	0.000000e+00	2.923560e-02
2	219	R1	5.981812e-01	5.981812e-01	2.376088e-08	0.000000e+00	2.090372e-02
2	222	R1	6.254515e-01	6.254515e-01	2.269940e-08	1.031380e-14	2.152889e-02
2	224	R1	6.223165e-01	6.223165e-01	2.281676e-08	0.000000e+00	2.035246e-02
2	227	R1	5.731958e-01	5.731958e-01	2.482093e-08	0.000000e+00	1.481715e-02
2	228	R1	6.623475e-01	6.623475e-01	2.140059e-08	0.000000e+00	1.379404e-02
2	231	R1	6.557726e-01	6.557726e-01	2.162149e-08	-5.933131e-15	1.871226e-02
2	232	R1	6.566014e-01	6.566014e-01	2.159341e-08	-6.126484e-15	1.812170e-02
2	233	R1	6.371390e-01	6.371390e-01	2.227194e-08	0.000000e+00	2.072965e-02
2	234	R1	6.509992e-01	6.509992e-01	2.178462e-08	1.090961e-14	2.035313e-02
2	235	R1	7.234806e-01	7.234806e-01	1.953596e-08	3.877954e-07	2.684121e-02
2	236	R1	7.238013e-01	7.238013e-01	1.952700e-08	5.044991e-15	4.401288e-02
2	237	R1	7.373039e-01	7.373039e-01	1.915647e-08	5.748513e-15	1.931322e-02
2	242	R1	7.527703e-01	7.527703e-01	1.874809e-08	0.000000e+00	3.715196e-02
2	243	R1	7.000977e-01	7.000977e-01	2.021136e-08	9.960446e-15	2.229264e-02
2	244	R1	6.182454e-01	6.182454e-01	2.297091e-08	0.000000e+00	2.050300e-02
2	245	R1	6.873926e-01	6.873926e-01	2.059726e-08	0.000000e+00	1.486300e-02
2	246	R1	6.371104e-01	6.371104e-01	2.227296e-08	6.704749e-15	1.655876e-02
2	247	R1	6.574903e-01	6.574903e-01	2.156336e-08	-7.202691e-15	1.541400e-02
2	249	R1	6.297717e-01	6.297717e-01	2.253957e-08	4.627241e-15	2.399320e-02
2	251	R1	6.576670e-01	6.576670e-01	2.155740e-08	-4.380132e-15	2.534679e-02
2	252	R1	7.033500e-01	7.033500e-01	2.011477e-08	2.503464e-15	4.434747e-02
2	254	R1	9.197263e-01	9.197263e-01	1.519651e-08	0.000000e+00	1.253540e-01
2	255	R1	7.227239e-01	7.227239e-01	1.955714e-08	-2.792695e-15	3.975454e-02
2	256	R1	6.617605e-01	6.617605e-01	2.142014e-08	-9.928937e-15	2.236338e-02
2	257	R1	5.981820e-01	5.981820e-01	2.376084e-08	-5.884059e-15	1.886832e-02
2	258	R1	6.151757e-01	6.151757e-01	2.308847e-08	0.000000e+00	1.805258e-02
2	259	R1	5.944073e-01	5.944073e-01	2.391535e-08	5.450417e-15	2.036951e-02
2	260	R1	6.535618e-01	6.535618e-01	2.169676e-08	-5.083753e-15	2.183865e-02
2	261	R1	6.160306e-01	6.160306e-01	2.305562e-08	0.000000e+00	2.897127e-02
2	263	R1	6.600915e-01	6.600915e-01	2.147590e-08	6.356643e-15	1.746556e-02
2	266	R1	6.851763e-01	6.851763e-01	2.066601e-08	0.000000e+00	1.418035e-02
2	267	R1	6.397924e-01	6.397924e-01	2.217704e-08	5.357757e-15	2.072179e-02
2	269	R1	6.375292e-01	6.375292e-01	2.225793e-08	-3.819278e-15	2.906892e-02
2	270	R1	6.541236e-01	6.541236e-01	2.167758e-08	0.000000e+00	2.897758e-02
2	271	R1	6.945172e-01	6.945172e-01	2.037915e-08	0.000000e+00	2.387208e-02
2	272	R1	6.555597e-01	6.555597e-01	2.162872e-08	0.000000e+00	2.256285e-02
2	273	R1	6.402279e-01	6.402279e-01	2.216153e-08	5.312417e-15	2.089864e-02
2	275	R1	6.688742e-01	6.688742e-01	2.118554e-08	9.330157e-15	2.379859e-02
2	276	R1	6.333065e-01	6.333065e-01	2.241039e-08	-5.375914e-15	2.065180e-02
2	278	R1	6.296148e-01	6.296148e-01	2.254534e-08	-1.372639e-14	1.617648e-02
2	279	R1	6.772659e-01	6.772659e-01	2.091503e-08	-1.228192e-14	1.807898e-02
2	280	R1	6.702972e-01	6.702972e-01	2.113920e-08	3.451729e-15	3.216426e-02
2	281	R1	6.573745e-01	6.573745e-01	2.156727e-08	6.274756e-15	1.769349e-02
2	287	R1	6.447171e-01	6.447171e-01	2.200294e-08	0.000000e+00	2.223717e-02
2	289	R1	7.182816e-01	7.182816e-01	1.968240e-08	-5.926831e-15	1.873215e-02
2	290	R1	7.162998e-01	7.162998e-01	1.973876e-08	1.778929e-14	1.248192e-02


