203	2.198845e+01	4.714829e-01	7.344566e-01	3.490610e-02	6.063935e-01	2.213144e-02	1.632270e-02	
206	2.476503e+01	3.615702e-01	8.199713e-01	3.154263e-02	6.555394e-01	1.739358e-02	1.196306e-02	
209	2.266280e+01	4.532925e-01	7.231486e-01	3.771208e-02	6.364594e-01	2.642298e-02	1.786156e-02	
210	1.914251e+01	3.711896e-01	6.527213e-01	4.603493e-02	8.455043e-01	3.041826e-02	2.976431e-02	
212	2.294602e+01	2.013391e+00	9.128332e-01	1.526441e-01	6.831818e-01	1.279432e-01	6.036560e-03	
213	2.547276e+01	4.706206e-01	6.930450e-01	3.822637e-02	6.392313e-01	2.573166e-02	1.988999e-02	
214	2.399545e+01	4.161432e-01	8.175140e-01	2.959576e-02	6.601259e-01	1.871456e-02	1.221120e-02	
215	2.380071e+01	3.719543e-01	8.174531e-01	2.963403e-02	6.584210e-01	1.905313e-02	1.218372e-02	
218	2.484200e+01	8.077090e-01	9.033186e-01	3.729799e-02	6.545180e-01	2.923560e-02	6.414553e-03	
219	2.630038e+01	6.004902e-01	8.554623e-01	3.082224e-02	5.981812e-01	2.090372e-02	8.764272e-03	
222	2.133541e+01	4.028835e-01	7.306821e-01	3.148021e-02	6.254515e-01	2.152889e-02	1.707500e-02	
224	2.615070e+01	5.827925e-01	8.517116e-01	3.051615e-02	6.223165e-01	2.035246e-02	9.354494e-03	
227	2.469605e+01	3.726029e-01	7.455176e-01	2.634384e-02	5.731958e-01	1.481715e-02	1.478640e-02	
228	2.419796e+01	3.028507e-01	7.755646e-01	2.510652e-02	6.623475e-01	1.379404e-02	1.506881e-02	
231	2.385490e+01	4.112074e-01	8.187711e-01	2.967222e-02	6.557726e-01	1.871226e-02	1.204710e-02	
232	2.503092e+01	3.445721e-01	7.728040e-01	3.154020e-02	6.566014e-01	1.812170e-02	1.512183e-02	
233	2.339577e+01	3.952431e-01	7.793079e-01	3.183449e-02	6.371390e-01	2.072965e-02	1.425354e-02	
234	2.571040e+01	3.767502e-01	7.989921e-01	3.438496e-02	6.509992e-01	2.035313e-02	1.326464e-02	
235	2.446459e+01	4.543811e-01	8.044237e-01	3.843057e-02	7.234806e-01	2.684121e-02	1.434316e-02	
236	2.304284e+01	6.792113e-01	7.848250e-01	5.422028e-02	7.238013e-01	4.401288e-02	1.578749e-02	
237	2.477334e+01	3.841411e-01	7.467763e-01	3.152054e-02	7.373039e-01	1.931322e-02	1.892574e-02	
242	2.264468e+01	5.114372e-01	5.601859e-01	4.344782e-02	7.527703e-01	3.715196e-02	3.356089e-02	
243	2.084082e+01	3.202186e-01	6.118449e-01	3.727153e-02	7.000977e-01	2.229264e-02	2.754646e-02	
244	2.446588e+01	5.179532e-01	8.093058e-01	3.322553e-02	6.182454e-01	2.050300e-02	1.195089e-02	
245	2.293394e+01	2.734312e-01	7.694418e-01	2.653892e-02	6.873926e-01	1.486300e-02	1.606524e-02	
246	2.346404e+01	3.562170e-01	6.027755e-01	2.929408e-02	6.371104e-01	1.655876e-02	2.565385e-02	
247	2.384895e+01	2.956730e-01	7.944286e-01	2.880370e-02	6.574903e-01	1.541400e-02	1.370105e-02	
249	2.819075e+01	6.847470e-01	7.653906e-01	3.503672e-02	6.297717e-01	2.399320e-02	1.497719e-02	
251	2.587980e+01	5.005984e-01	7.993628e-01	4.098130e-02	6.576670e-01	2.534679e-02	1.337579e-02	
252	2.470292e+01	8.054063e-01	8.365442e-01	5.344485e-02	7.033500e-01	4.434747e-02	1.165396e-02	
254	2.122145e+01	1.191651e+00	6.710213e-01	7.727562e-02	9.197263e-01	1.253540e-01	3.067102e-02	
255	2.017344e+01	5.761514e-01	6.810941e-01	5.184999e-02	7.227239e-01	3.975454e-02	2.336344e-02	
256	2.419906e+01	5.463182e-01	8.032555e-01	3.202634e-02	6.617605e-01	2.236338e-02	1.319791e-02	
257	2.522261e+01	5.315731e-01	8.823276e-01	3.064497e-02	5.981820e-01	1.886832e-02	7.135256e-03	
258	2.610014e+01	6.000636e-01	8.596566e-01	2.877299e-02	6.151757e-01	1.805258e-02	8.751712e-03	
259	2.653721e+01	5.781714e-01	8.214367e-01	3.433090e-02	5.944073e-01	2.036951e-02	1.075915e-02	
260	2.633925e+01	6.444339e-01	8.525828e-01	2.897391e-02	6.535618e-01	2.183865e-02	9.766449e-03	
261	2.690227e+01	8.122448e-01	8.215035e-01	3.777934e-02	6.160306e-01	2.897127e-02	1.114638e-02	
263	2.498999e+01	4.300297e-01	7.933686e-01	2.951769e-02	6.600915e-01	1.746556e-02	1.382618e-02	
266	2.404556e+01	3.114059e-01	7.542090e-01	2.532879e-02	6.851763e-01	1.418035e-02	1.707144e-02	
267	2.396372e+01	4.357957e-01	7.332233e-01	3.274265e-02	6.397924e-01	2.072179e-02	1.730170e-02	
269	2.381603e+01	6.056305e-01	7.873190e-01	4.654279e-02	6.375292e-01	2.906892e-02	1.374455e-02	
270	2.520880e+01	5.397346e-01	7.892481e-01	4.068835e-02	6.541236e-01	2.897758e-02	1.397440e-02	
271	2.626961e+01	4.968233e-01	8.162725e-01	4.489679e-02	6.945172e-01	2.387208e-02	1.293478e-02	
272	2.780160e+01	5.996049e-01	7.955918e-01	3.942974e-02	6.555597e-01	2.256285e-02	1.358352e-02	
273	2.397929e+01	4.713272e-01	7.953859e-01	3.395536e-02	6.402279e-01	2.089864e-02	1.327920e-02	
275	2.302506e+01	5.702997e-01	8.574579e-01	3.615712e-02	6.688742e-01	2.379859e-02	9.664726e-03	
276	2.434265e+01	5.381533e-01	7.887769e-01	3.140702e-02	6.333065e-01	2.065180e-02	1.355992e-02	
278	2.483137e+01	3.942453e-01	7.911784e-01	3.013413e-02	6.296148e-01	1.617648e-02	1.332761e-02	
279	2.265170e+01	3.151913e-01	8.610154e-01	3.112167e-02	6.772659e-01	1.807898e-02	9.541743e-03	
280	2.500730e+01	6.626166e-01	7.726788e-01	4.067173e-02	6.702972e-01	3.216426e-02	1.544575e-02	
281	1.402673e+01	2.322169e-01	6.195765e-01	2.900297e-02	6.573745e-01	1.769349e-02	2.535024e-02	
287	2.380735e+01	4.962001e-01	7.669857e-01	3.264690e-02	6.447171e-01	2.223717e-02	1.522838e-02	
289	2.184614e+01	2.935470e-01	6.643531e-01	3.032465e-02	7.182816e-01	1.873215e-02	2.443876e-02	
290	1.906606e+01	1.702303e-01	2.344605e-01	2.010666e-02	7.162998e-01	1.248192e-02	5.558585e-02	
