0	4	R2	3.165559e+01	3.165559e+01	1.926825e-08	inf	0.000000e+00
0	5	R2	4.686036e+01	4.686036e+01	2.864621e-08	nan	0.000000e+00
0	6	R2	5.219207e+01	5.219207e+01	3.192787e-08	-inf	0.000000e+00
0	7	R2	5.012531e+01	5.012531e+01	3.065605e-08	-2.019984e-15	3.517566e+00
0	8	R2	3.892565e+01	3.892565e+01	2.375707e-08	3.126275e-15	2.272810e+00
0	9	R2	5.577245e+01	5.577245e+01	3.413047e-08	-5.191563e-15	2.737298e+00
0	10	R2	5.564830e+01	5.564830e+01	3.405411e-08	0.000000e+00	2.105779e+00
0	11	R2	4.842615e+01	4.842615e+01	2.961020e-08	inf	0.000000e+00
0	12	R2	4.359198e+01	4.359198e+01	2.663325e-08	3.739186e-13	5.700782e-02
0	13	R2	5.621135e+01	5.621135e+01	3.440042e-08	nan	0.000000e+00
0	14	R2	4.675082e+01	4.675082e+01	2.857876e-08	nan	0.000000e+00
0	15	R2	4.784689e+01	4.784689e+01	2.925360e-08	nan	0.000000e+00
0	16	R2	4.086637e+01	4.086637e+01	2.495364e-08	nan	0.000000e+00
0	17	R2	4.975124e+01	4.975124e+01	3.042583e-08	nan	0.000000e+00
0	18	R2	5.952381e+01	5.952381e+01	3.643747e-08	-inf	0.000000e+00
0	19	R2	5.285412e+01	5.285412e+01	3.233522e-08	-inf	0.000000e+00
0	20	R2	6.345178e+01	6.345178e+01	3.885240e-08	inf	0.000000e+00
0	21	R2	6.123699e+01	6.123699e+01	3.749082e-08	1.894796e-13	7.499937e-02
0	22	R2	6.009615e+01	6.009615e+01	3.678939e-08	inf	0.000000e+00
0	23	R2	5.813953e+01	5.813953e+01	3.558626e-08	nan	0.000000e+00
0	24	R2	5.984440e+01	5.984440e+01	3.663460e-08	nan	0.000000e+00
0	25	R2	5.263158e+01	5.263158e+01	3.219830e-08	inf	0.000000e+00
0	26	R2	5.892752e+01	5.892752e+01	3.607081e-08	-inf	0.000000e+00
0	27	R2	5.903188e+01	5.903188e+01	3.613498e-08	nan	0.000000e+00
0	28	R2	6.127451e+01	6.127451e+01	3.751389e-08	1.892477e-13	3.754566e-02
0	29	R2	5.984440e+01	5.984440e+01	3.663460e-08	nan	0.000000e+00
0	30	R2	5.125577e+01	5.125577e+01	3.135174e-08	nan	0.000000e+00
0	31	R2	5.530973e+01	5.530973e+01	3.384585e-08	-inf	0.000000e+00
0	32	R2	4.130525e+01	4.130525e+01	2.522416e-08	-inf	0.000000e+00
0	33	R2	3.946330e+01	3.946330e+01	2.408862e-08	nan	0.000000e+00
0	34	R2	4.353505e+01	4.353505e+01	2.659818e-08	nan	0.000000e+00
0	35	R2	4.948046e+01	4.948046e+01	3.025916e-08	nan	0.000000e+00
0	36	R2	4.248088e+01	4.248088e+01	2.594867e-08	inf	0.000000e+00
0	37	R2	4.361099e+01	4.361099e+01	2.664497e-08	nan	0.000000e+00
0	38	R2	5.282620e+01	5.282620e+01	3.231804e-08	nan	0.000000e+00
0	39	R2	4.482295e+01	4.482295e+01	2.739153e-08	-inf	0.000000e+00
0	40	R2	5.058169e+01	5.058169e+01	3.093692e-08	1.915294e-15	7.419671e+00
0	41	R2	5.333333e+01	5.333333e+01	3.263005e-08	0.000000e+00	4.266667e+00
0	42	R2	6.788866e+01	6.788866e+01	4.157950e-08	-2.803064e-15	1.013952e+01
0	43	R2	5.213764e+01	5.213764e+01	3.189439e-08	2.376264e-15	2.990167e+00
0	46	R2	5.104645e+01	5.104645e+01	3.122293e-08	inf	0.000000e+00
0	47	R2	5.599104e+01	5.599104e+01	3.426492e-08	2.289380e-15	3.103647e+00
0	48	R2	5.546312e+01	5.546312e+01	3.394020e-08	-4.619677e-13	3.076157e-02
0	49	R2	5.608525e+01	5.608525e+01	3.432286e-08	inf	0.000000e+00
0	50	R2	5.120328e+01	5.120328e+01	3.131944e-08	nan	0.000000e+00
0	51	R2	6.402049e+01	6.402049e+01	3.920199e-08	-7.377078e-15	1.926353e+00
0	52	R2	5.646527e+01	5.646527e+01	3.455659e-08	0.000000e+00	2.869494e+00
0	53	R2	5.694761e+01	5.694761e+01	3.485324e-08	-inf	0.000000e+00
0	54	R2	4.943154e+01	4.943154e+01	3.022905e-08	nan	0.000000e+00
0	55	R2	5.750431e+01	5.750431e+01	3.519561e-08	-1.074384e-13	6.613492e-02
0	56	R2	4.710316e+01	4.710316e+01	2.879571e-08	-inf	0.000000e+00
0	57	R2	4.580852e+01	4.580852e+01	2.799852e-08	-inf	0.000000e+00
0	58	R2	4.504505e+01	4.504505e+01	2.752832e-08	nan	0.000000e+00
0	59	R2	4.952947e+01	4.952947e+01	3.028933e-08	inf	0.000000e+00
0	60	R2	5.128205e+01	5.128205e+01	3.136792e-08	-inf	0.000000e+00
0	61	R2	4.730369e+01	4.730369e+01	2.891917e-08	-inf	0.000000e+00
0	62	R2	4.391744e+01	4.391744e+01	2.683375e-08	2.833824e-15	2.507363e+00
0	63	R2	5.376344e+01	5.376344e+01	3.289465e-08	1.993130e-14	1.069488e+00
0	64	R2	5.136107e+01	5.136107e+01	3.141654e-08	-5.387064e-13	2.637959e-02
0	65	R2	4.882812e+01	4.882812e+01	2.985764e-08	inf	0.000000e+00
0	66	R2	5.120328e+01	5.120328e+01	3.131944e-08	nan	0.000000e+00
0	67	R2	5.083884e+01	5.083884e+01	3.109517e-08	-inf	0.000000e+00
0	71	R2	5.379236e+01	5.379236e+01	3.291245e-08	-inf	0.000000e+00
0	72	R2	4.870921e+01	4.870921e+01	2.978444e-08	nan	0.000000e+00
0	73	R2	4.644682e+01	4.644682e+01	2.839158e-08	inf	0.000000e+00
0	74	R2	4.508566e+01	4.508566e+01	2.755334e-08	inf	0.000000e+00
0	75	R2	5.254861e+01	5.254861e+01	3.214725e-08	-3.859749e-13	5.522712e-02
0	76	R2	5.282620e+01	5.282620e+01	3.231804e-08	nan	0.000000e+00
0	77	R2	6.246096e+01	6.246096e+01	3.824330e-08	-inf	0.000000e+00
0	78	R2	5.005005e+01	5.005005e+01	3.060973e-08	nan	0.000000e+00
0	79	R2	6.464124e+01	6.464124e+01	3.958356e-08	nan	0.000000e+00
0	81	R2	5.037783e+01	5.037783e+01	3.081147e-08	0.000000e+00	2.537926e-02
0	82	R2	4.882812e+01	4.882812e+01	2.985764e-08	inf	0.000000e+00
0	84	R2	5.249344e+01	5.249344e+01	3.211330e-08	5.605603e-15	1.267558e+00
0	85	R2	5.241090e+01	5.241090e+01	3.206252e-08	nan	0.000000e+00
0	87	R2	5.232862e+01	5.232862e+01	3.201190e-08	inf	0.000000e+00
0	88	R2	6.064281e+01	6.064281e+01	3.712551e-08	inf	0.000000e+00
0	89	R2	4.587156e+01	4.587156e+01	2.803734e-08	nan	0.000000e+00
0	90	R2	5.370569e+01	5.370569e+01	3.285913e-08	-1.589344e-14	8.941334e-01
0	91	R2	5.701254e+01	5.701254e+01	3.489318e-08	0.000000e+00	1.105146e+01
0	92	R2	4.595588e+01	4.595588e+01	2.808927e-08	0.000000e+00	3.379109e+01
0	93	R2	6.253909e+01	6.253909e+01	3.829133e-08	inf	0.000000e+00
0	94	R2	6.514658e+01	6.514658e+01	3.989418e-08	0.000000e+00	4.244077e-02
0	95	R2	5.524862e+01	5.524862e+01	3.380826e-08	inf	0.000000e+00
0	97	R2	5.521811e+01	5.521811e+01	3.378950e-08	-4.660764e-13	3.049040e-02
0	98	R2	6.180470e+01	6.180470e+01	3.783985e-08	-inf	0.000000e+00
0	99	R2	5.296610e+01	5.296610e+01	3.240412e-08	-8.304134e-15	1.711299e+00
0	100	R2	5.252101e+01	5.252101e+01	3.213027e-08	nan	0.000000e+00
0	101	R2	5.063291e+01	5.063291e+01	3.096844e-08	5.543122e-13	2.563692e-02
0	102	R2	5.485464e+01	5.485464e+01	3.356592e-08	4.722735e-13	3.009031e-02
0	103	R2	5.241090e+01	5.241090e+01	3.206252e-08	nan	0.000000e+00
0	104	R2	5.299417e+01	5.299417e+01	3.242138e-08	-inf	0.000000e+00
0	105	R2	5.630631e+01	5.630631e+01	3.445882e-08	nan	0.000000e+00
0	106	R2	5.120328e+01	5.120328e+01	3.131944e-08	nan	0.000000e+00
0	107	R2	4.770992e+01	4.770992e+01	2.916928e-08	-inf	0.000000e+00
0	108	R2	4.889976e+01	4.889976e+01	2.990173e-08	nan	0.000000e+00
0	109	R2	5.263158e+01	5.263158e+01	3.219830e-08	2.565059e-13	8.310249e-02
0	110	R2	5.649718e+01	5.649718e+01	3.457621e-08	nan	0.000000e+00
0	111	R2	5.170631e+01	5.170631e+01	3.162898e-08	nan	0.000000e+00
0	112	R2	6.920415e+01	6.920415e+01	4.238794e-08	-2.472718e-15	5.747058e+00
0	114	R2	5.927682e+01	5.927682e+01	3.628560e-08	1.189519e-15	1.194672e+01
0	115	R2	5.181347e+01	5.181347e+01	3.169492e-08	-inf	0.000000e+00
0	116	R2	5.202914e+01	5.202914e+01	3.182762e-08	inf	0.000000e+00
0	117	R2	1.315963e+01	1.315963e+01	7.710152e-09	0.000000e+00	7.273382e-01
0	118	R2	4.909180e+01	4.909180e+01	3.001994e-08	-inf	0.000000e+00
0	119	R2	4.506534e+01	4.506534e+01	2.754082e-08	nan	0.000000e+00
0	120	R2	4.796163e+01	4.796163e+01	2.932424e-08	-inf	0.000000e+00
0	121	R2	5.370569e+01	5.370569e+01	3.285913e-08	-inf	0.000000e+00
0	122	R2	5.938242e+01	5.938242e+01	3.635054e-08	3.663631e-15	3.878899e+00
0	123	R2	6.464124e+01	6.464124e+01	3.958356e-08	0.000000e+00	2.172815e+00
0	124	R2	6.317119e+01	6.317119e+01	3.867991e-08	5.743681e-16	1.237086e+01
0	125	R2	6.640106e+01	6.640106e+01	4.066523e-08	-1.289229e-15	1.102275e+01
0	127	R2	3.559986e+01	3.559986e+01	2.170504e-08	1.144189e-15	6.210014e+00
0	128	R2	4.923683e+01	4.923683e+01	3.010921e-08	-inf	0.000000e+00
0	129	R2	6.060606e+01	6.060606e+01	3.710291e-08	inf	0.000000e+00
0	130	R2	4.844961e+01	4.844961e+01	2.962464e-08	-inf	0.000000e+00
0	131	R2	5.636979e+01	5.636979e+01	3.449786e-08	-inf	0.000000e+00
0	132	R2	5.574136e+01	5.574136e+01	3.411134e-08	-inf	0.000000e+00
0	133	R2	4.819277e+01	4.819277e+01	2.946653e-08	nan	0.000000e+00
0	135	R2	5.552471e+01	5.552471e+01	3.397808e-08	inf	0.000000e+00
0	136	R2	5.224660e+01	5.224660e+01	3.196143e-08	nan	0.000000e+00
0	137	R2	5.540166e+01	5.540166e+01	3.390240e-08	-inf	0.000000e+00
0	138	R2	5.107252e+01	5.107252e+01	3.123898e-08	-inf	0.000000e+00
0	139	R2	5.399568e+01	5.399568e+01	3.303753e-08	inf	0.000000e+00
0	140	R2	5.299417e+01	5.299417e+01	3.242138e-08	-inf	0.000000e+00
0	141	R2	4.730369e+01	4.730369e+01	2.891917e-08	-inf	0.000000e+00
0	142	R2	5.449591e+01	5.449591e+01	3.334525e-08	nan	0.000000e+00
0	143	R2	6.093845e+01	6.093845e+01	3.730727e-08	-inf	0.000000e+00
0	144	R2	5.081301e+01	5.081301e+01	3.107928e-08	inf	0.000000e+00
0	145	R2	5.060729e+01	5.060729e+01	3.095268e-08	inf	0.000000e+00
0	146	R2	5.058169e+01	5.058169e+01	3.093692e-08	inf	0.000000e+00
0	147	R2	4.977601e+01	4.977601e+01	3.044107e-08	0.000000e+00	1.189272e+00
0	148	R2	4.875670e+01	4.875670e+01	2.981368e-08	-inf	0.000000e+00
0	149	R2	5.232862e+01	5.232862e+01	3.201190e-08	inf	0.000000e+00
0	150	R2	5.540166e+01	5.540166e+01	3.390240e-08	-2.789116e-15	2.547556e+00
0	151	R2	5.837712e+01	5.837712e+01	3.573236e-08	-1.563746e-14	1.363155e+00
0	152	R2	4.938272e+01	4.938272e+01	3.019900e-08	nan	0.000000e+00
0	153	R2	5.020080e+01	5.020080e+01	3.070251e-08	9.722342e-15	7.308350e-01
0	154	R2	4.965243e+01	4.965243e+01	3.036501e-08	inf	0.000000e+00
0	155	R2	4.657662e+01	4.657662e+01	2.847150e-08	-inf	0.000000e+00
0	156	R2	4.089980e+01	4.089980e+01	2.497424e-08	inf	0.000000e+00
0	157	R2	4.260758e+01	4.260758e+01	2.602674e-08	nan	0.000000e+00
0	158	R2	4.916421e+01	4.916421e+01	3.006451e-08	-1.049866e-14	6.767934e-01
0	159	R2	4.572474e+01	4.572474e+01	2.794692e-08	nan	0.000000e+00
0	160	R2	5.288207e+01	5.288207e+01	3.235242e-08	-inf	0.000000e+00
0	161	R2	9.354537e+01	9.354537e+01	5.733998e-08	1.412140e-15	2.012669e+01
0	163	R2	5.865103e+01	5.865103e+01	3.590079e-08	9.836026e-16	7.223880e+00
0	167	R2	4.995005e+01	4.995005e+01	3.054819e-08	-inf	0.000000e+00
0	169	R2	5.260389e+01	5.260389e+01	3.218126e-08	nan	0.000000e+00
0	170	R2	4.782401e+01	4.782401e+01	2.923951e-08	-inf	0.000000e+00
0	171	R2	5.310674e+01	5.310674e+01	3.249064e-08	-inf	0.000000e+00
0	172	R2	5.175983e+01	5.175983e+01	3.166192e-08	nan	0.000000e+00
0	173	R2	6.013229e+01	6.013229e+01	3.681161e-08	1.965055e-13	3.615892e-02
0	174	R2	4.784689e+01	4.784689e+01	2.925360e-08	nan	0.000000e+00
0	175	R2	3.844675e+01	3.844675e+01	2.346171e-08	nan	0.000000e+00
0	176	R2	5.583473e+01	5.583473e+01	3.416877e-08	nan	0.000000e+00
0	177	R2	5.302227e+01	5.302227e+01	3.243867e-08	inf	0.000000e+00
0	179	R2	4.655493e+01	4.655493e+01	2.845815e-08	inf	0.000000e+00
0	181	R2	5.197505e+01	5.197505e+01	3.179434e-08	inf	0.000000e+00
0	182	R2	4.766444e+01	4.766444e+01	2.914128e-08	-inf	0.000000e+00
0	183	R2	4.750594e+01	4.750594e+01	2.904369e-08	inf	0.000000e+00
0	184	R2	4.987531e+01	4.987531e+01	3.050219e-08	-inf	0.000000e+00
0	185	R2	5.186722e+01	5.186722e+01	3.172799e-08	inf	0.000000e+00
0	186	R2	5.552471e+01	5.552471e+01	3.397808e-08	6.065045e-15	1.171537e+00
0	187	R2	4.870921e+01	4.870921e+01	2.978444e-08	nan	0.000000e+00
0	188	R2	5.025126e+01	5.025126e+01	3.073357e-08	1.758638e-15	4.040302e+00
0	190	R2	5.184033e+01	5.184033e+01	3.171145e-08	nan	0.000000e+00
0	191	R2	5.216484e+01	5.216484e+01	3.191112e-08	2.611166e-13	2.721171e-02
0	193	R2	4.796163e+01	4.796163e+01	2.932424e-08	-1.542813e-05	4.600636e-02
0	194	R2	5.070994e+01	5.070994e+01	3.101585e-08	0.000000e+00	3.600097e-01
0	195	R2	4.892368e+01	4.892368e+01	2.991646e-08	inf	0.000000e+00
0	196	R2	5.151984e+01	5.151984e+01	3.151424e-08	nan	0.000000e+00
0	197	R2	4.638219e+01	4.638219e+01	2.835178e-08	nan	0.000000e+00
0	198	R2	4.810005e+01	4.810005e+01	2.940945e-08	-1.228455e-14	5.784037e-01
0	199	R2	4.672897e+01	4.672897e+01	2.856531e-08	-inf	0.000000e+00
0	200	R2	4.928536e+01	4.928536e+01	3.013908e-08	nan	0.000000e+00
0	201	R2	4.780115e+01	4.780115e+01	2.922544e-08	nan	0.000000e+00
0	202	R2	4.789272e+01	4.789272e+01	2.928181e-08	inf	0.000000e+00
0	203	R2	5.330490e+01	5.330490e+01	3.261256e-08	0.000000e+00	7.671815e-01
0	204	R2	5.488474e+01	5.488474e+01	3.358444e-08	3.494485e-14	8.133304e-01
0	205	R2	5.711022e+01	5.711022e+01	3.495325e-08	0.000000e+00	1.304631e+00
0	206	R2	9.823183e+01	9.823183e+01	6.021769e-08	0.000000e+00	2.219383e+01
0	212	R2	5.042864e+01	5.042864e+01	3.084273e-08	-inf	0.000000e+00
0	213	R2	5.824112e+01	5.824112e+01	3.564872e-08	-inf	0.000000e+00
0	214	R2	6.105006e+01	6.105006e+01	3.737589e-08	-inf	0.000000e+00
0	215	R2	6.301197e+01	6.301197e+01	3.858204e-08	inf	0.000000e+00
0	216	R2	5.733945e+01	5.733945e+01	3.509423e-08	6.483424e-13	3.287812e-02
0	217	R2	5.200208e+01	5.200208e+01	3.181097e-08	5.255073e-15	1.352108e+00
0	218	R2	5.167959e+01	5.167959e+01	3.161254e-08	-inf	0.000000e+00
0	220	R2	5.078720e+01	5.078720e+01	3.106340e-08	-inf	0.000000e+00
0	221	R2	4.549591e+01	4.549591e+01	2.780600e-08	inf	0.000000e+00
0	222	R2	5.078720e+01	5.078720e+01	3.106340e-08	-1.620439e-14	8.769755e-01
0	223	R2	5.875441e+01	5.875441e+01	3.596436e-08	nan	0.000000e+00
0	224	R2	4.875670e+01	4.875670e+01	2.981368e-08	-inf	0.000000e+00
0	225	R2	4.361099e+01	4.361099e+01	2.664497e-08	0.000000e+00	1.901918e-02
0	226	R2	5.991612e+01	5.991612e+01	3.667869e-08	nan	0.000000e+00
0	227	R2	4.894763e+01	4.894763e+01	2.993120e-08	nan	0.000000e+00
0	228	R2	7.412898e+01	7.412898e+01	4.541407e-08	6.465232e-16	2.198043e+01
0	229	R2	4.708098e+01	4.708098e+01	2.878205e-08	-1.232894e-15	5.763208e+00
0	230	R2	5.238345e+01	5.238345e+01	3.204563e-08	0.000000e+00	3.841636e+00
0	231	R2	3.150599e+01	3.150599e+01	1.917575e-08	1.491292e-14	2.382305e-01
0	233	R2	4.750594e+01	4.750594e+01	2.904369e-08	inf	0.000000e+00
0	234	R2	5.577245e+01	5.577245e+01	3.413047e-08	-4.568575e-13	3.110566e-02
0	235	R2	4.672897e+01	4.672897e+01	2.856531e-08	-3.254002e-13	2.183597e-02
0	236	R2	5.130836e+01	5.130836e+01	3.138411e-08	nan	0.000000e+00
0	237	R2	4.861449e+01	4.861449e+01	2.972613e-08	-inf	0.000000e+00
0	239	R2	5.221932e+01	5.221932e+01	3.194464e-08	inf	0.000000e+00
0	240	R2	6.119951e+01	6.119951e+01	3.746778e-08	inf	0.000000e+00
0	241	R2	5.678592e+01	5.678592e+01	3.475380e-08	inf	0.000000e+00
0	242	R2	5.561735e+01	5.561735e+01	3.403507e-08	nan	0.000000e+00
0	243	R2	5.058169e+01	5.058169e+01	3.093692e-08	7.823033e-15	1.816540e+00
0	245	R2	5.058169e+01	5.058169e+01	3.093692e-08	inf	0.000000e+00
0	246	R2	6.157635e+01	6.157635e+01	3.769946e-08	inf	0.000000e+00
0	247	R2	5.359057e+01	5.359057e+01	3.278830e-08	-inf	0.000000e+00
0	248	R2	3.680530e+01	3.680530e+01	2.244904e-08	-inf	0.000000e+00


1	4	NOE	-8.800000e-02	-8.800000e-02	6.566653e-10	1.387779e-14	6.000000e-03
1	5	NOE	7.390000e-01	7.390000e-01	2.046044e-09	0.000000e+00	8.000000e-03
1	6	NOE	8.180000e-01	8.180000e-01	3.498739e-09	-2.077030e-07	6.000000e-03
1	7	NOE	9.160000e-01	8.602211e-01	2.231215e-05	7.968417e-01	7.000000e-02
1	8	NOE	9.160000e-01	8.602211e-01	2.231215e-05	1.297184e+00	4.300000e-02
1	9	NOE	8.850000e-01	8.602211e-01	1.947278e-05	3.097365e-01	8.000000e-02
1	10	NOE	8.600000e-01	8.600000e-01	4.858252e-08	0.000000e+00	6.900000e-02
1	11	NOE	8.960000e-01	8.602211e-01	1.999641e-05	3.975435e+00	9.000000e-03
1	12	NOE	1.030000e+00	8.602211e-01	1.593056e-05	3.537061e+00	4.800000e-02
1	13	NOE	9.480000e-01	8.602211e-01	1.659164e-05	9.753213e+00	9.000000e-03
1	14	NOE	9.190000e-01	8.602211e-01	2.527829e-05	4.898243e+00	1.200000e-02
1	15	NOE	8.850000e-01	8.602211e-01	1.947278e-05	3.539845e+00	7.000000e-03
1	16	NOE	8.080000e-01	8.080000e-01	3.142351e-09	0.000000e+00	5.000000e-03
1	17	NOE	7.820000e-01	7.820000e-01	2.559845e-09	0.000000e+00	9.000000e-03
1	18	NOE	8.890000e-01	8.602211e-01	1.346681e-05	2.398243e+00	1.200000e-02
1	19	NOE	7.620000e-01	7.620000e-01	2.279114e-09	0.000000e+00	7.000000e-03
1	20	NOE	9.030000e-01	8.602211e-01	2.186352e-05	3.290686e+00	1.300000e-02
1	21	NOE	9.040000e-01	8.602211e-01	1.347645e-05	1.412223e+00	3.100000e-02
1	22	NOE	8.850000e-01	8.602211e-01	1.947278e-05	2.477892e+00	1.000000e-02
1	23	NOE	9.130000e-01	8.602211e-01	1.881860e-05	6.597365e+00	8.000000e-03
1	24	NOE	9.230000e-01	8.602211e-01	1.345334e-05	7.847365e+00	8.000000e-03
1	25	NOE	9.050000e-01	8.602211e-01	1.754480e-05	3.198494e+00	1.400000e-02
1	26	NOE	8.960000e-01	8.602211e-01	1.999641e-05	5.111274e+00	7.000000e-03
1	27	NOE	9.070000e-01	8.602211e-01	1.848682e-05	4.677892e+00	1.000000e-02
1	28	NOE	9.030000e-01	8.602211e-01	2.186352e-05	2.138946e+00	2.000000e-02
1	29	NOE	9.240000e-01	8.602211e-01	1.821388e-05	7.972365e+00	8.000000e-03
1	30	NOE	8.660000e-01	8.602211e-01	1.220111e-05	7.223651e-01	8.000000e-03
1	31	NOE	8.420000e-01	8.420000e-01	5.340490e-09	0.000000e+00	6.000000e-03
1	32	NOE	7.340000e-01	7.340000e-01	2.003938e-09	0.000000e+00	4.000000e-03
1	33	NOE	6.240000e-01	6.240000e-01	1.445851e-09	0.000000e+00	3.000000e-03
1	34	NOE	7.220000e-01	7.220000e-01	1.912283e-09	0.000000e+00	5.000000e-03
1	35	NOE	7.310000e-01	7.310000e-01	1.979844e-09	-1.387779e-14	8.000000e-03
1	36	NOE	7.430000e-01	7.430000e-01	2.081633e-09	0.000000e+00	7.000000e-03
1	37	NOE	7.180000e-01	7.180000e-01	1.884314e-09	-2.220446e-14	5.000000e-03
1	38	NOE	8.930000e-01	8.602211e-01	1.630059e-05	4.097365e+00	8.000000e-03
1	39	NOE	9.010000e-01	8.602211e-01	2.317255e-05	8.155784e+00	5.000000e-03
1	40	NOE	1.180000e+00	8.602211e-01	1.280058e-05	1.926379e+00	1.660000e-01
1	41	NOE	7.550000e-01	7.550000e-01	2.200206e-09	0.000000e+00	1.040000e-01
1	42	NOE	8.090000e-01	8.090000e-01	3.173242e-09	9.738798e-16	1.140000e-01
1	43	NOE	8.550000e-01	8.550000e-01	9.991499e-09	0.000000e+00	6.800000e-02
1	46	NOE	9.280000e-01	8.602211e-01	2.129044e-05	6.161720e+00	1.100000e-02
1	47	NOE	9.280000e-01	8.602211e-01	2.129044e-05	9.967488e-01	6.800000e-02
1	48	NOE	9.000000e-01	8.602211e-01	1.372842e-05	1.529958e+00	2.600000e-02
1	49	NOE	8.940000e-01	8.602211e-01	1.270538e-05	2.598378e+00	1.300000e-02
1	50	NOE	9.060000e-01	8.602211e-01	1.924531e-05	7.629820e+00	6.000000e-03
1	51	NOE	8.980000e-01	8.602211e-01	1.962693e-05	4.607185e-01	8.200000e-02
1	52	NOE	9.510000e-01	8.602211e-01	1.444388e-05	1.440935e+00	6.300000e-02
1	53	NOE	9.330000e-01	8.602211e-01	1.969733e-05	1.039699e+01	7.000000e-03
1	54	NOE	9.090000e-01	8.602211e-01	1.701545e-05	8.129820e+00	6.000000e-03
1	55	NOE	8.780000e-01	8.602211e-01	1.321539e-05	5.079691e-01	3.500000e-02
1	56	NOE	8.860000e-01	8.602211e-01	1.975307e-05	3.682703e+00	7.000000e-03
1	57	NOE	9.070000e-01	8.602211e-01	1.848682e-05	9.355784e+00	5.000000e-03
1	58	NOE	8.080000e-01	8.080000e-01	3.142351e-09	0.000000e+00	8.000000e-03
1	59	NOE	8.850000e-01	8.602211e-01	1.947278e-05	3.539845e+00	7.000000e-03
1	60	NOE	8.690000e-01	8.602211e-01	1.557872e-05	1.463153e+00	6.000000e-03
1	61	NOE	8.230000e-01	8.230000e-01	3.728470e-09	1.586033e-14	7.000000e-03
1	62	NOE	8.270000e-01	8.270000e-01	3.948364e-09	4.440892e-15	5.000000e-02
1	63	NOE	8.990000e-01	8.602211e-01	1.897622e-05	7.914065e-01	4.900000e-02
1	64	NOE	9.090000e-01	8.602211e-01	1.701545e-05	2.869348e+00	1.700000e-02
1	65	NOE	8.930000e-01	8.602211e-01	1.630059e-05	4.097365e+00	8.000000e-03
1	66	NOE	9.330000e-01	8.602211e-01	1.969733e-05	1.039699e+01	7.000000e-03
1	67	NOE	9.230000e-01	8.602211e-01	1.345334e-05	3.923682e+00	1.600000e-02
1	71	NOE	8.560000e-01	8.560000e-01	1.111344e-08	0.000000e+00	6.000000e-03
1	72	NOE	9.080000e-01	8.602211e-01	1.719987e-05	6.825560e+00	7.000000e-03
1	73	NOE	8.810000e-01	8.602211e-01	1.899687e-05	3.463153e+00	6.000000e-03
1	74	NOE	8.820000e-01	8.602211e-01	2.034184e-05	2.722365e+00	8.000000e-03
1	75	NOE	9.600000e-01	8.602211e-01	1.134179e-05	4.338214e+00	2.300000e-02
1	76	NOE	9.210000e-01	8.602211e-01	1.943708e-05	5.525356e+00	1.100000e-02
1	77	NOE	8.230000e-01	8.230000e-01	3.728470e-09	1.586033e-14	7.000000e-03
1	78	NOE	9.120000e-01	8.602211e-01	2.124403e-05	7.396988e+00	7.000000e-03
1	79	NOE	9.310000e-01	8.602211e-01	1.785910e-05	3.725206e+00	1.900000e-02
1	81	NOE	8.890000e-01	8.602211e-01	1.346681e-05	2.055637e+00	1.400000e-02
1	82	NOE	9.170000e-01	8.602211e-01	1.750424e-05	7.097365e+00	8.000000e-03
1	84	NOE	8.850000e-01	8.602211e-01	1.947278e-05	5.631572e-01	4.400000e-02
1	85	NOE	9.430000e-01	8.602211e-01	2.078142e-05	1.379649e+01	6.000000e-03
1	87	NOE	9.280000e-01	8.602211e-01	2.129044e-05	9.682703e+00	7.000000e-03
1	88	NOE	8.980000e-01	8.602211e-01	1.962693e-05	4.722365e+00	8.000000e-03
1	89	NOE	8.330000e-01	8.330000e-01	4.364850e-09	0.000000e+00	8.000000e-03
1	90	NOE	9.110000e-01	8.602211e-01	1.259904e-05	4.231577e+00	1.200000e-02
1	91	NOE	7.260000e-01	7.260000e-01	1.941479e-09	0.000000e+00	7.400000e-02
1	92	NOE	1.030000e+00	8.602211e-01	1.593056e-05	5.272637e-01	3.220000e-01
1	93	NOE	9.200000e-01	8.602211e-01	1.118797e-05	4.269923e+00	1.400000e-02
1	94	NOE	9.340000e-01	8.602211e-01	1.430365e-05	3.883101e+00	1.900000e-02
1	95	NOE	9.240000e-01	8.602211e-01	1.821388e-05	5.798084e+00	1.100000e-02
1	97	NOE	8.930000e-01	8.602211e-01	1.630059e-05	1.425170e+00	2.300000e-02
1	98	NOE	9.320000e-01	8.602211e-01	1.741329e-05	5.127066e+00	1.400000e-02
1	99	NOE	9.030000e-01	8.602211e-01	2.186352e-05	1.379965e+00	3.100000e-02
1	100	NOE	9.300000e-01	8.602211e-01	2.637201e-05	5.814910e+00	1.200000e-02
1	101	NOE	8.570000e-01	8.570000e-01	1.272356e-08	0.000000e+00	1.600000e-02
1	102	NOE	8.530000e-01	8.530000e-01	8.493976e-09	0.000000e+00	1.700000e-02
1	103	NOE	8.960000e-01	8.602211e-01	1.999641e-05	4.472365e+00	8.000000e-03
1	104	NOE	8.850000e-01	8.602211e-01	1.947278e-05	6.194730e+00	4.000000e-03
1	105	NOE	8.610000e-01	8.602211e-01	1.709027e-05	9.736485e-02	8.000000e-03
1	106	NOE	8.630000e-01	8.602211e-01	2.312462e-05	3.087687e-01	9.000000e-03
1	107	NOE	8.790000e-01	8.602211e-01	1.576273e-05	2.347365e+00	8.000000e-03
1	108	NOE	8.920000e-01	8.602211e-01	1.814780e-05	3.972365e+00	8.000000e-03
1	109	NOE	8.820000e-01	8.602211e-01	2.034184e-05	4.734547e-01	4.600000e-02
1	110	NOE	9.080000e-01	8.602211e-01	1.719987e-05	6.825560e+00	7.000000e-03
1	111	NOE	9.290000e-01	8.602211e-01	1.552183e-05	9.825560e+00	7.000000e-03
1	112	NOE	7.960000e-01	7.960000e-01	2.829690e-09	0.000000e+00	8.200000e-02
1	114	NOE	9.490000e-01	8.602211e-01	1.786917e-05	4.529537e-01	1.960000e-01
1	115	NOE	9.340000e-01	8.602211e-01	1.430365e-05	1.475578e+01	5.000000e-03
1	116	NOE	9.050000e-01	8.602211e-01	1.754480e-05	6.396988e+00	7.000000e-03
1	117	NOE	8.430000e-01	8.430000e-01	5.493985e-09	-2.972215e-09	1.720000e-01
1	118	NOE	9.440000e-01	8.602211e-01	2.089102e-05	1.396315e+01	6.000000e-03
1	119	NOE	9.120000e-01	8.602211e-01	2.124403e-05	7.396988e+00	7.000000e-03
1	120	NOE	8.560000e-01	8.560000e-01	1.111344e-08	0.000000e+00	8.000000e-03
1	121	NOE	8.970000e-01	8.602211e-01	1.849533e-05	7.355784e+00	5.000000e-03
1	122	NOE	7.680000e-01	7.680000e-01	2.353726e-09	-3.241927e-08	8.300000e-02
1	123	NOE	9.590000e-01	8.602211e-01	2.883799e-05	3.873683e-01	2.550000e-01
1	124	NOE	7.650000e-01	7.650000e-01	2.315545e-09	0.000000e+00	2.030000e-01
1	125	NOE	1.030000e+00	8.602211e-01	1.593056e-05	7.318057e-01	2.320000e-01
1	127	NOE	7.240000e-01	7.240000e-01	1.926722e-09	0.000000e+00	1.180000e-01
1	128	NOE	8.640000e-01	8.602211e-01	2.587024e-05	3.435380e-01	1.100000e-02
1	129	NOE	9.130000e-01	8.602211e-01	1.881860e-05	4.798084e+00	1.100000e-02
1	130	NOE	9.350000e-01	8.602211e-01	2.212511e-05	9.347365e+00	8.000000e-03
1	131	NOE	8.770000e-01	8.602211e-01	1.215101e-05	1.864325e+00	9.000000e-03
1	132	NOE	8.280000e-01	8.280000e-01	4.009624e-09	-1.110223e-14	1.000000e-02
1	133	NOE	8.300000e-01	8.300000e-01	4.141122e-09	-1.009294e-14	1.100000e-02
1	135	NOE	9.060000e-01	8.602211e-01	1.924531e-05	5.086546e+00	9.000000e-03
1	136	NOE	9.050000e-01	8.602211e-01	1.754480e-05	4.975435e+00	9.000000e-03
1	137	NOE	8.790000e-01	8.602211e-01	1.576273e-05	2.347365e+00	8.000000e-03
1	138	NOE	8.740000e-01	8.602211e-01	1.847636e-05	1.530991e+00	9.000000e-03
1	139	NOE	8.810000e-01	8.602211e-01	1.899687e-05	2.077892e+00	1.000000e-02
1	140	NOE	8.390000e-01	8.390000e-01	4.946930e-09	0.000000e+00	8.000000e-03
1	141	NOE	7.910000e-01	7.910000e-01	2.724006e-09	0.000000e+00	6.000000e-03
1	142	NOE	8.820000e-01	8.602211e-01	2.034184e-05	2.722365e+00	8.000000e-03
1	143	NOE	9.190000e-01	8.602211e-01	2.527829e-05	5.877892e+00	1.000000e-02
1	144	NOE	9.010000e-01	8.602211e-01	2.317255e-05	4.077892e+00	1.000000e-02
1	145	NOE	8.740000e-01	8.602211e-01	1.847636e-05	1.722365e+00	8.000000e-03
1	146	NOE	9.220000e-01	8.602211e-01	1.646301e-05	6.864324e+00	9.000000e-03
1	147	NOE	8.360000e-01	8.360000e-01	4.628860e-09	0.000000e+00	1.600000e-02
1	148	NOE	8.830000e-01	8.602211e-01	2.012366e-05	1.898243e+00	1.200000e-02
1	149	NOE	9.180000e-01	8.602211e-01	1.357028e-05	7.222365e+00	8.000000e-03
1	150	NOE	8.850000e-01	8.602211e-01	1.947278e-05	2.608307e-01	9.500000e-02
1	151	NOE	1.090000e+00	8.602211e-01	1.461801e-05	1.178353e+00	1.950000e-01
1	152	NOE	9.140000e-01	8.602211e-01	2.224947e-05	7.682703e+00	7.000000e-03
1	153	NOE	8.780000e-01	8.602211e-01	1.321539e-05	1.616265e+00	1.100000e-02
1	154	NOE	8.490000e-01	8.490000e-01	6.810784e-09	0.000000e+00	7.000000e-03
1	155	NOE	6.400000e-01	6.400000e-01	1.500332e-09	9.251859e-15	1.200000e-02
1	156	NOE	2.710000e-01	2.710000e-01	8.756620e-10	1.387779e-14	8.000000e-03
1	157	NOE	6.260000e-01	6.260000e-01	1.452360e-09	0.000000e+00	9.000000e-03
1	158	NOE	8.450000e-01	8.450000e-01	5.845126e-09	0.000000e+00	1.200000e-02
1	159	NOE	6.610000e-01	6.610000e-01	1.581389e-09	-1.850372e-14	1.200000e-02
1	160	NOE	8.850000e-01	8.602211e-01	1.947278e-05	2.064910e+00	1.200000e-02
1	161	NOE	1.010000e+00	8.602211e-01	1.597773e-05	5.695016e-01	2.630000e-01
1	163	NOE	1.020000e+00	8.602211e-01	1.844535e-05	7.794094e-01	2.050000e-01
1	167	NOE	9.040000e-01	8.602211e-01	1.347645e-05	4.377892e+00	1.000000e-02
1	169	NOE	9.240000e-01	8.602211e-01	1.821388e-05	5.314910e+00	1.200000e-02
1	170	NOE	9.270000e-01	8.602211e-01	2.011312e-05	6.677892e+00	1.000000e-02
1	171	NOE	8.440000e-01	8.440000e-01	5.661445e-09	0.000000e+00	1.400000e-02
1	172	NOE	8.730000e-01	8.602211e-01	2.387040e-05	9.829937e-01	1.300000e-02
1	173	NOE	8.810000e-01	8.602211e-01	1.899687e-05	1.385261e+00	1.500000e-02
1	174	NOE	9.010000e-01	8.602211e-01	2.317255e-05	3.707174e+00	1.100000e-02
1	175	NOE	7.000000e-01	7.000000e-01	1.771557e-09	2.220446e-14	5.000000e-03
1	176	NOE	8.910000e-01	8.602211e-01	2.279003e-05	2.798083e+00	1.100000e-02
1	177	NOE	9.010000e-01	8.602211e-01	2.317255e-05	5.097365e+00	8.000000e-03
1	179	NOE	9.040000e-01	8.602211e-01	1.347645e-05	5.472365e+00	8.000000e-03
1	181	NOE	8.020000e-01	8.020000e-01	2.973978e-09	0.000000e+00	7.000000e-03
1	182	NOE	9.270000e-01	8.602211e-01	2.011312e-05	7.419880e+00	9.000000e-03
1	183	NOE	9.180000e-01	8.602211e-01	1.357028e-05	9.629820e+00	6.000000e-03
1	184	NOE	8.620000e-01	8.602211e-01	1.149103e-05	2.541316e-01	7.000000e-03
1	185	NOE	9.370000e-01	8.602211e-01	3.242921e-05	6.979902e+00	1.100000e-02
1	186	NOE	8.580000e-01	8.580000e-01	1.532416e-08	0.000000e+00	1.700000e-02
1	187	NOE	9.400000e-01	8.602211e-01	1.931772e-05	1.595578e+01	5.000000e-03
1	188	NOE	9.180000e-01	8.602211e-01	1.357028e-05	4.478986e-01	1.290000e-01
1	190	NOE	9.410000e-01	8.602211e-01	1.770702e-05	1.615578e+01	5.000000e-03
1	191	NOE	9.410000e-01	8.602211e-01	1.770702e-05	3.671769e+00	2.200000e-02
1	193	NOE	8.930000e-01	8.602211e-01	1.630059e-05	9.933006e-01	3.300000e-02
1	194	NOE	8.720000e-01	8.602211e-01	1.271309e-05	1.308769e+00	9.000000e-03
1	195	NOE	8.620000e-01	8.602211e-01	1.149103e-05	1.482434e-01	1.200000e-02
1	196	NOE	8.940000e-01	8.602211e-01	1.270538e-05	3.377892e+00	1.000000e-02
1	197	NOE	8.800000e-01	8.602211e-01	1.180696e-05	2.472365e+00	8.000000e-03
1	198	NOE	8.490000e-01	8.490000e-01	6.810784e-09	0.000000e+00	2.100000e-02
1	199	NOE	8.770000e-01	8.602211e-01	1.215101e-05	2.097365e+00	8.000000e-03
1	200	NOE	9.140000e-01	8.602211e-01	2.224947e-05	4.481577e+00	1.200000e-02
1	201	NOE	9.070000e-01	8.602211e-01	1.848682e-05	4.252629e+00	1.100000e-02
1	202	NOE	8.560000e-01	8.560000e-01	1.111344e-08	0.000000e+00	1.200000e-02
1	203	NOE	8.060000e-01	8.060000e-01	3.083143e-09	7.401487e-15	1.500000e-02
1	204	NOE	8.320000e-01	8.320000e-01	4.286329e-09	0.000000e+00	1.300000e-02
1	205	NOE	9.250000e-01	8.602211e-01	1.413084e-05	4.627066e+00	1.400000e-02
1	206	NOE	6.030000e-01	6.030000e-01	1.382070e-09	5.312072e-16	2.090000e-01
1	212	NOE	7.800000e-01	7.800000e-01	2.527149e-09	1.387779e-14	8.000000e-03
1	213	NOE	9.280000e-01	8.602211e-01	2.129044e-05	6.777892e+00	1.000000e-02
1	214	NOE	8.570000e-01	8.570000e-01	1.272356e-08	0.000000e+00	1.000000e-02
1	215	NOE	7.950000e-01	7.950000e-01	2.807590e-09	-8.540177e-15	1.300000e-02
1	216	NOE	8.130000e-01	8.130000e-01	3.306429e-09	0.000000e+00	1.700000e-02
1	217	NOE	8.380000e-01	8.380000e-01	4.833786e-09	6.167906e-15	1.800000e-02
1	218	NOE	8.610000e-01	8.602211e-01	1.709027e-05	9.736485e-02	8.000000e-03
1	220	NOE	8.360000e-01	8.360000e-01	4.628860e-09	0.000000e+00	8.000000e-03
1	221	NOE	8.660000e-01	8.602211e-01	1.220111e-05	5.778921e-01	1.000000e-02
1	222	NOE	8.300000e-01	8.300000e-01	4.141122e-09	-1.110223e-14	1.000000e-02
1	223	NOE	8.800000e-01	8.602211e-01	1.180696e-05	2.472365e+00	8.000000e-03
1	224	NOE	8.620000e-01	8.602211e-01	1.149103e-05	2.541316e-01	7.000000e-03
1	225	NOE	8.540000e-01	8.540000e-01	9.152265e-09	0.000000e+00	1.300000e-02
1	226	NOE	8.850000e-01	8.602211e-01	1.947278e-05	3.097365e+00	8.000000e-03
1	227	NOE	8.810000e-01	8.602211e-01	1.899687e-05	2.077892e+00	1.000000e-02
1	228	NOE	1.260000e+00	8.602211e-01	1.131374e-05	1.388121e+00	2.880000e-01
1	229	NOE	8.880000e-01	8.602211e-01	1.250141e-05	1.596490e-01	1.740000e-01
1	230	NOE	9.670000e-01	8.602211e-01	1.239971e-05	1.100814e+00	9.700000e-02
1	231	NOE	9.760000e-01	8.602211e-01	1.364649e-05	6.731333e-01	1.720000e-01
1	233	NOE	8.920000e-01	8.602211e-01	1.814780e-05	2.888993e+00	1.100000e-02
1	234	NOE	8.780000e-01	8.602211e-01	1.321539e-05	1.269923e+00	1.400000e-02
1	235	NOE	8.960000e-01	8.602211e-01	1.999641e-05	2.104642e+00	1.700000e-02
1	236	NOE	8.590000e-01	8.590000e-01	2.066977e-08	0.000000e+00	1.100000e-02
1	237	NOE	8.200000e-01	8.200000e-01	3.585494e-09	-1.586033e-14	7.000000e-03
1	239	NOE	7.750000e-01	7.750000e-01	2.450474e-09	1.586033e-14	7.000000e-03
1	240	NOE	8.830000e-01	8.602211e-01	2.012366e-05	2.530991e+00	9.000000e-03
1	241	NOE	8.830000e-01	8.602211e-01	2.012366e-05	2.530991e+00	9.000000e-03
1	242	NOE	8.960000e-01	8.602211e-01	1.999641e-05	4.472365e+00	8.000000e-03
1	243	NOE	8.900000e-01	8.602211e-01	2.609798e-05	1.294736e+00	2.300000e-02
1	245	NOE	8.950000e-01	8.602211e-01	1.845075e-05	4.347365e+00	8.000000e-03
1	246	NOE	8.390000e-01	8.390000e-01	4.946930e-09	0.000000e+00	8.000000e-03
1	247	NOE	7.180000e-01	7.180000e-01	1.884314e-09	-1.233581e-14	9.000000e-03
1	248	NOE	5.580000e-01	5.580000e-01	1.268074e-09	-3.700743e-14	3.000000e-03


2	4	R1	5.293806e-01	5.293806e-01	1.789826e-08	1.238010e-14	8.967803e-03
2	5	R1	3.347841e-01	3.347841e-01	2.850331e-08	1.010775e-14	5.491938e-03
2	6	R1	3.260515e-01	3.260515e-01	2.927376e-08	-6.527063e-15	8.504767e-03
2	7	R1	3.944773e-01	3.944773e-01	2.414608e-08	1.731685e-15	3.205614e-02
2	8	R1	3.057169e-01	3.057169e-01	3.123761e-08	0.000000e+00	1.009399e-02
2	9	R1	3.449465e-01	3.449465e-01	2.765560e-08	-7.068589e-15	1.570643e-02
2	10	R1	3.403676e-01	3.403676e-01	2.803132e-08	1.980015e-15	2.803572e-02
2	11	R1	2.902758e-01	2.902758e-01	3.291190e-08	-4.512382e-15	1.230196e-02
2	12	R1	3.286231e-01	3.286231e-01	2.904265e-08	0.000000e+00	2.041070e-02
2	13	R1	3.437607e-01	3.437607e-01	2.775194e-08	-4.309642e-15	1.288069e-02
2	14	R1	3.166561e-01	3.166561e-01	3.014992e-08	-3.237490e-15	1.714636e-02
2	15	R1	3.608805e-01	3.608805e-01	2.642209e-08	3.674475e-15	1.510723e-02
2	16	R1	2.983294e-01	2.983294e-01	3.201710e-08	0.000000e+00	7.565034e-03
2	17	R1	2.983294e-01	2.983294e-01	3.201710e-08	-4.950143e-15	1.121405e-02
2	18	R1	3.045995e-01	3.045995e-01	3.135310e-08	8.195947e-15	1.354600e-02
2	19	R1	3.353454e-01	3.353454e-01	2.845515e-08	-4.013196e-15	1.383215e-02
2	20	R1	2.803476e-01	2.803476e-01	3.408546e-08	0.000000e+00	1.171062e-02
2	21	R1	3.604903e-01	3.604903e-01	2.645101e-08	0.000000e+00	1.117598e-02
2	22	R1	3.225806e-01	3.225806e-01	2.959151e-08	0.000000e+00	1.300728e-02
2	23	R1	3.103662e-01	3.103662e-01	3.076600e-08	5.055062e-15	1.098130e-02
2	24	R1	2.803476e-01	2.803476e-01	3.408546e-08	0.000000e+00	8.566833e-03
2	25	R1	3.765060e-01	3.765060e-01	2.531332e-08	-5.758740e-15	9.639461e-03
2	26	R1	3.261579e-01	3.261579e-01	2.926413e-08	-4.659148e-15	1.191444e-02
2	27	R1	2.828054e-01	2.828054e-01	3.378728e-08	-5.066222e-15	1.095711e-02
2	28	R1	3.648304e-01	3.648304e-01	2.613290e-08	0.000000e+00	1.543974e-02
2	29	R1	2.773925e-01	2.773925e-01	3.445094e-08	-7.004120e-15	7.925500e-03
2	30	R1	3.563792e-01	3.563792e-01	2.675943e-08	0.000000e+00	9.398453e-03
2	31	R1	3.765060e-01	3.765060e-01	2.531332e-08	5.085640e-15	1.091527e-02
2	32	R1	3.354579e-01	3.354579e-01	2.844552e-08	0.000000e+00	1.147826e-02
2	33	R1	3.533569e-01	3.533569e-01	2.699073e-08	0.000000e+00	6.992221e-03
2	34	R1	3.729952e-01	3.729952e-01	2.555441e-08	-5.391904e-15	1.029528e-02
2	35	R1	3.563792e-01	3.563792e-01	2.675943e-08	0.000000e+00	1.092253e-02
2	36	R1	4.438526e-01	4.438526e-01	2.142266e-08	0.000000e+00	1.260833e-02
2	37	R1	4.133940e-01	4.133940e-01	2.302638e-08	0.000000e+00	1.127904e-02
2	38	R1	3.503854e-01	3.503854e-01	2.722201e-08	0.000000e+00	9.576056e-03
2	39	R1	3.011141e-01	3.011141e-01	3.171880e-08	0.000000e+00	3.808128e-03
2	40	R1	3.566334e-01	3.566334e-01	2.674016e-08	0.000000e+00	2.632779e-02
2	41	R1	5.144033e-01	5.144033e-01	1.843166e-08	0.000000e+00	6.218353e-02
2	42	R1	4.038772e-01	4.038772e-01	2.357667e-08	5.130382e-15	3.246025e-02
2	43	R1	4.024145e-01	4.024145e-01	2.366354e-08	3.144898e-15	1.765118e-02
2	46	R1	3.822630e-01	3.822630e-01	2.492753e-08	0.000000e+00	1.388187e-02
2	47	R1	3.869969e-01	3.869969e-01	2.461885e-08	-8.298158e-15	2.006872e-02
2	48	R1	3.577818e-01	3.577818e-01	2.665342e-08	0.000000e+00	7.424451e-03
2	49	R1	3.495281e-01	3.495281e-01	2.728946e-08	0.000000e+00	1.502690e-02
2	50	R1	3.196931e-01	3.196931e-01	2.986110e-08	6.315610e-15	8.789516e-03
2	51	R1	3.003003e-01	3.003003e-01	3.180540e-08	-1.057659e-15	5.248492e-02
2	52	R1	3.599712e-01	3.599712e-01	2.648956e-08	2.644416e-15	2.099184e-02
2	53	R1	3.172589e-01	3.172589e-01	3.009216e-08	-7.878701e-15	7.045724e-03
2	54	R1	3.447087e-01	3.447087e-01	2.767487e-08	-5.432219e-15	1.021887e-02
2	55	R1	3.640335e-01	3.640335e-01	2.619074e-08	-8.055532e-15	6.891060e-03
2	56	R1	3.457815e-01	3.457815e-01	2.758816e-08	1.345729e-14	8.249973e-03
2	57	R1	3.388682e-01	3.388682e-01	2.815655e-08	2.458034e-14	6.775067e-03
2	58	R1	3.498950e-01	3.498950e-01	2.726055e-08	-1.030510e-14	5.386767e-03
2	59	R1	3.397893e-01	3.397893e-01	2.807949e-08	7.070528e-15	7.851062e-03
2	60	R1	3.280840e-01	3.280840e-01	2.909080e-08	7.474137e-15	7.427098e-03
2	61	R1	3.186743e-01	3.186743e-01	2.995738e-08	0.000000e+00	7.819606e-03
2	62	R1	3.660322e-01	3.660322e-01	2.604613e-08	-5.211641e-15	2.130275e-02
2	63	R1	4.180602e-01	4.180602e-01	2.276566e-08	2.835859e-15	1.957473e-02
2	64	R1	2.892682e-01	2.892682e-01	3.302734e-08	0.000000e+00	1.573110e-02
2	65	R1	4.066694e-01	4.066694e-01	2.341257e-08	0.000000e+00	1.405730e-02
2	66	R1	3.355705e-01	3.355705e-01	2.843589e-08	5.082075e-15	1.092293e-02
2	67	R1	3.543586e-01	3.543586e-01	2.691363e-08	-2.889368e-15	1.921221e-02
2	71	R1	3.795066e-01	3.795066e-01	2.511079e-08	0.000000e+00	1.094592e-02
2	72	R1	3.311258e-01	3.311258e-01	2.882115e-08	1.012568e-14	1.096443e-02
2	73	R1	3.703704e-01	3.703704e-01	2.573761e-08	-1.074362e-14	1.550069e-02
2	74	R1	3.401361e-01	3.401361e-01	2.805059e-08	-4.569678e-15	1.214772e-02
2	75	R1	3.005711e-01	3.005711e-01	3.177653e-08	0.000000e+00	1.255767e-02
2	76	R1	3.376097e-01	3.376097e-01	2.826251e-08	0.000000e+00	1.151201e-02
2	77	R1	3.661662e-01	3.661662e-01	2.603649e-08	5.240787e-15	1.059214e-02
2	78	R1	3.086420e-01	3.086420e-01	3.093925e-08	4.165180e-07	1.095488e-02
2	79	R1	3.636364e-01	3.636364e-01	2.621966e-08	-4.075758e-15	1.361983e-02
2	81	R1	3.714710e-01	3.714710e-01	2.566047e-08	1.031492e-14	1.076328e-02
2	82	R1	3.775009e-01	3.775009e-01	2.524581e-08	-1.038754e-14	1.068802e-02
2	84	R1	3.322259e-01	3.322259e-01	2.872484e-08	-2.177215e-15	2.549641e-02
2	85	R1	3.650968e-01	3.650968e-01	2.611362e-08	-1.837285e-14	9.064103e-03
2	87	R1	3.312355e-01	3.312355e-01	2.881151e-08	-9.546201e-15	5.814999e-03
2	88	R1	3.094059e-01	3.094059e-01	3.086225e-08	0.000000e+00	9.860400e-03
2	89	R1	3.036745e-01	3.036745e-01	3.144934e-08	1.337677e-14	8.299636e-03
2	90	R1	2.993116e-01	2.993116e-01	3.191125e-08	8.605987e-15	6.450295e-03
2	91	R1	3.668379e-01	3.668379e-01	2.598829e-08	0.000000e+00	2.960540e-02
2	92	R1	2.635046e-01	2.635046e-01	3.627798e-08	-3.701264e-16	1.499789e-01
2	93	R1	2.767017e-01	2.767017e-01	3.453749e-08	0.000000e+00	9.570480e-03
2	94	R1	2.635046e-01	2.635046e-01	3.627798e-08	-3.899868e-15	1.423411e-02
2	95	R1	3.453039e-01	3.453039e-01	2.762669e-08	-4.156802e-15	1.335429e-02
2	97	R1	3.382950e-01	3.382950e-01	2.820471e-08	-5.774439e-15	9.613254e-03
2	98	R1	3.072197e-01	3.072197e-01	3.108362e-08	3.480130e-15	1.595088e-02
2	99	R1	3.270111e-01	3.270111e-01	2.918709e-08	-3.244406e-15	1.710980e-02
2	100	R1	3.326680e-01	3.326680e-01	2.868631e-08	4.644451e-15	1.195214e-02
2	101	R1	3.886514e-01	3.886514e-01	2.451273e-08	0.000000e+00	1.012034e-02
2	102	R1	3.075977e-01	3.075977e-01	3.104512e-08	3.352557e-15	1.655786e-02
2	103	R1	3.263708e-01	3.263708e-01	2.924487e-08	6.948587e-15	7.988840e-03
2	104	R1	3.473428e-01	3.473428e-01	2.746290e-08	4.647596e-15	1.194406e-02
2	105	R1	2.874389e-01	2.874389e-01	3.323898e-08	4.173143e-15	1.330200e-02
2	106	R1	3.455425e-01	3.455425e-01	2.760742e-08	5.960500e-15	9.313170e-03
2	107	R1	3.923107e-01	3.923107e-01	2.428117e-08	1.104117e-14	1.508295e-02
2	108	R1	3.603604e-01	3.603604e-01	2.646064e-08	3.782925e-15	1.467413e-02
2	109	R1	4.040404e-01	4.040404e-01	2.356702e-08	0.000000e+00	1.828385e-02
2	110	R1	4.123711e-01	4.123711e-01	2.308432e-08	-1.360168e-14	1.224360e-02
2	111	R1	3.748126e-01	3.748126e-01	2.542905e-08	0.000000e+00	1.067682e-02
2	112	R1	4.393673e-01	4.393673e-01	2.164497e-08	-3.550093e-15	3.127307e-02
2	114	R1	5.561735e-01	5.561735e-01	1.701488e-08	0.000000e+00	1.060998e-01
2	115	R1	4.063389e-01	4.063389e-01	2.343188e-08	-1.867803e-14	8.916010e-03
2	116	R1	3.142678e-01	3.142678e-01	3.038096e-08	4.723171e-15	1.175294e-02
2	117	R1	5.053057e-01	5.053057e-01	1.877091e-08	1.249461e-15	8.885618e-02
2	118	R1	3.526093e-01	3.526093e-01	2.704855e-08	-1.440227e-14	7.708666e-03
2	119	R1	3.185728e-01	3.185728e-01	2.996701e-08	8.163719e-15	6.799738e-03
2	120	R1	3.976143e-01	3.976143e-01	2.395308e-08	5.756074e-15	9.643926e-03
2	121	R1	3.815338e-01	3.815338e-01	2.497576e-08	-6.463418e-15	8.588513e-03
2	122	R1	2.673082e-01	2.673082e-01	3.575877e-08	0.000000e+00	2.851002e-02
2	123	R1	2.934272e-01	2.934272e-01	3.255592e-08	1.572518e-15	7.060162e-02
2	124	R1	2.409639e-01	2.409639e-01	3.969029e-08	0.000000e+00	5.498621e-02
2	125	R1	3.303601e-01	3.303601e-01	2.888856e-08	9.281636e-16	5.980751e-02
2	127	R1	3.273322e-01	3.273322e-01	2.915820e-08	0.000000e+00	1.317901e-01
2	128	R1	3.477051e-01	3.477051e-01	2.743399e-08	0.000000e+00	9.913707e-03
2	129	R1	3.043214e-01	3.043214e-01	3.138197e-08	3.546734e-15	1.565134e-02
2	130	R1	3.364738e-01	3.364738e-01	2.835883e-08	-5.837119e-15	9.510025e-03
2	131	R1	3.022975e-01	3.022975e-01	3.159369e-08	0.000000e+00	1.498694e-02
2	132	R1	3.182686e-01	3.182686e-01	2.999589e-08	6.022145e-15	9.217837e-03
2	133	R1	3.203075e-01	3.203075e-01	2.980334e-08	0.000000e+00	9.644108e-03
2	135	R1	2.944641e-01	2.944641e-01	3.244047e-08	0.000000e+00	1.101205e-02
2	136	R1	2.863688e-01	2.863688e-01	3.336404e-08	0.000000e+00	5.740498e-03
2	137	R1	3.576538e-01	3.576538e-01	2.666305e-08	-5.635907e-15	9.849550e-03
2	138	R1	3.576538e-01	3.576538e-01	2.666305e-08	-4.931419e-15	1.125663e-02
2	139	R1	3.239391e-01	3.239391e-01	2.946634e-08	-6.011333e-15	9.234416e-03
2	140	R1	3.661662e-01	3.661662e-01	2.603649e-08	0.000000e+00	1.166476e-02
2	141	R1	3.147624e-01	3.147624e-01	3.033283e-08	0.000000e+00	9.511233e-03
2	142	R1	3.065604e-01	3.065604e-01	3.115099e-08	4.614644e-15	1.202935e-02
2	143	R1	3.099814e-01	3.099814e-01	3.080450e-08	4.774453e-15	1.162670e-02
2	144	R1	3.559986e-01	3.559986e-01	2.678835e-08	4.709782e-15	1.178635e-02
2	145	R1	3.616637e-01	3.616637e-01	2.636425e-08	-4.003729e-15	1.386486e-02
2	146	R1	3.046923e-01	3.046923e-01	3.134348e-08	6.164327e-15	9.005225e-03
2	147	R1	3.399048e-01	3.399048e-01	2.806985e-08	0.000000e+00	1.629048e-02
2	148	R1	3.534818e-01	3.534818e-01	2.698109e-08	-5.048513e-15	1.099555e-02
2	149	R1	3.484321e-01	3.484321e-01	2.737618e-08	6.350553e-15	8.741153e-03
2	150	R1	3.541076e-01	3.541076e-01	2.693291e-08	3.106667e-15	3.573678e-02
2	151	R1	4.631774e-01	4.631774e-01	2.051367e-08	8.682989e-16	6.393092e-02
2	152	R1	3.422313e-01	3.422313e-01	2.787718e-08	-8.777016e-15	6.324604e-03
2	153	R1	3.248863e-01	3.248863e-01	2.937968e-08	0.000000e+00	7.705230e-03
2	154	R1	3.425831e-01	3.425831e-01	2.784828e-08	0.000000e+00	9.154327e-03
2	155	R1	3.377237e-01	3.377237e-01	2.825288e-08	0.000000e+00	9.466758e-03
2	156	R1	3.238342e-01	3.238342e-01	2.947597e-08	4.726251e-15	1.174528e-02
2	157	R1	3.639010e-01	3.639010e-01	2.620038e-08	5.904122e-15	9.402101e-03
2	158	R1	3.813883e-01	3.813883e-01	2.498541e-08	-6.814870e-15	8.145592e-03
2	159	R1	4.462294e-01	4.462294e-01	2.130666e-08	3.358813e-15	1.652701e-02
2	160	R1	2.859594e-01	2.859594e-01	3.341214e-08	7.542737e-15	7.359550e-03
2	161	R1	3.980892e-01	3.980892e-01	2.392413e-08	0.000000e+00	5.974507e-02
2	163	R1	1.869159e-01	1.869159e-01	5.121603e-08	-3.067313e-16	9.048825e-02
2	167	R1	3.625816e-01	3.625816e-01	2.629678e-08	0.000000e+00	1.380387e-02
2	169	R1	4.135649e-01	4.135649e-01	2.301673e-08	4.006894e-15	1.385391e-02
2	170	R1	3.305785e-01	3.305785e-01	2.886930e-08	3.190613e-07	1.529950e-02
2	171	R1	3.863988e-01	3.863988e-01	2.465744e-08	2.859996e-15	1.940952e-02
2	172	R1	4.166667e-01	4.166667e-01	2.284291e-08	-3.806479e-15	1.458333e-02
2	173	R1	4.084967e-01	4.084967e-01	2.330638e-08	0.000000e+00	1.718757e-02
2	174	R1	3.395586e-01	3.395586e-01	2.809875e-08	-7.185815e-15	7.725102e-03
2	175	R1	4.334634e-01	4.334634e-01	2.194455e-08	-9.530457e-15	1.164921e-02
2	176	R1	3.363606e-01	3.363606e-01	2.836847e-08	-1.090329e-14	1.018246e-02
2	177	R1	3.418803e-01	3.418803e-01	2.790609e-08	-1.637699e-14	6.779166e-03
2	179	R1	3.454231e-01	3.454231e-01	2.761706e-08	-6.461671e-15	8.590835e-03
2	181	R1	3.645643e-01	3.645643e-01	2.615218e-08	0.000000e+00	1.036676e-02
2	182	R1	3.209243e-01	3.209243e-01	2.974557e-08	-5.988701e-15	9.269314e-03
2	183	R1	3.699593e-01	3.699593e-01	2.576654e-08	1.126600e-14	9.854632e-03
2	184	R1	3.585515e-01	3.585515e-01	2.659559e-08	1.579737e-14	1.054185e-02
2	185	R1	3.633721e-01	3.633721e-01	2.623894e-08	3.562830e-15	1.558063e-02
2	186	R1	3.603604e-01	3.603604e-01	2.646064e-08	-6.679227e-15	1.662203e-02
2	187	R1	3.957262e-01	3.957262e-01	2.406889e-08	-5.453526e-15	1.017895e-02
2	188	R1	3.303601e-01	3.303601e-01	2.888856e-08	2.469095e-15	2.248238e-02
2	190	R1	3.402518e-01	3.402518e-01	2.804095e-08	7.733707e-15	7.177819e-03
2	191	R1	3.593245e-01	3.593245e-01	2.653775e-08	-4.573817e-15	1.213672e-02
2	193	R1	3.463803e-01	3.463803e-01	2.753998e-08	0.000000e+00	1.787692e-02
2	194	R1	3.907776e-01	3.907776e-01	2.437766e-08	-1.795129e-14	1.236928e-02
2	195	R1	3.732736e-01	3.732736e-01	2.553512e-08	0.000000e+00	9.753323e-03
2	196	R1	3.220612e-01	3.220612e-01	2.963966e-08	4.386757e-15	1.265426e-02
2	197	R1	3.359086e-01	3.359086e-01	2.840699e-08	0.000000e+00	1.117063e-02
2	198	R1	3.664346e-01	3.664346e-01	2.601721e-08	3.131940e-15	1.772421e-02
2	199	R1	3.516174e-01	3.516174e-01	2.712565e-08	-4.081753e-15	1.359983e-02
2	200	R1	3.353454e-01	3.353454e-01	2.845515e-08	-6.670583e-15	8.321784e-03
2	201	R1	3.713331e-01	3.713331e-01	2.567012e-08	-4.681171e-15	1.185839e-02
2	202	R1	3.523608e-01	3.523608e-01	2.706783e-08	1.616025e-14	1.030513e-02
2	203	R1	3.685957e-01	3.685957e-01	2.586295e-08	6.643619e-15	1.671112e-02
2	204	R1	3.672420e-01	3.672420e-01	2.595936e-08	-4.900002e-15	1.132880e-02
2	205	R1	2.998501e-01	2.998501e-01	3.185352e-08	9.134462e-07	4.855144e-03
2	206	R1	1.408649e-01	1.408649e-01	6.800176e-08	-2.854621e-16	9.723032e-02
2	212	R1	3.477051e-01	3.477051e-01	2.743399e-08	0.000000e+00	1.088090e-02
2	213	R1	2.947244e-01	2.947244e-01	3.241160e-08	-4.070505e-15	1.363741e-02
2	214	R1	3.401361e-01	3.401361e-01	2.805059e-08	3.476929e-15	1.596557e-02
2	215	R1	3.128911e-01	3.128911e-01	3.051573e-08	0.000000e+00	1.165020e-02
2	216	R1	2.955083e-01	2.955083e-01	3.232501e-08	3.899899e-15	1.423400e-02
2	217	R1	3.434066e-01	3.434066e-01	2.778084e-08	4.240724e-15	1.309002e-02
2	218	R1	3.599712e-01	3.599712e-01	2.648956e-08	0.000000e+00	9.977604e-03
2	220	R1	3.894081e-01	3.894081e-01	2.446449e-08	-1.355834e-14	1.228273e-02
2	221	R1	3.709199e-01	3.709199e-01	2.569904e-08	0.000000e+00	1.224476e-02
2	222	R1	3.573981e-01	3.573981e-01	2.668233e-08	0.000000e+00	1.392294e-02
2	223	R1	3.259452e-01	3.259452e-01	2.928339e-08	-5.225056e-15	1.062403e-02
2	224	R1	3.418803e-01	3.418803e-01	2.790609e-08	-1.067264e-14	1.040251e-02
2	225	R1	3.172589e-01	3.172589e-01	3.009216e-08	-4.557926e-15	1.217904e-02
2	226	R1	3.359086e-01	3.359086e-01	2.840699e-08	0.000000e+00	1.117063e-02
2	227	R1	3.415301e-01	3.415301e-01	2.793499e-08	-8.979383e-15	1.236413e-02
2	228	R1	5.330490e-01	5.330490e-01	1.777213e-08	-1.236485e-15	8.978864e-02
2	229	R1	2.750275e-01	2.750275e-01	3.474907e-08	0.000000e+00	5.551985e-02
2	230	R1	2.442599e-01	2.442599e-01	3.915212e-08	0.000000e+00	4.713369e-02
2	231	R1	3.576538e-01	3.576538e-01	2.666305e-08	-1.846659e-15	6.012063e-02
2	233	R1	3.478261e-01	3.478261e-01	2.742436e-08	-3.186350e-15	1.742155e-02
2	234	R1	3.930818e-01	3.930818e-01	2.423293e-08	4.727166e-15	1.174301e-02
2	235	R1	3.885004e-01	3.885004e-01	2.452238e-08	7.430057e-15	1.494232e-02
2	236	R1	3.843198e-01	3.843198e-01	2.479249e-08	-6.959869e-15	1.595178e-02
2	237	R1	3.756574e-01	3.756574e-01	2.537118e-08	0.000000e+00	1.538191e-02
2	239	R1	3.441156e-01	3.441156e-01	2.772304e-08	0.000000e+00	1.089423e-02
2	240	R1	4.043672e-01	4.043672e-01	2.354771e-08	6.592061e-15	1.684182e-02
2	241	R1	3.720238e-01	3.720238e-01	2.562190e-08	0.000000e+00	1.826903e-02
2	242	R1	3.338898e-01	3.338898e-01	2.858037e-08	-5.532627e-15	1.003342e-02
2	243	R1	3.012956e-01	3.012956e-01	3.169955e-08	0.000000e+00	1.724801e-02
2	245	R1	3.271181e-01	3.271181e-01	2.917746e-08	0.000000e+00	1.102164e-02
2	246	R1	3.444712e-01	3.444712e-01	2.769414e-08	0.000000e+00	8.068909e-03
2	247	R1	3.387534e-01	3.387534e-01	2.816618e-08	0.000000e+00	1.124588e-02
2	248	R1	6.944444e-01	6.944444e-01	1.352544e-08	0.000000e+00	1.157407e-02


