0	4	R2	2.549070e+01	2.549070e+01	1.830100e-08	nan	0.000000e+00
0	5	R2	3.714710e+01	3.714710e+01	2.688931e-08	inf	0.000000e+00
0	6	R2	4.347826e+01	4.347826e+01	3.153413e-08	-inf	0.000000e+00
0	7	R2	4.068348e+01	4.068348e+01	2.948484e-08	2.146466e-13	3.310291e-02
0	8	R2	3.915427e+01	3.915427e+01	2.836285e-08	0.000000e+00	6.132227e-02
0	9	R2	3.608805e+01	3.608805e+01	2.611137e-08	0.000000e+00	7.814086e-02
0	10	R2	3.847634e+01	3.847634e+01	2.786527e-08	1.599858e-13	4.441286e-02
0	11	R2	3.886514e+01	3.886514e+01	2.815065e-08	inf	0.000000e+00
0	12	R2	3.639010e+01	3.639010e+01	2.633328e-08	0.000000e+00	5.296958e-02
0	13	R2	4.214075e+01	4.214075e+01	3.055358e-08	nan	0.000000e+00
0	14	R2	4.051864e+01	4.051864e+01	2.936392e-08	nan	0.000000e+00
0	15	R2	3.910833e+01	3.910833e+01	2.832913e-08	nan	0.000000e+00
0	16	R2	3.453039e+01	3.453039e+01	2.496654e-08	nan	0.000000e+00
0	17	R2	4.168404e+01	4.168404e+01	3.021868e-08	-inf	0.000000e+00
0	18	R2	4.748338e+01	4.748338e+01	3.446855e-08	-inf	0.000000e+00
0	19	R2	4.192872e+01	4.192872e+01	3.039811e-08	nan	0.000000e+00
0	20	R2	4.666356e+01	4.666356e+01	3.386809e-08	inf	0.000000e+00
0	21	R2	5.194805e+01	5.194805e+01	3.773712e-08	2.633005e-13	2.698600e-02
0	22	R2	4.916421e+01	4.916421e+01	3.569936e-08	nan	0.000000e+00
0	23	R2	4.418913e+01	4.418913e+01	3.205514e-08	nan	0.000000e+00
0	24	R2	4.962779e+01	4.962779e+01	3.603876e-08	-inf	0.000000e+00
0	25	R2	3.889537e+01	3.889537e+01	2.817284e-08	inf	0.000000e+00
0	26	R2	4.642526e+01	4.642526e+01	3.369353e-08	inf	0.000000e+00
0	27	R2	4.644682e+01	4.644682e+01	3.370933e-08	-inf	0.000000e+00
0	28	R2	4.653327e+01	4.653327e+01	3.377266e-08	-6.562858e-13	2.165345e-02
0	29	R2	4.734848e+01	4.734848e+01	3.436976e-08	-inf	0.000000e+00
0	30	R2	4.130525e+01	4.130525e+01	2.994089e-08	nan	0.000000e+00
0	31	R2	4.387889e+01	4.387889e+01	3.182777e-08	inf	0.000000e+00
0	32	R2	3.418803e+01	3.418803e+01	2.471481e-08	nan	0.000000e+00
0	33	R2	3.140704e+01	3.140704e+01	2.266828e-08	nan	0.000000e+00
0	34	R2	3.460208e+01	3.460208e+01	2.501924e-08	nan	0.000000e+00
0	35	R2	4.009623e+01	4.009623e+01	2.905403e-08	-inf	0.000000e+00
0	36	R2	3.611412e+01	3.611412e+01	2.613052e-08	nan	0.000000e+00
0	37	R2	3.437607e+01	3.437607e+01	2.485308e-08	nan	0.000000e+00
0	38	R2	4.088307e+01	4.088307e+01	2.963124e-08	nan	0.000000e+00
0	39	R2	3.466205e+01	3.466205e+01	2.506333e-08	nan	0.000000e+00
0	40	R2	4.374453e+01	4.374453e+01	3.172929e-08	0.000000e+00	1.148150e-01
0	41	R2	2.776235e+01	2.776235e+01	1.998054e-08	0.000000e+00	1.079048e-01
0	42	R2	3.399048e+01	3.399048e+01	2.456953e-08	8.785723e-14	8.087470e-02
0	43	R2	3.927730e+01	3.927730e+01	2.845313e-08	1.151455e-13	6.170824e-02
0	46	R2	3.977725e+01	3.977725e+01	2.881999e-08	inf	0.000000e+00
0	47	R2	4.196391e+01	4.196391e+01	3.042391e-08	4.483279e-14	1.584873e-01
0	48	R2	4.589261e+01	4.589261e+01	3.330334e-08	1.686843e-13	4.212264e-02
0	49	R2	4.545455e+01	4.545455e+01	3.298240e-08	inf	0.000000e+00
0	50	R2	3.913894e+01	3.913894e+01	2.835160e-08	nan	0.000000e+00
0	51	R2	4.344049e+01	4.344049e+01	3.150644e-08	-4.183679e-14	1.698368e-01
0	52	R2	3.735525e+01	3.735525e+01	2.704217e-08	-1.454852e-13	9.767902e-02
0	53	R2	4.355401e+01	4.355401e+01	3.158965e-08	-inf	0.000000e+00
0	54	R2	4.108463e+01	4.108463e+01	2.977908e-08	nan	0.000000e+00
0	55	R2	3.862495e+01	3.862495e+01	2.797435e-08	0.000000e+00	2.983774e-02
0	56	R2	3.923107e+01	3.923107e+01	2.841921e-08	nan	0.000000e+00
0	57	R2	3.534818e+01	3.534818e+01	2.556769e-08	-inf	0.000000e+00
0	58	R2	3.924647e+01	3.924647e+01	2.843051e-08	-inf	0.000000e+00
0	59	R2	4.221190e+01	4.221190e+01	3.060575e-08	nan	0.000000e+00
0	60	R2	4.464286e+01	4.464286e+01	3.238765e-08	inf	0.000000e+00
0	61	R2	3.877472e+01	3.877472e+01	2.808428e-08	nan	0.000000e+00
0	62	R2	2.842524e+01	2.842524e+01	2.046995e-08	2.198477e-13	3.231977e-02
0	63	R2	3.660322e+01	3.660322e+01	2.648984e-08	0.000000e+00	2.679592e-02
0	64	R2	4.277160e+01	4.277160e+01	3.101610e-08	-3.884000e-13	1.829410e-02
0	65	R2	3.916960e+01	3.916960e+01	2.837410e-08	nan	0.000000e+00
0	66	R2	3.720238e+01	3.720238e+01	2.692990e-08	nan	0.000000e+00
0	67	R2	4.035513e+01	4.035513e+01	2.924397e-08	-inf	0.000000e+00
0	71	R2	3.900156e+01	3.900156e+01	2.825077e-08	nan	0.000000e+00
0	72	R2	3.920031e+01	3.920031e+01	2.839664e-08	nan	0.000000e+00
0	73	R2	3.645643e+01	3.645643e+01	2.638201e-08	inf	0.000000e+00
0	74	R2	3.799392e+01	3.799392e+01	2.751112e-08	-inf	0.000000e+00
0	75	R2	4.430660e+01	4.430660e+01	3.214123e-08	3.619540e-13	1.963075e-02
0	76	R2	4.038772e+01	4.038772e+01	2.926788e-08	-inf	0.000000e+00
0	77	R2	4.642526e+01	4.642526e+01	3.369353e-08	inf	0.000000e+00
0	78	R2	3.988831e+01	3.988831e+01	2.890149e-08	nan	0.000000e+00
0	79	R2	4.670715e+01	4.670715e+01	3.390002e-08	0.000000e+00	2.181558e-02
0	81	R2	3.972984e+01	3.972984e+01	2.878521e-08	nan	0.000000e+00
0	82	R2	3.889537e+01	3.889537e+01	2.817284e-08	inf	0.000000e+00
0	84	R2	3.762227e+01	3.762227e+01	2.723824e-08	1.003992e-13	7.077177e-02
0	85	R2	4.217630e+01	4.217630e+01	3.057964e-08	nan	0.000000e+00
0	87	R2	3.924647e+01	3.924647e+01	2.843051e-08	-inf	0.000000e+00
0	88	R2	4.814636e+01	4.814636e+01	3.495407e-08	-inf	0.000000e+00
0	89	R2	3.808073e+01	3.808073e+01	2.757485e-08	inf	0.000000e+00
0	90	R2	3.897116e+01	3.897116e+01	2.822846e-08	-inf	0.000000e+00
0	91	R2	3.725782e+01	3.725782e+01	2.697062e-08	0.000000e+00	1.277094e+00
0	92	R2	4.593477e+01	4.593477e+01	3.333423e-08	0.000000e+00	8.440013e-01
0	93	R2	4.870921e+01	4.870921e+01	3.536621e-08	nan	0.000000e+00
0	94	R2	4.541326e+01	4.541326e+01	3.295215e-08	6.890565e-13	2.062364e-02
0	95	R2	4.295533e+01	4.295533e+01	3.115080e-08	inf	0.000000e+00
0	97	R2	4.219409e+01	4.219409e+01	3.059269e-08	-3.991047e-13	1.780341e-02
0	98	R2	4.878049e+01	4.878049e+01	3.541841e-08	inf	0.000000e+00
0	99	R2	4.212300e+01	4.212300e+01	3.054056e-08	-1.001133e-13	7.097388e-02
0	100	R2	4.030633e+01	4.030633e+01	2.920817e-08	inf	0.000000e+00
0	101	R2	3.972984e+01	3.972984e+01	2.878521e-08	0.000000e+00	1.578460e-02
0	102	R2	4.244482e+01	4.244482e+01	3.077653e-08	0.000000e+00	1.801563e-02
0	103	R2	3.874467e+01	3.874467e+01	2.806223e-08	inf	0.000000e+00
0	104	R2	4.130525e+01	4.130525e+01	2.994089e-08	nan	0.000000e+00
0	105	R2	4.508566e+01	4.508566e+01	3.271212e-08	nan	0.000000e+00
0	106	R2	3.913894e+01	3.913894e+01	2.835160e-08	nan	0.000000e+00
0	107	R2	3.688676e+01	3.688676e+01	2.669810e-08	-inf	0.000000e+00
0	108	R2	3.930818e+01	3.930818e+01	2.847579e-08	inf	0.000000e+00
0	109	R2	4.430660e+01	4.430660e+01	3.214123e-08	1.206513e-13	5.889225e-02
0	110	R2	4.098361e+01	4.098361e+01	2.970498e-08	-inf	0.000000e+00
0	111	R2	4.166667e+01	4.166667e+01	3.020594e-08	nan	0.000000e+00
0	112	R2	3.929273e+01	3.929273e+01	2.846446e-08	0.000000e+00	3.242229e-01
0	114	R2	4.486317e+01	4.486317e+01	3.254909e-08	-7.060579e-14	2.012704e-01
0	115	R2	4.058442e+01	4.058442e+01	2.941217e-08	nan	0.000000e+00
0	116	R2	4.364906e+01	4.364906e+01	3.165932e-08	-inf	0.000000e+00
0	117	R2	1.884304e+01	1.884304e+01	1.335472e-08	-2.309066e-13	4.615781e-02
0	118	R2	3.858025e+01	3.858025e+01	2.794154e-08	nan	0.000000e+00
0	119	R2	3.624502e+01	3.624502e+01	2.622669e-08	nan	0.000000e+00
0	120	R2	3.803728e+01	3.803728e+01	2.754295e-08	-inf	0.000000e+00
0	121	R2	4.184100e+01	4.184100e+01	3.033378e-08	nan	0.000000e+00
0	122	R2	3.829950e+01	3.829950e+01	2.773546e-08	-4.403634e-14	1.613537e-01
0	123	R2	4.859086e+01	4.859086e+01	3.527956e-08	0.000000e+00	5.430466e-01
0	124	R2	2.033760e+01	2.033760e+01	1.447229e-08	0.000000e+00	4.094820e-01
0	125	R2	5.330490e+01	5.330490e+01	3.873003e-08	0.000000e+00	1.164979e+00
0	127	R2	5.232862e+01	5.232862e+01	3.801563e-08	-9.119004e-07	8.488683e-01
0	128	R2	3.684598e+01	3.684598e+01	2.666815e-08	nan	0.000000e+00
0	129	R2	4.699248e+01	4.699248e+01	3.410901e-08	inf	0.000000e+00
0	130	R2	3.802281e+01	3.802281e+01	2.753233e-08	nan	0.000000e+00
0	131	R2	4.301075e+01	4.301075e+01	3.119143e-08	inf	0.000000e+00
0	132	R2	4.382121e+01	4.382121e+01	3.178549e-08	-inf	0.000000e+00
0	133	R2	3.969829e+01	3.969829e+01	2.876206e-08	-inf	0.000000e+00
0	135	R2	4.705882e+01	4.705882e+01	3.415761e-08	nan	0.000000e+00
0	136	R2	4.239084e+01	4.239084e+01	3.073695e-08	-inf	0.000000e+00
0	137	R2	3.847634e+01	3.847634e+01	2.786527e-08	inf	0.000000e+00
0	138	R2	3.968254e+01	3.968254e+01	2.875050e-08	nan	0.000000e+00
0	139	R2	4.096682e+01	4.096682e+01	2.969267e-08	nan	0.000000e+00
0	140	R2	4.096682e+01	4.096682e+01	2.969267e-08	nan	0.000000e+00
0	141	R2	3.858025e+01	3.858025e+01	2.794154e-08	nan	0.000000e+00
0	142	R2	4.217630e+01	4.217630e+01	3.057964e-08	nan	0.000000e+00
0	143	R2	4.278990e+01	4.278990e+01	3.102952e-08	nan	0.000000e+00
0	144	R2	3.979308e+01	3.979308e+01	2.883161e-08	-inf	0.000000e+00
0	145	R2	4.029009e+01	4.029009e+01	2.919626e-08	-inf	0.000000e+00
0	146	R2	4.170142e+01	4.170142e+01	3.023142e-08	-inf	0.000000e+00
0	147	R2	4.065041e+01	4.065041e+01	2.946058e-08	0.000000e+00	1.652456e-02
0	148	R2	3.885004e+01	3.885004e+01	2.813957e-08	inf	0.000000e+00
0	149	R2	3.988831e+01	3.988831e+01	2.890149e-08	nan	0.000000e+00
0	150	R2	3.731343e+01	3.731343e+01	2.701146e-08	3.189626e-14	2.227668e-01
0	151	R2	4.032258e+01	4.032258e+01	2.922009e-08	0.000000e+00	4.552549e-01
0	152	R2	3.840246e+01	3.840246e+01	2.781103e-08	nan	0.000000e+00
0	153	R2	3.812429e+01	3.812429e+01	2.760683e-08	inf	0.000000e+00
0	154	R2	3.985652e+01	3.985652e+01	2.887816e-08	inf	0.000000e+00
0	155	R2	3.789314e+01	3.789314e+01	2.743713e-08	nan	0.000000e+00
0	156	R2	3.376097e+01	3.376097e+01	2.440073e-08	-inf	0.000000e+00
0	157	R2	3.490401e+01	3.490401e+01	2.524121e-08	nan	0.000000e+00
0	158	R2	3.901678e+01	3.901678e+01	2.826194e-08	-inf	0.000000e+00
0	159	R2	3.641661e+01	3.641661e+01	2.635275e-08	-inf	0.000000e+00
0	160	R2	4.116921e+01	4.116921e+01	2.984111e-08	-inf	0.000000e+00
0	161	R2	4.161465e+01	4.161465e+01	3.016779e-08	-7.074076e-15	1.004432e+00
0	163	R2	4.130525e+01	4.130525e+01	2.994089e-08	0.000000e+00	6.483269e-01
0	167	R2	3.993610e+01	3.993610e+01	2.893655e-08	nan	0.000000e+00
0	169	R2	4.101723e+01	4.101723e+01	2.972964e-08	nan	0.000000e+00
0	170	R2	4.159734e+01	4.159734e+01	3.015510e-08	-inf	0.000000e+00
0	171	R2	4.003203e+01	4.003203e+01	2.900693e-08	inf	0.000000e+00
0	172	R2	3.926188e+01	3.926188e+01	2.844182e-08	4.609439e-13	1.541495e-02
0	173	R2	3.770739e+01	3.770739e+01	2.730074e-08	-4.997321e-13	1.421847e-02
0	174	R2	3.849115e+01	3.849115e+01	2.787614e-08	inf	0.000000e+00
0	175	R2	2.964720e+01	2.964720e+01	2.137142e-08	nan	0.000000e+00
0	176	R2	4.368720e+01	4.368720e+01	3.168727e-08	-inf	0.000000e+00
0	177	R2	3.960396e+01	3.960396e+01	2.869284e-08	-inf	0.000000e+00
0	179	R2	3.526093e+01	3.526093e+01	2.550356e-08	nan	0.000000e+00
0	181	R2	4.003203e+01	4.003203e+01	2.900693e-08	inf	0.000000e+00
0	182	R2	3.901678e+01	3.901678e+01	2.826194e-08	-inf	0.000000e+00
0	183	R2	3.832886e+01	3.832886e+01	2.775701e-08	nan	0.000000e+00
0	184	R2	4.038772e+01	4.038772e+01	2.926788e-08	-inf	0.000000e+00
0	185	R2	4.076641e+01	4.076641e+01	2.954567e-08	nan	0.000000e+00
0	186	R2	4.253509e+01	4.253509e+01	3.084271e-08	-3.927313e-13	1.809234e-02
0	187	R2	3.903201e+01	3.903201e+01	2.827312e-08	-inf	0.000000e+00
0	188	R2	4.222973e+01	4.222973e+01	3.061882e-08	1.992157e-14	3.566700e-01
0	190	R2	3.847634e+01	3.847634e+01	2.786527e-08	inf	0.000000e+00
0	191	R2	3.996803e+01	3.996803e+01	2.895997e-08	0.000000e+00	1.597443e-02
0	193	R2	4.434590e+01	4.434590e+01	3.217003e-08	1.806564e-13	3.933117e-02
0	194	R2	3.548616e+01	3.548616e+01	2.566909e-08	nan	0.000000e+00
0	195	R2	3.642987e+01	3.642987e+01	2.636250e-08	inf	0.000000e+00
0	196	R2	4.122012e+01	4.122012e+01	2.987845e-08	inf	0.000000e+00
0	197	R2	3.422313e+01	3.422313e+01	2.474062e-08	nan	0.000000e+00
0	198	R2	4.208754e+01	4.208754e+01	3.051456e-08	0.000000e+00	1.771361e-02
0	199	R2	3.395586e+01	3.395586e+01	2.454407e-08	nan	0.000000e+00
0	200	R2	3.877472e+01	3.877472e+01	2.808428e-08	nan	0.000000e+00
0	201	R2	4.170142e+01	4.170142e+01	3.023142e-08	-inf	0.000000e+00
0	202	R2	3.698225e+01	3.698225e+01	2.676823e-08	-inf	0.000000e+00
0	203	R2	3.731343e+01	3.731343e+01	2.701146e-08	5.103402e-13	1.392292e-02
0	204	R2	4.659832e+01	4.659832e+01	3.382031e-08	nan	0.000000e+00
0	205	R2	4.321521e+01	4.321521e+01	3.134131e-08	inf	0.000000e+00
0	206	R2	6.191950e+01	6.191950e+01	4.503033e-08	0.000000e+00	3.220581e+00
0	212	R2	4.101723e+01	4.101723e+01	2.972964e-08	nan	0.000000e+00
0	213	R2	4.608295e+01	4.608295e+01	3.344278e-08	inf	0.000000e+00
0	214	R2	4.345937e+01	4.345937e+01	3.152028e-08	inf	0.000000e+00
0	215	R2	5.081301e+01	5.081301e+01	3.690638e-08	nan	0.000000e+00
0	216	R2	4.597701e+01	4.597701e+01	3.336517e-08	3.361311e-13	2.113886e-02
0	217	R2	4.217630e+01	4.217630e+01	3.057964e-08	0.000000e+00	1.778840e-02
0	218	R2	3.930818e+01	3.930818e+01	2.847579e-08	inf	0.000000e+00
0	220	R2	4.257131e+01	4.257131e+01	3.086926e-08	nan	0.000000e+00
0	221	R2	3.987241e+01	3.987241e+01	2.888982e-08	inf	0.000000e+00
0	222	R2	3.782148e+01	3.782148e+01	2.738451e-08	-inf	0.000000e+00
0	223	R2	4.653327e+01	4.653327e+01	3.377266e-08	-inf	0.000000e+00
0	224	R2	3.874467e+01	3.874467e+01	2.806223e-08	inf	0.000000e+00
0	225	R2	3.528582e+01	3.528582e+01	2.552185e-08	inf	0.000000e+00
0	226	R2	4.992511e+01	4.992511e+01	3.625642e-08	nan	0.000000e+00
0	227	R2	4.135649e+01	4.135649e+01	2.997847e-08	inf	0.000000e+00
0	228	R2	4.516712e+01	4.516712e+01	3.277180e-08	0.000000e+00	1.448449e+00
0	229	R2	4.649000e+01	4.649000e+01	3.374096e-08	-8.429589e-15	8.429150e-01
0	230	R2	4.330879e+01	4.330879e+01	3.140990e-08	1.647063e-14	4.313998e-01
0	231	R2	5.440696e+01	5.440696e+01	3.953636e-08	0.000000e+00	2.960118e-02
0	233	R2	3.906250e+01	3.906250e+01	2.829550e-08	nan	0.000000e+00
0	234	R2	4.286327e+01	4.286327e+01	3.108331e-08	-inf	0.000000e+00
0	235	R2	4.116921e+01	4.116921e+01	2.984111e-08	-4.192231e-13	1.694903e-02
0	236	R2	3.951008e+01	3.951008e+01	2.862395e-08	-inf	0.000000e+00
0	237	R2	3.932363e+01	3.932363e+01	2.848714e-08	nan	0.000000e+00
0	239	R2	3.961965e+01	3.961965e+01	2.870436e-08	nan	0.000000e+00
0	240	R2	4.916421e+01	4.916421e+01	3.569936e-08	nan	0.000000e+00
0	241	R2	4.291845e+01	4.291845e+01	3.112377e-08	nan	0.000000e+00
0	242	R2	4.079967e+01	4.079967e+01	2.957007e-08	inf	0.000000e+00
0	243	R2	4.304778e+01	4.304778e+01	3.121857e-08	-3.834322e-13	3.706223e-02
0	245	R2	4.158004e+01	4.158004e+01	3.014241e-08	nan	0.000000e+00
0	246	R2	4.887586e+01	4.887586e+01	3.548823e-08	-inf	0.000000e+00
0	247	R2	4.016064e+01	4.016064e+01	2.910129e-08	nan	0.000000e+00
0	248	R2	3.048780e+01	3.048780e+01	2.199108e-08	-inf	0.000000e+00


1	4	NOE	-1.380000e-01	-1.380000e-01	9.446540e-10	-7.930164e-15	1.400000e-02
1	5	NOE	6.600000e-01	6.600000e-01	2.458847e-09	7.930164e-15	1.400000e-02
1	6	NOE	7.290000e-01	7.290000e-01	3.186732e-09	-1.110223e-14	1.000000e-02
1	7	NOE	9.510000e-01	8.344307e-01	3.007304e-05	1.387730e+00	8.400000e-02
1	8	NOE	7.240000e-01	7.240000e-01	3.112059e-09	0.000000e+00	1.150000e-01
1	9	NOE	8.210000e-01	8.210000e-01	9.017431e-09	8.347542e-16	1.330000e-01
1	10	NOE	8.700000e-01	8.344307e-01	1.425039e-05	3.824661e-01	9.300000e-02
1	11	NOE	8.960000e-01	8.344307e-01	1.988824e-05	4.104623e+00	1.500000e-02
1	12	NOE	7.880000e-01	7.880000e-01	4.832769e-09	-1.802739e-08	7.600000e-02
1	13	NOE	9.120000e-01	8.344307e-01	3.473693e-05	4.082597e+00	1.900000e-02
1	14	NOE	7.400000e-01	7.400000e-01	3.371255e-09	0.000000e+00	2.200000e-02
1	15	NOE	8.490000e-01	8.344307e-01	1.892683e-05	1.120719e+00	1.300000e-02
1	16	NOE	8.780000e-01	8.344307e-01	2.545958e-05	4.356934e+00	1.000000e-02
1	17	NOE	7.980000e-01	7.980000e-01	5.461736e-09	0.000000e+00	2.200000e-02
1	18	NOE	8.200000e-01	8.200000e-01	8.698455e-09	0.000000e+00	2.200000e-02
1	19	NOE	7.070000e-01	7.070000e-01	2.891678e-09	7.930164e-15	1.400000e-02
1	20	NOE	8.830000e-01	8.344307e-01	2.331426e-05	1.734619e+00	2.800000e-02
1	21	NOE	9.290000e-01	8.344307e-01	2.799853e-05	1.970195e+00	4.800000e-02
1	22	NOE	9.050000e-01	8.344307e-01	2.544169e-05	3.360445e+00	2.100000e-02
1	23	NOE	7.560000e-01	7.560000e-01	3.705595e-09	-1.480297e-14	1.500000e-02
1	24	NOE	7.470000e-01	7.470000e-01	3.506275e-09	0.000000e+00	1.300000e-02
1	25	NOE	8.300000e-01	8.300000e-01	1.571497e-08	0.000000e+00	2.700000e-02
1	26	NOE	9.100000e-01	8.344307e-01	2.511027e-05	5.037956e+00	1.500000e-02
1	27	NOE	9.080000e-01	8.344307e-01	1.921418e-05	3.344061e+00	2.200000e-02
1	28	NOE	8.980000e-01	8.344307e-01	2.212265e-05	1.115252e+00	5.700000e-02
1	29	NOE	8.370000e-01	8.344307e-01	2.580892e-05	1.712893e-01	1.500000e-02
1	30	NOE	7.120000e-01	7.120000e-01	2.951747e-09	0.000000e+00	1.600000e-02
1	31	NOE	7.670000e-01	7.670000e-01	4.001181e-09	-9.251859e-15	1.200000e-02
1	32	NOE	6.760000e-01	6.760000e-01	2.584579e-09	0.000000e+00	7.000000e-03
1	33	NOE	6.510000e-01	6.510000e-01	2.395380e-09	0.000000e+00	7.000000e-03
1	34	NOE	6.460000e-01	6.460000e-01	2.362077e-09	-1.009294e-14	1.100000e-02
1	35	NOE	6.350000e-01	6.350000e-01	2.293208e-09	0.000000e+00	1.400000e-02
1	36	NOE	7.270000e-01	7.270000e-01	3.156243e-09	5.551115e-15	2.000000e-02
1	37	NOE	5.870000e-01	5.870000e-01	2.047775e-09	0.000000e+00	1.000000e-02
1	38	NOE	8.150000e-01	8.150000e-01	7.492208e-09	-1.009294e-14	1.100000e-02
1	39	NOE	7.680000e-01	7.680000e-01	4.031619e-09	0.000000e+00	8.000000e-03
1	40	NOE	1.210000e+00	8.344307e-01	1.610966e-05	1.127836e+00	3.330000e-01
1	41	NOE	1.070000e+00	8.344307e-01	1.579414e-05	8.123081e-01	2.900000e-01
1	42	NOE	8.570000e-01	8.344307e-01	2.016922e-05	1.612096e-01	1.400000e-01
1	43	NOE	9.220000e-01	8.344307e-01	2.472523e-05	7.421131e-01	1.180000e-01
1	46	NOE	4.970000e-01	4.970000e-01	1.735703e-09	-1.586033e-14	7.000000e-03
1	47	NOE	8.850000e-01	8.344307e-01	2.260356e-05	3.536318e-01	1.430000e-01
1	48	NOE	8.670000e-01	8.344307e-01	2.669689e-05	5.253119e-01	6.200000e-02
1	49	NOE	8.300000e-01	8.300000e-01	1.571497e-08	0.000000e+00	2.700000e-02
1	50	NOE	7.290000e-01	7.290000e-01	3.186732e-09	-1.233581e-14	9.000000e-03
1	51	NOE	9.020000e-01	8.344307e-01	2.875558e-05	4.196853e-01	1.610000e-01
1	52	NOE	8.440000e-01	8.344307e-01	1.955962e-05	8.860501e-02	1.080000e-01
1	53	NOE	8.190000e-01	8.190000e-01	8.410981e-09	0.000000e+00	1.300000e-02
1	54	NOE	7.750000e-01	7.750000e-01	4.265658e-09	9.251859e-15	1.200000e-02
1	55	NOE	7.270000e-01	7.270000e-01	3.156243e-09	1.682156e-15	6.600000e-02
1	56	NOE	8.670000e-01	8.344307e-01	2.669689e-05	2.326381e+00	1.400000e-02
1	57	NOE	8.000000e-01	8.000000e-01	5.619330e-09	0.000000e+00	9.000000e-03
1	58	NOE	7.500000e-01	7.500000e-01	3.569183e-09	0.000000e+00	1.700000e-02
1	59	NOE	8.200000e-01	8.200000e-01	8.698455e-09	0.000000e+00	1.300000e-02
1	60	NOE	8.560000e-01	8.344307e-01	1.543703e-05	1.960849e+00	1.100000e-02
1	61	NOE	7.810000e-01	7.810000e-01	4.501699e-09	8.540177e-15	1.300000e-02
1	62	NOE	7.360000e-01	7.360000e-01	3.300611e-09	0.000000e+00	7.300000e-02
1	63	NOE	7.150000e-01	7.150000e-01	2.989569e-09	0.000000e+00	7.500000e-02
1	64	NOE	8.450000e-01	8.344307e-01	2.061235e-05	3.302919e-01	3.200000e-02
1	65	NOE	1.010000e+00	8.344307e-01	2.203829e-05	8.360445e+00	2.100000e-02
1	66	NOE	7.290000e-01	7.290000e-01	3.186732e-09	-8.540177e-15	1.300000e-02
1	67	NOE	8.490000e-01	8.344307e-01	1.892683e-05	5.203336e-01	2.800000e-02
1	71	NOE	7.850000e-01	7.850000e-01	4.682311e-09	-1.009294e-14	1.100000e-02
1	72	NOE	8.740000e-01	8.344307e-01	2.247786e-05	2.826381e+00	1.400000e-02
1	73	NOE	8.490000e-01	8.344307e-01	1.892683e-05	1.618816e+00	9.000000e-03
1	74	NOE	8.480000e-01	8.344307e-01	1.922521e-05	7.981966e-01	1.700000e-02
1	75	NOE	9.400000e-01	8.344307e-01	2.920178e-05	2.154476e+00	4.900000e-02
1	76	NOE	8.940000e-01	8.344307e-01	2.199740e-05	2.589971e+00	2.300000e-02
1	77	NOE	9.070000e-01	8.344307e-01	1.905745e-05	3.628467e+00	2.000000e-02
1	78	NOE	8.280000e-01	8.280000e-01	1.304150e-08	0.000000e+00	1.300000e-02
1	79	NOE	8.840000e-01	8.344307e-01	3.248473e-05	1.209008e+00	4.100000e-02
1	81	NOE	8.400000e-01	8.344307e-01	1.611966e-05	1.920463e-01	2.900000e-02
1	82	NOE	7.450000e-01	7.450000e-01	3.466095e-09	6.938894e-15	1.600000e-02
1	84	NOE	8.320000e-01	8.320000e-01	2.122159e-08	0.000000e+00	9.500000e-02
1	85	NOE	8.570000e-01	8.344307e-01	2.016922e-05	2.051758e+00	1.100000e-02
1	87	NOE	8.820000e-01	8.344307e-01	1.760445e-05	3.171289e+00	1.500000e-02
1	88	NOE	8.130000e-01	8.130000e-01	7.132522e-09	6.938894e-15	1.600000e-02
1	89	NOE	8.100000e-01	8.100000e-01	6.678119e-09	0.000000e+00	1.700000e-02
1	90	NOE	8.320000e-01	8.320000e-01	2.122159e-08	0.000000e+00	2.800000e-02
1	91	NOE	9.540000e-01	8.344307e-01	1.806797e-05	2.820032e-01	4.240000e-01
1	92	NOE	4.770000e-01	4.770000e-01	1.682565e-09	-6.688091e-16	3.320000e-01
1	93	NOE	8.490000e-01	8.344307e-01	1.892683e-05	5.396052e-01	2.700000e-02
1	94	NOE	9.190000e-01	8.344307e-01	2.961273e-05	2.013556e+00	4.200000e-02
1	95	NOE	7.390000e-01	7.390000e-01	3.353181e-09	0.000000e+00	1.900000e-02
1	97	NOE	8.480000e-01	8.344307e-01	1.922521e-05	3.570879e-01	3.800000e-02
1	98	NOE	8.730000e-01	8.344307e-01	2.981960e-05	1.428494e+00	2.700000e-02
1	99	NOE	8.360000e-01	8.344307e-01	2.166614e-05	2.210339e-02	7.100000e-02
1	100	NOE	8.180000e-01	8.180000e-01	8.150141e-09	5.046468e-15	2.200000e-02
1	101	NOE	7.660000e-01	7.660000e-01	3.971410e-09	0.000000e+00	3.200000e-02
1	102	NOE	8.610000e-01	8.344307e-01	2.105656e-05	5.904298e-01	4.500000e-02
1	103	NOE	1.010000e+00	8.344307e-01	2.203829e-05	7.315389e+00	2.400000e-02
1	104	NOE	8.840000e-01	8.344307e-01	3.248473e-05	5.507704e+00	9.000000e-03
1	105	NOE	8.810000e-01	8.344307e-01	2.180731e-05	2.587186e+00	1.800000e-02
1	106	NOE	7.290000e-01	7.290000e-01	3.186732e-09	-1.233581e-14	9.000000e-03
1	107	NOE	8.410000e-01	8.344307e-01	2.322976e-05	3.864318e-01	1.700000e-02
1	108	NOE	8.900000e-01	8.344307e-01	2.125429e-05	3.268785e+00	1.700000e-02
1	109	NOE	7.290000e-01	7.290000e-01	3.186732e-09	-1.586033e-15	7.000000e-02
1	110	NOE	8.170000e-01	8.170000e-01	7.912056e-09	0.000000e+00	1.200000e-02
1	111	NOE	7.750000e-01	7.750000e-01	4.265658e-09	1.009294e-14	1.100000e-02
1	112	NOE	1.100000e+00	8.344307e-01	1.695188e-05	9.587341e-01	2.770000e-01
1	114	NOE	1.100000e+00	8.344307e-01	1.695188e-05	1.017507e+00	2.610000e-01
1	115	NOE	7.720000e-01	7.720000e-01	4.160563e-09	0.000000e+00	9.000000e-03
1	116	NOE	7.700000e-01	7.700000e-01	4.094597e-09	1.110223e-14	1.000000e-02
1	117	NOE	6.130000e-01	6.130000e-01	2.170979e-09	0.000000e+00	9.000000e-02
1	118	NOE	9.140000e-01	8.344307e-01	2.781407e-05	6.120718e+00	1.300000e-02
1	119	NOE	7.450000e-01	7.450000e-01	3.466095e-09	7.401487e-15	1.500000e-02
1	120	NOE	7.290000e-01	7.290000e-01	3.186732e-09	-7.401487e-15	1.500000e-02
1	121	NOE	7.850000e-01	7.850000e-01	4.682311e-09	-1.233581e-14	9.000000e-03
1	122	NOE	7.700000e-01	7.700000e-01	4.094597e-09	6.380592e-16	1.740000e-01
1	123	NOE	7.630000e-01	7.630000e-01	3.885860e-09	4.388233e-16	2.530000e-01
1	124	NOE	8.390000e-01	8.344307e-01	1.739019e-05	1.122689e-02	4.070000e-01
1	125	NOE	1.270000e+00	8.344307e-01	1.207630e-05	7.247410e-01	6.010000e-01
1	127	NOE	6.770000e-01	6.770000e-01	2.593061e-09	-5.389432e-16	2.060000e-01
1	128	NOE	7.740000e-01	7.740000e-01	4.229762e-09	5.843279e-15	1.900000e-02
1	129	NOE	8.820000e-01	8.344307e-01	1.760445e-05	2.642741e+00	1.800000e-02
1	130	NOE	8.600000e-01	8.344307e-01	2.435143e-05	2.130778e+00	1.200000e-02
1	131	NOE	8.030000e-01	8.030000e-01	5.883286e-09	0.000000e+00	1.500000e-02
1	132	NOE	6.850000e-01	6.850000e-01	2.663911e-09	0.000000e+00	1.700000e-02
1	133	NOE	9.160000e-01	8.344307e-01	1.846745e-05	2.471798e+00	3.300000e-02
1	135	NOE	8.020000e-01	8.020000e-01	5.791250e-09	0.000000e+00	1.700000e-02
1	136	NOE	7.120000e-01	7.120000e-01	2.951747e-09	0.000000e+00	1.500000e-02
1	137	NOE	8.090000e-01	8.090000e-01	6.544802e-09	-6.938894e-15	1.600000e-02
1	138	NOE	7.910000e-01	7.910000e-01	4.998504e-09	0.000000e+00	1.800000e-02
1	139	NOE	7.340000e-01	7.340000e-01	3.266871e-09	6.167906e-15	1.800000e-02
1	140	NOE	7.890000e-01	7.890000e-01	4.886192e-09	7.930164e-15	1.400000e-02
1	141	NOE	7.890000e-01	7.890000e-01	4.886192e-09	7.401487e-15	1.500000e-02
1	142	NOE	8.740000e-01	8.344307e-01	2.247786e-05	2.082597e+00	1.900000e-02
1	143	NOE	8.290000e-01	8.290000e-01	1.419303e-08	0.000000e+00	1.800000e-02
1	144	NOE	8.280000e-01	8.280000e-01	1.304150e-08	0.000000e+00	1.900000e-02
1	145	NOE	8.710000e-01	8.344307e-01	2.778991e-05	1.924702e+00	1.900000e-02
1	146	NOE	9.110000e-01	8.344307e-01	2.531505e-05	3.646159e+00	2.100000e-02
1	147	NOE	9.270000e-01	8.344307e-01	2.118691e-05	1.780180e+00	5.200000e-02
1	148	NOE	8.900000e-01	8.344307e-01	2.125429e-05	2.137282e+00	2.600000e-02
1	149	NOE	8.500000e-01	8.344307e-01	3.133534e-05	1.037956e+00	1.500000e-02
1	150	NOE	7.250000e-01	7.250000e-01	3.126586e-09	-5.442270e-16	2.040000e-01
1	151	NOE	8.990000e-01	8.344307e-01	1.529775e-05	1.606203e-01	4.020000e-01
1	152	NOE	8.220000e-01	8.220000e-01	9.374124e-09	0.000000e+00	1.200000e-02
1	153	NOE	8.760000e-01	8.344307e-01	1.874241e-05	1.539605e+00	2.700000e-02
1	154	NOE	7.220000e-01	7.220000e-01	3.083583e-09	9.251859e-15	1.200000e-02
1	155	NOE	6.590000e-01	6.590000e-01	2.451558e-09	0.000000e+00	2.900000e-02
1	156	NOE	1.910000e-01	1.910000e-01	1.211896e-09	9.251859e-15	1.800000e-02
1	157	NOE	5.730000e-01	5.730000e-01	1.989051e-09	0.000000e+00	2.000000e-02
1	158	NOE	7.720000e-01	7.720000e-01	4.160563e-09	0.000000e+00	2.800000e-02
1	159	NOE	5.530000e-01	5.530000e-01	1.912743e-09	1.513940e-14	2.200000e-02
1	160	NOE	8.530000e-01	8.344307e-01	2.403161e-05	8.440609e-01	2.200000e-02
1	161	NOE	1.070000e+00	8.344307e-01	1.579414e-05	6.401341e-01	3.680000e-01
1	163	NOE	1.390000e+00	8.344307e-01	2.903320e-05	9.662075e-01	5.750000e-01
1	167	NOE	8.420000e-01	8.344307e-01	3.979613e-05	4.205188e-01	1.800000e-02
1	169	NOE	7.800000e-01	7.800000e-01	4.459675e-09	4.827057e-15	2.300000e-02
1	170	NOE	1.010000e+00	8.344307e-01	2.203829e-05	6.502568e+00	2.700000e-02
1	171	NOE	8.490000e-01	8.344307e-01	1.892683e-05	6.334496e-01	2.300000e-02
1	172	NOE	8.390000e-01	8.344307e-01	1.739019e-05	1.473981e-01	3.100000e-02
1	173	NOE	8.730000e-01	8.344307e-01	2.981960e-05	1.071371e+00	3.600000e-02
1	174	NOE	9.430000e-01	8.344307e-01	1.745401e-05	3.743770e+00	2.900000e-02
1	175	NOE	5.150000e-01	5.150000e-01	1.787620e-09	0.000000e+00	9.000000e-03
1	176	NOE	8.830000e-01	8.344307e-01	2.331426e-05	2.312826e+00	2.100000e-02
1	177	NOE	8.360000e-01	8.344307e-01	2.166614e-05	1.207185e-01	1.300000e-02
1	179	NOE	8.340000e-01	8.340000e-01	5.042715e-08	0.000000e+00	1.600000e-02
1	181	NOE	8.500000e-01	8.344307e-01	3.133534e-05	1.037956e+00	1.500000e-02
1	182	NOE	8.830000e-01	8.344307e-01	2.331426e-05	2.857020e+00	1.700000e-02
1	183	NOE	9.140000e-01	8.344307e-01	2.781407e-05	5.683524e+00	1.400000e-02
1	184	NOE	8.320000e-01	8.320000e-01	2.122159e-08	0.000000e+00	1.500000e-02
1	185	NOE	9.380000e-01	8.344307e-01	3.434705e-05	4.503015e+00	2.300000e-02
1	186	NOE	7.800000e-01	7.800000e-01	4.459675e-09	2.775558e-15	4.000000e-02
1	187	NOE	7.270000e-01	7.270000e-01	3.156243e-09	1.233581e-14	9.000000e-03
1	188	NOE	7.950000e-01	7.950000e-01	5.248166e-09	0.000000e+00	3.010000e-01
1	190	NOE	9.400000e-01	8.344307e-01	2.920178e-05	9.597213e+00	1.100000e-02
1	191	NOE	7.970000e-01	7.970000e-01	5.387706e-09	0.000000e+00	4.500000e-02
1	193	NOE	9.460000e-01	8.344307e-01	2.537513e-05	1.360602e+00	8.200000e-02
1	194	NOE	7.630000e-01	7.630000e-01	3.885860e-09	6.530724e-15	1.700000e-02
1	195	NOE	8.430000e-01	8.344307e-01	2.225231e-05	2.856447e-01	3.000000e-02
1	196	NOE	8.150000e-01	8.150000e-01	7.492208e-09	-5.843279e-15	1.900000e-02
1	197	NOE	7.340000e-01	7.340000e-01	3.266871e-09	7.930164e-15	1.400000e-02
1	198	NOE	8.330000e-01	8.330000e-01	2.766418e-08	-2.707861e-15	4.100000e-02
1	199	NOE	8.240000e-01	8.240000e-01	1.023563e-08	-1.723160e-08	1.800000e-02
1	200	NOE	7.950000e-01	7.950000e-01	5.248166e-09	0.000000e+00	2.400000e-02
1	201	NOE	9.030000e-01	8.344307e-01	2.042824e-05	2.857056e+00	2.400000e-02
1	202	NOE	8.970000e-01	8.344307e-01	1.692312e-05	2.085645e+00	3.000000e-02
1	203	NOE	7.600000e-01	7.600000e-01	3.805509e-09	0.000000e+00	3.100000e-02
1	204	NOE	7.030000e-01	7.030000e-01	2.846089e-09	-4.270089e-15	2.600000e-02
1	205	NOE	8.610000e-01	8.344307e-01	2.105656e-05	9.161842e-01	2.900000e-02
1	206	NOE	2.790000e+00	8.344306e-01	7.896992e-06	5.539857e-01	3.530000e+00
1	212	NOE	6.980000e-01	6.980000e-01	2.791920e-09	0.000000e+00	1.400000e-02
1	213	NOE	8.950000e-01	8.344307e-01	1.848788e-05	3.028467e+00	2.000000e-02
1	214	NOE	7.970000e-01	7.970000e-01	5.387706e-09	0.000000e+00	1.700000e-02
1	215	NOE	8.470000e-01	8.344307e-01	5.026950e-05	3.927918e-01	3.200000e-02
1	216	NOE	6.640000e-01	6.640000e-01	2.488633e-09	3.581365e-15	3.100000e-02
1	217	NOE	6.930000e-01	6.930000e-01	2.740622e-09	-3.083953e-15	3.600000e-02
1	218	NOE	7.910000e-01	7.910000e-01	4.998504e-09	0.000000e+00	1.500000e-02
1	220	NOE	8.260000e-01	8.260000e-01	1.138760e-08	0.000000e+00	2.000000e-02
1	221	NOE	8.680000e-01	8.344307e-01	2.986049e-05	1.525879e+00	2.200000e-02
1	222	NOE	7.410000e-01	7.410000e-01	3.389616e-09	-5.286776e-15	2.100000e-02
1	223	NOE	7.090000e-01	7.090000e-01	2.915278e-09	9.251859e-15	1.200000e-02
1	224	NOE	7.730000e-01	7.730000e-01	4.194742e-09	9.251859e-15	1.200000e-02
1	225	NOE	8.290000e-01	8.290000e-01	1.419303e-08	0.000000e+00	2.700000e-02
1	226	NOE	9.440000e-01	8.344307e-01	3.081720e-05	6.087186e+00	1.800000e-02
1	227	NOE	7.960000e-01	7.960000e-01	5.316578e-09	5.286776e-15	2.100000e-02
1	228	NOE	7.900000e-01	7.900000e-01	4.941403e-09	-6.511572e-16	3.410000e-01
1	229	NOE	1.130000e+00	8.344307e-01	3.628292e-05	6.370029e-01	4.640000e-01
1	230	NOE	6.610000e-01	6.610000e-01	2.466198e-09	6.237208e-16	1.780000e-01
1	231	NOE	8.320000e-01	8.320000e-01	2.122159e-08	0.000000e+00	6.800000e-02
1	233	NOE	7.970000e-01	7.970000e-01	5.387706e-09	0.000000e+00	1.800000e-02
1	234	NOE	9.030000e-01	8.344307e-01	2.042824e-05	2.142792e+00	3.200000e-02
1	235	NOE	9.070000e-01	8.344307e-01	1.905745e-05	1.612652e+00	4.500000e-02
1	236	NOE	8.420000e-01	8.344307e-01	3.979613e-05	3.027736e-01	2.500000e-02
1	237	NOE	7.360000e-01	7.360000e-01	3.300611e-09	0.000000e+00	1.300000e-02
1	239	NOE	7.870000e-01	7.870000e-01	4.781038e-09	-9.328593e-08	1.500000e-02
1	240	NOE	8.560000e-01	8.344307e-01	1.543703e-05	1.135229e+00	1.900000e-02
1	241	NOE	7.670000e-01	7.670000e-01	4.001181e-09	-6.167906e-15	1.800000e-02
1	242	NOE	1.010000e+00	8.344307e-01	2.203829e-05	6.752667e+00	2.600000e-02
1	243	NOE	7.570000e-01	7.570000e-01	3.729850e-09	2.362177e-15	4.700000e-02
1	245	NOE	7.520000e-01	7.520000e-01	3.613005e-09	0.000000e+00	1.400000e-02
1	246	NOE	6.670000e-01	6.670000e-01	2.511662e-09	0.000000e+00	1.300000e-02
1	247	NOE	6.460000e-01	6.460000e-01	2.362077e-09	-6.167906e-15	1.800000e-02
1	248	NOE	3.920000e-01	3.920000e-01	1.497411e-09	0.000000e+00	7.000000e-03


2	4	R1	5.750431e-01	5.750431e-01	2.475085e-08	0.000000e+00	8.928214e-03
2	5	R1	4.233700e-01	4.233700e-01	3.378735e-08	0.000000e+00	1.308468e-02
2	6	R1	4.035513e-01	4.035512e-01	3.546581e-08	5.620545e-07	1.058548e-02
2	7	R1	4.081633e-01	4.081633e-01	3.506075e-08	-2.800048e-15	1.982507e-02
2	8	R1	4.705882e-01	4.705882e-01	3.035482e-08	1.392597e-15	3.986159e-02
2	9	R1	4.543389e-01	4.543389e-01	3.145608e-08	0.000000e+00	3.612418e-02
2	10	R1	4.166667e-01	4.166667e-01	3.433729e-08	-1.197544e-15	4.635417e-02
2	11	R1	3.680530e-01	3.680530e-01	3.892146e-08	0.000000e+00	1.733927e-02
2	12	R1	4.319654e-01	4.319654e-01	3.310701e-08	1.144218e-15	4.851448e-02
2	13	R1	4.389816e-01	4.389816e-01	3.257130e-08	0.000000e+00	1.560909e-02
2	14	R1	4.194631e-01	4.194631e-01	3.410575e-08	-5.633843e-15	9.853160e-03
2	15	R1	4.022526e-01	4.022526e-01	3.558153e-08	0.000000e+00	8.899394e-03
2	16	R1	3.935458e-01	3.935458e-01	3.637702e-08	-4.027166e-15	1.378417e-02
2	17	R1	3.427005e-01	3.427005e-01	4.182552e-08	-6.752316e-15	8.221053e-03
2	18	R1	3.353454e-01	3.353454e-01	4.274985e-08	5.807331e-15	9.558806e-03
2	19	R1	3.785011e-01	3.785011e-01	3.783738e-08	-5.457422e-15	1.017168e-02
2	20	R1	3.611412e-01	3.611412e-01	3.967293e-08	0.000000e+00	1.043384e-02
2	21	R1	3.298153e-01	3.298153e-01	4.347189e-08	5.260983e-15	1.055148e-02
2	22	R1	3.369272e-01	3.369272e-01	4.254767e-08	0.000000e+00	6.243597e-03
2	23	R1	3.692762e-01	3.692762e-01	3.879138e-08	-7.018585e-15	7.909166e-03
2	24	R1	3.384095e-01	3.384095e-01	4.235992e-08	-6.732288e-15	8.245510e-03
2	25	R1	4.226543e-01	4.226543e-01	3.384524e-08	-6.611680e-15	8.395922e-03
2	26	R1	3.852080e-01	3.852080e-01	3.717234e-08	-4.735464e-15	1.172243e-02
2	27	R1	3.629764e-01	3.629764e-01	3.947062e-08	5.771658e-15	9.617887e-03
2	28	R1	3.401361e-01	3.401361e-01	4.214328e-08	-7.616130e-15	7.288630e-03
2	29	R1	3.553660e-01	3.553660e-01	4.032314e-08	-7.326173e-15	7.577101e-03
2	30	R1	4.076641e-01	4.076641e-01	3.510415e-08	0.000000e+00	9.140450e-03
2	31	R1	3.869969e-01	3.869969e-01	3.699883e-08	0.000000e+00	1.048366e-02
2	32	R1	4.258944e-01	4.258944e-01	3.358471e-08	-6.120775e-15	9.069301e-03
2	33	R1	4.145937e-01	4.145937e-01	3.451093e-08	5.126185e-15	1.082894e-02
2	34	R1	4.492363e-01	4.492363e-01	3.181822e-08	-5.979608e-15	9.283410e-03
2	35	R1	4.355401e-01	4.355401e-01	3.283193e-08	-4.502053e-15	2.466037e-02
2	36	R1	5.130836e-01	5.130836e-01	2.780216e-08	0.000000e+00	1.105670e-02
2	37	R1	4.638219e-01	4.638219e-01	3.080409e-08	0.000000e+00	8.820361e-03
2	38	R1	4.122012e-01	4.122012e-01	3.471351e-08	-5.104837e-15	1.087423e-02
2	39	R1	4.095004e-01	4.095004e-01	3.494500e-08	0.000000e+00	7.881458e-03
2	40	R1	4.297379e-01	4.297379e-01	3.328073e-08	-3.468334e-15	4.801540e-02
2	41	R1	5.558644e-01	5.558644e-01	2.562338e-08	1.823922e-15	6.087008e-02
2	42	R1	5.216484e-01	5.216484e-01	2.733763e-08	1.154636e-07	6.612445e-02
2	43	R1	4.201681e-01	4.201681e-01	3.404786e-08	-3.593570e-15	3.089471e-02
2	46	R1	4.353505e-01	4.353505e-01	3.284641e-08	2.440737e-14	4.548720e-03
2	47	R1	3.849115e-01	3.849115e-01	3.720125e-08	-1.480942e-15	3.748368e-02
2	48	R1	3.640335e-01	3.640335e-01	3.935501e-08	6.756252e-15	1.643253e-02
2	49	R1	3.880481e-01	3.880481e-01	3.689761e-08	6.670868e-07	8.583136e-03
2	50	R1	4.106776e-01	4.106776e-01	3.484373e-08	0.000000e+00	1.163727e-02
2	51	R1	4.814636e-01	4.814636e-01	2.965899e-08	-3.862438e-15	5.748820e-02
2	52	R1	4.033885e-01	4.033885e-01	3.548027e-08	0.000000e+00	2.310656e-02
2	53	R1	3.783579e-01	3.783579e-01	3.785184e-08	0.000000e+00	6.871427e-03
2	54	R1	4.035513e-01	4.035513e-01	3.546581e-08	4.940077e-15	1.123690e-02
2	55	R1	4.359198e-01	4.359198e-01	3.280297e-08	3.282291e-15	1.691232e-02
2	56	R1	4.115226e-01	4.115226e-01	3.477138e-08	-6.555756e-15	8.467544e-03
2	57	R1	4.262575e-01	4.262575e-01	3.355576e-08	0.000000e+00	5.450863e-03
2	58	R1	4.506534e-01	4.506534e-01	3.171683e-08	9.425336e-15	5.889567e-03
2	59	R1	4.033885e-01	4.033885e-01	3.548027e-08	-1.664100e-14	6.671612e-03
2	60	R1	3.721623e-01	3.721623e-01	3.848786e-08	-1.214511e-14	9.141313e-03
2	61	R1	4.299226e-01	4.299226e-01	3.326625e-08	-3.707786e-15	1.497151e-02
2	62	R1	4.928536e-01	4.928536e-01	2.896291e-08	0.000000e+00	4.056508e-02
2	63	R1	4.286327e-01	4.286327e-01	3.336758e-08	-3.554600e-15	3.123341e-02
2	64	R1	3.345601e-01	3.345601e-01	4.285094e-08	0.000000e+00	1.040953e-02
2	65	R1	4.154549e-01	4.154549e-01	3.443858e-08	7.309366e-15	7.594523e-03
2	66	R1	4.038772e-01	4.038772e-01	3.543688e-08	0.000000e+00	5.219738e-03
2	67	R1	3.878976e-01	3.878976e-01	3.691207e-08	-1.875924e-14	8.877408e-03
2	71	R1	4.206984e-01	4.206984e-01	3.400444e-08	-9.504399e-15	5.840575e-03
2	72	R1	4.210526e-01	4.210526e-01	3.397550e-08	3.818507e-15	1.453740e-02
2	73	R1	4.277160e-01	4.277160e-01	3.343996e-08	1.444940e-14	7.683521e-03
2	74	R1	3.940110e-01	3.940110e-01	3.633364e-08	2.103365e-14	7.917479e-03
2	75	R1	3.901678e-01	3.901678e-01	3.669517e-08	-3.376398e-15	1.644094e-02
2	76	R1	4.003203e-01	4.003203e-01	3.575511e-08	6.077014e-15	9.134610e-03
2	77	R1	3.918495e-01	3.918495e-01	3.653610e-08	-2.126634e-14	5.220566e-03
2	78	R1	3.729952e-01	3.729952e-01	3.840114e-08	-7.388905e-15	7.512771e-03
2	79	R1	3.916960e-01	3.916960e-01	3.655056e-08	-5.653298e-15	9.819251e-03
2	81	R1	4.014452e-01	4.014452e-01	3.565386e-08	0.000000e+00	1.031413e-02
2	82	R1	4.192872e-01	4.192872e-01	3.412022e-08	3.007237e-14	3.691837e-03
2	84	R1	4.182350e-01	4.182350e-01	3.420705e-08	0.000000e+00	1.241936e-02
2	85	R1	4.115226e-01	4.115226e-01	3.477138e-08	2.731565e-14	6.096632e-03
2	87	R1	4.070004e-01	4.070004e-01	3.516202e-08	1.081008e-14	5.135129e-03
2	88	R1	3.341129e-01	3.341129e-01	4.290871e-08	7.421964e-15	7.479307e-03
2	89	R1	3.968254e-01	3.968254e-01	3.607331e-08	-3.750192e-15	1.480222e-02
2	90	R1	3.932363e-01	3.932363e-01	3.640595e-08	0.000000e+00	1.391713e-02
2	91	R1	5.408329e-01	5.408329e-01	2.635002e-08	-8.472392e-16	1.310401e-01
2	92	R1	5.917160e-01	5.917160e-01	2.403778e-08	-8.027615e-16	1.383005e-01
2	93	R1	3.570154e-01	3.570154e-01	4.013531e-08	4.893465e-15	1.134394e-02
2	94	R1	3.140704e-01	3.140704e-01	4.566636e-08	-3.963127e-15	1.400691e-02
2	95	R1	4.140787e-01	4.140787e-01	3.455434e-08	-2.258746e-14	7.372829e-03
2	97	R1	3.988831e-01	3.988831e-01	3.588529e-08	3.171730e-15	1.750185e-02
2	98	R1	3.503854e-01	3.503854e-01	4.090103e-08	0.000000e+00	9.576056e-03
2	99	R1	4.042037e-01	4.042037e-01	3.540795e-08	1.866845e-15	2.973528e-02
2	100	R1	3.834356e-01	3.834356e-01	3.734584e-08	0.000000e+00	1.337908e-02
2	101	R1	4.345937e-01	4.345937e-01	3.290432e-08	0.000000e+00	9.632454e-03
2	102	R1	3.340013e-01	3.340013e-01	4.292315e-08	4.926772e-15	1.126725e-02
2	103	R1	3.760812e-01	3.760812e-01	3.808313e-08	1.308265e-14	8.486226e-03
2	104	R1	4.133940e-01	4.133940e-01	3.461222e-08	1.988736e-14	8.373834e-03
2	105	R1	3.417635e-01	3.417635e-01	4.194107e-08	0.000000e+00	5.723312e-03
2	106	R1	4.106776e-01	4.106776e-01	3.484373e-08	0.000000e+00	1.248055e-02
2	107	R1	4.401408e-01	4.401408e-01	3.248442e-08	0.000000e+00	7.748959e-03
2	108	R1	4.168404e-01	4.168404e-01	3.432282e-08	1.064926e-14	5.212676e-03
2	109	R1	4.921260e-01	4.921260e-01	2.900642e-08	0.000000e+00	2.082817e-02
2	110	R1	4.269855e-01	4.269855e-01	3.349786e-08	-9.514896e-15	5.834131e-03
2	111	R1	4.235493e-01	4.235493e-01	3.377287e-08	8.841056e-15	6.278792e-03
2	112	R1	5.555556e-01	5.555556e-01	2.563792e-08	-2.948461e-15	7.530864e-02
2	114	R1	4.374453e-01	4.374453e-01	3.268714e-08	1.387990e-15	3.999391e-02
2	115	R1	4.310345e-01	4.310345e-01	3.317939e-08	0.000000e+00	6.502675e-03
2	116	R1	3.927730e-01	3.927730e-01	3.644933e-08	0.000000e+00	7.404989e-03
2	117	R1	5.720824e-01	5.720824e-01	2.488177e-08	-2.924389e-15	3.796428e-02
2	118	R1	4.194631e-01	4.194631e-01	3.410575e-08	-9.560460e-15	5.806326e-03
2	119	R1	4.011231e-01	4.011231e-01	3.568279e-08	0.000000e+00	6.435991e-03
2	120	R1	4.066694e-01	4.066694e-01	3.519095e-08	0.000000e+00	6.284439e-03
2	121	R1	4.115226e-01	4.115226e-01	3.477138e-08	7.804471e-15	7.112737e-03
2	122	R1	4.142502e-01	4.142502e-01	3.453987e-08	0.000000e+00	2.814293e-02
2	123	R1	4.549591e-01	4.549591e-01	3.141262e-08	0.000000e+00	6.954788e-02
2	124	R1	4.020909e-01	4.020909e-01	3.559600e-08	1.086538e-15	1.021799e-01
2	125	R1	2.744990e-01	2.744990e-01	5.228930e-08	0.000000e+00	7.022594e-02
2	127	R1	3.611412e-01	3.611412e-01	3.967293e-08	0.000000e+00	1.072077e-01
2	128	R1	3.923107e-01	3.923107e-01	3.649272e-08	2.061018e-14	5.386769e-03
2	129	R1	3.501401e-01	3.501401e-01	4.092992e-08	-5.957761e-15	9.317452e-03
2	130	R1	4.258944e-01	4.258944e-01	3.358471e-08	1.669302e-14	9.976231e-03
2	131	R1	3.797949e-01	3.797949e-01	3.770727e-08	-3.772956e-15	1.471291e-02
2	132	R1	3.875969e-01	3.875969e-01	3.694099e-08	-4.198914e-15	1.322036e-02
2	133	R1	3.947888e-01	3.947888e-01	3.626133e-08	5.088064e-15	1.091007e-02
2	135	R1	3.599712e-01	3.599712e-01	3.980297e-08	4.241538e-15	1.308751e-02
2	136	R1	3.806624e-01	3.806624e-01	3.762053e-08	-4.849236e-15	1.144740e-02
2	137	R1	4.182350e-01	4.182350e-01	3.420705e-08	0.000000e+00	1.399364e-02
2	138	R1	4.170142e-01	4.170142e-01	3.430835e-08	-8.866987e-15	1.252086e-02
2	139	R1	4.140787e-01	4.140787e-01	3.455434e-08	-1.449643e-14	1.148790e-02
2	140	R1	4.019293e-01	4.019293e-01	3.561046e-08	-6.028456e-15	9.208186e-03
2	141	R1	4.275331e-01	4.275331e-01	3.345443e-08	3.572907e-15	1.553669e-02
2	142	R1	4.161465e-01	4.161465e-01	3.438070e-08	2.693648e-15	2.060817e-02
2	143	R1	4.074980e-01	4.074980e-01	3.511861e-08	-8.463154e-15	1.311831e-02
2	144	R1	4.559964e-01	4.559964e-01	3.134019e-08	3.178178e-15	1.746634e-02
2	145	R1	4.442470e-01	4.442470e-01	3.218031e-08	0.000000e+00	1.480165e-02
2	146	R1	4.219409e-01	4.219409e-01	3.390313e-08	4.391558e-15	1.264042e-02
2	147	R1	4.189359e-01	4.189359e-01	3.414916e-08	-1.143216e-14	1.456711e-02
2	148	R1	4.716981e-01	4.716981e-01	3.028235e-08	8.224923e-15	2.024742e-02
2	149	R1	4.171882e-01	4.171882e-01	3.429388e-08	0.000000e+00	7.658022e-03
2	150	R1	4.055150e-01	4.055150e-01	3.529222e-08	0.000000e+00	5.327934e-02
2	151	R1	6.086427e-01	6.086427e-01	2.335334e-08	1.646698e-15	6.742117e-02
2	152	R1	4.476276e-01	4.476276e-01	3.193410e-08	6.296423e-15	8.816300e-03
2	153	R1	4.228330e-01	4.228330e-01	3.383077e-08	-7.220613e-15	7.687872e-03
2	154	R1	3.868472e-01	3.868472e-01	3.701329e-08	0.000000e+00	7.183236e-03
2	155	R1	4.163197e-01	4.163197e-01	3.436623e-08	1.977021e-15	2.807818e-02
2	156	R1	3.913894e-01	3.913894e-01	3.657948e-08	0.000000e+00	1.822910e-02
2	157	R1	4.446421e-01	4.446421e-01	3.215134e-08	-3.008308e-14	5.535784e-03
2	158	R1	4.450378e-01	4.450378e-01	3.212238e-08	6.518054e-15	8.516523e-03
2	159	R1	5.232862e-01	5.232862e-01	2.725052e-08	0.000000e+00	7.941026e-03
2	160	R1	3.522367e-01	3.522367e-01	4.068433e-08	0.000000e+00	6.451676e-03
2	161	R1	3.057169e-01	3.057169e-01	4.692209e-08	-5.550825e-16	1.000052e-01
2	163	R1	3.194888e-01	3.194888e-01	4.488683e-08	0.000000e+00	6.736825e-02
2	167	R1	4.378284e-01	4.378284e-01	3.265818e-08	0.000000e+00	1.380195e-02
2	169	R1	4.627487e-01	4.627487e-01	3.087654e-08	5.635493e-15	9.850274e-03
2	170	R1	4.175365e-01	4.175365e-01	3.426493e-08	0.000000e+00	1.063454e-02
2	171	R1	3.907776e-01	3.907776e-01	3.663733e-08	0.000000e+00	8.704309e-03
2	172	R1	4.196391e-01	4.196391e-01	3.409127e-08	-6.062126e-15	9.157043e-03
2	173	R1	4.118616e-01	4.118616e-01	3.474245e-08	0.000000e+00	1.187410e-02
2	174	R1	4.349717e-01	4.349717e-01	3.287536e-08	0.000000e+00	7.946417e-03
2	175	R1	4.566210e-01	4.566210e-01	3.129672e-08	-5.664618e-15	9.799629e-03
2	176	R1	4.123711e-01	4.123711e-01	3.469904e-08	0.000000e+00	8.672548e-03
2	177	R1	4.217630e-01	4.217630e-01	3.391760e-08	1.327931e-14	8.360548e-03
2	179	R1	4.407228e-01	4.407228e-01	3.244098e-08	1.020684e-14	1.087725e-02
2	181	R1	4.520796e-01	4.520796e-01	3.161543e-08	0.000000e+00	1.021880e-02
2	182	R1	4.198153e-01	4.198153e-01	3.407680e-08	-5.080098e-15	1.092718e-02
2	183	R1	4.516712e-01	4.516712e-01	3.164440e-08	5.789454e-15	9.588322e-03
2	184	R1	4.175365e-01	4.175365e-01	3.426493e-08	0.000000e+00	6.973470e-03
2	185	R1	4.432624e-01	4.432624e-01	3.225272e-08	0.000000e+00	1.571853e-02
2	186	R1	4.103406e-01	4.103406e-01	3.487266e-08	-6.593580e-15	1.683794e-02
2	187	R1	4.784689e-01	4.784689e-01	2.984747e-08	8.361319e-15	1.991713e-02
2	188	R1	4.840271e-01	4.840271e-01	2.949950e-08	1.253658e-15	8.855869e-02
2	190	R1	4.442470e-01	4.442470e-01	3.218031e-08	0.000000e+00	1.263075e-02
2	191	R1	3.915427e-01	3.915427e-01	3.656502e-08	4.114711e-15	1.349090e-02
2	193	R1	4.364906e-01	4.364906e-01	3.275953e-08	0.000000e+00	2.476813e-02
2	194	R1	4.244482e-01	4.244482e-01	3.370050e-08	1.987921e-14	5.584845e-03
2	195	R1	4.198153e-01	4.198153e-01	3.407680e-08	-8.749057e-15	6.344815e-03
2	196	R1	3.608805e-01	3.608805e-01	3.970183e-08	0.000000e+00	5.730330e-03
2	197	R1	4.025765e-01	4.025765e-01	3.555260e-08	9.786229e-15	5.672374e-03
2	198	R1	4.302926e-01	4.302926e-01	3.323730e-08	1.025006e-14	2.166275e-02
2	199	R1	4.608295e-01	4.608295e-01	3.100695e-08	9.864017e-15	1.125528e-02
2	200	R1	4.132231e-01	4.132231e-01	3.462669e-08	4.925689e-15	1.126972e-02
2	201	R1	4.366812e-01	4.366812e-01	3.274505e-08	-1.293805e-14	8.581072e-03
2	202	R1	4.332756e-01	4.332756e-01	3.300566e-08	-6.291497e-15	8.823203e-03
2	203	R1	4.416961e-01	4.416961e-01	3.236857e-08	-1.237101e-14	8.974391e-03
2	204	R1	3.907776e-01	3.907776e-01	3.663733e-08	0.000000e+00	6.108287e-03
2	205	R1	3.702332e-01	3.702332e-01	3.869021e-08	-6.136002e-15	9.046795e-03
2	206	R1	5.249344e-01	5.249344e-01	2.716340e-08	6.198503e-16	3.582229e-01
2	212	R1	4.314064e-01	4.314064e-01	3.315044e-08	4.674250e-07	1.358614e-02
2	213	R1	3.484321e-01	3.484321e-01	4.113217e-08	6.016313e-15	9.226772e-03
2	214	R1	3.663004e-01	3.663004e-01	3.910934e-08	0.000000e+00	1.328342e-02
2	215	R1	3.586801e-01	3.586801e-01	3.994747e-08	3.220038e-15	1.723929e-02
2	216	R1	3.706449e-01	3.706449e-01	3.864685e-08	2.886264e-15	1.923287e-02
2	217	R1	4.228330e-01	4.228330e-01	3.383077e-08	-5.447129e-15	1.019090e-02
2	218	R1	4.264392e-01	4.264392e-01	3.354128e-08	-1.221029e-14	4.546260e-03
2	220	R1	4.022526e-01	4.022526e-01	3.558153e-08	1.774499e-14	9.384816e-03
2	221	R1	4.329004e-01	4.329004e-01	3.303462e-08	0.000000e+00	8.807931e-03
2	222	R1	4.084967e-01	4.084967e-01	3.503181e-08	0.000000e+00	6.007305e-03
2	223	R1	3.658983e-01	3.658983e-01	3.915269e-08	-1.594726e-14	6.961841e-03
2	224	R1	4.255319e-01	4.255319e-01	3.361366e-08	6.522560e-15	8.510638e-03
2	225	R1	4.066694e-01	4.066694e-01	3.519095e-08	0.000000e+00	9.592039e-03
2	226	R1	3.428180e-01	3.428180e-01	4.181107e-08	0.000000e+00	4.818490e-03
2	227	R1	3.685957e-01	3.685957e-01	3.886365e-08	1.104277e-14	5.026922e-03
2	228	R1	3.895598e-01	3.895598e-01	3.675301e-08	5.043070e-08	1.139694e-01
2	229	R1	4.385965e-01	4.385965e-01	3.260026e-08	7.820303e-16	7.098338e-02
2	230	R1	3.683241e-01	3.683241e-01	3.889255e-08	1.425732e-15	3.893518e-02
2	231	R1	4.208754e-01	4.208754e-01	3.398997e-08	9.401440e-15	1.771361e-02
2	233	R1	4.508566e-01	4.508566e-01	3.170235e-08	4.726491e-07	1.402575e-02
2	234	R1	4.122012e-01	4.122012e-01	3.471351e-08	0.000000e+00	9.684858e-03
2	235	R1	4.096682e-01	4.096682e-01	3.493054e-08	-5.559028e-15	1.997153e-02
2	236	R1	4.601933e-01	4.601933e-01	3.105042e-08	2.945165e-15	1.884823e-02
2	237	R1	4.212300e-01	4.212300e-01	3.396102e-08	5.902905e-15	1.880808e-02
2	239	R1	4.382121e-01	4.382121e-01	3.262922e-08	0.000000e+00	1.305803e-02
2	240	R1	4.127115e-01	4.127115e-01	3.467010e-08	2.833931e-15	1.958804e-02
2	241	R1	4.336513e-01	4.336513e-01	3.297671e-08	0.000000e+00	1.692481e-02
2	242	R1	3.551136e-01	3.551136e-01	4.035203e-08	-6.030074e-15	9.205716e-03
2	243	R1	3.563792e-01	3.563792e-01	4.020755e-08	6.380651e-15	1.739984e-02
2	245	R1	3.783579e-01	3.783579e-01	3.785184e-08	0.000000e+00	5.296725e-03
2	246	R1	3.695492e-01	3.695492e-01	3.876248e-08	0.000000e+00	6.964895e-03
2	247	R1	3.952569e-01	3.952569e-01	3.621794e-08	0.000000e+00	8.436314e-03
2	248	R1	7.610350e-01	7.610350e-01	1.854513e-08	-2.949087e-14	7.529266e-03


