4	3.165559e+01	0.000000e+00	-8.800000e-02	6.000000e-03	5.293806e-01	8.967803e-03	5.838466e-02	
5	4.686036e+01	0.000000e+00	7.390000e-01	8.000000e-03	3.347841e-01	5.491938e-03	8.857418e-03	
6	5.219207e+01	0.000000e+00	8.180000e-01	6.000000e-03	3.260515e-01	8.504767e-03	6.015330e-03	
7	5.012531e+01	3.517566e+00	9.160000e-01	7.000000e-02	3.944773e-01	3.205614e-02	3.358947e-03	
8	3.892565e+01	2.272810e+00	9.160000e-01	4.300000e-02	3.057169e-01	1.009399e-02	2.603158e-03	
9	5.577245e+01	2.737298e+00	8.850000e-01	8.000000e-02	3.449465e-01	1.570643e-02	4.021161e-03	
10	5.564830e+01	2.105779e+00	8.600000e-01	6.900000e-02	3.403676e-01	2.803572e-02	4.830344e-03	
11	4.842615e+01	0.000000e+00	8.960000e-01	9.000000e-03	2.902758e-01	1.230196e-02	3.060173e-03	
12	4.359198e+01	5.700782e-02	1.030000e+00	4.800000e-02	3.286231e-01	2.041070e-02	-9.993581e-04	
13	5.621135e+01	0.000000e+00	9.480000e-01	9.000000e-03	3.437607e-01	1.288069e-02	1.812014e-03	
14	4.675082e+01	0.000000e+00	9.190000e-01	1.200000e-02	3.166561e-01	1.714636e-02	2.600008e-03	
15	4.784689e+01	0.000000e+00	8.850000e-01	7.000000e-03	3.608805e-01	1.510723e-02	4.206909e-03	
16	4.086637e+01	0.000000e+00	8.080000e-01	5.000000e-03	2.983294e-01	7.565034e-03	5.806294e-03	
17	4.975124e+01	0.000000e+00	7.820000e-01	9.000000e-03	2.983294e-01	1.121405e-02	6.592564e-03	
18	5.952381e+01	0.000000e+00	8.890000e-01	1.200000e-02	3.045995e-01	1.354600e-02	3.427314e-03	
19	5.285412e+01	0.000000e+00	7.620000e-01	7.000000e-03	3.353454e-01	1.383215e-02	8.090422e-03	
20	6.345178e+01	0.000000e+00	9.030000e-01	1.300000e-02	2.803476e-01	1.171062e-02	2.756579e-03	
21	6.123699e+01	7.499937e-02	9.040000e-01	3.100000e-02	3.604903e-01	1.117598e-02	3.508057e-03	
22	6.009615e+01	0.000000e+00	8.850000e-01	1.000000e-02	3.225806e-01	1.300728e-02	3.760434e-03	
23	5.813953e+01	0.000000e+00	9.130000e-01	8.000000e-03	3.103662e-01	1.098130e-02	2.737131e-03	
24	5.984440e+01	0.000000e+00	9.230000e-01	8.000000e-03	2.803476e-01	8.566833e-03	2.188212e-03	
25	5.263158e+01	0.000000e+00	9.050000e-01	1.400000e-02	3.765060e-01	9.639461e-03	3.625746e-03	
26	5.892752e+01	0.000000e+00	8.960000e-01	7.000000e-03	3.261579e-01	1.191444e-02	3.438452e-03	
27	5.903188e+01	0.000000e+00	9.070000e-01	1.000000e-02	2.828054e-01	1.095711e-02	2.666076e-03	
28	6.127451e+01	3.754566e-02	9.030000e-01	2.000000e-02	3.648304e-01	1.543974e-02	3.587274e-03	
29	5.984440e+01	0.000000e+00	9.240000e-01	8.000000e-03	2.773925e-01	7.925500e-03	2.137028e-03	
30	5.125577e+01	0.000000e+00	8.660000e-01	8.000000e-03	3.563792e-01	9.398453e-03	4.840820e-03	
31	5.530973e+01	0.000000e+00	8.420000e-01	6.000000e-03	3.765060e-01	1.091527e-02	6.030188e-03	
32	4.130525e+01	0.000000e+00	7.340000e-01	4.000000e-03	3.354579e-01	1.147826e-02	9.045269e-03	
33	3.946330e+01	0.000000e+00	6.240000e-01	3.000000e-03	3.533569e-01	6.992221e-03	1.346800e-02	
34	4.353505e+01	0.000000e+00	7.220000e-01	5.000000e-03	3.729952e-01	1.029528e-02	1.051114e-02	
35	4.948046e+01	0.000000e+00	7.310000e-01	8.000000e-03	3.563792e-01	1.092253e-02	9.717766e-03	
36	4.248088e+01	0.000000e+00	7.430000e-01	7.000000e-03	4.438526e-01	1.260833e-02	1.156309e-02	
37	4.361099e+01	0.000000e+00	7.180000e-01	5.000000e-03	4.133940e-01	1.127904e-02	1.181721e-02	
38	5.282620e+01	0.000000e+00	8.930000e-01	8.000000e-03	3.503854e-01	9.576056e-03	3.800420e-03	
39	4.482295e+01	0.000000e+00	9.010000e-01	5.000000e-03	3.011141e-01	3.808128e-03	3.021817e-03	
40	5.058169e+01	7.419671e+00	1.180000e+00	1.660000e-01	3.566334e-01	2.632779e-02	-6.507233e-03	
41	5.333333e+01	4.266667e+00	7.550000e-01	1.040000e-01	5.144033e-01	6.218353e-02	1.277532e-02	
42	6.788866e+01	1.013952e+01	8.090000e-01	1.140000e-01	4.038772e-01	3.246025e-02	7.819601e-03	
43	5.213764e+01	2.990167e+00	8.550000e-01	6.800000e-02	4.024145e-01	1.765118e-02	5.914846e-03	
46	5.104645e+01	0.000000e+00	9.280000e-01	1.100000e-02	3.822630e-01	1.388187e-02	2.789951e-03	
47	5.599104e+01	3.103647e+00	9.280000e-01	6.800000e-02	3.869969e-01	2.006872e-02	2.824502e-03	
48	5.546312e+01	3.076157e-02	9.000000e-01	2.600000e-02	3.577818e-01	7.424451e-03	3.626770e-03	
49	5.608525e+01	0.000000e+00	8.940000e-01	1.300000e-02	3.495281e-01	1.502690e-02	3.755691e-03	
50	5.120328e+01	0.000000e+00	9.060000e-01	6.000000e-03	3.196931e-01	8.789516e-03	3.046232e-03	
51	6.402049e+01	1.926353e+00	8.980000e-01	8.200000e-02	3.003003e-01	5.248492e-02	3.104973e-03	
52	5.646527e+01	2.869494e+00	9.510000e-01	6.300000e-02	3.599712e-01	2.099184e-02	1.787992e-03	
53	5.694761e+01	0.000000e+00	9.330000e-01	7.000000e-03	3.172589e-01	7.045724e-03	2.154718e-03	
54	4.943154e+01	0.000000e+00	9.090000e-01	6.000000e-03	3.447087e-01	1.021887e-02	3.179768e-03	
55	5.750431e+01	6.613492e-02	8.780000e-01	3.500000e-02	3.640335e-01	6.891060e-03	4.501974e-03	
56	4.710316e+01	0.000000e+00	8.860000e-01	7.000000e-03	3.457815e-01	8.249973e-03	3.995843e-03	
57	4.580852e+01	0.000000e+00	9.070000e-01	5.000000e-03	3.388682e-01	6.775067e-03	3.194593e-03	
58	4.504505e+01	0.000000e+00	8.080000e-01	8.000000e-03	3.498950e-01	5.386767e-03	6.809902e-03	
59	4.952947e+01	0.000000e+00	8.850000e-01	7.000000e-03	3.397893e-01	7.851062e-03	3.961042e-03	
60	5.128205e+01	0.000000e+00	8.690000e-01	6.000000e-03	3.280840e-01	7.427098e-03	4.356705e-03	
61	4.730369e+01	0.000000e+00	8.230000e-01	7.000000e-03	3.186743e-01	7.819606e-03	5.717711e-03	
62	4.391744e+01	2.507363e+00	8.270000e-01	5.000000e-02	3.660322e-01	2.130275e-02	6.418998e-03	
63	5.376344e+01	1.069488e+00	8.990000e-01	4.900000e-02	4.180602e-01	1.957473e-02	4.280180e-03	
64	5.136107e+01	2.637959e-02	9.090000e-01	1.700000e-02	2.892682e-01	1.573110e-02	2.668356e-03	
65	4.882812e+01	0.000000e+00	8.930000e-01	8.000000e-03	4.066694e-01	1.405730e-02	4.410899e-03	
66	5.120328e+01	0.000000e+00	9.330000e-01	7.000000e-03	3.355705e-01	1.092293e-02	2.279084e-03	
67	5.083884e+01	0.000000e+00	9.230000e-01	1.600000e-02	3.543586e-01	1.921221e-02	2.765894e-03	
71	5.379236e+01	0.000000e+00	8.560000e-01	6.000000e-03	3.795066e-01	1.094592e-02	5.539668e-03	
72	4.870921e+01	0.000000e+00	9.080000e-01	7.000000e-03	3.311258e-01	1.096443e-02	3.088039e-03	
73	4.644682e+01	0.000000e+00	8.810000e-01	6.000000e-03	3.703704e-01	1.550069e-02	4.467711e-03	
74	4.508566e+01	0.000000e+00	8.820000e-01	8.000000e-03	3.401361e-01	1.214772e-02	4.068521e-03	
75	5.254861e+01	5.522712e-02	9.600000e-01	2.300000e-02	3.005711e-01	1.255767e-02	1.218734e-03	
76	5.282620e+01	0.000000e+00	9.210000e-01	1.100000e-02	3.376097e-01	1.151201e-02	2.703609e-03	
77	6.246096e+01	0.000000e+00	8.230000e-01	7.000000e-03	3.661662e-01	1.059214e-02	6.569819e-03	
78	5.005005e+01	0.000000e+00	9.120000e-01	7.000000e-03	3.086420e-01	1.095488e-02	2.753211e-03	
79	6.464124e+01	0.000000e+00	9.310000e-01	1.900000e-02	3.636364e-01	1.361983e-02	2.543421e-03	
81	5.037783e+01	2.537926e-02	8.890000e-01	1.400000e-02	3.714710e-01	1.076328e-02	4.179745e-03	
82	4.882812e+01	0.000000e+00	9.170000e-01	8.000000e-03	3.775009e-01	1.068802e-02	3.176128e-03	
84	5.249344e+01	1.267558e+00	8.850000e-01	4.400000e-02	3.322259e-01	2.549641e-02	3.872872e-03	
85	5.241090e+01	0.000000e+00	9.430000e-01	6.000000e-03	3.650968e-01	9.064103e-03	2.109525e-03	
87	5.232862e+01	0.000000e+00	9.280000e-01	7.000000e-03	3.312355e-01	5.814999e-03	2.417526e-03	
88	6.064281e+01	0.000000e+00	8.980000e-01	8.000000e-03	3.094059e-01	9.860400e-03	3.199121e-03	
89	4.587156e+01	0.000000e+00	8.330000e-01	8.000000e-03	3.036745e-01	8.299636e-03	5.140751e-03	
90	5.370569e+01	8.941334e-01	9.110000e-01	1.200000e-02	2.993116e-01	6.450295e-03	2.700321e-03	
91	5.701254e+01	1.105146e+01	7.260000e-01	7.400000e-02	3.668379e-01	2.960540e-02	1.018888e-02	
92	4.595588e+01	3.379109e+01	1.030000e+00	3.220000e-01	2.635046e-01	1.499789e-01	-8.013298e-04	
93	6.253909e+01	0.000000e+00	9.200000e-01	1.400000e-02	2.767017e-01	9.570480e-03	2.243901e-03	
94	6.514658e+01	4.244077e-02	9.340000e-01	1.900000e-02	2.635046e-01	1.423411e-02	1.762926e-03	
95	5.524862e+01	0.000000e+00	9.240000e-01	1.100000e-02	3.453039e-01	1.335429e-02	2.660216e-03	
97	5.521811e+01	3.049040e-02	8.930000e-01	2.300000e-02	3.382950e-01	9.613254e-03	3.669283e-03	
98	6.180470e+01	0.000000e+00	9.320000e-01	1.400000e-02	3.072197e-01	1.595088e-02	2.117677e-03	
99	5.296610e+01	1.711299e+00	9.030000e-01	3.100000e-02	3.270111e-01	1.710980e-02	3.215408e-03	
100	5.252101e+01	0.000000e+00	9.300000e-01	1.200000e-02	3.326680e-01	1.195214e-02	2.360537e-03	
101	5.063291e+01	2.563692e-02	8.570000e-01	1.600000e-02	3.886514e-01	1.012034e-02	5.633757e-03	
102	5.485464e+01	3.009031e-02	8.530000e-01	1.700000e-02	3.075977e-01	1.655786e-02	4.583552e-03	
103	5.241090e+01	0.000000e+00	8.960000e-01	8.000000e-03	3.263708e-01	7.988840e-03	3.440697e-03	
104	5.299417e+01	0.000000e+00	8.850000e-01	4.000000e-03	3.473428e-01	1.194406e-02	4.049095e-03	
105	5.630631e+01	0.000000e+00	8.610000e-01	8.000000e-03	2.874389e-01	1.330200e-02	4.050067e-03	
106	5.120328e+01	0.000000e+00	8.630000e-01	9.000000e-03	3.455425e-01	9.313170e-03	4.798703e-03	
107	4.770992e+01	0.000000e+00	8.790000e-01	8.000000e-03	3.923107e-01	1.508295e-02	4.811909e-03	
108	4.889976e+01	0.000000e+00	8.920000e-01	8.000000e-03	3.603604e-01	1.467413e-02	3.945142e-03	
109	5.263158e+01	8.310249e-02	8.820000e-01	4.600000e-02	4.040404e-01	1.828385e-02	4.832909e-03	
110	5.649718e+01	0.000000e+00	9.080000e-01	7.000000e-03	4.123711e-01	1.224360e-02	3.845722e-03	
111	5.170631e+01	0.000000e+00	9.290000e-01	7.000000e-03	3.748126e-01	1.067682e-02	2.697580e-03	
112	6.920415e+01	5.747058e+00	7.960000e-01	8.200000e-02	4.393673e-01	3.127307e-02	9.085728e-03	
114	5.927682e+01	1.194672e+01	9.490000e-01	1.960000e-01	5.561735e-01	1.060998e-01	2.875294e-03	
115	5.181347e+01	0.000000e+00	9.340000e-01	5.000000e-03	4.063389e-01	8.916010e-03	2.718530e-03	
116	5.202914e+01	0.000000e+00	9.050000e-01	7.000000e-03	3.142678e-01	1.175294e-02	3.026393e-03	
117	1.315963e+01	7.273382e-01	8.430000e-01	1.720000e-01	5.053057e-01	8.885618e-02	8.041845e-03	
118	4.909180e+01	0.000000e+00	9.440000e-01	6.000000e-03	3.526093e-01	7.708666e-03	2.001629e-03	
119	4.506534e+01	0.000000e+00	9.120000e-01	7.000000e-03	3.185728e-01	6.799738e-03	2.841798e-03	
120	4.796163e+01	0.000000e+00	8.560000e-01	8.000000e-03	3.976143e-01	9.643926e-03	5.803986e-03	
121	5.370569e+01	0.000000e+00	8.970000e-01	5.000000e-03	3.815338e-01	8.588513e-03	3.983566e-03	
122	5.938242e+01	3.878899e+00	7.680000e-01	8.300000e-02	2.673082e-01	2.851002e-02	6.286402e-03	
123	6.464124e+01	2.172815e+00	9.590000e-01	2.550000e-01	2.934272e-01	7.060162e-02	1.219512e-03	
124	6.317119e+01	1.237086e+01	7.650000e-01	2.030000e-01	2.409639e-01	5.498621e-02	5.740128e-03	
125	6.640106e+01	1.102275e+01	1.030000e+00	2.320000e-01	3.303601e-01	5.980751e-02	-1.004640e-03	
127	3.559986e+01	6.210014e+00	7.240000e-01	1.180000e-01	3.273322e-01	1.317901e-01	9.157980e-03	
128	4.923683e+01	0.000000e+00	8.640000e-01	1.100000e-02	3.477051e-01	9.913707e-03	4.793490e-03	
129	6.060606e+01	0.000000e+00	9.130000e-01	1.100000e-02	3.043214e-01	1.565134e-02	2.683821e-03	
130	4.844961e+01	0.000000e+00	9.350000e-01	8.000000e-03	3.364738e-01	9.510025e-03	2.217004e-03	
131	5.636979e+01	0.000000e+00	8.770000e-01	9.000000e-03	3.022975e-01	1.498694e-02	3.769133e-03	
132	5.574136e+01	0.000000e+00	8.280000e-01	1.000000e-02	3.182686e-01	9.217837e-03	5.549120e-03	
133	4.819277e+01	0.000000e+00	8.300000e-01	1.100000e-02	3.203075e-01	9.644108e-03	5.519730e-03	
135	5.552471e+01	0.000000e+00	9.060000e-01	9.000000e-03	2.944641e-01	1.101205e-02	2.805834e-03	
136	5.224660e+01	0.000000e+00	9.050000e-01	9.000000e-03	2.863688e-01	5.740498e-03	2.757727e-03	
137	5.540166e+01	0.000000e+00	8.790000e-01	8.000000e-03	3.576538e-01	9.849550e-03	4.386822e-03	
138	5.107252e+01	0.000000e+00	8.740000e-01	9.000000e-03	3.576538e-01	1.125663e-02	4.568096e-03	
139	5.399568e+01	0.000000e+00	8.810000e-01	1.000000e-02	3.239391e-01	9.234416e-03	3.907619e-03	
140	5.299417e+01	0.000000e+00	8.390000e-01	8.000000e-03	3.661662e-01	1.166476e-02	5.975937e-03	
141	4.730369e+01	0.000000e+00	7.910000e-01	6.000000e-03	3.147624e-01	9.511233e-03	6.668542e-03	
142	5.449591e+01	0.000000e+00	8.820000e-01	8.000000e-03	3.065604e-01	1.202935e-02	3.666907e-03	
143	6.093845e+01	0.000000e+00	9.190000e-01	1.000000e-02	3.099814e-01	1.162670e-02	2.545203e-03	
144	5.081301e+01	0.000000e+00	9.010000e-01	1.000000e-02	3.559986e-01	1.178635e-02	3.572607e-03	
145	5.060729e+01	0.000000e+00	8.740000e-01	8.000000e-03	3.616637e-01	1.386486e-02	4.619311e-03	
146	5.058169e+01	0.000000e+00	9.220000e-01	9.000000e-03	3.046923e-01	9.005225e-03	2.409117e-03	
147	4.977601e+01	1.189272e+00	8.360000e-01	1.600000e-02	3.399048e-01	1.629048e-02	5.650710e-03	
148	4.875670e+01	0.000000e+00	8.830000e-01	1.200000e-02	3.534818e-01	1.099555e-02	4.192323e-03	
149	5.232862e+01	0.000000e+00	9.180000e-01	8.000000e-03	3.484321e-01	8.741153e-03	2.896235e-03	
150	5.540166e+01	2.547556e+00	8.850000e-01	9.500000e-02	3.541076e-01	3.573678e-02	4.127955e-03	
151	5.837712e+01	1.363155e+00	1.090000e+00	1.950000e-01	4.631774e-01	6.393092e-02	-4.225632e-03	
152	4.938272e+01	0.000000e+00	9.140000e-01	7.000000e-03	3.422313e-01	6.324604e-03	2.983459e-03	
153	5.020080e+01	7.308350e-01	8.780000e-01	1.100000e-02	3.248863e-01	7.705230e-03	4.017844e-03	
154	4.965243e+01	0.000000e+00	8.490000e-01	7.000000e-03	3.425831e-01	9.154327e-03	5.243783e-03	
155	4.657662e+01	0.000000e+00	6.400000e-01	1.200000e-02	3.377237e-01	9.466758e-03	1.232440e-02	
156	4.089980e+01	0.000000e+00	2.710000e-01	8.000000e-03	3.238342e-01	1.174528e-02	2.393052e-02	
157	4.260758e+01	0.000000e+00	6.260000e-01	9.000000e-03	3.639010e-01	9.402101e-03	1.379611e-02	
158	4.916421e+01	6.767934e-01	8.450000e-01	1.200000e-02	3.813883e-01	8.145592e-03	5.992401e-03	
159	4.572474e+01	0.000000e+00	6.610000e-01	1.200000e-02	4.462294e-01	1.652701e-02	1.533415e-02	
160	5.288207e+01	0.000000e+00	8.850000e-01	1.200000e-02	2.859594e-01	7.359550e-03	3.333528e-03	
161	9.354537e+01	2.012669e+01	1.010000e+00	2.630000e-01	3.980892e-01	5.974507e-02	-4.035359e-04	
163	5.865103e+01	7.223880e+00	1.020000e+00	2.050000e-01	1.869159e-01	9.048825e-02	-3.789466e-04	
167	4.995005e+01	0.000000e+00	9.040000e-01	1.000000e-02	3.625816e-01	1.380387e-02	3.528408e-03	
169	5.260389e+01	0.000000e+00	9.240000e-01	1.200000e-02	4.135649e-01	1.385391e-02	3.186098e-03	
170	4.782401e+01	0.000000e+00	9.270000e-01	1.000000e-02	3.305785e-01	1.529950e-02	2.446241e-03	
171	5.310674e+01	0.000000e+00	8.440000e-01	1.400000e-02	3.863988e-01	1.940952e-02	6.110295e-03	
172	5.175983e+01	0.000000e+00	8.730000e-01	1.300000e-02	4.166667e-01	1.458333e-02	5.364069e-03	
173	6.013229e+01	3.615892e-02	8.810000e-01	1.500000e-02	4.084967e-01	1.718757e-02	4.927622e-03	
174	4.784689e+01	0.000000e+00	9.010000e-01	1.100000e-02	3.395586e-01	7.725102e-03	3.407625e-03	
175	3.844675e+01	0.000000e+00	7.000000e-01	5.000000e-03	4.334634e-01	1.164921e-02	1.318182e-02	
176	5.583473e+01	0.000000e+00	8.910000e-01	1.100000e-02	3.363606e-01	1.018246e-02	3.716494e-03	
177	5.302227e+01	0.000000e+00	9.010000e-01	8.000000e-03	3.418803e-01	6.779166e-03	3.430925e-03	
179	4.655493e+01	0.000000e+00	9.040000e-01	8.000000e-03	3.454231e-01	8.590835e-03	3.361433e-03	
181	5.197505e+01	0.000000e+00	8.020000e-01	7.000000e-03	3.645643e-01	1.036676e-02	7.317138e-03	
182	4.766444e+01	0.000000e+00	9.270000e-01	9.000000e-03	3.209243e-01	9.269314e-03	2.374801e-03	
183	4.750594e+01	0.000000e+00	9.180000e-01	6.000000e-03	3.699593e-01	9.854632e-03	3.075174e-03	
184	4.987531e+01	0.000000e+00	8.620000e-01	7.000000e-03	3.585515e-01	1.054185e-02	5.015710e-03	
185	5.186722e+01	0.000000e+00	9.370000e-01	1.100000e-02	3.633721e-01	1.558063e-02	2.320566e-03	
186	5.552471e+01	1.171537e+00	8.580000e-01	1.700000e-02	3.603604e-01	1.662203e-02	5.187131e-03	
187	4.870921e+01	0.000000e+00	9.400000e-01	5.000000e-03	3.957262e-01	1.017895e-02	2.406843e-03	
188	5.025126e+01	4.040302e+00	9.180000e-01	1.290000e-01	3.303601e-01	2.248238e-02	2.746017e-03	
190	5.184033e+01	0.000000e+00	9.410000e-01	5.000000e-03	3.402518e-01	7.177819e-03	2.034952e-03	
191	5.216484e+01	2.721171e-02	9.410000e-01	2.200000e-02	3.593245e-01	1.213672e-02	2.149021e-03	
193	4.796163e+01	4.600636e-02	8.930000e-01	3.300000e-02	3.463803e-01	1.787692e-02	3.756980e-03	
194	5.070994e+01	3.600097e-01	8.720000e-01	9.000000e-03	3.907776e-01	1.236928e-02	5.070392e-03	
195	4.892368e+01	0.000000e+00	8.620000e-01	1.200000e-02	3.732736e-01	9.753323e-03	5.221655e-03	
196	5.151984e+01	0.000000e+00	8.940000e-01	1.000000e-02	3.220612e-01	1.265426e-02	3.460558e-03	
197	4.638219e+01	0.000000e+00	8.800000e-01	8.000000e-03	3.359086e-01	1.117063e-02	4.086055e-03	
198	4.810005e+01	5.784037e-01	8.490000e-01	2.100000e-02	3.664346e-01	1.772421e-02	5.608868e-03	
199	4.672897e+01	0.000000e+00	8.770000e-01	8.000000e-03	3.516174e-01	1.359983e-02	4.384069e-03	
200	4.928536e+01	0.000000e+00	9.140000e-01	1.200000e-02	3.353454e-01	8.321784e-03	2.923430e-03	
201	4.780115e+01	0.000000e+00	9.070000e-01	1.100000e-02	3.713331e-01	1.185839e-02	3.500648e-03	
202	4.789272e+01	0.000000e+00	8.560000e-01	1.200000e-02	3.523608e-01	1.030513e-02	5.143419e-03	
203	5.330490e+01	7.671815e-01	8.060000e-01	1.500000e-02	3.685957e-01	1.671112e-02	7.248594e-03	
204	5.488474e+01	8.133304e-01	8.320000e-01	1.300000e-02	3.672420e-01	1.132880e-02	6.254081e-03	
205	5.711022e+01	1.304631e+00	9.250000e-01	1.400000e-02	2.998501e-01	4.855144e-03	2.279645e-03	
206	9.823183e+01	2.219383e+01	6.030000e-01	2.090000e-01	1.408649e-01	9.723032e-02	5.668853e-03	
212	5.042864e+01	0.000000e+00	7.800000e-01	8.000000e-03	3.477051e-01	1.088090e-02	7.754176e-03	
213	5.824112e+01	0.000000e+00	9.280000e-01	1.000000e-02	2.947244e-01	1.363741e-02	2.151050e-03	
214	6.105006e+01	0.000000e+00	8.570000e-01	1.000000e-02	3.401361e-01	1.596557e-02	4.930495e-03	
215	6.301197e+01	0.000000e+00	7.950000e-01	1.300000e-02	3.128911e-01	1.165020e-02	6.502029e-03	
216	5.733945e+01	3.287812e-02	8.130000e-01	1.700000e-02	2.955083e-01	1.423400e-02	5.601613e-03	
217	5.200208e+01	1.352108e+00	8.380000e-01	1.800000e-02	3.434066e-01	1.309002e-02	5.639304e-03	
218	5.167959e+01	0.000000e+00	8.610000e-01	8.000000e-03	3.599712e-01	9.977604e-03	5.072060e-03	
220	5.078720e+01	0.000000e+00	8.360000e-01	8.000000e-03	3.894081e-01	1.228273e-02	6.473672e-03	
221	4.549591e+01	0.000000e+00	8.660000e-01	1.000000e-02	3.709199e-01	1.224476e-02	5.038332e-03	
222	5.078720e+01	8.769755e-01	8.300000e-01	1.000000e-02	3.573981e-01	1.392294e-02	6.158899e-03	
223	5.875441e+01	0.000000e+00	8.800000e-01	8.000000e-03	3.259452e-01	1.062403e-02	3.964859e-03	
224	4.875670e+01	0.000000e+00	8.620000e-01	7.000000e-03	3.418803e-01	1.040251e-02	4.782501e-03	
225	4.361099e+01	1.901918e-02	8.540000e-01	1.300000e-02	3.172589e-01	1.217904e-02	4.695356e-03	
226	5.991612e+01	0.000000e+00	8.850000e-01	8.000000e-03	3.359086e-01	1.117063e-02	3.915803e-03	
227	4.894763e+01	0.000000e+00	8.810000e-01	1.000000e-02	3.415301e-01	1.236413e-02	4.119815e-03	
228	7.412898e+01	2.198043e+01	1.260000e+00	2.880000e-01	5.330490e-01	8.978864e-02	-1.404890e-02	
229	4.708098e+01	5.763208e+00	8.880000e-01	1.740000e-01	2.750275e-01	5.551985e-02	3.122454e-03	
230	5.238345e+01	3.841636e+00	9.670000e-01	9.700000e-02	2.442599e-01	4.713369e-02	8.170863e-04	
231	3.150599e+01	2.382305e-01	9.760000e-01	1.720000e-01	3.576538e-01	6.012063e-02	8.701135e-04	
233	4.750594e+01	0.000000e+00	8.920000e-01	1.100000e-02	3.478261e-01	1.742155e-02	3.807919e-03	
234	5.577245e+01	3.110566e-02	8.780000e-01	1.400000e-02	3.930818e-01	1.174301e-02	4.861212e-03	
235	4.672897e+01	2.183597e-02	8.960000e-01	1.700000e-02	3.885004e-01	1.494232e-02	4.095686e-03	
236	5.130836e+01	0.000000e+00	8.590000e-01	1.100000e-02	3.843198e-01	1.595178e-02	5.493051e-03	
237	4.861449e+01	0.000000e+00	8.200000e-01	7.000000e-03	3.756574e-01	1.538191e-02	6.854350e-03	
239	5.221932e+01	0.000000e+00	7.750000e-01	7.000000e-03	3.441156e-01	1.089423e-02	7.848538e-03	
240	6.119951e+01	0.000000e+00	8.830000e-01	9.000000e-03	4.043672e-01	1.684182e-02	4.795828e-03	
241	5.678592e+01	0.000000e+00	8.830000e-01	9.000000e-03	3.720238e-01	1.826903e-02	4.412233e-03	
242	5.561735e+01	0.000000e+00	8.960000e-01	8.000000e-03	3.338898e-01	1.003342e-02	3.519965e-03	
243	5.058169e+01	1.816540e+00	8.900000e-01	2.300000e-02	3.012956e-01	1.724801e-02	3.359598e-03	
245	5.058169e+01	0.000000e+00	8.950000e-01	8.000000e-03	3.271181e-01	1.102164e-02	3.481735e-03	
246	6.157635e+01	0.000000e+00	8.390000e-01	8.000000e-03	3.444712e-01	8.068909e-03	5.621868e-03	
247	5.359057e+01	0.000000e+00	7.180000e-01	9.000000e-03	3.387534e-01	1.124588e-02	9.683550e-03	
248	3.680530e+01	0.000000e+00	5.580000e-01	3.000000e-03	6.944444e-01	1.157407e-02	3.111441e-02	
