1.363189e+01	0.000000e+00	1.826587e-12
1.461033e+01	0.000000e+00	8.860241e-12
1.565899e+01	0.000000e+00	4.598565e-11
1.678292e+01	0.000000e+00	2.548746e-10
1.798752e+01	0.000000e+00	1.503886e-09
1.927858e+01	0.000000e+00	9.404666e-09
2.066230e+01	0.000000e+00	6.195105e-08
2.214534e+01	0.000000e+00	4.263943e-07
2.373483e+01	0.000000e+00	3.034555e-06
2.543841e+01	0.000000e+00	2.203737e-05
2.726426e+01	0.000000e+00	1.606368e-04
2.922116e+01	0.000000e+00	1.151642e-03
3.131852e+01	2.000000e+00	7.920996e-03
3.356641e+01	0.000000e+00	5.071428e-02
3.597565e+01	2.000000e+00	2.914548e-01
3.855782e+01	3.000000e+00	1.439308e+00
4.132531e+01	5.000000e+00	5.797646e+00
4.429145e+01	1.200000e+01	1.790416e+01
4.747048e+01	4.000000e+01	3.938760e+01
5.087769e+01	6.400000e+01	5.659351e+01
5.452945e+01	3.900000e+01	4.794380e+01
5.844332e+01	2.300000e+01	2.123197e+01
6.263811e+01	1.700000e+01	4.267748e+00
6.713398e+01	4.000000e+00	3.299883e-01
7.195254e+01	1.000000e+00	8.088139e-03
7.711696e+01	0.000000e+00	5.013109e-05
8.265205e+01	0.000000e+00	6.036975e-08
8.858443e+01	0.000000e+00	1.039128e-11
9.494260e+01	1.000000e+00	1.788713e-16


1.090740e-02	0.000000e+00	2.935844e-22
1.288688e-02	0.000000e+00	3.754243e-22
1.522560e-02	0.000000e+00	5.016273e-22
1.798875e-02	0.000000e+00	7.057436e-22
2.125336e-02	0.000000e+00	1.054908e-21
2.511043e-02	0.000000e+00	1.692845e-21
2.966749e-02	0.000000e+00	2.951999e-21
3.505156e-02	0.000000e+00	5.672770e-21
4.141273e-02	0.000000e+00	1.220835e-20
4.892834e-02	0.000000e+00	2.997205e-20
5.780788e-02	0.000000e+00	8.572025e-20
6.829889e-02	0.000000e+00	2.924269e-19
8.069380e-02	0.000000e+00	1.221624e-18
9.533816e-02	0.000000e+00	6.432129e-18
1.126402e-01	0.000000e+00	4.402332e-17
1.330822e-01	0.000000e+00	4.044443e-16
1.572340e-01	0.000000e+00	5.148525e-15
1.857689e-01	0.000000e+00	9.348410e-14
2.194824e-01	0.000000e+00	2.475677e-12
2.593141e-01	1.000000e+00	9.654381e-11
3.063746e-01	0.000000e+00	5.478169e-09
3.619756e-01	0.000000e+00	4.316770e-07
4.276672e-01	0.000000e+00	4.271909e-05
5.052804e-01	0.000000e+00	4.424760e-03
5.969790e-01	5.000000e+00	3.540200e-01
7.053190e-01	1.300000e+01	1.350527e+01
8.333207e-01	1.170000e+02	1.169123e+02
9.845522e-01	7.500000e+01	7.508864e+01
1.163229e+00	3.000000e+00	6.824473e-01


1.448480e-01	1.000000e+00	2.615596e-06
1.530394e-01	0.000000e+00	9.719743e-06
1.616941e-01	0.000000e+00	3.668631e-05
1.708382e-01	0.000000e+00	1.398101e-04
1.804995e-01	0.000000e+00	5.341799e-04
1.907071e-01	1.000000e+00	2.029188e-03
2.014919e-01	0.000000e+00	7.588907e-03
2.128867e-01	0.000000e+00	2.762324e-02
2.249258e-01	0.000000e+00	9.656228e-02
2.376458e-01	1.000000e+00	3.191919e-01
2.510851e-01	1.000000e+00	9.800191e-01
2.652845e-01	3.000000e+00	2.737778e+00
2.802869e-01	9.000000e+00	6.795926e+00
2.961376e-01	1.600000e+01	1.458752e+01
3.128848e-01	2.300000e+01	2.624758e+01
3.305790e-01	3.700000e+01	3.820726e+01
3.492739e-01	4.700000e+01	4.320775e+01
3.690260e-01	3.600000e+01	3.625037e+01
3.898951e-01	1.700000e+01	2.141084e+01
4.119445e-01	1.200000e+01	8.388398e+00
4.352407e-01	4.000000e+00	2.037683e+00
4.598544e-01	1.000000e+00	2.843157e-01
4.858601e-01	0.000000e+00	2.089735e-02
5.133364e-01	2.000000e+00	7.336956e-04
5.423666e-01	3.000000e+00	1.101712e-05
5.730385e-01	0.000000e+00	6.245306e-08
6.054449e-01	0.000000e+00	1.161013e-10
6.396840e-01	0.000000e+00	6.039452e-14
6.758594e-01	1.000000e+00	7.351665e-18


1.031366e-02	2.000000e+00	9.058032e-01
1.096067e-02	0.000000e+00	1.274946e+00
1.164826e-02	2.000000e+00	1.609272e+00
1.237899e-02	1.000000e+00	1.778892e+00
1.315556e-02	3.000000e+00	1.675565e+00
1.398085e-02	1.000000e+00	1.303034e+00
1.485790e-02	0.000000e+00	8.067813e-01
1.578998e-02	1.000000e+00	3.814410e-01
1.678053e-02	0.000000e+00	1.312672e-01
1.783322e-02	0.000000e+00	3.112289e-02
1.895195e-02	0.000000e+00	4.773872e-03
2.014086e-02	0.000000e+00	4.408229e-04
2.140435e-02	0.000000e+00	2.256960e-05
2.274711e-02	0.000000e+00	5.832253e-07
2.417410e-02	1.000000e+00	6.833230e-09
2.569061e-02	0.000000e+00	3.212025e-11
2.730225e-02	0.000000e+00	5.269438e-14
2.901500e-02	0.000000e+00	2.574198e-17
3.083520e-02	1.000000e+00	3.125621e-21
3.276957e-02	0.000000e+00	7.680075e-26
3.482530e-02	0.000000e+00	3.022739e-31
3.700999e-02	0.000000e+00	1.460962e-37
3.933173e-02	0.000000e+00	6.411518e-45
4.179912e-02	0.000000e+00	1.813214e-53
4.442130e-02	0.000000e+00	2.238880e-63
4.720798e-02	0.000000e+00	7.759192e-75
5.016947e-02	0.000000e+00	4.571798e-88
5.331674e-02	0.000000e+00	2.593516e-103
5.666145e-02	0.000000e+00	7.433365e-121


1.520073e-03	2.000000e+00	9.177418e-01
1.702541e-03	0.000000e+00	1.255565e+00
1.906912e-03	2.000000e+00	1.593026e+00
2.135816e-03	1.000000e+00	1.804901e+00
2.392197e-03	3.000000e+00	1.737655e+00
2.679353e-03	1.000000e+00	1.332324e+00
3.000980e-03	0.000000e+00	7.479438e-01
3.361214e-03	1.000000e+00	2.757776e-01
3.764690e-03	0.000000e+00	5.807142e-02
4.216600e-03	0.000000e+00	5.837129e-03
4.722756e-03	0.000000e+00	2.226656e-04
5.289670e-03	0.000000e+00	2.405524e-06
5.924636e-03	0.000000e+00	5.069927e-09
6.635823e-03	0.000000e+00	1.298001e-12
7.432380e-03	1.000000e+00	2.212578e-17
8.324555e-03	0.000000e+00	1.171944e-23
9.323825e-03	0.000000e+00	7.350645e-32
1.044305e-02	0.000000e+00	1.611822e-42
1.169662e-02	1.000000e+00	2.645220e-56
1.310067e-02	0.000000e+00	4.641552e-74
1.467326e-02	0.000000e+00	7.478330e-97
1.643462e-02	0.000000e+00	5.009408e-126
1.840741e-02	0.000000e+00	2.824766e-163
2.061702e-02	0.000000e+00	9.871740e-211
2.309186e-02	0.000000e+00	4.413962e-271
2.586378e-02	0.000000e+00	0.000000e+00
2.896844e-02	0.000000e+00	0.000000e+00
3.244578e-02	0.000000e+00	0.000000e+00
3.634054e-02	0.000000e+00	0.000000e+00


