0	2	R2	8.513375e+00	8.513375e+00	5.652125e-09	4.486123e-15	3.959670e-01
0	3	R2	7.496659e+00	7.496659e+00	4.758940e-09	3.075517e-14	2.887900e-02
0	4	R2	8.057119e+00	8.057119e+00	5.251329e-09	0.000000e+00	3.405900e-02
0	6	R2	8.983897e+00	8.983897e+00	6.064375e-09	-2.682225e-14	6.622700e-02
0	7	R2	8.776837e+00	8.776837e+00	5.883137e-09	-1.244435e-14	1.427440e-01
0	8	R2	8.783215e+00	8.783215e+00	5.888724e-09	0.000000e+00	6.022900e-02
0	10	R2	8.705930e+00	8.705930e+00	5.821005e-09	0.000000e+00	8.948900e-02
0	12	R2	1.087880e+01	1.087880e+01	7.705581e-09	-3.337800e-07	4.012780e-01
0	13	R2	9.102718e+00	9.102718e+00	6.168234e-09	-1.840269e-14	9.652700e-02
0	14	R2	8.292684e+00	8.292684e+00	5.458343e-09	0.000000e+00	1.027500e-01
0	15	R2	9.506019e+00	9.506019e+00	6.519876e-09	2.676204e-14	6.637600e-02
0	17	R2	9.338907e+00	9.338907e+00	6.374340e-09	-2.057493e-14	8.633600e-02
0	18	R2	9.160916e+00	9.160916e+00	6.219062e-09	-2.531541e-14	7.016900e-02
0	19	R2	9.660568e+00	9.660568e+00	6.654248e-09	0.000000e+00	6.732700e-02
0	20	R2	8.967683e+00	8.967683e+00	6.050195e-09	2.826658e-14	6.284300e-02
0	21	R2	1.028630e+01	1.028630e+01	7.196007e-09	2.332064e-14	7.617100e-02
0	22	R2	8.871593e+00	8.871593e+00	5.966114e-09	2.972932e-14	5.975100e-02
0	23	R2	9.000734e+00	9.000734e+00	6.079099e-09	-5.412917e-14	6.563400e-02
0	24	R2	8.833784e+00	8.833784e+00	5.933013e-09	0.000000e+00	7.638800e-02
0	25	R2	8.722899e+00	8.722899e+00	5.835877e-09	0.000000e+00	7.506500e-02
0	26	R2	9.214942e+00	9.214942e+00	6.266222e-09	-2.353133e-14	7.548900e-02
0	27	R2	9.544596e+00	9.544596e+00	6.553437e-09	0.000000e+00	9.639500e-02
0	29	R2	1.008682e+01	1.008682e+01	7.023700e-09	-7.891061e-15	2.251100e-01
0	30	R2	8.060718e+00	8.060718e+00	5.254493e-09	-2.018197e-14	8.801700e-02
0	31	R2	8.764050e+00	8.764050e+00	5.871935e-09	2.458353e-14	7.225800e-02
0	32	R2	9.244218e+00	9.244218e+00	6.291767e-09	3.728826e-14	9.527700e-02
0	33	R2	8.967511e+00	8.967511e+00	6.050044e-09	0.000000e+00	1.399820e-01
0	34	R2	9.021921e+00	9.021921e+00	6.097623e-09	0.000000e+00	7.755000e-02
0	35	R2	9.030062e+00	9.030062e+00	6.104740e-09	0.000000e+00	7.515100e-02
0	36	R2	8.734856e+00	8.734856e+00	5.846355e-09	2.038813e-14	8.712700e-02
0	37	R2	9.103216e+00	9.103216e+00	6.168669e-09	0.000000e+00	5.771700e-02
0	38	R2	8.869576e+00	8.869576e+00	5.964349e-09	-2.865693e-14	6.198700e-02
0	39	R2	9.377427e+00	9.377427e+00	6.407908e-09	-1.812739e-14	9.799300e-02
0	42	R2	9.578142e+00	9.578142e+00	6.582610e-09	0.000000e+00	1.054260e-01
0	43	R2	9.125494e+00	9.125494e+00	6.188129e-09	2.794991e-14	6.355500e-02
0	44	R2	9.090128e+00	9.090128e+00	6.157235e-09	0.000000e+00	1.658460e-01
0	45	R2	9.350216e+00	9.350216e+00	6.384196e-09	3.430585e-14	5.178000e-02
0	46	R2	9.632663e+00	9.632663e+00	6.630002e-09	-1.730145e-14	1.026710e-01
0	47	R2	9.136777e+00	9.136777e+00	6.197983e-09	-3.038533e-14	5.846100e-02
0	48	R2	9.253436e+00	9.253436e+00	6.299809e-09	0.000000e+00	7.125800e-02
0	50	R2	9.069077e+00	9.069077e+00	6.138840e-09	0.000000e+00	6.206100e-02
0	51	R2	9.130674e+00	9.130674e+00	6.192653e-09	0.000000e+00	1.221910e-01
0	52	R2	9.376538e+00	9.376538e+00	6.407134e-09	0.000000e+00	9.824700e-02
0	53	R2	8.254569e+00	8.254569e+00	5.424857e-09	1.677708e-14	1.058800e-01
0	55	R2	8.645903e+00	8.645903e+00	5.768381e-09	0.000000e+00	1.417490e-01
0	56	R2	8.233052e+00	8.233052e+00	5.405951e-09	0.000000e+00	8.000400e-02
0	57	R2	8.067473e+00	8.067473e+00	5.260430e-09	-3.475828e-14	5.110600e-02
0	58	R2	8.884955e+00	8.884955e+00	5.977810e-09	0.000000e+00	7.621400e-02
0	59	R2	8.877423e+00	8.877423e+00	5.971218e-09	-2.103965e-14	8.442900e-02
0	60	R2	9.054754e+00	9.054754e+00	6.126323e-09	-3.613272e-14	4.916200e-02
0	61	R2	9.314957e+00	9.314957e+00	6.353462e-09	2.680282e-14	1.325500e-01
0	62	R2	9.331746e+00	9.331746e+00	6.368098e-09	-4.223940e-14	8.410900e-02
0	63	R2	9.070417e+00	9.070417e+00	6.140011e-09	1.798096e-14	9.879100e-02
0	64	R2	9.580604e+00	9.580604e+00	6.584751e-09	-2.392374e-06	4.717100e-02
0	65	R2	9.138623e+00	9.138623e+00	6.199596e-09	0.000000e+00	9.234300e-02
0	66	R2	9.175749e+00	9.175749e+00	6.232013e-09	0.000000e+00	4.234600e-02
0	67	R2	9.480579e+00	9.480579e+00	6.497737e-09	0.000000e+00	7.813700e-02
0	68	R2	8.837380e+00	8.837380e+00	5.936161e-09	-2.037036e-14	8.720300e-02
0	69	R2	9.462894e+00	9.462894e+00	6.482343e-09	0.000000e+00	1.608110e-01
0	70	R2	8.958833e+00	8.958833e+00	6.042454e-09	-2.907247e-14	6.110100e-02
0	71	R2	1.036443e+01	1.036443e+01	7.263391e-09	1.293514e-14	1.373280e-01
0	72	R2	9.108265e+00	9.108265e+00	6.173080e-09	1.565031e-14	1.135030e-01
0	73	R2	8.961796e+00	8.961796e+00	6.045045e-09	0.000000e+00	9.074400e-02
0	74	R2	9.744836e+00	9.744836e+00	6.727422e-09	0.000000e+00	2.305270e-01
0	75	R2	9.073755e+00	9.073755e+00	6.142928e-09	3.374282e-14	5.264400e-02
0	77	R2	1.082344e+01	1.082344e+01	7.658108e-09	-1.770338e-14	1.003400e-01
0	78	R2	9.720568e+00	9.720568e+00	6.706356e-09	0.000000e+00	1.331250e-01
0	80	R2	7.045731e+00	7.045731e+00	4.364441e-09	0.000000e+00	5.887900e-02
0	81	R2	8.859416e+00	8.859416e+00	5.955455e-09	4.384875e-14	4.051100e-02
0	82	R2	9.357601e+00	9.357601e+00	6.390632e-09	0.000000e+00	1.062630e-01
0	83	R2	8.850821e+00	8.850821e+00	5.947930e-09	0.000000e+00	1.085770e-01
0	84	R2	8.815230e+00	8.815230e+00	5.916765e-09	-3.606303e-14	4.925700e-02
0	86	R2	8.864713e+00	8.864713e+00	5.960092e-09	2.169384e-14	8.188300e-02
0	87	R2	9.179457e+00	9.179457e+00	6.235250e-09	-2.028916e-14	8.755200e-02
0	88	R2	8.794108e+00	8.794108e+00	5.898266e-09	0.000000e+00	7.507900e-02
0	89	R2	9.025109e+00	9.025109e+00	6.100410e-09	0.000000e+00	8.709100e-02
0	90	R2	9.131649e+00	9.131649e+00	6.193505e-09	-2.056230e-14	8.638900e-02
0	91	R2	9.194951e+00	9.194951e+00	6.248775e-09	1.844377e-14	9.631200e-02
0	92	R2	9.685679e+00	9.685679e+00	6.676060e-09	0.000000e+00	8.545100e-02
0	93	R2	9.999338e+00	9.999338e+00	6.948015e-09	-2.023739e-14	8.777600e-02
0	95	R2	1.133543e+01	1.133543e+01	8.096092e-09	-1.137502e-14	1.561630e-01
0	96	R2	1.057190e+01	1.057190e+01	7.442046e-09	-1.332071e-14	1.333530e-01
0	97	R2	9.269583e+00	9.269583e+00	6.313894e-09	0.000000e+00	1.064500e-01
0	98	R2	1.194801e+01	1.194801e+01	8.617113e-09	0.000000e+00	9.408800e-02
0	99	R2	1.275397e+01	1.275397e+01	9.298016e-09	0.000000e+00	1.743760e-01
0	100	R2	9.204841e+00	9.204841e+00	6.257407e-09	3.180984e-14	5.584300e-02
0	101	R2	9.469906e+00	9.469906e+00	6.488447e-09	-3.912927e-06	2.838600e-02
0	102	R2	9.047359e+00	9.047359e+00	6.119860e-09	-1.626403e-14	1.092200e-01
0	103	R2	9.908326e+00	9.908326e+00	6.869199e-09	-1.492136e-06	7.917500e-02
0	104	R2	8.564924e+00	8.564924e+00	5.697356e-09	0.000000e+00	8.968700e-02
0	106	R2	9.913869e+00	9.913869e+00	6.874002e-09	1.683400e-14	1.055220e-01
0	107	R2	1.355516e+01	1.355516e+01	9.970259e-09	0.000000e+00	1.567570e-01
0	108	R2	9.757372e+00	9.757372e+00	6.738302e-09	-1.452233e-06	7.967000e-02
0	109	R2	9.908709e+00	9.908709e+00	6.869531e-09	0.000000e+00	8.094300e-02
0	110	R2	9.323466e+00	9.323466e+00	6.360880e-09	1.322255e-14	1.343430e-01
0	111	R2	9.115966e+00	9.115966e+00	6.179807e-09	0.000000e+00	1.120950e-01
0	112	R2	9.799480e+00	9.799480e+00	6.774837e-09	1.012908e-14	1.753720e-01
0	113	R2	8.738111e+00	8.738111e+00	5.849207e-09	-2.987633e-14	5.945700e-02
0	115	R2	9.332254e+00	9.332254e+00	6.368540e-09	0.000000e+00	1.688190e-01
0	116	R2	8.618466e+00	8.618466e+00	5.744321e-09	1.830786e-14	9.702700e-02
0	117	R2	9.371569e+00	9.371569e+00	6.402804e-09	-2.013850e-14	8.820700e-02
0	118	R2	9.147082e+00	9.147082e+00	6.206983e-09	1.785337e-14	9.949700e-02
0	119	R2	9.299617e+00	9.299617e+00	6.340087e-09	-2.426916e-14	7.319400e-02
0	120	R2	7.982957e+00	7.982957e+00	5.186139e-09	0.000000e+00	6.914100e-02
0	121	R2	9.592337e+00	9.592337e+00	6.594952e-09	-1.864322e-06	6.063300e-02
0	122	R2	8.988114e+00	8.988114e+00	6.068063e-09	0.000000e+00	4.370800e-02
0	123	R2	9.180824e+00	9.180824e+00	6.236443e-09	-2.966875e-14	5.987300e-02
0	124	R2	9.044396e+00	9.044396e+00	6.117270e-09	-3.566480e-14	4.980700e-02
0	125	R2	8.820421e+00	8.820421e+00	5.921311e-09	0.000000e+00	1.062650e-01
0	126	R2	9.013207e+00	9.013207e+00	6.090005e-09	0.000000e+00	1.334440e-01
0	127	R2	8.915206e+00	8.915206e+00	6.004285e-09	3.217105e-14	5.521600e-02
0	128	R2	9.005569e+00	9.005569e+00	6.083326e-09	0.000000e+00	6.216900e-02
0	129	R2	8.805394e+00	8.805394e+00	5.908151e-09	-2.336512e-14	7.602600e-02
0	130	R2	8.253579e+00	8.253579e+00	5.423987e-09	-3.600018e-14	4.934300e-02
0	131	R2	9.401994e+00	9.401994e+00	6.429311e-09	-1.230023e-06	8.941600e-02
0	132	R2	8.858084e+00	8.858084e+00	5.954288e-09	3.510517e-14	5.060100e-02
0	133	R2	9.056852e+00	9.056852e+00	6.128157e-09	0.000000e+00	5.716800e-02
0	134	R2	8.886367e+00	8.886367e+00	5.979046e-09	0.000000e+00	7.007200e-02
0	135	R2	8.816484e+00	8.816484e+00	5.917863e-09	0.000000e+00	6.409100e-02
0	136	R2	9.101239e+00	9.101239e+00	6.166942e-09	0.000000e+00	8.184500e-02
0	137	R2	8.292776e+00	8.292776e+00	5.458424e-09	0.000000e+00	1.140820e-01
0	138	R2	8.467019e+00	8.467019e+00	5.611439e-09	4.256582e-14	4.173200e-02


1	2	NOE	3.884570e-01	3.884570e-01	1.889652e-09	-8.152255e-16	2.042790e-01
1	3	NOE	6.861360e-01	6.861360e-01	3.492795e-09	-3.816117e-15	2.909300e-02
1	4	NOE	7.048410e-01	7.048410e-01	3.769953e-09	-9.636579e-08	3.519900e-02
1	6	NOE	7.707750e-01	7.707750e-01	5.757899e-09	2.681374e-15	4.140500e-02
1	7	NOE	8.588090e-01	8.214736e-01	4.582816e-05	7.708353e-01	4.843500e-02
1	8	NOE	8.058780e-01	8.058780e-01	1.041955e-08	-2.790206e-15	3.979000e-02
1	10	NOE	8.637880e-01	8.214736e-01	2.930242e-05	1.036584e+00	4.082100e-02
1	12	NOE	8.728080e-01	8.214736e-01	4.403945e-05	2.274987e-01	2.256470e-01
1	13	NOE	7.910840e-01	7.910840e-01	7.452806e-09	0.000000e+00	3.367900e-02
1	14	NOE	7.311700e-01	7.311700e-01	4.296383e-09	3.304530e-15	3.359700e-02
1	15	NOE	8.266910e-01	8.214736e-01	3.053253e-05	1.270369e-01	4.107000e-02
1	17	NOE	8.104100e-01	8.104100e-01	1.237674e-08	-2.632857e-15	4.216800e-02
1	18	NOE	7.932670e-01	7.932670e-01	7.737588e-09	0.000000e+00	3.188800e-02
1	19	NOE	8.052260e-01	8.052260e-01	1.020766e-08	2.470786e-15	4.493400e-02
1	20	NOE	8.342570e-01	8.214736e-01	4.927684e-05	2.943518e-01	4.342900e-02
1	21	NOE	8.215970e-01	8.214736e-01	1.981795e-05	3.248465e-03	3.799000e-02
1	22	NOE	8.374990e-01	8.214736e-01	3.668286e-05	4.010362e-01	3.996000e-02
1	23	NOE	9.364620e-01	8.214736e-01	3.318946e-05	2.376579e+00	4.838400e-02
1	24	NOE	8.396110e-01	8.214736e-01	3.328030e-05	6.008947e-01	3.018400e-02
1	25	NOE	8.610680e-01	8.214736e-01	3.491395e-05	9.707128e-01	4.078900e-02
1	26	NOE	9.107140e-01	8.214736e-01	5.286043e-05	2.172251e+00	4.108200e-02
1	27	NOE	9.006630e-01	8.214736e-01	3.298026e-05	1.790684e+00	4.422300e-02
1	29	NOE	8.076730e-01	8.076730e-01	1.107853e-08	-7.098749e-16	1.563970e-01
1	30	NOE	7.560160e-01	7.560160e-01	5.059535e-09	-8.257990e-08	2.330300e-02
1	31	NOE	8.161110e-01	8.161110e-01	1.778784e-08	2.332450e-15	4.759900e-02
1	32	NOE	8.645910e-01	8.214736e-01	2.170643e-05	1.035854e+00	4.162500e-02
1	33	NOE	7.515930e-01	7.515930e-01	4.894527e-09	0.000000e+00	3.801700e-02
1	34	NOE	8.740230e-01	8.214736e-01	4.337227e-05	1.369401e+00	3.837400e-02
1	35	NOE	9.497660e-01	8.214736e-01	2.684297e-05	2.528079e+00	5.074700e-02
1	36	NOE	9.040380e-01	8.214736e-01	3.013468e-05	1.924578e+00	4.290000e-02
1	37	NOE	7.629700e-01	7.629700e-01	5.355696e-09	0.000000e+00	2.633960e-01
1	38	NOE	8.673800e-01	8.214736e-01	2.041663e-05	1.042972e+00	4.401500e-02
1	39	NOE	8.254270e-01	8.214736e-01	3.149792e-05	8.648131e-02	4.571400e-02
1	42	NOE	8.813540e-01	8.214736e-01	2.605328e-05	1.642404e+00	3.645900e-02
1	43	NOE	8.440970e-01	8.214736e-01	2.840008e-05	5.119344e-01	4.419200e-02
1	44	NOE	8.672720e-01	8.214736e-01	1.835034e-05	1.586807e+00	2.886200e-02
1	45	NOE	7.894270e-01	7.894270e-01	7.256319e-09	3.430956e-15	3.235900e-02
1	46	NOE	8.625120e-01	8.214736e-01	3.844496e-05	7.699369e-01	5.330100e-02
1	47	NOE	8.319080e-01	8.214736e-01	3.020352e-05	2.479542e-01	4.208200e-02
1	48	NOE	9.054850e-01	8.214736e-01	4.043757e-05	1.752977e+00	4.792500e-02
1	50	NOE	7.882690e-01	7.882690e-01	7.127806e-09	-2.423254e-08	4.055600e-02
1	51	NOE	8.360790e-01	8.214736e-01	3.362856e-05	3.051375e-01	4.786500e-02
1	52	NOE	8.491900e-01	8.214736e-01	2.978912e-05	7.251428e-01	3.822200e-02
1	53	NOE	7.906560e-01	7.906560e-01	7.400542e-09	0.000000e+00	2.310200e-02
1	55	NOE	8.206860e-01	8.206860e-01	4.643708e-08	0.000000e+00	3.652800e-02
1	56	NOE	7.689580e-01	7.689580e-01	5.656337e-09	0.000000e+00	2.919100e-02
1	57	NOE	7.983190e-01	7.983190e-01	8.544577e-09	0.000000e+00	3.537200e-02
1	58	NOE	8.083830e-01	8.083830e-01	1.137584e-08	0.000000e+00	3.313700e-02
1	59	NOE	8.194450e-01	8.194450e-01	2.893097e-08	0.000000e+00	4.025500e-02
1	60	NOE	7.789910e-01	7.789910e-01	6.295486e-09	0.000000e+00	3.871800e-02
1	61	NOE	9.403430e-01	8.214736e-01	2.849043e-05	2.173791e+00	5.468300e-02
1	62	NOE	8.263750e-01	8.214736e-01	2.342286e-05	1.415201e-01	3.463400e-02
1	63	NOE	8.481930e-01	8.214736e-01	2.857662e-05	6.370713e-01	4.194100e-02
1	64	NOE	9.065560e-01	8.214736e-01	2.708589e-05	1.656460e+00	5.136400e-02
1	65	NOE	8.554180e-01	8.214736e-01	2.104041e-05	8.747657e-01	3.880400e-02
1	66	NOE	7.943560e-01	7.943560e-01	7.892318e-09	0.000000e+00	3.289600e-02
1	67	NOE	8.254460e-01	8.214736e-01	2.823141e-05	1.097502e-01	3.619500e-02
1	68	NOE	8.092690e-01	8.092690e-01	1.178260e-08	0.000000e+00	2.829900e-02
1	69	NOE	9.459770e-01	8.214736e-01	2.381704e-05	2.455592e+00	5.070200e-02
1	70	NOE	8.220200e-01	8.214736e-01	4.123521e-05	1.371019e-02	3.985400e-02
1	71	NOE	9.340170e-01	8.214736e-01	2.275907e-05	2.327634e+00	4.835100e-02
1	72	NOE	8.008610e-01	8.008610e-01	9.058526e-09	0.000000e+00	3.244000e-02
1	73	NOE	7.578750e-01	7.578750e-01	5.133949e-09	2.925874e-15	3.794500e-02
1	74	NOE	8.546230e-01	8.214736e-01	2.428812e-05	3.435101e-01	9.650200e-02
1	75	NOE	8.341880e-01	8.214736e-01	2.773114e-05	3.019762e-01	4.210400e-02
1	77	NOE	8.743880e-01	8.214736e-01	2.414432e-05	1.402858e+00	3.771900e-02
1	78	NOE	9.944330e-01	8.214736e-01	2.354597e-05	2.567535e+00	6.736400e-02
1	80	NOE	7.797270e-01	7.797270e-01	6.351227e-09	0.000000e+00	2.812900e-02
1	81	NOE	8.766770e-01	8.214736e-01	2.591173e-05	1.337648e+00	4.126900e-02
1	82	NOE	9.097090e-01	8.214736e-01	2.517204e-05	1.265750e+00	6.971000e-02
1	83	NOE	7.822920e-01	7.822920e-01	6.557576e-09	0.000000e+00	4.051900e-02
1	84	NOE	8.182220e-01	8.182220e-01	2.284849e-08	0.000000e+00	3.333800e-02
1	86	NOE	8.305240e-01	8.214736e-01	2.315290e-05	2.572235e-01	3.518500e-02
1	87	NOE	8.628460e-01	8.214736e-01	3.281685e-05	9.163933e-01	4.514700e-02
1	88	NOE	8.548640e-01	8.214736e-01	2.088570e-05	8.682531e-01	3.845700e-02
1	89	NOE	8.531090e-01	8.214736e-01	1.699890e-05	1.506879e+00	2.099400e-02
1	90	NOE	8.917450e-01	8.214736e-01	2.531540e-05	1.564089e+00	4.492800e-02
1	91	NOE	9.219000e-01	8.214736e-01	1.927092e-05	1.995636e+00	5.032300e-02
1	92	NOE	8.790390e-01	8.214736e-01	2.079220e-05	1.211240e+00	4.752600e-02
1	93	NOE	9.479790e-01	8.214736e-01	2.399745e-05	2.674929e+00	4.729300e-02
1	95	NOE	8.855600e-01	8.214736e-01	1.944777e-05	9.879663e-01	6.486700e-02
1	96	NOE	8.005300e-01	8.005300e-01	8.986350e-09	3.167541e-15	3.505000e-02
1	97	NOE	8.460520e-01	8.214736e-01	3.385944e-05	5.157788e-01	4.765300e-02
1	98	NOE	8.979800e-01	8.214736e-01	2.497790e-05	1.701277e+00	4.497000e-02
1	99	NOE	8.548290e-01	8.214736e-01	3.914148e-05	1.079743e+00	3.089200e-02
1	100	NOE	8.743000e-01	8.214736e-01	4.729928e-05	1.257053e+00	4.202400e-02
1	101	NOE	7.885960e-01	7.885960e-01	7.163409e-09	-2.598219e-08	3.745500e-02
1	102	NOE	8.116750e-01	8.116750e-01	1.315314e-08	0.000000e+00	3.740200e-02
1	103	NOE	7.990610e-01	7.990610e-01	8.685535e-09	0.000000e+00	2.428300e-02
1	104	NOE	8.446380e-01	8.214736e-01	3.541480e-05	7.898393e-01	2.932800e-02
1	106	NOE	7.683210e-01	7.683210e-01	5.621967e-09	2.807635e-15	3.954300e-02
1	107	NOE	7.968610e-01	7.968610e-01	8.286376e-09	0.000000e+00	4.345500e-02
1	108	NOE	7.950740e-01	7.950740e-01	7.999521e-09	0.000000e+00	3.952300e-02
1	109	NOE	7.813020e-01	7.813020e-01	6.475599e-09	-2.889174e-15	3.842700e-02
1	110	NOE	7.457730e-01	7.457730e-01	4.699739e-09	0.000000e+00	3.088000e-02
1	111	NOE	8.345770e-01	8.214736e-01	2.683137e-05	3.900752e-01	3.359200e-02
1	112	NOE	8.893320e-01	8.214736e-01	2.293862e-05	1.091568e+00	6.216600e-02
1	113	NOE	8.972390e-01	8.214736e-01	3.030432e-05	1.339819e+00	5.654900e-02
1	115	NOE	7.598560e-01	7.598560e-01	5.216908e-09	-1.576842e-15	7.040800e-02
1	116	NOE	8.834690e-01	8.214736e-01	2.025807e-05	1.579501e+00	3.925000e-02
1	117	NOE	8.337990e-01	8.214736e-01	2.238222e-05	4.251167e-01	2.899300e-02
1	118	NOE	8.470530e-01	8.214736e-01	3.591992e-05	6.755601e-01	3.786400e-02
1	119	NOE	8.302580e-01	8.214736e-01	5.535152e-05	2.405368e-01	3.652000e-02
1	120	NOE	7.283280e-01	7.283280e-01	4.229063e-09	2.925103e-15	3.795500e-02
1	121	NOE	8.570960e-01	8.214736e-01	1.971930e-05	1.099559e+00	3.239700e-02
1	122	NOE	7.778060e-01	7.778060e-01	6.208710e-09	-2.821047e-15	3.935500e-02
1	123	NOE	8.405860e-01	8.214736e-01	2.808942e-05	4.328481e-01	4.415500e-02
1	124	NOE	8.412580e-01	8.214736e-01	2.355189e-05	4.155952e-01	4.760500e-02
1	125	NOE	9.171960e-01	8.214736e-01	2.952954e-05	2.434074e+00	3.932600e-02
1	126	NOE	8.731700e-01	8.214736e-01	5.563945e-05	1.208764e+00	4.276800e-02
1	127	NOE	8.943680e-01	8.214736e-01	3.844620e-05	1.893558e+00	3.849600e-02
1	128	NOE	8.035480e-01	8.035480e-01	9.716465e-09	0.000000e+00	3.659800e-02
1	129	NOE	8.445120e-01	8.214736e-01	2.707504e-05	4.894187e-01	4.707300e-02
1	130	NOE	8.688060e-01	8.214736e-01	4.000101e-05	1.159170e+00	4.083300e-02
1	131	NOE	9.053390e-01	8.214736e-01	1.796101e-05	1.432544e+00	5.854300e-02
1	132	NOE	8.056970e-01	8.056970e-01	1.035942e-08	-3.459716e-15	3.209000e-02
1	133	NOE	8.762720e-01	8.214736e-01	3.414855e-05	1.510513e+00	3.627800e-02
1	134	NOE	8.379040e-01	8.214736e-01	3.718039e-05	5.209717e-01	3.153800e-02
1	135	NOE	8.473930e-01	8.214736e-01	5.806845e-05	7.972013e-01	3.251300e-02
1	136	NOE	8.364890e-01	8.214736e-01	3.409794e-05	4.151457e-01	3.616900e-02
1	137	NOE	8.223100e-01	8.214736e-01	3.849684e-05	2.259091e-02	3.702400e-02
1	138	NOE	8.431490e-01	8.214736e-01	2.209783e-05	5.576385e-01	3.887000e-02


2	2	R1	1.584124e+00	1.584124e+00	1.128363e-08	4.155620e-07	4.882900e-02
2	3	R1	1.633363e+00	1.633363e+00	1.088676e-08	-3.378132e-14	6.573000e-03
2	4	R1	1.755716e+00	1.755716e+00	9.987113e-09	0.000000e+00	1.170200e-02
2	6	R1	2.038020e+00	2.038020e+00	8.271488e-09	0.000000e+00	1.496400e-02
2	7	R1	1.883584e+00	1.883584e+00	9.156752e-09	2.380537e-14	1.865500e-02
2	8	R1	1.933411e+00	1.933411e+00	8.858510e-09	0.000000e+00	1.264600e-02
2	10	R1	1.924082e+00	1.924082e+00	8.913373e-09	-1.680755e-14	1.321100e-02
2	12	R1	1.784401e+00	1.784401e+00	9.791952e-09	-5.577259e-15	7.962500e-02
2	13	R1	1.961059e+00	1.961059e+00	8.698441e-09	0.000000e+00	1.276200e-02
2	14	R1	1.776918e+00	1.776918e+00	9.842336e-09	-2.196287e-14	1.011000e-02
2	15	R1	1.887817e+00	1.887817e+00	9.130906e-09	-5.485969e-14	8.095000e-03
2	17	R1	1.954757e+00	1.954757e+00	8.734600e-09	2.836906e-14	7.827000e-03
2	18	R1	1.978656e+00	1.978656e+00	8.598467e-09	2.254260e-14	9.850000e-03
2	19	R1	2.042689e+00	2.042689e+00	8.246412e-09	2.170169e-06	1.056200e-02
2	20	R1	2.009138e+00	2.009138e+00	8.428645e-09	3.661082e-14	1.213000e-02
2	21	R1	1.956315e+00	1.956315e+00	8.725643e-09	-3.858961e-14	1.150800e-02
2	22	R1	2.021675e+00	2.021675e+00	8.359989e-09	-3.595282e-14	1.235200e-02
2	23	R1	2.020395e+00	2.020395e+00	8.366968e-09	5.882755e-14	7.549000e-03
2	24	R1	2.022751e+00	2.022751e+00	8.354128e-09	-4.861404e-14	9.135000e-03
2	25	R1	1.987397e+00	1.987397e+00	8.549341e-09	0.000000e+00	7.841000e-03
2	26	R1	2.031452e+00	2.031452e+00	8.306916e-09	0.000000e+00	1.144300e-02
2	27	R1	2.013084e+00	2.013084e+00	8.406962e-09	0.000000e+00	7.295000e-03
2	29	R1	1.819927e+00	1.819927e+00	9.557641e-09	-3.287748e-15	6.753700e-02
2	30	R1	1.773196e+00	1.773196e+00	9.867534e-09	0.000000e+00	6.361000e-03
2	31	R1	1.922245e+00	1.922245e+00	8.924228e-09	3.017320e-14	1.471800e-02
2	32	R1	2.011431e+00	2.011431e+00	8.416037e-09	-1.205127e-13	7.370000e-03
2	33	R1	1.981266e+00	1.981266e+00	8.583762e-09	-1.068652e-13	1.038900e-02
2	34	R1	2.016944e+00	2.016944e+00	8.385817e-09	0.000000e+00	9.158000e-03
2	35	R1	1.972575e+00	1.972575e+00	8.632851e-09	0.000000e+00	1.413700e-02
2	36	R1	1.929132e+00	1.929132e+00	8.883620e-09	0.000000e+00	8.366000e-03
2	37	R1	1.887112e+00	1.887112e+00	9.135204e-09	0.000000e+00	3.070300e-02
2	38	R1	1.990004e+00	1.990004e+00	8.534756e-09	-7.058446e-14	1.572900e-02
2	39	R1	1.911068e+00	1.911068e+00	8.990646e-09	0.000000e+00	9.812000e-03
2	42	R1	1.893432e+00	1.893432e+00	9.096770e-09	2.744002e-14	8.092000e-03
2	43	R1	1.931460e+00	1.931460e+00	8.869947e-09	-5.378988e-14	8.256000e-03
2	44	R1	2.070042e+00	2.070042e+00	8.101290e-09	-2.350673e-14	1.889200e-02
2	45	R1	2.056438e+00	2.056438e+00	8.173090e-09	1.765259e-06	1.300500e-02
2	46	R1	2.038736e+00	2.038736e+00	8.267637e-09	1.281561e-06	1.787700e-02
2	47	R1	2.016943e+00	2.016943e+00	8.385823e-09	0.000000e+00	1.196200e-02
2	48	R1	2.023921e+00	2.023921e+00	8.347761e-09	4.481223e-14	9.910000e-03
2	50	R1	2.030746e+00	2.030746e+00	8.310734e-09	-3.188464e-14	1.392800e-02
2	51	R1	2.027599e+00	2.027599e+00	8.327783e-09	0.000000e+00	1.291300e-02
2	52	R1	1.966658e+00	1.966658e+00	8.666474e-09	-2.134942e-14	2.080100e-02
2	53	R1	1.847819e+00	1.847819e+00	9.379103e-09	0.000000e+00	7.736000e-03
2	55	R1	1.947065e+00	1.947065e+00	8.778994e-09	1.278543e-14	1.736700e-02
2	56	R1	1.835824e+00	1.835824e+00	9.455317e-09	4.008749e-14	5.539000e-03
2	57	R1	1.856051e+00	1.856051e+00	9.327284e-09	3.982863e-14	5.575000e-03
2	58	R1	2.022820e+00	2.022820e+00	8.353753e-09	-7.899132e-14	5.622000e-03
2	59	R1	2.009350e+00	2.009350e+00	8.427478e-09	4.971055e-14	1.786700e-02
2	60	R1	2.002433e+00	2.002433e+00	8.465644e-09	0.000000e+00	8.150000e-03
2	61	R1	1.976574e+00	1.976574e+00	8.610220e-09	2.018037e-14	1.100300e-02
2	62	R1	2.015025e+00	2.015025e+00	8.396321e-09	4.129910e-14	1.075300e-02
2	63	R1	1.896553e+00	1.896553e+00	9.077870e-09	5.200108e-14	1.281000e-02
2	64	R1	2.024534e+00	2.024534e+00	8.344427e-09	-8.391708e-14	5.292000e-03
2	65	R1	1.916839e+00	1.916839e+00	8.956272e-09	0.000000e+00	1.340900e-02
2	66	R1	1.959082e+00	1.959082e+00	8.709764e-09	1.405346e-14	1.580000e-02
2	67	R1	1.925590e+00	1.925590e+00	8.904475e-09	-5.109172e-14	4.346000e-03
2	68	R1	1.798501e+00	1.798501e+00	9.698002e-09	0.000000e+00	6.069000e-03
2	69	R1	1.931431e+00	1.931431e+00	8.870118e-09	-7.848318e-15	2.829200e-02
2	70	R1	1.916471e+00	1.916471e+00	8.958459e-09	2.105686e-14	1.054500e-02
2	71	R1	1.993766e+00	1.993766e+00	8.513764e-09	7.012747e-15	3.166300e-02
2	72	R1	1.886622e+00	1.886622e+00	9.138192e-09	7.075991e-14	6.276000e-03
2	73	R1	1.967877e+00	1.967877e+00	8.659533e-09	-2.435501e-14	9.117000e-03
2	74	R1	1.842245e+00	1.842245e+00	9.414414e-09	-4.642177e-15	4.783200e-02
2	75	R1	1.952266e+00	1.952266e+00	8.748945e-09	-2.694062e-14	8.242000e-03
2	77	R1	1.801904e+00	1.801904e+00	9.675517e-09	0.000000e+00	8.775000e-03
2	78	R1	1.906278e+00	1.906278e+00	9.019308e-09	4.379578e-14	1.521000e-02
2	80	R1	1.509346e+00	1.509346e+00	1.193111e-08	0.000000e+00	8.145000e-03
2	81	R1	1.809086e+00	1.809086e+00	9.628303e-09	-1.617576e-14	1.372700e-02
2	82	R1	1.871187e+00	1.871187e+00	9.233012e-09	0.000000e+00	4.614600e-02
2	83	R1	1.936479e+00	1.936479e+00	8.840563e-09	-4.145330e-14	1.071300e-02
2	84	R1	1.930290e+00	1.930290e+00	8.876815e-09	-3.035885e-14	7.314000e-03
2	86	R1	1.994130e+00	1.994130e+00	8.511736e-09	3.087813e-14	7.191000e-03
2	87	R1	1.967448e+00	1.967448e+00	8.661975e-09	-4.471747e-14	9.931000e-03
2	88	R1	1.959832e+00	1.959832e+00	8.705466e-09	2.080628e-14	1.067200e-02
2	89	R1	2.110795e+00	2.110795e+00	7.890479e-09	7.407093e-07	3.114500e-02
2	90	R1	1.924858e+00	1.924858e+00	8.908792e-09	-2.287233e-14	9.708000e-03
2	91	R1	2.034193e+00	2.034193e+00	8.292109e-09	-3.220605e-14	1.378900e-02
2	92	R1	2.033063e+00	2.033063e+00	8.298209e-09	0.000000e+00	1.182500e-02
2	93	R1	1.998317e+00	1.998317e+00	8.488455e-09	1.887023e-06	1.207500e-02
2	95	R1	2.043909e+00	2.043909e+00	8.239875e-09	1.447157e-14	3.068700e-02
2	96	R1	2.002347e+00	2.002347e+00	8.466119e-09	4.302773e-14	1.032100e-02
2	97	R1	1.968923e+00	1.968923e+00	8.653584e-09	3.724956e-14	5.961000e-03
2	98	R1	1.919098e+00	1.919098e+00	8.942863e-09	-3.467009e-14	1.280900e-02
2	99	R1	1.959595e+00	1.959595e+00	8.706824e-09	1.784207e-14	1.244500e-02
2	100	R1	2.038796e+00	2.038796e+00	8.267314e-09	-4.905437e-14	9.053000e-03
2	101	R1	1.972497e+00	1.972497e+00	8.633293e-09	0.000000e+00	1.076600e-02
2	102	R1	2.062734e+00	2.062734e+00	8.139769e-09	0.000000e+00	7.266000e-03
2	103	R1	1.928242e+00	1.928242e+00	8.888854e-09	-3.112484e-14	1.426800e-02
2	104	R1	1.869683e+00	1.869683e+00	9.242322e-09	-7.253989e-14	6.122000e-03
2	106	R1	1.920190e+00	1.920190e+00	8.936391e-09	1.686692e-14	2.632900e-02
2	107	R1	1.977002e+00	1.977002e+00	8.607803e-09	1.127302e-14	1.969700e-02
2	108	R1	1.992556e+00	1.992556e+00	8.520509e-09	-6.715397e-14	1.322600e-02
2	109	R1	1.965418e+00	1.965418e+00	8.673541e-09	-1.659650e-14	1.337900e-02
2	110	R1	1.949988e+00	1.949988e+00	8.762090e-09	9.749489e-14	9.110000e-03
2	111	R1	1.934617e+00	1.934617e+00	8.851450e-09	-3.800615e-14	1.752700e-02
2	112	R1	1.942366e+00	1.942366e+00	8.806256e-09	-1.379759e-14	1.609300e-02
2	113	R1	1.673628e+00	1.673628e+00	1.057783e-08	0.000000e+00	1.319700e-02
2	115	R1	1.755182e+00	1.755182e+00	9.990799e-09	-6.605227e-15	6.723300e-02
2	116	R1	1.921699e+00	1.921699e+00	8.927457e-09	0.000000e+00	9.912000e-03
2	117	R1	1.991351e+00	1.991351e+00	8.527232e-09	2.264144e-14	9.807000e-03
2	118	R1	2.037063e+00	2.037063e+00	8.276639e-09	0.000000e+00	1.151500e-02
2	119	R1	1.981290e+00	1.981290e+00	8.583627e-09	0.000000e+00	9.667000e-03
2	120	R1	1.772752e+00	1.772752e+00	9.870546e-09	-4.415722e-14	1.005700e-02
2	121	R1	2.089835e+00	2.089835e+00	7.998117e-09	3.059490e-06	7.528000e-03
2	122	R1	1.964262e+00	1.964262e+00	8.680135e-09	3.319300e-14	1.337900e-02
2	123	R1	1.988753e+00	1.988753e+00	8.541751e-09	-8.028369e-14	1.106300e-02
2	124	R1	1.999615e+00	1.999615e+00	8.481253e-09	3.256980e-14	1.363500e-02
2	125	R1	2.098501e+00	2.098501e+00	7.953415e-09	0.000000e+00	2.135300e-02
2	126	R1	2.061548e+00	2.061548e+00	8.146034e-09	0.000000e+00	2.100200e-02
2	127	R1	1.958721e+00	1.958721e+00	8.711834e-09	0.000000e+00	9.808000e-03
2	128	R1	1.996368e+00	1.996368e+00	8.499282e-09	-2.938458e-14	1.511300e-02
2	129	R1	2.024664e+00	2.024664e+00	8.343721e-09	-4.424081e-14	1.003800e-02
2	130	R1	1.914138e+00	1.914138e+00	8.972339e-09	-1.600668e-14	1.387200e-02
2	131	R1	2.028787e+00	2.028787e+00	8.321342e-09	-5.430291e-14	8.178000e-03
2	132	R1	1.959144e+00	1.959144e+00	8.709409e-09	0.000000e+00	6.222000e-03
2	133	R1	1.972453e+00	1.972453e+00	8.633543e-09	-1.842541e-14	1.205100e-02
2	134	R1	1.948351e+00	1.948351e+00	8.771552e-09	3.666825e-14	1.211100e-02
2	135	R1	1.937430e+00	1.937430e+00	8.835009e-09	-2.092195e-14	1.061300e-02
2	136	R1	1.969266e+00	1.969266e+00	8.651634e-09	5.445829e-14	1.223200e-02
2	137	R1	1.749941e+00	1.749941e+00	1.002708e-08	-1.816464e-14	1.222400e-02
2	138	R1	1.904382e+00	1.904382e+00	9.030686e-09	0.000000e+00	9.428000e-03


