0	2	R2	8.527647e+00	8.527647e+00	5.414289e-09	1.331357e-14	2.668490e-01
0	3	R2	7.766568e+00	7.766568e+00	4.798856e-09	-2.385204e-14	3.723700e-02
0	4	R2	8.286930e+00	8.286930e+00	5.220141e-09	9.681474e-14	1.834800e-02
0	6	R2	9.429769e+00	9.429769e+00	6.137080e-09	0.000000e+00	7.813100e-02
0	7	R2	9.258841e+00	9.258841e+00	6.000731e-09	-2.670691e-14	6.651300e-02
0	8	R2	9.199530e+00	9.199530e+00	5.953352e-09	0.000000e+00	4.105700e-02
0	10	R2	9.032121e+00	9.032121e+00	5.819441e-09	-2.783242e-06	3.891100e-02
0	12	R2	1.328258e+01	1.328258e+01	9.145840e-09	-2.149575e-07	8.255770e-01
0	13	R2	9.492797e+00	9.492797e+00	6.187286e-09	-1.512686e-06	7.654400e-02
0	14	R2	8.924153e+00	8.924153e+00	5.732933e-09	-2.607892e-06	4.085700e-02
0	15	R2	1.020635e+01	1.020635e+01	6.753070e-09	-7.614209e-14	4.665900e-02
0	17	R2	9.532848e+00	9.532848e+00	6.219170e-09	0.000000e+00	4.424300e-02
0	18	R2	9.703723e+00	9.703723e+00	6.355028e-09	0.000000e+00	4.540500e-02
0	19	R2	1.009589e+01	1.009589e+01	6.665793e-09	9.833685e-14	3.612800e-02
0	20	R2	9.392901e+00	9.392901e+00	6.107694e-09	-1.913573e-06	5.965800e-02
0	21	R2	1.021906e+01	1.021906e+01	6.763105e-09	-1.374294e-14	1.292560e-01
0	22	R2	9.266694e+00	9.266694e+00	6.007001e-09	9.273109e-14	1.915600e-02
0	23	R2	9.350438e+00	9.350438e+00	6.073833e-09	-2.637091e-06	4.302800e-02
0	24	R2	9.241561e+00	9.241561e+00	5.986931e-09	-1.800159e-06	6.204900e-02
0	25	R2	9.130312e+00	9.130312e+00	5.898017e-09	-2.504699e-06	4.387400e-02
0	26	R2	9.529773e+00	9.529773e+00	6.216723e-09	-1.983937e-06	5.866600e-02
0	27	R2	9.930109e+00	9.930109e+00	6.534597e-09	2.058900e-14	8.627700e-02
0	29	R2	1.078955e+01	1.078955e+01	7.212097e-09	0.000000e+00	1.643010e-01
0	30	R2	8.555573e+00	8.555573e+00	5.436779e-09	2.214467e-14	8.021600e-02
0	31	R2	9.083932e+00	9.083932e+00	5.860914e-09	-1.565116e-06	6.973200e-02
0	32	R2	9.703715e+00	9.703715e+00	6.355021e-09	-9.033395e-14	5.899300e-02
0	33	R2	9.240603e+00	9.240603e+00	5.986166e-09	-2.811937e-14	6.317200e-02
0	34	R2	9.361746e+00	9.361746e+00	6.082852e-09	-1.895407e-14	9.371900e-02
0	35	R2	9.193095e+00	9.193095e+00	5.948210e-09	0.000000e+00	5.356000e-02
0	36	R2	9.019521e+00	9.019521e+00	5.809351e-09	-3.616214e-14	4.912200e-02
0	37	R2	9.197171e+00	9.197171e+00	5.951467e-09	1.507060e-14	1.178690e-01
0	38	R2	9.224224e+00	9.224224e+00	5.973082e-09	3.362720e-14	5.282500e-02
0	39	R2	9.675969e+00	9.675969e+00	6.332980e-09	4.517693e-14	3.932000e-02
0	42	R2	9.835690e+00	9.835690e+00	6.459762e-09	0.000000e+00	8.566200e-02
0	43	R2	9.617966e+00	9.617966e+00	6.286880e-09	4.326299e-14	8.211900e-02
0	44	R2	9.166137e+00	9.166137e+00	5.926663e-09	0.000000e+00	2.384360e-01
0	45	R2	9.747959e+00	9.747959e+00	6.390154e-09	0.000000e+00	3.905900e-02
0	46	R2	9.877041e+00	9.877041e+00	6.492546e-09	-4.138955e-14	4.291800e-02
0	47	R2	9.350190e+00	9.350190e+00	6.073635e-09	-1.915850e-14	9.271900e-02
0	48	R2	9.593965e+00	9.593965e+00	6.267794e-09	-3.036648e-06	3.867300e-02
0	50	R2	9.332965e+00	9.332965e+00	6.059894e-09	-6.755788e-07	1.675370e-01
0	51	R2	9.324316e+00	9.324316e+00	6.052993e-09	-1.024012e-06	1.103930e-01
0	52	R2	9.788279e+00	9.788279e+00	6.422154e-09	0.000000e+00	8.805800e-02
0	53	R2	8.357848e+00	8.357848e+00	5.277392e-09	7.069486e-15	2.512710e-01
0	55	R2	8.888781e+00	8.888781e+00	5.704568e-09	-1.369410e-06	7.739000e-02
0	56	R2	8.801406e+00	8.801406e+00	5.634448e-09	3.593245e-14	4.943600e-02
0	57	R2	8.432772e+00	8.432772e+00	5.337829e-09	-2.684008e-14	6.618300e-02
0	58	R2	9.290651e+00	9.290651e+00	6.026127e-09	4.075054e-14	4.359100e-02
0	59	R2	9.211965e+00	9.211965e+00	5.963288e-09	0.000000e+00	4.523000e-02
0	60	R2	9.421028e+00	9.421028e+00	6.130114e-09	0.000000e+00	5.135600e-02
0	61	R2	9.606477e+00	9.606477e+00	6.277744e-09	-1.950326e-14	9.108000e-02
0	62	R2	9.705845e+00	9.705845e+00	6.356713e-09	-5.213998e-14	3.406900e-02
0	63	R2	9.434130e+00	9.434130e+00	6.140555e-09	2.716308e-14	6.539600e-02
0	64	R2	9.749898e+00	9.749898e+00	6.391693e-09	0.000000e+00	4.063800e-02
0	65	R2	9.540604e+00	9.540604e+00	6.225342e-09	-3.693510e-14	4.809400e-02
0	66	R2	9.917169e+00	9.917169e+00	6.524346e-09	5.993835e-15	2.963640e-01
0	67	R2	1.005777e+01	1.005777e+01	6.635648e-09	-2.521264e-14	7.045500e-02
0	68	R2	9.149207e+00	9.149207e+00	5.913127e-09	0.000000e+00	9.614500e-02
0	69	R2	9.969916e+00	9.969916e+00	6.566122e-09	-2.263769e-14	7.846900e-02
0	70	R2	9.409369e+00	9.409369e+00	6.120821e-09	2.532479e-14	7.014300e-02
0	71	R2	1.088785e+01	1.088785e+01	7.289184e-09	2.084437e-14	8.522000e-02
0	72	R2	9.381086e+00	9.381086e+00	6.098274e-09	0.000000e+00	1.070890e-01
0	73	R2	9.291527e+00	9.291527e+00	6.026826e-09	1.783169e-14	9.961800e-02
0	74	R2	9.531590e+00	9.531590e+00	6.218169e-09	0.000000e+00	2.616110e-01
0	75	R2	9.347991e+00	9.347991e+00	6.071881e-09	-3.190598e-06	3.555100e-02
0	77	R2	1.194510e+01	1.194510e+01	8.113587e-09	-1.404224e-14	1.265010e-01
0	78	R2	9.929459e+00	9.929459e+00	6.534082e-09	1.329698e-14	1.335910e-01
0	80	R2	7.532959e+00	7.532959e+00	4.609166e-09	-1.718878e-14	5.167200e-02
0	81	R2	9.283938e+00	9.283938e+00	6.020768e-09	-2.234636e-14	7.949200e-02
0	82	R2	9.564231e+00	9.564231e+00	6.244143e-09	-8.099129e-07	1.444000e-01
0	83	R2	9.237022e+00	9.237022e+00	5.983305e-09	0.000000e+00	8.265100e-02
0	84	R2	9.841969e+00	9.841969e+00	6.464741e-09	3.012459e-14	5.896700e-02
0	86	R2	9.123880e+00	9.123880e+00	5.892873e-09	-2.072544e-06	5.297200e-02
0	87	R2	9.499049e+00	9.499049e+00	6.192264e-09	-5.135167e-14	3.459200e-02
0	88	R2	9.047376e+00	9.047376e+00	5.831655e-09	-2.257096e-06	4.809100e-02
0	89	R2	9.082242e+00	9.082242e+00	5.859561e-09	-1.142557e-14	1.554720e-01
0	90	R2	9.704990e+00	9.704990e+00	6.356034e-09	3.793122e-14	4.683100e-02
0	91	R2	9.721199e+00	9.721199e+00	6.368907e-09	3.270352e-14	5.431700e-02
0	92	R2	1.054361e+01	1.054361e+01	7.018878e-09	5.373049e-14	6.612100e-02
0	93	R2	1.059913e+01	1.059913e+01	7.062541e-09	-1.879743e-14	9.450000e-02
0	95	R2	1.348562e+01	1.348562e+01	9.301657e-09	0.000000e+00	1.274250e-01
0	96	R2	1.191324e+01	1.191324e+01	8.088862e-09	0.000000e+00	4.309400e-02
0	97	R2	9.691177e+00	9.691177e+00	6.345062e-09	-4.781837e-14	7.429600e-02
0	98	R2	1.474078e+01	1.474078e+01	1.026053e-08	6.182826e-14	5.746100e-02
0	99	R2	1.177435e+01	1.177435e+01	7.980993e-09	6.420304e-15	2.766780e-01
0	100	R2	9.651610e+00	9.651610e+00	6.313624e-09	3.110631e-14	5.710600e-02
0	101	R2	1.016387e+01	1.016387e+01	6.719519e-09	-8.817855e-14	2.014500e-02
0	102	R2	9.641780e+00	9.641780e+00	6.305811e-09	0.000000e+00	7.664500e-02
0	103	R2	1.097166e+01	1.097166e+01	7.354847e-09	3.564476e-14	9.967000e-02
0	104	R2	8.870483e+00	8.870483e+00	5.689889e-09	4.434684e-14	4.005600e-02
0	106	R2	1.162349e+01	1.162349e+01	7.863676e-09	-6.902494e-15	5.147000e-01
0	107	R2	1.533065e+01	1.533065e+01	1.070886e-08	5.049481e-14	1.055370e-01
0	108	R2	1.036688e+01	1.036688e+01	6.879714e-09	0.000000e+00	3.585100e-02
0	109	R2	1.055034e+01	1.055034e+01	7.024172e-09	-1.376359e-14	1.290620e-01
0	110	R2	9.867287e+00	9.867287e+00	6.484815e-09	-3.353325e-14	5.297300e-02
0	111	R2	9.413347e+00	9.413347e+00	6.123992e-09	-3.308851e-14	5.368500e-02
0	112	R2	9.944203e+00	9.944203e+00	6.545760e-09	0.000000e+00	4.259800e-02
0	113	R2	8.859100e+00	8.859100e+00	5.680756e-09	-3.703289e-14	4.796700e-02
0	115	R2	9.328547e+00	9.328547e+00	6.056369e-09	-4.346872e-07	2.602160e-01
0	116	R2	9.241366e+00	9.241366e+00	5.986775e-09	0.000000e+00	4.509200e-02
0	117	R2	9.824480e+00	9.824480e+00	6.450872e-09	2.185398e-14	8.128300e-02
0	118	R2	9.369401e+00	9.369401e+00	6.088957e-09	-1.654848e-06	6.875400e-02
0	119	R2	9.716465e+00	9.716465e+00	6.365148e-09	3.680958e-14	4.825800e-02
0	120	R2	8.317875e+00	8.317875e+00	5.245127e-09	0.000000e+00	3.544600e-02
0	121	R2	1.013671e+01	1.013671e+01	6.698059e-09	-6.198684e-14	5.731400e-02
0	122	R2	9.189094e+00	9.189094e+00	5.945013e-09	-1.769622e-06	6.263800e-02
0	123	R2	9.459138e+00	9.459138e+00	6.160479e-09	-2.481773e-06	4.643400e-02
0	124	R2	9.336473e+00	9.336473e+00	6.062693e-09	-1.208103e-06	9.373500e-02
0	125	R2	9.074358e+00	9.074358e+00	5.853252e-09	2.459851e-14	7.221400e-02
0	126	R2	9.019000e+00	9.019000e+00	5.808934e-09	-4.033637e-07	2.679620e-01
0	127	R2	9.227295e+00	9.227295e+00	5.975536e-09	5.373943e-14	3.305500e-02
0	128	R2	9.375055e+00	9.375055e+00	6.093465e-09	4.636918e-14	3.830900e-02
0	129	R2	9.136476e+00	9.136476e+00	5.902947e-09	-2.351171e-14	7.555200e-02
0	130	R2	8.768463e+00	8.768463e+00	5.607992e-09	0.000000e+00	8.410800e-02
0	131	R2	9.782717e+00	9.782717e+00	6.417740e-09	2.507881e-14	7.083100e-02
0	132	R2	9.206681e+00	9.206681e+00	5.959067e-09	-1.505007e-06	7.384100e-02
0	133	R2	9.372960e+00	9.372960e+00	6.091795e-09	0.000000e+00	4.620400e-02
0	134	R2	9.241793e+00	9.241793e+00	5.987116e-09	0.000000e+00	4.667900e-02
0	135	R2	9.327257e+00	9.327257e+00	6.055340e-09	-2.530013e-06	4.470000e-02
0	136	R2	9.441183e+00	9.441183e+00	6.146175e-09	-4.052537e-06	2.836400e-02
0	137	R2	8.669823e+00	8.669823e+00	5.528715e-09	2.622393e-14	6.773800e-02
0	138	R2	8.789199e+00	8.789199e+00	5.624646e-09	3.948600e-14	4.498700e-02


1	2	NOE	3.726290e-01	3.726290e-01	1.462704e-09	0.000000e+00	1.030380e-01
1	3	NOE	6.746770e-01	6.746770e-01	2.574233e-09	-8.959192e-15	1.239200e-02
1	4	NOE	6.664310e-01	6.664310e-01	2.507975e-09	0.000000e+00	1.596500e-02
1	6	NOE	7.817780e-01	7.817780e-01	4.536987e-09	0.000000e+00	2.066000e-02
1	7	NOE	7.640180e-01	7.640180e-01	3.915663e-09	5.220648e-15	2.126600e-02
1	8	NOE	8.072680e-01	8.072680e-01	6.334875e-09	6.031854e-15	1.840600e-02
1	10	NOE	7.915210e-01	7.915210e-01	5.031170e-09	5.707207e-15	1.945300e-02
1	12	NOE	7.870560e-01	7.870560e-01	4.785838e-09	-6.462731e-09	2.161940e-01
1	13	NOE	7.858570e-01	7.858570e-01	4.725774e-09	-9.536607e-08	1.501800e-02
1	14	NOE	7.334960e-01	7.334960e-01	3.259571e-09	6.713164e-15	1.653800e-02
1	15	NOE	7.863900e-01	7.863900e-01	4.752198e-09	5.850978e-15	1.897500e-02
1	17	NOE	7.836470e-01	7.836470e-01	4.620673e-09	-7.592347e-08	1.971300e-02
1	18	NOE	7.914660e-01	7.914660e-01	5.027918e-09	0.000000e+00	1.578900e-02
1	19	NOE	8.029810e-01	8.029810e-01	5.884374e-09	0.000000e+00	2.139800e-02
1	20	NOE	8.052440e-01	8.052440e-01	6.109835e-09	0.000000e+00	2.049200e-02
1	21	NOE	8.114750e-01	8.114750e-01	6.894411e-09	-3.939650e-08	1.726900e-02
1	22	NOE	8.043950e-01	8.043950e-01	6.022273e-09	0.000000e+00	1.857200e-02
1	23	NOE	8.246270e-01	8.246270e-01	1.056947e-08	0.000000e+00	1.961200e-02
1	24	NOE	7.903630e-01	7.903630e-01	4.963986e-09	0.000000e+00	1.276100e-02
1	25	NOE	7.761590e-01	7.761590e-01	4.310030e-09	0.000000e+00	1.686700e-02
1	26	NOE	7.724870e-01	7.724870e-01	4.178645e-09	0.000000e+00	1.837700e-02
1	27	NOE	7.730810e-01	7.730810e-01	4.199099e-09	0.000000e+00	1.825600e-02
1	29	NOE	7.857970e-01	7.857970e-01	4.722827e-09	1.057587e-15	1.049770e-01
1	30	NOE	7.017120e-01	7.017120e-01	2.832702e-09	-1.141618e-14	9.725000e-03
1	31	NOE	7.839340e-01	7.839340e-01	4.633933e-09	4.576352e-15	2.426000e-02
1	32	NOE	7.729960e-01	7.729960e-01	4.196154e-09	0.000000e+00	1.871200e-02
1	33	NOE	7.832660e-01	7.832660e-01	4.603244e-09	-7.513395e-08	2.006800e-02
1	34	NOE	7.852430e-01	7.852430e-01	4.695867e-09	-8.793439e-08	1.649100e-02
1	35	NOE	8.119120e-01	8.119120e-01	6.961357e-09	-4.789366e-15	2.318100e-02
1	36	NOE	8.161840e-01	8.161840e-01	7.737602e-09	0.000000e+00	1.877400e-02
1	37	NOE	8.120070e-01	8.120070e-01	6.976169e-09	-6.147210e-08	1.081200e-02
1	38	NOE	7.913650e-01	7.913650e-01	5.021962e-09	5.785726e-15	1.918900e-02
1	39	NOE	8.221260e-01	8.221260e-01	9.430337e-09	5.212804e-15	2.129800e-02
1	42	NOE	7.852460e-01	7.852460e-01	4.696012e-09	6.886812e-15	1.612100e-02
1	43	NOE	7.663930e-01	7.663930e-01	3.984456e-09	-5.453498e-15	2.035800e-02
1	44	NOE	8.259900e-01	8.259900e-01	1.139403e-08	0.000000e+00	1.578700e-02
1	45	NOE	8.003900e-01	8.003900e-01	5.654325e-09	0.000000e+00	1.616400e-02
1	46	NOE	8.156820e-01	8.156820e-01	7.632816e-09	0.000000e+00	2.392900e-02
1	47	NOE	8.026700e-01	8.026700e-01	5.855285e-09	0.000000e+00	2.025200e-02
1	48	NOE	8.109610e-01	8.109610e-01	6.818073e-09	-3.206277e-08	2.169200e-02
1	50	NOE	7.796030e-01	7.796030e-01	4.445020e-09	0.000000e+00	2.302000e-02
1	51	NOE	7.681770e-01	7.681770e-01	4.038533e-09	-4.734830e-15	2.344800e-02
1	52	NOE	7.735670e-01	7.735670e-01	4.216055e-09	-6.692122e-15	1.659000e-02
1	53	NOE	7.354060e-01	7.354060e-01	3.291544e-09	-7.123207e-15	1.558600e-02
1	55	NOE	7.692660e-01	7.692660e-01	4.072624e-09	0.000000e+00	1.585400e-02
1	56	NOE	8.009030e-01	8.009030e-01	5.697751e-09	0.000000e+00	1.583500e-02
1	57	NOE	7.370050e-01	7.370050e-01	3.319026e-09	0.000000e+00	1.620700e-02
1	58	NOE	7.897420e-01	7.897420e-01	4.929035e-09	0.000000e+00	1.618300e-02
1	59	NOE	7.793650e-01	7.793650e-01	4.435287e-09	-5.921505e-15	1.874900e-02
1	60	NOE	7.579260e-01	7.579260e-01	3.754025e-09	-6.252312e-15	1.775700e-02
1	61	NOE	8.039510e-01	8.039510e-01	5.977942e-09	4.914448e-15	2.259100e-02
1	62	NOE	8.079030e-01	8.079030e-01	6.410726e-09	-6.713164e-15	1.653800e-02
1	63	NOE	7.788780e-01	7.788780e-01	4.415567e-09	0.000000e+00	2.005500e-02
1	64	NOE	8.160560e-01	8.160560e-01	7.710477e-09	-5.298382e-15	2.095400e-02
1	65	NOE	7.831880e-01	7.831880e-01	4.599699e-09	-8.184618e-08	1.845000e-02
1	66	NOE	8.186030e-01	8.186030e-01	8.310552e-09	0.000000e+00	1.692500e-02
1	67	NOE	8.125670e-01	8.125670e-01	7.065430e-09	-3.855238e-08	1.681100e-02
1	68	NOE	7.892960e-01	7.892960e-01	4.904378e-09	7.735668e-15	1.435200e-02
1	69	NOE	7.841150e-01	7.841150e-01	4.642353e-09	-7.151966e-08	2.073600e-02
1	70	NOE	7.956520e-01	7.956520e-01	5.294816e-09	6.062486e-15	1.831300e-02
1	71	NOE	7.872180e-01	7.872180e-01	4.794128e-09	1.016595e-14	2.184200e-02
1	72	NOE	7.840490e-01	7.840490e-01	4.639277e-09	-9.497644e-08	1.563500e-02
1	73	NOE	8.103420e-01	8.103420e-01	6.729400e-09	0.000000e+00	2.039900e-02
1	74	NOE	7.579240e-01	7.579240e-01	3.753976e-09	-2.004447e-15	5.538800e-02
1	75	NOE	7.670840e-01	7.670840e-01	4.005148e-09	0.000000e+00	1.849900e-02
1	77	NOE	7.754900e-01	7.754900e-01	4.285185e-09	0.000000e+00	1.805100e-02
1	78	NOE	7.898420e-01	7.898420e-01	4.934614e-09	0.000000e+00	2.884400e-02
1	80	NOE	7.376950e-01	7.376950e-01	3.331094e-09	0.000000e+00	1.279200e-02
1	81	NOE	7.653650e-01	7.653650e-01	3.954246e-09	0.000000e+00	1.726600e-02
1	82	NOE	7.605550e-01	7.605550e-01	3.821338e-09	0.000000e+00	3.217000e-02
1	83	NOE	7.693920e-01	7.693920e-01	4.076624e-09	0.000000e+00	1.905900e-02
1	84	NOE	1.023099e+00	8.344152e-01	1.756338e-05	7.133063e+00	2.645200e-02
1	86	NOE	8.007140e-01	8.007140e-01	5.681637e-09	6.880837e-15	1.613500e-02
1	87	NOE	8.006910e-01	8.006910e-01	5.679685e-09	5.319963e-15	2.086900e-02
1	88	NOE	8.072430e-01	8.072430e-01	6.331944e-09	-5.930045e-15	1.872200e-02
1	89	NOE	8.085170e-01	8.085170e-01	6.486700e-09	-4.553267e-15	2.438300e-02
1	90	NOE	8.044890e-01	8.044890e-01	6.031784e-09	0.000000e+00	2.059900e-02
1	91	NOE	7.746900e-01	7.746900e-01	4.256022e-09	-5.120010e-15	2.168400e-02
1	92	NOE	8.094310e-01	8.094310e-01	6.604931e-09	0.000000e+00	2.128400e-02
1	93	NOE	8.169540e-01	8.169540e-01	7.907016e-09	-5.237395e-15	2.119800e-02
1	95	NOE	7.744350e-01	7.744350e-01	4.246849e-09	0.000000e+00	3.731900e-02
1	96	NOE	7.892170e-01	7.892170e-01	4.900048e-09	0.000000e+00	1.978200e-02
1	97	NOE	8.013840e-01	8.013840e-01	5.739382e-09	0.000000e+00	2.275000e-02
1	98	NOE	8.170290e-01	8.170290e-01	7.924116e-09	-5.023634e-15	2.210000e-02
1	99	NOE	7.982830e-01	7.982830e-01	5.485748e-09	0.000000e+00	2.045400e-02
1	100	NOE	8.112920e-01	8.112920e-01	6.866941e-09	-6.310954e-15	1.759200e-02
1	101	NOE	7.948850e-01	7.948850e-01	5.242766e-09	0.000000e+00	1.904200e-02
1	102	NOE	8.082500e-01	8.082500e-01	6.453334e-09	5.405175e-15	2.054000e-02
1	103	NOE	7.836840e-01	7.836840e-01	4.622377e-09	-9.298685e-08	1.608400e-02
1	104	NOE	8.103870e-01	8.103870e-01	6.735731e-09	0.000000e+00	1.300700e-02
1	106	NOE	7.638970e-01	7.638970e-01	3.912251e-09	0.000000e+00	2.696000e-02
1	107	NOE	8.470940e-01	8.344152e-01	4.289547e-05	4.734595e-01	2.677900e-02
1	108	NOE	7.915430e-01	7.915430e-01	5.032473e-09	-6.154571e-15	1.803900e-02
1	109	NOE	8.146030e-01	8.146030e-01	7.421205e-09	-5.271464e-15	2.106100e-02
1	110	NOE	7.996180e-01	7.996180e-01	5.590788e-09	0.000000e+00	1.430200e-02
1	111	NOE	8.013010e-01	8.013010e-01	5.732133e-09	0.000000e+00	1.518400e-02
1	112	NOE	8.173780e-01	8.173780e-01	8.005164e-09	0.000000e+00	3.247300e-02
1	113	NOE	7.295900e-01	7.295900e-01	3.196907e-09	-1.457032e-07	2.096300e-02
1	115	NOE	7.291640e-01	7.291640e-01	3.190283e-09	-6.623548e-08	4.629700e-02
1	116	NOE	7.657170e-01	7.657170e-01	3.964514e-09	0.000000e+00	1.663900e-02
1	117	NOE	7.907860e-01	7.907860e-01	4.988218e-09	-8.147828e-15	1.362600e-02
1	118	NOE	8.004490e-01	8.004490e-01	5.659269e-09	0.000000e+00	1.789100e-02
1	119	NOE	7.952240e-01	7.952240e-01	5.265583e-09	0.000000e+00	1.802300e-02
1	120	NOE	6.963490e-01	6.963490e-01	2.775510e-09	-6.515393e-15	1.704000e-02
1	121	NOE	7.691840e-01	7.691840e-01	4.070028e-09	0.000000e+00	1.401000e-02
1	122	NOE	7.894670e-01	7.894670e-01	4.913788e-09	0.000000e+00	2.144300e-02
1	123	NOE	7.739910e-01	7.739910e-01	4.231015e-09	5.572290e-15	1.992400e-02
1	124	NOE	7.987370e-01	7.987370e-01	5.520809e-09	0.000000e+00	2.204700e-02
1	125	NOE	8.341000e-01	8.341000e-01	5.895623e-08	0.000000e+00	1.592000e-02
1	126	NOE	8.177540e-01	8.177540e-01	8.095312e-09	5.639658e-15	1.968600e-02
1	127	NOE	7.881280e-01	7.881280e-01	4.841498e-09	-8.003583e-08	1.706600e-02
1	128	NOE	8.003750e-01	8.003750e-01	5.653070e-09	0.000000e+00	1.934400e-02
1	129	NOE	8.039010e-01	8.039010e-01	5.973010e-09	0.000000e+00	1.954400e-02
1	130	NOE	7.790090e-01	7.790090e-01	4.420846e-09	5.947517e-15	1.866700e-02
1	131	NOE	7.737030e-01	7.737030e-01	4.220837e-09	0.000000e+00	2.457800e-02
1	132	NOE	7.997950e-01	7.997950e-01	5.605168e-09	0.000000e+00	1.492800e-02
1	133	NOE	7.965060e-01	7.965060e-01	5.354613e-09	0.000000e+00	1.605600e-02
1	134	NOE	7.993610e-01	7.993610e-01	5.570103e-09	0.000000e+00	1.428800e-02
1	135	NOE	7.998860e-01	7.998860e-01	5.612604e-09	-7.670464e-15	1.447400e-02
1	136	NOE	8.036650e-01	8.036650e-01	5.949895e-09	0.000000e+00	1.571700e-02
1	137	NOE	7.490230e-01	7.490230e-01	3.549522e-09	0.000000e+00	1.696500e-02
1	138	NOE	7.788190e-01	7.788190e-01	4.413195e-09	0.000000e+00	1.733400e-02


2	2	R1	1.651363e+00	1.651363e+00	7.864720e-09	0.000000e+00	9.638500e-02
2	3	R1	1.365269e+00	1.365269e+00	9.862983e-09	3.036715e-14	7.312000e-03
2	4	R1	1.463079e+00	1.463079e+00	9.101584e-09	0.000000e+00	5.228000e-03
2	6	R1	1.699097e+00	1.699097e+00	7.589101e-09	0.000000e+00	9.794000e-03
2	7	R1	1.636190e+00	1.636190e+00	7.955178e-09	-1.192154e-14	3.725100e-02
2	8	R1	1.621362e+00	1.621362e+00	8.044978e-09	2.182471e-14	1.017400e-02
2	10	R1	1.576671e+00	1.576671e+00	8.324415e-09	2.534756e-14	8.760000e-03
2	12	R1	1.931903e+00	1.931903e+00	6.406559e-09	-1.307383e-15	1.698390e-01
2	13	R1	1.680050e+00	1.680050e+00	7.697495e-09	-2.308636e-14	9.618000e-03
2	14	R1	1.517046e+00	1.517046e+00	8.719505e-09	0.000000e+00	1.029200e-02
2	15	R1	1.574092e+00	1.574092e+00	8.340960e-09	3.685694e-14	1.204900e-02
2	17	R1	1.585102e+00	1.585102e+00	8.270654e-09	0.000000e+00	9.924000e-03
2	18	R1	1.647654e+00	1.647654e+00	7.886701e-09	3.178423e-14	6.986000e-03
2	19	R1	1.692151e+00	1.692151e+00	7.628392e-09	-1.805975e-14	1.229500e-02
2	20	R1	1.662308e+00	1.662308e+00	7.800341e-09	2.552530e-14	8.699000e-03
2	21	R1	1.631631e+00	1.631631e+00	7.982639e-09	0.000000e+00	8.550000e-03
2	22	R1	1.676251e+00	1.676251e+00	7.719362e-09	0.000000e+00	7.064000e-03
2	23	R1	1.648335e+00	1.648335e+00	7.882659e-09	0.000000e+00	8.452000e-03
2	24	R1	1.679407e+00	1.679407e+00	7.701190e-09	7.762440e-14	5.721000e-03
2	25	R1	1.656001e+00	1.656001e+00	7.837351e-09	-3.917512e-14	1.133600e-02
2	26	R1	1.712289e+00	1.712289e+00	7.515211e-09	2.394787e-14	9.272000e-03
2	27	R1	1.679822e+00	1.679822e+00	7.698805e-09	-2.122392e-14	1.046200e-02
2	29	R1	1.770049e+00	1.770049e+00	7.202458e-09	1.532082e-14	4.347900e-02
2	30	R1	1.547275e+00	1.547275e+00	8.515855e-09	-2.839445e-14	7.820000e-03
2	31	R1	1.592005e+00	1.592005e+00	8.227005e-09	0.000000e+00	1.371900e-02
2	32	R1	1.702503e+00	1.702503e+00	7.569932e-09	1.209428e-06	1.660000e-02
2	33	R1	1.643437e+00	1.643437e+00	7.911795e-09	5.533132e-14	8.026000e-03
2	34	R1	1.688359e+00	1.688359e+00	7.649957e-09	2.420632e-14	9.173000e-03
2	35	R1	1.595755e+00	1.595755e+00	8.203431e-09	0.000000e+00	1.073200e-02
2	36	R1	1.581832e+00	1.581832e+00	8.291446e-09	5.655746e-14	1.177800e-02
2	37	R1	1.626456e+00	1.626456e+00	8.013970e-09	0.000000e+00	7.780000e-03
2	38	R1	1.636822e+00	1.636822e+00	7.951382e-09	-4.296944e-14	1.033500e-02
2	39	R1	1.591357e+00	1.591357e+00	8.231089e-09	0.000000e+00	8.909000e-03
2	42	R1	1.643119e+00	1.643119e+00	7.913692e-09	-5.206204e-14	4.265000e-03
2	43	R1	1.617062e+00	1.617062e+00	8.071283e-09	-4.793709e-14	9.264000e-03
2	44	R1	1.661735e+00	1.661735e+00	7.803694e-09	2.619068e-14	8.478000e-03
2	45	R1	1.730354e+00	1.730354e+00	7.415549e-09	4.003689e-14	5.546000e-03
2	46	R1	1.729893e+00	1.729893e+00	7.418071e-09	-6.064583e-14	1.098400e-02
2	47	R1	1.679405e+00	1.679405e+00	7.701202e-09	-1.495653e-14	1.484600e-02
2	48	R1	1.668527e+00	1.668527e+00	7.764081e-09	2.115113e-14	1.049800e-02
2	50	R1	1.715087e+00	1.715087e+00	7.499661e-09	0.000000e+00	1.465000e-02
2	51	R1	1.691959e+00	1.691959e+00	7.629482e-09	1.849139e-14	1.200800e-02
2	52	R1	1.698687e+00	1.698687e+00	7.591412e-09	-2.504357e-14	2.659900e-02
2	53	R1	1.630157e+00	1.630157e+00	7.991546e-09	-1.924297e-14	1.153900e-02
2	55	R1	1.697168e+00	1.697168e+00	7.599985e-09	0.000000e+00	1.889700e-02
2	56	R1	1.587179e+00	1.587179e+00	8.257486e-09	7.212753e-14	6.157000e-03
2	57	R1	1.554717e+00	1.554717e+00	8.466790e-09	-2.288412e-14	9.703000e-03
2	58	R1	1.691849e+00	1.691849e+00	7.630107e-09	0.000000e+00	7.063000e-03
2	59	R1	1.678561e+00	1.678561e+00	7.706056e-09	2.946843e-14	7.535000e-03
2	60	R1	1.678406e+00	1.678406e+00	7.706948e-09	4.114985e-14	1.079200e-02
2	61	R1	1.689103e+00	1.689103e+00	7.645719e-09	-1.479607e-14	1.500700e-02
2	62	R1	1.688278e+00	1.688278e+00	7.650418e-09	0.000000e+00	1.473400e-02
2	63	R1	1.585646e+00	1.585646e+00	8.267202e-09	0.000000e+00	1.144400e-02
2	64	R1	1.680840e+00	1.680840e+00	7.692958e-09	4.709324e-14	9.430000e-03
2	65	R1	1.594060e+00	1.594060e+00	8.214075e-09	0.000000e+00	8.859000e-03
2	66	R1	1.642784e+00	1.642784e+00	7.915691e-09	-5.568517e-14	7.975000e-03
2	67	R1	1.653767e+00	1.653767e+00	7.850517e-09	-2.316101e-14	9.587000e-03
2	68	R1	1.522564e+00	1.522564e+00	8.681798e-09	0.000000e+00	7.126000e-03
2	69	R1	1.683494e+00	1.683494e+00	7.677743e-09	0.000000e+00	3.596000e-02
2	70	R1	1.632258e+00	1.632258e+00	7.978854e-09	-5.527164e-14	1.205200e-02
2	71	R1	1.705010e+00	1.705010e+00	7.555863e-09	1.301780e-14	3.411400e-02
2	72	R1	1.631453e+00	1.631453e+00	7.983714e-09	-1.879345e-14	1.181500e-02
2	73	R1	1.654597e+00	1.654597e+00	7.845622e-09	-1.848677e-14	1.201100e-02
2	74	R1	1.596528e+00	1.596528e+00	8.198584e-09	3.407369e-15	6.516600e-02
2	75	R1	1.637137e+00	1.637137e+00	7.949491e-09	-2.945279e-14	7.539000e-03
2	77	R1	1.562603e+00	1.562603e+00	8.415246e-09	0.000000e+00	8.247000e-03
2	78	R1	1.682479e+00	1.682479e+00	7.683557e-09	5.826584e-07	3.428700e-02
2	80	R1	1.300318e+00	1.300318e+00	1.042615e-08	-2.456789e-14	9.038000e-03
2	81	R1	1.563417e+00	1.563417e+00	8.409951e-09	0.000000e+00	1.536700e-02
2	82	R1	1.633655e+00	1.633655e+00	7.970431e-09	-4.244702e-15	5.231100e-02
2	83	R1	1.615025e+00	1.615025e+00	8.083787e-09	-3.102048e-14	7.158000e-03
2	84	R1	1.700936e+00	1.700936e+00	7.578743e-09	6.975954e-14	6.366000e-03
2	86	R1	1.662418e+00	1.662418e+00	7.799698e-09	-1.283680e-13	6.919000e-03
2	87	R1	1.646010e+00	1.646010e+00	7.896471e-09	0.000000e+00	1.125300e-02
2	88	R1	1.646440e+00	1.646440e+00	7.893914e-09	0.000000e+00	7.156000e-03
2	89	R1	1.625318e+00	1.625318e+00	8.020882e-09	2.881825e-14	7.705000e-03
2	90	R1	1.566448e+00	1.566448e+00	8.390279e-09	0.000000e+00	1.353900e-02
2	91	R1	1.665194e+00	1.665194e+00	7.783486e-09	0.000000e+00	1.066800e-02
2	92	R1	1.676006e+00	1.676006e+00	7.720775e-09	0.000000e+00	1.069100e-02
2	93	R1	1.645865e+00	1.645865e+00	7.897333e-09	2.853677e-14	7.781000e-03
2	95	R1	1.767142e+00	1.767142e+00	7.217798e-09	0.000000e+00	3.584200e-02
2	96	R1	1.708517e+00	1.708517e+00	7.536241e-09	4.141078e-14	1.072400e-02
2	97	R1	1.637532e+00	1.637532e+00	7.947120e-09	0.000000e+00	1.083800e-02
2	98	R1	1.606052e+00	1.606052e+00	8.139190e-09	0.000000e+00	8.399000e-03
2	99	R1	1.629617e+00	1.629617e+00	7.994812e-09	-3.342535e-14	6.643000e-03
2	100	R1	1.689365e+00	1.689365e+00	7.644228e-09	-5.624230e-14	7.896000e-03
2	101	R1	1.637614e+00	1.637614e+00	7.946628e-09	2.042541e-14	1.087100e-02
2	102	R1	1.748050e+00	1.748050e+00	7.319574e-09	-2.303367e-14	9.640000e-03
2	103	R1	1.724243e+00	1.724243e+00	7.449069e-09	0.000000e+00	9.571000e-03
2	104	R1	1.584179e+00	1.584179e+00	8.276515e-09	-3.426086e-14	6.481000e-03
2	106	R1	1.722832e+00	1.722832e+00	7.456836e-09	6.501277e-15	3.415400e-02
2	107	R1	1.646117e+00	1.646117e+00	7.895834e-09	-4.685474e-14	9.478000e-03
2	108	R1	1.684219e+00	1.684219e+00	7.673594e-09	-4.448009e-14	9.984000e-03
2	109	R1	1.617523e+00	1.617523e+00	8.068457e-09	-2.392722e-14	9.280000e-03
2	110	R1	1.656476e+00	1.656476e+00	7.834555e-09	2.973281e-14	7.468000e-03
2	111	R1	1.646506e+00	1.646506e+00	7.893521e-09	-2.228469e-14	9.964000e-03
2	112	R1	1.624874e+00	1.624874e+00	8.023582e-09	1.640885e-14	1.353200e-02
2	113	R1	1.455770e+00	1.455770e+00	9.155276e-09	-2.881077e-14	7.707000e-03
2	115	R1	1.558521e+00	1.558521e+00	8.441869e-09	0.000000e+00	4.649700e-02
2	116	R1	1.644267e+00	1.644267e+00	7.906847e-09	-7.531191e-14	8.845000e-03
2	117	R1	1.752528e+00	1.752528e+00	7.295540e-09	1.913353e-14	1.160500e-02
2	118	R1	1.734031e+00	1.734031e+00	7.395474e-09	0.000000e+00	9.554000e-03
2	119	R1	1.667687e+00	1.667687e+00	7.768965e-09	4.367088e-14	1.016900e-02
2	120	R1	1.514644e+00	1.514644e+00	8.735995e-09	2.158078e-14	1.028900e-02
2	121	R1	1.761284e+00	1.761284e+00	7.248834e-09	1.936379e-14	1.146700e-02
2	122	R1	1.635097e+00	1.635097e+00	7.961750e-09	0.000000e+00	5.550000e-03
2	123	R1	1.652532e+00	1.652532e+00	7.857809e-09	-4.859808e-14	9.138000e-03
2	124	R1	1.635753e+00	1.635753e+00	7.957805e-09	-1.250603e-14	1.775500e-02
2	125	R1	1.663080e+00	1.663080e+00	7.795828e-09	0.000000e+00	5.410000e-03
2	126	R1	1.642215e+00	1.642215e+00	7.919088e-09	0.000000e+00	9.016000e-03
2	127	R1	1.615084e+00	1.615084e+00	8.083424e-09	-5.611438e-14	7.914000e-03
2	128	R1	1.652179e+00	1.652179e+00	7.859895e-09	3.002632e-14	7.395000e-03
2	129	R1	1.675067e+00	1.675067e+00	7.726194e-09	2.198461e-14	1.010000e-02
2	130	R1	1.595559e+00	1.595559e+00	8.204661e-09	3.015681e-14	7.363000e-03
2	131	R1	1.714207e+00	1.714207e+00	7.504547e-09	0.000000e+00	1.892700e-02
2	132	R1	1.628921e+00	1.628921e+00	7.999025e-09	-2.664962e-14	8.332000e-03
2	133	R1	1.676308e+00	1.676308e+00	7.719033e-09	-2.525530e-14	8.792000e-03
2	134	R1	1.632088e+00	1.632088e+00	7.979880e-09	0.000000e+00	9.396000e-03
2	135	R1	1.681592e+00	1.681592e+00	7.688643e-09	1.964301e-14	1.130400e-02
2	136	R1	1.652994e+00	1.652994e+00	7.855080e-09	0.000000e+00	9.876000e-03
2	137	R1	1.541961e+00	1.541961e+00	8.551145e-09	-1.052793e-14	2.109100e-02
2	138	R1	1.592189e+00	1.592189e+00	8.225847e-09	-2.550771e-14	8.705000e-03


