2	8.527647e+00	2.668490e-01	3.726290e-01	1.030380e-01	1.651363e+00	9.638500e-02	1.050192e-01	
3	7.766568e+00	3.723700e-02	6.746770e-01	1.239200e-02	1.365269e+00	7.312000e-03	4.502304e-02	
4	8.286930e+00	1.834800e-02	6.664310e-01	1.596500e-02	1.463079e+00	5.228000e-03	4.947153e-02	
6	9.429769e+00	7.813100e-02	7.817780e-01	2.066000e-02	1.699097e+00	9.794000e-03	3.758535e-02	
7	9.258841e+00	6.651300e-02	7.640180e-01	2.126600e-02	1.636190e+00	3.725100e-02	3.913943e-02	
8	9.199530e+00	4.105700e-02	8.072680e-01	1.840600e-02	1.621362e+00	1.017400e-02	3.167639e-02	
10	9.032121e+00	3.891100e-02	7.915210e-01	1.945300e-02	1.576671e+00	8.760000e-03	3.332002e-02	
12	1.328258e+01	8.255770e-01	7.870560e-01	2.161940e-01	1.931903e+00	1.698390e-01	4.170159e-02	
13	9.492797e+00	7.654400e-02	7.858570e-01	1.501800e-02	1.680050e+00	9.618000e-03	3.646934e-02	
14	8.924153e+00	4.085700e-02	7.334960e-01	1.653800e-02	1.517046e+00	1.029200e-02	4.098305e-02	
15	1.020635e+01	4.665900e-02	7.863900e-01	1.897500e-02	1.574092e+00	1.204900e-02	3.408423e-02	
17	9.532848e+00	4.424300e-02	7.836470e-01	1.971300e-02	1.585102e+00	9.924000e-03	3.476338e-02	
18	9.703723e+00	4.540500e-02	7.914660e-01	1.578900e-02	1.647654e+00	6.986000e-03	3.482930e-02	
19	1.009589e+01	3.612800e-02	8.029810e-01	2.139800e-02	1.692151e+00	1.229500e-02	3.379474e-02	
20	9.392901e+00	5.965800e-02	8.052440e-01	2.049200e-02	1.662308e+00	8.699000e-03	3.281740e-02	
21	1.021906e+01	1.292560e-01	8.114750e-01	1.726900e-02	1.631631e+00	8.550000e-03	3.118119e-02	
22	9.266694e+00	1.915600e-02	8.043950e-01	1.857200e-02	1.676251e+00	7.064000e-03	3.323693e-02	
23	9.350438e+00	4.302800e-02	8.246270e-01	1.961200e-02	1.648335e+00	8.452000e-03	2.930286e-02	
24	9.241561e+00	6.204900e-02	7.903630e-01	1.276100e-02	1.679407e+00	5.721000e-03	3.568829e-02	
25	9.130312e+00	4.387400e-02	7.761590e-01	1.686700e-02	1.656001e+00	1.133600e-02	3.757527e-02	
26	9.529773e+00	5.866600e-02	7.724870e-01	1.837700e-02	1.712289e+00	9.272000e-03	3.948982e-02	
27	9.930109e+00	8.627700e-02	7.730810e-01	1.825600e-02	1.679822e+00	1.046200e-02	3.863990e-02	
29	1.078955e+01	1.643010e-01	7.857970e-01	1.049770e-01	1.770049e+00	4.347900e-02	3.843374e-02	
30	8.555573e+00	8.021600e-02	7.017120e-01	9.725000e-03	1.547275e+00	7.820000e-03	4.678484e-02	
31	9.083932e+00	6.973200e-02	7.839340e-01	2.426000e-02	1.592005e+00	1.371900e-02	3.486845e-02	
32	9.703715e+00	5.899300e-02	7.729960e-01	1.871200e-02	1.702503e+00	1.660000e-02	3.917628e-02	
33	9.240603e+00	6.317200e-02	7.832660e-01	2.006800e-02	1.643437e+00	8.026000e-03	3.610621e-02	
34	9.361746e+00	9.371900e-02	7.852430e-01	1.649100e-02	1.688359e+00	9.173000e-03	3.675479e-02	
35	9.193095e+00	5.356000e-02	8.119120e-01	2.318100e-02	1.595755e+00	1.073200e-02	3.042490e-02	
36	9.019521e+00	4.912200e-02	8.161840e-01	1.877400e-02	1.581832e+00	1.177800e-02	2.947444e-02	
37	9.197171e+00	1.178690e-01	8.120070e-01	1.081200e-02	1.626456e+00	7.780000e-03	3.099459e-02	
38	9.224224e+00	5.282500e-02	7.913650e-01	1.918900e-02	1.636822e+00	1.033500e-02	3.461708e-02	
39	9.675969e+00	3.932000e-02	8.221260e-01	2.129800e-02	1.591357e+00	8.909000e-03	2.869339e-02	
42	9.835690e+00	8.566200e-02	7.852460e-01	1.612100e-02	1.643119e+00	4.265000e-03	3.576944e-02	
43	9.617966e+00	8.211900e-02	7.663930e-01	2.035800e-02	1.617062e+00	9.264000e-03	3.829256e-02	
44	9.166137e+00	2.384360e-01	8.259900e-01	1.578700e-02	1.661735e+00	8.478000e-03	2.931148e-02	
45	9.747959e+00	3.905900e-02	8.003900e-01	1.616400e-02	1.730354e+00	5.546000e-03	3.501218e-02	
46	9.877041e+00	4.291800e-02	8.156820e-01	2.392900e-02	1.729893e+00	1.098400e-02	3.232130e-02	
47	9.350190e+00	9.271900e-02	8.026700e-01	2.025200e-02	1.679405e+00	1.484600e-02	3.359312e-02	
48	9.593965e+00	3.867300e-02	8.109610e-01	2.169200e-02	1.668527e+00	1.049800e-02	3.197323e-02	
50	9.332965e+00	1.675370e-01	7.796030e-01	2.302000e-02	1.715087e+00	1.465000e-02	3.831719e-02	
51	9.324316e+00	1.103930e-01	7.681770e-01	2.344800e-02	1.691959e+00	1.200800e-02	3.976017e-02	
52	9.788279e+00	8.805800e-02	7.735670e-01	1.659000e-02	1.698687e+00	2.659900e-02	3.899015e-02	
53	8.357848e+00	2.512710e-01	7.354060e-01	1.558600e-02	1.630157e+00	1.153900e-02	4.372313e-02	
55	8.888781e+00	7.739000e-02	7.692660e-01	1.585400e-02	1.697168e+00	1.889700e-02	3.969523e-02	
56	8.801406e+00	4.943600e-02	8.009030e-01	1.583500e-02	1.587179e+00	6.157000e-03	3.203262e-02	
57	8.432772e+00	6.618300e-02	7.370050e-01	1.620700e-02	1.554717e+00	9.703000e-03	4.144772e-02	
58	9.290651e+00	4.359100e-02	7.897420e-01	1.618300e-02	1.691849e+00	7.063000e-03	3.605919e-02	
59	9.211965e+00	4.523000e-02	7.793650e-01	1.874900e-02	1.678561e+00	7.535000e-03	3.754165e-02	
60	9.421028e+00	5.135600e-02	7.579260e-01	1.775700e-02	1.678406e+00	1.079200e-02	4.118575e-02	
61	9.606477e+00	9.108000e-02	8.039510e-01	2.259100e-02	1.689103e+00	1.500700e-02	3.356778e-02	
62	9.705845e+00	3.406900e-02	8.079030e-01	1.653800e-02	1.688278e+00	1.473400e-02	3.287505e-02	
63	9.434130e+00	6.539600e-02	7.788780e-01	2.005500e-02	1.585646e+00	1.144400e-02	3.554185e-02	
64	9.749898e+00	4.063800e-02	8.160560e-01	2.095400e-02	1.680840e+00	9.430000e-03	3.134107e-02	
65	9.540604e+00	4.809400e-02	7.831880e-01	1.845000e-02	1.594060e+00	8.859000e-03	3.503401e-02	
66	9.917169e+00	2.963640e-01	8.186030e-01	1.692500e-02	1.642784e+00	7.975000e-03	3.020733e-02	
67	1.005777e+01	7.045500e-02	8.125670e-01	1.681100e-02	1.653767e+00	9.587000e-03	3.142116e-02	
68	9.149207e+00	9.614500e-02	7.892960e-01	1.435200e-02	1.522564e+00	7.126000e-03	3.251997e-02	
69	9.969916e+00	7.846900e-02	7.841150e-01	2.073600e-02	1.683494e+00	3.596000e-02	3.684138e-02	
70	9.409369e+00	7.014300e-02	7.956520e-01	1.831300e-02	1.632258e+00	1.205200e-02	3.381124e-02	
71	1.088785e+01	8.522000e-02	7.872180e-01	2.184200e-02	1.705010e+00	3.411400e-02	3.677593e-02	
72	9.381086e+00	1.070890e-01	7.840490e-01	1.563500e-02	1.631453e+00	1.181500e-02	3.571344e-02	
73	9.291527e+00	9.961800e-02	8.103420e-01	2.039900e-02	1.654597e+00	1.201100e-02	3.181011e-02	
74	9.531590e+00	2.616110e-01	7.579240e-01	5.538800e-02	1.596528e+00	6.516600e-02	3.917690e-02	
75	9.347991e+00	3.555100e-02	7.670840e-01	1.849900e-02	1.637137e+00	7.539000e-03	3.865327e-02	
77	1.194510e+01	1.265010e-01	7.754900e-01	1.805100e-02	1.562603e+00	8.247000e-03	3.556200e-02	
78	9.929459e+00	1.335910e-01	7.898420e-01	2.884400e-02	1.682479e+00	3.428700e-02	3.584243e-02	
80	7.532959e+00	5.167200e-02	7.376950e-01	1.279200e-02	1.300318e+00	9.038000e-03	3.457467e-02	
81	9.283938e+00	7.949200e-02	7.653650e-01	1.726600e-02	1.563417e+00	1.536700e-02	3.718514e-02	
82	9.564231e+00	1.444000e-01	7.605550e-01	3.217000e-02	1.633655e+00	5.231100e-02	3.965226e-02	
83	9.237022e+00	8.265100e-02	7.693920e-01	1.905900e-02	1.615025e+00	7.158000e-03	3.775335e-02	
84	9.841969e+00	5.896700e-02	1.023099e+00	2.645200e-02	1.700936e+00	6.366000e-03	-3.982749e-03	
86	9.123880e+00	5.297200e-02	8.007140e-01	1.613500e-02	1.662418e+00	6.919000e-03	3.358295e-02	
87	9.499049e+00	3.459200e-02	8.006910e-01	2.086900e-02	1.646010e+00	1.125300e-02	3.325533e-02	
88	9.047376e+00	4.809100e-02	8.072430e-01	1.872200e-02	1.646440e+00	7.156000e-03	3.217051e-02	
89	9.082242e+00	1.554720e-01	8.085170e-01	2.438300e-02	1.625318e+00	7.705000e-03	3.154790e-02	
90	9.704990e+00	4.683100e-02	8.044890e-01	2.059900e-02	1.566448e+00	1.353900e-02	3.104481e-02	
91	9.721199e+00	5.431700e-02	7.746900e-01	2.168400e-02	1.665194e+00	1.066800e-02	3.803182e-02	
92	1.054361e+01	6.612100e-02	8.094310e-01	2.128400e-02	1.676006e+00	1.069100e-02	3.237648e-02	
93	1.059913e+01	9.450000e-02	8.169540e-01	2.119800e-02	1.645865e+00	7.781000e-03	3.053910e-02	
95	1.348562e+01	1.274250e-01	7.744350e-01	3.731900e-02	1.767142e+00	3.584200e-02	4.040592e-02	
96	1.191324e+01	4.309400e-02	7.892170e-01	1.978200e-02	1.708517e+00	1.072400e-02	3.650537e-02	
97	9.691177e+00	7.429600e-02	8.013840e-01	2.275000e-02	1.637532e+00	1.083800e-02	3.296901e-02	
98	1.474078e+01	5.746100e-02	8.170290e-01	2.210000e-02	1.606052e+00	8.399000e-03	2.978816e-02	
99	1.177435e+01	2.766780e-01	7.982830e-01	2.045400e-02	1.629617e+00	6.643000e-03	3.332191e-02	
100	9.651610e+00	5.710600e-02	8.112920e-01	1.759200e-02	1.689365e+00	7.896000e-03	3.231585e-02	
101	1.016387e+01	2.014500e-02	7.948850e-01	1.904200e-02	1.637614e+00	1.087100e-02	3.404951e-02	
102	9.641780e+00	7.664500e-02	8.082500e-01	2.054000e-02	1.748050e+00	9.640000e-03	3.397747e-02	
103	1.097166e+01	9.967000e-02	7.836840e-01	1.608400e-02	1.724243e+00	9.571000e-03	3.780846e-02	
104	8.870483e+00	4.005600e-02	8.103870e-01	1.300700e-02	1.584179e+00	6.481000e-03	3.044908e-02	
106	1.162349e+01	5.147000e-01	7.638970e-01	2.696000e-02	1.722832e+00	3.415400e-02	4.123313e-02	
107	1.533065e+01	1.055370e-01	8.470940e-01	2.677900e-02	1.646117e+00	9.478000e-03	2.551450e-02	
108	1.036688e+01	3.585100e-02	7.915430e-01	1.803900e-02	1.684219e+00	9.984000e-03	3.558909e-02	
109	1.055034e+01	1.290620e-01	8.146030e-01	2.106100e-02	1.617523e+00	9.280000e-03	3.039870e-02	
110	9.867287e+00	5.297300e-02	7.996180e-01	1.430200e-02	1.656476e+00	7.468000e-03	3.364695e-02	
111	9.413347e+00	5.368500e-02	8.013010e-01	1.518400e-02	1.646506e+00	9.964000e-03	3.316354e-02	
112	9.944203e+00	4.259800e-02	8.173780e-01	3.247300e-02	1.624874e+00	1.353200e-02	3.007978e-02	
113	8.859100e+00	4.796700e-02	7.295900e-01	2.096300e-02	1.455770e+00	7.707000e-03	3.990408e-02	
115	9.328547e+00	2.602160e-01	7.291640e-01	4.629700e-02	1.558521e+00	4.649700e-02	4.278789e-02	
116	9.241366e+00	4.509200e-02	7.657170e-01	1.663900e-02	1.644267e+00	8.845000e-03	3.904945e-02	
117	9.824480e+00	8.128300e-02	7.907860e-01	1.362600e-02	1.752528e+00	1.160500e-02	3.716700e-02	
118	9.369401e+00	6.875400e-02	8.004490e-01	1.789100e-02	1.734031e+00	9.554000e-03	3.507621e-02	
119	9.716465e+00	4.825800e-02	7.952240e-01	1.802300e-02	1.667687e+00	1.016900e-02	3.461748e-02	
120	8.317875e+00	3.544600e-02	6.963490e-01	1.704000e-02	1.514644e+00	1.028900e-02	4.662159e-02	
121	1.013671e+01	5.731400e-02	7.691840e-01	1.401000e-02	1.761284e+00	1.146700e-02	4.120948e-02	
122	9.189094e+00	6.263800e-02	7.894670e-01	2.144300e-02	1.635097e+00	5.550000e-03	3.489519e-02	
123	9.459138e+00	4.643400e-02	7.739910e-01	1.992400e-02	1.652532e+00	9.138000e-03	3.785972e-02	
124	9.336473e+00	9.373500e-02	7.987370e-01	2.204700e-02	1.635753e+00	1.775500e-02	3.337210e-02	
125	9.074358e+00	7.221400e-02	8.341000e-01	1.592000e-02	1.663080e+00	5.410000e-03	2.796800e-02	
126	9.019000e+00	2.679620e-01	8.177540e-01	1.968600e-02	1.642215e+00	9.016000e-03	3.033820e-02	
127	9.227295e+00	3.305500e-02	7.881280e-01	1.706600e-02	1.615084e+00	7.914000e-03	3.468730e-02	
128	9.375055e+00	3.830900e-02	8.003750e-01	1.934400e-02	1.652179e+00	7.395000e-03	3.343289e-02	
129	9.136476e+00	7.555200e-02	8.039010e-01	1.954400e-02	1.675067e+00	1.010000e-02	3.329733e-02	
130	8.768463e+00	8.410800e-02	7.790090e-01	1.866700e-02	1.595559e+00	7.363000e-03	3.574286e-02	
131	9.782717e+00	7.083100e-02	7.737030e-01	2.457800e-02	1.714207e+00	1.892700e-02	3.932275e-02	
132	9.206681e+00	7.384100e-02	7.997950e-01	1.492800e-02	1.628921e+00	8.332000e-03	3.305802e-02	
133	9.372960e+00	4.620400e-02	7.965060e-01	1.605600e-02	1.676308e+00	8.792000e-03	3.457859e-02	
134	9.241793e+00	4.667900e-02	7.993610e-01	1.428800e-02	1.632088e+00	9.396000e-03	3.319409e-02	
135	9.327257e+00	4.470000e-02	7.998860e-01	1.447400e-02	1.681592e+00	1.130400e-02	3.411143e-02	
136	9.441183e+00	2.836400e-02	8.036650e-01	1.571700e-02	1.652994e+00	9.876000e-03	3.289810e-02	
137	8.669823e+00	6.773800e-02	7.490230e-01	1.696500e-02	1.541961e+00	2.109100e-02	3.922917e-02	
138	8.789199e+00	4.498700e-02	7.788190e-01	1.733400e-02	1.592189e+00	8.705000e-03	3.569803e-02	
