2	8.513375e+00	3.959670e-01	3.884570e-01	2.042790e-01	1.584124e+00	4.882900e-02	9.820148e-02	
3	7.496659e+00	2.887900e-02	6.861360e-01	2.909300e-02	1.633363e+00	6.573000e-03	5.196681e-02	
4	8.057119e+00	3.405900e-02	7.048410e-01	3.519900e-02	1.755716e+00	1.170200e-02	5.253057e-02	
6	8.983897e+00	6.622700e-02	7.707750e-01	4.140500e-02	2.038020e+00	1.496400e-02	4.735570e-02	
7	8.776837e+00	1.427440e-01	8.588090e-01	4.843500e-02	1.883584e+00	1.865500e-02	2.695838e-02	
8	8.783215e+00	6.022900e-02	8.058780e-01	3.979000e-02	1.933411e+00	1.264600e-02	3.804528e-02	
10	8.705930e+00	8.948900e-02	8.637880e-01	4.082100e-02	1.924082e+00	1.321100e-02	2.656689e-02	
12	1.087880e+01	4.012780e-01	8.728080e-01	2.256470e-01	1.784401e+00	7.962500e-02	2.300669e-02	
13	9.102718e+00	9.652700e-02	7.910840e-01	3.367900e-02	1.961059e+00	1.276200e-02	4.153022e-02	
14	8.292684e+00	1.027500e-01	7.311700e-01	3.359700e-02	1.776918e+00	1.011000e-02	4.842247e-02	
15	9.506019e+00	6.637600e-02	8.266910e-01	4.107000e-02	1.887817e+00	8.095000e-03	3.316522e-02	
17	9.338907e+00	8.633600e-02	8.104100e-01	4.216800e-02	1.954757e+00	7.827000e-03	3.756731e-02	
18	9.160916e+00	7.016900e-02	7.932670e-01	3.188800e-02	1.978656e+00	9.850000e-03	4.146503e-02	
19	9.660568e+00	6.732700e-02	8.052260e-01	4.493400e-02	2.042689e+00	1.056200e-02	4.033064e-02	
20	8.967683e+00	6.284300e-02	8.342570e-01	4.342900e-02	2.009138e+00	1.213000e-02	3.375568e-02	
21	1.028630e+01	7.617100e-02	8.215970e-01	3.799000e-02	1.956315e+00	1.150800e-02	3.537877e-02	
22	8.871593e+00	5.975100e-02	8.374990e-01	3.996000e-02	2.021675e+00	1.235200e-02	3.330192e-02	
23	9.000734e+00	6.563400e-02	9.364620e-01	4.838400e-02	2.020395e+00	7.549000e-03	1.301283e-02	
24	8.833784e+00	7.638800e-02	8.396110e-01	3.018400e-02	2.022751e+00	9.135000e-03	3.288659e-02	
25	8.722899e+00	7.506500e-02	8.610680e-01	4.078900e-02	1.987397e+00	7.841000e-03	2.798909e-02	
26	9.214942e+00	7.548900e-02	9.107140e-01	4.108200e-02	2.031452e+00	1.144300e-02	1.838619e-02	
27	9.544596e+00	9.639500e-02	9.006630e-01	4.422300e-02	2.013084e+00	7.295000e-03	2.027098e-02	
29	1.008682e+01	2.251100e-01	8.076730e-01	1.563970e-01	1.819927e+00	6.753700e-02	3.548102e-02	
30	8.060718e+00	8.801700e-02	7.560160e-01	2.330300e-02	1.773196e+00	6.361000e-03	4.385508e-02	
31	8.764050e+00	7.225800e-02	8.161110e-01	4.759900e-02	1.922245e+00	1.471800e-02	3.583161e-02	
32	9.244218e+00	9.527700e-02	8.645910e-01	4.162500e-02	2.011431e+00	7.370000e-03	2.760924e-02	
33	8.967511e+00	1.399820e-01	7.515930e-01	3.801700e-02	1.981266e+00	1.038900e-02	4.988942e-02	
34	9.021921e+00	7.755000e-02	8.740230e-01	3.837400e-02	2.016944e+00	9.158000e-03	2.575651e-02	
35	9.030062e+00	7.515100e-02	9.497660e-01	5.074700e-02	1.972575e+00	1.413700e-02	1.004461e-02	
36	8.734856e+00	8.712700e-02	9.040380e-01	4.290000e-02	1.929132e+00	8.366000e-03	1.876563e-02	
37	9.103216e+00	5.771700e-02	7.629700e-01	2.633960e-01	1.887112e+00	3.070300e-02	4.534223e-02	
38	8.869576e+00	6.198700e-02	8.673800e-01	4.401500e-02	1.990004e+00	1.572900e-02	2.675253e-02	
39	9.377427e+00	9.799300e-02	8.254270e-01	4.571400e-02	1.911068e+00	9.812000e-03	3.381856e-02	
42	9.578142e+00	1.054260e-01	8.813540e-01	3.645900e-02	1.893432e+00	8.092000e-03	2.277218e-02	
43	9.125494e+00	6.355500e-02	8.440970e-01	4.419200e-02	1.931460e+00	8.256000e-03	3.052404e-02	
44	9.090128e+00	1.658460e-01	8.672720e-01	2.886200e-02	2.070042e+00	1.889200e-02	2.785118e-02	
45	9.350216e+00	5.178000e-02	7.894270e-01	3.235900e-02	2.056438e+00	1.300500e-02	4.389551e-02	
46	9.632663e+00	1.026710e-01	8.625120e-01	5.330100e-02	2.038736e+00	1.787700e-02	2.841369e-02	
47	9.136777e+00	5.846100e-02	8.319080e-01	4.208200e-02	2.016943e+00	1.196200e-02	3.436707e-02	
48	9.253436e+00	7.125800e-02	9.054850e-01	4.792500e-02	2.023921e+00	9.910000e-03	1.939082e-02	
50	9.069077e+00	6.206100e-02	7.882690e-01	4.055600e-02	2.030746e+00	1.392800e-02	4.358549e-02	
51	9.130674e+00	1.221910e-01	8.360790e-01	4.786500e-02	2.027599e+00	1.291300e-02	3.369136e-02	
52	9.376538e+00	9.824700e-02	8.491900e-01	3.822200e-02	1.966658e+00	2.080100e-02	3.006497e-02	
53	8.254569e+00	1.058800e-01	7.906560e-01	2.310200e-02	1.847819e+00	7.736000e-03	3.921225e-02	
55	8.645903e+00	1.417490e-01	8.206860e-01	3.652800e-02	1.947065e+00	1.736700e-02	3.539130e-02	
56	8.233052e+00	8.000400e-02	7.689580e-01	2.919100e-02	1.835824e+00	5.539000e-03	4.299558e-02	
57	8.067473e+00	5.110600e-02	7.983190e-01	3.537200e-02	1.856051e+00	5.575000e-03	3.794519e-02	
58	8.884955e+00	7.621400e-02	8.083830e-01	3.313700e-02	2.022820e+00	5.622000e-03	3.929100e-02	
59	8.877423e+00	8.442900e-02	8.194450e-01	4.025500e-02	2.009350e+00	1.786700e-02	3.677621e-02	
60	9.054754e+00	4.916200e-02	7.789910e-01	3.871800e-02	2.002433e+00	8.150000e-03	4.486109e-02	
61	9.314957e+00	1.325500e-01	9.403430e-01	5.468300e-02	1.976574e+00	1.100300e-02	1.195298e-02	
62	9.331746e+00	8.410900e-02	8.263750e-01	3.463400e-02	2.015025e+00	1.075300e-02	3.546456e-02	
63	9.070417e+00	9.879100e-02	8.481930e-01	4.194100e-02	1.896553e+00	1.281000e-02	2.918493e-02	
64	9.580604e+00	4.717100e-02	9.065560e-01	5.136400e-02	2.024534e+00	5.292000e-03	1.917690e-02	
65	9.138623e+00	9.234300e-02	8.554180e-01	3.880400e-02	1.916839e+00	1.340900e-02	2.809323e-02	
66	9.175749e+00	4.234600e-02	7.943560e-01	3.289600e-02	1.959082e+00	1.580000e-02	4.083857e-02	
67	9.480579e+00	7.813700e-02	8.254460e-01	3.619500e-02	1.925590e+00	4.346000e-03	3.407183e-02	
68	8.837380e+00	8.720300e-02	8.092690e-01	2.829900e-02	1.798501e+00	6.069000e-03	3.477233e-02	
69	9.462894e+00	1.608110e-01	9.459770e-01	5.070200e-02	1.931431e+00	2.829200e-02	1.057693e-02	
70	8.958833e+00	6.110100e-02	8.220200e-01	3.985400e-02	1.916471e+00	1.054500e-02	3.457604e-02	
71	1.036443e+01	1.373280e-01	9.340170e-01	4.835100e-02	1.993766e+00	3.166300e-02	1.333546e-02	
72	9.108265e+00	1.135030e-01	8.008610e-01	3.244000e-02	1.886622e+00	6.276000e-03	3.808404e-02	
73	8.961796e+00	9.074400e-02	7.578750e-01	3.794500e-02	1.967877e+00	9.117000e-03	4.829914e-02	
74	9.744836e+00	2.305270e-01	8.546230e-01	9.650200e-02	1.842245e+00	4.783200e-02	2.714844e-02	
75	9.073755e+00	5.264400e-02	8.341880e-01	4.210400e-02	1.952266e+00	8.242000e-03	3.281382e-02	
77	1.082344e+01	1.003400e-01	8.743880e-01	3.771900e-02	1.801904e+00	8.775000e-03	2.294376e-02	
78	9.720568e+00	1.331250e-01	9.944330e-01	6.736400e-02	1.906278e+00	1.521000e-02	1.075745e-03	
80	7.045731e+00	5.887900e-02	7.797270e-01	2.812900e-02	1.509346e+00	8.145000e-03	3.370171e-02	
81	8.859416e+00	4.051100e-02	8.766770e-01	4.126900e-02	1.809086e+00	1.372700e-02	2.261544e-02	
82	9.357601e+00	1.062630e-01	9.097090e-01	6.971000e-02	1.871187e+00	4.614600e-02	1.712630e-02	
83	8.850821e+00	1.085770e-01	7.822920e-01	4.051900e-02	1.936479e+00	1.071300e-02	4.273552e-02	
84	8.815230e+00	4.925700e-02	8.182220e-01	3.333800e-02	1.930290e+00	7.314000e-03	3.556851e-02	
86	8.864713e+00	8.188300e-02	8.305240e-01	3.518500e-02	1.994130e+00	7.191000e-03	3.425812e-02	
87	9.179457e+00	8.755200e-02	8.628460e-01	4.514700e-02	1.967448e+00	9.931000e-03	2.735354e-02	
88	8.794108e+00	7.507900e-02	8.548640e-01	3.845700e-02	1.959832e+00	1.067200e-02	2.883340e-02	
89	9.025109e+00	8.709100e-02	8.531090e-01	2.099400e-02	2.110795e+00	3.114500e-02	3.142991e-02	
90	9.131649e+00	8.638900e-02	8.917450e-01	4.492800e-02	1.924858e+00	9.708000e-03	2.112265e-02	
91	9.194951e+00	9.631200e-02	9.219000e-01	5.032300e-02	2.034193e+00	1.378900e-02	1.610442e-02	
92	9.685679e+00	8.545100e-02	8.790390e-01	4.752600e-02	2.033063e+00	1.182500e-02	2.492861e-02	
93	9.999338e+00	8.777600e-02	9.479790e-01	4.729300e-02	1.998317e+00	1.207500e-02	1.053768e-02	
95	1.133543e+01	1.561630e-01	8.855600e-01	6.486700e-02	2.043909e+00	3.068700e-02	2.371053e-02	
96	1.057190e+01	1.333530e-01	8.005300e-01	3.505000e-02	2.002347e+00	1.032100e-02	4.048730e-02	
97	9.269583e+00	1.064500e-01	8.460520e-01	4.765300e-02	1.968923e+00	5.961000e-03	3.072590e-02	
98	1.194801e+01	9.408800e-02	8.979800e-01	4.497000e-02	1.919098e+00	1.280900e-02	1.984652e-02	
99	1.275397e+01	1.743760e-01	8.548290e-01	3.089200e-02	1.959595e+00	1.244500e-02	2.883686e-02	
100	9.204841e+00	5.584300e-02	8.743000e-01	4.202400e-02	2.038796e+00	9.053000e-03	2.597831e-02	
101	9.469906e+00	2.838600e-02	7.885960e-01	3.745500e-02	1.972497e+00	1.076600e-02	4.226992e-02	
102	9.047359e+00	1.092200e-01	8.116750e-01	3.740200e-02	2.062734e+00	7.266000e-03	3.937794e-02	
103	9.908326e+00	7.917500e-02	7.990610e-01	2.428300e-02	1.928242e+00	1.426800e-02	3.927603e-02	
104	8.564924e+00	8.968700e-02	8.446380e-01	2.932800e-02	1.869683e+00	6.122000e-03	2.944521e-02	
106	9.913869e+00	1.055220e-01	7.683210e-01	3.954300e-02	1.920190e+00	2.632900e-02	4.509545e-02	
107	1.355516e+01	1.567570e-01	7.968610e-01	4.345500e-02	1.977002e+00	1.969700e-02	4.071011e-02	
108	9.757372e+00	7.967000e-02	7.950740e-01	3.952300e-02	1.992556e+00	1.322600e-02	4.139134e-02	
109	9.908709e+00	8.094300e-02	7.813020e-01	3.842700e-02	1.965418e+00	1.337900e-02	4.357141e-02	
110	9.323466e+00	1.343430e-01	7.457730e-01	3.088000e-02	1.949988e+00	9.110000e-03	5.025224e-02	
111	9.115966e+00	1.120950e-01	8.345770e-01	3.359200e-02	1.934617e+00	1.752700e-02	3.244089e-02	
112	9.799480e+00	1.753720e-01	8.893320e-01	6.216600e-02	1.942366e+00	1.609300e-02	2.178989e-02	
113	8.738111e+00	5.945700e-02	8.972390e-01	5.654900e-02	1.673628e+00	1.319700e-02	1.743368e-02	
115	9.332254e+00	1.688190e-01	7.598560e-01	7.040800e-02	1.755182e+00	6.723300e-02	4.272634e-02	
116	8.618466e+00	9.702700e-02	8.834690e-01	3.925000e-02	1.921699e+00	9.912000e-03	2.270015e-02	
117	9.371569e+00	8.820700e-02	8.337990e-01	2.899300e-02	1.991351e+00	9.807000e-03	3.354929e-02	
118	9.147082e+00	9.949700e-02	8.470530e-01	3.786400e-02	2.037063e+00	1.151500e-02	3.158256e-02	
119	9.299617e+00	7.319400e-02	8.302580e-01	3.652000e-02	1.981290e+00	9.667000e-03	3.409096e-02	
120	7.982957e+00	6.914100e-02	7.283280e-01	3.795500e-02	1.772752e+00	1.005700e-02	4.881965e-02	
121	9.592337e+00	6.063300e-02	8.570960e-01	3.239700e-02	2.089835e+00	7.528000e-03	3.027319e-02	
122	8.988114e+00	4.370800e-02	7.778060e-01	3.935500e-02	1.964262e+00	1.337900e-02	4.424188e-02	
123	9.180824e+00	5.987300e-02	8.405860e-01	4.415500e-02	1.988753e+00	1.106300e-02	3.213728e-02	
124	9.044396e+00	4.980700e-02	8.412580e-01	4.760500e-02	1.999615e+00	1.363500e-02	3.217659e-02	
125	8.820421e+00	1.062650e-01	9.171960e-01	3.932600e-02	2.098501e+00	2.135300e-02	1.761418e-02	
126	9.013207e+00	1.334440e-01	8.731700e-01	4.276800e-02	2.061548e+00	2.100200e-02	2.650436e-02	
127	8.915206e+00	5.521600e-02	8.943680e-01	3.849600e-02	1.958721e+00	9.808000e-03	2.097345e-02	
128	9.005569e+00	6.216900e-02	8.035480e-01	3.659800e-02	1.996368e+00	1.511300e-02	3.975565e-02	
129	8.805394e+00	7.602600e-02	8.445120e-01	4.707300e-02	2.024664e+00	1.003800e-02	3.191183e-02	
130	8.253579e+00	4.934300e-02	8.688060e-01	4.083300e-02	1.914138e+00	1.387200e-02	2.545594e-02	
131	9.401994e+00	8.941600e-02	9.053390e-01	5.854300e-02	2.028787e+00	8.178000e-03	1.946746e-02	
132	8.858084e+00	5.060100e-02	8.056970e-01	3.209000e-02	1.959144e+00	6.222000e-03	3.858759e-02	
133	9.056852e+00	5.716800e-02	8.762720e-01	3.627800e-02	1.972453e+00	1.205100e-02	2.473868e-02	
134	8.886367e+00	7.007200e-02	8.379040e-01	3.153800e-02	1.948351e+00	1.211100e-02	3.201410e-02	
135	8.816484e+00	6.409100e-02	8.473930e-01	3.251300e-02	1.937430e+00	1.061300e-02	2.997107e-02	
136	9.101239e+00	8.184500e-02	8.364890e-01	3.616900e-02	1.969266e+00	1.223200e-02	3.264023e-02	
137	8.292776e+00	1.140820e-01	8.223100e-01	3.702400e-02	1.749941e+00	1.222400e-02	3.152015e-02	
138	8.467019e+00	4.173200e-02	8.431490e-01	3.887000e-02	1.904382e+00	9.428000e-03	3.027912e-02	
