2	8.462315e+00	1.057520e-01	4.714870e-01	2.691700e-02	1.144833e+00	3.657600e-02	6.133377e-02	
3	8.837654e+00	2.874000e-02	7.036770e-01	6.303000e-03	9.896380e-01	5.764000e-03	2.972649e-02	
4	9.461977e+00	3.267400e-02	7.390530e-01	7.599000e-03	1.063753e+00	6.717000e-03	2.813811e-02	
6	1.039586e+01	8.280800e-02	8.366410e-01	8.874000e-03	1.195872e+00	5.506000e-03	1.980294e-02	
7	9.952655e+00	7.767200e-02	8.389290e-01	9.685000e-03	1.153283e+00	2.774200e-02	1.883021e-02	
8	1.019512e+01	2.833630e-01	8.090820e-01	8.553000e-03	1.124201e+00	9.861000e-03	2.175668e-02	
10	9.832712e+00	2.029600e-02	8.228010e-01	8.273000e-03	1.076577e+00	7.957000e-03	1.933785e-02	
12	1.172372e+01	3.586540e-01	8.160340e-01	4.052300e-02	1.138465e+00	4.918900e-02	2.123044e-02	
13	1.113317e+01	8.368200e-02	8.438370e-01	7.810000e-03	1.179167e+00	6.025000e-03	1.866617e-02	
14	1.035820e+01	1.530450e-01	7.863030e-01	7.072000e-03	1.067288e+00	9.655000e-03	2.311968e-02	
15	1.175345e+01	5.445100e-02	8.203930e-01	8.636000e-03	1.105565e+00	6.157000e-03	2.012841e-02	
17	1.034978e+01	5.207100e-02	8.255610e-01	9.248000e-03	1.113053e+00	8.035000e-03	1.968164e-02	
18	1.113106e+01	3.962700e-02	8.494910e-01	7.794000e-03	1.173353e+00	6.508000e-03	1.790165e-02	
19	1.160362e+01	5.682470e-01	8.538060e-01	9.921000e-03	1.184538e+00	8.001000e-03	1.755417e-02	
20	1.050777e+01	6.174200e-02	8.549180e-01	9.172000e-03	1.158263e+00	1.115100e-02	1.703423e-02	
21	1.180761e+01	7.237790e-01	8.446540e-01	7.029000e-03	1.112933e+00	8.066000e-03	1.752552e-02	
22	1.113525e+01	1.026658e+00	8.635220e-01	8.498000e-03	1.155057e+00	8.224000e-03	1.597967e-02	
23	1.030067e+01	3.889700e-02	8.551240e-01	8.354000e-03	1.147974e+00	7.435000e-03	1.685894e-02	
24	1.059878e+01	1.221380e-01	8.593790e-01	7.201000e-03	1.166341e+00	8.118000e-03	1.662561e-02	
25	1.011601e+01	1.152290e-01	8.479370e-01	8.422000e-03	1.133339e+00	7.473000e-03	1.746969e-02	
26	1.074906e+01	4.767080e-01	8.412790e-01	8.877000e-03	1.195680e+00	7.229000e-03	1.923761e-02	
27	1.191273e+01	5.871640e-01	8.452220e-01	8.876000e-03	1.177522e+00	7.612000e-03	1.847482e-02	
29	1.122504e+01	3.025740e-01	7.955170e-01	2.573000e-02	1.089484e+00	4.600400e-02	2.258291e-02	
30	9.987627e+00	1.138510e-01	7.483500e-01	5.747000e-03	1.106927e+00	5.152000e-03	2.823695e-02	
31	9.847358e+00	9.182000e-02	8.342640e-01	1.064400e-02	1.100444e+00	6.675000e-03	1.848786e-02	
32	1.085827e+01	1.415550e-01	8.586200e-01	9.253000e-03	1.191053e+00	1.236800e-02	1.706950e-02	
33	1.026652e+01	1.700400e-01	8.446370e-01	8.815000e-03	1.113153e+00	8.328000e-03	1.753090e-02	
34	1.040520e+01	4.547300e-02	8.330660e-01	7.951000e-03	1.175178e+00	1.141600e-02	1.988613e-02	
35	1.029392e+01	1.653460e-01	8.468300e-01	9.903000e-03	1.092656e+00	8.542000e-03	1.696520e-02	
36	9.842769e+00	1.069970e-01	8.331440e-01	8.097000e-03	1.068797e+00	9.758000e-03	1.807752e-02	
37	1.019372e+01	4.247400e-02	8.583040e-01	5.172000e-03	1.139762e+00	1.344400e-02	1.637094e-02	
38	1.005793e+01	3.719700e-02	8.321920e-01	8.597000e-03	1.112814e+00	9.596000e-03	1.892941e-02	
39	1.044768e+01	1.081580e-01	8.303370e-01	9.119000e-03	1.102519e+00	4.611000e-03	1.896160e-02	
42	1.139075e+01	2.176520e-01	8.498320e-01	7.381000e-03	1.132420e+00	6.088000e-03	1.723800e-02	
43	1.036281e+01	1.427770e-01	8.453820e-01	9.646000e-03	1.096889e+00	6.977000e-03	1.719193e-02	
44	1.075034e+01	2.641100e-02	8.464560e-01	6.430000e-03	1.167671e+00	6.315000e-03	1.817419e-02	
45	1.080578e+01	1.570520e-01	8.452750e-01	7.666000e-03	1.194660e+00	5.125000e-03	1.873728e-02	
46	1.178105e+01	9.524330e-01	8.655030e-01	1.126300e-02	1.185812e+00	9.254000e-03	1.616703e-02	
47	1.015454e+01	4.784500e-02	8.472640e-01	8.664000e-03	1.149059e+00	7.428000e-03	1.779039e-02	
48	1.045965e+01	8.973500e-02	8.532060e-01	9.514000e-03	1.110590e+00	1.247400e-02	1.652585e-02	
50	9.847878e+00	8.401200e-02	8.476800e-01	9.206000e-03	1.171167e+00	1.141000e-02	1.808330e-02	
51	1.040011e+01	1.744210e-01	8.421190e-01	1.014900e-02	1.144232e+00	4.599000e-03	1.831242e-02	
52	1.087073e+01	1.390040e-01	8.508260e-01	8.254000e-03	1.202147e+00	2.028400e-02	1.817827e-02	
53	9.526408e+00	2.813050e-01	7.978300e-01	6.673000e-03	1.159523e+00	1.065300e-02	2.376282e-02	
55	1.004000e+01	1.228500e-01	8.193140e-01	8.017000e-03	1.201170e+00	1.729600e-02	2.200041e-02	
56	9.737235e+00	1.440600e-01	7.912700e-01	6.316000e-03	1.112601e+00	6.711000e-03	2.354107e-02	
57	9.427686e+00	1.817220e-01	8.053250e-01	7.873000e-03	1.085372e+00	5.474000e-03	2.141858e-02	
58	1.068689e+01	1.049660e-01	8.365030e-01	7.564000e-03	1.178599e+00	7.097000e-03	1.953339e-02	
59	1.014971e+01	1.424230e-01	8.422430e-01	8.552000e-03	1.174715e+00	9.466000e-03	1.878551e-02	
60	1.043263e+01	2.187900e-01	8.516380e-01	8.646000e-03	1.147564e+00	9.566000e-03	1.725844e-02	
61	1.077163e+01	1.189900e-01	8.465450e-01	1.048700e-02	1.135244e+00	9.302000e-03	1.765924e-02	
62	1.082491e+01	6.898000e-02	8.486320e-01	7.947000e-03	1.139253e+00	9.268000e-03	1.748059e-02	
63	1.001164e+01	2.964680e-01	8.327470e-01	9.196000e-03	1.040878e+00	5.607000e-03	1.764719e-02	
64	1.177946e+01	3.701080e-01	8.390900e-01	9.930000e-03	1.153094e+00	1.931900e-02	1.880830e-02	
65	1.033796e+01	1.681400e-01	8.532200e-01	8.535000e-03	1.084481e+00	1.156100e-02	1.613581e-02	
66	1.002375e+01	5.105650e-01	8.290280e-01	6.684000e-03	1.102375e+00	6.517000e-03	1.910540e-02	
67	1.192472e+01	4.161200e-02	8.426430e-01	8.586000e-03	1.125248e+00	4.839000e-03	1.794883e-02	
68	1.069177e+01	6.599700e-02	8.193340e-01	6.513000e-03	1.060740e+00	8.735000e-03	1.942617e-02	
69	1.059574e+01	1.315480e-01	8.557610e-01	9.103000e-03	1.170810e+00	2.842300e-02	1.711871e-02	
70	1.086460e+01	4.809820e-01	8.453220e-01	8.451000e-03	1.096533e+00	5.526000e-03	1.719302e-02	
71	1.187258e+01	2.653050e-01	8.553860e-01	9.431000e-03	1.223058e+00	3.173900e-02	1.792913e-02	
72	1.056883e+01	1.139010e-01	8.352260e-01	7.566000e-03	1.148979e+00	7.873000e-03	1.919122e-02	
73	1.024332e+01	1.224200e-01	8.380130e-01	8.824000e-03	1.124765e+00	5.870000e-03	1.846902e-02	
74	1.044883e+01	1.414580e-01	8.604500e-01	1.729200e-02	1.090247e+00	3.581100e-02	1.542256e-02	
75	1.029662e+01	9.431600e-02	8.203900e-01	8.582000e-03	1.129552e+00	6.094000e-03	2.056547e-02	
77	1.407567e+01	6.890500e-02	8.310960e-01	8.910000e-03	1.141075e+00	6.169000e-03	1.953691e-02	
78	1.062419e+01	1.314290e-01	8.291850e-01	1.023700e-02	1.189981e+00	3.031300e-02	2.060477e-02	
80	8.278891e+00	2.073160e-01	8.057850e-01	9.195000e-03	9.203570e-01	9.031000e-03	1.811928e-02	
81	1.035855e+01	1.616460e-01	8.271980e-01	8.468000e-03	1.064601e+00	1.136200e-02	1.864822e-02	
82	1.057567e+01	4.897400e-02	7.773290e-01	1.124400e-02	1.146484e+00	3.785800e-02	2.587817e-02	
83	1.026079e+01	8.558700e-02	8.039250e-01	8.616000e-03	1.117741e+00	1.036600e-02	2.221597e-02	
84	1.050970e+01	2.100510e-01	8.418770e-01	7.573000e-03	1.146686e+00	3.582000e-03	1.837983e-02	
86	1.042376e+01	4.600300e-02	8.265570e-01	7.517000e-03	1.171863e+00	1.314700e-02	2.060324e-02	
87	1.045063e+01	1.863450e-01	8.381910e-01	8.695000e-03	1.124223e+00	6.283000e-03	1.843983e-02	
88	1.015961e+01	7.185400e-02	8.478390e-01	8.485000e-03	1.134795e+00	5.972000e-03	1.750341e-02	
89	9.941290e+00	9.245090e-01	8.442300e-01	4.847000e-03	1.084377e+00	3.168000e-03	1.712245e-02	
90	1.108104e+01	1.005460e-01	8.290170e-01	8.918000e-03	1.090896e+00	5.573000e-03	1.890767e-02	
91	1.206031e+01	7.457330e-01	8.405030e-01	1.133100e-02	1.155833e+00	7.879000e-03	1.868742e-02	
92	1.205010e+01	2.227700e-01	8.702980e-01	1.074900e-02	1.142669e+00	8.800000e-03	1.502343e-02	
93	1.276531e+01	5.100340e-01	8.491350e-01	9.531000e-03	1.148558e+00	1.014200e-02	1.756480e-02	
95	1.717360e+01	5.905750e-01	8.764250e-01	1.799200e-02	1.245014e+00	2.848400e-02	1.559577e-02	
96	1.471931e+01	1.865620e-01	8.907250e-01	1.176600e-02	1.188944e+00	7.226000e-03	1.316995e-02	
97	1.061825e+01	1.968020e-01	8.414360e-01	9.587000e-03	1.115830e+00	1.189700e-02	1.793513e-02	
98	1.930565e+01	1.840490e-01	8.323750e-01	9.975000e-03	1.105275e+00	9.428000e-03	1.878067e-02	
99	1.871796e+01	2.571728e+00	8.400130e-01	8.009000e-03	1.123594e+00	8.587000e-03	1.822200e-02	
100	1.195243e+01	7.931260e-01	8.607130e-01	8.404000e-03	1.178313e+00	4.452000e-03	1.663693e-02	
101	1.129424e+01	5.149200e-02	8.274660e-01	8.665000e-03	1.111671e+00	8.394000e-03	1.944253e-02	
102	1.081599e+01	9.877600e-02	8.650780e-01	9.026000e-03	1.212151e+00	9.092000e-03	1.657835e-02	
103	1.139703e+01	6.600320e-01	8.565800e-01	7.552000e-03	1.190098e+00	6.890000e-03	1.730192e-02	
104	1.031115e+01	1.427320e-01	8.458050e-01	6.604000e-03	1.125948e+00	1.048400e-02	1.759910e-02	
106	1.178284e+01	9.003960e-01	8.662750e-01	9.782000e-03	1.178194e+00	1.082300e-02	1.597097e-02	
107	1.795881e+01	4.063520e-01	8.520900e-01	1.164300e-02	1.160708e+00	6.230000e-03	1.740293e-02	
108	1.184627e+01	2.678630e-01	8.453390e-01	8.866000e-03	1.157504e+00	8.733000e-03	1.814701e-02	
109	1.222544e+01	1.231920e-01	8.515450e-01	9.015000e-03	1.124870e+00	6.148000e-03	1.692774e-02	
110	1.203323e+01	1.290572e+00	8.564060e-01	8.050000e-03	1.136734e+00	9.816000e-03	1.654615e-02	
111	1.048000e+01	1.656840e-01	8.534810e-01	7.905000e-03	1.128997e+00	8.093000e-03	1.676828e-02	
112	1.046987e+01	1.521090e-01	8.357200e-01	1.262800e-02	1.103435e+00	6.794000e-03	1.837525e-02	
113	9.528065e+00	2.336130e-01	7.722040e-01	9.483000e-03	9.753670e-01	8.705000e-03	2.252247e-02	
115	1.032292e+01	1.291200e-01	7.423540e-01	1.387400e-02	1.046059e+00	2.771700e-02	2.732005e-02	
116	1.003099e+01	6.355200e-02	8.095160e-01	8.147000e-03	1.142837e+00	8.434000e-03	2.206707e-02	
117	1.098328e+01	9.377200e-02	8.408930e-01	6.751000e-03	1.245517e+00	1.108100e-02	2.008819e-02	
118	1.049706e+01	5.137700e-02	8.465640e-01	8.147000e-03	1.198943e+00	8.646000e-03	1.864780e-02	
119	1.072057e+01	5.380100e-02	8.534210e-01	8.526000e-03	1.124603e+00	8.020000e-03	1.670986e-02	
120	9.061710e+00	9.996100e-02	7.349860e-01	7.783000e-03	1.054522e+00	9.232000e-03	2.832868e-02	
121	1.171849e+01	9.038300e-02	8.156000e-01	6.766000e-03	1.254912e+00	4.251000e-03	2.345719e-02	
122	1.043785e+01	7.901400e-02	8.537190e-01	9.145000e-03	1.139489e+00	1.073400e-02	1.689662e-02	
123	1.039944e+01	2.507300e-02	8.522710e-01	9.633000e-03	1.136800e+00	8.377000e-03	1.702361e-02	
124	9.985651e+00	6.223600e-02	8.507030e-01	9.717000e-03	1.121834e+00	6.751000e-03	1.697780e-02	
125	1.057176e+01	6.262900e-02	8.546970e-01	7.957000e-03	1.190755e+00	1.300300e-02	1.753876e-02	
126	1.172299e+01	9.524000e-01	8.446570e-01	7.744000e-03	1.171890e+00	6.763000e-03	1.845357e-02	
127	1.017840e+01	1.363550e-01	8.515370e-01	8.010000e-03	1.095139e+00	8.124000e-03	1.648122e-02	
128	1.026752e+01	8.040800e-02	8.565540e-01	8.867000e-03	1.156637e+00	5.605000e-03	1.681850e-02	
129	1.012226e+01	1.745250e-01	8.423350e-01	9.069000e-03	1.152854e+00	1.005800e-02	1.842517e-02	
130	9.188962e+00	3.143810e-01	8.181760e-01	8.275000e-03	1.095964e+00	3.449000e-03	2.019991e-02	
131	1.113745e+01	1.969590e-01	8.443220e-01	1.099400e-02	1.206470e+00	1.226900e-02	1.903906e-02	
132	1.041799e+01	3.520480e-01	8.442000e-01	7.563000e-03	1.158725e+00	6.118000e-03	1.829994e-02	
133	1.022789e+01	1.133900e-01	8.360860e-01	7.387000e-03	1.170298e+00	5.802000e-03	1.944529e-02	
134	1.021044e+01	4.790900e-02	8.790320e-01	7.346000e-03	1.130884e+00	5.828000e-03	1.386725e-02	
135	1.034340e+01	3.439800e-02	8.648620e-01	7.503000e-03	1.184971e+00	8.267000e-03	1.623256e-02	
136	1.041637e+01	5.691600e-02	8.566340e-01	7.586000e-03	1.139215e+00	1.356100e-02	1.655593e-02	
137	9.604829e+00	2.412170e-01	7.869660e-01	7.265000e-03	1.091232e+00	1.664500e-02	2.356502e-02	
138	9.707159e+00	2.370250e-01	7.906030e-01	7.484000e-03	1.139805e+00	7.380000e-03	2.419373e-02	
