8.401528e+00	2.000000e+00	1.629252e-05
8.650437e+00	0.000000e+00	4.930941e-04
8.906719e+00	1.000000e+00	1.019106e-02
9.170595e+00	2.000000e+00	1.381497e-01
9.442288e+00	4.000000e+00	1.176356e+00
9.722030e+00	7.000000e+00	6.006800e+00
1.001006e+01	1.300000e+01	1.750139e+01
1.030662e+01	3.300000e+01	2.758630e+01
1.061197e+01	1.800000e+01	2.221931e+01
1.092637e+01	9.000000e+00	8.603205e+00
1.125008e+01	8.000000e+00	1.500021e+00
1.158338e+01	4.000000e+00	1.098185e-01
1.192656e+01	1.300000e+01	3.132710e-03
1.227990e+01	1.000000e+00	3.214501e-05
1.264371e+01	1.000000e+00	1.089308e-07
1.301830e+01	0.000000e+00	1.112723e-10
1.340399e+01	0.000000e+00	3.107975e-14
1.380110e+01	0.000000e+00	2.138962e-18
1.420998e+01	1.000000e+00	3.245562e-23
1.463097e+01	1.000000e+00	9.643055e-29
1.506444e+01	0.000000e+00	4.943100e-35
1.551075e+01	0.000000e+00	3.819381e-42
1.597028e+01	0.000000e+00	3.851584e-50
1.644342e+01	0.000000e+00	4.347421e-59
1.693058e+01	1.000000e+00	4.662847e-69
1.743218e+01	0.000000e+00	3.991073e-80
1.794863e+01	1.000000e+00	2.263371e-92
1.848039e+01	1.000000e+00	6.975296e-106
1.902790e+01	1.000000e+00	9.457929e-121


4.767154e-01	1.000000e+00	4.087978e-128
4.872882e-01	0.000000e+00	8.460936e-121
4.980954e-01	0.000000e+00	1.531274e-113
5.091424e-01	0.000000e+00	2.361725e-106
5.204343e-01	0.000000e+00	3.020458e-99
5.319767e-01	0.000000e+00	3.111588e-92
5.437751e-01	0.000000e+00	2.503757e-85
5.558351e-01	0.000000e+00	1.523125e-78
5.681627e-01	0.000000e+00	6.767090e-72
5.807636e-01	0.000000e+00	2.116877e-65
5.936440e-01	0.000000e+00	4.485298e-59
6.068100e-01	0.000000e+00	6.178564e-53
6.202681e-01	0.000000e+00	5.298560e-47
6.340246e-01	0.000000e+00	2.702091e-41
6.480862e-01	0.000000e+00	7.806971e-36
6.624597e-01	0.000000e+00	1.214196e-30
6.771520e-01	0.000000e+00	9.630710e-26
6.921701e-01	0.000000e+00	3.679814e-21
7.075214e-01	1.000000e+00	6.377599e-17
7.232130e-01	0.000000e+00	4.705238e-13
7.392527e-01	3.000000e+00	1.382045e-09
7.556481e-01	1.000000e+00	1.505989e-06
7.724072e-01	2.000000e+00	5.651540e-04
7.895379e-01	6.000000e+00	6.753131e-02
8.070486e-01	6.000000e+00	2.365721e+00
8.249476e-01	2.100000e+01	2.227196e+01
8.432436e-01	5.200000e+01	5.141665e+01
8.619454e-01	2.600000e+01	2.643104e+01
8.810619e-01	3.000000e+00	2.733408e+00


9.253035e-01	1.000000e+00	9.631320e-05
9.352496e-01	0.000000e+00	2.784394e-04
9.453027e-01	0.000000e+00	7.739146e-04
9.554638e-01	0.000000e+00	2.064967e-03
9.657341e-01	0.000000e+00	5.280967e-03
9.761148e-01	1.000000e+00	1.292406e-02
9.866071e-01	1.000000e+00	3.021735e-02
9.972122e-01	0.000000e+00	6.738350e-02
1.007931e+00	0.000000e+00	1.430670e-01
1.018766e+00	0.000000e+00	2.886979e-01
1.029716e+00	0.000000e+00	5.526821e-01
1.040785e+00	2.000000e+00	1.001898e+00
1.051972e+00	1.000000e+00	1.716549e+00
1.063280e+00	5.000000e+00	2.774087e+00
1.074709e+00	1.000000e+00	4.220265e+00
1.086261e+00	7.000000e+00	6.031390e+00
1.097938e+00	9.000000e+00	8.080390e+00
1.109739e+00	1.000000e+01	1.012606e+01
1.121668e+00	1.100000e+01	1.184331e+01
1.133725e+00	1.400000e+01	1.289846e+01
1.145911e+00	1.300000e+01	1.305019e+01
1.158229e+00	1.100000e+01	1.223674e+01
1.170679e+00	1.000000e+01	1.060754e+01
1.183262e+00	9.000000e+00	8.479436e+00
1.195981e+00	1.000000e+01	6.234439e+00
1.208837e+00	2.000000e+00	4.204878e+00
1.221831e+00	1.000000e+00	2.594496e+00
1.234964e+00	0.000000e+00	1.460445e+00
1.248239e+00	3.000000e+00	7.478394e-01


1.352870e-02	1.000000e+00	1.407591e-01
1.426575e-02	0.000000e+00	6.832349e-01
1.504295e-02	2.000000e+00	2.671116e+00
1.586249e-02	6.000000e+00	8.035695e+00
1.672669e-02	2.100000e+01	1.766100e+01
1.763796e-02	2.400000e+01	2.673398e+01
1.859888e-02	2.800000e+01	2.606958e+01
1.961216e-02	1.400000e+01	1.518267e+01
2.068063e-02	4.000000e+00	4.847535e+00
2.180732e-02	6.000000e+00	7.702729e-01
2.299539e-02	6.000000e+00	5.461506e-02
2.424818e-02	2.000000e+00	1.527836e-03
2.556923e-02	1.000000e+00	1.468024e-05
2.696225e-02	1.000000e+00	4.144971e-08
2.843116e-02	3.000000e+00	2.885595e-11
2.998010e-02	1.000000e+00	4.066594e-15
3.161342e-02	0.000000e+00	9.296504e-20
3.333573e-02	0.000000e+00	2.688669e-25
3.515187e-02	0.000000e+00	7.443374e-32
3.706696e-02	0.000000e+00	1.442859e-39
3.908638e-02	0.000000e+00	1.379504e-48
4.121581e-02	0.000000e+00	4.393473e-59
4.346126e-02	0.000000e+00	3.003475e-71
4.582905e-02	0.000000e+00	2.695043e-85
4.832583e-02	0.000000e+00	1.830856e-101
5.095863e-02	0.000000e+00	5.088831e-120
5.373487e-02	0.000000e+00	2.908322e-141
5.666237e-02	0.000000e+00	1.583979e-165
5.974935e-02	1.000000e+00	3.481521e-193


5.811293e-02	1.000000e+00	8.839867e-02
5.986196e-02	0.000000e+00	5.428315e-01
6.166363e-02	2.000000e+00	2.459856e+00
6.351953e-02	6.000000e+00	7.974329e+00
6.543128e-02	2.100000e+01	1.788737e+01
6.740058e-02	2.400000e+01	2.678808e+01
6.942914e-02	2.800000e+01	2.577706e+01
7.151876e-02	1.400000e+01	1.529607e+01
7.367126e-02	4.000000e+00	5.356309e+00
7.588856e-02	6.000000e+00	1.055887e+00
7.817259e-02	6.000000e+00	1.114081e-01
8.052535e-02	2.000000e+00	5.960800e-03
8.294894e-02	1.000000e+00	1.526448e-04
8.544546e-02	1.000000e+00	1.758747e-06
8.801712e-02	3.000000e+00	8.534210e-09
9.066618e-02	1.000000e+00	1.625086e-11
9.339498e-02	0.000000e+00	1.126028e-14
9.620590e-02	0.000000e+00	2.619060e-18
9.910142e-02	0.000000e+00	1.876031e-22
1.020841e-01	0.000000e+00	3.774568e-27
1.051565e-01	0.000000e+00	1.933556e-32
1.083214e-01	0.000000e+00	2.270710e-38
1.115816e-01	0.000000e+00	5.466042e-45
1.149399e-01	0.000000e+00	2.393457e-52
1.183992e-01	0.000000e+00	1.678380e-60
1.219627e-01	0.000000e+00	1.645329e-69
1.256334e-01	0.000000e+00	1.950652e-79
1.294146e-01	0.000000e+00	2.396459e-90
1.333097e-01	1.000000e+00	2.587558e-102


