0	4	R2	2.579314e+01	2.579314e+01	1.852484e-08	inf	0.000000e+00
0	5	R2	3.753754e+01	3.753754e+01	2.717602e-08	0.000000e+00	6.622614e-01
0	6	R2	4.476276e+01	4.476276e+01	3.247551e-08	nan	0.000000e+00
0	9	R2	4.407228e+01	4.407228e+01	3.196951e-08	0.000000e+00	2.719312e-01
0	10	R2	4.061738e+01	4.061738e+01	2.943635e-08	3.915377e-14	1.814749e-01
0	11	R2	4.212300e+01	4.212300e+01	3.054056e-08	-inf	0.000000e+00
0	13	R2	4.198153e+01	4.198153e+01	3.043683e-08	nan	0.000000e+00
0	14	R2	4.144219e+01	4.144219e+01	3.004132e-08	-7.956123e-15	8.930766e-01
0	15	R2	3.706449e+01	3.706449e+01	2.682864e-08	inf	0.000000e+00
0	16	R2	3.558719e+01	3.558719e+01	2.574334e-08	inf	0.000000e+00
0	17	R2	4.646840e+01	4.646840e+01	3.372514e-08	1.430694e-14	4.966418e-01
0	18	R2	4.870921e+01	4.870921e+01	3.536621e-08	nan	0.000000e+00
0	19	R2	4.444444e+01	4.444444e+01	3.224225e-08	nan	0.000000e+00
0	20	R2	4.510600e+01	4.510600e+01	3.272702e-08	nan	0.000000e+00
0	21	R2	5.030181e+01	5.030181e+01	3.653218e-08	1.404084e-13	5.060544e-02
0	22	R2	4.723666e+01	4.723666e+01	3.428785e-08	inf	0.000000e+00
0	23	R2	4.528986e+01	4.528986e+01	3.286173e-08	-inf	0.000000e+00
0	24	R2	4.840271e+01	4.840271e+01	3.514179e-08	nan	0.000000e+00
0	26	R2	4.730369e+01	4.730369e+01	3.433695e-08	inf	0.000000e+00
0	27	R2	4.504505e+01	4.504505e+01	3.268236e-08	nan	0.000000e+00
0	29	R2	4.385965e+01	4.385965e+01	3.181367e-08	0.000000e+00	8.464143e-01
0	30	R2	3.985652e+01	3.985652e+01	2.887816e-08	inf	0.000000e+00
0	31	R2	4.304778e+01	4.304778e+01	3.121857e-08	-inf	0.000000e+00
0	32	R2	3.401361e+01	3.401361e+01	2.458654e-08	nan	0.000000e+00
0	33	R2	3.083565e+01	3.083565e+01	2.224738e-08	9.113186e-15	3.898432e-01
0	34	R2	3.364738e+01	3.364738e+01	2.431718e-08	inf	0.000000e+00
0	35	R2	4.043672e+01	4.043672e+01	2.930382e-08	-inf	0.000000e+00
0	36	R2	3.269042e+01	3.269042e+01	2.361312e-08	-1.955556e-14	3.633456e-01
0	37	R2	3.546099e+01	3.546099e+01	2.565060e-08	-inf	0.000000e+00
0	38	R2	4.359198e+01	4.359198e+01	3.161748e-08	inf	0.000000e+00
0	39	R2	3.636364e+01	3.636364e+01	2.631384e-08	1.628327e-14	4.363636e-01
0	40	R2	2.517623e+01	2.517623e+01	1.806818e-08	-2.669066e-15	1.331070e+00
0	42	R2	4.401408e+01	4.401408e+01	3.192686e-08	3.667810e-14	1.937240e-01
0	46	R2	4.098361e+01	4.098361e+01	2.970498e-08	-inf	0.000000e+00
0	48	R2	4.048583e+01	4.048583e+01	2.933985e-08	-4.334950e-14	1.639102e-01
0	49	R2	4.555809e+01	4.555809e+01	3.305826e-08	-inf	0.000000e+00
0	50	R2	4.344049e+01	4.344049e+01	3.150644e-08	-inf	0.000000e+00
0	53	R2	4.488330e+01	4.488330e+01	3.256384e-08	inf	0.000000e+00
0	54	R2	3.940110e+01	3.940110e+01	2.854399e-08	-inf	0.000000e+00
0	56	R2	3.977725e+01	3.977725e+01	2.881999e-08	inf	0.000000e+00
0	57	R2	3.621876e+01	3.621876e+01	2.620740e-08	nan	0.000000e+00
0	58	R2	3.881988e+01	3.881988e+01	2.811743e-08	nan	0.000000e+00
0	59	R2	4.029009e+01	4.029009e+01	2.919626e-08	-6.437020e-15	1.103838e+00
0	60	R2	4.403347e+01	4.403347e+01	3.194106e-08	nan	0.000000e+00
0	61	R2	3.985652e+01	3.985652e+01	2.887816e-08	inf	0.000000e+00
0	63	R2	3.209243e+01	3.209243e+01	2.317296e-08	2.299661e-13	3.089771e-02
0	64	R2	4.336513e+01	4.336513e+01	3.145120e-08	nan	0.000000e+00
0	65	R2	3.943218e+01	3.943218e+01	2.856679e-08	inf	0.000000e+00
0	66	R2	3.920031e+01	3.920031e+01	2.839664e-08	nan	0.000000e+00
0	67	R2	3.694126e+01	3.694126e+01	2.673813e-08	5.206750e-13	2.729314e-02
0	71	R2	3.909304e+01	3.909304e+01	2.831791e-08	nan	0.000000e+00
0	72	R2	3.841721e+01	3.841721e+01	2.782186e-08	0.000000e+00	1.047876e+00
0	73	R2	3.202049e+01	3.202049e+01	2.312000e-08	0.000000e+00	6.459465e-01
0	74	R2	3.749531e+01	3.749531e+01	2.714502e-08	-1.052919e-14	6.748313e-01
0	75	R2	4.175365e+01	4.175365e+01	3.026973e-08	7.027053e-15	1.011153e+00
0	76	R2	4.012841e+01	4.012841e+01	2.907764e-08	2.595598e-14	5.474984e-01
0	77	R2	5.007511e+01	5.007511e+01	3.636623e-08	nan	0.000000e+00
0	78	R2	3.933910e+01	3.933910e+01	2.849849e-08	1.275378e-14	5.571234e-01
0	79	R2	5.037783e+01	5.037783e+01	3.658783e-08	-4.515642e-15	1.573514e+00
0	81	R2	4.277160e+01	4.277160e+01	3.101610e-08	-6.068750e-15	1.170822e+00
0	82	R2	3.786445e+01	3.786445e+01	2.741606e-08	3.671075e-15	3.871034e+00
0	85	R2	4.110152e+01	4.110152e+01	2.979147e-08	1.425780e-14	9.967077e-01
0	87	R2	4.147657e+01	4.147657e+01	3.006653e-08	-inf	0.000000e+00
0	88	R2	4.504505e+01	4.504505e+01	3.268236e-08	0.000000e+00	3.652301e-01
0	89	R2	3.796507e+01	3.796507e+01	2.748994e-08	-inf	0.000000e+00
0	90	R2	4.372540e+01	4.372540e+01	3.171528e-08	0.000000e+00	1.911911e-02
0	94	R2	4.863813e+01	4.863813e+01	3.531417e-08	0.000000e+00	2.365668e-02
0	95	R2	4.768717e+01	4.768717e+01	3.461780e-08	-6.249094e-13	2.274066e-02
0	97	R2	5.865103e+01	5.865103e+01	4.264058e-08	1.032783e-14	6.879886e-01
0	98	R2	5.117707e+01	5.117707e+01	3.717285e-08	0.000000e+00	7.857278e-02
0	100	R2	4.170142e+01	4.170142e+01	3.023142e-08	-9.079795e-15	7.825537e-01
0	101	R2	4.098361e+01	4.098361e+01	2.970498e-08	-8.460574e-13	1.679656e-02
0	102	R2	4.409171e+01	4.409171e+01	3.198375e-08	-3.654907e-13	1.944079e-02
0	103	R2	3.888025e+01	3.888025e+01	2.816174e-08	nan	0.000000e+00
0	104	R2	3.992016e+01	3.992016e+01	2.892485e-08	nan	0.000000e+00
0	105	R2	4.434590e+01	4.434590e+01	3.217003e-08	inf	0.000000e+00
0	106	R2	3.828484e+01	3.828484e+01	2.772469e-08	-inf	0.000000e+00
0	107	R2	3.871467e+01	3.871467e+01	2.804021e-08	inf	0.000000e+00
0	108	R2	4.101723e+01	4.101723e+01	2.972964e-08	0.000000e+00	7.066134e-01
0	109	R2	4.170142e+01	4.170142e+01	3.023142e-08	-inf	0.000000e+00
0	110	R2	4.142502e+01	4.142502e+01	3.002873e-08	-1.183033e-14	6.006113e-01
0	111	R2	4.271679e+01	4.271679e+01	3.097592e-08	nan	0.000000e+00
0	113	R2	3.218539e+01	3.218539e+01	2.324139e-08	0.000000e+00	4.247187e+00
0	115	R2	4.038772e+01	4.038772e+01	2.926788e-08	-2.722523e-14	2.609869e-01
0	116	R2	4.572474e+01	4.572474e+01	3.318035e-08	-3.089549e-15	4.599653e+00
0	118	R2	4.038772e+01	4.038772e+01	2.926788e-08	-inf	0.000000e+00
0	119	R2	3.532321e+01	3.532321e+01	2.554933e-08	-1.388948e-14	5.115689e-01
0	120	R2	3.891051e+01	3.891051e+01	2.818395e-08	-1.303629e-14	5.450499e-01
0	121	R2	4.308488e+01	4.308488e+01	3.124577e-08	-inf	0.000000e+00
0	122	R2	4.009623e+01	4.009623e+01	2.905403e-08	-inf	0.000000e+00
0	128	R2	3.816794e+01	3.816794e+01	2.763887e-08	0.000000e+00	3.787658e+00
0	129	R2	4.950495e+01	4.950495e+01	3.594883e-08	nan	0.000000e+00
0	130	R2	4.040404e+01	4.040404e+01	2.927985e-08	nan	0.000000e+00
0	131	R2	4.361099e+01	4.361099e+01	3.163141e-08	0.000000e+00	6.656715e-01
0	132	R2	4.380201e+01	4.380201e+01	3.177143e-08	0.000000e+00	1.381404e+00
0	133	R2	3.915427e+01	3.915427e+01	2.836285e-08	nan	0.000000e+00
0	135	R2	4.878049e+01	4.878049e+01	3.541841e-08	inf	0.000000e+00
0	136	R2	4.233700e+01	4.233700e+01	3.069748e-08	nan	0.000000e+00
0	137	R2	4.009623e+01	4.009623e+01	2.905403e-08	-inf	0.000000e+00
0	138	R2	4.073320e+01	4.073320e+01	2.952131e-08	-inf	0.000000e+00
0	139	R2	3.988831e+01	3.988831e+01	2.890149e-08	0.000000e+00	1.050111e+00
0	140	R2	4.182350e+01	4.182350e+01	3.032095e-08	nan	0.000000e+00
0	141	R2	3.875969e+01	3.875969e+01	2.807325e-08	inf	0.000000e+00
0	142	R2	4.409171e+01	4.409171e+01	3.198375e-08	-5.991650e-15	1.185888e+00
0	143	R2	4.345937e+01	4.345937e+01	3.152028e-08	inf	0.000000e+00
0	144	R2	4.221190e+01	4.221190e+01	3.060575e-08	0.000000e+00	1.657116e+00
0	145	R2	4.147657e+01	4.147657e+01	3.006653e-08	-inf	0.000000e+00
0	146	R2	4.137360e+01	4.137360e+01	2.999102e-08	-9.224248e-15	1.540598e+00
0	147	R2	4.035513e+01	4.035513e+01	2.924397e-08	-4.363076e-13	1.628536e-02
0	148	R2	3.668379e+01	3.668379e+01	2.654901e-08	inf	0.000000e+00
0	149	R2	4.191115e+01	4.191115e+01	3.038522e-08	0.000000e+00	1.756544e-02
0	150	R2	4.759638e+01	4.759638e+01	3.455131e-08	-1.960299e-14	3.624665e-01
0	152	R2	3.878976e+01	3.878976e+01	2.809532e-08	nan	0.000000e+00
0	153	R2	4.070004e+01	4.070004e+01	2.949699e-08	inf	0.000000e+00
0	154	R2	4.084967e+01	4.084967e+01	2.960674e-08	nan	0.000000e+00
0	156	R2	3.475843e+01	3.475843e+01	2.513419e-08	nan	0.000000e+00
0	157	R2	3.619254e+01	3.619254e+01	2.618814e-08	nan	0.000000e+00
0	158	R2	3.714710e+01	3.714710e+01	2.688931e-08	inf	0.000000e+00
0	159	R2	3.428180e+01	3.428180e+01	2.478375e-08	nan	0.000000e+00
0	160	R2	4.330879e+01	4.330879e+01	3.140990e-08	3.788245e-15	1.875651e+00
0	161	R2	3.576538e+01	3.576538e+01	2.587428e-08	-1.915431e-14	7.419142e-01
0	167	R2	7.117438e+01	7.117438e+01	5.179377e-08	-9.350861e-14	1.519738e-01
0	168	R2	4.880429e+01	4.880429e+01	3.543584e-08	-3.637980e-15	1.953125e+00
0	169	R2	4.182350e+01	4.182350e+01	3.032095e-08	0.000000e+00	1.749206e-02
0	170	R2	4.151100e+01	4.151100e+01	3.009178e-08	0.000000e+00	1.723163e-02
0	172	R2	3.736921e+01	3.736921e+01	2.705242e-08	-9.251235e-14	1.536103e-01
0	173	R2	3.118179e+01	3.118179e+01	2.250238e-08	0.000000e+00	2.139069e+00
0	174	R2	6.146281e+01	6.146281e+01	4.469646e-08	2.170267e-14	9.821962e-01
0	175	R2	2.943774e+01	2.943774e+01	2.121696e-08	3.074770e-13	3.466322e-02
0	176	R2	4.416961e+01	4.416961e+01	3.204084e-08	0.000000e+00	5.462673e-01
0	177	R2	4.748338e+01	4.748338e+01	3.446855e-08	-inf	0.000000e+00
0	179	R2	3.850597e+01	3.850597e+01	2.788702e-08	nan	0.000000e+00
0	180	R2	3.770739e+01	3.770739e+01	2.730074e-08	-inf	0.000000e+00
0	181	R2	4.434590e+01	4.434590e+01	3.217003e-08	4.105827e-15	1.730572e+00
0	182	R2	4.070004e+01	4.070004e+01	2.949699e-08	inf	0.000000e+00
0	183	R2	3.721623e+01	3.721623e+01	2.694007e-08	0.000000e+00	1.523552e+00
0	184	R2	4.046945e+01	4.046945e+01	2.932783e-08	nan	0.000000e+00
0	185	R2	4.142502e+01	4.142502e+01	3.002873e-08	-6.901023e-14	1.029619e-01
0	186	R2	5.285412e+01	5.285412e+01	3.840018e-08	0.000000e+00	3.072914e+00
0	187	R2	4.093328e+01	4.093328e+01	2.966807e-08	nan	0.000000e+00
0	190	R2	4.191115e+01	4.191115e+01	3.038522e-08	nan	0.000000e+00
0	194	R2	3.561254e+01	3.561254e+01	2.576197e-08	0.000000e+00	4.692535e-01
0	195	R2	3.714710e+01	3.714710e+01	2.688931e-08	inf	0.000000e+00
0	196	R2	4.123711e+01	4.123711e+01	2.989092e-08	0.000000e+00	9.182697e-01
0	197	R2	3.449465e+01	3.449465e+01	2.494026e-08	-1.298162e-14	5.473453e-01
0	198	R2	4.048583e+01	4.048583e+01	2.933985e-08	-4.334950e-13	1.639102e-02
0	199	R2	3.877472e+01	3.877472e+01	2.808428e-08	nan	0.000000e+00
0	200	R2	4.003203e+01	4.003203e+01	2.900693e-08	inf	0.000000e+00
0	201	R2	4.098361e+01	4.098361e+01	2.970498e-08	-1.627034e-14	8.734211e-01
0	202	R2	3.762227e+01	3.762227e+01	2.723824e-08	inf	0.000000e+00
0	203	R2	3.822630e+01	3.822630e+01	2.768172e-08	0.000000e+00	1.461250e-02
0	204	R2	4.533092e+01	4.533092e+01	3.289182e-08	-6.915621e-13	2.054892e-02
0	205	R2	4.336513e+01	4.336513e+01	3.145120e-08	0.000000e+00	3.761070e-02
0	212	R2	1.499250e+02	1.499250e+02	1.092682e-07	0.000000e+00	1.146353e+01
0	213	R2	4.428698e+01	4.428698e+01	3.212685e-08	nan	0.000000e+00
0	214	R2	4.642526e+01	4.642526e+01	3.369353e-08	inf	0.000000e+00
0	215	R2	4.522840e+01	4.522840e+01	3.281671e-08	-3.473503e-13	2.045608e-02
0	216	R2	4.357298e+01	4.357298e+01	3.160356e-08	0.000000e+00	5.695815e-02
0	217	R2	4.407228e+01	4.407228e+01	3.196951e-08	0.000000e+00	5.827097e-02
0	218	R2	3.865481e+01	3.865481e+01	2.799627e-08	nan	0.000000e+00
0	219	R2	4.178855e+01	4.178855e+01	3.029532e-08	-1.196731e-14	5.937362e-01
0	220	R2	4.235493e+01	4.235493e+01	3.071062e-08	0.000000e+00	1.219880e+00
0	221	R2	3.847634e+01	3.847634e+01	2.786527e-08	inf	0.000000e+00
0	222	R2	3.575259e+01	3.575259e+01	2.586489e-08	0.000000e+00	5.496466e-01
0	223	R2	4.582951e+01	4.582951e+01	3.325711e-08	nan	0.000000e+00
0	224	R2	3.955696e+01	3.955696e+01	2.865836e-08	0.000000e+00	4.850735e-01
0	225	R2	3.815338e+01	3.815338e+01	2.762818e-08	0.000000e+00	1.455680e+00
0	226	R2	4.904365e+01	4.904365e+01	3.561109e-08	-inf	0.000000e+00
0	227	R2	4.597701e+01	4.597701e+01	3.336517e-08	1.680656e-13	4.227771e-02
0	235	R2	3.755163e+01	3.755163e+01	2.718638e-08	0.000000e+00	4.230376e-02
0	236	R2	4.299226e+01	4.299226e+01	3.117787e-08	nan	0.000000e+00
0	237	R2	4.277160e+01	4.277160e+01	3.101610e-08	-inf	0.000000e+00
0	239	R2	4.442470e+01	4.442470e+01	3.222778e-08	nan	0.000000e+00
0	240	R2	4.734848e+01	4.734848e+01	3.436976e-08	-5.282345e-15	1.345127e+00
0	241	R2	4.288165e+01	4.288165e+01	3.109678e-08	inf	0.000000e+00
0	242	R2	4.214075e+01	4.214075e+01	3.055358e-08	0.000000e+00	1.527225e+00
0	243	R2	4.137360e+01	4.137360e+01	2.999102e-08	-1.660365e-13	8.558875e-02
0	245	R2	4.116921e+01	4.116921e+01	2.984111e-08	-inf	0.000000e+00
0	246	R2	4.852014e+01	4.852014e+01	3.522777e-08	-inf	0.000000e+00
0	247	R2	4.040404e+01	4.040404e+01	2.927985e-08	nan	0.000000e+00
0	248	R2	2.868617e+01	2.868617e+01	2.066252e-08	-inf	0.000000e+00


1	4	NOE	-4.600000e-02	-4.600000e-02	1.005081e-09	-3.353799e-14	1.200000e-02
1	5	NOE	7.060000e-01	7.060000e-01	2.880083e-09	0.000000e+00	1.400000e-02
1	6	NOE	7.690000e-01	7.690000e-01	4.062748e-09	0.000000e+00	1.100000e-02
1	9	NOE	9.830000e-01	8.344307e-01	3.936836e-05	6.349117e-01	2.340000e-01
1	10	NOE	8.850000e-01	8.344307e-01	2.260356e-05	2.431218e-01	2.080000e-01
1	11	NOE	8.980000e-01	8.344307e-01	2.212265e-05	3.178467e+00	2.000000e-02
1	13	NOE	9.150000e-01	8.344307e-01	4.124054e-05	3.662243e+00	2.200000e-02
1	14	NOE	7.360000e-01	7.360000e-01	3.300611e-09	0.000000e+00	2.500000e-02
1	15	NOE	8.250000e-01	8.250000e-01	1.076578e-08	7.930164e-15	1.400000e-02
1	16	NOE	8.420000e-01	8.344307e-01	3.979613e-05	9.461674e-01	8.000000e-03
1	17	NOE	7.730000e-01	7.730000e-01	4.194742e-09	4.440892e-15	2.500000e-02
1	18	NOE	8.210000e-01	8.210000e-01	9.017431e-09	4.827057e-15	2.300000e-02
1	19	NOE	7.490000e-01	7.490000e-01	3.547848e-09	-7.401487e-15	1.500000e-02
1	20	NOE	8.030000e-01	8.030000e-01	5.883286e-09	0.000000e+00	2.600000e-02
1	21	NOE	9.080000e-01	8.344307e-01	1.921418e-05	1.501415e+00	4.900000e-02
1	22	NOE	8.580000e-01	8.344307e-01	2.061991e-05	1.240492e+00	1.900000e-02
1	23	NOE	7.640000e-01	7.640000e-01	3.913771e-09	0.000000e+00	1.400000e-02
1	24	NOE	7.490000e-01	7.490000e-01	3.547848e-09	-8.540177e-15	1.300000e-02
1	26	NOE	8.990000e-01	8.344307e-01	1.529775e-05	3.798197e+00	1.700000e-02
1	27	NOE	9.220000e-01	8.344307e-01	2.472523e-05	3.980425e+00	2.200000e-02
1	29	NOE	8.540000e-01	8.344307e-01	3.278693e-05	1.304623e+00	1.500000e-02
1	30	NOE	7.280000e-01	7.280000e-01	3.171381e-09	0.000000e+00	1.500000e-02
1	31	NOE	8.050000e-01	8.050000e-01	6.081204e-09	0.000000e+00	1.200000e-02
1	32	NOE	6.340000e-01	6.340000e-01	2.287226e-09	-1.586033e-14	7.000000e-03
1	33	NOE	6.550000e-01	6.550000e-01	2.423006e-09	0.000000e+00	7.000000e-03
1	34	NOE	6.140000e-01	6.140000e-01	2.176141e-09	-1.110223e-14	1.000000e-02
1	35	NOE	6.630000e-01	6.630000e-01	2.481090e-09	0.000000e+00	1.400000e-02
1	36	NOE	7.230000e-01	7.230000e-01	3.097726e-09	5.843279e-15	1.900000e-02
1	37	NOE	6.040000e-01	6.040000e-01	2.126019e-09	-1.009294e-14	1.100000e-02
1	38	NOE	8.100000e-01	8.100000e-01	6.678119e-09	0.000000e+00	1.300000e-02
1	39	NOE	7.480000e-01	7.480000e-01	3.526882e-09	0.000000e+00	8.000000e-03
1	40	NOE	8.730000e-01	8.344307e-01	2.981960e-05	1.392395e-01	2.770000e-01
1	42	NOE	7.210000e-01	7.210000e-01	3.069626e-09	-8.410780e-16	1.320000e-01
1	46	NOE	4.770000e-01	4.770000e-01	1.682565e-09	-3.172066e-14	7.000000e-03
1	48	NOE	7.430000e-01	7.430000e-01	3.427232e-09	1.156482e-15	9.600000e-02
1	49	NOE	8.990000e-01	8.344307e-01	1.529775e-05	2.017792e+00	3.200000e-02
1	50	NOE	7.860000e-01	7.860000e-01	4.730913e-09	-7.936020e-08	1.800000e-02
1	53	NOE	8.920000e-01	8.344307e-01	2.042284e-05	3.837956e+00	1.500000e-02
1	54	NOE	7.970000e-01	7.970000e-01	5.387706e-09	0.000000e+00	1.100000e-02
1	56	NOE	9.090000e-01	8.344307e-01	2.075546e-05	5.326382e+00	1.400000e-02
1	57	NOE	7.780000e-01	7.780000e-01	4.378991e-09	0.000000e+00	8.000000e-03
1	58	NOE	7.480000e-01	7.480000e-01	3.526882e-09	0.000000e+00	1.500000e-02
1	59	NOE	8.210000e-01	8.210000e-01	9.017431e-09	7.930164e-15	1.400000e-02
1	60	NOE	8.340000e-01	8.340000e-01	5.042715e-08	0.000000e+00	1.400000e-02
1	61	NOE	7.880000e-01	7.880000e-01	4.832769e-09	-9.786296e-08	1.400000e-02
1	63	NOE	6.350000e-01	6.350000e-01	2.293208e-09	0.000000e+00	1.000000e-01
1	64	NOE	8.560000e-01	8.344307e-01	1.543703e-05	6.740420e-01	3.200000e-02
1	65	NOE	9.630000e-01	8.344307e-01	2.376836e-05	5.844061e+00	2.200000e-02
1	66	NOE	7.560000e-01	7.560000e-01	3.705595e-09	-1.168656e-14	1.900000e-02
1	67	NOE	9.320000e-01	8.344307e-01	1.750922e-05	1.806840e+00	5.400000e-02
1	71	NOE	7.900000e-01	7.900000e-01	4.941403e-09	-2.018587e-14	1.100000e-02
1	72	NOE	8.570000e-01	8.344307e-01	2.016922e-05	1.612096e+00	1.400000e-02
1	73	NOE	8.640000e-01	8.344307e-01	2.550188e-05	2.274565e+00	1.300000e-02
1	74	NOE	8.920000e-01	8.344307e-01	2.042284e-05	2.503015e+00	2.300000e-02
1	75	NOE	9.380000e-01	8.344307e-01	3.434705e-05	1.954138e+00	5.300000e-02
1	76	NOE	8.280000e-01	8.280000e-01	1.304150e-08	0.000000e+00	2.600000e-02
1	77	NOE	9.120000e-01	8.344307e-01	3.473693e-05	3.102774e+00	2.500000e-02
1	78	NOE	8.330000e-01	8.330000e-01	2.766418e-08	-8.540177e-15	1.300000e-02
1	79	NOE	7.930000e-01	7.930000e-01	5.118828e-09	0.000000e+00	5.200000e-02
1	81	NOE	8.650000e-01	8.344307e-01	1.354691e-05	1.175744e+00	2.600000e-02
1	82	NOE	7.110000e-01	7.110000e-01	2.939444e-09	3.828355e-15	2.900000e-02
1	85	NOE	8.750000e-01	8.344307e-01	2.681814e-05	3.380778e+00	1.200000e-02
1	87	NOE	8.380000e-01	8.344307e-01	2.534041e-05	2.745646e-01	1.300000e-02
1	88	NOE	8.270000e-01	8.270000e-01	1.213096e-08	0.000000e+00	1.800000e-02
1	89	NOE	7.830000e-01	7.830000e-01	4.589381e-09	-1.166148e-07	1.300000e-02
1	90	NOE	8.160000e-01	8.160000e-01	7.693598e-09	0.000000e+00	4.100000e-02
1	94	NOE	9.760000e-01	8.344307e-01	2.160854e-05	2.722487e+00	5.200000e-02
1	95	NOE	7.670000e-01	7.670000e-01	4.001181e-09	-3.172066e-15	3.500000e-02
1	97	NOE	7.210000e-01	7.210000e-01	3.069626e-09	-9.408670e-16	1.180000e-01
1	98	NOE	1.020000e+00	8.344307e-01	4.091185e-05	2.263041e+00	8.200000e-02
1	100	NOE	8.420000e-01	8.344307e-01	3.979613e-05	2.365419e-01	3.200000e-02
1	101	NOE	7.530000e-01	7.530000e-01	3.635516e-09	0.000000e+00	3.200000e-02
1	102	NOE	8.330000e-01	8.330000e-01	2.766418e-08	-2.581914e-15	4.300000e-02
1	103	NOE	1.010000e+00	8.344307e-01	2.203829e-05	7.633450e+00	2.300000e-02
1	104	NOE	9.060000e-01	8.344307e-01	2.970253e-05	4.473084e+00	1.600000e-02
1	105	NOE	8.780000e-01	8.344307e-01	2.545958e-05	2.178467e+00	2.000000e-02
1	106	NOE	7.830000e-01	7.830000e-01	4.589381e-09	-1.010661e-07	1.500000e-02
1	107	NOE	8.270000e-01	8.270000e-01	1.213096e-08	0.000000e+00	1.600000e-02
1	108	NOE	8.530000e-01	8.344307e-01	2.403161e-05	1.092314e+00	1.700000e-02
1	109	NOE	8.170000e-01	8.170000e-01	7.912056e-09	0.000000e+00	2.800000e-02
1	110	NOE	8.180000e-01	8.180000e-01	8.150141e-09	5.046468e-15	2.200000e-02
1	111	NOE	7.810000e-01	7.810000e-01	4.501699e-09	7.401487e-15	1.500000e-02
1	113	NOE	8.660000e-01	8.344307e-01	2.554700e-05	2.355921e-01	1.340000e-01
1	115	NOE	8.370000e-01	8.344307e-01	2.580892e-05	2.569340e-01	1.000000e-02
1	116	NOE	8.070000e-01	8.070000e-01	6.300345e-09	-1.276118e-15	8.700000e-02
1	118	NOE	9.550000e-01	8.344307e-01	1.667382e-05	9.274565e+00	1.300000e-02
1	119	NOE	7.660000e-01	7.660000e-01	3.971410e-09	0.000000e+00	1.500000e-02
1	120	NOE	6.960000e-01	6.960000e-01	2.771071e-09	0.000000e+00	1.400000e-02
1	121	NOE	8.080000e-01	8.080000e-01	6.419111e-09	-1.009294e-14	1.100000e-02
1	122	NOE	7.990000e-01	7.990000e-01	5.538869e-09	6.530724e-15	1.700000e-02
1	128	NOE	8.270000e-01	8.270000e-01	1.213096e-08	0.000000e+00	9.700000e-02
1	129	NOE	8.160000e-01	8.160000e-01	7.693598e-09	0.000000e+00	2.500000e-02
1	130	NOE	8.980000e-01	8.344307e-01	2.212265e-05	2.118978e+00	3.000000e-02
1	131	NOE	8.740000e-01	8.344307e-01	2.247786e-05	7.327656e-01	5.400000e-02
1	132	NOE	7.060000e-01	7.060000e-01	2.880083e-09	0.000000e+00	2.100000e-02
1	133	NOE	9.150000e-01	8.344307e-01	4.124054e-05	1.831121e+00	4.400000e-02
1	135	NOE	9.060000e-01	8.344307e-01	2.970253e-05	3.111710e+00	2.300000e-02
1	136	NOE	6.940000e-01	6.940000e-01	2.750665e-09	-7.930164e-15	1.400000e-02
1	137	NOE	7.990000e-01	7.990000e-01	5.538869e-09	6.530724e-15	1.700000e-02
1	138	NOE	7.600000e-01	7.600000e-01	3.805509e-09	0.000000e+00	2.400000e-02
1	139	NOE	7.270000e-01	7.270000e-01	3.156243e-09	6.167906e-15	1.800000e-02
1	140	NOE	7.560000e-01	7.560000e-01	3.705595e-09	-1.480297e-14	1.500000e-02
1	141	NOE	7.520000e-01	7.520000e-01	3.613005e-09	0.000000e+00	1.600000e-02
1	142	NOE	9.010000e-01	8.344307e-01	1.555529e-05	3.025879e+00	2.200000e-02
1	143	NOE	8.800000e-01	8.344307e-01	2.377074e-05	1.981276e+00	2.300000e-02
1	144	NOE	8.510000e-01	8.344307e-01	2.598583e-05	6.627736e-01	2.500000e-02
1	145	NOE	8.800000e-01	8.344307e-01	2.377074e-05	2.278467e+00	2.000000e-02
1	146	NOE	8.920000e-01	8.344307e-01	2.042284e-05	2.214205e+00	2.600000e-02
1	147	NOE	1.020000e+00	8.344307e-01	4.091185e-05	3.373988e+00	5.500000e-02
1	148	NOE	8.840000e-01	8.344307e-01	3.248473e-05	1.599011e+00	3.100000e-02
1	149	NOE	8.580000e-01	8.344307e-01	2.061991e-05	6.734097e-01	3.500000e-02
1	150	NOE	8.600000e-01	8.344307e-01	2.435143e-05	9.297942e-02	2.750000e-01
1	152	NOE	8.230000e-01	8.230000e-01	9.776613e-09	0.000000e+00	1.500000e-02
1	153	NOE	8.830000e-01	8.344307e-01	2.331426e-05	1.798864e+00	2.700000e-02
1	154	NOE	7.070000e-01	7.070000e-01	2.891678e-09	9.251859e-15	1.200000e-02
1	156	NOE	2.010000e-01	2.010000e-01	1.222938e-09	3.083953e-15	1.800000e-02
1	157	NOE	5.920000e-01	5.920000e-01	2.069946e-09	0.000000e+00	2.000000e-02
1	158	NOE	7.610000e-01	7.610000e-01	3.831748e-09	0.000000e+00	2.500000e-02
1	159	NOE	5.100000e-01	5.100000e-01	1.772777e-09	-4.625929e-15	2.400000e-02
1	160	NOE	7.970000e-01	7.970000e-01	5.387706e-09	0.000000e+00	5.800000e-02
1	161	NOE	7.340000e-01	7.340000e-01	3.266871e-09	5.046468e-15	2.200000e-02
1	167	NOE	9.350000e-01	8.344307e-01	1.768521e-05	1.183169e+00	8.500000e-02
1	168	NOE	8.670000e-01	8.344307e-01	2.669689e-05	2.832117e-01	1.150000e-01
1	169	NOE	7.040000e-01	7.040000e-01	2.857291e-09	0.000000e+00	2.500000e-02
1	170	NOE	6.660000e-01	6.660000e-01	2.503918e-09	-3.364312e-15	3.300000e-02
1	172	NOE	5.850000e-01	5.850000e-01	2.039090e-09	-1.206764e-15	9.200000e-02
1	173	NOE	4.920000e-01	4.920000e-01	1.721995e-09	-2.643388e-15	8.400000e-02
1	174	NOE	6.470000e-01	6.470000e-01	2.368632e-09	-2.643388e-15	4.200000e-02
1	175	NOE	4.390000e-01	4.390000e-01	1.592647e-09	-9.408670e-16	5.900000e-02
1	176	NOE	5.190000e-01	5.190000e-01	1.799742e-09	9.251859e-15	1.200000e-02
1	177	NOE	8.500000e-01	8.344307e-01	3.133534e-05	4.324817e-01	3.600000e-02
1	179	NOE	8.400000e-01	8.344307e-01	1.611966e-05	2.062720e-01	2.700000e-02
1	180	NOE	8.430000e-01	8.344307e-01	2.225231e-05	2.677919e-01	3.200000e-02
1	181	NOE	8.310000e-01	8.310000e-01	1.786097e-08	0.000000e+00	5.500000e-02
1	182	NOE	8.990000e-01	8.344307e-01	1.529775e-05	2.391457e+00	2.700000e-02
1	183	NOE	9.190000e-01	8.344307e-01	2.961273e-05	6.040667e+00	1.400000e-02
1	184	NOE	8.330000e-01	8.330000e-01	2.766418e-08	-5.843279e-15	1.900000e-02
1	185	NOE	8.550000e-01	8.344307e-01	1.509381e-05	2.779641e-01	7.400000e-02
1	186	NOE	7.830000e-01	7.830000e-01	4.589381e-09	-1.630099e-08	9.300000e-02
1	187	NOE	7.610000e-01	7.610000e-01	3.831748e-09	0.000000e+00	9.000000e-03
1	190	NOE	9.610000e-01	8.344307e-01	1.624287e-05	1.150630e+01	1.100000e-02
1	194	NOE	6.900000e-01	6.900000e-01	2.711117e-09	0.000000e+00	1.700000e-02
1	195	NOE	8.650000e-01	8.344307e-01	1.354691e-05	9.552920e-01	3.200000e-02
1	196	NOE	7.710000e-01	7.710000e-01	4.127191e-09	5.551115e-15	2.000000e-02
1	197	NOE	7.590000e-01	7.590000e-01	3.779791e-09	7.401487e-15	1.500000e-02
1	198	NOE	8.380000e-01	8.344307e-01	2.534041e-05	1.049806e-01	3.400000e-02
1	199	NOE	8.320000e-01	8.320000e-01	2.122159e-08	0.000000e+00	1.600000e-02
1	200	NOE	8.060000e-01	8.060000e-01	6.187890e-09	0.000000e+00	2.500000e-02
1	201	NOE	8.540000e-01	8.344307e-01	3.278693e-05	1.087186e+00	1.800000e-02
1	202	NOE	8.440000e-01	8.344307e-01	1.955962e-05	3.417622e-01	2.800000e-02
1	203	NOE	7.900000e-01	7.900000e-01	4.941403e-09	-6.167906e-15	3.600000e-02
1	204	NOE	7.410000e-01	7.410000e-01	3.389616e-09	-3.469447e-15	3.200000e-02
1	205	NOE	9.240000e-01	8.344307e-01	2.555458e-05	1.357111e+00	6.600000e-02
1	212	NOE	5.960000e-01	5.960000e-01	2.088175e-09	-8.223874e-16	1.350000e-01
1	213	NOE	8.800000e-01	8.344307e-01	2.377074e-05	1.627476e+00	2.800000e-02
1	214	NOE	8.140000e-01	8.140000e-01	7.305771e-09	0.000000e+00	2.400000e-02
1	215	NOE	8.450000e-01	8.344307e-01	2.061235e-05	1.854270e-01	5.700000e-02
1	216	NOE	7.010000e-01	7.010000e-01	2.824060e-09	-2.265761e-15	4.900000e-02
1	217	NOE	6.860000e-01	6.860000e-01	2.673163e-09	-2.135044e-15	5.200000e-02
1	218	NOE	7.740000e-01	7.740000e-01	4.229762e-09	6.938894e-15	1.600000e-02
1	219	NOE	6.950000e-01	6.950000e-01	2.760814e-09	-5.286776e-15	2.100000e-02
1	220	NOE	7.140000e-01	7.140000e-01	2.976806e-09	-4.934325e-15	4.500000e-02
1	221	NOE	7.900000e-01	7.900000e-01	4.941403e-09	-8.881784e-15	2.500000e-02
1	222	NOE	7.490000e-01	7.490000e-01	3.547848e-09	-5.046468e-15	2.200000e-02
1	223	NOE	7.170000e-01	7.170000e-01	3.015577e-09	-9.251859e-15	1.200000e-02
1	224	NOE	7.730000e-01	7.730000e-01	4.194742e-09	9.251859e-15	1.200000e-02
1	225	NOE	8.230000e-01	8.230000e-01	9.776613e-09	0.000000e+00	4.600000e-02
1	226	NOE	9.460000e-01	8.344307e-01	2.537513e-05	5.872071e+00	1.900000e-02
1	227	NOE	7.990000e-01	7.990000e-01	5.538869e-09	2.312965e-15	4.800000e-02
1	235	NOE	7.640000e-01	7.640000e-01	3.913771e-09	0.000000e+00	5.100000e-02
1	236	NOE	1.070000e+00	8.344307e-01	1.579414e-05	5.121073e+00	4.600000e-02
1	237	NOE	7.550000e-01	7.550000e-01	3.681797e-09	0.000000e+00	1.600000e-02
1	239	NOE	7.120000e-01	7.120000e-01	2.951747e-09	0.000000e+00	2.100000e-02
1	240	NOE	8.040000e-01	8.040000e-01	5.979811e-09	0.000000e+00	2.500000e-02
1	241	NOE	8.320000e-01	8.320000e-01	2.122159e-08	0.000000e+00	2.100000e-02
1	242	NOE	1.120000e+00	8.344307e-01	1.995883e-05	1.057664e+01	2.700000e-02
1	243	NOE	7.860000e-01	7.860000e-01	4.730913e-09	-1.569762e-08	9.100000e-02
1	245	NOE	7.410000e-01	7.410000e-01	3.389616e-09	-7.930164e-15	1.400000e-02
1	246	NOE	6.880000e-01	6.880000e-01	2.691948e-09	8.540177e-15	1.300000e-02
1	247	NOE	6.270000e-01	6.270000e-01	2.246551e-09	1.233581e-14	1.800000e-02
1	248	NOE	3.990000e-01	3.990000e-01	1.510644e-09	1.586033e-14	7.000000e-03


2	4	R1	5.675369e-01	5.675369e-01	2.508540e-08	1.111886e-14	9.985042e-03
2	5	R1	4.159734e-01	4.159734e-01	3.439517e-08	0.000000e+00	5.710117e-03
2	6	R1	3.897116e-01	3.897116e-01	3.673855e-08	-9.137630e-15	6.075006e-03
2	9	R1	4.904365e-01	4.904365e-01	2.910795e-08	-2.455200e-15	4.521925e-02
2	10	R1	5.096840e-01	5.096840e-01	2.799084e-08	0.000000e+00	5.767067e-02
2	11	R1	3.556188e-01	3.556188e-01	4.029424e-08	0.000000e+00	1.960203e-02
2	13	R1	4.173623e-01	4.173623e-01	3.427940e-08	-6.639152e-15	8.361181e-03
2	14	R1	3.753754e-01	3.753754e-01	3.815541e-08	0.000000e+00	1.268160e-02
2	15	R1	3.949447e-01	3.949447e-01	3.624686e-08	6.031921e-15	9.202898e-03
2	16	R1	3.816794e-01	3.816794e-01	3.751933e-08	6.458487e-15	8.595070e-03
2	17	R1	3.522367e-01	3.522367e-01	4.068433e-08	0.000000e+00	1.079415e-02
2	18	R1	3.332223e-01	3.332223e-01	4.302423e-08	-7.351963e-15	7.550521e-03
2	19	R1	3.554924e-01	3.554924e-01	4.030869e-08	6.655425e-15	8.340738e-03
2	20	R1	3.588088e-01	3.588088e-01	3.993302e-08	0.000000e+00	1.120070e-02
2	21	R1	3.412969e-01	3.412969e-01	4.199884e-08	0.000000e+00	2.085056e-02
2	22	R1	3.528582e-01	3.528582e-01	4.061209e-08	-7.821771e-15	1.419401e-02
2	23	R1	3.558719e-01	3.558719e-01	4.026534e-08	0.000000e+00	7.092109e-03
2	24	R1	3.309067e-01	3.309067e-01	4.332749e-08	1.536226e-14	7.226949e-03
2	26	R1	3.690037e-01	3.690037e-01	3.882029e-08	0.000000e+00	9.531461e-03
2	27	R1	3.435246e-01	3.435246e-01	4.172441e-08	-2.412293e-14	4.602356e-03
2	29	R1	3.419973e-01	3.419973e-01	4.191218e-08	1.356023e-14	8.187349e-03
2	30	R1	3.835827e-01	3.835827e-01	3.733138e-08	0.000000e+00	5.885426e-03
2	31	R1	3.485535e-01	3.485535e-01	4.111772e-08	0.000000e+00	5.102561e-03
2	32	R1	4.222973e-01	4.222973e-01	3.387419e-08	-9.291778e-15	1.194845e-02
2	33	R1	4.020909e-01	4.020909e-01	3.559600e-08	2.641122e-14	4.203604e-03
2	34	R1	4.389816e-01	4.389816e-01	3.257130e-08	8.729186e-15	6.359259e-03
2	35	R1	4.424779e-01	4.424779e-01	3.231065e-08	0.000000e+00	1.429243e-02
2	36	R1	5.007511e-01	5.007511e-01	2.849871e-08	-2.213790e-14	5.015034e-03
2	37	R1	4.659832e-01	4.659832e-01	3.065917e-08	-7.519012e-15	7.382772e-03
2	38	R1	4.113534e-01	4.113534e-01	3.478585e-08	6.075141e-15	9.137425e-03
2	39	R1	3.990423e-01	3.990423e-01	3.587082e-08	-8.715301e-15	6.369390e-03
2	40	R1	5.783690e-01	5.783690e-01	2.460536e-08	0.000000e+00	5.920839e-02
2	42	R1	4.621072e-01	4.621072e-01	3.092001e-08	2.437059e-15	6.833378e-02
2	46	R1	4.364906e-01	4.364906e-01	3.275953e-08	0.000000e+00	7.811486e-03
2	48	R1	3.522367e-01	3.522367e-01	4.068433e-08	-2.868048e-15	1.935503e-02
2	49	R1	3.654971e-01	3.654971e-01	3.919605e-08	-6.110877e-15	9.083992e-03
2	50	R1	3.523608e-01	3.523608e-01	4.066988e-08	-1.016137e-14	5.462958e-03
2	53	R1	3.824092e-01	3.824092e-01	3.744704e-08	0.000000e+00	8.043023e-03
2	54	R1	3.843198e-01	3.843198e-01	3.725909e-08	-1.174478e-14	4.726454e-03
2	56	R1	4.096682e-01	4.096682e-01	3.493054e-08	-4.410162e-15	1.258710e-02
2	57	R1	4.189359e-01	4.189359e-01	3.414916e-08	-9.036849e-15	6.142755e-03
2	58	R1	4.409171e-01	4.409171e-01	3.242649e-08	5.191629e-15	1.069243e-02
2	59	R1	3.885004e-01	3.885004e-01	3.685423e-08	0.000000e+00	3.622381e-03
2	60	R1	3.455425e-01	3.455425e-01	4.147885e-08	-8.609611e-15	6.447580e-03
2	61	R1	4.084967e-01	4.084967e-01	3.503181e-08	-5.735550e-15	9.678436e-03
2	63	R1	5.938242e-01	5.938242e-01	2.395043e-08	7.970716e-15	2.785755e-02
2	64	R1	3.239391e-01	3.239391e-01	4.426602e-08	0.000000e+00	1.143808e-02
2	65	R1	4.024145e-01	4.024145e-01	3.556707e-08	2.636876e-14	4.210373e-03
2	66	R1	3.731343e-01	3.731343e-01	3.838668e-08	1.035593e-14	1.072065e-02
2	67	R1	3.582945e-01	3.582945e-01	3.999082e-08	2.183910e-15	2.541824e-02
2	71	R1	4.089980e-01	4.089980e-01	3.498841e-08	-1.229063e-14	4.516542e-03
2	72	R1	4.006410e-01	4.006410e-01	3.572618e-08	-5.763923e-15	9.630794e-03
2	73	R1	4.180602e-01	4.180602e-01	3.422152e-08	-6.108003e-15	9.088265e-03
2	74	R1	3.698225e-01	3.698225e-01	3.873357e-08	1.623505e-14	6.838434e-03
2	75	R1	3.835827e-01	3.835827e-01	3.733138e-08	-2.924641e-15	1.898050e-02
2	76	R1	3.907776e-01	3.907776e-01	3.663733e-08	0.000000e+00	7.635358e-03
2	77	R1	3.714710e-01	3.714710e-01	3.856013e-08	-7.314214e-15	7.589490e-03
2	78	R1	3.556188e-01	3.556188e-01	4.029424e-08	0.000000e+00	6.576165e-03
2	79	R1	3.850597e-01	3.850597e-01	3.718680e-08	5.672574e-15	9.785883e-03
2	81	R1	4.078303e-01	4.078303e-01	3.508968e-08	8.031537e-07	7.484651e-03
2	82	R1	4.246285e-01	4.246285e-01	3.368603e-08	0.000000e+00	1.604753e-02
2	85	R1	3.888025e-01	3.888025e-01	3.682531e-08	0.000000e+00	4.837356e-03
2	87	R1	4.189359e-01	4.189359e-01	3.414916e-08	3.857192e-15	1.439160e-02
2	88	R1	3.304693e-01	3.304693e-01	4.338525e-08	-1.058953e-14	5.242077e-03
2	89	R1	3.906250e-01	3.906250e-01	3.665179e-08	0.000000e+00	2.182007e-02
2	90	R1	4.122012e-01	4.122012e-01	3.471351e-08	0.000000e+00	8.665399e-03
2	94	R1	3.200000e-01	3.200000e-01	4.481464e-08	3.188830e-15	1.740800e-02
2	95	R1	3.880481e-01	3.880481e-01	3.689761e-08	0.000000e+00	1.716627e-02
2	97	R1	4.672897e-01	4.672897e-01	3.057222e-08	-8.766168e-16	6.332431e-02
2	98	R1	3.290556e-01	3.290556e-01	4.357296e-08	2.912923e-15	1.905686e-02
2	100	R1	3.832886e-01	3.832886e-01	3.736030e-08	-6.094481e-15	1.821686e-02
2	101	R1	4.137360e-01	4.137360e-01	3.458328e-08	6.296893e-15	1.763128e-02
2	102	R1	3.218539e-01	3.218539e-01	4.455478e-08	0.000000e+00	1.843901e-02
2	103	R1	3.668379e-01	3.668379e-01	3.905153e-08	0.000000e+00	9.689041e-03
2	104	R1	4.201681e-01	4.201681e-01	3.404786e-08	8.983925e-15	6.178942e-03
2	105	R1	3.284072e-01	3.284072e-01	4.365960e-08	-1.715669e-14	3.235539e-03
2	106	R1	4.017678e-01	4.017678e-01	3.562493e-08	0.000000e+00	5.649607e-03
2	107	R1	4.364906e-01	4.364906e-01	3.275953e-08	0.000000e+00	1.028830e-02
2	108	R1	4.070004e-01	4.070004e-01	3.516202e-08	1.081008e-14	5.135129e-03
2	109	R1	4.237288e-01	4.237288e-01	3.375840e-08	0.000000e+00	1.202959e-02
2	110	R1	3.792188e-01	3.792188e-01	3.776510e-08	-5.594373e-15	9.922676e-03
2	111	R1	4.037142e-01	4.037142e-01	3.545134e-08	0.000000e+00	1.206090e-02
2	113	R1	4.520796e-01	4.520796e-01	3.161543e-08	-1.500624e-15	3.699204e-02
2	115	R1	3.900156e-01	3.900156e-01	3.670963e-08	4.865808e-15	1.140841e-02
2	116	R1	4.416961e-01	4.416961e-01	3.236857e-08	4.589247e-15	2.419184e-02
2	118	R1	4.262575e-01	4.262575e-01	3.355576e-08	0.000000e+00	7.812903e-03
2	119	R1	3.840246e-01	3.840246e-01	3.728800e-08	1.368767e-14	8.111118e-03
2	120	R1	3.952569e-01	3.952569e-01	3.621794e-08	0.000000e+00	7.811402e-03
2	121	R1	4.076641e-01	4.076641e-01	3.510415e-08	1.246793e-06	4.819510e-03
2	122	R1	4.166667e-01	4.166667e-01	3.433729e-08	-8.414322e-15	6.597222e-03
2	128	R1	3.821169e-01	3.821169e-01	3.747596e-08	0.000000e+00	3.329104e-02
2	129	R1	3.723008e-01	3.723008e-01	3.847341e-08	0.000000e+00	1.538548e-02
2	130	R1	4.182350e-01	4.182350e-01	3.420705e-08	0.000000e+00	1.416856e-02
2	131	R1	3.824092e-01	3.824092e-01	3.744704e-08	0.000000e+00	1.491615e-02
2	132	R1	3.824092e-01	3.824092e-01	3.744704e-08	0.000000e+00	1.009034e-02
2	133	R1	3.766478e-01	3.766478e-01	3.802531e-08	-3.836270e-15	1.447009e-02
2	135	R1	3.699593e-01	3.699593e-01	3.871912e-08	0.000000e+00	7.801584e-03
2	136	R1	3.875969e-01	3.875969e-01	3.694099e-08	-8.211209e-15	6.760411e-03
2	137	R1	4.166667e-01	4.166667e-01	3.433729e-08	-7.612958e-15	7.291667e-03
2	138	R1	3.937008e-01	3.937008e-01	3.636256e-08	-4.023997e-15	1.379503e-02
2	139	R1	4.068348e-01	4.068348e-01	3.517648e-08	0.000000e+00	1.125499e-02
2	140	R1	4.110152e-01	4.110152e-01	3.481479e-08	3.911877e-15	1.419041e-02
2	141	R1	3.927730e-01	3.927730e-01	3.644933e-08	0.000000e+00	1.295873e-02
2	142	R1	3.947888e-01	3.947888e-01	3.626133e-08	3.526381e-15	1.574168e-02
2	143	R1	3.960396e-01	3.960396e-01	3.614563e-08	-3.648642e-15	1.521419e-02
2	144	R1	4.180602e-01	4.180602e-01	3.422152e-08	3.781145e-15	1.468104e-02
2	145	R1	4.262575e-01	4.262575e-01	3.355576e-08	4.605908e-07	1.362716e-02
2	146	R1	4.240882e-01	4.240882e-01	3.372945e-08	2.911803e-15	1.906419e-02
2	147	R1	3.443526e-01	3.443526e-01	4.162330e-08	-4.501322e-15	1.233219e-02
2	148	R1	4.496403e-01	4.496403e-01	3.178925e-08	0.000000e+00	1.354582e-02
2	149	R1	4.103406e-01	4.103406e-01	3.487266e-08	4.070111e-15	1.363873e-02
2	150	R1	3.341129e-01	3.341129e-01	4.290871e-08	0.000000e+00	7.646754e-02
2	152	R1	4.222973e-01	4.222973e-01	3.387419e-08	-1.596280e-14	6.955065e-03
2	153	R1	4.022526e-01	4.022526e-01	3.558153e-08	2.189807e-14	7.604937e-03
2	154	R1	3.831418e-01	3.831418e-01	3.737475e-08	7.562950e-15	7.339881e-03
2	156	R1	3.729952e-01	3.729952e-01	3.840114e-08	-3.469573e-15	1.599942e-02
2	157	R1	4.262575e-01	4.262575e-01	3.355576e-08	-2.083075e-14	7.994599e-03
2	158	R1	4.468275e-01	4.468275e-01	3.199203e-08	-2.195018e-14	7.586884e-03
2	159	R1	5.376344e-01	5.376344e-01	2.650983e-08	0.000000e+00	1.185108e-02
2	160	R1	3.444712e-01	3.444712e-01	4.160886e-08	0.000000e+00	1.340863e-02
2	161	R1	4.038772e-01	4.038772e-01	3.543688e-08	-1.134384e-14	4.893504e-03
2	167	R1	4.011231e-01	4.011231e-01	3.568279e-08	0.000000e+00	4.231664e-02
2	168	R1	3.292723e-01	3.292723e-01	4.354408e-08	1.712374e-15	3.241766e-02
2	169	R1	4.589261e-01	4.589261e-01	3.113735e-08	0.000000e+00	1.137311e-02
2	170	R1	3.940110e-01	3.940110e-01	3.633364e-08	0.000000e+00	1.350629e-02
2	172	R1	5.058169e-01	5.058169e-01	2.820851e-08	3.055872e-15	3.633080e-02
2	173	R1	5.159959e-01	5.159959e-01	2.764250e-08	-2.382757e-15	4.659405e-02
2	174	R1	4.189359e-01	4.189359e-01	3.414916e-08	-3.765354e-15	1.474261e-02
2	175	R1	6.002401e-01	6.002401e-01	2.368834e-08	-7.166247e-15	3.098478e-02
2	176	R1	4.847310e-01	4.847310e-01	2.945599e-08	0.000000e+00	8.223744e-03
2	177	R1	3.883495e-01	3.883495e-01	3.686869e-08	5.412847e-15	1.025544e-02
2	179	R1	4.454343e-01	4.454343e-01	3.209341e-08	0.000000e+00	7.539645e-03
2	180	R1	4.349717e-01	4.349717e-01	3.287536e-08	0.000000e+00	1.305483e-02
2	181	R1	4.528986e-01	4.528986e-01	3.155749e-08	-3.584523e-15	3.097268e-02
2	182	R1	4.203447e-01	4.203447e-01	3.403339e-08	-4.080171e-15	1.360510e-02
2	183	R1	4.551661e-01	4.551661e-01	3.139814e-08	-2.791060e-15	1.988892e-02
2	184	R1	4.027386e-01	4.027386e-01	3.553814e-08	-9.006376e-15	6.163539e-03
2	185	R1	3.976143e-01	3.976143e-01	3.600100e-08	1.819277e-15	3.051275e-02
2	186	R1	3.731343e-01	3.731343e-01	3.838668e-08	-2.331598e-15	2.380820e-02
2	187	R1	4.510600e-01	4.510600e-01	3.168786e-08	3.410528e-15	1.627641e-02
2	190	R1	4.192872e-01	4.192872e-01	3.412022e-08	1.403377e-14	7.911079e-03
2	194	R1	4.344049e-01	4.344049e-01	3.291880e-08	5.348453e-15	1.037892e-02
2	195	R1	3.926188e-01	3.926188e-01	3.646379e-08	0.000000e+00	6.782578e-03
2	196	R1	3.591954e-01	3.591954e-01	3.988967e-08	-1.265435e-14	4.386725e-03
2	197	R1	3.810976e-01	3.810976e-01	3.757716e-08	9.682776e-07	5.809414e-03
2	198	R1	4.275331e-01	4.275331e-01	3.345443e-08	3.412327e-15	1.626783e-02
2	199	R1	4.222973e-01	4.222973e-01	3.387419e-08	-1.131907e-14	9.808425e-03
2	200	R1	4.100041e-01	4.100041e-01	3.490160e-08	0.000000e+00	1.243965e-02
2	201	R1	4.037142e-01	4.037142e-01	3.545134e-08	-1.216394e-14	9.127167e-03
2	202	R1	4.180602e-01	4.180602e-01	3.422152e-08	7.386422e-15	7.515296e-03
2	203	R1	4.293688e-01	4.293688e-01	3.330968e-08	-8.943738e-15	1.862012e-02
2	204	R1	3.816794e-01	3.816794e-01	3.751933e-08	4.233897e-15	1.311112e-02
2	205	R1	3.235199e-01	3.235199e-01	4.432377e-08	0.000000e+00	2.302633e-02
2	212	R1	4.161465e-01	4.161465e-01	3.438070e-08	-1.082919e-15	5.126066e-02
2	213	R1	3.314551e-01	3.314551e-01	4.325528e-08	-6.562059e-15	8.459411e-03
2	214	R1	3.628447e-01	3.628447e-01	3.948507e-08	-6.692650e-15	8.294346e-03
2	215	R1	3.313453e-01	3.313453e-01	4.326972e-08	-2.466408e-15	2.250688e-02
2	216	R1	3.444712e-01	3.444712e-01	4.160886e-08	0.000000e+00	1.151006e-02
2	217	R1	3.935458e-01	3.935458e-01	3.637702e-08	-2.146214e-15	2.586468e-02
2	218	R1	4.182350e-01	4.182350e-01	3.420705e-08	0.000000e+00	2.623808e-03
2	219	R1	4.325260e-01	4.325260e-01	3.306357e-08	0.000000e+00	1.178596e-02
2	220	R1	3.880481e-01	3.880481e-01	3.689761e-08	2.771772e-15	2.002732e-02
2	221	R1	4.151100e-01	4.151100e-01	3.446752e-08	0.000000e+00	9.132765e-03
2	222	R1	3.886514e-01	3.886514e-01	3.683977e-08	0.000000e+00	8.156694e-03
2	223	R1	3.765060e-01	3.765060e-01	3.803976e-08	-5.933247e-15	9.355948e-03
2	224	R1	4.068348e-01	4.068348e-01	3.517648e-08	-7.135857e-15	7.779185e-03
2	225	R1	4.009623e-01	4.009623e-01	3.569725e-08	0.000000e+00	2.057866e-02
2	226	R1	3.226847e-01	3.226847e-01	4.443928e-08	-7.204298e-15	7.705283e-03
2	227	R1	3.529827e-01	3.529827e-01	4.059764e-08	0.000000e+00	1.694516e-02
2	235	R1	4.363002e-01	4.363002e-01	3.277401e-08	-8.836810e-15	1.884543e-02
2	236	R1	4.336513e-01	4.336513e-01	3.297671e-08	9.371051e-15	1.184737e-02
2	237	R1	4.024145e-01	4.024145e-01	3.556707e-08	0.000000e+00	1.165949e-02
2	239	R1	4.315926e-01	4.315926e-01	3.313596e-08	-4.197338e-15	1.322532e-02
2	240	R1	3.752345e-01	3.752345e-01	3.816986e-08	-6.257979e-15	8.870460e-03
2	241	R1	4.073320e-01	4.073320e-01	3.513308e-08	5.567248e-07	1.078476e-02
2	242	R1	3.729952e-01	3.729952e-01	3.840114e-08	3.500008e-15	1.586029e-02
2	243	R1	3.871467e-01	3.871467e-01	3.698437e-08	3.703642e-15	2.997652e-02
2	245	R1	3.780718e-01	3.780718e-01	3.788075e-08	-7.925661e-15	7.003977e-03
2	246	R1	3.492840e-01	3.492840e-01	4.103104e-08	-1.784361e-14	6.221964e-03
2	247	R1	3.900156e-01	3.900156e-01	3.670963e-08	9.603569e-15	5.780262e-03
2	248	R1	7.468260e-01	7.468260e-01	1.891185e-08	5.687263e-14	3.904243e-03


