4	3.183699e+01	0.000000e+00	-5.900000e-02	1.100000e-02	4.585053e-01	0.000000e+00	4.922006e-02	
5	4.555809e+01	0.000000e+00	7.330000e-01	1.500000e-02	2.906977e-01	0.000000e+00	7.867824e-03	
6	5.241090e+01	0.000000e+00	7.060000e-01	1.000000e-02	2.915452e-01	1.104982e-03	8.688705e-03	
9	5.279831e+01	2.787662e-01	1.160000e+00	3.730000e-01	3.146633e-01	3.683284e-02	-5.103498e-03	
10	5.497526e+01	5.137875e-01	5.760000e-01	2.480000e-01	3.933910e-01	2.909422e-02	1.690800e-02	
11	5.133470e+01	0.000000e+00	8.800000e-01	2.500000e-02	2.467308e-01	0.000000e+00	3.001280e-03	
13	5.405405e+01	0.000000e+00	8.710000e-01	2.200000e-02	2.872738e-01	0.000000e+00	3.756536e-03	
14	5.065856e+01	0.000000e+00	8.560000e-01	3.200000e-02	2.638522e-01	1.392360e-04	3.851458e-03	
15	4.623209e+01	0.000000e+00	7.950000e-01	1.500000e-02	2.699784e-01	0.000000e+00	5.610282e-03	
16	3.888025e+01	0.000000e+00	7.310000e-01	8.000000e-03	2.590674e-01	0.000000e+00	7.064262e-03	
17	5.515720e+01	0.000000e+00	7.460000e-01	2.600000e-02	2.390629e-01	0.000000e+00	6.155278e-03	
18	5.913661e+01	0.000000e+00	7.970000e-01	2.900000e-02	2.207993e-01	1.950093e-03	4.543553e-03	
19	5.458515e+01	0.000000e+00	7.210000e-01	1.700000e-02	2.463661e-01	0.000000e+00	6.967661e-03	
20	6.035003e+01	0.000000e+00	8.490000e-01	3.000000e-02	2.465483e-01	6.078608e-05	3.773817e-03	
21	6.273526e+01	0.000000e+00	8.700000e-01	4.600000e-02	2.375861e-01	1.693415e-04	3.130879e-03	
22	5.800464e+01	0.000000e+00	8.340000e-01	2.000000e-02	2.435460e-01	0.000000e+00	4.098180e-03	
23	5.757052e+01	0.000000e+00	8.220000e-01	1.600000e-02	2.574665e-01	0.000000e+00	4.645609e-03	
24	6.049607e+01	0.000000e+00	7.670000e-01	1.500000e-02	2.432498e-01	0.000000e+00	5.745268e-03	
26	5.777008e+01	0.000000e+00	8.680000e-01	1.700000e-02	2.475860e-01	0.000000e+00	3.312851e-03	
27	6.035003e+01	0.000000e+00	8.690000e-01	2.300000e-02	2.383790e-01	0.000000e+00	3.165492e-03	
29	5.643341e+01	0.000000e+00	7.920000e-01	1.400000e-02	2.323420e-01	0.000000e+00	4.898836e-03	
30	4.987531e+01	0.000000e+00	6.980000e-01	1.500000e-02	2.748763e-01	0.000000e+00	8.414844e-03	
31	5.543237e+01	0.000000e+00	6.980000e-01	1.200000e-02	2.700513e-01	0.000000e+00	8.267136e-03	
32	4.053506e+01	0.000000e+00	6.200000e-01	7.000000e-03	3.188776e-01	0.000000e+00	1.228314e-02	
33	3.937008e+01	0.000000e+00	5.320000e-01	6.000000e-03	3.074085e-01	0.000000e+00	1.458356e-02	
34	4.170142e+01	0.000000e+00	6.430000e-01	1.100000e-02	3.246753e-01	0.000000e+00	1.174950e-02	
35	4.938272e+01	0.000000e+00	6.670000e-01	1.400000e-02	3.370408e-01	0.000000e+00	1.137702e-02	
36	4.411116e+01	0.000000e+00	6.840000e-01	1.700000e-02	3.773585e-01	0.000000e+00	1.208768e-02	
37	4.409171e+01	0.000000e+00	5.420000e-01	1.000000e-02	3.237294e-01	0.000000e+00	1.502967e-02	
38	5.055612e+01	0.000000e+00	7.990000e-01	1.600000e-02	2.793296e-01	2.886926e-03	5.691344e-03	
39	4.486317e+01	0.000000e+00	7.560000e-01	9.000000e-03	2.660282e-01	0.000000e+00	6.579901e-03	
40	3.385240e+01	1.260584e-01	5.520000e-01	2.110000e-01	3.752345e-01	2.393616e-03	1.704051e-02	
42	5.047956e+01	5.096371e-01	5.000000e-01	2.020000e-01	3.288392e-01	3.730665e-02	1.666692e-02	
46	5.107252e+01	0.000000e+00	5.230000e-01	8.000000e-03	3.314551e-01	0.000000e+00	1.602673e-02	
48	5.428882e+01	5.894551e-02	8.170000e-01	1.170000e-01	2.562132e-01	9.846778e-04	4.752853e-03	
49	5.602241e+01	0.000000e+00	9.340000e-01	3.800000e-02	2.483238e-01	6.166472e-05	1.661362e-03	
50	5.219207e+01	0.000000e+00	8.020000e-01	2.100000e-02	2.334812e-01	0.000000e+00	4.686180e-03	
53	5.521811e+01	0.000000e+00	7.940000e-01	1.400000e-02	2.530364e-01	0.000000e+00	5.283870e-03	
54	5.154639e+01	0.000000e+00	8.080000e-01	1.200000e-02	2.840102e-01	0.000000e+00	5.527606e-03	
56	4.690432e+01	0.000000e+00	8.920000e-01	1.500000e-02	2.735230e-01	0.000000e+00	2.994466e-03	
57	4.454343e+01	0.000000e+00	7.740000e-01	8.000000e-03	2.794077e-01	0.000000e+00	6.401011e-03	
58	4.623209e+01	0.000000e+00	7.150000e-01	1.800000e-02	3.147624e-01	2.575959e-03	9.093467e-03	
59	5.007511e+01	0.000000e+00	7.530000e-01	1.300000e-02	2.847380e-01	0.000000e+00	7.129257e-03	
60	5.903188e+01	0.000000e+00	8.480000e-01	1.500000e-02	2.536140e-01	4.116484e-03	3.907677e-03	
61	4.852014e+01	0.000000e+00	7.510000e-01	1.600000e-02	2.760144e-01	0.000000e+00	6.966792e-03	
63	3.743916e+01	2.803382e-02	7.010000e-01	1.000000e-01	3.397893e-01	1.928128e-02	1.029871e-02	
64	5.181347e+01	0.000000e+00	8.610000e-01	3.800000e-02	2.169668e-01	9.414919e-05	3.057102e-03	
65	5.099439e+01	0.000000e+00	9.180000e-01	2.300000e-02	2.711497e-01	0.000000e+00	2.253849e-03	
66	4.995005e+01	0.000000e+00	7.550000e-01	2.100000e-02	2.607562e-01	0.000000e+00	6.475936e-03	
67	5.534034e+01	3.062554e-02	8.740000e-01	6.300000e-02	2.651816e-01	7.172773e-03	3.387005e-03	
71	5.274262e+01	0.000000e+00	7.520000e-01	1.200000e-02	2.717391e-01	0.000000e+00	6.831337e-03	
72	4.821601e+01	0.000000e+00	8.270000e-01	1.500000e-02	2.917153e-01	2.893325e-03	5.115724e-03	
73	4.701457e+01	0.000000e+00	8.300000e-01	1.400000e-02	2.924832e-01	0.000000e+00	5.040245e-03	
74	4.401408e+01	0.000000e+00	7.860000e-01	2.600000e-02	2.468526e-01	6.093622e-05	5.354925e-03	
75	5.534034e+01	3.062554e-02	8.620000e-01	5.500000e-02	2.414876e-01	2.915812e-04	3.378125e-03	
76	4.980080e+01	0.000000e+00	9.050000e-01	3.300000e-02	2.725538e-01	7.428559e-05	2.624688e-03	
77	6.024096e+01	0.000000e+00	8.380000e-01	2.600000e-02	2.721088e-01	7.404322e-05	4.468477e-03	
78	5.078720e+01	0.000000e+00	8.590000e-01	1.600000e-02	2.508781e-01	0.000000e+00	3.585780e-03	
79	7.598784e+01	5.774152e-02	8.690000e-01	6.800000e-02	2.691790e-01	1.137580e-02	3.574492e-03	
81	5.083884e+01	0.000000e+00	8.760000e-01	3.400000e-02	2.703433e-01	8.404835e-03	3.398124e-03	
82	5.173306e+01	0.000000e+00	7.510000e-01	2.800000e-02	3.485535e-01	1.214895e-04	8.797730e-03	
85	5.257624e+01	0.000000e+00	8.450000e-01	1.300000e-02	3.075031e-01	0.000000e+00	4.831511e-03	
87	5.685048e+01	0.000000e+00	8.100000e-01	1.400000e-02	2.907822e-01	2.536629e-03	5.600454e-03	
88	6.153846e+01	0.000000e+00	7.820000e-01	1.900000e-02	2.602811e-01	0.000000e+00	5.751763e-03	
89	4.662005e+01	0.000000e+00	7.550000e-01	1.400000e-02	2.675943e-01	0.000000e+00	6.645763e-03	
90	5.824112e+01	0.000000e+00	9.030000e-01	4.900000e-02	2.742732e-01	1.504516e-04	2.696851e-03	
94	6.697924e+01	0.000000e+00	9.180000e-01	5.600000e-02	2.109705e-01	2.225427e-04	1.753628e-03	
95	6.075334e+01	0.000000e+00	8.250000e-01	4.900000e-02	2.770851e-01	2.303284e-04	4.915334e-03	
97	8.688097e+01	1.887076e+00	1.140000e+00	3.420000e-01	2.579979e-01	6.789419e-02	-3.661391e-03	
98	6.578947e+01	4.328255e-02	8.350000e-01	8.400000e-02	2.646903e-01	7.706706e-04	4.427146e-03	
100	5.154639e+01	0.000000e+00	8.220000e-01	4.100000e-02	2.618487e-01	2.056941e-04	4.724678e-03	
101	5.189414e+01	0.000000e+00	8.130000e-01	3.900000e-02	2.701243e-01	1.459342e-04	5.120437e-03	
102	5.701254e+01	0.000000e+00	8.920000e-01	5.000000e-02	2.414876e-01	1.749487e-04	2.643750e-03	
103	5.053057e+01	0.000000e+00	9.630000e-01	2.200000e-02	2.588662e-01	0.000000e+00	9.709097e-04	
104	4.805382e+01	0.000000e+00	8.280000e-01	1.900000e-02	2.991325e-01	0.000000e+00	5.215475e-03	
105	5.592841e+01	0.000000e+00	8.200000e-01	2.200000e-02	2.326122e-01	0.000000e+00	4.244308e-03	
106	4.773270e+01	0.000000e+00	7.310000e-01	1.800000e-02	2.956830e-01	0.000000e+00	8.062700e-03	
107	4.714757e+01	0.000000e+00	8.010000e-01	1.600000e-02	3.031222e-01	0.000000e+00	6.114664e-03	
108	5.104645e+01	0.000000e+00	8.480000e-01	1.900000e-02	2.838490e-01	0.000000e+00	4.373537e-03	
109	5.211047e+01	0.000000e+00	8.530000e-01	3.600000e-02	2.770851e-01	7.677613e-05	4.128880e-03	
110	5.931198e+01	0.000000e+00	8.000000e-01	2.500000e-02	2.965599e-01	4.397389e-03	6.012350e-03	
111	5.241090e+01	0.000000e+00	8.050000e-01	1.700000e-02	2.967359e-01	4.842871e-03	5.865520e-03	
113	5.347594e+01	2.859676e-02	6.440000e-01	1.060000e-01	3.060912e-01	8.713340e-03	1.104594e-02	
115	5.246590e+01	0.000000e+00	8.850000e-01	1.200000e-02	2.777006e-01	0.000000e+00	3.237252e-03	
116	4.977601e+01	0.000000e+00	7.270000e-01	1.600000e-02	2.933412e-01	0.000000e+00	8.117784e-03	
118	4.904365e+01	0.000000e+00	9.220000e-01	1.200000e-02	2.899391e-01	0.000000e+00	2.292468e-03	
119	4.500450e+01	0.000000e+00	7.390000e-01	1.400000e-02	2.922268e-01	0.000000e+00	7.731475e-03	
120	4.854369e+01	0.000000e+00	7.180000e-01	1.400000e-02	3.083565e-01	0.000000e+00	8.814628e-03	
121	5.393743e+01	0.000000e+00	8.240000e-01	1.100000e-02	2.849815e-01	0.000000e+00	5.084300e-03	
122	5.524862e+01	0.000000e+00	8.350000e-01	2.100000e-02	2.639916e-01	0.000000e+00	4.415459e-03	
128	6.082725e+01	1.109986e-01	9.630000e-01	1.430000e-01	2.522068e-01	1.717423e-02	9.459330e-04	
129	6.207325e+01	0.000000e+00	8.420000e-01	3.500000e-02	2.392344e-01	5.723312e-05	3.831622e-03	
130	4.882812e+01	0.000000e+00	8.500000e-01	4.400000e-02	2.906132e-01	3.631609e-03	4.418842e-03	
131	5.640158e+01	6.362276e-02	8.310000e-01	8.100000e-02	2.416626e-01	6.424091e-04	4.139978e-03	
132	5.803831e+01	0.000000e+00	6.910000e-01	2.300000e-02	2.770083e-01	7.673360e-05	8.676671e-03	
133	4.732608e+01	0.000000e+00	8.730000e-01	4.500000e-02	2.689618e-01	7.234045e-05	3.462551e-03	
135	5.998800e+01	0.000000e+00	8.890000e-01	2.700000e-02	2.470966e-01	6.105674e-05	2.780300e-03	
136	5.154639e+01	0.000000e+00	7.460000e-01	1.800000e-02	2.657454e-01	3.884134e-03	6.842288e-03	
137	5.524862e+01	0.000000e+00	8.350000e-01	2.100000e-02	2.639916e-01	0.000000e+00	4.415459e-03	
138	5.319149e+01	0.000000e+00	7.600000e-01	2.800000e-02	2.585315e-01	6.683856e-05	6.289652e-03	
139	4.965243e+01	0.000000e+00	7.470000e-01	1.900000e-02	2.973536e-01	0.000000e+00	7.625977e-03	
140	5.107252e+01	0.000000e+00	7.580000e-01	1.700000e-02	2.756340e-01	0.000000e+00	6.761607e-03	
141	4.748338e+01	0.000000e+00	7.590000e-01	1.700000e-02	2.753304e-01	0.000000e+00	6.726251e-03	
142	5.458515e+01	0.000000e+00	9.090000e-01	2.600000e-02	2.740477e-01	0.000000e+00	2.527955e-03	
143	5.889282e+01	0.000000e+00	8.510000e-01	2.400000e-02	2.818489e-01	2.859797e-03	4.257008e-03	
144	5.359057e+01	0.000000e+00	8.400000e-01	2.900000e-02	2.935134e-01	8.615009e-05	4.760468e-03	
145	5.189414e+01	0.000000e+00	8.320000e-01	2.000000e-02	2.993116e-01	0.000000e+00	5.097235e-03	
146	5.302227e+01	0.000000e+00	8.330000e-01	3.100000e-02	2.852253e-01	8.135349e-05	4.828435e-03	
147	5.425936e+01	2.944078e-02	8.970000e-01	5.200000e-02	2.248201e-01	2.021764e-04	2.347331e-03	
148	4.547522e+01	0.000000e+00	8.830000e-01	3.200000e-02	3.090235e-01	9.549551e-05	3.665044e-03	
149	5.282620e+01	0.000000e+00	7.940000e-01	4.300000e-02	2.853067e-01	9.360990e-03	5.957733e-03	
150	5.282620e+01	2.790608e-01	7.430000e-01	1.920000e-01	3.016591e-01	3.548931e-03	7.858713e-03	
152	4.821601e+01	0.000000e+00	8.400000e-01	1.800000e-02	2.846570e-01	0.000000e+00	4.616828e-03	
153	4.768717e+01	0.000000e+00	8.470000e-01	2.700000e-02	2.701972e-01	7.300655e-05	4.190580e-03	
154	4.938272e+01	0.000000e+00	7.390000e-01	1.200000e-02	2.540650e-01	0.000000e+00	6.721826e-03	
156	4.152824e+01	0.000000e+00	1.770000e-01	1.600000e-02	2.956830e-01	0.000000e+00	2.466767e-02	
157	4.314064e+01	0.000000e+00	5.450000e-01	1.800000e-02	3.045995e-01	0.000000e+00	1.404890e-02	
158	5.010020e+01	0.000000e+00	7.710000e-01	2.900000e-02	3.252033e-01	1.057572e-04	7.549048e-03	
159	4.235493e+01	0.000000e+00	5.360000e-01	2.500000e-02	3.920031e-01	0.000000e+00	1.843781e-02	
160	5.216484e+01	2.721171e-02	7.220000e-01	6.300000e-02	2.332090e-01	2.719321e-04	6.571914e-03	
161	4.593477e+01	0.000000e+00	6.800000e-01	2.400000e-02	2.780868e-01	3.093290e-03	9.020532e-03	
167	9.861933e+01	2.917732e-01	8.600000e-01	1.110000e-01	2.819284e-01	1.597621e-02	4.001001e-03	
168	5.970149e+01	1.069280e-01	7.870000e-01	1.070000e-01	3.162555e-01	2.280400e-02	6.828410e-03	
169	5.221932e+01	0.000000e+00	7.280000e-01	3.100000e-02	3.217503e-01	2.070465e-04	8.871350e-03	
170	5.580357e+01	0.000000e+00	7.410000e-01	1.400000e-02	2.644104e-01	0.000000e+00	6.941928e-03	
172	5.291005e+01	1.959632e-01	6.600000e-01	1.140000e-01	3.818251e-01	5.831617e-03	1.315968e-02	
173	3.841721e+01	8.855293e-02	5.650000e-01	9.800000e-02	4.086637e-01	3.290018e-02	1.802010e-02	
174	9.541985e+01	9.104947e-02	7.290000e-01	7.100000e-02	3.544842e-01	6.282953e-04	9.737961e-03	
175	3.901678e+01	3.044618e-02	4.040000e-01	6.500000e-02	4.524887e-01	1.433222e-03	2.733731e-02	
176	4.938272e+01	0.000000e+00	5.110000e-01	1.200000e-02	3.579098e-01	0.000000e+00	1.774125e-02	
177	5.995204e+01	0.000000e+00	7.910000e-01	5.100000e-02	2.828054e-01	2.399367e-04	5.991504e-03	
179	5.002501e+01	0.000000e+00	8.310000e-01	3.200000e-02	2.883506e-01	8.314609e-05	4.939801e-03	
180	4.568296e+01	0.000000e+00	8.260000e-01	3.200000e-02	3.046923e-01	9.283737e-05	5.374184e-03	
181	5.047956e+01	5.096371e-02	8.440000e-01	8.000000e-02	3.575259e-01	1.610592e-02	5.653716e-03	
182	5.047956e+01	0.000000e+00	8.420000e-01	2.900000e-02	2.794857e-01	7.811228e-05	4.476294e-03	
183	4.821601e+01	0.000000e+00	8.530000e-01	1.400000e-02	3.281917e-01	2.046486e-03	4.890426e-03	
184	4.948046e+01	0.000000e+00	7.350000e-01	1.900000e-02	2.886836e-01	0.000000e+00	7.754786e-03	
185	5.820722e+01	1.016424e-01	7.890000e-01	9.000000e-02	2.965599e-01	9.674256e-04	6.343029e-03	
186	6.523157e+01	4.255158e-02	8.590000e-01	1.000000e-01	2.213369e-01	2.449501e-04	3.163550e-03	
187	4.899559e+01	0.000000e+00	7.730000e-01	1.000000e-02	3.330003e-01	0.000000e+00	7.662533e-03	
190	4.938272e+01	0.000000e+00	8.520000e-01	1.100000e-02	2.929115e-01	0.000000e+00	4.394405e-03	
194	4.757374e+01	0.000000e+00	7.650000e-01	1.800000e-02	2.980626e-01	0.000000e+00	7.100308e-03	
195	4.759638e+01	0.000000e+00	8.720000e-01	3.200000e-02	2.715915e-01	7.376196e-05	3.523936e-03	
196	5.167959e+01	0.000000e+00	7.860000e-01	2.400000e-02	2.566076e-01	6.584748e-05	5.566538e-03	
197	4.593477e+01	0.000000e+00	7.520000e-01	1.600000e-02	2.624672e-01	0.000000e+00	6.598247e-03	
198	4.889976e+01	0.000000e+00	8.500000e-01	3.600000e-02	3.107520e-01	9.656682e-05	4.725057e-03	
199	4.826255e+01	0.000000e+00	8.020000e-01	1.900000e-02	3.012956e-01	0.000000e+00	6.047276e-03	
200	5.091650e+01	0.000000e+00	8.660000e-01	3.000000e-02	2.739726e-01	7.506099e-05	3.721464e-03	
201	4.750594e+01	0.000000e+00	7.870000e-01	1.700000e-02	2.867795e-01	0.000000e+00	6.191979e-03	
202	4.844961e+01	0.000000e+00	8.490000e-01	2.900000e-02	2.960332e-01	8.763563e-05	4.531262e-03	
203	4.980080e+01	0.000000e+00	7.230000e-01	4.200000e-02	3.086420e-01	3.810395e-03	8.666357e-03	
204	5.431831e+01	0.000000e+00	7.020000e-01	3.200000e-02	2.869440e-01	1.646738e-04	8.667929e-03	
205	5.238345e+01	2.744026e-02	8.760000e-01	6.700000e-02	2.541296e-01	3.874911e-04	3.194323e-03	
212	2.083333e+02	6.076389e+01	5.590000e-01	1.670000e-01	3.311258e-01	8.990834e-03	1.480245e-02	
213	5.659310e+01	0.000000e+00	8.700000e-01	3.800000e-02	2.566076e-01	3.687459e-03	3.381542e-03	
214	5.455537e+01	0.000000e+00	7.620000e-01	3.200000e-02	2.510670e-01	6.303466e-05	6.057152e-03	
215	6.246096e+01	0.000000e+00	7.370000e-01	4.700000e-02	2.466091e-01	1.824482e-04	6.574561e-03	
216	6.071645e+01	3.686488e-02	7.960000e-01	6.000000e-02	2.498126e-01	4.368445e-04	5.165905e-03	
217	5.431831e+01	2.950478e-02	7.790000e-01	7.300000e-02	2.901915e-01	7.494790e-03	6.500980e-03	
218	4.909180e+01	0.000000e+00	7.680000e-01	1.700000e-02	2.953337e-01	0.000000e+00	6.945490e-03	
219	5.707763e+01	0.000000e+00	7.040000e-01	2.300000e-02	2.880184e-01	8.295462e-05	8.641991e-03	
220	5.995204e+01	3.594247e-02	7.410000e-01	6.400000e-02	2.818489e-01	1.437843e-02	7.399766e-03	
221	4.664179e+01	0.000000e+00	8.400000e-01	2.800000e-02	2.715915e-01	7.376196e-05	4.404920e-03	
222	4.873294e+01	0.000000e+00	7.250000e-01	2.200000e-02	2.725538e-01	7.428559e-05	7.597782e-03	
223	5.580357e+01	0.000000e+00	7.410000e-01	1.400000e-02	2.644104e-01	0.000000e+00	6.941928e-03	
224	4.911591e+01	0.000000e+00	7.610000e-01	1.300000e-02	3.078818e-01	2.654153e-03	7.459053e-03	
225	4.719207e+01	4.454183e-02	7.900000e-01	7.100000e-02	2.556891e-01	5.230153e-04	5.442937e-03	
226	5.955926e+01	0.000000e+00	8.650000e-01	1.900000e-02	2.125399e-01	0.000000e+00	2.908546e-03	
227	5.197505e+01	2.701406e-02	9.320000e-01	5.900000e-02	2.566735e-01	2.635252e-04	1.769261e-03	
235	5.205622e+01	2.709850e-02	8.250000e-01	6.800000e-02	3.121099e-01	1.636531e-02	5.536654e-03	
236	5.144033e+01	0.000000e+00	9.690000e-01	4.600000e-02	2.910361e-01	1.694040e-04	9.145562e-04	
237	5.005005e+01	0.000000e+00	7.730000e-01	2.000000e-02	2.728513e-01	0.000000e+00	6.278468e-03	
239	5.892752e+01	0.000000e+00	7.300000e-01	2.600000e-02	3.012956e-01	0.000000e+00	8.246285e-03	
240	5.980861e+01	0.000000e+00	8.350000e-01	2.900000e-02	2.685285e-01	5.552280e-03	4.491342e-03	
241	5.571031e+01	0.000000e+00	8.400000e-01	2.500000e-02	2.940312e-01	8.645433e-05	4.768867e-03	
242	5.370569e+01	0.000000e+00	9.560000e-01	2.400000e-02	2.569373e-01	0.000000e+00	1.145992e-03	
243	5.455537e+01	5.952578e-02	7.100000e-01	7.800000e-02	2.757860e-01	2.000323e-02	8.107221e-03	
245	5.083884e+01	0.000000e+00	7.410000e-01	1.500000e-02	2.610285e-01	0.000000e+00	6.853138e-03	
246	5.991612e+01	0.000000e+00	6.720000e-01	1.400000e-02	2.775465e-01	0.000000e+00	9.228081e-03	
247	5.005005e+01	0.000000e+00	6.500000e-01	2.000000e-02	2.820079e-01	0.000000e+00	1.000532e-02	
248	3.601008e+01	0.000000e+00	4.690000e-01	6.000000e-03	6.365372e-01	0.000000e+00	3.426259e-02	
