4	2.579314e+01	0.000000e+00	-4.600000e-02	1.200000e-02	5.675369e-01	9.985042e-03	6.017660e-02	
5	3.753754e+01	6.622614e-01	7.060000e-01	1.400000e-02	4.159734e-01	5.710117e-03	1.239695e-02	
6	4.476276e+01	0.000000e+00	7.690000e-01	1.100000e-02	3.897116e-01	6.075006e-03	9.125510e-03	
9	4.407228e+01	2.719312e-01	9.830000e-01	2.340000e-01	4.904365e-01	4.521925e-02	8.451495e-04	
10	4.061738e+01	1.814749e-01	8.850000e-01	2.080000e-01	5.096840e-01	5.767067e-02	5.941563e-03	
11	4.212300e+01	0.000000e+00	8.980000e-01	2.000000e-02	3.556188e-01	1.960203e-02	3.676941e-03	
13	4.198153e+01	0.000000e+00	9.150000e-01	2.200000e-02	4.173623e-01	8.361181e-03	3.596118e-03	
14	4.144219e+01	8.930766e-01	7.360000e-01	2.500000e-02	3.753754e-01	1.268160e-02	1.004550e-02	
15	3.706449e+01	0.000000e+00	8.250000e-01	1.400000e-02	3.949447e-01	9.202898e-03	7.006098e-03	
16	3.558719e+01	0.000000e+00	8.420000e-01	8.000000e-03	3.816794e-01	8.595070e-03	6.113046e-03	
17	4.646840e+01	4.966418e-01	7.730000e-01	2.500000e-02	3.522367e-01	1.079415e-02	8.105173e-03	
18	4.870921e+01	0.000000e+00	8.210000e-01	2.300000e-02	3.332223e-01	7.550521e-03	6.046289e-03	
19	4.444444e+01	0.000000e+00	7.490000e-01	1.500000e-02	3.554924e-01	8.340738e-03	9.044943e-03	
20	4.510600e+01	0.000000e+00	8.030000e-01	2.600000e-02	3.588088e-01	1.120070e-02	7.165246e-03	
21	5.030181e+01	5.060544e-02	9.080000e-01	4.900000e-02	3.412969e-01	2.085056e-02	3.182893e-03	
22	4.723666e+01	0.000000e+00	8.580000e-01	1.900000e-02	3.528582e-01	1.419401e-02	5.079142e-03	
23	4.528986e+01	0.000000e+00	7.640000e-01	1.400000e-02	3.558719e-01	7.092109e-03	8.513488e-03	
24	4.840271e+01	0.000000e+00	7.490000e-01	1.300000e-02	3.309067e-01	7.226949e-03	8.419399e-03	
26	4.730369e+01	0.000000e+00	8.990000e-01	1.700000e-02	3.690037e-01	9.531461e-03	3.777930e-03	
27	4.504505e+01	0.000000e+00	9.220000e-01	2.200000e-02	3.435246e-01	4.602356e-03	2.716153e-03	
29	4.385965e+01	8.464143e-01	8.540000e-01	1.500000e-02	3.419973e-01	8.187349e-03	5.061478e-03	
30	3.985652e+01	0.000000e+00	7.280000e-01	1.500000e-02	3.835827e-01	5.885426e-03	1.057620e-02	
31	4.304778e+01	0.000000e+00	8.050000e-01	1.200000e-02	3.485535e-01	5.102561e-03	6.889789e-03	
32	3.401361e+01	0.000000e+00	6.340000e-01	7.000000e-03	4.222973e-01	1.194845e-02	1.566755e-02	
33	3.083565e+01	3.898432e-01	6.550000e-01	7.000000e-03	4.020909e-01	4.203604e-03	1.406194e-02	
34	3.364738e+01	0.000000e+00	6.140000e-01	1.000000e-02	4.389816e-01	6.359259e-03	1.717653e-02	
35	4.043672e+01	0.000000e+00	6.630000e-01	1.400000e-02	4.424779e-01	1.429243e-02	1.511553e-02	
36	3.269042e+01	3.633456e-01	7.230000e-01	1.900000e-02	5.007511e-01	5.015034e-03	1.406059e-02	
37	3.546099e+01	0.000000e+00	6.040000e-01	1.100000e-02	4.659832e-01	7.382772e-03	1.870541e-02	
38	4.359198e+01	0.000000e+00	8.100000e-01	1.300000e-02	4.113534e-01	9.137425e-03	7.922650e-03	
39	3.636364e+01	4.363636e-01	7.480000e-01	8.000000e-03	3.990423e-01	6.369390e-03	1.019345e-02	
40	2.517623e+01	1.331070e+00	8.730000e-01	2.770000e-01	5.783690e-01	5.920839e-02	7.445786e-03	
42	4.401408e+01	1.937240e-01	7.210000e-01	1.320000e-01	4.621072e-01	6.833378e-02	1.306919e-02	
46	4.098361e+01	0.000000e+00	4.770000e-01	7.000000e-03	4.364906e-01	7.811486e-03	2.314080e-02	
48	4.048583e+01	1.639102e-01	7.430000e-01	9.600000e-02	3.522367e-01	1.935503e-02	9.176342e-03	
49	4.555809e+01	0.000000e+00	8.990000e-01	3.200000e-02	3.654971e-01	9.083992e-03	3.742029e-03	
50	4.344049e+01	0.000000e+00	7.860000e-01	1.800000e-02	3.523608e-01	5.462958e-03	7.643693e-03	
53	4.488330e+01	0.000000e+00	8.920000e-01	1.500000e-02	3.824092e-01	8.043023e-03	4.186527e-03	
54	3.940110e+01	0.000000e+00	7.970000e-01	1.100000e-02	3.843198e-01	4.726454e-03	7.908436e-03	
56	3.977725e+01	0.000000e+00	9.090000e-01	1.400000e-02	4.096682e-01	1.258710e-02	3.778987e-03	
57	3.621876e+01	0.000000e+00	7.780000e-01	8.000000e-03	4.189359e-01	6.142755e-03	9.427627e-03	
58	3.881988e+01	0.000000e+00	7.480000e-01	1.500000e-02	4.409171e-01	1.069243e-02	1.126314e-02	
59	4.029009e+01	1.103838e+00	8.210000e-01	1.400000e-02	3.885004e-01	3.622381e-03	7.049305e-03	
60	4.403347e+01	0.000000e+00	8.340000e-01	1.400000e-02	3.455425e-01	6.447580e-03	5.814487e-03	
61	3.985652e+01	0.000000e+00	7.880000e-01	1.400000e-02	4.084967e-01	9.678436e-03	8.778621e-03	
63	3.209243e+01	3.089771e-02	6.350000e-01	1.000000e-01	5.938242e-01	2.785755e-02	2.197114e-02	
64	4.336513e+01	0.000000e+00	8.560000e-01	3.200000e-02	3.239391e-01	1.143808e-02	4.728547e-03	
65	3.943218e+01	0.000000e+00	9.630000e-01	2.200000e-02	4.024145e-01	4.210373e-03	1.509306e-03	
66	3.920031e+01	0.000000e+00	7.560000e-01	1.900000e-02	3.731343e-01	1.072065e-02	9.229047e-03	
67	3.694126e+01	2.729314e-02	9.320000e-01	5.400000e-02	3.582945e-01	2.541824e-02	2.469738e-03	
71	3.909304e+01	0.000000e+00	7.900000e-01	1.100000e-02	4.089980e-01	4.516542e-03	8.706473e-03	
72	3.841721e+01	1.047876e+00	8.570000e-01	1.400000e-02	4.006410e-01	9.630794e-03	5.807555e-03	
73	3.202049e+01	6.459465e-01	8.640000e-01	1.300000e-02	4.180602e-01	9.088265e-03	5.763411e-03	
74	3.749531e+01	6.748313e-01	8.920000e-01	2.300000e-02	3.698225e-01	6.838434e-03	4.048731e-03	
75	4.175365e+01	1.011153e+00	9.380000e-01	5.300000e-02	3.835827e-01	1.898050e-02	2.410752e-03	
76	4.012841e+01	5.474984e-01	8.280000e-01	2.600000e-02	3.907776e-01	7.635358e-03	6.813339e-03	
77	5.007511e+01	0.000000e+00	9.120000e-01	2.500000e-02	3.714710e-01	7.589490e-03	3.313672e-03	
78	3.933910e+01	5.571234e-01	8.330000e-01	1.300000e-02	3.556188e-01	6.576165e-03	6.020090e-03	
79	5.037783e+01	1.573514e+00	7.930000e-01	5.200000e-02	3.850597e-01	9.785883e-03	8.079793e-03	
81	4.277160e+01	1.170822e+00	8.650000e-01	2.600000e-02	4.078303e-01	7.484651e-03	5.581040e-03	
82	3.786445e+01	3.871034e+00	7.110000e-01	2.900000e-02	4.246285e-01	1.604753e-02	1.243967e-02	
85	4.110152e+01	9.967077e-01	8.750000e-01	1.200000e-02	3.888025e-01	4.837356e-03	4.926527e-03	
87	4.147657e+01	0.000000e+00	8.380000e-01	1.300000e-02	4.189359e-01	1.439160e-02	6.879620e-03	
88	4.504505e+01	3.652301e-01	8.270000e-01	1.800000e-02	3.304693e-01	5.242077e-03	5.795341e-03	
89	3.796507e+01	0.000000e+00	7.830000e-01	1.300000e-02	3.906250e-01	2.182007e-02	8.592541e-03	
90	4.372540e+01	1.911911e-02	8.160000e-01	4.100000e-02	4.122012e-01	8.665399e-03	7.688274e-03	
94	4.863813e+01	2.365668e-02	9.760000e-01	5.200000e-02	3.200000e-01	1.740800e-02	7.785080e-04	
95	4.768717e+01	2.274066e-02	7.670000e-01	3.500000e-02	3.880481e-01	1.716627e-02	9.165229e-03	
97	5.865103e+01	6.879886e-01	7.210000e-01	1.180000e-01	4.672897e-01	6.332431e-02	1.321576e-02	
98	5.117707e+01	7.857278e-02	1.020000e+00	8.200000e-02	3.290556e-01	1.905686e-02	-6.671157e-04	
100	4.170142e+01	7.825537e-01	8.420000e-01	3.200000e-02	3.832886e-01	1.821686e-02	6.138819e-03	
101	4.098361e+01	1.679656e-02	7.530000e-01	3.200000e-02	4.137360e-01	1.763128e-02	1.035910e-02	
102	4.409171e+01	1.944079e-02	8.330000e-01	4.300000e-02	3.218539e-01	1.843901e-02	5.448501e-03	
103	3.888025e+01	0.000000e+00	1.010000e+00	2.300000e-02	3.668379e-01	9.689041e-03	-3.718570e-04	
104	3.992016e+01	0.000000e+00	9.060000e-01	1.600000e-02	4.201681e-01	6.178942e-03	4.003619e-03	
105	4.434590e+01	0.000000e+00	8.780000e-01	2.000000e-02	3.284072e-01	3.235539e-03	4.061387e-03	
106	3.828484e+01	0.000000e+00	7.830000e-01	1.500000e-02	4.017678e-01	5.649607e-03	8.837648e-03	
107	3.871467e+01	0.000000e+00	8.270000e-01	1.600000e-02	4.364906e-01	1.028830e-02	7.654606e-03	
108	4.101723e+01	7.066134e-01	8.530000e-01	1.700000e-02	4.070004e-01	5.135129e-03	6.064766e-03	
109	4.170142e+01	0.000000e+00	8.170000e-01	2.800000e-02	4.237288e-01	1.202959e-02	7.860333e-03	
110	4.142502e+01	6.006113e-01	8.180000e-01	2.200000e-02	3.792188e-01	9.922676e-03	6.996214e-03	
111	4.271679e+01	0.000000e+00	7.810000e-01	1.500000e-02	4.037142e-01	1.206090e-02	8.962310e-03	
113	3.218539e+01	4.247187e+00	8.660000e-01	1.340000e-01	4.520796e-01	3.699204e-02	6.140751e-03	
115	4.038772e+01	2.609869e-01	8.370000e-01	1.000000e-02	3.900156e-01	1.140841e-02	6.444236e-03	
116	4.572474e+01	4.599653e+00	8.070000e-01	8.700000e-02	4.416961e-01	2.419184e-02	8.641372e-03	
118	4.038772e+01	0.000000e+00	9.550000e-01	1.300000e-02	4.262575e-01	7.812903e-03	1.944403e-03	
119	3.532321e+01	5.115689e-01	7.660000e-01	1.500000e-02	3.840246e-01	8.111118e-03	9.109126e-03	
120	3.891051e+01	5.450499e-01	6.960000e-01	1.400000e-02	3.952569e-01	7.811402e-03	1.218021e-02	
121	4.308488e+01	0.000000e+00	8.080000e-01	1.100000e-02	4.076641e-01	4.819510e-03	7.934243e-03	
122	4.009623e+01	0.000000e+00	7.990000e-01	1.700000e-02	4.166667e-01	6.597222e-03	8.489589e-03	
128	3.816794e+01	3.787658e+00	8.270000e-01	9.700000e-02	3.821169e-01	3.329104e-02	6.701071e-03	
129	4.950495e+01	0.000000e+00	8.160000e-01	2.500000e-02	3.723008e-01	1.538548e-02	6.944063e-03	
130	4.040404e+01	0.000000e+00	8.980000e-01	3.000000e-02	4.182350e-01	1.416856e-02	4.324366e-03	
131	4.361099e+01	6.656715e-01	8.740000e-01	5.400000e-02	3.824092e-01	1.491615e-02	4.884282e-03	
132	4.380201e+01	1.381404e+00	7.060000e-01	2.100000e-02	3.824092e-01	1.009034e-02	1.139666e-02	
133	3.915427e+01	0.000000e+00	9.150000e-01	4.400000e-02	3.766478e-01	1.447009e-02	3.245310e-03	
135	4.878049e+01	0.000000e+00	9.060000e-01	2.300000e-02	3.699593e-01	7.801584e-03	3.525199e-03	
136	4.233700e+01	0.000000e+00	6.940000e-01	1.400000e-02	3.875969e-01	6.760411e-03	1.202274e-02	
137	4.009623e+01	0.000000e+00	7.990000e-01	1.700000e-02	4.166667e-01	7.291667e-03	8.489589e-03	
138	4.073320e+01	0.000000e+00	7.600000e-01	2.400000e-02	3.937008e-01	1.379503e-02	9.578100e-03	
139	3.988831e+01	1.050111e+00	7.270000e-01	1.800000e-02	4.068348e-01	1.125499e-02	1.125855e-02	
140	4.182350e+01	0.000000e+00	7.560000e-01	1.500000e-02	4.110152e-01	1.419041e-02	1.016599e-02	
141	3.875969e+01	0.000000e+00	7.520000e-01	1.600000e-02	3.927730e-01	1.295873e-02	9.874045e-03	
142	4.409171e+01	1.185888e+00	9.010000e-01	2.200000e-02	3.947888e-01	1.574168e-02	3.961885e-03	
143	4.345937e+01	0.000000e+00	8.800000e-01	2.300000e-02	3.960396e-01	1.521419e-02	4.817500e-03	
144	4.221190e+01	1.657116e+00	8.510000e-01	2.500000e-02	4.180602e-01	1.468104e-02	6.314325e-03	
145	4.147657e+01	0.000000e+00	8.800000e-01	2.000000e-02	4.262575e-01	1.362716e-02	5.185075e-03	
146	4.137360e+01	1.540598e+00	8.920000e-01	2.600000e-02	4.240882e-01	1.906419e-02	4.642819e-03	
147	4.035513e+01	1.628536e-02	1.020000e+00	5.500000e-02	3.443526e-01	1.233219e-02	-6.981283e-04	
148	3.668379e+01	0.000000e+00	8.840000e-01	3.100000e-02	4.496403e-01	1.354582e-02	5.287192e-03	
149	4.191115e+01	1.756544e-02	8.580000e-01	3.500000e-02	4.103406e-01	1.363873e-02	5.906560e-03	
150	4.759638e+01	3.624665e-01	8.600000e-01	2.750000e-01	3.341129e-01	7.646754e-02	4.741581e-03	
152	3.878976e+01	0.000000e+00	8.230000e-01	1.500000e-02	4.222973e-01	6.955065e-03	7.576932e-03	
153	4.070004e+01	0.000000e+00	8.830000e-01	2.700000e-02	4.022526e-01	7.604937e-03	4.770749e-03	
154	4.084967e+01	0.000000e+00	7.070000e-01	1.200000e-02	3.831418e-01	7.339881e-03	1.137965e-02	
156	3.475843e+01	0.000000e+00	2.010000e-01	1.800000e-02	3.729952e-01	1.599942e-02	3.021008e-02	
157	3.619254e+01	0.000000e+00	5.920000e-01	2.000000e-02	4.262575e-01	7.994599e-03	1.762926e-02	
158	3.714710e+01	0.000000e+00	7.610000e-01	2.500000e-02	4.468275e-01	7.586884e-03	1.082529e-02	
159	3.428180e+01	0.000000e+00	5.100000e-01	2.400000e-02	5.376344e-01	1.185108e-02	2.670453e-02	
160	4.330879e+01	1.875651e+00	7.970000e-01	5.800000e-02	3.444712e-01	1.340863e-02	7.088443e-03	
161	3.576538e+01	7.419142e-01	7.340000e-01	2.200000e-02	4.038772e-01	4.893504e-03	1.089012e-02	
167	7.117438e+01	1.519738e-01	9.350000e-01	8.500000e-02	4.011231e-01	4.231664e-02	2.642974e-03	
168	4.880429e+01	1.953125e+00	8.670000e-01	1.150000e-01	3.292723e-01	3.241766e-02	4.439241e-03	
169	4.182350e+01	1.749206e-02	7.040000e-01	2.500000e-02	4.589261e-01	1.137311e-02	1.377008e-02	
170	4.151100e+01	1.723163e-02	6.660000e-01	3.300000e-02	3.940110e-01	1.350629e-02	1.334003e-02	
172	3.736921e+01	1.536103e-01	5.850000e-01	9.200000e-02	5.058169e-01	3.633080e-02	2.127861e-02	
173	3.118179e+01	2.139069e+00	4.920000e-01	8.400000e-02	5.159959e-01	4.659405e-02	2.657124e-02	
174	6.146281e+01	9.821962e-01	6.470000e-01	4.200000e-02	4.189359e-01	1.474261e-02	1.499078e-02	
175	2.943774e+01	3.466322e-02	4.390000e-01	5.900000e-02	6.002401e-01	3.098478e-02	3.413420e-02	
176	4.416961e+01	5.462673e-01	5.190000e-01	1.200000e-02	4.847310e-01	8.223744e-03	2.363457e-02	
177	4.748338e+01	0.000000e+00	8.500000e-01	3.600000e-02	3.883495e-01	1.025544e-02	5.904945e-03	
179	3.850597e+01	0.000000e+00	8.400000e-01	2.700000e-02	4.454343e-01	7.539645e-03	7.224461e-03	
180	3.770739e+01	0.000000e+00	8.430000e-01	3.200000e-02	4.349717e-01	1.305483e-02	6.922493e-03	
181	4.434590e+01	1.730572e+00	8.310000e-01	5.500000e-02	4.528986e-01	3.097268e-02	7.758709e-03	
182	4.070004e+01	0.000000e+00	8.990000e-01	2.700000e-02	4.203447e-01	1.360510e-02	4.303569e-03	
183	3.721623e+01	1.523552e+00	9.190000e-01	1.400000e-02	4.551661e-01	1.988892e-02	3.737290e-03	
184	4.046945e+01	0.000000e+00	8.330000e-01	1.900000e-02	4.027386e-01	6.163539e-03	6.817758e-03	
185	4.142502e+01	1.029619e-01	8.550000e-01	7.400000e-02	3.976143e-01	3.051275e-02	5.844291e-03	
186	5.285412e+01	3.072914e+00	7.830000e-01	9.300000e-02	3.731343e-01	2.380820e-02	8.207800e-03	
187	4.093328e+01	0.000000e+00	7.610000e-01	9.000000e-03	4.510600e-01	1.627641e-02	1.092783e-02	
190	4.191115e+01	0.000000e+00	9.610000e-01	1.100000e-02	4.192872e-01	7.911079e-03	1.657594e-03	
194	3.561254e+01	4.692535e-01	6.900000e-01	1.700000e-02	4.344049e-01	1.037892e-02	1.365080e-02	
195	3.714710e+01	0.000000e+00	8.650000e-01	3.200000e-02	3.926188e-01	6.782578e-03	5.372874e-03	
196	4.123711e+01	9.182697e-01	7.710000e-01	2.000000e-02	3.591954e-01	4.386725e-03	8.338119e-03	
197	3.449465e+01	5.473453e-01	7.590000e-01	1.500000e-02	3.810976e-01	5.809414e-03	9.310115e-03	
198	4.048583e+01	1.639102e-02	8.380000e-01	3.400000e-02	4.275331e-01	1.626783e-02	7.020800e-03	
199	3.877472e+01	0.000000e+00	8.320000e-01	1.600000e-02	4.222973e-01	9.808425e-03	7.191665e-03	
200	4.003203e+01	0.000000e+00	8.060000e-01	2.500000e-02	4.100041e-01	1.243965e-02	8.062909e-03	
201	4.098361e+01	8.734211e-01	8.540000e-01	1.800000e-02	4.037142e-01	9.127167e-03	5.974873e-03	
202	3.762227e+01	0.000000e+00	8.440000e-01	2.800000e-02	4.180602e-01	7.515296e-03	6.610971e-03	
203	3.822630e+01	1.461250e-02	7.900000e-01	3.600000e-02	4.293688e-01	1.862012e-02	9.140115e-03	
204	4.533092e+01	2.054892e-02	7.410000e-01	3.200000e-02	3.816794e-01	1.311112e-02	1.002075e-02	
205	4.336513e+01	3.761070e-02	9.240000e-01	6.600000e-02	3.235199e-01	2.302633e-02	2.492392e-03	
212	1.499250e+02	1.146353e+01	5.960000e-01	1.350000e-01	4.161465e-01	5.126066e-02	1.704235e-02	
213	4.428698e+01	0.000000e+00	8.800000e-01	2.800000e-02	3.314551e-01	8.459411e-03	4.031882e-03	
214	4.642526e+01	0.000000e+00	8.140000e-01	2.400000e-02	3.628447e-01	8.294346e-03	6.841252e-03	
215	4.522840e+01	2.045608e-02	8.450000e-01	5.700000e-02	3.313453e-01	2.250688e-02	5.206122e-03	
216	4.357298e+01	5.695815e-02	7.010000e-01	4.900000e-02	3.444712e-01	1.151006e-02	1.044061e-02	
217	4.407228e+01	5.827097e-02	6.860000e-01	5.200000e-02	3.935458e-01	2.586468e-02	1.252642e-02	
218	3.865481e+01	0.000000e+00	7.740000e-01	1.600000e-02	4.182350e-01	2.623808e-03	9.581438e-03	
219	4.178855e+01	5.937362e-01	6.950000e-01	2.100000e-02	4.325260e-01	1.178596e-02	1.337254e-02	
220	4.235493e+01	1.219880e+00	7.140000e-01	4.500000e-02	3.880481e-01	2.002732e-02	1.125002e-02	
221	3.847634e+01	0.000000e+00	7.900000e-01	2.500000e-02	4.151100e-01	9.132765e-03	8.836582e-03	
222	3.575259e+01	5.496466e-01	7.490000e-01	2.200000e-02	3.886514e-01	8.156694e-03	9.888622e-03	
223	4.582951e+01	0.000000e+00	7.170000e-01	1.200000e-02	3.765060e-01	9.355948e-03	1.080091e-02	
224	3.955696e+01	4.850735e-01	7.730000e-01	1.200000e-02	4.068348e-01	7.779185e-03	9.361508e-03	
225	3.815338e+01	1.455680e+00	8.230000e-01	4.600000e-02	4.009623e-01	2.057866e-02	7.194136e-03	
226	4.904365e+01	0.000000e+00	9.460000e-01	1.900000e-02	3.226847e-01	7.705283e-03	1.766339e-03	
227	4.597701e+01	4.227771e-02	7.990000e-01	4.800000e-02	3.529827e-01	1.694516e-02	7.192027e-03	
235	3.755163e+01	4.230376e-02	7.640000e-01	5.100000e-02	4.363002e-01	1.884543e-02	1.043757e-02	
236	4.299226e+01	0.000000e+00	1.070000e+00	4.600000e-02	4.336513e-01	1.184737e-02	-3.077093e-03	
237	4.277160e+01	0.000000e+00	7.550000e-01	1.600000e-02	4.024145e-01	1.165949e-02	9.994050e-03	
239	4.442470e+01	0.000000e+00	7.120000e-01	2.100000e-02	4.315926e-01	1.322532e-02	1.259993e-02	
240	4.734848e+01	1.345127e+00	8.040000e-01	2.500000e-02	3.752345e-01	8.870460e-03	7.455224e-03	
241	4.288165e+01	0.000000e+00	8.320000e-01	2.100000e-02	4.073320e-01	1.078476e-02	6.936807e-03	
242	4.214075e+01	1.527225e+00	1.120000e+00	2.700000e-02	3.729952e-01	1.586029e-02	-4.537183e-03	
243	4.137360e+01	8.558875e-02	7.860000e-01	9.100000e-02	3.871467e-01	2.997652e-02	8.398297e-03	
245	4.116921e+01	0.000000e+00	7.410000e-01	1.400000e-02	3.780718e-01	7.003977e-03	9.926038e-03	
246	4.852014e+01	0.000000e+00	6.880000e-01	1.300000e-02	3.492840e-01	6.221964e-03	1.104676e-02	
247	4.040404e+01	0.000000e+00	6.270000e-01	1.800000e-02	3.900156e-01	5.780262e-03	1.474663e-02	
248	2.868617e+01	0.000000e+00	3.990000e-01	7.000000e-03	7.468260e-01	3.904243e-03	4.549836e-02	
