2.597504e+01	2.000000e+00	2.337974e-02
2.762335e+01	0.000000e+00	1.044310e-01
2.937626e+01	2.000000e+00	4.274350e-01
3.124040e+01	5.000000e+00	1.556620e+00
3.322284e+01	3.000000e+00	4.873269e+00
3.533108e+01	1.200000e+01	1.259946e+01
3.757310e+01	2.300000e+01	2.567459e+01
3.995739e+01	4.400000e+01	3.906160e+01
4.249298e+01	3.900000e+01	4.167276e+01
4.518948e+01	2.800000e+01	2.899551e+01
4.805709e+01	1.400000e+01	1.210226e+01
5.110667e+01	4.000000e+00	2.751841e+00
5.434977e+01	1.000000e+00	3.051234e-01
5.779867e+01	1.000000e+00	1.452560e-02
6.146642e+01	1.000000e+00	2.565390e-04
6.536692e+01	0.000000e+00	1.421691e-06
6.951494e+01	1.000000e+00	2.040803e-09
7.392618e+01	0.000000e+00	6.093183e-13
7.861735e+01	0.000000e+00	2.944331e-17
8.360621e+01	0.000000e+00	1.728891e-22
8.891164e+01	0.000000e+00	8.894119e-29
9.455375e+01	0.000000e+00	2.759902e-36
1.005539e+02	0.000000e+00	3.375320e-45
1.069348e+02	0.000000e+00	1.001720e-55
1.137206e+02	0.000000e+00	4.152325e-68
1.209370e+02	0.000000e+00	1.281852e-82
1.286114e+02	0.000000e+00	1.440765e-99
1.367727e+02	0.000000e+00	2.612334e-119
1.454520e+02	1.000000e+00	3.027997e-142


1.088346e-02	0.000000e+00	5.629819e-14
1.280648e-02	0.000000e+00	6.642869e-14
1.506927e-02	0.000000e+00	8.066712e-14
1.773189e-02	0.000000e+00	1.013067e-13
2.086497e-02	0.000000e+00	1.323259e-13
2.455163e-02	0.000000e+00	1.809552e-13
2.888970e-02	0.000000e+00	2.610443e-13
3.399427e-02	0.000000e+00	4.007457e-13
4.000078e-02	0.000000e+00	6.612742e-13
4.706858e-02	0.000000e+00	1.186324e-12
5.538521e-02	0.000000e+00	2.343864e-12
6.517132e-02	0.000000e+00	5.174196e-12
7.668655e-02	0.000000e+00	1.296827e-11
9.023643e-02	0.000000e+00	3.755105e-11
1.061805e-01	0.000000e+00	1.279794e-10
1.249417e-01	0.000000e+00	5.233413e-10
1.470178e-01	0.000000e+00	2.616872e-09
1.729946e-01	0.000000e+00	1.627788e-08
2.035614e-01	1.000000e+00	1.276295e-07
2.395290e-01	0.000000e+00	1.268610e-06
2.818517e-01	0.000000e+00	1.587742e-05
3.316526e-01	0.000000e+00	2.436124e-04
3.902529e-01	1.000000e+00	4.326774e-03
4.592073e-01	3.000000e+00	8.021426e-02
5.403454e-01	2.000000e+00	1.307692e+00
6.358200e-01	1.300000e+01	1.430251e+01
7.481641e-01	7.000000e+01	6.938933e+01
8.803585e-01	8.000000e+01	8.042573e+01
1.035911e+00	1.000000e+01	8.955881e+00


3.247449e-01	8.000000e+00	2.537103e+00
3.343755e-01	6.000000e+00	4.246871e+00
3.442916e-01	9.000000e+00	6.706764e+00
3.545019e-01	1.200000e+01	9.931132e+00
3.650149e-01	6.000000e+00	1.369809e+01
3.758397e-01	1.300000e+01	1.747524e+01
3.869855e-01	2.700000e+01	2.046412e+01
3.984618e-01	2.200000e+01	2.181922e+01
4.102785e-01	1.800000e+01	2.099813e+01
4.224456e-01	2.400000e+01	1.807044e+01
4.349736e-01	1.100000e+01	1.376800e+01
4.478730e-01	8.000000e+00	9.188660e+00
4.611550e-01	5.000000e+00	5.310739e+00
4.748309e-01	0.000000e+00	2.625908e+00
4.889124e-01	2.000000e+00	1.096380e+00
5.034115e-01	3.000000e+00	3.811946e-01
5.183405e-01	1.000000e+00	1.087356e-01
5.337123e-01	1.000000e+00	2.504559e-02
5.495399e-01	0.000000e+00	4.579883e-03
5.658370e-01	1.000000e+00	6.529400e-04
5.826173e-01	1.000000e+00	7.118562e-05
5.998952e-01	2.000000e+00	5.813723e-06
6.176856e-01	0.000000e+00	3.479409e-07
6.360035e-01	0.000000e+00	1.490588e-08
6.548647e-01	0.000000e+00	4.458080e-10
6.742852e-01	0.000000e+00	9.063518e-12
6.942816e-01	0.000000e+00	1.217484e-13
7.148711e-01	0.000000e+00	1.048325e-15
7.360711e-01	1.000000e+00	5.602531e-18


1.031921e-02	8.000000e+00	7.497784e+00
1.097800e-02	8.000000e+00	6.517159e+00
1.167885e-02	3.000000e+00	5.610428e+00
1.242444e-02	5.000000e+00	4.780122e+00
1.321763e-02	4.000000e+00	4.027683e+00
1.406146e-02	4.000000e+00	3.353405e+00
1.495916e-02	3.000000e+00	2.756401e+00
1.591417e-02	1.000000e+00	2.234619e+00
1.693015e-02	2.000000e+00	1.784895e+00
1.801099e-02	1.000000e+00	1.403056e+00
1.916084e-02	1.000000e+00	1.084057e+00
2.038409e-02	0.000000e+00	8.221660e-01
2.168543e-02	2.000000e+00	6.111684e-01
2.306986e-02	2.000000e+00	4.445940e-01
2.454266e-02	0.000000e+00	3.159458e-01
2.610950e-02	2.000000e+00	2.189195e-01
2.777636e-02	0.000000e+00	1.475978e-01
2.954964e-02	1.000000e+00	9.660859e-02
3.143612e-02	0.000000e+00	6.123747e-02
3.344304e-02	1.000000e+00	3.748926e-02
3.557809e-02	0.000000e+00	2.210010e-02
3.784943e-02	0.000000e+00	1.250443e-02
4.026579e-02	0.000000e+00	6.766452e-03
4.283641e-02	0.000000e+00	3.488003e-03
4.557113e-02	1.000000e+00	1.705420e-03
4.848045e-02	0.000000e+00	7.871439e-04
5.157550e-02	0.000000e+00	3.411636e-04
5.486814e-02	0.000000e+00	1.380508e-04
5.837099e-02	1.000000e+00	5.182051e-05


2.887068e-03	8.000000e+00	7.443436e+00
3.118748e-03	8.000000e+00	6.513494e+00
3.369020e-03	3.000000e+00	5.635354e+00
3.639376e-03	5.000000e+00	4.815619e+00
3.931426e-03	4.000000e+00	4.059946e+00
4.246913e-03	4.000000e+00	3.372803e+00
4.587718e-03	3.000000e+00	2.757250e+00
4.955870e-03	1.000000e+00	2.214765e+00
5.353567e-03	2.000000e+00	1.745143e+00
5.783177e-03	1.000000e+00	1.346473e+00
6.247262e-03	1.000000e+00	1.015208e+00
6.748589e-03	0.000000e+00	7.463427e-01
7.290147e-03	2.000000e+00	5.336759e-01
7.875163e-03	2.000000e+00	3.701570e-01
8.507125e-03	0.000000e+00	2.482813e-01
9.189800e-03	2.000000e+00	1.605032e-01
9.927259e-03	0.000000e+00	9.962524e-02
1.072390e-02	1.000000e+00	5.912552e-02
1.158446e-02	0.000000e+00	3.339335e-02
1.251409e-02	1.000000e+00	1.785420e-02
1.351831e-02	0.000000e+00	8.983710e-03
1.460312e-02	0.000000e+00	4.226024e-03
1.577498e-02	0.000000e+00	1.844749e-03
1.704089e-02	0.000000e+00	7.410257e-04
1.840838e-02	1.000000e+00	2.713418e-04
1.988560e-02	0.000000e+00	8.960948e-05
2.148137e-02	0.000000e+00	2.636968e-05
2.320520e-02	0.000000e+00	6.820790e-06
2.506736e-02	1.000000e+00	1.526907e-06


