0	5	R2	9.174312e+00	9.174312e+00	5.932778e-09	-4.220979e-15	4.208400e-01
0	6	R2	8.333333e+00	8.333333e+00	5.257258e-09	-1.278977e-14	1.388889e-01
0	7	R2	1.515152e+01	1.515152e+01	1.057194e-08	7.737810e-15	2.295684e-01
0	8	R2	6.410256e+00	6.410256e+00	3.697469e-09	0.000000e+00	8.218277e-02
0	9	R2	1.204819e+01	1.204819e+01	8.192886e-09	0.000000e+00	1.451589e-01
0	10	R2	1.265823e+01	1.265823e+01	8.664588e-09	-1.044634e-06	1.602307e-01
0	11	R2	1.052632e+01	1.052632e+01	7.004737e-09	3.206324e-14	1.108033e-01
0	12	R2	1.219512e+01	1.219512e+01	8.306712e-09	1.194422e-14	1.487210e-01
0	13	R2	1.265823e+01	1.265823e+01	8.664588e-09	-1.044634e-06	1.602307e-01
0	14	R2	1.351351e+01	1.351351e+01	9.322267e-09	9.727330e-15	1.826150e-01
0	15	R2	1.075269e+01	1.075269e+01	7.182615e-09	1.536371e-14	1.156203e-01
0	16	R2	1.086957e+01	1.086957e+01	7.274288e-09	4.510525e-14	1.181474e-01
0	17	R2	9.259259e+00	9.259259e+00	6.000638e-09	-1.306249e-06	8.573388e-02
0	18	R2	1.204819e+01	1.204819e+01	8.192886e-09	0.000000e+00	1.451589e-01
0	19	R2	1.063830e+01	1.063830e+01	7.092784e-09	0.000000e+00	1.131734e-01
0	20	R2	1.190476e+01	1.190476e+01	8.081631e-09	0.000000e+00	1.417234e-01
0	21	R2	8.928571e+00	8.928571e+00	5.736077e-09	-2.228262e-14	7.971939e-02
0	22	R2	1.265823e+01	1.265823e+01	8.664588e-09	-1.044634e-06	1.602307e-01
0	23	R2	1.020408e+01	1.020408e+01	6.750771e-09	1.706013e-14	1.041233e-01
0	24	R2	1.204819e+01	1.204819e+01	8.192886e-09	0.000000e+00	1.451589e-01
0	25	R2	1.075269e+01	1.075269e+01	7.182615e-09	1.536371e-14	1.156203e-01
0	26	R2	1.190476e+01	1.190476e+01	8.081631e-09	0.000000e+00	1.417234e-01
0	27	R2	1.250000e+01	1.250000e+01	8.542462e-09	0.000000e+00	1.562500e-01
0	28	R2	1.136364e+01	1.136364e+01	7.660609e-09	-1.375611e-14	1.291322e-01
0	29	R2	1.315789e+01	1.315789e+01	9.049295e-09	-1.026024e-14	1.731302e-01
0	30	R2	1.190476e+01	1.190476e+01	8.081631e-09	nan	0.000000e+00
0	31	R2	1.020408e+01	1.020408e+01	6.750771e-09	1.706013e-14	1.041233e-01
0	32	R2	1.136364e+01	1.136364e+01	7.660609e-09	-1.375611e-14	1.291322e-01
0	33	R2	1.219512e+01	1.219512e+01	8.306712e-09	inf	0.000000e+00
0	34	R2	1.176471e+01	1.176471e+01	7.972860e-09	1.283418e-14	1.384083e-01
0	35	R2	1.219512e+01	1.219512e+01	8.306712e-09	1.194422e-14	1.487210e-01
0	36	R2	1.315789e+01	1.315789e+01	9.049295e-09	-1.026024e-14	1.731302e-01
0	37	R2	1.408451e+01	1.408451e+01	9.759239e-09	1.790923e-14	1.983733e-01
0	38	R2	1.111111e+01	1.111111e+01	7.463394e-09	-1.438849e-14	1.234568e-01
0	40	R2	1.265823e+01	1.265823e+01	8.664588e-09	-1.044634e-06	1.602307e-01
0	41	R2	1.250000e+01	1.250000e+01	8.542462e-09	0.000000e+00	1.562500e-01
0	42	R2	1.265823e+01	1.265823e+01	8.664588e-09	-1.044634e-06	1.602307e-01
0	43	R2	1.204819e+01	1.204819e+01	8.192886e-09	0.000000e+00	1.451589e-01
0	44	R2	1.234568e+01	1.234568e+01	8.423205e-09	-2.330935e-14	1.524158e-01
0	45	R2	1.162791e+01	1.162791e+01	7.866486e-09	-1.313794e-14	1.352082e-01
0	46	R2	1.149425e+01	1.149425e+01	7.762428e-09	0.000000e+00	1.321178e-01
0	47	R2	1.190476e+01	1.190476e+01	8.081631e-09	0.000000e+00	1.417234e-01
0	48	R2	1.098901e+01	1.098901e+01	7.367860e-09	1.471001e-14	1.207584e-01
0	49	R2	1.282051e+01	1.282051e+01	8.789691e-09	0.000000e+00	1.643655e-01
0	50	R2	1.351351e+01	1.351351e+01	9.322267e-09	9.727330e-15	1.826150e-01
0	51	R2	1.333333e+01	1.333333e+01	9.184044e-09	-9.992007e-15	1.777778e-01
0	52	R2	1.136364e+01	1.136364e+01	7.660609e-09	-1.375611e-14	1.291322e-01
0	53	R2	1.149425e+01	1.149425e+01	7.762428e-09	0.000000e+00	1.321178e-01
0	54	R2	1.428571e+01	1.428571e+01	9.912858e-09	-8.704149e-15	2.040816e-01
0	55	R2	1.315789e+01	1.315789e+01	9.049295e-09	-1.026024e-14	1.731302e-01
0	56	R2	1.333333e+01	1.333333e+01	9.184044e-09	-9.992007e-15	1.777778e-01
0	57	R2	1.162791e+01	1.162791e+01	7.866486e-09	-1.313794e-14	1.352082e-01
0	58	R2	1.315789e+01	1.315789e+01	9.049295e-09	-1.026024e-14	1.731302e-01
0	59	R2	9.803922e+00	9.803922e+00	6.434091e-09	0.000000e+00	9.611688e-02
0	60	R2	1.190476e+01	1.190476e+01	8.081631e-09	0.000000e+00	1.417234e-01
0	62	R2	1.063830e+01	1.063830e+01	7.092784e-09	0.000000e+00	1.131734e-01
0	63	R2	1.219512e+01	1.219512e+01	8.306712e-09	inf	0.000000e+00
0	64	R2	1.190476e+01	1.190476e+01	8.081631e-09	0.000000e+00	1.417234e-01
0	65	R2	1.428571e+01	1.428571e+01	9.912858e-09	-8.704149e-15	2.040816e-01
0	66	R2	1.190476e+01	1.190476e+01	8.081631e-09	0.000000e+00	2.834467e-01
0	70	R2	1.219512e+01	1.219512e+01	8.306712e-09	5.972112e-15	2.974420e-01
0	71	R2	1.351351e+01	1.351351e+01	9.322267e-09	9.727330e-15	1.826150e-01
0	72	R2	1.265823e+01	1.265823e+01	8.664588e-09	-1.044634e-06	1.602307e-01
0	73	R2	1.123596e+01	1.123596e+01	7.560955e-09	1.407052e-14	1.262467e-01
0	74	R2	1.176471e+01	1.176471e+01	7.972860e-09	1.283418e-14	1.384083e-01
0	75	R2	1.204819e+01	1.204819e+01	8.192886e-09	0.000000e+00	1.451589e-01
0	76	R2	1.298701e+01	1.298701e+01	8.917886e-09	1.053202e-14	1.686625e-01
0	77	R2	1.149425e+01	1.149425e+01	7.762428e-09	0.000000e+00	1.321178e-01
0	78	R2	1.470588e+01	1.470588e+01	1.023308e-08	0.000000e+00	2.162630e-01
0	79	R2	1.041667e+01	1.041667e+01	6.918420e-09	1.637090e-14	1.085069e-01
0	80	R2	9.900990e+00	9.900990e+00	6.511045e-09	-3.624123e-14	9.802960e-02
0	81	R2	1.162791e+01	1.162791e+01	7.866486e-09	-1.313794e-14	1.352082e-01
0	82	R2	1.086957e+01	1.086957e+01	7.274288e-09	4.510525e-14	1.181474e-01
0	83	R2	9.708738e+00	9.708738e+00	6.358545e-09	0.000000e+00	9.425959e-02
0	84	R2	1.250000e+01	1.250000e+01	8.542462e-09	0.000000e+00	1.562500e-01
0	85	R2	1.234568e+01	1.234568e+01	8.423205e-09	-2.330935e-14	1.524158e-01
0	86	R2	1.098901e+01	1.098901e+01	7.367860e-09	1.471001e-14	1.207584e-01
0	87	R2	1.136364e+01	1.136364e+01	7.660609e-09	-1.375611e-14	1.291322e-01
0	88	R2	1.388889e+01	1.388889e+01	9.609711e-09	0.000000e+00	1.929012e-01
0	89	R2	1.219512e+01	1.219512e+01	8.306712e-09	1.194422e-14	1.487210e-01
0	90	R2	1.086957e+01	1.086957e+01	7.274288e-09	4.510525e-14	1.181474e-01
0	91	R2	1.098901e+01	1.098901e+01	7.367860e-09	1.471001e-14	1.207584e-01
0	92	R2	1.388889e+01	1.388889e+01	9.609711e-09	0.000000e+00	1.929012e-01
0	93	R2	1.123596e+01	1.123596e+01	7.560955e-09	1.407052e-14	1.262467e-01
0	94	R2	1.075269e+01	1.075269e+01	7.182615e-09	7.681855e-15	2.312406e-01
0	95	R2	1.063830e+01	1.063830e+01	7.092784e-09	0.000000e+00	1.131734e-01
0	96	R2	1.020408e+01	1.020408e+01	6.750771e-09	1.706013e-14	1.041233e-01
0	97	R2	9.174312e+00	9.174312e+00	5.932778e-09	-2.110490e-14	8.416800e-02
0	98	R2	1.030928e+01	1.030928e+01	6.833781e-09	0.000000e+00	1.062812e-01
0	99	R2	1.075269e+01	1.075269e+01	7.182615e-09	1.536371e-14	1.156203e-01
0	100	R2	1.250000e+01	1.250000e+01	8.542462e-09	0.000000e+00	1.562500e-01
0	103	R2	1.298701e+01	1.298701e+01	8.917886e-09	1.053202e-14	1.686625e-01
0	104	R2	1.315789e+01	1.315789e+01	9.049295e-09	-1.026024e-14	1.731302e-01
0	105	R2	1.052632e+01	1.052632e+01	7.004737e-09	3.206324e-14	1.108033e-01
0	106	R2	1.000000e+01	1.000000e+01	6.589448e-09	0.000000e+00	1.000000e-01
0	107	R2	1.315789e+01	1.315789e+01	9.049295e-09	-1.026024e-14	1.731302e-01
0	108	R2	1.282051e+01	1.282051e+01	8.789691e-09	0.000000e+00	1.643655e-01
0	110	R2	1.204819e+01	1.204819e+01	8.192886e-09	0.000000e+00	1.451589e-01
0	111	R2	9.900990e+00	9.900990e+00	6.511045e-09	-3.624123e-14	9.802960e-02
0	112	R2	1.136364e+01	1.136364e+01	7.660609e-09	-inf	0.000000e+00
0	113	R2	1.265823e+01	1.265823e+01	8.664588e-09	-1.044634e-06	1.602307e-01
0	114	R2	1.204819e+01	1.204819e+01	8.192886e-09	0.000000e+00	1.451589e-01
0	115	R2	1.282051e+01	1.282051e+01	8.789691e-09	0.000000e+00	1.643655e-01
0	116	R2	1.250000e+01	1.250000e+01	8.542462e-09	0.000000e+00	1.562500e-01
0	117	R2	1.219512e+01	1.219512e+01	8.306712e-09	1.194422e-14	1.487210e-01
0	118	R2	1.063830e+01	1.063830e+01	7.092784e-09	0.000000e+00	1.131734e-01
0	120	R2	1.086957e+01	1.086957e+01	7.274288e-09	2.255263e-14	2.362949e-01
0	121	R2	1.351351e+01	1.351351e+01	9.322267e-09	9.727330e-15	1.826150e-01
0	122	R2	1.176471e+01	1.176471e+01	7.972860e-09	1.283418e-14	1.384083e-01
0	123	R2	1.408451e+01	1.408451e+01	9.759239e-09	1.790923e-14	1.983733e-01
0	124	R2	1.234568e+01	1.234568e+01	8.423205e-09	-2.330935e-14	1.524158e-01
0	125	R2	1.136364e+01	1.136364e+01	7.660609e-09	-1.375611e-14	1.291322e-01
0	126	R2	1.136364e+01	1.136364e+01	7.660609e-09	-6.878054e-15	2.582645e-01
0	127	R2	1.086957e+01	1.086957e+01	7.274288e-09	4.510525e-14	1.181474e-01
0	128	R2	1.250000e+01	1.250000e+01	8.542462e-09	0.000000e+00	1.562500e-01
0	129	R2	1.265823e+01	1.265823e+01	8.664588e-09	-1.044634e-06	1.602307e-01
0	130	R2	1.234568e+01	1.234568e+01	8.423205e-09	-2.330935e-14	1.524158e-01
0	133	R2	1.538462e+01	1.538462e+01	1.074888e-08	1.501022e-14	2.366864e-01
0	134	R2	1.176471e+01	1.176471e+01	7.972860e-09	6.417089e-15	2.768166e-01
0	135	R2	8.264463e+00	8.264463e+00	5.201652e-09	0.000000e+00	3.415067e-01
0	136	R2	2.564103e+01	2.564103e+01	1.841227e-08	-1.080736e-14	6.574622e-01
0	137	R2	1.176471e+01	1.176471e+01	7.972860e-09	1.283418e-14	1.384083e-01
0	138	R2	1.408451e+01	1.408451e+01	9.759239e-09	1.790923e-14	1.983733e-01
0	140	R2	1.234568e+01	1.234568e+01	8.423205e-09	-2.330935e-14	1.524158e-01
0	141	R2	1.204819e+01	1.204819e+01	8.192886e-09	0.000000e+00	2.903179e-01
0	142	R2	1.234568e+01	1.234568e+01	8.423205e-09	-2.330935e-14	1.524158e-01
0	143	R2	1.428571e+01	1.428571e+01	9.912858e-09	-8.704149e-15	2.040816e-01
0	144	R2	1.219512e+01	1.219512e+01	8.306712e-09	1.194422e-14	1.487210e-01
0	145	R2	1.190476e+01	1.190476e+01	8.081631e-09	0.000000e+00	1.417234e-01
0	146	R2	1.063830e+01	1.063830e+01	7.092784e-09	0.000000e+00	1.131734e-01
0	147	R2	1.098901e+01	1.098901e+01	7.367860e-09	1.471001e-14	1.207584e-01
0	148	R2	1.219512e+01	1.219512e+01	8.306712e-09	1.194422e-14	1.487210e-01
0	149	R2	1.315789e+01	1.315789e+01	9.049295e-09	-1.026024e-14	1.731302e-01
0	150	R2	1.162791e+01	1.162791e+01	7.866486e-09	-1.313794e-14	1.352082e-01
0	151	R2	1.204819e+01	1.204819e+01	8.192886e-09	0.000000e+00	1.451589e-01
0	152	R2	1.282051e+01	1.282051e+01	8.789691e-09	0.000000e+00	1.643655e-01
0	153	R2	9.090909e+00	9.090909e+00	5.866084e-09	0.000000e+00	2.479339e-01
0	154	R2	9.259259e+00	9.259259e+00	6.000638e-09	-1.306249e-06	8.573388e-02
0	155	R2	1.052632e+01	1.052632e+01	7.004737e-09	1.603162e-14	2.216066e-01
0	156	R2	1.149425e+01	1.149425e+01	7.762428e-09	0.000000e+00	1.321178e-01
0	157	R2	9.615385e+00	9.615385e+00	6.284370e-09	-1.921308e-14	1.849112e-01
0	158	R2	1.190476e+01	1.190476e+01	8.081631e-09	0.000000e+00	1.417234e-01
0	159	R2	1.190476e+01	1.190476e+01	8.081631e-09	0.000000e+00	1.417234e-01
0	160	R2	1.123596e+01	1.123596e+01	7.560955e-09	inf	0.000000e+00
0	161	R2	1.204819e+01	1.204819e+01	8.192886e-09	0.000000e+00	1.451589e-01
0	162	R2	6.849315e+00	6.849315e+00	4.053177e-09	0.000000e+00	9.382623e-02
0	163	R2	1.282051e+01	1.282051e+01	8.789691e-09	0.000000e+00	1.643655e-01
0	164	R2	1.098901e+01	1.098901e+01	7.367860e-09	1.471001e-14	1.207584e-01
0	165	R2	1.265823e+01	1.265823e+01	8.664588e-09	-inf	0.000000e+00
0	166	R2	1.075269e+01	1.075269e+01	7.182615e-09	1.536371e-14	1.156203e-01
0	167	R2	1.162791e+01	1.162791e+01	7.866486e-09	-1.313794e-14	1.352082e-01
0	168	R2	1.538462e+01	1.538462e+01	1.074888e-08	1.501022e-14	2.366864e-01
0	169	R2	1.754386e+01	1.754386e+01	1.237955e-08	5.771383e-15	6.155740e-01
0	170	R2	1.351351e+01	1.351351e+01	9.322267e-09	9.727330e-15	1.826150e-01
0	171	R2	8.000000e+00	8.000000e+00	4.987767e-09	0.000000e+00	6.400000e-02
0	172	R2	6.756757e+00	6.756757e+00	3.978032e-09	-1.945466e-14	4.565376e-02


1	5	NOE	7.050000e-01	7.050000e-01	2.868622e-09	0.000000e+00	5.300000e-02
1	6	NOE	3.830000e-01	3.830000e-01	1.480837e-09	-2.220446e-14	1.000000e-02
1	7	NOE	7.130000e-01	7.130000e-01	2.964200e-09	-1.110223e-14	1.000000e-02
1	8	NOE	6.740000e-01	6.740000e-01	2.567853e-09	3.828355e-15	2.900000e-02
1	9	NOE	8.010000e-01	8.010000e-01	5.703366e-09	9.251859e-15	1.200000e-02
1	10	NOE	8.380000e-01	8.344307e-01	2.534041e-05	1.878600e-01	1.900000e-02
1	11	NOE	8.580000e-01	8.344307e-01	2.061991e-05	1.813026e+00	1.300000e-02
1	12	NOE	8.060000e-01	8.060000e-01	6.187890e-09	0.000000e+00	1.100000e-02
1	13	NOE	8.830000e-01	8.344307e-01	2.331426e-05	4.047445e+00	1.200000e-02
1	14	NOE	8.540000e-01	8.344307e-01	3.278693e-05	1.956934e+00	1.000000e-02
1	15	NOE	7.840000e-01	7.840000e-01	4.635158e-09	-1.858544e-07	8.000000e-03
1	16	NOE	6.740000e-01	6.740000e-01	2.567853e-09	1.586033e-14	7.000000e-03
1	17	NOE	6.050000e-01	6.050000e-01	2.130886e-09	-3.172066e-14	7.000000e-03
1	18	NOE	6.530000e-01	6.530000e-01	2.409080e-09	0.000000e+00	1.100000e-02
1	19	NOE	7.170000e-01	7.170000e-01	3.015577e-09	-9.251859e-15	1.200000e-02
1	20	NOE	8.340000e-01	8.340000e-01	5.042715e-08	0.000000e+00	1.200000e-02
1	21	NOE	7.580000e-01	7.580000e-01	3.754577e-09	0.000000e+00	9.000000e-03
1	22	NOE	8.410000e-01	8.344307e-01	2.322976e-05	5.972128e-01	1.100000e-02
1	23	NOE	8.650000e-01	8.344307e-01	1.354691e-05	3.396594e+00	9.000000e-03
1	24	NOE	8.830000e-01	8.344307e-01	2.331426e-05	4.047445e+00	1.200000e-02
1	25	NOE	8.680000e-01	8.344307e-01	2.986049e-05	2.582257e+00	1.300000e-02
1	26	NOE	8.660000e-01	8.344307e-01	2.554700e-05	3.156934e+00	1.000000e-02
1	27	NOE	8.300000e-01	8.300000e-01	1.571497e-08	0.000000e+00	8.000000e-03
1	28	NOE	8.070000e-01	8.070000e-01	6.300345e-09	-9.251859e-15	1.200000e-02
1	29	NOE	8.110000e-01	8.110000e-01	6.819867e-09	-6.316456e-08	1.100000e-02
1	30	NOE	8.090000e-01	8.090000e-01	6.544802e-09	-1.110223e-14	1.000000e-02
1	31	NOE	8.200000e-01	8.200000e-01	8.698455e-09	0.000000e+00	7.000000e-03
1	32	NOE	7.620000e-01	7.620000e-01	3.858525e-09	1.233581e-14	9.000000e-03
1	33	NOE	8.050000e-01	8.050000e-01	6.081204e-09	0.000000e+00	1.000000e-02
1	34	NOE	7.980000e-01	7.980000e-01	5.461736e-09	0.000000e+00	8.000000e-03
1	35	NOE	8.820000e-01	8.344307e-01	1.760445e-05	5.285482e+00	9.000000e-03
1	36	NOE	8.450000e-01	8.344307e-01	2.061235e-05	8.807784e-01	1.200000e-02
1	37	NOE	8.110000e-01	8.110000e-01	6.819867e-09	-4.087119e-08	1.700000e-02
1	38	NOE	8.040000e-01	8.040000e-01	5.979811e-09	0.000000e+00	1.200000e-02
1	40	NOE	8.370000e-01	8.344307e-01	2.580892e-05	2.141117e-01	1.200000e-02
1	41	NOE	8.520000e-01	8.344307e-01	2.660826e-05	1.756934e+00	1.000000e-02
1	42	NOE	8.670000e-01	8.344307e-01	2.669689e-05	2.714112e+00	1.200000e-02
1	43	NOE	8.050000e-01	8.050000e-01	6.081204e-09	0.000000e+00	9.000000e-03
1	44	NOE	8.370000e-01	8.344307e-01	2.580892e-05	1.976416e-01	1.300000e-02
1	45	NOE	8.440000e-01	8.344307e-01	1.955962e-05	1.196168e+00	8.000000e-03
1	46	NOE	8.260000e-01	8.260000e-01	1.138760e-08	0.000000e+00	1.000000e-02
1	47	NOE	7.950000e-01	7.950000e-01	5.248166e-09	0.000000e+00	1.500000e-02
1	48	NOE	7.770000e-01	7.770000e-01	4.340232e-09	-8.540177e-15	1.300000e-02
1	49	NOE	8.330000e-01	8.330000e-01	2.766418e-08	-1.009294e-14	1.100000e-02
1	50	NOE	8.250000e-01	8.250000e-01	1.076578e-08	6.530724e-15	1.700000e-02
1	51	NOE	7.880000e-01	7.880000e-01	4.832769e-09	-1.370081e-07	1.000000e-02
1	52	NOE	8.130000e-01	8.130000e-01	7.132522e-09	1.110223e-14	1.000000e-02
1	53	NOE	8.530000e-01	8.344307e-01	2.403161e-05	1.688122e+00	1.100000e-02
1	54	NOE	8.250000e-01	8.250000e-01	1.076578e-08	1.009294e-14	1.100000e-02
1	55	NOE	8.290000e-01	8.290000e-01	1.419303e-08	0.000000e+00	1.200000e-02
1	56	NOE	8.850000e-01	8.344307e-01	2.260356e-05	3.889949e+00	1.300000e-02
1	57	NOE	8.320000e-01	8.320000e-01	2.122159e-08	0.000000e+00	1.400000e-02
1	58	NOE	8.830000e-01	8.344307e-01	2.331426e-05	2.428467e+00	2.000000e-02
1	59	NOE	8.340000e-01	8.340000e-01	5.042715e-08	0.000000e+00	1.400000e-02
1	60	NOE	7.770000e-01	7.770000e-01	4.340232e-09	-7.930164e-15	1.400000e-02
1	62	NOE	7.540000e-01	7.540000e-01	3.658442e-09	-1.233581e-14	9.000000e-03
1	63	NOE	7.600000e-01	7.600000e-01	3.805509e-09	0.000000e+00	7.000000e-03
1	64	NOE	8.120000e-01	8.120000e-01	6.970975e-09	-8.316230e-08	8.000000e-03
1	65	NOE	8.160000e-01	8.160000e-01	7.693598e-09	0.000000e+00	2.200000e-02
1	66	NOE	8.810000e-01	8.344307e-01	2.180731e-05	2.739373e+00	1.700000e-02
1	70	NOE	8.410000e-01	8.344307e-01	2.322976e-05	2.189780e-01	3.000000e-02
1	71	NOE	8.430000e-01	8.344307e-01	2.225231e-05	5.712894e-01	1.500000e-02
1	72	NOE	8.670000e-01	8.344307e-01	2.669689e-05	3.256934e+00	1.000000e-02
1	73	NOE	8.720000e-01	8.344307e-01	1.904269e-05	4.696168e+00	8.000000e-03
1	74	NOE	8.160000e-01	8.160000e-01	7.693598e-09	0.000000e+00	9.000000e-03
1	75	NOE	8.610000e-01	8.344307e-01	2.105656e-05	2.656934e+00	1.000000e-02
1	76	NOE	8.170000e-01	8.170000e-01	7.912056e-09	0.000000e+00	9.000000e-03
1	77	NOE	8.060000e-01	8.060000e-01	6.187890e-09	0.000000e+00	1.000000e-02
1	78	NOE	8.470000e-01	8.344307e-01	5.026950e-05	6.982966e-01	1.800000e-02
1	79	NOE	7.150000e-01	7.150000e-01	2.989569e-09	0.000000e+00	9.000000e-03
1	80	NOE	7.000000e-01	7.000000e-01	2.813229e-09	1.009294e-14	1.100000e-02
1	81	NOE	7.710000e-01	7.710000e-01	4.127191e-09	1.233581e-14	9.000000e-03
1	82	NOE	6.730000e-01	6.730000e-01	2.559605e-09	0.000000e+00	1.200000e-02
1	83	NOE	5.370000e-01	5.370000e-01	1.857208e-09	1.009294e-14	1.100000e-02
1	84	NOE	8.530000e-01	8.344307e-01	2.403161e-05	1.326381e+00	1.400000e-02
1	85	NOE	8.890000e-01	8.344307e-01	2.867920e-05	3.209961e+00	1.700000e-02
1	86	NOE	8.070000e-01	8.070000e-01	6.300345e-09	-8.540177e-15	1.300000e-02
1	87	NOE	8.040000e-01	8.040000e-01	5.979811e-09	0.000000e+00	1.200000e-02
1	88	NOE	8.850000e-01	8.344307e-01	2.260356e-05	3.371289e+00	1.500000e-02
1	89	NOE	8.690000e-01	8.344307e-01	2.821720e-05	1.920519e+00	1.800000e-02
1	90	NOE	8.040000e-01	8.040000e-01	5.979811e-09	0.000000e+00	1.400000e-02
1	91	NOE	8.340000e-01	8.340000e-01	5.042715e-08	0.000000e+00	1.800000e-02
1	92	NOE	8.490000e-01	8.344307e-01	1.892683e-05	9.105839e-01	1.600000e-02
1	93	NOE	8.220000e-01	8.220000e-01	9.374124e-09	0.000000e+00	1.600000e-02
1	94	NOE	8.510000e-01	8.344307e-01	2.598583e-05	9.205189e-01	1.800000e-02
1	95	NOE	7.360000e-01	7.360000e-01	3.300611e-09	0.000000e+00	9.000000e-03
1	96	NOE	5.900000e-01	5.900000e-01	2.060998e-09	1.233581e-14	9.000000e-03
1	97	NOE	5.700000e-01	5.700000e-01	1.977067e-09	1.387779e-14	8.000000e-03
1	98	NOE	5.840000e-01	5.840000e-01	2.034786e-09	1.110223e-14	1.000000e-02
1	99	NOE	6.340000e-01	6.340000e-01	2.287226e-09	-1.110223e-14	1.000000e-02
1	100	NOE	8.150000e-01	8.150000e-01	7.492208e-09	-6.530724e-15	1.700000e-02
1	103	NOE	7.980000e-01	7.980000e-01	5.461736e-09	0.000000e+00	1.600000e-02
1	104	NOE	8.900000e-01	8.344307e-01	2.125429e-05	2.646159e+00	2.100000e-02
1	105	NOE	8.640000e-01	8.344307e-01	2.550188e-05	2.688122e+00	1.100000e-02
1	106	NOE	7.670000e-01	7.670000e-01	4.001181e-09	-8.540177e-15	1.300000e-02
1	107	NOE	8.410000e-01	8.344307e-01	2.322976e-05	4.379560e-01	1.500000e-02
1	108	NOE	8.310000e-01	8.310000e-01	1.786097e-08	0.000000e+00	1.300000e-02
1	110	NOE	8.270000e-01	8.270000e-01	1.213096e-08	0.000000e+00	1.100000e-02
1	111	NOE	7.820000e-01	7.820000e-01	4.544915e-09	0.000000e+00	1.100000e-02
1	112	NOE	7.650000e-01	7.650000e-01	3.942281e-09	1.850372e-14	6.000000e-03
1	113	NOE	8.560000e-01	8.344307e-01	1.543703e-05	2.396594e+00	9.000000e-03
1	114	NOE	7.750000e-01	7.750000e-01	4.265658e-09	7.930164e-15	1.400000e-02
1	115	NOE	8.090000e-01	8.090000e-01	6.544802e-09	-1.110223e-14	1.000000e-02
1	116	NOE	8.390000e-01	8.344307e-01	1.739019e-05	4.569342e-01	1.000000e-02
1	117	NOE	7.840000e-01	7.840000e-01	4.635158e-09	-1.351668e-07	1.100000e-02
1	118	NOE	7.930000e-01	7.930000e-01	5.118828e-09	0.000000e+00	1.100000e-02
1	120	NOE	8.330000e-01	8.330000e-01	2.766418e-08	-4.270089e-15	2.600000e-02
1	121	NOE	8.560000e-01	8.344307e-01	1.543703e-05	2.156934e+00	1.000000e-02
1	122	NOE	8.790000e-01	8.344307e-01	1.980699e-05	3.428411e+00	1.300000e-02
1	123	NOE	8.390000e-01	8.344307e-01	1.739019e-05	2.855839e-01	1.600000e-02
1	124	NOE	8.500000e-01	8.344307e-01	3.133534e-05	9.158435e-01	1.700000e-02
1	125	NOE	8.080000e-01	8.080000e-01	6.419111e-09	-7.930164e-15	1.400000e-02
1	126	NOE	8.450000e-01	8.344307e-01	2.061235e-05	4.227736e-01	2.500000e-02
1	127	NOE	8.370000e-01	8.344307e-01	2.580892e-05	1.117104e-01	2.300000e-02
1	128	NOE	8.360000e-01	8.344307e-01	2.166614e-05	1.207185e-01	1.300000e-02
1	129	NOE	8.570000e-01	8.344307e-01	2.016922e-05	1.612096e+00	1.400000e-02
1	130	NOE	8.900000e-01	8.344307e-01	2.125429e-05	3.268785e+00	1.700000e-02
1	133	NOE	8.770000e-01	8.344307e-01	3.678520e-05	2.504079e+00	1.700000e-02
1	134	NOE	9.080000e-01	8.344307e-01	1.921418e-05	4.087186e+00	1.800000e-02
1	135	NOE	9.030000e-01	8.344307e-01	2.042824e-05	2.857056e+00	2.400000e-02
1	136	NOE	8.100000e-01	8.100000e-01	6.678119e-09	0.000000e+00	3.000000e-02
1	137	NOE	8.730000e-01	8.344307e-01	2.981960e-05	2.754953e+00	1.400000e-02
1	138	NOE	8.880000e-01	8.344307e-01	3.699592e-05	2.976074e+00	1.800000e-02
1	140	NOE	8.240000e-01	8.240000e-01	1.023563e-08	-1.824522e-08	1.700000e-02
1	141	NOE	8.330000e-01	8.330000e-01	2.766418e-08	-5.551115e-15	2.000000e-02
1	142	NOE	7.930000e-01	7.930000e-01	5.118828e-09	0.000000e+00	1.700000e-02
1	143	NOE	8.040000e-01	8.040000e-01	5.979811e-09	0.000000e+00	8.000000e-03
1	144	NOE	7.460000e-01	7.460000e-01	3.486016e-09	-1.708035e-14	1.300000e-02
1	145	NOE	8.490000e-01	8.344307e-01	1.892683e-05	6.937782e-01	2.100000e-02
1	146	NOE	8.410000e-01	8.344307e-01	2.322976e-05	4.379560e-01	1.500000e-02
1	147	NOE	8.650000e-01	8.344307e-01	1.354691e-05	2.779031e+00	1.100000e-02
1	148	NOE	8.250000e-01	8.250000e-01	1.076578e-08	8.540177e-15	1.300000e-02
1	149	NOE	8.820000e-01	8.344307e-01	1.760445e-05	2.973084e+00	1.600000e-02
1	150	NOE	8.800000e-01	8.344307e-01	2.377074e-05	3.254953e+00	1.400000e-02
1	151	NOE	8.210000e-01	8.210000e-01	9.017431e-09	9.251859e-15	1.200000e-02
1	152	NOE	8.680000e-01	8.344307e-01	2.986049e-05	1.974667e+00	1.700000e-02
1	153	NOE	8.100000e-01	8.100000e-01	6.678119e-09	0.000000e+00	2.600000e-02
1	154	NOE	8.170000e-01	8.170000e-01	7.912056e-09	0.000000e+00	1.300000e-02
1	155	NOE	8.980000e-01	8.344307e-01	2.212265e-05	2.118978e+00	3.000000e-02
1	156	NOE	8.480000e-01	8.344307e-01	1.922521e-05	1.130778e+00	1.200000e-02
1	157	NOE	7.970000e-01	7.970000e-01	5.387706e-09	0.000000e+00	1.300000e-02
1	158	NOE	8.340000e-01	8.340000e-01	5.042715e-08	0.000000e+00	1.000000e-02
1	159	NOE	8.080000e-01	8.080000e-01	6.419111e-09	-1.110223e-14	1.000000e-02
1	160	NOE	8.450000e-01	8.344307e-01	2.061235e-05	1.174371e+00	9.000000e-03
1	161	NOE	8.500000e-01	8.344307e-01	3.133534e-05	1.946167e+00	8.000000e-03
1	162	NOE	9.170000e-01	8.344307e-01	2.812153e-05	4.857020e+00	1.700000e-02
1	163	NOE	8.610000e-01	8.344307e-01	2.105656e-05	2.415395e+00	1.100000e-02
1	164	NOE	8.470000e-01	8.344307e-01	5.026950e-05	1.047445e+00	1.200000e-02
1	165	NOE	8.500000e-01	8.344307e-01	3.133534e-05	1.556934e+00	1.000000e-02
1	166	NOE	8.590000e-01	8.344307e-01	1.832820e-05	2.233577e+00	1.100000e-02
1	167	NOE	7.340000e-01	7.340000e-01	3.266871e-09	8.540177e-15	1.300000e-02
1	168	NOE	8.070000e-01	8.070000e-01	6.300345e-09	-4.111937e-15	2.700000e-02
1	169	NOE	7.890000e-01	7.890000e-01	4.886192e-09	3.083953e-15	3.600000e-02
1	170	NOE	6.020000e-01	6.020000e-01	2.116378e-09	-1.110223e-14	1.000000e-02
1	171	NOE	4.760000e-01	4.760000e-01	1.680023e-09	-1.387779e-14	8.000000e-03
1	172	NOE	1.900000e-01	1.900000e-01	1.210806e-09	1.387779e-14	4.000000e-03


2	5	R1	8.340284e-01	8.340284e-01	1.685422e-08	0.000000e+00	1.530327e-02
2	6	R1	1.383126e+00	1.383126e+00	9.713615e-09	3.868972e-14	5.739111e-03
2	7	R1	1.326260e+00	1.326260e+00	1.019192e-08	-4.207864e-14	5.276896e-03
2	8	R1	1.492537e+00	1.492537e+00	8.887134e-09	2.491896e-14	8.910671e-03
2	9	R1	1.355014e+00	1.355014e+00	9.945468e-09	3.023382e-14	7.344247e-03
2	10	R1	1.273885e+00	1.273885e+00	1.066717e-08	5.473177e-14	8.113919e-03
2	11	R1	1.315789e+00	1.315789e+00	1.028413e-08	-4.275099e-14	5.193906e-03
2	12	R1	1.366120e+00	1.366120e+00	9.852823e-09	-3.965894e-14	5.598853e-03
2	13	R1	1.314060e+00	1.314060e+00	1.029949e-08	-4.286356e-14	5.180265e-03
2	14	R1	1.288660e+00	1.288660e+00	1.052948e-08	4.456998e-14	4.981932e-03
2	15	R1	1.269036e+00	1.269036e+00	1.071301e-08	-6.893863e-14	3.220902e-03
2	16	R1	1.210654e+00	1.210654e+00	1.129175e-08	7.574785e-14	2.931365e-03
2	17	R1	1.326260e+00	1.326260e+00	1.019192e-08	-6.311796e-14	3.517931e-03
2	18	R1	1.345895e+00	1.345895e+00	1.002258e-08	4.085983e-14	5.434300e-03
2	19	R1	1.223990e+00	1.223990e+00	1.115499e-08	3.705308e-14	5.992608e-03
2	20	R1	1.269036e+00	1.269036e+00	1.071301e-08	-3.446932e-14	6.441805e-03
2	21	R1	1.308901e+00	1.308901e+00	1.034554e-08	-1.296065e-13	3.426441e-03
2	22	R1	1.420455e+00	1.420455e+00	9.418717e-09	7.336591e-14	6.053073e-03
2	23	R1	1.300390e+00	1.300390e+00	1.042223e-08	0.000000e+00	5.073043e-03
2	24	R1	1.269036e+00	1.269036e+00	1.071301e-08	-4.595909e-14	4.831354e-03
2	25	R1	1.443001e+00	1.443001e+00	9.247310e-09	-2.665917e-14	8.329013e-03
2	26	R1	1.461988e+00	1.461988e+00	9.106669e-09	0.000000e+00	6.412229e-03
2	27	R1	1.344086e+00	1.344086e+00	1.003799e-08	0.000000e+00	5.419702e-03
2	28	R1	1.381215e+00	1.381215e+00	9.729098e-09	0.000000e+00	5.723269e-03
2	29	R1	1.340483e+00	1.340483e+00	1.006880e-08	6.178569e-14	3.593787e-03
2	30	R1	1.283697e+00	1.283697e+00	1.057540e-08	0.000000e+00	4.943634e-03
2	31	R1	1.280410e+00	1.280410e+00	1.060600e-08	1.354385e-13	1.639449e-03
2	32	R1	1.329787e+00	1.329787e+00	1.016116e-08	0.000000e+00	3.536668e-03
2	33	R1	1.265823e+00	1.265823e+00	1.074356e-08	4.619268e-14	4.806922e-03
2	34	R1	1.288660e+00	1.288660e+00	1.052948e-08	6.685497e-14	3.321288e-03
2	35	R1	1.253133e+00	1.253133e+00	1.086566e-08	7.069945e-14	3.140684e-03
2	36	R1	1.324503e+00	1.324503e+00	1.020730e-08	4.219033e-14	5.262927e-03
2	37	R1	1.329787e+00	1.329787e+00	1.016116e-08	4.185570e-14	1.061000e-02
2	38	R1	1.285347e+00	1.285347e+00	1.056010e-08	3.360001e-14	6.608468e-03
2	40	R1	1.207729e+00	1.207729e+00	1.132211e-08	0.000000e+00	7.293052e-03
2	41	R1	1.275510e+00	1.275510e+00	1.065188e-08	0.000000e+00	4.880779e-03
2	42	R1	1.383126e+00	1.383126e+00	9.713615e-09	3.868972e-14	5.739111e-03
2	43	R1	1.412429e+00	1.412429e+00	9.480921e-09	3.029870e-06	5.984870e-03
2	44	R1	1.331558e+00	1.331558e+00	1.014578e-08	-4.174446e-14	5.319140e-03
2	45	R1	1.364256e+00	1.364256e+00	9.868273e-09	1.193021e-13	5.583587e-03
2	46	R1	1.392758e+00	1.392758e+00	9.636148e-09	-3.815644e-14	5.819322e-03
2	47	R1	1.265823e+00	1.265823e+00	1.074356e-08	-4.619268e-14	4.806922e-03
2	48	R1	1.326260e+00	1.326260e+00	1.019192e-08	-3.155898e-14	7.035862e-03
2	49	R1	1.277139e+00	1.277139e+00	1.063659e-08	0.000000e+00	4.893254e-03
2	50	R1	1.194743e+00	1.194743e+00	1.145864e-08	0.000000e+00	7.137056e-03
2	51	R1	1.373626e+00	1.373626e+00	9.790990e-09	1.176801e-13	3.773699e-03
2	52	R1	1.278772e+00	1.278772e+00	1.062130e-08	0.000000e+00	4.905776e-03
2	53	R1	1.353180e+00	1.353180e+00	9.960896e-09	4.042107e-14	5.493288e-03
2	54	R1	1.390821e+00	1.390821e+00	9.651649e-09	0.000000e+00	7.737528e-03
2	55	R1	1.362398e+00	1.362398e+00	9.883719e-09	0.000000e+00	7.424511e-03
2	56	R1	1.366120e+00	1.366120e+00	9.852823e-09	0.000000e+00	7.465138e-03
2	57	R1	1.367989e+00	1.367989e+00	9.837370e-09	2.966299e-14	7.485576e-03
2	58	R1	1.355014e+00	1.355014e+00	9.945468e-09	-2.418705e-14	9.180309e-03
2	59	R1	1.321004e+00	1.321004e+00	1.023804e-08	3.181061e-14	6.980206e-03
2	60	R1	1.312336e+00	1.312336e+00	1.031484e-08	-5.157155e-14	8.611128e-03
2	62	R1	1.285347e+00	1.285347e+00	1.056010e-08	-4.480002e-14	4.956351e-03
2	63	R1	1.113586e+00	1.113586e+00	1.237976e-08	0.000000e+00	2.480146e-03
2	64	R1	1.434720e+00	1.434720e+00	9.309700e-09	-5.393563e-14	4.116844e-03
2	65	R1	1.212121e+00	1.212121e+00	1.127656e-08	1.844080e-06	8.815427e-03
2	66	R1	1.503759e+00	1.503759e+00	8.808490e-09	0.000000e+00	1.356775e-02
2	70	R1	1.180638e+00	1.180638e+00	1.161014e-08	-1.327473e-14	1.672686e-02
2	71	R1	1.453488e+00	1.453488e+00	9.169222e-09	2.627587e-14	8.450514e-03
2	72	R1	1.404494e+00	1.404494e+00	9.543059e-09	0.000000e+00	5.917813e-03
2	73	R1	1.455604e+00	1.455604e+00	9.153590e-09	5.239909e-14	4.237566e-03
2	74	R1	1.345895e+00	1.345895e+00	1.002258e-08	-4.085983e-14	5.434300e-03
2	75	R1	1.358696e+00	1.358696e+00	9.914600e-09	4.009356e-14	5.538162e-03
2	76	R1	1.445087e+00	1.445087e+00	9.231701e-09	1.063292e-13	4.176551e-03
2	77	R1	1.253133e+00	1.253133e+00	1.086566e-08	7.069945e-14	3.140684e-03
2	78	R1	1.414427e+00	1.414427e+00	9.465376e-09	-4.439551e-14	1.000302e-02
2	79	R1	1.663894e+00	1.663894e+00	7.788539e-09	-8.020273e-14	5.537083e-03
2	80	R1	1.474926e+00	1.474926e+00	9.012699e-09	3.402345e-14	6.526222e-03
2	81	R1	1.672241e+00	1.672241e+00	7.740013e-09	3.970202e-14	5.592779e-03
2	82	R1	1.369863e+00	1.369863e+00	9.821914e-09	-3.944252e-14	5.629574e-03
2	83	R1	1.416431e+00	1.416431e+00	9.449827e-09	5.533751e-14	4.012551e-03
2	84	R1	1.248439e+00	1.248439e+00	1.091140e-08	-2.849281e-14	7.793005e-03
2	85	R1	1.290323e+00	1.290323e+00	1.051417e-08	4.445518e-14	4.994797e-03
2	86	R1	1.277139e+00	1.277139e+00	1.063659e-08	0.000000e+00	6.524338e-03
2	87	R1	1.221001e+00	1.221001e+00	1.118540e-08	-3.723472e-14	5.963376e-03
2	88	R1	1.390821e+00	1.390821e+00	9.651649e-09	0.000000e+00	7.737528e-03
2	89	R1	1.312336e+00	1.312336e+00	1.031484e-08	-5.157155e-14	8.611128e-03
2	90	R1	1.377410e+00	1.377410e+00	9.760051e-09	0.000000e+00	7.589038e-03
2	91	R1	1.353180e+00	1.353180e+00	9.960896e-09	2.021054e-14	1.098658e-02
2	92	R1	1.424501e+00	1.424501e+00	9.387591e-09	0.000000e+00	1.014602e-02
2	93	R1	1.314060e+00	1.314060e+00	1.029949e-08	-4.286356e-14	5.180265e-03
2	94	R1	1.158749e+00	1.158749e+00	1.185211e-08	-1.837466e-14	1.208428e-02
2	95	R1	1.310616e+00	1.310616e+00	1.033019e-08	-8.617832e-14	5.153143e-03
2	96	R1	1.432665e+00	1.432665e+00	9.325287e-09	3.606034e-14	6.157585e-03
2	97	R1	1.321004e+00	1.321004e+00	1.023804e-08	4.963585e-06	3.490103e-03
2	98	R1	1.492537e+00	1.492537e+00	8.887134e-09	3.322527e-14	6.683003e-03
2	99	R1	1.219512e+00	1.219512e+00	1.120060e-08	0.000000e+00	4.461630e-03
2	100	R1	1.273885e+00	1.273885e+00	1.066717e-08	0.000000e+00	8.113919e-03
2	103	R1	1.328021e+00	1.328021e+00	1.017654e-08	0.000000e+00	7.054562e-03
2	104	R1	1.355014e+00	1.355014e+00	9.945468e-09	-2.015588e-14	1.101637e-02
2	105	R1	1.369863e+00	1.369863e+00	9.821914e-09	-2.958189e-14	7.506099e-03
2	106	R1	1.396648e+00	1.396648e+00	9.605134e-09	2.845812e-14	7.802503e-03
2	107	R1	1.366120e+00	1.366120e+00	9.852823e-09	0.000000e+00	5.598853e-03
2	108	R1	1.280410e+00	1.280410e+00	1.060600e-08	4.514618e-14	4.918347e-03
2	110	R1	1.379310e+00	1.379310e+00	9.744576e-09	0.000000e+00	5.707491e-03
2	111	R1	1.466276e+00	1.466276e+00	9.075365e-09	-3.442609e-14	6.449893e-03
2	112	R1	1.333333e+00	1.333333e+00	1.013039e-08	-1.249001e-13	3.555556e-03
2	113	R1	1.307190e+00	1.307190e+00	1.036088e-08	-4.331535e-14	5.126233e-03
2	114	R1	1.345895e+00	1.345895e+00	1.002258e-08	4.085983e-14	5.434300e-03
2	115	R1	1.269036e+00	1.269036e+00	1.071301e-08	9.191818e-14	4.831354e-03
2	116	R1	1.349528e+00	1.349528e+00	9.991743e-09	-4.064016e-14	5.463675e-03
2	117	R1	1.349528e+00	1.349528e+00	9.991743e-09	-4.064016e-14	5.463675e-03
2	118	R1	1.277139e+00	1.277139e+00	1.063659e-08	0.000000e+00	4.893254e-03
2	120	R1	1.264223e+00	1.264223e+00	1.075883e-08	0.000000e+00	1.278607e-02
2	121	R1	1.375516e+00	1.375516e+00	9.775522e-09	0.000000e+00	5.676131e-03
2	122	R1	1.307190e+00	1.307190e+00	1.036088e-08	-3.248651e-14	6.834978e-03
2	123	R1	1.464129e+00	1.464129e+00	9.091019e-09	3.452712e-14	6.431020e-03
2	124	R1	1.223990e+00	1.223990e+00	1.115499e-08	0.000000e+00	5.992608e-03
2	125	R1	1.245330e+00	1.245330e+00	1.094189e-08	0.000000e+00	6.203387e-03
2	126	R1	1.275510e+00	1.275510e+00	1.065188e-08	0.000000e+00	9.761558e-03
2	127	R1	1.353180e+00	1.353180e+00	9.960896e-09	2.425264e-14	9.155480e-03
2	128	R1	1.392758e+00	1.392758e+00	9.636148e-09	-7.631288e-14	5.819322e-03
2	129	R1	1.362398e+00	1.362398e+00	9.883719e-09	3.178737e-06	5.568383e-03
2	130	R1	1.222494e+00	1.222494e+00	1.117020e-08	0.000000e+00	1.046144e-02
2	133	R1	1.329787e+00	1.329787e+00	1.016116e-08	-2.511342e-14	8.841670e-03
2	134	R1	1.293661e+00	1.293661e+00	1.048353e-08	-2.211302e-14	1.004135e-02
2	135	R1	1.282051e+00	1.282051e+00	1.059070e-08	0.000000e+00	1.150559e-02
2	136	R1	1.371742e+00	1.371742e+00	9.806453e-09	-1.475045e-14	1.505341e-02
2	137	R1	1.351351e+00	1.351351e+00	9.976321e-09	4.053054e-14	5.478451e-03
2	138	R1	1.364256e+00	1.364256e+00	9.868273e-09	1.903826e-06	9.305979e-03
2	140	R1	1.373626e+00	1.373626e+00	9.790990e-09	-4.707204e-14	9.434247e-03
2	141	R1	1.148106e+00	1.148106e+00	1.197291e-08	-2.406459e-14	9.227026e-03
2	142	R1	1.264223e+00	1.264223e+00	1.075883e-08	0.000000e+00	1.118781e-02
2	143	R1	1.447178e+00	1.447178e+00	9.216088e-09	5.301104e-14	4.188648e-03
2	144	R1	1.422475e+00	1.422475e+00	9.403156e-09	3.657881e-14	6.070306e-03
2	145	R1	1.257862e+00	1.257862e+00	1.081989e-08	-4.009650e-14	1.107551e-02
2	146	R1	1.307190e+00	1.307190e+00	1.036088e-08	0.000000e+00	6.834978e-03
2	147	R1	1.371742e+00	1.371742e+00	9.806453e-09	-3.933454e-14	5.645029e-03
2	148	R1	1.390821e+00	1.390821e+00	9.651649e-09	2.319800e-06	7.737528e-03
2	149	R1	1.324503e+00	1.324503e+00	1.020730e-08	3.164274e-14	7.017236e-03
2	150	R1	1.277139e+00	1.277139e+00	1.063659e-08	3.403328e-14	6.524338e-03
2	151	R1	1.280410e+00	1.280410e+00	1.060600e-08	3.385964e-14	6.557796e-03
2	152	R1	1.472754e+00	1.472754e+00	9.028373e-09	0.000000e+00	1.518303e-02
2	153	R1	1.259446e+00	1.259446e+00	1.080463e-08	2.333082e-14	9.517223e-03
2	154	R1	1.144165e+00	1.144165e+00	1.201818e-08	1.130764e-13	3.927339e-03
2	155	R1	1.270648e+00	1.270648e+00	1.069773e-08	3.438189e-14	6.458186e-03
2	156	R1	1.280410e+00	1.280410e+00	1.060600e-08	-6.771927e-14	3.278898e-03
2	157	R1	1.293661e+00	1.293661e+00	1.048353e-08	-3.316952e-14	6.694236e-03
2	158	R1	1.369863e+00	1.369863e+00	9.821914e-09	-3.944252e-14	5.629574e-03
2	159	R1	1.400560e+00	1.400560e+00	9.574104e-09	0.000000e+00	5.884707e-03
2	160	R1	1.362398e+00	1.362398e+00	9.883719e-09	0.000000e+00	3.712256e-03
2	161	R1	1.280410e+00	1.280410e+00	1.060600e-08	4.514618e-14	4.918347e-03
2	162	R1	1.597444e+00	1.597444e+00	8.190200e-09	0.000000e+00	7.655483e-03
2	163	R1	1.392758e+00	1.392758e+00	9.636148e-09	-3.815644e-14	5.819322e-03
2	164	R1	1.298701e+00	1.298701e+00	1.043756e-08	-4.388342e-14	5.059875e-03
2	165	R1	1.402525e+00	1.402525e+00	9.558583e-09	3.762686e-14	5.901225e-03
2	166	R1	1.328021e+00	1.328021e+00	1.017654e-08	0.000000e+00	5.290921e-03
2	167	R1	1.293661e+00	1.293661e+00	1.048353e-08	-4.422603e-14	5.020677e-03
2	168	R1	1.298701e+00	1.298701e+00	1.043756e-08	1.880718e-14	1.180638e-02
2	169	R1	1.404494e+00	1.404494e+00	9.543059e-09	0.000000e+00	2.169865e-02
2	170	R1	1.342282e+00	1.342282e+00	1.005340e-08	-4.108010e-14	5.405162e-03
2	171	R1	1.639344e+00	1.639344e+00	7.933681e-09	0.000000e+00	5.374899e-03
2	172	R1	1.529052e+00	1.529052e+00	8.635005e-09	0.000000e+00	4.676000e-03


