5	9.174312e+00	4.208400e-01	7.050000e-01	5.300000e-02	8.340284e-01	1.530327e-02	2.494047e-02	
6	8.333333e+00	1.388889e-01	3.830000e-01	1.000000e-02	1.383126e+00	5.739111e-03	8.650649e-02	
7	1.515152e+01	2.295684e-01	7.130000e-01	1.000000e-02	1.326260e+00	5.276896e-03	3.858446e-02	
8	6.410256e+00	8.218277e-02	6.740000e-01	2.900000e-02	1.492537e+00	8.910671e-03	4.932245e-02	
9	1.204819e+01	1.451589e-01	8.010000e-01	1.200000e-02	1.355014e+00	7.344247e-03	2.733371e-02	
10	1.265823e+01	1.602307e-01	8.380000e-01	1.900000e-02	1.273885e+00	8.113919e-03	2.091930e-02	
11	1.052632e+01	1.108033e-01	8.580000e-01	1.300000e-02	1.315789e+00	5.193906e-03	1.893985e-02	
12	1.219512e+01	1.487210e-01	8.060000e-01	1.100000e-02	1.366120e+00	5.598853e-03	2.686535e-02	
13	1.265823e+01	1.602307e-01	8.830000e-01	1.200000e-02	1.314060e+00	5.180265e-03	1.558486e-02	
14	1.351351e+01	1.826150e-01	8.540000e-01	1.000000e-02	1.288660e+00	4.981932e-03	1.907186e-02	
15	1.075269e+01	1.156203e-01	7.840000e-01	8.000000e-03	1.269036e+00	3.220902e-03	2.778621e-02	
16	1.086957e+01	1.181474e-01	6.740000e-01	7.000000e-03	1.210654e+00	2.931365e-03	4.000731e-02	
17	9.259259e+00	8.573388e-02	6.050000e-01	7.000000e-03	1.326260e+00	3.517931e-03	5.310404e-02	
18	1.204819e+01	1.451589e-01	6.530000e-01	1.100000e-02	1.345895e+00	5.434300e-03	4.734155e-02	
19	1.063830e+01	1.131734e-01	7.170000e-01	1.200000e-02	1.223990e+00	5.992608e-03	3.511286e-02	
20	1.190476e+01	1.417234e-01	8.340000e-01	1.200000e-02	1.269036e+00	6.441805e-03	2.135422e-02	
21	8.928571e+00	7.971939e-02	7.580000e-01	9.000000e-03	1.308901e+00	3.426441e-03	3.210878e-02	
22	1.265823e+01	1.602307e-01	8.410000e-01	1.100000e-02	1.420455e+00	6.053073e-03	2.289424e-02	
23	1.020408e+01	1.041233e-01	8.650000e-01	9.000000e-03	1.300390e+00	5.073043e-03	1.779546e-02	
24	1.204819e+01	1.451589e-01	8.830000e-01	1.200000e-02	1.269036e+00	4.831354e-03	1.505087e-02	
25	1.075269e+01	1.156203e-01	8.680000e-01	1.300000e-02	1.443001e+00	8.329013e-03	1.930823e-02	
26	1.190476e+01	1.417234e-01	8.660000e-01	1.000000e-02	1.461988e+00	6.412229e-03	1.985869e-02	
27	1.250000e+01	1.562500e-01	8.300000e-01	8.000000e-03	1.344086e+00	5.419702e-03	2.316209e-02	
28	1.136364e+01	1.291322e-01	8.070000e-01	1.200000e-02	1.381215e+00	5.723269e-03	2.702219e-02	
29	1.315789e+01	1.731302e-01	8.110000e-01	1.100000e-02	1.340483e+00	3.593787e-03	2.568176e-02	
30	1.190476e+01	0.000000e+00	8.090000e-01	1.000000e-02	1.283697e+00	4.943634e-03	2.485408e-02	
31	1.020408e+01	1.041233e-01	8.200000e-01	7.000000e-03	1.280410e+00	1.639449e-03	2.336271e-02	
32	1.136364e+01	1.291322e-01	7.620000e-01	9.000000e-03	1.329787e+00	3.536668e-03	3.208196e-02	
33	1.219512e+01	0.000000e+00	8.050000e-01	1.000000e-02	1.265823e+00	4.806922e-03	2.502127e-02	
34	1.176471e+01	1.384083e-01	7.980000e-01	8.000000e-03	1.288660e+00	3.321288e-03	2.638709e-02	
35	1.219512e+01	1.487210e-01	8.820000e-01	9.000000e-03	1.253133e+00	3.140684e-03	1.498929e-02	
36	1.315789e+01	1.731302e-01	8.450000e-01	1.200000e-02	1.324503e+00	5.262927e-03	2.081070e-02	
37	1.408451e+01	1.983733e-01	8.110000e-01	1.700000e-02	1.329787e+00	1.061000e-02	2.547685e-02	
38	1.111111e+01	1.234568e-01	8.040000e-01	1.200000e-02	1.285347e+00	6.608468e-03	2.553750e-02	
40	1.265823e+01	1.602307e-01	8.370000e-01	1.200000e-02	1.207729e+00	7.293052e-03	1.995534e-02	
41	1.250000e+01	1.562500e-01	8.520000e-01	1.000000e-02	1.275510e+00	4.880779e-03	1.913584e-02	
42	1.265823e+01	1.602307e-01	8.670000e-01	1.200000e-02	1.383126e+00	5.739111e-03	1.864727e-02	
43	1.204819e+01	1.451589e-01	8.050000e-01	9.000000e-03	1.412429e+00	5.984870e-03	2.791921e-02	
44	1.234568e+01	1.524158e-01	8.370000e-01	1.300000e-02	1.331558e+00	5.319140e-03	2.200136e-02	
45	1.162791e+01	1.352082e-01	8.440000e-01	8.000000e-03	1.364256e+00	5.583587e-03	2.157359e-02	
46	1.149425e+01	1.321178e-01	8.260000e-01	1.000000e-02	1.392758e+00	5.819322e-03	2.456556e-02	
47	1.190476e+01	1.417234e-01	7.950000e-01	1.500000e-02	1.265823e+00	4.806922e-03	2.630441e-02	
48	1.098901e+01	1.207584e-01	7.770000e-01	1.300000e-02	1.326260e+00	7.035862e-03	2.998026e-02	
49	1.282051e+01	1.643655e-01	8.330000e-01	1.100000e-02	1.277139e+00	4.893254e-03	2.162004e-02	
50	1.351351e+01	1.826150e-01	8.250000e-01	1.700000e-02	1.194743e+00	7.137056e-03	2.119407e-02	
51	1.333333e+01	1.777778e-01	7.880000e-01	1.000000e-02	1.373626e+00	3.773699e-03	2.951932e-02	
52	1.136364e+01	1.291322e-01	8.130000e-01	1.000000e-02	1.278772e+00	4.905776e-03	2.424023e-02	
53	1.149425e+01	1.321178e-01	8.530000e-01	1.100000e-02	1.353180e+00	5.493288e-03	2.016391e-02	
54	1.428571e+01	2.040816e-01	8.250000e-01	1.100000e-02	1.390821e+00	7.737528e-03	2.467238e-02	
55	1.315789e+01	1.731302e-01	8.290000e-01	1.200000e-02	1.362398e+00	7.424511e-03	2.361576e-02	
56	1.333333e+01	1.777778e-01	8.850000e-01	1.300000e-02	1.366120e+00	7.465138e-03	1.592534e-02	
57	1.162791e+01	1.352082e-01	8.320000e-01	1.400000e-02	1.367989e+00	7.485576e-03	2.329666e-02	
58	1.315789e+01	1.731302e-01	8.830000e-01	2.000000e-02	1.355014e+00	9.180309e-03	1.607057e-02	
59	9.803922e+00	9.611688e-02	8.340000e-01	1.400000e-02	1.321004e+00	6.980206e-03	2.222870e-02	
60	1.190476e+01	1.417234e-01	7.770000e-01	1.400000e-02	1.312336e+00	8.611128e-03	2.966550e-02	
62	1.063830e+01	1.131734e-01	7.540000e-01	9.000000e-03	1.285347e+00	4.956351e-03	3.205216e-02	
63	1.219512e+01	0.000000e+00	7.600000e-01	7.000000e-03	1.113586e+00	2.480146e-03	2.709173e-02	
64	1.190476e+01	1.417234e-01	8.120000e-01	8.000000e-03	1.434720e+00	4.116844e-03	2.734179e-02	
65	1.428571e+01	2.040816e-01	8.160000e-01	2.200000e-02	1.212121e+00	8.815427e-03	2.260819e-02	
66	1.190476e+01	2.834467e-01	8.810000e-01	1.700000e-02	1.503759e+00	1.356775e-02	1.813958e-02	
70	1.219512e+01	2.974420e-01	8.410000e-01	3.000000e-02	1.180638e+00	1.672686e-02	1.902898e-02	
71	1.351351e+01	1.826150e-01	8.430000e-01	1.500000e-02	1.453488e+00	8.450514e-03	2.313199e-02	
72	1.265823e+01	1.602307e-01	8.670000e-01	1.000000e-02	1.404494e+00	5.917813e-03	1.893536e-02	
73	1.123596e+01	1.262467e-01	8.720000e-01	8.000000e-03	1.455604e+00	4.237566e-03	1.888666e-02	
74	1.176471e+01	1.384083e-01	8.160000e-01	9.000000e-03	1.345895e+00	5.434300e-03	2.510330e-02	
75	1.204819e+01	1.451589e-01	8.610000e-01	1.000000e-02	1.358696e+00	5.538162e-03	1.914427e-02	
76	1.298701e+01	1.686625e-01	8.170000e-01	9.000000e-03	1.445087e+00	4.176551e-03	2.680691e-02	
77	1.149425e+01	1.321178e-01	8.060000e-01	1.000000e-02	1.253133e+00	3.140684e-03	2.464340e-02	
78	1.470588e+01	2.162630e-01	8.470000e-01	1.800000e-02	1.414427e+00	1.000302e-02	2.193683e-02	
79	1.041667e+01	1.085069e-01	7.150000e-01	9.000000e-03	1.663894e+00	5.537083e-03	4.806979e-02	
80	9.900990e+00	9.802960e-02	7.000000e-01	1.100000e-02	1.474926e+00	6.526222e-03	4.485320e-02	
81	1.162791e+01	1.352082e-01	7.710000e-01	9.000000e-03	1.672241e+00	5.592779e-03	3.881827e-02	
82	1.086957e+01	1.181474e-01	6.730000e-01	1.200000e-02	1.369863e+00	5.629574e-03	4.540741e-02	
83	9.708738e+00	9.425959e-02	5.370000e-01	1.100000e-02	1.416431e+00	4.012551e-03	6.647803e-02	
84	1.250000e+01	1.562500e-01	8.530000e-01	1.400000e-02	1.248439e+00	7.793005e-03	1.860316e-02	
85	1.234568e+01	1.524158e-01	8.890000e-01	1.700000e-02	1.290323e+00	4.994797e-03	1.451855e-02	
86	1.098901e+01	1.207584e-01	8.070000e-01	1.300000e-02	1.277139e+00	6.524338e-03	2.498604e-02	
87	1.136364e+01	1.291322e-01	8.040000e-01	1.200000e-02	1.221001e+00	5.963376e-03	2.425906e-02	
88	1.388889e+01	1.929012e-01	8.850000e-01	1.500000e-02	1.390821e+00	7.737528e-03	1.621328e-02	
89	1.219512e+01	1.487210e-01	8.690000e-01	1.800000e-02	1.312336e+00	8.611128e-03	1.742682e-02	
90	1.086957e+01	1.181474e-01	8.040000e-01	1.400000e-02	1.377410e+00	7.589038e-03	2.736663e-02	
91	1.098901e+01	1.207584e-01	8.340000e-01	1.800000e-02	1.353180e+00	1.098658e-02	2.277013e-02	
92	1.388889e+01	1.929012e-01	8.490000e-01	1.600000e-02	1.424501e+00	1.014602e-02	2.180428e-02	
93	1.123596e+01	1.262467e-01	8.220000e-01	1.600000e-02	1.314060e+00	5.180265e-03	2.371031e-02	
94	1.075269e+01	2.312406e-01	8.510000e-01	1.800000e-02	1.158749e+00	1.208428e-02	1.750158e-02	
95	1.063830e+01	1.131734e-01	7.360000e-01	9.000000e-03	1.310616e+00	5.153143e-03	3.507367e-02	
96	1.020408e+01	1.041233e-01	5.900000e-01	9.000000e-03	1.432665e+00	6.157585e-03	5.954294e-02	
97	9.174312e+00	8.416800e-02	5.700000e-01	8.000000e-03	1.321004e+00	3.490103e-03	5.758037e-02	
98	1.030928e+01	1.062812e-01	5.840000e-01	1.000000e-02	1.492537e+00	6.683003e-03	6.293908e-02	
99	1.075269e+01	1.156203e-01	6.340000e-01	1.000000e-02	1.219512e+00	4.461630e-03	4.524484e-02	
100	1.250000e+01	1.562500e-01	8.150000e-01	1.700000e-02	1.273885e+00	8.113919e-03	2.388933e-02	
103	1.298701e+01	1.686625e-01	7.980000e-01	1.600000e-02	1.328021e+00	7.054562e-03	2.719307e-02	
104	1.315789e+01	1.731302e-01	8.900000e-01	2.100000e-02	1.355014e+00	1.101637e-02	1.510908e-02	
105	1.052632e+01	1.108033e-01	8.640000e-01	1.100000e-02	1.369863e+00	7.506099e-03	1.888504e-02	
106	1.000000e+01	1.000000e-01	7.670000e-01	1.300000e-02	1.396648e+00	7.802503e-03	3.298715e-02	
107	1.315789e+01	1.731302e-01	8.410000e-01	1.500000e-02	1.366120e+00	5.598853e-03	2.201851e-02	
108	1.282051e+01	1.643655e-01	8.310000e-01	1.300000e-02	1.280410e+00	4.918347e-03	2.193499e-02	
110	1.204819e+01	1.451589e-01	8.270000e-01	1.100000e-02	1.379310e+00	5.707491e-03	2.418856e-02	
111	9.900990e+00	9.802960e-02	7.820000e-01	1.100000e-02	1.466276e+00	6.449893e-03	3.240216e-02	
112	1.136364e+01	0.000000e+00	7.650000e-01	6.000000e-03	1.333333e+00	3.555556e-03	3.176204e-02	
113	1.265823e+01	1.602307e-01	8.560000e-01	9.000000e-03	1.307190e+00	5.126233e-03	1.908108e-02	
114	1.204819e+01	1.451589e-01	7.750000e-01	1.400000e-02	1.345895e+00	5.434300e-03	3.069697e-02	
115	1.282051e+01	1.643655e-01	8.090000e-01	1.000000e-02	1.269036e+00	4.831354e-03	2.457022e-02	
116	1.250000e+01	1.562500e-01	8.390000e-01	1.000000e-02	1.349528e+00	5.463675e-03	2.202467e-02	
117	1.219512e+01	1.487210e-01	7.840000e-01	1.100000e-02	1.349528e+00	5.463675e-03	2.954863e-02	
118	1.063830e+01	1.131734e-01	7.930000e-01	1.100000e-02	1.277139e+00	4.893254e-03	2.679850e-02	
120	1.086957e+01	2.362949e-01	8.330000e-01	2.600000e-02	1.264223e+00	1.278607e-02	2.140138e-02	
121	1.351351e+01	1.826150e-01	8.560000e-01	1.000000e-02	1.375516e+00	5.676131e-03	2.007844e-02	
122	1.176471e+01	1.384083e-01	8.790000e-01	1.300000e-02	1.307190e+00	6.834978e-03	1.603341e-02	
123	1.408451e+01	1.983733e-01	8.390000e-01	1.600000e-02	1.464129e+00	6.431020e-03	2.389500e-02	
124	1.234568e+01	1.524158e-01	8.500000e-01	1.700000e-02	1.223990e+00	5.992608e-03	1.861106e-02	
125	1.136364e+01	1.291322e-01	8.080000e-01	1.400000e-02	1.245330e+00	6.203387e-03	2.423748e-02	
126	1.136364e+01	2.582645e-01	8.450000e-01	2.500000e-02	1.275510e+00	9.761558e-03	2.004091e-02	
127	1.086957e+01	1.181474e-01	8.370000e-01	2.300000e-02	1.353180e+00	9.155480e-03	2.235862e-02	
128	1.250000e+01	1.562500e-01	8.360000e-01	1.300000e-02	1.392758e+00	5.819322e-03	2.315374e-02	
129	1.265823e+01	1.602307e-01	8.570000e-01	1.400000e-02	1.362398e+00	5.568383e-03	1.974885e-02	
130	1.234568e+01	1.524158e-01	8.900000e-01	1.700000e-02	1.222494e+00	1.046144e-02	1.363142e-02	
133	1.538462e+01	2.366864e-01	8.770000e-01	1.700000e-02	1.329787e+00	8.841670e-03	1.658017e-02	
134	1.176471e+01	2.768166e-01	9.080000e-01	1.800000e-02	1.293661e+00	1.004135e-02	1.206452e-02	
135	8.264463e+00	3.415067e-01	9.030000e-01	2.400000e-02	1.282051e+00	1.150559e-02	1.260605e-02	
136	2.564103e+01	6.574622e-01	8.100000e-01	3.000000e-02	1.371742e+00	1.505341e-02	2.641970e-02	
137	1.176471e+01	1.384083e-01	8.730000e-01	1.400000e-02	1.351351e+00	5.478451e-03	1.739698e-02	
138	1.408451e+01	1.983733e-01	8.880000e-01	1.800000e-02	1.364256e+00	9.305979e-03	1.548873e-02	
140	1.234568e+01	1.524158e-01	8.240000e-01	1.700000e-02	1.373626e+00	9.434247e-03	2.450660e-02	
141	1.204819e+01	2.903179e-01	8.330000e-01	2.000000e-02	1.148106e+00	9.227026e-03	1.943570e-02	
142	1.234568e+01	1.524158e-01	7.930000e-01	1.700000e-02	1.264223e+00	1.118781e-02	2.652746e-02	
143	1.428571e+01	2.040816e-01	8.040000e-01	8.000000e-03	1.447178e+00	4.188648e-03	2.875278e-02	
144	1.219512e+01	1.487210e-01	7.460000e-01	1.300000e-02	1.422475e+00	6.070306e-03	3.662522e-02	
145	1.190476e+01	1.417234e-01	8.490000e-01	2.100000e-02	1.257862e+00	1.107551e-02	1.925359e-02	
146	1.063830e+01	1.131734e-01	8.410000e-01	1.500000e-02	1.307190e+00	6.834978e-03	2.106869e-02	
147	1.098901e+01	1.207584e-01	8.650000e-01	1.100000e-02	1.371742e+00	5.645029e-03	1.877189e-02	
148	1.219512e+01	1.487210e-01	8.250000e-01	1.300000e-02	1.390821e+00	7.737528e-03	2.467238e-02	
149	1.315789e+01	1.731302e-01	8.820000e-01	1.600000e-02	1.324503e+00	7.017236e-03	1.584298e-02	
150	1.162791e+01	1.352082e-01	8.800000e-01	1.400000e-02	1.277139e+00	6.524338e-03	1.553536e-02	
151	1.204819e+01	1.451589e-01	8.210000e-01	1.200000e-02	1.280410e+00	6.557796e-03	2.323292e-02	
152	1.282051e+01	1.643655e-01	8.680000e-01	1.700000e-02	1.472754e+00	1.518303e-02	1.970634e-02	
153	9.090909e+00	2.479339e-01	8.100000e-01	2.600000e-02	1.259446e+00	9.517223e-03	2.425688e-02	
154	9.259259e+00	8.573388e-02	8.170000e-01	1.300000e-02	1.144165e+00	3.927339e-03	2.122470e-02	
155	1.052632e+01	2.216066e-01	8.980000e-01	3.000000e-02	1.270648e+00	6.458186e-03	1.313794e-02	
156	1.149425e+01	1.321178e-01	8.480000e-01	1.200000e-02	1.280410e+00	3.278898e-03	1.972851e-02	
157	9.615385e+00	1.849112e-01	7.970000e-01	1.300000e-02	1.293661e+00	6.694236e-03	2.662063e-02	
158	1.190476e+01	1.417234e-01	8.340000e-01	1.000000e-02	1.369863e+00	5.629574e-03	2.305086e-02	
159	1.190476e+01	1.417234e-01	8.080000e-01	1.000000e-02	1.400560e+00	5.884707e-03	2.725868e-02	
160	1.123596e+01	0.000000e+00	8.450000e-01	9.000000e-03	1.362398e+00	3.712256e-03	2.140610e-02	
161	1.204819e+01	1.451589e-01	8.500000e-01	8.000000e-03	1.280410e+00	4.918347e-03	1.946893e-02	
162	6.849315e+00	9.382623e-02	9.170000e-01	1.700000e-02	1.597444e+00	7.655483e-03	1.344020e-02	
163	1.282051e+01	1.643655e-01	8.610000e-01	1.100000e-02	1.392758e+00	5.819322e-03	1.962421e-02	
164	1.098901e+01	1.207584e-01	8.470000e-01	1.200000e-02	1.298701e+00	5.059875e-03	2.014200e-02	
165	1.265823e+01	0.000000e+00	8.500000e-01	1.000000e-02	1.402525e+00	5.901225e-03	2.132571e-02	
166	1.075269e+01	1.156203e-01	8.590000e-01	1.100000e-02	1.328021e+00	5.290921e-03	1.898130e-02	
167	1.162791e+01	1.352082e-01	7.340000e-01	1.300000e-02	1.293661e+00	5.020677e-03	3.488221e-02	
168	1.538462e+01	2.366864e-01	8.070000e-01	2.700000e-02	1.298701e+00	1.180638e-02	2.540788e-02	
169	1.754386e+01	6.155740e-01	7.890000e-01	3.600000e-02	1.404494e+00	2.169865e-02	3.004030e-02	
170	1.351351e+01	1.826150e-01	6.020000e-01	1.000000e-02	1.342282e+00	5.405162e-03	5.415376e-02	
171	8.000000e+00	6.400000e-02	4.760000e-01	8.000000e-03	1.639344e+00	5.374899e-03	8.707697e-02	
172	6.756757e+00	4.565376e-02	1.900000e-01	4.000000e-03	1.529052e+00	4.676000e-03	1.255478e-01	
