6.567193e+00	1.000000e+00	1.902019e-03
6.888751e+00	2.000000e+00	5.701182e-03
7.226053e+00	0.000000e+00	1.677877e-02
7.579872e+00	0.000000e+00	4.809178e-02
7.951015e+00	1.000000e+00	1.330086e-01
8.340330e+00	2.000000e+00	3.512579e-01
8.748708e+00	1.000000e+00	8.752746e-01
9.177082e+00	5.000000e+00	2.030469e+00
9.626431e+00	3.000000e+00	4.319131e+00
1.009778e+01	7.000000e+00	8.281866e+00
1.059221e+01	1.400000e+01	1.404278e+01
1.111085e+01	2.100000e+01	2.060675e+01
1.165489e+01	2.400000e+01	2.554463e+01
1.222556e+01	3.100000e+01	2.603560e+01
1.282418e+01	1.600000e+01	2.116714e+01
1.345210e+01	1.400000e+01	1.327047e+01
1.411077e+01	8.000000e+00	6.177764e+00
1.480170e+01	2.000000e+00	2.047355e+00
1.552645e+01	2.000000e+00	4.608611e-01
1.628669e+01	0.000000e+00	6.687133e-02
1.708416e+01	0.000000e+00	5.900835e-03
1.792067e+01	1.000000e+00	2.967991e-04
1.879814e+01	0.000000e+00	7.918104e-06
1.971858e+01	0.000000e+00	1.034319e-07
2.068409e+01	0.000000e+00	6.053348e-10
2.169687e+01	0.000000e+00	1.438277e-12
2.275924e+01	0.000000e+00	1.243703e-15
2.387363e+01	0.000000e+00	3.467168e-19
2.504258e+01	0.000000e+00	2.724398e-23


1.952990e-01	1.000000e+00	2.837716e-53
2.061925e-01	0.000000e+00	1.928514e-51
2.176937e-01	0.000000e+00	1.533117e-49
2.298364e-01	0.000000e+00	1.425327e-47
2.426564e-01	0.000000e+00	1.547654e-45
2.561915e-01	0.000000e+00	1.957739e-43
2.704816e-01	0.000000e+00	2.873699e-41
2.855688e-01	0.000000e+00	4.867433e-39
3.014975e-01	0.000000e+00	9.442118e-37
3.183146e-01	0.000000e+00	2.077471e-34
3.360699e-01	0.000000e+00	5.121375e-32
3.548154e-01	0.000000e+00	1.393348e-29
3.746066e-01	1.000000e+00	4.107275e-27
3.955018e-01	0.000000e+00	1.283017e-24
4.175624e-01	0.000000e+00	4.136115e-22
4.408536e-01	0.000000e+00	1.333553e-19
4.654439e-01	1.000000e+00	4.144306e-17
4.914058e-01	0.000000e+00	1.188912e-14
5.188158e-01	0.000000e+00	2.993918e-12
5.477548e-01	1.000000e+00	6.242440e-10
5.783079e-01	3.000000e+00	1.007309e-07
6.105652e-01	2.000000e+00	1.163751e-05
6.446219e-01	2.000000e+00	8.802187e-04
6.805781e-01	3.000000e+00	3.933733e-02
7.185400e-01	7.000000e+00	9.237109e-01
7.586193e-01	1.100000e+01	9.967630e+00
8.009342e-01	4.100000e+01	4.242767e+01
8.456094e-01	6.100000e+01	5.987417e+01
8.927766e-01	2.200000e+01	2.299404e+01


8.441526e-01	1.000000e+00	1.897638e-08
8.646470e-01	0.000000e+00	1.061502e-07
8.856390e-01	0.000000e+00	5.736482e-07
9.071405e-01	0.000000e+00	2.981228e-06
9.291641e-01	0.000000e+00	1.482685e-05
9.517224e-01	0.000000e+00	7.020217e-05
9.748284e-01	0.000000e+00	3.147034e-04
9.984953e-01	0.000000e+00	1.327859e-03
1.022737e+00	0.000000e+00	5.240748e-03
1.047567e+00	0.000000e+00	1.921984e-02
1.073000e+00	0.000000e+00	6.503827e-02
1.099050e+00	0.000000e+00	2.015636e-01
1.125733e+00	1.000000e+00	5.676028e-01
1.153063e+00	3.000000e+00	1.440207e+00
1.181058e+00	2.000000e+00	3.263578e+00
1.209731e+00	8.000000e+00	6.542802e+00
1.239101e+00	4.000000e+00	1.148958e+01
1.269184e+00	2.700000e+01	1.748761e+01
1.299997e+00	2.000000e+01	2.281342e+01
1.331559e+00	2.100000e+01	2.520864e+01
1.363886e+00	2.900000e+01	2.330107e+01
1.396999e+00	1.500000e+01	1.777974e+01
1.430915e+00	1.000000e+01	1.104395e+01
1.465655e+00	7.000000e+00	5.502398e+00
1.501238e+00	3.000000e+00	2.164829e+00
1.537686e+00	1.000000e+00	6.615613e-01
1.575018e+00	0.000000e+00	1.543186e-01
1.613256e+00	1.000000e+00	2.697555e-02
1.652423e+00	3.000000e+00	3.465616e-03


1.257199e-02	1.000000e+00	1.874850e+00
1.362960e-02	3.000000e+00	2.922832e+00
1.477619e-02	4.000000e+00	4.489441e+00
1.601923e-02	9.000000e+00	6.723795e+00
1.736685e-02	4.000000e+00	9.693400e+00
1.882783e-02	1.900000e+01	1.324016e+01
2.041172e-02	1.500000e+01	1.680505e+01
2.212885e-02	1.700000e+01	1.935753e+01
2.399043e-02	2.400000e+01	1.966364e+01
2.600862e-02	1.600000e+01	1.701418e+01
2.819659e-02	9.000000e+00	1.202584e+01
3.056863e-02	7.000000e+00	6.602576e+00
3.314020e-02	5.000000e+00	2.650721e+00
3.592812e-02	4.000000e+00	7.238298e-01
3.895056e-02	3.000000e+00	1.232963e-01
4.222727e-02	0.000000e+00	1.181523e-02
4.577963e-02	4.000000e+00	5.631635e-04
4.963083e-02	2.000000e+00	1.153075e-05
5.380601e-02	2.000000e+00	8.519147e-08
5.833243e-02	2.000000e+00	1.846307e-10
6.323964e-02	1.000000e+00	9.179653e-14
6.855966e-02	1.000000e+00	7.822898e-18
7.432722e-02	0.000000e+00	8.089416e-23
8.057999e-02	0.000000e+00	6.742815e-29
8.735876e-02	2.000000e+00	2.792088e-36
9.470780e-02	0.000000e+00	3.240119e-45
1.026751e-01	0.000000e+00	5.356029e-56
1.113126e-01	0.000000e+00	5.669275e-69
1.206767e-01	1.000000e+00	1.494534e-84


5.489109e-02	1.000000e+00	1.447474e+00
5.774994e-02	3.000000e+00	2.517974e+00
6.075769e-02	4.000000e+00	4.198302e+00
6.392209e-02	9.000000e+00	6.643722e+00
6.725130e-02	4.000000e+00	9.867860e+00
7.075390e-02	1.900000e+01	1.358386e+01
7.443892e-02	1.500000e+01	1.708472e+01
7.831587e-02	1.700000e+01	1.931839e+01
8.239474e-02	2.400000e+01	1.928461e+01
8.668605e-02	1.600000e+01	1.665050e+01
9.120085e-02	9.000000e+00	1.215083e+01
9.595080e-02	7.000000e+00	7.302839e+00
1.009481e-01	5.000000e+00	3.511135e+00
1.062057e-01	4.000000e+00	1.307062e+00
1.117372e-01	3.000000e+00	3.632002e-01
1.175567e-01	0.000000e+00	7.231008e-02
1.236793e-01	4.000000e+00	9.852201e-03
1.301208e-01	2.000000e+00	8.727051e-04
1.368978e-01	2.000000e+00	4.745640e-05
1.440278e-01	2.000000e+00	1.485902e-06
1.515291e-01	1.000000e+00	2.493934e-08
1.594210e-01	1.000000e+00	2.071603e-10
1.677241e-01	0.000000e+00	7.790726e-13
1.764595e-01	0.000000e+00	1.201088e-15
1.856499e-01	2.000000e+00	6.795679e-19
1.953190e-01	0.000000e+00	1.247395e-22
2.054917e-01	0.000000e+00	6.475166e-27
2.161941e-01	0.000000e+00	8.157892e-32
2.274540e-01	1.000000e+00	2.104207e-37


