0	3	R2	1.953125e+00	1.953125e+00	5.716346e-10	-1.212660e-15	1.831055e-01
0	5	R2	2.865330e+00	2.865330e+00	9.405640e-10	0.000000e+00	6.814394e-01
0	6	R2	3.731343e+00	3.731343e+00	1.345521e-09	-4.945157e-16	1.796057e+00
0	9	R2	4.975124e+00	4.975124e+00	2.022725e-09	-1.690568e-08	3.093983e+00
0	11	R2	1.041667e+01	1.041667e+01	5.194927e-09	-1.063046e-16	1.671007e+01
0	12	R2	1.190476e+01	1.190476e+01	6.033483e-09	-7.642667e-17	2.324263e+01
0	13	R2	2.222222e+01	2.222222e+01	1.169271e-08	-2.430488e-17	1.461728e+02
0	14	R2	1.149425e+01	1.149425e+01	5.803170e-09	0.000000e+00	6.870128e+00
0	15	R2	1.162791e+01	1.162791e+01	5.878233e-09	2.346060e-16	7.571660e+00
0	16	R2	2.173913e+01	2.173913e+01	1.143079e-08	0.000000e+00	1.753308e+02
0	17	R2	1.449275e+01	1.449275e+01	7.471992e-09	-5.188488e-17	3.423650e+01
0	18	R2	1.204819e+01	1.204819e+01	6.113792e-09	-8.268461e-17	2.148352e+01
0	19	R2	1.190476e+01	1.190476e+01	6.033483e-09	-1.053275e-16	1.686508e+01
0	20	R2	1.818182e+01	1.818182e+01	9.495949e-09	0.000000e+00	8.528926e+01
0	21	R2	1.666667e+01	1.666667e+01	8.667454e-09	-6.427020e-17	5.527778e+01
0	23	R2	1.282051e+01	1.282051e+01	6.544912e-09	-1.543908e-16	1.150559e+01
0	24	R2	1.333333e+01	1.333333e+01	6.830067e-09	-6.245005e-17	2.844444e+01
0	25	R2	1.724138e+01	1.724138e+01	8.982097e-09	0.000000e+00	4.696790e+01
0	26	R2	2.631579e+01	2.631579e+01	1.390641e-08	9.827813e-18	3.614958e+02
0	27	R2	1.315789e+01	1.315789e+01	6.732606e-09	0.000000e+00	3.514543e+01
0	28	R2	1.408451e+01	1.408451e+01	7.246365e-09	1.029266e-16	1.725848e+01
0	29	R2	1.515152e+01	1.515152e+01	7.835251e-09	0.000000e+00	1.377410e+01
0	30	R2	1.724138e+01	1.724138e+01	8.982097e-09	0.000000e+00	1.438763e+02
0	32	R2	1.388889e+01	1.388889e+01	7.138102e-09	0.000000e+00	2.372685e+01
0	33	R2	1.587302e+01	1.587302e+01	8.232064e-09	0.000000e+00	6.928697e+01
0	34	R2	1.369863e+01	1.369863e+01	7.032708e-09	0.000000e+00	2.758491e+01
0	35	R2	2.272727e+01	2.272727e+01	1.196635e-08	-2.740260e-17	1.296488e+02
0	36	R2	1.298701e+01	1.298701e+01	6.637586e-09	-1.571943e-16	1.130039e+01
0	37	R2	1.639344e+01	1.639344e+01	8.517687e-09	6.325190e-17	5.616770e+01
0	38	R2	2.272727e+01	2.272727e+01	1.196635e-08	-1.810014e-17	1.962810e+02
0	39	R2	1.111111e+01	1.111111e+01	5.587550e-09	-1.013274e-16	1.753086e+01
0	41	R2	1.333333e+01	1.333333e+01	6.830067e-09	-8.058070e-17	2.204444e+01
0	42	R2	1.136364e+01	1.136364e+01	5.729738e-09	-3.527207e-16	1.007231e+01
0	43	R2	1.030928e+01	1.030928e+01	5.133986e-09	0.000000e+00	3.826124e+00
0	44	R2	1.075269e+01	1.075269e+01	5.385213e-09	-1.634437e-16	1.086831e+01
0	45	R2	1.190476e+01	1.190476e+01	6.033483e-09	-1.160553e-16	1.530612e+01
0	46	R2	1.315789e+01	1.315789e+01	6.732606e-09	0.000000e+00	2.596953e+01
0	47	R2	1.020408e+01	1.020408e+01	5.074226e-09	1.895570e-16	9.371095e+00
0	48	R2	1.030928e+01	1.030928e+01	5.133986e-09	0.000000e+00	1.381656e+01
0	49	R2	1.250000e+01	1.250000e+01	6.366255e-09	0.000000e+00	2.187500e+01
0	50	R2	1.282051e+01	1.282051e+01	6.544912e-09	-9.158775e-17	1.939513e+01
0	51	R2	1.282051e+01	1.282051e+01	6.544912e-09	-2.078338e-16	8.547009e+00
0	52	R2	1.408451e+01	1.408451e+01	7.246365e-09	6.536215e-17	2.717715e+01
0	53	R2	1.265823e+01	1.265823e+01	6.454497e-09	0.000000e+00	2.707899e+01
0	55	R2	1.470588e+01	1.470588e+01	7.589624e-09	4.640607e-17	3.827855e+01
0	56	R2	1.351351e+01	1.351351e+01	6.930066e-09	0.000000e+00	7.030679e+01
0	57	R2	1.562500e+01	1.562500e+01	8.095774e-09	0.000000e+00	4.589844e+01
0	58	R2	2.040816e+01	2.040816e+01	1.070827e-08	0.000000e+00	9.496043e+01
0	59	R2	1.538462e+01	1.538462e+01	7.963565e-09	-2.330779e-17	7.621302e+01
0	60	R2	1.587302e+01	1.587302e+01	8.232064e-09	0.000000e+00	1.940035e+01
0	61	R2	1.754386e+01	1.754386e+01	9.147502e-09	0.000000e+00	4.032010e+01
0	62	R2	9.900990e+00	9.900990e+00	4.901687e-09	1.603594e-16	1.107735e+01
0	63	R2	2.439024e+01	2.439024e+01	1.286624e-08	1.262603e-17	2.813801e+02
0	64	R2	2.040816e+01	2.040816e+01	1.070827e-08	0.000000e+00	6.997085e+01
0	65	R2	1.851852e+01	1.851852e+01	9.679643e-09	1.911386e-17	1.858711e+02
0	66	R2	8.771930e+00	8.771930e+00	4.253764e-09	-3.980264e-16	4.462912e+00
0	67	R2	6.493506e+00	6.493506e+00	2.917765e-09	-4.842308e-16	3.668410e+00
0	68	R2	5.524862e+00	5.524862e+00	2.343565e-09	5.938288e-16	1.495681e+00
0	69	R2	4.975124e+00	4.975124e+00	2.022725e-09	-1.174005e-07	4.455335e-01
0	70	R2	4.739336e+00	4.739336e+00	1.887883e-09	0.000000e+00	1.931673e+00
0	71	R2	4.854369e+00	4.854369e+00	1.953399e-09	-3.085687e-08	1.649543e+00
0	72	R2	4.807692e+00	4.807692e+00	1.926749e-09	0.000000e+00	1.594859e+00
0	73	R2	5.154639e+00	5.154639e+00	2.126676e-09	0.000000e+00	1.780210e+00
0	74	R2	6.802721e+00	6.802721e+00	3.101123e-09	0.000000e+00	1.573418e+00


1	3	NOE	-4.600000e-02	-4.600000e-02	5.214155e-10	3.102094e-15	8.500000e-02
1	5	NOE	2.930000e-01	2.930000e-01	6.892116e-10	3.265362e-15	1.700000e-02
1	6	NOE	3.300000e-01	3.300000e-01	7.158077e-10	-3.965082e-15	4.200000e-02
1	9	NOE	4.480000e-01	4.480000e-01	8.212710e-10	1.513940e-14	1.100000e-02
1	11	NOE	7.380000e-01	7.380000e-01	1.494400e-09	0.000000e+00	1.800000e-02
1	12	NOE	8.400000e-01	8.400000e-01	2.903757e-09	0.000000e+00	1.700000e-02
1	13	NOE	8.090000e-01	8.090000e-01	2.147175e-09	6.938894e-15	1.600000e-02
1	14	NOE	7.910000e-01	7.910000e-01	1.908066e-09	0.000000e+00	1.600000e-02
1	15	NOE	8.150000e-01	8.150000e-01	2.248698e-09	0.000000e+00	1.300000e-02
1	16	NOE	8.380000e-01	8.380000e-01	2.829605e-09	0.000000e+00	1.800000e-02
1	17	NOE	8.030000e-01	8.030000e-01	2.058022e-09	7.930164e-15	1.400000e-02
1	18	NOE	8.050000e-01	8.050000e-01	2.086523e-09	0.000000e+00	1.500000e-02
1	19	NOE	8.330000e-01	8.330000e-01	2.666274e-09	-7.930164e-15	1.400000e-02
1	20	NOE	8.220000e-01	8.220000e-01	2.387069e-09	-4.111937e-15	2.700000e-02
1	21	NOE	8.450000e-01	8.450000e-01	3.117676e-09	0.000000e+00	1.800000e-02
1	23	NOE	8.660000e-01	8.660000e-01	5.178810e-09	0.000000e+00	2.700000e-02
1	24	NOE	8.590000e-01	8.590000e-01	4.114257e-09	0.000000e+00	1.900000e-02
1	25	NOE	8.670000e-01	8.670000e-01	5.409083e-09	0.000000e+00	2.100000e-02
1	26	NOE	8.280000e-01	8.280000e-01	2.527999e-09	-5.892424e-08	2.500000e-02
1	27	NOE	7.860000e-01	7.860000e-01	1.854368e-09	0.000000e+00	1.600000e-02
1	28	NOE	8.360000e-01	8.360000e-01	2.760793e-09	-5.286776e-15	2.100000e-02
1	29	NOE	8.040000e-01	8.040000e-01	2.072129e-09	0.000000e+00	1.700000e-02
1	30	NOE	7.900000e-01	7.900000e-01	1.896964e-09	3.000603e-15	3.700000e-02
1	32	NOE	7.530000e-01	7.530000e-01	1.584459e-09	-3.581365e-15	3.100000e-02
1	33	NOE	7.810000e-01	7.810000e-01	1.804846e-09	-4.625929e-15	2.400000e-02
1	34	NOE	8.450000e-01	8.450000e-01	3.117676e-09	0.000000e+00	1.800000e-02
1	35	NOE	8.100000e-01	8.100000e-01	2.163163e-09	0.000000e+00	1.900000e-02
1	36	NOE	8.330000e-01	8.330000e-01	2.666274e-09	-9.251859e-15	1.200000e-02
1	37	NOE	8.060000e-01	8.060000e-01	2.101214e-09	0.000000e+00	1.500000e-02
1	38	NOE	7.330000e-01	7.330000e-01	1.467497e-09	0.000000e+00	2.100000e-02
1	39	NOE	7.790000e-01	7.790000e-01	1.786087e-09	0.000000e+00	1.400000e-02
1	41	NOE	7.730000e-01	7.730000e-01	1.733037e-09	0.000000e+00	1.400000e-02
1	42	NOE	7.400000e-01	7.400000e-01	1.505563e-09	-1.708035e-14	1.300000e-02
1	43	NOE	6.320000e-01	6.320000e-01	1.112395e-09	0.000000e+00	1.300000e-02
1	44	NOE	6.170000e-01	6.170000e-01	1.077879e-09	0.000000e+00	1.400000e-02
1	45	NOE	7.800000e-01	7.800000e-01	1.795396e-09	0.000000e+00	2.100000e-02
1	46	NOE	7.580000e-01	7.580000e-01	1.618128e-09	7.401487e-15	1.500000e-02
1	47	NOE	7.680000e-01	7.680000e-01	1.692156e-09	0.000000e+00	1.700000e-02
1	48	NOE	7.920000e-01	7.920000e-01	1.919359e-09	0.000000e+00	1.500000e-02
1	49	NOE	8.310000e-01	8.310000e-01	2.608332e-09	0.000000e+00	1.200000e-02
1	50	NOE	8.270000e-01	8.270000e-01	2.502803e-09	-8.836368e-08	1.700000e-02
1	51	NOE	8.370000e-01	8.370000e-01	2.794572e-09	-6.938894e-15	1.600000e-02
1	52	NOE	9.100000e-01	8.780323e-01	8.500506e-06	1.522270e+00	2.100000e-02
1	53	NOE	8.450000e-01	8.450000e-01	3.117676e-09	0.000000e+00	1.100000e-02
1	55	NOE	8.670000e-01	8.670000e-01	5.409083e-09	0.000000e+00	2.100000e-02
1	56	NOE	8.160000e-01	8.160000e-01	2.267028e-09	6.938894e-15	1.600000e-02
1	57	NOE	8.340000e-01	8.340000e-01	2.696708e-09	-6.530724e-15	1.700000e-02
1	58	NOE	7.540000e-01	7.540000e-01	1.591032e-09	0.000000e+00	2.900000e-02
1	59	NOE	8.390000e-01	8.390000e-01	2.865971e-09	0.000000e+00	2.500000e-02
1	60	NOE	8.370000e-01	8.370000e-01	2.794572e-09	-7.930164e-15	1.400000e-02
1	61	NOE	7.680000e-01	7.680000e-01	1.692156e-09	0.000000e+00	3.000000e-02
1	62	NOE	7.790000e-01	7.790000e-01	1.786087e-09	0.000000e+00	1.700000e-02
1	63	NOE	8.250000e-01	8.250000e-01	2.454557e-09	-5.200974e-08	3.000000e-02
1	64	NOE	7.390000e-01	7.390000e-01	1.499951e-09	4.827057e-15	2.300000e-02
1	65	NOE	8.480000e-01	8.480000e-01	3.270877e-09	-2.581914e-15	4.300000e-02
1	66	NOE	6.310000e-01	6.310000e-01	1.109999e-09	0.000000e+00	1.100000e-02
1	67	NOE	5.620000e-01	5.620000e-01	9.726364e-10	0.000000e+00	1.300000e-02
1	68	NOE	5.580000e-01	5.580000e-01	9.660331e-10	2.018587e-14	1.100000e-02
1	69	NOE	4.780000e-01	4.780000e-01	8.549510e-10	0.000000e+00	1.100000e-02
1	70	NOE	5.240000e-01	5.240000e-01	9.143761e-10	-1.110223e-14	1.000000e-02
1	71	NOE	5.190000e-01	5.190000e-01	9.073865e-10	2.467162e-14	9.000000e-03
1	72	NOE	5.200000e-01	5.200000e-01	9.087731e-10	-1.110223e-14	1.000000e-02
1	73	NOE	5.550000e-01	5.550000e-01	9.611590e-10	1.233581e-14	9.000000e-03
1	74	NOE	5.940000e-01	5.940000e-01	1.030249e-09	0.000000e+00	1.200000e-02


2	3	R1	1.329787e+00	1.329787e+00	4.101746e-10	1.720097e-15	1.290884e-01
2	5	R1	1.572327e+00	1.572327e+00	5.412415e-10	-9.454332e-16	2.348602e-01
2	6	R1	1.501502e+00	1.501502e+00	5.015395e-10	0.000000e+00	2.322142e-01
2	9	R1	1.468429e+00	1.468429e+00	4.739354e-09	0.000000e+00	6.253221e-02
2	11	R1	1.090513e+00	1.090513e+00	6.746247e-09	-4.149219e-14	1.070296e-02
2	12	R1	1.075269e+00	1.075269e+00	6.853772e-09	0.000000e+00	5.781015e-03
2	13	R1	1.068376e+00	1.068376e+00	6.903330e-09	-1.768476e-14	1.255570e-02
2	14	R1	1.084599e+00	1.084599e+00	6.787628e-09	0.000000e+00	1.058719e-02
2	15	R1	1.112347e+00	1.112347e+00	6.597010e-09	0.000000e+00	1.855974e-02
2	16	R1	1.060445e+00	1.060445e+00	6.961094e-09	2.468162e-14	8.996355e-03
2	17	R1	1.058201e+00	1.058201e+00	6.977587e-09	2.478642e-14	8.958316e-03
2	18	R1	1.123596e+00	1.123596e+00	6.522227e-09	0.000000e+00	1.136220e-02
2	19	R1	1.100110e+00	1.100110e+00	6.679972e-09	0.000000e+00	3.630726e-03
2	20	R1	1.070664e+00	1.070664e+00	6.886815e-09	6.213163e-07	2.292642e-02
2	21	R1	1.111111e+00	1.111111e+00	6.605312e-09	1.998401e-14	1.111111e-02
2	23	R1	1.079914e+00	1.079914e+00	6.820710e-09	1.903979e-14	1.166213e-02
2	24	R1	1.064963e+00	1.064963e+00	6.928093e-09	6.526046e-14	3.402437e-03
2	25	R1	1.054852e+00	1.054852e+00	7.002319e-09	0.000000e+00	4.450854e-03
2	26	R1	1.054852e+00	1.054852e+00	7.002319e-09	0.000000e+00	2.225427e-02
2	27	R1	9.891197e-01	9.891197e-01	7.519527e-09	0.000000e+00	1.076194e-02
2	28	R1	1.128668e+00	1.128668e+00	6.488954e-09	1.161998e-06	1.273892e-02
2	29	R1	1.006036e+00	1.006036e+00	7.380345e-09	-5.484702e-14	4.048435e-03
2	30	R1	1.002004e+00	1.002004e+00	7.413118e-09	1.105787e-14	2.008024e-02
2	32	R1	1.057082e+00	1.057082e+00	6.985832e-09	0.000000e+00	1.564393e-02
2	33	R1	1.054852e+00	1.054852e+00	7.002319e-09	1.535018e-14	1.446527e-02
2	34	R1	9.980040e-01	9.980040e-01	7.445876e-09	0.000000e+00	1.195214e-02
2	35	R1	1.017294e+00	1.017294e+00	7.290142e-09	3.065132e-14	1.448842e-02
2	36	R1	1.018330e+00	1.018330e+00	7.281936e-09	5.353074e-14	4.147983e-03
2	37	R1	9.930487e-01	9.930487e-01	7.486802e-09	1.407276e-14	7.889165e-03
2	38	R1	9.587728e-01	9.587728e-01	7.780835e-09	-5.176093e-14	6.434717e-03
2	39	R1	1.127396e+00	1.127396e+00	6.497274e-09	3.882174e-14	1.143919e-02
2	41	R1	1.055966e+00	1.055966e+00	6.994076e-09	-2.489145e-14	8.920517e-03
2	42	R1	1.044932e+00	1.044932e+00	7.076455e-09	2.140625e-14	2.074578e-02
2	43	R1	9.680542e-01	9.680542e-01	7.699268e-09	0.000000e+00	8.434161e-03
2	44	R1	1.070664e+00	1.070664e+00	6.886815e-09	-4.304488e-14	1.031689e-02
2	45	R1	1.246883e+00	1.246883e+00	5.784145e-09	4.263283e-15	1.041660e-01
2	46	R1	1.307190e+00	1.307190e+00	5.469193e-09	-1.856372e-14	2.392242e-02
2	47	R1	1.113586e+00	1.113586e+00	6.588707e-09	1.492147e-14	1.488088e-02
2	48	R1	1.200480e+00	1.200480e+00	6.045723e-09	1.925929e-14	1.152922e-02
2	49	R1	1.106195e+00	1.106195e+00	6.638508e-09	0.000000e+00	9.789334e-03
2	50	R1	1.103753e+00	1.103753e+00	6.655098e-09	3.645244e-14	6.091351e-03
2	51	R1	1.180638e+00	1.180638e+00	6.163257e-09	2.450720e-14	1.812077e-02
2	52	R1	1.154734e+00	1.154734e+00	6.322230e-09	1.665237e-14	1.333412e-02
2	53	R1	1.146789e+00	1.146789e+00	6.372311e-09	0.000000e+00	6.575625e-03
2	55	R1	1.200480e+00	1.200480e+00	6.045723e-09	0.000000e+00	2.161729e-02
2	56	R1	1.127396e+00	1.127396e+00	6.497274e-09	8.734891e-14	5.084084e-03
2	57	R1	1.146789e+00	1.146789e+00	6.372311e-09	-2.813986e-14	7.890750e-03
2	58	R1	1.076426e+00	1.076426e+00	6.845508e-09	0.000000e+00	1.506302e-02
2	59	R1	1.100110e+00	1.100110e+00	6.679972e-09	0.000000e+00	2.662532e-02
2	60	R1	1.084599e+00	1.084599e+00	6.787628e-09	0.000000e+00	9.410835e-03
2	61	R1	1.096491e+00	1.096491e+00	6.704835e-09	0.000000e+00	2.284357e-02
2	62	R1	1.031992e+00	1.031992e+00	7.175166e-09	-6.949707e-14	6.390042e-03
2	63	R1	9.832842e-01	9.832842e-01	7.568589e-09	0.000000e+00	2.900543e-02
2	64	R1	9.950249e-01	9.950249e-01	7.470434e-09	-2.491896e-14	8.910671e-03
2	65	R1	1.132503e+00	1.132503e+00	6.463983e-09	-6.925029e-15	3.206407e-02
2	66	R1	1.305483e+00	1.305483e+00	5.477750e-09	0.000000e+00	1.193000e-02
2	67	R1	1.335113e+00	1.335113e+00	5.331925e-09	2.264859e-14	1.960781e-02
2	68	R1	1.438849e+00	1.438849e+00	4.862757e-09	1.072531e-14	2.070286e-02
2	69	R1	1.449275e+00	1.449275e+00	4.818779e-09	9.610494e-15	2.310439e-02
2	70	R1	1.567398e+00	1.567398e+00	4.354464e-09	-5.648870e-15	3.930779e-02
2	71	R1	1.612903e+00	1.612903e+00	4.190164e-09	0.000000e+00	4.942768e-02
2	72	R1	1.545595e+00	1.545595e+00	4.435846e-09	0.000000e+00	2.388864e-02
2	73	R1	1.631321e+00	1.631321e+00	4.125660e-09	-1.042968e-14	2.128968e-02
2	74	R1	1.742160e+00	1.742160e+00	3.758644e-09	0.000000e+00	3.247581e-01


