0	3	R2	1.672241e+00	1.672241e+00	5.498126e-10	1.087727e-15	4.082728e-01
0	5	R2	2.500000e+00	2.500000e+00	9.941997e-10	8.167158e-16	5.437500e-01
0	6	R2	3.076923e+00	3.076923e+00	1.317300e-09	2.848599e-16	4.676923e+00
0	9	R2	3.802281e+00	3.802281e+00	1.758476e-09	-3.338827e-16	1.330076e+00
0	11	R2	7.518797e+00	7.518797e+00	4.597378e-09	-7.410843e-17	1.198485e+01
0	12	R2	8.695652e+00	8.695652e+00	5.549104e-09	-3.506316e-16	1.013233e+01
0	13	R2	1.333333e+01	1.333333e+01	9.184044e-09	-4.288415e-17	4.142222e+01
0	14	R2	8.474576e+00	8.474576e+00	5.371169e-09	1.139815e-16	1.558460e+01
0	15	R2	8.403361e+00	8.403361e+00	5.313757e-09	1.905681e-16	9.321376e+00
0	16	R2	1.298701e+01	1.298701e+01	8.917886e-09	5.851122e-17	3.035925e+01
0	17	R2	9.900990e+00	9.900990e+00	6.511045e-09	-4.768583e-16	7.450250e+00
0	18	R2	8.771930e+00	8.771930e+00	5.610392e-09	0.000000e+00	8.310249e+00
0	19	R2	8.928571e+00	8.928571e+00	5.736077e-09	-1.904497e-16	9.327168e+00
0	20	R2	1.149425e+01	1.149425e+01	7.762428e-09	0.000000e+00	5.337561e+01
0	21	R2	1.123596e+01	1.123596e+01	7.560955e-09	5.628209e-17	3.156167e+01
0	23	R2	9.259259e+00	9.259259e+00	6.000638e-09	-4.855942e-09	2.306241e+01
0	24	R2	9.708738e+00	9.708738e+00	6.358545e-09	0.000000e+00	2.422471e+01
0	25	R2	1.111111e+01	1.111111e+01	7.463394e-09	-5.309406e-17	3.345679e+01
0	26	R2	1.562500e+01	1.562500e+01	1.093115e-08	0.000000e+00	8.349609e+01
0	27	R2	9.523810e+00	9.523810e+00	6.211526e-09	-4.083342e-09	2.848073e+01
0	28	R2	9.615385e+00	9.615385e+00	6.284370e-09	-1.804045e-16	1.969305e+01
0	29	R2	1.010101e+01	1.010101e+01	6.669342e-09	0.000000e+00	1.030507e+01
0	30	R2	1.086957e+01	1.086957e+01	7.274288e-09	1.326625e-16	4.017013e+01
0	32	R2	1.020408e+01	1.020408e+01	6.750771e-09	6.851458e-17	2.592670e+01
0	33	R2	1.075269e+01	1.075269e+01	7.182615e-09	4.532068e-17	3.919528e+01
0	34	R2	1.020408e+01	1.020408e+01	6.750771e-09	6.462171e-17	2.748855e+01
0	35	R2	1.428571e+01	1.428571e+01	9.912858e-09	-3.523947e-17	5.040816e+01
0	36	R2	9.433962e+00	9.433962e+00	6.139979e-09	2.626203e-16	6.763973e+00
0	37	R2	1.063830e+01	1.063830e+01	7.092784e-09	0.000000e+00	2.399276e+01
0	38	R2	1.408451e+01	1.408451e+01	9.759239e-09	8.528205e-17	4.165840e+01
0	39	R2	8.196721e+00	8.196721e+00	5.146919e-09	-1.436918e-16	1.236227e+01
0	41	R2	9.345794e+00	9.345794e+00	6.069694e-09	8.691243e-17	2.043847e+01
0	42	R2	8.196721e+00	8.196721e+00	5.146919e-09	-1.088037e-16	1.632626e+01
0	43	R2	7.142857e+00	7.142857e+00	4.291757e-09	2.720046e-16	3.265306e+00
0	44	R2	7.518797e+00	7.518797e+00	4.597378e-09	-8.926698e-17	9.949686e+00
0	45	R2	8.130081e+00	8.130081e+00	5.093039e-09	9.916791e-17	1.791262e+01
0	46	R2	8.695652e+00	8.695652e+00	5.549104e-09	-2.258877e-16	1.572779e+01
0	47	R2	7.462687e+00	7.462687e+00	4.551783e-09	1.993516e-16	8.910671e+00
0	48	R2	7.575758e+00	7.575758e+00	4.643653e-09	1.357511e-16	6.542700e+00
0	49	R2	8.547009e+00	8.547009e+00	5.429516e-09	-1.163471e-16	1.526773e+01
0	50	R2	8.928571e+00	8.928571e+00	5.736077e-09	-1.342327e-16	1.323342e+01
0	51	R2	9.090909e+00	9.090909e+00	5.866084e-09	0.000000e+00	1.363636e+01
0	52	R2	9.615385e+00	9.615385e+00	6.284370e-09	-1.821145e-16	1.950814e+01
0	53	R2	9.009009e+00	9.009009e+00	5.800527e-09	-6.750173e-09	1.598896e+01
0	55	R2	9.803922e+00	9.803922e+00	6.434091e-09	0.000000e+00	2.181853e+01
0	56	R2	9.259259e+00	9.259259e+00	6.000638e-09	-5.488439e-09	2.040466e+01
0	57	R2	1.030928e+01	1.030928e+01	6.833781e-09	0.000000e+00	1.955574e+01
0	58	R2	1.234568e+01	1.234568e+01	8.423205e-09	-5.002007e-17	7.102576e+01
0	59	R2	9.433962e+00	9.433962e+00	6.139979e-09	5.606502e-17	3.168387e+01
0	60	R2	1.020408e+01	1.020408e+01	6.750771e-09	8.445609e-17	2.103290e+01
0	61	R2	1.063830e+01	1.063830e+01	7.092784e-09	0.000000e+00	2.444545e+01
0	62	R2	7.575758e+00	7.575758e+00	4.643653e-09	1.406875e-16	6.313131e+00
0	63	R2	1.492537e+01	1.492537e+01	1.040008e-08	-4.746468e-17	7.484963e+01
0	64	R2	1.250000e+01	1.250000e+01	8.542462e-09	0.000000e+00	1.718750e+01
0	65	R2	1.086957e+01	1.086957e+01	7.274288e-09	2.313090e-16	2.303875e+01
0	66	R2	6.250000e+00	6.250000e+00	3.568315e-09	0.000000e+00	5.976562e+00
0	67	R2	4.830918e+00	4.830918e+00	2.466810e-09	0.000000e+00	3.734043e+00
0	68	R2	4.255319e+00	4.255319e+00	2.058426e-09	0.000000e+00	1.050249e+00
0	69	R2	3.891051e+00	3.891051e+00	1.815712e-09	-5.006567e-08	8.327151e-01
0	70	R2	3.759398e+00	3.759398e+00	1.731092e-09	5.236996e-16	8.479846e-01
0	71	R2	3.745318e+00	3.745318e+00	1.722139e-09	6.417299e-16	2.076057e+00
0	72	R2	3.731343e+00	3.731343e+00	1.713270e-09	0.000000e+00	1.266986e+00
0	73	R2	3.745318e+00	3.745318e+00	1.722139e-09	7.537780e-16	1.767454e+00
0	74	R2	4.926108e+00	4.926108e+00	2.537034e-09	2.140406e-16	4.149579e+00


1	3	NOE	-9.720000e-01	-9.720000e-01	6.090903e-10	-2.220446e-14	1.000000e-02
1	5	NOE	-3.340000e-01	-3.340000e-01	8.385450e-10	2.135044e-15	2.600000e-02
1	6	NOE	-2.360000e-01	-2.360000e-01	8.883236e-10	-2.198461e-15	1.010000e-01
1	9	NOE	1.030000e-01	1.030000e-01	1.124185e-09	-1.387779e-15	7.000000e-02
1	11	NOE	6.890000e-01	6.890000e-01	2.701484e-09	3.828355e-15	2.900000e-02
1	12	NOE	7.200000e-01	7.200000e-01	3.055851e-09	0.000000e+00	2.500000e-02
1	13	NOE	7.190000e-01	7.190000e-01	3.042253e-09	4.625929e-15	2.400000e-02
1	14	NOE	7.840000e-01	7.840000e-01	4.635158e-09	-5.947341e-08	2.500000e-02
1	15	NOE	7.020000e-01	7.020000e-01	2.835013e-09	0.000000e+00	2.000000e-02
1	16	NOE	7.390000e-01	7.390000e-01	3.353181e-09	0.000000e+00	2.800000e-02
1	17	NOE	7.310000e-01	7.310000e-01	3.218095e-09	-1.435550e-07	2.100000e-02
1	18	NOE	7.170000e-01	7.170000e-01	3.015577e-09	-4.827057e-15	2.300000e-02
1	19	NOE	6.960000e-01	6.960000e-01	2.771071e-09	0.000000e+00	2.200000e-02
1	20	NOE	7.020000e-01	7.020000e-01	2.835013e-09	0.000000e+00	4.200000e-02
1	21	NOE	7.060000e-01	7.060000e-01	2.880083e-09	0.000000e+00	2.700000e-02
1	23	NOE	8.440000e-01	8.344307e-01	1.955962e-05	2.899800e-01	3.300000e-02
1	24	NOE	8.400000e-01	8.344307e-01	1.611966e-05	1.989051e-01	2.800000e-02
1	25	NOE	6.810000e-01	6.810000e-01	2.627801e-09	-3.364312e-15	3.300000e-02
1	26	NOE	6.680000e-01	6.680000e-01	2.519474e-09	0.000000e+00	4.200000e-02
1	27	NOE	6.940000e-01	6.940000e-01	2.750665e-09	-4.111937e-15	2.700000e-02
1	28	NOE	7.360000e-01	7.360000e-01	3.300611e-09	0.000000e+00	3.500000e-02
1	29	NOE	7.210000e-01	7.210000e-01	3.069626e-09	-4.111937e-15	2.700000e-02
1	30	NOE	7.780000e-01	7.780000e-01	4.378991e-09	0.000000e+00	4.700000e-02
1	32	NOE	7.780000e-01	7.780000e-01	4.378991e-09	0.000000e+00	4.600000e-02
1	33	NOE	7.540000e-01	7.540000e-01	3.658442e-09	-3.265362e-15	3.400000e-02
1	34	NOE	7.380000e-01	7.380000e-01	3.335387e-09	0.000000e+00	3.000000e-02
1	35	NOE	7.750000e-01	7.750000e-01	4.265658e-09	4.111937e-15	2.700000e-02
1	36	NOE	7.320000e-01	7.320000e-01	3.234117e-09	0.000000e+00	1.800000e-02
1	37	NOE	7.140000e-01	7.140000e-01	2.976806e-09	-9.251859e-15	2.400000e-02
1	38	NOE	6.330000e-01	6.330000e-01	2.281287e-09	0.000000e+00	3.600000e-02
1	39	NOE	6.910000e-01	6.910000e-01	2.720850e-09	-5.286776e-15	2.100000e-02
1	41	NOE	7.090000e-01	7.090000e-01	2.915278e-09	4.827057e-15	2.300000e-02
1	42	NOE	6.550000e-01	6.550000e-01	2.423006e-09	0.000000e+00	2.300000e-02
1	43	NOE	5.150000e-01	5.150000e-01	1.787620e-09	0.000000e+00	2.500000e-02
1	44	NOE	4.930000e-01	4.930000e-01	1.724713e-09	-4.111937e-15	2.700000e-02
1	45	NOE	6.400000e-01	6.400000e-01	2.323797e-09	-3.265362e-15	3.400000e-02
1	46	NOE	6.480000e-01	6.480000e-01	2.375239e-09	-5.046468e-15	2.200000e-02
1	47	NOE	6.970000e-01	6.970000e-01	2.781440e-09	4.111937e-15	2.700000e-02
1	48	NOE	7.380000e-01	7.380000e-01	3.335387e-09	0.000000e+00	2.500000e-02
1	49	NOE	6.650000e-01	6.650000e-01	2.496242e-09	0.000000e+00	1.800000e-02
1	50	NOE	7.180000e-01	7.180000e-01	3.028830e-09	0.000000e+00	2.100000e-02
1	51	NOE	7.320000e-01	7.320000e-01	3.234117e-09	0.000000e+00	2.400000e-02
1	52	NOE	6.990000e-01	6.990000e-01	2.802516e-09	6.728624e-15	3.300000e-02
1	53	NOE	8.090000e-01	8.090000e-01	6.544802e-09	-5.843279e-15	1.900000e-02
1	55	NOE	8.140000e-01	8.140000e-01	7.305771e-09	0.000000e+00	3.200000e-02
1	56	NOE	8.610000e-01	8.344307e-01	2.105656e-05	1.062774e+00	2.500000e-02
1	57	NOE	7.560000e-01	7.560000e-01	3.705595e-09	-9.251859e-15	2.400000e-02
1	58	NOE	7.460000e-01	7.460000e-01	3.486016e-09	-5.046468e-15	4.400000e-02
1	59	NOE	7.450000e-01	7.450000e-01	3.466095e-09	3.083953e-15	3.600000e-02
1	60	NOE	7.360000e-01	7.360000e-01	3.300611e-09	0.000000e+00	2.600000e-02
1	61	NOE	7.360000e-01	7.360000e-01	3.300611e-09	0.000000e+00	4.500000e-02
1	62	NOE	7.000000e-01	7.000000e-01	2.813229e-09	3.828355e-15	2.900000e-02
1	63	NOE	7.290000e-01	7.290000e-01	3.186732e-09	-2.135044e-15	5.200000e-02
1	64	NOE	6.840000e-01	6.840000e-01	2.654750e-09	3.000603e-15	3.700000e-02
1	65	NOE	6.780000e-01	6.780000e-01	2.601622e-09	-1.708035e-15	6.500000e-02
1	66	NOE	5.100000e-01	5.100000e-01	1.772777e-09	-5.046468e-15	2.200000e-02
1	67	NOE	3.190000e-01	3.190000e-01	1.375339e-09	-1.982541e-15	2.800000e-02
1	68	NOE	2.570000e-01	2.570000e-01	1.289701e-09	0.000000e+00	3.000000e-02
1	69	NOE	1.830000e-01	1.830000e-01	1.203237e-09	-3.700743e-15	4.500000e-02
1	70	NOE	2.090000e-01	2.090000e-01	1.231951e-09	1.030921e-14	3.500000e-02
1	71	NOE	2.030000e-01	2.030000e-01	1.225176e-09	1.586033e-15	3.500000e-02
1	72	NOE	1.910000e-01	1.910000e-01	1.211896e-09	4.500904e-15	3.700000e-02
1	73	NOE	2.510000e-01	2.510000e-01	1.282114e-09	-1.586033e-14	2.800000e-02
1	74	NOE	3.120000e-01	3.120000e-01	1.364946e-09	1.500301e-15	3.700000e-02


2	3	R1	1.204819e+00	1.204819e+00	3.414105e-10	-2.067115e-15	1.074176e-01
2	5	R1	1.503759e+00	1.503759e+00	5.432193e-10	0.000000e+00	2.103002e-01
2	6	R1	1.324503e+00	1.324503e+00	4.168324e-10	2.145271e-15	1.035042e-01
2	9	R1	1.607717e+00	1.607717e+00	6.204908e-10	-4.772528e-15	9.305115e-02
2	11	R1	1.594896e+00	1.594896e+00	8.206172e-09	0.000000e+00	5.596127e-02
2	12	R1	1.628664e+00	1.628664e+00	7.997986e-09	6.975827e-15	3.183058e-02
2	13	R1	1.569859e+00	1.569859e+00	8.365529e-09	0.000000e+00	3.696685e-02
2	14	R1	1.626016e+00	1.626016e+00	8.014043e-09	-5.791919e-15	7.667394e-02
2	15	R1	1.620746e+00	1.620746e+00	8.046136e-09	0.000000e+00	4.202906e-02
2	16	R1	1.605136e+00	1.605136e+00	8.142242e-09	0.000000e+00	4.122341e-02
2	17	R1	1.567398e+00	1.567398e+00	8.381429e-09	-1.129774e-14	3.930779e-02
2	18	R1	1.628664e+00	1.628664e+00	7.997986e-09	0.000000e+00	3.183058e-02
2	19	R1	1.618123e+00	1.618123e+00	8.062172e-09	0.000000e+00	1.832825e-02
2	20	R1	1.540832e+00	1.540832e+00	8.555925e-09	2.125577e-15	1.044632e-01
2	21	R1	1.564945e+00	1.564945e+00	8.397323e-09	-5.036971e-15	4.408296e-02
2	23	R1	1.631321e+00	1.631321e+00	7.981921e-09	0.000000e+00	8.515870e-02
2	24	R1	1.589825e+00	1.589825e+00	8.238096e-09	-8.784995e-15	5.055088e-02
2	25	R1	1.589825e+00	1.589825e+00	8.238096e-09	0.000000e+00	2.274790e-02
2	26	R1	1.582278e+00	1.582278e+00	8.285932e-09	-2.956331e-15	7.510816e-02
2	27	R1	1.492537e+00	1.492537e+00	8.887134e-09	-5.537546e-15	8.019603e-02
2	28	R1	1.620746e+00	1.620746e+00	8.046136e-09	0.000000e+00	3.152179e-02
2	29	R1	1.536098e+00	1.536098e+00	8.587575e-09	-1.107091e-14	4.011317e-02
2	30	R1	1.481481e+00	1.481481e+00	8.965649e-09	0.000000e+00	4.170096e-02
2	32	R1	1.592357e+00	1.592357e+00	8.222138e-09	1.903714e-15	1.166376e-01
2	33	R1	1.615509e+00	1.615509e+00	8.078200e-09	3.867220e-15	5.741712e-02
2	34	R1	1.522070e+00	1.522070e+00	8.682385e-09	0.000000e+00	8.571779e-02
2	35	R1	1.547988e+00	1.547988e+00	8.508408e-09	-9.266277e-15	2.396266e-02
2	36	R1	1.515152e+00	1.515152e+00	8.729715e-09	-1.209033e-14	1.836547e-02
2	37	R1	1.485884e+00	1.485884e+00	8.934258e-09	0.000000e+00	4.857273e-02
2	38	R1	1.390821e+00	1.390821e+00	9.651649e-09	1.933167e-07	9.285033e-02
2	39	R1	1.652893e+00	1.652893e+00	7.853126e-09	0.000000e+00	5.190902e-02
2	41	R1	1.522070e+00	1.522070e+00	8.682385e-09	7.099654e-15	6.255082e-02
2	42	R1	1.488095e+00	1.488095e+00	8.918555e-09	0.000000e+00	4.650298e-02
2	43	R1	1.358696e+00	1.358696e+00	9.914600e-09	0.000000e+00	2.399870e-02
2	44	R1	1.449275e+00	1.449275e+00	9.200471e-09	6.751664e-07	2.730519e-02
2	45	R1	1.782531e+00	1.782531e+00	7.134688e-09	-1.747053e-15	1.270967e-01
2	46	R1	1.733102e+00	1.733102e+00	7.398106e-09	4.106949e-15	5.406558e-02
2	47	R1	1.644737e+00	1.644737e+00	7.901482e-09	0.000000e+00	8.115478e-02
2	48	R1	1.733102e+00	1.733102e+00	7.398106e-09	6.160424e-15	3.604372e-02
2	49	R1	1.650165e+00	1.650165e+00	7.869253e-09	0.000000e+00	5.446089e-02
2	50	R1	1.633987e+00	1.633987e+00	7.965848e-09	-5.940391e-15	3.737879e-02
2	51	R1	1.751313e+00	1.751313e+00	7.299642e-09	-5.568896e-15	3.987229e-02
2	52	R1	1.709402e+00	1.709402e+00	7.528835e-09	-1.407208e-15	1.577909e-01
2	53	R1	1.669449e+00	1.669449e+00	7.756197e-09	0.000000e+00	6.410239e-02
2	55	R1	1.715266e+00	1.715266e+00	7.496210e-09	-7.944265e-15	5.590060e-02
2	56	R1	1.739130e+00	1.739130e+00	7.365325e-09	3.936527e-07	5.141777e-02
2	57	R1	1.636661e+00	1.636661e+00	7.949768e-09	2.455066e-07	8.035980e-02
2	58	R1	1.639344e+00	1.639344e+00	7.933681e-09	0.000000e+00	7.793604e-02
2	59	R1	1.669449e+00	1.669449e+00	7.756197e-09	0.000000e+00	1.421401e-01
2	60	R1	1.623377e+00	1.623377e+00	8.030094e-09	3.510673e-15	6.324844e-02
2	61	R1	1.655629e+00	1.655629e+00	7.836991e-09	-2.531420e-15	8.771545e-02
2	62	R1	1.517451e+00	1.517451e+00	8.713944e-09	4.591893e-15	4.835579e-02
2	63	R1	1.449275e+00	1.449275e+00	9.200470e-09	0.000000e+00	9.451796e-02
2	64	R1	1.440922e+00	1.440922e+00	9.262914e-09	0.000000e+00	3.944888e-02
2	65	R1	1.639344e+00	1.639344e+00	7.933681e-09	0.000000e+00	1.048105e-01
2	66	R1	1.639344e+00	1.639344e+00	7.933681e-09	9.914736e-15	6.718624e-02
2	67	R1	1.594896e+00	1.594896e+00	6.108461e-10	0.000000e+00	3.815541e-02
2	68	R1	1.631321e+00	1.631321e+00	6.383296e-10	3.973213e-15	5.588540e-02
2	69	R1	1.628664e+00	1.628664e+00	6.363164e-10	-7.609993e-15	2.917803e-02
2	70	R1	1.727116e+00	1.727116e+00	7.118578e-10	2.863018e-15	7.755615e-02
2	71	R1	1.727116e+00	1.727116e+00	7.118578e-10	-2.126813e-15	1.044025e-01
2	72	R1	1.692047e+00	1.692047e+00	6.847213e-10	4.562115e-15	4.867141e-02
2	73	R1	1.782531e+00	1.782531e+00	7.553133e-10	6.655438e-15	6.672577e-02
2	74	R1	1.897533e+00	1.897533e+00	6.564581e-09	-6.423774e-16	3.456607e-01


