3	1.953125e+00	1.831055e-01	-4.600000e-02	8.500000e-02	1.329787e+00	1.290884e-01	1.409989e-01	
5	2.865330e+00	6.814394e-01	2.930000e-01	1.700000e-02	1.572327e+00	2.348602e-01	1.126845e-01	
6	3.731343e+00	1.796057e+00	3.300000e-01	4.200000e-02	1.501502e+00	2.322142e-01	1.019770e-01	
9	4.975124e+00	3.093983e+00	4.480000e-01	1.100000e-02	1.468429e+00	6.253221e-02	8.216631e-02	
11	1.041667e+01	1.671007e+01	7.380000e-01	1.800000e-02	1.090513e+00	1.070296e-02	2.896235e-02	
12	1.190476e+01	2.324263e+01	8.400000e-01	1.700000e-02	1.075269e+00	5.781015e-03	1.743969e-02	
13	2.222222e+01	1.461728e+02	8.090000e-01	1.600000e-02	1.068376e+00	1.255570e-02	2.068518e-02	
14	1.149425e+01	6.870128e+00	7.910000e-01	1.600000e-02	1.084599e+00	1.058719e-02	2.297826e-02	
15	1.162791e+01	7.571660e+00	8.150000e-01	1.300000e-02	1.112347e+00	1.855974e-02	2.085998e-02	
16	2.173913e+01	1.753308e+02	8.380000e-01	1.800000e-02	1.060445e+00	8.996355e-03	1.741427e-02	
17	1.449275e+01	3.423650e+01	8.030000e-01	1.400000e-02	1.058201e+00	8.958316e-03	2.113179e-02	
18	1.204819e+01	2.148352e+01	8.050000e-01	1.500000e-02	1.123596e+00	1.136220e-02	2.220989e-02	
19	1.190476e+01	1.686508e+01	8.330000e-01	1.400000e-02	1.100110e+00	3.630726e-03	1.862321e-02	
20	1.818182e+01	8.528926e+01	8.220000e-01	2.700000e-02	1.070664e+00	2.292642e-02	1.931857e-02	
21	1.666667e+01	5.527778e+01	8.450000e-01	1.800000e-02	1.111111e+00	1.111111e-02	1.745786e-02	
23	1.282051e+01	1.150559e+01	8.660000e-01	2.700000e-02	1.079914e+00	1.166213e-02	1.466884e-02	
24	1.333333e+01	2.844444e+01	8.590000e-01	1.900000e-02	1.064963e+00	3.402437e-03	1.522143e-02	
25	1.724138e+01	4.696790e+01	8.670000e-01	2.100000e-02	1.054852e+00	4.450854e-03	1.422149e-02	
26	2.631579e+01	3.614958e+02	8.280000e-01	2.500000e-02	1.054852e+00	2.225427e-02	1.839170e-02	
27	1.315789e+01	3.514543e+01	7.860000e-01	1.600000e-02	9.891197e-01	1.076194e-02	2.145678e-02	
28	1.408451e+01	1.725848e+01	8.360000e-01	2.100000e-02	1.128668e+00	1.273892e-02	1.876342e-02	
29	1.515152e+01	1.377410e+01	8.040000e-01	1.700000e-02	1.006036e+00	4.048435e-03	1.998810e-02	
30	1.724138e+01	1.438763e+02	7.900000e-01	3.700000e-02	1.002004e+00	2.008024e-02	2.132999e-02	
32	1.388889e+01	2.372685e+01	7.530000e-01	3.100000e-02	1.057082e+00	1.564393e-02	2.646718e-02	
33	1.587302e+01	6.928697e+01	7.810000e-01	2.400000e-02	1.054852e+00	1.446527e-02	2.341734e-02	
34	1.369863e+01	2.758491e+01	8.450000e-01	1.800000e-02	9.980040e-01	1.195214e-02	1.568071e-02	
35	2.272727e+01	1.296488e+02	8.100000e-01	1.900000e-02	1.017294e+00	1.448842e-02	1.959304e-02	
36	1.298701e+01	1.130039e+01	8.330000e-01	1.200000e-02	1.018330e+00	4.147983e-03	1.723879e-02	
37	1.639344e+01	5.616770e+01	8.060000e-01	1.500000e-02	9.930487e-01	7.889165e-03	1.952873e-02	
38	2.272727e+01	1.962810e+02	7.330000e-01	2.100000e-02	9.587728e-01	6.434717e-03	2.594949e-02	
39	1.111111e+01	1.753086e+01	7.790000e-01	1.400000e-02	1.127396e+00	1.143919e-02	2.525634e-02	
41	1.333333e+01	2.204444e+01	7.730000e-01	1.400000e-02	1.055966e+00	8.920517e-03	2.429840e-02	
42	1.136364e+01	1.007231e+01	7.400000e-01	1.300000e-02	1.044932e+00	2.074578e-02	2.753996e-02	
43	1.030928e+01	3.826124e+00	6.320000e-01	1.300000e-02	9.680542e-01	8.434161e-03	3.611182e-02	
44	1.075269e+01	1.086831e+01	6.170000e-01	1.400000e-02	1.070664e+00	1.031689e-02	4.156748e-02	
45	1.190476e+01	1.530612e+01	7.800000e-01	2.100000e-02	1.246883e+00	1.041660e-01	2.780674e-02	
46	1.315789e+01	2.596953e+01	7.580000e-01	1.500000e-02	1.307190e+00	2.392242e-02	3.206681e-02	
47	1.020408e+01	9.371095e+00	7.680000e-01	1.700000e-02	1.113586e+00	1.488088e-02	2.618867e-02	
48	1.030928e+01	1.381656e+01	7.920000e-01	1.500000e-02	1.200480e+00	1.152922e-02	2.531163e-02	
49	1.250000e+01	2.187500e+01	8.310000e-01	1.200000e-02	1.106195e+00	9.789334e-03	1.895048e-02	
50	1.282051e+01	1.939513e+01	8.270000e-01	1.700000e-02	1.103753e+00	6.091351e-03	1.935618e-02	
51	1.282051e+01	8.547009e+00	8.370000e-01	1.600000e-02	1.180638e+00	1.812077e-02	1.950770e-02	
52	1.408451e+01	2.717715e+01	9.100000e-01	2.100000e-02	1.154734e+00	1.333412e-02	1.053480e-02	
53	1.265823e+01	2.707899e+01	8.450000e-01	1.100000e-02	1.146789e+00	6.575625e-03	1.801843e-02	
55	1.470588e+01	3.827855e+01	8.670000e-01	2.100000e-02	1.200480e+00	2.161729e-02	1.618484e-02	
56	1.351351e+01	7.030679e+01	8.160000e-01	1.600000e-02	1.127396e+00	5.084084e-03	2.102791e-02	
57	1.562500e+01	4.589844e+01	8.340000e-01	1.700000e-02	1.146789e+00	7.890750e-03	1.929716e-02	
58	2.040816e+01	9.496043e+01	7.540000e-01	2.900000e-02	1.076426e+00	1.506302e-02	2.684239e-02	
59	1.538462e+01	7.621302e+01	8.390000e-01	2.500000e-02	1.100110e+00	2.662532e-02	1.795411e-02	
60	1.587302e+01	1.940035e+01	8.370000e-01	1.400000e-02	1.084599e+00	9.410835e-03	1.792085e-02	
61	1.754386e+01	4.032010e+01	7.680000e-01	3.000000e-02	1.096491e+00	2.284357e-02	2.578665e-02	
62	9.900990e+00	1.107735e+01	7.790000e-01	1.700000e-02	1.031992e+00	6.390042e-03	2.311907e-02	
63	2.439024e+01	2.813801e+02	8.250000e-01	3.000000e-02	9.832842e-01	2.900543e-02	1.744291e-02	
64	2.040816e+01	6.997085e+01	7.390000e-01	2.300000e-02	9.950249e-01	8.910671e-03	2.632548e-02	
65	1.851852e+01	1.858711e+02	8.480000e-01	4.300000e-02	1.132503e+00	3.206407e-02	1.744957e-02	
66	8.771930e+00	4.462912e+00	6.310000e-01	1.100000e-02	1.305483e+00	1.193000e-02	4.883143e-02	
67	6.493506e+00	3.668410e+00	5.620000e-01	1.300000e-02	1.335113e+00	1.960781e-02	5.927808e-02	
68	5.524862e+00	1.495681e+00	5.580000e-01	1.100000e-02	1.438849e+00	2.070286e-02	6.446727e-02	
69	4.975124e+00	4.455335e-01	4.780000e-01	1.100000e-02	1.449275e+00	2.310439e-02	7.668727e-02	
70	4.739336e+00	1.931673e+00	5.240000e-01	1.000000e-02	1.567398e+00	3.930779e-02	7.562896e-02	
71	4.854369e+00	1.649543e+00	5.190000e-01	9.000000e-03	1.612903e+00	4.942768e-02	7.864212e-02	
72	4.807692e+00	1.594859e+00	5.200000e-01	1.000000e-02	1.545595e+00	2.388864e-02	7.520363e-02	
73	5.154639e+00	1.780210e+00	5.550000e-01	9.000000e-03	1.631321e+00	2.128968e-02	7.358705e-02	
74	6.802721e+00	1.573418e+00	5.940000e-01	1.200000e-02	1.742160e+00	3.247581e-01	7.169948e-02	
