3	1.672241e+00	4.082728e-01	-9.720000e-01	1.000000e-02	1.204819e+00	1.074176e-01	2.408411e-01	
5	2.500000e+00	5.437500e-01	-3.340000e-01	2.600000e-02	1.503759e+00	2.103002e-01	2.033462e-01	
6	3.076923e+00	4.676923e+00	-2.360000e-01	1.010000e-01	1.324503e+00	1.035042e-01	1.659485e-01	
9	3.802281e+00	1.330076e+00	1.030000e-01	7.000000e-02	1.607717e+00	9.305115e-02	1.461854e-01	
11	7.518797e+00	1.198485e+01	6.890000e-01	2.900000e-02	1.594896e+00	5.596127e-02	5.027993e-02	
12	8.695652e+00	1.013233e+01	7.200000e-01	2.500000e-02	1.628664e+00	3.183058e-02	4.622655e-02	
13	1.333333e+01	4.142222e+01	7.190000e-01	2.400000e-02	1.569859e+00	3.696685e-02	4.471660e-02	
14	8.474576e+00	1.558460e+01	7.840000e-01	2.500000e-02	1.626016e+00	7.667394e-02	3.560250e-02	
15	8.403361e+00	9.321376e+00	7.020000e-01	2.000000e-02	1.620746e+00	4.202906e-02	4.895905e-02	
16	1.298701e+01	3.035925e+01	7.390000e-01	2.800000e-02	1.605136e+00	4.122341e-02	4.246727e-02	
17	9.900990e+00	7.450250e+00	7.310000e-01	2.100000e-02	1.567398e+00	3.930779e-02	4.273989e-02	
18	8.771930e+00	8.310249e+00	7.170000e-01	2.300000e-02	1.628664e+00	3.183058e-02	4.672184e-02	
19	8.928571e+00	9.327168e+00	6.960000e-01	2.200000e-02	1.618123e+00	1.832825e-02	4.986398e-02	
20	1.149425e+01	5.337561e+01	7.020000e-01	4.200000e-02	1.540832e+00	1.044632e-01	4.654504e-02	
21	1.123596e+01	3.156167e+01	7.060000e-01	2.700000e-02	1.564945e+00	4.408296e-02	4.663890e-02	
23	9.259259e+00	2.306241e+01	8.440000e-01	3.300000e-02	1.631321e+00	8.515870e-02	2.579681e-02	
24	9.708738e+00	2.422471e+01	8.400000e-01	2.800000e-02	1.589825e+00	5.055088e-02	2.578524e-02	
25	1.111111e+01	3.345679e+01	6.810000e-01	3.300000e-02	1.589825e+00	2.274790e-02	5.140932e-02	
26	1.562500e+01	8.349609e+01	6.680000e-01	4.200000e-02	1.582278e+00	7.510816e-02	5.325040e-02	
27	9.523810e+00	2.848073e+01	6.940000e-01	2.700000e-02	1.492537e+00	8.019603e-02	4.629653e-02	
28	9.615385e+00	1.969305e+01	7.360000e-01	3.500000e-02	1.620746e+00	3.152179e-02	4.337311e-02	
29	1.010101e+01	1.030507e+01	7.210000e-01	2.700000e-02	1.536098e+00	4.011317e-02	4.344352e-02	
30	1.086957e+01	4.017013e+01	7.780000e-01	4.700000e-02	1.481481e+00	4.170096e-02	3.333888e-02	
32	1.020408e+01	2.592670e+01	7.780000e-01	4.600000e-02	1.592357e+00	1.166376e-01	3.583399e-02	
33	1.075269e+01	3.919528e+01	7.540000e-01	3.400000e-02	1.615509e+00	5.741712e-02	4.028527e-02	
34	1.020408e+01	2.748855e+01	7.380000e-01	3.000000e-02	1.522070e+00	8.571779e-02	4.042386e-02	
35	1.428571e+01	5.040816e+01	7.750000e-01	2.700000e-02	1.547988e+00	2.396266e-02	3.530627e-02	
36	9.433962e+00	6.763973e+00	7.320000e-01	1.800000e-02	1.515152e+00	1.836547e-02	4.116164e-02	
37	1.063830e+01	2.399276e+01	7.140000e-01	2.400000e-02	1.485884e+00	4.857273e-02	4.307773e-02	
38	1.408451e+01	4.165840e+01	6.330000e-01	3.600000e-02	1.390821e+00	9.285033e-02	5.174150e-02	
39	8.196721e+00	1.236227e+01	6.910000e-01	2.100000e-02	1.652893e+00	5.190902e-02	5.177319e-02	
41	9.345794e+00	2.043847e+01	7.090000e-01	2.300000e-02	1.522070e+00	6.255082e-02	4.489825e-02	
42	8.196721e+00	1.632626e+01	6.550000e-01	2.300000e-02	1.488095e+00	4.650298e-02	5.204172e-02	
43	7.142857e+00	3.265306e+00	5.150000e-01	2.500000e-02	1.358696e+00	2.399870e-02	6.679835e-02	
44	7.518797e+00	9.949686e+00	4.930000e-01	2.700000e-02	1.449275e+00	2.730519e-02	7.448361e-02	
45	8.130081e+00	1.791262e+01	6.400000e-01	3.400000e-02	1.782531e+00	1.270967e-01	6.504913e-02	
46	8.695652e+00	1.572779e+01	6.480000e-01	2.200000e-02	1.733102e+00	5.406558e-02	6.183989e-02	
47	7.462687e+00	8.910671e+00	6.970000e-01	2.700000e-02	1.644737e+00	8.115478e-02	5.051739e-02	
48	7.575758e+00	6.542700e+00	7.380000e-01	2.500000e-02	1.733102e+00	3.604372e-02	4.602855e-02	
49	8.547009e+00	1.526773e+01	6.650000e-01	1.800000e-02	1.650165e+00	5.446089e-02	5.603689e-02	
50	8.928571e+00	1.323342e+01	7.180000e-01	2.100000e-02	1.633987e+00	3.737879e-02	4.670889e-02	
51	9.090909e+00	1.363636e+01	7.320000e-01	2.400000e-02	1.751313e+00	3.987229e-02	4.757738e-02	
52	9.615385e+00	1.950814e+01	6.990000e-01	3.300000e-02	1.709402e+00	1.577909e-01	5.215698e-02	
53	9.009009e+00	1.598896e+01	8.090000e-01	1.900000e-02	1.669449e+00	6.410239e-02	3.232276e-02	
55	9.803922e+00	2.181853e+01	8.140000e-01	3.200000e-02	1.715266e+00	5.590060e-02	3.234046e-02	
56	9.259259e+00	2.040466e+01	8.610000e-01	2.500000e-02	1.739130e+00	5.141777e-02	2.450467e-02	
57	1.030928e+01	1.955574e+01	7.560000e-01	2.400000e-02	1.636661e+00	8.035980e-02	4.048093e-02	
58	1.234568e+01	7.102576e+01	7.460000e-01	4.400000e-02	1.639344e+00	7.793604e-02	4.220906e-02	
59	9.433962e+00	3.168387e+01	7.450000e-01	3.600000e-02	1.669449e+00	1.421401e-01	4.315342e-02	
60	1.020408e+01	2.103290e+01	7.360000e-01	2.600000e-02	1.623377e+00	6.324844e-02	4.344352e-02	
61	1.063830e+01	2.444545e+01	7.360000e-01	4.500000e-02	1.655629e+00	8.771545e-02	4.430664e-02	
62	7.575758e+00	6.313131e+00	7.000000e-01	2.900000e-02	1.517451e+00	4.835579e-02	4.614638e-02	
63	1.492537e+01	7.484963e+01	7.290000e-01	5.200000e-02	1.449275e+00	9.451796e-02	3.981274e-02	
64	1.250000e+01	1.718750e+01	6.840000e-01	3.700000e-02	1.440922e+00	3.944888e-02	4.615614e-02	
65	1.086957e+01	2.303875e+01	6.780000e-01	6.500000e-02	1.639344e+00	1.048105e-01	5.350913e-02	
66	6.250000e+00	5.976562e+00	5.100000e-01	2.200000e-02	1.639344e+00	6.718624e-02	8.142693e-02	
67	4.830918e+00	3.734043e+00	3.190000e-01	2.800000e-02	1.594896e+00	3.815541e-02	1.100985e-01	
68	4.255319e+00	1.050249e+00	2.570000e-01	3.000000e-02	1.631321e+00	5.588540e-02	1.228656e-01	
69	3.891051e+00	8.327151e-01	1.830000e-01	4.500000e-02	1.628664e+00	2.917803e-02	1.348825e-01	
70	3.759398e+00	8.479846e-01	2.090000e-01	3.500000e-02	1.727116e+00	7.755615e-02	1.384841e-01	
71	3.745318e+00	2.076057e+00	2.030000e-01	3.500000e-02	1.727116e+00	1.044025e-01	1.395345e-01	
72	3.731343e+00	1.266986e+00	1.910000e-01	3.700000e-02	1.692047e+00	4.867141e-02	1.387595e-01	
73	3.745318e+00	1.767454e+00	2.510000e-01	2.800000e-02	1.782531e+00	6.672577e-02	1.353383e-01	
74	4.926108e+00	4.149579e+00	3.120000e-01	3.700000e-02	1.897533e+00	3.456607e-01	1.323365e-01	
