1.739219e+00	1.000000e+00	7.932942e-05
1.878540e+00	0.000000e+00	1.189771e-04
2.029022e+00	0.000000e+00	1.828435e-04
2.191558e+00	0.000000e+00	2.881017e-04
2.367114e+00	0.000000e+00	4.656378e-04
2.556734e+00	1.000000e+00	7.721003e-04
2.761542e+00	0.000000e+00	1.313361e-03
2.982758e+00	1.000000e+00	2.290774e-03
3.221693e+00	0.000000e+00	4.093320e-03
3.479769e+00	0.000000e+00	7.482193e-03
3.758519e+00	6.000000e+00	1.396078e-02
4.059597e+00	0.000000e+00	2.651089e-02
4.384794e+00	1.000000e+00	5.103175e-02
4.736041e+00	1.000000e+00	9.905966e-02
5.115425e+00	1.000000e+00	1.926173e-01
5.525199e+00	0.000000e+00	3.720264e-01
5.967799e+00	0.000000e+00	7.062479e-01
6.445854e+00	1.000000e+00	1.300709e+00
6.962203e+00	1.000000e+00	2.287074e+00
7.519915e+00	5.000000e+00	3.764884e+00
8.122303e+00	4.000000e+00	5.665775e+00
8.772946e+00	9.000000e+00	7.573565e+00
9.475708e+00	1.000000e+01	8.685739e+00
1.023477e+01	6.000000e+00	8.197468e+00
1.105463e+01	7.000000e+00	6.056797e+00
1.194017e+01	2.000000e+00	3.300669e+00
1.289664e+01	3.000000e+00	1.235639e+00
1.392974e+01	2.000000e+00	2.920088e-01
1.504559e+01	2.000000e+00	3.940192e-02


1.083034e-02	0.000000e+00	1.047132e-44
1.262893e-02	0.000000e+00	1.778105e-44
1.472620e-02	0.000000e+00	3.291307e-44
1.717177e-02	0.000000e+00	6.732724e-44
2.002347e-02	0.000000e+00	1.546234e-43
2.334874e-02	0.000000e+00	4.059576e-43
2.722625e-02	0.000000e+00	1.243931e-42
3.174768e-02	0.000000e+00	4.554754e-42
3.701999e-02	0.000000e+00	2.046947e-41
4.316786e-02	0.000000e+00	1.163669e-40
5.033670e-02	0.000000e+00	8.656032e-40
5.869607e-02	0.000000e+00	8.747499e-39
6.844366e-02	0.000000e+00	1.251506e-37
7.981003e-02	0.000000e+00	2.650576e-36
9.306401e-02	0.000000e+00	8.712611e-35
1.085191e-01	1.000000e+00	4.666842e-33
1.265407e-01	0.000000e+00	4.274205e-31
1.475552e-01	0.000000e+00	6.996032e-29
1.720595e-01	1.000000e+00	2.120318e-26
2.006333e-01	3.000000e+00	1.213164e-23
2.339522e-01	1.000000e+00	1.300963e-20
2.728045e-01	1.000000e+00	2.489767e-17
3.181088e-01	2.000000e+00	7.600364e-14
3.709368e-01	0.000000e+00	3.012028e-10
4.325379e-01	0.000000e+00	1.100684e-06
5.043691e-01	3.000000e+00	2.166651e-03
5.881291e-01	1.000000e+00	1.016568e+00
6.857992e-01	3.400000e+01	3.399958e+01
7.996891e-01	1.400000e+01	1.400029e+01


1.214329e+00	1.000000e+00	8.405177e-05
1.233499e+00	0.000000e+00	2.411752e-04
1.252971e+00	0.000000e+00	6.675188e-04
1.272751e+00	0.000000e+00	1.778133e-03
1.292843e+00	0.000000e+00	4.548006e-03
1.313252e+00	0.000000e+00	1.114243e-02
1.333983e+00	1.000000e+00	2.608233e-02
1.355042e+00	1.000000e+00	5.818113e-02
1.376433e+00	0.000000e+00	1.233404e-01
1.398161e+00	1.000000e+00	2.477926e-01
1.420233e+00	0.000000e+00	4.703876e-01
1.442653e+00	3.000000e+00	8.411702e-01
1.465427e+00	0.000000e+00	1.412530e+00
1.488561e+00	4.000000e+00	2.220086e+00
1.512060e+00	5.000000e+00	3.254762e+00
1.535930e+00	2.000000e+00	4.435150e+00
1.560176e+00	4.000000e+00	5.596823e+00
1.584805e+00	6.000000e+00	6.515734e+00
1.609824e+00	6.000000e+00	6.970376e+00
1.635237e+00	1.300000e+01	6.823990e+00
1.661051e+00	5.000000e+00	6.087819e+00
1.687273e+00	1.000000e+00	4.927305e+00
1.713908e+00	4.000000e+00	3.601586e+00
1.740964e+00	4.000000e+00	2.366212e+00
1.768448e+00	0.000000e+00	1.390439e+00
1.796365e+00	2.000000e+00	7.270649e-01
1.824723e+00	0.000000e+00	3.365276e-01
1.853528e+00	0.000000e+00	1.371242e-01
1.882789e+00	1.000000e+00	4.890869e-02


2.550924e-02	3.000000e+00	5.318303e-03
2.760076e-02	0.000000e+00	2.169704e-02
2.986377e-02	0.000000e+00	8.461019e-02
3.231232e-02	3.000000e+00	3.057306e-01
3.496163e-02	3.000000e+00	9.851709e-01
3.782815e-02	0.000000e+00	2.701233e+00
4.092971e-02	7.000000e+00	5.951941e+00
4.428556e-02	1.000000e+01	9.832764e+00
4.791656e-02	1.000000e+01	1.119964e+01
5.184528e-02	1.000000e+01	7.950345e+00
5.609610e-02	1.000000e+00	3.115584e+00
6.069546e-02	1.000000e+00	5.828348e-01
6.567192e-02	2.000000e+00	4.374676e-02
7.105641e-02	0.000000e+00	1.070804e-03
7.688237e-02	1.000000e+00	6.677397e-06
8.318600e-02	1.000000e+00	7.909006e-09
9.000648e-02	0.000000e+00	1.255531e-12
9.738617e-02	0.000000e+00	1.766565e-17
1.053709e-01	0.000000e+00	1.349793e-23
1.140104e-01	1.000000e+00	3.136494e-31
1.233581e-01	1.000000e+00	1.116726e-40
1.334724e-01	4.000000e+00	2.710564e-52
1.444158e-01	3.000000e+00	1.724213e-66
1.562566e-01	0.000000e+00	9.305768e-84
1.690682e-01	1.000000e+00	1.127512e-104
1.829302e-01	0.000000e+00	6.402511e-130
1.979288e-01	1.000000e+00	2.693037e-160
2.141571e-01	0.000000e+00	9.566030e-197
2.317159e-01	1.000000e+00	2.229725e-240


1.005754e-01	3.000000e+00	3.157289e-03
1.077719e-01	0.000000e+00	1.500014e-02
1.154833e-01	0.000000e+00	6.637841e-02
1.237465e-01	3.000000e+00	2.649424e-01
1.326009e-01	3.000000e+00	9.178470e-01
1.420889e-01	0.000000e+00	2.636273e+00
1.522559e-01	7.000000e+00	5.945641e+00
1.631502e-01	1.000000e+01	9.873154e+00
1.748241e-01	1.000000e+01	1.118912e+01
1.873334e-01	1.000000e+01	7.914394e+00
2.007376e-01	1.000000e+00	3.145951e+00
2.151010e-01	1.000000e+00	6.214206e-01
2.304922e-01	2.000000e+00	5.282278e-02
2.469846e-01	0.000000e+00	1.633227e-03
2.646571e-01	1.000000e+00	1.509686e-05
2.835942e-01	1.000000e+00	3.319749e-08
3.038862e-01	0.000000e+00	1.331122e-11
3.256302e-01	0.000000e+00	7.144519e-16
3.489301e-01	0.000000e+00	3.584694e-21
3.738971e-01	1.000000e+00	1.108491e-27
4.006506e-01	1.000000e+00	1.303298e-35
4.293184e-01	4.000000e+00	3.329274e-45
4.600375e-01	3.000000e+00	9.666249e-57
4.929546e-01	0.000000e+00	1.507202e-70
5.282271e-01	1.000000e+00	5.303410e-87
5.660234e-01	0.000000e+00	1.545950e-106
6.065241e-01	1.000000e+00	1.172997e-129
6.499228e-01	0.000000e+00	6.084783e-157
6.964268e-01	1.000000e+00	4.611442e-189


