0	2	R2	1.630000e+01	1.630000e+01	1.144191e-08	0.000000e+00	7.930000e-01
0	3	R2	1.946090e+01	1.946090e+01	1.381723e-08	0.000000e+00	4.828000e-01
0	5	R2	1.347600e+01	1.347600e+01	9.293502e-09	-2.636327e-15	6.738000e-01
0	6	R2	1.552890e+01	1.552890e+01	1.085830e-08	4.020726e-15	8.836000e-01
0	7	R2	1.506880e+01	1.506880e+01	1.050910e-08	0.000000e+00	7.534000e-01
0	8	R2	1.435080e+01	1.435080e+01	9.962512e-09	0.000000e+00	8.687000e-01
0	9	R2	1.574190e+01	1.574190e+01	1.101971e-08	3.689981e-15	9.628000e-01
0	10	R2	1.883900e+01	1.883900e+01	1.335170e-08	5.744545e-15	1.236900e+00
0	11	R2	1.764060e+01	1.764060e+01	1.245230e-08	0.000000e+00	1.014600e+00
0	12	R2	1.522260e+01	1.522260e+01	1.062592e-08	-2.674028e-15	1.328600e+00
0	13	R2	1.468110e+01	1.468110e+01	1.021422e-08	0.000000e+00	4.830000e-01
0	14	R2	1.647120e+01	1.647120e+01	1.157123e-08	0.000000e+00	8.236000e-01
0	15	R2	1.273800e+01	1.273800e+01	8.726102e-09	0.000000e+00	9.464000e-01
0	18	R2	1.776640e+01	1.776640e+01	1.254687e-08	-3.999453e-15	8.883000e-01
0	19	R2	1.614740e+01	1.614740e+01	1.132657e-08	3.719340e-15	9.552000e-01
0	21	R2	1.536000e+01	1.536000e+01	1.073020e-08	1.056098e-14	5.046000e-01
0	22	R2	1.581140e+01	1.581140e+01	1.107234e-08	2.246846e-15	7.906000e-01
0	23	R2	1.761420e+01	1.761420e+01	1.243245e-08	-4.033966e-15	8.807000e-01
0	24	R2	1.613520e+01	1.613520e+01	1.131734e-08	-4.403463e-15	8.068000e-01
0	25	R2	1.754730e+01	1.754730e+01	1.238214e-08	-4.049138e-15	8.774000e-01
0	26	R2	1.630620e+01	1.630620e+01	1.144660e-08	0.000000e+00	8.153000e-01
0	27	R2	1.725840e+01	1.725840e+01	1.216474e-08	4.117179e-15	8.629000e-01
0	28	R2	1.622910e+01	1.622910e+01	1.138833e-08	0.000000e+00	8.115000e-01
0	29	R2	1.712870e+01	1.712870e+01	1.206707e-08	-4.148428e-15	8.564000e-01
0	30	R2	1.780740e+01	1.780740e+01	1.257768e-08	3.990020e-15	8.904000e-01
0	31	R2	1.806250e+01	1.806250e+01	1.276931e-08	3.933910e-15	9.031000e-01
0	32	R2	1.721150e+01	1.721150e+01	1.212943e-08	-4.128182e-15	8.606000e-01
0	33	R2	1.699850e+01	1.699850e+01	1.196898e-08	-8.360310e-15	8.499000e-01
0	34	R2	1.717200e+01	1.717200e+01	1.209968e-08	4.137798e-15	8.586000e-01
0	35	R2	1.599590e+01	1.599590e+01	1.121199e-08	2.221001e-15	7.998000e-01
0	36	R2	1.797960e+01	1.797960e+01	1.270705e-08	3.951851e-15	8.990000e-01
0	37	R2	1.623680e+01	1.623680e+01	1.139415e-08	0.000000e+00	8.118000e-01
0	38	R2	1.717640e+01	1.717640e+01	1.210299e-08	4.136835e-15	8.588000e-01
0	39	R2	1.593020e+01	1.593020e+01	1.116227e-08	-2.230203e-15	7.965000e-01
0	41	R2	1.639860e+01	1.639860e+01	1.151640e-08	-7.490436e-15	4.743000e-01
0	42	R2	1.437960e+01	1.437960e+01	9.984477e-09	2.470594e-15	7.190000e-01
0	43	R2	1.420420e+01	1.420420e+01	9.850645e-09	0.000000e+00	7.373000e-01
0	44	R2	1.540000e+01	1.540000e+01	1.076055e-08	-4.613914e-15	7.700000e-01
0	45	R2	1.377430e+01	1.377430e+01	9.522037e-09	0.000000e+00	7.468000e-01
0	46	R2	1.543750e+01	1.543750e+01	1.078900e-08	1.732693e-15	1.025200e+00
0	47	R2	1.618740e+01	1.618740e+01	1.135681e-08	0.000000e+00	1.157700e+00
0	48	R2	1.606650e+01	1.606650e+01	1.126539e-08	-8.845297e-15	8.033000e-01
0	49	R2	1.551480e+01	1.551480e+01	1.084761e-08	-2.290005e-15	7.757000e-01
0	50	R2	1.517480e+01	1.517480e+01	1.058962e-08	2.341317e-15	7.587000e-01
0	51	R2	1.510060e+01	1.510060e+01	1.053326e-08	2.151595e-15	8.256000e-01
0	52	R2	1.801350e+01	1.801350e+01	1.273251e-08	-3.772660e-15	9.417000e-01
0	54	R2	1.671840e+01	1.671840e+01	1.175779e-08	0.000000e+00	1.090500e+00
0	55	R2	1.751480e+01	1.751480e+01	1.235769e-08	0.000000e+00	1.166200e+00
0	56	R2	1.845800e+01	1.845800e+01	1.306611e-08	-7.632038e-15	9.310000e-01
0	57	R2	1.436630e+01	1.436630e+01	9.974334e-09	0.000000e+00	1.008600e+00
0	58	R2	1.533140e+01	1.533140e+01	1.070850e-08	0.000000e+00	7.666000e-01
0	59	R2	1.488170e+01	1.488170e+01	1.036687e-08	2.387256e-15	7.441000e-01
0	60	R2	7.728300e+00	7.728300e+00	4.767504e-09	-6.182934e-16	1.436500e+00
0	61	R2	1.660100e+01	1.660100e+01	1.166921e-08	4.027107e-15	8.822000e-01
0	62	R2	1.551300e+01	1.551300e+01	1.084625e-08	-2.084437e-15	1.704400e+00
0	63	R2	1.011840e+01	1.011840e+01	6.683087e-09	1.175072e-15	1.511700e+00
0	64	R2	1.903190e+01	1.903190e+01	1.349618e-08	0.000000e+00	1.178300e+00
0	66	R2	1.641770e+01	1.641770e+01	1.153082e-08	4.042687e-15	8.788000e-01
0	69	R2	1.458100e+01	1.458100e+01	1.013798e-08	-2.155511e-15	8.241000e-01
0	70	R2	1.740610e+01	1.740610e+01	1.227591e-08	4.006669e-15	8.867000e-01
0	72	R2	1.917120e+01	1.917120e+01	1.360047e-08	0.000000e+00	1.606400e+00
0	73	R2	1.496810e+01	1.496810e+01	1.043256e-08	0.000000e+00	7.484000e-01
0	74	R2	1.557970e+01	1.557970e+01	1.089681e-08	2.002206e-15	8.872000e-01
0	75	R2	1.325740e+01	1.325740e+01	9.125742e-09	0.000000e+00	1.416100e+00
0	76	R2	1.605400e+01	1.605400e+01	1.125594e-08	-4.490285e-15	7.912000e-01
0	77	R2	1.668400e+01	1.668400e+01	1.173184e-08	-4.291235e-15	8.279000e-01
0	78	R2	1.589660e+01	1.589660e+01	1.113684e-08	-1.586033e-14	1.120000e-01
0	79	R2	1.658460e+01	1.658460e+01	1.165683e-08	-7.583167e-14	9.370000e-02
0	80	R2	1.790650e+01	1.790650e+01	1.265214e-08	0.000000e+00	1.042900e+00
0	82	R2	1.476890e+01	1.476890e+01	1.028105e-08	-2.258272e-15	7.866000e-01
0	84	R2	1.373720e+01	1.373720e+01	9.493637e-09	0.000000e+00	9.789000e-01
0	85	R2	1.770560e+01	1.770560e+01	1.250117e-08	0.000000e+00	1.695700e+00
0	86	R2	1.809650e+01	1.809650e+01	1.279484e-08	-4.370419e-15	8.129000e-01
0	87	R2	1.591600e+01	1.591600e+01	1.115153e-08	-1.841548e-15	9.646000e-01
0	88	R2	1.731040e+01	1.731040e+01	1.220389e-08	0.000000e+00	8.655000e-01
0	89	R2	1.534670e+01	1.534670e+01	1.072011e-08	0.000000e+00	7.673000e-01
0	90	R2	1.499740e+01	1.499740e+01	1.045484e-08	-1.981214e-15	8.966000e-01
0	91	R2	1.646960e+01	1.646960e+01	1.157002e-08	-4.414954e-15	8.047000e-01
0	92	R2	1.404260e+01	1.404260e+01	9.727221e-09	0.000000e+00	8.682000e-01
0	93	R2	1.461620e+01	1.461620e+01	1.016480e-08	-1.901264e-07	1.046000e+00
0	94	R2	1.461900e+01	1.461900e+01	1.016693e-08	-3.789561e-15	9.375000e-01
0	95	R2	1.728180e+01	1.728180e+01	1.218236e-08	0.000000e+00	8.641000e-01
0	96	R2	1.452300e+01	1.452300e+01	1.009379e-08	1.068485e-14	3.325000e-01
0	97	R2	1.538310e+01	1.538310e+01	1.074773e-08	0.000000e+00	5.154000e-01
0	98	R2	1.546300e+01	1.546300e+01	1.080834e-08	0.000000e+00	7.831000e-01
0	99	R2	1.912280e+01	1.912280e+01	1.356424e-08	-3.191156e-15	1.113300e+00
0	100	R2	1.530200e+01	1.530200e+01	1.068619e-08	-2.260859e-15	7.857000e-01
0	102	R2	1.523410e+01	1.523410e+01	1.063465e-08	-2.600054e-15	6.832000e-01
0	103	R2	1.329200e+01	1.329200e+01	9.152311e-09	1.622392e-15	1.094900e+00
0	104	R2	1.409630e+01	1.409630e+01	9.768248e-09	0.000000e+00	4.024000e-01
0	105	R2	1.486890e+01	1.486890e+01	1.035713e-08	0.000000e+00	1.092500e+00
0	106	R2	1.474840e+01	1.474840e+01	1.026545e-08	0.000000e+00	9.298000e-01
0	107	R2	1.448880e+01	1.448880e+01	1.006773e-08	1.845182e-15	9.627000e-01
0	108	R2	1.810320e+01	1.810320e+01	1.279987e-08	0.000000e+00	9.052000e-01
0	109	R2	1.692830e+01	1.692830e+01	1.191607e-08	-4.954970e-14	7.170000e-02
0	110	R2	1.595400e+01	1.595400e+01	1.118028e-08	0.000000e+00	7.937000e-01
0	111	R2	1.734910e+01	1.734910e+01	1.223301e-08	0.000000e+00	8.675000e-01
0	112	R2	1.782650e+01	1.782650e+01	1.259203e-08	3.985991e-15	8.913000e-01
0	113	R2	1.538890e+01	1.538890e+01	1.075213e-08	2.014695e-15	8.817000e-01
0	114	R2	1.625070e+01	1.625070e+01	1.140466e-08	-4.044068e-15	8.785000e-01
0	115	R2	1.606240e+01	1.606240e+01	1.126229e-08	4.349019e-15	8.169000e-01
0	116	R2	1.757260e+01	1.757260e+01	1.240116e-08	0.000000e+00	8.786000e-01
0	118	R2	1.473850e+01	1.473850e+01	1.025791e-08	2.068177e-15	8.589000e-01
0	120	R2	1.629440e+01	1.629440e+01	1.143768e-08	-3.554135e-15	9.996000e-01
0	121	R2	1.808600e+01	1.808600e+01	1.278695e-08	0.000000e+00	9.286000e-01
0	124	R2	1.580980e+01	1.580980e+01	1.107113e-08	-9.157895e-16	1.939700e+00
0	125	R2	1.550860e+01	1.550860e+01	1.084291e-08	-5.508653e-15	9.674000e-01
0	126	R2	1.599680e+01	1.599680e+01	1.121267e-08	-6.663004e-15	7.998000e-01
0	127	R2	1.542690e+01	1.542690e+01	1.078096e-08	-4.606137e-15	7.713000e-01
0	128	R2	1.059900e+01	1.059900e+01	7.061898e-09	0.000000e+00	4.012000e-01
0	129	R2	1.688900e+01	1.688900e+01	1.188644e-08	2.499095e-15	1.421600e+00
0	131	R2	1.513100e+01	1.513100e+01	1.055635e-08	6.937087e-15	7.682000e-01
0	133	R2	1.578100e+01	1.578100e+01	1.104932e-08	4.242553e-15	8.374000e-01
0	134	R2	1.495700e+01	1.495700e+01	1.042413e-08	0.000000e+00	8.171000e-01
0	135	R2	1.633980e+01	1.633980e+01	1.147198e-08	-4.033966e-15	8.807000e-01
0	137	R2	1.157840e+01	1.157840e+01	7.827957e-09	-3.150686e-15	5.638000e-01
0	140	R2	1.349530e+01	1.349530e+01	9.308302e-09	-3.239458e-15	1.096700e+00
0	141	R2	1.501700e+01	1.501700e+01	1.046973e-08	0.000000e+00	7.509000e-01
0	142	R2	1.446100e+01	1.446100e+01	1.004654e-08	0.000000e+00	7.148000e-01
0	143	R2	1.390600e+01	1.390600e+01	9.622797e-09	-2.422085e-15	7.334000e-01
0	144	R2	1.617470e+01	1.617470e+01	1.134721e-08	7.046239e-15	5.042000e-01
0	145	R2	1.404730e+01	1.404730e+01	9.730812e-09	8.828811e-15	4.024000e-01
0	146	R2	1.632630e+01	1.632630e+01	1.146178e-08	7.325183e-14	9.700000e-02
0	147	R2	1.740160e+01	1.740160e+01	1.227252e-08	-2.741926e-15	1.295700e+00
0	148	R2	1.631620e+01	1.631620e+01	1.145415e-08	8.683157e-15	8.183000e-01
0	150	R2	1.561620e+01	1.561620e+01	1.092448e-08	0.000000e+00	1.130000e+00
0	151	R2	1.610850e+01	1.610850e+01	1.129716e-08	-8.822234e-15	8.054000e-01
0	152	R2	1.519600e+01	1.519600e+01	1.060572e-08	-2.878090e-15	6.172000e-01
0	153	R2	1.544410e+01	1.544410e+01	1.079400e-08	5.952938e-15	8.952000e-01
0	154	R2	1.415470e+01	1.415470e+01	9.812851e-09	-2.167114e-07	8.836000e-01
0	155	R2	1.705400e+01	1.705400e+01	1.201080e-08	4.166429e-15	8.527000e-01
0	156	R2	1.519300e+01	1.519300e+01	1.060344e-08	1.828656e-15	9.714000e-01
0	157	R2	1.893300e+01	1.893300e+01	1.342211e-08	0.000000e+00	8.594000e-01
0	158	R2	1.531270e+01	1.531270e+01	1.069431e-08	1.225074e-14	5.800000e-01
0	162	R2	9.611100e+00	9.611100e+00	6.280963e-09	0.000000e+00	4.806000e-01
0	163	R2	1.700260e+01	1.700260e+01	1.197207e-08	4.179171e-15	8.501000e-01
0	165	R2	2.778600e+00	2.778600e+00	1.147813e-09	-6.394373e-15	1.389000e-01
0	166	R2	1.667200e+00	1.667200e+00	5.471158e-10	-1.043443e-15	2.128000e-01


1	2	NOE	8.227000e-01	8.227000e-01	9.650481e-09	0.000000e+00	1.340000e-01
1	3	NOE	7.512000e-01	7.512000e-01	3.595288e-09	0.000000e+00	6.360000e-02
1	5	NOE	6.295000e-01	6.295000e-01	2.260842e-09	-3.524518e-15	3.150000e-02
1	6	NOE	7.961000e-01	7.961000e-01	5.323566e-09	1.041485e-15	1.066000e-01
1	7	NOE	8.380000e-01	8.344307e-01	2.534041e-05	8.518712e-02	4.190000e-02
1	8	NOE	8.364000e-01	8.344307e-01	2.346702e-05	4.711341e-02	4.180000e-02
1	9	NOE	8.512000e-01	8.344307e-01	1.843095e-05	1.209037e-01	1.387000e-01
1	10	NOE	8.900000e-01	8.344307e-01	2.125429e-05	1.248749e+00	4.450000e-02
1	11	NOE	7.697000e-01	7.697000e-01	4.084965e-09	1.098143e-15	1.011000e-01
1	12	NOE	8.162000e-01	8.162000e-01	7.735850e-09	0.000000e+00	6.860000e-02
1	13	NOE	7.315000e-01	7.315000e-01	3.226077e-09	-5.781132e-08	5.190000e-02
1	14	NOE	8.219000e-01	8.219000e-01	9.336545e-09	2.701273e-15	4.110000e-02
1	15	NOE	8.536000e-01	8.344307e-01	2.274189e-05	4.489307e-01	4.270000e-02
1	18	NOE	8.662000e-01	8.344307e-01	2.031061e-05	6.604853e-01	4.810000e-02
1	19	NOE	8.631000e-01	8.344307e-01	4.255520e-05	6.636421e-01	4.320000e-02
1	21	NOE	7.970000e-01	7.970000e-01	5.387706e-09	0.000000e+00	7.370000e-02
1	22	NOE	8.305000e-01	8.305000e-01	1.668545e-08	0.000000e+00	6.320000e-02
1	23	NOE	8.241000e-01	8.241000e-01	1.028516e-08	-2.485451e-09	1.236000e-01
1	24	NOE	7.785000e-01	7.785000e-01	4.398757e-09	2.854044e-15	3.890000e-02
1	25	NOE	7.539000e-01	7.539000e-01	3.656130e-09	1.122571e-15	9.890000e-02
1	26	NOE	8.680000e-01	8.344307e-01	2.986049e-05	5.930979e-01	5.660000e-02
1	27	NOE	8.132000e-01	8.132000e-01	7.166192e-09	0.000000e+00	8.280000e-02
1	28	NOE	8.258000e-01	8.258000e-01	1.125464e-08	0.000000e+00	4.130000e-02
1	29	NOE	7.165000e-01	7.165000e-01	3.009014e-09	1.586033e-15	7.000000e-02
1	30	NOE	8.027000e-01	8.027000e-01	5.855220e-09	-1.012977e-15	1.096000e-01
1	31	NOE	8.418000e-01	8.344307e-01	2.951737e-05	1.032120e-01	7.140000e-02
1	32	NOE	8.098000e-01	8.098000e-01	6.650808e-09	-2.741291e-15	4.050000e-02
1	33	NOE	7.881000e-01	7.881000e-01	4.838033e-09	0.000000e+00	5.810000e-02
1	34	NOE	8.382000e-01	8.344307e-01	2.505212e-05	8.996039e-02	4.190000e-02
1	35	NOE	8.717000e-01	8.344307e-01	2.198505e-05	5.448734e-01	6.840000e-02
1	36	NOE	8.221000e-01	8.221000e-01	9.412159e-09	0.000000e+00	4.110000e-02
1	37	NOE	8.416000e-01	8.344307e-01	2.518227e-05	1.231845e-01	5.820000e-02
1	38	NOE	7.969000e-01	7.969000e-01	5.380466e-09	0.000000e+00	3.980000e-02
1	39	NOE	8.662000e-01	8.344307e-01	2.031061e-05	4.727581e-01	6.720000e-02
1	41	NOE	7.021000e-01	7.021000e-01	2.836115e-09	0.000000e+00	3.510000e-02
1	42	NOE	8.550000e-01	8.344307e-01	1.509381e-05	4.805921e-01	4.280000e-02
1	43	NOE	8.397000e-01	8.344307e-01	2.001735e-05	8.144268e-02	6.470000e-02
1	44	NOE	8.376000e-01	8.344307e-01	3.440598e-05	5.299899e-02	5.980000e-02
1	45	NOE	8.158000e-01	8.158000e-01	7.652028e-09	1.307683e-15	8.490000e-02
1	46	NOE	8.333000e-01	8.333000e-01	3.111959e-08	2.118746e-15	5.240000e-02
1	47	NOE	8.094000e-01	8.094000e-01	6.597171e-09	0.000000e+00	7.310000e-02
1	48	NOE	7.960000e-01	7.960000e-01	5.316578e-09	2.198461e-15	5.050000e-02
1	49	NOE	8.039000e-01	8.039000e-01	5.969946e-09	1.504367e-15	7.380000e-02
1	50	NOE	8.280000e-01	8.280000e-01	1.304150e-08	0.000000e+00	8.780000e-02
1	51	NOE	7.992000e-01	7.992000e-01	5.554687e-09	-2.033376e-15	5.460000e-02
1	52	NOE	7.503000e-01	7.503000e-01	3.575657e-09	0.000000e+00	6.530000e-02
1	54	NOE	7.623000e-01	7.623000e-01	3.866666e-09	0.000000e+00	4.370000e-02
1	55	NOE	7.682000e-01	7.682000e-01	4.037789e-09	0.000000e+00	5.570000e-02
1	56	NOE	7.734000e-01	7.734000e-01	4.208647e-09	0.000000e+00	6.140000e-02
1	57	NOE	7.709000e-01	7.709000e-01	4.123897e-09	1.588302e-15	6.990000e-02
1	58	NOE	8.413000e-01	8.344307e-01	2.363295e-05	8.863665e-02	7.750000e-02
1	59	NOE	7.988000e-01	7.988000e-01	5.523183e-09	1.599745e-15	6.940000e-02
1	60	NOE	8.630000e-01	8.344307e-01	2.198180e-05	3.112129e-01	9.180000e-02
1	61	NOE	8.182000e-01	8.182000e-01	8.200376e-09	0.000000e+00	4.090000e-02
1	62	NOE	8.474000e-01	8.344307e-01	3.573691e-05	1.965051e-01	6.600000e-02
1	63	NOE	8.231000e-01	8.231000e-01	9.819765e-09	-2.694716e-15	4.120000e-02
1	64	NOE	8.852000e-01	8.344307e-01	2.887051e-05	1.106086e+00	4.590000e-02
1	66	NOE	7.816000e-01	7.816000e-01	4.527482e-09	-2.839445e-15	3.910000e-02
1	69	NOE	6.822000e-01	6.822000e-01	2.638486e-09	0.000000e+00	7.020000e-02
1	70	NOE	8.197000e-01	8.197000e-01	8.609149e-09	0.000000e+00	4.790000e-02
1	72	NOE	8.538000e-01	8.344307e-01	3.549299e-05	2.103077e-01	9.210000e-02
1	73	NOE	8.522000e-01	8.344307e-01	2.673331e-05	1.665355e-01	1.067000e-01
1	74	NOE	8.315000e-01	8.315000e-01	1.932565e-08	0.000000e+00	1.416000e-01
1	75	NOE	8.816000e-01	8.344307e-01	2.652613e-05	4.601887e-01	1.025000e-01
1	76	NOE	8.412000e-01	8.344307e-01	2.349838e-05	1.497642e-01	4.520000e-02
1	77	NOE	9.026000e-01	8.344307e-01	2.824215e-05	8.010498e-01	8.510000e-02
1	78	NOE	7.170000e-01	7.170000e-01	3.015577e-09	-3.828355e-15	2.900000e-02
1	79	NOE	7.960000e-01	7.960000e-01	5.316578e-09	1.632681e-15	6.800000e-02
1	80	NOE	7.975000e-01	7.975000e-01	5.424346e-09	0.000000e+00	4.390000e-02
1	82	NOE	8.456000e-01	8.344307e-01	2.551664e-05	1.889905e-01	5.910000e-02
1	84	NOE	8.197000e-01	8.197000e-01	8.609149e-09	0.000000e+00	1.133000e-01
1	85	NOE	8.037000e-01	8.037000e-01	5.950360e-09	-2.194117e-15	5.060000e-02
1	86	NOE	8.053000e-01	8.053000e-01	6.112634e-09	1.702796e-15	6.520000e-02
1	87	NOE	8.177000e-01	8.177000e-01	8.076481e-09	0.000000e+00	1.287000e-01
1	88	NOE	8.652000e-01	8.344307e-01	2.825613e-05	2.952912e-01	1.042000e-01
1	89	NOE	7.687000e-01	7.687000e-01	4.053335e-09	2.891206e-15	3.840000e-02
1	90	NOE	7.334000e-01	7.334000e-01	3.256944e-09	-4.120617e-08	7.150000e-02
1	91	NOE	8.184000e-01	8.184000e-01	8.251548e-09	0.000000e+00	1.098000e-01
1	92	NOE	8.192000e-01	8.192000e-01	8.466206e-09	2.168404e-15	5.120000e-02
1	93	NOE	8.213000e-01	8.213000e-01	9.120153e-09	1.689837e-15	6.570000e-02
1	94	NOE	8.502000e-01	8.344307e-01	1.799370e-05	2.037383e-01	7.740000e-02
1	95	NOE	7.915000e-01	7.915000e-01	5.027797e-09	1.350636e-15	8.220000e-02
1	96	NOE	7.309000e-01	7.309000e-01	3.216505e-09	3.041707e-15	3.650000e-02
1	97	NOE	7.375000e-01	7.375000e-01	3.326593e-09	2.211600e-15	5.020000e-02
1	98	NOE	8.428000e-01	8.344307e-01	3.424168e-05	1.082709e-01	7.730000e-02
1	99	NOE	7.955000e-01	7.955000e-01	5.282043e-09	0.000000e+00	7.210000e-02
1	100	NOE	7.400000e-01	7.400000e-01	3.371255e-09	0.000000e+00	8.670000e-02
1	102	NOE	7.301000e-01	7.301000e-01	3.203871e-09	-3.912858e-08	7.770000e-02
1	103	NOE	7.808000e-01	7.808000e-01	4.493201e-09	-1.869062e-15	5.940000e-02
1	104	NOE	6.364000e-01	6.364000e-01	2.301658e-09	-1.296990e-15	8.560000e-02
1	105	NOE	7.658000e-01	7.658000e-01	3.965533e-09	0.000000e+00	7.170000e-02
1	106	NOE	7.736000e-01	7.736000e-01	4.215651e-09	-2.587932e-15	4.290000e-02
1	107	NOE	8.246000e-01	8.246000e-01	1.054403e-08	0.000000e+00	4.130000e-02
1	108	NOE	9.250000e-01	8.344307e-01	1.972601e-05	1.049471e+00	8.630000e-02
1	109	NOE	9.020000e-01	8.344307e-01	2.875558e-05	9.516808e-01	7.100000e-02
1	110	NOE	7.514000e-01	7.514000e-01	3.599694e-09	-1.802310e-15	6.160000e-02
1	111	NOE	8.556000e-01	8.344307e-01	2.549797e-05	3.540023e-01	5.980000e-02
1	112	NOE	7.646000e-01	7.646000e-01	3.930804e-09	0.000000e+00	1.612000e-01
1	113	NOE	7.993000e-01	7.993000e-01	5.562647e-09	0.000000e+00	8.280000e-02
1	114	NOE	8.005000e-01	8.005000e-01	5.660885e-09	0.000000e+00	5.730000e-02
1	115	NOE	8.311000e-01	8.311000e-01	1.812731e-08	1.391257e-15	7.980000e-02
1	116	NOE	8.785000e-01	8.344307e-01	2.131460e-05	6.061808e-01	7.270000e-02
1	118	NOE	8.910000e-01	8.344307e-01	2.382083e-05	7.453141e-01	7.590000e-02
1	120	NOE	8.687000e-01	8.344307e-01	2.619222e-05	5.329602e-01	6.430000e-02
1	121	NOE	7.230000e-01	7.230000e-01	3.097726e-09	1.823026e-15	6.090000e-02
1	124	NOE	8.173000e-01	8.173000e-01	7.981291e-09	0.000000e+00	1.576000e-01
1	125	NOE	7.721000e-01	7.721000e-01	4.163944e-09	0.000000e+00	5.550000e-02
1	126	NOE	8.185000e-01	8.185000e-01	8.277494e-09	0.000000e+00	6.590000e-02
1	127	NOE	8.366000e-01	8.344307e-01	2.078644e-05	4.746917e-02	4.570000e-02
1	128	NOE	6.997000e-01	6.997000e-01	2.810002e-09	0.000000e+00	4.250000e-02
1	129	NOE	8.179000e-01	8.179000e-01	8.125365e-09	0.000000e+00	5.390000e-02
1	131	NOE	8.910000e-01	8.344307e-01	2.382083e-05	7.593200e-01	7.450000e-02
1	133	NOE	6.404000e-01	6.404000e-01	2.326295e-09	-3.314099e-15	3.350000e-02
1	134	NOE	8.444000e-01	8.344307e-01	3.129479e-05	8.484544e-02	1.175000e-01
1	135	NOE	7.305000e-01	7.305000e-01	3.210170e-09	1.007462e-15	1.102000e-01
1	137	NOE	4.032000e-01	4.032000e-01	1.518732e-09	0.000000e+00	4.740000e-02
1	140	NOE	7.533000e-01	7.533000e-01	3.642349e-09	2.048382e-15	5.420000e-02
1	141	NOE	7.900000e-01	7.900000e-01	4.941403e-09	-5.621382e-15	3.950000e-02
1	142	NOE	5.428000e-01	5.428000e-01	1.876822e-09	-1.520853e-15	7.300000e-02
1	143	NOE	6.103000e-01	6.103000e-01	2.157212e-09	-2.506147e-15	4.430000e-02
1	144	NOE	6.718000e-01	6.718000e-01	2.549807e-09	0.000000e+00	4.730000e-02
1	145	NOE	6.525000e-01	6.525000e-01	2.405634e-09	0.000000e+00	2.980000e-02
1	146	NOE	8.330000e-01	8.330000e-01	2.766418e-08	-2.265761e-15	4.900000e-02
1	147	NOE	7.586000e-01	7.586000e-01	3.769646e-09	-1.702796e-15	6.520000e-02
1	148	NOE	7.656000e-01	7.656000e-01	3.959682e-09	-2.461692e-15	4.510000e-02
1	150	NOE	8.198000e-01	8.198000e-01	8.638613e-09	1.474400e-15	7.530000e-02
1	151	NOE	8.661000e-01	8.344307e-01	2.133433e-05	3.036370e-01	1.043000e-01
1	152	NOE	7.903000e-01	7.903000e-01	4.958330e-09	0.000000e+00	4.740000e-02
1	153	NOE	8.075000e-01	8.075000e-01	6.358903e-09	-1.829033e-15	6.070000e-02
1	154	NOE	8.420000e-01	8.344307e-01	3.979613e-05	1.010593e-01	7.490000e-02
1	155	NOE	7.915000e-01	7.915000e-01	5.027797e-09	1.954618e-15	5.680000e-02
1	156	NOE	7.572000e-01	7.572000e-01	3.734757e-09	-1.312320e-15	8.460000e-02
1	157	NOE	6.151000e-01	6.151000e-01	2.181859e-09	0.000000e+00	5.320000e-02
1	158	NOE	7.724000e-01	7.724000e-01	4.174135e-09	0.000000e+00	3.860000e-02
1	162	NOE	4.402000e-01	4.402000e-01	1.595292e-09	-2.523234e-15	2.200000e-02
1	163	NOE	8.530000e-01	8.344307e-01	2.403161e-05	1.224891e-01	1.516000e-01
1	165	NOE	-7.563000e-01	-7.563000e-01	6.735098e-10	8.811294e-15	-5.040000e-02
1	166	NOE	-1.692700e+00	-1.692700e+00	4.430787e-10	9.516197e-15	-7.000000e-02


2	2	R1	1.061600e+00	1.061600e+00	1.303984e-08	2.753418e-07	5.310000e-02
2	3	R1	9.181000e-01	9.181000e-01	1.523214e-08	0.000000e+00	4.270000e-02
2	5	R1	9.270000e-01	9.270000e-01	1.507716e-08	4.795780e-15	4.630000e-02
2	6	R1	8.868000e-01	8.868000e-01	1.580112e-08	-5.012294e-15	4.430000e-02
2	7	R1	1.042600e+00	1.042600e+00	1.329674e-08	4.261893e-15	5.210000e-02
2	8	R1	9.846000e-01	9.846000e-01	1.413970e-08	-1.951183e-15	5.690000e-02
2	9	R1	9.196000e-01	9.196000e-01	1.520582e-08	4.029848e-15	5.510000e-02
2	10	R1	9.886000e-01	9.886000e-01	1.407852e-08	-2.247415e-15	4.940000e-02
2	11	R1	1.106800e+00	1.106800e+00	1.246257e-08	0.000000e+00	6.510000e-02
2	12	R1	1.023100e+00	1.023100e+00	1.356991e-08	5.985030e-15	7.420000e-02
2	13	R1	8.646000e-01	8.646000e-01	1.622890e-08	0.000000e+00	3.750000e-02
2	14	R1	1.041600e+00	1.041600e+00	1.331051e-08	-4.261893e-15	5.210000e-02
2	15	R1	9.137000e-01	9.137000e-01	1.530984e-08	0.000000e+00	4.570000e-02
2	18	R1	1.108200e+00	1.108200e+00	1.244540e-08	0.000000e+00	5.540000e-02
2	19	R1	1.115000e+00	1.115000e+00	1.236262e-08	2.956653e-15	7.510000e-02
2	21	R1	1.133600e+00	1.133600e+00	1.214101e-08	0.000000e+00	3.060000e-02
2	22	R1	1.026600e+00	1.026600e+00	1.352015e-08	-4.328355e-15	5.130000e-02
2	23	R1	1.009900e+00	1.009900e+00	1.376056e-08	4.396923e-15	5.050000e-02
2	24	R1	1.009000e+00	1.009000e+00	1.377374e-08	0.000000e+00	5.040000e-02
2	25	R1	1.027700e+00	1.027700e+00	1.350458e-08	0.000000e+00	5.140000e-02
2	26	R1	1.015600e+00	1.015600e+00	1.367765e-08	4.370957e-15	5.080000e-02
2	27	R1	1.045100e+00	1.045100e+00	1.326243e-08	4.245595e-15	5.230000e-02
2	28	R1	1.056900e+00	1.056900e+00	1.310256e-08	-4.205390e-15	5.280000e-02
2	29	R1	1.097400e+00	1.097400e+00	1.257888e-08	0.000000e+00	5.490000e-02
2	30	R1	1.052800e+00	1.052800e+00	1.315772e-08	0.000000e+00	5.260000e-02
2	31	R1	1.056900e+00	1.056900e+00	1.310256e-08	-4.205390e-15	5.280000e-02
2	32	R1	9.519000e-01	9.519000e-01	1.465846e-08	0.000000e+00	4.760000e-02
2	33	R1	1.031500e+00	1.031500e+00	1.345102e-08	4.303190e-15	5.160000e-02
2	34	R1	9.713000e-01	9.713000e-01	1.434663e-08	-6.853229e-15	4.860000e-02
2	35	R1	1.028300e+00	1.028300e+00	1.349609e-08	0.000000e+00	5.140000e-02
2	36	R1	1.008600e+00	1.008600e+00	1.377960e-08	-4.405647e-15	5.040000e-02
2	37	R1	1.014600e+00	1.014600e+00	1.369213e-08	-4.379578e-15	5.070000e-02
2	38	R1	1.022000e+00	1.022000e+00	1.358562e-08	2.771582e-07	5.110000e-02
2	39	R1	1.096500e+00	1.096500e+00	1.259012e-08	2.739981e-07	5.480000e-02
2	41	R1	1.010700e+00	1.010700e+00	1.374887e-08	0.000000e+00	3.930000e-02
2	42	R1	8.758000e-01	8.758000e-01	1.601045e-08	-5.069512e-15	4.380000e-02
2	43	R1	9.311000e-01	9.311000e-01	1.500673e-08	2.382453e-15	4.660000e-02
2	44	R1	1.007100e+00	1.007100e+00	1.380162e-08	0.000000e+00	4.790000e-02
2	45	R1	9.481000e-01	9.481000e-01	1.472098e-08	3.972175e-15	5.590000e-02
2	46	R1	8.618000e-01	8.618000e-01	1.628437e-08	0.000000e+00	7.760000e-02
2	47	R1	8.466000e-01	8.466000e-01	1.659175e-08	0.000000e+00	6.420000e-02
2	48	R1	9.189000e-01	9.189000e-01	1.521809e-08	-4.837573e-15	4.590000e-02
2	49	R1	9.978000e-01	9.978000e-01	1.393958e-08	-6.674688e-15	4.990000e-02
2	50	R1	9.920000e-01	9.920000e-01	1.402688e-08	0.000000e+00	4.960000e-02
2	51	R1	8.739000e-01	8.739000e-01	1.604712e-08	-2.059783e-15	5.390000e-02
2	52	R1	1.080700e+00	1.080700e+00	1.279028e-08	-4.089219e-15	5.430000e-02
2	54	R1	9.697000e-01	9.697000e-01	1.437189e-08	3.524518e-15	6.300000e-02
2	55	R1	9.172000e-01	9.172000e-01	1.524798e-08	1.762259e-15	6.300000e-02
2	56	R1	1.040000e+00	1.040000e+00	1.333260e-08	0.000000e+00	5.260000e-02
2	57	R1	9.514000e-01	9.514000e-01	1.466666e-08	-3.122990e-15	7.110000e-02
2	58	R1	1.032300e+00	1.032300e+00	1.343980e-08	0.000000e+00	5.160000e-02
2	59	R1	1.002100e+00	1.002100e+00	1.387549e-08	0.000000e+00	5.010000e-02
2	60	R1	9.056000e-01	9.056000e-01	1.545480e-08	0.000000e+00	2.250000e-01
2	61	R1	9.698000e-01	9.698000e-01	1.437031e-08	-2.910152e-15	7.630000e-02
2	62	R1	7.995000e-01	7.995000e-01	1.761648e-08	0.000000e+00	1.053000e-01
2	63	R1	8.602000e-01	8.602000e-01	1.631623e-08	-1.939254e-15	1.145000e-01
2	64	R1	9.308000e-01	9.308000e-01	1.501186e-08	-2.387576e-15	4.650000e-02
2	66	R1	1.010700e+00	1.010700e+00	1.374887e-08	0.000000e+00	5.050000e-02
2	69	R1	8.928000e-01	8.928000e-01	1.568905e-08	0.000000e+00	6.280000e-02
2	70	R1	1.085700e+00	1.085700e+00	1.272634e-08	3.071156e-15	7.230000e-02
2	72	R1	8.323000e-01	8.323000e-01	1.689091e-08	1.664502e-15	6.670000e-02
2	73	R1	9.425000e-01	9.425000e-01	1.481401e-08	0.000000e+00	4.780000e-02
2	74	R1	9.442000e-01	9.442000e-01	1.478566e-08	4.253728e-15	5.220000e-02
2	75	R1	8.655000e-01	8.655000e-01	1.621114e-08	0.000000e+00	9.760000e-02
2	76	R1	9.774000e-01	9.774000e-01	1.425105e-08	0.000000e+00	5.340000e-02
2	77	R1	1.068100e+00	1.068100e+00	1.295395e-08	0.000000e+00	5.470000e-02
2	78	R1	1.024200e+00	1.024200e+00	1.355424e-08	0.000000e+00	8.150000e-02
2	79	R1	1.028300e+00	1.028300e+00	1.349609e-08	-8.363262e-15	5.310000e-02
2	80	R1	1.007500e+00	1.007500e+00	1.379574e-08	3.881899e-15	5.720000e-02
2	82	R1	1.158300e+00	1.158300e+00	1.185716e-08	2.182414e-07	7.190000e-02
2	84	R1	9.736000e-01	9.736000e-01	1.431046e-08	2.029658e-15	5.470000e-02
2	85	R1	7.915000e-01	7.915000e-01	1.780235e-08	-1.944349e-15	1.142000e-01
2	86	R1	1.081100e+00	1.081100e+00	1.278515e-08	0.000000e+00	5.740000e-02
2	87	R1	8.584000e-01	8.584000e-01	1.635221e-08	2.489289e-15	8.920000e-02
2	88	R1	1.054700e+00	1.054700e+00	1.313211e-08	0.000000e+00	5.780000e-02
2	89	R1	1.063500e+00	1.063500e+00	1.301463e-08	0.000000e+00	5.320000e-02
2	90	R1	1.053500e+00	1.053500e+00	1.314828e-08	0.000000e+00	7.040000e-02
2	91	R1	9.936000e-01	9.936000e-01	1.400270e-08	-3.828355e-15	5.800000e-02
2	92	R1	1.102000e+00	1.102000e+00	1.252173e-08	-7.451161e-15	5.960000e-02
2	93	R1	1.115900e+00	1.115900e+00	1.235174e-08	-6.960646e-15	6.380000e-02
2	94	R1	1.094400e+00	1.094400e+00	1.261641e-08	3.916131e-15	5.670000e-02
2	95	R1	1.072000e+00	1.072000e+00	1.290290e-08	0.000000e+00	5.580000e-02
2	96	R1	1.042200e+00	1.042200e+00	1.330225e-08	-6.511572e-15	3.410000e-02
2	97	R1	9.323000e-01	9.323000e-01	1.498623e-08	0.000000e+00	3.560000e-02
2	98	R1	1.050200e+00	1.050200e+00	1.319291e-08	4.229421e-15	5.250000e-02
2	99	R1	9.490000e-01	9.490000e-01	1.470613e-08	-1.632681e-15	6.800000e-02
2	100	R1	1.104100e+00	1.104100e+00	1.249578e-08	-7.944351e-15	5.590000e-02
2	102	R1	1.154600e+00	1.154600e+00	1.189895e-08	1.773519e-15	1.252000e-01
2	103	R1	1.081700e+00	1.081700e+00	1.277745e-08	-3.888697e-15	5.710000e-02
2	104	R1	1.053400e+00	1.053400e+00	1.314962e-08	0.000000e+00	4.320000e-02
2	105	R1	1.064900e+00	1.064900e+00	1.299611e-08	-2.817825e-15	7.880000e-02
2	106	R1	1.058800e+00	1.058800e+00	1.307714e-08	3.986438e-15	5.570000e-02
2	107	R1	1.092300e+00	1.092300e+00	1.264279e-08	4.066751e-15	5.460000e-02
2	108	R1	1.097000e+00	1.097000e+00	1.258388e-08	-8.089057e-15	5.490000e-02
2	109	R1	1.052000e+00	1.052000e+00	1.316853e-08	0.000000e+00	4.220000e-02
2	110	R1	1.055200e+00	1.055200e+00	1.312538e-08	4.015273e-15	5.530000e-02
2	111	R1	1.083400e+00	1.083400e+00	1.275568e-08	-4.096764e-15	5.420000e-02
2	112	R1	1.061400e+00	1.061400e+00	1.304249e-08	0.000000e+00	5.310000e-02
2	113	R1	1.117200e+00	1.117200e+00	1.233605e-08	1.061621e-07	1.436000e-01
2	114	R1	1.059000e+00	1.059000e+00	1.307447e-08	0.000000e+00	5.300000e-02
2	115	R1	1.044900e+00	1.044900e+00	1.326517e-08	4.127223e-15	5.380000e-02
2	116	R1	9.681000e-01	9.681000e-01	1.439724e-08	-2.293849e-15	4.840000e-02
2	118	R1	9.634000e-01	9.634000e-01	1.447215e-08	3.706922e-15	5.990000e-02
2	120	R1	1.107800e+00	1.107800e+00	1.245030e-08	-3.558407e-15	6.240000e-02
2	121	R1	9.482000e-01	9.482000e-01	1.471933e-08	0.000000e+00	5.460000e-02
2	124	R1	8.172000e-01	8.172000e-01	1.721787e-08	1.119176e-15	9.920000e-02
2	125	R1	1.045400e+00	1.045400e+00	1.325832e-08	0.000000e+00	5.690000e-02
2	126	R1	1.082000e+00	1.082000e+00	1.277360e-08	4.104337e-15	5.410000e-02
2	127	R1	1.068800e+00	1.068800e+00	1.294476e-08	0.000000e+00	5.340000e-02
2	128	R1	1.101800e+00	1.101800e+00	1.252420e-08	0.000000e+00	3.010000e-02
2	129	R1	1.021600e+00	1.021600e+00	1.359134e-08	0.000000e+00	5.030000e-02
2	131	R1	1.089000e+00	1.089000e+00	1.268444e-08	3.909236e-15	5.680000e-02
2	133	R1	9.269000e-01	9.269000e-01	1.507889e-08	-4.795780e-15	4.630000e-02
2	134	R1	1.106300e+00	1.106300e+00	1.246871e-08	0.000000e+00	5.750000e-02
2	135	R1	1.037700e+00	1.037700e+00	1.336446e-08	4.278316e-15	5.190000e-02
2	137	R1	9.989000e-01	9.989000e-01	1.392313e-08	-4.449792e-15	4.990000e-02
2	140	R1	9.004000e-01	9.004000e-01	1.554918e-08	-1.102505e-15	1.007000e-01
2	141	R1	1.110700e+00	1.110700e+00	1.241486e-08	0.000000e+00	5.550000e-02
2	142	R1	1.134500e+00	1.134500e+00	1.213046e-08	-3.916131e-15	5.670000e-02
2	143	R1	1.049500e+00	1.049500e+00	1.320242e-08	-4.229421e-15	5.250000e-02
2	144	R1	1.042500e+00	1.042500e+00	1.329812e-08	5.968941e-15	3.720000e-02
2	145	R1	1.064400e+00	1.064400e+00	1.300272e-08	-5.139921e-15	4.320000e-02
2	146	R1	1.021300e+00	1.021300e+00	1.359563e-08	3.719340e-15	5.970000e-02
2	147	R1	1.023900e+00	1.023900e+00	1.355851e-08	-2.898755e-15	7.660000e-02
2	148	R1	1.007400e+00	1.007400e+00	1.379721e-08	0.000000e+00	5.470000e-02
2	150	R1	1.049400e+00	1.049400e+00	1.320378e-08	0.000000e+00	7.210000e-02
2	151	R1	1.071900e+00	1.071900e+00	1.290421e-08	-4.142623e-15	5.360000e-02
2	152	R1	1.042200e+00	1.042200e+00	1.330225e-08	0.000000e+00	5.720000e-02
2	153	R1	1.099400e+00	1.099400e+00	1.255398e-08	-3.861645e-15	5.750000e-02
2	154	R1	1.149900e+00	1.149900e+00	1.195240e-08	3.861645e-15	5.750000e-02
2	155	R1	1.043900e+00	1.043900e+00	1.327888e-08	0.000000e+00	5.220000e-02
2	156	R1	9.564000e-01	9.564000e-01	1.458504e-08	-3.646053e-15	6.090000e-02
2	157	R1	8.074000e-01	8.074000e-01	1.743646e-08	-1.805241e-15	6.150000e-02
2	158	R1	8.671000e-01	8.671000e-01	1.617966e-08	3.016910e-15	3.680000e-02
2	162	R1	1.026600e+00	1.026600e+00	1.352015e-08	4.328355e-15	5.130000e-02
2	163	R1	1.052000e+00	1.052000e+00	1.316853e-08	0.000000e+00	5.260000e-02
2	165	R1	1.101200e+00	1.101200e+00	2.851263e-10	-4.029848e-15	5.510000e-02
2	166	R1	8.652000e-01	8.652000e-01	1.889170e-10	-2.564025e-15	4.330000e-02


