2	1.630000e+01	7.930000e-01	8.227000e-01	1.340000e-01	1.061600e+00	5.310000e-02	1.907970e-02	
3	1.946090e+01	4.828000e-01	7.512000e-01	6.360000e-02	9.181000e-01	4.270000e-02	2.315486e-02	
5	1.347600e+01	6.738000e-01	6.295000e-01	3.150000e-02	9.270000e-01	4.630000e-02	3.481527e-02	
6	1.552890e+01	8.836000e-01	7.961000e-01	1.066000e-01	8.868000e-01	4.430000e-02	1.832925e-02	
7	1.506880e+01	7.534000e-01	8.380000e-01	4.190000e-02	1.042600e+00	5.210000e-02	1.712121e-02	
8	1.435080e+01	8.687000e-01	8.364000e-01	4.180000e-02	9.846000e-01	5.690000e-02	1.632845e-02	
9	1.574190e+01	9.628000e-01	8.512000e-01	1.387000e-01	9.196000e-01	5.510000e-02	1.387087e-02	
10	1.883900e+01	1.236900e+00	8.900000e-01	4.450000e-02	9.886000e-01	4.940000e-02	1.102339e-02	
11	1.764060e+01	1.014600e+00	7.697000e-01	1.011000e-01	1.106800e+00	6.510000e-02	2.583836e-02	
12	1.522260e+01	1.328600e+00	8.162000e-01	6.860000e-02	1.023100e+00	7.420000e-02	1.906187e-02	
13	1.468110e+01	4.830000e-01	7.315000e-01	5.190000e-02	8.646000e-01	3.750000e-02	2.353214e-02	
14	1.647120e+01	8.236000e-01	8.219000e-01	4.110000e-02	1.041600e+00	5.210000e-02	1.880471e-02	
15	1.273800e+01	9.464000e-01	8.536000e-01	4.270000e-02	9.137000e-01	4.570000e-02	1.355959e-02	
18	1.776640e+01	8.883000e-01	8.662000e-01	4.810000e-02	1.108200e+00	5.540000e-02	1.503059e-02	
19	1.614740e+01	9.552000e-01	8.631000e-01	4.320000e-02	1.115000e+00	7.510000e-02	1.547320e-02	
21	1.536000e+01	5.046000e-01	7.970000e-01	7.370000e-02	1.133600e+00	3.060000e-02	2.332694e-02	
22	1.581140e+01	7.906000e-01	8.305000e-01	6.320000e-02	1.026600e+00	5.130000e-02	1.763895e-02	
23	1.761420e+01	8.807000e-01	8.241000e-01	1.236000e-01	1.009900e+00	5.050000e-02	1.800719e-02	
24	1.613520e+01	8.068000e-01	7.785000e-01	3.890000e-02	1.009000e+00	5.040000e-02	2.265514e-02	
25	1.754730e+01	8.774000e-01	7.539000e-01	9.890000e-02	1.027700e+00	5.140000e-02	2.563774e-02	
26	1.630620e+01	8.153000e-01	8.680000e-01	5.660000e-02	1.015600e+00	5.080000e-02	1.358934e-02	
27	1.725840e+01	8.629000e-01	8.132000e-01	8.280000e-02	1.045100e+00	5.230000e-02	1.978958e-02	
28	1.622910e+01	8.115000e-01	8.258000e-01	4.130000e-02	1.056900e+00	5.280000e-02	1.866310e-02	
29	1.712870e+01	8.564000e-01	7.165000e-01	7.000000e-02	1.097400e+00	5.490000e-02	3.153696e-02	
30	1.780740e+01	8.904000e-01	8.027000e-01	1.096000e-01	1.052800e+00	5.260000e-02	2.105595e-02	
31	1.806250e+01	9.031000e-01	8.418000e-01	7.140000e-02	1.056900e+00	5.280000e-02	1.694893e-02	
32	1.721150e+01	8.606000e-01	8.098000e-01	4.050000e-02	9.519000e-01	4.760000e-02	1.835286e-02	
33	1.699850e+01	8.499000e-01	7.881000e-01	5.810000e-02	1.031500e+00	5.160000e-02	2.215654e-02	
34	1.717200e+01	8.586000e-01	8.382000e-01	4.190000e-02	9.713000e-01	4.860000e-02	1.593066e-02	
35	1.599590e+01	7.998000e-01	8.717000e-01	6.840000e-02	1.028300e+00	5.140000e-02	1.337360e-02	
36	1.797960e+01	8.990000e-01	8.221000e-01	4.110000e-02	1.008600e+00	5.040000e-02	1.818849e-02	
37	1.623680e+01	8.118000e-01	8.416000e-01	5.820000e-02	1.014600e+00	5.070000e-02	1.629115e-02	
38	1.717640e+01	8.588000e-01	7.969000e-01	3.980000e-02	1.022000e+00	5.110000e-02	2.104082e-02	
39	1.593020e+01	7.965000e-01	8.662000e-01	6.720000e-02	1.096500e+00	5.480000e-02	1.487190e-02	
41	1.639860e+01	4.743000e-01	7.021000e-01	3.510000e-02	1.010700e+00	3.930000e-02	3.052071e-02	
42	1.437960e+01	7.190000e-01	8.550000e-01	4.280000e-02	8.758000e-01	4.380000e-02	1.287285e-02	
43	1.420420e+01	7.373000e-01	8.397000e-01	6.470000e-02	9.311000e-01	4.660000e-02	1.512975e-02	
44	1.540000e+01	7.700000e-01	8.376000e-01	5.980000e-02	1.007100e+00	4.790000e-02	1.657908e-02	
45	1.377430e+01	7.468000e-01	8.158000e-01	8.490000e-02	9.481000e-01	5.590000e-02	1.770295e-02	
46	1.543750e+01	1.025200e+00	8.333000e-01	5.240000e-02	8.618000e-01	7.760000e-02	1.456277e-02	
47	1.618740e+01	1.157700e+00	8.094000e-01	7.310000e-02	8.466000e-01	6.420000e-02	1.635698e-02	
48	1.606650e+01	8.033000e-01	7.960000e-01	5.050000e-02	9.189000e-01	4.590000e-02	1.900204e-02	
49	1.551480e+01	7.757000e-01	8.039000e-01	7.380000e-02	9.978000e-01	4.990000e-02	1.983458e-02	
50	1.517480e+01	7.587000e-01	8.280000e-01	8.780000e-02	9.920000e-01	4.960000e-02	1.729585e-02	
51	1.510060e+01	8.256000e-01	7.992000e-01	5.460000e-02	8.739000e-01	5.390000e-02	1.778801e-02	
52	1.801350e+01	9.417000e-01	7.503000e-01	6.530000e-02	1.080700e+00	5.430000e-02	2.735430e-02	
54	1.671840e+01	1.090500e+00	7.623000e-01	4.370000e-02	9.697000e-01	6.300000e-02	2.336514e-02	
55	1.751480e+01	1.166200e+00	7.682000e-01	5.570000e-02	9.172000e-01	6.300000e-02	2.155159e-02	
56	1.845800e+01	9.310000e-01	7.734000e-01	6.140000e-02	1.040000e+00	5.260000e-02	2.388884e-02	
57	1.436630e+01	1.008600e+00	7.709000e-01	6.990000e-02	9.514000e-01	7.110000e-02	2.209480e-02	
58	1.533140e+01	7.666000e-01	8.413000e-01	7.750000e-02	1.032300e+00	5.160000e-02	1.660675e-02	
59	1.488170e+01	7.441000e-01	7.988000e-01	6.940000e-02	1.002100e+00	5.010000e-02	2.043812e-02	
60	7.728300e+00	1.436500e+00	8.630000e-01	9.180000e-02	9.056000e-01	2.250000e-01	1.257647e-02	
61	1.660100e+01	8.822000e-01	8.182000e-01	4.090000e-02	9.698000e-01	7.630000e-02	1.787220e-02	
62	1.551300e+01	1.704400e+00	8.474000e-01	6.600000e-02	7.995000e-01	1.053000e-01	1.236730e-02	
63	1.011840e+01	1.511700e+00	8.231000e-01	4.120000e-02	8.602000e-01	1.145000e-01	1.542514e-02	
64	1.903190e+01	1.178300e+00	8.852000e-01	4.590000e-02	9.308000e-01	4.650000e-02	1.083179e-02	
66	1.641770e+01	8.788000e-01	7.816000e-01	3.910000e-02	1.010700e+00	5.050000e-02	2.237571e-02	
69	1.458100e+01	8.241000e-01	6.822000e-01	7.020000e-02	8.928000e-01	6.280000e-02	2.876139e-02	
70	1.740610e+01	8.867000e-01	8.197000e-01	4.790000e-02	1.085700e+00	7.230000e-02	1.984300e-02	
72	1.917120e+01	1.606400e+00	8.538000e-01	9.210000e-02	8.323000e-01	6.670000e-02	1.233471e-02	
73	1.496810e+01	7.484000e-01	8.522000e-01	1.067000e-01	9.425000e-01	4.780000e-02	1.412075e-02	
74	1.557970e+01	8.872000e-01	8.315000e-01	1.416000e-01	9.442000e-01	5.220000e-02	1.612745e-02	
75	1.325740e+01	1.416100e+00	8.816000e-01	1.025000e-01	8.655000e-01	9.760000e-02	1.038773e-02	
76	1.605400e+01	7.912000e-01	8.412000e-01	4.520000e-02	9.774000e-01	5.340000e-02	1.573348e-02	
77	1.668400e+01	8.279000e-01	9.026000e-01	8.510000e-02	1.068100e+00	5.470000e-02	1.054563e-02	
78	1.589660e+01	1.120000e-01	7.170000e-01	2.900000e-02	1.024200e+00	8.150000e-02	2.938144e-02	
79	1.658460e+01	9.370000e-02	7.960000e-01	6.800000e-02	1.028300e+00	5.310000e-02	2.126434e-02	
80	1.790650e+01	1.042900e+00	7.975000e-01	4.390000e-02	1.007500e+00	5.720000e-02	2.068102e-02	
82	1.476890e+01	7.866000e-01	8.456000e-01	5.910000e-02	1.158300e+00	7.190000e-02	1.812885e-02	
84	1.373720e+01	9.789000e-01	8.197000e-01	1.133000e-01	9.736000e-01	5.470000e-02	1.779419e-02	
85	1.770560e+01	1.695700e+00	8.037000e-01	5.060000e-02	7.915000e-01	1.142000e-01	1.574973e-02	
86	1.809650e+01	8.129000e-01	8.053000e-01	6.520000e-02	1.081100e+00	5.740000e-02	2.133701e-02	
87	1.591600e+01	9.646000e-01	8.177000e-01	1.287000e-01	8.584000e-01	8.920000e-02	1.586274e-02	
88	1.731040e+01	8.655000e-01	8.652000e-01	1.042000e-01	1.054700e+00	5.780000e-02	1.441188e-02	
89	1.534670e+01	7.673000e-01	7.687000e-01	3.840000e-02	1.063500e+00	5.320000e-02	2.493532e-02	
90	1.499740e+01	8.966000e-01	7.334000e-01	7.150000e-02	1.053500e+00	7.040000e-02	2.847059e-02	
91	1.646960e+01	8.047000e-01	8.184000e-01	1.098000e-01	9.936000e-01	5.800000e-02	1.829066e-02	
92	1.404260e+01	8.682000e-01	8.192000e-01	5.120000e-02	1.102000e+00	5.960000e-02	2.019677e-02	
93	1.461620e+01	1.046000e+00	8.213000e-01	6.570000e-02	1.115900e+00	6.380000e-02	2.021397e-02	
94	1.461900e+01	9.375000e-01	8.502000e-01	7.740000e-02	1.094400e+00	5.670000e-02	1.661842e-02	
95	1.728180e+01	8.641000e-01	7.915000e-01	8.220000e-02	1.072000e+00	5.580000e-02	2.265701e-02	
96	1.452300e+01	3.325000e-01	7.309000e-01	3.650000e-02	1.042200e+00	3.410000e-02	2.842933e-02	
97	1.538310e+01	5.154000e-01	7.375000e-01	5.020000e-02	9.323000e-01	3.560000e-02	2.480772e-02	
98	1.546300e+01	7.831000e-01	8.428000e-01	7.730000e-02	1.050200e+00	5.250000e-02	1.673503e-02	
99	1.912280e+01	1.113300e+00	7.955000e-01	7.210000e-02	9.490000e-01	6.800000e-02	1.967258e-02	
100	1.530200e+01	7.857000e-01	7.400000e-01	8.670000e-02	1.104100e+00	5.590000e-02	2.909937e-02	
102	1.523410e+01	6.832000e-01	7.301000e-01	7.770000e-02	1.154600e+00	1.252000e-01	3.158903e-02	
103	1.329200e+01	1.094900e+00	7.808000e-01	5.940000e-02	1.081700e+00	5.710000e-02	2.403528e-02	
104	1.409630e+01	4.024000e-01	6.364000e-01	8.560000e-02	1.053400e+00	4.320000e-02	3.882568e-02	
105	1.486890e+01	1.092500e+00	7.658000e-01	7.170000e-02	1.064900e+00	7.880000e-02	2.528119e-02	
106	1.474840e+01	9.298000e-01	7.736000e-01	4.290000e-02	1.058800e+00	5.570000e-02	2.429921e-02	
107	1.448880e+01	9.627000e-01	8.246000e-01	4.130000e-02	1.092300e+00	5.460000e-02	1.942108e-02	
108	1.810320e+01	9.052000e-01	9.250000e-01	8.630000e-02	1.097000e+00	5.490000e-02	8.340071e-03	
109	1.692830e+01	7.170000e-02	9.020000e-01	7.100000e-02	1.052000e+00	4.220000e-02	1.045066e-02	
110	1.595400e+01	7.937000e-01	7.514000e-01	6.160000e-02	1.055200e+00	5.530000e-02	2.659119e-02	
111	1.734910e+01	8.675000e-01	8.556000e-01	5.980000e-02	1.083400e+00	5.420000e-02	1.585835e-02	
112	1.782650e+01	8.913000e-01	7.646000e-01	1.612000e-01	1.061400e+00	5.310000e-02	2.532721e-02	
113	1.538890e+01	8.817000e-01	7.993000e-01	8.280000e-02	1.117200e+00	1.436000e-01	2.272899e-02	
114	1.625070e+01	8.785000e-01	8.005000e-01	5.730000e-02	1.059000e+00	5.300000e-02	2.141612e-02	
115	1.606240e+01	8.169000e-01	8.311000e-01	7.980000e-02	1.044900e+00	5.380000e-02	1.788983e-02	
116	1.757260e+01	8.786000e-01	8.785000e-01	7.270000e-02	9.681000e-01	4.840000e-02	1.192335e-02	
118	1.473850e+01	8.589000e-01	8.910000e-01	7.590000e-02	9.634000e-01	5.990000e-02	1.064474e-02	
120	1.629440e+01	9.996000e-01	8.687000e-01	6.430000e-02	1.107800e+00	6.240000e-02	1.474443e-02	
121	1.808600e+01	9.286000e-01	7.230000e-01	6.090000e-02	9.482000e-01	5.460000e-02	2.662451e-02	
124	1.580980e+01	1.939700e+00	8.173000e-01	1.576000e-01	8.172000e-01	9.920000e-02	1.513452e-02	
125	1.550860e+01	9.674000e-01	7.721000e-01	5.550000e-02	1.045400e+00	5.690000e-02	2.415064e-02	
126	1.599680e+01	7.998000e-01	8.185000e-01	6.590000e-02	1.082000e+00	5.410000e-02	1.990700e-02	
127	1.542690e+01	7.713000e-01	8.366000e-01	4.570000e-02	1.068800e+00	5.340000e-02	1.770314e-02	
128	1.059900e+01	4.012000e-01	6.997000e-01	4.250000e-02	1.101800e+00	3.010000e-02	3.353976e-02	
129	1.688900e+01	1.421600e+00	8.179000e-01	5.390000e-02	1.021600e+00	5.030000e-02	1.885787e-02	
131	1.513100e+01	7.682000e-01	8.910000e-01	7.450000e-02	1.089000e+00	5.680000e-02	1.203251e-02	
133	1.578100e+01	8.374000e-01	6.404000e-01	3.350000e-02	9.269000e-01	4.630000e-02	3.378737e-02	
134	1.495700e+01	8.171000e-01	8.444000e-01	1.175000e-01	1.106300e+00	5.750000e-02	1.744955e-02	
135	1.633980e+01	8.807000e-01	7.305000e-01	1.102000e-01	1.037700e+00	5.190000e-02	2.834865e-02	
137	1.157840e+01	5.638000e-01	4.032000e-01	4.740000e-02	9.989000e-01	4.990000e-02	6.043001e-02	
140	1.349530e+01	1.096700e+00	7.533000e-01	5.420000e-02	9.004000e-01	1.007000e-01	2.251679e-02	
141	1.501700e+01	7.509000e-01	7.900000e-01	3.950000e-02	1.110700e+00	5.550000e-02	2.364383e-02	
142	1.446100e+01	7.148000e-01	5.428000e-01	7.300000e-02	1.134500e+00	5.670000e-02	5.257903e-02	
143	1.390600e+01	7.334000e-01	6.103000e-01	4.430000e-02	1.049500e+00	5.250000e-02	4.145861e-02	
144	1.617470e+01	5.042000e-01	6.718000e-01	4.730000e-02	1.042500e+00	3.720000e-02	3.468299e-02	
145	1.404730e+01	4.024000e-01	6.525000e-01	2.980000e-02	1.064400e+00	4.320000e-02	3.749398e-02	
146	1.632630e+01	9.700000e-02	8.330000e-01	4.900000e-02	1.021300e+00	5.970000e-02	1.728907e-02	
147	1.740160e+01	1.295700e+00	7.586000e-01	6.520000e-02	1.023900e+00	7.660000e-02	2.505513e-02	
148	1.631620e+01	8.183000e-01	7.656000e-01	4.510000e-02	1.007400e+00	5.470000e-02	2.393654e-02	
150	1.561620e+01	1.130000e+00	8.198000e-01	7.530000e-02	1.049400e+00	7.210000e-02	1.916892e-02	
151	1.610850e+01	8.054000e-01	8.661000e-01	1.043000e-01	1.071900e+00	5.360000e-02	1.454912e-02	
152	1.519600e+01	6.172000e-01	7.903000e-01	4.740000e-02	1.042200e+00	5.720000e-02	2.215396e-02	
153	1.544410e+01	8.952000e-01	8.075000e-01	6.070000e-02	1.099400e+00	5.750000e-02	2.145301e-02	
154	1.415470e+01	8.836000e-01	8.420000e-01	7.490000e-02	1.149900e+00	5.750000e-02	1.841700e-02	
155	1.705400e+01	8.527000e-01	7.915000e-01	5.680000e-02	1.043900e+00	5.220000e-02	2.206311e-02	
156	1.519300e+01	9.714000e-01	7.572000e-01	8.460000e-02	9.564000e-01	6.090000e-02	2.353911e-02	
157	1.893300e+01	8.594000e-01	6.151000e-01	5.320000e-02	8.074000e-01	6.150000e-02	3.150203e-02	
158	1.531270e+01	5.800000e-01	7.724000e-01	3.860000e-02	8.671000e-01	3.680000e-02	2.000522e-02	
162	9.611100e+00	4.806000e-01	4.402000e-01	2.200000e-02	1.026600e+00	5.130000e-02	5.825537e-02	
163	1.700260e+01	8.501000e-01	8.530000e-01	1.516000e-01	1.052000e+00	5.260000e-02	1.567599e-02	
165	2.778600e+00	1.389000e-01	-7.563000e-01	-5.040000e-02	1.101200e+00	5.510000e-02	1.960500e-01	
166	1.667200e+00	2.128000e-01	-1.692700e+00	-7.000000e-02	8.652000e-01	4.330000e-02	2.361600e-01	
