0	2	R2	8.136697e+00	8.136697e+00	5.321065e-09	0.000000e+00	2.495960e+00
0	3	R2	1.095290e+01	1.095290e+01	7.768582e-09	-1.408289e-07	9.597286e-01
0	4	R2	8.833922e+00	8.833922e+00	5.932857e-09	0.000000e+00	7.725780e-01
0	5	R2	9.025271e+00	9.025271e+00	6.100255e-09	5.893971e-15	3.013854e-01
0	6	R2	9.074410e+00	9.074410e+00	6.143199e-09	3.038331e-15	5.846489e-01
0	7	R2	9.442871e+00	9.442871e+00	6.464570e-09	2.766876e-15	6.420082e-01
0	8	R2	9.354537e+00	9.354537e+00	6.387631e-09	0.000000e+00	8.138185e-01
0	9	R2	9.661836e+00	9.661836e+00	6.654987e-09	-1.548070e-07	7.374735e-01
0	10	R2	9.469697e+00	9.469697e+00	6.487922e-09	0.000000e+00	5.918561e-01
0	11	R2	9.487666e+00	9.487666e+00	6.503561e-09	-4.266101e-07	2.610458e-01
0	12	R2	9.132420e+00	9.132420e+00	6.193871e-09	-1.314751e-15	1.351098e+00
0	13	R2	9.596929e+00	9.596929e+00	6.598588e-09	-6.429014e-15	5.526063e-01
0	14	R2	9.615385e+00	9.615385e+00	6.614628e-09	-3.149685e-15	5.639793e-01
0	15	R2	9.813543e+00	9.813543e+00	6.786656e-09	-2.635000e-15	6.741393e-01
0	16	R2	9.784736e+00	9.784736e+00	6.761670e-09	-2.728495e-15	6.510392e-01
0	17	R2	9.041591e+00	9.041591e+00	6.114520e-09	0.000000e+00	3.842268e-01
0	18	R2	1.213592e+01	1.213592e+01	8.775694e-09	-9.805721e-16	1.811552e+00
0	19	R2	9.328358e+00	9.328358e+00	6.364817e-09	1.127824e-15	1.575031e+00
0	20	R2	9.587728e+00	9.587728e+00	6.590590e-09	1.637634e-15	1.084709e+00
0	21	R2	8.156607e+00	8.156607e+00	5.338562e-09	0.000000e+00	4.723647e-01
0	22	R2	8.210181e+00	8.210181e+00	5.385637e-09	2.417677e-15	7.347370e-01
0	23	R2	7.704160e+00	7.704160e+00	4.940947e-09	0.000000e+00	5.697992e-01
0	24	R2	1.154734e+01	1.154734e+01	8.276131e-09	0.000000e+00	1.693433e+00
0	25	R2	5.467469e+00	5.467469e+00	3.032242e-09	0.000000e+00	5.530244e-01
0	26	R2	6.150062e+00	6.150062e+00	3.594468e-09	-1.476876e-15	6.013898e-01
0	27	R2	8.084074e+00	8.084074e+00	5.274818e-09	-2.718126e-15	6.535226e-01
0	28	R2	7.987220e+00	7.987220e+00	5.189691e-09	-1.933643e-15	4.593290e-01
0	29	R2	8.097166e+00	8.097166e+00	5.286324e-09	0.000000e+00	4.392795e-01
0	30	R2	9.276438e+00	9.276438e+00	6.319550e-09	0.000000e+00	9.465753e-01
0	31	R2	9.157509e+00	9.157509e+00	6.215778e-09	4.113090e-15	8.637577e-01
0	32	R2	9.216590e+00	9.216590e+00	6.267344e-09	0.000000e+00	7.984880e-01
0	33	R2	9.478673e+00	9.478673e+00	6.495734e-09	-1.672854e-07	6.648548e-01
0	34	R2	9.633911e+00	9.633911e+00	6.630728e-09	-2.042047e-07	5.568735e-01
0	35	R2	9.832842e+00	9.832842e+00	6.803390e-09	-2.136356e-15	8.314891e-01
0	36	R2	9.191176e+00	9.191176e+00	6.245166e-09	-5.533557e-15	3.210154e-01
0	37	R2	1.015228e+01	1.015228e+01	7.079874e-09	0.000000e+00	9.894612e-01
0	38	R2	9.708738e+00	9.708738e+00	6.695717e-09	-2.771378e-15	6.409652e-01
0	39	R2	9.442871e+00	9.442871e+00	6.464570e-09	2.973359e-15	5.974243e-01
0	40	R2	9.794319e+00	9.794319e+00	6.769983e-09	0.000000e+00	6.235365e-01
0	41	R2	9.514748e+00	9.514748e+00	6.527124e-09	-1.739352e-07	6.427660e-01
0	42	R2	9.442871e+00	9.442871e+00	6.464570e-09	3.018410e-15	5.885075e-01
0	43	R2	9.813543e+00	9.813543e+00	6.786656e-09	-3.180172e-15	5.585726e-01
0	44	R2	9.699321e+00	9.699321e+00	6.687541e-09	-1.966873e-15	9.031376e-01
0	45	R2	9.578544e+00	9.578544e+00	6.582606e-09	-2.332669e-15	7.615126e-01
0	46	R2	9.216590e+00	9.216590e+00	6.267344e-09	0.000000e+00	5.946187e-01
0	47	R2	1.004016e+01	1.004016e+01	6.982939e-09	4.195653e-15	8.467605e-01
0	48	R2	9.433962e+00	9.433962e+00	6.456814e-09	-4.641662e-15	3.826985e-01
0	49	R2	8.110300e+00	8.110300e+00	5.297867e-09	0.000000e+00	6.117258e-01
0	50	R2	6.574622e+00	6.574622e+00	3.956193e-09	0.000000e+00	4.581919e-01
0	51	R2	6.868132e+00	6.868132e+00	4.209836e-09	1.921308e-15	4.622781e-01
0	52	R2	5.931198e+00	5.931198e+00	3.411183e-09	2.052628e-15	4.327031e-01
0	53	R2	7.037298e+00	7.037298e+00	4.356971e-09	0.000000e+00	5.546639e-01
0	54	R2	8.216927e+00	8.216927e+00	5.391565e-09	1.644339e-15	1.080286e+00
0	55	R2	8.163265e+00	8.163265e+00	5.344413e-09	-2.491257e-15	7.130362e-01
0	56	R2	9.398496e+00	9.398496e+00	6.425929e-09	2.011006e-15	8.833173e-01
0	57	R2	9.267841e+00	9.267841e+00	6.312053e-09	0.000000e+00	4.810001e-01
0	58	R2	8.795075e+00	8.795075e+00	5.898839e-09	0.000000e+00	5.027967e-01
0	59	R2	9.049774e+00	9.049774e+00	6.121671e-09	0.000000e+00	5.487193e-01
0	60	R2	9.633911e+00	9.633911e+00	6.630728e-09	-1.317450e-07	8.631539e-01
0	61	R2	9.633911e+00	9.633911e+00	6.630728e-09	-1.612143e-07	7.053731e-01
0	62	R2	9.082652e+00	9.082652e+00	6.150400e-09	0.000000e+00	6.847049e-01
0	63	R2	9.487666e+00	9.487666e+00	6.503561e-09	-4.266101e-07	2.610458e-01
0	64	R2	9.737098e+00	9.737098e+00	6.720335e-09	-8.222597e-08	1.403204e+00
0	65	R2	9.191176e+00	9.191176e+00	6.245166e-09	-3.391535e-15	5.237619e-01
0	66	R2	9.082652e+00	9.082652e+00	6.150400e-09	0.000000e+00	6.187093e-01
0	67	R2	9.328358e+00	9.328358e+00	6.364817e-09	2.551701e-15	6.961461e-01
0	68	R2	9.560229e+00	9.560230e+00	6.566682e-09	-3.847545e-07	2.924736e-01
0	69	R2	9.115770e+00	9.115770e+00	6.179330e-09	3.685662e-15	4.819642e-01
0	70	R2	9.407338e+00	9.407338e+00	6.433629e-09	-2.749628e-15	6.460354e-01
0	71	R2	9.267841e+00	9.267841e+00	6.312053e-09	0.000000e+00	7.558572e-01
0	72	R2	8.928571e+00	8.928571e+00	6.015693e-09	0.000000e+00	7.015306e-01
0	73	R2	1.109878e+01	1.109878e+01	7.893427e-09	0.000000e+00	1.638333e+00
0	74	R2	1.108647e+01	1.108647e+01	7.882904e-09	0.000000e+00	1.696157e+00
0	75	R2	8.912656e+00	8.912656e+00	6.001768e-09	6.988210e-15	2.541934e-01
0	76	R2	1.712329e+01	1.712329e+01	1.292033e-08	0.000000e+00	3.782370e+00
0	77	R2	8.333333e+00	8.333333e+00	5.493823e-09	-2.046363e-15	8.680556e-01
0	78	R2	7.107321e+00	7.107321e+00	4.418035e-09	1.850823e-15	4.798830e-01
0	79	R2	9.250694e+00	9.250694e+00	6.297097e-09	3.459636e-15	5.134520e-01
0	80	R2	1.008065e+01	1.008065e+01	7.017953e-09	1.560758e-15	1.138137e+00
0	81	R2	1.052632e+01	1.052632e+01	7.402374e-09	-1.629489e-07	7.867036e-01
0	82	R2	9.242144e+00	9.242144e+00	6.289639e-09	0.000000e+00	6.662544e-01
0	83	R2	1.082251e+01	1.082251e+01	7.656825e-09	0.000000e+00	6.441971e-01
0	84	R2	1.021450e+01	1.021450e+01	7.133614e-09	0.000000e+00	1.001627e+00
0	85	R2	9.009009e+00	9.009009e+00	6.086039e-09	0.000000e+00	2.678354e-01
0	86	R2	1.161440e+01	1.161440e+01	8.333193e-09	0.000000e+00	9.307709e-01
0	87	R2	9.891197e+00	9.891197e+00	6.853970e-09	2.557256e-15	6.946340e-01
0	88	R2	1.010101e+01	1.010101e+01	7.035560e-09	-1.627110e-15	1.091725e+00
0	89	R2	9.615385e+00	9.615385e+00	6.614628e-09	-1.402414e-15	1.266642e+00
0	90	R2	9.099181e+00	9.099181e+00	6.164840e-09	-3.064979e-15	5.795657e-01
0	91	R2	8.944544e+00	8.944544e+00	6.029665e-09	0.000000e+00	5.200316e-01
0	92	R2	9.345794e+00	9.345794e+00	6.380013e-09	0.000000e+00	6.376103e-01
0	93	R2	9.832842e+00	9.832842e+00	6.803390e-09	-1.413282e-15	1.256902e+00
0	94	R2	9.099181e+00	9.099181e+00	6.164840e-09	-2.939021e-15	6.044042e-01
0	95	R2	9.099181e+00	9.099181e+00	6.164840e-09	-2.939021e-15	6.044042e-01
0	96	R2	1.038422e+01	1.038422e+01	7.280008e-09	-1.850942e-15	9.597043e-01
0	97	R2	8.992806e+00	8.992806e+00	6.071873e-09	0.000000e+00	5.256586e-01
0	98	R2	8.733624e+00	8.733624e+00	5.845009e-09	-3.234511e-15	5.491886e-01
0	99	R2	8.333333e+00	8.333333e+00	5.493823e-09	-2.940177e-15	6.041667e-01
0	100	R2	9.225092e+00	9.225092e+00	6.274763e-09	-4.743906e-15	7.489005e-01
0	101	R2	7.380074e+00	7.380074e+00	4.656574e-09	3.623817e-15	4.901894e-01
0	102	R2	3.357958e+00	3.357958e+00	1.532082e-09	0.000000e+00	1.804141e-01


1	2	NOE	4.160000e-01	4.160000e-01	1.958208e-09	4.270089e-16	3.900000e-01
1	3	NOE	4.980000e-01	4.980000e-01	2.212665e-09	-1.047380e-15	1.060000e-01
1	4	NOE	7.490000e-01	7.490000e-01	4.802682e-09	-9.654113e-16	1.150000e-01
1	5	NOE	7.840000e-01	7.840000e-01	6.702740e-09	0.000000e+00	4.700000e-02
1	6	NOE	9.160000e-01	8.214914e-01	2.583072e-05	1.098938e+00	8.600000e-02
1	7	NOE	8.400000e-01	8.214914e-01	2.447318e-05	1.908107e-01	9.700000e-02
1	8	NOE	7.020000e-01	7.020000e-01	3.722227e-09	-3.508087e-08	9.900000e-02
1	9	NOE	9.050000e-01	8.214914e-01	5.150958e-05	7.878173e-01	1.060000e-01
1	10	NOE	7.620000e-01	7.620000e-01	5.308751e-09	-1.290957e-15	8.600000e-02
1	11	NOE	7.740000e-01	7.740000e-01	5.949183e-09	-3.172066e-15	3.500000e-02
1	12	NOE	8.810000e-01	8.214914e-01	5.595897e-05	3.036155e-01	1.960000e-01
1	13	NOE	9.510000e-01	8.214914e-01	2.289834e-05	1.876937e+00	6.900000e-02
1	14	NOE	8.590000e-01	8.214914e-01	3.670896e-05	4.688579e-01	8.000000e-02
1	15	NOE	8.370000e-01	8.214914e-01	2.493606e-05	1.723182e-01	9.000000e-02
1	16	NOE	8.450000e-01	8.214914e-01	3.329620e-05	2.641420e-01	8.900000e-02
1	17	NOE	8.830000e-01	8.214914e-01	2.422902e-05	1.042519e+00	5.900000e-02
1	18	NOE	8.090000e-01	8.090000e-01	1.164239e-08	6.202363e-16	1.790000e-01
1	19	NOE	7.620000e-01	7.620000e-01	5.308751e-09	-6.530724e-16	1.700000e-01
1	20	NOE	8.890000e-01	8.214914e-01	3.951940e-05	4.688100e-01	1.440000e-01
1	21	NOE	6.260000e-01	6.260000e-01	2.886514e-09	-1.520853e-15	7.300000e-02
1	22	NOE	8.330000e-01	8.214914e-01	3.016914e-05	9.921238e-02	1.160000e-01
1	23	NOE	6.600000e-01	6.600000e-01	3.187506e-09	0.000000e+00	8.600000e-02
1	24	NOE	7.870000e-01	7.870000e-01	6.990345e-09	0.000000e+00	1.590000e-01
1	25	NOE	3.110000e-01	3.110000e-01	1.724337e-09	2.952721e-15	9.400000e-02
1	26	NOE	7.450000e-01	7.450000e-01	4.673456e-09	1.067522e-15	1.040000e-01
1	27	NOE	8.140000e-01	8.140000e-01	1.504152e-08	1.018553e-15	1.090000e-01
1	28	NOE	5.770000e-01	5.770000e-01	2.567409e-09	-1.002483e-07	6.900000e-02
1	29	NOE	7.330000e-01	7.330000e-01	4.339554e-09	1.586033e-15	7.000000e-02
1	30	NOE	6.950000e-01	6.950000e-01	3.615079e-09	-3.055660e-15	1.090000e-01
1	31	NOE	7.290000e-01	7.290000e-01	4.242890e-09	0.000000e+00	1.060000e-01
1	32	NOE	7.780000e-01	7.780000e-01	6.219344e-09	-1.018553e-15	1.090000e-01
1	33	NOE	6.760000e-01	6.760000e-01	3.363956e-09	-1.321694e-15	8.400000e-02
1	34	NOE	7.320000e-01	7.320000e-01	4.314785e-09	0.000000e+00	7.100000e-02
1	35	NOE	7.090000e-01	7.090000e-01	3.839141e-09	2.176908e-15	1.020000e-01
1	36	NOE	7.580000e-01	7.580000e-01	5.136649e-09	-4.243919e-08	4.400000e-02
1	37	NOE	9.140000e-01	8.214914e-01	3.259898e-05	7.227237e-01	1.280000e-01
1	38	NOE	7.060000e-01	7.060000e-01	3.787745e-09	-4.420527e-08	7.600000e-02
1	39	NOE	8.690000e-01	8.214914e-01	2.912421e-05	5.398709e-01	8.800000e-02
1	40	NOE	9.320000e-01	8.214914e-01	4.887212e-05	1.300102e+00	8.500000e-02
1	41	NOE	8.530000e-01	8.214914e-01	2.203940e-05	3.796221e-01	8.300000e-02
1	42	NOE	8.750000e-01	8.214914e-01	3.194670e-05	6.370076e-01	8.400000e-02
1	43	NOE	8.910000e-01	8.214914e-01	3.780185e-05	9.653977e-01	7.200000e-02
1	44	NOE	7.980000e-01	7.980000e-01	8.480021e-09	0.000000e+00	1.090000e-01
1	45	NOE	6.830000e-01	6.830000e-01	3.450499e-09	0.000000e+00	8.500000e-02
1	46	NOE	7.840000e-01	7.840000e-01	6.702740e-09	0.000000e+00	8.100000e-02
1	47	NOE	7.990000e-01	7.990000e-01	8.667389e-09	0.000000e+00	1.010000e-01
1	48	NOE	8.260000e-01	8.214914e-01	2.958264e-05	8.506862e-02	5.300000e-02
1	49	NOE	7.940000e-01	7.940000e-01	7.835600e-09	0.000000e+00	8.500000e-02
1	50	NOE	7.760000e-01	7.760000e-01	6.079823e-09	1.387779e-15	8.000000e-02
1	51	NOE	8.000000e-01	8.000000e-01	8.867666e-09	-1.370646e-15	8.100000e-02
1	52	NOE	7.990000e-01	7.990000e-01	8.667389e-09	0.000000e+00	8.300000e-02
1	53	NOE	7.100000e-01	7.100000e-01	3.856728e-09	0.000000e+00	9.200000e-02
1	54	NOE	8.510000e-01	8.214914e-01	3.793847e-05	1.916145e-01	1.540000e-01
1	55	NOE	6.870000e-01	6.870000e-01	3.502928e-09	0.000000e+00	9.600000e-02
1	56	NOE	7.130000e-01	7.130000e-01	3.910931e-09	1.009294e-15	1.100000e-01
1	57	NOE	8.080000e-01	8.080000e-01	1.120145e-08	-6.264871e-09	6.400000e-02
1	58	NOE	8.520000e-01	8.214914e-01	2.843032e-05	4.014294e-01	7.600000e-02
1	59	NOE	6.420000e-01	6.420000e-01	3.017620e-09	-6.867122e-08	7.500000e-02
1	60	NOE	8.530000e-01	8.214914e-01	2.203940e-05	2.838616e-01	1.110000e-01
1	61	NOE	7.540000e-01	7.540000e-01	4.980018e-09	-2.155762e-08	9.200000e-02
1	62	NOE	8.810000e-01	8.214914e-01	5.595897e-05	5.834180e-01	1.020000e-01
1	63	NOE	7.740000e-01	7.740000e-01	5.949183e-09	-3.172066e-15	3.500000e-02
1	64	NOE	8.950000e-01	8.214914e-01	2.568227e-05	4.273758e-01	1.720000e-01
1	65	NOE	8.460000e-01	8.214914e-01	3.993826e-05	3.224820e-01	7.600000e-02
1	66	NOE	8.170000e-01	8.170000e-01	1.943202e-08	0.000000e+00	9.200000e-02
1	67	NOE	7.000000e-01	7.000000e-01	3.690679e-09	-3.754931e-08	9.400000e-02
1	68	NOE	8.820000e-01	8.214914e-01	2.711929e-05	1.512716e+00	4.000000e-02
1	69	NOE	8.040000e-01	8.040000e-01	9.833541e-09	0.000000e+00	7.700000e-02
1	70	NOE	7.020000e-01	7.020000e-01	3.722227e-09	-4.085890e-08	8.500000e-02
1	71	NOE	7.640000e-01	7.640000e-01	5.401433e-09	1.009294e-15	1.100000e-01
1	72	NOE	7.270000e-01	7.270000e-01	4.196861e-09	1.233581e-15	9.000000e-02
1	73	NOE	8.100000e-01	8.100000e-01	1.213965e-08	6.608470e-16	1.680000e-01
1	74	NOE	7.470000e-01	7.470000e-01	4.736775e-09	-6.728624e-16	1.650000e-01
1	75	NOE	8.470000e-01	8.214914e-01	2.961577e-05	6.540676e-01	3.900000e-02
1	76	NOE	7.510000e-01	7.510000e-01	4.871360e-09	-5.023634e-16	2.210000e-01
1	77	NOE	6.660000e-01	6.660000e-01	3.250511e-09	-8.474985e-16	1.310000e-01
1	78	NOE	4.950000e-01	4.950000e-01	2.201741e-09	0.000000e+00	6.900000e-02
1	79	NOE	5.620000e-01	5.620000e-01	2.488015e-09	-3.314099e-15	6.700000e-02
1	80	NOE	7.920000e-01	7.920000e-01	7.563670e-09	-8.410780e-16	1.320000e-01
1	81	NOE	6.720000e-01	6.720000e-01	3.317228e-09	-1.181088e-15	9.400000e-02
1	82	NOE	9.570000e-01	8.214914e-01	3.442723e-05	1.315618e+00	1.030000e-01
1	83	NOE	7.830000e-01	7.830000e-01	6.614409e-09	-1.480297e-15	7.500000e-02
1	84	NOE	8.390000e-01	8.214914e-01	2.590578e-05	1.435134e-01	1.220000e-01
1	85	NOE	8.470000e-01	8.214914e-01	2.961577e-05	6.540676e-01	3.900000e-02
1	86	NOE	8.040000e-01	8.040000e-01	9.833541e-09	0.000000e+00	1.050000e-01
1	87	NOE	7.030000e-01	7.030000e-01	3.738298e-09	1.306145e-15	8.500000e-02
1	88	NOE	8.940000e-01	8.214914e-01	2.769248e-05	6.532310e-01	1.110000e-01
1	89	NOE	6.570000e-01	6.570000e-01	3.157290e-09	-1.820038e-15	1.220000e-01
1	90	NOE	7.990000e-01	7.990000e-01	8.667389e-09	0.000000e+00	8.100000e-02
1	91	NOE	6.560000e-01	6.560000e-01	3.147399e-09	-1.480297e-15	7.500000e-02
1	92	NOE	9.500000e-01	8.214914e-01	2.683907e-05	1.412183e+00	9.100000e-02
1	93	NOE	7.870000e-01	7.870000e-01	6.990345e-09	0.000000e+00	1.570000e-01
1	94	NOE	8.220000e-01	8.214914e-01	2.648491e-05	5.846404e-03	8.700000e-02
1	95	NOE	8.220000e-01	8.214914e-01	2.648491e-05	5.846404e-03	8.700000e-02
1	96	NOE	8.490000e-01	8.214914e-01	4.010014e-05	2.331240e-01	1.180000e-01
1	97	NOE	8.470000e-01	8.214914e-01	2.961577e-05	3.312810e-01	7.700000e-02
1	98	NOE	7.260000e-01	7.260000e-01	4.174387e-09	0.000000e+00	7.300000e-02
1	99	NOE	6.560000e-01	6.560000e-01	3.147399e-09	-1.206764e-15	9.200000e-02
1	100	NOE	6.400000e-01	6.400000e-01	3.000301e-09	-1.321694e-15	8.400000e-02
1	101	NOE	7.360000e-01	7.360000e-01	4.416434e-09	-1.156482e-15	9.600000e-02
1	102	NOE	5.450000e-01	5.450000e-01	2.405821e-09	-1.734723e-15	6.400000e-02


2	2	R1	2.449180e+00	2.449180e+00	6.332391e-09	-1.263372e-15	3.515109e-01
2	3	R1	2.067825e+00	2.067825e+00	8.108700e-09	0.000000e+00	8.380762e-02
2	4	R1	2.101282e+00	2.101282e+00	7.934954e-09	5.526246e-15	8.036001e-02
2	5	R1	2.037905e+00	2.037905e+00	8.267803e-09	1.549720e-14	2.865609e-02
2	6	R1	2.040816e+00	2.040816e+00	8.252162e-09	-7.726509e-15	5.747605e-02
2	7	R1	2.079434e+00	2.079434e+00	8.047923e-09	0.000000e+00	6.399590e-02
2	8	R1	2.095118e+00	2.095118e+00	7.966642e-09	3.016393e-07	7.637767e-02
2	9	R1	2.095557e+00	2.095557e+00	7.964380e-09	0.000000e+00	6.982264e-02
2	10	R1	2.089864e+00	2.089864e+00	7.993767e-09	0.000000e+00	6.245571e-02
2	11	R1	2.083333e+00	2.083333e+00	8.027630e-09	0.000000e+00	2.604167e-02
2	12	R1	2.043318e+00	2.043318e+00	8.238747e-09	3.510391e-15	1.265070e-01
2	13	R1	2.129472e+00	2.129472e+00	7.791794e-09	6.995171e-15	6.348511e-02
2	14	R1	2.084636e+00	2.084636e+00	8.020861e-09	4.341571e-07	5.301764e-02
2	15	R1	2.119093e+00	2.119093e+00	7.844168e-09	0.000000e+00	6.286777e-02
2	16	R1	2.076843e+00	2.076843e+00	8.061443e-09	-7.199905e-15	6.167987e-02
2	17	R1	2.104377e+00	2.104377e+00	7.919093e-09	0.000000e+00	4.295551e-02
2	18	R1	2.044990e+00	2.044990e+00	8.229800e-09	-3.539702e-15	1.254595e-01
2	19	R1	2.100840e+00	2.100840e+00	7.937219e-09	1.587337e-07	1.452051e-01
2	20	R1	2.182453e+00	2.182453e+00	7.530207e-09	0.000000e+00	1.176486e-01
2	21	R1	1.983340e+00	1.983340e+00	8.567680e-09	0.000000e+00	4.995719e-02
2	22	R1	1.956564e+00	1.956564e+00	8.719732e-09	0.000000e+00	7.694569e-02
2	23	R1	2.120891e+00	2.120891e+00	7.835069e-09	-6.170404e-15	7.197084e-02
2	24	R1	2.132651e+00	2.132651e+00	7.775829e-09	3.254689e-15	1.364460e-01
2	25	R1	1.793400e+00	1.793400e+00	9.726957e-09	6.333726e-15	7.011500e-02
2	26	R1	2.072109e+00	2.072109e+00	8.086208e-09	-5.304082e-15	8.372593e-02
2	27	R1	1.945147e+00	1.945147e+00	8.785604e-09	-6.310336e-15	7.037489e-02
2	28	R1	2.100399e+00	2.100399e+00	7.939483e-09	-8.052979e-15	5.514595e-02
2	29	R1	2.051703e+00	2.051703e+00	8.193980e-09	-8.791440e-15	5.051382e-02
2	30	R1	2.067825e+00	2.067825e+00	8.108700e-09	0.000000e+00	8.936628e-02
2	31	R1	2.078570e+00	2.078570e+00	8.052431e-09	-5.244268e-15	8.468088e-02
2	32	R1	2.079434e+00	2.079434e+00	8.047923e-09	0.000000e+00	7.999488e-02
2	33	R1	2.053810e+00	2.053810e+00	8.182776e-09	0.000000e+00	6.453746e-02
2	34	R1	2.118644e+00	2.118644e+00	7.846443e-09	7.978707e-15	5.565929e-02
2	35	R1	2.064410e+00	2.064410e+00	8.126679e-09	0.000000e+00	7.756452e-02
2	36	R1	2.107482e+00	2.107482e+00	7.903221e-09	1.281882e-14	3.464353e-02
2	37	R1	2.080300e+00	2.080300e+00	8.043415e-09	4.863355e-15	9.131334e-02
2	38	R1	2.116402e+00	2.116402e+00	7.857810e-09	0.000000e+00	6.136446e-02
2	39	R1	2.120441e+00	2.120441e+00	7.837344e-09	0.000000e+00	6.429666e-02
2	40	R1	2.075981e+00	2.075981e+00	8.065947e-09	0.000000e+00	5.904284e-02
2	41	R1	2.092050e+00	2.092050e+00	7.982469e-09	1.399549e-14	6.346177e-02
2	42	R1	2.135383e+00	2.135383e+00	7.762134e-09	0.000000e+00	6.247011e-02
2	43	R1	2.079434e+00	2.079434e+00	8.047923e-09	-8.630438e-15	5.145616e-02
2	44	R1	2.060581e+00	2.060581e+00	8.146889e-09	0.000000e+00	8.491989e-02
2	45	R1	2.112825e+00	2.112825e+00	7.875986e-09	5.992874e-15	7.410288e-02
2	46	R1	2.129019e+00	2.129019e+00	7.794074e-09	0.000000e+00	6.119172e-02
2	47	R1	2.069536e+00	2.069536e+00	8.099706e-09	0.000000e+00	7.752196e-02
2	48	R1	2.078570e+00	2.078570e+00	8.052431e-09	-1.181467e-14	3.758794e-02
2	49	R1	1.990842e+00	1.990842e+00	8.525671e-09	-3.811090e-15	5.826275e-02
2	50	R1	1.835873e+00	1.835873e+00	9.450232e-09	-4.305896e-15	5.156757e-02
2	51	R1	2.012477e+00	2.012477e+00	8.405935e-09	-7.614576e-15	5.832094e-02
2	52	R1	2.093802e+00	2.093802e+00	7.973426e-09	-7.503521e-15	5.918411e-02
2	53	R1	1.869159e+00	1.869159e+00	9.240882e-09	-3.611063e-15	6.149009e-02
2	54	R1	2.109705e+00	2.109705e+00	7.891877e-09	0.000000e+00	1.219534e-01
2	55	R1	2.161228e+00	2.161228e+00	7.633877e-09	-1.044787e-14	8.501046e-02
2	56	R1	2.162630e+00	2.162630e+00	7.626983e-09	0.000000e+00	8.979778e-02
2	57	R1	2.075119e+00	2.075119e+00	8.070451e-09	0.000000e+00	4.736732e-02
2	58	R1	2.063558e+00	2.063558e+00	8.131171e-09	0.000000e+00	5.195089e-02
2	59	R1	2.080300e+00	2.080300e+00	8.043415e-09	8.144190e-15	5.452834e-02
2	60	R1	2.094680e+00	2.094680e+00	7.968903e-09	0.000000e+00	8.073335e-02
2	61	R1	2.114165e+00	2.114165e+00	7.869172e-09	-6.288331e-15	7.062115e-02
2	62	R1	2.111041e+00	2.111041e+00	7.885068e-09	6.429028e-15	6.907564e-02
2	63	R1	2.083333e+00	2.083333e+00	8.027630e-09	0.000000e+00	2.604167e-02
2	64	R1	2.119542e+00	2.119542e+00	7.841894e-09	3.385347e-15	1.311798e-01
2	65	R1	2.089864e+00	2.089864e+00	7.993767e-09	4.321840e-07	5.328389e-02
2	66	R1	2.104377e+00	2.104377e+00	7.919093e-09	3.772605e-07	6.111196e-02
2	67	R1	2.044154e+00	2.044154e+00	8.234274e-09	-6.441087e-15	6.894631e-02
2	68	R1	2.100840e+00	2.100840e+00	7.937219e-09	1.306753e-14	3.398418e-02
2	69	R1	2.093364e+00	2.093364e+00	7.975687e-09	0.000000e+00	4.338351e-02
2	70	R1	2.062706e+00	2.062706e+00	8.135663e-09	7.005017e-15	6.339588e-02
2	71	R1	2.175805e+00	2.175805e+00	7.562520e-09	0.000000e+00	8.474088e-02
2	72	R1	2.141786e+00	2.141786e+00	7.730146e-09	2.980675e-07	7.752450e-02
2	73	R1	2.122692e+00	2.122692e+00	7.825966e-09	-3.189613e-15	1.392298e-01
2	74	R1	2.026342e+00	2.026342e+00	8.330275e-09	0.000000e+00	1.272880e-01
2	75	R1	2.047921e+00	2.047921e+00	8.214135e-09	-1.629035e-14	2.726088e-02
2	76	R1	2.167317e+00	2.167317e+00	7.603985e-09	0.000000e+00	1.902391e-01
2	77	R1	1.916443e+00	1.916443e+00	8.954053e-09	0.000000e+00	8.851337e-02
2	78	R1	2.110150e+00	2.110150e+00	7.889608e-09	1.445422e-14	6.144771e-02
2	79	R1	2.113718e+00	2.113718e+00	7.871443e-09	0.000000e+00	5.450721e-02
2	80	R1	2.664535e+00	2.664535e+00	5.459288e-09	2.936620e-15	1.512246e-01
2	81	R1	2.221235e+00	2.221235e+00	7.344468e-09	0.000000e+00	7.647522e-02
2	82	R1	2.127207e+00	2.127207e+00	7.803191e-09	0.000000e+00	6.832764e-02
2	83	R1	2.152389e+00	2.152389e+00	7.677484e-09	0.000000e+00	5.883629e-02
2	84	R1	2.285192e+00	2.285192e+00	7.047754e-09	0.000000e+00	1.002644e-01
2	85	R1	2.049180e+00	2.049180e+00	8.207419e-09	0.000000e+00	2.729441e-02
2	86	R1	2.118195e+00	2.118195e+00	7.848717e-09	1.131176e-14	7.851815e-02
2	87	R1	2.138580e+00	2.138580e+00	7.746146e-09	6.838028e-15	6.494405e-02
2	88	R1	2.069536e+00	2.069536e+00	8.099706e-09	0.000000e+00	9.336899e-02
2	89	R1	2.063132e+00	2.063132e+00	8.133417e-09	2.419958e-07	9.492024e-02
2	90	R1	2.156102e+00	2.156102e+00	7.659135e-09	3.855509e-07	5.996920e-02
2	91	R1	2.067825e+00	2.067825e+00	8.108700e-09	8.177849e-15	5.430391e-02
2	92	R1	2.135839e+00	2.135839e+00	7.759851e-09	6.622405e-15	6.705861e-02
2	93	R1	2.112379e+00	2.112379e+00	7.878257e-09	-3.741494e-15	1.186930e-01
2	94	R1	2.104820e+00	2.104820e+00	7.916827e-09	0.000000e+00	6.158072e-02
2	95	R1	2.104820e+00	2.104820e+00	7.916827e-09	0.000000e+00	6.158072e-02
2	96	R1	2.104377e+00	2.104377e+00	7.919093e-09	-1.028534e-14	8.635386e-02
2	97	R1	2.159361e+00	2.159361e+00	7.643065e-09	0.000000e+00	5.595407e-02
2	98	R1	2.088119e+00	2.088119e+00	8.002802e-09	-8.417333e-15	5.275890e-02
2	99	R1	2.002804e+00	2.002804e+00	8.459215e-09	0.000000e+00	6.377845e-02
2	100	R1	2.070393e+00	2.070393e+00	8.095208e-09	7.244834e-15	6.129736e-02
2	101	R1	1.998002e+00	1.998002e+00	8.485816e-09	-3.708149e-15	5.988018e-02
2	102	R1	1.562988e+00	1.562988e+00	5.361639e-10	-8.494639e-15	2.613938e-02


