2	8.688097e+00	7.925719e-01	3.900000e-01	2.160000e-01	2.522704e+00	2.870181e-01	1.559905e-01	
3	1.396648e+01	5.656815e-01	5.920000e-01	1.180000e-01	1.840943e+00	7.896532e-02	7.613814e-02	
4	1.088139e+01	5.209807e-01	6.380000e-01	1.580000e-01	1.709986e+00	9.356970e-02	6.274846e-02	
5	1.076426e+01	3.012603e-01	6.940000e-01	1.240000e-01	1.678134e+00	6.448946e-02	5.205349e-02	
6	1.083424e+01	4.225704e-01	7.200000e-01	1.200000e-01	1.618123e+00	6.702904e-02	4.592735e-02	
7	1.101322e+01	2.789691e-01	7.110000e-01	8.700000e-02	1.619958e+00	4.697432e-02	4.745734e-02	
8	1.092896e+01	3.941593e-01	7.950000e-01	1.270000e-01	1.639076e+00	6.340302e-02	3.406079e-02	
9	1.116071e+01	3.238600e-01	7.530000e-01	1.000000e-01	1.658925e+00	5.283902e-02	4.153608e-02	
10	1.144165e+01	2.880049e-01	7.930000e-01	9.300000e-02	1.640958e+00	4.712302e-02	3.443259e-02	
11	1.112347e+01	2.103437e-01	8.010000e-01	6.100000e-02	1.643115e+00	3.293790e-02	3.314538e-02	
12	1.170960e+01	2.879410e-01	8.240000e-01	9.500000e-02	1.605910e+00	5.028945e-02	2.865073e-02	
13	1.153403e+01	2.793709e-01	7.560000e-01	6.300000e-02	1.627869e+00	3.497944e-02	4.026347e-02	
14	1.061571e+01	2.930026e-01	7.400000e-01	8.600000e-02	1.658100e+00	4.976224e-02	4.370044e-02	
15	1.164144e+01	3.659127e-01	7.800000e-01	1.050000e-01	1.709110e+00	6.163427e-02	3.811487e-02	
16	1.149425e+01	3.038711e-01	8.180000e-01	9.500000e-02	1.606942e+00	4.777186e-02	2.964650e-02	
17	1.083424e+01	1.760710e-01	7.430000e-01	5.100000e-02	1.671123e+00	2.792652e-02	4.353548e-02	
18	1.396648e+01	9.167941e-01	7.640000e-01	2.100000e-01	1.577038e+00	1.076893e-01	3.772733e-02	
19	9.737098e+00	6.257532e-01	8.520000e-01	1.980000e-01	1.675884e+00	1.126243e-01	2.514245e-02	
20	1.061571e+01	4.958506e-01	8.250000e-01	1.500000e-01	1.805054e+00	9.742079e-02	3.202065e-02	
21	9.775171e+00	2.006633e-01	7.240000e-01	6.800000e-02	1.593118e+00	3.477093e-02	4.457166e-02	
22	8.896797e+00	3.007814e-01	6.640000e-01	1.020000e-01	1.609010e+00	5.902725e-02	5.480245e-02	
23	8.467401e+00	2.509390e-01	7.700000e-01	8.600000e-02	1.759015e+00	5.260027e-02	4.101089e-02	
24	1.383126e+01	6.886934e-01	6.810000e-01	1.400000e-01	1.777146e+00	1.020114e-01	5.746661e-02	
25	7.326007e+00	2.790860e-01	3.510000e-01	9.200000e-02	1.650982e+00	6.514525e-02	1.086148e-01	
26	7.704160e+00	3.086412e-01	6.270000e-01	1.010000e-01	1.811922e+00	7.583875e-02	6.850942e-02	
27	8.826125e+00	2.882318e-01	6.730000e-01	9.500000e-02	1.631055e+00	5.480303e-02	5.406526e-02	
28	9.285051e+00	2.413941e-01	6.270000e-01	7.100000e-02	1.754078e+00	4.645954e-02	6.632231e-02	
29	9.615385e+00	2.311391e-01	7.570000e-01	7.800000e-02	1.717918e+00	4.899061e-02	4.231658e-02	
30	1.028807e+01	5.186371e-01	7.110000e-01	1.440000e-01	1.652073e+00	8.597441e-02	4.839818e-02	
31	1.090513e+01	3.805496e-01	7.440000e-01	1.050000e-01	1.668892e+00	6.433812e-02	4.330819e-02	
32	1.113586e+01	3.596212e-01	7.440000e-01	1.110000e-01	1.660027e+00	6.475867e-02	4.307813e-02	
33	1.083424e+01	2.934517e-01	8.040000e-01	9.300000e-02	1.623904e+00	4.878568e-02	3.226400e-02	
34	1.137656e+01	2.976803e-01	8.670000e-01	8.400000e-02	1.702128e+00	4.751471e-02	2.294804e-02	
35	1.177856e+01	3.607098e-01	7.260000e-01	9.600000e-02	1.649077e+00	5.411712e-02	4.580292e-02	
36	1.118568e+01	3.503346e-01	8.680000e-01	1.030000e-01	1.680955e+00	5.877267e-02	2.249219e-02	
37	1.176471e+01	4.844291e-01	8.730000e-01	1.320000e-01	1.661958e+00	7.181470e-02	2.139565e-02	
38	1.138952e+01	3.113309e-01	8.030000e-01	8.900000e-02	1.678134e+00	5.012718e-02	3.351156e-02	
39	1.122334e+01	3.023123e-01	8.100000e-01	9.000000e-02	1.696065e+00	5.264246e-02	3.266615e-02	
40	1.142857e+01	3.395918e-01	7.270000e-01	9.100000e-02	1.632120e+00	5.167803e-02	4.516652e-02	
41	1.082251e+01	3.396675e-01	7.870000e-01	9.900000e-02	1.642036e+00	5.608268e-02	3.545391e-02	
42	1.116071e+01	3.114039e-01	7.650000e-01	9.000000e-02	1.692047e+00	5.153444e-02	4.030716e-02	
43	1.150748e+01	2.648442e-01	8.360000e-01	7.100000e-02	1.639882e+00	3.899358e-02	2.726203e-02	
44	1.076426e+01	3.823689e-01	8.340000e-01	1.090000e-01	1.600000e+00	6.016000e-02	2.692340e-02	
45	1.121076e+01	3.393392e-01	8.240000e-01	9.500000e-02	1.652073e+00	5.513280e-02	2.947432e-02	
46	1.096491e+01	2.765274e-01	8.200000e-01	7.700000e-02	1.661130e+00	4.635710e-02	3.030944e-02	
47	1.193317e+01	4.556821e-01	7.440000e-01	1.050000e-01	1.616031e+00	6.476660e-02	4.193643e-02	
48	1.114827e+01	1.864260e-01	7.190000e-01	5.000000e-02	1.622060e+00	2.920497e-02	4.620352e-02	
49	1.019368e+01	2.597778e-01	7.500000e-01	9.900000e-02	1.572080e+00	4.844013e-02	3.983974e-02	
50	7.680492e+00	2.064648e-01	5.080000e-01	7.400000e-02	1.501953e+00	4.511723e-02	7.490713e-02	
51	8.849558e+00	2.819328e-01	6.320000e-01	8.100000e-02	1.645007e+00	5.926248e-02	6.136454e-02	
52	7.347539e+00	2.159453e-01	5.240000e-01	7.400000e-02	1.817851e+00	5.419517e-02	8.771364e-02	
53	7.968127e+00	2.793606e-01	6.640000e-01	1.100000e-01	1.614987e+00	5.998822e-02	5.500601e-02	
54	8.496177e+00	4.042361e-01	7.040000e-01	1.320000e-01	1.728907e+00	8.190190e-02	5.187585e-02	
55	8.865248e+00	2.829335e-01	6.820000e-01	8.500000e-02	1.791152e+00	6.063544e-02	5.773795e-02	
56	9.852217e+00	3.106118e-01	8.220000e-01	9.900000e-02	1.774938e+00	5.765240e-02	3.202617e-02	
57	1.094092e+01	2.872889e-01	7.850000e-01	8.500000e-02	1.646091e+00	4.904401e-02	3.587517e-02	
58	1.030928e+01	2.550749e-01	7.580000e-01	8.100000e-02	1.624959e+00	4.277599e-02	3.986206e-02	
59	1.109878e+01	2.463658e-01	7.930000e-01	9.300000e-02	1.623113e+00	4.267884e-02	3.405814e-02	
60	1.097695e+01	4.337762e-01	8.260000e-01	1.100000e-01	1.632120e+00	6.446435e-02	2.878745e-02	
61	1.144165e+01	3.927339e-01	8.110000e-01	1.100000e-01	1.647989e+00	5.920595e-02	3.157316e-02	
62	1.038422e+01	3.019294e-01	7.200000e-01	9.800000e-02	1.653986e+00	4.978919e-02	4.694526e-02	
63	1.104972e+01	2.075639e-01	8.010000e-01	6.100000e-02	1.639882e+00	3.307732e-02	3.308015e-02	
64	1.169591e+01	7.660477e-01	8.360000e-01	2.010000e-01	1.639076e+00	1.114926e-01	2.724863e-02	
65	1.082251e+01	2.811042e-01	7.760000e-01	8.700000e-02	1.652073e+00	4.803650e-02	3.751277e-02	
66	1.068376e+01	2.967711e-01	8.770000e-01	1.040000e-01	1.633987e+00	4.992738e-02	2.037303e-02	
67	1.104972e+01	3.174506e-01	8.370000e-01	1.060000e-01	1.606942e+00	5.035412e-02	2.655154e-02	
68	1.158749e+01	3.088206e-01	8.560000e-01	8.700000e-02	1.663063e+00	4.729483e-02	2.427578e-02	
69	1.064963e+01	1.587804e-01	7.170000e-01	5.600000e-02	1.668892e+00	3.091572e-02	4.787585e-02	
70	1.118568e+01	2.752629e-01	8.230000e-01	8.900000e-02	1.627075e+00	4.712321e-02	2.919326e-02	
71	1.101322e+01	3.517437e-01	8.240000e-01	1.040000e-01	1.724138e+00	6.212842e-02	3.076001e-02	
72	1.072961e+01	4.604984e-01	8.100000e-01	1.330000e-01	1.696929e+00	8.120378e-02	3.268278e-02	
73	1.234568e+01	8.078037e-01	6.870000e-01	1.780000e-01	1.724138e+00	1.141498e-01	5.470389e-02	
74	1.234568e+01	6.858711e-01	7.000000e-01	1.580000e-01	1.661958e+00	1.002644e-01	5.054091e-02	
75	1.031992e+01	2.875519e-01	7.070000e-01	7.600000e-02	1.734906e+00	4.544949e-02	5.152826e-02	
76	2.336449e+01	2.565726e+00	6.440000e-01	2.290000e-01	1.787949e+00	1.834942e-01	6.452188e-02	
77	9.680542e+00	3.373664e-01	6.430000e-01	1.040000e-01	1.686056e+00	6.652119e-02	6.101577e-02	
78	8.748906e+00	2.602474e-01	6.820000e-01	8.800000e-02	1.817851e+00	5.849113e-02	5.859861e-02	
79	1.127396e+01	2.796246e-01	6.690000e-01	8.200000e-02	1.782849e+00	4.958539e-02	5.981972e-02	
80	1.153403e+01	4.656181e-01	8.160000e-01	1.360000e-01	2.596054e+00	1.442252e-01	4.842096e-02	
81	1.317523e+01	3.818907e-01	8.320000e-01	1.140000e-01	1.951981e+00	6.934620e-02	3.324197e-02	
82	1.114827e+01	3.728519e-01	7.090000e-01	1.090000e-01	1.743983e+00	6.691251e-02	5.144429e-02	
83	1.443001e+01	4.372732e-01	7.310000e-01	9.700000e-02	1.804077e+00	6.314108e-02	4.919367e-02	
84	1.218027e+01	5.489280e-01	6.850000e-01	1.490000e-01	2.053810e+00	1.227477e-01	6.558018e-02	
85	1.107420e+01	2.330119e-01	7.830000e-01	7.700000e-02	1.607976e+00	3.930090e-02	3.537049e-02	
86	1.644737e+01	6.221866e-01	7.290000e-01	1.010000e-01	1.655081e+00	6.053839e-02	4.546638e-02	
87	1.222494e+01	3.586779e-01	8.080000e-01	1.020000e-01	1.694915e+00	5.486929e-02	3.298763e-02	
88	1.200480e+01	3.746997e-01	8.110000e-01	8.300000e-02	1.610047e+00	4.743818e-02	3.084623e-02	
89	1.187648e+01	5.642035e-01	7.340000e-01	1.650000e-01	1.627869e+00	9.062856e-02	4.389378e-02	
90	1.044932e+01	3.166461e-01	8.100000e-01	9.900000e-02	1.702997e+00	4.988344e-02	3.279966e-02	
91	1.097695e+01	2.409868e-01	8.660000e-01	8.300000e-02	1.621008e+00	4.151715e-02	2.201871e-02	
92	1.124859e+01	3.163272e-01	7.450000e-01	9.200000e-02	1.623904e+00	4.746715e-02	4.197612e-02	
93	1.176471e+01	5.951557e-01	8.100000e-01	1.690000e-01	1.665002e+00	9.286972e-02	3.206787e-02	
94	1.068376e+01	2.625283e-01	8.500000e-01	8.000000e-02	1.702128e+00	4.577637e-02	2.588125e-02	
95	1.067236e+01	2.961380e-01	7.910000e-01	8.800000e-02	1.682935e+00	5.126409e-02	3.565459e-02	
96	1.264223e+01	4.794776e-01	7.240000e-01	1.200000e-01	1.696929e+00	7.227712e-02	4.747604e-02	
97	1.053741e+01	2.553850e-01	7.170000e-01	8.300000e-02	1.714972e+00	4.705805e-02	4.919775e-02	
98	1.076426e+01	1.853910e-01	6.860000e-01	5.700000e-02	1.661130e+00	3.062880e-02	5.287313e-02	
99	9.930487e+00	2.761208e-01	7.870000e-01	1.000000e-01	1.605910e+00	5.003155e-02	3.467389e-02	
100	1.168224e+01	7.779064e-01	6.380000e-01	2.130000e-01	1.688049e+00	1.117007e-01	6.194345e-02	
101	8.467401e+00	2.724481e-01	3.980000e-01	8.000000e-02	1.663894e+00	5.177173e-02	1.015369e-01	
102	4.852014e+00	9.181394e-02	-1.290000e-01	2.700000e-02	1.403903e+00	2.108909e-02	1.606693e-01	
