3.454976e+00	1.000000e+00	4.515420e-35
3.654618e+00	0.000000e+00	1.080599e-32
3.865797e+00	0.000000e+00	2.892713e-30
4.089177e+00	0.000000e+00	8.508932e-28
4.325466e+00	0.000000e+00	2.691072e-25
4.575409e+00	0.000000e+00	8.913685e-23
4.839794e+00	0.000000e+00	2.996688e-20
5.119456e+00	0.000000e+00	9.851503e-18
5.415278e+00	1.000000e+00	3.030836e-15
5.728194e+00	0.000000e+00	8.287797e-13
6.059192e+00	2.000000e+00	1.896679e-10
6.409315e+00	1.000000e+00	3.387046e-08
6.779671e+00	1.000000e+00	4.351852e-06
7.171427e+00	2.000000e+00	3.662844e-04
7.585820e+00	2.000000e+00	1.812612e-02
8.024158e+00	9.000000e+00	4.657477e-01
8.487826e+00	2.000000e+00	5.387906e+00
8.978285e+00	2.500000e+01	2.383357e+01
9.497086e+00	3.300000e+01	3.344905e+01
1.004586e+01	1.200000e+01	1.203576e+01
1.062635e+01	3.000000e+00	8.709726e-01
1.124039e+01	4.000000e+00	9.615037e-03
1.188990e+01	2.000000e+00	1.182677e-05
1.257695e+01	0.000000e+00	1.134502e-09
1.330369e+01	0.000000e+00	5.662307e-15
1.407243e+01	0.000000e+00	9.294200e-22
1.488559e+01	0.000000e+00	2.984435e-30
1.574574e+01	0.000000e+00	1.041533e-40
1.665559e+01	1.000000e+00	2.032402e-53


3.171453e-01	1.000000e+00	8.960091e-06
3.296789e-01	0.000000e+00	1.848222e-05
3.427078e-01	0.000000e+00	3.845158e-05
3.562516e-01	0.000000e+00	8.058183e-05
3.703306e-01	0.000000e+00	1.698594e-04
3.849660e-01	0.000000e+00	3.595441e-04
4.001798e-01	0.000000e+00	7.627993e-04
4.159949e-01	1.000000e+00	1.618626e-03
4.324350e-01	0.000000e+00	3.427121e-03
4.495248e-01	0.000000e+00	7.221110e-03
4.672900e-01	0.000000e+00	1.509659e-02
4.857572e-01	1.000000e+00	3.121154e-02
5.049543e-01	1.000000e+00	6.357862e-02
5.249101e-01	0.000000e+00	1.270833e-01
5.456545e-01	1.000000e+00	2.481278e-01
5.672187e-01	2.000000e+00	4.708581e-01
5.896351e-01	0.000000e+00	8.636158e-01
6.129374e-01	0.000000e+00	1.521615e+00
6.371607e-01	3.000000e+00	2.558045e+00
6.623412e-01	6.000000e+00	4.072851e+00
6.885169e-01	5.000000e+00	6.091455e+00
7.157270e-01	1.000000e+01	8.481426e+00
7.440125e-01	9.000000e+00	1.088560e+01
7.734158e-01	1.200000e+01	1.273989e+01
8.039811e-01	1.400000e+01	1.343539e+01
8.357543e-01	1.400000e+01	1.260246e+01
8.687833e-01	1.000000e+01	1.036564e+01
9.031175e-01	7.000000e+00	7.360475e+00
9.388086e-01	4.000000e+00	4.435962e+00


1.577496e+00	1.000000e+00	1.786224e-45
1.606782e+00	0.000000e+00	2.173045e-40
1.636610e+00	0.000000e+00	1.632122e-35
1.666993e+00	0.000000e+00	7.306562e-31
1.697940e+00	0.000000e+00	1.879167e-26
1.729461e+00	0.000000e+00	2.671686e-22
1.761567e+00	0.000000e+00	2.016874e-18
1.794269e+00	1.000000e+00	7.750873e-15
1.827579e+00	1.000000e+00	1.451014e-11
1.861507e+00	1.000000e+00	1.263702e-08
1.896064e+00	0.000000e+00	4.879429e-06
1.931264e+00	2.000000e+00	7.943366e-04
1.967116e+00	2.000000e+00	5.172882e-02
2.003634e+00	4.000000e+00	1.275606e+00
2.040831e+00	1.000000e+01	1.124764e+01
2.078717e+00	3.400000e+01	3.340180e+01
2.117307e+00	3.100000e+01	3.138334e+01
2.156614e+00	9.000000e+00	8.740047e+00
2.196650e+00	1.000000e+00	6.739664e-01
2.237429e+00	1.000000e+00	1.340316e-02
2.278966e+00	1.000000e+00	6.382831e-05
2.321273e+00	0.000000e+00	6.736812e-08
2.364366e+00	0.000000e+00	1.453707e-11
2.408259e+00	0.000000e+00	5.895458e-16
2.452967e+00	1.000000e+00	4.115711e-21
2.498505e+00	0.000000e+00	4.513306e-27
2.544888e+00	0.000000e+00	7.066542e-34
2.592132e+00	0.000000e+00	1.430068e-41
2.640253e+00	1.000000e+00	3.371980e-50


9.733225e-03	0.000000e+00	7.153592e-01
1.070125e-02	2.000000e+00	7.997371e-01
1.176555e-02	0.000000e+00	9.014211e-01
1.293570e-02	0.000000e+00	1.024606e+00
1.422224e-02	1.000000e+00	1.174571e+00
1.563672e-02	0.000000e+00	1.357935e+00
1.719188e-02	1.000000e+00	1.582914e+00
1.890171e-02	1.000000e+00	1.859556e+00
2.078160e-02	1.000000e+00	2.199844e+00
2.284845e-02	3.000000e+00	2.617501e+00
2.512086e-02	5.000000e+00	3.127181e+00
2.761927e-02	2.000000e+00	3.742558e+00
3.036617e-02	6.000000e+00	4.472599e+00
3.338626e-02	7.000000e+00	5.315141e+00
3.670672e-02	6.000000e+00	6.247046e+00
4.035741e-02	1.100000e+01	7.211159e+00
4.437119e-02	5.000000e+00	8.102804e+00
4.878416e-02	7.000000e+00	8.763235e+00
5.363603e-02	1.000000e+01	8.993395e+00
5.897044e-02	6.000000e+00	8.603737e+00
6.483539e-02	1.000000e+01	7.504478e+00
7.128365e-02	7.000000e+00	5.805677e+00
7.837322e-02	3.000000e+00	3.849962e+00
8.616789e-02	1.000000e+00	2.098044e+00
9.473778e-02	1.000000e+00	8.919784e-01
1.041600e-01	2.000000e+00	2.775331e-01
1.145193e-01	0.000000e+00	5.842738e-02
1.259089e-01	1.000000e+00	7.559444e-03
1.384313e-01	1.000000e+00	5.343346e-04


1.294779e-01	0.000000e+00	2.059874e-01
1.354244e-01	2.000000e+00	2.749650e-01
1.416441e-01	0.000000e+00	3.673537e-01
1.481495e-01	0.000000e+00	4.906502e-01
1.549536e-01	1.000000e+00	6.543056e-01
1.620702e-01	0.000000e+00	8.699073e-01
1.695137e-01	1.000000e+00	1.151133e+00
1.772990e-01	1.000000e+00	1.513278e+00
1.854419e-01	1.000000e+00	1.972095e+00
1.939588e-01	3.000000e+00	2.541621e+00
2.028668e-01	5.000000e+00	3.230697e+00
2.121840e-01	2.000000e+00	4.038031e+00
2.219291e-01	6.000000e+00	4.946050e+00
2.321217e-01	7.000000e+00	5.914470e+00
2.427825e-01	6.000000e+00	6.875466e+00
2.539328e-01	1.100000e+01	7.733315e+00
2.655953e-01	5.000000e+00	8.371838e+00
2.777934e-01	7.000000e+00	8.672087e+00
2.905518e-01	1.000000e+01	8.539770e+00
3.038961e-01	6.000000e+00	7.936841e+00
3.178533e-01	1.000000e+01	6.906255e+00
3.324514e-01	7.000000e+00	5.576561e+00
3.477201e-01	3.000000e+00	4.137494e+00
3.636900e-01	1.000000e+00	2.790069e+00
3.803933e-01	1.000000e+00	1.689483e+00
3.978638e-01	2.000000e+00	9.064714e-01
4.161367e-01	0.000000e+00	4.246258e-01
4.352488e-01	1.000000e+00	1.708564e-01
4.552387e-01	1.000000e+00	5.799804e-02


