0	2	R2	2.073011e+01	2.073011e+01	1.476514e-08	0.000000e+00	1.074344e+00
0	3	R2	2.048005e+01	2.048005e+01	1.457859e-08	-2.491261e-15	1.426071e+00
0	4	R2	1.982003e+01	1.982003e+01	1.408573e-08	-3.478388e-15	1.021368e+00
0	9	R2	1.967033e+01	1.967033e+01	1.397383e-08	-6.558569e-15	1.083381e+00
0	10	R2	2.172024e+01	2.172024e+01	1.550283e-08	0.000000e+00	9.907148e-01
0	11	R2	2.094022e+01	2.094022e+01	1.492179e-08	4.051053e-15	8.769853e-01
0	12	R2	2.078008e+01	2.078008e+01	1.480240e-08	-1.096994e-14	6.477179e-01
0	13	R2	2.040025e+01	2.040025e+01	1.451904e-08	0.000000e+00	4.577874e-01
0	15	R2	1.856011e+01	1.856011e+01	1.314267e-08	3.437779e-15	1.033433e+00
0	17	R2	2.151000e+01	2.151000e+01	1.534631e-08	0.000000e+00	3.655174e+00
0	19	R2	2.438014e+01	2.438014e+01	1.747837e-08	4.597742e-15	7.727083e-01
0	20	R2	2.116044e+01	2.116044e+01	1.508593e-08	-3.449714e-15	1.029858e+00
0	21	R2	2.172024e+01	2.172024e+01	1.550283e-08	0.000000e+00	6.604766e-01
0	22	R2	2.026014e+01	2.026014e+01	1.441446e-08	5.091273e-15	6.978046e-01
0	23	R2	2.106017e+01	2.106017e+01	1.501120e-08	-5.006296e-15	7.096491e-01
0	24	R2	2.110016e+01	2.110016e+01	1.504101e-08	0.000000e+00	9.794771e-01
0	25	R2	1.222001e+01	1.222001e+01	8.325978e-09	-1.858691e-15	9.557032e-01
0	28	R2	1.856011e+01	1.856011e+01	1.314267e-08	7.366670e-15	4.822686e-01
0	29	R2	2.716063e+01	2.716063e+01	1.953603e-08	0.000000e+00	9.590096e-01
0	30	R2	2.300014e+01	2.300014e+01	1.645445e-08	0.000000e+00	4.761057e-01
0	35	R2	2.336012e+01	2.336012e+01	1.672174e-08	0.000000e+00	1.364238e+00
0	36	R2	2.033016e+01	2.033016e+01	1.446673e-08	0.000000e+00	1.157283e+00
0	37	R2	2.730003e+01	2.730003e+01	1.963903e-08	0.000000e+00	1.714170e+00
0	38	R2	2.238038e+01	2.238038e+01	1.599391e-08	-6.448114e-15	5.509694e-01
0	39	R2	2.081036e+01	2.081036e+01	1.482498e-08	0.000000e+00	7.795276e-01
0	40	R2	2.172024e+01	2.172024e+01	1.550283e-08	0.000000e+00	7.076535e-01
0	41	R2	2.156009e+01	2.156009e+01	1.538360e-08	0.000000e+00	5.578049e-01
0	42	R2	2.136022e+01	2.136022e+01	1.523476e-08	-9.733271e-15	3.650072e-01
0	43	R2	2.076024e+01	2.076024e+01	1.478760e-08	4.848937e-15	7.326789e-01
0	44	R2	1.970016e+01	1.970016e+01	1.399614e-08	-3.269358e-15	1.086670e+00
0	45	R2	2.364010e+01	2.364010e+01	1.692954e-08	-1.986605e-15	1.788334e+00
0	48	R2	2.260040e+01	2.260040e+01	1.615746e-08	-6.624278e-15	1.072634e+00
0	49	R2	1.039004e+01	1.039004e+01	6.897445e-09	-5.142160e-15	3.454495e-01
0	54	R2	9.303018e+00	9.303018e+00	6.035567e-09	0.000000e+00	3.029115e-01
0	56	R2	1.715001e+01	1.715001e+01	1.208312e-08	0.000000e+00	7.941318e-01
0	59	R2	2.064026e+01	2.064026e+01	1.469812e-08	-3.207425e-15	1.107653e+00
0	61	R2	2.308030e+01	2.308030e+01	1.651398e-08	0.000000e+00	1.065400e+00
0	62	R2	2.231047e+01	2.231047e+01	1.594193e-08	0.000000e+00	1.045290e+00
0	63	R2	2.250023e+01	2.250023e+01	1.608300e-08	8.771957e-15	8.100162e-01
0	70	R2	2.606067e+01	2.606067e+01	1.872278e-08	-3.736466e-15	1.901644e+00
0	71	R2	2.639010e+01	2.639010e+01	1.896644e-08	-2.125529e-15	1.671450e+00
0	73	R2	2.181025e+01	2.181025e+01	1.556982e-08	0.000000e+00	5.708244e-01
0	74	R2	2.044028e+01	2.044028e+01	1.454892e-08	0.000000e+00	1.336977e+00
0	80	R2	2.050021e+01	2.050021e+01	1.459363e-08	3.842564e-15	9.245685e-01
0	81	R2	2.137026e+01	2.137026e+01	1.524224e-08	0.000000e+00	1.233058e+00
0	82	R2	2.163004e+01	2.163004e+01	1.543568e-08	3.037425e-15	1.169647e+00
0	83	R2	2.185028e+01	2.185028e+01	1.559961e-08	-4.800809e-15	1.480048e+00
0	84	R2	2.166002e+01	2.166002e+01	1.545801e-08	-5.222450e-15	1.360554e+00
0	85	R2	2.244014e+01	2.244014e+01	1.603834e-08	0.000000e+00	1.258900e+00
0	86	R2	2.377047e+01	2.377047e+01	1.702626e-08	-3.493109e-15	1.017064e+00
0	87	R2	2.228015e+01	2.228015e+01	1.591938e-08	-4.209932e-15	8.438887e-01
0	88	R2	2.268037e+01	2.268037e+01	1.621688e-08	-4.316583e-15	8.230384e-01
0	90	R2	2.099032e+01	2.099032e+01	1.495915e-08	0.000000e+00	5.287124e-01
0	91	R2	2.148043e+01	2.148043e+01	1.532429e-08	-3.666527e-15	1.937918e+00
0	92	R2	1.922005e+01	1.922005e+01	1.363703e-08	-4.808628e-15	7.388207e-01
0	95	R2	2.291003e+01	2.291003e+01	1.638752e-08	0.000000e+00	9.447652e-01
0	96	R2	2.199010e+01	2.199010e+01	1.570365e-08	-4.897950e-15	7.253470e-01
0	97	R2	2.376031e+01	2.376031e+01	1.701872e-08	3.701751e-15	9.597386e-01
0	98	R2	2.347032e+01	2.347032e+01	1.680354e-08	0.000000e+00	1.487311e+00
0	99	R2	2.236036e+01	2.236036e+01	1.597902e-08	3.383634e-15	1.049970e+00
0	100	R2	2.302026e+01	2.302026e+01	1.646939e-08	-6.704090e-15	1.059865e+00
0	101	R2	2.071037e+01	2.071037e+01	1.475041e-08	6.902453e-15	5.147031e-01
0	102	R2	2.248050e+01	2.248050e+01	1.606834e-08	-6.390806e-15	5.559101e-01
0	103	R2	2.251035e+01	2.251035e+01	1.609053e-08	2.504018e-15	1.418805e+00
0	105	R2	2.289010e+01	2.289010e+01	1.637272e-08	6.780546e-15	5.239569e-01
0	106	R2	2.058037e+01	2.058037e+01	1.465344e-08	3.646919e-15	9.741684e-01
0	107	R2	1.979022e+01	1.979022e+01	1.406345e-08	0.000000e+00	4.699835e-01
0	108	R2	2.133015e+01	2.133015e+01	1.521236e-08	0.000000e+00	8.644529e-01
0	109	R2	2.115014e+01	2.115014e+01	1.507826e-08	0.000000e+00	6.262601e-01
0	110	R2	2.184026e+01	2.184026e+01	1.559215e-08	5.517100e-15	1.287892e+00
0	112	R2	2.098019e+01	2.098019e+01	1.495160e-08	-5.566384e-15	1.276489e+00
0	113	R2	2.079002e+01	2.079002e+01	1.480981e-08	-8.652204e-15	8.212274e-01
0	115	R2	2.362000e+01	2.362000e+01	1.691462e-08	0.000000e+00	1.896875e+00
0	116	R2	2.057021e+01	2.057021e+01	1.464586e-08	-1.049525e-14	6.770134e-01
0	117	R2	2.093014e+01	2.093014e+01	1.491428e-08	3.861863e-15	9.199482e-01
0	118	R2	1.972037e+01	1.972037e+01	1.401124e-08	0.000000e+00	6.222285e-01
0	119	R2	2.071037e+01	2.071037e+01	1.475041e-08	1.972129e-15	1.801461e+00
0	120	R2	2.219017e+01	2.219017e+01	1.585247e-08	-3.006268e-15	1.181769e+00
0	121	R2	2.061006e+01	2.061006e+01	1.467559e-08	3.345506e-15	1.061936e+00
0	122	R2	1.963017e+01	1.963017e+01	1.394381e-08	8.381457e-15	8.477557e-01
0	124	R2	1.730014e+01	1.730014e+01	1.219616e-08	0.000000e+00	1.167250e+00
0	125	R2	7.937012e+00	7.937012e+00	4.936747e-09	-2.043323e-15	4.346735e-01
0	126	R2	5.260002e+00	5.260002e+00	2.788533e-09	0.000000e+00	6.723232e-01


1	2	NOE	7.898800e-01	7.898800e-01	4.934680e-09	2.408293e-15	4.610000e-02
1	3	NOE	7.276700e-01	7.276700e-01	3.166362e-09	0.000000e+00	1.170000e-03
1	4	NOE	7.034000e-01	7.034000e-01	2.850555e-09	-7.026728e-14	3.160000e-03
1	9	NOE	6.282400e-01	6.282400e-01	2.253607e-09	1.500910e-15	7.397000e-02
1	10	NOE	8.297600e-01	8.297600e-01	1.530550e-08	0.000000e+00	5.307000e-02
1	11	NOE	7.128200e-01	7.128200e-01	2.961947e-09	0.000000e+00	5.718000e-02
1	12	NOE	6.357700e-01	6.357700e-01	2.297844e-09	-3.301288e-15	3.363000e-02
1	13	NOE	7.192500e-01	7.192500e-01	3.045636e-09	-6.238961e-15	3.559000e-02
1	15	NOE	6.635000e-01	6.635000e-01	2.484854e-09	0.000000e+00	5.561000e-02
1	17	NOE	8.345500e-01	8.344307e-01	2.154203e-05	3.947766e-03	3.023000e-02
1	19	NOE	7.689400e-01	7.689400e-01	4.060861e-09	0.000000e+00	3.385000e-02
1	20	NOE	7.688600e-01	7.688600e-01	4.058348e-09	-1.222847e-15	9.079000e-02
1	21	NOE	7.777700e-01	7.777700e-01	4.369986e-09	2.124829e-15	5.225000e-02
1	22	NOE	7.165900e-01	7.165900e-01	3.010192e-09	7.758372e-15	1.431000e-02
1	23	NOE	7.408300e-01	7.408300e-01	3.386474e-09	0.000000e+00	5.912000e-02
1	24	NOE	6.535100e-01	6.535100e-01	2.412609e-09	0.000000e+00	3.895000e-02
1	25	NOE	5.159900e-01	5.159900e-01	1.790600e-09	0.000000e+00	2.791000e-02
1	28	NOE	7.180800e-01	7.180800e-01	3.029898e-09	0.000000e+00	3.552000e-02
1	29	NOE	5.844500e-01	5.844500e-01	2.036719e-09	-2.067454e-15	5.370000e-02
1	30	NOE	8.276500e-01	8.276500e-01	1.269998e-08	-1.660519e-15	6.686000e-02
1	35	NOE	7.373700e-01	7.373700e-01	3.324318e-09	0.000000e+00	2.509000e-02
1	36	NOE	7.982700e-01	7.982700e-01	5.482247e-09	0.000000e+00	1.321100e-01
1	37	NOE	7.299700e-01	7.299700e-01	3.201831e-09	-4.560288e-08	6.675000e-02
1	38	NOE	8.264000e-01	8.264000e-01	1.166825e-08	0.000000e+00	3.071000e-02
1	39	NOE	5.237100e-01	5.237100e-01	1.814307e-09	-1.487636e-15	7.463000e-02
1	40	NOE	7.185400e-01	7.185400e-01	3.036057e-09	0.000000e+00	5.589000e-02
1	41	NOE	7.449600e-01	7.449600e-01	3.465305e-09	-1.762818e-15	6.298000e-02
1	42	NOE	6.114200e-01	6.114200e-01	2.162893e-09	-9.706444e-16	1.143800e-01
1	43	NOE	7.614200e-01	7.614200e-01	3.842927e-09	0.000000e+00	6.857000e-02
1	44	NOE	6.787900e-01	6.787900e-01	2.608443e-09	0.000000e+00	3.523000e-02
1	45	NOE	6.228300e-01	6.228300e-01	2.223271e-09	-4.795780e-15	4.630000e-02
1	48	NOE	8.107300e-01	8.107300e-01	6.780713e-09	-5.914630e-09	1.188200e-01
1	49	NOE	5.279200e-01	5.279200e-01	1.827601e-09	0.000000e+00	7.276000e-02
1	54	NOE	-2.344000e-01	-2.344000e-01	8.891866e-10	1.498461e-14	4.075000e-02
1	56	NOE	6.932600e-01	6.932600e-01	2.743223e-09	0.000000e+00	2.575000e-02
1	59	NOE	5.741900e-01	5.741900e-01	1.993861e-09	-3.885975e-15	2.857000e-02
1	61	NOE	7.189400e-01	7.189400e-01	3.041443e-09	0.000000e+00	8.581000e-02
1	62	NOE	7.396500e-01	7.396500e-01	3.364897e-09	-4.677603e-08	5.917000e-02
1	63	NOE	8.337700e-01	8.337700e-01	4.071293e-08	0.000000e+00	4.118000e-02
1	70	NOE	7.840000e-01	7.840000e-01	4.635158e-09	-3.964894e-07	3.750000e-03
1	71	NOE	8.303100e-01	8.303100e-01	1.629591e-08	-1.038465e-15	1.069100e-01
1	73	NOE	6.538000e-01	6.538000e-01	2.414623e-09	-1.357407e-15	8.179000e-02
1	74	NOE	6.403500e-01	6.403500e-01	2.325982e-09	6.237208e-15	3.560000e-02
1	80	NOE	6.147200e-01	6.147200e-01	2.179879e-09	-3.200412e-15	3.469000e-02
1	81	NOE	7.204900e-01	7.204900e-01	3.062578e-09	0.000000e+00	7.103000e-02
1	82	NOE	5.899200e-01	5.899200e-01	2.060642e-09	0.000000e+00	4.211000e-02
1	83	NOE	7.475300e-01	7.475300e-01	3.517153e-09	9.182986e-15	1.209000e-02
1	84	NOE	7.949400e-01	7.949400e-01	5.244144e-09	0.000000e+00	4.217000e-02
1	85	NOE	7.675200e-01	7.675200e-01	4.016924e-09	0.000000e+00	3.809000e-02
1	86	NOE	7.698300e-01	7.698300e-01	4.089130e-09	-2.790908e-15	3.978000e-02
1	87	NOE	7.721600e-01	7.721600e-01	4.165976e-09	-3.558407e-14	3.120000e-03
1	88	NOE	7.585100e-01	7.585100e-01	3.767374e-09	0.000000e+00	4.555000e-02
1	90	NOE	7.256900e-01	7.256900e-01	3.136726e-09	0.000000e+00	2.192000e-02
1	91	NOE	6.911800e-01	6.911800e-01	2.722613e-09	3.117728e-15	3.561000e-02
1	92	NOE	6.744800e-01	6.744800e-01	2.571839e-09	-2.505016e-15	4.432000e-02
1	95	NOE	8.365200e-01	8.344307e-01	2.659604e-05	4.536127e-02	4.606000e-02
1	96	NOE	7.927100e-01	7.927100e-01	5.100847e-09	0.000000e+00	8.429000e-02
1	97	NOE	7.491800e-01	7.491800e-01	3.551661e-09	2.640245e-15	4.205000e-02
1	98	NOE	7.671700e-01	7.671700e-01	4.006308e-09	4.974117e-15	2.232000e-02
1	99	NOE	7.992600e-01	7.992600e-01	5.559459e-09	0.000000e+00	9.606000e-02
1	100	NOE	7.921700e-01	7.921700e-01	5.067860e-09	-2.462784e-15	4.508000e-02
1	101	NOE	8.199000e-01	8.199000e-01	8.668380e-09	-1.277587e-15	8.690000e-02
1	102	NOE	7.084600e-01	7.084600e-01	2.908851e-09	-7.461176e-15	1.488000e-02
1	103	NOE	8.089100e-01	8.089100e-01	6.533189e-09	-2.403600e-15	4.619000e-02
1	105	NOE	7.456500e-01	7.456500e-01	3.479005e-09	0.000000e+00	1.926000e-02
1	106	NOE	7.137200e-01	7.137200e-01	2.973260e-09	-4.029848e-15	2.755000e-02
1	107	NOE	6.715800e-01	6.715800e-01	2.548022e-09	0.000000e+00	8.608000e-02
1	108	NOE	8.136000e-01	8.136000e-01	7.234978e-09	0.000000e+00	1.977000e-02
1	109	NOE	6.506200e-01	6.506200e-01	2.392802e-09	-4.078703e-15	2.722000e-02
1	110	NOE	8.268000e-01	8.268000e-01	1.197068e-08	0.000000e+00	4.220000e-02
1	112	NOE	6.859700e-01	6.859700e-01	2.672884e-09	0.000000e+00	8.140000e-03
1	113	NOE	7.576800e-01	7.576800e-01	3.746612e-09	5.991490e-15	1.853000e-02
1	115	NOE	7.622400e-01	7.622400e-01	3.865034e-09	0.000000e+00	6.427000e-02
1	116	NOE	7.763900e-01	7.763900e-01	4.317081e-09	-2.191951e-15	5.065000e-02
1	117	NOE	7.223000e-01	7.223000e-01	3.087806e-09	0.000000e+00	1.100900e-01
1	118	NOE	6.471700e-01	6.471700e-01	2.369752e-09	0.000000e+00	4.579000e-02
1	119	NOE	7.125500e-01	7.125500e-01	2.958577e-09	0.000000e+00	4.128000e-02
1	120	NOE	7.006600e-01	7.006600e-01	2.820364e-09	-1.900741e-15	5.841000e-02
1	121	NOE	5.925900e-01	5.925900e-01	2.072607e-09	-8.481459e-15	1.309000e-02
1	122	NOE	5.791900e-01	5.791900e-01	2.014431e-09	3.062684e-15	3.625000e-02
1	124	NOE	5.416000e-01	5.416000e-01	1.872717e-09	3.798231e-15	2.923000e-02
1	125	NOE	2.319400e-01	2.319400e-01	1.258732e-09	-1.108450e-14	1.252000e-02
1	126	NOE	-1.094800e+00	-1.094800e+00	5.763196e-10	5.635650e-15	1.182000e-01


2	2	R1	9.813543e-01	9.813543e-01	1.418970e-08	9.606769e-15	3.467002e-02
2	3	R1	1.088021e+00	1.088021e+00	1.269685e-08	-6.947075e-15	3.196232e-02
2	4	R1	1.070091e+00	1.070091e+00	1.292785e-08	0.000000e+00	4.236850e-02
2	9	R1	1.223092e+00	1.223092e+00	1.116412e-08	0.000000e+00	5.834221e-02
2	10	R1	1.235025e+00	1.235025e+00	1.104393e-08	3.466085e-15	6.406208e-02
2	11	R1	1.397038e+00	1.397038e+00	9.602031e-09	0.000000e+00	7.221349e-02
2	12	R1	1.238083e+00	1.238083e+00	1.101348e-08	-7.242865e-15	6.131402e-02
2	13	R1	1.311132e+00	1.311132e+00	1.032558e-08	0.000000e+00	4.641478e-02
2	15	R1	1.244091e+00	1.244091e+00	1.095408e-08	4.347327e-15	5.107612e-02
2	17	R1	8.390670e-01	8.390670e-01	1.674811e-08	0.000000e+00	8.518804e-02
2	19	R1	1.035090e+00	1.035090e+00	1.340079e-08	0.000000e+00	8.249860e-02
2	20	R1	1.317003e+00	1.317003e+00	1.027338e-08	4.741364e-15	4.683138e-02
2	21	R1	1.169044e+00	1.169044e+00	1.173724e-08	0.000000e+00	6.013318e-02
2	22	R1	1.136105e+00	1.136105e+00	1.211169e-08	-4.778598e-15	4.646648e-02
2	23	R1	1.228049e+00	1.228049e+00	1.111393e-08	0.000000e+00	4.524310e-02
2	24	R1	1.272103e+00	1.272103e+00	1.068398e-08	-6.533961e-15	3.398316e-02
2	25	R1	1.733102e+00	1.733102e+00	7.398106e-09	4.620318e-15	4.805829e-02
2	28	R1	1.122083e+00	1.122083e+00	1.227741e-08	-4.101306e-15	5.413998e-02
2	29	R1	1.383126e+00	1.383126e+00	9.713615e-09	-1.589988e-15	1.396517e-01
2	30	R1	1.275022e+00	1.275022e+00	1.065647e-08	7.004386e-15	6.340159e-02
2	35	R1	1.380072e+00	1.380072e+00	9.738385e-09	0.000000e+00	8.570691e-02
2	36	R1	1.184133e+00	1.184133e+00	1.157229e-08	4.060457e-15	5.468463e-02
2	37	R1	1.131094e+00	1.131094e+00	1.217047e-08	0.000000e+00	8.699737e-02
2	38	R1	1.224140e+00	1.224140e+00	1.115347e-08	0.000000e+00	5.994075e-02
2	39	R1	1.086012e+00	1.086012e+00	1.272237e-08	-7.240983e-15	3.066498e-02
2	40	R1	1.154068e+00	1.154068e+00	1.190498e-08	1.282431e-14	3.462870e-02
2	41	R1	1.078051e+00	1.078051e+00	1.282439e-08	1.005560e-14	2.208168e-02
2	42	R1	1.206127e+00	1.206127e+00	1.133881e-08	-4.625302e-15	4.800651e-02
2	43	R1	1.325030e+00	1.325030e+00	1.020268e-08	2.749357e-15	8.076238e-02
2	44	R1	9.970090e-01	9.970090e-01	1.395143e-08	0.000000e+00	5.467148e-02
2	45	R1	1.220107e+00	1.220107e+00	1.119452e-08	0.000000e+00	3.721655e-02
2	48	R1	1.435132e+00	1.435132e+00	9.306582e-09	2.113909e-15	1.050398e-01
2	49	R1	1.659200e+00	1.659200e+00	7.816004e-09	0.000000e+00	7.983542e-02
2	54	R1	1.613163e+00	1.613163e+00	8.092619e-09	2.509600e-15	8.847807e-02
2	56	R1	1.308044e+00	1.308044e+00	1.035321e-08	-6.036104e-15	7.357215e-02
2	59	R1	1.260081e+00	1.260081e+00	1.079853e-08	-1.118751e-14	3.969508e-02
2	61	R1	1.048108e+00	1.048108e+00	1.322135e-08	-4.929969e-15	4.503976e-02
2	62	R1	1.146000e+00	1.146000e+00	1.199706e-08	0.000000e+00	5.909927e-02
2	63	R1	1.212121e+00	1.212121e+00	1.127656e-08	0.000000e+00	5.876951e-02
2	70	R1	1.119069e+00	1.119069e+00	1.231355e-08	0.000000e+00	4.132640e-02
2	71	R1	1.193033e+00	1.193033e+00	1.147683e-08	0.000000e+00	7.685966e-02
2	73	R1	1.305142e+00	1.305142e+00	1.037929e-08	0.000000e+00	5.110189e-02
2	74	R1	1.155001e+00	1.155001e+00	1.189441e-08	5.944528e-15	3.735277e-02
2	80	R1	1.497006e+00	1.497006e+00	8.855692e-09	1.942777e-15	1.142924e-01
2	81	R1	1.293159e+00	1.293159e+00	1.048813e-08	0.000000e+00	4.347878e-02
2	82	R1	1.190051e+00	1.190051e+00	1.150866e-08	0.000000e+00	5.098398e-02
2	83	R1	1.253133e+00	1.253133e+00	1.086566e-08	-3.073889e-15	7.223573e-02
2	84	R1	1.285017e+00	1.285017e+00	1.056316e-08	-2.585945e-15	8.586593e-02
2	85	R1	1.032098e+00	1.032098e+00	1.344263e-08	0.000000e+00	5.113089e-02
2	86	R1	1.078051e+00	1.078051e+00	1.282439e-08	0.000000e+00	8.600233e-02
2	87	R1	9.780908e-01	9.780908e-01	1.424030e-08	2.231766e-15	4.974640e-02
2	88	R1	1.129050e+00	1.129050e+00	1.219458e-08	0.000000e+00	5.099020e-02
2	90	R1	1.011020e+00	1.011020e+00	1.374420e-08	0.000000e+00	7.768429e-02
2	91	R1	1.256124e+00	1.256124e+00	1.083668e-08	-4.467504e-15	9.940433e-02
2	92	R1	1.245020e+00	1.245020e+00	1.094493e-08	4.620893e-15	4.805231e-02
2	95	R1	1.147052e+00	1.147052e+00	1.198499e-08	-3.668733e-15	6.052351e-02
2	96	R1	1.160093e+00	1.160093e+00	1.183701e-08	0.000000e+00	3.364538e-02
2	97	R1	1.236094e+00	1.236094e+00	1.103328e-08	-3.927675e-15	5.653334e-02
2	98	R1	1.178134e+00	1.178134e+00	1.163739e-08	0.000000e+00	4.441598e-02
2	99	R1	1.319087e+00	1.319087e+00	1.025494e-08	-3.112500e-15	7.133963e-02
2	100	R1	1.253133e+00	1.253133e+00	1.086566e-08	0.000000e+00	4.553991e-02
2	101	R1	1.178134e+00	1.178134e+00	1.163739e-08	-9.998411e-15	2.220799e-02
2	102	R1	1.031034e+00	1.031034e+00	1.345757e-08	0.000000e+00	3.401700e-02
2	103	R1	1.031034e+00	1.031034e+00	1.345757e-08	0.000000e+00	3.401700e-02
2	105	R1	1.338151e+00	1.338151e+00	1.008882e-08	-3.024449e-15	7.341654e-02
2	106	R1	1.337077e+00	1.337077e+00	1.009806e-08	9.936130e-15	4.469438e-02
2	107	R1	1.267106e+00	1.267106e+00	1.073134e-08	-6.012935e-15	3.692782e-02
2	108	R1	1.434103e+00	1.434103e+00	9.314376e-09	0.000000e+00	1.151725e-01
2	109	R1	1.241003e+00	1.241003e+00	1.098455e-08	8.737975e-15	5.082290e-02
2	110	R1	1.230012e+00	1.230012e+00	1.109416e-08	2.935292e-15	7.564651e-02
2	112	R1	1.297017e+00	1.297017e+00	1.045289e-08	0.000000e+00	5.046758e-02
2	113	R1	1.233046e+00	1.233046e+00	1.106372e-08	0.000000e+00	3.648964e-02
2	115	R1	1.238083e+00	1.238083e+00	1.101348e-08	-8.779230e-15	5.058407e-02
2	116	R1	1.386001e+00	1.386001e+00	9.690385e-09	-5.779402e-15	3.842000e-02
2	117	R1	1.343003e+00	1.343003e+00	1.004723e-08	-2.735733e-15	8.116456e-02
2	118	R1	1.397038e+00	1.397038e+00	9.602031e-09	3.160248e-15	7.026177e-02
2	119	R1	1.428163e+00	1.428163e+00	9.359562e-09	0.000000e+00	4.283266e-02
2	120	R1	1.333156e+00	1.333156e+00	1.013193e-08	-3.674512e-15	6.042833e-02
2	121	R1	1.443001e+00	1.443001e+00	9.247310e-09	3.949507e-15	5.622084e-02
2	122	R1	1.129050e+00	1.129050e+00	1.219458e-08	0.000000e+00	5.863873e-02
2	124	R1	1.284027e+00	1.284027e+00	1.057234e-08	-4.644020e-15	4.781301e-02
2	125	R1	1.864280e+00	1.864280e+00	6.723793e-09	3.758104e-15	5.908420e-02
2	126	R1	1.299039e+00	1.299039e+00	1.043450e-08	0.000000e+00	7.425007e-02


