2	2.073011e+01	1.074344e+00	7.898800e-01	4.610000e-02	9.813543e-01	3.467002e-02	2.090235e-02	
3	2.048005e+01	1.426071e+00	7.276700e-01	1.170000e-03	1.088021e+00	3.196232e-02	3.003548e-02	
4	1.982003e+01	1.021368e+00	7.034000e-01	3.160000e-03	1.070091e+00	4.236850e-02	3.217316e-02	
9	1.967033e+01	1.083381e+00	6.282400e-01	7.397000e-02	1.223092e+00	5.834221e-02	4.609179e-02	
10	2.172024e+01	9.907148e-01	8.297600e-01	5.307000e-02	1.235025e+00	6.406208e-02	2.131274e-02	
11	2.094022e+01	8.769853e-01	7.128200e-01	5.718000e-02	1.397038e+00	7.221349e-02	4.066908e-02	
12	2.078008e+01	6.477179e-01	6.357700e-01	3.363000e-02	1.238083e+00	6.131402e-02	4.571171e-02	
13	2.040025e+01	4.577874e-01	7.192500e-01	3.559000e-02	1.311132e+00	4.641478e-02	3.731366e-02	
15	1.856011e+01	1.033433e+00	6.635000e-01	5.561000e-02	1.244091e+00	5.107612e-02	4.243644e-02	
17	2.151000e+01	3.655174e+00	8.345500e-01	3.023000e-02	8.390670e-01	8.518804e-02	1.407230e-02	
19	2.438014e+01	7.727083e-01	7.689400e-01	3.385000e-02	1.035090e+00	8.249860e-02	2.424401e-02	
20	2.116044e+01	1.029858e+00	7.688600e-01	9.079000e-02	1.317003e+00	4.683138e-02	3.085770e-02	
21	2.172024e+01	6.604766e-01	7.777700e-01	5.225000e-02	1.169044e+00	6.013318e-02	2.633512e-02	
22	2.026014e+01	6.978046e-01	7.165900e-01	1.431000e-02	1.136105e+00	4.646648e-02	3.263891e-02	
23	2.106017e+01	7.096491e-01	7.408300e-01	5.912000e-02	1.228049e+00	4.524310e-02	3.226281e-02	
24	2.110016e+01	9.794771e-01	6.535100e-01	3.895000e-02	1.272103e+00	3.398316e-02	4.468016e-02	
25	1.222001e+01	9.557032e-01	5.159900e-01	2.791000e-02	1.733102e+00	4.805829e-02	8.503160e-02	
28	1.856011e+01	4.822686e-01	7.180800e-01	3.552000e-02	1.122083e+00	5.413998e-02	3.206657e-02	
29	2.716063e+01	9.590096e-01	5.844500e-01	5.370000e-02	1.383126e+00	1.396517e-01	5.826219e-02	
30	2.300014e+01	4.761057e-01	8.276500e-01	6.686000e-02	1.275022e+00	6.340159e-02	2.227568e-02	
35	2.336012e+01	1.364238e+00	7.373700e-01	2.509000e-02	1.380072e+00	8.570691e-02	3.674074e-02	
36	2.033016e+01	1.157283e+00	7.982700e-01	1.321100e-01	1.184133e+00	5.468463e-02	2.421434e-02	
37	2.730003e+01	1.714170e+00	7.299700e-01	6.675000e-02	1.131094e+00	8.699737e-02	3.096082e-02	
38	2.238038e+01	5.509694e-01	8.264000e-01	3.071000e-02	1.224140e+00	5.994075e-02	2.154183e-02	
39	2.081036e+01	7.795276e-01	5.237100e-01	7.463000e-02	1.086012e+00	3.066498e-02	5.243340e-02	
40	2.172024e+01	7.076535e-01	7.185400e-01	5.589000e-02	1.154068e+00	3.462870e-02	3.292683e-02	
41	2.156009e+01	5.578049e-01	7.449600e-01	6.298000e-02	1.078051e+00	2.208168e-02	2.787080e-02	
42	2.136022e+01	3.650072e-01	6.114200e-01	1.143800e-01	1.206127e+00	4.800651e-02	4.750894e-02	
43	2.076024e+01	7.326789e-01	7.614200e-01	6.857000e-02	1.325030e+00	8.076238e-02	3.204509e-02	
44	1.970016e+01	1.086670e+00	6.787900e-01	3.523000e-02	9.970090e-01	5.467148e-02	3.246310e-02	
45	2.364010e+01	1.788334e+00	6.228300e-01	4.630000e-02	1.220107e+00	3.721655e-02	4.664843e-02	
48	2.260040e+01	1.072634e+00	8.107300e-01	1.188200e-01	1.435132e+00	1.050398e-01	2.753439e-02	
49	1.039004e+01	3.454495e-01	5.279200e-01	7.276000e-02	1.659200e+00	7.983542e-02	7.939922e-02	
54	9.303018e+00	3.029115e-01	-2.344000e-01	4.075000e-02	1.613163e+00	8.847807e-02	2.018534e-01	
56	1.715001e+01	7.941318e-01	6.932600e-01	2.575000e-02	1.308044e+00	7.357215e-02	4.067193e-02	
59	2.064026e+01	1.107653e+00	5.741900e-01	2.857000e-02	1.260081e+00	3.969508e-02	5.438962e-02	
61	2.308030e+01	1.065400e+00	7.189400e-01	8.581000e-02	1.048108e+00	4.503976e-02	2.986118e-02	
62	2.231047e+01	1.045290e+00	7.396500e-01	5.917000e-02	1.146000e+00	5.909927e-02	3.024435e-02	
63	2.250023e+01	8.100162e-01	8.337700e-01	4.118000e-02	1.212121e+00	5.876951e-02	2.042478e-02	
70	2.606067e+01	1.901644e+00	7.840000e-01	3.750000e-03	1.119069e+00	4.132640e-02	2.450261e-02	
71	2.639010e+01	1.671450e+00	8.303100e-01	1.069100e-01	1.193033e+00	7.685966e-02	2.052156e-02	
73	2.181025e+01	5.708244e-01	6.538000e-01	8.179000e-02	1.305142e+00	5.110189e-02	4.580224e-02	
74	2.044028e+01	1.336977e+00	6.403500e-01	3.560000e-02	1.155001e+00	3.735277e-02	4.210797e-02	
80	2.050021e+01	9.245685e-01	6.147200e-01	3.469000e-02	1.497006e+00	1.142924e-01	5.846579e-02	
81	2.137026e+01	1.233058e+00	7.204900e-01	7.103000e-02	1.293159e+00	4.347878e-02	3.663964e-02	
82	2.163004e+01	1.169647e+00	5.899200e-01	4.211000e-02	1.190051e+00	5.098398e-02	4.946933e-02	
83	2.185028e+01	1.480048e+00	7.475300e-01	1.209000e-02	1.253133e+00	7.223573e-02	3.207072e-02	
84	2.166002e+01	1.360554e+00	7.949400e-01	4.217000e-02	1.285017e+00	8.586593e-02	2.671109e-02	
85	2.244014e+01	1.258900e+00	7.675200e-01	3.809000e-02	1.032098e+00	5.113089e-02	2.432252e-02	
86	2.377047e+01	1.017064e+00	7.698300e-01	3.978000e-02	1.078051e+00	8.600233e-02	2.515300e-02	
87	2.228015e+01	8.438887e-01	7.721600e-01	3.120000e-03	9.780908e-01	4.974640e-02	2.258973e-02	
88	2.268037e+01	8.230384e-01	7.585100e-01	4.555000e-02	1.129050e+00	5.099020e-02	2.763849e-02	
90	2.099032e+01	5.287124e-01	7.256900e-01	2.192000e-02	1.011020e+00	7.768429e-02	2.811275e-02	
91	2.148043e+01	1.937918e+00	6.911800e-01	3.561000e-02	1.256124e+00	9.940433e-02	3.932237e-02	
92	1.922005e+01	7.388207e-01	6.744800e-01	4.432000e-02	1.245020e+00	4.805231e-02	4.108240e-02	
95	2.291003e+01	9.447652e-01	8.365200e-01	4.606000e-02	1.147052e+00	6.052351e-02	1.900858e-02	
96	2.199010e+01	7.253470e-01	7.927100e-01	8.429000e-02	1.160093e+00	3.364538e-02	2.437659e-02	
97	2.376031e+01	9.597386e-01	7.491800e-01	4.205000e-02	1.236094e+00	5.653334e-02	3.142791e-02	
98	2.347032e+01	1.487311e+00	7.671700e-01	2.232000e-02	1.178134e+00	4.441598e-02	2.780580e-02	
99	2.236036e+01	1.049970e+00	7.992600e-01	9.606000e-02	1.319087e+00	7.133963e-02	2.684165e-02	
100	2.302026e+01	1.059865e+00	7.921700e-01	4.508000e-02	1.253133e+00	4.553991e-02	2.640020e-02	
101	2.071037e+01	5.147031e-01	8.199000e-01	8.690000e-02	1.178134e+00	2.220799e-02	2.150850e-02	
102	2.248050e+01	5.559101e-01	7.084600e-01	1.488000e-02	1.031034e+00	3.401700e-02	3.047004e-02	
103	2.251035e+01	1.418805e+00	8.089100e-01	4.619000e-02	1.031034e+00	3.401700e-02	1.997160e-02	
105	2.289010e+01	5.239569e-01	7.456500e-01	1.926000e-02	1.338151e+00	7.341654e-02	3.450155e-02	
106	2.058037e+01	9.741684e-01	7.137200e-01	2.755000e-02	1.337077e+00	4.469438e-02	3.880157e-02	
107	1.979022e+01	4.699835e-01	6.715800e-01	8.608000e-02	1.267106e+00	3.692782e-02	4.218367e-02	
108	2.133015e+01	8.644529e-01	8.136000e-01	1.977000e-02	1.434103e+00	1.151725e-01	2.709743e-02	
109	2.115014e+01	6.262601e-01	6.506200e-01	2.722000e-02	1.241003e+00	5.082290e-02	4.395139e-02	
110	2.184026e+01	1.287892e+00	8.268000e-01	4.220000e-02	1.230012e+00	7.564651e-02	2.159530e-02	
112	2.098019e+01	1.276489e+00	6.859700e-01	8.140000e-03	1.297017e+00	5.046758e-02	4.128750e-02	
113	2.079002e+01	8.212274e-01	7.576800e-01	1.853000e-02	1.233046e+00	3.648964e-02	3.028798e-02	
115	2.362000e+01	1.896875e+00	7.622400e-01	6.427000e-02	1.238083e+00	5.058407e-02	2.983943e-02	
116	2.057021e+01	6.770134e-01	7.763900e-01	5.065000e-02	1.386001e+00	3.842000e-02	3.141642e-02	
117	2.093014e+01	9.199482e-01	7.223000e-01	1.100900e-01	1.343003e+00	8.116456e-02	3.780547e-02	
118	1.972037e+01	6.222285e-01	6.471700e-01	4.579000e-02	1.397038e+00	7.026177e-02	4.996612e-02	
119	2.071037e+01	1.801461e+00	7.125500e-01	4.128000e-02	1.428163e+00	4.283266e-02	4.161425e-02	
120	2.219017e+01	1.181769e+00	7.006600e-01	5.841000e-02	1.333156e+00	6.042833e-02	4.045269e-02	
121	2.061006e+01	1.061936e+00	5.925900e-01	1.309000e-02	1.443001e+00	5.622084e-02	5.959369e-02	
122	1.963017e+01	8.477557e-01	5.791900e-01	3.625000e-02	1.129050e+00	5.863873e-02	4.816164e-02	
124	1.730014e+01	1.167250e+00	5.416000e-01	2.923000e-02	1.284027e+00	4.781301e-02	5.966512e-02	
125	7.937012e+00	4.346735e-01	2.319400e-01	1.252000e-02	1.864280e+00	5.908420e-02	1.451471e-01	
126	5.260002e+00	6.723232e-01	-1.094800e+00	1.182000e-01	1.299039e+00	7.425007e-02	2.758459e-01	
