5.413667e+00	1.000000e+00	4.523057e-41
5.729977e+00	0.000000e+00	1.950143e-39
6.064767e+00	0.000000e+00	9.653921e-38
6.419119e+00	0.000000e+00	5.477463e-36
6.794174e+00	0.000000e+00	3.551167e-34
7.191144e+00	0.000000e+00	2.618806e-32
7.611307e+00	0.000000e+00	2.182935e-30
8.056020e+00	1.000000e+00	2.039702e-28
8.526716e+00	0.000000e+00	2.113702e-26
9.024915e+00	0.000000e+00	2.396941e-24
9.552222e+00	1.000000e+00	2.925755e-22
1.011034e+01	1.000000e+00	3.767562e-20
1.070106e+01	0.000000e+00	4.995916e-18
1.132630e+01	0.000000e+00	6.627526e-16
1.198808e+01	1.000000e+00	8.499363e-14
1.268852e+01	0.000000e+00	1.011990e-11
1.342988e+01	0.000000e+00	1.066953e-09
1.421456e+01	0.000000e+00	9.424712e-08
1.504508e+01	0.000000e+00	6.540284e-06
1.592414e+01	0.000000e+00	3.309245e-04
1.685455e+01	2.000000e+00	1.119977e-02
1.783933e+01	0.000000e+00	2.295365e-01
1.888164e+01	3.000000e+00	2.540872e+00
1.998486e+01	1.200000e+01	1.332235e+01
2.115253e+01	3.000000e+01	2.846531e+01
2.238843e+01	1.900000e+01	2.086716e+01
2.369654e+01	7.000000e+00	4.312070e+00
2.508108e+01	1.000000e+00	2.007522e-01
2.654651e+01	4.000000e+00	1.631314e-03


1.082455e-02	0.000000e+00	3.960244e-06
1.260962e-02	0.000000e+00	4.242741e-06
1.468907e-02	0.000000e+00	4.596494e-06
1.711144e-02	0.000000e+00	5.044693e-06
1.993329e-02	0.000000e+00	5.620312e-06
2.322048e-02	0.000000e+00	6.371277e-06
2.704977e-02	0.000000e+00	7.368950e-06
3.151054e-02	0.000000e+00	8.722454e-06
3.670693e-02	0.000000e+00	1.060360e-05
4.276027e-02	0.000000e+00	1.329177e-05
4.981185e-02	0.000000e+00	1.725770e-05
5.802631e-02	0.000000e+00	2.332631e-05
6.759542e-02	0.000000e+00	3.300735e-05
7.874256e-02	0.000000e+00	4.919929e-05
9.172798e-02	0.000000e+00	7.776810e-05
1.068548e-01	0.000000e+00	1.312921e-04
1.244762e-01	0.000000e+00	2.384997e-04
1.450036e-01	0.000000e+00	4.696365e-04
1.689161e-01	0.000000e+00	1.009434e-03
1.967720e-01	0.000000e+00	2.382129e-03
2.292216e-01	1.000000e+00	6.194899e-03
2.670225e-01	0.000000e+00	1.775605e-02
3.110571e-01	0.000000e+00	5.578437e-02
3.623535e-01	0.000000e+00	1.894126e-01
4.221091e-01	0.000000e+00	6.766578e-01
4.917190e-01	3.000000e+00	2.430258e+00
5.728083e-01	8.000000e+00	8.164240e+00
6.672699e-01	2.300000e+01	2.297843e+01
7.773093e-01	4.600000e+01	4.600105e+01


8.507767e-01	1.000000e+00	5.610828e-02
8.745231e-01	0.000000e+00	1.015633e-01
8.989322e-01	0.000000e+00	1.797937e-01
9.240227e-01	0.000000e+00	3.103953e-01
9.498134e-01	0.000000e+00	5.210102e-01
9.763240e-01	2.000000e+00	8.475415e-01
1.003575e+00	2.000000e+00	1.331538e+00
1.031586e+00	4.000000e+00	2.012851e+00
1.060379e+00	2.000000e+00	2.916162e+00
1.089975e+00	4.000000e+00	4.031898e+00
1.120398e+00	5.000000e+00	5.295848e+00
1.151670e+00	6.000000e+00	6.576349e+00
1.183815e+00	6.000000e+00	7.680869e+00
1.216857e+00	8.000000e+00	8.390994e+00
1.250821e+00	1.200000e+01	8.523828e+00
1.285733e+00	7.000000e+00	8.001002e+00
1.321619e+00	9.000000e+00	6.893377e+00
1.358508e+00	1.000000e+00	5.412467e+00
1.396425e+00	5.000000e+00	3.843513e+00
1.435402e+00	4.000000e+00	2.448556e+00
1.475466e+00	0.000000e+00	1.387363e+00
1.516648e+00	1.000000e+00	6.927492e-01
1.558980e+00	0.000000e+00	3.018690e-01
1.602493e+00	1.000000e+00	1.136045e-01
1.647221e+00	1.000000e+00	3.651712e-02
1.693197e+00	0.000000e+00	9.908426e-03
1.740457e+00	1.000000e+00	2.241194e-03
1.789035e+00	0.000000e+00	4.170000e-04
1.838970e+00	1.000000e+00	6.292546e-05


1.483261e-02	1.000000e+00	1.822606e+00
1.643538e-02	0.000000e+00	2.319722e+00
1.821134e-02	1.000000e+00	2.963895e+00
2.017920e-02	4.000000e+00	3.784085e+00
2.235970e-02	6.000000e+00	4.797335e+00
2.477583e-02	6.000000e+00	5.988821e+00
2.745303e-02	1.000000e+01	7.281136e+00
3.041952e-02	1.000000e+01	8.498561e+00
3.370656e-02	9.000000e+00	9.348520e+00
3.734880e-02	5.000000e+00	9.464360e+00
4.138460e-02	1.000000e+01	8.555877e+00
4.585649e-02	8.000000e+00	6.646848e+00
5.081161e-02	3.000000e+00	4.227830e+00
5.630216e-02	3.000000e+00	2.071575e+00
6.238600e-02	2.000000e+00	7.243424e-01
6.912725e-02	0.000000e+00	1.642322e-01
7.659694e-02	1.000000e+00	2.142369e-02
8.487377e-02	1.000000e+00	1.385113e-03
9.404498e-02	0.000000e+00	3.686578e-05
1.042072e-01	0.000000e+00	3.207241e-07
1.154675e-01	0.000000e+00	6.849780e-10
1.279446e-01	0.000000e+00	2.518381e-13
1.417699e-01	1.000000e+00	1.027014e-17
1.570891e-01	0.000000e+00	2.696810e-23
1.740637e-01	0.000000e+00	2.327736e-30
1.928725e-01	1.000000e+00	2.877843e-39
2.137138e-01	0.000000e+00	1.827418e-50
2.368071e-01	0.000000e+00	1.681247e-64
2.623957e-01	1.000000e+00	4.705403e-82


4.028975e-02	1.000000e+00	1.390232e+00
4.293701e-02	0.000000e+00	1.963227e+00
4.575822e-02	1.000000e+00	2.731544e+00
4.876479e-02	4.000000e+00	3.721903e+00
5.196890e-02	6.000000e+00	4.930976e+00
5.538355e-02	6.000000e+00	6.298806e+00
5.902256e-02	1.000000e+01	7.681753e+00
6.290067e-02	1.000000e+01	8.841735e+00
6.703360e-02	9.000000e+00	9.476759e+00
7.143808e-02	5.000000e+00	9.312095e+00
7.613196e-02	1.000000e+01	8.238164e+00
8.113426e-02	8.000000e+00	6.425258e+00
8.646523e-02	3.000000e+00	4.312006e+00
9.214648e-02	3.000000e+00	2.421093e+00
9.820102e-02	2.000000e+00	1.101107e+00
1.046534e-01	0.000000e+00	3.907818e-01
1.115297e-01	1.000000e+00	1.036767e-01
1.188578e-01	1.000000e+00	1.957170e-02
1.266674e-01	0.000000e+00	2.483960e-03
1.349902e-01	0.000000e+00	1.985879e-04
1.438598e-01	0.000000e+00	9.281501e-06
1.533122e-01	0.000000e+00	2.327895e-07
1.633857e-01	1.000000e+00	2.840536e-09
1.741210e-01	0.000000e+00	1.507210e-11
1.855617e-01	0.000000e+00	3.058425e-14
1.977542e-01	1.000000e+00	2.049153e-17
2.107477e-01	0.000000e+00	3.832461e-21
2.245950e-01	0.000000e+00	1.651520e-25
2.393522e-01	1.000000e+00	1.317124e-30


