0	4	R1	7.818608e-01	7.818608e-01	1.630993e-10	-2.986595e-15	3.717354e-02
0	5	R1	1.124227e+00	1.124227e+00	2.968392e-10	1.284709e-15	1.728365e-01
0	9	R1	1.213224e+00	1.213224e+00	3.463698e-10	0.000000e+00	5.092818e-03
0	10	R1	1.212636e+00	1.212636e+00	3.460207e-10	-1.424537e-13	1.558714e-03
0	11	R1	1.151013e+00	1.151013e+00	3.110400e-10	0.000000e+00	1.348678e-02
0	12	R1	1.334757e+00	1.334757e+00	4.237128e-10	0.000000e+00	1.851771e-01
0	13	R1	1.216767e+00	1.216767e+00	3.484771e-10	0.000000e+00	2.815953e-02
0	14	R1	1.453594e+00	1.453594e+00	5.067836e-10	-7.093365e-15	6.260628e-02
0	15	R1	1.413927e+00	1.413927e+00	4.784714e-10	6.065936e-15	3.660517e-02
0	18	R1	1.379881e+00	1.379881e+00	4.546007e-10	0.000000e+00	6.220605e-02
0	19	R1	1.249453e+00	1.249453e+00	3.683726e-10	-7.768046e-15	2.858436e-02
0	20	R1	1.335827e+00	1.335827e+00	4.244339e-10	-8.124460e-16	2.733038e-01
0	21	R1	1.194244e+00	1.194244e+00	3.352512e-10	-3.829014e-15	5.799003e-02
0	22	R1	1.213519e+00	1.213519e+00	3.465445e-10	0.000000e+00	1.071484e-01
0	23	R1	1.112100e+00	1.112100e+00	2.906134e-10	0.000000e+00	7.731022e-02
0	24	R1	1.234720e+00	1.234720e+00	3.593053e-10	0.000000e+00	2.652690e-02
0	25	R1	1.269599e+00	1.269599e+00	3.810232e-10	7.296335e-15	3.043235e-02
0	26	R1	1.199832e+00	1.199832e+00	3.384945e-10	-3.698821e-14	6.003119e-03
0	27	R1	1.130710e+00	1.130710e+00	3.002194e-10	0.000000e+00	1.591739e-02
0	28	R1	1.211240e+00	1.211240e+00	3.451941e-10	0.000000e+00	5.398939e-03
0	29	R1	1.164551e+00	1.164551e+00	3.184521e-10	-3.048940e-14	7.282682e-03
0	30	R1	1.175157e+00	1.175157e+00	3.243679e-10	4.397867e-15	5.048915e-02
0	31	R1	1.173365e+00	1.173365e+00	3.233614e-10	-3.546903e-15	6.260239e-02
0	32	R1	1.062982e+00	1.062982e+00	2.666869e-10	1.506415e-14	2.947987e-02
0	33	R1	1.121705e+00	1.121705e+00	2.955340e-10	-3.073405e-15	7.224711e-02
0	34	R1	1.240541e+00	1.240541e+00	3.628684e-10	4.494828e-15	4.940003e-02
0	35	R1	1.207802e+00	1.207802e+00	3.431642e-10	4.717309e-15	1.412105e-01
0	36	R1	1.279754e+00	1.279754e+00	3.875050e-10	0.000000e+00	9.936357e-02
0	39	R1	1.197103e+00	1.197103e+00	3.369075e-10	0.000000e+00	3.758905e-02
0	40	R1	1.247661e+00	1.247661e+00	3.672608e-10	9.341320e-15	2.377015e-02
0	41	R1	1.159353e+00	1.159353e+00	3.155877e-10	0.000000e+00	1.614801e-01
0	42	R1	1.293745e+00	1.293745e+00	3.965443e-10	-4.773693e-15	4.651422e-02
0	43	R1	1.152007e+00	1.152007e+00	3.115792e-10	0.000000e+00	6.672764e-02
0	46	R1	1.094511e+00	1.094511e+00	2.818094e-10	1.004080e-14	2.211424e-02
0	47	R1	1.085305e+00	1.085305e+00	2.773069e-10	0.000000e+00	1.033007e-02
0	48	R1	1.152273e+00	1.152273e+00	3.117232e-10	0.000000e+00	8.684700e-02
0	49	R1	1.188001e+00	1.188001e+00	3.316584e-10	7.064579e-15	3.143069e-02
0	50	R1	1.185958e+00	1.185958e+00	3.304896e-10	0.000000e+00	1.320701e-01
0	51	R1	1.115449e+00	1.115449e+00	2.923202e-10	2.067902e-14	1.073767e-02
0	52	R1	1.135203e+00	1.135203e+00	3.025831e-10	0.000000e+00	6.833897e-02
0	54	R1	1.298111e+00	1.298111e+00	3.993906e-10	0.000000e+00	6.994820e-02
0	57	R1	1.175848e+00	1.175848e+00	3.247565e-10	-2.047910e-15	1.084250e-01
0	60	R1	1.231375e+00	1.231375e+00	3.572692e-10	4.930634e-14	4.503368e-03
0	61	R1	1.122712e+00	1.122712e+00	2.960547e-10	0.000000e+00	8.111210e-02
0	62	R1	1.243240e+00	1.243240e+00	3.645291e-10	-2.601090e-15	8.536600e-02
0	63	R1	1.209409e+00	1.209409e+00	3.441118e-10	5.408182e-15	4.105716e-02
0	64	R1	1.171029e+00	1.171029e+00	3.220539e-10	0.000000e+00	9.599158e-03
0	65	R1	1.079622e+00	1.079622e+00	2.745635e-10	4.366279e-15	5.085443e-02
0	66	R1	1.056245e+00	1.056245e+00	2.635638e-10	0.000000e+00	3.510962e-02
0	67	R1	1.107481e+00	1.107481e+00	2.882758e-10	6.580775e-15	3.374141e-02
0	68	R1	1.261909e+00	1.261909e+00	3.761609e-10	-2.630923e-14	8.439800e-03
0	69	R1	1.261591e+00	1.261591e+00	3.759604e-10	4.114712e-15	1.079272e-01
0	70	R1	1.228350e+00	1.228350e+00	3.554350e-10	0.000000e+00	1.316618e-01
0	71	R1	1.282627e+00	1.282627e+00	3.893507e-10	0.000000e+00	4.339857e-02
0	73	R1	1.239618e+00	1.239618e+00	3.623019e-10	-1.552082e-15	1.430624e-01
0	74	R1	1.211974e+00	1.211974e+00	3.456287e-10	0.000000e+00	9.312710e-02
0	75	R1	1.138434e+00	1.138434e+00	3.042938e-10	-2.472246e-15	8.981494e-02
0	76	R1	1.101322e+00	1.101322e+00	2.851869e-10	-4.473594e-07	1.904267e-02
0	77	R1	1.011787e+00	1.011787e+00	2.438735e-10	0.000000e+00	7.477204e-02
0	78	R1	1.080030e+00	1.080030e+00	2.747596e-10	-3.230961e-06	2.636212e-03
0	85	R1	1.274048e+00	1.274048e+00	3.838541e-10	0.000000e+00	2.824363e-02
0	86	R1	1.222419e+00	1.222419e+00	3.518592e-10	0.000000e+00	1.427065e-02
0	90	R1	1.252583e+00	1.252583e+00	3.703194e-10	0.000000e+00	5.158758e-02
0	91	R1	1.233578e+00	1.233578e+00	3.586090e-10	0.000000e+00	1.194546e-02
0	92	R1	1.022809e+00	1.022809e+00	2.486089e-10	0.000000e+00	8.578327e-03
0	94	R1	1.231300e+00	1.231300e+00	3.572231e-10	-2.439745e-15	9.101141e-02
0	95	R1	1.114330e+00	1.114330e+00	2.917490e-10	0.000000e+00	1.281467e-02
0	96	R1	1.294247e+00	1.294247e+00	3.968711e-10	0.000000e+00	4.939798e-02
0	97	R1	1.428469e+00	1.428469e+00	4.887935e-10	-4.021189e-16	5.521864e-01
0	98	R1	1.072846e+00	1.072846e+00	2.713282e-10	-1.228366e-07	6.934770e-02
0	99	R1	1.252662e+00	1.252662e+00	3.703683e-10	0.000000e+00	1.642912e-02
0	100	R1	1.135589e+00	1.135589e+00	3.027874e-10	0.000000e+00	1.641614e-02
0	101	R1	1.083541e+00	1.083541e+00	2.764524e-10	-1.046832e-06	8.136244e-03
0	102	R1	1.167202e+00	1.167202e+00	3.199216e-10	0.000000e+00	1.107598e-02
0	103	R1	1.178759e+00	1.178759e+00	3.263983e-10	3.903395e-15	5.688499e-02
0	104	R1	1.247972e+00	1.247972e+00	3.674538e-10	2.255153e-15	9.846099e-02
0	105	R1	1.167338e+00	1.167338e+00	3.199973e-10	0.000000e+00	2.842546e-02
0	106	R1	1.371084e+00	1.371084e+00	4.485067e-10	0.000000e+00	2.255845e-03
0	107	R1	1.138434e+00	1.138434e+00	3.042938e-10	-2.338611e-15	9.494722e-02
0	108	R1	6.404099e-01	6.404099e-01	1.255473e-10	0.000000e+00	7.453198e-02


1	4	R2	1.287001e+00	1.287001e+00	3.491687e-10	0.000000e+00	6.090481e-02
1	5	R2	2.417211e+00	2.417211e+00	9.492162e-10	-1.057974e-15	4.197544e-01
1	9	R2	6.686727e+00	6.686727e+00	3.921221e-09	3.790895e-16	2.342925e+00
1	10	R2	1.018745e+01	1.018745e+01	6.737638e-09	7.185509e-16	2.472138e+00
1	11	R2	9.262690e+00	9.262690e+00	6.003377e-09	0.000000e+00	1.449118e+00
1	12	R2	8.756567e+00	8.756567e+00	5.598053e-09	2.340061e-14	7.591070e-02
1	13	R2	1.023332e+01	1.023332e+01	6.773853e-09	4.010114e-15	8.859382e-01
1	14	R2	9.799118e+00	9.799118e+00	6.430280e-09	-8.809209e-14	2.016477e-02
1	15	R2	1.171372e+01	1.171372e+01	7.933227e-09	4.136151e-15	4.294709e-01
1	18	R2	1.243626e+01	1.243626e+01	8.493226e-09	-6.960916e-15	2.551901e-01
1	19	R2	1.234111e+01	1.234111e+01	8.419670e-09	0.000000e+00	2.771914e-01
1	20	R2	1.367054e+01	1.367054e+01	9.442594e-09	6.132353e-15	2.896697e-01
1	21	R2	1.274535e+01	1.274535e+01	8.731767e-09	0.000000e+00	7.472419e-02
1	22	R2	1.314752e+01	1.314752e+01	9.041318e-09	-1.718766e-06	1.019857e-01
1	23	R2	1.230164e+01	1.230164e+01	8.389142e-09	0.000000e+00	1.770564e-01
1	24	R2	1.510802e+01	1.510802e+01	1.053890e-08	1.307971e-15	1.358101e+00
1	25	R2	1.235330e+01	1.235330e+01	8.429101e-09	3.581629e-15	4.959634e-01
1	26	R2	1.165094e+01	1.165094e+01	7.884404e-09	-1.005845e-15	1.766034e+00
1	27	R2	1.920861e+01	1.920861e+01	1.362846e-08	-1.965045e-14	1.807956e-01
1	28	R2	1.337614e+01	1.337614e+01	9.216895e-09	-1.000304e-06	1.789210e-01
1	29	R2	1.313025e+01	1.313025e+01	9.028048e-09	5.724158e-14	3.103263e-02
1	30	R2	1.430820e+01	1.430820e+01	9.930013e-09	-7.054320e-15	5.036224e-01
1	31	R2	1.323977e+01	1.323977e+01	9.112203e-09	-6.580342e-15	2.699490e-01
1	32	R2	1.210068e+01	1.210068e+01	8.233562e-09	-7.776537e-15	2.284252e-01
1	33	R2	1.402131e+01	1.402131e+01	9.710953e-09	-4.386172e-15	4.049902e-01
1	34	R2	1.263903e+01	1.263903e+01	8.649778e-09	-1.884737e-14	9.424959e-02
1	35	R2	1.414827e+01	1.414827e+01	9.807944e-09	0.000000e+00	1.261094e-01
1	36	R2	1.322401e+01	1.322401e+01	9.100099e-09	1.692982e-13	1.049247e-02
1	39	R2	1.357589e+01	1.357589e+01	9.370079e-09	-7.163285e-07	2.543406e-01
1	40	R2	1.335113e+01	1.335114e+01	9.197707e-09	-7.054890e-07	2.531190e-01
1	41	R2	1.257862e+01	1.257862e+01	8.603160e-09	-2.188503e-15	8.116768e-01
1	42	R2	1.271294e+01	1.271294e+01	8.706783e-09	-1.107596e-06	1.519218e-01
1	43	R2	1.371554e+01	1.371554e+01	9.477054e-09	0.000000e+00	3.329654e-01
1	46	R2	1.372119e+01	1.372119e+01	9.481377e-09	3.714610e-15	4.782082e-01
1	47	R2	1.348800e+01	1.348800e+01	9.302701e-09	-6.083596e-15	5.839825e-01
1	48	R2	1.065190e+01	1.065190e+01	7.103468e-09	0.000000e+00	2.683397e+00
1	49	R2	1.358696e+01	1.358696e+01	9.378560e-09	3.025929e-15	5.870451e-01
1	50	R2	1.411034e+01	1.411034e+01	9.778975e-09	0.000000e+00	2.050748e-01
1	51	R2	1.393728e+01	1.393728e+01	9.646719e-09	1.315798e-14	2.700045e-01
1	52	R2	1.368176e+01	1.368176e+01	9.451188e-09	0.000000e+00	1.272896e-01
1	54	R2	1.298364e+01	1.298364e+01	8.915292e-09	-2.044189e-07	8.445604e-01
1	57	R2	1.421464e+01	1.421464e+01	9.858615e-09	0.000000e+00	4.647288e-02
1	60	R2	1.487431e+01	1.487431e+01	1.036125e-08	7.411299e-15	7.190468e-01
1	61	R2	1.467351e+01	1.467351e+01	1.020844e-08	0.000000e+00	5.684237e-01
1	62	R2	1.303441e+01	1.303441e+01	8.954352e-09	-1.259706e-14	1.410136e-01
1	63	R2	1.340483e+01	1.340483e+01	9.238908e-09	2.187104e-15	8.121959e-01
1	64	R2	1.424096e+01	1.424096e+01	9.878702e-09	1.036562e-14	3.427402e-01
1	65	R2	1.297522e+01	1.297522e+01	8.908810e-09	1.015513e-15	1.749222e+00
1	66	R2	1.197175e+01	1.197175e+01	8.133606e-09	1.050348e-14	3.382416e-01
1	67	R2	1.159958e+01	1.159958e+01	7.844444e-09	3.034983e-14	1.170588e-01
1	68	R2	1.016363e+01	1.016363e+01	6.718828e-09	6.730405e-15	5.278603e-01
1	69	R2	1.260398e+01	1.260398e+01	8.622737e-09	2.109788e-14	1.683920e-01
1	70	R2	1.159555e+01	1.159555e+01	7.841304e-09	7.122030e-15	4.988344e-01
1	71	R2	1.229256e+01	1.229256e+01	8.382123e-09	4.521390e-14	3.928785e-02
1	73	R2	1.251564e+01	1.251564e+01	8.554544e-09	-1.134028e-13	1.566414e-02
1	74	R2	1.172333e+01	1.172333e+01	7.940700e-09	9.232094e-15	1.924110e-01
1	75	R2	1.447807e+01	1.447807e+01	1.005955e-08	1.776604e-15	9.998606e-01
1	76	R2	1.268392e+01	1.268392e+01	8.684401e-09	0.000000e+00	2.574108e-02
1	77	R2	1.512630e+01	1.512630e+01	1.055279e-08	-1.752511e-15	1.013607e+00
1	78	R2	1.249531e+01	1.249531e+01	8.538843e-09	0.000000e+00	3.060204e-01
1	85	R2	1.230164e+01	1.230164e+01	8.389142e-09	0.000000e+00	1.039639e+00
1	86	R2	1.344086e+01	1.344086e+01	9.266552e-09	9.982512e-15	3.558937e-01
1	90	R2	1.249531e+01	1.249531e+01	8.538843e-09	0.000000e+00	1.498876e-01
1	91	R2	1.224290e+01	1.224290e+01	8.343695e-09	0.000000e+00	3.927081e-01
1	92	R2	1.229710e+01	1.229710e+01	8.385631e-09	1.174695e-13	1.512186e-02
1	94	R2	1.192464e+01	1.192464e+01	8.097056e-09	0.000000e+00	6.441522e-01
1	95	R2	1.321528e+01	1.321528e+01	9.093386e-09	-3.366526e-06	5.239306e-02
1	96	R2	1.276813e+01	1.276813e+01	8.749327e-09	-2.534003e-14	1.402016e-01
1	97	R2	1.384658e+01	1.384658e+01	9.577347e-09	-1.491948e-15	1.190629e+00
1	98	R2	1.332623e+01	1.332623e+01	9.178588e-09	7.094091e-15	2.503995e-01
1	99	R2	1.377980e+01	1.377980e+01	9.526245e-09	5.568461e-15	3.190032e-01
1	100	R2	1.310960e+01	1.310960e+01	9.012169e-09	1.497968e-14	1.185844e-01
1	101	R2	1.297185e+01	1.297185e+01	8.906219e-09	0.000000e+00	1.262017e-01
1	102	R2	1.252191e+01	1.252191e+01	8.559385e-09	-8.714560e-14	2.038378e-02
1	103	R2	1.270971e+01	1.270971e+01	8.704292e-09	0.000000e+00	5.153022e-01
1	104	R2	1.247816e+01	1.247816e+01	8.525596e-09	3.610288e-15	4.920264e-01
1	105	R2	1.184834e+01	1.184834e+01	8.037830e-09	-4.348326e-15	4.085151e-01
1	106	R2	7.072136e+00	7.072136e+00	4.234255e-09	2.487143e-15	7.142157e-01
1	107	R2	2.317497e+00	2.317497e+00	8.953418e-10	0.000000e+00	9.796326e-02
1	108	R2	1.082134e+00	1.082134e+00	2.578487e-10	0.000000e+00	1.076396e-01


2	4	NOE	-1.640000e+00	-1.640000e+00	4.535463e-10	1.168656e-15
2	5	NOE	-5.200000e-01	-5.200000e-01	7.577217e-10	9.654113e-16
2	9	NOE	9.000000e-02	9.000000e-02	1.112486e-09	1.982541e-16
2	10	NOE	5.400000e-01	5.400000e-01	1.867282e-09	0.000000e+00
2	11	NOE	6.600000e-01	6.600000e-01	2.458847e-09	1.233581e-15
2	12	NOE	3.900000e-01	3.900000e-01	1.493686e-09	5.551115e-15
2	13	NOE	5.600000e-01	5.600000e-01	1.938519e-09	0.000000e+00
2	14	NOE	5.200000e-01	5.200000e-01	1.802807e-09	0.000000e+00
2	15	NOE	7.800000e-01	7.800000e-01	4.459675e-09	5.046468e-16
2	18	NOE	7.700000e-01	7.700000e-01	4.094597e-09	3.700743e-15
2	19	NOE	7.600000e-01	7.600000e-01	3.805509e-09	0.000000e+00
2	20	NOE	7.800000e-01	7.800000e-01	4.459675e-09	1.233581e-15
2	21	NOE	6.600000e-01	6.600000e-01	2.458847e-09	2.775558e-15
2	22	NOE	8.200000e-01	8.200000e-01	8.698455e-09	0.000000e+00
2	23	NOE	7.400000e-01	7.400000e-01	3.371255e-09	0.000000e+00
2	24	NOE	7.300000e-01	7.300000e-01	3.202302e-09	0.000000e+00
2	25	NOE	7.600000e-01	7.600000e-01	3.805509e-09	0.000000e+00
2	26	NOE	8.000000e-01	8.000000e-01	5.619330e-09	0.000000e+00
2	27	NOE	8.100000e-01	8.100000e-01	6.678119e-09	0.000000e+00
2	28	NOE	8.100000e-01	8.100000e-01	6.678119e-09	0.000000e+00
2	29	NOE	8.300000e-01	8.300000e-01	1.571497e-08	0.000000e+00
2	30	NOE	8.200000e-01	8.200000e-01	8.698455e-09	0.000000e+00
2	31	NOE	8.100000e-01	8.100000e-01	6.678119e-09	0.000000e+00
2	32	NOE	8.000000e-01	8.000000e-01	5.619330e-09	0.000000e+00
2	33	NOE	8.100000e-01	8.100000e-01	6.678119e-09	0.000000e+00
2	34	NOE	7.800000e-01	7.800000e-01	4.459675e-09	1.110223e-14
2	35	NOE	8.100000e-01	8.100000e-01	6.678119e-09	0.000000e+00
2	36	NOE	8.500000e-01	8.344307e-01	3.133534e-05	2.594890e-01
2	39	NOE	8.200000e-01	8.200000e-01	8.698455e-09	0.000000e+00
2	40	NOE	8.300000e-01	8.300000e-01	1.571497e-08	nan
2	41	NOE	8.100000e-01	8.100000e-01	6.678119e-09	0.000000e+00
2	42	NOE	7.900000e-01	7.900000e-01	4.941403e-09	-4.440892e-15
2	43	NOE	7.800000e-01	7.800000e-01	4.459675e-09	3.700743e-15
2	46	NOE	7.800000e-01	7.800000e-01	4.459675e-09	3.700743e-15
2	47	NOE	8.700000e-01	8.344307e-01	1.425039e-05	3.233577e-01
2	48	NOE	8.000000e-01	8.000000e-01	5.619330e-09	0.000000e+00
2	49	NOE	8.000000e-01	8.000000e-01	5.619330e-09	0.000000e+00
2	50	NOE	8.300000e-01	8.300000e-01	1.571497e-08	0.000000e+00
2	51	NOE	7.500000e-01	7.500000e-01	3.569183e-09	0.000000e+00
2	52	NOE	8.000000e-01	8.000000e-01	5.619330e-09	0.000000e+00
2	54	NOE	7.500000e-01	7.500000e-01	3.569183e-09	0.000000e+00
2	57	NOE	8.200000e-01	8.200000e-01	8.698455e-09	0.000000e+00
2	60	NOE	7.700000e-01	7.700000e-01	4.094597e-09	2.775558e-15
2	61	NOE	7.900000e-01	7.900000e-01	4.941403e-09	-1.110223e-14
2	62	NOE	8.300000e-01	8.300000e-01	1.571497e-08	0.000000e+00
2	63	NOE	7.800000e-01	7.800000e-01	4.459675e-09	3.700743e-15
2	64	NOE	7.200000e-01	7.200000e-01	3.055851e-09	0.000000e+00
2	65	NOE	7.800000e-01	7.800000e-01	4.459675e-09	1.586033e-15
2	66	NOE	7.200000e-01	7.200000e-01	3.055851e-09	0.000000e+00
2	67	NOE	6.900000e-01	6.900000e-01	2.711117e-09	0.000000e+00
2	68	NOE	6.900000e-01	6.900000e-01	2.711117e-09	0.000000e+00
2	69	NOE	6.800000e-01	6.800000e-01	2.618991e-09	3.700743e-15
2	70	NOE	6.800000e-01	6.800000e-01	2.618991e-09	5.551115e-15
2	71	NOE	7.200000e-01	7.200000e-01	3.055851e-09	0.000000e+00
2	73	NOE	7.200000e-01	7.200000e-01	3.055851e-09	0.000000e+00
2	74	NOE	7.100000e-01	7.100000e-01	2.927289e-09	0.000000e+00
2	75	NOE	7.100000e-01	7.100000e-01	2.927289e-09	0.000000e+00
2	76	NOE	6.600000e-01	6.600000e-01	2.458847e-09	2.775558e-15
2	77	NOE	6.200000e-01	6.200000e-01	2.207854e-09	2.220446e-14
2	78	NOE	6.400000e-01	6.400000e-01	2.323797e-09	-2.775558e-15
2	85	NOE	7.800000e-01	7.800000e-01	4.459675e-09	1.586033e-15
2	86	NOE	7.900000e-01	7.900000e-01	4.941403e-09	-3.172066e-15
2	90	NOE	7.500000e-01	7.500000e-01	3.569183e-09	0.000000e+00
2	91	NOE	7.800000e-01	7.800000e-01	4.459675e-09	3.700743e-15
2	92	NOE	8.100000e-01	8.100000e-01	6.678119e-09	0.000000e+00
2	94	NOE	7.700000e-01	7.700000e-01	4.094597e-09	3.700743e-15
2	95	NOE	7.600000e-01	7.600000e-01	3.805509e-09	0.000000e+00
2	96	NOE	8.200000e-01	8.200000e-01	8.698455e-09	0.000000e+00
2	97	NOE	7.800000e-01	7.800000e-01	4.459675e-09	5.551115e-15
2	98	NOE	7.600000e-01	7.600000e-01	3.805509e-09	0.000000e+00
2	99	NOE	8.000000e-01	8.000000e-01	5.619330e-09	0.000000e+00
2	100	NOE	8.000000e-01	8.000000e-01	5.619330e-09	0.000000e+00
2	101	NOE	7.500000e-01	7.500000e-01	3.569183e-09	0.000000e+00
2	102	NOE	7.800000e-01	7.800000e-01	4.459675e-09	3.700743e-15
2	103	NOE	7.800000e-01	7.800000e-01	4.459675e-09	3.700743e-15
2	104	NOE	8.000000e-01	8.000000e-01	5.619330e-09	0.000000e+00
2	105	NOE	6.700000e-01	6.700000e-01	2.535309e-09	-1.850372e-15
2	106	NOE	3.400000e-01	3.400000e-01	1.407775e-09	-3.330669e-15
2	107	NOE	-4.000000e-01	-4.000000e-01	8.080473e-10	2.775558e-15
2	108	NOE	-1.260000e+00	-1.260000e+00	5.357214e-10	-7.401487e-15


