4	1.287001e+00	6.090481e-02	-1.640000e+00	1.900000e-01	7.818608e-01	3.717354e-02	2.092354e-01	
5	2.417211e+00	4.197544e-01	-5.200000e-01	2.300000e-01	1.124227e+00	1.728365e-01	1.732206e-01	
9	6.686727e+00	2.342925e+00	9.000000e-02	1.400000e-01	1.213224e+00	5.092818e-03	1.119140e-01	
10	1.018745e+01	2.472138e+00	5.400000e-01	2.800000e-01	1.212636e+00	1.558714e-03	5.654445e-02	
11	9.262690e+00	1.449118e+00	6.600000e-01	9.000000e-02	1.151013e+00	1.348678e-02	3.966989e-02	
12	8.756567e+00	7.591070e-02	3.900000e-01	2.000000e-02	1.334757e+00	1.851771e-01	8.253419e-02	
13	1.023332e+01	8.859382e-01	5.600000e-01	1.100000e-01	1.216767e+00	2.815953e-02	5.427027e-02	
14	9.799118e+00	2.016477e-02	5.200000e-01	5.000000e-02	1.453594e+00	6.260628e-02	7.072716e-02	
15	1.171372e+01	4.294709e-01	7.800000e-01	2.200000e-01	1.413927e+00	3.660517e-02	3.153200e-02	
18	1.243626e+01	2.551901e-01	7.700000e-01	3.000000e-02	1.379881e+00	6.220605e-02	3.217151e-02	
19	1.234111e+01	2.771914e-01	7.600000e-01	2.000000e-02	1.249453e+00	2.858436e-02	3.039717e-02	
20	1.367054e+01	2.896697e-01	7.800000e-01	9.000000e-02	1.335827e+00	2.733038e-01	2.979029e-02	
21	1.274535e+01	7.472419e-02	6.600000e-01	4.000000e-02	1.194244e+00	5.799003e-02	4.115985e-02	
22	1.314752e+01	1.019857e-01	8.200000e-01	2.000000e-02	1.213519e+00	1.071484e-01	2.214220e-02	
23	1.230164e+01	1.770564e-01	7.400000e-01	6.000000e-02	1.112100e+00	7.731022e-02	2.931021e-02	
24	1.510802e+01	1.358101e+00	7.300000e-01	5.000000e-02	1.234720e+00	2.652690e-02	3.379358e-02	
25	1.235330e+01	4.959634e-01	7.600000e-01	7.000000e-02	1.269599e+00	3.043235e-02	3.088729e-02	
26	1.165094e+01	1.766034e+00	8.000000e-01	2.000000e-02	1.199832e+00	6.003119e-03	2.432497e-02	
27	1.920861e+01	1.807956e-01	8.100000e-01	3.000000e-02	1.130710e+00	1.591739e-02	2.177743e-02	
28	1.337614e+01	1.789210e-01	8.100000e-01	4.000000e-02	1.211240e+00	5.398939e-03	2.332844e-02	
29	1.313025e+01	3.103263e-02	8.300000e-01	2.000000e-02	1.164551e+00	7.282682e-03	2.006824e-02	
30	1.430820e+01	5.036224e-01	8.200000e-01	5.000000e-02	1.175157e+00	5.048915e-02	2.144225e-02	
31	1.323977e+01	2.699490e-01	8.100000e-01	2.000000e-02	1.173365e+00	6.260239e-02	2.259896e-02	
32	1.210068e+01	2.284252e-01	8.000000e-01	4.000000e-02	1.062982e+00	2.947987e-02	2.155051e-02	
33	1.402131e+01	4.049902e-01	8.100000e-01	4.000000e-02	1.121705e+00	7.224711e-02	2.160400e-02	
34	1.263903e+01	9.424959e-02	7.800000e-01	1.000000e-02	1.240541e+00	4.940003e-02	2.766531e-02	
35	1.414827e+01	1.261094e-01	8.100000e-01	1.100000e-01	1.207802e+00	1.412105e-01	2.326223e-02	
36	1.322401e+01	1.049247e-02	8.500000e-01	6.000000e-02	1.279754e+00	9.936357e-02	1.945896e-02	
39	1.357589e+01	2.543406e-01	8.200000e-01	1.000000e-02	1.197103e+00	3.758905e-02	2.184268e-02	
40	1.335113e+01	2.531190e-01	8.300000e-01	0.000000e+00	1.247661e+00	2.377015e-02	2.150043e-02	
41	1.257862e+01	8.116768e-01	8.100000e-01	2.000000e-02	1.159353e+00	1.614801e-01	2.232910e-02	
42	1.271294e+01	1.519218e-01	7.900000e-01	5.000000e-02	1.293745e+00	4.651422e-02	2.754037e-02	
43	1.371554e+01	3.329654e-01	7.800000e-01	3.000000e-02	1.152007e+00	6.672764e-02	2.569093e-02	
46	1.372119e+01	4.782082e-01	7.800000e-01	3.000000e-02	1.094511e+00	2.211424e-02	2.440870e-02	
47	1.348800e+01	5.839825e-01	8.700000e-01	1.100000e-01	1.085305e+00	1.033007e-02	1.430201e-02	
48	1.065190e+01	2.683397e+00	8.000000e-01	6.000000e-02	1.152273e+00	8.684700e-02	2.336077e-02	
49	1.358696e+01	5.870451e-01	8.000000e-01	4.000000e-02	1.188001e+00	3.143069e-02	2.408511e-02	
50	1.411034e+01	2.050748e-01	8.300000e-01	2.000000e-02	1.185958e+00	1.320701e-01	2.043714e-02	
51	1.393728e+01	2.700045e-01	7.500000e-01	3.000000e-02	1.115449e+00	1.073767e-02	2.826777e-02	
52	1.368176e+01	1.272896e-01	8.000000e-01	5.000000e-02	1.135203e+00	6.833897e-02	2.301470e-02	
54	1.298364e+01	8.445604e-01	7.500000e-01	4.000000e-02	1.298111e+00	6.994820e-02	3.289681e-02	
57	1.421464e+01	4.647288e-02	8.200000e-01	2.000000e-02	1.175848e+00	1.084250e-01	2.145485e-02	
60	1.487431e+01	7.190468e-01	7.700000e-01	4.000000e-02	1.231375e+00	4.503368e-03	2.870914e-02	
61	1.467351e+01	5.684237e-01	7.900000e-01	2.000000e-02	1.122712e+00	8.111210e-02	2.389955e-02	
62	1.303441e+01	1.410136e-01	8.300000e-01	7.000000e-02	1.243240e+00	8.536600e-02	2.142425e-02	
63	1.340483e+01	8.121959e-01	7.800000e-01	3.000000e-02	1.209409e+00	4.105716e-02	2.697105e-02	
64	1.424096e+01	3.427402e-01	7.200000e-01	4.000000e-02	1.171029e+00	9.599158e-03	3.323743e-02	
65	1.297522e+01	1.749222e+00	7.800000e-01	7.000000e-02	1.079622e+00	5.085443e-02	2.407666e-02	
66	1.197175e+01	3.382416e-01	7.200000e-01	1.000000e-02	1.056245e+00	3.510962e-02	2.997951e-02	
67	1.159958e+01	1.170588e-01	6.900000e-01	5.000000e-02	1.107481e+00	3.374141e-02	3.480165e-02	
68	1.016363e+01	5.278603e-01	6.900000e-01	3.000000e-02	1.261909e+00	8.439800e-03	3.965443e-02	
69	1.260398e+01	1.683920e-01	6.800000e-01	3.000000e-02	1.261591e+00	1.079272e-01	4.092327e-02	
70	1.159555e+01	4.988344e-01	6.800000e-01	2.000000e-02	1.228350e+00	1.316618e-01	3.984502e-02	
71	1.229256e+01	3.928785e-02	7.200000e-01	4.000000e-02	1.282627e+00	4.339857e-02	3.640493e-02	
73	1.251564e+01	1.566414e-02	7.200000e-01	4.000000e-02	1.239618e+00	1.430624e-01	3.518421e-02	
74	1.172333e+01	1.924110e-01	7.100000e-01	4.000000e-02	1.211974e+00	9.312710e-02	3.562815e-02	
75	1.447807e+01	9.998606e-01	7.100000e-01	4.000000e-02	1.138434e+00	8.981494e-02	3.346629e-02	
76	1.268392e+01	2.574108e-02	6.600000e-01	4.000000e-02	1.101322e+00	1.904267e-02	3.795726e-02	
77	1.512630e+01	1.013607e+00	6.200000e-01	1.000000e-02	1.011787e+00	7.477204e-02	3.897397e-02	
78	1.249531e+01	3.060204e-01	6.400000e-01	4.000000e-02	1.080030e+00	2.636212e-03	3.941307e-02	
85	1.230164e+01	1.039639e+00	7.800000e-01	7.000000e-02	1.274048e+00	2.824363e-02	2.841255e-02	
86	1.344086e+01	3.558937e-01	7.900000e-01	7.000000e-02	1.222419e+00	1.427065e-02	2.602204e-02	
90	1.249531e+01	1.498876e-01	7.500000e-01	2.000000e-02	1.252583e+00	5.158758e-02	3.174304e-02	
91	1.224290e+01	3.927081e-01	7.800000e-01	3.000000e-02	1.233578e+00	1.194546e-02	2.751003e-02	
92	1.229710e+01	1.512186e-02	8.100000e-01	3.000000e-02	1.022809e+00	8.578327e-03	1.969926e-02	
94	1.192464e+01	6.441522e-01	7.700000e-01	3.000000e-02	1.231300e+00	9.101141e-02	2.870737e-02	
95	1.321528e+01	5.239306e-02	7.600000e-01	1.000000e-02	1.114330e+00	1.281467e-02	2.710984e-02	
96	1.276813e+01	1.402016e-01	8.200000e-01	2.000000e-02	1.294247e+00	4.939798e-02	2.361519e-02	
97	1.384658e+01	1.190629e+00	7.800000e-01	2.000000e-02	1.428469e+00	5.521864e-01	3.185631e-02	
98	1.332623e+01	2.503995e-01	7.600000e-01	1.000000e-02	1.072846e+00	6.934770e-02	2.610060e-02	
99	1.377980e+01	3.190032e-01	8.000000e-01	6.000000e-02	1.252662e+00	1.642912e-02	2.539602e-02	
100	1.310960e+01	1.185844e-01	8.000000e-01	2.000000e-02	1.135589e+00	1.641614e-02	2.302254e-02	
101	1.297185e+01	1.262017e-01	7.500000e-01	3.000000e-02	1.083541e+00	8.136244e-03	2.745916e-02	
102	1.252191e+01	2.038378e-02	7.800000e-01	3.000000e-02	1.167202e+00	1.107598e-02	2.602977e-02	
103	1.270971e+01	5.153022e-01	7.800000e-01	3.000000e-02	1.178759e+00	5.688499e-02	2.628751e-02	
104	1.247816e+01	4.920264e-01	8.000000e-01	5.000000e-02	1.247972e+00	9.846099e-02	2.530094e-02	
105	1.184834e+01	4.085151e-01	6.700000e-01	6.000000e-02	1.167338e+00	2.842546e-02	3.904922e-02	
106	7.072136e+00	7.142157e-01	3.400000e-01	5.000000e-02	1.371084e+00	2.255845e-03	9.172966e-02	
107	2.317497e+00	9.796326e-02	-4.000000e-01	4.000000e-02	1.138434e+00	9.494722e-02	1.615614e-01	
108	1.082134e+00	1.076396e-01	-1.260000e+00	3.000000e-02	6.404099e-01	7.453198e-02	1.467129e-01	
