0	9	R2	2.396620e+01	2.396620e+01	1.846685e-08	0.000000e+00	9.623000e-01
0	13	R2	2.783820e+01	2.783820e+01	2.157164e-08	-4.792622e-07	8.385000e-01
0	14	R2	2.681370e+01	2.681370e+01	2.075168e-08	2.978466e-15	1.192800e+00
0	15	R2	2.503820e+01	2.503820e+01	1.932814e-08	3.147616e-15	1.128700e+00
0	16	R2	2.507330e+01	2.507330e+01	1.935631e-08	-5.693451e-15	6.240000e-01
0	17	R2	2.544840e+01	2.544840e+01	1.965733e-08	-7.017013e-15	1.012600e+00
0	20	R2	2.550430e+01	2.550430e+01	1.970218e-08	0.000000e+00	1.497800e+00
0	23	R2	2.445990e+01	2.445990e+01	1.886369e-08	-2.997818e-15	1.185100e+00
0	24	R2	2.607560e+01	2.607560e+01	2.016030e-08	-4.289681e-15	8.282000e-01
0	26	R2	2.237700e+01	2.237700e+01	1.718708e-08	4.756612e-15	7.469000e-01
0	28	R2	2.226390e+01	2.226390e+01	1.709585e-08	-3.678748e-07	8.584000e-01
0	32	R2	2.490760e+01	2.490760e+01	1.922328e-08	-2.538922e-15	1.399300e+00
0	34	R2	2.555380e+01	2.555380e+01	1.974189e-08	3.695354e-15	9.614000e-01
0	40	R2	2.724980e+01	2.724980e+01	2.110083e-08	0.000000e+00	7.622000e-01
0	42	R2	2.565960e+01	2.565960e+01	1.982675e-08	0.000000e+00	9.917000e-01
0	43	R2	2.890590e+01	2.890590e+01	2.242519e-08	-4.058853e-15	8.753000e-01
0	45	R2	2.509610e+01	2.509610e+01	1.937461e-08	2.049800e-15	1.733200e+00
0	48	R2	2.721050e+01	2.721050e+01	2.106937e-08	5.323215e-15	6.674000e-01
0	50	R2	2.728450e+01	2.728450e+01	2.112860e-08	-2.616651e-07	1.503300e+00
0	52	R2	2.595990e+01	2.595990e+01	2.006755e-08	2.362962e-15	1.503500e+00
0	54	R2	2.384390e+01	2.384390e+01	1.836850e-08	0.000000e+00	9.246000e-01
0	55	R2	2.407400e+01	2.407400e+01	1.855353e-08	4.630753e-15	7.672000e-01
0	56	R2	2.571380e+01	2.571380e+01	1.987022e-08	5.212315e-15	6.816000e-01
0	57	R2	2.483230e+01	2.483230e+01	1.916282e-08	-4.921338e-15	7.219000e-01
0	62	R2	2.428820e+01	2.428820e+01	1.872571e-08	8.597008e-15	8.265000e-01
0	63	R2	2.391170e+01	2.391170e+01	1.842302e-08	4.477270e-15	7.935000e-01
0	64	R2	2.537410e+01	2.537410e+01	1.959772e-08	-3.302400e-07	1.102100e+00
0	65	R2	2.536270e+01	2.536270e+01	1.958857e-08	-3.637839e-15	9.766000e-01
0	66	R2	2.524030e+01	2.524030e+01	1.949035e-08	-3.958455e-15	8.975000e-01
0	67	R2	2.430190e+01	2.430190e+01	1.873673e-08	-4.602506e-07	7.548000e-01
0	70	R2	2.516560e+01	2.516560e+01	1.943040e-08	1.216822e-14	8.759000e-01
0	76	R2	2.701450e+01	2.701450e+01	2.091247e-08	-2.047519e-07	1.900900e+00
0	79	R2	2.557940e+01	2.557940e+01	1.976242e-08	4.160573e-15	8.539000e-01
0	81	R2	2.381540e+01	2.381540e+01	1.834557e-08	4.604943e-15	7.715000e-01
0	82	R2	2.518310e+01	2.518310e+01	1.944444e-08	5.521781e-15	6.434000e-01
0	85	R2	2.625700e+01	2.625700e+01	2.030570e-08	-6.829515e-15	5.202000e-01
0	86	R2	2.604570e+01	2.604570e+01	2.013634e-08	-4.058389e-15	8.754000e-01
0	87	R2	2.530640e+01	2.530640e+01	1.954340e-08	-4.013005e-15	8.853000e-01
0	89	R2	2.461980e+01	2.461980e+01	1.899215e-08	-4.769383e-15	7.449000e-01
0	90	R2	2.545780e+01	2.545780e+01	1.966487e-08	-3.616680e-07	1.009900e+00
0	91	R2	2.531860e+01	2.531860e+01	1.955318e-08	-6.620786e-15	1.073200e+00
0	93	R2	2.583310e+01	2.583310e+01	1.996589e-08	0.000000e+00	1.439400e+00
0	95	R2	2.331190e+01	2.331190e+01	1.794041e-08	3.378710e-15	1.051500e+00
0	96	R2	2.449940e+01	2.449940e+01	1.889543e-08	-3.155795e-07	1.110500e+00
0	98	R2	2.390280e+01	2.390280e+01	1.841587e-08	0.000000e+00	8.253000e-01
0	99	R2	2.482500e+01	2.482500e+01	1.915696e-08	-2.497865e-15	1.422300e+00
0	100	R2	2.534950e+01	2.534950e+01	1.957798e-08	-8.787321e-15	8.086000e-01
0	110	R2	2.655680e+01	2.655680e+01	2.054591e-08	3.699202e-15	9.604000e-01
0	113	R2	2.535850e+01	2.535850e+01	1.958520e-08	-5.111083e-15	6.951000e-01
0	115	R2	2.628310e+01	2.628310e+01	2.032661e-08	0.000000e+00	9.009000e-01
0	117	R2	2.504840e+01	2.504840e+01	1.933632e-08	-5.278529e-15	1.346100e+00
0	118	R2	2.521430e+01	2.521430e+01	1.946948e-08	-4.858113e-07	7.441000e-01
0	120	R2	2.242040e+01	2.242040e+01	1.722208e-08	0.000000e+00	5.318000e-01
0	121	R2	2.542850e+01	2.542850e+01	1.964137e-08	-3.953170e-15	8.987000e-01
0	128	R2	2.459840e+01	2.459840e+01	1.897496e-08	-4.862290e-07	7.239000e-01
0	129	R2	2.516450e+01	2.516450e+01	1.942952e-08	4.728126e-15	7.514000e-01
0	130	R2	2.578560e+01	2.578560e+01	1.992780e-08	0.000000e+00	8.532000e-01
0	131	R2	2.575680e+01	2.575680e+01	1.990470e-08	7.579931e-15	9.374000e-01
0	132	R2	2.608200e+01	2.608200e+01	2.016543e-08	0.000000e+00	5.903000e-01
0	133	R2	2.502490e+01	2.502490e+01	1.931746e-08	3.063212e-15	1.159800e+00
0	134	R2	2.586110e+01	2.586110e+01	1.998834e-08	2.979465e-15	1.192400e+00
0	135	R2	2.395560e+01	2.395560e+01	1.845833e-08	1.937139e-15	1.834000e+00
0	136	R2	2.497760e+01	2.497760e+01	1.927949e-08	3.631146e-15	9.784000e-01
0	141	R2	2.560120e+01	2.560120e+01	1.977991e-08	0.000000e+00	7.664000e-01
0	143	R2	2.453370e+01	2.453370e+01	1.892299e-08	3.937397e-15	9.023000e-01
0	144	R2	2.637890e+01	2.637890e+01	2.040338e-08	0.000000e+00	9.115000e-01
0	145	R2	2.865300e+01	2.865300e+01	2.222310e-08	0.000000e+00	1.320600e+00
0	146	R2	2.621680e+01	2.621680e+01	2.027348e-08	-3.953257e-07	9.535000e-01
0	147	R2	2.517480e+01	2.517480e+01	1.943778e-08	-5.398851e-15	1.316100e+00
0	148	R2	2.594210e+01	2.594210e+01	2.005328e-08	3.390317e-15	1.047900e+00
0	149	R2	2.598570e+01	2.598570e+01	2.008824e-08	0.000000e+00	8.346000e-01
0	151	R2	2.651260e+01	2.651260e+01	2.051050e-08	-7.207047e-15	9.859000e-01
0	152	R2	2.649330e+01	2.649330e+01	2.049504e-08	0.000000e+00	8.774000e-01
0	153	R2	2.376410e+01	2.376410e+01	1.830431e-08	0.000000e+00	5.954000e-01
0	154	R2	2.454500e+01	2.454500e+01	1.893206e-08	0.000000e+00	9.643000e-01
0	155	R2	2.576770e+01	2.576770e+01	1.991344e-08	0.000000e+00	1.077800e+00
0	166	R2	2.517180e+01	2.517180e+01	1.943537e-08	3.945706e-15	9.004000e-01
0	168	R2	2.523330e+01	2.523330e+01	1.948473e-08	-3.461068e-07	1.045300e+00
0	169	R2	2.363750e+01	2.363750e+01	1.820246e-08	0.000000e+00	8.790000e-01
0	170	R2	2.530460e+01	2.530460e+01	1.954195e-08	-3.532420e-07	1.027300e+00
0	175	R2	2.487800e+01	2.487800e+01	1.919952e-08	-4.264450e-15	8.331000e-01
0	180	R2	2.479660e+01	2.479660e+01	1.913415e-08	3.458975e-15	1.027100e+00
0	181	R2	2.352200e+01	2.352200e+01	1.810952e-08	-3.735759e-07	8.976000e-01
0	182	R2	2.541250e+01	2.541250e+01	1.962853e-08	-5.936327e-07	6.141000e-01
0	183	R2	2.588350e+01	2.588350e+01	2.000630e-08	-2.407151e-15	1.475900e+00
0	184	R2	2.345420e+01	2.345420e+01	1.805495e-08	0.000000e+00	1.087100e+00
0	185	R2	2.578320e+01	2.578320e+01	1.992587e-08	-5.106675e-15	6.957000e-01
0	187	R2	2.451810e+01	2.451810e+01	1.891045e-08	-4.262404e-15	8.335000e-01
0	188	R2	2.330030e+01	2.330030e+01	1.793107e-08	4.097236e-15	8.671000e-01
0	190	R2	2.405530e+01	2.405530e+01	1.853850e-08	0.000000e+00	1.226400e+00
0	191	R2	2.155510e+01	2.155510e+01	1.652362e-08	-3.287038e-07	9.271000e-01
0	199	R2	2.425860e+01	2.425860e+01	1.870192e-08	0.000000e+00	9.144000e-01
0	200	R2	2.491760e+01	2.491760e+01	1.923131e-08	0.000000e+00	9.574000e-01
0	201	R2	2.272620e+01	2.272620e+01	1.746862e-08	0.000000e+00	1.258200e+00
0	202	R2	2.460680e+01	2.460680e+01	1.898171e-08	0.000000e+00	6.681000e-01
0	203	R2	2.471620e+01	2.471620e+01	1.906958e-08	-3.852368e-07	9.184000e-01
0	204	R2	2.437240e+01	2.437240e+01	1.879338e-08	-4.386066e-15	8.100000e-01
0	205	R2	2.497010e+01	2.497010e+01	1.927346e-08	9.046890e-15	3.927000e-01


1	9	NOE	6.819600e-01	6.819600e-01	3.437235e-09	1.412497e-15	7.860000e-02
1	13	NOE	1.001866e+00	8.214914e-01	2.249396e-05	1.061589e+00	1.699100e-01
1	14	NOE	1.018460e+00	8.214914e-01	5.844228e-05	9.721565e-01	2.026100e-01
1	15	NOE	7.148400e-01	7.148400e-01	3.945292e-09	-8.989660e-16	1.235000e-01
1	16	NOE	6.835070e-01	6.835070e-01	3.457020e-09	-1.118951e-15	9.922000e-02
1	17	NOE	7.038090e-01	7.038090e-01	3.751447e-09	-1.986268e-08	1.722700e-01
1	20	NOE	8.397540e-01	8.214914e-01	2.731210e-05	7.260620e-02	2.515300e-01
1	23	NOE	7.397450e-01	7.397450e-01	4.518247e-09	-9.518373e-16	1.166400e-01
1	24	NOE	7.303790e-01	7.303790e-01	4.275499e-09	-8.720627e-16	1.273100e-01
1	26	NOE	7.164270e-01	7.164270e-01	3.975645e-09	7.751871e-16	1.432200e-01
1	28	NOE	6.556030e-01	6.556030e-01	3.143497e-09	-9.563468e-16	1.160900e-01
1	32	NOE	8.362180e-01	8.214914e-01	2.766154e-05	1.084436e-01	1.358000e-01
1	34	NOE	1.047873e+00	8.214914e-01	2.500234e-05	1.643782e+00	1.377200e-01
1	40	NOE	8.153910e-01	8.153910e-01	1.667082e-08	0.000000e+00	9.026000e-02
1	42	NOE	6.999750e-01	6.999750e-01	3.690289e-09	-3.457731e-08	1.021000e-01
1	43	NOE	7.984670e-01	7.984670e-01	8.566005e-09	0.000000e+00	1.206700e-01
1	45	NOE	8.075800e-01	8.075800e-01	1.103058e-08	0.000000e+00	1.523700e-01
1	48	NOE	8.320190e-01	8.214914e-01	2.096324e-05	6.781524e-02	1.552400e-01
1	50	NOE	8.468080e-01	8.214914e-01	2.176170e-05	1.606182e-01	1.576200e-01
1	52	NOE	8.115390e-01	8.115390e-01	1.304663e-08	0.000000e+00	9.191000e-02
1	54	NOE	8.572470e-01	8.214914e-01	2.511646e-05	5.404419e-01	6.616000e-02
1	55	NOE	7.976290e-01	7.976290e-01	8.413517e-09	-7.965440e-16	1.393800e-01
1	56	NOE	7.466860e-01	7.466860e-01	4.726667e-09	0.000000e+00	1.455300e-01
1	57	NOE	6.725110e-01	6.725110e-01	3.323094e-09	8.805005e-16	1.260900e-01
1	62	NOE	7.841380e-01	7.841380e-01	6.715207e-09	0.000000e+00	6.279000e-02
1	63	NOE	1.048383e+00	8.214914e-01	2.225758e-05	2.000632e+00	1.134100e-01
1	64	NOE	8.086220e-01	8.086220e-01	1.146969e-08	-6.344598e-09	6.029000e-02
1	65	NOE	8.189070e-01	8.189070e-01	2.562217e-08	1.026843e-15	1.081200e-01
1	66	NOE	8.523520e-01	8.214914e-01	3.192818e-05	4.811449e-01	6.414000e-02
1	67	NOE	7.573010e-01	7.573010e-01	5.108231e-09	-1.000639e-08	1.886400e-01
1	70	NOE	7.601560e-01	7.601560e-01	5.227330e-09	0.000000e+00	9.408000e-02
1	76	NOE	7.955840e-01	7.955840e-01	8.072914e-09	0.000000e+00	1.530100e-01
1	79	NOE	8.361750e-01	8.214914e-01	2.694762e-05	1.946141e-01	7.545000e-02
1	81	NOE	7.788310e-01	7.788310e-01	6.280172e-09	0.000000e+00	9.692000e-02
1	82	NOE	7.802440e-01	7.802440e-01	6.387777e-09	1.137174e-15	9.763000e-02
1	85	NOE	8.968260e-01	8.214914e-01	3.237598e-05	5.111938e-01	1.473700e-01
1	86	NOE	8.378450e-01	8.214914e-01	2.778603e-05	1.368734e-01	1.194800e-01
1	87	NOE	7.119550e-01	7.119550e-01	3.891800e-09	-8.591063e-16	1.292300e-01
1	89	NOE	7.327270e-01	7.327270e-01	4.332751e-09	8.387271e-16	1.323700e-01
1	90	NOE	6.814570e-01	6.814570e-01	3.430872e-09	-1.111446e-15	9.989000e-02
1	91	NOE	6.416080e-01	6.416080e-01	3.014203e-09	-5.342809e-08	9.660000e-02
1	93	NOE	7.698150e-01	7.698150e-01	5.700706e-09	0.000000e+00	1.434300e-01
1	95	NOE	8.312670e-01	8.214914e-01	2.491443e-05	1.101977e-01	8.871000e-02
1	96	NOE	6.086980e-01	6.086980e-01	2.761502e-09	0.000000e+00	7.454000e-02
1	98	NOE	6.859180e-01	6.859180e-01	3.488520e-09	-2.238579e-15	9.919000e-02
1	99	NOE	8.122780e-01	8.122780e-01	1.356081e-08	-8.041016e-16	1.380700e-01
1	100	NOE	8.804140e-01	8.214914e-01	2.824013e-05	3.549129e-01	1.660200e-01
1	110	NOE	7.156850e-01	7.156850e-01	3.961369e-09	0.000000e+00	9.092000e-02
1	113	NOE	7.113220e-01	7.113220e-01	3.880343e-09	0.000000e+00	8.030000e-02
1	115	NOE	7.965610e-01	7.965610e-01	8.230416e-09	9.282801e-16	1.196000e-01
1	117	NOE	7.696800e-01	7.696800e-01	5.693194e-09	1.152640e-15	9.632000e-02
1	118	NOE	7.462300e-01	7.462300e-01	4.712100e-09	0.000000e+00	7.540000e-02
1	120	NOE	6.831750e-01	6.831750e-01	3.452746e-09	-1.159502e-15	9.575000e-02
1	121	NOE	7.538240e-01	7.538240e-01	4.973445e-09	8.777854e-16	1.264800e-01
1	128	NOE	7.239910e-01	7.239910e-01	4.130280e-09	0.000000e+00	1.093600e-01
1	129	NOE	7.079490e-01	7.079490e-01	3.820906e-09	9.279698e-16	1.196400e-01
1	130	NOE	8.138790e-01	8.138790e-01	1.492131e-08	0.000000e+00	1.105900e-01
1	131	NOE	7.537530e-01	7.537530e-01	4.970801e-09	1.079458e-15	1.028500e-01
1	132	NOE	8.026040e-01	8.026040e-01	9.461786e-09	-7.658295e-16	1.449700e-01
1	133	NOE	8.388020e-01	8.214914e-01	3.823814e-05	2.084865e-01	8.303000e-02
1	134	NOE	7.737100e-01	7.737100e-01	5.930922e-09	9.388778e-16	1.182500e-01
1	135	NOE	8.496460e-01	8.214914e-01	2.589916e-05	2.190170e-01	1.285500e-01
1	136	NOE	7.442770e-01	7.442770e-01	4.651171e-09	-1.669257e-15	6.651000e-02
1	141	NOE	8.470210e-01	8.214914e-01	3.586136e-05	1.980270e-01	1.289200e-01
1	143	NOE	8.020590e-01	8.020590e-01	9.327632e-09	0.000000e+00	1.078100e-01
1	144	NOE	7.464870e-01	7.464870e-01	4.720293e-09	0.000000e+00	1.175400e-01
1	145	NOE	8.033230e-01	8.033230e-01	9.647912e-09	0.000000e+00	1.454400e-01
1	146	NOE	7.566040e-01	7.566040e-01	5.080350e-09	-1.538443e-08	1.240100e-01
1	147	NOE	5.286030e-01	5.286030e-01	2.333288e-09	-1.744536e-15	6.364000e-02
1	148	NOE	8.095830e-01	8.095830e-01	1.192470e-08	9.219590e-16	1.204200e-01
1	149	NOE	8.156690e-01	8.156690e-01	1.706466e-08	0.000000e+00	1.176700e-01
1	151	NOE	7.787360e-01	7.787360e-01	6.273129e-09	0.000000e+00	1.168900e-01
1	152	NOE	6.725380e-01	6.725380e-01	3.323404e-09	-2.293375e-15	4.841000e-02
1	153	NOE	8.163270e-01	8.163270e-01	1.812043e-08	0.000000e+00	1.399900e-01
1	154	NOE	7.383360e-01	7.383360e-01	4.479140e-09	8.046261e-16	1.379800e-01
1	155	NOE	7.480650e-01	7.480650e-01	4.771537e-09	0.000000e+00	1.427500e-01
1	166	NOE	7.858160e-01	7.858160e-01	6.872520e-09	0.000000e+00	1.095700e-01
1	168	NOE	6.758870e-01	6.758870e-01	3.362610e-09	1.180084e-15	9.408000e-02
1	169	NOE	8.742880e-01	8.214914e-01	4.050160e-05	4.029662e-01	1.310200e-01
1	170	NOE	7.577630e-01	7.577630e-01	5.126962e-09	0.000000e+00	1.028000e-01
1	175	NOE	7.194530e-01	7.194530e-01	4.035455e-09	0.000000e+00	9.792000e-02
1	180	NOE	7.032800e-01	7.032800e-01	3.742834e-09	-2.389632e-15	4.646000e-02
1	181	NOE	7.625790e-01	7.625790e-01	5.335099e-09	-9.259575e-16	1.199000e-01
1	182	NOE	7.951800e-01	7.951800e-01	8.010360e-09	0.000000e+00	1.314100e-01
1	183	NOE	7.328200e-01	7.328200e-01	4.335065e-09	-1.151445e-15	9.642000e-02
1	184	NOE	7.836940e-01	7.836940e-01	6.675340e-09	-8.202608e-16	1.353500e-01
1	185	NOE	8.949500e-01	8.214914e-01	3.948390e-05	5.063319e-01	1.450800e-01
1	187	NOE	8.504020e-01	8.214914e-01	3.435336e-05	1.617288e-01	1.787600e-01
1	188	NOE	7.270470e-01	7.270470e-01	4.197926e-09	0.000000e+00	9.013000e-02
1	190	NOE	7.335520e-01	7.335520e-01	4.353406e-09	0.000000e+00	1.121100e-01
1	191	NOE	6.878040e-01	6.878040e-01	3.513747e-09	1.314029e-15	8.449000e-02
1	199	NOE	7.750840e-01	7.750840e-01	6.018945e-09	-1.102396e-15	1.007100e-01
1	200	NOE	6.833580e-01	6.833580e-01	3.455100e-09	-1.615340e-15	6.873000e-02
1	201	NOE	8.024120e-01	8.024120e-01	9.413870e-09	-8.283392e-16	1.340300e-01
1	202	NOE	7.327010e-01	7.327010e-01	4.332105e-09	1.175835e-15	9.442000e-02
1	203	NOE	8.346410e-01	8.214914e-01	2.556985e-05	9.164788e-02	1.434800e-01
1	204	NOE	7.768310e-01	7.768310e-01	6.136659e-09	0.000000e+00	1.196300e-01
1	205	NOE	6.448210e-01	6.448210e-01	3.042540e-09	0.000000e+00	1.180100e-01


2	9	R1	1.312470e+00	1.312470e+00	1.395219e-08	0.000000e+00	4.757000e-02
2	13	R1	1.231360e+00	1.231360e+00	1.496323e-08	0.000000e+00	3.412000e-02
2	14	R1	1.152500e+00	1.152500e+00	1.607559e-08	-6.471717e-15	3.431000e-02
2	15	R1	1.183690e+00	1.183690e+00	1.561871e-08	9.478959e-15	4.685000e-02
2	16	R1	1.387610e+00	1.387610e+00	1.311537e-08	1.366989e-14	4.873000e-02
2	17	R1	1.344640e+00	1.344640e+00	1.358317e-08	0.000000e+00	5.031000e-02
2	20	R1	1.595030e+00	1.595030e+00	1.118833e-08	0.000000e+00	5.134000e-02
2	23	R1	1.234510e+00	1.234510e+00	1.492161e-08	-7.532042e-15	2.948000e-02
2	24	R1	1.318230e+00	1.318230e+00	1.388487e-08	-3.025955e-15	7.338000e-02
2	26	R1	1.185430e+00	1.185430e+00	1.559390e-08	0.000000e+00	7.665000e-02
2	28	R1	1.565890e+00	1.565890e+00	1.143072e-08	0.000000e+00	6.757000e-02
2	32	R1	1.117480e+00	1.117480e+00	1.661766e-08	0.000000e+00	5.466000e-02
2	34	R1	1.245630e+00	1.245630e+00	1.477631e-08	5.880419e-15	3.776000e-02
2	40	R1	1.585710e+00	1.585710e+00	1.126497e-08	0.000000e+00	8.428000e-02
2	42	R1	1.202660e+00	1.202660e+00	1.535193e-08	6.386097e-15	3.477000e-02
2	43	R1	1.209790e+00	1.209790e+00	1.525372e-08	-7.318543e-15	3.034000e-02
2	45	R1	1.342980e+00	1.342980e+00	1.360180e-08	0.000000e+00	9.952000e-02
2	48	R1	1.388860e+00	1.388860e+00	1.310216e-08	-7.335468e-15	3.027000e-02
2	50	R1	1.336420e+00	1.336420e+00	1.367587e-08	-1.683431e-15	1.319000e-01
2	52	R1	1.189230e+00	1.189230e+00	1.553996e-08	-3.919587e-15	5.665000e-02
2	54	R1	1.215170e+00	1.215170e+00	1.518035e-08	-1.135197e-14	3.912000e-02
2	55	R1	1.068490e+00	1.068490e+00	1.743323e-08	5.212315e-15	4.260000e-02
2	56	R1	1.153110e+00	1.153110e+00	1.606643e-08	8.163405e-15	2.720000e-02
2	57	R1	1.336680e+00	1.336680e+00	1.367292e-08	-2.264837e-15	9.804000e-02
2	62	R1	1.298980e+00	1.298980e+00	1.411205e-08	9.171607e-15	2.421000e-02
2	63	R1	1.561560e+00	1.561560e+00	1.146744e-08	0.000000e+00	7.704000e-02
2	64	R1	1.204130e+00	1.204130e+00	1.533159e-08	0.000000e+00	3.229000e-02
2	65	R1	1.280830e+00	1.280830e+00	1.433215e-08	0.000000e+00	3.754000e-02
2	66	R1	1.279160e+00	1.279160e+00	1.435270e-08	5.361406e-07	3.238000e-02
2	67	R1	1.444980e+00	1.444980e+00	1.253138e-08	1.372764e-14	3.235000e-02
2	70	R1	1.330070e+00	1.330070e+00	1.374822e-08	0.000000e+00	2.642000e-02
2	76	R1	1.597880e+00	1.597880e+00	1.116505e-08	1.208209e-15	1.837800e-01
2	79	R1	1.346700e+00	1.346700e+00	1.356010e-08	-4.372678e-15	5.078000e-02
2	81	R1	1.260440e+00	1.260440e+00	1.458657e-08	-2.596709e-15	8.551000e-02
2	82	R1	1.276490e+00	1.276490e+00	1.438566e-08	0.000000e+00	5.000000e-02
2	85	R1	1.194690e+00	1.194690e+00	1.546303e-08	-5.148264e-15	4.313000e-02
2	86	R1	1.313550e+00	1.313550e+00	1.393952e-08	-4.043792e-15	5.491000e-02
2	87	R1	1.292020e+00	1.292020e+00	1.419576e-08	4.237925e-07	4.129000e-02
2	89	R1	1.243170e+00	1.243170e+00	1.480824e-08	4.106614e-15	5.407000e-02
2	90	R1	1.286410e+00	1.286410e+00	1.426386e-08	-5.394670e-15	4.116000e-02
2	91	R1	1.389970e+00	1.389970e+00	1.309046e-08	-1.394972e-14	6.367000e-02
2	93	R1	1.134070e+00	1.134070e+00	1.635686e-08	0.000000e+00	2.675000e-02
2	95	R1	1.332100e+00	1.332100e+00	1.372502e-08	3.937659e-15	5.639000e-02
2	96	R1	1.923800e+00	1.923800e+00	8.910484e-09	1.864939e-07	1.206000e-01
2	98	R1	1.456090e+00	1.456090e+00	1.242324e-08	1.430239e-14	3.105000e-02
2	99	R1	1.313940e+00	1.313940e+00	1.393496e-08	3.640154e-07	4.871000e-02
2	100	R1	1.229770e+00	1.229770e+00	1.498431e-08	0.000000e+00	5.029000e-02
2	110	R1	1.554630e+00	1.554630e+00	1.152659e-08	-8.969687e-15	4.951000e-02
2	113	R1	1.054450e+00	1.054450e+00	1.768043e-08	4.460518e-15	4.978000e-02
2	115	R1	1.202720e+00	1.202720e+00	1.535110e-08	5.544185e-15	4.005000e-02
2	117	R1	1.254180e+00	1.254180e+00	1.466625e-08	6.309878e-15	3.519000e-02
2	118	R1	1.361490e+00	1.361490e+00	1.339643e-08	-1.747695e-14	2.541000e-02
2	120	R1	1.262670e+00	1.262670e+00	1.455836e-08	0.000000e+00	3.790000e-02
2	121	R1	1.274520e+00	1.274520e+00	1.441006e-08	-5.900734e-15	3.763000e-02
2	128	R1	1.398480e+00	1.398480e+00	1.300129e-08	-4.633652e-15	4.792000e-02
2	129	R1	1.271970e+00	1.271970e+00	1.444175e-08	0.000000e+00	2.458000e-02
2	130	R1	1.360960e+00	1.360960e+00	1.340224e-08	0.000000e+00	4.983000e-02
2	131	R1	1.202400e+00	1.202400e+00	1.535553e-08	6.483054e-15	3.425000e-02
2	132	R1	1.630550e+00	1.630550e+00	1.090347e-08	0.000000e+00	8.247000e-02
2	133	R1	1.382640e+00	1.382640e+00	1.316808e-08	-7.532042e-15	5.896000e-02
2	134	R1	1.178480e+00	1.178480e+00	1.569342e-08	7.091811e-15	3.131000e-02
2	135	R1	1.334190e+00	1.334190e+00	1.370120e-08	0.000000e+00	7.811000e-02
2	136	R1	1.285530e+00	1.285530e+00	1.427459e-08	4.816586e-15	4.610000e-02
2	141	R1	1.114870e+00	1.114870e+00	1.665937e-08	0.000000e+00	3.143000e-02
2	143	R1	1.279390e+00	1.279390e+00	1.434987e-08	-1.614870e-14	2.750000e-02
2	144	R1	1.236050e+00	1.236050e+00	1.490134e-08	0.000000e+00	3.152000e-02
2	145	R1	1.338200e+00	1.338200e+00	1.365571e-08	1.398706e-14	3.175000e-02
2	146	R1	1.289280e+00	1.289280e+00	1.422895e-08	-5.128051e-15	4.330000e-02
2	147	R1	1.234410e+00	1.234410e+00	1.492293e-08	0.000000e+00	2.128000e-02
2	148	R1	1.351440e+00	1.351440e+00	1.350728e-08	-1.111520e-14	5.993000e-02
2	149	R1	1.362820e+00	1.362820e+00	1.338188e-08	3.572721e-15	6.215000e-02
2	151	R1	1.189560e+00	1.189560e+00	1.553529e-08	0.000000e+00	4.292000e-02
2	152	R1	1.226220e+00	1.226220e+00	1.503157e-08	1.590628e-07	1.054900e-01
2	153	R1	1.103060e+00	1.103060e+00	1.685047e-08	0.000000e+00	5.132000e-02
2	154	R1	1.482180e+00	1.482180e+00	1.217518e-08	1.004575e-14	6.631000e-02
2	155	R1	1.294150e+00	1.294150e+00	1.417006e-08	-1.608436e-14	2.761000e-02
2	166	R1	1.229690e+00	1.229690e+00	1.498537e-08	6.030543e-15	3.682000e-02
2	168	R1	3.245600e-01	3.245600e-01	5.904819e-08	-1.513596e-16	7.335000e-01
2	169	R1	1.208490e+00	1.208490e+00	1.527155e-08	6.658009e-15	3.335000e-02
2	170	R1	1.147180e+00	1.147180e+00	1.615589e-08	7.292105e-15	3.045000e-02
2	175	R1	1.235920e+00	1.235920e+00	1.490305e-08	-6.517306e-15	3.407000e-02
2	180	R1	1.369010e+00	1.369010e+00	1.331448e-08	4.949724e-15	4.486000e-02
2	181	R1	1.217020e+00	1.217020e+00	1.515526e-08	-5.183114e-15	4.284000e-02
2	182	R1	1.201780e+00	1.201780e+00	1.536413e-08	0.000000e+00	2.968000e-02
2	183	R1	1.432400e+00	1.432400e+00	1.265571e-08	2.552824e-15	8.698000e-02
2	184	R1	1.248750e+00	1.248750e+00	1.473598e-08	0.000000e+00	1.109100e-01
2	185	R1	1.364580e+00	1.364580e+00	1.336266e-08	-3.838945e-15	5.784000e-02
2	187	R1	1.350310e+00	1.350310e+00	1.351984e-08	4.565107e-07	3.967000e-02
2	188	R1	1.159060e+00	1.159060e+00	1.597754e-08	1.002006e-14	2.216000e-02
2	190	R1	1.313180e+00	1.313180e+00	1.394386e-08	-2.258157e-15	9.833000e-02
2	191	R1	1.460870e+00	1.460870e+00	1.237718e-08	2.852211e-15	7.785000e-02
2	199	R1	1.390600e+00	1.390600e+00	1.308382e-08	0.000000e+00	8.916000e-02
2	200	R1	1.366080e+00	1.366080e+00	1.334631e-08	6.532645e-15	3.399000e-02
2	201	R1	1.195180e+00	1.195180e+00	1.545616e-08	3.560119e-15	6.237000e-02
2	202	R1	1.291140e+00	1.291140e+00	1.420641e-08	6.106837e-15	3.636000e-02
2	203	R1	1.151200e+00	1.151200e+00	1.609514e-08	0.000000e+00	6.671000e-02
2	204	R1	1.156990e+00	1.156990e+00	1.600836e-08	-7.046798e-15	3.151000e-02
2	205	R1	1.186360e+00	1.186360e+00	1.558067e-08	-4.786476e-15	4.639000e-02


