0	9	R2	2.179640e+01	2.179640e+01	1.315079e-08	0.000000e+00	5.335000e-01
0	13	R2	2.483100e+01	2.483100e+01	1.503945e-08	-4.651366e-15	7.638000e-01
0	14	R2	2.478890e+01	2.478890e+01	1.501329e-08	0.000000e+00	6.282000e-01
0	15	R2	2.294810e+01	2.294810e+01	1.386840e-08	-4.414406e-15	8.048000e-01
0	16	R2	2.511750e+01	2.511750e+01	1.521743e-08	8.360310e-15	8.499000e-01
0	17	R2	2.602470e+01	2.602470e+01	1.578068e-08	-3.876815e-15	9.164000e-01
0	20	R2	2.351700e+01	2.351700e+01	1.422249e-08	-2.558855e-15	1.388400e+00
0	23	R2	2.594350e+01	2.594350e+01	1.573029e-08	-3.264762e-15	1.088200e+00
0	24	R2	2.465490e+01	2.465490e+01	1.493003e-08	-3.648299e-15	9.738000e-01
0	26	R2	1.999330e+01	1.999330e+01	1.202479e-08	-3.242119e-15	1.095800e+00
0	28	R2	2.032210e+01	2.032210e+01	1.223038e-08	0.000000e+00	4.996000e-01
0	32	R2	2.526390e+01	2.526390e+01	1.530836e-08	0.000000e+00	9.426000e-01
0	34	R2	2.446390e+01	2.446390e+01	1.481132e-08	6.633147e-15	5.356000e-01
0	40	R2	2.165070e+01	2.165070e+01	1.305992e-08	0.000000e+00	6.945000e-01
0	42	R2	2.375140e+01	2.375140e+01	1.436831e-08	5.322417e-15	6.675000e-01
0	43	R2	2.714220e+01	2.714220e+01	1.647390e-08	0.000000e+00	7.483000e-01
0	45	R2	2.092200e+01	2.092200e+01	1.260516e-08	3.496077e-15	1.016200e+00
0	48	R2	2.576270e+01	2.576270e+01	1.561806e-08	-2.870880e-15	1.237500e+00
0	50	R2	2.446860e+01	2.446860e+01	1.481425e-08	0.000000e+00	1.609300e+00
0	52	R2	2.382700e+01	2.382700e+01	1.441533e-08	-4.115748e-15	8.632000e-01
0	54	R2	2.338920e+01	2.338920e+01	1.414297e-08	5.860630e-15	6.062000e-01
0	55	R2	2.293670e+01	2.293670e+01	1.386131e-08	0.000000e+00	9.927000e-01
0	56	R2	2.365080e+01	2.365080e+01	1.430573e-08	0.000000e+00	4.766000e-01
0	57	R2	2.403030e+01	2.403030e+01	1.454176e-08	0.000000e+00	5.879000e-01
0	62	R2	2.350850e+01	2.350850e+01	1.421720e-08	6.129596e-15	5.796000e-01
0	63	R2	2.419230e+01	2.419230e+01	1.464249e-08	-4.055609e-15	8.760000e-01
0	64	R2	2.455430e+01	2.455430e+01	1.486751e-08	5.726489e-15	6.204000e-01
0	65	R2	2.481080e+01	2.481080e+01	1.502690e-08	1.613770e-14	4.403000e-01
0	66	R2	2.326680e+01	2.326680e+01	1.406679e-08	4.058853e-15	8.753000e-01
0	67	R2	2.479870e+01	2.479870e+01	1.501938e-08	3.333377e-15	1.065800e+00
0	70	R2	2.430150e+01	2.430150e+01	1.471038e-08	-5.199347e-15	6.833000e-01
0	76	R2	2.635260e+01	2.635260e+01	1.598415e-08	-4.716200e-15	7.533000e-01
0	79	R2	2.468800e+01	2.468800e+01	1.495060e-08	4.733796e-15	7.505000e-01
0	81	R2	2.253190e+01	2.253190e+01	1.360920e-08	-1.055314e-14	6.733000e-01
0	82	R2	2.480280e+01	2.480280e+01	1.502193e-08	0.000000e+00	4.432000e-01
0	85	R2	2.666990e+01	2.666990e+01	1.618099e-08	-7.055334e-15	1.007100e+00
0	86	R2	2.328440e+01	2.328440e+01	1.407775e-08	-3.974397e-15	8.939000e-01
0	87	R2	2.475800e+01	2.475800e+01	1.499409e-08	0.000000e+00	1.056400e+00
0	89	R2	2.311940e+01	2.311940e+01	1.397505e-08	0.000000e+00	1.109200e+00
0	90	R2	2.344120e+01	2.344120e+01	1.417532e-08	-2.724683e-15	1.303900e+00
0	91	R2	2.622820e+01	2.622820e+01	1.590697e-08	0.000000e+00	1.087400e+00
0	93	R2	2.442170e+01	2.442170e+01	1.478510e-08	0.000000e+00	1.015700e+00
0	95	R2	2.211420e+01	2.211420e+01	1.334892e-08	5.226116e-15	6.798000e-01
0	96	R2	2.478530e+01	2.478530e+01	1.501105e-08	0.000000e+00	3.608200e+00
0	98	R2	2.214840e+01	2.214840e+01	1.337024e-08	-3.834140e-15	9.266000e-01
0	99	R2	2.123180e+01	2.123180e+01	1.279856e-08	-7.663317e-15	9.272000e-01
0	100	R2	2.778070e+01	2.778070e+01	1.686970e-08	2.833557e-15	1.253800e+00
0	110	R2	2.449810e+01	2.449810e+01	1.483258e-08	-2.905392e-15	1.222800e+00
0	113	R2	2.221430e+01	2.221430e+01	1.341131e-08	5.877597e-15	1.208900e+00
0	115	R2	2.556940e+01	2.556940e+01	1.549806e-08	0.000000e+00	9.616000e-01
0	117	R2	2.322470e+01	2.322470e+01	1.404059e-08	0.000000e+00	7.248000e-01
0	118	R2	2.428670e+01	2.428670e+01	1.470118e-08	-4.567644e-15	7.778000e-01
0	120	R2	2.136280e+01	2.136280e+01	1.288031e-08	-5.742223e-15	6.187000e-01
0	121	R2	2.447870e+01	2.447870e+01	1.482052e-08	0.000000e+00	6.618000e-01
0	128	R2	2.405590e+01	2.405590e+01	1.455768e-08	0.000000e+00	9.787000e-01
0	129	R2	2.302900e+01	2.302900e+01	1.391877e-08	-1.836692e-15	1.934300e+00
0	130	R2	2.396620e+01	2.396620e+01	1.450190e-08	0.000000e+00	4.963000e-01
0	131	R2	2.611200e+01	2.611200e+01	1.583486e-08	5.880354e-15	1.812500e+00
0	132	R2	2.734930e+01	2.734930e+01	1.660230e-08	-9.717488e-15	7.312000e-01
0	133	R2	2.217440e+01	2.217440e+01	1.338644e-08	0.000000e+00	8.646000e-01
0	134	R2	2.289320e+01	2.289320e+01	1.383422e-08	1.079196e-14	6.584000e-01
0	135	R2	2.173370e+01	2.173370e+01	1.311169e-08	0.000000e+00	1.582000e+00
0	136	R2	2.272680e+01	2.272680e+01	1.373060e-08	-1.076091e-14	6.603000e-01
0	141	R2	2.135330e+01	2.135330e+01	1.287439e-08	-7.284629e-15	4.877000e-01
0	143	R2	2.235860e+01	2.235860e+01	1.350123e-08	4.917251e-15	7.225000e-01
0	144	R2	2.240790e+01	2.240790e+01	1.353195e-08	0.000000e+00	6.453000e-01
0	145	R2	2.698950e+01	2.698950e+01	1.637921e-08	6.448146e-15	1.652900e+00
0	146	R2	2.283390e+01	2.283390e+01	1.379730e-08	0.000000e+00	9.661000e-01
0	147	R2	2.363620e+01	2.363620e+01	1.429665e-08	-3.747193e-15	9.481000e-01
0	148	R2	2.488680e+01	2.488680e+01	1.507412e-08	6.998353e-15	1.015300e+00
0	149	R2	2.604460e+01	2.604460e+01	1.579303e-08	3.115869e-15	1.140200e+00
0	151	R2	2.343940e+01	2.343940e+01	1.417420e-08	0.000000e+00	6.367000e-01
0	152	R2	2.507090e+01	2.507090e+01	1.518848e-08	-6.488975e-15	5.475000e-01
0	153	R2	2.181610e+01	2.181610e+01	1.316307e-08	0.000000e+00	8.083000e-01
0	154	R2	2.476170e+01	2.476170e+01	1.499639e-08	-1.289973e-15	2.754100e+00
0	155	R2	2.272370e+01	2.272370e+01	1.372867e-08	9.387538e-15	7.569000e-01
0	166	R2	2.299970e+01	2.299970e+01	1.390053e-08	2.470078e-15	1.438300e+00
0	168	R2	2.397880e+01	2.397880e+01	1.450974e-08	0.000000e+00	1.028500e+00
0	169	R2	2.058470e+01	2.058470e+01	1.239448e-08	2.572566e-15	1.381000e+00
0	170	R2	2.235500e+01	2.235500e+01	1.349899e-08	0.000000e+00	5.238000e-01
0	175	R2	2.466750e+01	2.466750e+01	1.493786e-08	-4.092988e-15	8.680000e-01
0	180	R2	2.054240e+01	2.054240e+01	1.236805e-08	3.401353e-15	1.044500e+00
0	181	R2	2.117690e+01	2.117690e+01	1.276430e-08	5.988056e-15	5.933000e-01
0	182	R2	2.598200e+01	2.598200e+01	1.575418e-08	4.121000e-15	8.621000e-01
0	183	R2	2.430090e+01	2.430090e+01	1.471001e-08	9.257886e-15	7.675000e-01
0	184	R2	1.822000e+01	1.822000e+01	1.091368e-08	0.000000e+00	1.058600e+00
0	185	R2	2.496390e+01	2.496390e+01	1.512202e-08	2.676244e-15	1.327500e+00
0	187	R2	2.205250e+01	2.205250e+01	1.331046e-08	0.000000e+00	9.857000e-01
0	188	R2	2.096630e+01	2.096630e+01	1.263282e-08	-7.278659e-15	4.881000e-01
0	190	R2	2.137670e+01	2.137670e+01	1.288899e-08	0.000000e+00	4.200000e-01
0	191	R2	1.894360e+01	1.894360e+01	1.136758e-08	9.235024e-15	3.847000e-01
0	199	R2	2.161280e+01	2.161280e+01	1.303628e-08	1.552420e-14	4.577000e-01
0	200	R2	2.339140e+01	2.339140e+01	1.414433e-08	3.883172e-15	9.149000e-01
0	201	R2	2.031740e+01	2.031740e+01	1.222744e-08	-4.998894e-15	7.107000e-01
0	202	R2	2.301380e+01	2.301380e+01	1.390931e-08	4.805510e-15	7.393000e-01
0	203	R2	2.387930e+01	2.387930e+01	1.444786e-08	-5.547648e-15	6.404000e-01
0	204	R2	2.152950e+01	2.152950e+01	1.298432e-08	0.000000e+00	4.374000e-01
0	205	R2	2.313950e+01	2.313950e+01	1.398756e-08	7.799591e-15	4.555000e-01


1	9	NOE	8.854250e-01	8.602211e-01	1.808489e-05	3.140675e-01	8.025000e-02
1	13	NOE	7.828320e-01	7.828320e-01	2.573816e-09	0.000000e+00	6.223000e-02
1	14	NOE	1.018188e+00	8.602211e-01	1.272191e-05	1.640703e+00	9.628000e-02
1	15	NOE	1.009094e+00	8.602211e-01	1.178687e-05	1.398656e+00	1.064400e-01
1	16	NOE	7.530190e-01	7.530190e-01	2.179280e-09	0.000000e+00	1.050800e-01
1	17	NOE	8.741470e-01	8.602211e-01	1.546791e-05	1.429913e-01	9.739000e-02
1	20	NOE	7.845120e-01	7.845120e-01	2.602722e-09	-9.442278e-16	1.175800e-01
1	23	NOE	9.106750e-01	8.602211e-01	1.673157e-05	9.577433e-01	5.268000e-02
1	24	NOE	1.110861e+00	8.602211e-01	1.348963e-05	1.379340e+00	1.817100e-01
1	26	NOE	8.816820e-01	8.602211e-01	2.558015e-05	1.580915e-01	1.357500e-01
1	28	NOE	6.805950e-01	6.805950e-01	1.669296e-09	1.401266e-15	7.923000e-02
1	32	NOE	7.656120e-01	7.656120e-01	2.323187e-09	0.000000e+00	8.345000e-02
1	34	NOE	8.175780e-01	8.175780e-01	3.481216e-09	-1.208998e-15	9.183000e-02
1	40	NOE	5.273910e-01	5.273910e-01	1.203826e-09	1.688039e-15	6.577000e-02
1	42	NOE	8.319290e-01	8.319290e-01	4.280913e-09	0.000000e+00	9.518000e-02
1	43	NOE	7.129390e-01	7.129390e-01	1.850555e-09	3.503939e-15	6.337000e-02
1	45	NOE	7.397830e-01	7.397830e-01	2.052872e-09	1.329290e-15	8.352000e-02
1	48	NOE	8.582780e-01	8.582780e-01	1.638427e-08	0.000000e+00	9.507000e-02
1	50	NOE	1.054095e+00	8.602211e-01	1.974348e-05	1.184976e+00	1.636100e-01
1	52	NOE	8.787150e-01	8.602211e-01	1.420946e-05	2.743091e-01	6.742000e-02
1	54	NOE	8.223850e-01	8.223850e-01	3.697783e-09	-1.324227e-08	8.442000e-02
1	55	NOE	9.620510e-01	8.602211e-01	2.037248e-05	9.635685e-01	1.056800e-01
1	56	NOE	9.184180e-01	8.602211e-01	1.914593e-05	4.767894e-01	1.220600e-01
1	57	NOE	7.877830e-01	7.877830e-01	2.661843e-09	0.000000e+00	1.077100e-01
1	62	NOE	8.984970e-01	8.602211e-01	1.436550e-05	8.114462e-01	4.717000e-02
1	63	NOE	9.517210e-01	8.602211e-01	2.174625e-05	1.262416e+00	7.248000e-02
1	64	NOE	8.416300e-01	8.416300e-01	5.286856e-09	-8.174813e-09	6.749000e-02
1	65	NOE	8.647330e-01	8.602211e-01	1.468625e-05	5.218505e-02	8.646000e-02
1	66	NOE	8.416210e-01	8.416210e-01	5.285572e-09	-4.521865e-09	1.220700e-01
1	67	NOE	8.430550e-01	8.430550e-01	5.502814e-09	1.478326e-15	7.510000e-02
1	70	NOE	8.183410e-01	8.183410e-01	3.513092e-09	-1.241714e-08	9.956000e-02
1	76	NOE	6.616840e-01	6.616840e-01	1.584240e-09	1.112225e-15	9.982000e-02
1	79	NOE	6.825750e-01	6.825750e-01	1.678967e-09	0.000000e+00	6.826000e-02
1	81	NOE	7.464050e-01	7.464050e-01	2.113381e-09	-1.358736e-15	8.171000e-02
1	82	NOE	8.873450e-01	8.602211e-01	1.935611e-05	2.038013e-01	1.330900e-01
1	85	NOE	7.517520e-01	7.517520e-01	2.166195e-09	1.160835e-15	9.564000e-02
1	86	NOE	8.704340e-01	8.602211e-01	1.224344e-05	1.009581e-01	1.011600e-01
1	87	NOE	9.644470e-01	8.602211e-01	1.997458e-05	1.109967e+00	9.390000e-02
1	89	NOE	9.061270e-01	8.602211e-01	2.916055e-05	3.295945e-01	1.392800e-01
1	90	NOE	9.637840e-01	8.602211e-01	3.018349e-05	9.475974e-01	1.092900e-01
1	91	NOE	9.260810e-01	8.602211e-01	1.369084e-05	8.583334e-01	7.673000e-02
1	93	NOE	7.098220e-01	7.098220e-01	1.830607e-09	0.000000e+00	7.422000e-02
1	95	NOE	7.575730e-01	7.575730e-01	2.228278e-09	0.000000e+00	6.892000e-02
1	96	NOE	8.927040e-01	8.602211e-01	1.373895e-05	1.481547e-01	2.192500e-01
1	98	NOE	7.216440e-01	7.216440e-01	1.909745e-09	0.000000e+00	1.223400e-01
1	99	NOE	1.117228e+00	8.602211e-01	1.364204e-05	1.604488e+00	1.601800e-01
1	100	NOE	7.176940e-01	7.176940e-01	1.882223e-09	-6.875297e-16	1.614800e-01
1	110	NOE	9.483450e-01	8.602211e-01	1.424694e-05	6.935615e-01	1.270600e-01
1	113	NOE	9.807090e-01	8.602211e-01	2.372448e-05	1.066359e+00	1.129900e-01
1	115	NOE	7.739100e-01	7.739100e-01	2.434644e-09	0.000000e+00	5.892000e-02
1	117	NOE	9.132060e-01	8.602211e-01	1.401493e-05	3.779508e-01	1.401900e-01
1	118	NOE	7.249370e-01	7.249370e-01	1.933596e-09	1.755571e-15	6.324000e-02
1	120	NOE	6.871830e-01	6.871830e-01	1.702104e-09	1.455076e-15	7.630000e-02
1	121	NOE	8.194940e-01	8.194940e-01	3.562944e-09	-1.470448e-08	8.178000e-02
1	128	NOE	7.181410e-01	7.181410e-01	1.885280e-09	0.000000e+00	8.955000e-02
1	129	NOE	8.387110e-01	8.387110e-01	4.913423e-09	0.000000e+00	1.279800e-01
1	130	NOE	7.728070e-01	7.728070e-01	2.418926e-09	0.000000e+00	6.586000e-02
1	131	NOE	6.011110e-01	6.011110e-01	1.376708e-09	0.000000e+00	5.852000e-02
1	132	NOE	7.576430e-01	7.576430e-01	2.229056e-09	-1.124846e-15	9.870000e-02
1	133	NOE	7.020290e-01	7.020290e-01	1.783308e-09	0.000000e+00	8.297000e-02
1	134	NOE	8.482530e-01	8.482530e-01	6.594248e-09	0.000000e+00	8.539000e-02
1	135	NOE	9.752530e-01	8.602211e-01	2.447351e-05	9.715534e-01	1.184000e-01
1	136	NOE	8.960370e-01	8.602211e-01	1.739661e-05	3.854075e-01	9.293000e-02
1	141	NOE	1.004688e+00	8.602211e-01	3.296630e-05	1.466371e+00	9.852000e-02
1	143	NOE	1.420381e+00	8.602211e-01	8.862840e-06	3.580898e+00	1.564300e-01
1	144	NOE	1.005088e+00	8.602211e-01	1.237320e-05	1.307227e+00	1.108200e-01
1	145	NOE	9.872670e-01	8.602211e-01	2.017216e-05	1.297579e+00	9.791000e-02
1	146	NOE	8.023380e-01	8.023380e-01	2.982764e-09	0.000000e+00	1.085800e-01
1	147	NOE	7.545620e-01	7.545620e-01	2.195529e-09	0.000000e+00	8.063000e-02
1	148	NOE	8.445760e-01	8.445760e-01	5.765099e-09	0.000000e+00	9.507000e-02
1	149	NOE	9.768530e-01	8.602211e-01	1.644444e-05	9.516312e-01	1.225600e-01
1	151	NOE	9.059920e-01	8.602211e-01	2.072362e-05	4.271668e-01	1.071500e-01
1	152	NOE	9.782150e-01	8.602211e-01	1.517503e-05	1.526836e+00	7.728000e-02
1	153	NOE	8.689600e-01	8.602211e-01	2.210486e-05	8.955645e-02	9.758000e-02
1	154	NOE	1.569805e+00	8.602211e-01	9.166266e-06	3.238778e+00	2.190900e-01
1	155	NOE	1.041063e+00	8.602211e-01	2.813159e-05	1.202326e+00	1.504100e-01
1	166	NOE	9.447660e-01	8.602211e-01	1.107037e-05	5.901090e-01	1.432700e-01
1	168	NOE	8.386370e-01	8.386370e-01	4.904952e-09	1.003909e-15	1.105900e-01
1	169	NOE	8.351580e-01	8.351580e-01	4.550005e-09	-1.088774e-15	1.019700e-01
1	170	NOE	9.208280e-01	8.602211e-01	1.328593e-05	7.934920e-01	7.638000e-02
1	175	NOE	8.310430e-01	8.310430e-01	4.214989e-09	0.000000e+00	8.699000e-02
1	180	NOE	9.712900e-01	8.602211e-01	1.266667e-05	1.431116e+00	7.761000e-02
1	181	NOE	9.875390e-01	8.602211e-01	1.587045e-05	1.023950e+00	1.243400e-01
1	182	NOE	7.505900e-01	7.505900e-01	2.154392e-09	0.000000e+00	9.105000e-02
1	183	NOE	8.805100e-01	8.602211e-01	1.310858e-05	1.805867e-01	1.123500e-01
1	184	NOE	8.086080e-01	8.086080e-01	3.161026e-09	0.000000e+00	1.155100e-01
1	185	NOE	1.004466e+00	8.602211e-01	1.647533e-05	1.231599e+00	1.171200e-01
1	187	NOE	8.101220e-01	8.101220e-01	3.208992e-09	0.000000e+00	1.077300e-01
1	188	NOE	7.400500e-01	7.400500e-01	2.055216e-09	0.000000e+00	6.320000e-02
1	190	NOE	6.968800e-01	6.968800e-01	1.753910e-09	-1.559740e-15	7.118000e-02
1	191	NOE	6.754070e-01	6.754070e-01	1.644686e-09	1.671771e-15	6.641000e-02
1	199	NOE	8.264050e-01	8.264050e-01	3.913207e-09	0.000000e+00	8.174000e-02
1	200	NOE	7.331440e-01	7.331440e-01	1.996977e-09	0.000000e+00	6.454000e-02
1	201	NOE	9.369130e-01	8.602211e-01	1.285407e-05	6.541447e-01	1.172400e-01
1	202	NOE	7.902810e-01	7.902810e-01	2.709743e-09	0.000000e+00	6.059000e-02
1	203	NOE	7.233850e-01	7.233850e-01	1.922249e-09	0.000000e+00	9.423000e-02
1	204	NOE	6.919170e-01	6.919170e-01	1.726843e-09	-1.444286e-15	7.687000e-02
1	205	NOE	8.386320e-01	8.386320e-01	4.904381e-09	0.000000e+00	9.301000e-02


2	9	R1	6.795790e-01	6.795790e-01	1.383365e-08	-8.158006e-15	1.360900e-02
2	13	R1	6.849800e-01	6.849800e-01	1.372016e-08	1.840352e-14	1.809800e-02
2	14	R1	6.243790e-01	6.243790e-01	1.510381e-08	-1.079668e-14	1.028300e-02
2	15	R1	6.330570e-01	6.330570e-01	1.488974e-08	1.008377e-14	2.202000e-02
2	16	R1	6.725080e-01	6.725080e-01	1.398493e-08	0.000000e+00	1.489700e-02
2	17	R1	6.805390e-01	6.805390e-01	1.381335e-08	0.000000e+00	2.328800e-02
2	20	R1	7.345690e-01	7.345690e-01	1.275447e-08	-5.366767e-15	2.068700e-02
2	23	R1	6.524740e-01	6.524740e-01	1.443100e-08	7.446663e-15	1.490900e-02
2	24	R1	6.597900e-01	6.597900e-01	1.426503e-08	4.744543e-15	2.340000e-02
2	26	R1	6.044880e-01	6.044880e-01	1.561728e-08	4.321616e-15	2.569000e-02
2	28	R1	6.374380e-01	6.374380e-01	1.478384e-08	0.000000e+00	1.190100e-02
2	32	R1	6.701820e-01	6.701820e-01	1.403538e-08	-6.187499e-15	1.794300e-02
2	34	R1	6.316990e-01	6.316990e-01	1.492285e-08	0.000000e+00	2.388100e-02
2	40	R1	6.790410e-01	6.790410e-01	1.384505e-08	-9.242616e-15	1.201200e-02
2	42	R1	6.314040e-01	6.314040e-01	1.493007e-08	4.790193e-15	2.317700e-02
2	43	R1	6.878410e-01	6.878410e-01	1.366074e-08	0.000000e+00	1.709700e-02
2	45	R1	6.758780e-01	6.758780e-01	1.391245e-08	-4.905979e-15	4.526000e-02
2	48	R1	7.419530e-01	7.419530e-01	1.262146e-08	-7.930164e-15	2.800000e-02
2	50	R1	6.784450e-01	6.784450e-01	1.385770e-08	-7.654599e-15	2.900800e-02
2	52	R1	6.644430e-01	6.644430e-01	1.416133e-08	9.349247e-15	1.187500e-02
2	54	R1	5.899010e-01	5.899010e-01	1.601548e-08	0.000000e+00	1.526700e-02
2	55	R1	6.083050e-01	6.083050e-01	1.551619e-08	-7.838897e-15	1.416300e-02
2	56	R1	6.189990e-01	6.189990e-01	1.523949e-08	-8.146632e-15	1.362800e-02
2	57	R1	6.023910e-01	6.023910e-01	1.567336e-08	-6.276347e-15	1.768900e-02
2	62	R1	7.093820e-01	7.093820e-01	1.322847e-08	0.000000e+00	1.264700e-02
2	63	R1	6.951740e-01	6.951740e-01	1.351065e-08	8.616399e-15	1.288500e-02
2	64	R1	6.369740e-01	6.369740e-01	1.479498e-08	-2.056476e-14	1.619600e-02
2	65	R1	6.627260e-01	6.627260e-01	1.419943e-08	-1.298734e-14	1.709700e-02
2	66	R1	6.551750e-01	6.551750e-01	1.436930e-08	-7.539715e-15	1.472500e-02
2	67	R1	6.870790e-01	6.870790e-01	1.367652e-08	5.944651e-15	1.867600e-02
2	70	R1	6.144440e-01	6.144440e-01	1.535619e-08	0.000000e+00	1.044200e-02
2	76	R1	7.207610e-01	7.207610e-01	1.301032e-08	0.000000e+00	1.420200e-02
2	79	R1	6.544860e-01	6.544860e-01	1.438499e-08	0.000000e+00	1.026900e-02
2	81	R1	6.168930e-01	6.168930e-01	1.529324e-08	-8.748113e-15	1.269100e-02
2	82	R1	6.428040e-01	6.428040e-01	1.465606e-08	1.827127e-14	1.822900e-02
2	85	R1	6.267140e-01	6.267140e-01	1.504564e-08	0.000000e+00	1.843200e-02
2	86	R1	6.599650e-01	6.599650e-01	1.426110e-08	-6.332552e-15	1.753200e-02
2	87	R1	6.460480e-01	6.460480e-01	1.457982e-08	0.000000e+00	1.896400e-02
2	89	R1	7.539620e-01	7.539620e-01	1.241056e-08	0.000000e+00	1.840600e-02
2	90	R1	7.241310e-01	7.241310e-01	1.294700e-08	6.083414e-15	1.825000e-02
2	91	R1	6.681730e-01	6.681730e-01	1.407923e-08	1.024758e-14	1.083400e-02
2	93	R1	6.552840e-01	6.552840e-01	1.436682e-08	0.000000e+00	1.997000e-02
2	95	R1	7.001610e-01	7.001610e-01	1.341033e-08	0.000000e+00	1.635300e-02
2	96	R1	8.311780e-01	8.311780e-01	1.119629e-08	5.131369e-15	4.327200e-02
2	98	R1	7.782920e-01	7.782920e-01	1.200272e-08	7.384257e-15	1.503500e-02
2	99	R1	6.994800e-01	6.994800e-01	1.342395e-08	4.570324e-15	2.429200e-02
2	100	R1	7.018800e-01	7.018800e-01	1.337607e-08	5.225071e-15	2.124800e-02
2	110	R1	7.292550e-01	7.292550e-01	1.285181e-08	0.000000e+00	1.686100e-02
2	113	R1	6.721050e-01	6.721050e-01	1.399365e-08	-8.775773e-15	1.265100e-02
2	115	R1	6.590160e-01	6.590160e-01	1.428241e-08	0.000000e+00	1.234100e-02
2	117	R1	6.353180e-01	6.353180e-01	1.483490e-08	5.565865e-15	1.994700e-02
2	118	R1	6.281000e-01	6.281000e-01	1.501131e-08	1.140562e-14	9.734000e-03
2	120	R1	6.214460e-01	6.214460e-01	1.517749e-08	0.000000e+00	2.094800e-02
2	121	R1	6.781930e-01	6.781930e-01	1.386306e-08	-8.438269e-15	1.315700e-02
2	128	R1	7.477010e-01	7.477010e-01	1.251969e-08	-5.694912e-15	1.949500e-02
2	129	R1	7.183840e-01	7.183840e-01	1.305533e-08	6.286654e-15	1.766000e-02
2	130	R1	7.552990e-01	7.552990e-01	1.238749e-08	-7.440176e-15	1.492200e-02
2	131	R1	6.788520e-01	6.788520e-01	1.384906e-08	0.000000e+00	2.028700e-02
2	132	R1	7.324940e-01	7.324940e-01	1.279231e-08	0.000000e+00	1.433000e-02
2	133	R1	7.313560e-01	7.313560e-01	1.281316e-08	-1.190971e-14	1.864400e-02
2	134	R1	7.135350e-01	7.135350e-01	1.314807e-08	1.168902e-14	1.899600e-02
2	135	R1	6.744010e-01	6.744010e-01	1.394413e-08	-9.261892e-15	2.397400e-02
2	136	R1	6.647610e-01	6.647610e-01	1.415430e-08	0.000000e+00	1.733200e-02
2	141	R1	6.705020e-01	6.705020e-01	1.402842e-08	-5.736104e-15	1.935500e-02
2	143	R1	6.244540e-01	6.244540e-01	1.510194e-08	4.828526e-15	2.299300e-02
2	144	R1	6.479100e-01	6.479100e-01	1.453640e-08	-1.065933e-14	2.083100e-02
2	145	R1	7.131690e-01	7.131690e-01	1.315511e-08	4.508520e-15	2.462500e-02
2	146	R1	6.677510e-01	6.677510e-01	1.408847e-08	-6.428250e-15	1.727100e-02
2	147	R1	6.556350e-01	6.556350e-01	1.435884e-08	0.000000e+00	2.558300e-02
2	148	R1	6.916810e-01	6.916810e-01	1.358176e-08	5.161882e-07	1.916500e-02
2	149	R1	7.154640e-01	7.154640e-01	1.311103e-08	-5.041885e-15	2.202000e-02
2	151	R1	6.288360e-01	6.288360e-01	1.499314e-08	-1.547996e-14	1.434400e-02
2	152	R1	5.987190e-01	5.987190e-01	1.577248e-08	-6.764291e-15	1.641300e-02
2	153	R1	6.362100e-01	6.362100e-01	1.481337e-08	4.115443e-15	2.697700e-02
2	154	R1	7.189620e-01	7.189620e-01	1.304436e-08	-2.934071e-15	3.783900e-02
2	155	R1	6.729710e-01	6.729710e-01	1.397493e-08	0.000000e+00	1.816900e-02
2	166	R1	6.951950e-01	6.951950e-01	1.351022e-08	-5.021134e-15	2.211100e-02
2	168	R1	6.219420e-01	6.219420e-01	1.516499e-08	1.476557e-14	1.503800e-02
2	169	R1	6.443590e-01	6.443590e-01	1.461942e-08	-7.565404e-15	1.467500e-02
2	170	R1	6.098070e-01	6.098070e-01	1.547675e-08	0.000000e+00	1.055400e-02
2	175	R1	7.231710e-01	7.231710e-01	1.296498e-08	0.000000e+00	1.686600e-02
2	180	R1	5.812960e-01	5.812960e-01	1.625960e-08	0.000000e+00	2.229500e-02
2	181	R1	5.885920e-01	5.885920e-01	1.605216e-08	7.725440e-15	1.437100e-02
2	182	R1	6.510940e-01	6.510940e-01	1.446271e-08	0.000000e+00	1.080100e-02
2	183	R1	6.673900e-01	6.673900e-01	1.409639e-08	-6.542269e-15	1.697000e-02
2	184	R1	6.968210e-01	6.968210e-01	1.347736e-08	0.000000e+00	2.424300e-02
2	185	R1	6.894670e-01	6.894670e-01	1.362719e-08	7.853036e-15	2.827500e-02
2	187	R1	6.928100e-01	6.928100e-01	1.355870e-08	0.000000e+00	1.928100e-02
2	188	R1	6.781520e-01	6.781520e-01	1.386393e-08	3.348584e-14	6.631000e-03
2	190	R1	7.548280e-01	7.548280e-01	1.239561e-08	0.000000e+00	1.843200e-02
2	191	R1	8.183930e-01	8.183930e-01	1.138198e-08	0.000000e+00	2.432600e-02
2	199	R1	7.014140e-01	7.014140e-01	1.338534e-08	-4.884395e-15	2.273000e-02
2	200	R1	7.114070e-01	7.114070e-01	1.318915e-08	0.000000e+00	1.107400e-02
2	201	R1	6.722680e-01	6.722680e-01	1.399012e-08	0.000000e+00	1.473700e-02
2	202	R1	7.040560e-01	7.040560e-01	1.333294e-08	2.131901e-14	1.562300e-02
2	203	R1	5.844770e-01	5.844770e-01	1.616853e-08	0.000000e+00	1.952400e-02
2	204	R1	6.264030e-01	6.264030e-01	1.505336e-08	8.167008e-15	1.359400e-02
2	205	R1	6.746080e-01	6.746080e-01	1.393968e-08	0.000000e+00	1.518100e-02


