9	2.179640e+01	5.335000e-01	8.854250e-01	8.025000e-02	6.795790e-01	1.360900e-02	7.892810e-03	
13	2.483100e+01	7.638000e-01	7.828320e-01	6.223000e-02	6.849800e-01	1.809800e-02	1.507910e-02	
14	2.478890e+01	6.282000e-01	1.018188e+00	9.628000e-02	6.243790e-01	1.028300e-02	-1.151158e-03	
15	2.294810e+01	8.048000e-01	1.009094e+00	1.064400e-01	6.330570e-01	2.202000e-02	-5.835789e-04	
16	2.511750e+01	8.499000e-01	7.530190e-01	1.050800e-01	6.725080e-01	1.489700e-02	1.683693e-02	
17	2.602470e+01	9.164000e-01	8.741470e-01	9.739000e-02	6.805390e-01	2.328800e-02	8.681973e-03	
20	2.351700e+01	1.388400e+00	7.845120e-01	1.175800e-01	7.345690e-01	2.068700e-02	1.604566e-02	
23	2.594350e+01	1.088200e+00	9.106750e-01	5.268000e-02	6.524740e-01	1.490900e-02	5.907967e-03	
24	2.465490e+01	9.738000e-01	1.110861e+00	1.817100e-01	6.597900e-01	2.340000e-02	-7.414577e-03	
26	1.999330e+01	1.095800e+00	8.816820e-01	1.357500e-01	6.044880e-01	2.569000e-02	7.250039e-03	
28	2.032210e+01	4.996000e-01	6.805950e-01	7.923000e-02	6.374380e-01	1.190100e-02	2.063866e-02	
32	2.526390e+01	9.426000e-01	7.656120e-01	8.345000e-02	6.701820e-01	1.794300e-02	1.592319e-02	
34	2.446390e+01	5.356000e-01	8.175780e-01	9.183000e-02	6.316990e-01	2.388100e-02	1.168125e-02	
40	2.165070e+01	6.945000e-01	5.273910e-01	6.577000e-02	6.790410e-01	1.201200e-02	3.253118e-02	
42	2.375140e+01	6.675000e-01	8.319290e-01	9.518000e-02	6.314040e-01	2.317700e-02	1.075727e-02	
43	2.714220e+01	7.483000e-01	7.129390e-01	6.337000e-02	6.878410e-01	1.709700e-02	2.001539e-02	
45	2.092200e+01	1.016200e+00	7.397830e-01	8.352000e-02	6.758780e-01	4.526000e-02	1.782813e-02	
48	2.576270e+01	1.237500e+00	8.582780e-01	9.507000e-02	7.419530e-01	2.800000e-02	1.065898e-02	
50	2.446860e+01	1.609300e+00	1.054095e+00	1.636100e-01	6.784450e-01	2.900800e-02	-3.720263e-03	
52	2.382700e+01	8.632000e-01	8.787150e-01	6.742000e-02	6.644430e-01	1.187500e-02	8.168958e-03	
54	2.338920e+01	6.062000e-01	8.223850e-01	8.442000e-02	5.899010e-01	1.526700e-02	1.062088e-02	
55	2.293670e+01	9.927000e-01	9.620510e-01	1.056800e-01	6.083050e-01	1.416300e-02	2.340042e-03	
56	2.365080e+01	4.766000e-01	9.184180e-01	1.220600e-01	6.189990e-01	1.362800e-02	5.119012e-03	
57	2.403030e+01	5.879000e-01	7.877830e-01	1.077100e-01	6.023910e-01	1.768900e-02	1.295867e-02	
62	2.350850e+01	5.796000e-01	8.984970e-01	4.717000e-02	7.093820e-01	1.264700e-02	7.298958e-03	
63	2.419230e+01	8.760000e-01	9.517210e-01	7.248000e-02	6.951740e-01	1.288500e-02	3.402151e-03	
64	2.455430e+01	6.204000e-01	8.416300e-01	6.749000e-02	6.369740e-01	1.619600e-02	1.022578e-02	
65	2.481080e+01	4.403000e-01	8.647330e-01	8.646000e-02	6.627260e-01	1.709700e-02	9.087150e-03	
66	2.326680e+01	8.753000e-01	8.416210e-01	1.220700e-01	6.551750e-01	1.472500e-02	1.051857e-02	
67	2.479870e+01	1.065800e+00	8.430550e-01	7.510000e-02	6.870790e-01	1.867600e-02	1.093090e-02	
70	2.430150e+01	6.833000e-01	8.183410e-01	9.956000e-02	6.144440e-01	1.044200e-02	1.131465e-02	
76	2.635260e+01	7.533000e-01	6.616840e-01	9.982000e-02	7.207610e-01	1.420200e-02	2.471813e-02	
79	2.468800e+01	7.505000e-01	6.825750e-01	6.826000e-02	6.544860e-01	1.026900e-02	2.105927e-02	
81	2.253190e+01	6.733000e-01	7.464050e-01	8.171000e-02	6.168930e-01	1.269100e-02	1.585814e-02	
82	2.480280e+01	4.432000e-01	8.873450e-01	1.330900e-01	6.428040e-01	1.822900e-02	7.340589e-03	
85	2.666990e+01	1.007100e+00	7.517520e-01	9.564000e-02	6.267140e-01	1.843200e-02	1.577092e-02	
86	2.328440e+01	8.939000e-01	8.704340e-01	1.011600e-01	6.599650e-01	1.753200e-02	8.667898e-03	
87	2.475800e+01	1.056400e+00	9.644470e-01	9.390000e-02	6.460480e-01	1.896400e-02	2.328321e-03	
89	2.311940e+01	1.109200e+00	9.061270e-01	1.392800e-01	7.539620e-01	1.840600e-02	7.174506e-03	
90	2.344120e+01	1.303900e+00	9.637840e-01	1.092900e-01	7.241310e-01	1.825000e-02	2.658395e-03	
91	2.622820e+01	1.087400e+00	9.260810e-01	7.673000e-02	6.681730e-01	1.083400e-02	5.006646e-03	
93	2.442170e+01	1.015700e+00	7.098220e-01	7.422000e-02	6.552840e-01	1.997000e-02	1.927507e-02	
95	2.211420e+01	6.798000e-01	7.575730e-01	6.892000e-02	7.001610e-01	1.635300e-02	1.720603e-02	
96	2.478530e+01	3.608200e+00	8.927040e-01	2.192500e-01	8.311780e-01	4.327200e-02	9.040229e-03	
98	2.214840e+01	9.266000e-01	7.216440e-01	1.223400e-01	7.782920e-01	1.503500e-02	2.196064e-02	
99	2.123180e+01	9.272000e-01	1.117228e+00	1.601800e-01	6.994800e-01	2.429200e-02	-8.312057e-03	
100	2.778070e+01	1.253800e+00	7.176940e-01	1.614800e-01	7.018800e-01	2.124800e-02	2.008560e-02	
110	2.449810e+01	1.222800e+00	9.483450e-01	1.270600e-01	7.292550e-01	1.686100e-02	3.818507e-03	
113	2.221430e+01	1.208900e+00	9.807090e-01	1.129900e-01	6.721050e-01	1.265100e-02	1.314298e-03	
115	2.556940e+01	9.616000e-01	7.739100e-01	5.892000e-02	6.590160e-01	1.234100e-02	1.510355e-02	
117	2.322470e+01	7.248000e-01	9.132060e-01	1.401900e-01	6.353180e-01	1.994700e-02	5.589625e-03	
118	2.428670e+01	7.778000e-01	7.249370e-01	6.324000e-02	6.281000e-01	9.734000e-03	1.751309e-02	
120	2.136280e+01	6.187000e-01	6.871830e-01	7.630000e-02	6.214460e-01	2.094800e-02	1.970587e-02	
121	2.447870e+01	6.618000e-01	8.194940e-01	8.178000e-02	6.781930e-01	1.315700e-02	1.240929e-02	
128	2.405590e+01	9.787000e-01	7.181410e-01	8.955000e-02	7.477010e-01	1.949500e-02	2.136297e-02	
129	2.302900e+01	1.934300e+00	8.387110e-01	1.279800e-01	7.183840e-01	1.766000e-02	1.174528e-02	
130	2.396620e+01	4.963000e-01	7.728070e-01	6.586000e-02	7.552990e-01	1.492200e-02	1.739465e-02	
131	2.611200e+01	1.812500e+00	6.011110e-01	5.852000e-02	6.788520e-01	2.028700e-02	2.744916e-02	
132	2.734930e+01	7.312000e-01	7.576430e-01	9.870000e-02	7.324940e-01	1.433000e-02	1.799540e-02	
133	2.217440e+01	8.646000e-01	7.020290e-01	8.297000e-02	7.313560e-01	1.864400e-02	2.209046e-02	
134	2.289320e+01	6.584000e-01	8.482530e-01	8.539000e-02	7.135350e-01	1.899600e-02	1.097583e-02	
135	2.173370e+01	1.582000e+00	9.752530e-01	1.184000e-01	6.744010e-01	2.397400e-02	1.691775e-03	
136	2.272680e+01	6.603000e-01	8.960370e-01	9.293000e-02	6.647610e-01	1.733200e-02	7.005614e-03	
141	2.135330e+01	4.877000e-01	1.004688e+00	9.852000e-02	6.705020e-01	1.935500e-02	-3.186321e-04	
143	2.235860e+01	7.225000e-01	1.420381e+00	1.564300e-01	6.244540e-01	2.299300e-02	-2.661003e-02	
144	2.240790e+01	6.453000e-01	1.005088e+00	1.108200e-01	6.479100e-01	2.083100e-02	-3.341670e-04	
145	2.698950e+01	1.652900e+00	9.872670e-01	9.791000e-02	7.131690e-01	2.462500e-02	9.205026e-04	
146	2.283390e+01	9.661000e-01	8.023380e-01	1.085800e-01	6.677510e-01	1.727100e-02	1.337949e-02	
147	2.363620e+01	9.481000e-01	7.545620e-01	8.063000e-02	6.556350e-01	2.558300e-02	1.631195e-02	
148	2.488680e+01	1.015300e+00	8.445760e-01	9.507000e-02	6.916810e-01	1.916500e-02	1.089747e-02	
149	2.604460e+01	1.140200e+00	9.768530e-01	1.225600e-01	7.154640e-01	2.202000e-02	1.678743e-03	
151	2.343940e+01	6.367000e-01	9.059920e-01	1.071500e-01	6.288360e-01	1.434400e-02	5.992445e-03	
152	2.507090e+01	5.475000e-01	9.782150e-01	7.728000e-02	5.987190e-01	1.641300e-02	1.322155e-03	
153	2.181610e+01	8.083000e-01	8.689600e-01	9.758000e-02	6.362100e-01	2.697700e-02	8.450963e-03	
154	2.476170e+01	2.754100e+00	1.569805e+00	2.190900e-01	7.189620e-01	3.783900e-02	-4.152733e-02	
155	2.272370e+01	7.569000e-01	1.041063e+00	1.504100e-01	6.729710e-01	1.816900e-02	-2.801231e-03	
166	2.299970e+01	1.438300e+00	9.447660e-01	1.432700e-01	6.951950e-01	2.211100e-02	3.892378e-03	
168	2.397880e+01	1.028500e+00	8.386370e-01	1.105900e-01	6.219420e-01	1.503800e-02	1.017316e-02	
169	2.058470e+01	1.381000e+00	8.351580e-01	1.019700e-01	6.443590e-01	1.467500e-02	1.076707e-02	
170	2.235500e+01	5.238000e-01	9.208280e-01	7.638000e-02	6.098070e-01	1.055400e-02	4.894021e-03	
175	2.466750e+01	8.680000e-01	8.310430e-01	8.699000e-02	7.231710e-01	1.686600e-02	1.238566e-02	
180	2.054240e+01	1.044500e+00	9.712900e-01	7.761000e-02	5.812960e-01	2.229500e-02	1.691735e-03	
181	2.117690e+01	5.933000e-01	9.875390e-01	1.243400e-01	5.885920e-01	1.437100e-02	7.434797e-04	
182	2.598200e+01	8.621000e-01	7.505900e-01	9.105000e-02	6.510940e-01	1.080100e-02	1.646112e-02	
183	2.430090e+01	7.675000e-01	8.805100e-01	1.123500e-01	6.673900e-01	1.697000e-02	8.083754e-03	
184	1.822000e+01	1.058600e+00	8.086080e-01	1.155100e-01	6.968210e-01	2.424300e-02	1.351907e-02	
185	2.496390e+01	1.327500e+00	1.004466e+00	1.171200e-01	6.894670e-01	2.827500e-02	-3.121289e-04	
187	2.205250e+01	9.857000e-01	8.101220e-01	1.077300e-01	6.928100e-01	1.928100e-02	1.333493e-02	
188	2.096630e+01	4.881000e-01	7.400500e-01	6.320000e-02	6.781520e-01	6.631000e-03	1.786976e-02	
190	2.137670e+01	4.200000e-01	6.968800e-01	7.118000e-02	7.548280e-01	1.843200e-02	2.319340e-02	
191	1.894360e+01	3.847000e-01	6.754070e-01	6.641000e-02	8.183930e-01	2.432600e-02	2.692793e-02	
199	2.161280e+01	4.577000e-01	8.264050e-01	8.174000e-02	7.014140e-01	2.273000e-02	1.234279e-02	
200	2.339140e+01	9.149000e-01	7.331440e-01	6.454000e-02	7.114070e-01	1.107400e-02	1.924407e-02	
201	2.031740e+01	7.107000e-01	9.369130e-01	1.172400e-01	6.722680e-01	1.473700e-02	4.299165e-03	
202	2.301380e+01	7.393000e-01	7.902810e-01	6.059000e-02	7.040560e-01	1.562300e-02	1.496742e-02	
203	2.387930e+01	6.404000e-01	7.233850e-01	9.423000e-02	5.844770e-01	1.952400e-02	1.638872e-02	
204	2.152950e+01	4.374000e-01	6.919170e-01	7.687000e-02	6.264030e-01	1.359400e-02	1.956246e-02	
205	2.313950e+01	4.555000e-01	8.386320e-01	9.301000e-02	6.746080e-01	1.518100e-02	1.103496e-02	
