9	2.396620e+01	9.623000e-01	6.819600e-01	7.860000e-02	1.312470e+00	4.757000e-02	4.231292e-02	
13	2.783820e+01	8.385000e-01	1.001866e+00	1.699100e-01	1.231360e+00	3.412000e-02	-2.329156e-04	
14	2.681370e+01	1.192800e+00	1.018460e+00	2.026100e-01	1.152500e+00	3.431000e-02	-2.156624e-03	
15	2.503820e+01	1.128700e+00	7.148400e-01	1.235000e-01	1.183690e+00	4.685000e-02	3.421594e-02	
16	2.507330e+01	6.240000e-01	6.835070e-01	9.922000e-02	1.387610e+00	4.873000e-02	4.451777e-02	
17	2.544840e+01	1.012600e+00	7.038090e-01	1.722700e-01	1.344640e+00	5.031000e-02	4.037195e-02	
20	2.550430e+01	1.497800e+00	8.397540e-01	2.515300e-01	1.595030e+00	5.134000e-02	2.590943e-02	
23	2.445990e+01	1.185100e+00	7.397450e-01	1.166400e-01	1.234510e+00	2.948000e-02	3.256833e-02	
24	2.607560e+01	8.282000e-01	7.303790e-01	1.273100e-01	1.318230e+00	7.338000e-02	3.602855e-02	
26	2.237700e+01	7.469000e-01	7.164270e-01	1.432200e-01	1.185430e+00	7.665000e-02	3.407553e-02	
28	2.226390e+01	8.584000e-01	6.556030e-01	1.160900e-01	1.565890e+00	6.757000e-02	5.466665e-02	
32	2.490760e+01	1.399300e+00	8.362180e-01	1.358000e-01	1.117480e+00	5.466000e-02	1.855273e-02	
34	2.555380e+01	9.614000e-01	1.047873e+00	1.377200e-01	1.245630e+00	3.776000e-02	-6.044795e-03	
40	2.724980e+01	7.622000e-01	8.153910e-01	9.026000e-02	1.585710e+00	8.428000e-02	2.967416e-02	
42	2.565960e+01	9.917000e-01	6.999750e-01	1.021000e-01	1.202660e+00	3.477000e-02	3.657650e-02	
43	2.890590e+01	8.753000e-01	7.984670e-01	1.206700e-01	1.209790e+00	3.034000e-02	2.471485e-02	
45	2.509610e+01	1.733200e+00	8.075800e-01	1.523700e-01	1.342980e+00	9.952000e-02	2.619519e-02	
48	2.721050e+01	6.674000e-01	8.320190e-01	1.552400e-01	1.388860e+00	3.027000e-02	2.364942e-02	
50	2.728450e+01	1.503300e+00	8.468080e-01	1.576200e-01	1.336420e+00	1.319000e-01	2.075300e-02	
52	2.595990e+01	1.503500e+00	8.115390e-01	9.191000e-02	1.189230e+00	5.665000e-02	2.271900e-02	
54	2.384390e+01	9.246000e-01	8.572470e-01	6.616000e-02	1.215170e+00	3.912000e-02	1.758426e-02	
55	2.407400e+01	7.672000e-01	7.976290e-01	1.393800e-01	1.068490e+00	4.260000e-02	2.191899e-02	
56	2.571380e+01	6.816000e-01	7.466860e-01	1.455300e-01	1.153110e+00	2.720000e-02	2.960955e-02	
57	2.483230e+01	7.219000e-01	6.725110e-01	1.260900e-01	1.336680e+00	9.804000e-02	4.437374e-02	
62	2.428820e+01	8.265000e-01	7.841380e-01	6.279000e-02	1.298980e+00	2.421000e-02	2.842369e-02	
63	2.391170e+01	7.935000e-01	1.048383e+00	1.134100e-01	1.561560e+00	7.704000e-02	-7.658669e-03	
64	2.537410e+01	1.102100e+00	8.086220e-01	6.029000e-02	1.204130e+00	3.229000e-02	2.335970e-02	
65	2.536270e+01	9.766000e-01	8.189070e-01	1.081200e-01	1.280830e+00	3.754000e-02	2.351229e-02	
66	2.524030e+01	8.975000e-01	8.523520e-01	6.414000e-02	1.279160e+00	3.238000e-02	1.914495e-02	
67	2.430190e+01	7.548000e-01	7.573010e-01	1.886400e-01	1.444980e+00	3.235000e-02	3.554935e-02	
70	2.516560e+01	8.759000e-01	7.601560e-01	9.408000e-02	1.330070e+00	2.642000e-02	3.233741e-02	
76	2.701450e+01	1.900900e+00	7.955840e-01	1.530100e-01	1.597880e+00	1.837800e-01	3.311013e-02	
79	2.557940e+01	8.539000e-01	8.361750e-01	7.545000e-02	1.346700e+00	5.078000e-02	2.236417e-02	
81	2.381540e+01	7.715000e-01	7.788310e-01	9.692000e-02	1.260440e+00	8.551000e-02	2.825845e-02	
82	2.518310e+01	6.434000e-01	7.802440e-01	9.763000e-02	1.276490e+00	5.000000e-02	2.843544e-02	
85	2.625700e+01	5.202000e-01	8.968260e-01	1.473700e-01	1.194690e+00	4.313000e-02	1.249474e-02	
86	2.604570e+01	8.754000e-01	8.378450e-01	1.194800e-01	1.313550e+00	5.491000e-02	2.159130e-02	
87	2.530640e+01	8.853000e-01	7.119550e-01	1.292300e-01	1.292020e+00	4.129000e-02	3.772519e-02	
89	2.461980e+01	7.449000e-01	7.327270e-01	1.323700e-01	1.243170e+00	5.407000e-02	3.368119e-02	
90	2.545780e+01	1.009900e+00	6.814570e-01	9.989000e-02	1.286410e+00	4.116000e-02	4.153836e-02	
91	2.531860e+01	1.073200e+00	6.416080e-01	9.660000e-02	1.389970e+00	6.367000e-02	5.049700e-02	
93	2.583310e+01	1.439400e+00	7.698150e-01	1.434300e-01	1.134070e+00	2.675000e-02	2.646176e-02	
95	2.331190e+01	1.051500e+00	8.312670e-01	8.871000e-02	1.332100e+00	5.639000e-02	2.278446e-02	
96	2.449940e+01	1.110500e+00	6.086980e-01	7.454000e-02	1.923800e+00	1.206000e-01	7.630866e-02	
98	2.390280e+01	8.253000e-01	6.859180e-01	9.919000e-02	1.456090e+00	3.105000e-02	4.635890e-02	
99	2.482500e+01	1.422300e+00	8.122780e-01	1.380700e-01	1.313940e+00	4.871000e-02	2.500302e-02	
100	2.534950e+01	8.086000e-01	8.804140e-01	1.660200e-01	1.229770e+00	5.029000e-02	1.490754e-02	
110	2.655680e+01	9.604000e-01	7.156850e-01	9.092000e-02	1.554630e+00	4.951000e-02	4.480522e-02	
113	2.535850e+01	6.951000e-01	7.113220e-01	8.030000e-02	1.054450e+00	4.978000e-02	3.085613e-02	
115	2.628310e+01	9.009000e-01	7.965610e-01	1.196000e-01	1.202720e+00	4.005000e-02	2.480279e-02	
117	2.504840e+01	1.346100e+00	7.696800e-01	9.632000e-02	1.254180e+00	3.519000e-02	2.928150e-02	
118	2.521430e+01	7.441000e-01	7.462300e-01	7.540000e-02	1.361490e+00	2.541000e-02	3.502326e-02	
120	2.242040e+01	5.318000e-01	6.831750e-01	9.575000e-02	1.262670e+00	3.790000e-02	4.055189e-02	
121	2.542850e+01	8.987000e-01	7.538240e-01	1.264800e-01	1.274520e+00	3.763000e-02	3.180491e-02	
128	2.459840e+01	7.239000e-01	7.239910e-01	1.093600e-01	1.398480e+00	4.792000e-02	3.912743e-02	
129	2.516450e+01	7.514000e-01	7.079490e-01	1.196400e-01	1.271970e+00	2.458000e-02	3.765628e-02	
130	2.578560e+01	8.532000e-01	8.138790e-01	1.105900e-01	1.360960e+00	4.983000e-02	2.567690e-02	
131	2.575680e+01	9.374000e-01	7.537530e-01	1.028500e-01	1.202400e+00	3.425000e-02	3.001385e-02	
132	2.608200e+01	5.903000e-01	8.026040e-01	1.449700e-01	1.630550e+00	8.247000e-02	3.262679e-02	
133	2.502490e+01	1.159800e+00	8.388020e-01	8.303000e-02	1.382640e+00	5.896000e-02	2.259283e-02	
134	2.586110e+01	1.192400e+00	7.737100e-01	1.182500e-01	1.178480e+00	3.131000e-02	2.703270e-02	
135	2.395560e+01	1.834000e+00	8.496460e-01	1.285500e-01	1.334190e+00	7.811000e-02	2.033455e-02	
136	2.497760e+01	9.784000e-01	7.442770e-01	6.651000e-02	1.285530e+00	4.610000e-02	3.332375e-02	
141	2.560120e+01	7.664000e-01	8.470210e-01	1.289200e-01	1.114870e+00	3.143000e-02	1.728852e-02	
143	2.453370e+01	9.023000e-01	8.020590e-01	1.078100e-01	1.279390e+00	2.750000e-02	2.567087e-02	
144	2.637890e+01	9.115000e-01	7.464870e-01	1.175400e-01	1.236050e+00	3.152000e-02	3.176421e-02	
145	2.865300e+01	1.320600e+00	8.033230e-01	1.454400e-01	1.338200e+00	3.175000e-02	2.667942e-02	
146	2.621680e+01	9.535000e-01	7.566040e-01	1.240100e-01	1.289280e+00	4.330000e-02	3.180992e-02	
147	2.517480e+01	1.316100e+00	5.286030e-01	6.364000e-02	1.234410e+00	2.128000e-02	5.898588e-02	
148	2.594210e+01	1.047900e+00	8.095830e-01	1.204200e-01	1.351440e+00	5.993000e-02	2.608581e-02	
149	2.598570e+01	8.346000e-01	8.156690e-01	1.176700e-01	1.362820e+00	6.215000e-02	2.546471e-02	
151	2.651260e+01	9.859000e-01	7.787360e-01	1.168900e-01	1.189560e+00	4.292000e-02	2.668081e-02	
152	2.649330e+01	8.774000e-01	6.725380e-01	4.841000e-02	1.226220e+00	1.054900e-01	4.070344e-02	
153	2.376410e+01	5.954000e-01	8.163270e-01	1.399900e-01	1.103060e+00	5.132000e-02	2.053744e-02	
154	2.454500e+01	9.643000e-01	7.383360e-01	1.379800e-01	1.482180e+00	6.631000e-02	3.931396e-02	
155	2.576770e+01	1.077800e+00	7.480650e-01	1.427500e-01	1.294150e+00	2.761000e-02	3.305027e-02	
166	2.517180e+01	9.004000e-01	7.858160e-01	1.095700e-01	1.229690e+00	3.682000e-02	2.669836e-02	
168	2.523330e+01	1.045300e+00	6.758870e-01	9.408000e-02	3.245600e-01	7.335000e-01	1.066334e-02	
169	2.363750e+01	8.790000e-01	8.742880e-01	1.310200e-01	1.208490e+00	3.335000e-02	1.540003e-02	
170	2.530460e+01	1.027300e+00	7.577630e-01	1.028000e-01	1.147180e+00	3.045000e-02	2.816916e-02	
175	2.487800e+01	8.331000e-01	7.194530e-01	9.792000e-02	1.235920e+00	3.407000e-02	3.514777e-02	
180	2.479660e+01	1.027100e+00	7.032800e-01	4.646000e-02	1.369010e+00	4.486000e-02	4.117705e-02	
181	2.352200e+01	8.976000e-01	7.625790e-01	1.199000e-01	1.217020e+00	4.284000e-02	2.928995e-02	
182	2.541250e+01	6.141000e-01	7.951800e-01	1.314100e-01	1.201780e+00	2.968000e-02	2.495164e-02	
183	2.588350e+01	1.475900e+00	7.328200e-01	9.642000e-02	1.432400e+00	8.698000e-02	3.879449e-02	
184	2.345420e+01	1.087100e+00	7.836940e-01	1.353500e-01	1.248750e+00	1.109100e-01	2.738079e-02	
185	2.578320e+01	6.957000e-01	8.949500e-01	1.450800e-01	1.364580e+00	5.784000e-02	1.453105e-02	
187	2.451810e+01	8.335000e-01	8.504020e-01	1.787600e-01	1.350310e+00	3.967000e-02	2.047675e-02	
188	2.330030e+01	8.671000e-01	7.270470e-01	9.013000e-02	1.159060e+00	2.216000e-02	3.206975e-02	
190	2.405530e+01	1.226400e+00	7.335520e-01	1.121100e-01	1.313180e+00	9.833000e-02	3.546815e-02	
191	2.155510e+01	9.271000e-01	6.878040e-01	8.449000e-02	1.460870e+00	7.785000e-02	4.623179e-02	
199	2.425860e+01	9.144000e-01	7.750840e-01	1.007100e-01	1.390600e+00	8.916000e-02	3.170476e-02	
200	2.491760e+01	9.574000e-01	6.833580e-01	6.873000e-02	1.366080e+00	3.399000e-02	4.384767e-02	
201	2.272620e+01	1.258200e+00	8.024120e-01	1.340300e-01	1.195180e+00	6.237000e-02	2.393843e-02	
202	2.460680e+01	6.681000e-01	7.327010e-01	9.442000e-02	1.291140e+00	3.636000e-02	3.498425e-02	
203	2.471620e+01	9.184000e-01	8.346410e-01	1.434800e-01	1.151200e+00	6.671000e-02	1.929659e-02	
204	2.437240e+01	8.100000e-01	7.768310e-01	1.196300e-01	1.156990e+00	3.151000e-02	2.617371e-02	
205	2.497010e+01	3.927000e-01	6.448210e-01	1.180100e-01	1.186360e+00	4.639000e-02	4.271354e-02	
