0	6	R2	2.988500e+00	2.988500e+00	1.266441e-09	0.000000e+00	2.668900e-02
0	12	R2	1.486090e+01	1.486090e+01	1.035105e-08	-1.504176e-14	2.361900e-01
0	14	R2	3.300400e+00	3.300400e+00	1.448463e-09	0.000000e+00	7.624600e-02
0	15	R2	2.588300e+00	2.588300e+00	1.042480e-09	0.000000e+00	7.005900e-02
0	17	R2	2.390100e+00	2.390100e+00	9.345384e-10	-2.290418e-15	1.938900e-01
0	22	R2	2.398150e+01	2.398150e+01	1.718280e-08	0.000000e+00	7.178400e-01
0	24	R2	2.565590e+01	2.565590e+01	1.842328e-08	-7.149036e-15	9.939000e-01
0	25	R2	2.273980e+01	2.273980e+01	1.626105e-08	0.000000e+00	8.680800e-01
0	27	R2	2.630240e+01	2.630240e+01	1.890158e-08	0.000000e+00	1.298200e+00
0	28	R2	2.633910e+01	2.633910e+01	1.892873e-08	-3.414101e-15	1.040600e+00
0	30	R2	2.580480e+01	2.580480e+01	1.853347e-08	0.000000e+00	7.835000e-01
0	32	R2	2.592990e+01	2.592990e+01	1.862604e-08	-4.000849e-15	8.879900e-01
0	33	R2	2.101120e+01	2.101120e+01	1.497471e-08	5.046612e-15	7.039800e-01
0	35	R2	2.047340e+01	2.047340e+01	1.457363e-08	0.000000e+00	4.050800e-01
0	36	R2	2.126440e+01	2.126440e+01	1.516338e-08	-6.626343e-15	1.072300e+00
0	38	R2	1.955770e+01	1.955770e+01	1.388963e-08	-5.171495e-15	6.869800e-01
0	40	R2	1.939950e+01	1.939950e+01	1.377130e-08	0.000000e+00	6.200000e-01
0	42	R2	2.762310e+01	2.762310e+01	1.987769e-08	4.905640e-15	7.242100e-01
0	44	R2	2.124450e+01	2.124450e+01	1.514856e-08	-1.809102e-14	3.927600e-01
0	45	R2	1.921400e+01	1.921400e+01	1.363250e-08	8.961768e-15	3.964300e-01
0	46	R2	2.788190e+01	2.788190e+01	2.006882e-08	-5.767861e-15	1.231900e+00
0	47	R2	3.587250e+01	3.587250e+01	2.595299e-08	0.000000e+00	1.995900e+00
0	48	R2	1.563990e+01	1.563990e+01	1.094244e-08	0.000000e+00	4.889200e-01
0	49	R2	3.113380e+01	3.113380e+01	2.246703e-08	-2.176108e-15	1.632600e+00
0	50	R2	2.644150e+01	2.644150e+01	1.900445e-08	-5.403202e-15	6.575200e-01
0	55	R2	2.187390e+01	2.187390e+01	1.561719e-08	8.922045e-15	7.963900e-01
0	56	R2	2.284470e+01	2.284470e+01	1.633898e-08	0.000000e+00	1.761400e+00
0	57	R2	2.140150e+01	2.140150e+01	1.526551e-08	-7.477272e-15	9.502700e-01
0	59	R2	1.942640e+01	1.942640e+01	1.379143e-08	9.298837e-15	3.820600e-01
0	60	R2	2.252020e+01	2.252020e+01	1.609785e-08	-1.175519e-14	6.044500e-01
0	62	R2	2.371480e+01	2.371480e+01	1.698496e-08	2.945377e-15	1.206200e+00
0	63	R2	2.711370e+01	2.711370e+01	1.950135e-08	5.811640e-15	6.113100e-01
0	64	R2	2.835160e+01	2.835160e+01	2.041560e-08	3.967340e-15	8.954900e-01
0	65	R2	2.782190e+01	2.782190e+01	2.002451e-08	-5.141781e-15	1.381900e+00
0	67	R2	3.116170e+01	3.116170e+01	2.248758e-08	-3.222416e-15	1.102500e+00
0	68	R2	3.351690e+01	3.351690e+01	2.422121e-08	-5.572884e-15	1.275000e+00
0	69	R2	2.965980e+01	2.965980e+01	2.138071e-08	0.000000e+00	1.242800e+00
0	70	R2	2.482840e+01	2.482840e+01	1.781055e-08	-3.476917e-15	1.021800e+00
0	71	R2	2.983250e+01	2.983250e+01	2.150805e-08	0.000000e+00	1.425400e+00
0	72	R2	2.785310e+01	2.785310e+01	2.004755e-08	-2.925489e-15	1.214400e+00
0	73	R2	2.289660e+01	2.289660e+01	1.637754e-08	-4.151239e-15	8.558200e-01
0	75	R2	2.461310e+01	2.461310e+01	1.765103e-08	-4.217371e-15	8.424000e-01
0	76	R2	2.212310e+01	2.212310e+01	1.580258e-08	-6.919972e-15	5.134000e-01
0	77	R2	2.515150e+01	2.515150e+01	1.804986e-08	0.000000e+00	8.487700e-01
0	78	R2	2.981720e+01	2.981720e+01	2.149677e-08	2.255834e-15	1.574900e+00
0	79	R2	2.246300e+01	2.246300e+01	1.605533e-08	-1.081243e-14	9.857300e-01
0	80	R2	2.675040e+01	2.675040e+01	1.923284e-08	0.000000e+00	6.668500e-01
0	82	R2	2.316150e+01	2.316150e+01	1.657428e-08	0.000000e+00	1.178400e+00
0	85	R2	2.832790e+01	2.832790e+01	2.039810e-08	-3.800669e-15	9.347600e-01
0	87	R2	2.916420e+01	2.916420e+01	2.101521e-08	6.520535e-15	1.089700e+00
0	88	R2	2.846760e+01	2.846760e+01	2.050121e-08	0.000000e+00	9.912100e-01
0	89	R2	2.629660e+01	2.629660e+01	1.889729e-08	-4.231638e-15	8.395600e-01
0	90	R2	2.566490e+01	2.566490e+01	1.842994e-08	9.622604e-15	7.384100e-01
0	91	R2	2.407310e+01	2.407310e+01	1.725073e-08	0.000000e+00	2.045600e+00
0	92	R2	2.908080e+01	2.908080e+01	2.095368e-08	3.590994e-15	9.893400e-01
0	94	R2	2.947860e+01	2.947860e+01	2.124709e-08	3.349405e-15	1.060700e+00
0	104	R2	3.390410e+01	3.390410e+01	2.450600e-08	0.000000e+00	1.710100e+00
0	105	R2	3.036920e+01	3.036920e+01	2.190367e-08	-5.125831e-15	1.386200e+00
0	108	R2	2.738010e+01	2.738010e+01	1.969819e-08	-2.325531e-15	1.527700e+00
0	109	R2	2.511870e+01	2.511870e+01	1.802557e-08	4.866598e-15	7.300200e-01
0	110	R2	3.871990e+01	3.871990e+01	2.804405e-08	2.254117e-15	3.152200e+00
0	111	R2	2.608310e+01	2.608310e+01	1.873938e-08	-3.109732e-15	2.284900e+00
0	112	R2	2.750180e+01	2.750180e+01	1.978809e-08	0.000000e+00	1.573400e+00
0	113	R2	2.858560e+01	2.858560e+01	2.058830e-08	-6.710197e-15	1.058900e+00
0	114	R2	2.429950e+01	2.429950e+01	1.741859e-08	-2.936612e-15	1.209800e+00
0	115	R2	2.594630e+01	2.594630e+01	1.863817e-08	6.095417e-15	1.165700e+00
0	116	R2	2.433360e+01	2.433360e+01	1.744387e-08	0.000000e+00	7.562100e-01
0	118	R2	3.075870e+01	3.075870e+01	2.219069e-08	-4.952553e-15	1.434700e+00
0	119	R2	2.943120e+01	2.943120e+01	2.121214e-08	-7.218762e-15	9.843000e-01
0	121	R2	2.412480e+01	2.412480e+01	1.728906e-08	0.000000e+00	8.139000e-01
0	132	R2	8.550200e+00	8.550200e+00	5.432086e-09	2.479041e-14	1.433100e-01
0	134	R2	4.586300e+00	4.586300e+00	2.289710e-09	0.000000e+00	7.401800e-02
0	139	R2	2.370900e+00	2.370900e+00	9.241576e-10	0.000000e+00	6.059800e-01
0	143	R2	2.314300e+00	2.314300e+00	8.936191e-10	3.439353e-15	1.291200e-01
0	144	R2	1.920800e+00	1.920800e+00	6.828109e-10	9.070079e-16	2.448100e-01
0	145	R2	1.955300e+00	1.955300e+00	7.012546e-10	1.805681e-15	1.229700e-01
0	146	R2	2.107900e+00	2.107900e+00	7.828517e-10	0.000000e+00	6.483500e-02
0	149	R2	2.108600e+00	2.108600e+00	7.832263e-10	-7.639193e-15	5.813300e-02
0	152	R2	2.288000e+00	2.288000e+00	8.794582e-10	4.854601e-15	9.147800e-02
0	153	R2	2.007800e+00	2.007800e+00	7.293189e-10	0.000000e+00	2.522200e-02
0	155	R2	2.246600e+00	2.246600e+00	8.571996e-10	0.000000e+00	8.647300e-02
0	156	R2	2.129200e+00	2.129200e+00	7.942522e-10	7.831156e-15	5.670800e-02
0	157	R2	2.649400e+00	2.649400e+00	1.076096e-09	-6.500040e-15	6.832100e-02
0	158	R2	2.346100e+00	2.346100e+00	9.107656e-10	5.226547e-15	8.496800e-02
0	159	R2	2.354000e+00	2.354000e+00	9.150297e-10	0.000000e+00	5.433700e-02
0	160	R2	2.050700e+00	2.050700e+00	7.522550e-10	0.000000e+00	1.231100e-01
0	161	R2	2.299700e+00	2.299700e+00	8.857558e-10	0.000000e+00	5.854700e-02
0	164	R2	2.485200e+00	2.485200e+00	9.861392e-10	0.000000e+00	4.312500e-02
0	167	R2	2.451000e+00	2.451000e+00	9.675452e-10	0.000000e+00	5.445900e-02
0	184	R2	2.428000e+00	2.428000e+00	9.550646e-10	-1.035414e-14	4.289000e-02
0	185	R2	2.242600e+00	2.242600e+00	8.550510e-10	0.000000e+00	3.232200e-02
0	186	R2	2.614000e+00	2.614000e+00	1.056598e-09	0.000000e+00	2.877100e-02
0	188	R2	3.453800e+00	3.453800e+00	1.540848e-09	0.000000e+00	2.294400e-02
0	190	R2	2.436200e+00	2.436200e+00	9.595120e-10	0.000000e+00	2.337400e-02
0	191	R2	2.397300e+00	2.397300e+00	9.384341e-10	0.000000e+00	2.238300e-02
0	192	R2	2.635000e+00	2.635000e+00	1.068157e-09	1.359027e-14	3.267700e-02
0	195	R2	2.240500e+00	2.240500e+00	8.539231e-10	0.000000e+00	2.317000e-02
0	197	R2	3.073900e+00	3.073900e+00	1.315552e-09	0.000000e+00	5.456800e-02
0	198	R2	2.513200e+00	2.513200e+00	1.001396e-09	0.000000e+00	3.362200e-02
0	199	R2	2.840700e+00	2.840700e+00	1.182620e-09	0.000000e+00	2.532000e-02
0	231	R2	2.406600e+00	2.406600e+00	9.434687e-10	-1.830013e-14	2.426700e-02
0	232	R2	2.599700e+00	2.599700e+00	1.048739e-09	1.672212e-14	2.655700e-02
0	233	R2	2.478200e+00	2.478200e+00	9.823298e-10	0.000000e+00	3.080600e-02
0	234	R2	2.329200e+00	2.329200e+00	9.016498e-10	-1.209822e-14	3.670700e-02
0	243	R2	2.583700e+00	2.583700e+00	1.039957e-09	9.054545e-15	4.904600e-02
0	244	R2	2.213300e+00	2.213300e+00	8.393218e-10	4.591018e-15	9.673000e-02
0	249	R2	2.740200e+00	2.740200e+00	1.126402e-09	0.000000e+00	8.662200e-02
0	250	R2	2.315500e+00	2.315500e+00	8.942657e-10	-1.673535e-14	5.307200e-02
0	251	R2	3.579800e+00	3.579800e+00	1.618261e-09	-4.393443e-15	1.010800e-01
0	255	R2	2.401400e+00	2.401400e+00	9.406533e-10	1.026559e-14	4.326000e-02
0	256	R2	2.835100e+00	2.835100e+00	1.179472e-09	6.948013e-15	6.391600e-02
0	257	R2	2.330400e+00	2.330400e+00	9.022968e-10	-1.409986e-14	3.149600e-02
0	260	R2	2.804400e+00	2.804400e+00	1.162246e-09	0.000000e+00	2.783900e-02
0	261	R2	3.233000e+00	3.233000e+00	1.408491e-09	5.539966e-15	8.016100e-02
0	262	R2	2.803500e+00	2.803500e+00	1.161742e-09	-1.136883e-14	3.906200e-02
0	265	R2	2.991300e+00	2.991300e+00	1.268043e-09	0.000000e+00	4.704300e-02
0	266	R2	2.996000e+00	2.996000e+00	1.270733e-09	1.224094e-14	3.627900e-02
0	285	R2	2.868300e+00	2.868300e+00	1.198165e-09	6.204530e-14	1.431500e-02
0	289	R2	3.362600e+00	3.362600e+00	1.485682e-09	-9.983122e-15	4.448400e-02
0	290	R2	3.544100e+00	3.544100e+00	1.596184e-09	6.954324e-15	6.385800e-02
0	291	R2	3.020100e+00	3.020100e+00	1.284553e-09	7.924646e-15	5.603900e-02
0	292	R2	3.754700e+00	3.754700e+00	1.728102e-09	1.598939e-14	2.777400e-02
0	294	R2	2.979900e+00	2.979900e+00	1.261524e-09	0.000000e+00	3.409300e-02
0	295	R2	2.994200e+00	2.994200e+00	1.269703e-09	0.000000e+00	8.571600e-02
0	300	R2	3.471900e+00	3.471900e+00	1.551882e-09	-9.591767e-15	4.629900e-02
0	302	R2	4.584400e+00	4.584400e+00	2.288355e-09	0.000000e+00	5.268000e-02
0	304	R2	6.039000e+00	6.039000e+00	3.399130e-09	0.000000e+00	2.846900e-01
0	307	R2	2.622370e+01	2.622370e+01	1.884338e-08	0.000000e+00	8.136700e-01
0	308	R2	3.802960e+01	3.802960e+01	2.753731e-08	0.000000e+00	2.213100e+00
0	309	R2	2.963350e+01	2.963350e+01	2.136132e-08	0.000000e+00	2.268400e+00
0	310	R2	3.120940e+01	3.120940e+01	2.252272e-08	-1.663489e-15	2.135700e+00
0	315	R2	3.106890e+01	3.106890e+01	2.241922e-08	0.000000e+00	2.091600e+00
0	316	R2	3.212520e+01	3.212520e+01	2.319709e-08	-3.418207e-15	2.078700e+00
0	320	R2	2.711800e+01	2.711800e+01	1.950453e-08	5.101176e-15	1.392900e+00
0	322	R2	3.602230e+01	3.602230e+01	2.606306e-08	0.000000e+00	2.286100e+00
0	327	R2	3.129990e+01	3.129990e+01	2.258938e-08	0.000000e+00	1.421500e+00
0	331	R2	2.655930e+01	2.655930e+01	1.909155e-08	0.000000e+00	1.086200e+00
0	334	R2	3.306940e+01	3.306940e+01	2.389199e-08	0.000000e+00	1.894000e+00
0	335	R2	2.876050e+01	2.876050e+01	2.071737e-08	5.841838e-15	1.216300e+00
0	337	R2	2.182750e+01	2.182750e+01	1.558266e-08	-1.335331e-14	5.321100e-01
0	338	R2	2.592340e+01	2.592340e+01	1.862123e-08	-5.959829e-15	5.961100e-01
0	339	R2	2.914930e+01	2.914930e+01	2.100421e-08	-3.768418e-15	9.427600e-01
0	341	R2	2.916540e+01	2.916540e+01	2.101609e-08	2.583228e-15	1.375300e+00
0	346	R2	2.407560e+01	2.407560e+01	1.725258e-08	-1.288125e-14	5.516100e-01
0	348	R2	2.587710e+01	2.587710e+01	1.858697e-08	7.309734e-15	9.720500e-01
0	349	R2	2.862380e+01	2.862380e+01	2.061649e-08	0.000000e+00	1.434300e+00
0	350	R2	2.161130e+01	2.161130e+01	1.542173e-08	0.000000e+00	1.022900e+00
0	356	R2	2.801550e+01	2.801550e+01	2.016747e-08	-3.910226e-15	9.085700e-01
0	357	R2	3.362290e+01	3.362290e+01	2.429918e-08	0.000000e+00	1.663000e+00
0	358	R2	3.279780e+01	3.279780e+01	2.369214e-08	0.000000e+00	1.428500e+00
0	360	R2	3.861540e+01	3.861540e+01	2.796734e-08	0.000000e+00	2.276300e+00
0	362	R2	2.811740e+01	2.811740e+01	2.024271e-08	-2.615366e-15	1.358400e+00
0	364	R2	2.836140e+01	2.836140e+01	2.042283e-08	-2.079313e-15	1.708600e+00
0	365	R2	2.720220e+01	2.720220e+01	1.956675e-08	3.439219e-15	1.033000e+00
0	366	R2	3.534940e+01	3.534940e+01	2.556858e-08	0.000000e+00	2.338400e+00
0	367	R2	2.838700e+01	2.838700e+01	2.044172e-08	3.509546e-15	1.012300e+00
0	369	R2	2.122500e+01	2.122500e+01	1.513403e-08	0.000000e+00	5.958500e-01
0	370	R2	2.592250e+01	2.592250e+01	1.862056e-08	0.000000e+00	9.851000e-01
0	371	R2	2.146450e+01	2.146450e+01	1.531243e-08	0.000000e+00	9.336100e-01
0	372	R2	3.114410e+01	3.114410e+01	2.247462e-08	0.000000e+00	1.367200e+00
0	373	R2	3.377730e+01	3.377730e+01	2.441274e-08	0.000000e+00	2.063500e+00
0	376	R2	3.829710e+01	3.829710e+01	2.773369e-08	-3.978960e-15	3.571500e+00
0	379	R2	3.789750e+01	3.789750e+01	2.744033e-08	2.263740e-15	3.138800e+00
0	382	R2	3.316290e+01	3.316290e+01	2.396078e-08	-3.152084e-15	2.254200e+00
0	386	R2	3.825920e+01	3.825920e+01	2.770587e-08	-2.590763e-15	2.742600e+00
0	393	R2	2.719390e+01	2.719390e+01	1.956061e-08	0.000000e+00	1.037500e+00
0	395	R2	3.217000e+01	3.217000e+01	2.323007e-08	3.334629e-15	2.130800e+00
0	397	R2	3.561360e+01	3.561360e+01	2.576275e-08	2.491996e-15	2.851300e+00
0	398	R2	2.818190e+01	2.818190e+01	2.029032e-08	0.000000e+00	2.864200e+00
0	402	R2	2.321130e+01	2.321130e+01	1.661126e-08	0.000000e+00	1.967400e+00
0	404	R2	3.682200e+01	3.682200e+01	2.665054e-08	0.000000e+00	5.023200e+00
0	407	R2	2.710000e+01	2.710000e+01	1.949123e-08	1.677232e-15	2.118200e+00
0	408	R2	4.053460e+01	4.053460e+01	2.937563e-08	2.672268e-15	5.317900e+00
0	410	R2	2.740550e+01	2.740550e+01	1.971695e-08	-1.055596e-15	3.365600e+00
0	411	R2	3.436770e+01	3.436770e+01	2.484692e-08	0.000000e+00	4.694600e+00
0	412	R2	3.273480e+01	3.273480e+01	2.364577e-08	3.629663e-15	1.957600e+00
0	417	R2	5.242900e+00	5.242900e+00	2.775471e-09	0.000000e+00	6.880200e-02


1	6	NOE	-3.417000e-01	-3.417000e-01	8.348709e-10	3.155836e-14	1.055400e-02
1	12	NOE	5.752000e-01	5.752000e-01	1.997969e-09	5.195727e-15	2.136800e-02
1	14	NOE	-2.788000e-01	-2.788000e-01	8.658631e-10	2.736746e-14	2.231200e-02
1	15	NOE	-3.992000e-01	-3.992000e-01	8.084040e-10	-1.038611e-14	2.137900e-02
1	17	NOE	-3.946000e-01	-3.946000e-01	8.104610e-10	-1.701909e-15	9.785100e-02
1	22	NOE	8.275000e-01	8.275000e-01	1.256160e-08	-4.323130e-15	2.568100e-02
1	24	NOE	8.536000e-01	8.344307e-01	2.274189e-05	6.901404e-01	2.777600e-02
1	25	NOE	8.305000e-01	8.305000e-01	1.668545e-08	0.000000e+00	3.099400e-02
1	27	NOE	7.478000e-01	7.478000e-01	3.522732e-09	0.000000e+00	3.036200e-02
1	28	NOE	8.127000e-01	8.127000e-01	7.082890e-09	0.000000e+00	2.642100e-02
1	30	NOE	7.694000e-01	7.694000e-01	4.075400e-09	0.000000e+00	2.739800e-02
1	32	NOE	7.577000e-01	7.577000e-01	3.747109e-09	0.000000e+00	2.533000e-02
1	33	NOE	8.576000e-01	8.344307e-01	1.955024e-05	7.044923e-01	3.288800e-02
1	35	NOE	8.332000e-01	8.332000e-01	2.982814e-08	4.871963e-15	2.278800e-02
1	36	NOE	8.024000e-01	8.024000e-01	5.827548e-09	0.000000e+00	5.189800e-02
1	38	NOE	8.722000e-01	8.344307e-01	1.807554e-05	9.674276e-01	3.904100e-02
1	40	NOE	8.089000e-01	8.089000e-01	6.531902e-09	0.000000e+00	3.416300e-02
1	42	NOE	8.711000e-01	8.344307e-01	1.688933e-05	1.511577e+00	2.425900e-02
1	44	NOE	7.746000e-01	7.746000e-01	4.251192e-09	0.000000e+00	2.187000e-02
1	45	NOE	8.141000e-01	8.141000e-01	7.323795e-09	0.000000e+00	2.693100e-02
1	46	NOE	7.526000e-01	7.526000e-01	3.626462e-09	-2.877418e-15	3.858400e-02
1	47	NOE	7.077000e-01	7.077000e-01	2.899875e-09	0.000000e+00	3.325700e-02
1	48	NOE	7.780000e-01	7.780000e-01	4.378991e-09	0.000000e+00	3.135900e-02
1	49	NOE	8.928000e-01	8.344307e-01	1.995867e-05	1.288620e+00	4.529600e-02
1	50	NOE	7.796000e-01	7.796000e-01	4.443187e-09	0.000000e+00	2.264400e-02
1	55	NOE	8.197000e-01	8.197000e-01	8.609149e-09	0.000000e+00	3.869300e-02
1	56	NOE	7.870000e-01	7.870000e-01	4.781038e-09	-2.306508e-08	6.066700e-02
1	57	NOE	6.715000e-01	6.715000e-01	2.547374e-09	-3.049896e-15	3.640200e-02
1	59	NOE	7.208000e-01	7.208000e-01	3.066856e-09	4.824959e-15	2.301000e-02
1	60	NOE	8.906000e-01	8.344307e-01	2.729943e-05	1.691236e+00	3.321200e-02
1	62	NOE	8.901000e-01	8.344307e-01	2.245449e-05	1.091491e+00	5.100300e-02
1	63	NOE	8.406000e-01	8.344307e-01	2.593506e-05	2.851160e-01	2.163800e-02
1	64	NOE	8.622000e-01	8.344307e-01	3.044731e-05	1.050635e+00	2.643100e-02
1	65	NOE	7.967000e-01	7.967000e-01	5.366072e-09	3.339619e-15	3.324400e-02
1	67	NOE	8.199000e-01	8.199000e-01	8.668380e-09	-4.280460e-15	2.593700e-02
1	68	NOE	8.349000e-01	8.344307e-01	2.671195e-05	1.980589e-02	2.369700e-02
1	69	NOE	8.546000e-01	8.344307e-01	1.661956e-05	6.799037e-01	2.966500e-02
1	70	NOE	8.108000e-01	8.108000e-01	6.790800e-09	-2.236978e-08	3.132400e-02
1	71	NOE	8.162000e-01	8.162000e-01	7.735850e-09	0.000000e+00	3.056800e-02
1	72	NOE	8.336000e-01	8.336000e-01	3.630797e-08	-3.515700e-15	3.157900e-02
1	73	NOE	6.869000e-01	6.869000e-01	2.681569e-09	0.000000e+00	2.850600e-02
1	75	NOE	8.025000e-01	8.025000e-01	5.836729e-09	-4.025464e-15	2.758000e-02
1	76	NOE	8.140000e-01	8.140000e-01	7.305771e-09	0.000000e+00	2.531900e-02
1	77	NOE	7.602000e-01	7.602000e-01	3.810715e-09	0.000000e+00	3.022500e-02
1	78	NOE	8.520000e-01	8.344307e-01	2.660826e-05	4.438047e-01	3.958800e-02
1	79	NOE	7.343000e-01	7.343000e-01	3.271868e-09	-7.625103e-08	3.830200e-02
1	80	NOE	8.104000e-01	8.104000e-01	6.733757e-09	0.000000e+00	2.370800e-02
1	82	NOE	8.382000e-01	8.344307e-01	2.505212e-05	1.120660e-01	3.363500e-02
1	85	NOE	8.278000e-01	8.278000e-01	1.284303e-08	4.821816e-15	2.302500e-02
1	87	NOE	8.889000e-01	8.344307e-01	2.105225e-05	1.995068e+00	2.730200e-02
1	88	NOE	7.514000e-01	7.514000e-01	3.599694e-09	-3.833643e-15	2.896000e-02
1	89	NOE	8.487000e-01	8.344307e-01	2.023032e-05	5.635156e-01	2.532200e-02
1	90	NOE	8.444000e-01	8.344307e-01	3.129479e-05	4.121946e-01	2.418600e-02
1	91	NOE	8.099000e-01	8.099000e-01	6.664422e-09	0.000000e+00	6.467600e-02
1	92	NOE	8.239000e-01	8.239000e-01	1.018680e-08	0.000000e+00	2.691900e-02
1	94	NOE	8.975000e-01	8.344307e-01	2.014159e-05	2.180821e+00	2.892000e-02
1	104	NOE	8.383000e-01	8.344307e-01	3.006024e-05	9.136144e-02	4.235200e-02
1	105	NOE	8.150000e-01	8.150000e-01	7.492208e-09	-2.913512e-15	3.810600e-02
1	108	NOE	8.686000e-01	8.344307e-01	1.938234e-05	7.892579e-01	4.329300e-02
1	109	NOE	8.779000e-01	8.344307e-01	2.331643e-05	1.771800e+00	2.453400e-02
1	110	NOE	8.023000e-01	8.023000e-01	5.818410e-09	-2.569604e-15	4.320600e-02
1	111	NOE	9.072000e-01	8.344307e-01	2.999667e-05	1.131769e+00	6.429700e-02
1	112	NOE	8.536000e-01	8.344307e-01	2.274189e-05	4.542067e-01	4.220400e-02
1	113	NOE	8.649000e-01	8.344307e-01	2.287688e-05	1.159103e+00	2.628700e-02
1	114	NOE	8.922000e-01	8.344307e-01	2.767819e-05	1.661232e+00	3.477500e-02
1	115	NOE	8.461000e-01	8.344307e-01	3.054711e-05	4.712410e-01	2.476300e-02
1	116	NOE	8.483000e-01	8.344307e-01	1.716632e-05	5.846123e-01	2.372400e-02
1	118	NOE	8.392000e-01	8.344307e-01	1.781239e-05	1.438585e-01	3.315300e-02
1	119	NOE	7.989000e-01	7.989000e-01	5.531010e-09	-4.749414e-15	2.337600e-02
1	121	NOE	7.633000e-01	7.633000e-01	3.894171e-09	4.319766e-15	2.570100e-02
1	132	NOE	6.500000e-02	6.500000e-02	1.090775e-09	-2.384192e-15	2.328300e-02
1	134	NOE	-2.104000e-01	-2.104000e-01	9.023442e-10	8.961506e-15	1.548600e-02
1	139	NOE	-6.032000e-01	-6.032000e-01	7.260897e-10	0.000000e+00	1.131500e-01
1	143	NOE	-6.631000e-01	-6.631000e-01	7.047204e-10	5.148144e-15	4.313100e-02
1	144	NOE	-7.429000e-01	-7.429000e-01	6.778561e-10	-4.306027e-15	7.734900e-02
1	145	NOE	-4.952000e-01	-4.952000e-01	7.676359e-10	-9.605390e-15	3.467500e-02
1	146	NOE	-8.253000e-01	-8.253000e-01	6.518166e-10	3.656018e-15	3.036700e-02
1	149	NOE	-6.821000e-01	-6.821000e-01	6.981653e-10	-1.480232e-14	2.250100e-02
1	152	NOE	-5.472000e-01	-5.472000e-01	7.471132e-10	1.019582e-14	3.266700e-02
1	153	NOE	-4.340000e-01	-4.340000e-01	7.931615e-10	-4.774331e-15	1.162700e-02
1	155	NOE	-6.921000e-01	-6.921000e-01	6.947562e-10	-1.710193e-14	3.245900e-02
1	156	NOE	-4.930000e-01	-4.930000e-01	7.685269e-10	-5.983095e-15	1.855600e-02
1	157	NOE	-4.446000e-01	-4.446000e-01	7.886270e-10	5.009580e-15	2.216200e-02
1	158	NOE	-6.924000e-01	-6.924000e-01	6.946544e-10	-3.634382e-14	2.749300e-02
1	159	NOE	-7.765000e-01	-7.765000e-01	6.670421e-10	8.975488e-15	2.473900e-02
1	160	NOE	-1.076000e+00	-1.076000e+00	5.811806e-10	0.000000e+00	5.693600e-02
1	161	NOE	-5.820000e-01	-5.820000e-01	7.339240e-10	5.068586e-15	2.190400e-02
1	164	NOE	-5.678000e-01	-5.678000e-01	7.392553e-10	1.890707e-14	1.761600e-02
1	167	NOE	-7.469000e-01	-7.469000e-01	6.765539e-10	-4.207143e-15	2.638900e-02
1	184	NOE	-5.557000e-01	-5.557000e-01	7.438529e-10	-5.523498e-15	2.010000e-02
1	185	NOE	-2.923000e-01	-2.923000e-01	8.590176e-10	1.504265e-14	1.476100e-02
1	186	NOE	-3.223000e-01	-3.223000e-01	8.441898e-10	-3.317211e-14	1.171400e-02
1	188	NOE	-1.088000e-01	-1.088000e-01	9.629529e-10	2.092581e-15	6.631900e-03
1	190	NOE	-4.539000e-01	-4.539000e-01	7.846888e-10	6.306261e-14	9.682800e-03
1	191	NOE	-2.558000e-01	-2.558000e-01	8.777859e-10	-2.583234e-06	9.631800e-03
1	192	NOE	-3.964000e-01	-3.964000e-01	8.096549e-10	-8.844989e-15	1.255200e-02
1	195	NOE	-3.596000e-01	-3.596000e-01	8.264515e-10	3.708160e-14	1.047900e-02
1	197	NOE	-4.721000e-01	-4.721000e-01	7.770878e-10	3.165324e-14	1.929100e-02
1	198	NOE	-3.279000e-01	-3.279000e-01	8.414786e-10	3.931106e-15	1.412100e-02
1	199	NOE	-5.128000e-01	-5.128000e-01	7.605758e-10	2.938134e-14	1.133600e-02
1	231	NOE	-4.978000e-01	-4.978000e-01	7.665853e-10	0.000000e+00	1.163100e-02
1	232	NOE	-5.464000e-01	-5.464000e-01	7.474214e-10	0.000000e+00	1.291700e-02
1	233	NOE	-6.897000e-01	-6.897000e-01	6.955719e-10	0.000000e+00	1.557400e-02
1	234	NOE	-5.617000e-01	-5.617000e-01	7.415667e-10	8.334382e-15	1.332100e-02
1	243	NOE	-3.513000e-01	-3.513000e-01	8.303345e-10	-2.830437e-14	1.765100e-02
1	244	NOE	-4.117000e-01	-4.117000e-01	8.028648e-10	-1.762881e-14	2.834000e-02
1	249	NOE	-3.956000e-01	-3.956000e-01	8.100130e-10	1.577149e-14	2.463800e-02
1	250	NOE	-4.530000e-01	-4.530000e-01	7.850683e-10	2.620786e-14	1.906300e-02
1	251	NOE	2.594000e-01	2.594000e-01	1.292768e-09	-2.795264e-15	1.985900e-02
1	255	NOE	-4.899000e-01	-4.899000e-01	7.697856e-10	3.741274e-14	1.780500e-02
1	256	NOE	-2.804000e-01	-2.804000e-01	8.650460e-10	1.147339e-14	1.935300e-02
1	257	NOE	-2.269000e-01	-2.269000e-01	8.932552e-10	9.018871e-15	1.231000e-02
1	260	NOE	-1.144000e-01	-1.144000e-01	9.593839e-10	-3.820827e-14	1.017000e-02
1	261	NOE	-2.551000e-01	-2.551000e-01	8.781540e-10	1.449945e-14	2.297100e-02
1	262	NOE	-4.056000e-01	-4.056000e-01	8.055588e-10	-5.123136e-14	1.408600e-02
1	265	NOE	-2.947000e-01	-2.947000e-01	8.578120e-10	-3.585297e-15	1.548300e-02
1	266	NOE	-2.473000e-01	-2.473000e-01	8.822779e-10	-2.731848e-14	1.320800e-02
1	285	NOE	-3.681000e-01	-3.681000e-01	8.225118e-10	-6.735155e-14	4.945200e-03
1	289	NOE	-2.086000e-01	-2.086000e-01	9.033474e-10	7.515217e-15	1.477300e-02
1	290	NOE	-3.204000e-01	-3.204000e-01	8.451136e-10	-1.293815e-14	1.716200e-02
1	291	NOE	-3.489000e-01	-3.489000e-01	8.314640e-10	-1.302849e-14	1.704300e-02
1	292	NOE	-9.280000e-02	-9.280000e-02	9.733122e-10	5.562449e-14	7.983700e-03
1	294	NOE	-2.392000e-01	-2.392000e-01	8.866029e-10	-4.735292e-14	1.230900e-02
1	295	NOE	-1.569000e-01	-1.569000e-01	9.332052e-10	9.456039e-15	2.641700e-02
1	300	NOE	-1.345000e-01	-1.345000e-01	9.468075e-10	-1.035656e-14	1.608000e-02
1	302	NOE	5.180000e-02	5.180000e-02	1.079707e-09	-4.614854e-15	1.503600e-02
1	304	NOE	9.520000e-02	9.520000e-02	1.117131e-09	-3.439779e-15	4.841400e-02
1	307	NOE	4.863000e-01	4.863000e-01	1.706720e-09	-1.822607e-15	3.045700e-02
1	308	NOE	7.792000e-01	7.792000e-01	4.426878e-09	0.000000e+00	4.861700e-02
1	309	NOE	7.564000e-01	7.564000e-01	3.715242e-09	-1.665351e-15	6.666600e-02
1	310	NOE	8.144000e-01	8.144000e-01	7.378671e-09	0.000000e+00	6.385000e-02
1	315	NOE	6.772000e-01	6.772000e-01	2.594766e-09	0.000000e+00	3.798500e-02
1	316	NOE	8.465000e-01	8.344307e-01	3.637817e-05	2.487498e-01	4.852000e-02
1	320	NOE	8.911000e-01	8.344307e-01	1.549710e-05	1.318996e+00	4.296400e-02
1	322	NOE	8.978000e-01	8.344307e-01	1.640649e-05	1.377684e+00	4.599700e-02
1	327	NOE	8.213000e-01	8.213000e-01	9.120153e-09	2.902999e-15	3.824400e-02
1	331	NOE	8.536000e-01	8.344307e-01	2.274189e-05	5.131392e-01	3.735700e-02
1	334	NOE	7.842000e-01	7.842000e-01	4.644476e-09	-3.847958e-08	3.848800e-02
1	335	NOE	8.301000e-01	8.301000e-01	1.589554e-08	-3.346969e-15	3.317100e-02
1	337	NOE	8.253000e-01	8.253000e-01	1.094156e-08	-4.044381e-15	2.745100e-02
1	338	NOE	7.680000e-01	7.680000e-01	4.031619e-09	0.000000e+00	2.524900e-02
1	339	NOE	6.623000e-01	6.623000e-01	2.475849e-09	4.129219e-15	2.688700e-02
1	341	NOE	7.498000e-01	7.498000e-01	3.564886e-09	0.000000e+00	3.723500e-02
1	346	NOE	8.495000e-01	8.344307e-01	1.916261e-05	6.313353e-01	2.386900e-02
1	348	NOE	8.195000e-01	8.195000e-01	8.551112e-09	-2.867904e-15	3.871200e-02
1	349	NOE	7.086000e-01	7.086000e-01	2.910513e-09	-2.729900e-15	4.066900e-02
1	350	NOE	7.025000e-01	7.025000e-01	2.840535e-09	-2.334019e-15	4.756700e-02
1	356	NOE	8.143000e-01	8.143000e-01	7.360243e-09	0.000000e+00	2.801400e-02
1	357	NOE	8.479000e-01	8.344307e-01	2.709736e-05	3.739198e-01	3.602200e-02
1	358	NOE	8.651000e-01	8.344307e-01	2.819605e-05	9.956931e-01	3.080200e-02
1	360	NOE	8.833000e-01	8.344307e-01	2.782961e-05	1.155085e+00	4.230800e-02
1	362	NOE	7.937000e-01	7.937000e-01	5.163014e-09	0.000000e+00	3.679100e-02
1	364	NOE	7.784000e-01	7.784000e-01	4.394783e-09	0.000000e+00	4.315100e-02
1	365	NOE	8.648000e-01	8.344307e-01	1.867758e-05	1.095101e+00	2.773200e-02
1	366	NOE	7.569000e-01	7.569000e-01	3.727404e-09	0.000000e+00	3.385900e-02
1	367	NOE	7.774000e-01	7.774000e-01	4.355614e-09	0.000000e+00	2.934100e-02
1	369	NOE	7.310000e-01	7.310000e-01	3.218095e-09	-1.066342e-07	2.827100e-02
1	370	NOE	8.247000e-01	8.247000e-01	1.059819e-08	3.399232e-15	3.266100e-02
1	371	NOE	7.730000e-01	7.730000e-01	4.194742e-09	3.441272e-15	3.226200e-02
1	372	NOE	8.600000e-01	8.344307e-01	2.435143e-05	6.690042e-01	3.822000e-02
1	373	NOE	7.282000e-01	7.282000e-01	3.174434e-09	0.000000e+00	3.643900e-02
1	376	NOE	8.852000e-01	8.344307e-01	2.887051e-05	1.049995e+00	4.835200e-02
1	379	NOE	8.475000e-01	8.344307e-01	2.342608e-05	3.163723e-01	4.131000e-02
1	382	NOE	8.829000e-01	8.344307e-01	2.440254e-05	1.120601e+00	4.325300e-02
1	386	NOE	8.296000e-01	8.296000e-01	1.504963e-08	2.461092e-15	4.511100e-02
1	393	NOE	1.018000e+00	8.344307e-01	1.558585e-05	3.697342e+00	4.964900e-02
1	395	NOE	7.679000e-01	7.679000e-01	4.028544e-09	0.000000e+00	5.188500e-02
1	397	NOE	9.317000e-01	8.344307e-01	1.614611e-05	1.890230e+00	5.145900e-02
1	398	NOE	9.189000e-01	8.344307e-01	1.737535e-05	1.292826e+00	6.533700e-02
1	402	NOE	8.279000e-01	8.279000e-01	1.294113e-08	2.093299e-15	5.303700e-02
1	404	NOE	8.246000e-01	8.246000e-01	1.054403e-08	0.000000e+00	6.116300e-02
1	407	NOE	7.095000e-01	7.095000e-01	2.921266e-09	0.000000e+00	4.665800e-02
1	408	NOE	9.091000e-01	8.344307e-01	1.938755e-05	1.096434e+00	6.810200e-02
1	410	NOE	7.433000e-01	7.433000e-01	3.432981e-09	1.800294e-15	6.166900e-02
1	411	NOE	9.353000e-01	8.344307e-01	2.995824e-05	1.205706e+00	8.366000e-02
1	412	NOE	7.031000e-01	7.031000e-01	2.847204e-09	-2.827873e-15	3.926000e-02
1	417	NOE	-2.880000e-02	-2.880000e-02	1.017348e-09	-3.334404e-15	1.872900e-02


2	6	R1	1.240700e+00	1.240700e+00	3.629661e-10	0.000000e+00	8.852000e-03
2	12	R1	8.272200e-01	8.272200e-01	1.699961e-08	6.980340e-15	1.590500e-02
2	14	R1	1.208000e+00	1.208000e+00	3.432806e-10	0.000000e+00	2.667100e-02
2	15	R1	1.209700e+00	1.209700e+00	3.442835e-10	0.000000e+00	2.514000e-02
2	17	R1	1.225800e+00	1.225800e+00	3.538942e-10	0.000000e+00	7.051400e-02
2	22	R1	8.125100e-01	8.125100e-01	1.732184e-08	4.054721e-15	2.738100e-02
2	24	R1	7.719900e-01	7.719900e-01	1.827143e-08	7.787487e-15	2.851300e-02
2	25	R1	7.986800e-01	7.986800e-01	1.763536e-08	3.092371e-15	3.590200e-02
2	27	R1	6.668500e-01	6.668500e-01	2.126162e-08	-3.470315e-15	3.199200e-02
2	28	R1	7.511500e-01	7.511500e-01	1.879881e-08	-4.270581e-15	2.599700e-02
2	30	R1	7.620500e-01	7.620500e-01	1.851945e-08	-4.542647e-15	2.444000e-02
2	32	R1	6.999800e-01	6.999800e-01	2.022423e-08	0.000000e+00	2.420900e-02
2	33	R1	8.145700e-01	8.145700e-01	1.727603e-08	-3.669310e-15	3.025700e-02
2	35	R1	8.261100e-01	8.261100e-01	1.702353e-08	1.213690e-14	1.829500e-02
2	36	R1	7.522000e-01	7.522000e-01	1.877156e-08	4.781425e-15	4.643900e-02
2	38	R1	8.485500e-01	8.485500e-01	1.655172e-08	-6.364133e-15	3.489000e-02
2	40	R1	8.365400e-01	8.365400e-01	1.680117e-08	3.227674e-15	3.439700e-02
2	42	R1	7.968000e-01	7.968000e-01	1.767880e-08	-1.213956e-14	1.829100e-02
2	44	R1	8.015500e-01	8.015500e-01	1.756943e-08	-1.330166e-14	1.669300e-02
2	45	R1	8.467400e-01	8.467400e-01	1.658887e-08	-1.069940e-14	2.075300e-02
2	46	R1	6.938400e-01	6.938400e-01	2.040913e-08	3.716725e-15	2.987100e-02
2	47	R1	7.275600e-01	7.275600e-01	1.943150e-08	7.673115e-15	2.893800e-02
2	48	R1	7.899900e-01	7.899900e-01	1.783784e-08	-4.159073e-15	2.669400e-02
2	49	R1	6.945400e-01	6.945400e-01	2.038789e-08	3.263922e-15	3.401500e-02
2	50	R1	7.961400e-01	7.961400e-01	1.769410e-08	0.000000e+00	1.834800e-02
2	55	R1	7.888900e-01	7.888900e-01	1.786379e-08	-3.318854e-15	3.345200e-02
2	56	R1	8.150200e-01	8.150200e-01	1.726606e-08	-1.908912e-15	5.816000e-02
2	57	R1	9.292700e-01	9.292700e-01	1.503809e-08	-2.610324e-15	4.253200e-02
2	59	R1	7.800900e-01	7.800900e-01	1.807389e-08	0.000000e+00	1.609600e-02
2	60	R1	7.808200e-01	7.808200e-01	1.805629e-08	5.201570e-15	2.134400e-02
2	62	R1	7.377600e-01	7.377600e-01	1.915307e-08	2.903062e-07	3.651000e-02
2	63	R1	6.664200e-01	6.664200e-01	2.127575e-08	0.000000e+00	1.648000e-02
2	64	R1	6.963500e-01	6.963500e-01	2.033315e-08	4.558689e-15	2.435400e-02
2	65	R1	7.144600e-01	7.144600e-01	1.980054e-08	3.281079e-07	3.135700e-02
2	67	R1	7.134400e-01	7.134400e-01	1.982983e-08	4.414230e-15	2.515100e-02
2	68	R1	8.015000e-01	8.015000e-01	1.757058e-08	-4.046740e-15	2.743500e-02
2	69	R1	7.473200e-01	7.473200e-01	1.889887e-08	3.435309e-15	3.231800e-02
2	70	R1	7.416100e-01	7.416100e-01	1.904992e-08	-3.258844e-15	3.406800e-02
2	71	R1	7.127600e-01	7.127600e-01	1.984940e-08	-3.478360e-15	3.191800e-02
2	72	R1	6.744700e-01	6.744700e-01	2.101414e-08	3.765255e-15	2.948600e-02
2	73	R1	6.835700e-01	6.835700e-01	2.072571e-08	0.000000e+00	2.807700e-02
2	75	R1	8.161100e-01	8.161100e-01	1.724193e-08	0.000000e+00	2.842500e-02
2	76	R1	8.810600e-01	8.810600e-01	1.590972e-08	9.734102e-15	2.281100e-02
2	77	R1	7.222100e-01	7.222100e-01	1.958062e-08	8.004492e-15	2.774000e-02
2	78	R1	7.939400e-01	7.939400e-01	1.774527e-08	0.000000e+00	4.083700e-02
2	79	R1	7.368900e-01	7.368900e-01	1.917652e-08	0.000000e+00	3.224800e-02
2	80	R1	7.398000e-01	7.398000e-01	1.909828e-08	6.328221e-15	1.754400e-02
2	82	R1	7.281600e-01	7.281600e-01	1.941491e-08	-3.162938e-15	3.510100e-02
2	85	R1	7.260600e-01	7.260600e-01	1.947309e-08	0.000000e+00	2.462200e-02
2	87	R1	7.298800e-01	7.298800e-01	1.936750e-08	0.000000e+00	2.189700e-02
2	88	R1	6.889200e-01	6.889200e-01	2.055963e-08	-4.680930e-15	2.371800e-02
2	89	R1	7.347300e-01	7.347300e-01	1.923498e-08	9.422644e-15	2.356500e-02
2	90	R1	6.872700e-01	6.872700e-01	2.061058e-08	5.046548e-07	1.966300e-02
2	91	R1	7.238100e-01	7.238100e-01	1.953580e-08	0.000000e+00	6.149000e-02
2	92	R1	7.283300e-01	7.283300e-01	1.941021e-08	-4.674033e-15	2.375300e-02
2	94	R1	7.089300e-01	7.089300e-01	1.996034e-08	0.000000e+00	2.282100e-02
2	104	R1	7.453500e-01	7.453500e-01	1.895073e-08	3.320442e-15	3.343600e-02
2	105	R1	7.823300e-01	7.823300e-01	1.801997e-08	-6.229159e-15	3.564600e-02
2	108	R1	7.176100e-01	7.176100e-01	1.971059e-08	-2.606402e-15	4.259600e-02
2	109	R1	8.277600e-01	8.277600e-01	1.698799e-08	-4.716125e-15	2.354100e-02
2	110	R1	8.125900e-01	8.125900e-01	1.732006e-08	4.466889e-15	4.970900e-02
2	111	R1	7.428500e-01	7.428500e-01	1.901693e-08	1.661513e-15	6.682000e-02
2	112	R1	8.020900e-01	8.020900e-01	1.755708e-08	0.000000e+00	4.562300e-02
2	113	R1	8.301400e-01	8.301400e-01	1.693697e-08	7.400500e-15	3.000400e-02
2	114	R1	8.096300e-01	8.096300e-01	1.738627e-08	8.605935e-15	3.870200e-02
2	115	R1	8.070300e-01	8.070300e-01	1.744482e-08	7.705334e-15	2.881700e-02
2	116	R1	7.883600e-01	7.883600e-01	1.787631e-08	0.000000e+00	2.183400e-02
2	118	R1	7.141200e-01	7.141200e-01	1.981029e-08	-3.460579e-15	3.208200e-02
2	119	R1	7.963300e-01	7.963300e-01	1.768969e-08	4.567503e-15	2.430700e-02
2	121	R1	7.914800e-01	7.914800e-01	1.780282e-08	0.000000e+00	2.401300e-02
2	132	R1	1.058200e+00	1.058200e+00	1.308516e-08	9.203540e-15	2.412600e-02
2	134	R1	1.130900e+00	1.130900e+00	1.217275e-08	0.000000e+00	1.943500e-02
2	139	R1	1.585700e+00	1.585700e+00	6.039472e-10	7.828947e-16	2.836200e-01
2	143	R1	1.138900e+00	1.138900e+00	3.045415e-10	0.000000e+00	4.587900e-02
2	144	R1	1.064100e+00	1.064100e+00	2.672090e-10	3.142926e-15	7.064900e-02
2	145	R1	1.036200e+00	1.036200e+00	2.544907e-10	0.000000e+00	3.621300e-02
2	146	R1	1.040400e+00	1.040400e+00	2.563648e-10	1.073042e-14	2.069300e-02
2	149	R1	1.019500e+00	1.019500e+00	2.471774e-10	-1.303538e-14	1.703400e-02
2	152	R1	9.643800e-01	9.643800e-01	2.245403e-10	0.000000e+00	2.947900e-02
2	153	R1	1.139900e+00	1.139900e+00	3.050732e-10	0.000000e+00	9.642300e-03
2	155	R1	1.047300e+00	1.047300e+00	2.594746e-10	-7.835301e-15	2.833900e-02
2	156	R1	1.093900e+00	1.093900e+00	2.815083e-10	1.234061e-14	1.799300e-02
2	157	R1	1.071000e+00	1.071000e+00	2.704533e-10	-9.830202e-15	2.258800e-02
2	158	R1	1.080100e+00	1.080100e+00	2.747932e-10	-8.523458e-15	2.605100e-02
2	159	R1	9.991600e-01	9.991600e-01	2.385624e-10	1.226630e-14	1.810200e-02
2	160	R1	8.597500e-01	8.597500e-01	1.871252e-10	3.361969e-15	3.302300e-02
2	161	R1	9.822900e-01	9.822900e-01	2.316521e-10	1.344910e-14	1.651000e-02
2	164	R1	1.089100e+00	1.089100e+00	2.791542e-10	0.000000e+00	1.377800e-02
2	167	R1	9.957500e-01	9.957500e-01	2.371487e-10	0.000000e+00	1.671100e-02
2	184	R1	1.090400e+00	1.090400e+00	2.797898e-10	1.591718e-14	1.395000e-02
2	185	R1	1.122700e+00	1.122700e+00	2.960482e-10	2.024661e-14	1.096700e-02
2	186	R1	1.181800e+00	1.181800e+00	3.281213e-10	0.000000e+00	9.824600e-03
2	188	R1	1.128900e+00	1.128900e+00	2.992720e-10	0.000000e+00	5.900800e-03
2	190	R1	1.267900e+00	1.267900e+00	3.799452e-10	0.000000e+00	7.633300e-03
2	191	R1	1.262600e+00	1.262600e+00	3.765960e-10	-1.138677e-06	7.821200e-03
2	192	R1	1.146100e+00	1.146100e+00	3.083891e-10	0.000000e+00	1.149600e-02
2	195	R1	1.167500e+00	1.167500e+00	3.200874e-10	0.000000e+00	7.582500e-03
2	197	R1	1.029900e+00	1.029900e+00	2.517059e-10	-1.419269e-14	1.564500e-02
2	198	R1	1.147000e+00	1.147000e+00	3.088731e-10	0.000000e+00	1.093600e-02
2	199	R1	1.206500e+00	1.206500e+00	3.423977e-10	2.791785e-14	7.953500e-03
2	231	R1	1.181500e+00	1.181500e+00	3.279510e-10	0.000000e+00	8.536700e-03
2	232	R1	1.164900e+00	1.164900e+00	3.186452e-10	-2.418945e-14	9.179400e-03
2	233	R1	1.072000e+00	1.072000e+00	2.709268e-10	0.000000e+00	1.084700e-02
2	234	R1	9.652700e-01	9.652700e-01	2.248884e-10	-3.488781e-14	9.546800e-03
2	243	R1	1.216800e+00	1.216800e+00	3.484967e-10	1.225479e-14	1.811900e-02
2	244	R1	1.090800e+00	1.090800e+00	2.799857e-10	0.000000e+00	3.141700e-02
2	249	R1	1.191900e+00	1.191900e+00	3.338985e-10	0.000000e+00	3.081700e-02
2	250	R1	1.123800e+00	1.123800e+00	2.966178e-10	1.219757e-14	1.820400e-02
2	251	R1	1.029600e+00	1.029600e+00	2.515741e-10	-3.553953e-07	2.401200e-02
2	255	R1	1.112100e+00	1.112100e+00	2.906136e-10	0.000000e+00	1.509900e-02
2	256	R1	1.133900e+00	1.133900e+00	3.018959e-10	1.123026e-14	1.977200e-02
2	257	R1	1.203500e+00	1.203500e+00	3.406372e-10	-2.137099e-14	1.039000e-02
2	260	R1	1.336500e+00	1.336500e+00	4.248878e-10	2.290229e-14	9.695300e-03
2	261	R1	1.210200e+00	1.210200e+00	3.445789e-10	8.568850e-15	2.591300e-02
2	262	R1	1.133300e+00	1.133300e+00	3.015799e-10	0.000000e+00	1.381400e-02
2	265	R1	1.081800e+00	1.081800e+00	2.756117e-10	1.530920e-14	1.450400e-02
2	266	R1	1.126700e+00	1.126700e+00	2.981243e-10	7.638803e-07	1.116800e-02
2	285	R1	1.094500e+00	1.094500e+00	2.818040e-10	-5.347766e-14	4.152100e-03
2	289	R1	1.253100e+00	1.253100e+00	3.706414e-10	1.412048e-14	1.572500e-02
2	290	R1	1.206200e+00	1.206200e+00	3.422213e-10	0.000000e+00	2.104300e-02
2	291	R1	1.233700e+00	1.233700e+00	3.586833e-10	1.178268e-14	1.884500e-02
2	292	R1	1.119800e+00	1.119800e+00	2.945518e-10	2.984270e-14	7.440500e-03
2	294	R1	1.208300e+00	1.208300e+00	3.434574e-10	0.000000e+00	1.293500e-02
2	295	R1	1.196500e+00	1.196500e+00	3.365576e-10	0.000000e+00	3.201400e-02
2	300	R1	1.150500e+00	1.150500e+00	3.107623e-10	1.602053e-14	1.386000e-02
2	302	R1	1.183500e+00	1.183500e+00	1.157912e-08	0.000000e+00	1.433100e-02
2	304	R1	1.117200e+00	1.117200e+00	1.233604e-08	3.083096e-15	7.202000e-02
2	307	R1	9.739400e-01	9.739400e-01	1.430512e-08	3.437755e-15	3.229500e-02
2	308	R1	9.570900e-01	9.570900e-01	1.457384e-08	2.859410e-15	3.882700e-02
2	309	R1	8.515200e-01	8.515200e-01	1.649109e-08	1.545647e-15	7.182900e-02
2	310	R1	9.129100e-01	9.129100e-01	1.532387e-08	-1.895096e-15	5.858400e-02
2	315	R1	9.092800e-01	9.092800e-01	1.538863e-08	0.000000e+00	4.181800e-02
2	316	R1	8.062800e-01	8.062800e-01	1.746177e-08	-2.562132e-15	4.333200e-02
2	320	R1	8.275100e-01	8.275100e-01	1.699337e-08	2.658516e-15	4.176100e-02
2	322	R1	7.585800e-01	7.585800e-01	1.860753e-08	-2.838719e-15	3.911000e-02
2	327	R1	8.412100e-01	8.412100e-01	1.670335e-08	3.320230e-07	3.598300e-02
2	331	R1	8.567200e-01	8.567200e-01	1.638592e-08	2.921716e-15	3.799900e-02
2	334	R1	7.618400e-01	7.618400e-01	1.852476e-08	6.172020e-15	3.597600e-02
2	335	R1	7.560500e-01	7.560500e-01	1.867225e-08	8.755012e-15	2.536200e-02
2	337	R1	7.985800e-01	7.985800e-01	1.763767e-08	1.147280e-14	1.935400e-02
2	338	R1	8.906300e-01	8.906300e-01	1.572942e-08	6.053231e-15	1.834100e-02
2	339	R1	7.218500e-01	7.218500e-01	1.959074e-08	0.000000e+00	2.032900e-02
2	341	R1	7.477900e-01	7.477900e-01	1.888654e-08	-3.664465e-15	3.029700e-02
2	346	R1	7.468300e-01	7.468300e-01	1.891175e-08	0.000000e+00	1.710200e-02
2	348	R1	8.035700e-01	8.035700e-01	1.752330e-08	3.731466e-15	2.975300e-02
2	349	R1	7.714900e-01	7.714900e-01	1.828375e-08	2.821047e-15	3.935500e-02
2	350	R1	8.203700e-01	8.203700e-01	1.714826e-08	2.269420e-15	4.892100e-02
2	356	R1	7.297200e-01	7.297200e-01	1.937190e-08	5.086466e-15	2.182700e-02
2	357	R1	6.908300e-01	6.908300e-01	2.050096e-08	3.704077e-15	2.997300e-02
2	358	R1	7.123800e-01	7.123800e-01	1.986036e-08	-4.266970e-15	2.601900e-02
2	360	R1	7.008000e-01	7.008000e-01	2.019977e-08	-2.808913e-15	3.952500e-02
2	362	R1	7.147300e-01	7.147300e-01	1.979279e-08	-3.470098e-15	3.199400e-02
2	364	R1	7.747600e-01	7.747600e-01	1.820342e-08	0.000000e+00	4.237800e-02
2	365	R1	7.067600e-01	7.067600e-01	2.002372e-08	-3.970471e-15	2.796200e-02
2	366	R1	7.685100e-01	7.685100e-01	1.835755e-08	-2.850966e-15	3.894200e-02
2	367	R1	8.870200e-01	8.870200e-01	1.579699e-08	3.143594e-15	3.531700e-02
2	369	R1	8.654300e-01	8.654300e-01	1.621252e-08	0.000000e+00	2.580700e-02
2	370	R1	7.622600e-01	7.622600e-01	1.851414e-08	3.604854e-15	3.079800e-02
2	371	R1	7.442200e-01	7.442200e-01	1.898060e-08	-3.230022e-15	3.437200e-02
2	372	R1	7.358000e-01	7.358000e-01	1.920598e-08	0.000000e+00	2.892100e-02
2	373	R1	7.988500e-01	7.988500e-01	1.763144e-08	-2.877716e-15	3.858000e-02
2	376	R1	7.836800e-01	7.836800e-01	1.798762e-08	1.888584e-15	5.878600e-02
2	379	R1	7.451000e-01	7.451000e-01	1.895733e-08	-2.165908e-15	5.125900e-02
2	382	R1	7.721200e-01	7.721200e-01	1.826823e-08	0.000000e+00	4.532800e-02
2	386	R1	7.511900e-01	7.511900e-01	1.879777e-08	0.000000e+00	4.413100e-02
2	393	R1	9.201400e-01	9.201400e-01	1.519636e-08	-5.968460e-15	3.720300e-02
2	395	R1	7.474900e-01	7.474900e-01	1.889441e-08	0.000000e+00	4.118300e-02
2	397	R1	7.921500e-01	7.921500e-01	1.778711e-08	-2.470071e-15	4.494700e-02
2	398	R1	7.603800e-01	7.603800e-01	1.856174e-08	0.000000e+00	5.506900e-02
2	402	R1	7.274300e-01	7.274300e-01	1.943510e-08	-3.727394e-15	5.957100e-02
2	404	R1	8.048100e-01	8.048100e-01	1.749510e-08	0.000000e+00	7.899400e-02
2	407	R1	8.115500e-01	8.115500e-01	1.734327e-08	-3.960132e-15	5.607000e-02
2	408	R1	6.207200e-01	6.207200e-01	2.288754e-08	-1.595721e-15	6.957500e-02
2	410	R1	8.168200e-01	8.168200e-01	1.722626e-08	0.000000e+00	7.515800e-02
2	411	R1	7.278100e-01	7.278100e-01	1.942458e-08	2.724106e-15	8.151100e-02
2	412	R1	8.090900e-01	8.090900e-01	1.739840e-08	0.000000e+00	3.873600e-02
2	417	R1	1.172700e+00	1.172700e+00	1.169690e-08	0.000000e+00	1.614400e-02


