0	6	R2	3.157700e+00	3.157700e+00	1.207991e-09	-2.679110e-14	1.657600e-02
0	12	R2	1.816660e+01	1.816660e+01	1.088015e-08	0.000000e+00	2.533300e-01
0	14	R2	3.233900e+00	3.233900e+00	1.247571e-09	-1.645293e-14	5.398300e-02
0	15	R2	2.690500e+00	2.690500e+00	9.758069e-10	0.000000e+00	5.048700e-02
0	17	R2	2.409200e+00	2.409200e+00	8.436620e-10	-3.870733e-15	1.147300e-01
0	22	R2	3.008440e+01	3.008440e+01	1.829635e-08	0.000000e+00	7.888100e-01
0	24	R2	3.169140e+01	3.169140e+01	1.929040e-08	-6.365730e-15	1.116200e+00
0	25	R2	2.764720e+01	2.764720e+01	1.678696e-08	6.752925e-15	1.052200e+00
0	27	R2	3.423550e+01	3.423550e+01	2.086257e-08	0.000000e+00	1.477600e+00
0	28	R2	3.188260e+01	3.188260e+01	1.940862e-08	0.000000e+00	1.765600e+00
0	30	R2	2.707230e+01	2.707230e+01	1.643055e-08	1.036366e-14	6.856100e-01
0	32	R2	3.244070e+01	3.244070e+01	1.975362e-08	0.000000e+00	9.706700e-01
0	33	R2	2.620820e+01	2.620820e+01	1.589456e-08	4.595235e-15	7.731300e-01
0	35	R2	2.432890e+01	2.432890e+01	1.472741e-08	1.781836e-14	3.987700e-01
0	36	R2	2.892810e+01	2.892810e+01	1.758053e-08	0.000000e+00	2.261700e+00
0	38	R2	2.568230e+01	2.568230e+01	1.556815e-08	2.546748e-15	1.395000e+00
0	40	R2	2.408860e+01	2.408860e+01	1.457801e-08	0.000000e+00	6.522700e-01
0	42	R2	2.986070e+01	2.986070e+01	1.815790e-08	0.000000e+00	6.040400e-01
0	44	R2	2.651470e+01	2.651470e+01	1.608472e-08	8.886672e-15	3.997800e-01
0	45	R2	2.448500e+01	2.448500e+01	1.482444e-08	0.000000e+00	4.761900e-01
0	46	R2	2.771920e+01	2.771920e+01	1.683159e-08	0.000000e+00	8.975600e-01
0	47	R2	3.315730e+01	3.315730e+01	2.019649e-08	6.495500e-15	1.093900e+00
0	48	R2	1.635850e+01	1.635850e+01	9.742062e-09	0.000000e+00	4.476800e-01
0	49	R2	3.894170e+01	3.894170e+01	2.376697e-08	-3.219714e-07	1.783600e+00
0	50	R2	2.990300e+01	2.990300e+01	1.818408e-08	0.000000e+00	6.285200e-01
0	55	R2	2.596970e+01	2.596970e+01	1.574655e-08	-3.670386e-15	9.679400e-01
0	56	R2	2.684970e+01	2.684970e+01	1.629251e-08	0.000000e+00	1.578300e+00
0	57	R2	2.381120e+01	2.381120e+01	1.440550e-08	-4.055470e-15	8.760300e-01
0	59	R2	2.403170e+01	2.403170e+01	1.454263e-08	0.000000e+00	3.637300e-01
0	60	R2	2.729850e+01	2.729850e+01	1.657081e-08	5.621382e-15	6.320000e-01
0	62	R2	3.049840e+01	3.049840e+01	1.855252e-08	0.000000e+00	1.329100e+00
0	63	R2	3.160300e+01	3.160300e+01	1.923574e-08	0.000000e+00	5.935000e-01
0	64	R2	3.183890e+01	3.183890e+01	1.938160e-08	4.303399e-15	8.255600e-01
0	65	R2	3.268800e+01	3.268800e+01	1.990647e-08	0.000000e+00	1.509700e+00
0	67	R2	3.381490e+01	3.381490e+01	2.060277e-08	-7.012858e-15	1.013200e+00
0	68	R2	2.954870e+01	2.954870e+01	1.796478e-08	-3.967252e-15	8.955100e-01
0	69	R2	3.383760e+01	3.383760e+01	2.061679e-08	5.205441e-15	1.365000e+00
0	70	R2	3.468850e+01	3.468850e+01	2.114234e-08	0.000000e+00	1.765700e+00
0	71	R2	3.364430e+01	3.364430e+01	2.049738e-08	4.466856e-15	1.590700e+00
0	72	R2	3.856660e+01	3.856660e+01	2.353563e-08	-3.999903e-15	1.776400e+00
0	73	R2	4.198630e+01	4.198630e+01	2.564390e-08	0.000000e+00	1.920400e+00
0	75	R2	2.971790e+01	2.971790e+01	1.806952e-08	0.000000e+00	1.030200e+00
0	76	R2	2.379850e+01	2.379850e+01	1.439761e-08	6.993669e-15	5.079900e-01
0	77	R2	3.266840e+01	3.266840e+01	1.989436e-08	0.000000e+00	1.174100e+00
0	78	R2	4.670270e+01	4.670270e+01	2.854914e-08	2.002996e-15	3.547400e+00
0	79	R2	3.037080e+01	3.037080e+01	1.847357e-08	2.324770e-15	1.528200e+00
0	80	R2	3.229150e+01	3.229150e+01	1.966140e-08	0.000000e+00	7.997600e-01
0	82	R2	3.219320e+01	3.219320e+01	1.960064e-08	6.141251e-15	1.157000e+00
0	85	R2	3.259750e+01	3.259750e+01	1.985054e-08	0.000000e+00	9.770200e-01
0	87	R2	3.314220e+01	3.314220e+01	2.018716e-08	0.000000e+00	1.064100e+00
0	88	R2	3.225270e+01	3.225270e+01	1.963742e-08	6.826234e-15	1.040900e+00
0	89	R2	3.247850e+01	3.247850e+01	1.977699e-08	0.000000e+00	8.299700e-01
0	90	R2	3.320340e+01	3.320340e+01	2.022497e-08	0.000000e+00	9.061400e-01
0	91	R2	3.546100e+01	3.546100e+01	2.161931e-08	1.504941e-15	4.721400e+00
0	92	R2	3.543470e+01	3.543470e+01	2.160308e-08	6.451269e-15	1.101400e+00
0	94	R2	3.194000e+01	3.194000e+01	1.944410e-08	0.000000e+00	9.444400e-01
0	104	R2	3.516270e+01	3.516270e+01	2.143514e-08	0.000000e+00	1.791600e+00
0	105	R2	3.304430e+01	3.304430e+01	2.012666e-08	0.000000e+00	1.741200e+00
0	108	R2	3.226150e+01	3.226150e+01	1.964286e-08	0.000000e+00	2.180900e+00
0	109	R2	2.964880e+01	2.964880e+01	1.802674e-08	0.000000e+00	8.014700e-01
0	110	R2	3.727280e+01	3.727280e+01	2.273751e-08	0.000000e+00	2.835700e+00
0	111	R2	2.658560e+01	2.658560e+01	1.612870e-08	2.512794e-15	2.827700e+00
0	112	R2	3.410610e+01	3.410610e+01	2.078264e-08	0.000000e+00	2.619100e+00
0	113	R2	2.899500e+01	2.899500e+01	1.762196e-08	3.409514e-15	1.042000e+00
0	114	R2	3.204050e+01	3.204050e+01	1.950624e-08	0.000000e+00	1.614100e+00
0	115	R2	3.760120e+01	3.760120e+01	2.294012e-08	-3.841394e-15	1.849700e+00
0	116	R2	2.727810e+01	2.727810e+01	1.655816e-08	-5.320983e-15	6.676800e-01
0	118	R2	3.567970e+01	3.567970e+01	2.175432e-08	0.000000e+00	1.676500e+00
0	119	R2	3.238890e+01	3.238890e+01	1.972161e-08	0.000000e+00	9.031800e-01
0	121	R2	3.196340e+01	3.196340e+01	1.945857e-08	8.351761e-15	8.507700e-01
0	132	R2	9.396400e+00	9.396400e+00	5.266161e-09	0.000000e+00	1.106000e-01
0	134	R2	4.903100e+00	4.903100e+00	2.238690e-09	0.000000e+00	6.039700e-02
0	139	R2	2.747700e+00	2.747700e+00	1.003326e-09	0.000000e+00	6.766400e-01
0	143	R2	2.540500e+00	2.540500e+00	9.047157e-10	-4.329199e-15	1.025800e-01
0	144	R2	2.526200e+00	2.526200e+00	8.980154e-10	2.288058e-15	1.940900e-01
0	145	R2	2.384200e+00	2.384200e+00	8.321510e-10	-6.022284e-15	7.374100e-02
0	146	R2	2.092600e+00	2.092600e+00	7.001720e-10	0.000000e+00	4.209500e-02
0	149	R2	2.241100e+00	2.241100e+00	7.668944e-10	-1.155369e-14	3.843700e-02
0	152	R2	2.253400e+00	2.253400e+00	7.724637e-10	0.000000e+00	6.662200e-02
0	153	R2	2.201600e+00	2.201600e+00	7.490560e-10	0.000000e+00	1.407800e-02
0	155	R2	2.395600e+00	2.395600e+00	8.373957e-10	7.652752e-15	5.803000e-02
0	156	R2	2.227000e+00	2.227000e+00	7.605187e-10	1.118078e-14	3.971900e-02
0	157	R2	2.439500e+00	2.439500e+00	8.576606e-10	0.000000e+00	4.911000e-02
0	158	R2	2.255300e+00	2.255300e+00	7.733246e-10	0.000000e+00	5.379000e-02
0	159	R2	2.203600e+00	2.203600e+00	7.499575e-10	1.252084e-14	3.546800e-02
0	160	R2	2.198600e+00	2.198600e+00	7.477040e-10	-6.208259e-15	7.153200e-02
0	161	R2	2.439100e+00	2.439100e+00	8.574755e-10	0.000000e+00	3.059400e-02
0	164	R2	2.488200e+00	2.488200e+00	8.802722e-10	1.567005e-14	2.834000e-02
0	167	R2	2.760600e+00	2.760600e+00	1.009565e-09	1.362697e-14	3.258900e-02
0	184	R2	2.507800e+00	2.507800e+00	8.894128e-10	1.899034e-14	2.338500e-02
0	185	R2	2.475100e+00	2.475100e+00	8.741760e-10	0.000000e+00	1.774900e-02
0	186	R2	2.992300e+00	2.992300e+00	1.123788e-09	5.230733e-14	1.698000e-02
0	188	R2	3.386500e+00	3.386500e+00	1.328378e-09	-6.304951e-14	1.408700e-02
0	190	R2	2.610100e+00	2.610100e+00	9.375146e-10	-3.583677e-14	1.239200e-02
0	191	R2	2.683000e+00	2.683000e+00	9.722159e-10	3.562403e-14	1.246600e-02
0	192	R2	2.765700e+00	2.765700e+00	1.012035e-09	0.000000e+00	2.137200e-02
0	195	R2	2.556400e+00	2.556400e+00	9.121809e-10	6.962283e-14	1.275700e-02
0	197	R2	2.988600e+00	2.988600e+00	1.121931e-09	0.000000e+00	3.445900e-02
0	198	R2	2.697700e+00	2.697700e+00	9.792579e-10	0.000000e+00	1.870700e-02
0	199	R2	3.029700e+00	3.029700e+00	1.142627e-09	0.000000e+00	1.468600e-02
0	231	R2	2.556800e+00	2.556800e+00	9.123689e-10	3.143994e-14	1.412500e-02
0	232	R2	2.803400e+00	2.803400e+00	1.030353e-09	0.000000e+00	1.544200e-02
0	233	R2	2.901100e+00	2.901100e+00	1.078327e-09	-2.175095e-14	2.041700e-02
0	234	R2	2.435200e+00	2.435200e+00	8.556708e-10	1.872609e-14	2.371500e-02
0	243	R2	2.925600e+00	2.925600e+00	1.090474e-09	2.971093e-14	2.989400e-02
0	244	R2	2.636200e+00	2.636200e+00	9.498968e-10	6.194922e-15	7.168600e-02
0	249	R2	2.597800e+00	2.597800e+00	9.316952e-10	-7.442919e-15	5.966600e-02
0	250	R2	2.540900e+00	2.540900e+00	9.049033e-10	0.000000e+00	3.112000e-02
0	251	R2	2.978400e+00	2.978400e+00	1.116816e-09	0.000000e+00	6.778800e-02
0	255	R2	2.504600e+00	2.504600e+00	8.879189e-10	0.000000e+00	2.651200e-02
0	256	R2	2.884900e+00	2.884900e+00	1.070321e-09	1.242729e-14	3.573500e-02
0	257	R2	2.676300e+00	2.676300e+00	9.690113e-10	-2.673304e-14	1.661200e-02
0	260	R2	3.165900e+00	3.165900e+00	1.212226e-09	2.825894e-14	1.571500e-02
0	261	R2	3.598800e+00	3.598800e+00	1.444289e-09	-9.899447e-15	4.486000e-02
0	262	R2	3.026400e+00	3.026400e+00	1.140960e-09	-1.822802e-14	2.436300e-02
0	265	R2	2.904800e+00	2.904800e+00	1.080158e-09	1.620172e-14	2.741000e-02
0	266	R2	3.216300e+00	3.216300e+00	1.238384e-09	-2.229140e-14	1.992200e-02
0	285	R2	2.979000e+00	2.979000e+00	1.117117e-09	0.000000e+00	8.873800e-03
0	289	R2	3.610100e+00	3.610100e+00	1.450573e-09	-1.418810e-06	2.736900e-02
0	290	R2	3.332000e+00	3.332000e+00	1.299280e-09	9.960507e-15	4.458500e-02
0	291	R2	3.073700e+00	3.073700e+00	1.164940e-09	0.000000e+00	3.706800e-02
0	292	R2	3.329500e+00	3.329500e+00	1.297952e-09	-2.197427e-06	1.656800e-02
0	294	R2	3.000300e+00	3.000300e+00	1.127808e-09	0.000000e+00	2.110500e-02
0	295	R2	2.862600e+00	2.862600e+00	1.059334e-09	0.000000e+00	5.701900e-02
0	300	R2	3.838100e+00	3.838100e+00	1.579834e-09	0.000000e+00	2.530300e-02
0	302	R2	5.238600e+00	5.238600e+00	2.460120e-09	-2.532371e-14	3.507300e-02
0	304	R2	8.288500e+00	8.288500e+00	4.528273e-09	7.588674e-15	2.340800e-01
0	307	R2	2.993460e+01	2.993460e+01	1.820364e-08	5.644425e-15	6.294200e-01
0	308	R2	2.971610e+01	2.971610e+01	1.806840e-08	-4.131783e-15	8.598500e-01
0	309	R2	3.669190e+01	3.669190e+01	2.237906e-08	-2.091554e-15	3.397200e+00
0	310	R2	3.728140e+01	3.728140e+01	2.274282e-08	2.621929e-15	2.710000e+00
0	315	R2	4.673170e+01	4.673170e+01	2.856699e-08	2.655440e-15	2.675800e+00
0	316	R2	3.770080e+01	3.770080e+01	2.300157e-08	3.143299e-15	2.260500e+00
0	320	R2	3.461370e+01	3.461370e+01	2.109614e-08	0.000000e+00	1.591200e+00
0	322	R2	3.889990e+01	3.889990e+01	2.374119e-08	3.472669e-15	2.046100e+00
0	327	R2	3.171150e+01	3.171150e+01	1.930283e-08	0.000000e+00	1.243700e+00
0	331	R2	2.953460e+01	2.953460e+01	1.795605e-08	3.292293e-15	1.079100e+00
0	334	R2	4.510760e+01	4.510760e+01	2.756685e-08	5.728105e-15	2.480900e+00
0	335	R2	3.274180e+01	3.274180e+01	1.993972e-08	0.000000e+00	1.025000e+00
0	337	R2	3.108560e+01	3.108560e+01	1.891576e-08	2.136874e-14	6.650300e-01
0	338	R2	2.890450e+01	2.890450e+01	1.756592e-08	0.000000e+00	5.493500e-01
0	339	R2	3.572860e+01	3.572860e+01	2.178451e-08	7.346161e-15	9.672300e-01
0	341	R2	3.722630e+01	3.722630e+01	2.270882e-08	0.000000e+00	1.675700e+00
0	346	R2	2.720940e+01	2.720940e+01	1.651556e-08	0.000000e+00	6.082300e-01
0	348	R2	3.372360e+01	3.372360e+01	2.054637e-08	0.000000e+00	1.360300e+00
0	349	R2	3.278160e+01	3.278160e+01	1.996432e-08	0.000000e+00	1.457900e+00
0	350	R2	2.517920e+01	2.517920e+01	1.525575e-08	3.764864e-15	9.436500e-01
0	356	R2	3.468290e+01	3.468290e+01	2.113888e-08	-7.964565e-15	8.921300e-01
0	357	R2	3.928040e+01	3.928040e+01	2.397584e-08	4.512242e-15	1.574700e+00
0	358	R2	4.202210e+01	4.202210e+01	2.566596e-08	0.000000e+00	1.818100e+00
0	360	R2	4.268890e+01	4.268890e+01	2.607685e-08	0.000000e+00	2.810700e+00
0	362	R2	2.703740e+01	2.703740e+01	1.640891e-08	-3.963048e-15	8.964600e-01
0	364	R2	3.454250e+01	3.454250e+01	2.105217e-08	3.194312e-15	2.224400e+00
0	365	R2	3.430670e+01	3.430670e+01	2.090654e-08	4.304493e-15	1.650700e+00
0	366	R2	3.879260e+01	3.879260e+01	2.367502e-08	0.000000e+00	1.893300e+00
0	367	R2	3.297240e+01	3.297240e+01	2.008223e-08	5.281668e-15	1.345300e+00
0	369	R2	2.514320e+01	2.514320e+01	1.523339e-08	0.000000e+00	5.635000e-01
0	370	R2	3.106310e+01	3.106310e+01	1.890185e-08	-6.323805e-15	1.123600e+00
0	371	R2	3.205160e+01	3.205160e+01	1.951310e-08	-4.978230e-15	1.427300e+00
0	372	R2	3.670930e+01	3.670930e+01	2.238980e-08	-4.780615e-15	1.486300e+00
0	373	R2	5.100150e+01	5.100150e+01	3.119527e-08	-1.876119e-15	3.787300e+00
0	376	R2	5.254510e+01	5.254510e+01	3.214509e-08	1.132628e-15	6.273400e+00
0	379	R2	4.070870e+01	4.070870e+01	2.485645e-08	0.000000e+00	4.539000e+00
0	382	R2	3.281240e+01	3.281240e+01	1.998335e-08	0.000000e+00	2.156500e+00
0	386	R2	3.504200e+01	3.504200e+01	2.136062e-08	3.836417e-15	1.852100e+00
0	393	R2	2.991960e+01	2.991960e+01	1.819436e-08	-2.603102e-15	1.364800e+00
0	395	R2	4.615260e+01	4.615260e+01	2.821040e-08	2.082421e-15	3.412100e+00
0	397	R2	5.093160e+01	5.093160e+01	3.115226e-08	1.799936e-15	3.947600e+00
0	398	R2	4.686280e+01	4.686280e+01	2.864772e-08	-1.469430e-15	4.835500e+00
0	402	R2	3.485270e+01	3.485270e+01	2.124373e-08	0.000000e+00	3.745500e+00
0	404	R2	4.335670e+01	4.335670e+01	2.648830e-08	0.000000e+00	1.014070e+01
0	407	R2	2.615230e+01	2.615230e+01	1.585987e-08	2.017556e-15	1.760900e+00
0	408	R2	4.876250e+01	4.876250e+01	2.981724e-08	-1.054124e-15	1.348120e+01
0	410	R2	4.448660e+01	4.448660e+01	2.718435e-08	-1.009839e-15	7.036200e+00
0	411	R2	5.300590e+01	5.300590e+01	3.242860e-08	1.597910e-15	8.893400e+00
0	412	R2	3.895090e+01	3.895090e+01	2.377264e-08	7.203394e-15	1.972800e+00
0	417	R2	5.880000e+00	5.880000e+00	2.892707e-09	-1.842082e-14	4.821600e-02


1	6	NOE	1.713000e-01	1.713000e-01	7.990896e-10	-9.157234e-15	1.212400e-02
1	12	NOE	5.665000e-01	5.665000e-01	1.287628e-09	0.000000e+00	2.434700e-02
1	14	NOE	1.629000e-01	1.629000e-01	7.933558e-10	-6.883823e-15	2.419200e-02
1	15	NOE	1.463000e-01	1.463000e-01	7.823049e-10	1.803211e-14	2.001000e-02
1	17	NOE	-1.857000e-01	-1.857000e-01	6.162164e-10	-4.772327e-15	9.887100e-02
1	22	NOE	8.105000e-01	8.105000e-01	3.221307e-09	0.000000e+00	2.577300e-02
1	24	NOE	8.174000e-01	8.174000e-01	3.473902e-09	0.000000e+00	2.965400e-02
1	25	NOE	8.393000e-01	8.393000e-01	4.982443e-09	3.189013e-15	3.481400e-02
1	27	NOE	8.652000e-01	8.602211e-01	1.618608e-05	1.403619e-01	3.547200e-02
1	28	NOE	9.200000e-01	8.602211e-01	1.118797e-05	1.505728e+00	3.970100e-02
1	30	NOE	8.297000e-01	8.297000e-01	4.120579e-09	-3.611069e-15	3.074500e-02
1	32	NOE	9.048000e-01	8.602211e-01	1.458426e-05	1.388751e+00	3.210000e-02
1	33	NOE	8.388000e-01	8.388000e-01	4.923670e-09	0.000000e+00	3.269600e-02
1	35	NOE	8.375000e-01	8.375000e-01	4.780031e-09	4.260094e-15	2.606100e-02
1	36	NOE	1.325700e+00	8.602211e-01	1.428100e-05	3.305723e+00	1.408100e-01
1	38	NOE	9.272000e-01	8.602211e-01	2.225518e-05	1.092641e+00	6.130000e-02
1	40	NOE	8.815000e-01	8.602211e-01	1.927641e-05	5.735248e-01	3.710200e-02
1	42	NOE	8.498000e-01	8.498000e-01	7.068018e-09	4.551960e-15	2.439000e-02
1	44	NOE	8.640000e-01	8.602211e-01	2.587024e-05	1.288897e-01	2.931900e-02
1	45	NOE	8.533000e-01	8.533000e-01	8.676408e-09	0.000000e+00	3.627000e-02
1	46	NOE	7.775000e-01	7.775000e-01	2.487948e-09	-2.832924e-15	3.919000e-02
1	47	NOE	8.327000e-01	8.327000e-01	4.340846e-09	0.000000e+00	4.153000e-02
1	48	NOE	8.917000e-01	8.602211e-01	2.546949e-05	8.134297e-01	3.869900e-02
1	49	NOE	8.123000e-01	8.123000e-01	3.281927e-09	0.000000e+00	3.628900e-02
1	50	NOE	8.023000e-01	8.023000e-01	2.981773e-09	0.000000e+00	2.594600e-02
1	55	NOE	9.461000e-01	8.602211e-01	1.877516e-05	1.605904e+00	5.347700e-02
1	56	NOE	7.448000e-01	7.448000e-01	2.098243e-09	1.874205e-15	5.923700e-02
1	57	NOE	9.704000e-01	8.602211e-01	1.924821e-05	2.145521e+00	5.135300e-02
1	59	NOE	7.041000e-01	7.041000e-01	1.795536e-09	0.000000e+00	2.571700e-02
1	60	NOE	8.499000e-01	8.499000e-01	7.102257e-09	-3.100229e-15	3.581100e-02
1	62	NOE	8.635000e-01	8.602211e-01	1.900224e-05	6.856937e-02	4.781900e-02
1	63	NOE	9.012000e-01	8.602211e-01	1.208051e-05	1.741931e+00	2.352500e-02
1	64	NOE	8.879000e-01	8.602211e-01	1.560497e-05	9.279820e-01	2.982700e-02
1	65	NOE	9.613000e-01	8.602211e-01	1.649023e-05	2.176877e+00	4.643300e-02
1	67	NOE	9.227000e-01	8.602211e-01	2.066166e-05	2.269073e+00	2.753500e-02
1	68	NOE	8.957000e-01	8.602211e-01	1.818667e-05	1.210595e+00	2.930700e-02
1	69	NOE	9.352000e-01	8.602211e-01	1.107472e-05	2.195769e+00	3.414700e-02
1	70	NOE	9.528000e-01	8.602211e-01	1.579301e-05	2.197250e+00	4.213400e-02
1	71	NOE	8.350000e-01	8.350000e-01	4.535648e-09	0.000000e+00	3.221600e-02
1	72	NOE	8.902000e-01	8.602211e-01	1.690928e-05	8.355329e-01	3.588000e-02
1	73	NOE	8.877000e-01	8.602211e-01	1.361661e-05	7.076360e-01	3.883200e-02
1	75	NOE	8.637000e-01	8.602211e-01	1.058661e-05	9.613999e-02	3.618600e-02
1	76	NOE	8.985000e-01	8.602211e-01	1.526390e-05	1.261000e+00	3.035600e-02
1	77	NOE	8.474000e-01	8.474000e-01	6.370493e-09	-2.989614e-15	3.713600e-02
1	78	NOE	8.871000e-01	8.602211e-01	1.234584e-05	5.181379e-01	5.187600e-02
1	79	NOE	8.782000e-01	8.602211e-01	1.749220e-05	3.302641e-01	5.443800e-02
1	80	NOE	8.665000e-01	8.602211e-01	2.013903e-05	2.186329e-01	2.871900e-02
1	82	NOE	9.046000e-01	8.602211e-01	1.357802e-05	1.351039e+00	3.284800e-02
1	85	NOE	8.517000e-01	8.517000e-01	7.818088e-09	-9.933246e-09	2.551600e-02
1	87	NOE	8.807000e-01	8.602211e-01	3.012888e-05	6.988915e-01	2.930200e-02
1	88	NOE	8.586000e-01	8.586000e-01	1.793849e-08	-1.438871e-09	3.356400e-02
1	89	NOE	8.418000e-01	8.418000e-01	5.311298e-09	-2.006807e-08	2.724200e-02
1	90	NOE	9.638000e-01	8.602211e-01	1.734095e-05	3.531621e+00	2.932900e-02
1	91	NOE	8.307000e-01	8.307000e-01	4.190267e-09	0.000000e+00	1.170300e-01
1	92	NOE	8.475000e-01	8.475000e-01	6.395556e-09	0.000000e+00	2.958800e-02
1	94	NOE	8.728000e-01	8.602211e-01	1.660331e-05	4.313610e-01	2.916100e-02
1	104	NOE	8.267000e-01	8.267000e-01	3.930521e-09	2.580114e-15	4.303000e-02
1	105	NOE	9.195000e-01	8.602211e-01	2.129617e-05	1.187621e+00	4.991400e-02
1	108	NOE	9.818000e-01	8.602211e-01	2.174689e-05	2.032616e+00	5.981400e-02
1	109	NOE	8.615000e-01	8.602211e-01	1.820514e-05	4.696726e-02	2.723000e-02
1	110	NOE	8.875000e-01	8.602211e-01	1.862208e-05	4.882308e-01	5.587300e-02
1	111	NOE	8.465000e-01	8.465000e-01	6.157390e-09	0.000000e+00	7.827300e-02
1	112	NOE	9.294000e-01	8.602211e-01	1.716556e-05	1.242661e+00	5.567000e-02
1	113	NOE	8.611000e-01	8.602211e-01	2.255654e-05	3.310426e-02	2.655000e-02
1	114	NOE	9.495000e-01	8.602211e-01	1.343670e-05	2.169913e+00	4.114400e-02
1	115	NOE	8.742000e-01	8.602211e-01	1.673285e-05	4.460835e-01	3.133700e-02
1	116	NOE	8.808000e-01	8.602211e-01	2.946180e-05	7.390791e-01	2.784400e-02
1	118	NOE	8.921000e-01	8.602211e-01	1.899796e-05	8.124294e-01	3.923900e-02
1	119	NOE	8.532000e-01	8.532000e-01	8.614300e-09	-4.097974e-15	2.709200e-02
1	121	NOE	8.020000e-01	8.020000e-01	2.973978e-09	0.000000e+00	2.689800e-02
1	132	NOE	2.533000e-01	2.533000e-01	8.607805e-10	-2.423962e-15	2.290100e-02
1	134	NOE	2.060000e-01	2.060000e-01	8.238601e-10	1.680572e-14	1.486400e-02
1	139	NOE	9.070000e-02	9.070000e-02	7.477614e-10	2.704826e-15	8.209200e-02
1	143	NOE	-9.220000e-02	-9.220000e-02	6.548122e-10	1.696499e-15	3.272100e-02
1	144	NOE	-9.020000e-02	-9.020000e-02	6.556932e-10	1.075381e-15	5.162000e-02
1	145	NOE	4.920000e-02	4.920000e-02	7.241655e-10	-7.331625e-16	2.839300e-02
1	146	NOE	-5.360000e-02	-5.360000e-02	6.722748e-10	-2.872173e-14	2.005200e-02
1	149	NOE	-1.108000e-01	-1.108000e-01	6.467371e-10	7.000851e-16	1.982300e-02
1	152	NOE	1.100000e-01	1.100000e-01	7.593464e-10	-7.866335e-15	2.646300e-02
1	153	NOE	-2.130000e-02	-2.130000e-02	6.876792e-10	8.710950e-15	1.115200e-02
1	155	NOE	-1.333000e-01	-1.333000e-01	6.372441e-10	7.333599e-15	2.649300e-02
1	156	NOE	4.940000e-02	4.940000e-02	7.242752e-10	0.000000e+00	1.682600e-02
1	157	NOE	-6.280000e-02	-6.280000e-02	6.680227e-10	-1.397280e-15	1.986400e-02
1	158	NOE	-1.134000e-01	-1.134000e-01	6.456250e-10	-2.488508e-15	2.230700e-02
1	159	NOE	-1.382000e-01	-1.382000e-01	6.352151e-10	5.049682e-15	2.198600e-02
1	160	NOE	-1.249000e-01	-1.249000e-01	6.407539e-10	-6.826484e-15	3.049400e-02
1	161	NOE	-8.780000e-02	-8.780000e-02	6.567538e-10	1.671147e-14	1.910000e-02
1	164	NOE	-1.194000e-01	-1.194000e-01	6.430739e-10	9.285389e-15	1.793500e-02
1	167	NOE	-1.335000e-01	-1.335000e-01	6.371610e-10	-2.457986e-15	2.258400e-02
1	184	NOE	3.420000e-02	3.420000e-02	7.160447e-10	5.895407e-15	1.765500e-02
1	185	NOE	1.649000e-01	1.649000e-01	7.947122e-10	-3.628180e-15	1.530000e-02
1	186	NOE	5.620000e-02	5.620000e-02	7.280267e-10	-3.359613e-14	1.074000e-02
1	188	NOE	4.016000e-01	4.016000e-01	1.009492e-09	6.737035e-15	8.239700e-03
1	190	NOE	1.454000e-01	1.454000e-01	7.817160e-10	2.692886e-15	1.030700e-02
1	191	NOE	-9.310000e-02	-9.310000e-02	6.544166e-10	-3.954161e-15	1.052900e-02
1	192	NOE	-5.230000e-02	-5.230000e-02	6.728804e-10	1.034575e-15	1.341400e-02
1	195	NOE	-1.740000e-01	-1.740000e-01	6.207871e-10	1.471664e-14	1.131600e-02
1	197	NOE	-7.060000e-02	-7.060000e-02	6.644627e-10	0.000000e+00	1.881400e-02
1	198	NOE	-7.170000e-02	-7.170000e-02	6.639639e-10	6.966761e-15	1.394400e-02
1	199	NOE	4.950000e-02	4.950000e-02	7.243301e-10	1.055880e-14	1.182900e-02
1	231	NOE	-2.431000e-01	-2.431000e-01	5.947417e-10	-1.152449e-14	1.204200e-02
1	232	NOE	-2.357000e-01	-2.357000e-01	5.974258e-10	2.061738e-14	1.211600e-02
1	233	NOE	-4.730000e-02	-4.730000e-02	6.752204e-10	8.932394e-15	1.320600e-02
1	234	NOE	-1.061000e-01	-1.061000e-01	6.487577e-10	6.661338e-15	1.250000e-02
1	243	NOE	9.350000e-02	9.350000e-02	7.494169e-10	1.229833e-14	1.579800e-02
1	244	NOE	8.200000e-02	8.200000e-02	7.426705e-10	-1.875993e-14	2.737100e-02
1	249	NOE	1.047000e-01	1.047000e-01	7.561240e-10	-5.848204e-16	2.373000e-02
1	250	NOE	4.400000e-02	4.400000e-02	7.213270e-10	2.342720e-14	1.717900e-02
1	251	NOE	4.845000e-01	4.845000e-01	1.127025e-09	-1.239918e-14	2.238500e-02
1	255	NOE	1.163000e-01	1.163000e-01	7.632183e-10	-1.782795e-14	1.634700e-02
1	256	NOE	3.067000e-01	3.067000e-01	9.077054e-10	-1.654909e-14	2.012600e-02
1	257	NOE	4.910000e-02	4.910000e-02	7.241107e-10	5.880872e-15	1.297900e-02
1	260	NOE	3.140000e-01	3.140000e-01	9.146222e-10	-1.360790e-14	1.223800e-02
1	261	NOE	1.455000e-01	1.455000e-01	7.817814e-10	1.335944e-15	2.077600e-02
1	262	NOE	1.463000e-01	1.463000e-01	7.823049e-10	3.021711e-14	1.194100e-02
1	265	NOE	1.788000e-01	1.788000e-01	8.042926e-10	-4.802280e-15	1.733900e-02
1	266	NOE	5.560000e-02	5.560000e-02	7.276939e-10	1.740482e-14	1.355500e-02
1	285	NOE	6.670000e-02	6.670000e-02	7.339067e-10	-1.895910e-14	5.123900e-03
1	289	NOE	2.262000e-01	2.262000e-01	8.391502e-10	-1.098868e-14	1.515500e-02
1	290	NOE	2.148000e-01	2.148000e-01	8.304380e-10	6.146053e-15	1.806400e-02
1	291	NOE	1.208000e-01	1.208000e-01	7.660121e-10	-6.638678e-15	1.881400e-02
1	292	NOE	2.551000e-01	2.551000e-01	8.622656e-10	-1.204473e-14	9.217500e-03
1	294	NOE	6.140000e-02	6.140000e-02	7.309253e-10	-9.005359e-15	1.309900e-02
1	295	NOE	1.883000e-01	1.883000e-01	8.109999e-10	7.846574e-15	2.476100e-02
1	300	NOE	1.400000e-01	1.400000e-01	7.782047e-10	3.448326e-14	1.609800e-02
1	302	NOE	2.994000e-01	2.994000e-01	9.009176e-10	6.642076e-15	1.671500e-02
1	304	NOE	3.470000e-01	3.470000e-01	9.476211e-10	0.000000e+00	3.989100e-02
1	307	NOE	6.173000e-01	6.173000e-01	1.424623e-09	0.000000e+00	2.870600e-02
1	308	NOE	6.708000e-01	6.708000e-01	1.623674e-09	-2.839881e-15	3.909400e-02
1	309	NOE	9.088000e-01	8.602211e-01	1.737094e-05	5.387302e-01	9.017300e-02
1	310	NOE	7.291000e-01	7.291000e-01	1.965010e-09	1.833837e-15	6.054100e-02
1	315	NOE	8.724000e-01	8.602211e-01	1.814744e-05	2.845941e-01	4.279400e-02
1	316	NOE	9.171000e-01	8.602211e-01	1.356817e-05	1.142445e+00	4.978700e-02
1	320	NOE	8.971000e-01	8.602211e-01	1.587368e-05	8.984778e-01	4.104600e-02
1	322	NOE	8.877000e-01	8.602211e-01	1.361661e-05	6.088432e-01	4.513300e-02
1	327	NOE	8.592000e-01	8.592000e-01	2.260412e-08	0.000000e+00	3.970600e-02
1	331	NOE	8.723000e-01	8.602211e-01	1.808890e-05	3.222162e-01	3.748700e-02
1	334	NOE	9.512000e-01	8.602211e-01	1.204903e-05	2.146691e+00	4.238100e-02
1	335	NOE	8.252000e-01	8.252000e-01	3.844765e-09	-3.412396e-15	3.253500e-02
1	337	NOE	8.933000e-01	8.602211e-01	1.678492e-05	1.009673e+00	3.276200e-02
1	338	NOE	7.737000e-01	7.737000e-01	2.431628e-09	-8.859318e-08	2.853300e-02
1	339	NOE	6.941000e-01	6.941000e-01	1.738601e-09	-3.904699e-15	2.843300e-02
1	341	NOE	7.947000e-01	7.947000e-01	2.801058e-09	0.000000e+00	4.120200e-02
1	346	NOE	8.795000e-01	8.602211e-01	2.835801e-05	6.057219e-01	3.182800e-02
1	348	NOE	8.009000e-01	8.009000e-01	2.945902e-09	0.000000e+00	4.029700e-02
1	349	NOE	7.695000e-01	7.695000e-01	2.373518e-09	2.670346e-15	4.157600e-02
1	350	NOE	8.756000e-01	8.602211e-01	1.423505e-05	3.303600e-01	4.655200e-02
1	356	NOE	8.284000e-01	8.284000e-01	4.034931e-09	0.000000e+00	2.504200e-02
1	357	NOE	8.923000e-01	8.602211e-01	1.987676e-05	8.978147e-01	3.573000e-02
1	358	NOE	9.282000e-01	8.602211e-01	1.638117e-05	2.009130e+00	3.383500e-02
1	360	NOE	9.198000e-01	8.602211e-01	1.422251e-05	1.506649e+00	3.954400e-02
1	362	NOE	7.946000e-01	7.946000e-01	2.798890e-09	0.000000e+00	3.050900e-02
1	364	NOE	8.347000e-01	8.347000e-01	4.508757e-09	2.578077e-15	4.306400e-02
1	365	NOE	8.019000e-01	8.019000e-01	2.971393e-09	3.554761e-15	3.123200e-02
1	366	NOE	8.546000e-01	8.546000e-01	9.629000e-09	0.000000e+00	3.563000e-02
1	367	NOE	8.792000e-01	8.602211e-01	1.585617e-05	5.549229e-01	3.420100e-02
1	369	NOE	7.996000e-01	7.996000e-01	2.913708e-09	0.000000e+00	2.890300e-02
1	370	NOE	7.819000e-01	7.819000e-01	2.558181e-09	0.000000e+00	3.396900e-02
1	371	NOE	8.154000e-01	8.154000e-01	3.394733e-09	0.000000e+00	3.509900e-02
1	372	NOE	8.478000e-01	8.478000e-01	6.472551e-09	0.000000e+00	3.434100e-02
1	373	NOE	7.078000e-01	7.078000e-01	1.817991e-09	0.000000e+00	3.623900e-02
1	376	NOE	8.317000e-01	8.317000e-01	4.263581e-09	0.000000e+00	4.802200e-02
1	379	NOE	8.360000e-01	8.360000e-01	4.628860e-09	0.000000e+00	3.829400e-02
1	382	NOE	8.180000e-01	8.180000e-01	3.498739e-09	-2.974907e-08	4.189100e-02
1	386	NOE	8.420000e-01	8.420000e-01	5.340490e-09	0.000000e+00	4.204800e-02
1	393	NOE	8.760000e-01	8.602211e-01	1.833895e-05	3.452113e-01	4.570800e-02
1	395	NOE	9.131000e-01	8.602211e-01	1.830339e-05	8.131090e-01	6.503300e-02
1	397	NOE	8.094000e-01	8.094000e-01	3.185852e-09	0.000000e+00	4.294900e-02
1	398	NOE	7.788000e-01	7.788000e-01	2.508108e-09	-1.929547e-15	5.753800e-02
1	402	NOE	9.049000e-01	8.602211e-01	9.735141e-06	6.379331e-01	7.003700e-02
1	404	NOE	9.526000e-01	8.602211e-01	1.456323e-05	1.004785e+00	9.193900e-02
1	407	NOE	1.073500e+00	8.602211e-01	1.890723e-05	3.273308e+00	6.515700e-02
1	408	NOE	7.804000e-01	7.804000e-01	2.533590e-09	0.000000e+00	7.601400e-02
1	410	NOE	9.845000e-01	8.602211e-01	2.701093e-05	1.509907e+00	8.230900e-02
1	411	NOE	8.612000e-01	8.602211e-01	2.107200e-05	1.282095e-02	7.635300e-02
1	412	NOE	7.867000e-01	7.867000e-01	2.641834e-09	0.000000e+00	3.664000e-02
1	417	NOE	2.357000e-01	2.357000e-01	8.465813e-10	-1.697988e-14	2.125000e-02


2	6	R1	1.245700e+00	1.245700e+00	3.878674e-10	2.482610e-14	8.944000e-03
2	12	R1	6.683900e-01	6.683900e-01	1.407448e-08	0.000000e+00	1.612800e-02
2	14	R1	1.224200e+00	1.224200e+00	3.754700e-10	0.000000e+00	2.485400e-02
2	15	R1	1.246900e+00	1.246900e+00	3.885625e-10	-8.388538e-15	2.647000e-02
2	17	R1	1.347400e+00	1.347400e+00	4.477985e-10	0.000000e+00	7.631100e-02
2	22	R1	5.712700e-01	5.712700e-01	1.655317e-08	-1.208801e-14	1.836900e-02
2	24	R1	5.149500e-01	5.149500e-01	1.841165e-08	0.000000e+00	2.155600e-02
2	25	R1	5.723200e-01	5.723200e-01	1.652195e-08	0.000000e+00	2.511100e-02
2	27	R1	5.041100e-01	5.041100e-01	1.881639e-08	0.000000e+00	2.402600e-02
2	28	R1	4.867700e-01	4.867700e-01	1.950090e-08	-2.082501e-15	2.665600e-02
2	30	R1	5.482100e-01	5.482100e-01	1.726854e-08	5.887903e-15	1.885600e-02
2	32	R1	5.161100e-01	5.161100e-01	1.836933e-08	-6.421186e-15	1.729000e-02
2	33	R1	5.619300e-01	5.619300e-01	1.683594e-08	0.000000e+00	2.254400e-02
2	35	R1	6.227300e-01	6.227300e-01	1.514515e-08	-7.281583e-15	1.524700e-02
2	36	R1	5.390700e-01	5.390700e-01	1.756879e-08	0.000000e+00	5.875600e-02
2	38	R1	6.560000e-01	6.560000e-01	1.435055e-08	0.000000e+00	3.963500e-02
2	40	R1	6.129800e-01	6.129800e-01	1.539406e-08	0.000000e+00	2.349100e-02
2	42	R1	6.018300e-01	6.018300e-01	1.568843e-08	0.000000e+00	1.409800e-02
2	44	R1	5.306800e-01	5.306800e-01	1.785339e-08	0.000000e+00	1.367200e-02
2	45	R1	6.512100e-01	6.512100e-01	1.446004e-08	0.000000e+00	2.046300e-02
2	46	R1	4.586200e-01	4.586200e-01	2.072120e-08	2.525990e-15	2.197600e-02
2	47	R1	4.643200e-01	4.643200e-01	2.046227e-08	0.000000e+00	1.902900e-02
2	48	R1	5.301600e-01	5.301600e-01	1.787132e-08	0.000000e+00	1.990500e-02
2	49	R1	4.770500e-01	4.770500e-01	1.990614e-08	2.253345e-15	2.463500e-02
2	50	R1	5.650300e-01	5.650300e-01	1.674107e-08	7.844436e-15	1.415300e-02
2	55	R1	5.647700e-01	5.647700e-01	1.674898e-08	0.000000e+00	2.900100e-02
2	56	R1	5.567500e-01	5.567500e-01	1.699680e-08	-4.303774e-15	5.159300e-02
2	57	R1	6.112200e-01	6.112200e-01	1.543982e-08	-3.850796e-15	2.883100e-02
2	59	R1	5.794700e-01	5.794700e-01	1.631232e-08	-8.978755e-15	1.236500e-02
2	60	R1	5.256000e-01	5.256000e-01	1.803007e-08	0.000000e+00	1.648000e-02
2	62	R1	4.736900e-01	4.736900e-01	2.005005e-08	-2.117211e-15	2.621900e-02
2	63	R1	4.655900e-01	4.655900e-01	2.040544e-08	-4.369581e-15	1.270400e-02
2	64	R1	4.632200e-01	4.632200e-01	2.051175e-08	3.200781e-15	1.734300e-02
2	65	R1	5.506200e-01	5.506200e-01	1.719101e-08	3.556583e-15	3.121600e-02
2	67	R1	4.848800e-01	4.848800e-01	1.957844e-08	0.000000e+00	1.788600e-02
2	68	R1	5.108600e-01	5.108600e-01	1.856237e-08	0.000000e+00	2.021600e-02
2	69	R1	4.933600e-01	4.933600e-01	1.923515e-08	-4.664215e-15	2.380300e-02
2	70	R1	5.094300e-01	5.094300e-01	1.861563e-08	0.000000e+00	2.961600e-02
2	71	R1	4.678400e-01	4.678400e-01	2.030549e-08	2.328000e-15	2.384500e-02
2	72	R1	4.997500e-01	4.997500e-01	1.898409e-08	0.000000e+00	2.395700e-02
2	73	R1	4.998000e-01	4.998000e-01	1.898215e-08	0.000000e+00	2.480400e-02
2	75	R1	5.986300e-01	5.986300e-01	1.577490e-08	8.765726e-15	2.533100e-02
2	76	R1	6.451200e-01	6.451200e-01	1.460155e-08	-5.657187e-15	1.962500e-02
2	77	R1	5.330600e-01	5.330600e-01	1.777176e-08	0.000000e+00	2.291700e-02
2	78	R1	4.930500e-01	4.930500e-01	1.924749e-08	0.000000e+00	3.727200e-02
2	79	R1	5.028400e-01	5.028400e-01	1.886494e-08	0.000000e+00	3.507700e-02
2	80	R1	4.980200e-01	4.980200e-01	1.905143e-08	-6.746205e-15	1.645700e-02
2	82	R1	4.988100e-01	4.988100e-01	1.902062e-08	0.000000e+00	2.337400e-02
2	85	R1	5.158400e-01	5.158400e-01	1.837916e-08	-6.498993e-15	1.708300e-02
2	87	R1	4.619200e-01	4.619200e-01	2.057052e-08	0.000000e+00	1.806800e-02
2	88	R1	4.825500e-01	4.825500e-01	1.967485e-08	2.806854e-15	1.977700e-02
2	89	R1	4.806300e-01	4.806300e-01	1.975500e-08	6.264660e-15	1.772200e-02
2	90	R1	4.510500e-01	4.510500e-01	2.107509e-08	-9.669248e-15	1.722300e-02
2	91	R1	5.857100e-01	5.857100e-01	1.613349e-08	1.266352e-15	8.767100e-02
2	92	R1	4.947300e-01	4.947300e-01	1.918078e-08	0.000000e+00	1.933600e-02
2	94	R1	4.770300e-01	4.770300e-01	1.990699e-08	0.000000e+00	1.754600e-02
2	104	R1	5.625100e-01	5.625100e-01	1.681811e-08	-4.349381e-15	2.552600e-02
2	105	R1	5.933300e-01	5.933300e-01	1.592014e-08	3.645933e-15	3.045100e-02
2	108	R1	5.287900e-01	5.287900e-01	1.791873e-08	0.000000e+00	3.729000e-02
2	109	R1	6.073200e-01	6.073200e-01	1.554216e-08	0.000000e+00	1.755000e-02
2	110	R1	5.742200e-01	5.742200e-01	1.646574e-08	0.000000e+00	3.922700e-02
2	111	R1	5.751300e-01	5.751300e-01	1.643895e-08	0.000000e+00	6.511800e-02
2	112	R1	4.940200e-01	4.940200e-01	1.920892e-08	0.000000e+00	3.779700e-02
2	113	R1	6.094100e-01	6.094100e-01	1.548716e-08	0.000000e+00	1.861100e-02
2	114	R1	5.648600e-01	5.648600e-01	1.674624e-08	3.757227e-15	2.954900e-02
2	115	R1	5.569100e-01	5.569100e-01	1.699179e-08	-4.545996e-15	2.442200e-02
2	116	R1	5.888200e-01	5.888200e-01	1.604576e-08	-6.857038e-15	1.619100e-02
2	118	R1	5.255300e-01	5.255300e-01	1.803253e-08	0.000000e+00	2.789500e-02
2	119	R1	5.883600e-01	5.883600e-01	1.605868e-08	0.000000e+00	1.693600e-02
2	121	R1	5.540500e-01	5.540500e-01	1.708182e-08	6.872318e-15	1.615500e-02
2	132	R1	9.881500e-01	9.881500e-01	9.295042e-09	5.613708e-15	1.977700e-02
2	134	R1	1.123800e+00	1.123800e+00	8.061851e-09	-1.189886e-14	1.866100e-02
2	139	R1	1.231300e+00	1.231300e+00	3.795523e-10	-1.176520e-15	1.887300e-01
2	143	R1	1.109300e+00	1.109300e+00	3.113947e-10	0.000000e+00	4.458400e-02
2	144	R1	1.183900e+00	1.183900e+00	3.525389e-10	0.000000e+00	8.493300e-02
2	145	R1	1.085300e+00	1.085300e+00	2.986065e-10	0.000000e+00	3.828800e-02
2	146	R1	1.096100e+00	1.096100e+00	3.043303e-10	-1.037883e-14	2.139400e-02
2	149	R1	1.076200e+00	1.076200e+00	2.938248e-10	-4.192767e-07	1.995400e-02
2	152	R1	1.084100e+00	1.084100e+00	2.979737e-10	-7.170825e-15	3.096500e-02
2	153	R1	1.216000e+00	1.216000e+00	3.707704e-10	0.000000e+00	8.750700e-03
2	155	R1	1.062300e+00	1.062300e+00	2.865971e-10	0.000000e+00	2.698000e-02
2	156	R1	1.136200e+00	1.136200e+00	3.260071e-10	0.000000e+00	1.922100e-02
2	157	R1	1.162800e+00	1.162800e+00	3.407130e-10	-9.852447e-15	2.253700e-02
2	158	R1	1.126700e+00	1.126700e+00	3.208151e-10	8.285556e-15	2.679900e-02
2	159	R1	1.072600e+00	1.072600e+00	2.919439e-10	0.000000e+00	1.784000e-02
2	160	R1	9.377300e-01	9.377300e-01	2.267187e-10	0.000000e+00	2.883500e-02
2	161	R1	1.057400e+00	1.057400e+00	2.840721e-10	0.000000e+00	1.570700e-02
2	164	R1	1.117900e+00	1.117900e+00	3.160359e-10	-1.557333e-14	1.425800e-02
2	167	R1	1.023500e+00	1.023500e+00	2.669512e-10	1.433008e-14	1.549500e-02
2	184	R1	1.132000e+00	1.132000e+00	3.237076e-10	1.685732e-14	1.317200e-02
2	185	R1	1.145600e+00	1.145600e+00	3.311765e-10	0.000000e+00	9.323400e-03
2	186	R1	1.221800e+00	1.221800e+00	3.740929e-10	0.000000e+00	9.514700e-03
2	188	R1	1.083400e+00	1.083400e+00	2.976050e-10	0.000000e+00	5.751700e-03
2	190	R1	1.272700e+00	1.272700e+00	4.035800e-10	-1.549980e-06	6.635100e-03
2	191	R1	1.270100e+00	1.270100e+00	4.020603e-10	-3.470315e-14	6.398400e-03
2	192	R1	1.197000e+00	1.197000e+00	3.599460e-10	0.000000e+00	1.187300e-02
2	195	R1	1.192300e+00	1.192300e+00	3.572830e-10	-3.286482e-14	6.756300e-03
2	197	R1	1.066100e+00	1.066100e+00	2.885636e-10	1.387952e-14	1.599800e-02
2	198	R1	1.145200e+00	1.145200e+00	3.309559e-10	2.263544e-14	9.809600e-03
2	199	R1	1.214500e+00	1.214500e+00	3.699125e-10	-3.062938e-14	7.249400e-03
2	231	R1	1.199500e+00	1.199500e+00	3.613649e-10	0.000000e+00	7.619400e-03
2	232	R1	1.184100e+00	1.184100e+00	3.526516e-10	5.501328e-14	8.072400e-03
2	233	R1	1.082400e+00	1.082400e+00	2.970785e-10	0.000000e+00	1.091300e-02
2	234	R1	9.843800e-01	9.843800e-01	2.480186e-10	0.000000e+00	1.101500e-02
2	243	R1	1.270800e+00	1.270800e+00	4.024693e-10	1.303385e-14	1.703600e-02
2	244	R1	1.188000e+00	1.188000e+00	3.548520e-10	-6.730664e-15	3.299000e-02
2	249	R1	1.281600e+00	1.281600e+00	4.087923e-10	-7.424751e-15	2.990600e-02
2	250	R1	1.180100e+00	1.180100e+00	3.503993e-10	0.000000e+00	1.738000e-02
2	251	R1	1.022400e+00	1.022400e+00	2.664064e-10	0.000000e+00	2.288200e-02
2	255	R1	1.204000e+00	1.204000e+00	3.639230e-10	-2.951151e-14	1.504800e-02
2	256	R1	1.201700e+00	1.201700e+00	3.626149e-10	1.134443e-14	1.957300e-02
2	257	R1	1.251600e+00	1.251600e+00	3.912877e-10	0.000000e+00	1.068700e-02
2	260	R1	1.333300e+00	1.333300e+00	4.393724e-10	0.000000e+00	8.155200e-03
2	261	R1	1.272100e+00	1.272100e+00	4.032292e-10	9.938439e-15	2.234200e-02
2	262	R1	1.190600e+00	1.190600e+00	3.563213e-10	0.000000e+00	1.398100e-02
2	265	R1	1.140900e+00	1.140900e+00	3.285879e-10	-1.495451e-14	1.484800e-02
2	266	R1	1.134700e+00	1.134700e+00	3.251851e-10	0.000000e+00	1.011500e-02
2	285	R1	1.108200e+00	1.108200e+00	3.108032e-10	5.244818e-14	4.233600e-03
2	289	R1	1.263200e+00	1.263200e+00	3.980340e-10	-1.615692e-14	1.374300e-02
2	290	R1	1.214700e+00	1.214700e+00	3.700268e-10	-1.062516e-14	2.089800e-02
2	291	R1	1.269200e+00	1.269200e+00	4.015346e-10	0.000000e+00	1.984500e-02
2	292	R1	1.098400e+00	1.098400e+00	3.055559e-10	3.352781e-14	6.622700e-03
2	294	R1	1.227000e+00	1.227000e+00	3.770785e-10	0.000000e+00	1.187600e-02
2	295	R1	1.201000e+00	1.201000e+00	3.622170e-10	-8.060866e-15	2.754600e-02
2	300	R1	1.141600e+00	1.141600e+00	7.920485e-09	1.668129e-14	1.331100e-02
2	302	R1	1.135000e+00	1.135000e+00	7.972421e-09	0.000000e+00	1.444200e-02
2	304	R1	1.049400e+00	1.049400e+00	8.701050e-09	0.000000e+00	5.438000e-02
2	307	R1	7.608100e-01	7.608100e-01	1.229321e-08	1.177768e-14	1.885300e-02
2	308	R1	7.199800e-01	7.199800e-01	1.302508e-08	0.000000e+00	2.520800e-02
2	309	R1	5.615100e-01	5.615100e-01	1.684887e-08	1.290365e-07	6.313800e-02
2	310	R1	5.834700e-01	5.834700e-01	1.619725e-08	0.000000e+00	4.720600e-02
2	315	R1	5.928900e-01	5.928900e-01	1.593231e-08	-4.158139e-15	2.670000e-02
2	316	R1	5.602900e-01	5.602900e-01	1.688655e-08	0.000000e+00	3.037200e-02
2	320	R1	6.191000e-01	6.191000e-01	1.523692e-08	4.383036e-15	2.533000e-02
2	322	R1	5.143600e-01	5.143600e-01	1.843324e-08	-4.169539e-15	2.662700e-02
2	327	R1	6.334400e-01	6.334400e-01	1.488042e-08	-4.205550e-15	2.639900e-02
2	331	R1	5.798800e-01	5.798800e-01	1.630045e-08	0.000000e+00	2.341000e-02
2	334	R1	5.839300e-01	5.839300e-01	1.618412e-08	-4.184941e-15	2.652900e-02
2	335	R1	5.384600e-01	5.384600e-01	1.758919e-08	0.000000e+00	1.850100e-02
2	337	R1	5.302200e-01	5.302200e-01	1.786925e-08	8.246476e-15	1.346300e-02
2	338	R1	6.836100e-01	6.836100e-01	1.374878e-08	7.831156e-15	1.417700e-02
2	339	R1	5.097600e-01	5.097600e-01	1.860331e-08	-8.893167e-15	1.248400e-02
2	341	R1	5.365800e-01	5.365800e-01	1.765234e-08	0.000000e+00	2.126300e-02
2	346	R1	5.405200e-01	5.405200e-01	1.752049e-08	0.000000e+00	1.376500e-02
2	348	R1	5.243600e-01	5.243600e-01	1.807371e-08	0.000000e+00	2.306900e-02
2	349	R1	5.306900e-01	5.306900e-01	1.785304e-08	-3.824136e-15	2.903200e-02
2	350	R1	6.015200e-01	6.015200e-01	1.569676e-08	7.100883e-15	3.127000e-02
2	356	R1	4.896600e-01	4.896600e-01	1.938349e-08	0.000000e+00	1.533400e-02
2	357	R1	4.544000e-01	4.544000e-01	2.091704e-08	2.572819e-15	2.157600e-02
2	358	R1	4.914200e-01	4.914200e-01	1.931265e-08	2.986878e-07	2.402400e-02
2	360	R1	4.655600e-01	4.655600e-01	2.040677e-08	0.000000e+00	2.807800e-02
2	362	R1	5.685400e-01	5.685400e-01	1.663487e-08	0.000000e+00	2.399900e-02
2	364	R1	4.756600e-01	4.756600e-01	1.996543e-08	5.309870e-15	3.136300e-02
2	365	R1	5.222300e-01	5.222300e-01	1.814915e-08	0.000000e+00	2.487900e-02
2	366	R1	5.445600e-01	5.445600e-01	1.738725e-08	0.000000e+00	2.292200e-02
2	367	R1	6.451600e-01	6.451600e-01	1.460061e-08	4.320102e-15	2.569900e-02
2	369	R1	6.048600e-01	6.048600e-01	1.560738e-08	0.000000e+00	1.592700e-02
2	370	R1	5.474700e-01	5.474700e-01	1.729248e-08	4.936299e-15	2.249100e-02
2	371	R1	5.465000e-01	5.465000e-01	1.732396e-08	-4.643148e-15	2.391100e-02
2	372	R1	5.317900e-01	5.317900e-01	1.781523e-08	-5.846356e-15	1.899000e-02
2	373	R1	5.235800e-01	5.235800e-01	1.810126e-08	0.000000e+00	2.902600e-02
2	376	R1	4.955300e-01	4.955300e-01	1.914917e-08	-2.602126e-15	4.266600e-02
2	379	R1	4.704800e-01	4.704800e-01	2.018944e-08	0.000000e+00	3.671300e-02
2	382	R1	4.638100e-01	4.638100e-01	2.048518e-08	-3.137287e-15	3.538800e-02
2	386	R1	4.646900e-01	4.646900e-01	2.044568e-08	2.045212e-15	2.714200e-02
2	393	R1	6.364400e-01	6.364400e-01	1.480783e-08	0.000000e+00	3.087100e-02
2	395	R1	5.240500e-01	5.240500e-01	1.808465e-08	0.000000e+00	3.822300e-02
2	397	R1	5.258000e-01	5.258000e-01	1.802305e-08	0.000000e+00	2.966600e-02
2	398	R1	5.215100e-01	5.215100e-01	1.817479e-08	-2.602187e-15	4.266500e-02
2	402	R1	4.818000e-01	4.818000e-01	1.970608e-08	0.000000e+00	5.261700e-02
2	404	R1	5.823600e-01	5.823600e-01	1.622903e-08	0.000000e+00	8.126100e-02
2	407	R1	5.545800e-01	5.545800e-01	1.706507e-08	0.000000e+00	3.609700e-02
2	408	R1	4.803600e-01	4.803600e-01	1.976632e-08	0.000000e+00	7.451800e-02
2	410	R1	5.357400e-01	5.357400e-01	1.768069e-08	0.000000e+00	5.603800e-02
2	411	R1	4.726900e-01	4.726900e-01	2.009327e-08	-8.217422e-16	6.755300e-02
2	412	R1	5.442300e-01	5.442300e-01	1.739806e-08	0.000000e+00	2.571300e-02
2	417	R1	1.091400e+00	1.091400e+00	8.330177e-09	0.000000e+00	1.262900e-02


