6	2.988500e+00	2.668900e-02	-3.417000e-01	1.055400e-02	1.240700e+00	8.852000e-03	1.687423e-01	
12	1.486090e+01	2.361900e-01	5.752000e-01	2.136800e-02	8.272200e-01	1.590500e-02	3.562110e-02	
14	3.300400e+00	7.624600e-02	-2.788000e-01	2.231200e-02	1.208000e+00	2.667100e-02	1.565927e-01	
15	2.588300e+00	7.005900e-02	-3.992000e-01	2.137900e-02	1.209700e+00	2.514000e-02	1.715771e-01	
17	2.390100e+00	1.938900e-01	-3.946000e-01	9.785100e-02	1.225800e+00	7.051400e-02	1.732890e-01	
22	2.398150e+01	7.178400e-01	8.275000e-01	2.568100e-02	8.125100e-01	2.738100e-02	1.420757e-02	
24	2.565590e+01	9.939000e-01	8.536000e-01	2.777600e-02	7.719900e-01	2.851300e-02	1.145657e-02	
25	2.273980e+01	8.680800e-01	8.305000e-01	3.099400e-02	7.986800e-01	3.590200e-02	1.372285e-02	
27	2.630240e+01	1.298200e+00	7.478000e-01	3.036200e-02	6.668500e-01	3.199200e-02	1.704806e-02	
28	2.633910e+01	1.040600e+00	8.127000e-01	2.642100e-02	7.511500e-01	2.599700e-02	1.426154e-02	
30	2.580480e+01	7.835000e-01	7.694000e-01	2.739800e-02	7.620500e-01	2.444000e-02	1.781331e-02	
32	2.592990e+01	8.879900e-01	7.577000e-01	2.533000e-02	6.999800e-01	2.420900e-02	1.719257e-02	
33	2.101120e+01	7.039800e-01	8.576000e-01	3.288800e-02	8.145700e-01	3.025700e-02	1.175818e-02	
35	2.047340e+01	4.050800e-01	8.332000e-01	2.278800e-02	8.261100e-01	1.829500e-02	1.396805e-02	
36	2.126440e+01	1.072300e+00	8.024000e-01	5.189800e-02	7.522000e-01	4.643900e-02	1.506684e-02	
38	1.955770e+01	6.869800e-01	8.722000e-01	3.904100e-02	8.485500e-01	3.489000e-02	1.099285e-02	
40	1.939950e+01	6.200000e-01	8.089000e-01	3.416300e-02	8.365400e-01	3.439700e-02	1.620501e-02	
42	2.762310e+01	7.242100e-01	8.711000e-01	2.425900e-02	7.968000e-01	1.829100e-02	1.041128e-02	
44	2.124450e+01	3.927600e-01	7.746000e-01	2.187000e-02	8.015500e-01	1.669300e-02	1.831413e-02	
45	1.921400e+01	3.964300e-01	8.141000e-01	2.693100e-02	8.467400e-01	2.075300e-02	1.595627e-02	
46	2.788190e+01	1.231900e+00	7.526000e-01	3.858400e-02	6.938400e-01	2.987100e-02	1.740047e-02	
47	3.587250e+01	1.995900e+00	7.077000e-01	3.325700e-02	7.275600e-01	2.893800e-02	2.155755e-02	
48	1.563990e+01	4.889200e-01	7.780000e-01	3.135900e-02	7.899900e-01	2.669400e-02	1.777773e-02	
49	3.113380e+01	1.632600e+00	8.928000e-01	4.529600e-02	6.945400e-01	3.401500e-02	7.547340e-03	
50	2.644150e+01	6.575200e-01	7.796000e-01	2.264400e-02	7.961400e-01	1.834800e-02	1.778701e-02	
55	2.187390e+01	7.963900e-01	8.197000e-01	3.869300e-02	7.888900e-01	3.345200e-02	1.441830e-02	
56	2.284470e+01	1.761400e+00	7.870000e-01	6.066700e-02	8.150200e-01	5.816000e-02	1.759745e-02	
57	2.140150e+01	9.502700e-01	6.715000e-01	3.640200e-02	9.292700e-01	4.253200e-02	3.094419e-02	
59	1.942640e+01	3.820600e-01	7.208000e-01	2.301000e-02	7.800900e-01	1.609600e-02	2.207811e-02	
60	2.252020e+01	6.044500e-01	8.906000e-01	3.321200e-02	7.808200e-01	2.134400e-02	8.659047e-03	
62	2.371480e+01	1.206200e+00	8.901000e-01	5.100300e-02	7.377600e-01	3.651000e-02	8.218918e-03	
63	2.711370e+01	6.113100e-01	8.406000e-01	2.163800e-02	6.664200e-01	1.648000e-02	1.076808e-02	
64	2.835160e+01	8.954900e-01	8.622000e-01	2.643100e-02	6.963500e-01	2.435400e-02	9.726994e-03	
65	2.782190e+01	1.381900e+00	7.967000e-01	3.324400e-02	7.144600e-01	3.135700e-02	1.472371e-02	
67	3.116170e+01	1.102500e+00	8.199000e-01	2.593700e-02	7.134400e-01	2.515100e-02	1.302486e-02	
68	3.351690e+01	1.275000e+00	8.349000e-01	2.369700e-02	8.015000e-01	2.743500e-02	1.341382e-02	
69	2.965980e+01	1.242800e+00	8.546000e-01	2.966500e-02	7.473200e-01	3.231800e-02	1.101470e-02	
70	2.482840e+01	1.021800e+00	8.108000e-01	3.132400e-02	7.416100e-01	3.406800e-02	1.422324e-02	
71	2.983250e+01	1.425400e+00	8.162000e-01	3.056800e-02	7.127600e-01	3.191800e-02	1.327977e-02	
72	2.785310e+01	1.214400e+00	8.336000e-01	3.157900e-02	6.744700e-01	2.948600e-02	1.137674e-02	
73	2.289660e+01	8.558200e-01	6.869000e-01	2.850600e-02	6.835700e-01	2.807700e-02	2.169541e-02	
75	2.461310e+01	8.424000e-01	8.025000e-01	2.758000e-02	8.161100e-01	2.842500e-02	1.633871e-02	
76	2.212310e+01	5.134000e-01	8.140000e-01	2.531900e-02	8.810600e-01	2.281100e-02	1.661194e-02	
77	2.515150e+01	8.487700e-01	7.602000e-01	3.022500e-02	7.222100e-01	2.774000e-02	1.755555e-02	
78	2.981720e+01	1.574900e+00	8.520000e-01	3.958800e-02	7.939400e-01	4.083700e-02	1.191108e-02	
79	2.246300e+01	9.857300e-01	7.343000e-01	3.830200e-02	7.368900e-01	3.224800e-02	1.984705e-02	
80	2.675040e+01	6.668500e-01	8.104000e-01	2.370800e-02	7.398000e-01	1.754400e-02	1.421852e-02	
82	2.316150e+01	1.178400e+00	8.382000e-01	3.363500e-02	7.281600e-01	3.510100e-02	1.194283e-02	
85	2.832790e+01	9.347600e-01	8.278000e-01	2.302500e-02	7.260600e-01	2.462200e-02	1.267382e-02	
87	2.916420e+01	1.089700e+00	8.889000e-01	2.730200e-02	7.298800e-01	2.189700e-02	8.219916e-03	
88	2.846760e+01	9.912100e-01	7.514000e-01	2.896000e-02	6.889200e-01	2.371800e-02	1.736088e-02	
89	2.629660e+01	8.395600e-01	8.487000e-01	2.532200e-02	7.347300e-01	2.356500e-02	1.126856e-02	
90	2.566490e+01	7.384100e-01	8.444000e-01	2.418600e-02	6.872700e-01	1.966300e-02	1.084024e-02	
91	2.407310e+01	2.045600e+00	8.099000e-01	6.467600e-02	7.238100e-01	6.149000e-02	1.394789e-02	
92	2.908080e+01	9.893400e-01	8.239000e-01	2.691900e-02	7.283300e-01	2.375300e-02	1.300138e-02	
94	2.947860e+01	1.060700e+00	8.975000e-01	2.892000e-02	7.089300e-01	2.282100e-02	7.365955e-03	
104	3.390410e+01	1.710100e+00	8.383000e-01	4.235200e-02	7.453500e-01	3.343600e-02	1.221721e-02	
105	3.036920e+01	1.386200e+00	8.150000e-01	3.810600e-02	7.823300e-01	3.564600e-02	1.467113e-02	
108	2.738010e+01	1.527700e+00	8.686000e-01	4.329300e-02	7.176100e-01	4.259600e-02	9.558411e-03	
109	2.511870e+01	7.300200e-01	8.779000e-01	2.453400e-02	8.277600e-01	2.354100e-02	1.024524e-02	
110	3.871990e+01	3.152200e+00	8.023000e-01	4.320600e-02	8.125900e-01	4.970900e-02	1.628471e-02	
111	2.608310e+01	2.284900e+00	9.072000e-01	6.429700e-02	7.428500e-01	6.682000e-02	6.987969e-03	
112	2.750180e+01	1.573400e+00	8.536000e-01	4.220400e-02	8.020900e-01	4.562300e-02	1.190326e-02	
113	2.858560e+01	1.058900e+00	8.649000e-01	2.628700e-02	8.301400e-01	3.000400e-02	1.136864e-02	
114	2.429950e+01	1.209800e+00	8.922000e-01	3.477500e-02	8.096300e-01	3.870200e-02	8.847227e-03	
115	2.594630e+01	1.165700e+00	8.461000e-01	2.476300e-02	8.070300e-01	2.881700e-02	1.259013e-02	
116	2.433360e+01	7.562100e-01	8.483000e-01	2.372400e-02	7.883600e-01	2.183400e-02	1.212305e-02	
118	3.075870e+01	1.434700e+00	8.392000e-01	3.315300e-02	7.141200e-01	3.208200e-02	1.164016e-02	
119	2.943120e+01	9.843000e-01	7.989000e-01	2.337600e-02	7.963300e-01	2.430700e-02	1.623331e-02	
121	2.412480e+01	8.139000e-01	7.633000e-01	2.570100e-02	7.914800e-01	2.401300e-02	1.899066e-02	
132	8.550200e+00	1.433100e-01	6.500000e-02	2.328300e-02	1.058200e+00	2.412600e-02	1.002954e-01	
134	4.586300e+00	7.401800e-02	-2.104000e-01	1.548600e-02	1.130900e+00	1.943500e-02	1.387570e-01	
139	2.370900e+00	6.059800e-01	-6.032000e-01	1.131500e-01	1.585700e+00	2.836200e-01	2.576977e-01	
143	2.314300e+00	1.291200e-01	-6.631000e-01	4.313100e-02	1.138900e+00	4.587900e-02	1.920020e-01	
144	1.920800e+00	2.448100e-01	-7.429000e-01	7.734900e-02	1.064100e+00	7.064900e-02	1.879995e-01	
145	1.955300e+00	1.229700e-01	-4.952000e-01	3.467500e-02	1.036200e+00	3.621300e-02	1.570524e-01	
146	2.107900e+00	6.483500e-02	-8.253000e-01	3.036700e-02	1.040400e+00	2.069300e-02	1.925025e-01	
149	2.108600e+00	5.813300e-02	-6.821000e-01	2.250100e-02	1.019500e+00	1.703400e-02	1.738365e-01	
152	2.288000e+00	9.147800e-02	-5.472000e-01	3.266700e-02	9.643800e-01	2.947900e-02	1.512504e-01	
153	2.007800e+00	2.522200e-02	-4.340000e-01	1.162700e-02	1.139900e+00	9.642300e-03	1.656982e-01	
155	2.246600e+00	8.647300e-02	-6.921000e-01	3.245900e-02	1.047300e+00	2.833900e-02	1.796383e-01	
156	2.129200e+00	5.670800e-02	-4.930000e-01	1.855600e-02	1.093900e+00	1.799300e-02	1.655538e-01	
157	2.649400e+00	6.832100e-02	-4.446000e-01	2.216200e-02	1.071000e+00	2.258800e-02	1.568335e-01	
158	2.346100e+00	8.496800e-02	-6.924000e-01	2.749300e-02	1.080100e+00	2.605100e-02	1.852972e-01	
159	2.354000e+00	5.433700e-02	-7.765000e-01	2.473900e-02	9.991600e-01	1.810200e-02	1.799294e-01	
160	2.050700e+00	1.231100e-01	-1.076000e+00	5.693600e-02	8.597500e-01	3.302300e-02	1.809262e-01	
161	2.299700e+00	5.854700e-02	-5.820000e-01	2.190400e-02	9.822900e-01	1.651000e-02	1.575245e-01	
164	2.485200e+00	4.312500e-02	-5.678000e-01	1.761600e-02	1.089100e+00	1.377800e-02	1.730853e-01	
167	2.451000e+00	5.445900e-02	-7.469000e-01	2.638900e-02	9.957500e-01	1.671100e-02	1.763276e-01	
184	2.428000e+00	4.289000e-02	-5.557000e-01	2.010000e-02	1.090400e+00	1.395000e-02	1.719545e-01	
185	2.242600e+00	3.232200e-02	-2.923000e-01	1.476100e-02	1.122700e+00	1.096700e-02	1.470716e-01	
186	2.614000e+00	2.877100e-02	-3.223000e-01	1.171400e-02	1.181800e+00	9.824600e-03	1.584075e-01	
188	3.453800e+00	2.294400e-02	-1.088000e-01	6.631900e-03	1.128900e+00	5.900800e-03	1.268851e-01	
190	2.436200e+00	2.337400e-02	-4.539000e-01	9.682800e-03	1.267900e+00	7.633300e-03	1.868622e-01	
191	2.397300e+00	2.238300e-02	-2.558000e-01	9.631800e-03	1.262600e+00	7.821200e-03	1.607267e-01	
192	2.635000e+00	3.267700e-02	-3.964000e-01	1.255200e-02	1.146100e+00	1.149600e-02	1.622311e-01	
195	2.240500e+00	2.317000e-02	-3.596000e-01	1.047900e-02	1.167500e+00	7.582500e-03	1.609051e-01	
197	3.073900e+00	5.456800e-02	-4.721000e-01	1.929100e-02	1.029900e+00	1.564500e-02	1.536860e-01	
198	2.513200e+00	3.362200e-02	-3.279000e-01	1.412100e-02	1.147000e+00	1.093600e-02	1.543941e-01	
199	2.840700e+00	2.532000e-02	-5.128000e-01	1.133600e-02	1.206500e+00	7.953500e-03	1.850166e-01	
231	2.406600e+00	2.426700e-02	-4.978000e-01	1.163100e-02	1.181500e+00	8.536700e-03	1.793863e-01	
232	2.599700e+00	2.655700e-02	-5.464000e-01	1.291700e-02	1.164900e+00	9.179400e-03	1.826049e-01	
233	2.478200e+00	3.080600e-02	-6.897000e-01	1.557400e-02	1.072000e+00	1.084700e-02	1.836142e-01	
234	2.329200e+00	3.670700e-02	-5.617000e-01	1.332100e-02	9.652700e-01	9.546800e-03	1.528088e-01	
243	2.583700e+00	4.904600e-02	-3.513000e-01	1.765100e-02	1.216800e+00	1.811900e-02	1.666759e-01	
244	2.213300e+00	9.673000e-02	-4.117000e-01	2.834000e-02	1.090800e+00	3.141700e-02	1.560951e-01	
249	2.740200e+00	8.662200e-02	-3.956000e-01	2.463800e-02	1.191900e+00	3.081700e-02	1.686175e-01	
250	2.315500e+00	5.307200e-02	-4.530000e-01	1.906300e-02	1.123800e+00	1.820400e-02	1.655223e-01	
251	3.579800e+00	1.010800e-01	2.594000e-01	1.985900e-02	1.029600e+00	2.401200e-02	7.729548e-02	
255	2.401400e+00	4.326000e-02	-4.899000e-01	1.780500e-02	1.112100e+00	1.509900e-02	1.679588e-01	
256	2.835100e+00	6.391600e-02	-2.804000e-01	1.935300e-02	1.133900e+00	1.977200e-02	1.471710e-01	
257	2.330400e+00	3.149600e-02	-2.269000e-01	1.231000e-02	1.203500e+00	1.039000e-02	1.496777e-01	
260	2.804400e+00	2.783900e-02	-1.144000e-01	1.017000e-02	1.336500e+00	9.695300e-03	1.509774e-01	
261	3.233000e+00	8.016100e-02	-2.551000e-01	2.297100e-02	1.210200e+00	2.591300e-02	1.539704e-01	
262	2.803500e+00	3.906200e-02	-4.056000e-01	1.408600e-02	1.133300e+00	1.381400e-02	1.614762e-01	
265	2.991300e+00	4.704300e-02	-2.947000e-01	1.548300e-02	1.081800e+00	1.450400e-02	1.419770e-01	
266	2.996000e+00	3.627900e-02	-2.473000e-01	1.320800e-02	1.126700e+00	1.116800e-02	1.424561e-01	
285	2.868300e+00	1.431500e-02	-3.681000e-01	4.945200e-03	1.094500e+00	4.152100e-03	1.517873e-01	
289	3.362600e+00	4.448400e-02	-2.086000e-01	1.477300e-02	1.253100e+00	1.572500e-02	1.535218e-01	
290	3.544100e+00	6.385800e-02	-3.204000e-01	1.716200e-02	1.206200e+00	2.104300e-02	1.614458e-01	
291	3.020100e+00	5.603900e-02	-3.489000e-01	1.704300e-02	1.233700e+00	1.884500e-02	1.686907e-01	
292	3.754700e+00	2.777400e-02	-9.280000e-02	7.983700e-03	1.119800e+00	7.440500e-03	1.240461e-01	
294	2.979900e+00	3.409300e-02	-2.392000e-01	1.230900e-02	1.208300e+00	1.293500e-02	1.517812e-01	
295	2.994200e+00	8.571600e-02	-1.569000e-01	2.641700e-02	1.196500e+00	3.201400e-02	1.403170e-01	
300	3.471900e+00	4.629900e-02	-1.345000e-01	1.608000e-02	1.150500e+00	1.386000e-02	1.323101e-01	
302	4.584400e+00	5.268000e-02	5.180000e-02	1.503600e-02	1.183500e+00	1.433100e-02	1.137549e-01	
304	6.039000e+00	2.846900e-01	9.520000e-02	4.841400e-02	1.117200e+00	7.202000e-02	1.024673e-01	
307	2.622370e+01	8.136700e-01	4.863000e-01	3.045700e-02	9.739400e-01	3.229500e-02	5.071584e-02	
308	3.802960e+01	2.213100e+00	7.792000e-01	4.861700e-02	9.570900e-01	3.882700e-02	2.142169e-02	
309	2.963350e+01	2.268400e+00	7.564000e-01	6.666600e-02	8.515200e-01	7.182900e-02	2.102684e-02	
310	3.120940e+01	2.135700e+00	8.144000e-01	6.385000e-02	9.129100e-01	5.858400e-02	1.717544e-02	
315	3.106890e+01	2.091600e+00	6.772000e-01	3.798500e-02	9.092800e-01	4.181800e-02	2.975315e-02	
316	3.212520e+01	2.078700e+00	8.465000e-01	4.852000e-02	8.062800e-01	4.333200e-02	1.254573e-02	
320	2.711800e+01	1.392900e+00	8.911000e-01	4.296400e-02	8.275100e-01	4.176100e-02	9.134883e-03	
322	3.602230e+01	2.286100e+00	8.978000e-01	4.599700e-02	7.585800e-01	3.911000e-02	7.858762e-03	
327	3.129990e+01	1.421500e+00	8.213000e-01	3.824400e-02	8.412100e-01	3.598300e-02	1.523810e-02	
331	2.655930e+01	1.086200e+00	8.536000e-01	3.735700e-02	8.567200e-01	3.799900e-02	1.271399e-02	
334	3.306940e+01	1.894000e+00	7.842000e-01	3.848800e-02	7.618400e-01	3.597600e-02	1.666545e-02	
335	2.876050e+01	1.216300e+00	8.301000e-01	3.317100e-02	7.560500e-01	2.536200e-02	1.302104e-02	
337	2.182750e+01	5.321100e-01	8.253000e-01	2.745100e-02	7.985800e-01	1.935400e-02	1.414208e-02	
338	2.592340e+01	5.961100e-01	7.680000e-01	2.524900e-02	8.906300e-01	1.834100e-02	2.094533e-02	
339	2.914930e+01	9.427600e-01	6.623000e-01	2.688700e-02	7.218500e-01	2.032900e-02	2.471040e-02	
341	2.916540e+01	1.375300e+00	7.498000e-01	3.723500e-02	7.477900e-01	3.029700e-02	1.896570e-02	
346	2.407560e+01	5.516100e-01	8.495000e-01	2.386900e-02	7.468300e-01	1.710200e-02	1.139358e-02	
348	2.587710e+01	9.720500e-01	8.195000e-01	3.871200e-02	8.035700e-01	2.975300e-02	1.470289e-02	
349	2.862380e+01	1.434300e+00	7.086000e-01	4.066900e-02	7.714900e-01	3.935500e-02	2.278881e-02	
350	2.161130e+01	1.022900e+00	7.025000e-01	4.756700e-02	8.203700e-01	4.892100e-02	2.473994e-02	
356	2.801550e+01	9.085700e-01	8.143000e-01	2.801400e-02	7.297200e-01	2.182700e-02	1.373631e-02	
357	3.362290e+01	1.663000e+00	8.479000e-01	3.602200e-02	6.908300e-01	2.997300e-02	1.065129e-02	
358	3.279780e+01	1.428500e+00	8.651000e-01	3.080200e-02	7.123800e-01	2.601900e-02	9.741493e-03	
360	3.861540e+01	2.276300e+00	8.833000e-01	4.230800e-02	7.008000e-01	3.952500e-02	8.290234e-03	
362	2.811740e+01	1.358400e+00	7.937000e-01	3.679100e-02	7.147300e-01	3.199400e-02	1.494662e-02	
364	2.836140e+01	1.708600e+00	7.784000e-01	4.315100e-02	7.747600e-01	4.237800e-02	1.740359e-02	
365	2.720220e+01	1.033000e+00	8.648000e-01	2.773200e-02	7.067600e-01	2.796200e-02	9.686134e-03	
366	3.534940e+01	2.338400e+00	7.569000e-01	3.385900e-02	7.685100e-01	3.894200e-02	1.893810e-02	
367	2.838700e+01	1.012300e+00	7.774000e-01	2.934100e-02	8.870200e-01	3.531700e-02	2.001522e-02	
369	2.122500e+01	5.958500e-01	7.310000e-01	2.827100e-02	8.654300e-01	2.580700e-02	2.359859e-02	
370	2.592250e+01	9.851000e-01	8.247000e-01	3.266100e-02	7.622600e-01	3.079800e-02	1.354525e-02	
371	2.146450e+01	9.336100e-01	7.730000e-01	3.226200e-02	7.442200e-01	3.437200e-02	1.712494e-02	
372	3.114410e+01	1.367200e+00	8.600000e-01	3.822000e-02	7.358000e-01	2.892100e-02	1.044214e-02	
373	3.377730e+01	2.063500e+00	7.282000e-01	3.643900e-02	7.988500e-01	3.858000e-02	2.200982e-02	
376	3.829710e+01	3.571500e+00	8.852000e-01	4.835200e-02	7.836800e-01	5.878600e-02	9.119741e-03	
379	3.789750e+01	3.138800e+00	8.475000e-01	4.131000e-02	7.451000e-01	5.125900e-02	1.151824e-02	
382	3.316290e+01	2.254200e+00	8.829000e-01	4.325300e-02	7.721200e-01	4.532800e-02	9.165234e-03	
386	3.825920e+01	2.742600e+00	8.296000e-01	4.511100e-02	7.511900e-01	4.413100e-02	1.297541e-02	
393	2.719390e+01	1.037500e+00	1.018000e+00	4.964900e-02	9.201400e-01	3.720300e-02	-1.678913e-03	
395	3.217000e+01	2.130800e+00	7.679000e-01	5.188500e-02	7.474900e-01	4.118300e-02	1.758662e-02	
397	3.561360e+01	2.851300e+00	9.317000e-01	5.145900e-02	7.921500e-01	4.494700e-02	5.484411e-03	
398	2.818190e+01	2.864200e+00	9.189000e-01	6.533700e-02	7.603800e-01	5.506900e-02	6.251056e-03	
402	2.321130e+01	1.967400e+00	8.279000e-01	5.303700e-02	7.274300e-01	5.957100e-02	1.269036e-02	
404	3.682200e+01	5.023200e+00	8.246000e-01	6.116300e-02	8.048100e-01	7.899400e-02	1.430951e-02	
407	2.710000e+01	2.118200e+00	7.095000e-01	4.665800e-02	8.115500e-01	5.607000e-02	2.389809e-02	
408	4.053460e+01	5.317900e+00	9.091000e-01	6.810200e-02	6.207200e-01	6.957500e-02	5.719545e-03	
410	2.740550e+01	3.365600e+00	7.433000e-01	6.166900e-02	8.168200e-01	7.515800e-02	2.125466e-02	
411	3.436770e+01	4.694600e+00	9.353000e-01	8.366000e-02	7.278100e-01	8.151100e-02	4.773359e-03	
412	3.273480e+01	1.957600e+00	7.031000e-01	3.926000e-02	8.090900e-01	3.873600e-02	2.435056e-02	
417	5.242900e+00	6.880200e-02	-2.880000e-02	1.872900e-02	1.172700e+00	1.614400e-02	1.222981e-01	
