0	2	R2	5.602000e+00	5.602000e+00	3.130016e-09	0.000000e+00	5.400000e-02
0	3	R2	4.864000e+00	4.864000e+00	2.562906e-09	-9.979533e-15	8.900000e-02
0	4	R2	5.928000e+00	5.928000e+00	3.394852e-09	1.110223e-14	8.000000e-02
0	5	R2	4.697000e+00	4.697000e+00	2.440831e-09	0.000000e+00	3.400000e-02
0	6	R2	7.311000e+00	7.311000e+00	4.599888e-09	8.581434e-15	2.070000e-01
0	7	R2	4.627000e+00	4.627000e+00	2.390325e-09	-2.865092e-14	3.100000e-02
0	8	R2	3.805000e+00	3.805000e+00	1.823779e-09	1.153478e-14	7.700000e-02
0	9	R2	4.121000e+00	4.121000e+00	2.036192e-09	-1.558208e-14	5.700000e-02
0	10	R2	6.380000e+00	6.380000e+00	3.775509e-09	-1.456030e-14	6.100000e-02
0	11	R2	5.836000e+00	5.836000e+00	3.319254e-09	-1.216683e-14	7.300000e-02
0	12	R2	6.315000e+00	6.315000e+00	3.719867e-09	4.463208e-15	1.990000e-01
0	13	R2	4.692000e+00	4.692000e+00	2.437211e-09	0.000000e+00	2.000000e-01
0	14	R2	5.227000e+00	5.227000e+00	2.836161e-09	0.000000e+00	2.700000e-02
0	15	R2	2.050400e+01	2.050400e+01	1.658649e-08	0.000000e+00	1.663000e+00
0	17	R2	9.640000e+00	9.640000e+00	6.772494e-09	2.775558e-14	1.280000e-01
0	18	R2	1.082900e+01	1.082900e+01	7.887484e-09	0.000000e+00	7.400000e-02
0	19	R2	1.079800e+01	1.079800e+01	7.858534e-09	-2.651279e-14	6.700000e-02
0	20	R2	1.076000e+01	1.076000e+01	7.823037e-09	0.000000e+00	5.300000e-02
0	21	R2	9.630000e+00	9.630000e+00	6.763086e-09	-2.574430e-14	6.900000e-02
0	22	R2	1.235900e+01	1.235900e+01	9.306157e-09	-5.663121e-07	2.660000e-01
0	23	R2	1.261000e+01	1.261000e+01	9.536945e-09	0.000000e+00	7.600000e-02
0	24	R2	1.234200e+01	1.234200e+01	9.290506e-09	1.708035e-14	1.040000e-01
0	25	R2	1.158100e+01	1.158100e+01	8.587307e-09	0.000000e+00	1.000000e-01
0	26	R2	7.098000e+00	7.098000e+00	4.407350e-09	-8.300733e-15	1.070000e-01
0	27	R2	8.858000e+00	8.858000e+00	6.036646e-09	-7.779009e-07	1.230000e-01
0	28	R2	9.863000e+00	9.863000e+00	6.982204e-09	2.400482e-14	7.400000e-02
0	30	R2	1.179500e+01	1.179500e+01	8.785567e-09	-1.456030e-14	1.220000e-01
0	31	R2	1.228800e+01	1.228800e+01	9.240775e-09	4.762351e-15	3.730000e-01
0	32	R2	1.112600e+01	1.112600e+01	8.164447e-09	4.440892e-14	8.000000e-02
0	33	R2	1.211400e+01	1.211400e+01	9.080357e-09	0.000000e+00	8.800000e-02
0	34	R2	1.057100e+01	1.057100e+01	7.646321e-09	2.352791e-14	1.510000e-01
0	35	R2	1.077500e+01	1.077500e+01	7.837051e-09	0.000000e+00	1.610000e-01
0	36	R2	1.233100e+01	1.233100e+01	9.280378e-09	3.625218e-14	4.900000e-02
0	37	R2	2.039800e+01	2.039800e+01	1.649369e-08	-1.404235e-14	2.530000e-01
0	38	R2	1.158000e+01	1.158000e+01	8.586379e-09	0.000000e+00	1.580000e-01
0	39	R2	1.133200e+01	1.133200e+01	8.356116e-09	0.000000e+00	9.000000e-02
0	40	R2	1.311800e+01	1.311800e+01	1.000240e-08	0.000000e+00	1.390000e-01
0	41	R2	1.297000e+01	1.297000e+01	9.867017e-09	0.000000e+00	8.500000e-02
0	43	R2	1.227900e+01	1.227900e+01	9.232484e-09	9.203921e-15	1.930000e-01
0	44	R2	1.097600e+01	1.097600e+01	8.024657e-09	0.000000e+00	8.600000e-02
0	45	R2	1.294800e+01	1.294800e+01	9.846877e-09	0.000000e+00	4.200000e-02
0	46	R2	7.839000e+00	7.839000e+00	5.084382e-09	-2.581914e-15	3.440000e-01
0	48	R2	1.097400e+01	1.097400e+01	8.022792e-09	-9.425960e-07	1.360000e-01
0	49	R2	1.043500e+01	1.043500e+01	7.518998e-09	7.401487e-15	2.400000e-01
0	50	R2	1.124200e+01	1.124200e+01	8.272422e-09	-1.790549e-06	7.400000e-02
0	51	R2	1.011100e+01	1.011100e+01	7.215170e-09	2.193033e-14	8.100000e-02
0	53	R2	1.172300e+01	1.172300e+01	8.718908e-09	4.440892e-14	4.000000e-02
0	54	R2	3.701000e+00	3.701000e+00	1.755120e-09	0.000000e+00	6.700000e-02
0	55	R2	1.110400e+01	1.110400e+01	8.143956e-09	-2.322035e-14	1.530000e-01
0	56	R2	1.041600e+01	1.041600e+01	7.501200e-09	-9.251859e-15	1.920000e-01
0	57	R2	1.147200e+01	1.147200e+01	8.486169e-09	-3.947460e-14	4.500000e-02
0	58	R2	1.078600e+01	1.078600e+01	7.847326e-09	0.000000e+00	1.420000e-01
0	59	R2	1.134600e+01	1.134600e+01	8.369129e-09	-2.537653e-14	7.000000e-02
0	60	R2	1.165600e+01	1.165600e+01	8.656836e-09	-1.140945e-06	1.220000e-01
0	61	R2	1.059800e+01	1.059800e+01	7.671583e-09	0.000000e+00	1.890000e-01
0	62	R2	1.074000e+01	1.074000e+01	7.804350e-09	0.000000e+00	1.050000e-01
0	63	R2	1.107100e+01	1.107100e+01	8.113212e-09	0.000000e+00	1.040000e-01
0	65	R2	1.126900e+01	1.126900e+01	8.297537e-09	-1.315820e-14	1.350000e-01
0	66	R2	1.001000e+01	1.001000e+01	7.120330e-09	-9.923781e-15	1.790000e-01
0	67	R2	1.176600e+01	1.176600e+01	8.758724e-09	3.036507e-14	1.170000e-01
0	68	R2	1.255900e+01	1.255900e+01	9.490096e-09	1.225074e-14	1.450000e-01
0	69	R2	1.152200e+01	1.152200e+01	8.532576e-09	-1.985853e-06	6.900000e-02
0	70	R2	1.083400e+01	1.083400e+01	7.892153e-09	-4.762351e-15	3.730000e-01
0	71	R2	9.153000e+00	9.153000e+00	6.314160e-09	0.000000e+00	3.370000e-01
0	73	R2	1.353400e+01	1.353400e+01	1.038197e-08	1.647826e-15	1.078000e+00
0	74	R2	1.209600e+01	1.209600e+01	9.063747e-09	0.000000e+00	4.700000e-01
0	75	R2	1.607800e+01	1.607800e+01	1.267603e-08	2.467162e-14	1.440000e-01
0	76	R2	1.199400e+01	1.199400e+01	8.969570e-09	0.000000e+00	1.650000e-01
0	77	R2	1.157900e+01	1.157900e+01	8.585452e-09	0.000000e+00	1.390000e-01
0	78	R2	1.152100e+01	1.152100e+01	8.531648e-09	-4.189836e-07	3.270000e-01
0	79	R2	1.193100e+01	1.193100e+01	8.911355e-09	0.000000e+00	1.010000e-01
0	80	R2	1.126900e+01	1.126900e+01	8.297537e-09	-1.355998e-14	1.310000e-01
0	81	R2	1.182500e+01	1.182500e+01	8.813329e-09	0.000000e+00	8.800000e-02
0	82	R2	4.870000e+00	4.870000e+00	2.567334e-09	0.000000e+00	4.500000e-02
0	83	R2	1.127700e+01	1.127700e+01	8.304978e-09	-3.289550e-14	5.400000e-02
0	84	R2	1.155100e+01	1.155100e+01	8.559481e-09	1.492737e-14	1.190000e-01
0	85	R2	1.110900e+01	1.110900e+01	8.148613e-09	0.000000e+00	1.020000e-01
0	86	R2	1.105300e+01	1.105300e+01	8.096439e-09	-1.505353e-06	8.600000e-02
0	87	R2	1.108000e+01	1.108000e+01	8.121598e-09	-1.180854e-06	1.100000e-01
0	88	R2	1.030100e+01	1.030100e+01	7.393422e-09	-6.579099e-14	5.400000e-02
0	89	R2	1.099300e+01	1.099300e+01	8.040509e-09	3.116416e-14	5.700000e-02
0	90	R2	1.082100e+01	1.082100e+01	7.880014e-09	-1.776357e-14	1.000000e-01
0	91	R2	1.023900e+01	1.023900e+01	7.335279e-09	-3.625218e-14	4.900000e-02
0	92	R2	1.063000e+01	1.063000e+01	7.701516e-09	-1.233581e-14	1.440000e-01
0	93	R2	1.163600e+01	1.163600e+01	8.638300e-09	1.377021e-14	1.290000e-01
0	94	R2	8.245000e+00	8.245000e+00	5.461952e-09	0.000000e+00	1.080000e-01
0	95	R2	9.033000e+00	9.033000e+00	6.201238e-09	1.869849e-14	9.500000e-02
0	96	R2	9.342000e+00	9.342000e+00	6.492052e-09	0.000000e+00	1.790000e-01
0	97	R2	6.788000e+00	6.788000e+00	4.130966e-09	0.000000e+00	4.600000e-02
0	99	R2	5.408000e+00	5.408000e+00	2.976530e-09	0.000000e+00	3.800000e-02
0	101	R2	6.229000e+00	6.229000e+00	3.646699e-09	0.000000e+00	8.900000e-02
0	103	R2	5.510000e+00	5.510000e+00	3.056839e-09	-3.731842e-15	2.380000e-01
0	105	R2	5.696000e+00	5.696000e+00	3.205502e-09	0.000000e+00	1.270000e-01
0	108	R2	3.857000e+00	3.857000e+00	1.858327e-09	0.000000e+00	5.000000e-02
0	109	R2	2.953000e+00	2.953000e+00	1.273918e-09	1.644775e-14	2.700000e-02
0	110	R2	3.061000e+00	3.061000e+00	1.342488e-09	-7.280151e-15	6.100000e-02
0	112	R2	1.217000e+00	1.217000e+00	2.758005e-10	9.137638e-16	2.430000e-01


1	2	NOE	-9.210000e-01	-9.210000e-01	1.028369e-09	-3.172066e-15	7.000000e-02
1	3	NOE	-1.805000e+00	-1.805000e+00	7.070737e-10	-4.353816e-15	5.100000e-02
1	4	NOE	-4.650000e-01	-4.650000e-01	1.282333e-09	1.784287e-14	2.800000e-02
1	5	NOE	-3.740000e-01	-3.740000e-01	1.347377e-09	2.854044e-16	3.890000e-01
1	6	NOE	2.310000e-01	2.310000e-01	2.078096e-09	-1.224511e-15	6.800000e-02
1	7	NOE	8.100000e-02	8.100000e-02	1.819476e-09	-1.810146e-15	1.610000e-01
1	8	NOE	-1.505000e+00	-1.505000e+00	8.013049e-10	7.791039e-15	5.700000e-02
1	9	NOE	-1.568000e+00	-1.568000e+00	7.805960e-10	-4.625929e-15	9.600000e-02
1	10	NOE	-5.570000e-01	-5.570000e-01	1.222522e-09	-1.914178e-14	2.900000e-02
1	11	NOE	-6.560000e-01	-6.560000e-01	1.163743e-09	9.251859e-16	1.200000e-01
1	12	NOE	-7.000000e-01	-7.000000e-01	1.139230e-09	-8.540177e-15	7.800000e-02
1	13	NOE	-4.540000e-01	-4.540000e-01	1.289863e-09	-7.209240e-16	7.700000e-02
1	14	NOE	-3.150000e-01	-3.150000e-01	1.393228e-09	-1.500301e-15	3.700000e-02
1	15	NOE	1.460000e-01	1.460000e-01	1.921286e-09	-4.625929e-15	3.000000e-02
1	17	NOE	4.770000e-01	4.770000e-01	2.817931e-09	-5.693451e-15	3.900000e-02
1	18	NOE	5.650000e-01	5.650000e-01	3.317791e-09	0.000000e+00	3.800000e-02
1	19	NOE	6.660000e-01	6.660000e-01	4.378382e-09	3.364312e-15	3.300000e-02
1	20	NOE	6.910000e-01	6.910000e-01	4.831414e-09	-3.828355e-15	2.900000e-02
1	21	NOE	5.460000e-01	5.460000e-01	3.189360e-09	-2.751153e-07	2.700000e-02
1	22	NOE	6.640000e-01	6.640000e-01	4.347237e-09	0.000000e+00	4.200000e-02
1	23	NOE	6.750000e-01	6.750000e-01	4.526955e-09	-1.557419e-07	2.500000e-02
1	24	NOE	6.880000e-01	6.880000e-01	4.769808e-09	4.111937e-15	2.700000e-02
1	25	NOE	7.300000e-01	7.300000e-01	5.924905e-09	0.000000e+00	3.000000e-02
1	26	NOE	-2.590000e-01	-2.590000e-01	1.439851e-09	-4.625929e-15	2.400000e-02
1	27	NOE	2.830000e-01	2.830000e-01	2.191341e-09	4.758099e-15	3.500000e-02
1	28	NOE	7.260000e-01	7.260000e-01	5.778517e-09	0.000000e+00	2.000000e-02
1	30	NOE	7.130000e-01	7.130000e-01	5.367141e-09	4.440892e-15	2.500000e-02
1	31	NOE	4.120000e-01	4.120000e-01	2.558844e-09	-6.405133e-15	2.600000e-02
1	32	NOE	7.420000e-01	7.420000e-01	6.439422e-09	-5.818562e-08	3.400000e-02
1	33	NOE	7.620000e-01	7.620000e-01	7.696906e-09	0.000000e+00	3.100000e-02
1	34	NOE	7.080000e-01	7.080000e-01	5.230303e-09	0.000000e+00	3.300000e-02
1	35	NOE	5.060000e-01	5.060000e-01	2.958860e-09	-4.827057e-15	2.300000e-02
1	36	NOE	3.280000e-01	3.280000e-01	2.303190e-09	-9.251859e-15	3.000000e-02
1	37	NOE	5.590000e-01	5.590000e-01	3.275686e-09	0.000000e+00	4.900000e-02
1	38	NOE	5.290000e-01	5.290000e-01	3.085499e-09	3.469447e-15	3.200000e-02
1	39	NOE	5.190000e-01	5.190000e-01	3.028630e-09	0.000000e+00	2.200000e-02
1	40	NOE	6.190000e-01	6.190000e-01	3.780743e-09	0.000000e+00	5.800000e-02
1	41	NOE	6.740000e-01	6.740000e-01	4.509725e-09	4.270089e-15	2.600000e-02
1	43	NOE	6.970000e-01	6.970000e-01	4.961889e-09	0.000000e+00	3.100000e-02
1	44	NOE	7.050000e-01	7.050000e-01	5.152935e-09	-4.827057e-15	2.300000e-02
1	45	NOE	6.680000e-01	6.680000e-01	4.410180e-09	-3.172066e-15	3.500000e-02
1	46	NOE	-2.262000e+00	-2.262000e+00	5.790832e-10	-3.289550e-14	2.700000e-02
1	48	NOE	7.070000e-01	7.070000e-01	5.204139e-09	-3.364312e-15	3.300000e-02
1	49	NOE	6.950000e-01	6.950000e-01	4.917266e-09	-4.270089e-15	2.600000e-02
1	50	NOE	6.290000e-01	6.290000e-01	3.888265e-09	0.000000e+00	3.300000e-02
1	51	NOE	7.170000e-01	7.170000e-01	5.484471e-09	-4.827057e-15	2.300000e-02
1	53	NOE	6.740000e-01	6.740000e-01	4.509725e-09	4.625929e-15	2.400000e-02
1	54	NOE	-1.020000e+00	-1.020000e+00	9.841885e-10	3.083953e-15	1.440000e-01
1	55	NOE	7.590000e-01	7.590000e-01	7.461549e-09	3.172066e-15	3.500000e-02
1	56	NOE	6.820000e-01	6.820000e-01	4.653142e-09	3.581365e-15	3.100000e-02
1	57	NOE	6.910000e-01	6.910000e-01	4.831414e-09	-5.286776e-15	2.100000e-02
1	58	NOE	6.350000e-01	6.350000e-01	3.957117e-09	0.000000e+00	1.900000e-02
1	59	NOE	7.220000e-01	7.220000e-01	5.642254e-09	0.000000e+00	2.300000e-02
1	60	NOE	6.900000e-01	6.900000e-01	4.810622e-09	0.000000e+00	2.100000e-02
1	61	NOE	6.660000e-01	6.660000e-01	4.378382e-09	3.469447e-15	3.200000e-02
1	62	NOE	6.710000e-01	6.710000e-01	4.459150e-09	-2.356573e-07	1.700000e-02
1	63	NOE	6.610000e-01	6.610000e-01	4.301694e-09	-5.286776e-15	2.100000e-02
1	65	NOE	6.940000e-01	6.940000e-01	4.895388e-09	0.000000e+00	3.700000e-02
1	66	NOE	6.410000e-01	6.410000e-01	4.029573e-09	-5.843279e-15	1.900000e-02
1	67	NOE	3.790000e-01	3.790000e-01	2.449795e-09	-4.625929e-15	2.400000e-02
1	68	NOE	5.960000e-01	5.960000e-01	3.562427e-09	3.965082e-15	2.800000e-02
1	69	NOE	7.360000e-01	7.360000e-01	6.166437e-09	0.000000e+00	3.200000e-02
1	70	NOE	7.390000e-01	7.390000e-01	6.298581e-09	0.000000e+00	5.800000e-02
1	71	NOE	7.050000e-01	7.050000e-01	5.152935e-09	-5.551115e-15	2.000000e-02
1	73	NOE	8.010000e-01	8.010000e-01	1.844938e-08	-3.124983e-09	7.900000e-02
1	74	NOE	6.620000e-01	6.620000e-01	4.316722e-09	0.000000e+00	3.400000e-02
1	75	NOE	6.690000e-01	6.690000e-01	4.426330e-09	0.000000e+00	3.500000e-02
1	76	NOE	7.240000e-01	7.240000e-01	5.709194e-09	0.000000e+00	3.700000e-02
1	77	NOE	7.100000e-01	7.100000e-01	5.283805e-09	0.000000e+00	3.300000e-02
1	78	NOE	6.670000e-01	6.670000e-01	4.394198e-09	0.000000e+00	3.600000e-02
1	79	NOE	7.230000e-01	7.230000e-01	5.675435e-09	4.625929e-15	2.400000e-02
1	80	NOE	7.440000e-01	7.440000e-01	6.538636e-09	-3.000603e-15	3.700000e-02
1	81	NOE	6.630000e-01	6.630000e-01	4.331902e-09	0.000000e+00	2.300000e-02
1	82	NOE	-8.890000e-01	-8.890000e-01	1.043305e-09	-4.189521e-15	5.300000e-02
1	83	NOE	6.400000e-01	6.400000e-01	4.017233e-09	0.000000e+00	2.100000e-02
1	84	NOE	6.470000e-01	6.470000e-01	4.105962e-09	-3.965082e-15	2.800000e-02
1	85	NOE	6.690000e-01	6.690000e-01	4.426330e-09	0.000000e+00	1.300000e-02
1	86	NOE	7.180000e-01	7.180000e-01	5.514994e-09	3.581365e-15	3.100000e-02
1	87	NOE	7.170000e-01	7.170000e-01	5.484471e-09	-3.364312e-15	3.300000e-02
1	88	NOE	7.110000e-01	7.110000e-01	5.311162e-09	0.000000e+00	1.900000e-02
1	89	NOE	6.760000e-01	6.760000e-01	4.544377e-09	-4.827057e-15	2.300000e-02
1	90	NOE	6.650000e-01	6.650000e-01	4.362729e-09	0.000000e+00	2.400000e-02
1	91	NOE	6.770000e-01	6.770000e-01	4.561994e-09	0.000000e+00	3.200000e-02
1	92	NOE	6.550000e-01	6.550000e-01	4.214585e-09	3.581365e-15	3.100000e-02
1	93	NOE	7.180000e-01	7.180000e-01	5.514994e-09	3.700743e-15	3.000000e-02
1	94	NOE	-3.800000e-02	-3.800000e-02	1.662703e-09	9.874580e-15	2.600000e-02
1	95	NOE	4.670000e-01	4.670000e-01	2.773444e-09	9.251859e-15	1.800000e-02
1	96	NOE	4.890000e-01	4.890000e-01	2.873975e-09	-4.111937e-15	2.700000e-02
1	97	NOE	8.100000e-02	8.100000e-02	1.819476e-09	-1.457168e-14	2.000000e-02
1	99	NOE	2.200000e-01	2.200000e-01	2.056000e-09	-4.070818e-15	7.500000e-02
1	101	NOE	-2.180000e-01	-2.180000e-01	1.476141e-09	-2.806744e-15	8.900000e-02
1	103	NOE	3.600000e-02	3.600000e-02	1.756222e-09	-3.516974e-15	7.300000e-02
1	105	NOE	6.780000e-01	6.780000e-01	4.579810e-09	4.625929e-15	2.400000e-02
1	108	NOE	-2.900000e-01	-2.900000e-01	1.413645e-09	-3.053113e-14	2.000000e-02
1	109	NOE	-3.321000e+00	-3.321000e+00	2.869623e-10	5.350472e-15	8.300000e-02
1	110	NOE	-2.530000e+00	-2.530000e+00	5.086019e-10	-1.586033e-14	5.600000e-02
1	112	NOE	-2.306000e+00	-2.306000e+00	5.673772e-10	0.000000e+00	2.300000e-02


2	2	R1	2.596000e+00	2.596000e+00	1.341077e-09	-6.083414e-15	7.300000e-02
2	3	R1	2.528000e+00	2.528000e+00	1.272811e-09	0.000000e+00	8.000000e-02
2	4	R1	2.182000e+00	2.182000e+00	1.158714e-08	0.000000e+00	3.200000e-02
2	5	R1	2.205000e+00	2.205000e+00	9.651210e-10	0.000000e+00	2.300000e-02
2	6	R1	2.204000e+00	2.204000e+00	1.144225e-08	0.000000e+00	5.200000e-02
2	7	R1	1.990000e+00	1.990000e+00	7.711586e-10	1.480297e-14	1.500000e-02
2	8	R1	2.103000e+00	2.103000e+00	8.720224e-10	2.467162e-14	1.800000e-02
2	9	R1	2.377000e+00	2.377000e+00	1.126132e-09	7.049035e-15	6.300000e-02
2	10	R1	2.439000e+00	2.439000e+00	1.003021e-08	-6.001206e-15	7.400000e-02
2	11	R1	2.628000e+00	2.628000e+00	9.038936e-09	-5.318434e-15	1.670000e-01
2	12	R1	2.701000e+00	2.701000e+00	1.449992e-09	-1.227342e-07	1.660000e-01
2	13	R1	2.589000e+00	2.589000e+00	1.333975e-09	-1.705754e-07	1.150000e-01
2	14	R1	2.373000e+00	2.373000e+00	1.122322e-09	1.032766e-14	4.300000e-02
2	15	R1	2.029000e+00	2.029000e+00	1.266846e-08	-2.220446e-14	2.000000e-02
2	17	R1	2.201000e+00	2.201000e+00	1.146187e-08	0.000000e+00	2.300000e-02
2	18	R1	2.110000e+00	2.110000e+00	1.207916e-08	0.000000e+00	2.200000e-02
2	19	R1	2.208000e+00	2.208000e+00	1.141617e-08	0.000000e+00	2.400000e-02
2	20	R1	2.072000e+00	2.072000e+00	1.235063e-08	0.000000e+00	1.700000e-02
2	21	R1	2.264000e+00	2.264000e+00	1.105913e-08	-2.467162e-14	1.800000e-02
2	22	R1	2.278000e+00	2.278000e+00	1.097215e-08	1.202194e-06	2.200000e-02
2	23	R1	2.054000e+00	2.054000e+00	1.248226e-08	0.000000e+00	3.500000e-02
2	24	R1	2.084000e+00	2.084000e+00	1.226398e-08	-6.832142e-14	1.300000e-02
2	25	R1	2.225000e+00	2.225000e+00	1.130621e-08	2.337312e-14	1.900000e-02
2	26	R1	2.380000e+00	2.380000e+00	1.036363e-08	0.000000e+00	6.400000e-02
2	27	R1	2.135000e+00	2.135000e+00	1.190511e-08	0.000000e+00	6.100000e-02
2	28	R1	2.055000e+00	2.055000e+00	1.247490e-08	-2.337312e-14	1.900000e-02
2	30	R1	2.238000e+00	2.238000e+00	1.122305e-08	-2.775558e-14	1.600000e-02
2	31	R1	2.199000e+00	2.199000e+00	1.147497e-08	-4.037175e-15	1.100000e-01
2	32	R1	2.230000e+00	2.230000e+00	1.127413e-08	0.000000e+00	3.000000e-02
2	33	R1	2.295000e+00	2.295000e+00	1.086770e-08	1.268826e-14	3.500000e-02
2	34	R1	2.343000e+00	2.343000e+00	1.057944e-08	1.009294e-14	4.400000e-02
2	35	R1	2.177000e+00	2.177000e+00	1.162041e-08	0.000000e+00	1.900000e-02
2	36	R1	2.059000e+00	2.059000e+00	1.244550e-08	-1.930823e-14	2.300000e-02
2	37	R1	2.086000e+00	2.086000e+00	1.224962e-08	4.674623e-14	1.900000e-02
2	38	R1	2.082000e+00	2.082000e+00	1.227836e-08	0.000000e+00	1.400000e-02
2	39	R1	2.239000e+00	2.239000e+00	1.121669e-08	7.930164e-15	5.600000e-02
2	40	R1	2.263000e+00	2.263000e+00	1.106538e-08	0.000000e+00	4.900000e-02
2	41	R1	2.369000e+00	2.369000e+00	1.042723e-08	-1.432546e-14	3.100000e-02
2	43	R1	2.150000e+00	2.150000e+00	1.180234e-08	-1.268826e-14	3.500000e-02
2	44	R1	2.256000e+00	2.256000e+00	1.110924e-08	1.850372e-14	2.400000e-02
2	45	R1	2.067000e+00	2.067000e+00	1.238700e-08	-3.416071e-14	1.300000e-02
2	46	R1	1.363000e+00	1.363000e+00	1.986550e-08	4.934325e-14	9.000000e-03
2	48	R1	2.168000e+00	2.168000e+00	1.168063e-08	0.000000e+00	2.100000e-02
2	49	R1	2.282000e+00	2.282000e+00	1.094746e-08	0.000000e+00	2.600000e-02
2	50	R1	2.260000e+00	2.260000e+00	1.108415e-08	0.000000e+00	2.900000e-02
2	51	R1	2.296000e+00	2.296000e+00	1.086159e-08	-7.836868e-14	1.700000e-02
2	53	R1	2.166000e+00	2.166000e+00	1.169407e-08	4.037175e-14	1.100000e-02
2	54	R1	2.066000e+00	2.066000e+00	8.386986e-10	-6.728624e-15	6.600000e-02
2	55	R1	2.642000e+00	2.642000e+00	8.969563e-09	-3.249433e-14	4.100000e-02
2	56	R1	2.239000e+00	2.239000e+00	1.121669e-08	1.708035e-14	2.600000e-02
2	57	R1	2.072000e+00	2.072000e+00	1.235063e-08	-4.037175e-14	1.100000e-02
2	58	R1	2.278000e+00	2.278000e+00	1.097215e-08	-6.055762e-14	2.200000e-02
2	59	R1	2.112000e+00	2.112000e+00	1.206510e-08	0.000000e+00	2.100000e-02
2	60	R1	2.116000e+00	2.116000e+00	1.203706e-08	2.337312e-14	1.900000e-02
2	61	R1	2.320000e+00	2.320000e+00	1.071636e-08	0.000000e+00	3.000000e-02
2	62	R1	2.243000e+00	2.243000e+00	1.119129e-08	-6.344132e-14	1.400000e-02
2	63	R1	2.351000e+00	2.351000e+00	1.053232e-08	-1.306145e-14	3.400000e-02
2	65	R1	2.185000e+00	2.185000e+00	1.156724e-08	-1.776357e-14	2.500000e-02
2	66	R1	2.190000e+00	2.190000e+00	1.153417e-08	2.337312e-14	1.900000e-02
2	67	R1	2.036000e+00	2.036000e+00	1.261592e-08	4.037175e-14	1.100000e-02
2	68	R1	2.133000e+00	2.133000e+00	1.191890e-08	2.691450e-14	3.300000e-02
2	69	R1	2.166000e+00	2.166000e+00	1.169407e-08	2.114711e-14	2.100000e-02
2	70	R1	2.407000e+00	2.407000e+00	1.020947e-08	0.000000e+00	5.700000e-02
2	71	R1	2.075000e+00	2.075000e+00	1.232889e-08	0.000000e+00	2.400000e-02
2	73	R1	2.410000e+00	2.410000e+00	1.019250e-08	0.000000e+00	3.100000e-02
2	74	R1	2.468000e+00	2.468000e+00	9.870849e-09	0.000000e+00	3.600000e-02
2	75	R1	2.247000e+00	2.247000e+00	1.116596e-08	2.467162e-14	1.800000e-02
2	76	R1	2.282000e+00	2.282000e+00	1.094746e-08	0.000000e+00	2.600000e-02
2	77	R1	2.111000e+00	2.111000e+00	1.207213e-08	-3.172066e-14	2.800000e-02
2	78	R1	2.180000e+00	2.180000e+00	1.160043e-08	-9.654113e-15	4.600000e-02
2	79	R1	2.312000e+00	2.312000e+00	1.076450e-08	7.594954e-07	3.500000e-02
2	80	R1	2.464000e+00	2.464000e+00	9.892659e-09	2.018587e-14	2.200000e-02
2	81	R1	2.513000e+00	2.513000e+00	9.629092e-09	-2.220446e-14	2.000000e-02
2	82	R1	2.407000e+00	2.407000e+00	1.154814e-09	4.880101e-15	9.100000e-02
2	83	R1	2.307000e+00	2.307000e+00	1.079472e-08	2.220446e-14	2.000000e-02
2	84	R1	2.105000e+00	2.105000e+00	1.211439e-08	0.000000e+00	2.700000e-02
2	85	R1	2.020000e+00	2.020000e+00	1.273648e-08	1.850372e-14	2.400000e-02
2	86	R1	2.264000e+00	2.264000e+00	1.105913e-08	-2.775558e-14	1.600000e-02
2	87	R1	2.084000e+00	2.084000e+00	1.226398e-08	0.000000e+00	2.300000e-02
2	88	R1	2.142000e+00	2.142000e+00	1.185700e-08	5.551115e-14	8.000000e-03
2	89	R1	2.204000e+00	2.204000e+00	1.144225e-08	0.000000e+00	1.800000e-02
2	90	R1	2.179000e+00	2.179000e+00	1.160709e-08	2.220446e-14	2.000000e-02
2	91	R1	2.278000e+00	2.278000e+00	1.097215e-08	0.000000e+00	2.200000e-02
2	92	R1	2.282000e+00	2.282000e+00	1.094746e-08	0.000000e+00	2.400000e-02
2	93	R1	2.322000e+00	2.322000e+00	1.070437e-08	-2.467162e-14	1.800000e-02
2	94	R1	2.166000e+00	2.166000e+00	1.169407e-08	0.000000e+00	3.000000e-02
2	95	R1	2.137000e+00	2.137000e+00	1.189133e-08	-8.074349e-14	1.100000e-02
2	96	R1	2.241000e+00	2.241000e+00	1.120398e-08	0.000000e+00	1.800000e-02
2	97	R1	1.936000e+00	1.936000e+00	1.339816e-08	2.220446e-14	1.000000e-02
2	99	R1	2.286000e+00	2.286000e+00	1.040276e-09	0.000000e+00	3.700000e-02
2	101	R1	2.306000e+00	2.306000e+00	1.080078e-08	0.000000e+00	5.100000e-02
2	103	R1	1.977000e+00	1.977000e+00	1.306897e-08	-3.330669e-14	2.000000e-02
2	105	R1	2.502000e+00	2.502000e+00	1.247110e-09	0.000000e+00	1.680000e-01
2	108	R1	2.092000e+00	2.092000e+00	8.620885e-10	0.000000e+00	6.000000e-02
2	109	R1	2.221000e+00	2.221000e+00	9.798795e-10	0.000000e+00	1.130000e-01
2	110	R1	1.944000e+00	1.944000e+00	7.310206e-10	3.965082e-15	5.600000e-02
2	112	R1	1.038000e+00	1.038000e+00	2.241293e-10	-5.675692e-06	2.000000e-03


