2	5.602000e+00	5.400000e-02	-9.210000e-01	7.000000e-02	2.596000e+00	7.300000e-02	5.055148e-01	
3	4.864000e+00	8.900000e-02	-1.805000e+00	5.100000e-02	2.528000e+00	8.000000e-02	7.188061e-01	
4	5.928000e+00	8.000000e-02	-4.650000e-01	2.800000e-02	2.182000e+00	3.200000e-02	3.240367e-01	
5	4.697000e+00	3.400000e-02	-3.740000e-01	3.890000e-01	2.205000e+00	2.300000e-02	3.071123e-01	
6	7.311000e+00	2.070000e-01	2.310000e-01	6.800000e-02	2.204000e+00	5.200000e-02	1.718066e-01	
7	4.627000e+00	3.100000e-02	8.100000e-02	1.610000e-01	1.990000e+00	1.500000e-02	1.853832e-01	
8	3.805000e+00	7.700000e-02	-1.505000e+00	5.700000e-02	2.103000e+00	1.800000e-02	5.340093e-01	
9	4.121000e+00	5.700000e-02	-1.568000e+00	9.600000e-02	2.377000e+00	6.300000e-02	6.187654e-01	
10	6.380000e+00	6.100000e-02	-5.570000e-01	2.900000e-02	2.439000e+00	7.400000e-02	3.849482e-01	
11	5.836000e+00	7.300000e-02	-6.560000e-01	1.200000e-01	2.628000e+00	1.670000e-01	4.411513e-01	
12	6.315000e+00	1.990000e-01	-7.000000e-01	7.800000e-02	2.701000e+00	1.660000e-01	4.654525e-01	
13	4.692000e+00	2.000000e-01	-4.540000e-01	7.700000e-02	2.589000e+00	1.150000e-01	3.815912e-01	
14	5.227000e+00	2.700000e-02	-3.150000e-01	3.700000e-02	2.373000e+00	4.300000e-02	3.163190e-01	
15	2.050400e+01	1.663000e+00	1.460000e-01	3.000000e-02	2.029000e+00	2.000000e-02	1.756474e-01	
17	9.640000e+00	1.280000e-01	4.770000e-01	3.900000e-02	2.201000e+00	2.300000e-02	1.166873e-01	
18	1.082900e+01	7.400000e-02	5.650000e-01	3.800000e-02	2.110000e+00	2.200000e-02	9.304082e-02	
19	1.079800e+01	6.700000e-02	6.660000e-01	3.300000e-02	2.208000e+00	2.400000e-02	7.475623e-02	
20	1.076000e+01	5.300000e-02	6.910000e-01	2.900000e-02	2.072000e+00	1.700000e-02	6.490080e-02	
21	9.630000e+00	6.900000e-02	5.460000e-01	2.700000e-02	2.264000e+00	1.800000e-02	1.041919e-01	
22	1.235900e+01	2.660000e-01	6.640000e-01	4.200000e-02	2.278000e+00	2.200000e-02	7.758805e-02	
23	1.261000e+01	7.600000e-02	6.750000e-01	2.500000e-02	2.054000e+00	3.500000e-02	6.766836e-02	
24	1.234200e+01	1.040000e-01	6.880000e-01	2.700000e-02	2.084000e+00	1.300000e-02	6.591043e-02	
25	1.158100e+01	1.000000e-01	7.300000e-01	3.000000e-02	2.225000e+00	1.900000e-02	6.089696e-02	
26	7.098000e+00	1.070000e-01	-2.590000e-01	2.400000e-02	2.380000e+00	6.400000e-02	3.037418e-01	
27	8.858000e+00	1.230000e-01	2.830000e-01	3.500000e-02	2.135000e+00	6.100000e-02	1.551740e-01	
28	9.863000e+00	7.400000e-02	7.260000e-01	2.000000e-02	2.055000e+00	1.900000e-02	5.707741e-02	
30	1.179500e+01	1.220000e-01	7.130000e-01	2.500000e-02	2.238000e+00	1.600000e-02	6.510942e-02	
31	1.228800e+01	3.730000e-01	4.120000e-01	2.600000e-02	2.199000e+00	1.100000e-01	1.310703e-01	
32	1.112600e+01	8.000000e-02	7.420000e-01	3.400000e-02	2.230000e+00	3.000000e-02	5.832119e-02	
33	1.211400e+01	8.800000e-02	7.620000e-01	3.100000e-02	2.295000e+00	3.500000e-02	5.536834e-02	
34	1.057100e+01	1.510000e-01	7.080000e-01	3.300000e-02	2.343000e+00	4.400000e-02	6.935168e-02	
35	1.077500e+01	1.610000e-01	5.060000e-01	2.300000e-02	2.177000e+00	1.900000e-02	1.090152e-01	
36	1.233100e+01	4.900000e-02	3.280000e-01	3.000000e-02	2.059000e+00	2.300000e-02	1.402579e-01	
37	2.039800e+01	2.530000e-01	5.590000e-01	4.900000e-02	2.086000e+00	1.900000e-02	9.325127e-02	
38	1.158000e+01	1.580000e-01	5.290000e-01	3.200000e-02	2.082000e+00	1.400000e-02	9.940391e-02	
39	1.133200e+01	9.000000e-02	5.190000e-01	2.200000e-02	2.239000e+00	5.600000e-02	1.091694e-01	
40	1.311800e+01	1.390000e-01	6.190000e-01	5.800000e-02	2.263000e+00	4.900000e-02	8.739999e-02	
41	1.297000e+01	8.500000e-02	6.740000e-01	2.600000e-02	2.369000e+00	3.100000e-02	7.828607e-02	
43	1.227900e+01	1.930000e-01	6.970000e-01	3.100000e-02	2.150000e+00	3.500000e-02	6.603633e-02	
44	1.097600e+01	8.600000e-02	7.050000e-01	2.300000e-02	2.256000e+00	2.400000e-02	6.746258e-02	
45	1.294800e+01	4.200000e-02	6.680000e-01	3.500000e-02	2.067000e+00	1.300000e-02	6.956334e-02	
46	7.839000e+00	3.440000e-01	-2.262000e+00	2.700000e-02	1.363000e+00	9.000000e-03	4.506939e-01	
48	1.097400e+01	1.360000e-01	7.070000e-01	3.300000e-02	2.168000e+00	2.100000e-02	6.439153e-02	
49	1.043500e+01	2.400000e-01	6.950000e-01	2.600000e-02	2.282000e+00	2.600000e-02	7.055330e-02	
50	1.124200e+01	7.400000e-02	6.290000e-01	3.300000e-02	2.260000e+00	2.900000e-02	8.499320e-02	
51	1.011100e+01	8.100000e-02	7.170000e-01	2.300000e-02	2.296000e+00	1.700000e-02	6.586583e-02	
53	1.172300e+01	4.000000e-02	6.740000e-01	2.400000e-02	2.166000e+00	1.100000e-02	7.157773e-02	
54	3.701000e+00	6.700000e-02	-1.020000e+00	1.440000e-01	2.066000e+00	6.600000e-02	4.230420e-01	
55	1.110400e+01	1.530000e-01	7.590000e-01	3.500000e-02	2.642000e+00	4.100000e-02	6.454338e-02	
56	1.041600e+01	1.920000e-01	6.820000e-01	3.100000e-02	2.239000e+00	2.600000e-02	7.217438e-02	
57	1.147200e+01	4.500000e-02	6.910000e-01	2.100000e-02	2.072000e+00	1.100000e-02	6.490080e-02	
58	1.078600e+01	1.420000e-01	6.350000e-01	1.900000e-02	2.278000e+00	2.200000e-02	8.428464e-02	
59	1.134600e+01	7.000000e-02	7.220000e-01	2.300000e-02	2.112000e+00	2.100000e-02	5.951693e-02	
60	1.165600e+01	1.220000e-01	6.900000e-01	2.100000e-02	2.116000e+00	1.900000e-02	6.649350e-02	
61	1.059800e+01	1.890000e-01	6.660000e-01	3.200000e-02	2.320000e+00	3.000000e-02	7.854821e-02	
62	1.074000e+01	1.050000e-01	6.710000e-01	1.700000e-02	2.243000e+00	1.400000e-02	7.480438e-02	
63	1.107100e+01	1.040000e-01	6.610000e-01	2.100000e-02	2.351000e+00	3.400000e-02	8.078936e-02	
65	1.126900e+01	1.350000e-01	6.940000e-01	3.700000e-02	2.185000e+00	2.500000e-02	6.777581e-02	
66	1.001000e+01	1.790000e-01	6.410000e-01	1.900000e-02	2.190000e+00	1.900000e-02	7.969671e-02	
67	1.176600e+01	1.170000e-01	3.790000e-01	2.400000e-02	2.036000e+00	1.100000e-02	1.281655e-01	
68	1.255900e+01	1.450000e-01	5.960000e-01	2.800000e-02	2.133000e+00	3.300000e-02	8.735224e-02	
69	1.152200e+01	6.900000e-02	7.360000e-01	3.200000e-02	2.166000e+00	2.100000e-02	5.796478e-02	
70	1.083400e+01	3.730000e-01	7.390000e-01	5.800000e-02	2.407000e+00	5.700000e-02	6.368226e-02	
71	9.153000e+00	3.370000e-01	7.050000e-01	2.000000e-02	2.075000e+00	2.400000e-02	6.205002e-02	
73	1.353400e+01	1.078000e+00	8.010000e-01	7.900000e-02	2.410000e+00	3.100000e-02	4.861519e-02	
74	1.209600e+01	4.700000e-01	6.620000e-01	3.400000e-02	2.468000e+00	3.600000e-02	8.455975e-02	
75	1.607800e+01	1.440000e-01	6.690000e-01	3.500000e-02	2.247000e+00	1.800000e-02	7.539333e-02	
76	1.199400e+01	1.650000e-01	7.240000e-01	3.700000e-02	2.282000e+00	2.600000e-02	6.384495e-02	
77	1.157900e+01	1.390000e-01	7.100000e-01	3.300000e-02	2.111000e+00	2.800000e-02	6.205661e-02	
78	1.152100e+01	3.270000e-01	6.670000e-01	3.600000e-02	2.180000e+00	4.600000e-02	7.358725e-02	
79	1.193100e+01	1.010000e-01	7.230000e-01	2.400000e-02	2.312000e+00	3.500000e-02	6.491864e-02	
80	1.126900e+01	1.310000e-01	7.440000e-01	3.700000e-02	2.464000e+00	2.200000e-02	6.394145e-02	
81	1.182500e+01	8.800000e-02	6.630000e-01	2.300000e-02	2.513000e+00	2.000000e-02	8.584682e-02	
82	4.870000e+00	4.500000e-02	-8.890000e-01	5.300000e-02	2.407000e+00	9.100000e-02	4.609034e-01	
83	1.127700e+01	5.400000e-02	6.400000e-01	2.100000e-02	2.307000e+00	2.000000e-02	8.418834e-02	
84	1.155100e+01	1.190000e-01	6.470000e-01	2.800000e-02	2.105000e+00	2.700000e-02	7.532318e-02	
85	1.110900e+01	1.020000e-01	6.690000e-01	1.300000e-02	2.020000e+00	2.400000e-02	6.777682e-02	
86	1.105300e+01	8.600000e-02	7.180000e-01	3.100000e-02	2.264000e+00	1.600000e-02	6.471834e-02	
87	1.108000e+01	1.100000e-01	7.170000e-01	3.300000e-02	2.084000e+00	2.300000e-02	5.978414e-02	
88	1.030100e+01	5.400000e-02	7.110000e-01	1.900000e-02	2.142000e+00	8.000000e-03	6.275078e-02	
89	1.099300e+01	5.700000e-02	6.760000e-01	2.300000e-02	2.204000e+00	1.800000e-02	7.238664e-02	
90	1.082100e+01	1.000000e-01	6.650000e-01	2.400000e-02	2.179000e+00	2.000000e-02	7.399526e-02	
91	1.023900e+01	4.900000e-02	6.770000e-01	3.200000e-02	2.278000e+00	2.200000e-02	7.458613e-02	
92	1.063000e+01	1.440000e-01	6.550000e-01	3.100000e-02	2.282000e+00	2.400000e-02	7.980619e-02	
93	1.163600e+01	1.290000e-01	7.180000e-01	3.000000e-02	2.322000e+00	1.800000e-02	6.637632e-02	
94	8.245000e+00	1.080000e-01	-3.800000e-02	2.600000e-02	2.166000e+00	3.000000e-02	2.279070e-01	
95	9.033000e+00	9.500000e-02	4.670000e-01	1.800000e-02	2.137000e+00	1.100000e-02	1.154605e-01	
96	9.342000e+00	1.790000e-01	4.890000e-01	2.700000e-02	2.241000e+00	1.800000e-02	1.160819e-01	
97	6.788000e+00	4.600000e-02	8.100000e-02	2.000000e-02	1.936000e+00	1.000000e-02	1.803527e-01	
99	5.408000e+00	3.800000e-02	2.200000e-01	7.500000e-02	2.286000e+00	3.700000e-02	1.807477e-01	
101	6.229000e+00	8.900000e-02	-2.180000e-01	8.900000e-02	2.306000e+00	5.100000e-02	2.847137e-01	
103	5.510000e+00	2.380000e-01	3.600000e-02	7.300000e-02	1.977000e+00	2.000000e-02	1.931904e-01	
105	5.696000e+00	1.270000e-01	6.780000e-01	2.400000e-02	2.502000e+00	1.680000e-01	8.166670e-02	
108	3.857000e+00	5.000000e-02	-2.900000e-01	2.000000e-02	2.092000e+00	6.000000e-02	2.735604e-01	
109	2.953000e+00	2.700000e-02	-3.321000e+00	8.300000e-02	2.221000e+00	1.130000e-01	9.728249e-01	
110	3.061000e+00	6.100000e-02	-2.530000e+00	5.600000e-02	1.944000e+00	5.600000e-02	6.956212e-01	
112	1.217000e+00	2.430000e-01	-2.306000e+00	2.300000e-02	1.038000e+00	2.000000e-03	3.478580e-01	
