1.279242e+00	1.000000e+00	8.206126e-25
1.410092e+00	0.000000e+00	3.749150e-24
1.554326e+00	0.000000e+00	1.955347e-23
1.713314e+00	0.000000e+00	1.174204e-22
1.888564e+00	0.000000e+00	8.187372e-22
2.081740e+00	0.000000e+00	6.681758e-21
2.294675e+00	0.000000e+00	6.428637e-20
2.529391e+00	0.000000e+00	7.335971e-19
2.788115e+00	0.000000e+00	9.972346e-18
3.073304e+00	2.000000e+00	1.618074e-16
3.387663e+00	0.000000e+00	3.129839e-15
3.734178e+00	3.000000e+00	7.177423e-14
4.116136e+00	1.000000e+00	1.929735e-12
4.537164e+00	3.000000e+00	5.971824e-11
5.001258e+00	3.000000e+00	2.068882e-09
5.512823e+00	4.000000e+00	7.711735e-08
6.076714e+00	4.000000e+00	2.928048e-06
6.698284e+00	2.000000e+00	1.051941e-04
7.383432e+00	2.000000e+00	3.243632e-03
8.138663e+00	2.000000e+00	7.558313e-02
8.971144e+00	4.000000e+00	1.129321e+00
9.888777e+00	7.000000e+00	8.767771e+00
1.090027e+01	2.800000e+01	2.707613e+01
1.201523e+01	2.300000e+01	2.372923e+01
1.324423e+01	5.000000e+00	3.860404e+00
1.459895e+01	0.000000e+00	6.852038e-02
1.609223e+01	1.000000e+00	6.837137e-05
1.773826e+01	0.000000e+00	1.681160e-09
1.955266e+01	1.000000e+00	3.661613e-16


1.081584e-02	0.000000e+00	5.180933e-17
1.258064e-02	0.000000e+00	6.402694e-17
1.463340e-02	0.000000e+00	8.185078e-17
1.702111e-02	0.000000e+00	1.088133e-16
1.979841e-02	0.000000e+00	1.513462e-16
2.302888e-02	0.000000e+00	2.217692e-16
2.678646e-02	0.000000e+00	3.450673e-16
3.115715e-02	0.000000e+00	5.752814e-16
3.624101e-02	1.000000e+00	1.038110e-15
4.215439e-02	0.000000e+00	2.050958e-15
4.903264e-02	0.000000e+00	4.493303e-15
5.703321e-02	0.000000e+00	1.107163e-14
6.633921e-02	0.000000e+00	3.116159e-14
7.716366e-02	2.000000e+00	1.018702e-13
8.975431e-02	0.000000e+00	3.937040e-13
1.043993e-01	0.000000e+00	1.831813e-12
1.214340e-01	0.000000e+00	1.044628e-11
1.412482e-01	1.000000e+00	7.422781e-11
1.642954e-01	0.000000e+00	6.659700e-10
1.911031e-01	0.000000e+00	7.600730e-09
2.222851e-01	2.000000e+00	1.101113e-07
2.585549e-01	0.000000e+00	1.990423e-06
3.007428e-01	1.000000e+00	4.314712e-05
3.498145e-01	1.000000e+00	1.042727e-03
4.068931e-01	2.000000e+00	2.489007e-02
4.732851e-01	4.000000e+00	4.853874e-01
5.505101e-01	5.000000e+00	5.803523e+00
6.403358e-01	2.800000e+01	2.785368e+01
7.448182e-01	2.900000e+01	2.904024e+01


1.055400e+00	1.000000e+00	2.546014e-14
1.090784e+00	0.000000e+00	2.016501e-13
1.127354e+00	0.000000e+00	1.599692e-12
1.165151e+00	0.000000e+00	1.265294e-11
1.204214e+00	0.000000e+00	9.928365e-11
1.244587e+00	0.000000e+00	7.685802e-10
1.286314e+00	0.000000e+00	5.834228e-09
1.329440e+00	0.000000e+00	4.313825e-08
1.374011e+00	1.000000e+00	3.084277e-07
1.420077e+00	0.000000e+00	2.115370e-06
1.467687e+00	0.000000e+00	1.379661e-05
1.516894e+00	0.000000e+00	8.475742e-05
1.567750e+00	0.000000e+00	4.853990e-04
1.620311e+00	0.000000e+00	2.562320e-03
1.674634e+00	0.000000e+00	1.231543e-02
1.730779e+00	0.000000e+00	5.318086e-02
1.788806e+00	0.000000e+00	2.033581e-01
1.848779e+00	0.000000e+00	6.778692e-01
1.910762e+00	1.000000e+00	1.936482e+00
1.974823e+00	3.000000e+00	4.654290e+00
2.041032e+00	1.000000e+01	9.225564e+00
2.109461e+00	1.600000e+01	1.475873e+01
2.180183e+00	1.700000e+01	1.861552e+01
2.253277e+00	2.100000e+01	1.805122e+01
2.328822e+00	9.000000e+00	1.309479e+01
2.406899e+00	8.000000e+00	6.900221e+00
2.487594e+00	5.000000e+00	2.558582e+00
2.570995e+00	2.000000e+00	6.450907e-01
2.657191e+00	3.000000e+00	1.065799e-01


5.126096e-02	1.000000e+00	3.722676e+00
5.684050e-02	5.000000e+00	7.271055e+00
6.302735e-02	1.800000e+01	1.189318e+01
6.988760e-02	1.200000e+01	1.508771e+01
7.749457e-02	1.300000e+01	1.345503e+01
8.592953e-02	8.000000e+00	7.442285e+00
9.528259e-02	3.000000e+00	2.178394e+00
1.056537e-01	3.000000e+00	2.761047e-01
1.171536e-01	3.000000e+00	1.177196e-02
1.299053e-01	2.000000e+00	1.229599e-04
1.440450e-01	1.000000e+00	2.115175e-07
1.597236e-01	1.000000e+00	3.647754e-11
1.771089e-01	5.000000e+00	3.395117e-16
1.963864e-01	1.000000e+00	7.885645e-23
2.177622e-01	1.000000e+00	1.751034e-31
2.414647e-01	0.000000e+00	1.128749e-42
2.677471e-01	1.000000e+00	4.812985e-57
2.968903e-01	3.000000e+00	2.169945e-75
3.292055e-01	2.000000e+00	1.067545e-98
3.650381e-01	2.000000e+00	3.447393e-128
4.047709e-01	2.000000e+00	2.259040e-165
4.488285e-01	4.000000e+00	4.087089e-212
4.976816e-01	1.000000e+00	1.010110e-270
5.518521e-01	1.000000e+00	0.000000e+00
6.119189e-01	1.000000e+00	0.000000e+00
6.785236e-01	1.000000e+00	0.000000e+00
7.523780e-01	1.000000e+00	0.000000e+00
8.342711e-01	0.000000e+00	0.000000e+00
9.250780e-01	1.000000e+00	0.000000e+00


1.027712e-01	1.000000e+00	3.511956e+00
1.106952e-01	5.000000e+00	7.285312e+00
1.192302e-01	1.800000e+01	1.211101e+01
1.284232e-01	1.200000e+01	1.517109e+01
1.383251e-01	1.300000e+01	1.330681e+01
1.489904e-01	8.000000e+00	7.488962e+00
1.604781e-01	3.000000e+00	2.438045e+00
1.728515e-01	3.000000e+00	4.060831e-01
1.861789e-01	3.000000e+00	2.993004e-02
2.005339e-01	2.000000e+00	8.224768e-04
2.159957e-01	1.000000e+00	6.886371e-06
2.326497e-01	1.000000e+00	1.385237e-08
2.505877e-01	5.000000e+00	5.063297e-12
2.699089e-01	1.000000e+00	2.422694e-16
2.907197e-01	1.000000e+00	1.032892e-21
3.131352e-01	0.000000e+00	2.499799e-28
3.372790e-01	1.000000e+00	2.025651e-36
3.632843e-01	3.000000e+00	2.963023e-46
3.912947e-01	2.000000e+00	3.799083e-58
4.214648e-01	2.000000e+00	1.835487e-72
4.539611e-01	2.000000e+00	1.246590e-89
4.889630e-01	4.000000e+00	3.764407e-110
5.266637e-01	1.000000e+00	1.319432e-134
5.672712e-01	1.000000e+00	1.120769e-163
6.110097e-01	1.000000e+00	3.715337e-198
6.581205e-01	1.000000e+00	5.722419e-239
7.088638e-01	1.000000e+00	3.431700e-287
7.635196e-01	0.000000e+00	0.000000e+00
8.223894e-01	1.000000e+00	0.000000e+00


