0	3	R2	3.960000e+01	3.960000e+01	2.868994e-08	0.000000e+00	1.200000e+00
0	4	R2	3.330000e+01	3.330000e+01	2.406165e-08	0.000000e+00	1.000000e+00
0	5	R2	4.000000e+01	4.000000e+01	2.898343e-08	4.736952e-15	1.500000e+00
0	6	R2	3.540000e+01	3.540000e+01	2.560577e-08	6.459479e-15	1.100000e+00
0	7	R2	4.030000e+01	4.030000e+01	2.920353e-08	1.184238e-14	1.200000e+00
0	8	R2	3.910000e+01	3.910000e+01	2.832302e-08	0.000000e+00	1.200000e+00
0	9	R2	3.920000e+01	3.920000e+01	2.839641e-08	5.075305e-15	1.400000e+00
0	10	R2	3.860000e+01	3.860000e+01	2.795604e-08	-5.921189e-15	1.200000e+00
0	11	R2	3.420000e+01	3.420000e+01	2.472361e-08	0.000000e+00	1.000000e+00
0	12	R2	3.720000e+01	3.720000e+01	2.692816e-08	1.291896e-14	1.100000e+00
0	13	R2	4.800000e+01	4.800000e+01	3.484689e-08	-3.947460e-15	1.800000e+00
0	14	R2	3.930000e+01	3.930000e+01	2.846979e-08	5.921189e-15	1.200000e+00
0	15	R2	3.640000e+01	3.640000e+01	2.634055e-08	6.459479e-15	1.100000e+00
0	16	R2	4.000000e+01	4.000000e+01	2.898343e-08	5.921189e-15	1.200000e+00
0	17	R2	4.040000e+01	4.040000e+01	2.927689e-08	5.921189e-15	1.200000e+00
0	18	R2	3.930000e+01	3.930000e+01	2.846979e-08	5.921189e-15	1.200000e+00
0	19	R2	3.780000e+01	3.780000e+01	2.736874e-08	-6.459479e-15	1.100000e+00
0	20	R2	3.860000e+01	3.860000e+01	2.795604e-08	-5.921189e-15	1.200000e+00
0	21	R2	4.100000e+01	4.100000e+01	2.971701e-08	0.000000e+00	1.200000e+00
0	22	R2	3.690000e+01	3.690000e+01	2.670783e-08	6.459479e-15	1.100000e+00
0	23	R2	3.280000e+01	3.280000e+01	2.369375e-08	7.105427e-15	1.000000e+00


1	3	NOE	8.000000e-01	8.000000e-01	5.619330e-09	0.000000e+00	5.000000e-02
1	4	NOE	7.700000e-01	7.700000e-01	4.094597e-09	2.220446e-15	5.000000e-02
1	5	NOE	8.300000e-01	8.300000e-01	1.571497e-08	0.000000e+00	4.000000e-02
1	6	NOE	7.900000e-01	7.900000e-01	4.941403e-09	-7.401487e-15	3.000000e-02
1	7	NOE	7.700000e-01	7.700000e-01	4.094597e-09	2.775558e-15	4.000000e-02
1	8	NOE	7.600000e-01	7.600000e-01	3.805509e-09	0.000000e+00	3.000000e-02
1	9	NOE	8.100000e-01	8.100000e-01	6.678119e-09	0.000000e+00	3.000000e-02
1	10	NOE	7.400000e-01	7.400000e-01	3.371255e-09	0.000000e+00	3.000000e-02
1	11	NOE	8.300000e-01	8.300000e-01	1.571497e-08	0.000000e+00	8.000000e-02
1	12	NOE	7.600000e-01	7.600000e-01	3.805509e-09	0.000000e+00	5.000000e-02
1	13	NOE	7.900000e-01	7.900000e-01	4.941403e-09	-4.440892e-15	5.000000e-02
1	14	NOE	7.600000e-01	7.600000e-01	3.805509e-09	0.000000e+00	3.000000e-02
1	15	NOE	8.300000e-01	8.300000e-01	1.571497e-08	0.000000e+00	3.000000e-02
1	16	NOE	8.300000e-01	8.300000e-01	1.571497e-08	0.000000e+00	3.000000e-02
1	17	NOE	8.100000e-01	8.100000e-01	6.678119e-09	0.000000e+00	3.000000e-02
1	18	NOE	8.300000e-01	8.300000e-01	1.571497e-08	0.000000e+00	3.000000e-02
1	19	NOE	8.000000e-01	8.000000e-01	5.619330e-09	0.000000e+00	3.000000e-02
1	20	NOE	8.500000e-01	8.344307e-01	3.133534e-05	3.892335e-01	4.000000e-02
1	21	NOE	7.900000e-01	7.900000e-01	4.941403e-09	-7.401487e-15	3.000000e-02
1	22	NOE	8.000000e-01	8.000000e-01	5.619330e-09	0.000000e+00	3.000000e-02
1	23	NOE	6.600000e-01	6.600000e-01	2.458847e-09	3.700743e-15	3.000000e-02


2	3	R1	7.700000e-01	7.700000e-01	1.832058e-08	0.000000e+00	2.000000e-02
2	4	R1	8.200000e-01	8.200000e-01	1.715636e-08	5.551115e-15	2.000000e-02
2	5	R1	8.400000e-01	8.400000e-01	1.672859e-08	-7.401487e-15	3.000000e-02
2	6	R1	7.500000e-01	7.500000e-01	1.882875e-08	1.110223e-14	2.000000e-02
2	7	R1	8.100000e-01	8.100000e-01	1.737797e-08	0.000000e+00	2.000000e-02
2	8	R1	7.900000e-01	7.900000e-01	1.783761e-08	-5.551115e-15	2.000000e-02
2	9	R1	7.600000e-01	7.600000e-01	1.857139e-08	-5.551115e-15	2.000000e-02
2	10	R1	7.900000e-01	7.900000e-01	1.783761e-08	-5.551115e-15	2.000000e-02
2	11	R1	8.600000e-01	8.600000e-01	1.632022e-08	-7.401487e-15	3.000000e-02
2	12	R1	7.500000e-01	7.500000e-01	1.882875e-08	0.000000e+00	3.000000e-02
2	13	R1	7.400000e-01	7.400000e-01	1.909293e-08	0.000000e+00	2.000000e-02
2	14	R1	7.700000e-01	7.700000e-01	1.832058e-08	0.000000e+00	2.000000e-02
2	15	R1	7.500000e-01	7.500000e-01	1.882875e-08	0.000000e+00	2.000000e-02
2	16	R1	8.100000e-01	8.100000e-01	1.737797e-08	0.000000e+00	2.000000e-02
2	17	R1	7.900000e-01	7.900000e-01	1.783761e-08	5.643196e-07	2.000000e-02
2	18	R1	7.800000e-01	7.800000e-01	1.807607e-08	-1.110223e-14	2.000000e-02
2	19	R1	7.800000e-01	7.800000e-01	1.807607e-08	-1.110223e-14	2.000000e-02
2	20	R1	8.000000e-01	8.000000e-01	1.760498e-08	0.000000e+00	2.000000e-02
2	21	R1	7.800000e-01	7.800000e-01	1.807607e-08	0.000000e+00	2.000000e-02
2	22	R1	7.900000e-01	7.900000e-01	1.783761e-08	-5.551115e-15	2.000000e-02
2	23	R1	9.000000e-01	9.000000e-01	1.555649e-08	-7.401487e-15	3.000000e-02


