3	1.861836e+01	1.407768e+00	7.072726e-01	1.810214e-02	8.309301e-01	3.430321e-02	2.465641e-02	
4	2.332619e+01	9.267912e-01	7.713259e-01	1.052935e-02	5.979746e-01	1.836013e-02	1.386122e-02	
5	2.729482e+01	2.266443e+00	7.842491e-01	1.799525e-02	5.500570e-01	2.696739e-02	1.202991e-02	
6	2.305800e+01	2.265550e+00	8.432304e-01	2.117046e-02	5.974845e-01	4.093651e-02	9.494899e-03	
7	1.987338e+01	1.461777e+00	7.614544e-01	1.922186e-02	5.678707e-01	3.717963e-02	1.373165e-02	
8	2.076421e+01	1.946748e+00	9.148643e-01	2.701520e-02	5.702146e-01	3.804290e-02	4.920982e-03	
9	2.442936e+01	1.463116e+00	7.748392e-01	1.641886e-02	5.983823e-01	3.640680e-02	1.365757e-02	
10	2.782056e+01	2.386561e+00	7.931794e-01	2.841438e-02	6.184804e-01	5.769847e-02	1.296646e-02	
11	2.621775e+01	2.730641e+00	8.982052e-01	2.343662e-02	5.179488e-01	3.865422e-02	5.344586e-03	
12	2.871548e+01	1.584956e+00	8.782537e-01	1.928432e-02	5.397453e-01	3.303401e-02	6.661108e-03	
13	2.749405e+01	2.146822e+00	8.589271e-01	2.147129e-02	5.963328e-01	3.869288e-02	8.527743e-03	
14	2.616791e+01	1.984847e+00	9.415023e-01	2.230765e-02	5.231273e-01	3.758240e-02	3.102046e-03	
15	2.728053e+01	1.550775e+00	8.908508e-01	1.979942e-02	4.977869e-01	3.203757e-02	5.507644e-03	
16	2.408137e+01	9.805636e-01	8.734048e-01	1.417246e-02	5.281253e-01	2.578365e-02	6.777288e-03	
17	2.704756e+01	1.853396e+00	9.110436e-01	3.162730e-02	5.062476e-01	4.265863e-02	4.565015e-03	
18	2.731504e+01	5.311617e+00	8.322167e-01	4.126141e-02	5.070015e-01	1.135888e-01	8.623026e-03	
19	2.440506e+01	1.700535e+00	9.052315e-01	2.519229e-02	5.110225e-01	5.234260e-02	4.909147e-03	
20	2.571711e+01	1.973060e+00	9.067593e-01	2.651548e-02	5.443527e-01	5.262739e-02	5.145027e-03	
21	2.915942e+01	2.230430e+00	8.840452e-01	2.078572e-02	5.234531e-01	3.846197e-02	6.152738e-03	
22	3.258521e+01	2.997993e+00	8.375722e-01	2.972594e-02	5.215993e-01	5.264449e-02	8.588142e-03	
24	2.541462e+01	8.718971e-01	8.064319e-01	1.508286e-02	5.324175e-01	2.840634e-02	1.044691e-02	
25	2.554637e+01	1.057489e+00	8.285950e-01	1.682600e-02	5.199489e-01	2.729582e-02	9.034124e-03	
26	2.472586e+01	2.471532e+00	6.478035e-01	2.301002e-02	6.007633e-01	6.459197e-02	2.144817e-02	
27	2.470924e+01	1.179358e+00	7.269599e-01	1.779846e-02	5.924021e-01	3.576989e-02	1.639626e-02	
28	2.393872e+01	1.062747e+00	7.003767e-01	1.484147e-02	5.358579e-01	2.956860e-02	1.627523e-02	
29	2.366377e+01	8.049176e-01	7.165934e-01	1.315580e-02	5.438301e-01	2.513794e-02	1.562338e-02	
30	2.361933e+01	7.889852e-01	8.470232e-01	1.492242e-02	5.942172e-01	2.060046e-02	9.214516e-03	
31	2.798066e+01	2.512509e+00	8.267017e-01	3.166037e-02	4.930045e-01	5.840126e-02	8.660583e-03	
32	2.337083e+01	1.210933e+00	8.719831e-01	1.879971e-02	4.905735e-01	3.237315e-02	6.366095e-03	
33	2.880329e+01	1.823687e+00	7.914533e-01	2.050340e-02	4.420529e-01	3.779987e-02	9.345000e-03	
34	3.307960e+01	2.480322e+00	8.651308e-01	2.263058e-02	5.177327e-01	4.366051e-02	7.078158e-03	
35	2.907055e+01	1.234819e+00	9.760483e-01	1.692518e-02	5.022702e-01	2.399973e-02	1.219484e-03	
36	2.461498e+01	1.149828e+00	9.521384e-01	1.844937e-02	4.536584e-01	2.708660e-02	2.200990e-03	
37	2.523902e+01	8.583159e-01	1.007348e+00	1.576241e-02	5.773500e-01	2.848809e-02	-4.300667e-04	
38	2.351361e+01	1.135421e+00	9.043605e-01	1.886055e-02	4.828503e-01	3.334481e-02	4.681142e-03	
39	2.449999e+01	2.138713e+00	9.234327e-01	2.669759e-02	5.058286e-01	6.115587e-02	3.925986e-03	
40	2.734439e+01	7.115504e+00	7.687032e-01	5.231866e-02	5.277098e-01	7.415808e-02	1.237276e-02	
42	2.676194e+01	1.306448e+01	1.616901e+00	1.579179e+00	7.577681e-01	5.244965e-01	-4.738635e-02	
45	4.726749e+01	1.538638e+01	7.869576e-01	5.496074e-02	7.509643e-01	1.960323e-01	1.621762e-02	
46	1.480435e+01	1.703452e+00	5.670904e-01	2.853159e-02	6.180713e-01	1.074917e-01	2.712300e-02	
47	2.951905e+01	2.711751e+00	9.286431e-01	2.677609e-02	5.192785e-01	5.043938e-02	3.756107e-03	
49	2.249728e+01	1.140265e+00	8.832174e-01	1.597449e-02	5.763219e-01	3.986089e-02	6.822525e-03	
50	3.617850e+01	6.192336e+00	1.947589e+00	3.493354e-01	5.243430e-01	1.613027e-01	-5.036599e-02	
51	2.784743e+01	1.465210e+00	9.544908e-01	1.996734e-02	5.751720e-01	3.744510e-02	2.653379e-03	
52	2.106078e+01	9.872923e-01	8.560613e-01	2.082303e-02	5.806303e-01	3.791434e-02	8.471869e-03	
53	1.218438e+01	4.916899e-01	1.513242e+00	8.598873e-02	5.344613e-01	7.492336e-02	-2.780612e-02	
54	2.939174e+01	2.210526e+00	9.409376e-01	2.249541e-02	5.274103e-01	4.931877e-02	3.157635e-03	
55	2.831188e+01	3.115833e+00	1.992875e+00	3.099613e-01	4.942021e-01	1.005157e-01	-4.973945e-02	
56	2.028754e+01	1.549024e+00	7.191523e-01	1.650007e-02	5.760775e-01	3.595590e-02	1.640037e-02	
57	2.724091e+01	1.039589e+00	8.465613e-01	1.399661e-02	5.189886e-01	2.373214e-02	8.072250e-03	
59	3.087349e+01	8.745025e+00	8.201717e-01	4.867576e-02	5.929446e-01	1.658572e-01	1.080871e-02	
60	2.504490e+01	1.751825e+00	8.216705e-01	1.999703e-02	5.873955e-01	4.488656e-02	1.061831e-02	
61	1.314283e+01	7.897344e-01	8.056134e-01	2.829318e-02	7.009252e-01	6.632563e-02	1.381147e-02	
62	2.517962e+01	2.141253e+00	7.984100e-01	2.256811e-02	5.964478e-01	5.315026e-02	1.218830e-02	
63	2.553573e+01	1.195743e+00	8.925373e-01	1.888093e-02	5.432748e-01	2.709467e-02	5.918059e-03	
64	2.632211e+01	2.470815e+00	8.104319e-01	2.201961e-02	5.282975e-01	4.086390e-02	1.015186e-02	
65	2.963839e+01	3.937322e+00	8.212003e-01	3.004480e-02	5.170154e-01	4.399441e-02	9.370700e-03	
66	3.047610e+01	6.274200e+00	9.592357e-01	4.868996e-02	4.793388e-01	8.511936e-02	1.980727e-03	
67	2.322465e+01	1.419866e+00	8.641713e-01	1.942169e-02	5.319794e-01	2.983858e-02	7.324673e-03	
68	2.017534e+01	1.246223e+00	7.953307e-01	2.648071e-02	5.977638e-01	3.832595e-02	1.240178e-02	
69	3.176280e+01	4.585692e+00	9.206416e-01	4.119045e-02	5.283023e-01	7.039566e-02	4.249886e-03	
70	2.822967e+01	1.787952e+00	9.207913e-01	2.492621e-02	5.439157e-01	3.639135e-02	4.367231e-03	
71	2.634316e+01	9.842821e-01	8.957916e-01	1.494026e-02	5.687436e-01	2.679003e-02	6.007878e-03	
74	2.524699e+01	7.362744e+00	7.257734e-01	6.229782e-02	6.194746e-01	1.724836e-01	1.722007e-02	
75	2.430366e+01	3.632012e+00	8.950060e-01	3.988613e-02	6.107090e-01	8.011909e-02	6.499812e-03	
82	2.604664e+01	3.348964e+00	7.583426e-01	2.652064e-02	5.495715e-01	6.027745e-02	1.346252e-02	
83	2.619308e+01	3.061981e+00	8.242123e-01	2.729364e-02	5.242393e-01	6.478891e-02	9.341574e-03	
84	2.294696e+01	1.238979e+00	7.882159e-01	1.676044e-02	6.065538e-01	3.728021e-02	1.302160e-02	
85	3.213365e+01	2.013662e+00	8.137311e-01	1.955735e-02	5.815923e-01	3.627357e-02	1.098148e-02	
86	3.190279e+01	2.401210e+00	7.845372e-01	2.423742e-02	5.327315e-01	5.190051e-02	1.163543e-02	
87	2.472605e+01	1.074340e+00	8.464113e-01	1.669155e-02	5.440310e-01	3.442587e-02	8.470027e-03	
88	2.784018e+01	2.206451e+00	8.652306e-01	2.593364e-02	5.468563e-01	5.029276e-02	7.470787e-03	
89	2.728050e+01	2.458639e+00	8.484531e-01	2.690584e-02	5.483238e-01	4.775381e-02	8.423374e-03	
90	2.580861e+01	2.558353e+00	8.884113e-01	2.766092e-02	6.030781e-01	5.704489e-02	6.821749e-03	
91	2.821122e+01	3.679297e+00	9.171179e-01	4.369947e-02	5.596735e-01	7.480765e-02	4.702157e-03	
92	2.596057e+01	1.024465e+00	9.441596e-01	1.905606e-02	5.392430e-01	3.949461e-02	3.052353e-03	
93	2.777031e+01	4.518019e+00	8.449631e-01	3.303046e-02	5.700502e-01	8.433397e-02	8.958802e-03	
94	1.263728e+01	4.489082e-01	8.506190e-01	2.311080e-02	5.975429e-01	4.892268e-02	9.048287e-03	
95	2.875328e+01	2.899750e+00	9.346145e-01	2.648482e-02	5.290384e-01	5.672477e-02	3.506473e-03	
96	2.920628e+01	2.421611e+00	8.593018e-01	2.446373e-02	5.342838e-01	4.605404e-02	7.620129e-03	
97	2.864866e+01	2.687261e+00	8.747579e-01	3.255154e-02	5.970145e-01	8.362111e-02	7.579441e-03	
99	3.480012e+01	1.303345e+01	9.755548e-01	7.751940e-02	5.968086e-01	2.404855e-01	1.478872e-03	
102	3.326064e+01	2.444079e+01	9.697309e-01	9.870396e-02	5.502201e-01	1.986236e-01	1.688254e-03	
105	3.870760e+01	2.788649e+01	8.361090e-01	7.787558e-02	5.990155e-01	2.475122e-01	9.951645e-03	
106	7.581405e+01	1.376019e+02	1.092217e+00	1.319028e-01	5.380859e-01	2.702067e-01	-5.029937e-03	
107	1.543651e+01	1.523501e+00	9.077841e-01	4.126168e-02	6.270783e-01	1.042611e-01	5.861781e-03	
108	2.743080e+01	1.710198e+00	7.620529e-01	2.389653e-02	5.928315e-01	4.647029e-02	1.429926e-02	
109	1.348514e+01	9.157611e-01	7.117020e-01	2.989228e-02	6.590857e-01	7.960171e-02	1.926129e-02	
110	2.046677e+01	2.050867e+00	8.652446e-01	3.624664e-02	6.372003e-01	8.736157e-02	8.704104e-03	
111	2.647823e+01	1.746704e+00	8.735661e-01	2.017794e-02	6.224405e-01	3.736076e-02	7.977435e-03	
112	2.442876e+01	9.771165e-01	9.596133e-01	1.322992e-02	5.393023e-01	2.743374e-02	2.207867e-03	
113	2.599396e+01	1.430018e+00	8.880693e-01	1.983966e-02	5.507828e-01	3.921105e-02	6.249302e-03	
114	2.150226e+01	2.140076e+00	9.296855e-01	3.456496e-02	5.596728e-01	5.969503e-02	3.989156e-03	
115	2.268356e+01	2.317845e+00	7.745587e-01	2.481079e-02	6.682845e-01	4.529790e-02	1.527203e-02	
117	1.892729e+01	2.048642e+00	7.125446e-01	2.673455e-02	6.508019e-01	6.455593e-02	1.896361e-02	
118	2.484205e+01	1.267090e+00	7.231685e-01	1.680032e-02	6.888684e-01	3.153376e-02	1.933097e-02	
120	2.807759e+01	2.910451e+00	1.832438e+00	3.169291e-01	5.809304e-01	9.096285e-02	-4.902052e-02	
121	2.855178e+01	1.583077e+00	9.464098e-01	2.164968e-02	5.543152e-01	3.729380e-02	3.011231e-03	
122	2.772676e+01	2.591743e+00	1.665629e+00	3.985768e-01	5.422152e-01	5.674343e-02	-3.658522e-02	
123	2.693344e+01	1.755241e+00	9.230937e-01	2.018789e-02	5.797120e-01	4.051454e-02	4.519353e-03	
124	2.972355e+01	2.175654e+00	8.835875e-01	2.563209e-02	5.250925e-01	4.683994e-02	6.196366e-03	
125	2.786526e+01	2.126448e+00	8.967225e-01	2.741730e-02	5.365290e-01	4.896030e-02	5.616950e-03	
126	2.843692e+01	1.511628e+00	9.539308e-01	1.800740e-02	5.699363e-01	3.111314e-02	2.661576e-03	
127	2.909597e+01	1.678309e+00	8.722190e-01	2.019776e-02	5.419920e-01	4.443719e-02	7.020383e-03	
128	2.420886e+01	2.196990e+00	1.002875e+00	2.492093e-02	5.486385e-01	4.935049e-02	-1.599169e-04	
129	2.669269e+01	1.377886e+00	8.536383e-01	1.911039e-02	5.677332e-01	3.083134e-02	8.423133e-03	
130	2.392529e+01	9.852593e-01	7.817754e-01	1.326595e-02	5.413207e-01	2.653732e-02	1.197458e-02	
131	3.030538e+01	1.828134e+00	8.555547e-01	2.334005e-02	5.094104e-01	3.581919e-02	7.458869e-03	
132	2.793779e+01	1.002737e+00	8.955790e-01	1.197623e-02	5.309699e-01	2.613253e-02	5.620302e-03	
133	2.485186e+01	1.326479e+00	8.739386e-01	1.997896e-02	4.974922e-01	3.352990e-02	6.357263e-03	
134	2.845247e+01	2.256726e+00	9.771175e-01	2.915038e-02	5.972162e-01	5.221167e-02	1.385275e-03	
135	2.905281e+01	4.469546e+00	8.180122e-01	3.483529e-02	5.719894e-01	8.498905e-02	1.055193e-02	
136	3.932840e+01	6.155741e+00	9.267936e-01	3.805360e-02	5.582829e-01	7.480430e-02	4.142906e-03	
137	2.593572e+01	2.007245e+00	1.019394e+00	3.125811e-02	5.485116e-01	5.466827e-02	-1.078347e-03	
138	2.893128e+01	9.568417e+00	5.684260e-01	6.011476e-02	5.666992e-01	1.799607e-01	2.479189e-02	
139	2.770717e+01	8.341064e+00	9.104246e-01	7.206118e-02	4.791538e-01	1.322337e-01	4.350765e-03	
140	1.672497e+01	9.115122e-01	8.589493e-01	2.572449e-02	5.040563e-01	3.433797e-02	7.207028e-03	
141	3.919670e+01	1.347885e+01	8.072818e-01	9.003957e-02	6.166846e-01	1.571273e-01	1.204724e-02	
143	3.213451e+01	7.291214e+00	7.992738e-01	6.275392e-02	6.098464e-01	1.076464e-01	1.240870e-02	
144	3.807630e+01	6.187469e+00	4.826300e-01	2.420721e-02	7.480511e-01	8.234245e-02	3.923145e-02	
147	3.377701e+01	8.569273e+00	8.359109e-01	5.469257e-02	6.449662e-01	1.666630e-01	1.072799e-02	
150	2.426006e+01	2.339513e+00	9.217330e-01	3.233698e-02	4.998142e-01	4.922348e-02	3.965420e-03	
151	2.456989e+01	9.962949e-01	1.098114e+00	1.960809e-02	5.311479e-01	2.747083e-02	-5.282617e-03	
152	2.565899e+01	1.557904e+00	8.306113e-01	1.987765e-02	5.279410e-01	4.013045e-02	9.065080e-03	
153	2.362742e+01	6.064949e-01	8.697547e-01	1.126985e-02	5.622514e-01	2.238381e-02	7.423255e-03	
155	2.630241e+01	1.677835e+00	9.758070e-01	2.449513e-02	5.864125e-01	4.029184e-02	1.438118e-03	
156	2.434989e+01	2.341976e+00	8.237022e-01	2.814971e-02	5.434447e-01	6.041231e-02	9.711900e-03	
157	2.534873e+01	1.337199e+00	9.211678e-01	2.011210e-02	5.282006e-01	3.233436e-02	4.220895e-03	
159	2.522658e+01	1.978917e+00	8.742245e-01	2.480702e-02	5.491596e-01	4.657131e-02	7.001584e-03	
160	2.397080e+01	1.152911e+00	9.796849e-01	1.642405e-02	6.189974e-01	2.551267e-02	1.274703e-03	
161	2.836000e+01	2.057869e+00	7.985224e-01	2.538546e-02	5.543481e-01	4.455346e-02	1.132169e-02	
162	3.340106e+01	1.782807e+00	8.829429e-01	1.655151e-02	5.726044e-01	2.757012e-02	6.794451e-03	
163	2.606936e+01	1.396522e+00	8.689214e-01	2.018289e-02	5.328205e-01	4.060780e-02	7.079697e-03	
164	2.435135e+01	1.284708e+00	8.549300e-01	1.725051e-02	5.538948e-01	3.665694e-02	8.145293e-03	
165	2.425098e+01	1.661081e+00	8.861166e-01	2.720494e-02	5.797599e-01	4.356648e-02	6.692840e-03	
166	2.776640e+01	2.202127e+00	9.395839e-01	2.213644e-02	5.838404e-01	4.652128e-02	3.575597e-03	
167	2.708988e+01	1.565319e+00	7.391796e-01	1.601856e-02	5.463673e-01	4.160866e-02	1.444535e-02	
168	2.713739e+01	1.901503e+00	8.783530e-01	2.451022e-02	5.469363e-01	4.664968e-02	6.744346e-03	
169	2.414631e+01	1.314635e+00	8.995579e-01	2.109352e-02	5.329260e-01	4.111361e-02	5.426061e-03	
170	2.801595e+01	9.541466e-01	8.605325e-01	1.125929e-02	5.339398e-01	2.547106e-02	7.548610e-03	
171	2.162925e+01	9.586920e-01	8.024894e-01	1.722934e-02	4.897394e-01	2.317136e-02	9.805217e-03	
172	2.472280e+01	2.193641e+00	8.427575e-01	2.493698e-02	4.946099e-01	4.918321e-02	7.883783e-03	
173	2.613901e+01	1.022953e+00	9.149364e-01	1.652917e-02	5.022708e-01	2.482358e-02	4.330954e-03	
174	2.821604e+01	2.391399e+00	8.707733e-01	2.644580e-02	4.922736e-01	4.812914e-02	6.448528e-03	
177	2.527868e+01	9.152798e-01	8.524786e-01	1.460586e-02	5.842594e-01	2.198013e-02	8.737006e-03	
178	2.002053e+01	1.181089e+00	8.977627e-01	2.014286e-02	5.395357e-01	3.587747e-02	5.591540e-03	
179	2.576451e+01	1.806498e+00	9.007389e-01	2.923969e-02	5.774104e-01	4.961778e-02	5.809859e-03	
180	2.522240e+01	1.196027e+00	8.180691e-01	1.409119e-02	5.717645e-01	2.769645e-02	1.054449e-02	
181	2.673870e+01	1.448793e+00	9.157518e-01	1.529156e-02	5.438349e-01	3.071099e-02	4.644396e-03	
182	2.472492e+01	1.642733e+00	9.334679e-01	2.443022e-02	5.336829e-01	4.062135e-02	3.599284e-03	
183	2.638387e+01	3.402770e+00	9.115095e-01	3.254725e-02	5.174210e-01	7.031182e-02	4.641330e-03	
184	2.530873e+01	1.996751e+00	9.074197e-01	2.411258e-02	5.981930e-01	4.937299e-02	5.613864e-03	
185	2.532453e+01	1.106314e+00	9.092541e-01	1.647471e-02	5.568391e-01	2.740356e-02	5.122223e-03	
186	2.546389e+01	1.965368e+00	9.123737e-01	2.841851e-02	5.519984e-01	4.889585e-02	4.903137e-03	
187	2.881816e+01	6.559458e+00	8.203942e-01	4.630637e-02	5.615934e-01	6.586835e-02	1.022455e-02	
188	2.526577e+01	1.647440e+00	8.895702e-01	2.385998e-02	5.450174e-01	4.817240e-02	6.100966e-03	
192	3.681911e+01	1.390938e+01	7.952567e-01	7.766725e-02	5.441463e-01	2.294087e-01	1.129347e-02	
193	1.411181e+01	1.607747e+00	7.260409e-01	4.978473e-02	5.958964e-01	1.620758e-01	1.654849e-02	
194	2.408479e+01	1.571038e+00	8.654890e-01	2.065941e-02	5.264112e-01	3.583668e-02	7.177693e-03	
195	2.644178e+01	2.111211e+00	9.202859e-01	2.735798e-02	4.624781e-01	3.954581e-02	3.737044e-03	
196	3.853493e+01	1.111751e+01	9.463556e-01	5.234268e-02	5.239844e-01	1.711231e-01	2.849343e-03	
197	3.246302e+01	1.009486e+01	8.048034e-01	6.899972e-02	5.086874e-01	1.861651e-01	1.006526e-02	
198	2.650712e+01	1.358778e+00	8.638321e-01	1.788253e-02	5.575281e-01	3.294849e-02	7.695615e-03	
199	2.758419e+01	2.349042e+00	9.575629e-01	2.852217e-02	5.124113e-01	4.242631e-02	2.204276e-03	
200	2.530532e+01	1.106779e+00	7.654128e-01	1.411749e-02	4.540750e-01	2.567422e-02	1.079776e-02	
202	2.293690e+01	6.414388e-01	8.753922e-01	1.470216e-02	5.222358e-01	2.086041e-02	6.596503e-03	
203	2.710405e+01	8.014325e-01	8.962260e-01	1.670588e-02	5.208121e-01	1.845103e-02	5.478625e-03	
204	2.446276e+01	1.254250e+00	8.719336e-01	1.744742e-02	5.671951e-01	3.412605e-02	7.363248e-03	
205	2.611891e+01	1.831757e+00	9.337857e-01	2.877273e-02	5.244487e-01	3.764941e-02	3.520114e-03	
206	1.817241e+01	1.223506e+00	8.169030e-01	2.727194e-02	5.632067e-01	4.683846e-02	1.045324e-02	
207	3.081932e+01	4.353315e+00	8.883680e-01	3.832987e-02	5.279347e-01	7.426428e-02	5.974077e-03	
208	2.391061e+01	1.630753e+00	1.683469e+00	1.255170e-01	5.453886e-01	5.369339e-02	-3.778563e-02	
209	3.658193e+01	2.222508e+01	8.409428e-01	1.017605e-01	5.975503e-01	3.148492e-01	9.634512e-03	
214	9.594838e+00	7.799181e-01	6.475780e-01	2.774687e-02	5.341065e-01	6.358313e-02	1.908063e-02	
215	2.830051e+01	7.533416e+00	7.386450e-01	5.781844e-02	4.738675e-01	1.207701e-01	1.255421e-02	
216	3.113173e+01	4.629149e+00	8.399368e-01	4.150195e-02	5.481931e-01	1.203158e-01	8.894607e-03	
217	2.372010e+01	1.600972e+00	8.621945e-01	2.409386e-02	5.646530e-01	4.884395e-02	7.887692e-03	
218	2.354086e+01	1.315507e+00	1.701808e+00	2.840892e-01	5.611573e-01	5.378331e-02	-3.992129e-02	
219	2.408377e+01	6.608120e+00	8.286538e-01	5.475645e-02	4.874014e-01	1.269385e-01	8.465702e-03	
220	2.467034e+01	2.022954e+00	9.708217e-01	3.376326e-02	5.128998e-01	5.010857e-02	1.517031e-03	
222	2.897279e+01	3.683376e+00	1.892407e+00	3.258482e-01	5.251964e-01	9.079132e-02	-4.751017e-02	
223	1.620415e+01	2.203296e+00	8.300865e-01	4.527449e-02	5.509083e-01	9.139760e-02	9.488751e-03	
224	2.751557e+01	4.237255e+00	8.574329e-01	4.909746e-02	5.876361e-01	5.634243e-02	8.492381e-03	
225	2.149091e+01	2.023959e+00	8.624740e-01	3.558595e-02	5.225735e-01	5.626776e-02	7.285074e-03	
226	2.660196e+01	2.426200e+00	8.668266e-01	2.796262e-02	5.372401e-01	5.331951e-02	7.252498e-03	
228	2.258917e+01	1.083921e+00	7.679651e-01	1.749286e-02	5.499525e-01	3.098441e-02	1.293541e-02	
229	2.392678e+01	9.155549e-01	8.616434e-01	1.486680e-02	5.792516e-01	2.969559e-02	8.123984e-03	
230	2.665596e+01	1.413076e+00	7.969844e-01	1.720324e-02	5.653276e-01	3.780698e-02	1.163406e-02	
232	2.476131e+01	1.964823e+00	8.734459e-01	2.504424e-02	5.447945e-01	5.759639e-02	6.988934e-03	
233	2.598385e+01	2.344969e+00	9.027967e-01	2.649134e-02	5.135968e-01	5.626247e-02	5.060635e-03	
234	2.536449e+01	1.399111e+00	8.441647e-01	2.289680e-02	5.015406e-01	4.099854e-02	7.922709e-03	
235	2.880857e+01	2.795297e+00	8.570458e-01	2.861034e-02	5.163301e-01	4.361632e-02	7.482148e-03	
236	2.783751e+01	1.870351e+00	8.847966e-01	2.253967e-02	5.051135e-01	5.895948e-02	5.898699e-03	
237	2.673532e+01	2.523110e+00	9.429263e-01	2.800347e-02	4.652312e-01	5.175336e-02	2.691577e-03	
238	2.861384e+01	2.000846e+00	9.542730e-01	2.422387e-02	4.962591e-01	4.129812e-02	2.300294e-03	
239	3.100060e+01	2.673743e+00	9.741637e-01	3.376573e-02	4.673529e-01	5.255269e-02	1.223990e-03	
240	2.684284e+01	3.067926e+00	9.120174e-01	3.082698e-02	4.588770e-01	7.191716e-02	4.092557e-03	
241	2.189715e+01	8.174949e-01	7.492162e-01	1.250949e-02	6.006283e-01	3.833858e-02	1.526888e-02	
242	2.289094e+01	9.554483e-01	8.309301e-01	1.663942e-02	6.523925e-01	3.467115e-02	1.118091e-02	
243	2.261136e+01	8.162272e-01	7.886179e-01	1.381480e-02	6.148386e-01	2.827254e-02	1.317441e-02	
244	2.172001e+01	6.485525e-01	8.942842e-01	1.418342e-02	7.406370e-01	2.639761e-02	7.936829e-03	
245	2.456752e+01	1.522540e+00	9.244953e-01	2.282113e-02	6.063793e-01	5.131230e-02	4.641095e-03	
246	2.555070e+01	1.664377e+00	8.656026e-01	2.473167e-02	5.990045e-01	4.330918e-02	8.160615e-03	
247	2.746118e+01	9.930247e-01	8.060053e-01	1.446232e-02	6.027200e-01	2.721608e-02	1.185243e-02	
248	2.620781e+01	1.889038e+00	7.923582e-01	2.390906e-02	5.616898e-01	4.158783e-02	1.182261e-02	
250	2.227045e+01	2.422267e+00	7.746643e-01	3.044886e-02	6.164768e-01	7.692310e-02	1.408149e-02	
251	2.544050e+01	2.467440e+00	8.370620e-01	2.386028e-02	5.556963e-01	5.679872e-02	9.178290e-03	
252	2.756161e+01	1.352941e+00	8.846116e-01	1.662666e-02	5.775179e-01	2.954563e-02	6.755062e-03	
253	2.630265e+01	2.421105e+00	9.569829e-01	2.844205e-02	5.469491e-01	5.140772e-02	2.385009e-03	
254	2.794165e+01	2.451362e+00	8.522621e-01	2.441533e-02	5.345682e-01	5.680260e-02	8.005655e-03	
255	2.670127e+01	1.728146e+00	8.485897e-01	1.871470e-02	5.833882e-01	3.860599e-02	8.953954e-03	
256	2.612565e+01	2.032431e+00	9.027076e-01	2.642637e-02	5.558239e-01	4.424026e-02	5.481734e-03	
257	2.865623e+01	2.173807e+00	8.284482e-01	2.306494e-02	5.375202e-01	4.116211e-02	9.347426e-03	
258	2.655284e+01	1.547579e+00	8.714117e-01	2.062138e-02	5.392851e-01	3.802427e-02	7.029455e-03	
259	2.496314e+01	1.479473e+00	8.549607e-01	1.743621e-02	5.347964e-01	3.269022e-02	7.862775e-03	
260	2.676137e+01	1.656262e+00	9.020391e-01	1.679900e-02	5.927671e-01	6.723409e-02	5.886251e-03	
261	2.476841e+01	2.094777e+00	8.371215e-01	2.257566e-02	5.479527e-01	4.556238e-02	9.047087e-03	
262	1.804759e+01	6.534034e-01	8.092715e-01	1.594294e-02	6.497646e-01	2.998898e-02	1.256243e-02	
263	2.302419e+01	1.318554e+00	8.755579e-01	2.048550e-02	5.542036e-01	3.388146e-02	6.990987e-03	
264	2.878398e+01	2.940135e+00	8.883745e-01	2.255568e-02	5.568950e-01	3.751642e-02	6.301420e-03	
265	2.084957e+01	1.439841e+00	8.700763e-01	2.036047e-02	6.646385e-01	4.814403e-02	8.753379e-03	
266	1.523158e+01	2.315089e-01	6.404437e-01	6.861412e-03	9.020480e-01	1.351041e-02	3.287747e-02	
