0	4	R2	1.010816e+00	1.010816e+00	2.305975e-10	2.936733e-16	7.560938e-01
0	7	R2	4.268032e+00	4.268032e+00	2.067124e-09	0.000000e+00	1.703205e+00
0	9	R2	6.006006e+00	6.006006e+00	3.372782e-09	0.000000e+00	8.008008e-01
0	11	R2	8.488964e+00	8.488964e+00	5.382763e-09	1.040094e-15	1.707882e+00
0	12	R2	8.568980e+00	8.568980e+00	5.447206e-09	0.000000e+00	1.064698e+00
0	14	R2	8.403361e+00	8.403361e+00	5.313757e-09	5.552978e-16	3.198927e+00
0	17	R2	1.199041e+01	1.199041e+01	8.148080e-09	0.000000e+00	1.337060e+00
0	18	R2	1.154734e+01	1.154734e+01	7.803778e-09	2.637999e-15	1.346746e+00
0	19	R2	1.246883e+01	1.246883e+01	8.518385e-09	1.376578e-15	1.290415e+00
0	20	R2	1.312336e+01	1.312336e+01	9.022750e-09	0.000000e+00	7.922238e-01
0	22	R2	1.297017e+01	1.297017e+01	8.904924e-09	-1.767196e-07	9.757066e-01
0	23	R2	1.321004e+01	1.321004e+01	9.089363e-09	-1.603611e-07	1.099382e+00
0	25	R2	1.288660e+01	1.288660e+01	8.840592e-09	-1.807333e-07	9.465671e-01
0	26	R2	1.331558e+01	1.331558e+01	9.170415e-09	-2.641895e-07	6.737577e-01
0	27	R2	1.782531e+01	1.782531e+01	1.259114e-08	0.000000e+00	8.261285e-01
0	28	R2	1.367989e+01	1.367989e+01	9.449755e-09	-1.460332e-15	1.216406e+00
0	29	R2	1.275510e+01	1.275510e+01	8.739285e-09	-2.967032e-07	5.694242e-01
0	30	R2	1.377410e+01	1.377410e+01	9.521887e-09	1.397425e-15	1.271164e+00
0	31	R2	1.283697e+01	1.283697e+01	8.802369e-09	0.000000e+00	1.417175e+00
0	32	R2	1.254705e+01	1.254705e+01	8.578794e-09	-3.890889e-15	9.130853e-01
0	33	R2	1.290323e+01	1.290323e+01	8.853395e-09	-1.056361e-15	1.681582e+00
0	34	R2	1.223990e+01	1.223990e+01	8.341376e-09	-3.293607e-15	1.078669e+00
0	35	R2	1.364256e+01	1.364256e+01	9.421166e-09	-4.894446e-15	7.258663e-01
0	36	R2	1.315789e+01	1.315789e+01	9.049295e-09	-2.386102e-15	7.444598e-01
0	38	R2	1.264223e+01	1.264223e+01	8.652243e-09	0.000000e+00	5.114427e-01
0	39	R2	1.381215e+01	1.381215e+01	9.551007e-09	2.516550e-15	7.058698e-01
0	40	R2	1.402525e+01	1.402525e+01	9.713959e-09	-1.389300e-15	1.278599e+00
0	41	R2	1.280410e+01	1.280410e+01	8.777044e-09	-2.044355e-15	8.689080e-01
0	42	R2	1.945525e+01	1.945525e+01	1.381301e-08	0.000000e+00	2.009871e+01
0	43	R2	1.402525e+01	1.402525e+01	9.713959e-09	-2.508458e-15	7.081470e-01
0	46	R2	1.398601e+01	1.398601e+01	9.683974e-09	-2.111902e-15	8.411169e-01
0	47	R2	1.396648e+01	1.396648e+01	9.669042e-09	3.502538e-15	1.014325e+00
0	48	R2	1.322751e+01	1.322751e+01	9.102786e-09	1.750434e-15	1.014809e+00
0	49	R2	1.422475e+01	1.422475e+01	9.866332e-09	5.486822e-15	3.237497e-01
0	50	R2	1.414427e+01	1.414427e+01	9.804888e-09	-1.951646e-07	9.802960e-01
0	51	R2	1.385042e+01	1.385042e+01	9.580281e-09	-1.768615e-07	1.055087e+00
0	52	R2	1.358696e+01	1.358696e+01	9.378560e-09	2.467296e-15	7.199610e-01
0	54	R2	1.385042e+01	1.385042e+01	9.580281e-09	-1.013269e-07	1.841606e+00
0	55	R2	1.326260e+01	1.326260e+01	9.129735e-09	1.577949e-15	1.125738e+00
0	58	R2	1.474926e+01	1.474926e+01	1.026610e-08	-2.566540e-07	7.831467e-01
0	60	R2	1.838235e+01	1.838235e+01	1.300936e-08	1.501966e-14	4.730753e-01
0	61	R2	1.769912e+01	1.769912e+01	1.249629e-08	0.000000e+00	3.602475e+00
0	63	R2	1.366120e+01	1.366120e+01	9.435442e-09	-2.163215e-15	8.211652e-01
0	64	R2	2.141328e+01	2.141328e+01	1.527428e-08	0.000000e+00	6.419398e-01
0	67	R2	1.237624e+01	1.237624e+01	8.446832e-09	2.273960e-15	7.811734e-01
0	68	R2	1.103753e+01	1.103753e+01	7.405835e-09	0.000000e+00	1.327914e+00
0	69	R2	1.273885e+01	1.273885e+01	8.726760e-09	0.000000e+00	8.438476e-01
0	71	R2	1.042753e+01	1.042753e+01	6.926975e-09	-2.917289e-15	6.089068e-01
0	76	R2	9.920635e+00	9.920635e+00	6.526608e-09	0.000000e+00	8.070358e-01
0	78	R2	9.157509e+00	9.157509e+00	5.919347e-09	-1.329015e-07	8.302137e-01
0	82	R2	1.605136e+01	1.605136e+01	1.125394e-08	2.997633e-15	1.185173e+00
0	85	R2	1.321004e+01	1.321004e+01	9.089363e-09	-3.741758e-07	4.711639e-01
0	86	R2	1.212121e+01	1.212121e+01	8.249472e-09	0.000000e+00	6.464646e-01
0	87	R2	1.222494e+01	1.222494e+01	8.329794e-09	-1.278068e-15	1.389877e+00
0	89	R2	1.392758e+01	1.392758e+01	9.639297e-09	-2.035010e-15	8.728983e-01
0	90	R2	1.302083e+01	1.302083e+01	8.943907e-09	-6.812260e-07	2.543132e-01
0	91	R2	1.269036e+01	1.269036e+01	8.689367e-09	1.935120e-15	9.179572e-01
0	92	R2	1.293661e+01	1.293661e+01	8.879096e-09	4.245699e-15	4.183897e-01
0	94	R2	1.230012e+01	1.230012e+01	8.387971e-09	-1.956861e-15	9.077582e-01
0	95	R2	1.317523e+01	1.317523e+01	9.062617e-09	0.000000e+00	1.440770e+00
0	96	R2	1.297017e+01	1.297017e+01	8.904924e-09	-1.863588e-07	9.252390e-01
0	97	R2	1.312336e+01	1.312336e+01	9.022750e-09	0.000000e+00	9.472241e-01
0	98	R2	1.335113e+01	1.335114e+01	9.197707e-09	-1.206981e-07	1.479498e+00
0	99	R2	1.295337e+01	1.295337e+01	8.891994e-09	3.308376e-15	1.073854e+00
0	100	R2	1.310616e+01	1.310616e+01	9.009528e-09	0.000000e+00	1.013451e+00
0	102	R2	1.256281e+01	1.256281e+01	8.590962e-09	0.000000e+00	1.088988e+00
0	103	R2	1.213592e+01	1.213592e+01	8.260867e-09	3.259740e-15	1.089877e+00
0	104	R2	1.221001e+01	1.221001e+01	8.318240e-09	-3.220300e-15	1.103225e+00
0	105	R2	1.234568e+01	1.234568e+01	8.423205e-09	-3.759573e-15	9.449779e-01
0	106	R2	6.644518e+00	6.644518e+00	3.887002e-09	1.273257e-15	6.975640e-01
0	107	R2	2.581311e+00	2.581311e+00	1.038647e-09	-1.872145e-15	2.372088e-01
0	108	R2	1.539409e+00	1.539409e+00	4.789504e-10	-7.076920e-16	3.137588e-01


1	4	NOE	-2.150000e+00	-2.150000e+00	3.582028e-10	0.000000e+00	8.300000e-01
1	7	NOE	-2.400000e-01	-2.400000e-01	8.861737e-10	2.220446e-15	1.000000e-01
1	9	NOE	-7.500000e-01	-7.500000e-01	6.755476e-10	-4.189521e-16	1.060000e+00
1	11	NOE	4.100000e-01	4.100000e-01	1.532072e-09	2.312965e-15	1.200000e-01
1	12	NOE	3.900000e-01	3.900000e-01	1.493686e-09	5.551115e-15	2.000000e-02
1	14	NOE	6.000000e-01	6.000000e-01	2.106859e-09	-4.625929e-16	2.400000e-01
1	17	NOE	6.100000e-01	6.100000e-01	2.155697e-09	2.220446e-15	5.000000e-02
1	18	NOE	7.100000e-01	7.100000e-01	2.927289e-09	0.000000e+00	1.000000e-01
1	19	NOE	7.900000e-01	7.900000e-01	4.941403e-09	-3.700743e-15	6.000000e-02
1	20	NOE	7.800000e-01	7.800000e-01	4.459675e-09	5.551115e-15	2.000000e-02
1	22	NOE	7.700000e-01	7.700000e-01	4.094597e-09	1.850372e-15	6.000000e-02
1	23	NOE	8.200000e-01	8.200000e-01	8.698455e-09	0.000000e+00	7.000000e-02
1	25	NOE	8.000000e-01	8.000000e-01	5.619330e-09	0.000000e+00	4.000000e-02
1	26	NOE	7.900000e-01	7.900000e-01	4.941403e-09	-2.220446e-14	1.000000e-02
1	27	NOE	7.900000e-01	7.900000e-01	4.941403e-09	-2.775558e-15	8.000000e-02
1	28	NOE	8.100000e-01	8.100000e-01	6.678119e-09	0.000000e+00	4.000000e-02
1	29	NOE	7.800000e-01	7.800000e-01	4.459675e-09	2.220446e-15	5.000000e-02
1	30	NOE	8.100000e-01	8.100000e-01	6.678119e-09	0.000000e+00	4.000000e-02
1	31	NOE	8.100000e-01	8.100000e-01	6.678119e-09	0.000000e+00	7.000000e-02
1	32	NOE	7.900000e-01	7.900000e-01	4.941403e-09	-3.700743e-15	6.000000e-02
1	33	NOE	7.500000e-01	7.500000e-01	3.569183e-09	0.000000e+00	8.000000e-02
1	34	NOE	7.900000e-01	7.900000e-01	4.941403e-09	-5.551115e-15	4.000000e-02
1	35	NOE	8.700000e-01	8.344307e-01	1.425039e-05	7.113869e-01	5.000000e-02
1	36	NOE	8.000000e-01	8.000000e-01	5.619330e-09	0.000000e+00	7.000000e-02
1	38	NOE	7.300000e-01	7.300000e-01	3.202302e-09	0.000000e+00	6.000000e-02
1	39	NOE	8.400000e-01	8.344307e-01	1.611966e-05	2.784671e-01	2.000000e-02
1	40	NOE	8.000000e-01	8.000000e-01	5.619330e-09	0.000000e+00	7.000000e-02
1	41	NOE	8.500000e-01	8.344307e-01	3.133534e-05	3.892335e-01	4.000000e-02
1	42	NOE	8.300000e-01	8.300000e-01	1.571497e-08	0.000000e+00	9.000000e-02
1	43	NOE	8.100000e-01	8.100000e-01	6.678119e-09	0.000000e+00	3.000000e-02
1	46	NOE	7.700000e-01	7.700000e-01	4.094597e-09	1.850372e-15	6.000000e-02
1	47	NOE	8.100000e-01	8.100000e-01	6.678119e-09	0.000000e+00	6.000000e-02
1	48	NOE	8.300000e-01	8.300000e-01	1.571497e-08	0.000000e+00	5.000000e-02
1	49	NOE	8.200000e-01	8.200000e-01	8.698455e-09	0.000000e+00	7.000000e-02
1	50	NOE	8.400000e-01	8.344307e-01	1.611966e-05	1.113869e-01	5.000000e-02
1	51	NOE	8.000000e-01	8.000000e-01	5.619330e-09	0.000000e+00	1.100000e-01
1	52	NOE	7.900000e-01	7.900000e-01	4.941403e-09	-7.401487e-15	3.000000e-02
1	54	NOE	8.000000e-01	8.000000e-01	5.619330e-09	0.000000e+00	5.000000e-02
1	55	NOE	8.200000e-01	8.200000e-01	8.698455e-09	0.000000e+00	3.000000e-02
1	58	NOE	8.500000e-01	8.344307e-01	3.133534e-05	1.415395e-01	1.100000e-01
1	60	NOE	7.800000e-01	7.800000e-01	4.459675e-09	1.110223e-14	1.000000e-02
1	61	NOE	7.700000e-01	7.700000e-01	4.094597e-09	2.220446e-15	5.000000e-02
1	63	NOE	7.500000e-01	7.500000e-01	3.569183e-09	0.000000e+00	5.000000e-02
1	64	NOE	7.200000e-01	7.200000e-01	3.055851e-09	0.000000e+00	6.000000e-02
1	67	NOE	7.700000e-01	7.700000e-01	4.094597e-09	9.251859e-16	1.200000e-01
1	68	NOE	6.300000e-01	6.300000e-01	2.263731e-09	-1.850372e-15	6.000000e-02
1	69	NOE	5.800000e-01	5.800000e-01	2.017819e-09	1.850372e-15	6.000000e-02
1	71	NOE	5.200000e-01	5.200000e-01	1.802807e-09	0.000000e+00	5.000000e-02
1	76	NOE	4.600000e-01	4.600000e-01	1.640697e-09	-1.850372e-15	3.000000e-02
1	78	NOE	4.500000e-01	4.500000e-01	1.617340e-09	-2.775558e-15	2.000000e-02
1	82	NOE	6.600000e-01	6.600000e-01	2.458847e-09	1.110223e-14	1.000000e-02
1	85	NOE	6.300000e-01	6.300000e-01	2.263731e-09	-1.850372e-15	6.000000e-02
1	86	NOE	6.800000e-01	6.800000e-01	2.618991e-09	2.220446e-15	5.000000e-02
1	87	NOE	6.500000e-01	6.500000e-01	2.388613e-09	2.775558e-15	4.000000e-02
1	89	NOE	7.100000e-01	7.100000e-01	2.927289e-09	0.000000e+00	6.000000e-02
1	90	NOE	7.400000e-01	7.400000e-01	3.371255e-09	0.000000e+00	4.000000e-02
1	91	NOE	7.400000e-01	7.400000e-01	3.371255e-09	0.000000e+00	7.000000e-02
1	92	NOE	7.200000e-01	7.200000e-01	3.055851e-09	0.000000e+00	1.000000e-02
1	94	NOE	7.100000e-01	7.100000e-01	2.927289e-09	0.000000e+00	5.000000e-02
1	95	NOE	7.700000e-01	7.700000e-01	4.094597e-09	1.110223e-14	1.000000e-02
1	96	NOE	7.700000e-01	7.700000e-01	4.094597e-09	1.110223e-14	1.000000e-02
1	97	NOE	8.100000e-01	8.100000e-01	6.678119e-09	0.000000e+00	3.000000e-02
1	98	NOE	8.000000e-01	8.000000e-01	5.619330e-09	0.000000e+00	6.000000e-02
1	99	NOE	7.700000e-01	7.700000e-01	4.094597e-09	2.775558e-15	4.000000e-02
1	100	NOE	8.000000e-01	8.000000e-01	5.619330e-09	0.000000e+00	5.000000e-02
1	102	NOE	7.600000e-01	7.600000e-01	3.805509e-09	0.000000e+00	2.000000e-02
1	103	NOE	7.400000e-01	7.400000e-01	3.371255e-09	0.000000e+00	3.000000e-02
1	104	NOE	7.300000e-01	7.300000e-01	3.202302e-09	0.000000e+00	4.000000e-02
1	105	NOE	7.300000e-01	7.300000e-01	3.202302e-09	0.000000e+00	8.000000e-02
1	106	NOE	3.000000e-01	3.000000e-01	1.347587e-09	5.551115e-15	5.000000e-02
1	107	NOE	-3.700000e-01	-3.700000e-01	8.216361e-10	1.665335e-14	2.000000e-02
1	108	NOE	-1.210000e+00	-1.210000e+00	5.476326e-10	0.000000e+00	1.000000e-02


2	4	R1	6.475426e-01	6.475426e-01	1.272904e-10	-6.039528e-16	1.838261e-01
2	7	R1	1.265823e+00	1.265823e+00	1.074356e-08	-4.811737e-15	4.614645e-02
2	9	R1	2.357379e+00	2.357379e+00	4.679799e-09	8.546729e-16	5.196014e-01
2	11	R1	2.285192e+00	2.285192e+00	4.949213e-09	-1.991576e-16	2.229838e+00
2	12	R1	9.080178e-01	9.080178e-01	1.541127e-08	2.319234e-16	4.787026e-01
2	14	R1	1.214772e+00	1.214772e+00	1.124922e-08	-1.587240e-15	1.398935e-01
2	17	R1	1.229105e+00	1.229105e+00	1.110328e-08	0.000000e+00	2.385395e-01
2	18	R1	1.307190e+00	1.307190e+00	1.036088e-08	2.718537e-15	1.633560e-01
2	19	R1	1.267267e+00	1.267267e+00	1.072982e-08	-3.430831e-15	6.472037e-02
2	20	R1	1.221747e+00	1.221747e+00	1.117780e-08	1.919446e-15	1.156816e-01
2	22	R1	1.105461e+00	1.105461e+00	1.247902e-08	6.677668e-16	3.325182e-01
2	23	R1	1.230921e+00	1.230921e+00	1.108503e-08	0.000000e+00	7.242493e-02
2	25	R1	1.211827e+00	1.211827e+00	1.127960e-08	-1.678162e-15	1.323142e-01
2	26	R1	1.182872e+00	1.182872e+00	1.158592e-08	0.000000e+00	5.526785e-02
2	27	R1	1.185536e+00	1.185536e+00	1.155714e-08	-9.163748e-16	2.423076e-01
2	28	R1	1.224740e+00	1.224740e+00	1.114739e-08	1.550063e-15	1.432488e-01
2	29	R1	1.277466e+00	1.277466e+00	1.063353e-08	0.000000e+00	7.898484e-02
2	30	R1	1.206127e+00	1.206127e+00	1.133881e-08	-2.076666e-15	1.069236e-01
2	31	R1	1.143641e+00	1.143641e+00	1.202422e-08	0.000000e+00	1.369388e-01
2	32	R1	1.163603e+00	1.163603e+00	1.179771e-08	0.000000e+00	6.593838e-02
2	33	R1	1.298364e+00	1.298364e+00	1.044063e-08	0.000000e+00	1.112594e-02
2	34	R1	1.236858e+00	1.236858e+00	1.102566e-08	0.000000e+00	7.083060e-02
2	35	R1	1.251564e+00	1.251564e+00	1.088091e-08	-2.374430e-15	9.351489e-02
2	36	R1	1.225490e+00	1.225490e+00	1.113979e-08	3.890782e-15	5.706940e-02
2	38	R1	1.170412e+00	1.170412e+00	1.172212e-08	-1.298817e-15	1.709591e-01
2	39	R1	1.255020e+00	1.255020e+00	1.084736e-08	1.324943e-15	1.675880e-01
2	40	R1	1.217285e+00	1.217285e+00	1.122339e-08	0.000000e+00	2.834653e-01
2	41	R1	1.204674e+00	1.204674e+00	1.135399e-08	2.133938e-15	1.040539e-01
2	42	R1	1.234568e+00	1.234568e+00	1.104850e-08	0.000000e+00	2.635269e-01
2	43	R1	1.126888e+00	1.126888e+00	1.222019e-08	1.975767e-15	1.123840e-01
2	46	R1	1.142074e+00	1.142074e+00	1.204232e-08	0.000000e+00	5.021682e-02
2	47	R1	1.090037e+00	1.090037e+00	1.267133e-08	-2.681174e-15	8.281620e-02
2	48	R1	1.160766e+00	1.160766e+00	1.182945e-08	4.406352e-15	5.039194e-02
2	49	R1	1.176886e+00	1.176886e+00	1.165101e-08	1.881620e-15	1.180072e-01
2	50	R1	1.137656e+00	1.137656e+00	1.209360e-08	0.000000e+00	1.604885e-01
2	51	R1	1.127777e+00	1.127777e+00	1.220964e-08	1.244331e-15	1.784449e-01
2	52	R1	1.179663e+00	1.179663e+00	1.162074e-08	-3.024838e-15	1.468142e-01
2	54	R1	1.174950e+00	1.174950e+00	1.167220e-08	0.000000e+00	5.273539e-02
2	55	R1	1.287498e+00	1.287498e+00	1.054020e-08	2.051321e-15	1.082447e-01
2	58	R1	1.168634e+00	1.168634e+00	1.174178e-08	0.000000e+00	2.708193e-01
2	60	R1	1.172058e+00	1.172058e+00	1.170397e-08	0.000000e+00	1.269318e-01
2	61	R1	1.154468e+00	1.154468e+00	1.190045e-08	-2.356444e-15	1.884573e-01
2	63	R1	1.188919e+00	1.188919e+00	1.152078e-08	6.814980e-15	6.516369e-02
2	64	R1	1.156604e+00	1.156604e+00	1.187628e-08	-1.165630e-15	1.904932e-01
2	67	R1	1.098056e+00	1.098056e+00	1.257070e-08	0.000000e+00	2.677922e-01
2	68	R1	1.424096e+00	1.424096e+00	9.390704e-09	0.000000e+00	2.522892e-01
2	69	R1	1.297690e+00	1.297690e+00	1.044676e-08	1.970934e-15	1.126596e-01
2	71	R1	1.343544e+00	1.343544e+00	1.004261e-08	4.712982e-15	4.711340e-02
2	76	R1	1.133530e+00	1.133530e+00	1.214184e-08	0.000000e+00	2.108504e-01
2	78	R1	1.214919e+00	1.214919e+00	1.124770e-08	0.000000e+00	5.594149e-02
2	82	R1	1.240541e+00	1.240541e+00	1.098912e-08	1.951102e-15	2.276095e-01
2	85	R1	1.273723e+00	1.273723e+00	1.066870e-08	0.000000e+00	3.531901e-01
2	86	R1	1.402328e+00	1.402328e+00	9.560136e-09	1.308369e-15	1.697110e-01
2	87	R1	1.427959e+00	1.427959e+00	9.361120e-09	-2.326819e-15	9.542839e-02
2	89	R1	1.329610e+00	1.329610e+00	1.016270e-08	2.081201e-15	2.133812e-01
2	90	R1	1.291823e+00	1.291823e+00	1.050038e-08	1.500067e-15	1.480231e-01
2	91	R1	1.168088e+00	1.168088e+00	1.174783e-08	8.961349e-16	2.477803e-01
2	92	R1	1.109016e+00	1.109016e+00	1.243542e-08	1.526088e-15	1.454992e-01
2	94	R1	1.277139e+00	1.277139e+00	1.063659e-08	-4.227736e-15	5.252092e-02
2	95	R1	1.157140e+00	1.157140e+00	1.187024e-08	0.000000e+00	2.577521e-01
2	96	R1	1.210214e+00	1.210214e+00	1.129630e-08	0.000000e+00	2.097334e-01
2	97	R1	1.252819e+00	1.252819e+00	1.086871e-08	0.000000e+00	1.150484e-01
2	98	R1	1.197175e+00	1.197175e+00	1.143287e-08	1.691335e-15	1.312836e-01
2	99	R1	1.240079e+00	1.240079e+00	1.099369e-08	-1.547603e-15	1.434764e-01
2	100	R1	1.264223e+00	1.264223e+00	1.075883e-08	0.000000e+00	7.543780e-02
2	102	R1	1.020408e+00	1.020408e+00	1.360840e-08	-1.254421e-15	1.770096e-01
2	103	R1	1.226994e+00	1.226994e+00	1.112458e-08	2.798626e-15	7.934058e-02
2	104	R1	1.303441e+00	1.303441e+00	1.039463e-08	-3.448405e-15	6.439053e-02
2	105	R1	1.126253e+00	1.126253e+00	1.222772e-08	-1.473506e-15	1.506914e-01
2	106	R1	1.245640e+00	1.245640e+00	1.093884e-08	-3.104231e-15	1.430593e-01
2	107	R1	1.207875e+00	1.207875e+00	3.432072e-10	0.000000e+00	3.020053e-02
2	108	R1	7.301935e-01	7.301935e-01	1.485906e-10	-1.452062e-15	7.645838e-02


