4	1.010816e+00	7.560938e-01	-2.150000e+00	8.300000e-01	6.475426e-01	1.838261e-01	2.067668e-01	
7	4.268032e+00	1.703205e+00	-2.400000e-01	1.000000e-01	1.265823e+00	4.614645e-02	1.591096e-01	
9	6.006006e+00	8.008008e-01	-7.500000e-01	1.060000e+00	2.357379e+00	5.196014e-01	4.181857e-01	
11	8.488964e+00	1.707882e+00	4.100000e-01	1.200000e-01	2.285192e+00	2.229838e+00	1.366711e-01	
12	8.568980e+00	1.064698e+00	3.900000e-01	2.000000e-02	9.080178e-01	4.787026e-01	5.614693e-02	
14	8.403361e+00	3.198927e+00	6.000000e-01	2.400000e-01	1.214772e+00	1.398935e-01	4.925570e-02	
17	1.199041e+01	1.337060e+00	6.100000e-01	5.000000e-02	1.229105e+00	2.385395e-01	4.859096e-02	
18	1.154734e+01	1.346746e+00	7.100000e-01	1.000000e-01	1.307190e+00	1.633560e-01	3.842717e-02	
19	1.246883e+01	1.290415e+00	7.900000e-01	6.000000e-02	1.267267e+00	6.472037e-02	2.697672e-02	
20	1.312336e+01	7.922238e-01	7.800000e-01	2.000000e-02	1.221747e+00	1.156816e-01	2.724619e-02	
22	1.297017e+01	9.757066e-01	7.700000e-01	6.000000e-02	1.105461e+00	3.325182e-01	2.577348e-02	
23	1.321004e+01	1.099382e+00	8.200000e-01	7.000000e-02	1.230921e+00	7.242493e-02	2.245972e-02	
25	1.288660e+01	9.465671e-01	8.000000e-01	4.000000e-02	1.211827e+00	1.323142e-01	2.456816e-02	
26	1.331558e+01	6.737577e-01	7.900000e-01	1.000000e-02	1.182872e+00	5.526785e-02	2.518018e-02	
27	1.782531e+01	8.261285e-01	7.900000e-01	8.000000e-02	1.185536e+00	2.423076e-01	2.523690e-02	
28	1.367989e+01	1.216406e+00	8.100000e-01	4.000000e-02	1.224740e+00	1.432488e-01	2.358844e-02	
29	1.275510e+01	5.694242e-01	7.800000e-01	5.000000e-02	1.277466e+00	7.898484e-02	2.848877e-02	
30	1.377410e+01	1.271164e+00	8.100000e-01	4.000000e-02	1.206127e+00	1.069236e-01	2.322996e-02	
31	1.283697e+01	1.417175e+00	8.100000e-01	7.000000e-02	1.143641e+00	1.369388e-01	2.202649e-02	
32	1.254705e+01	9.130853e-01	7.900000e-01	6.000000e-02	1.163603e+00	6.593838e-02	2.476999e-02	
33	1.290323e+01	1.681582e+00	7.500000e-01	8.000000e-02	1.298364e+00	1.112594e-02	3.290321e-02	
34	1.223990e+01	1.078669e+00	7.900000e-01	4.000000e-02	1.236858e+00	7.083060e-02	2.632941e-02	
35	1.364256e+01	7.258663e-01	8.700000e-01	5.000000e-02	1.251564e+00	9.351489e-02	1.649295e-02	
36	1.315789e+01	7.444598e-01	8.000000e-01	7.000000e-02	1.225490e+00	5.706940e-02	2.484515e-02	
38	1.264223e+01	5.114427e-01	7.300000e-01	6.000000e-02	1.170412e+00	1.709591e-01	3.203350e-02	
39	1.381215e+01	7.058698e-01	8.400000e-01	2.000000e-02	1.255020e+00	1.675880e-01	2.035507e-02	
40	1.402525e+01	1.278599e+00	8.000000e-01	7.000000e-02	1.217285e+00	2.834653e-01	2.467881e-02	
41	1.280410e+01	8.689080e-01	8.500000e-01	4.000000e-02	1.204674e+00	1.040539e-01	1.831735e-02	
42	1.945525e+01	2.009871e+01	8.300000e-01	9.000000e-02	1.234568e+00	2.635269e-01	2.127481e-02	
43	1.402525e+01	7.081470e-01	8.100000e-01	3.000000e-02	1.126888e+00	1.123840e-01	2.170381e-02	
46	1.398601e+01	8.411169e-01	7.700000e-01	6.000000e-02	1.142074e+00	5.021682e-02	2.662710e-02	
47	1.396648e+01	1.014325e+00	8.100000e-01	6.000000e-02	1.090037e+00	8.281620e-02	2.099407e-02	
48	1.322751e+01	1.014809e+00	8.300000e-01	5.000000e-02	1.160766e+00	5.039194e-02	2.000302e-02	
49	1.422475e+01	3.237497e-01	8.200000e-01	7.000000e-02	1.176886e+00	1.180072e-01	2.147379e-02	
50	1.414427e+01	9.802960e-01	8.400000e-01	5.000000e-02	1.137656e+00	1.604885e-01	1.845155e-02	
51	1.385042e+01	1.055087e+00	8.000000e-01	1.100000e-01	1.127777e+00	1.784449e-01	2.286415e-02	
52	1.358696e+01	7.199610e-01	7.900000e-01	3.000000e-02	1.179663e+00	1.468142e-01	2.511186e-02	
54	1.385042e+01	1.841606e+00	8.000000e-01	5.000000e-02	1.174950e+00	5.273539e-02	2.382052e-02	
55	1.326260e+01	1.125738e+00	8.200000e-01	3.000000e-02	1.287498e+00	1.082447e-01	2.349206e-02	
58	1.474926e+01	7.831467e-01	8.500000e-01	1.100000e-01	1.168634e+00	2.708193e-01	1.776935e-02	
60	1.838235e+01	4.730753e-01	7.800000e-01	1.000000e-02	1.172058e+00	1.269318e-01	2.613808e-02	
61	1.769912e+01	3.602475e+00	7.700000e-01	5.000000e-02	1.154468e+00	1.884573e-01	2.691606e-02	
63	1.366120e+01	8.211652e-01	7.500000e-01	5.000000e-02	1.188919e+00	6.516369e-02	3.012966e-02	
64	2.141328e+01	6.419398e-01	7.200000e-01	6.000000e-02	1.156604e+00	1.904932e-01	3.282802e-02	
67	1.237624e+01	7.811734e-01	7.700000e-01	1.200000e-01	1.098056e+00	2.677922e-01	2.560085e-02	
68	1.103753e+01	1.327914e+00	6.300000e-01	6.000000e-02	1.424096e+00	2.522892e-01	5.341248e-02	
69	1.273885e+01	8.438476e-01	5.800000e-01	6.000000e-02	1.297690e+00	1.126596e-01	5.524871e-02	
71	1.042753e+01	6.089068e-01	5.200000e-01	5.000000e-02	1.343544e+00	4.711340e-02	6.537249e-02	
76	9.920635e+00	8.070358e-01	4.600000e-01	3.000000e-02	1.133530e+00	2.108504e-01	6.204811e-02	
78	9.157509e+00	8.302137e-01	4.500000e-01	2.000000e-02	1.214919e+00	5.594149e-02	6.773481e-02	
82	1.605136e+01	1.185173e+00	6.600000e-01	1.000000e-02	1.240541e+00	2.276095e-01	4.275548e-02	
85	1.321004e+01	4.711639e-01	6.300000e-01	6.000000e-02	1.273723e+00	3.531901e-01	4.777257e-02	
86	1.212121e+01	6.464646e-01	6.800000e-01	5.000000e-02	1.402328e+00	1.697110e-01	4.548848e-02	
87	1.222494e+01	1.389877e+00	6.500000e-01	4.000000e-02	1.427959e+00	9.542839e-02	5.066240e-02	
89	1.392758e+01	8.728983e-01	7.100000e-01	6.000000e-02	1.329610e+00	2.133812e-01	3.908627e-02	
90	1.302083e+01	2.543132e-01	7.400000e-01	4.000000e-02	1.291823e+00	1.480231e-01	3.404694e-02	
91	1.269036e+01	9.179572e-01	7.400000e-01	7.000000e-02	1.168088e+00	2.477803e-01	3.078582e-02	
92	1.293661e+01	4.183897e-01	7.200000e-01	1.000000e-02	1.109016e+00	1.454992e-01	3.147732e-02	
94	1.230012e+01	9.077582e-01	7.100000e-01	5.000000e-02	1.277139e+00	5.252092e-02	3.754379e-02	
95	1.317523e+01	1.440770e+00	7.700000e-01	1.000000e-02	1.157140e+00	2.577521e-01	2.697835e-02	
96	1.297017e+01	9.252390e-01	7.700000e-01	1.000000e-02	1.210214e+00	2.097334e-01	2.821577e-02	
97	1.312336e+01	9.472241e-01	8.100000e-01	3.000000e-02	1.252819e+00	1.150484e-01	2.412924e-02	
98	1.335113e+01	1.479498e+00	8.000000e-01	6.000000e-02	1.197175e+00	1.312836e-01	2.427109e-02	
99	1.295337e+01	1.073854e+00	7.700000e-01	4.000000e-02	1.240079e+00	1.434764e-01	2.891207e-02	
100	1.310616e+01	1.013451e+00	8.000000e-01	5.000000e-02	1.264223e+00	7.543780e-02	2.563040e-02	
102	1.256281e+01	1.088988e+00	7.600000e-01	2.000000e-02	1.020408e+00	1.770096e-01	2.482487e-02	
103	1.213592e+01	1.089877e+00	7.400000e-01	3.000000e-02	1.226994e+00	7.934058e-02	3.233833e-02	
104	1.221001e+01	1.103225e+00	7.300000e-01	4.000000e-02	1.303441e+00	6.439053e-02	3.567443e-02	
105	1.234568e+01	9.449779e-01	7.300000e-01	8.000000e-02	1.126253e+00	1.506914e-01	3.082489e-02	
106	6.644518e+00	6.975640e-01	3.000000e-01	5.000000e-02	1.245640e+00	1.430593e-01	8.838784e-02	
107	2.581311e+00	2.372088e-01	-3.700000e-01	2.000000e-02	1.207875e+00	3.020053e-02	1.677430e-01	
108	1.539409e+00	3.137588e-01	-1.210000e+00	1.000000e-02	7.301935e-01	7.645838e-02	1.635807e-01	
