0	2	R2	3.777862e+00	3.777862e+00	1.545230e-09	6.883981e-15	6.451052e-02
0	5	R2	8.247423e+00	8.247423e+00	4.500709e-09	5.329637e-14	3.332979e-02
0	6	R2	7.404665e+00	7.404665e+00	3.931932e-09	0.000000e+00	5.044274e-02
0	9	R2	7.812500e+00	7.812500e+00	4.207945e-09	4.409671e-14	6.042480e-02
0	10	R2	9.950249e+00	9.950249e+00	5.631291e-09	6.407731e-14	2.772209e-02
0	11	R2	9.149131e+00	9.149131e+00	5.102373e-09	0.000000e+00	3.515677e-02
0	12	R2	8.449514e+00	8.449514e+00	4.636173e-09	0.000000e+00	4.569235e-02
0	14	R2	8.077544e+00	8.077544e+00	4.386557e-09	2.750023e-14	6.459426e-02
0	15	R2	7.942812e+00	7.942812e+00	4.295839e-09	2.469886e-14	3.596031e-02
0	16	R2	7.459903e+00	7.459903e+00	3.969396e-09	-4.836374e-14	1.836455e-02
0	17	R2	7.122507e+00	7.122507e+00	3.740213e-09	1.378576e-14	6.442724e-02
0	18	R2	7.074637e+00	7.074637e+00	3.707632e-09	0.000000e+00	5.305352e-02
0	21	R2	7.412898e+00	7.412898e+00	3.937518e-09	0.000000e+00	1.923287e-02
0	22	R2	7.418398e+00	7.418398e+00	3.941248e-09	3.753285e-14	2.366403e-02
0	23	R2	8.041817e+00	8.041817e+00	4.362517e-09	0.000000e+00	4.138933e-02
0	24	R2	7.355645e+00	7.355645e+00	3.898667e-09	0.000000e+00	4.220231e-02
0	25	R2	8.080808e+00	8.080808e+00	4.388752e-09	0.000000e+00	6.007550e-02
0	26	R2	8.120179e+00	8.120179e+00	4.415230e-09	0.000000e+00	5.143109e-02
0	27	R2	8.661758e+00	8.661758e+00	4.778052e-09	0.000000e+00	3.751303e-02
0	28	R2	7.719027e+00	7.719027e+00	4.144808e-09	0.000000e+00	3.813337e-02
0	29	R2	7.742935e+00	7.742935e+00	4.160964e-09	-2.314776e-14	3.836994e-02
0	30	R2	7.674597e+00	7.674597e+00	4.114771e-09	0.000000e+00	5.831045e-02
0	31	R2	7.504690e+00	7.504690e+00	3.999754e-09	4.505745e-14	1.971213e-02
0	32	R2	7.550019e+00	7.550019e+00	4.030462e-09	-3.179860e-14	2.793136e-02
0	33	R2	7.955449e+00	7.955449e+00	4.304355e-09	3.118590e-14	2.848013e-02
0	34	R2	8.435259e+00	8.435259e+00	4.626630e-09	0.000000e+00	8.538432e-02
0	35	R2	9.492169e+00	9.492169e+00	5.329465e-09	-3.650947e-14	4.865469e-02
0	37	R2	8.952551e+00	8.952551e+00	4.971803e-09	-2.238728e-14	7.934670e-02
0	39	R2	6.637902e+00	6.637902e+00	3.409828e-09	0.000000e+00	2.908075e-02
0	41	R2	7.662835e+00	7.662835e+00	4.106817e-09	-5.402107e-14	1.644133e-02
0	42	R2	8.216927e+00	8.216927e+00	4.480236e-09	-3.095227e-14	5.739020e-02
0	43	R2	8.159935e+00	8.159935e+00	4.441952e-09	4.168472e-14	4.261410e-02
0	44	R2	7.939659e+00	7.939659e+00	4.293714e-09	1.531471e-14	5.799512e-02
0	45	R2	1.202790e+01	1.202790e+01	6.983082e-09	-1.805682e-14	9.837593e-02
0	46	R2	8.058018e+00	8.058018e+00	4.373419e-09	-4.274583e-14	4.155626e-02
0	47	R2	9.465215e+00	9.465215e+00	5.311656e-09	-5.083989e-14	3.494022e-02
0	48	R2	8.972633e+00	8.972633e+00	4.985156e-09	4.502920e-14	3.944899e-02
0	49	R2	8.054772e+00	8.054772e+00	4.371235e-09	4.278029e-14	4.152279e-02
0	50	R2	7.911392e+00	7.911392e+00	4.274660e-09	-6.600182e-14	2.691376e-02
0	51	R2	8.210181e+00	8.210181e+00	4.475706e-09	0.000000e+00	1.954805e-02
0	52	R2	7.766990e+00	7.766990e+00	4.177215e-09	-4.673951e-14	3.800547e-02
0	53	R2	9.195402e+00	9.195402e+00	5.133060e-09	0.000000e+00	6.679878e-02
0	54	R2	9.037506e+00	9.037506e+00	5.028270e-09	0.000000e+00	5.227297e-02
0	55	R2	8.291874e+00	8.291874e+00	4.530536e-09	0.000000e+00	3.919045e-02
0	56	R2	8.764242e+00	8.764242e+00	4.846418e-09	-4.057202e-14	4.378280e-02
0	57	R2	8.449514e+00	8.449514e+00	4.636173e-09	0.000000e+00	3.498320e-02
0	58	R2	8.802817e+00	8.802817e+00	4.872128e-09	1.805025e-14	9.841177e-02
0	61	R2	8.806693e+00	8.806693e+00	4.874711e-09	0.000000e+00	2.714525e-02
0	62	R2	8.806693e+00	8.806693e+00	4.874711e-09	0.000000e+00	3.877892e-02
0	63	R2	8.382230e+00	8.382230e+00	4.591112e-09	-4.861919e-14	3.653612e-02
0	64	R2	8.309098e+00	8.309098e+00	4.542089e-09	0.000000e+00	3.383015e-02
0	65	R2	8.392782e+00	8.392782e+00	4.598181e-09	5.043689e-14	3.521940e-02
0	66	R2	7.288630e+00	7.288630e+00	3.853159e-09	-1.479551e-14	6.003026e-02
0	67	R2	7.010165e+00	7.010165e+00	3.663729e-09	4.107628e-14	2.162266e-02
0	69	R2	8.438819e+00	8.438819e+00	4.629012e-09	5.800941e-14	3.062187e-02
0	70	R2	8.233841e+00	8.233841e+00	4.491592e-09	-2.847983e-14	6.237245e-02
0	71	R2	8.665511e+00	8.665511e+00	4.780557e-09	-4.150180e-14	4.280192e-02
0	72	R2	8.431703e+00	8.431703e+00	4.624248e-09	0.000000e+00	4.052336e-02
0	73	R2	8.183306e+00	8.183306e+00	4.457655e-09	-8.842017e-14	2.008995e-02
0	74	R2	7.791196e+00	7.791196e+00	4.193562e-09	0.000000e+00	3.460056e-02
0	76	R2	7.507508e+00	7.507508e+00	4.001663e-09	0.000000e+00	6.368982e-02
0	77	R2	6.925208e+00	6.925208e+00	3.605841e-09	2.178792e-14	4.076473e-02
0	78	R2	7.385524e+00	7.385524e+00	3.918945e-09	-2.293397e-14	3.872764e-02
0	79	R2	9.225092e+00	9.225092e+00	5.152742e-09	0.000000e+00	2.212661e-02
0	80	R2	7.782101e+00	7.782101e+00	4.187420e-09	-2.572952e-14	3.451983e-02
0	81	R2	8.361204e+00	8.361204e+00	4.577022e-09	0.000000e+00	2.866299e-02
0	82	R2	7.923930e+00	7.923930e+00	4.283113e-09	-3.289656e-14	2.699913e-02
0	83	R2	7.704160e+00	7.704160e+00	4.134759e-09	0.000000e+00	5.045097e-02
0	84	R2	7.927071e+00	7.927071e+00	4.285230e-09	-2.174510e-14	4.084499e-02
0	85	R2	8.631852e+00	8.631852e+00	4.758084e-09	-3.725138e-14	4.768567e-02
0	86	R2	8.061266e+00	8.061266e+00	4.375605e-09	0.000000e+00	2.274440e-02
0	87	R2	9.280742e+00	9.280742e+00	5.189612e-09	-1.945624e-14	9.130011e-02
0	88	R2	1.399972e+01	1.399972e+01	8.246676e-09	5.847360e-14	6.075757e-02
0	89	R2	1.097936e+01	1.097936e+01	6.304041e-09	-3.877865e-14	4.580760e-02
0	90	R2	1.078981e+01	1.078981e+01	6.180641e-09	3.548410e-14	5.006064e-02
0	91	R2	8.190008e+00	8.190008e+00	4.462157e-09	0.000000e+00	7.579614e-02
0	92	R2	7.504690e+00	7.504690e+00	3.999754e-09	2.464079e-14	3.604504e-02
0	93	R2	7.877117e+00	7.877117e+00	4.251547e-09	2.921256e-14	3.040400e-02
0	94	R2	6.949270e+00	6.949270e+00	3.622241e-09	0.000000e+00	2.028279e-02
0	95	R2	7.945967e+00	7.945967e+00	4.297965e-09	-3.907547e-14	2.272982e-02
0	96	R2	7.524454e+00	7.524454e+00	4.013145e-09	4.418978e-14	4.019836e-02
0	97	R2	8.000000e+00	8.000000e+00	4.334364e-09	4.869399e-14	3.648000e-02
0	98	R2	7.861635e+00	7.861635e+00	4.241104e-09	5.132352e-14	3.461097e-02
0	99	R2	8.153282e+00	8.153282e+00	4.437481e-09	-3.425869e-14	5.185128e-02
0	100	R2	7.806401e+00	7.806401e+00	4.203828e-09	0.000000e+00	1.706317e-02
0	101	R2	8.019246e+00	8.019246e+00	4.347323e-09	-3.890494e-14	4.565890e-02
0	102	R2	7.977663e+00	7.977663e+00	4.319320e-09	-3.987318e-14	2.227508e-02
0	104	R2	7.363770e+00	7.363770e+00	3.904181e-09	0.000000e+00	4.609135e-02
0	105	R2	6.389776e+00	6.389776e+00	3.240375e-09	-1.069844e-13	2.490584e-02
0	106	R2	7.288630e+00	7.288630e+00	3.853159e-09	-1.479551e-14	6.003026e-02
0	108	R2	8.074283e+00	8.074283e+00	4.384363e-09	2.961655e-14	5.997853e-02
0	109	R2	7.840063e+00	7.840063e+00	4.226548e-09	0.000000e+00	3.933861e-02
0	110	R2	7.936508e+00	7.936508e+00	4.291590e-09	2.473811e-14	3.590325e-02
0	111	R2	8.481764e+00	8.481764e+00	4.657757e-09	0.000000e+00	4.100598e-02
0	112	R2	9.784736e+00	9.784736e+00	5.522417e-09	0.000000e+00	3.542419e-02
0	113	R2	8.413967e+00	8.413967e+00	4.612372e-09	0.000000e+00	9.486509e-02
0	114	R2	1.351717e+01	1.351717e+01	7.938795e-09	-2.492839e-14	7.125838e-02
0	116	R2	7.272727e+00	7.272727e+00	3.842355e-09	2.365088e-14	3.755372e-02
0	117	R2	9.886307e+00	9.886307e+00	5.589254e-09	-1.975487e-14	8.991995e-02
0	118	R2	8.413967e+00	8.413967e+00	4.612372e-09	0.000000e+00	4.530870e-02
0	119	R2	8.707009e+00	8.707009e+00	4.808250e-09	1.338919e-13	2.653420e-02
0	120	R2	7.256894e+00	7.256894e+00	3.831597e-09	9.637416e-14	1.843188e-02
0	122	R2	7.624857e+00	7.624857e+00	4.081125e-09	-4.364844e-14	2.034846e-02
0	123	R2	7.905138e+00	7.905138e+00	4.270444e-09	0.000000e+00	7.061507e-02
0	124	R2	7.785130e+00	7.785130e+00	4.189466e-09	1.592871e-14	5.575959e-02
0	125	R2	7.507508e+00	7.507508e+00	4.001663e-09	0.000000e+00	6.368982e-02
0	127	R2	7.446016e+00	7.446016e+00	3.959980e-09	-1.117648e-13	2.384056e-02
0	128	R2	7.107321e+00	7.107321e+00	3.729878e-09	-1.776042e-14	5.000887e-02


1	2	NOE	2.154000e-01	2.154000e-01	8.308911e-10	2.312965e-14	3.600000e-03
1	5	NOE	8.574000e-01	8.574000e-01	1.359632e-08	1.914178e-14	5.800000e-03
1	6	NOE	9.090000e-01	8.602211e-01	1.701545e-05	9.755784e+00	5.000000e-03
1	9	NOE	8.318000e-01	8.318000e-01	4.271124e-09	-1.321694e-14	8.400000e-03
1	10	NOE	8.734000e-01	8.602211e-01	3.444906e-05	2.160478e+00	6.100000e-03
1	11	NOE	8.837000e-01	8.602211e-01	1.232253e-05	2.698726e+00	8.700000e-03
1	12	NOE	8.320000e-01	8.320000e-01	4.286329e-09	0.000000e+00	3.100000e-03
1	14	NOE	8.811000e-01	8.602211e-01	1.371797e-05	5.642951e+00	3.700000e-03
1	15	NOE	8.378000e-01	8.378000e-01	4.812068e-09	0.000000e+00	2.680000e-02
1	16	NOE	8.256000e-01	8.256000e-01	3.867089e-09	1.563694e-14	7.100000e-03
1	17	NOE	8.528000e-01	8.528000e-01	8.378546e-09	-6.493903e-08	3.400000e-03
1	18	NOE	8.363000e-01	8.363000e-01	4.657955e-09	-1.682156e-14	6.600000e-03
1	21	NOE	8.381000e-01	8.381000e-01	4.844754e-09	2.220446e-14	5.000000e-03
1	22	NOE	8.581000e-01	8.581000e-01	1.568141e-08	0.000000e+00	4.100000e-03
1	23	NOE	9.157000e-01	8.602211e-01	2.723241e-05	2.054775e+01	2.700000e-03
1	24	NOE	8.722000e-01	8.602211e-01	2.268311e-05	4.991216e+00	2.400000e-03
1	25	NOE	8.800000e-01	8.602211e-01	1.180696e-05	7.063900e+00	2.800000e-03
1	26	NOE	8.411000e-01	8.411000e-01	5.212756e-09	-2.701801e-07	2.100000e-03
1	27	NOE	8.520000e-01	8.520000e-01	7.959729e-09	-8.151665e-08	3.000000e-03
1	28	NOE	7.807000e-01	7.807000e-01	2.538453e-09	0.000000e+00	4.300000e-03
1	29	NOE	8.853000e-01	8.602211e-01	1.353959e-05	8.359640e+00	3.000000e-03
1	30	NOE	8.342000e-01	8.342000e-01	4.464973e-09	-3.469447e-14	3.200000e-03
1	31	NOE	8.846000e-01	8.602211e-01	2.963338e-05	5.299765e+00	4.600000e-03
1	32	NOE	8.722000e-01	8.602211e-01	2.268311e-05	1.736075e+00	6.900000e-03
1	33	NOE	8.715000e-01	8.602211e-01	1.819017e-05	2.968136e+00	3.800000e-03
1	34	NOE	8.260000e-01	8.260000e-01	3.889802e-09	1.500301e-14	7.400000e-03
1	35	NOE	8.488000e-01	8.488000e-01	6.750734e-09	0.000000e+00	5.600000e-03
1	37	NOE	8.650000e-01	8.602211e-01	1.342474e-05	9.370431e-01	5.100000e-03
1	39	NOE	7.294000e-01	7.294000e-01	1.967331e-09	0.000000e+00	4.200000e-03
1	41	NOE	7.818000e-01	7.818000e-01	2.556519e-09	0.000000e+00	6.100000e-03
1	42	NOE	8.210000e-01	8.210000e-01	3.631331e-09	-3.736986e-07	3.100000e-03
1	43	NOE	8.861000e-01	8.602211e-01	2.891052e-05	3.981372e+00	6.500000e-03
1	44	NOE	8.616000e-01	8.602211e-01	2.330825e-05	4.754890e-01	2.900000e-03
1	45	NOE	8.807000e-01	8.602211e-01	3.012888e-05	3.471003e+00	5.900000e-03
1	46	NOE	8.589000e-01	8.589000e-01	1.987185e-08	0.000000e+00	4.200000e-03
1	47	NOE	8.595000e-01	8.595000e-01	2.689926e-08	-4.054053e-09	5.300000e-03
1	48	NOE	8.629000e-01	8.602211e-01	1.520115e-05	4.252253e-01	6.300000e-03
1	49	NOE	8.628000e-01	8.602211e-01	1.699442e-05	3.264454e-01	7.900000e-03
1	50	NOE	8.373000e-01	8.373000e-01	4.759022e-09	0.000000e+00	3.700000e-03
1	51	NOE	8.927000e-01	8.602211e-01	1.248934e-05	5.324413e+00	6.100000e-03
1	52	NOE	8.825000e-01	8.602211e-01	1.984615e-05	1.727048e+00	1.290000e-02
1	53	NOE	9.087000e-01	8.602211e-01	1.224680e-05	8.358435e+00	5.800000e-03
1	54	NOE	7.802000e-01	7.802000e-01	2.530363e-09	0.000000e+00	3.600000e-03
1	55	NOE	8.431000e-01	8.431000e-01	5.510069e-09	-1.815229e-07	2.800000e-03
1	56	NOE	8.383000e-01	8.383000e-01	4.866916e-09	2.176908e-14	5.100000e-03
1	57	NOE	7.778000e-01	7.778000e-01	2.492558e-09	0.000000e+00	2.200000e-03
1	58	NOE	9.175000e-01	8.602211e-01	1.590691e-05	8.423370e+00	6.800000e-03
1	61	NOE	8.400000e-01	8.400000e-01	5.068353e-09	0.000000e+00	6.400000e-03
1	62	NOE	8.510000e-01	8.510000e-01	7.514886e-09	0.000000e+00	2.600000e-03
1	63	NOE	8.806000e-01	8.602211e-01	1.802470e-05	4.245608e+00	4.800000e-03
1	64	NOE	8.966000e-01	8.602211e-01	2.453320e-05	1.515788e+01	2.400000e-03
1	65	NOE	8.261000e-01	8.261000e-01	3.895542e-09	-2.413528e-14	4.600000e-03
1	66	NOE	8.923000e-01	8.602211e-01	1.987676e-05	8.019730e+00	4.000000e-03
1	67	NOE	7.974000e-01	7.974000e-01	2.861509e-09	1.682156e-14	6.600000e-03
1	69	NOE	8.100000e-01	8.100000e-01	3.205047e-09	0.000000e+00	4.900000e-03
1	70	NOE	8.740000e-01	8.602211e-01	1.847636e-05	1.059917e+00	1.300000e-02
1	71	NOE	8.478000e-01	8.478000e-01	6.472551e-09	0.000000e+00	2.600000e-03
1	72	NOE	8.860000e-01	8.602211e-01	1.975307e-05	8.592973e+00	3.000000e-03
1	73	NOE	8.347000e-01	8.347000e-01	4.508757e-09	1.000201e-14	1.110000e-02
1	74	NOE	8.646000e-01	8.602211e-01	2.608490e-05	1.042599e+00	4.200000e-03
1	76	NOE	7.985000e-01	7.985000e-01	2.887261e-09	0.000000e+00	1.460000e-02
1	77	NOE	7.701000e-01	7.701000e-01	2.381572e-09	-3.868837e-07	6.800000e-03
1	78	NOE	7.306000e-01	7.306000e-01	1.976694e-09	0.000000e+00	2.500000e-03
1	79	NOE	8.809000e-01	8.602211e-01	1.894138e-05	7.130662e+00	2.900000e-03
1	80	NOE	8.593000e-01	8.593000e-01	2.379982e-08	0.000000e+00	2.600000e-03
1	81	NOE	8.865000e-01	8.602211e-01	1.530266e-05	6.256886e+00	4.200000e-03
1	82	NOE	8.809000e-01	8.602211e-01	1.894138e-05	3.335309e+00	6.200000e-03
1	83	NOE	8.178000e-01	8.178000e-01	3.490402e-09	-4.471658e-07	2.800000e-03
1	84	NOE	8.341000e-01	8.341000e-01	4.456368e-09	-8.474985e-15	1.310000e-02
1	85	NOE	8.243000e-01	8.243000e-01	3.795903e-09	-2.581914e-14	4.300000e-03
1	86	NOE	8.219000e-01	8.219000e-01	3.674105e-09	0.000000e+00	8.400000e-03
1	87	NOE	8.570000e-01	8.570000e-01	1.272356e-08	0.000000e+00	8.600000e-03
1	88	NOE	8.694000e-01	8.602211e-01	1.600415e-05	4.412942e-01	2.080000e-02
1	89	NOE	8.477000e-01	8.477000e-01	6.446579e-09	3.364312e-14	3.300000e-03
1	90	NOE	8.603000e-01	8.602211e-01	2.330263e-05	1.272871e-02	6.200000e-03
1	91	NOE	8.262000e-01	8.262000e-01	3.901308e-09	0.000000e+00	3.500000e-03
1	92	NOE	8.490000e-01	8.490000e-01	6.810784e-09	0.000000e+00	1.340000e-02
1	93	NOE	7.983000e-01	7.983000e-01	2.882528e-09	0.000000e+00	3.500000e-03
1	94	NOE	8.164000e-01	8.164000e-01	3.433642e-09	0.000000e+00	3.400000e-03
1	95	NOE	8.840000e-01	8.602211e-01	1.325906e-05	5.661648e+00	4.200000e-03
1	96	NOE	9.125000e-01	8.602211e-01	2.297833e-05	1.686417e+01	3.100000e-03
1	97	NOE	8.378000e-01	8.378000e-01	4.812068e-09	0.000000e+00	3.100000e-03
1	98	NOE	7.951000e-01	7.951000e-01	2.809777e-09	-4.440892e-14	2.500000e-03
1	99	NOE	8.816000e-01	8.602211e-01	1.933275e-05	7.918118e+00	2.700000e-03
1	100	NOE	8.363000e-01	8.363000e-01	4.657955e-09	-2.220446e-14	5.000000e-03
1	101	NOE	8.309000e-01	8.309000e-01	4.204630e-09	-3.000603e-14	3.700000e-03
1	102	NOE	8.645000e-01	8.602211e-01	1.418493e-05	1.296642e+00	3.300000e-03
1	104	NOE	7.720000e-01	7.720000e-01	2.407611e-09	0.000000e+00	6.800000e-03
1	105	NOE	7.806000e-01	7.806000e-01	2.536829e-09	3.581365e-14	3.100000e-03
1	106	NOE	8.033000e-01	8.033000e-01	3.008197e-09	-1.609019e-14	6.900000e-03
1	108	NOE	8.490000e-01	8.490000e-01	6.810784e-09	0.000000e+00	5.800000e-03
1	109	NOE	8.311000e-01	8.311000e-01	4.219140e-09	2.921640e-14	3.800000e-03
1	110	NOE	8.649000e-01	8.602211e-01	1.977171e-05	1.417854e+00	3.300000e-03
1	111	NOE	8.810000e-01	8.602211e-01	1.899687e-05	2.416153e+00	8.600000e-03
1	112	NOE	8.539000e-01	8.539000e-01	9.079478e-09	9.408670e-15	1.180000e-02
1	113	NOE	8.444000e-01	8.444000e-01	5.732828e-09	0.000000e+00	4.600000e-03
1	114	NOE	8.652000e-01	8.602211e-01	1.618608e-05	7.543817e-01	6.600000e-03
1	116	NOE	8.076000e-01	8.076000e-01	3.130241e-09	5.937022e-15	1.870000e-02
1	117	NOE	8.662000e-01	8.602211e-01	1.283655e-05	1.128098e+00	5.300000e-03
1	118	NOE	8.212000e-01	8.212000e-01	3.640709e-09	-3.000603e-14	3.700000e-03
1	119	NOE	9.050000e-01	8.602211e-01	1.754480e-05	9.950871e+00	4.500000e-03
1	120	NOE	8.469000e-01	8.469000e-01	6.249437e-09	0.000000e+00	1.260000e-02
1	122	NOE	8.493000e-01	8.493000e-01	6.903932e-09	0.000000e+00	5.600000e-03
1	123	NOE	8.251000e-01	8.251000e-01	3.839243e-09	0.000000e+00	4.100000e-03
1	124	NOE	8.644000e-01	8.602211e-01	2.008204e-05	4.221130e-01	9.900000e-03
1	125	NOE	8.840000e-01	8.602211e-01	1.325906e-05	2.584665e+00	9.200000e-03
1	127	NOE	8.455000e-01	8.455000e-01	5.943901e-09	0.000000e+00	3.600000e-03
1	128	NOE	6.890000e-01	6.890000e-01	1.711480e-09	-4.111937e-14	2.700000e-03


2	2	R1	9.711566e-01	9.711566e-01	9.472412e-09	2.802737e-14	3.961210e-03
2	5	R1	1.673920e+00	1.673920e+00	4.967419e-09	1.553819e-14	1.429025e-02
2	6	R1	1.535155e+00	1.535155e+00	5.566514e-09	1.652954e-14	1.343320e-02
2	9	R1	1.576044e+00	1.576044e+00	5.381244e-09	1.117412e-14	1.987132e-02
2	10	R1	1.603335e+00	1.603335e+00	5.261862e-09	1.216560e-14	1.825185e-02
2	11	R1	1.546312e+00	1.546312e+00	5.515167e-09	9.879116e-15	2.247616e-02
2	12	R1	1.514693e+00	1.514693e+00	5.662308e-09	0.000000e+00	1.101261e-02
2	14	R1	1.535862e+00	1.535862e+00	5.563241e-09	0.000000e+00	1.556856e-02
2	15	R1	1.569366e+00	1.569366e+00	5.410965e-09	-2.121304e-14	2.093473e-02
2	16	R1	1.605394e+00	1.605394e+00	5.252986e-09	0.000000e+00	1.340191e-02
2	17	R1	1.504438e+00	1.504438e+00	5.711127e-09	7.546546e-14	1.176934e-02
2	18	R1	1.549667e+00	1.549667e+00	5.499847e-09	1.622141e-14	1.368836e-02
2	21	R1	1.539409e+00	1.539409e+00	5.546865e-09	4.684921e-14	1.421868e-02
2	22	R1	1.548947e+00	1.548947e+00	5.503131e-09	-4.705833e-14	1.415549e-02
2	23	R1	1.565925e+00	1.565925e+00	5.426358e-09	3.937044e-14	1.127976e-02
2	24	R1	1.501502e+00	1.501502e+00	5.725210e-09	1.563321e-14	1.420339e-02
2	25	R1	1.679261e+00	1.679261e+00	4.945919e-09	0.000000e+00	1.748349e-02
2	26	R1	1.696641e+00	1.696641e+00	4.876661e-09	0.000000e+00	1.151436e-02
2	27	R1	1.538462e+00	1.538462e+00	5.551233e-09	-2.535509e-14	1.751479e-02
2	28	R1	1.507613e+00	1.507613e+00	5.695951e-09	-5.233515e-14	1.272823e-02
2	29	R1	1.583531e+00	1.583531e+00	5.348164e-09	-4.024985e-14	1.654997e-02
2	30	R1	1.521838e+00	1.521838e+00	5.628613e-09	0.000000e+00	5.743660e-02
2	31	R1	1.586798e+00	1.586798e+00	5.333810e-09	0.000000e+00	1.460398e-02
2	32	R1	1.606426e+00	1.606426e+00	5.248546e-09	0.000000e+00	1.316108e-02
2	33	R1	1.601537e+00	1.601537e+00	5.269625e-09	1.442829e-14	1.538953e-02
2	34	R1	1.723841e+00	1.723841e+00	4.770357e-09	-7.547633e-15	2.941911e-02
2	35	R1	1.514234e+00	1.514234e+00	5.664480e-09	0.000000e+00	2.269975e-02
2	37	R1	1.564945e+00	1.564945e+00	5.430753e-09	-3.777728e-15	5.877729e-02
2	39	R1	1.529052e+00	1.529052e+00	5.594863e-09	0.000000e+00	2.805600e-02
2	41	R1	1.607976e+00	1.607976e+00	5.241884e-09	0.000000e+00	1.447928e-02
2	42	R1	1.688334e+00	1.688334e+00	4.909631e-09	0.000000e+00	1.254207e-02
2	43	R1	1.671961e+00	1.671961e+00	4.975332e-09	1.369493e-14	1.621363e-02
2	44	R1	1.609269e+00	1.609269e+00	5.236331e-09	1.210990e-06	1.502054e-02
2	45	R1	1.506251e+00	1.506251e+00	5.702456e-09	0.000000e+00	1.769658e-02
2	46	R1	1.607200e+00	1.607200e+00	5.245215e-09	6.096508e-15	3.642161e-02
2	47	R1	1.607200e+00	1.607200e+00	5.245215e-09	-6.768564e-15	3.280528e-02
2	48	R1	1.547269e+00	1.547269e+00	5.510791e-09	1.324984e-14	1.675829e-02
2	49	R1	1.666667e+00	1.666667e+00	4.996787e-09	1.051790e-14	2.111111e-02
2	50	R1	1.662787e+00	1.662787e+00	5.012575e-09	1.384647e-14	1.603619e-02
2	51	R1	1.766472e+00	1.766472e+00	4.608535e-09	1.009340e-14	4.399799e-02
2	52	R1	1.702707e+00	1.702707e+00	4.852735e-09	4.162386e-15	5.334550e-02
2	53	R1	1.562744e+00	1.562744e+00	5.440639e-09	0.000000e+00	2.051422e-02
2	54	R1	1.496110e+00	1.496110e+00	5.751186e-09	1.653339e-14	1.343007e-02
2	55	R1	1.511487e+00	1.511487e+00	5.677508e-09	-1.705126e-14	1.302219e-02
2	56	R1	1.584786e+00	1.584786e+00	5.342644e-09	3.683729e-14	1.205542e-02
2	57	R1	1.600512e+00	1.600512e+00	5.274059e-09	1.844270e-14	1.203970e-02
2	58	R1	1.587554e+00	1.587554e+00	5.330496e-09	3.524061e-14	1.260163e-02
2	61	R1	1.575299e+00	1.575299e+00	5.384549e-09	-1.443186e-14	1.538572e-02
2	62	R1	1.601794e+00	1.601794e+00	5.268516e-09	1.373682e-14	1.616419e-02
2	63	R1	1.735509e+00	1.735509e+00	4.725505e-09	9.101264e-15	2.439712e-02
2	64	R1	1.634788e+00	1.634788e+00	5.128213e-09	-1.432482e-14	1.550069e-02
2	65	R1	1.535155e+00	1.535155e+00	5.566514e-09	-1.427552e-14	1.555423e-02
2	66	R1	1.509434e+00	1.509434e+00	5.687274e-09	0.000000e+00	1.367035e-02
2	67	R1	1.509206e+00	1.509206e+00	5.688359e-09	0.000000e+00	1.207183e-02
2	69	R1	1.627339e+00	1.627339e+00	5.159497e-09	-1.552710e-14	1.430046e-02
2	70	R1	1.519757e+00	1.519757e+00	5.638401e-09	1.961986e-14	1.131734e-02
2	71	R1	1.584033e+00	1.584033e+00	5.345956e-09	0.000000e+00	1.781504e-02
2	72	R1	1.667500e+00	1.667500e+00	4.993401e-09	0.000000e+00	1.779557e-02
2	73	R1	1.634254e+00	1.634254e+00	5.130450e-09	0.000000e+00	1.495640e-02
2	74	R1	1.635858e+00	1.635858e+00	5.123739e-09	-8.922079e-15	2.488709e-02
2	76	R1	1.456240e+00	1.456240e+00	5.948306e-09	3.807515e-14	1.166349e-02
2	77	R1	1.374004e+00	1.374004e+00	6.385675e-09	-1.633548e-14	1.359278e-02
2	78	R1	1.603335e+00	1.603335e+00	5.261862e-09	-1.919461e-14	1.156807e-02
2	79	R1	1.605394e+00	1.605394e+00	5.252986e-09	-1.485419e-14	1.494828e-02
2	80	R1	1.600256e+00	1.600256e+00	5.275167e-09	2.064486e-14	1.075544e-02
2	81	R1	1.664447e+00	1.664447e+00	5.005811e-09	0.000000e+00	1.689935e-02
2	82	R1	1.566661e+00	1.566661e+00	5.423060e-09	0.000000e+00	1.693555e-02
2	83	R1	1.589825e+00	1.589825e+00	5.320549e-09	2.091665e-14	1.061568e-02
2	84	R1	1.652619e+00	1.652619e+00	5.054218e-09	-5.211586e-15	4.260595e-02
2	85	R1	1.671682e+00	1.671682e+00	4.976462e-09	7.640112e-15	2.906301e-02
2	86	R1	1.653439e+00	1.653439e+00	5.050846e-09	0.000000e+00	1.585639e-02
2	87	R1	1.681803e+00	1.681803e+00	4.935723e-09	0.000000e+00	5.996337e-02
2	88	R1	1.602051e+00	1.602051e+00	5.267407e-09	-3.828065e-15	5.800440e-02
2	89	R1	1.520913e+00	1.520913e+00	5.632963e-09	1.170625e-14	1.896803e-02
2	90	R1	1.556178e+00	1.556178e+00	5.470266e-09	-9.966297e-15	2.227955e-02
2	91	R1	1.613424e+00	1.613424e+00	5.218546e-09	0.000000e+00	1.561882e-02
2	92	R1	1.564700e+00	1.564700e+00	5.431852e-09	1.486785e-14	1.493455e-02
2	93	R1	1.612643e+00	1.612643e+00	5.221882e-09	-8.624392e-15	2.574612e-02
2	94	R1	1.460920e+00	1.460920e+00	5.924693e-09	0.000000e+00	1.216544e-02
2	95	R1	1.682652e+00	1.682652e+00	4.932322e-09	-1.307075e-14	1.698790e-02
2	96	R1	1.539883e+00	1.539883e+00	5.544681e-09	-1.318884e-14	1.683580e-02
2	97	R1	1.696929e+00	1.696929e+00	4.875523e-09	7.274569e-15	3.052341e-02
2	98	R1	1.494768e+00	1.494768e+00	5.757676e-09	2.070386e-14	1.072480e-02
2	99	R1	1.605652e+00	1.605652e+00	5.251876e-09	1.510993e-14	1.469527e-02
2	100	R1	1.708526e+00	1.708526e+00	4.829906e-09	8.359030e-15	2.656344e-02
2	101	R1	1.688049e+00	1.688049e+00	4.910767e-09	0.000000e+00	1.595725e-02
2	102	R1	1.584284e+00	1.584284e+00	5.344852e-09	0.000000e+00	1.505973e-02
2	104	R1	1.430820e+00	1.430820e+00	6.078854e-09	3.873578e-14	1.146457e-02
2	105	R1	1.492760e+00	1.492760e+00	5.767406e-09	2.317350e-14	9.581831e-03
2	106	R1	1.484120e+00	1.484120e+00	5.809524e-09	-1.976660e-14	1.123332e-02
2	108	R1	1.498576e+00	1.498576e+00	5.739284e-09	-1.373251e-14	1.616926e-02
2	109	R1	1.602307e+00	1.602307e+00	5.266298e-09	-1.361993e-14	3.260584e-02
2	110	R1	1.702997e+00	1.702997e+00	4.851594e-09	-2.285428e-14	1.943134e-02
2	111	R1	1.711743e+00	1.711743e+00	4.817333e-09	-1.377846e-14	1.611534e-02
2	112	R1	1.659751e+00	1.659751e+00	5.024968e-09	0.000000e+00	4.104613e-02
2	113	R1	1.626810e+00	1.626810e+00	5.161730e-09	0.000000e+00	6.351625e-02
2	114	R1	1.678416e+00	1.678416e+00	4.949316e-09	-1.010524e-14	2.197321e-02
2	116	R1	1.470156e+00	1.470156e+00	5.878477e-09	-1.300428e-14	1.707473e-02
2	117	R1	1.756235e+00	1.756235e+00	4.646887e-09	1.220178e-14	1.819772e-02
2	118	R1	1.631854e+00	1.631854e+00	5.140511e-09	-3.578671e-15	6.204666e-02
2	119	R1	1.596424e+00	1.596424e+00	5.291784e-09	0.000000e+00	1.478170e-02
2	120	R1	1.500825e+00	1.500825e+00	5.728459e-09	0.000000e+00	2.004705e-02
2	122	R1	1.571339e+00	1.571339e+00	5.402164e-09	3.211756e-14	1.382699e-02
2	123	R1	1.655903e+00	1.655903e+00	5.040725e-09	0.000000e+00	1.645209e-02
2	124	R1	1.618909e+00	1.618909e+00	5.195176e-09	1.694437e-14	1.310433e-02
2	125	R1	1.642845e+00	1.642845e+00	5.094624e-09	0.000000e+00	1.484418e-02
2	127	R1	1.574555e+00	1.574555e+00	5.387853e-09	1.399408e-14	1.586703e-02
2	128	R1	1.588562e+00	1.588562e+00	5.326076e-09	-1.660182e-14	1.337471e-02


