0	2	R2	3.028009e+00	3.028009e+00	1.329835e-09	-2.584558e-15	1.718240e-01
0	5	R2	6.607202e+00	6.607202e+00	3.984225e-09	4.238614e-14	2.095446e-02
0	6	R2	6.159532e+00	6.159532e+00	3.602454e-09	0.000000e+00	2.238450e-02
0	9	R2	6.281407e+00	6.281407e+00	3.705588e-09	2.648301e-14	3.353766e-02
0	10	R2	7.418398e+00	7.418398e+00	4.690160e-09	-3.508506e-14	2.531501e-02
0	11	R2	6.915629e+00	6.915629e+00	4.251087e-09	-2.901729e-14	3.060859e-02
0	12	R2	7.017544e+00	7.017544e+00	4.339761e-09	0.000000e+00	1.920591e-02
0	14	R2	6.197707e+00	6.197707e+00	3.634686e-09	0.000000e+00	5.147150e-02
0	15	R2	6.355259e+00	6.355259e+00	3.768397e-09	1.004129e-14	8.845260e-02
0	16	R2	6.197707e+00	6.197707e+00	3.634686e-09	0.000000e+00	1.997402e-02
0	17	R2	5.704507e+00	5.704507e+00	3.224192e-09	-1.935731e-14	4.588337e-02
0	18	R2	6.049607e+00	6.049607e+00	3.510035e-09	0.000000e+00	5.709248e-02
0	21	R2	6.209252e+00	6.209252e+00	3.644447e-09	-2.678695e-14	3.315713e-02
0	22	R2	6.016847e+00	6.016847e+00	3.482611e-09	0.000000e+00	3.041006e-02
0	23	R2	6.285355e+00	6.285355e+00	3.708940e-09	6.333040e-14	2.804904e-02
0	24	R2	6.093845e+00	6.093845e+00	3.547156e-09	3.569789e-14	2.488042e-02
0	25	R2	6.335128e+00	6.335128e+00	3.751254e-09	2.837232e-14	3.130440e-02
0	26	R2	6.533812e+00	6.533812e+00	3.921127e-09	0.000000e+00	1.750319e-02
0	27	R2	6.493506e+00	6.493506e+00	3.886549e-09	-3.097653e-14	2.867263e-02
0	28	R2	6.301197e+00	6.301197e+00	3.722397e-09	-4.301805e-14	2.064664e-02
0	29	R2	6.591958e+00	6.591958e+00	3.971105e-09	-2.878810e-14	3.085227e-02
0	30	R2	6.559528e+00	6.559528e+00	3.943216e-09	1.575737e-14	1.127318e-01
0	31	R2	6.367399e+00	6.367399e+00	3.778743e-09	0.000000e+00	4.865252e-02
0	32	R2	6.416426e+00	6.416426e+00	3.820584e-09	-3.370807e-14	2.634913e-02
0	33	R2	6.251954e+00	6.251954e+00	3.680603e-09	3.986519e-14	2.227955e-02
0	34	R2	6.731740e+00	6.731740e+00	4.091677e-09	4.899881e-14	5.437959e-02
0	35	R2	6.896552e+00	6.896552e+00	4.234512e-09	0.000000e+00	8.751486e-02
0	37	R2	6.561680e+00	6.561680e+00	3.945066e-09	0.000000e+00	5.597233e-02
0	39	R2	5.552471e+00	5.552471e+00	3.100625e-09	0.000000e+00	3.021333e-02
0	41	R2	6.255865e+00	6.255865e+00	3.683918e-09	-4.631583e-14	1.917656e-02
0	42	R2	6.339144e+00	6.339144e+00	3.754673e-09	2.833638e-14	3.134410e-02
0	43	R2	6.568144e+00	6.568144e+00	3.950623e-09	-2.606080e-14	3.408101e-02
0	44	R2	6.546645e+00	6.546645e+00	3.932147e-09	-3.700621e-14	2.400079e-02
0	45	R2	8.038585e+00	8.038585e+00	5.234838e-09	0.000000e+00	3.101705e-02
0	46	R2	6.568144e+00	6.568144e+00	3.950623e-09	-1.790264e-14	4.961160e-02
0	47	R2	7.256894e+00	7.256894e+00	4.548727e-09	2.007795e-14	4.423651e-02
0	48	R2	7.032349e+00	7.032349e+00	4.352659e-09	0.000000e+00	5.439932e-02
0	49	R2	6.489293e+00	6.489293e+00	3.882938e-09	1.454580e-14	6.106083e-02
0	50	R2	6.682259e+00	6.682259e+00	4.048930e-09	0.000000e+00	2.813113e-02
0	51	R2	6.691201e+00	6.691201e+00	4.056651e-09	0.000000e+00	2.999736e-02
0	52	R2	6.273526e+00	6.273526e+00	3.698898e-09	-1.594852e-14	1.113807e-01
0	53	R2	7.296607e+00	7.296607e+00	4.583478e-09	-1.382666e-06	5.643490e-02
0	54	R2	7.285974e+00	7.285974e+00	4.574172e-09	0.000000e+00	3.397467e-02
0	55	R2	6.842285e+00	6.842285e+00	4.187409e-09	-1.405284e-14	6.320277e-02
0	56	R2	7.034822e+00	7.034822e+00	4.354814e-09	0.000000e+00	1.534150e-02
0	57	R2	6.734007e+00	6.734007e+00	4.093637e-09	0.000000e+00	1.949914e-02
0	58	R2	6.889425e+00	6.889425e+00	4.228322e-09	0.000000e+00	2.278280e-02
0	61	R2	7.165890e+00	7.165890e+00	4.469172e-09	-2.369393e-14	3.748549e-02
0	62	R2	7.272727e+00	7.272727e+00	4.562579e-09	0.000000e+00	5.236364e-02
0	63	R2	6.825939e+00	6.825939e+00	4.173234e-09	-1.554975e-06	4.612750e-02
0	64	R2	6.851662e+00	6.851662e+00	4.195543e-09	2.956163e-14	3.004497e-02
0	65	R2	6.731740e+00	6.731740e+00	4.091677e-09	5.547035e-14	4.803531e-02
0	66	R2	6.077180e+00	6.077180e+00	3.533160e-09	8.152184e-14	2.178995e-02
0	67	R2	5.842828e+00	5.842828e+00	3.337920e-09	0.000000e+00	2.423843e-02
0	69	R2	6.702413e+00	6.702413e+00	4.066333e-09	1.997113e-14	4.447311e-02
0	70	R2	6.635700e+00	6.635700e+00	4.008773e-09	4.384993e-14	2.025496e-02
0	71	R2	7.117438e+00	7.117438e+00	4.426864e-09	-2.504695e-14	3.546054e-02
0	72	R2	6.913239e+00	6.913239e+00	4.249010e-09	3.716782e-14	2.389644e-02
0	73	R2	6.677796e+00	6.677796e+00	4.045079e-09	0.000000e+00	6.020050e-02
0	74	R2	6.209252e+00	6.209252e+00	3.644447e-09	-1.206114e-14	7.363968e-02
0	76	R2	6.033183e+00	6.033183e+00	3.496278e-09	0.000000e+00	5.423494e-02
0	77	R2	5.428882e+00	5.428882e+00	3.001374e-09	4.244447e-14	2.092566e-02
0	78	R2	6.049607e+00	6.049607e+00	3.510035e-09	0.000000e+00	2.049474e-02
0	79	R2	7.371913e+00	7.371913e+00	4.649424e-09	9.233504e-15	9.619083e-02
0	80	R2	6.443299e+00	6.443299e+00	3.843557e-09	0.000000e+00	2.158837e-02
0	81	R2	6.688963e+00	6.688963e+00	4.054718e-09	3.817502e-14	2.326596e-02
0	82	R2	6.677796e+00	6.677796e+00	4.045079e-09	0.000000e+00	4.102553e-02
0	83	R2	6.400000e+00	6.400000e+00	3.806556e-09	3.388132e-14	2.621440e-02
0	84	R2	6.476684e+00	6.476684e+00	3.872134e-09	-2.379057e-14	3.733322e-02
0	85	R2	6.879945e+00	6.879945e+00	4.220091e-09	0.000000e+00	3.692024e-02
0	86	R2	6.662225e+00	6.662225e+00	4.031644e-09	0.000000e+00	2.618729e-02
0	87	R2	7.032349e+00	7.032349e+00	4.352659e-09	0.000000e+00	3.906860e-02
0	88	R2	8.576329e+00	8.576329e+00	5.707111e-09	0.000000e+00	1.037103e-01
0	89	R2	7.736944e+00	7.736944e+00	4.969747e-09	1.612774e-14	5.507148e-02
0	90	R2	7.530120e+00	7.530120e+00	4.788144e-09	0.000000e+00	2.835136e-02
0	91	R2	6.501951e+00	6.501951e+00	3.893789e-09	6.464419e-14	2.747898e-02
0	92	R2	6.190034e+00	6.190034e+00	3.628202e-09	0.000000e+00	5.134414e-02
0	93	R2	6.375518e+00	6.375518e+00	3.785666e-09	0.000000e+00	1.869773e-02
0	94	R2	5.747126e+00	5.747126e+00	3.259106e-09	-4.234723e-14	4.194742e-02
0	95	R2	6.559528e+00	6.559528e+00	3.943216e-09	6.450674e-14	2.753754e-02
0	96	R2	6.255865e+00	6.255865e+00	3.683918e-09	-3.546055e-14	2.504694e-02
0	97	R2	6.533812e+00	6.533812e+00	3.921127e-09	0.000000e+00	3.927545e-02
0	98	R2	6.408202e+00	6.408202e+00	3.813560e-09	0.000000e+00	2.012188e-02
0	99	R2	6.605020e+00	6.605020e+00	3.982347e-09	0.000000e+00	2.443072e-02
0	100	R2	6.303183e+00	6.303183e+00	3.724084e-09	3.493015e-14	2.542728e-02
0	101	R2	6.466214e+00	6.466214e+00	3.863168e-09	0.000000e+00	1.296170e-02
0	102	R2	6.572461e+00	6.572461e+00	3.954335e-09	-3.212655e-14	2.764624e-02
0	104	R2	6.101281e+00	6.101281e+00	3.553405e-09	0.000000e+00	5.248814e-02
0	105	R2	5.180005e+00	5.180005e+00	2.805036e-09	-4.443074e-14	3.998036e-02
0	106	R2	5.629046e+00	5.629046e+00	3.162665e-09	0.000000e+00	2.471520e-02
0	108	R2	6.533812e+00	6.533812e+00	3.921127e-09	0.000000e+00	2.860277e-02
0	109	R2	6.445375e+00	6.445375e+00	3.845334e-09	7.372347e-14	2.409486e-02
0	110	R2	6.576784e+00	6.576784e+00	3.958052e-09	-4.106795e-14	2.162704e-02
0	111	R2	6.854010e+00	6.854010e+00	4.197580e-09	0.000000e+00	2.630737e-02
0	112	R2	7.291287e+00	7.291287e+00	4.578821e-09	0.000000e+00	5.369449e-02
0	113	R2	6.800408e+00	6.800408e+00	4.151107e-09	-3.919532e-14	2.266032e-02
0	114	R2	1.001904e+01	1.001904e+01	6.964663e-09	-4.316130e-14	4.115625e-02
0	116	R2	6.285355e+00	6.285355e+00	3.708940e-09	5.483486e-14	3.239466e-02
0	117	R2	7.293946e+00	7.293946e+00	4.581148e-09	3.338913e-14	2.660082e-02
0	118	R2	6.540222e+00	6.540222e+00	3.926631e-09	0.000000e+00	4.234676e-02
0	119	R2	6.837607e+00	6.837607e+00	4.183352e-09	4.871104e-14	3.646724e-02
0	120	R2	6.079027e+00	6.079027e+00	3.534711e-09	3.641565e-14	2.439002e-02
0	122	R2	6.485084e+00	6.485084e+00	3.879331e-09	4.980846e-15	1.783188e-01
0	123	R2	6.416426e+00	6.416426e+00	3.820584e-09	-2.765790e-14	3.211301e-02
0	124	R2	6.184292e+00	6.184292e+00	3.623351e-09	4.222382e-14	2.103501e-02
0	125	R2	6.402049e+00	6.402049e+00	3.808305e-09	-6.771927e-14	2.623119e-02
0	127	R2	5.856515e+00	5.856515e+00	3.349238e-09	0.000000e+00	2.332317e-02
0	128	R2	5.602241e+00	5.602241e+00	3.140902e-09	0.000000e+00	2.793274e-02


1	2	NOE	1.361000e-01	1.361000e-01	1.457560e-09	1.027984e-14	1.080000e-02
1	5	NOE	7.181000e-01	7.181000e-01	4.008390e-09	0.000000e+00	3.800000e-03
1	6	NOE	6.923000e-01	6.923000e-01	3.576076e-09	9.489086e-15	1.170000e-02
1	9	NOE	7.269000e-01	7.269000e-01	4.194598e-09	0.000000e+00	2.280000e-02
1	10	NOE	7.245000e-01	7.245000e-01	4.141326e-09	0.000000e+00	9.400000e-03
1	11	NOE	7.030000e-01	7.030000e-01	3.738298e-09	8.347542e-15	1.330000e-02
1	12	NOE	7.126000e-01	7.126000e-01	3.903576e-09	0.000000e+00	4.800000e-03
1	14	NOE	7.136000e-01	7.136000e-01	3.922039e-09	-2.220446e-14	5.000000e-03
1	15	NOE	6.857000e-01	6.857000e-01	3.485637e-09	0.000000e+00	8.100000e-03
1	16	NOE	7.094000e-01	7.094000e-01	3.846148e-09	0.000000e+00	5.100000e-03
1	17	NOE	6.752000e-01	6.752000e-01	3.354459e-09	0.000000e+00	6.200000e-03
1	18	NOE	6.781000e-01	6.781000e-01	3.389259e-09	-7.930164e-15	1.400000e-02
1	21	NOE	7.243000e-01	7.243000e-01	4.136976e-09	-8.223874e-15	1.350000e-02
1	22	NOE	6.946000e-01	6.946000e-01	3.609223e-09	0.000000e+00	4.700000e-03
1	23	NOE	7.063000e-01	7.063000e-01	3.792795e-09	1.586033e-14	7.000000e-03
1	24	NOE	7.365000e-01	7.365000e-01	4.429639e-09	0.000000e+00	1.330000e-02
1	25	NOE	6.757000e-01	6.757000e-01	3.360386e-09	0.000000e+00	3.400000e-03
1	26	NOE	7.322000e-01	7.322000e-01	4.319706e-09	1.881734e-14	5.900000e-03
1	27	NOE	7.084000e-01	7.084000e-01	3.828700e-09	-2.312965e-14	4.800000e-03
1	28	NOE	6.928000e-01	6.928000e-01	3.583207e-09	0.000000e+00	5.900000e-03
1	29	NOE	7.144000e-01	7.144000e-01	3.936995e-09	2.643388e-14	4.200000e-03
1	30	NOE	7.408000e-01	7.408000e-01	4.548193e-09	-2.312965e-14	4.800000e-03
1	31	NOE	7.219000e-01	7.219000e-01	4.085788e-09	0.000000e+00	5.600000e-03
1	32	NOE	7.125000e-01	7.125000e-01	3.901743e-09	2.523234e-14	4.400000e-03
1	33	NOE	7.183000e-01	7.183000e-01	4.012358e-09	-2.413528e-14	4.600000e-03
1	34	NOE	7.265000e-01	7.265000e-01	4.185580e-09	-4.684485e-15	2.370000e-02
1	35	NOE	7.066000e-01	7.066000e-01	3.797864e-09	-8.103818e-15	1.370000e-02
1	37	NOE	7.311000e-01	7.311000e-01	4.292844e-09	1.820038e-14	6.100000e-03
1	39	NOE	5.825000e-01	5.825000e-01	2.598342e-09	4.724353e-14	4.700000e-03
1	41	NOE	7.008000e-01	7.008000e-01	3.703205e-09	-3.172066e-14	3.500000e-03
1	42	NOE	7.200000e-01	7.200000e-01	4.046550e-09	0.000000e+00	1.510000e-02
1	43	NOE	7.057000e-01	7.057000e-01	3.782715e-09	-4.613853e-07	7.300000e-03
1	44	NOE	7.141000e-01	7.141000e-01	3.931367e-09	0.000000e+00	6.200000e-03
1	45	NOE	7.464000e-01	7.464000e-01	4.717515e-09	0.000000e+00	1.110000e-02
1	46	NOE	7.143000e-01	7.143000e-01	3.935116e-09	7.656711e-15	1.450000e-02
1	47	NOE	7.301000e-01	7.301000e-01	4.268843e-09	0.000000e+00	6.400000e-03
1	48	NOE	7.077000e-01	7.077000e-01	3.816622e-09	-8.223874e-15	1.350000e-02
1	49	NOE	7.309000e-01	7.309000e-01	4.288012e-09	-2.018587e-14	5.500000e-03
1	50	NOE	7.266000e-01	7.266000e-01	4.187829e-09	7.116814e-15	1.560000e-02
1	51	NOE	7.321000e-01	7.321000e-01	4.317244e-09	1.790682e-14	6.200000e-03
1	52	NOE	7.152000e-01	7.152000e-01	3.952118e-09	-1.405346e-14	7.900000e-03
1	53	NOE	7.099000e-01	7.099000e-01	3.854959e-09	0.000000e+00	4.000000e-03
1	54	NOE	7.532000e-01	7.532000e-01	4.950347e-09	-3.364312e-14	3.300000e-03
1	55	NOE	7.207000e-01	7.207000e-01	4.060878e-09	-2.775558e-14	4.000000e-03
1	56	NOE	7.398000e-01	7.398000e-01	4.519794e-09	0.000000e+00	1.050000e-02
1	57	NOE	7.221000e-01	7.221000e-01	4.089983e-09	2.846726e-14	3.900000e-03
1	58	NOE	7.376000e-01	7.376000e-01	4.459103e-09	0.000000e+00	3.900000e-03
1	61	NOE	7.195000e-01	7.195000e-01	4.036405e-09	0.000000e+00	5.900000e-03
1	62	NOE	7.366000e-01	7.366000e-01	4.432294e-09	0.000000e+00	5.700000e-03
1	63	NOE	7.433000e-01	7.433000e-01	4.621546e-09	0.000000e+00	4.500000e-03
1	64	NOE	7.281000e-01	7.281000e-01	4.221995e-09	0.000000e+00	1.360000e-02
1	65	NOE	7.473000e-01	7.473000e-01	4.746491e-09	1.405346e-14	7.900000e-03
1	66	NOE	6.906000e-01	6.906000e-01	3.552134e-09	-9.251859e-15	1.200000e-02
1	67	NOE	6.917000e-01	6.917000e-01	3.567573e-09	0.000000e+00	8.300000e-03
1	69	NOE	7.297000e-01	7.297000e-01	4.259352e-09	0.000000e+00	3.300000e-03
1	70	NOE	7.045000e-01	7.045000e-01	3.762786e-09	1.247442e-14	8.900000e-03
1	71	NOE	7.342000e-01	7.342000e-01	4.369833e-09	0.000000e+00	8.200000e-03
1	72	NOE	7.392000e-01	7.392000e-01	4.503002e-09	0.000000e+00	4.900000e-03
1	73	NOE	7.378000e-01	7.378000e-01	4.464522e-09	-5.163828e-14	4.300000e-03
1	74	NOE	7.008000e-01	7.008000e-01	3.703205e-09	-1.541976e-14	7.200000e-03
1	76	NOE	7.200000e-01	7.200000e-01	4.046550e-09	0.000000e+00	9.900000e-03
1	77	NOE	6.874000e-01	6.874000e-01	3.508298e-09	3.524518e-14	6.300000e-03
1	78	NOE	6.613000e-01	6.613000e-01	3.200860e-09	7.552538e-15	1.470000e-02
1	79	NOE	7.489000e-01	7.489000e-01	4.799322e-09	0.000000e+00	1.410000e-02
1	80	NOE	7.217000e-01	7.217000e-01	4.081605e-09	-1.881734e-14	1.180000e-02
1	81	NOE	7.108000e-01	7.108000e-01	3.870968e-09	-8.163405e-15	1.360000e-02
1	82	NOE	7.263000e-01	7.263000e-01	4.181092e-09	0.000000e+00	4.200000e-03
1	83	NOE	7.032000e-01	7.032000e-01	3.741536e-09	0.000000e+00	3.600000e-03
1	84	NOE	7.109000e-01	7.109000e-01	3.872759e-09	0.000000e+00	5.200000e-03
1	85	NOE	7.107000e-01	7.107000e-01	3.869180e-09	-4.587698e-15	2.420000e-02
1	86	NOE	7.007000e-01	7.007000e-01	3.701632e-09	8.474985e-15	1.310000e-02
1	87	NOE	7.234000e-01	7.234000e-01	4.117562e-09	5.212315e-15	2.130000e-02
1	88	NOE	7.070000e-01	7.070000e-01	3.804654e-09	0.000000e+00	2.810000e-02
1	89	NOE	7.179000e-01	7.179000e-01	4.004434e-09	0.000000e+00	3.800000e-03
1	90	NOE	6.975000e-01	6.975000e-01	3.652312e-09	2.135044e-14	5.200000e-03
1	91	NOE	7.128000e-01	7.128000e-01	3.907248e-09	-2.413528e-14	4.600000e-03
1	92	NOE	7.006000e-01	7.006000e-01	3.700062e-09	-7.473727e-07	4.700000e-03
1	93	NOE	7.148000e-01	7.148000e-01	3.944535e-09	-1.460820e-14	7.600000e-03
1	94	NOE	6.873000e-01	6.873000e-01	3.506954e-09	-3.172066e-14	3.500000e-03
1	95	NOE	7.403000e-01	7.403000e-01	4.533928e-09	0.000000e+00	8.800000e-03
1	96	NOE	7.067000e-01	7.067000e-01	3.799559e-09	-2.121445e-14	1.570000e-02
1	97	NOE	7.153000e-01	7.153000e-01	3.954020e-09	0.000000e+00	9.600000e-03
1	98	NOE	7.071000e-01	7.071000e-01	3.806357e-09	-1.586033e-14	7.000000e-03
1	99	NOE	7.241000e-01	7.241000e-01	4.132638e-09	-2.775558e-14	4.000000e-03
1	100	NOE	6.821000e-01	6.821000e-01	3.439012e-09	0.000000e+00	3.000000e-03
1	101	NOE	6.920000e-01	6.920000e-01	3.571817e-09	0.000000e+00	3.500000e-03
1	102	NOE	7.175000e-01	7.175000e-01	3.996556e-09	0.000000e+00	4.000000e-03
1	104	NOE	6.160000e-01	6.160000e-01	2.812361e-09	0.000000e+00	7.500000e-03
1	105	NOE	5.718000e-01	5.718000e-01	2.539092e-09	2.265761e-14	4.900000e-03
1	106	NOE	6.223000e-01	6.223000e-01	2.858437e-09	-5.843279e-14	3.800000e-03
1	108	NOE	7.380000e-01	7.380000e-01	4.469960e-09	0.000000e+00	1.090000e-02
1	109	NOE	7.028000e-01	7.028000e-01	3.735068e-09	-1.632681e-14	6.800000e-03
1	110	NOE	7.163000e-01	7.163000e-01	3.973191e-09	2.312965e-14	4.800000e-03
1	111	NOE	7.394000e-01	7.394000e-01	4.508579e-09	-2.523234e-14	4.400000e-03
1	112	NOE	7.217000e-01	7.217000e-01	4.081605e-09	-3.469447e-14	6.400000e-03
1	113	NOE	7.218000e-01	7.218000e-01	4.083695e-09	0.000000e+00	5.600000e-03
1	114	NOE	7.218000e-01	7.218000e-01	4.083695e-09	0.000000e+00	1.790000e-02
1	116	NOE	7.096000e-01	7.096000e-01	3.849665e-09	0.000000e+00	5.100000e-03
1	117	NOE	7.154000e-01	7.154000e-01	3.955925e-09	0.000000e+00	3.800000e-03
1	118	NOE	7.199000e-01	7.199000e-01	4.044515e-09	0.000000e+00	1.560000e-02
1	119	NOE	7.286000e-01	7.286000e-01	4.233566e-09	3.265362e-14	3.400000e-03
1	120	NOE	7.224000e-01	7.224000e-01	4.096299e-09	-7.352470e-15	1.510000e-02
1	122	NOE	6.955000e-01	6.955000e-01	3.622437e-09	0.000000e+00	9.800000e-03
1	123	NOE	7.254000e-01	7.254000e-01	4.161071e-09	1.337618e-14	8.300000e-03
1	124	NOE	7.184000e-01	7.184000e-01	4.014346e-09	7.209240e-15	1.540000e-02
1	125	NOE	7.093000e-01	7.093000e-01	3.844393e-09	-2.018587e-14	5.500000e-03
1	127	NOE	6.405000e-01	6.405000e-01	3.004604e-09	0.000000e+00	4.200000e-03
1	128	NOE	5.913000e-01	5.913000e-01	2.650082e-09	-1.790682e-14	6.200000e-03


2	2	R1	1.342462e+00	1.342462e+00	3.835631e-10	0.000000e+00	3.568365e-02
2	5	R1	2.483238e+00	2.483238e+00	6.190435e-09	6.001395e-14	1.479953e-02
2	6	R1	2.348520e+00	2.348520e+00	6.764480e-09	0.000000e+00	8.824877e-03
2	9	R1	2.465483e+00	2.465483e+00	6.264200e-09	2.435257e-14	1.823582e-02
2	10	R1	2.453386e+00	2.453386e+00	6.314756e-09	-5.675384e-14	7.824832e-03
2	11	R1	2.365184e+00	2.365184e+00	6.691506e-09	0.000000e+00	7.831737e-03
2	12	R1	2.347969e+00	2.347969e+00	6.766905e-09	2.598685e-06	8.820734e-03
2	14	R1	2.395783e+00	2.395783e+00	6.559069e-09	1.981625e-06	1.147956e-02
2	15	R1	2.399232e+00	2.399232e+00	6.544263e-09	0.000000e+00	1.151263e-02
2	16	R1	2.413127e+00	2.413127e+00	6.484849e-09	-1.955443e-14	2.271042e-02
2	17	R1	2.213369e+00	2.213369e+00	7.381770e-09	1.889248e-06	1.224750e-02
2	18	R1	2.305210e+00	2.305210e+00	6.957147e-09	0.000000e+00	1.381638e-02
2	21	R1	2.350729e+00	2.350729e+00	6.754774e-09	0.000000e+00	2.707704e-02
2	22	R1	2.373042e+00	2.373042e+00	6.657308e-09	6.066189e-14	7.320728e-03
2	23	R1	2.360718e+00	2.360718e+00	6.711007e-09	4.105740e-06	5.572988e-03
2	24	R1	2.249213e+00	2.249213e+00	7.213265e-09	1.487843e-14	2.984785e-02
2	25	R1	2.430724e+00	2.430724e+00	6.410138e-09	0.000000e+00	1.122600e-02
2	26	R1	2.436054e+00	2.436054e+00	6.387625e-09	2.413987e-14	1.839651e-02
2	27	R1	2.267574e+00	2.267574e+00	7.128363e-09	-3.084533e-14	1.439729e-02
2	28	R1	2.326664e+00	2.326664e+00	6.861151e-09	0.000000e+00	6.496036e-03
2	29	R1	2.427184e+00	2.427184e+00	6.425120e-09	-3.967446e-14	1.119333e-02
2	30	R1	2.406160e+00	2.406160e+00	6.514594e-09	0.000000e+00	1.505297e-02
2	31	R1	2.462448e+00	2.462448e+00	6.276863e-09	0.000000e+00	1.030820e-02
2	32	R1	2.478929e+00	2.478929e+00	6.208291e-09	-6.022277e-14	7.374107e-03
2	33	R1	2.469136e+00	2.469136e+00	6.248984e-09	6.070144e-14	7.315958e-03
2	34	R1	2.570694e+00	2.570694e+00	5.833588e-09	-6.109093e-14	7.269315e-03
2	35	R1	2.304147e+00	2.304147e+00	6.961930e-09	-3.098032e-14	1.433456e-02
2	37	R1	2.313744e+00	2.313744e+00	6.918827e-09	0.000000e+00	2.194898e-02
2	39	R1	2.209945e+00	2.209945e+00	7.398065e-09	0.000000e+00	2.295412e-02
2	41	R1	2.419550e+00	2.419550e+00	6.457513e-09	6.321495e-14	7.025066e-03
2	42	R1	2.485089e+00	2.485089e+00	6.182772e-09	1.597989e-13	5.558103e-03
2	43	R1	2.450980e+00	2.450980e+00	6.324837e-09	-9.240608e-14	9.611688e-03
2	44	R1	2.453386e+00	2.453386e+00	6.314756e-09	0.000000e+00	9.028652e-03
2	45	R1	2.262443e+00	2.262443e+00	7.151993e-09	0.000000e+00	2.610512e-02
2	46	R1	2.475248e+00	2.475248e+00	6.223571e-09	2.265077e-14	1.960592e-02
2	47	R1	2.448580e+00	2.448580e+00	6.334908e-09	-2.554134e-14	1.738708e-02
2	48	R1	2.446782e+00	2.446782e+00	6.342455e-09	1.708254e-06	1.317084e-02
2	49	R1	2.531005e+00	2.531005e+00	5.994312e-09	0.000000e+00	1.857736e-02
2	50	R1	2.532928e+00	2.532928e+00	5.986480e-09	0.000000e+00	9.623587e-03
2	51	R1	2.610966e+00	2.610966e+00	5.672165e-09	2.071041e-06	1.022572e-02
2	52	R1	2.502503e+00	2.502503e+00	6.110948e-09	-3.732223e-14	1.189879e-02
2	53	R1	2.430724e+00	2.430724e+00	6.410138e-09	0.000000e+00	1.772526e-02
2	54	R1	2.308403e+00	2.308403e+00	6.942789e-09	0.000000e+00	4.262978e-03
2	55	R1	2.358491e+00	2.358491e+00	6.720746e-09	-3.801742e-14	1.168120e-02
2	56	R1	2.469746e+00	2.469746e+00	6.246445e-09	4.073860e-06	5.489679e-03
2	57	R1	2.414293e+00	2.414293e+00	6.479883e-09	9.523584e-14	4.663047e-03
2	58	R1	2.430134e+00	2.430134e+00	6.412636e-09	8.355403e-14	5.314995e-03
2	61	R1	2.460630e+00	2.460630e+00	6.284452e-09	-5.239014e-14	8.476579e-03
2	62	R1	2.483855e+00	2.483855e+00	6.187881e-09	0.000000e+00	8.637350e-03
2	63	R1	2.578649e+00	2.578649e+00	5.801584e-09	0.000000e+00	1.795346e-02
2	64	R1	2.496256e+00	2.496256e+00	6.136663e-09	-7.126760e-14	6.231292e-03
2	65	R1	2.373042e+00	2.373042e+00	6.657308e-09	4.150550e-14	1.069953e-02
2	66	R1	2.281542e+00	2.281542e+00	7.064385e-09	0.000000e+00	6.246522e-03
2	67	R1	2.285192e+00	2.285192e+00	7.047754e-09	0.000000e+00	7.310943e-03
2	69	R1	2.384927e+00	2.384927e+00	6.605832e-09	-3.123057e-14	1.421970e-02
2	70	R1	2.350729e+00	2.350729e+00	6.754774e-09	0.000000e+00	7.736296e-03
2	71	R1	2.465483e+00	2.465483e+00	6.264200e-09	5.218409e-14	8.510051e-03
2	72	R1	2.551671e+00	2.551671e+00	5.910395e-09	5.683809e-14	7.813232e-03
2	73	R1	2.531005e+00	2.531005e+00	5.994312e-09	0.000000e+00	1.985855e-02
2	74	R1	2.455796e+00	2.455796e+00	6.304665e-09	1.888083e-14	2.352064e-02
2	76	R1	2.229654e+00	2.229654e+00	7.304746e-09	3.308502e-14	1.342267e-02
2	77	R1	2.016536e+00	2.016536e+00	8.383704e-09	0.000000e+00	5.692982e-03
2	78	R1	2.405002e+00	2.405002e+00	6.519544e-09	2.303353e-13	5.784037e-03
2	79	R1	2.435460e+00	2.435460e+00	6.390128e-09	3.940529e-14	1.126979e-02
2	80	R1	2.461841e+00	2.461841e+00	6.279393e-09	0.000000e+00	1.151526e-02
2	81	R1	2.521432e+00	2.521432e+00	6.033362e-09	-2.686596e-14	1.652981e-02
2	82	R1	2.442599e+00	2.442599e+00	6.360044e-09	2.658324e-14	1.670561e-02
2	83	R1	2.434275e+00	2.434275e+00	6.395134e-09	0.000000e+00	1.659194e-02
2	84	R1	2.526529e+00	2.526529e+00	6.012557e-09	4.637998e-14	9.575020e-03
2	85	R1	2.534854e+00	2.534854e+00	5.978641e-09	-3.839651e-14	1.156587e-02
2	86	R1	2.488800e+00	2.488800e+00	6.167427e-09	4.944497e-14	1.796297e-02
2	87	R1	2.540650e+00	2.540650e+00	5.955081e-09	-1.186185e-14	3.743845e-02
2	88	R1	2.457002e+00	2.457002e+00	6.299615e-09	2.372998e-14	1.871427e-02
2	89	R1	2.296739e+00	2.296739e+00	6.995365e-09	9.354155e-14	9.495015e-03
2	90	R1	2.368546e+00	2.368546e+00	6.676861e-09	4.166324e-14	1.065902e-02
2	91	R1	2.375297e+00	2.375297e+00	6.647520e-09	4.372823e-14	1.015566e-02
2	92	R1	2.384359e+00	2.384359e+00	6.608288e-09	-6.509473e-14	6.822199e-03
2	93	R1	2.449780e+00	2.449780e+00	6.329874e-09	8.221929e-14	5.401278e-03
2	94	R1	2.223210e+00	2.223210e+00	7.335130e-09	-7.487346e-14	5.931197e-03
2	95	R1	2.528445e+00	2.528445e+00	6.004742e-09	2.671713e-14	1.662189e-02
2	96	R1	2.377556e+00	2.377556e+00	6.637724e-09	1.922452e-06	1.187082e-02
2	97	R1	2.512563e+00	2.512563e+00	6.069653e-09	-6.395046e-14	6.944269e-03
2	98	R1	2.320186e+00	2.320186e+00	6.890019e-09	2.062361e-13	4.306609e-03
2	99	R1	2.449780e+00	2.449780e+00	6.329874e-09	0.000000e+00	8.401988e-03
2	100	R1	2.492522e+00	2.492522e+00	6.152058e-09	-4.467577e-14	9.940269e-03
2	101	R1	2.463054e+00	2.463054e+00	6.274331e-09	0.000000e+00	1.698658e-02
2	102	R1	2.379819e+00	2.379819e+00	6.627920e-09	-5.227464e-14	8.495309e-03
2	104	R1	2.153316e+00	2.153316e+00	7.672898e-09	0.000000e+00	1.391031e-02
2	105	R1	2.163098e+00	2.163098e+00	7.624684e-09	4.519587e-14	9.825881e-03
2	106	R1	2.094680e+00	2.094680e+00	7.968903e-09	-3.162897e-14	1.404058e-02
2	108	R1	2.305741e+00	2.305741e+00	6.954755e-09	0.000000e+00	3.136701e-02
2	109	R1	2.455796e+00	2.455796e+00	6.304665e-09	0.000000e+00	8.443305e-03
2	110	R1	2.558199e+00	2.558199e+00	5.883994e-09	-1.785739e-14	2.486865e-02
2	111	R1	2.570694e+00	2.570694e+00	5.833588e-09	-5.600002e-14	7.930162e-03
2	112	R1	2.496256e+00	2.496256e+00	6.136663e-09	2.741061e-14	1.620136e-02
2	113	R1	2.466091e+00	2.466091e+00	6.261665e-09	3.477224e-14	1.277137e-02
2	114	R1	2.504383e+00	2.504383e+00	6.103220e-09	4.165047e-14	1.066229e-02
2	116	R1	2.338634e+00	2.338634e+00	6.808068e-09	-1.376238e-14	3.226834e-02
2	117	R1	2.562132e+00	2.562132e+00	5.868111e-09	-6.442850e-14	1.378549e-02
2	118	R1	2.498751e+00	2.498751e+00	6.126386e-09	0.000000e+00	2.372627e-02
2	119	R1	2.351834e+00	2.351834e+00	6.749918e-09	0.000000e+00	4.978013e-03
2	120	R1	2.321802e+00	2.321802e+00	6.882808e-09	5.884261e-14	7.547069e-03
2	122	R1	2.407318e+00	2.407318e+00	6.509642e-09	0.000000e+00	5.795181e-03
2	123	R1	2.477701e+00	2.477701e+00	6.213387e-09	0.000000e+00	9.208501e-03
2	124	R1	2.426007e+00	2.426007e+00	6.430110e-09	-5.389620e-14	8.239713e-03
2	125	R1	2.485707e+00	2.485707e+00	6.180216e-09	0.000000e+00	1.297535e-02
2	127	R1	2.335903e+00	2.335903e+00	6.820151e-09	4.521559e-14	9.821596e-03
2	128	R1	2.325581e+00	2.325581e+00	6.865967e-09	0.000000e+00	1.568415e-02


