2	3.275467e+00	9.140837e-02	1.516000e-01	6.300000e-03	1.196315e+00	1.803275e-02	1.028841e-01	
5	6.993007e+00	1.613771e-02	7.549000e-01	2.800000e-03	2.116402e+00	1.074998e-02	5.258276e-02	
6	6.406150e+00	5.540232e-02	7.371000e-01	1.080000e-02	1.999200e+00	6.794563e-03	5.327810e-02	
9	6.514658e+00	3.310380e-02	7.508000e-01	1.460000e-02	2.073398e+00	6.018573e-03	5.237603e-02	
10	7.974482e+00	3.116026e-02	7.736000e-01	3.900000e-03	2.063558e+00	6.813232e-03	4.735816e-02	
11	7.401925e+00	1.972386e-02	7.613000e-01	1.370000e-02	2.000000e+00	8.400000e-03	4.839319e-02	
12	7.283321e+00	1.273122e-02	7.638000e-01	3.400000e-03	1.976675e+00	1.054956e-02	4.732788e-02	
14	6.459948e+00	4.965981e-02	7.650000e-01	3.500000e-03	2.014910e+00	1.542748e-02	4.799825e-02	
15	6.583278e+00	4.810691e-02	7.304000e-01	7.000000e-03	2.042901e+00	7.929544e-03	5.583018e-02	
16	6.447453e+00	1.579647e-02	7.399000e-01	2.900000e-03	2.072109e+00	8.157911e-03	5.463298e-02	
17	6.016847e+00	1.267086e-02	6.896000e-01	2.600000e-03	1.887149e+00	1.246465e-02	5.937856e-02	
18	6.191950e+00	3.527303e-02	7.280000e-01	3.700000e-03	1.973944e+00	2.065121e-02	5.442589e-02	
21	6.349206e+00	2.459058e-02	7.701000e-01	8.600000e-03	1.978631e+00	1.096194e-02	4.611111e-02	
22	6.131208e+00	3.308070e-02	7.399000e-01	1.430000e-02	2.007226e+00	6.446330e-03	5.292227e-02	
23	6.578947e+00	3.332756e-02	7.136000e-01	1.020000e-02	1.998801e+00	1.038753e-02	5.802890e-02	
24	6.285355e+00	2.488858e-02	7.864000e-01	2.600000e-03	1.888574e+00	7.133424e-03	4.089188e-02	
25	6.738544e+00	1.952543e-02	7.373000e-01	5.800000e-03	2.088119e+00	9.592526e-03	5.560541e-02	
26	6.849315e+00	1.454307e-02	7.521000e-01	2.500000e-03	2.104377e+00	4.428403e-03	5.288128e-02	
27	6.920415e+00	3.879264e-02	7.519000e-01	3.200000e-03	1.963865e+00	6.556501e-03	4.939013e-02	
28	6.635700e+00	1.585171e-02	7.169000e-01	3.000000e-03	1.965795e+00	6.569396e-03	5.641310e-02	
29	6.738544e+00	1.997951e-02	7.603000e-01	3.800000e-03	2.040816e+00	1.457726e-02	4.958768e-02	
30	6.688963e+00	4.161027e-02	7.677000e-01	3.400000e-03	2.021019e+00	1.388735e-02	4.759062e-02	
31	6.605020e+00	4.493508e-02	7.720000e-01	9.500000e-03	2.088555e+00	4.362061e-03	4.827058e-02	
32	6.622517e+00	2.105171e-02	7.749000e-01	6.400000e-03	2.094680e+00	3.948914e-03	4.779637e-02	
33	6.497726e+00	1.477715e-02	7.426000e-01	5.600000e-03	2.083767e+00	5.644713e-03	5.437004e-02	
34	7.112376e+00	2.377537e-02	7.611000e-01	8.700000e-03	2.193945e+00	6.738751e-03	5.313047e-02	
35	7.552870e+00	4.734805e-02	7.485000e-01	5.000000e-03	1.963865e+00	2.506897e-02	5.006698e-02	
37	7.173601e+00	4.013923e-02	7.741000e-01	8.000000e-03	1.984915e+00	1.694151e-02	4.545272e-02	
39	5.688282e+00	3.138586e-02	6.431000e-01	6.300000e-03	1.897893e+00	9.725398e-03	6.866259e-02	
41	6.514658e+00	2.673768e-02	7.756000e-01	6.600000e-03	2.065262e+00	9.810209e-03	4.697858e-02	
42	6.680027e+00	2.275761e-02	7.429000e-01	3.400000e-03	2.134927e+00	4.557915e-03	5.563999e-02	
43	6.802721e+00	3.563330e-02	7.313000e-01	1.490000e-02	2.115059e+00	5.815518e-03	5.760923e-02	
44	6.798097e+00	1.894779e-02	7.308000e-01	6.100000e-03	2.088555e+00	4.798267e-03	5.699316e-02	
45	8.976661e+00	2.981476e-02	7.733000e-01	9.200000e-03	1.926040e+00	7.048298e-03	4.426074e-02	
46	6.910850e+00	3.916308e-02	7.450000e-01	5.100000e-03	2.106150e+00	6.653801e-03	5.444165e-02	
47	7.704160e+00	5.223159e-02	7.742000e-01	6.600000e-03	2.072968e+00	1.461047e-02	4.744806e-02	
48	7.496252e+00	2.079170e-02	7.451000e-01	4.400000e-03	2.040816e+00	1.624323e-02	5.273216e-02	
49	6.863418e+00	4.993290e-02	7.570000e-01	4.100000e-03	2.133106e+00	2.639081e-02	5.254368e-02	
50	6.816633e+00	3.020321e-02	7.566000e-01	8.000000e-03	2.152389e+00	1.760456e-02	5.310595e-02	
51	6.973501e+00	2.626004e-02	7.774000e-01	3.400000e-03	2.220742e+00	5.918033e-03	5.011007e-02	
52	6.535948e+00	4.613610e-02	7.482000e-01	7.700000e-03	2.143163e+00	1.148287e-02	5.470321e-02	
53	7.716049e+00	5.060681e-02	7.580000e-01	3.000000e-03	2.045408e+00	5.857172e-03	5.017613e-02	
54	7.662835e+00	2.231324e-02	7.989000e-01	2.500000e-03	1.945147e+00	7.567193e-03	3.965211e-02	
55	7.122507e+00	2.739426e-02	7.791000e-01	3.800000e-03	1.985703e+00	5.125921e-03	4.446434e-02	
56	7.347539e+00	2.159453e-02	7.972000e-01	4.700000e-03	2.067397e+00	2.991892e-03	4.250047e-02	
57	7.147963e+00	1.839361e-02	7.459000e-01	8.900000e-03	2.050021e+00	3.782326e-03	5.280374e-02	
58	7.288630e+00	2.762454e-02	7.836000e-01	8.100000e-03	2.052545e+00	5.898118e-03	4.502480e-02	
61	7.457122e+00	3.447737e-02	7.628000e-01	1.040000e-02	2.061856e+00	3.826124e-03	4.957638e-02	
62	7.593014e+00	1.441347e-02	7.844000e-01	6.900000e-03	2.084202e+00	8.253404e-03	4.555021e-02	
63	7.183908e+00	3.302946e-02	7.672000e-01	4.300000e-03	2.214349e+00	2.108437e-02	5.225536e-02	
64	7.112376e+00	2.731638e-02	7.480000e-01	2.600000e-03	2.124044e+00	3.609251e-03	5.425827e-02	
65	7.072136e+00	2.400725e-02	7.696000e-01	5.000000e-03	1.988467e+00	3.954001e-03	4.644112e-02	
66	6.317119e+00	2.354454e-02	7.710000e-01	2.600000e-03	1.926782e+00	4.454988e-03	4.472702e-02	
67	6.119951e+00	2.359589e-02	7.214000e-01	3.000000e-03	1.938736e+00	8.269134e-03	5.475220e-02	
69	7.112376e+00	2.630466e-02	7.335000e-01	8.100000e-03	2.046664e+00	3.351067e-03	5.528987e-02	
70	6.949270e+00	1.931694e-02	7.476000e-01	7.400000e-03	1.981768e+00	5.105624e-03	5.070420e-02	
71	7.462687e+00	1.336601e-02	7.885000e-01	3.000000e-03	2.079002e+00	2.593350e-03	4.457251e-02	
72	7.309942e+00	2.671762e-02	7.780000e-01	2.900000e-03	2.165440e+00	4.220216e-03	4.873050e-02	
73	6.968641e+00	2.428098e-02	7.659000e-01	2.900000e-03	2.145002e+00	8.741965e-03	5.090155e-02	
74	6.422608e+00	6.434983e-02	7.452000e-01	7.100000e-03	2.079434e+00	6.053666e-03	5.370893e-02	
76	6.305170e+00	2.385310e-02	7.447000e-01	1.440000e-02	1.888218e+00	9.983023e-03	4.886576e-02	
77	5.733945e+00	1.446637e-02	7.706000e-01	1.900000e-03	1.722356e+00	3.263162e-03	4.005145e-02	
78	6.297229e+00	1.943100e-02	6.870000e-01	2.600000e-03	2.072109e+00	9.875366e-03	6.574441e-02	
79	7.727975e+00	1.970813e-02	7.849000e-01	4.500000e-03	2.062281e+00	5.528903e-03	4.496660e-02	
80	6.666667e+00	1.422222e-02	7.751000e-01	1.050000e-02	2.081599e+00	5.199664e-03	4.745569e-02	
81	7.072136e+00	2.850861e-02	7.593000e-01	3.900000e-03	2.135839e+00	8.211258e-03	5.211305e-02	
82	6.906077e+00	1.669287e-02	7.476000e-01	4.600000e-03	2.074258e+00	3.442039e-03	5.307061e-02	
83	6.648936e+00	1.635709e-02	7.455000e-01	3.600000e-03	2.058460e+00	4.660985e-03	5.310460e-02	
84	6.720430e+00	4.606746e-02	7.477000e-01	4.100000e-03	2.145002e+00	5.981344e-03	5.485887e-02	
85	7.168459e+00	2.826274e-02	7.848000e-01	1.070000e-02	2.145002e+00	1.288290e-02	4.679202e-02	
86	6.887052e+00	2.656163e-02	7.813000e-01	3.400000e-03	2.119542e+00	1.347738e-02	4.698862e-02	
87	7.462687e+00	6.348853e-02	7.498000e-01	5.400000e-03	2.152389e+00	7.875724e-03	5.458960e-02	
88	9.960159e+00	6.845129e-02	7.366000e-01	7.300000e-03	2.081599e+00	1.559899e-02	5.557950e-02	
89	8.347245e+00	3.274796e-02	7.464000e-01	6.800000e-03	1.965795e+00	2.473184e-02	5.053466e-02	
90	8.257638e+00	4.500447e-02	7.433000e-01	1.150000e-02	2.029221e+00	1.029434e-02	5.280281e-02	
91	6.849315e+00	2.392569e-02	7.486000e-01	3.600000e-03	2.028398e+00	1.069743e-02	5.169163e-02	
92	6.443299e+00	1.411547e-02	7.149000e-01	2.900000e-03	2.019386e+00	4.077920e-03	5.836042e-02	
93	6.653360e+00	1.283749e-02	7.654000e-01	1.390000e-02	2.085071e+00	4.782273e-03	4.958504e-02	
94	6.006006e+00	1.551101e-02	7.499000e-01	4.000000e-03	1.879699e+00	7.773192e-03	4.765450e-02	
95	6.830601e+00	1.632999e-02	7.831000e-01	5.000000e-03	2.146844e+00	1.198324e-02	4.720216e-02	
96	6.675567e+00	2.896608e-02	7.532000e-01	3.400000e-03	2.028398e+00	6.171595e-03	5.074580e-02	
97	6.825939e+00	1.071649e-02	7.462000e-01	3.400000e-03	2.162630e+00	4.209271e-03	5.563853e-02	
98	6.644518e+00	1.721835e-02	7.492000e-01	2.600000e-03	1.951600e+00	8.379236e-03	4.961583e-02	
99	6.868132e+00	2.594418e-02	7.377000e-01	4.700000e-03	2.083333e+00	4.340278e-03	5.539351e-02	
100	6.640106e+00	1.763640e-02	7.520000e-01	2.300000e-03	2.145923e+00	5.065483e-03	5.394704e-02	
101	6.784261e+00	1.748995e-02	6.929000e-01	7.100000e-03	2.121791e+00	3.151397e-03	6.605173e-02	
102	6.839945e+00	1.263191e-02	7.442000e-01	5.400000e-03	2.030869e+00	5.774202e-03	5.266042e-02	
104	6.297229e+00	1.824134e-02	6.358000e-01	3.500000e-03	1.840604e+00	4.065386e-03	6.795197e-02	
105	5.382131e+00	7.821181e-03	6.533000e-01	3.000000e-03	1.874063e+00	4.565746e-03	6.586275e-02	
106	5.980861e+00	1.752764e-02	6.658000e-01	3.400000e-03	1.823154e+00	2.991502e-03	6.176347e-02	
108	6.775068e+00	2.249176e-02	7.658000e-01	9.000000e-03	1.946283e+00	1.212165e-02	4.620560e-02	
109	6.657790e+00	2.615244e-02	7.404000e-01	1.240000e-02	2.080732e+00	9.524784e-03	5.475487e-02	
110	6.863418e+00	2.355325e-02	7.622000e-01	3.700000e-03	2.168257e+00	5.641605e-03	5.226662e-02	
111	7.235890e+00	2.303757e-02	7.704000e-01	1.800000e-02	2.193945e+00	8.182769e-03	5.106219e-02	
112	7.923930e+00	3.704532e-02	7.782000e-01	1.070000e-02	2.137209e+00	7.308258e-03	4.805187e-02	
113	7.022472e+00	3.501373e-02	7.762000e-01	1.750000e-02	2.100399e+00	1.852904e-02	4.765009e-02	
114	1.121328e+01	7.041304e-02	7.791000e-01	1.750000e-02	2.124947e+00	1.580390e-02	4.758232e-02	
116	6.389776e+00	4.042095e-02	7.389000e-01	6.200000e-03	1.945147e+00	1.399931e-02	5.148268e-02	
117	7.930214e+00	3.207303e-02	7.542000e-01	1.090000e-02	2.179599e+00	2.090287e-02	5.430756e-02	
118	6.993007e+00	4.205585e-02	7.579000e-01	3.600000e-03	2.107038e+00	8.879214e-03	5.170933e-02	
119	7.173601e+00	1.235053e-02	7.506000e-01	2.600000e-03	1.993620e+00	3.974522e-03	5.040119e-02	
120	6.313131e+00	2.869605e-02	7.250000e-01	3.900000e-03	1.947420e+00	6.826398e-03	5.428678e-02	
122	6.605020e+00	1.832304e-02	7.340000e-01	1.210000e-02	2.047502e+00	1.634983e-02	5.520874e-02	
123	6.648936e+00	4.376627e-02	7.687000e-01	2.800000e-03	2.112379e+00	3.569714e-03	4.952782e-02	
124	6.501951e+00	5.284420e-02	7.410000e-01	4.400000e-03	2.085506e+00	6.524001e-03	5.475364e-02	
125	6.605020e+00	2.094062e-02	7.430000e-01	4.200000e-03	2.116850e+00	6.721582e-03	5.514740e-02	
127	6.086427e+00	3.704460e-02	6.758000e-01	7.500000e-03	2.000000e+00	1.360000e-02	6.572716e-02	
128	6.002401e+00	2.449960e-02	6.581000e-01	8.000000e-03	1.997603e+00	7.581793e-03	6.923251e-02	
