2	3.028009e+00	1.718240e-01	1.361000e-01	1.080000e-02	1.342462e+00	3.568365e-02	1.175621e-01	
5	6.607202e+00	2.095446e-02	7.181000e-01	3.800000e-03	2.483238e+00	1.479953e-02	7.096027e-02	
6	6.159532e+00	2.238450e-02	6.923000e-01	1.170000e-02	2.348520e+00	8.824877e-03	7.325271e-02	
9	6.281407e+00	3.353766e-02	7.269000e-01	2.280000e-02	2.465483e+00	1.823582e-02	6.825360e-02	
10	7.418398e+00	2.531501e-02	7.245000e-01	9.400000e-03	2.453386e+00	7.824832e-03	6.851557e-02	
11	6.915629e+00	3.060859e-02	7.030000e-01	1.330000e-02	2.365184e+00	7.831737e-03	7.120710e-02	
12	7.017544e+00	1.920591e-02	7.126000e-01	4.800000e-03	2.347969e+00	8.820734e-03	6.840392e-02	
14	6.197707e+00	5.147150e-02	7.136000e-01	5.000000e-03	2.395783e+00	1.147956e-02	6.955405e-02	
15	6.355259e+00	8.845260e-02	6.857000e-01	8.100000e-03	2.399232e+00	1.151263e-02	7.643962e-02	
16	6.197707e+00	1.997402e-02	7.094000e-01	5.100000e-03	2.413127e+00	2.271042e-02	7.108496e-02	
17	5.704507e+00	4.588337e-02	6.752000e-01	6.200000e-03	2.213369e+00	1.224750e-02	7.287384e-02	
18	6.049607e+00	5.709248e-02	6.781000e-01	1.400000e-02	2.305210e+00	1.381638e-02	7.521999e-02	
21	6.209252e+00	3.315713e-02	7.243000e-01	1.350000e-02	2.350729e+00	2.707704e-02	6.569633e-02	
22	6.016847e+00	3.041006e-02	6.946000e-01	4.700000e-03	2.373042e+00	7.320728e-03	7.346430e-02	
23	6.285355e+00	2.804904e-02	7.063000e-01	7.000000e-03	2.360718e+00	5.572988e-03	7.028293e-02	
24	6.093845e+00	2.488042e-02	7.365000e-01	1.330000e-02	2.249213e+00	2.984785e-02	6.007766e-02	
25	6.335128e+00	3.130440e-02	6.757000e-01	3.400000e-03	2.430724e+00	1.122600e-02	7.990694e-02	
26	6.533812e+00	1.750319e-02	7.322000e-01	5.900000e-03	2.436054e+00	1.839651e-02	6.613011e-02	
27	6.493506e+00	2.867263e-02	7.084000e-01	4.800000e-03	2.267574e+00	1.439729e-02	6.702715e-02	
28	6.301197e+00	2.064664e-02	6.928000e-01	5.900000e-03	2.326664e+00	6.496036e-03	7.245304e-02	
29	6.591958e+00	3.085227e-02	7.144000e-01	4.200000e-03	2.427184e+00	1.119333e-02	7.026885e-02	
30	6.559528e+00	1.127318e-01	7.408000e-01	4.800000e-03	2.406160e+00	1.505297e-02	6.322099e-02	
31	6.367399e+00	4.865252e-02	7.219000e-01	5.600000e-03	2.462448e+00	1.030820e-02	6.941764e-02	
32	6.416426e+00	2.634913e-02	7.125000e-01	4.400000e-03	2.478929e+00	7.374107e-03	7.224433e-02	
33	6.251954e+00	2.227955e-02	7.183000e-01	4.600000e-03	2.469136e+00	7.315958e-03	7.050723e-02	
34	6.731740e+00	5.437959e-02	7.265000e-01	2.370000e-02	2.570694e+00	7.269315e-03	7.127046e-02	
35	6.896552e+00	8.751486e-02	7.066000e-01	1.370000e-02	2.304147e+00	1.433456e-02	6.852866e-02	
37	6.561680e+00	5.597233e-02	7.311000e-01	6.100000e-03	2.313744e+00	2.194898e-02	6.306783e-02	
39	5.552471e+00	3.021333e-02	5.825000e-01	4.700000e-03	2.209945e+00	2.295412e-02	9.352759e-02	
41	6.255865e+00	1.917656e-02	7.008000e-01	3.500000e-03	2.419550e+00	7.025066e-03	7.338343e-02	
42	6.339144e+00	3.134410e-02	7.200000e-01	1.510000e-02	2.485089e+00	5.558103e-03	7.053455e-02	
43	6.568144e+00	3.408101e-02	7.057000e-01	7.300000e-03	2.450980e+00	9.611688e-03	7.311929e-02	
44	6.546645e+00	2.400079e-02	7.141000e-01	6.200000e-03	2.453386e+00	9.028652e-03	7.110200e-02	
45	8.038585e+00	3.101705e-02	7.464000e-01	1.110000e-02	2.262443e+00	2.610512e-02	5.816059e-02	
46	6.568144e+00	4.961160e-02	7.143000e-01	1.450000e-02	2.475248e+00	1.960592e-02	7.168540e-02	
47	7.256894e+00	4.423651e-02	7.301000e-01	6.400000e-03	2.448580e+00	1.738708e-02	6.699139e-02	
48	7.032349e+00	5.439932e-02	7.077000e-01	1.350000e-02	2.446782e+00	1.317084e-02	7.249800e-02	
49	6.489293e+00	6.106083e-02	7.309000e-01	5.500000e-03	2.531005e+00	1.857736e-02	6.904123e-02	
50	6.682259e+00	2.813113e-02	7.266000e-01	1.560000e-02	2.532928e+00	9.623587e-03	7.019775e-02	
51	6.691201e+00	2.999736e-02	7.321000e-01	6.200000e-03	2.610966e+00	1.022572e-02	7.090482e-02	
52	6.273526e+00	1.113807e-01	7.152000e-01	7.900000e-03	2.502503e+00	1.189879e-02	7.224642e-02	
53	7.296607e+00	5.643490e-02	7.099000e-01	4.000000e-03	2.430724e+00	1.772526e-02	7.148012e-02	
54	7.285974e+00	3.397467e-02	7.532000e-01	3.300000e-03	2.308403e+00	4.262978e-03	5.775087e-02	
55	6.842285e+00	6.320277e-02	7.207000e-01	4.000000e-03	2.358491e+00	1.168120e-02	6.677393e-02	
56	7.034822e+00	1.534150e-02	7.398000e-01	1.050000e-02	2.469746e+00	5.489679e-03	6.514204e-02	
57	6.734007e+00	1.949914e-02	7.221000e-01	3.900000e-03	2.414293e+00	4.663047e-03	6.801118e-02	
58	6.889425e+00	2.278280e-02	7.376000e-01	3.900000e-03	2.430134e+00	5.314995e-03	6.463918e-02	
61	7.165890e+00	3.748549e-02	7.195000e-01	5.900000e-03	2.460630e+00	8.476579e-03	6.996503e-02	
62	7.272727e+00	5.236364e-02	7.366000e-01	5.700000e-03	2.483855e+00	8.637350e-03	6.631990e-02	
63	6.825939e+00	4.612750e-02	7.433000e-01	4.500000e-03	2.578649e+00	1.795346e-02	6.709960e-02	
64	6.851662e+00	3.004497e-02	7.281000e-01	1.360000e-02	2.496256e+00	6.231292e-03	6.880185e-02	
65	6.731740e+00	4.803531e-02	7.473000e-01	7.900000e-03	2.373042e+00	1.069953e-02	6.078726e-02	
66	6.077180e+00	2.178995e-02	6.906000e-01	1.200000e-02	2.281542e+00	6.246522e-03	7.155676e-02	
67	5.842828e+00	2.423843e-02	6.917000e-01	8.300000e-03	2.285192e+00	7.310943e-03	7.141642e-02	
69	6.702413e+00	4.447311e-02	7.297000e-01	3.300000e-03	2.384927e+00	1.421970e-02	6.534660e-02	
70	6.635700e+00	2.025496e-02	7.045000e-01	8.900000e-03	2.350729e+00	7.736296e-03	7.041446e-02	
71	7.117438e+00	3.546054e-02	7.342000e-01	8.200000e-03	2.465483e+00	8.510051e-03	6.642918e-02	
72	6.913239e+00	2.389644e-02	7.392000e-01	4.900000e-03	2.551671e+00	7.813232e-03	6.745811e-02	
73	6.677796e+00	6.020050e-02	7.378000e-01	4.300000e-03	2.531005e+00	1.985855e-02	6.727094e-02	
74	6.209252e+00	7.363968e-02	7.008000e-01	7.200000e-03	2.455796e+00	2.352064e-02	7.448274e-02	
76	6.033183e+00	5.423494e-02	7.200000e-01	9.900000e-03	2.229654e+00	1.342267e-02	6.328451e-02	
77	5.428882e+00	2.092566e-02	6.874000e-01	6.300000e-03	2.016536e+00	5.692982e-03	6.389939e-02	
78	6.049607e+00	2.049474e-02	6.613000e-01	1.470000e-02	2.405002e+00	5.784037e-03	8.257195e-02	
79	7.371913e+00	9.619083e-02	7.489000e-01	1.410000e-02	2.435460e+00	1.126979e-02	6.199114e-02	
80	6.443299e+00	2.158837e-02	7.217000e-01	1.180000e-02	2.461841e+00	1.151526e-02	6.945046e-02	
81	6.688963e+00	2.326596e-02	7.108000e-01	1.360000e-02	2.521432e+00	1.652981e-02	7.391753e-02	
82	6.677796e+00	4.102553e-02	7.263000e-01	4.200000e-03	2.442599e+00	1.670561e-02	6.776864e-02	
83	6.400000e+00	2.621440e-02	7.032000e-01	3.600000e-03	2.434275e+00	1.659194e-02	7.323780e-02	
84	6.476684e+00	3.733322e-02	7.109000e-01	5.200000e-03	2.526529e+00	9.575020e-03	7.404132e-02	
85	6.879945e+00	3.692024e-02	7.107000e-01	2.420000e-02	2.534854e+00	1.156587e-02	7.433670e-02	
86	6.662225e+00	2.618729e-02	7.007000e-01	1.310000e-02	2.488800e+00	1.796297e-02	7.550898e-02	
87	7.032349e+00	3.906860e-02	7.234000e-01	2.130000e-02	2.540650e+00	3.743845e-02	7.123590e-02	
88	8.576329e+00	1.037103e-01	7.070000e-01	2.810000e-02	2.457002e+00	1.871427e-02	7.297516e-02	
89	7.736944e+00	5.507148e-02	7.179000e-01	3.800000e-03	2.296739e+00	9.495015e-03	6.567748e-02	
90	7.530120e+00	2.835136e-02	6.975000e-01	5.200000e-03	2.368546e+00	1.065902e-02	7.262882e-02	
91	6.501951e+00	2.747898e-02	7.128000e-01	4.600000e-03	2.375297e+00	1.015566e-02	6.915191e-02	
92	6.190034e+00	5.134414e-02	7.006000e-01	4.700000e-03	2.384359e+00	6.822199e-03	7.236444e-02	
93	6.375518e+00	1.869773e-02	7.148000e-01	7.600000e-03	2.449780e+00	5.401278e-03	7.082366e-02	
94	5.747126e+00	4.194742e-02	6.873000e-01	3.500000e-03	2.223210e+00	5.931197e-03	7.047097e-02	
95	6.559528e+00	2.753754e-02	7.403000e-01	8.800000e-03	2.528445e+00	1.662189e-02	6.656214e-02	
96	6.255865e+00	2.504694e-02	7.067000e-01	1.570000e-02	2.377556e+00	1.187082e-02	7.068783e-02	
97	6.533812e+00	3.927545e-02	7.153000e-01	9.600000e-03	2.512563e+00	6.944269e-03	7.251139e-02	
98	6.408202e+00	2.012188e-02	7.071000e-01	7.000000e-03	2.320186e+00	4.306609e-03	6.888806e-02	
99	6.605020e+00	2.443072e-02	7.241000e-01	4.000000e-03	2.449780e+00	8.401988e-03	6.851419e-02	
100	6.303183e+00	2.542728e-02	6.821000e-01	3.000000e-03	2.492522e+00	9.940269e-03	8.032143e-02	
101	6.466214e+00	1.296170e-02	6.920000e-01	3.500000e-03	2.463054e+00	1.698658e-02	7.690003e-02	
102	6.572461e+00	2.764624e-02	7.175000e-01	4.000000e-03	2.379819e+00	8.495309e-03	6.814975e-02	
104	6.101281e+00	5.248814e-02	6.160000e-01	7.500000e-03	2.153316e+00	1.391031e-02	8.381869e-02	
105	5.180005e+00	3.998036e-02	5.718000e-01	4.900000e-03	2.163098e+00	9.825881e-03	9.389114e-02	
106	5.629046e+00	2.471520e-02	6.223000e-01	3.800000e-03	2.094680e+00	1.404058e-02	8.019853e-02	
108	6.533812e+00	2.860277e-02	7.380000e-01	1.090000e-02	2.305741e+00	3.136701e-02	6.123697e-02	
109	6.445375e+00	2.409486e-02	7.028000e-01	6.800000e-03	2.455796e+00	8.443305e-03	7.398486e-02	
110	6.576784e+00	2.162704e-02	7.163000e-01	4.800000e-03	2.558199e+00	2.486865e-02	7.356911e-02	
111	6.854010e+00	2.630737e-02	7.394000e-01	4.400000e-03	2.570694e+00	7.930162e-03	6.790889e-02	
112	7.291287e+00	5.369449e-02	7.217000e-01	6.400000e-03	2.496256e+00	1.620136e-02	7.042131e-02	
113	6.800408e+00	2.266032e-02	7.218000e-01	5.600000e-03	2.466091e+00	1.277137e-02	6.954535e-02	
114	1.001904e+01	4.115625e-02	7.218000e-01	1.790000e-02	2.504383e+00	1.066229e-02	7.062519e-02	
116	6.285355e+00	3.239466e-02	7.096000e-01	5.100000e-03	2.338634e+00	3.226834e-02	6.884315e-02	
117	7.293946e+00	2.660082e-02	7.154000e-01	3.800000e-03	2.562132e+00	1.378549e-02	7.391595e-02	
118	6.540222e+00	4.234676e-02	7.199000e-01	1.560000e-02	2.498751e+00	2.372627e-02	7.094763e-02	
119	6.837607e+00	3.646724e-02	7.286000e-01	3.400000e-03	2.351834e+00	4.978013e-03	6.470211e-02	
120	6.079027e+00	2.439002e-02	7.224000e-01	1.510000e-02	2.321802e+00	7.547069e-03	6.533508e-02	
122	6.485084e+00	1.783188e-01	6.955000e-01	9.800000e-03	2.407318e+00	5.795181e-03	7.430579e-02	
123	6.416426e+00	3.211301e-02	7.254000e-01	8.300000e-03	2.477701e+00	9.208501e-03	6.896857e-02	
124	6.184292e+00	2.103501e-02	7.184000e-01	1.540000e-02	2.426007e+00	8.239713e-03	6.925107e-02	
125	6.402049e+00	2.623119e-02	7.093000e-01	5.500000e-03	2.485707e+00	1.297535e-02	7.324818e-02	
127	5.856515e+00	2.332317e-02	6.405000e-01	4.200000e-03	2.335903e+00	9.821596e-03	8.512468e-02	
128	5.602241e+00	2.793274e-02	5.913000e-01	6.200000e-03	2.325581e+00	1.568415e-02	9.634696e-02	
