2	3.777862e+00	6.451052e-02	2.154000e-01	3.600000e-03	9.711566e-01	3.961210e-03	7.723950e-02	
5	8.247423e+00	3.332979e-02	8.574000e-01	5.800000e-03	1.673920e+00	1.429025e-02	2.419670e-02	
6	7.404665e+00	5.044274e-02	9.090000e-01	5.000000e-03	1.535155e+00	1.343320e-02	1.416105e-02	
9	7.812500e+00	6.042480e-02	8.318000e-01	8.400000e-03	1.576044e+00	1.987132e-02	2.687177e-02	
10	9.950249e+00	2.772209e-02	8.734000e-01	6.100000e-03	1.603335e+00	1.825185e-02	2.057595e-02	
11	9.149131e+00	3.515677e-02	8.837000e-01	8.700000e-03	1.546312e+00	2.247616e-02	1.822967e-02	
12	8.449514e+00	4.569235e-02	8.320000e-01	3.100000e-03	1.514693e+00	1.101261e-02	2.579500e-02	
14	8.077544e+00	6.459426e-02	8.811000e-01	3.700000e-03	1.535862e+00	1.556856e-02	1.851126e-02	
15	7.942812e+00	3.596031e-02	8.378000e-01	2.680000e-02	1.569366e+00	2.093473e-02	2.580340e-02	
16	7.459903e+00	1.836455e-02	8.256000e-01	7.100000e-03	1.605394e+00	1.340191e-02	2.838115e-02	
17	7.122507e+00	6.442724e-02	8.528000e-01	3.400000e-03	1.504438e+00	1.176934e-02	2.244833e-02	
18	7.074637e+00	5.305352e-02	8.363000e-01	6.600000e-03	1.549667e+00	1.368836e-02	2.571514e-02	
21	7.412898e+00	1.923287e-02	8.381000e-01	5.000000e-03	1.539409e+00	1.421868e-02	2.526403e-02	
22	7.418398e+00	2.366403e-02	8.581000e-01	4.100000e-03	1.548947e+00	1.415549e-02	2.228028e-02	
23	8.041817e+00	4.138933e-02	9.157000e-01	2.700000e-03	1.565925e+00	1.127976e-02	1.338137e-02	
24	7.355645e+00	4.220231e-02	8.722000e-01	2.400000e-03	1.501502e+00	1.420339e-02	1.945174e-02	
25	8.080808e+00	6.007550e-02	8.800000e-01	2.800000e-03	1.679261e+00	1.748349e-02	2.042685e-02	
26	8.120179e+00	5.143109e-02	8.411000e-01	2.100000e-03	1.696641e+00	1.151436e-02	2.732849e-02	
27	8.661758e+00	3.751303e-02	8.520000e-01	3.000000e-03	1.538462e+00	1.751479e-02	2.308076e-02	
28	7.719027e+00	3.813337e-02	7.807000e-01	4.300000e-03	1.507613e+00	1.272823e-02	3.351432e-02	
29	7.742935e+00	3.836994e-02	8.853000e-01	3.000000e-03	1.583531e+00	1.654997e-02	1.841162e-02	
30	7.674597e+00	5.831045e-02	8.342000e-01	3.200000e-03	1.521838e+00	5.743660e-02	2.557731e-02	
31	7.504690e+00	1.971213e-02	8.846000e-01	4.600000e-03	1.586798e+00	1.460398e-02	1.856219e-02	
32	7.550019e+00	2.793136e-02	8.722000e-01	6.900000e-03	1.606426e+00	1.316108e-02	2.081102e-02	
33	7.955449e+00	2.848013e-02	8.715000e-01	3.800000e-03	1.601537e+00	1.538953e-02	2.086133e-02	
34	8.435259e+00	8.538432e-02	8.260000e-01	7.400000e-03	1.723841e+00	2.941911e-02	3.040523e-02	
35	9.492169e+00	4.865469e-02	8.488000e-01	5.600000e-03	1.514234e+00	2.269975e-02	2.320847e-02	
37	8.952551e+00	7.934670e-02	8.650000e-01	5.100000e-03	1.564945e+00	5.877729e-02	2.141582e-02	
39	6.637902e+00	2.908075e-02	7.294000e-01	4.200000e-03	1.529052e+00	2.805600e-02	4.194227e-02	
41	7.662835e+00	1.644133e-02	7.818000e-01	6.100000e-03	1.607976e+00	1.447928e-02	3.556608e-02	
42	8.216927e+00	5.739020e-02	8.210000e-01	3.100000e-03	1.688334e+00	1.254207e-02	3.063467e-02	
43	8.159935e+00	4.261410e-02	8.861000e-01	6.500000e-03	1.671961e+00	1.621363e-02	1.930420e-02	
44	7.939659e+00	5.799512e-02	8.616000e-01	2.900000e-03	1.609269e+00	1.502054e-02	2.257702e-02	
45	1.202790e+01	9.837593e-02	8.807000e-01	5.900000e-03	1.506251e+00	1.769658e-02	1.821544e-02	
46	8.058018e+00	4.155626e-02	8.589000e-01	4.200000e-03	1.607200e+00	3.642161e-02	2.298788e-02	
47	9.465215e+00	3.494022e-02	8.595000e-01	5.300000e-03	1.607200e+00	3.280528e-02	2.289012e-02	
48	8.972633e+00	3.944899e-02	8.629000e-01	6.300000e-03	1.547269e+00	1.675829e-02	2.150330e-02	
49	8.054772e+00	4.152279e-02	8.628000e-01	7.900000e-03	1.666667e+00	2.111111e-02	2.317953e-02	
50	7.911392e+00	2.691376e-02	8.373000e-01	3.700000e-03	1.662787e+00	1.603619e-02	2.742369e-02	
51	8.210181e+00	1.954805e-02	8.927000e-01	6.100000e-03	1.766472e+00	4.399799e-02	1.921358e-02	
52	7.766990e+00	3.800547e-02	8.825000e-01	1.290000e-02	1.702707e+00	5.334550e-02	2.028055e-02	
53	9.195402e+00	6.679878e-02	9.087000e-01	5.800000e-03	1.562744e+00	2.051422e-02	1.446307e-02	
54	9.037506e+00	5.227297e-02	7.802000e-01	3.600000e-03	1.496110e+00	1.343007e-02	3.333443e-02	
55	8.291874e+00	3.919045e-02	8.431000e-01	2.800000e-03	1.511487e+00	1.302219e-02	2.403971e-02	
56	8.764242e+00	4.378280e-02	8.383000e-01	5.100000e-03	1.584786e+00	1.205542e-02	2.597661e-02	
57	8.449514e+00	3.498320e-02	7.778000e-01	2.200000e-03	1.600512e+00	1.203970e-02	3.604997e-02	
58	8.802817e+00	9.841177e-02	9.175000e-01	6.800000e-03	1.587554e+00	1.260163e-02	1.327652e-02	
61	8.806693e+00	2.714525e-02	8.400000e-01	6.400000e-03	1.575299e+00	1.538572e-02	2.554965e-02	
62	8.806693e+00	3.877892e-02	8.510000e-01	2.600000e-03	1.601794e+00	1.616419e-02	2.419328e-02	
63	8.382230e+00	3.653612e-02	8.806000e-01	4.800000e-03	1.735509e+00	2.439712e-02	2.100549e-02	
64	8.309098e+00	3.383015e-02	8.966000e-01	2.400000e-03	1.634788e+00	1.550069e-02	1.713499e-02	
65	8.392782e+00	3.521940e-02	8.261000e-01	4.600000e-03	1.535155e+00	1.555423e-02	2.706161e-02	
66	7.288630e+00	6.003026e-02	8.923000e-01	4.000000e-03	1.509434e+00	1.367035e-02	1.647903e-02	
67	7.010165e+00	2.162266e-02	7.974000e-01	6.600000e-03	1.509206e+00	1.207183e-02	3.099487e-02	
69	8.438819e+00	3.062187e-02	8.100000e-01	4.900000e-03	1.627339e+00	1.430046e-02	3.134249e-02	
70	8.233841e+00	6.237245e-02	8.740000e-01	1.300000e-02	1.519757e+00	1.131734e-02	1.941094e-02	
71	8.665511e+00	4.280192e-02	8.478000e-01	2.600000e-03	1.584033e+00	1.781504e-02	2.443885e-02	
72	8.431703e+00	4.052336e-02	8.860000e-01	3.000000e-03	1.667500e+00	1.779557e-02	1.926960e-02	
73	8.183306e+00	2.008995e-02	8.347000e-01	1.110000e-02	1.634254e+00	1.495640e-02	2.738383e-02	
74	7.791196e+00	3.460056e-02	8.646000e-01	4.200000e-03	1.635858e+00	2.488709e-02	2.245257e-02	
76	7.507508e+00	6.368982e-02	7.985000e-01	1.460000e-02	1.456240e+00	1.166349e-02	2.974472e-02	
77	6.925208e+00	4.076473e-02	7.701000e-01	6.800000e-03	1.374004e+00	1.359278e-02	3.202055e-02	
78	7.385524e+00	3.872764e-02	7.306000e-01	2.500000e-03	1.603335e+00	1.156807e-02	4.378483e-02	
79	9.225092e+00	2.212661e-02	8.809000e-01	2.900000e-03	1.605394e+00	1.494828e-02	1.938185e-02	
80	7.782101e+00	3.451983e-02	8.593000e-01	2.600000e-03	1.600256e+00	1.075544e-02	2.282367e-02	
81	8.361204e+00	2.866299e-02	8.865000e-01	4.200000e-03	1.664447e+00	1.689935e-02	1.914996e-02	
82	7.923930e+00	2.699913e-02	8.809000e-01	6.200000e-03	1.566661e+00	1.693555e-02	1.891423e-02	
83	7.704160e+00	5.045097e-02	8.178000e-01	2.800000e-03	1.589825e+00	1.061568e-02	2.936294e-02	
84	7.927071e+00	4.084499e-02	8.341000e-01	1.310000e-02	1.652619e+00	4.260595e-02	2.779208e-02	
85	8.631852e+00	4.768567e-02	8.243000e-01	4.300000e-03	1.671682e+00	2.906301e-02	2.977331e-02	
86	8.061266e+00	2.274440e-02	8.219000e-01	8.400000e-03	1.653439e+00	1.585639e-02	2.985066e-02	
87	9.280742e+00	9.130011e-02	8.570000e-01	8.600000e-03	1.681803e+00	5.996337e-02	2.437884e-02	
88	1.399972e+01	6.075757e-02	8.694000e-01	2.080000e-02	1.602051e+00	5.800440e-02	2.120905e-02	
89	1.097936e+01	4.580760e-02	8.477000e-01	3.300000e-03	1.520913e+00	1.896803e-02	2.348043e-02	
90	1.078981e+01	5.006064e-02	8.603000e-01	6.200000e-03	1.556178e+00	2.227955e-02	2.203726e-02	
91	8.190008e+00	7.579614e-02	8.262000e-01	3.500000e-03	1.613424e+00	1.561882e-02	2.842497e-02	
92	7.504690e+00	3.604504e-02	8.490000e-01	1.340000e-02	1.564700e+00	1.493455e-02	2.395025e-02	
93	7.877117e+00	3.040400e-02	7.983000e-01	3.500000e-03	1.612643e+00	2.574612e-02	3.297205e-02	
94	6.949270e+00	2.028279e-02	8.164000e-01	3.400000e-03	1.460920e+00	1.216544e-02	2.718949e-02	
95	7.945967e+00	2.272982e-02	8.840000e-01	4.200000e-03	1.682652e+00	1.698790e-02	1.978582e-02	
96	7.524454e+00	4.019836e-02	9.125000e-01	3.100000e-03	1.539883e+00	1.683580e-02	1.365833e-02	
97	8.000000e+00	3.648000e-02	8.378000e-01	3.100000e-03	1.696929e+00	3.052341e-02	2.790077e-02	
98	7.861635e+00	3.461097e-02	7.951000e-01	2.500000e-03	1.494768e+00	1.072480e-02	3.104686e-02	
99	8.153282e+00	5.185128e-02	8.816000e-01	2.700000e-03	1.605652e+00	1.469527e-02	1.927103e-02	
100	7.806401e+00	1.706317e-02	8.363000e-01	5.000000e-03	1.708526e+00	2.656344e-02	2.835124e-02	
101	8.019246e+00	4.565890e-02	8.309000e-01	3.700000e-03	1.688049e+00	1.595725e-02	2.893546e-02	
102	7.977663e+00	2.227508e-02	8.645000e-01	3.300000e-03	1.584284e+00	1.505973e-02	2.176076e-02	
104	7.363770e+00	4.609135e-02	7.720000e-01	6.800000e-03	1.430820e+00	1.146457e-02	3.306904e-02	
105	6.389776e+00	2.490584e-02	7.806000e-01	3.100000e-03	1.492760e+00	9.581831e-03	3.319927e-02	
106	7.288630e+00	6.003026e-02	8.033000e-01	6.900000e-03	1.484120e+00	1.123332e-02	2.959206e-02	
108	8.074283e+00	5.997853e-02	8.490000e-01	5.800000e-03	1.498576e+00	1.616926e-02	2.293811e-02	
109	7.840063e+00	3.933861e-02	8.311000e-01	3.800000e-03	1.602307e+00	3.260584e-02	2.743325e-02	
110	7.936508e+00	3.590325e-02	8.649000e-01	3.300000e-03	1.702997e+00	1.943134e-02	2.332229e-02	
111	8.481764e+00	4.100598e-02	8.810000e-01	8.600000e-03	1.711743e+00	1.611534e-02	2.064844e-02	
112	9.784736e+00	3.542419e-02	8.539000e-01	1.180000e-02	1.659751e+00	4.104613e-02	2.458074e-02	
113	8.413967e+00	9.486509e-02	8.444000e-01	4.600000e-03	1.626810e+00	6.351625e-02	2.565950e-02	
114	1.351717e+01	7.125838e-02	8.652000e-01	6.600000e-03	1.678416e+00	2.197321e-02	2.293460e-02	
116	7.272727e+00	3.755372e-02	8.076000e-01	1.870000e-02	1.470156e+00	1.707473e-02	2.867281e-02	
117	9.886307e+00	8.991995e-02	8.662000e-01	5.300000e-03	1.756235e+00	1.819772e-02	2.381993e-02	
118	8.413967e+00	4.530870e-02	8.212000e-01	3.700000e-03	1.631854e+00	6.204666e-02	2.957676e-02	
119	8.707009e+00	2.653420e-02	9.050000e-01	4.500000e-03	1.596424e+00	1.478170e-02	1.537353e-02	
120	7.256894e+00	1.843188e-02	8.469000e-01	1.260000e-02	1.500825e+00	2.004705e-02	2.329202e-02	
122	7.624857e+00	2.034846e-02	8.493000e-01	5.600000e-03	1.571339e+00	1.382699e-02	2.400407e-02	
123	7.905138e+00	7.061507e-02	8.251000e-01	4.100000e-03	1.655903e+00	1.645209e-02	2.935801e-02	
124	7.785130e+00	5.575959e-02	8.644000e-01	9.900000e-03	1.618909e+00	1.310433e-02	2.225276e-02	
125	7.507508e+00	6.368982e-02	8.840000e-01	9.200000e-03	1.642845e+00	1.484418e-02	1.931775e-02	
127	7.446016e+00	2.384056e-02	8.455000e-01	3.600000e-03	1.574555e+00	1.586703e-02	2.465972e-02	
128	7.107321e+00	5.000887e-02	6.890000e-01	2.700000e-03	1.588562e+00	1.337471e-02	5.008025e-02	
