3.346461e+00	1.000000e+00	3.258619e-11
3.491527e+00	0.000000e+00	3.116473e-10
3.642881e+00	0.000000e+00	2.963229e-09
3.800797e+00	0.000000e+00	2.774856e-08
3.965558e+00	0.000000e+00	2.531972e-07
4.137461e+00	0.000000e+00	2.224363e-06
4.316816e+00	0.000000e+00	1.856181e-05
4.503946e+00	0.000000e+00	1.449217e-04
4.699188e+00	0.000000e+00	1.040863e-03
4.902893e+00	0.000000e+00	6.748251e-03
5.115429e+00	0.000000e+00	3.866988e-02
5.337178e+00	1.000000e+00	1.913145e-01
5.568540e+00	0.000000e+00	7.961366e-01
5.809931e+00	2.000000e+00	2.707155e+00
6.061786e+00	7.000000e+00	7.284086e+00
6.324559e+00	1.300000e+01	1.496651e+01
6.598723e+00	2.600000e+01	2.257604e+01
6.884771e+00	2.300000e+01	2.393588e+01
7.183220e+00	1.500000e+01	1.699960e+01
7.494606e+00	8.000000e+00	7.669391e+00
7.819490e+00	7.000000e+00	2.072949e+00
8.158457e+00	1.000000e+00	3.146995e-01
8.512119e+00	1.000000e+00	2.499280e-02
8.881111e+00	1.000000e+00	9.602096e-04
9.266099e+00	0.000000e+00	1.637450e-05
9.667776e+00	0.000000e+00	1.127507e-07
1.008686e+01	1.000000e+00	2.825202e-10
1.052412e+01	0.000000e+00	2.297959e-13
1.098033e+01	1.000000e+00	5.352056e-17


1.560710e-01	1.000000e+00	2.431860e-113
1.652767e-01	0.000000e+00	7.600276e-110
1.750254e-01	0.000000e+00	3.332612e-106
1.853491e-01	0.000000e+00	2.057333e-102
1.962817e-01	0.000000e+00	1.791039e-98
2.078592e-01	0.000000e+00	2.197699e-94
2.201196e-01	0.000000e+00	3.789371e-90
2.331031e-01	0.000000e+00	9.125726e-86
2.468525e-01	0.000000e+00	3.040194e-81
2.614129e-01	0.000000e+00	1.382004e-76
2.768321e-01	0.000000e+00	8.414878e-72
2.931608e-01	0.000000e+00	6.699681e-67
3.104526e-01	0.000000e+00	6.765017e-62
3.287643e-01	0.000000e+00	8.340770e-57
3.481562e-01	0.000000e+00	1.198577e-51
3.686918e-01	0.000000e+00	1.897501e-46
3.904388e-01	0.000000e+00	3.093128e-41
4.134684e-01	0.000000e+00	4.790252e-36
4.378565e-01	0.000000e+00	6.407820e-31
4.636830e-01	0.000000e+00	6.619097e-26
4.910329e-01	0.000000e+00	4.630688e-21
5.199960e-01	0.000000e+00	1.882765e-16
5.506675e-01	0.000000e+00	3.724066e-12
5.831481e-01	0.000000e+00	2.916285e-08
6.175446e-01	0.000000e+00	7.126082e-05
6.539698e-01	5.000000e+00	4.129774e-02
6.925436e-01	4.000000e+00	4.140251e+00
7.333927e-01	5.000000e+01	4.998903e+01
7.766511e-01	4.800000e+01	4.800359e+01


1.209212e+00	1.000000e+00	6.741585e-20
1.235282e+00	0.000000e+00	1.123980e-18
1.261915e+00	0.000000e+00	1.821105e-17
1.289122e+00	0.000000e+00	2.854520e-16
1.316915e+00	0.000000e+00	4.308042e-15
1.345308e+00	0.000000e+00	6.228460e-14
1.374313e+00	0.000000e+00	8.580508e-13
1.403943e+00	0.000000e+00	1.120007e-11
1.434212e+00	0.000000e+00	1.376916e-10
1.465133e+00	0.000000e+00	1.584272e-09
1.496722e+00	0.000000e+00	1.694687e-08
1.528991e+00	0.000000e+00	1.673506e-07
1.561956e+00	0.000000e+00	1.514308e-06
1.595632e+00	0.000000e+00	1.245784e-05
1.630034e+00	0.000000e+00	9.241035e-05
1.665177e+00	0.000000e+00	6.127155e-04
1.701078e+00	0.000000e+00	3.598030e-03
1.737754e+00	1.000000e+00	1.853237e-02
1.775220e+00	0.000000e+00	8.287546e-02
1.813493e+00	1.000000e+00	3.183336e-01
1.852592e+00	1.000000e+00	1.038454e+00
1.892534e+00	6.000000e+00	2.842951e+00
1.933337e+00	8.000000e+00	6.450403e+00
1.975020e+00	1.200000e+01	1.197058e+01
2.017601e+00	1.300000e+01	1.791983e+01
2.061101e+00	2.400000e+01	2.132611e+01
2.105538e+00	2.100000e+01	1.986977e+01
2.150933e+00	1.500000e+01	1.426205e+01
2.197307e+00	5.000000e+00	7.754024e+00


4.031478e-02	2.000000e+00	5.602853e-01
4.166228e-02	0.000000e+00	1.170438e+00
4.305481e-02	1.000000e+00	2.273686e+00
4.449389e-02	6.000000e+00	4.070325e+00
4.598107e-02	5.000000e+00	6.649538e+00
4.751796e-02	1.600000e+01	9.808762e+00
4.910621e-02	9.000000e+00	1.291569e+01
5.074755e-02	1.000000e+01	1.499399e+01
5.244376e-02	1.900000e+01	1.514244e+01
5.419666e-02	1.500000e+01	1.311201e+01
5.600814e-02	1.000000e+01	9.584182e+00
5.788018e-02	4.000000e+00	5.814787e+00
5.981479e-02	1.000000e+00	2.875488e+00
6.181405e-02	1.000000e+00	1.136522e+00
6.388015e-02	0.000000e+00	3.515289e-01
6.601530e-02	4.000000e+00	8.317264e-02
6.822182e-02	3.000000e+00	1.468912e-02
7.050209e-02	0.000000e+00	1.886045e-03
7.285857e-02	0.000000e+00	1.711281e-04
7.529382e-02	0.000000e+00	1.064243e-05
7.781047e-02	0.000000e+00	4.389797e-07
8.041123e-02	0.000000e+00	1.159294e-08
8.309892e-02	0.000000e+00	1.887117e-10
8.587645e-02	0.000000e+00	1.817770e-12
8.874681e-02	0.000000e+00	9.916840e-15
9.171312e-02	0.000000e+00	2.923133e-17
9.477857e-02	0.000000e+00	4.425868e-20
9.794648e-02	0.000000e+00	3.260143e-23
1.012203e-01	1.000000e+00	1.102156e-26


1.916710e-01	2.000000e+00	4.816329e-01
1.960571e-01	0.000000e+00	1.073062e+00
2.005435e-01	1.000000e+00	2.183372e+00
2.051326e-01	6.000000e+00	4.028379e+00
2.098267e-01	5.000000e+00	6.689070e+00
2.146283e-01	1.600000e+01	9.917141e+00
2.195397e-01	9.000000e+00	1.301832e+01
2.245635e-01	1.000000e+01	1.499802e+01
2.297022e-01	1.900000e+01	1.502369e+01
2.349586e-01	1.500000e+01	1.295737e+01
2.403352e-01	1.000000e+01	9.522643e+00
2.458349e-01	4.000000e+00	5.898733e+00
2.514604e-01	1.000000e+00	3.044577e+00
2.572146e-01	1.000000e+00	1.293605e+00
2.631006e-01	0.000000e+00	4.467275e-01
2.691212e-01	4.000000e+00	1.237130e-01
2.752796e-01	3.000000e+00	2.708803e-02
2.815789e-01	0.000000e+00	4.620225e-03
2.880224e-01	0.000000e+00	6.043208e-04
2.946133e-01	0.000000e+00	5.962520e-05
3.013550e-01	0.000000e+00	4.361301e-06
3.082510e-01	0.000000e+00	2.322206e-07
3.153048e-01	0.000000e+00	8.829739e-09
3.225200e-01	0.000000e+00	2.349583e-10
3.299004e-01	0.000000e+00	4.283626e-12
3.374496e-01	0.000000e+00	5.232612e-14
3.451716e-01	0.000000e+00	4.183346e-16
3.530702e-01	0.000000e+00	2.135594e-18
3.611497e-01	1.000000e+00	6.783431e-21


