0	10	R2	3.214401e+00	3.214401e+00	1.397524e-09	0.000000e+00	3.802312e-02
0	14	R2	6.395907e+00	6.395907e+00	3.685885e-09	0.000000e+00	4.908915e-02
0	15	R2	8.795075e+00	8.795075e+00	5.628977e-09	1.248054e-14	1.423301e-01
0	16	R2	1.112100e+01	1.112100e+01	7.471124e-09	-1.311682e-14	2.708517e-01
0	17	R2	1.178273e+01	1.178273e+01	7.986863e-09	-7.395925e-15	4.803609e-01
0	19	R2	1.351717e+01	1.351717e+01	9.325068e-09	1.408996e-14	1.260725e-01
0	21	R2	1.233198e+01	1.233198e+01	8.412609e-09	0.000000e+00	2.737398e-02
0	22	R2	1.114579e+01	1.114579e+01	7.490504e-09	1.497288e-14	2.372766e-01
0	24	R2	1.255650e+01	1.255650e+01	8.586091e-09	0.000000e+00	8.403587e-01
0	25	R2	1.490980e+01	1.490980e+01	1.038823e-08	0.000000e+00	2.445322e-02
0	26	R2	1.556663e+01	1.556663e+01	1.088690e-08	4.213006e-15	4.216365e-01
0	27	R2	1.470372e+01	1.470372e+01	1.023144e-08	9.028890e-15	3.934829e-01
0	28	R2	1.636393e+01	1.636393e+01	1.149021e-08	1.340138e-14	5.302011e-01
0	29	R2	1.419446e+01	1.419446e+01	9.843212e-09	-1.711926e-14	2.075273e-01
0	30	R2	1.571092e+01	1.571092e+01	1.099624e-08	-2.878638e-14	1.234165e-01
0	32	R2	1.608752e+01	1.608752e+01	1.128129e-08	-3.922059e-14	9.058286e-02
0	33	R2	1.556420e+01	1.556420e+01	1.088507e-08	9.166140e-14	1.937955e-02
0	34	R2	1.222942e+01	1.222942e+01	8.333266e-09	0.000000e+00	2.363029e-01
0	35	R2	1.592610e+01	1.592610e+01	1.115917e-08	-1.400687e-13	1.268204e-02
0	36	R2	1.591850e+01	1.591850e+01	1.115342e-08	0.000000e+00	7.956715e-01
0	37	R2	1.485663e+01	1.485663e+01	1.034780e-08	-1.463278e-13	2.427915e-02
0	38	R2	1.495215e+01	1.495215e+01	1.042044e-08	0.000000e+00	2.012102e-02
0	39	R2	1.545356e+01	1.545356e+01	1.080118e-08	0.000000e+00	5.970314e-02
0	40	R2	1.627075e+01	1.627075e+01	1.141980e-08	9.384460e-15	3.785741e-01
0	41	R2	1.348254e+01	1.348254e+01	9.298518e-09	-1.191716e-14	1.490587e-01
0	42	R2	1.458151e+01	1.458151e+01	1.013837e-08	-2.586561e-15	6.867641e-01
0	43	R2	1.358696e+01	1.358696e+01	9.378560e-09	4.582121e-14	3.876713e-02
0	44	R2	1.355748e+01	1.355748e+01	9.355973e-09	-1.039176e-14	1.709390e-01
0	46	R2	1.419446e+01	1.419446e+01	9.843212e-09	-7.053135e-15	5.037070e-01
0	47	R2	1.434309e+01	1.434309e+01	9.956628e-09	0.000000e+00	1.522359e-01
0	48	R2	1.422273e+01	1.422273e+01	9.864788e-09	5.227032e-15	3.398405e-01
0	49	R2	1.460920e+01	1.460920e+01	1.015947e-08	0.000000e+00	1.600716e-01
0	50	R2	1.404692e+01	1.404692e+01	9.730519e-09	-1.551124e-06	1.223358e-01
0	51	R2	1.597444e+01	1.597444e+01	1.119575e-08	0.000000e+00	5.103655e-02
0	52	R2	1.678416e+01	1.678416e+01	1.180739e-08	-7.006300e-14	1.521223e-01
0	53	R2	1.405284e+01	1.405284e+01	9.735044e-09	-1.186873e-06	1.599606e-01
0	54	R2	1.460707e+01	1.460707e+01	1.015784e-08	3.398114e-15	5.227479e-01
0	55	R2	1.428980e+01	1.428980e+01	9.915973e-09	-7.980895e-15	2.225761e-01
0	56	R2	1.488760e+01	1.488760e+01	1.037135e-08	1.863856e-14	9.530545e-02
0	57	R2	1.352631e+01	1.352631e+01	9.332076e-09	5.547963e-15	3.201818e-01
0	58	R2	1.419044e+01	1.419044e+01	9.840137e-09	-2.509917e-06	7.652002e-02
0	59	R2	1.355014e+01	1.355014e+01	9.350341e-09	1.165641e-14	1.523931e-01
0	60	R2	1.354830e+01	1.354830e+01	9.348934e-09	-3.300484e-06	5.506693e-02
0	61	R2	1.305995e+01	1.305995e+01	8.973991e-09	-1.592860e-06	1.091598e-01
0	63	R2	1.460707e+01	1.460707e+01	1.015784e-08	3.398114e-15	5.227479e-01
0	65	R2	1.450747e+01	1.450747e+01	1.008196e-08	-3.125957e-14	5.682602e-02
0	66	R2	1.429593e+01	1.429593e+01	9.920649e-09	1.738344e-13	1.021867e-02
0	68	R2	1.421666e+01	1.421666e+01	9.860158e-09	0.000000e+00	3.435929e-01
0	69	R2	1.431025e+01	1.431025e+01	9.931576e-09	-1.101438e-06	1.761135e-01
0	71	R2	1.450958e+01	1.450958e+01	1.008356e-08	-1.562525e-14	1.136850e-01
0	72	R2	1.489647e+01	1.489647e+01	1.037810e-08	4.447244e-14	3.994286e-02
0	73	R2	1.457938e+01	1.457938e+01	1.013675e-08	-2.038299e-14	8.714897e-02
0	74	R2	1.417234e+01	1.417234e+01	9.826317e-09	0.000000e+00	1.827781e-01
0	75	R2	1.446132e+01	1.446132e+01	1.004678e-08	-1.676983e-06	1.171126e-01
0	76	R2	1.370990e+01	1.370990e+01	9.472734e-09	-4.457854e-15	3.984780e-01
0	77	R2	1.148765e+01	1.148765e+01	7.757285e-09	-3.638028e-14	4.882746e-02
0	79	R2	5.648122e+00	5.648122e+00	3.089375e-09	0.000000e+00	1.601444e-01
0	80	R2	2.122692e+00	2.122692e+00	7.907682e-10	0.000000e+00	7.029078e-03


1	10	NOE	-2.800000e-01	-2.800000e-01	8.652501e-10	nan	0.000000e+00
1	14	NOE	1.200000e-01	1.200000e-01	1.139931e-09	0.000000e+00	1.000000e-02
1	15	NOE	3.400000e-01	3.400000e-01	1.407775e-09	-1.665335e-14	1.000000e-02
1	16	NOE	5.700000e-01	5.700000e-01	1.977067e-09	3.700743e-15	3.000000e-02
1	17	NOE	7.000000e-01	7.000000e-01	2.813229e-09	inf	0.000000e+00
1	19	NOE	7.200000e-01	7.200000e-01	3.055851e-09	0.000000e+00	2.000000e-02
1	21	NOE	7.000000e-01	7.000000e-01	2.813229e-09	5.551115e-15	2.000000e-02
1	22	NOE	6.700000e-01	6.700000e-01	2.535309e-09	-3.700743e-15	3.000000e-02
1	24	NOE	7.800000e-01	7.800000e-01	4.459675e-09	1.110223e-14	1.000000e-02
1	25	NOE	7.600000e-01	7.600000e-01	3.805509e-09	0.000000e+00	1.000000e-02
1	26	NOE	7.400000e-01	7.400000e-01	3.371255e-09	nan	0.000000e+00
1	27	NOE	7.400000e-01	7.400000e-01	3.371255e-09	0.000000e+00	4.000000e-02
1	28	NOE	7.900000e-01	7.900000e-01	4.941403e-09	-inf	0.000000e+00
1	29	NOE	8.000000e-01	8.000000e-01	5.619330e-09	0.000000e+00	1.000000e-02
1	30	NOE	7.400000e-01	7.400000e-01	3.371255e-09	0.000000e+00	2.000000e-02
1	32	NOE	8.000000e-01	8.000000e-01	5.619330e-09	0.000000e+00	1.000000e-02
1	33	NOE	7.800000e-01	7.800000e-01	4.459675e-09	1.110223e-14	1.000000e-02
1	34	NOE	7.000000e-01	7.000000e-01	2.813229e-09	3.700743e-15	3.000000e-02
1	35	NOE	8.000000e-01	8.000000e-01	5.619330e-09	0.000000e+00	3.000000e-02
1	36	NOE	8.100000e-01	8.100000e-01	6.678119e-09	0.000000e+00	2.000000e-02
1	37	NOE	7.800000e-01	7.800000e-01	4.459675e-09	inf	0.000000e+00
1	38	NOE	7.300000e-01	7.300000e-01	3.202302e-09	0.000000e+00	2.000000e-02
1	39	NOE	7.500000e-01	7.500000e-01	3.569183e-09	0.000000e+00	1.000000e-02
1	40	NOE	7.800000e-01	7.800000e-01	4.459675e-09	1.110223e-14	1.000000e-02
1	41	NOE	6.800000e-01	6.800000e-01	2.618991e-09	1.110223e-14	1.000000e-02
1	42	NOE	7.100000e-01	7.100000e-01	2.927289e-09	0.000000e+00	3.000000e-02
1	43	NOE	7.500000e-01	7.500000e-01	3.569183e-09	nan	0.000000e+00
1	44	NOE	7.500000e-01	7.500000e-01	3.569183e-09	0.000000e+00	6.000000e-02
1	46	NOE	8.300000e-01	8.300000e-01	1.571497e-08	0.000000e+00	1.000000e-02
1	47	NOE	8.000000e-01	8.000000e-01	5.619330e-09	0.000000e+00	2.000000e-02
1	48	NOE	8.100000e-01	8.100000e-01	6.678119e-09	0.000000e+00	1.000000e-02
1	49	NOE	7.900000e-01	7.900000e-01	4.941403e-09	-2.220446e-14	1.000000e-02
1	50	NOE	7.500000e-01	7.500000e-01	3.569183e-09	0.000000e+00	1.000000e-02
1	51	NOE	7.700000e-01	7.700000e-01	4.094597e-09	5.551115e-15	2.000000e-02
1	52	NOE	7.500000e-01	7.500000e-01	3.569183e-09	0.000000e+00	2.000000e-02
1	53	NOE	7.800000e-01	7.800000e-01	4.459675e-09	inf	0.000000e+00
1	54	NOE	7.500000e-01	7.500000e-01	3.569183e-09	0.000000e+00	3.000000e-02
1	55	NOE	7.600000e-01	7.600000e-01	3.805509e-09	0.000000e+00	3.000000e-02
1	56	NOE	7.700000e-01	7.700000e-01	4.094597e-09	1.110223e-14	1.000000e-02
1	57	NOE	7.800000e-01	7.800000e-01	4.459675e-09	1.110223e-14	1.000000e-02
1	58	NOE	7.100000e-01	7.100000e-01	2.927289e-09	0.000000e+00	2.000000e-02
1	59	NOE	7.400000e-01	7.400000e-01	3.371255e-09	nan	0.000000e+00
1	60	NOE	6.900000e-01	6.900000e-01	2.711117e-09	nan	0.000000e+00
1	61	NOE	6.800000e-01	6.800000e-01	2.618991e-09	1.110223e-14	1.000000e-02
1	63	NOE	7.500000e-01	7.500000e-01	3.569183e-09	0.000000e+00	3.000000e-02
1	65	NOE	7.300000e-01	7.300000e-01	3.202302e-09	nan	0.000000e+00
1	66	NOE	7.900000e-01	7.900000e-01	4.941403e-09	-2.220446e-14	1.000000e-02
1	68	NOE	6.900000e-01	6.900000e-01	2.711117e-09	0.000000e+00	2.000000e-02
1	69	NOE	7.400000e-01	7.400000e-01	3.371255e-09	nan	0.000000e+00
1	71	NOE	7.500000e-01	7.500000e-01	3.569183e-09	0.000000e+00	1.000000e-02
1	72	NOE	6.800000e-01	6.800000e-01	2.618991e-09	2.220446e-15	5.000000e-02
1	73	NOE	7.900000e-01	7.900000e-01	4.941403e-09	-2.220446e-14	1.000000e-02
1	74	NOE	7.400000e-01	7.400000e-01	3.371255e-09	nan	0.000000e+00
1	75	NOE	7.500000e-01	7.500000e-01	3.569183e-09	0.000000e+00	1.000000e-02
1	76	NOE	6.900000e-01	6.900000e-01	2.711117e-09	nan	0.000000e+00
1	77	NOE	6.200000e-01	6.200000e-01	2.207854e-09	2.220446e-14	1.000000e-02
1	79	NOE	1.600000e-01	1.600000e-01	1.179158e-09	-inf	0.000000e+00
1	80	NOE	-6.400000e-01	-6.400000e-01	7.128317e-10	-inf	0.000000e+00


2	10	R1	1.319087e+00	1.319087e+00	4.132209e-10	-2.430714e-15	9.134953e-02
2	14	R1	1.377790e+00	1.377790e+00	9.756956e-09	3.773223e-14	1.176949e-02
2	15	R1	1.460494e+00	1.460494e+00	9.117621e-09	0.000000e+00	8.532167e-03
2	16	R1	1.319087e+00	1.319087e+00	1.025494e-08	-3.867045e-15	5.741970e-02
2	17	R1	1.360915e+00	1.360915e+00	9.896073e-09	5.994439e-13	3.704177e-04
2	19	R1	1.314406e+00	1.314406e+00	1.029641e-08	1.460490e-14	1.520343e-02
2	21	R1	1.377980e+00	1.377980e+00	9.755409e-09	0.000000e+00	1.082332e-02
2	22	R1	1.385617e+00	1.385617e+00	9.693483e-09	0.000000e+00	7.967731e-02
2	24	R1	1.276813e+00	1.276813e+00	1.063965e-08	0.000000e+00	1.532437e-02
2	25	R1	1.418239e+00	1.418239e+00	9.435830e-09	7.613312e-15	2.916531e-02
2	26	R1	1.359434e+00	1.359434e+00	9.908425e-09	0.000000e+00	3.825489e-02
2	27	R1	1.317003e+00	1.317003e+00	1.027338e-08	-1.293099e-14	1.717151e-02
2	28	R1	1.303101e+00	1.303101e+00	1.039770e-08	1.586926e-15	1.399212e-01
2	29	R1	1.479947e+00	1.479947e+00	8.976632e-09	1.333934e-14	1.664584e-02
2	30	R1	1.299714e+00	1.299714e+00	1.042836e-08	2.860613e-15	1.552427e-01
2	32	R1	1.253761e+00	1.253761e+00	1.085956e-08	2.077311e-14	1.068904e-02
2	33	R1	1.257703e+00	1.257703e+00	1.082142e-08	6.684431e-14	3.321818e-03
2	34	R1	1.352631e+00	1.352631e+00	9.965524e-09	1.178269e-14	1.884499e-02
2	35	R1	1.345352e+00	1.345352e+00	1.002720e-08	7.667407e-14	2.895954e-03
2	36	R1	1.286008e+00	1.286008e+00	1.055397e-08	0.000000e+00	4.812608e-02
2	37	R1	1.334579e+00	1.334579e+00	1.011961e-08	8.256096e-15	2.689462e-02
2	38	R1	1.391014e+00	1.391014e+00	9.650099e-09	-4.535829e-15	4.895348e-02
2	39	R1	1.087903e+00	1.087903e+00	1.269835e-08	4.520767e-14	9.823315e-03
2	40	R1	1.157140e+00	1.157140e+00	1.187024e-08	-8.333274e-15	2.664554e-02
2	41	R1	1.180498e+00	1.180498e+00	1.161166e-08	1.475319e-14	1.505062e-02
2	42	R1	1.372684e+00	1.372684e+00	9.798722e-09	-6.931870e-15	3.203242e-02
2	43	R1	1.480385e+00	1.480385e+00	8.973494e-09	8.514202e-15	2.607932e-02
2	44	R1	1.415829e+00	1.415829e+00	9.454492e-09	0.000000e+00	2.646035e-02
2	46	R1	1.447807e+00	1.447807e+00	9.211403e-09	1.524173e-14	2.913640e-02
2	47	R1	1.463272e+00	1.463272e+00	9.097280e-09	-1.312693e-14	1.691520e-02
2	48	R1	1.423893e+00	1.423893e+00	9.392261e-09	0.000000e+00	5.433622e-02
2	49	R1	1.463915e+00	1.463915e+00	9.092585e-09	1.151241e-13	3.857482e-03
2	50	R1	1.315616e+00	1.315616e+00	1.028566e-08	1.527223e-14	1.453911e-02
2	51	R1	1.396648e+00	1.396648e+00	9.605134e-09	0.000000e+00	1.014325e-02
2	52	R1	1.328021e+00	1.328021e+00	1.017654e-08	-8.282980e-15	2.680733e-02
2	53	R1	1.448855e+00	1.448855e+00	9.203594e-09	-1.179228e-15	1.882966e-01
2	54	R1	1.374948e+00	1.374948e+00	9.780163e-09	-1.957565e-13	2.268580e-03
2	55	R1	1.425110e+00	1.425110e+00	9.382920e-09	-5.412424e-15	4.102498e-02
2	56	R1	1.361470e+00	1.361470e+00	9.891440e-09	0.000000e+00	2.780402e-02
2	57	R1	1.263424e+00	1.263424e+00	1.076647e-08	9.552126e-07	1.755864e-02
2	58	R1	1.318044e+00	1.318044e+00	1.026416e-08	-1.852385e-14	1.198696e-02
2	59	R1	1.479290e+00	1.479290e+00	8.981338e-09	-2.306115e-14	1.925703e-02
2	60	R1	1.378170e+00	1.378170e+00	9.753862e-09	-3.036505e-14	1.462501e-02
2	61	R1	1.302592e+00	1.302592e+00	1.040230e-08	0.000000e+00	1.510104e-02
2	63	R1	1.374948e+00	1.374948e+00	9.780163e-09	-1.957565e-13	2.268580e-03
2	65	R1	1.360915e+00	1.360915e+00	9.896073e-09	1.517579e-14	1.463150e-02
2	66	R1	1.411233e+00	1.411233e+00	9.490245e-09	6.334755e-15	3.505180e-02
2	68	R1	1.302932e+00	1.302932e+00	1.039923e-08	3.269919e-13	6.790523e-04
2	69	R1	1.355748e+00	1.355748e+00	9.939295e-09	2.589586e-15	1.714904e-01
2	71	R1	1.295001e+00	1.295001e+00	1.047128e-08	0.000000e+00	2.196907e-02
2	72	R1	1.327492e+00	1.327492e+00	1.018116e-08	1.657916e-14	1.339299e-02
2	73	R1	1.416631e+00	1.416631e+00	9.448272e-09	0.000000e+00	6.221217e-03
2	74	R1	1.444669e+00	1.444669e+00	9.234823e-09	-1.108236e-14	2.003586e-02
2	75	R1	1.367241e+00	1.367241e+00	9.843552e-09	-2.969547e-14	7.477391e-03
2	76	R1	1.362769e+00	1.362769e+00	9.880630e-09	-1.172183e-14	1.894283e-02
2	77	R1	1.333511e+00	1.333511e+00	1.012885e-08	-2.116386e-15	1.049169e-01
2	79	R1	1.282709e+00	1.282709e+00	1.058458e-08	0.000000e+00	8.341887e-02
2	80	R1	9.968102e-01	9.968102e-01	2.375873e-10	2.303793e-14	9.638217e-03


