0	3	R2	6.802721e+00	6.802721e+00	4.153111e-09	-6.397549e-15	1.388310e-01
0	4	R2	8.928571e+00	8.928571e+00	6.015693e-09	0.000000e+00	3.188776e-01
0	5	R2	1.063830e+01	1.063830e+01	7.498670e-09	-1.961986e-15	9.053871e-01
0	6	R2	1.190476e+01	1.190476e+01	8.579833e-09	0.000000e+00	4.251701e-01
0	7	R2	1.052632e+01	1.052632e+01	7.402374e-09	-5.784687e-07	2.216066e-01
0	8	R2	1.111111e+01	1.111111e+01	7.903972e-09	-inf	0.000000e+00
0	9	R2	1.041667e+01	1.041667e+01	7.307969e-09	8.185452e-15	2.170139e-01
0	10	R2	1.111111e+01	1.111111e+01	7.903972e-09	-1.115726e-06	1.234568e-01
0	11	R2	1.075269e+01	1.075269e+01	7.596917e-09	-1.140687e-06	1.156203e-01
0	13	R2	1.052632e+01	1.052632e+01	7.402374e-09	-1.156937e-06	1.108033e-01
0	15	R2	1.052632e+01	1.052632e+01	7.402374e-09	-1.156937e-06	1.108033e-01
0	16	R2	1.086957e+01	1.086957e+01	7.697173e-09	-1.503508e-14	1.181474e-01
0	18	R2	1.086957e+01	1.086957e+01	7.697173e-09	-1.503508e-14	1.181474e-01
0	19	R2	1.041667e+01	1.041667e+01	7.307969e-09	1.637090e-14	1.085069e-01
0	20	R2	1.136364e+01	1.136364e+01	8.119610e-09	0.000000e+00	1.291322e-01
0	21	R2	1.136364e+01	1.136364e+01	8.119610e-09	0.000000e+00	1.291322e-01
0	22	R2	1.162791e+01	1.162791e+01	8.344680e-09	-1.081275e-06	1.352082e-01
0	23	R2	1.204819e+01	1.204819e+01	8.701412e-09	1.223732e-14	1.451589e-01
0	24	R2	1.052632e+01	1.052632e+01	7.402374e-09	-1.156937e-06	1.108033e-01
0	25	R2	1.075269e+01	1.075269e+01	7.596917e-09	-1.140687e-06	1.156203e-01
0	26	R2	1.111111e+01	1.111111e+01	7.903972e-09	-1.115726e-06	1.234568e-01
0	27	R2	1.000000e+01	1.000000e+01	6.948189e-09	0.000000e+00	1.000000e-01
0	28	R2	1.052632e+01	1.052632e+01	7.402374e-09	-1.156937e-06	1.108033e-01
0	29	R2	1.063830e+01	1.063830e+01	7.498670e-09	-1.569589e-14	1.131734e-01
0	30	R2	1.086957e+01	1.086957e+01	7.697173e-09	-1.503508e-14	1.181474e-01
0	31	R2	1.123596e+01	1.123596e+01	8.010651e-09	-1.107242e-06	1.262467e-01
0	32	R2	1.086957e+01	1.086957e+01	7.697173e-09	-1.503508e-14	1.181474e-01
0	33	R2	1.041667e+01	1.041667e+01	7.307969e-09	8.185452e-15	2.170139e-01
0	34	R2	1.149425e+01	1.149425e+01	8.230927e-09	1.344524e-14	1.321178e-01
0	35	R2	1.098901e+01	1.098901e+01	7.799503e-09	-1.124127e-06	1.207584e-01
0	36	R2	1.030928e+01	1.030928e+01	7.215400e-09	-1.172896e-06	1.062812e-01
0	37	R2	1.020408e+01	1.020408e+01	7.124614e-09	1.706013e-14	1.041233e-01
0	40	R2	1.020408e+01	1.020408e+01	7.124614e-09	8.530066e-15	2.082466e-01
0	41	R2	1.063830e+01	1.063830e+01	7.498670e-09	-7.847945e-15	2.263468e-01
0	42	R2	1.075269e+01	1.075269e+01	7.596917e-09	-5.703433e-07	2.312406e-01
0	43	R2	1.098901e+01	1.098901e+01	7.799503e-09	-5.620634e-07	2.415167e-01
0	44	R2	1.075269e+01	1.075269e+01	7.596917e-09	-5.703433e-07	2.312406e-01
0	45	R2	1.098901e+01	1.098901e+01	7.799503e-09	-5.620634e-07	2.415167e-01
0	46	R2	1.075269e+01	1.075269e+01	7.596917e-09	-5.703433e-07	2.312406e-01
0	47	R2	1.010101e+01	1.010101e+01	7.035560e-09	-4.352518e-15	4.081216e-01
0	49	R2	1.136364e+01	1.136364e+01	8.119610e-09	0.000000e+00	2.582645e-01
0	50	R2	1.098901e+01	1.098901e+01	7.799503e-09	-5.620634e-07	2.415167e-01
0	51	R2	1.111111e+01	1.111111e+01	7.903972e-09	-1.115726e-06	1.234568e-01
0	52	R2	1.098901e+01	1.098901e+01	7.799503e-09	-1.124127e-06	1.207584e-01
0	53	R2	1.162791e+01	1.162791e+01	8.344680e-09	-5.406376e-07	2.704164e-01
0	54	R2	1.063830e+01	1.063830e+01	7.498670e-09	-1.569589e-14	1.131734e-01
0	55	R2	1.075269e+01	1.075269e+01	7.596917e-09	-5.703433e-07	2.312406e-01
0	56	R2	1.030928e+01	1.030928e+01	7.215400e-09	-1.172896e-06	1.062812e-01
0	58	R2	9.803922e+00	9.803922e+00	6.778312e-09	1.848122e-14	9.611688e-02
0	59	R2	9.433962e+00	9.433962e+00	6.456814e-09	-9.979573e-15	1.779993e-01
0	60	R2	1.020408e+01	1.020408e+01	7.124614e-09	1.706013e-14	1.041233e-01
0	61	R2	1.052632e+01	1.052632e+01	7.402374e-09	-1.156937e-06	1.108033e-01
0	62	R2	1.086957e+01	1.086957e+01	7.697173e-09	-1.503508e-14	1.181474e-01
0	63	R2	1.111111e+01	1.111111e+01	7.903972e-09	-5.578630e-07	2.469136e-01
0	64	R2	1.030928e+01	1.030928e+01	7.215400e-09	-1.172896e-06	1.062812e-01
0	66	R2	1.123596e+01	1.123596e+01	8.010651e-09	-5.536211e-07	2.524934e-01
0	67	R2	1.086957e+01	1.086957e+01	7.697173e-09	-7.517542e-15	2.362949e-01
0	68	R2	1.123596e+01	1.123596e+01	8.010651e-09	-1.107242e-06	1.262467e-01
0	69	R2	1.063830e+01	1.063830e+01	7.498670e-09	-7.847945e-15	2.263468e-01
0	70	R2	1.111111e+01	1.111111e+01	7.903972e-09	-5.578630e-07	2.469136e-01
0	71	R2	1.136364e+01	1.136364e+01	8.119610e-09	0.000000e+00	1.291322e-01
0	72	R2	9.900990e+00	9.900990e+00	6.862455e-09	0.000000e+00	9.802960e-02
0	73	R2	1.075269e+01	1.075269e+01	7.596917e-09	-5.703433e-07	2.312406e-01
0	74	R2	1.063830e+01	1.063830e+01	7.498670e-09	-1.569589e-14	1.131734e-01
0	75	R2	1.265823e+01	1.265823e+01	9.216709e-09	-5.543122e-15	3.204615e-01
0	76	R2	1.219512e+01	1.219512e+01	8.825785e-09	-1.194422e-14	1.487210e-01
0	78	R2	1.111111e+01	1.111111e+01	7.903972e-09	-5.578630e-07	2.469136e-01
0	79	R2	1.162791e+01	1.162791e+01	8.344680e-09	-3.604251e-07	4.056247e-01
0	81	R2	9.803922e+00	9.803922e+00	6.778312e-09	9.240608e-15	1.922338e-01
0	84	R2	1.052632e+01	1.052632e+01	7.402374e-09	-1.156937e-06	1.108033e-01
0	85	R2	1.010101e+01	1.010101e+01	7.035560e-09	-8.705037e-15	2.040608e-01
0	86	R2	1.111111e+01	1.111111e+01	7.903972e-09	-5.578630e-07	2.469136e-01
0	87	R2	1.052632e+01	1.052632e+01	7.402374e-09	-3.856458e-07	3.324100e-01
0	88	R2	1.111111e+01	1.111111e+01	7.903972e-09	-1.115726e-06	1.234568e-01
0	89	R2	9.803922e+00	9.803922e+00	6.778312e-09	3.696243e-15	4.805844e-01
0	90	R2	1.063830e+01	1.063830e+01	7.498670e-09	-5.231963e-15	3.395201e-01
0	91	R2	1.010101e+01	1.010101e+01	7.035560e-09	-4.352518e-15	4.081216e-01
0	92	R2	9.708738e+00	9.708738e+00	6.695717e-09	-2.692196e-15	6.598171e-01
0	94	R2	1.098901e+01	1.098901e+01	7.799503e-09	-2.248254e-07	6.037918e-01
0	96	R2	1.052632e+01	1.052632e+01	7.402374e-09	-3.856458e-07	3.324100e-01
0	97	R2	1.063830e+01	1.063830e+01	7.498670e-09	-7.847945e-15	2.263468e-01
0	98	R2	1.020408e+01	1.020408e+01	7.124614e-09	1.706013e-14	1.041233e-01
0	99	R2	1.111111e+01	1.111111e+01	7.903972e-09	-1.115726e-06	1.234568e-01
0	100	R2	1.052632e+01	1.052632e+01	7.402374e-09	-1.156937e-06	1.108033e-01
0	101	R2	1.020408e+01	1.020408e+01	7.124614e-09	8.530066e-15	2.082466e-01
0	102	R2	9.803922e+00	9.803922e+00	6.778312e-09	9.240608e-15	1.922338e-01
0	103	R2	1.075269e+01	1.075269e+01	7.596917e-09	-1.140687e-06	1.156203e-01
0	104	R2	1.030928e+01	1.030928e+01	7.215400e-09	-5.864481e-07	2.125624e-01
0	105	R2	1.063830e+01	1.063830e+01	7.498670e-09	-1.569589e-14	1.131734e-01
0	107	R2	1.162791e+01	1.162791e+01	8.344680e-09	-1.081275e-06	1.352082e-01
0	108	R2	1.123596e+01	1.123596e+01	8.010651e-09	-5.536211e-07	2.524934e-01
0	109	R2	1.123596e+01	1.123596e+01	8.010651e-09	-1.107242e-06	1.262467e-01
0	110	R2	1.204819e+01	1.204819e+01	8.701412e-09	1.223732e-14	1.451589e-01
0	111	R2	1.123596e+01	1.123596e+01	8.010651e-09	-1.107242e-06	1.262467e-01
0	112	R2	9.708738e+00	9.708738e+00	6.695717e-09	-1.884537e-14	9.425959e-02
0	113	R2	1.075269e+01	1.075269e+01	7.596917e-09	-5.703433e-07	2.312406e-01
0	114	R2	1.234568e+01	1.234568e+01	8.953054e-09	-5.827339e-15	3.048316e-01
0	115	R2	1.123596e+01	1.123596e+01	8.010651e-09	-1.107242e-06	1.262467e-01
0	116	R2	1.190476e+01	1.190476e+01	8.579833e-09	0.000000e+00	5.668934e-01
0	117	R2	1.204819e+01	1.204819e+01	8.701412e-09	1.223732e-14	1.451589e-01
0	118	R2	1.123596e+01	1.123596e+01	8.010651e-09	-1.107242e-06	1.262467e-01
0	119	R2	1.111111e+01	1.111111e+01	7.903972e-09	-1.115726e-06	1.234568e-01
0	120	R2	1.098901e+01	1.098901e+01	7.799503e-09	-5.620634e-07	2.415167e-01
0	121	R2	1.098901e+01	1.098901e+01	7.799503e-09	-5.620634e-07	2.415167e-01
0	122	R2	1.052632e+01	1.052632e+01	7.402374e-09	-1.156937e-06	1.108033e-01
0	123	R2	1.111111e+01	1.111111e+01	7.903972e-09	-1.115726e-06	1.234568e-01
0	124	R2	1.098901e+01	1.098901e+01	7.799503e-09	-1.124127e-06	1.207584e-01
0	127	R2	1.063830e+01	1.063830e+01	7.498670e-09	-7.847945e-15	2.263468e-01
0	128	R2	1.123596e+01	1.123596e+01	8.010651e-09	-1.107242e-06	1.262467e-01
0	130	R2	1.190476e+01	1.190476e+01	8.579833e-09	0.000000e+00	1.417234e-01
0	131	R2	1.149425e+01	1.149425e+01	8.230927e-09	1.344524e-14	1.321178e-01
0	132	R2	1.149425e+01	1.149425e+01	8.230927e-09	1.344524e-14	1.321178e-01
0	133	R2	1.052632e+01	1.052632e+01	7.402374e-09	-5.784687e-07	2.216066e-01
0	134	R2	1.030928e+01	1.030928e+01	7.215400e-09	-2.932240e-07	4.251249e-01
0	135	R2	8.620690e+00	8.620690e+00	5.746016e-09	0.000000e+00	1.486326e-01


1	3	NOE	2.630000e-01	2.630000e-01	1.639348e-09	-2.220446e-15	5.000000e-02
1	4	NOE	3.990000e-01	3.990000e-01	1.914707e-09	-6.661338e-15	5.000000e-02
1	5	NOE	7.590000e-01	7.590000e-01	5.178128e-09	2.220446e-15	5.000000e-02
1	6	NOE	7.960000e-01	7.960000e-01	8.138872e-09	0.000000e+00	5.000000e-02
1	7	NOE	7.430000e-01	7.430000e-01	4.612560e-09	-2.220446e-15	5.000000e-02
1	8	NOE	7.650000e-01	7.650000e-01	5.449602e-09	0.000000e+00	5.000000e-02
1	9	NOE	7.850000e-01	7.850000e-01	6.794668e-09	0.000000e+00	5.000000e-02
1	10	NOE	7.270000e-01	7.270000e-01	4.196861e-09	2.220446e-15	5.000000e-02
1	11	NOE	8.340000e-01	8.214914e-01	3.875740e-05	2.501727e-01	5.000000e-02
1	13	NOE	8.070000e-01	8.070000e-01	1.080693e-08	-8.611629e-09	5.000000e-02
1	15	NOE	7.390000e-01	7.390000e-01	4.497445e-09	0.000000e+00	5.000000e-02
1	16	NOE	7.960000e-01	7.960000e-01	8.138872e-09	0.000000e+00	5.000000e-02
1	18	NOE	7.950000e-01	7.950000e-01	7.982950e-09	0.000000e+00	5.000000e-02
1	19	NOE	7.770000e-01	7.770000e-01	6.148411e-09	2.220446e-15	5.000000e-02
1	20	NOE	7.910000e-01	7.910000e-01	7.437832e-09	2.220446e-15	5.000000e-02
1	21	NOE	7.510000e-01	7.510000e-01	4.871360e-09	-2.220446e-15	5.000000e-02
1	22	NOE	8.200000e-01	8.200000e-01	3.373261e-08	2.220446e-15	5.000000e-02
1	23	NOE	8.170000e-01	8.170000e-01	1.943202e-08	0.000000e+00	5.000000e-02
1	24	NOE	7.570000e-01	7.570000e-01	5.096135e-09	-2.220446e-15	5.000000e-02
1	25	NOE	7.820000e-01	7.820000e-01	6.529446e-09	0.000000e+00	5.000000e-02
1	26	NOE	7.420000e-01	7.420000e-01	4.582973e-09	0.000000e+00	5.000000e-02
1	27	NOE	6.860000e-01	6.860000e-01	3.489606e-09	2.220446e-15	5.000000e-02
1	28	NOE	7.400000e-01	7.400000e-01	4.525432e-09	0.000000e+00	5.000000e-02
1	29	NOE	7.900000e-01	7.900000e-01	7.318024e-09	-4.440892e-15	5.000000e-02
1	30	NOE	7.980000e-01	7.980000e-01	8.480021e-09	0.000000e+00	5.000000e-02
1	31	NOE	7.690000e-01	7.690000e-01	5.655795e-09	2.220446e-15	5.000000e-02
1	32	NOE	7.420000e-01	7.420000e-01	4.582973e-09	0.000000e+00	5.000000e-02
1	33	NOE	7.310000e-01	7.310000e-01	4.290426e-09	-2.220446e-15	5.000000e-02
1	34	NOE	8.040000e-01	8.040000e-01	9.833541e-09	0.000000e+00	5.000000e-02
1	35	NOE	7.960000e-01	7.960000e-01	8.138872e-09	0.000000e+00	5.000000e-02
1	36	NOE	7.050000e-01	7.050000e-01	3.771052e-09	0.000000e+00	5.000000e-02
1	37	NOE	7.530000e-01	7.530000e-01	4.943010e-09	2.220446e-15	5.000000e-02
1	40	NOE	7.540000e-01	7.540000e-01	4.980018e-09	-3.966602e-08	5.000000e-02
1	41	NOE	8.020000e-01	8.020000e-01	9.313447e-09	0.000000e+00	5.000000e-02
1	42	NOE	7.930000e-01	7.930000e-01	7.696062e-09	2.220446e-15	5.000000e-02
1	43	NOE	8.400000e-01	8.214914e-01	2.447318e-05	3.701728e-01	5.000000e-02
1	44	NOE	8.130000e-01	8.130000e-01	1.412663e-08	0.000000e+00	5.000000e-02
1	45	NOE	7.920000e-01	7.920000e-01	7.563670e-09	-2.220446e-15	5.000000e-02
1	46	NOE	8.070000e-01	8.070000e-01	1.080693e-08	-8.611629e-09	5.000000e-02
1	47	NOE	6.930000e-01	6.930000e-01	3.586071e-09	0.000000e+00	5.000000e-02
1	49	NOE	7.860000e-01	7.860000e-01	6.890444e-09	0.000000e+00	5.000000e-02
1	50	NOE	7.820000e-01	7.820000e-01	6.529446e-09	0.000000e+00	5.000000e-02
1	51	NOE	7.800000e-01	7.800000e-01	6.368805e-09	-2.220446e-15	5.000000e-02
1	52	NOE	8.040000e-01	8.040000e-01	9.833541e-09	0.000000e+00	5.000000e-02
1	53	NOE	7.980000e-01	7.980000e-01	8.480021e-09	0.000000e+00	5.000000e-02
1	54	NOE	7.220000e-01	7.220000e-01	4.087884e-09	0.000000e+00	5.000000e-02
1	55	NOE	7.700000e-01	7.700000e-01	5.711048e-09	0.000000e+00	5.000000e-02
1	56	NOE	8.000000e-01	8.000000e-01	8.867666e-09	-2.220446e-15	5.000000e-02
1	58	NOE	6.900000e-01	6.900000e-01	3.543795e-09	2.220446e-15	5.000000e-02
1	59	NOE	7.240000e-01	7.240000e-01	4.130475e-09	0.000000e+00	5.000000e-02
1	60	NOE	7.500000e-01	7.500000e-01	4.836663e-09	0.000000e+00	5.000000e-02
1	61	NOE	8.080000e-01	8.080000e-01	1.120145e-08	-8.019034e-09	5.000000e-02
1	62	NOE	7.780000e-01	7.780000e-01	6.219344e-09	-2.220446e-15	5.000000e-02
1	63	NOE	7.740000e-01	7.740000e-01	5.949183e-09	-2.220446e-15	5.000000e-02
1	64	NOE	7.240000e-01	7.240000e-01	4.130475e-09	0.000000e+00	5.000000e-02
1	66	NOE	7.750000e-01	7.750000e-01	6.013453e-09	-2.220446e-15	5.000000e-02
1	67	NOE	7.880000e-01	7.880000e-01	7.094678e-09	0.000000e+00	5.000000e-02
1	68	NOE	7.690000e-01	7.690000e-01	5.655795e-09	2.220446e-15	5.000000e-02
1	69	NOE	8.350000e-01	8.214914e-01	2.330002e-05	2.701728e-01	5.000000e-02
1	70	NOE	7.290000e-01	7.290000e-01	4.242890e-09	0.000000e+00	5.000000e-02
1	71	NOE	8.490000e-01	8.214914e-01	4.010014e-05	5.501727e-01	5.000000e-02
1	72	NOE	7.450000e-01	7.450000e-01	4.673456e-09	2.220446e-15	5.000000e-02
1	73	NOE	8.280000e-01	8.214914e-01	1.952195e-05	1.301728e-01	5.000000e-02
1	74	NOE	7.600000e-01	7.600000e-01	5.220610e-09	-3.618524e-08	5.000000e-02
1	75	NOE	8.400000e-01	8.214914e-01	2.447318e-05	3.701728e-01	5.000000e-02
1	76	NOE	7.940000e-01	7.940000e-01	7.835600e-09	0.000000e+00	5.000000e-02
1	78	NOE	7.710000e-01	7.710000e-01	5.767929e-09	-2.220446e-15	5.000000e-02
1	79	NOE	7.440000e-01	7.440000e-01	4.642715e-09	0.000000e+00	5.000000e-02
1	81	NOE	7.960000e-01	7.960000e-01	8.138872e-09	0.000000e+00	5.000000e-02
1	84	NOE	8.080000e-01	8.080000e-01	1.120145e-08	-8.019034e-09	5.000000e-02
1	85	NOE	8.280000e-01	8.214914e-01	1.952195e-05	1.301728e-01	5.000000e-02
1	86	NOE	7.430000e-01	7.430000e-01	4.612560e-09	-2.220446e-15	5.000000e-02
1	87	NOE	7.700000e-01	7.700000e-01	5.711048e-09	0.000000e+00	5.000000e-02
1	88	NOE	8.060000e-01	8.060000e-01	1.045122e-08	0.000000e+00	5.000000e-02
1	89	NOE	7.200000e-01	7.200000e-01	4.046550e-09	0.000000e+00	5.000000e-02
1	90	NOE	8.530000e-01	8.214914e-01	2.203940e-05	6.301728e-01	5.000000e-02
1	91	NOE	8.660000e-01	8.214914e-01	3.710737e-05	8.901727e-01	5.000000e-02
1	92	NOE	7.980000e-01	7.980000e-01	8.480021e-09	0.000000e+00	5.000000e-02
1	94	NOE	6.830000e-01	6.830000e-01	3.450499e-09	0.000000e+00	5.000000e-02
1	96	NOE	8.380000e-01	8.214914e-01	2.578095e-05	3.301727e-01	5.000000e-02
1	97	NOE	7.860000e-01	7.860000e-01	6.890444e-09	0.000000e+00	5.000000e-02
1	98	NOE	8.240000e-01	8.214914e-01	3.036998e-05	5.017273e-02	5.000000e-02
1	99	NOE	7.980000e-01	7.980000e-01	8.480021e-09	0.000000e+00	5.000000e-02
1	100	NOE	7.720000e-01	7.720000e-01	5.826519e-09	4.440892e-15	5.000000e-02
1	101	NOE	7.450000e-01	7.450000e-01	4.673456e-09	2.220446e-15	5.000000e-02
1	102	NOE	7.940000e-01	7.940000e-01	7.835600e-09	0.000000e+00	5.000000e-02
1	103	NOE	7.400000e-01	7.400000e-01	4.525432e-09	0.000000e+00	5.000000e-02
1	104	NOE	7.420000e-01	7.420000e-01	4.582973e-09	0.000000e+00	5.000000e-02
1	105	NOE	8.260000e-01	8.214914e-01	2.958264e-05	9.017273e-02	5.000000e-02
1	107	NOE	7.950000e-01	7.950000e-01	7.982950e-09	0.000000e+00	5.000000e-02
1	108	NOE	7.720000e-01	7.720000e-01	5.826519e-09	4.440892e-15	5.000000e-02
1	109	NOE	8.240000e-01	8.214914e-01	3.036998e-05	5.017273e-02	5.000000e-02
1	110	NOE	8.330000e-01	8.214914e-01	3.016914e-05	2.301727e-01	5.000000e-02
1	111	NOE	8.510000e-01	8.214914e-01	3.793847e-05	5.901727e-01	5.000000e-02
1	112	NOE	7.410000e-01	7.410000e-01	4.553936e-09	2.220446e-15	5.000000e-02
1	113	NOE	7.840000e-01	7.840000e-01	6.702740e-09	0.000000e+00	5.000000e-02
1	114	NOE	7.580000e-01	7.580000e-01	5.136649e-09	-3.734649e-08	5.000000e-02
1	115	NOE	7.450000e-01	7.450000e-01	4.673456e-09	2.220446e-15	5.000000e-02
1	116	NOE	8.240000e-01	8.214914e-01	3.036998e-05	5.017273e-02	5.000000e-02
1	117	NOE	8.150000e-01	8.150000e-01	1.616029e-08	0.000000e+00	5.000000e-02
1	118	NOE	8.430000e-01	8.214914e-01	2.789324e-05	4.301727e-01	5.000000e-02
1	119	NOE	7.590000e-01	7.590000e-01	5.178128e-09	2.220446e-15	5.000000e-02
1	120	NOE	8.140000e-01	8.140000e-01	1.504152e-08	2.220446e-15	5.000000e-02
1	121	NOE	8.540000e-01	8.214914e-01	3.608543e-05	6.501727e-01	5.000000e-02
1	122	NOE	7.790000e-01	7.790000e-01	6.292759e-09	2.220446e-15	5.000000e-02
1	123	NOE	7.580000e-01	7.580000e-01	5.136649e-09	-3.734649e-08	5.000000e-02
1	124	NOE	7.590000e-01	7.590000e-01	5.178128e-09	2.220446e-15	5.000000e-02
1	127	NOE	7.880000e-01	7.880000e-01	7.094678e-09	0.000000e+00	5.000000e-02
1	128	NOE	7.620000e-01	7.620000e-01	5.308751e-09	-2.220446e-15	5.000000e-02
1	130	NOE	8.190000e-01	8.190000e-01	2.609626e-08	0.000000e+00	5.000000e-02
1	131	NOE	8.210000e-01	8.210000e-01	5.877392e-08	0.000000e+00	5.000000e-02
1	132	NOE	8.070000e-01	8.070000e-01	1.080693e-08	-8.611629e-09	5.000000e-02
1	133	NOE	7.370000e-01	7.370000e-01	4.442961e-09	0.000000e+00	5.000000e-02
1	134	NOE	7.060000e-01	7.060000e-01	3.787745e-09	-6.719201e-08	5.000000e-02
1	135	NOE	5.960000e-01	5.960000e-01	2.678927e-09	0.000000e+00	5.000000e-02


2	3	R1	1.508296e+00	1.508296e+00	1.193480e-08	0.000000e+00	5.459894e-02
2	4	R1	1.524390e+00	1.524390e+00	1.179043e-08	0.000000e+00	7.900803e-02
2	5	R1	1.862197e+00	1.862197e+00	9.284142e-09	1.600770e-15	1.387112e-01
2	6	R1	1.675042e+00	1.675042e+00	1.056199e-08	0.000000e+00	2.244612e-02
2	7	R1	1.712329e+00	1.712329e+00	1.028800e-08	1.893241e-14	2.345656e-02
2	8	R1	1.715266e+00	1.715266e+00	1.026687e-08	0.000000e+00	2.059496e-02
2	9	R1	1.730104e+00	1.730104e+00	1.016106e-08	0.000000e+00	3.292585e-02
2	10	R1	1.672241e+00	1.672241e+00	1.058301e-08	-1.134343e-14	3.914945e-02
2	11	R1	1.808318e+00	1.808318e+00	9.628490e-09	1.131721e-14	1.962009e-02
2	13	R1	1.647446e+00	1.647446e+00	1.077185e-08	1.022651e-14	2.171264e-02
2	15	R1	1.526718e+00	1.526718e+00	1.176979e-08	9.526269e-15	2.330866e-02
2	16	R1	1.763668e+00	1.763668e+00	9.927488e-09	2.039569e-14	2.177368e-02
2	18	R1	1.721170e+00	1.721170e+00	1.022457e-08	0.000000e+00	2.369942e-02
2	19	R1	1.721170e+00	1.721170e+00	1.022457e-08	0.000000e+00	2.369942e-02
2	20	R1	1.801802e+00	1.801802e+00	9.671330e-09	1.121917e-06	1.947894e-02
2	21	R1	1.821494e+00	1.821494e+00	9.542680e-09	9.560638e-15	2.322487e-02
2	22	R1	1.805054e+00	1.805054e+00	9.649915e-09	6.195367e-15	3.584043e-02
2	23	R1	1.872659e+00	1.872659e+00	9.219233e-09	0.000000e+00	2.805482e-02
2	24	R1	1.733102e+00	1.733102e+00	1.013987e-08	-2.464170e-14	1.802186e-02
2	25	R1	1.845018e+00	1.845018e+00	9.392074e-09	1.087145e-14	2.042456e-02
2	26	R1	1.814882e+00	1.814882e+00	9.585607e-09	9.630423e-15	2.305658e-02
2	27	R1	1.703578e+00	1.703578e+00	1.035135e-08	0.000000e+00	4.063047e-02
2	28	R1	1.709402e+00	1.709402e+00	1.030913e-08	1.085560e-14	2.045438e-02
2	29	R1	1.763668e+00	1.763668e+00	9.927488e-09	0.000000e+00	2.177368e-02
2	30	R1	1.692047e+00	1.692047e+00	1.043571e-08	-1.292599e-14	1.717815e-02
2	31	R1	1.757469e+00	1.757469e+00	9.970040e-09	-2.695852e-14	2.470959e-02
2	32	R1	1.724138e+00	1.724138e+00	1.020341e-08	0.000000e+00	2.080856e-02
2	33	R1	1.680672e+00	1.680672e+00	1.051993e-08	0.000000e+00	1.694796e-02
2	34	R1	1.776199e+00	1.776199e+00	9.842264e-09	7.820140e-15	2.839394e-02
2	35	R1	1.718213e+00	1.718213e+00	1.024572e-08	0.000000e+00	1.771354e-02
2	36	R1	1.721170e+00	1.721170e+00	1.022457e-08	-2.498453e-14	1.777457e-02
2	37	R1	1.675042e+00	1.675042e+00	1.056199e-08	0.000000e+00	1.683459e-02
2	40	R1	1.709402e+00	1.709402e+00	1.030913e-08	8.443246e-15	2.629849e-02
2	41	R1	1.700680e+00	1.700680e+00	1.037245e-08	0.000000e+00	2.024619e-02
2	42	R1	1.686341e+00	1.686341e+00	1.047783e-08	2.602725e-14	1.706247e-02
2	43	R1	1.724138e+00	1.724138e+00	1.020341e-08	-1.179407e-14	5.648038e-02
2	44	R1	1.724138e+00	1.724138e+00	1.020341e-08	2.489860e-14	1.783591e-02
2	45	R1	1.686341e+00	1.686341e+00	1.047783e-08	1.301363e-14	3.412494e-02
2	46	R1	1.675042e+00	1.675042e+00	1.056199e-08	7.913870e-15	2.805765e-02
2	47	R1	1.677852e+00	1.677852e+00	1.054096e-08	-6.309904e-15	7.037971e-02
2	49	R1	1.703578e+00	1.703578e+00	1.035135e-08	-6.375807e-15	3.482612e-02
2	50	R1	1.700680e+00	1.700680e+00	1.037245e-08	0.000000e+00	5.206164e-02
2	51	R1	1.602564e+00	1.602564e+00	1.112696e-08	0.000000e+00	2.054569e-02
2	52	R1	1.724138e+00	1.724138e+00	1.020341e-08	-1.867395e-14	3.567182e-02
2	53	R1	1.706485e+00	1.706485e+00	1.033024e-08	-1.089275e-14	2.038463e-02
2	54	R1	1.730104e+00	1.730104e+00	1.016106e-08	-5.706273e-15	3.891237e-02
2	55	R1	1.801802e+00	1.801802e+00	9.671329e-09	0.000000e+00	3.246490e-02
2	56	R1	1.754386e+00	1.754386e+00	9.991302e-09	1.202372e-14	1.846722e-02
2	58	R1	1.697793e+00	1.697793e+00	1.039355e-08	0.000000e+00	1.729500e-02
2	59	R1	1.605136e+00	1.605136e+00	1.110612e-08	-5.386372e-15	4.122341e-02
2	60	R1	1.730104e+00	1.730104e+00	1.016106e-08	0.000000e+00	2.095281e-02
2	61	R1	1.683502e+00	1.683502e+00	1.049889e-08	3.917267e-14	1.700507e-02
2	62	R1	1.748252e+00	1.748252e+00	1.003380e-08	-1.614432e-14	2.750746e-02
2	63	R1	1.706485e+00	1.706485e+00	1.033024e-08	-5.865325e-15	3.785717e-02
2	64	R1	1.600000e+00	1.600000e+00	1.114778e-08	-1.334403e-14	3.328000e-02
2	66	R1	1.677852e+00	1.677852e+00	1.054096e-08	2.253537e-14	1.970632e-02
2	67	R1	1.751313e+00	1.751313e+00	1.001255e-08	0.000000e+00	3.067099e-02
2	68	R1	1.757469e+00	1.757469e+00	9.970040e-09	-1.960620e-14	3.397568e-02
2	69	R1	1.683502e+00	1.683502e+00	1.049889e-08	-7.122303e-15	3.117596e-02
2	70	R1	1.636661e+00	1.636661e+00	1.085558e-08	-6.907826e-15	3.214392e-02
2	71	R1	1.805054e+00	1.805054e+00	9.649915e-09	4.259315e-15	5.213153e-02
2	72	R1	1.689189e+00	1.689189e+00	1.045677e-08	-1.111695e-14	1.997352e-02
2	73	R1	1.766784e+00	1.766784e+00	9.906197e-09	0.000000e+00	2.809375e-02
2	74	R1	1.636661e+00	1.636661e+00	1.085558e-08	-2.763130e-14	2.410794e-02
2	75	R1	1.689189e+00	1.689189e+00	1.045677e-08	1.037582e-14	4.280040e-02
2	76	R1	1.721170e+00	1.721170e+00	1.022457e-08	4.500924e-07	4.739884e-02
2	78	R1	1.754386e+00	1.754386e+00	9.991302e-09	-5.549407e-15	4.001231e-02
2	79	R1	1.675042e+00	1.675042e+00	1.056199e-08	0.000000e+00	3.928071e-02
2	81	R1	1.533742e+00	1.533742e+00	1.170782e-08	0.000000e+00	3.999021e-02
2	84	R1	1.709402e+00	1.709402e+00	1.030913e-08	6.908110e-15	3.214260e-02
2	85	R1	1.785714e+00	1.785714e+00	9.778242e-09	-6.963319e-15	3.188776e-02
2	86	R1	1.736111e+00	1.736111e+00	1.011868e-08	0.000000e+00	3.918306e-02
2	87	R1	1.792115e+00	1.792115e+00	9.735508e-09	-3.456835e-15	6.423350e-02
2	88	R1	1.658375e+00	1.658375e+00	1.068800e-08	1.345624e-14	3.300248e-02
2	89	R1	1.712329e+00	1.712329e+00	1.028800e-08	5.222734e-15	8.503002e-02
2	90	R1	1.757469e+00	1.757469e+00	9.970040e-09	-1.135096e-14	5.868526e-02
2	91	R1	1.686341e+00	1.686341e+00	1.047783e-08	6.246541e-15	7.109362e-02
2	92	R1	1.718213e+00	1.718213e+00	1.024572e-08	0.000000e+00	5.018835e-02
2	94	R1	1.760563e+00	1.760563e+00	9.948769e-09	2.558461e-15	8.678834e-02
2	96	R1	1.683502e+00	1.683502e+00	1.049889e-08	1.068345e-14	6.235191e-02
2	97	R1	1.782531e+00	1.782531e+00	9.799593e-09	1.270584e-14	3.495159e-02
2	98	R1	1.733102e+00	1.733102e+00	1.013987e-08	0.000000e+00	3.904736e-02
2	99	R1	1.712329e+00	1.712329e+00	1.028800e-08	0.000000e+00	3.225277e-02
2	100	R1	1.721170e+00	1.721170e+00	1.022457e-08	0.000000e+00	4.443641e-02
2	101	R1	1.808318e+00	1.808318e+00	9.628490e-09	-5.658603e-15	3.924018e-02
2	102	R1	1.675042e+00	1.675042e+00	1.056199e-08	5.275913e-15	4.208648e-02
2	103	R1	1.594896e+00	1.594896e+00	1.118942e-08	7.935652e-15	2.798064e-02
2	104	R1	1.697793e+00	1.697793e+00	1.039355e-08	0.000000e+00	2.017750e-02
2	105	R1	1.677852e+00	1.677852e+00	1.054096e-08	-9.859225e-15	4.504302e-02
2	107	R1	1.739130e+00	1.739130e+00	1.009747e-08	1.573146e-14	4.234405e-02
2	108	R1	1.642036e+00	1.642036e+00	1.081373e-08	0.000000e+00	3.505167e-02
2	109	R1	1.721170e+00	1.721170e+00	1.022457e-08	-1.873840e-14	2.369942e-02
2	110	R1	1.661130e+00	1.661130e+00	1.066702e-08	0.000000e+00	5.518703e-02
2	111	R1	1.754386e+00	1.754386e+00	9.991302e-09	3.005929e-15	7.386888e-02
2	112	R1	1.663894e+00	1.663894e+00	1.064603e-08	-1.145753e-14	1.937979e-02
2	113	R1	1.692047e+00	1.692047e+00	1.043571e-08	5.170397e-15	4.294536e-02
2	114	R1	1.663894e+00	1.663894e+00	1.064603e-08	-8.911415e-15	2.491687e-02
2	115	R1	1.721170e+00	1.721170e+00	1.022457e-08	-1.873840e-14	2.369942e-02
2	116	R1	1.715266e+00	1.715266e+00	1.026687e-08	-1.006274e-14	4.413205e-02
2	117	R1	1.652893e+00	1.652893e+00	1.072994e-08	0.000000e+00	3.005259e-02
2	118	R1	1.692047e+00	1.692047e+00	1.043571e-08	-4.081893e-15	5.439746e-02
2	119	R1	1.694915e+00	1.694915e+00	1.041463e-08	5.520980e-15	4.021833e-02
2	120	R1	1.658375e+00	1.658375e+00	1.068800e-08	-8.970824e-15	2.475186e-02
2	121	R1	1.757469e+00	1.757469e+00	9.970040e-09	-2.396313e-14	2.779828e-02
2	122	R1	1.757469e+00	1.757469e+00	9.970040e-09	-3.080974e-14	2.162089e-02
2	123	R1	1.779359e+00	1.779359e+00	9.820934e-09	0.000000e+00	1.899672e-02
2	124	R1	1.727116e+00	1.727116e+00	1.018224e-08	1.240641e-14	1.789757e-02
2	127	R1	1.760563e+00	1.760563e+00	9.948769e-09	5.510532e-15	4.029458e-02
2	128	R1	1.655629e+00	1.655629e+00	1.070897e-08	-1.012568e-14	2.192886e-02
2	130	R1	1.655629e+00	1.655629e+00	1.070897e-08	6.231187e-15	3.563440e-02
2	131	R1	1.686341e+00	1.686341e+00	1.047783e-08	1.419668e-14	3.128119e-02
2	132	R1	1.661130e+00	1.661130e+00	1.066702e-08	0.000000e+00	1.931546e-02
2	133	R1	1.805054e+00	1.805054e+00	9.649915e-09	1.135817e-14	1.954932e-02
2	134	R1	1.785714e+00	1.785714e+00	9.778242e-09	-8.704149e-15	2.551020e-02
2	135	R1	1.512859e+00	1.512859e+00	1.189358e-08	0.000000e+00	6.408481e-02


