0	3	R2	7.352941e+00	7.352941e+00	4.462576e-09	-3.285550e-15	2.703287e-01
0	4	R2	9.345794e+00	9.345794e+00	6.069694e-09	1.016875e-14	1.746877e-01
0	5	R2	1.041667e+01	1.041667e+01	6.918420e-09	8.185452e-15	2.170139e-01
0	6	R2	1.204819e+01	1.204819e+01	8.192886e-09	0.000000e+00	2.903179e-01
0	7	R2	1.098901e+01	1.098901e+01	7.367860e-09	1.471001e-14	1.207584e-01
0	8	R2	1.136364e+01	1.136364e+01	7.660609e-09	-1.375611e-14	1.291322e-01
0	9	R2	1.086957e+01	1.086957e+01	7.274288e-09	4.510525e-14	1.181474e-01
0	10	R2	1.136364e+01	1.136364e+01	7.660609e-09	-6.878054e-15	2.582645e-01
0	11	R2	1.098901e+01	1.098901e+01	7.367860e-09	7.355005e-15	2.415167e-01
0	13	R2	1.075269e+01	1.075269e+01	7.182615e-09	1.536371e-14	1.156203e-01
0	15	R2	1.052632e+01	1.052632e+01	7.004737e-09	1.068775e-14	3.324100e-01
0	16	R2	1.098901e+01	1.098901e+01	7.367860e-09	7.355005e-15	2.415167e-01
0	18	R2	1.123596e+01	1.123596e+01	7.560955e-09	1.407052e-14	1.262467e-01
0	19	R2	1.086957e+01	1.086957e+01	7.274288e-09	4.510525e-14	1.181474e-01
0	20	R2	1.162791e+01	1.162791e+01	7.866486e-09	-1.313794e-14	1.352082e-01
0	21	R2	1.162791e+01	1.162791e+01	7.866486e-09	-1.313794e-14	1.352082e-01
0	22	R2	1.176471e+01	1.176471e+01	7.972860e-09	1.283418e-14	1.384083e-01
0	23	R2	1.204819e+01	1.204819e+01	8.192886e-09	0.000000e+00	1.451589e-01
0	24	R2	1.075269e+01	1.075269e+01	7.182615e-09	1.536371e-14	1.156203e-01
0	25	R2	1.111111e+01	1.111111e+01	7.463394e-09	-1.438849e-14	1.234568e-01
0	26	R2	1.162791e+01	1.162791e+01	7.866486e-09	-1.313794e-14	1.352082e-01
0	27	R2	1.041667e+01	1.041667e+01	6.918420e-09	1.637090e-14	1.085069e-01
0	28	R2	1.086957e+01	1.086957e+01	7.274288e-09	4.510525e-14	1.181474e-01
0	29	R2	1.123596e+01	1.123596e+01	7.560955e-09	1.407052e-14	1.262467e-01
0	30	R2	1.123596e+01	1.123596e+01	7.560955e-09	4.690174e-15	3.787401e-01
0	31	R2	1.162791e+01	1.162791e+01	7.866486e-09	-6.568968e-15	2.704164e-01
0	32	R2	1.136364e+01	1.136364e+01	7.660609e-09	-1.375611e-14	1.291322e-01
0	33	R2	1.063830e+01	1.063830e+01	7.092784e-09	0.000000e+00	2.263468e-01
0	34	R2	1.204819e+01	1.204819e+01	8.192886e-09	0.000000e+00	1.451589e-01
0	35	R2	1.123596e+01	1.123596e+01	7.560955e-09	1.407052e-14	1.262467e-01
0	36	R2	1.041667e+01	1.041667e+01	6.918420e-09	8.185452e-15	2.170139e-01
0	37	R2	1.086957e+01	1.086957e+01	7.274288e-09	2.255263e-14	2.362949e-01
0	40	R2	1.030928e+01	1.030928e+01	6.833781e-09	0.000000e+00	1.062812e-01
0	41	R2	1.098901e+01	1.098901e+01	7.367860e-09	1.471001e-14	1.207584e-01
0	42	R2	1.086957e+01	1.086957e+01	7.274288e-09	2.255263e-14	2.362949e-01
0	43	R2	1.111111e+01	1.111111e+01	7.463394e-09	-1.438849e-14	1.234568e-01
0	44	R2	1.098901e+01	1.098901e+01	7.367860e-09	4.903337e-15	3.622751e-01
0	45	R2	1.075269e+01	1.075269e+01	7.182615e-09	5.121237e-15	3.468609e-01
0	46	R2	1.111111e+01	1.111111e+01	7.463394e-09	-1.438849e-14	1.234568e-01
0	47	R2	1.041667e+01	1.041667e+01	6.918420e-09	8.185452e-15	2.170139e-01
0	49	R2	1.204819e+01	1.204819e+01	8.192886e-09	0.000000e+00	2.903179e-01
0	50	R2	1.162791e+01	1.162791e+01	7.866486e-09	-6.568968e-15	2.704164e-01
0	51	R2	1.123596e+01	1.123596e+01	7.560955e-09	7.035261e-15	2.524934e-01
0	52	R2	1.098901e+01	1.098901e+01	7.367860e-09	7.355005e-15	2.415167e-01
0	53	R2	1.176471e+01	1.176471e+01	7.972860e-09	1.283418e-14	1.384083e-01
0	54	R2	1.111111e+01	1.111111e+01	7.463394e-09	-1.438849e-14	1.234568e-01
0	55	R2	1.098901e+01	1.098901e+01	7.367860e-09	4.903337e-15	3.622751e-01
0	56	R2	1.052632e+01	1.052632e+01	7.004737e-09	3.206324e-14	1.108033e-01
0	58	R2	1.041667e+01	1.041667e+01	6.918420e-09	1.637090e-14	1.085069e-01
0	59	R2	9.615385e+00	9.615385e+00	6.284370e-09	-1.921308e-14	1.849112e-01
0	60	R2	1.052632e+01	1.052632e+01	7.004737e-09	3.206324e-14	1.108033e-01
0	61	R2	1.098901e+01	1.098901e+01	7.367860e-09	1.471001e-14	1.207584e-01
0	62	R2	1.136364e+01	1.136364e+01	7.660609e-09	-1.375611e-14	1.291322e-01
0	63	R2	1.136364e+01	1.136364e+01	7.660609e-09	-6.878054e-15	2.582645e-01
0	64	R2	1.063830e+01	1.063830e+01	7.092784e-09	0.000000e+00	1.131734e-01
0	66	R2	1.149425e+01	1.149425e+01	7.762428e-09	0.000000e+00	1.321178e-01
0	67	R2	1.123596e+01	1.123596e+01	7.560955e-09	1.407052e-14	1.262467e-01
0	68	R2	1.162791e+01	1.162791e+01	7.866486e-09	-6.568968e-15	2.704164e-01
0	69	R2	1.098901e+01	1.098901e+01	7.367860e-09	1.471001e-14	1.207584e-01
0	70	R2	1.123596e+01	1.123596e+01	7.560955e-09	1.407052e-14	1.262467e-01
0	71	R2	1.162791e+01	1.162791e+01	7.866486e-09	-1.313794e-14	1.352082e-01
0	72	R2	1.041667e+01	1.041667e+01	6.918420e-09	1.637090e-14	1.085069e-01
0	73	R2	1.111111e+01	1.111111e+01	7.463394e-09	-7.194245e-15	2.469136e-01
0	74	R2	1.111111e+01	1.111111e+01	7.463394e-09	-1.438849e-14	1.234568e-01
0	75	R2	1.333333e+01	1.333333e+01	9.184044e-09	-4.996004e-15	3.555556e-01
0	76	R2	1.298701e+01	1.298701e+01	8.917886e-09	5.266010e-15	3.373250e-01
0	78	R2	1.136364e+01	1.136364e+01	7.660609e-09	-6.878054e-15	2.582645e-01
0	79	R2	1.176471e+01	1.176471e+01	7.972860e-09	6.417089e-15	2.768166e-01
0	81	R2	1.010101e+01	1.010101e+01	6.669342e-09	0.000000e+00	1.020304e-01
0	84	R2	1.075269e+01	1.075269e+01	7.182615e-09	7.681855e-15	2.312406e-01
0	85	R2	1.086957e+01	1.086957e+01	7.274288e-09	2.255263e-14	2.362949e-01
0	86	R2	1.123596e+01	1.123596e+01	7.560955e-09	1.407052e-14	1.262467e-01
0	87	R2	1.098901e+01	1.098901e+01	7.367860e-09	4.903337e-15	3.622751e-01
0	88	R2	1.162791e+01	1.162791e+01	7.866486e-09	-6.568968e-15	2.704164e-01
0	89	R2	1.086957e+01	1.086957e+01	7.274288e-09	2.255263e-14	2.362949e-01
0	90	R2	1.075269e+01	1.075269e+01	7.182615e-09	5.121237e-15	3.468609e-01
0	91	R2	1.020408e+01	1.020408e+01	6.750771e-09	8.530066e-15	2.082466e-01
0	92	R2	1.030928e+01	1.030928e+01	6.833781e-09	0.000000e+00	4.251249e-01
0	94	R2	1.111111e+01	1.111111e+01	7.463394e-09	-7.194245e-15	2.469136e-01
0	96	R2	1.075269e+01	1.075269e+01	7.182615e-09	5.121237e-15	3.468609e-01
0	97	R2	1.136364e+01	1.136364e+01	7.660609e-09	-6.878054e-15	2.582645e-01
0	98	R2	1.041667e+01	1.041667e+01	6.918420e-09	8.185452e-15	2.170139e-01
0	99	R2	1.123596e+01	1.123596e+01	7.560955e-09	1.407052e-14	1.262467e-01
0	100	R2	1.063830e+01	1.063830e+01	7.092784e-09	0.000000e+00	1.131734e-01
0	101	R2	1.063830e+01	1.063830e+01	7.092784e-09	0.000000e+00	2.263468e-01
0	102	R2	1.000000e+01	1.000000e+01	6.589448e-09	0.000000e+00	1.000000e-01
0	103	R2	1.086957e+01	1.086957e+01	7.274288e-09	4.510525e-14	1.181474e-01
0	104	R2	1.086957e+01	1.086957e+01	7.274288e-09	4.510525e-14	1.181474e-01
0	105	R2	1.111111e+01	1.111111e+01	7.463394e-09	-1.438849e-14	1.234568e-01
0	107	R2	1.204819e+01	1.204819e+01	8.192886e-09	0.000000e+00	1.451589e-01
0	108	R2	1.176471e+01	1.176471e+01	7.972860e-09	6.417089e-15	2.768166e-01
0	109	R2	1.136364e+01	1.136364e+01	7.660609e-09	-6.878054e-15	2.582645e-01
0	110	R2	1.265823e+01	1.265823e+01	8.664588e-09	-5.223169e-07	3.204615e-01
0	111	R2	1.162791e+01	1.162791e+01	7.866486e-09	-4.379312e-15	4.056247e-01
0	112	R2	9.433962e+00	9.433962e+00	6.139979e-09	9.979573e-15	1.779993e-01
0	113	R2	1.136364e+01	1.136364e+01	7.660609e-09	-6.878054e-15	2.582645e-01
0	114	R2	1.369863e+01	1.369863e+01	9.464106e-09	0.000000e+00	1.876525e-01
0	115	R2	1.136364e+01	1.136364e+01	7.660609e-09	-6.878054e-15	2.582645e-01
0	116	R2	1.176471e+01	1.176471e+01	7.972860e-09	6.417089e-15	2.768166e-01
0	117	R2	1.265823e+01	1.265823e+01	8.664588e-09	-1.044634e-06	1.602307e-01
0	118	R2	1.176471e+01	1.176471e+01	7.972860e-09	1.283418e-14	1.384083e-01
0	119	R2	1.176471e+01	1.176471e+01	7.972860e-09	1.283418e-14	1.384083e-01
0	120	R2	1.123596e+01	1.123596e+01	7.560955e-09	1.407052e-14	1.262467e-01
0	121	R2	1.111111e+01	1.111111e+01	7.463394e-09	-7.194245e-15	2.469136e-01
0	122	R2	1.075269e+01	1.075269e+01	7.182615e-09	1.536371e-14	1.156203e-01
0	123	R2	1.149425e+01	1.149425e+01	7.762428e-09	0.000000e+00	2.642357e-01
0	124	R2	1.136364e+01	1.136364e+01	7.660609e-09	-1.375611e-14	1.291322e-01
0	127	R2	1.190476e+01	1.190476e+01	8.081631e-09	0.000000e+00	1.417234e-01
0	128	R2	1.190476e+01	1.190476e+01	8.081631e-09	0.000000e+00	1.417234e-01
0	130	R2	1.204819e+01	1.204819e+01	8.192886e-09	0.000000e+00	1.451589e-01
0	131	R2	1.162791e+01	1.162791e+01	7.866486e-09	-6.568968e-15	2.704164e-01
0	132	R2	1.162791e+01	1.162791e+01	7.866486e-09	-6.568968e-15	2.704164e-01
0	133	R2	1.123596e+01	1.123596e+01	7.560955e-09	1.407052e-14	1.262467e-01
0	134	R2	1.063830e+01	1.063830e+01	7.092784e-09	0.000000e+00	2.263468e-01
0	135	R2	9.615385e+00	9.615385e+00	6.284370e-09	-3.842615e-14	9.245562e-02


1	3	NOE	3.430000e-01	3.430000e-01	1.412571e-09	-5.551115e-15	5.000000e-02
1	4	NOE	5.850000e-01	5.850000e-01	2.039090e-09	-2.220446e-15	5.000000e-02
1	5	NOE	7.750000e-01	7.750000e-01	4.265658e-09	2.220446e-15	5.000000e-02
1	6	NOE	8.560000e-01	8.344307e-01	1.543703e-05	4.313869e-01	5.000000e-02
1	7	NOE	8.330000e-01	8.330000e-01	2.766418e-08	-2.220446e-15	5.000000e-02
1	8	NOE	8.080000e-01	8.080000e-01	6.419111e-09	-2.220446e-15	5.000000e-02
1	9	NOE	8.390000e-01	8.344307e-01	1.739019e-05	9.138684e-02	5.000000e-02
1	10	NOE	7.940000e-01	7.940000e-01	5.182300e-09	0.000000e+00	5.000000e-02
1	11	NOE	7.820000e-01	7.820000e-01	4.544915e-09	0.000000e+00	5.000000e-02
1	13	NOE	8.130000e-01	8.130000e-01	7.132522e-09	2.220446e-15	5.000000e-02
1	15	NOE	7.850000e-01	7.850000e-01	4.682311e-09	-2.220446e-15	5.000000e-02
1	16	NOE	8.410000e-01	8.344307e-01	2.322976e-05	1.313868e-01	5.000000e-02
1	18	NOE	8.130000e-01	8.130000e-01	7.132522e-09	2.220446e-15	5.000000e-02
1	19	NOE	8.070000e-01	8.070000e-01	6.300345e-09	-2.220446e-15	5.000000e-02
1	20	NOE	8.620000e-01	8.344307e-01	2.053740e-05	5.513868e-01	5.000000e-02
1	21	NOE	8.330000e-01	8.330000e-01	2.766418e-08	-2.220446e-15	5.000000e-02
1	22	NOE	8.460000e-01	8.344307e-01	2.604892e-05	2.313868e-01	5.000000e-02
1	23	NOE	8.350000e-01	8.344307e-01	2.055677e-05	1.138682e-02	5.000000e-02
1	24	NOE	8.050000e-01	8.050000e-01	6.081204e-09	0.000000e+00	5.000000e-02
1	25	NOE	8.280000e-01	8.280000e-01	1.304150e-08	0.000000e+00	5.000000e-02
1	26	NOE	8.100000e-01	8.100000e-01	6.678119e-09	0.000000e+00	5.000000e-02
1	27	NOE	7.630000e-01	7.630000e-01	3.885860e-09	2.220446e-15	5.000000e-02
1	28	NOE	7.930000e-01	7.930000e-01	5.118828e-09	0.000000e+00	5.000000e-02
1	29	NOE	7.610000e-01	7.610000e-01	3.831748e-09	0.000000e+00	5.000000e-02
1	30	NOE	7.920000e-01	7.920000e-01	5.057606e-09	0.000000e+00	5.000000e-02
1	31	NOE	8.040000e-01	8.040000e-01	5.979811e-09	0.000000e+00	5.000000e-02
1	32	NOE	7.830000e-01	7.830000e-01	4.589381e-09	-3.031984e-08	5.000000e-02
1	33	NOE	7.770000e-01	7.770000e-01	4.340232e-09	-2.220446e-15	5.000000e-02
1	34	NOE	8.190000e-01	8.190000e-01	8.410981e-09	0.000000e+00	5.000000e-02
1	35	NOE	7.910000e-01	7.910000e-01	4.998504e-09	0.000000e+00	5.000000e-02
1	36	NOE	7.370000e-01	7.370000e-01	3.317866e-09	2.220446e-15	5.000000e-02
1	37	NOE	7.570000e-01	7.570000e-01	3.729850e-09	2.220446e-15	5.000000e-02
1	40	NOE	7.770000e-01	7.770000e-01	4.340232e-09	-2.220446e-15	5.000000e-02
1	41	NOE	8.640000e-01	8.344307e-01	2.550188e-05	5.913868e-01	5.000000e-02
1	42	NOE	8.120000e-01	8.120000e-01	6.970975e-09	-1.330597e-08	5.000000e-02
1	43	NOE	8.140000e-01	8.140000e-01	7.305771e-09	0.000000e+00	5.000000e-02
1	44	NOE	8.440000e-01	8.344307e-01	1.955962e-05	1.913868e-01	5.000000e-02
1	45	NOE	8.110000e-01	8.110000e-01	6.819867e-09	-1.389620e-08	5.000000e-02
1	46	NOE	8.150000e-01	8.150000e-01	7.492208e-09	-2.220446e-15	5.000000e-02
1	47	NOE	7.820000e-01	7.820000e-01	4.544915e-09	0.000000e+00	5.000000e-02
1	49	NOE	7.990000e-01	7.990000e-01	5.538869e-09	2.220446e-15	5.000000e-02
1	50	NOE	7.790000e-01	7.790000e-01	4.418789e-09	-2.220446e-15	5.000000e-02
1	51	NOE	8.110000e-01	8.110000e-01	6.819867e-09	-1.389620e-08	5.000000e-02
1	52	NOE	8.270000e-01	8.270000e-01	1.213096e-08	0.000000e+00	5.000000e-02
1	53	NOE	8.240000e-01	8.240000e-01	1.023563e-08	-6.203376e-09	5.000000e-02
1	54	NOE	8.190000e-01	8.190000e-01	8.410981e-09	0.000000e+00	5.000000e-02
1	55	NOE	8.170000e-01	8.170000e-01	7.912056e-09	0.000000e+00	5.000000e-02
1	56	NOE	8.070000e-01	8.070000e-01	6.300345e-09	-2.220446e-15	5.000000e-02
1	58	NOE	7.530000e-01	7.530000e-01	3.635516e-09	0.000000e+00	5.000000e-02
1	59	NOE	7.730000e-01	7.730000e-01	4.194742e-09	2.220446e-15	5.000000e-02
1	60	NOE	8.190000e-01	8.190000e-01	8.410981e-09	0.000000e+00	5.000000e-02
1	61	NOE	8.370000e-01	8.344307e-01	2.580892e-05	5.138680e-02	5.000000e-02
1	62	NOE	8.510000e-01	8.344307e-01	2.598583e-05	3.313868e-01	5.000000e-02
1	63	NOE	8.460000e-01	8.344307e-01	2.604892e-05	2.313868e-01	5.000000e-02
1	64	NOE	8.120000e-01	8.120000e-01	6.970975e-09	-1.330597e-08	5.000000e-02
1	66	NOE	8.150000e-01	8.150000e-01	7.492208e-09	-2.220446e-15	5.000000e-02
1	67	NOE	8.060000e-01	8.060000e-01	6.187890e-09	0.000000e+00	5.000000e-02
1	68	NOE	8.330000e-01	8.330000e-01	2.766418e-08	-2.220446e-15	5.000000e-02
1	69	NOE	8.280000e-01	8.280000e-01	1.304150e-08	0.000000e+00	5.000000e-02
1	70	NOE	8.060000e-01	8.060000e-01	6.187890e-09	0.000000e+00	5.000000e-02
1	71	NOE	8.290000e-01	8.290000e-01	1.419303e-08	0.000000e+00	5.000000e-02
1	72	NOE	8.190000e-01	8.190000e-01	8.410981e-09	0.000000e+00	5.000000e-02
1	73	NOE	8.210000e-01	8.210000e-01	9.017431e-09	2.220446e-15	5.000000e-02
1	74	NOE	8.210000e-01	8.210000e-01	9.017431e-09	2.220446e-15	5.000000e-02
1	75	NOE	8.160000e-01	8.160000e-01	7.693598e-09	0.000000e+00	5.000000e-02
1	76	NOE	8.150000e-01	8.150000e-01	7.492208e-09	-2.220446e-15	5.000000e-02
1	78	NOE	8.370000e-01	8.344307e-01	2.580892e-05	5.138680e-02	5.000000e-02
1	79	NOE	8.310000e-01	8.310000e-01	1.786097e-08	0.000000e+00	5.000000e-02
1	81	NOE	8.220000e-01	8.220000e-01	9.374124e-09	0.000000e+00	5.000000e-02
1	84	NOE	8.450000e-01	8.344307e-01	2.061235e-05	2.113868e-01	5.000000e-02
1	85	NOE	8.440000e-01	8.344307e-01	1.955962e-05	1.913868e-01	5.000000e-02
1	86	NOE	8.150000e-01	8.150000e-01	7.492208e-09	-2.220446e-15	5.000000e-02
1	87	NOE	8.240000e-01	8.240000e-01	1.023563e-08	-6.203376e-09	5.000000e-02
1	88	NOE	8.280000e-01	8.280000e-01	1.304150e-08	0.000000e+00	5.000000e-02
1	89	NOE	8.350000e-01	8.344307e-01	2.055677e-05	1.138682e-02	5.000000e-02
1	90	NOE	8.370000e-01	8.344307e-01	2.580892e-05	5.138680e-02	5.000000e-02
1	91	NOE	8.450000e-01	8.344307e-01	2.061235e-05	2.113868e-01	5.000000e-02
1	92	NOE	7.900000e-01	7.900000e-01	4.941403e-09	-4.440892e-15	5.000000e-02
1	94	NOE	7.980000e-01	7.980000e-01	5.461736e-09	0.000000e+00	5.000000e-02
1	96	NOE	8.390000e-01	8.344307e-01	1.739019e-05	9.138684e-02	5.000000e-02
1	97	NOE	8.650000e-01	8.344307e-01	1.354691e-05	6.113869e-01	5.000000e-02
1	98	NOE	8.140000e-01	8.140000e-01	7.305771e-09	0.000000e+00	5.000000e-02
1	99	NOE	8.330000e-01	8.330000e-01	2.766418e-08	-2.220446e-15	5.000000e-02
1	100	NOE	8.190000e-01	8.190000e-01	8.410981e-09	0.000000e+00	5.000000e-02
1	101	NOE	8.090000e-01	8.090000e-01	6.544802e-09	-2.220446e-15	5.000000e-02
1	102	NOE	8.020000e-01	8.020000e-01	5.791250e-09	0.000000e+00	5.000000e-02
1	103	NOE	7.990000e-01	7.990000e-01	5.538869e-09	2.220446e-15	5.000000e-02
1	104	NOE	8.430000e-01	8.344307e-01	2.225231e-05	1.713868e-01	5.000000e-02
1	105	NOE	8.400000e-01	8.344307e-01	1.611966e-05	1.113869e-01	5.000000e-02
1	107	NOE	8.680000e-01	8.344307e-01	2.986049e-05	6.713868e-01	5.000000e-02
1	108	NOE	8.120000e-01	8.120000e-01	6.970975e-09	-1.330597e-08	5.000000e-02
1	109	NOE	8.280000e-01	8.280000e-01	1.304150e-08	0.000000e+00	5.000000e-02
1	110	NOE	8.220000e-01	8.220000e-01	9.374124e-09	0.000000e+00	5.000000e-02
1	111	NOE	8.060000e-01	8.060000e-01	6.187890e-09	0.000000e+00	5.000000e-02
1	112	NOE	8.050000e-01	8.050000e-01	6.081204e-09	0.000000e+00	5.000000e-02
1	113	NOE	8.120000e-01	8.120000e-01	6.970975e-09	-1.330597e-08	5.000000e-02
1	114	NOE	7.940000e-01	7.940000e-01	5.182300e-09	0.000000e+00	5.000000e-02
1	115	NOE	7.920000e-01	7.920000e-01	5.057606e-09	0.000000e+00	5.000000e-02
1	116	NOE	8.240000e-01	8.240000e-01	1.023563e-08	-6.203376e-09	5.000000e-02
1	117	NOE	8.170000e-01	8.170000e-01	7.912056e-09	0.000000e+00	5.000000e-02
1	118	NOE	8.560000e-01	8.344307e-01	1.543703e-05	4.313869e-01	5.000000e-02
1	119	NOE	8.300000e-01	8.300000e-01	1.571497e-08	0.000000e+00	5.000000e-02
1	120	NOE	8.310000e-01	8.310000e-01	1.786097e-08	0.000000e+00	5.000000e-02
1	121	NOE	8.400000e-01	8.344307e-01	1.611966e-05	1.113869e-01	5.000000e-02
1	122	NOE	8.230000e-01	8.230000e-01	9.776613e-09	0.000000e+00	5.000000e-02
1	123	NOE	8.350000e-01	8.344307e-01	2.055677e-05	1.138682e-02	5.000000e-02
1	124	NOE	8.000000e-01	8.000000e-01	5.619330e-09	0.000000e+00	5.000000e-02
1	127	NOE	8.160000e-01	8.160000e-01	7.693598e-09	0.000000e+00	5.000000e-02
1	128	NOE	8.270000e-01	8.270000e-01	1.213096e-08	0.000000e+00	5.000000e-02
1	130	NOE	8.090000e-01	8.090000e-01	6.544802e-09	-2.220446e-15	5.000000e-02
1	131	NOE	8.370000e-01	8.344307e-01	2.580892e-05	5.138680e-02	5.000000e-02
1	132	NOE	8.160000e-01	8.160000e-01	7.693598e-09	0.000000e+00	5.000000e-02
1	133	NOE	7.920000e-01	7.920000e-01	5.057606e-09	0.000000e+00	5.000000e-02
1	134	NOE	7.820000e-01	7.820000e-01	4.544915e-09	0.000000e+00	5.000000e-02
1	135	NOE	6.650000e-01	6.650000e-01	2.496242e-09	0.000000e+00	5.000000e-02


2	3	R1	1.322751e+00	1.322751e+00	1.022267e-08	-6.043166e-15	3.674309e-02
2	4	R1	1.290323e+00	1.290323e+00	1.051417e-08	-8.891036e-15	2.497399e-02
2	5	R1	1.305483e+00	1.305483e+00	1.037622e-08	3.428579e-15	6.476287e-02
2	6	R1	1.386963e+00	1.386963e+00	9.682640e-09	3.497815e-15	6.348095e-02
2	7	R1	1.371742e+00	1.371742e+00	9.806453e-09	-1.685766e-14	1.317173e-02
2	8	R1	1.358696e+00	1.358696e+00	9.914600e-09	0.000000e+00	1.476843e-02
2	9	R1	1.390821e+00	1.390821e+00	9.651649e-09	0.000000e+00	1.354067e-02
2	10	R1	1.356852e+00	1.356852e+00	9.930036e-09	1.507597e-14	1.472838e-02
2	11	R1	1.445087e+00	1.445087e+00	9.231701e-09	3.037976e-14	1.461793e-02
2	13	R1	1.329787e+00	1.329787e+00	1.016116e-08	3.587632e-14	1.237834e-02
2	15	R1	1.256281e+00	1.256281e+00	1.083515e-08	0.000000e+00	1.262594e-02
2	16	R1	1.402525e+00	1.402525e+00	9.558583e-09	9.406716e-15	2.360490e-02
2	18	R1	1.394700e+00	1.394700e+00	9.620642e-09	1.630724e-14	1.361632e-02
2	19	R1	1.390821e+00	1.390821e+00	9.651649e-09	0.000000e+00	1.354067e-02
2	20	R1	1.436782e+00	1.436782e+00	9.294109e-09	0.000000e+00	1.445039e-02
2	21	R1	1.466276e+00	1.466276e+00	9.075365e-09	0.000000e+00	1.504975e-02
2	22	R1	1.466276e+00	1.466276e+00	9.075365e-09	0.000000e+00	1.504975e-02
2	23	R1	1.461988e+00	1.461988e+00	9.106669e-09	0.000000e+00	8.763380e-02
2	24	R1	1.358696e+00	1.358696e+00	9.914600e-09	0.000000e+00	1.476843e-02
2	25	R1	1.488095e+00	1.488095e+00	8.918555e-09	0.000000e+00	1.550099e-02
2	26	R1	1.445087e+00	1.445087e+00	9.231701e-09	0.000000e+00	1.461793e-02
2	27	R1	1.375516e+00	1.375516e+00	9.775522e-09	0.000000e+00	1.324431e-02
2	28	R1	1.355014e+00	1.355014e+00	9.945468e-09	1.511691e-14	1.468849e-02
2	29	R1	1.432665e+00	1.432665e+00	9.325287e-09	0.000000e+00	1.436770e-02
2	30	R1	1.360544e+00	1.360544e+00	9.899161e-09	0.000000e+00	1.480864e-02
2	31	R1	1.408451e+00	1.408451e+00	9.511998e-09	-1.599038e-14	1.388613e-02
2	32	R1	1.390821e+00	1.390821e+00	9.651649e-09	-1.639834e-14	1.354067e-02
2	33	R1	1.360544e+00	1.360544e+00	9.899161e-09	0.000000e+00	1.480864e-02
2	34	R1	1.396648e+00	1.396648e+00	9.605134e-09	0.000000e+00	1.365438e-02
2	35	R1	1.383126e+00	1.383126e+00	9.713615e-09	-1.658131e-14	1.339126e-02
2	36	R1	1.379310e+00	1.379310e+00	9.744576e-09	0.000000e+00	1.521998e-02
2	37	R1	1.388889e+00	1.388889e+00	9.667146e-09	-3.288798e-14	1.350309e-02
2	40	R1	1.358696e+00	1.358696e+00	9.914600e-09	0.000000e+00	1.476843e-02
2	41	R1	1.362398e+00	1.362398e+00	9.883719e-09	0.000000e+00	1.484902e-02
2	42	R1	1.326260e+00	1.326260e+00	1.019192e-08	-1.803370e-14	1.231276e-02
2	43	R1	1.396648e+00	1.396648e+00	9.605134e-09	1.626179e-14	1.365438e-02
2	44	R1	1.345895e+00	1.345895e+00	1.002258e-08	-1.751136e-14	1.268003e-02
2	45	R1	1.364256e+00	1.364256e+00	9.868273e-09	-1.491277e-14	1.488957e-02
2	46	R1	1.338688e+00	1.338688e+00	1.008420e-08	1.548786e-14	1.433669e-02
2	47	R1	1.371742e+00	1.371742e+00	9.806453e-09	-1.180036e-14	1.881676e-02
2	49	R1	1.360544e+00	1.360544e+00	9.899161e-09	0.000000e+00	2.036189e-02
2	50	R1	1.396648e+00	1.396648e+00	9.605134e-09	1.138325e-14	1.950626e-02
2	51	R1	1.319261e+00	1.319261e+00	1.025341e-08	0.000000e+00	1.218315e-02
2	52	R1	1.358696e+00	1.358696e+00	9.914600e-09	1.336452e-14	1.661448e-02
2	53	R1	1.375516e+00	1.375516e+00	9.775522e-09	0.000000e+00	1.702839e-02
2	54	R1	1.369863e+00	1.369863e+00	9.821914e-09	-1.314751e-14	1.688872e-02
2	55	R1	1.398601e+00	1.398601e+00	9.589621e-09	1.418934e-14	1.564869e-02
2	56	R1	1.400560e+00	1.400560e+00	9.574104e-09	-1.617106e-14	1.373098e-02
2	58	R1	1.388889e+00	1.388889e+00	9.667146e-09	-4.604317e-14	9.645062e-03
2	59	R1	1.338688e+00	1.338688e+00	1.008420e-08	1.770041e-14	1.254460e-02
2	60	R1	1.388889e+00	1.388889e+00	9.667146e-09	-3.288798e-14	1.350309e-02
2	61	R1	1.353180e+00	1.353180e+00	9.960896e-09	1.515790e-14	1.464877e-02
2	62	R1	1.390821e+00	1.390821e+00	9.651649e-09	-1.434855e-14	1.547506e-02
2	63	R1	1.392758e+00	1.392758e+00	9.636148e-09	-1.271881e-14	1.745797e-02
2	64	R1	1.270648e+00	1.270648e+00	1.069773e-08	1.528084e-14	1.453092e-02
2	66	R1	1.345895e+00	1.345895e+00	1.002258e-08	-1.532244e-14	1.449147e-02
2	67	R1	1.379310e+00	1.379310e+00	9.744576e-09	1.458902e-14	1.521998e-02
2	68	R1	1.379310e+00	1.379310e+00	9.744576e-09	1.296802e-14	1.712247e-02
2	69	R1	1.347709e+00	1.347709e+00	1.000716e-08	-1.528122e-14	1.453055e-02
2	70	R1	1.300390e+00	1.300390e+00	1.042223e-08	-1.641356e-14	1.352812e-02
2	71	R1	1.533742e+00	1.533742e+00	8.603391e-09	-2.359801e-14	1.881892e-02
2	72	R1	1.324503e+00	1.324503e+00	1.020730e-08	1.808157e-14	1.228016e-02
2	73	R1	1.436782e+00	1.436782e+00	9.294109e-09	-1.344524e-14	1.651473e-02
2	74	R1	1.308901e+00	1.308901e+00	1.034554e-08	-2.880146e-14	1.541899e-02
2	75	R1	1.349528e+00	1.349528e+00	9.991743e-09	-1.524006e-14	1.456980e-02
2	76	R1	1.371742e+00	1.371742e+00	9.806453e-09	-1.072760e-14	2.069844e-02
2	78	R1	1.385042e+00	1.385042e+00	9.698129e-09	0.000000e+00	1.342838e-02
2	79	R1	1.329787e+00	1.329787e+00	1.016116e-08	-1.141519e-14	1.945167e-02
2	81	R1	1.239157e+00	1.239157e+00	1.100282e-08	-1.807579e-14	1.228409e-02
2	84	R1	1.342282e+00	1.342282e+00	1.005340e-08	0.000000e+00	1.621549e-02
2	85	R1	1.408451e+00	1.408451e+00	9.511998e-09	-1.599038e-14	1.388613e-02
2	86	R1	1.371742e+00	1.371742e+00	9.806453e-09	1.685766e-14	1.317173e-02
2	87	R1	1.430615e+00	1.430615e+00	9.340869e-09	-8.345478e-15	2.660658e-02
2	88	R1	1.375516e+00	1.375516e+00	9.775522e-09	3.353058e-14	1.324431e-02
2	89	R1	1.290323e+00	1.290323e+00	1.051417e-08	6.062070e-15	3.662851e-02
2	90	R1	1.331558e+00	1.331558e+00	1.014578e-08	-6.591230e-15	3.368788e-02
2	91	R1	1.360544e+00	1.360544e+00	9.899161e-09	0.000000e+00	2.036189e-02
2	92	R1	1.464129e+00	1.464129e+00	9.091019e-09	6.473835e-15	3.429877e-02
2	94	R1	1.329787e+00	1.329787e+00	1.016116e-08	-7.847945e-15	2.829335e-02
2	96	R1	1.371742e+00	1.371742e+00	9.806453e-09	1.072760e-14	2.069844e-02
2	97	R1	1.416431e+00	1.416431e+00	9.449827e-09	1.581072e-14	1.404393e-02
2	98	R1	1.379310e+00	1.379310e+00	9.744576e-09	0.000000e+00	1.331748e-02
2	99	R1	1.351351e+00	1.351351e+00	9.976321e-09	1.519895e-14	1.460920e-02
2	100	R1	1.396648e+00	1.396648e+00	9.605134e-09	0.000000e+00	1.365438e-02
2	101	R1	1.445087e+00	1.445087e+00	9.231701e-09	1.181435e-14	1.879448e-02
2	102	R1	1.321004e+00	1.321004e+00	1.023804e-08	0.000000e+00	1.919557e-02
2	103	R1	1.293661e+00	1.293661e+00	1.048353e-08	-1.658476e-14	1.338847e-02
2	104	R1	1.347709e+00	1.347709e+00	1.000716e-08	-1.528122e-14	1.453055e-02
2	105	R1	1.394700e+00	1.394700e+00	9.620642e-09	1.630724e-14	1.361632e-02
2	107	R1	1.402525e+00	1.402525e+00	9.558583e-09	1.612580e-14	1.376953e-02
2	108	R1	1.317523e+00	1.317523e+00	1.026877e-08	0.000000e+00	1.735867e-02
2	109	R1	1.418440e+00	1.418440e+00	9.434274e-09	1.576596e-14	1.408380e-02
2	110	R1	1.375516e+00	1.375516e+00	9.775522e-09	2.607934e-14	1.702839e-02
2	111	R1	1.312336e+00	1.312336e+00	1.031484e-08	-2.578577e-14	1.722226e-02
2	112	R1	1.191895e+00	1.191895e+00	1.148896e-08	1.953773e-14	1.136491e-02
2	113	R1	1.349528e+00	1.349528e+00	9.991743e-09	-9.378498e-15	2.367592e-02
2	114	R1	1.360544e+00	1.360544e+00	9.899161e-09	0.000000e+00	1.480864e-02
2	115	R1	1.420455e+00	1.420455e+00	9.418717e-09	-1.572127e-14	1.412384e-02
2	116	R1	1.351351e+00	1.351351e+00	9.976321e-09	1.519895e-14	1.460920e-02
2	117	R1	1.353180e+00	1.353180e+00	9.960896e-09	1.212632e-14	1.831096e-02
2	118	R1	1.375516e+00	1.375516e+00	9.775522e-09	0.000000e+00	1.324431e-02
2	119	R1	1.360544e+00	1.360544e+00	9.899161e-09	0.000000e+00	1.480864e-02
2	120	R1	1.342282e+00	1.342282e+00	1.005340e-08	-1.369337e-14	1.621549e-02
2	121	R1	1.396648e+00	1.396648e+00	9.605134e-09	1.626179e-14	1.365438e-02
2	122	R1	1.375516e+00	1.375516e+00	9.775522e-09	0.000000e+00	1.324431e-02
2	123	R1	1.398601e+00	1.398601e+00	9.589621e-09	-1.621639e-14	1.369260e-02
2	124	R1	1.392758e+00	1.392758e+00	9.636148e-09	-1.635276e-14	1.357842e-02
2	127	R1	1.375516e+00	1.375516e+00	9.775522e-09	3.353058e-14	1.324431e-02
2	128	R1	1.353180e+00	1.353180e+00	9.960896e-09	1.515790e-14	1.464877e-02
2	130	R1	1.308901e+00	1.308901e+00	1.034554e-08	0.000000e+00	1.541899e-02
2	131	R1	1.355014e+00	1.355014e+00	9.945468e-09	1.511691e-14	1.468849e-02
2	132	R1	1.351351e+00	1.351351e+00	9.976321e-09	3.474046e-14	1.278305e-02
2	133	R1	1.470588e+00	1.470588e+00	9.044042e-09	0.000000e+00	1.513841e-02
2	134	R1	1.432665e+00	1.432665e+00	9.325287e-09	0.000000e+00	1.436770e-02
2	135	R1	1.298701e+00	1.298701e+00	1.043756e-08	-1.645628e-14	1.349300e-02


