3	7.352941e+00	2.703287e-01	3.430000e-01	5.000000e-02	1.322751e+00	3.674309e-02	8.809381e-02	
4	9.345794e+00	1.746877e-01	5.850000e-01	5.000000e-02	1.290323e+00	2.497399e-02	5.428105e-02	
5	1.041667e+01	2.170139e-01	7.750000e-01	5.000000e-02	1.305483e+00	6.476287e-02	2.977526e-02	
6	1.204819e+01	2.903179e-01	8.560000e-01	5.000000e-02	1.386963e+00	6.348095e-02	2.024553e-02	
7	1.098901e+01	1.207584e-01	8.330000e-01	5.000000e-02	1.371742e+00	1.317173e-02	2.322153e-02	
8	1.136364e+01	1.291322e-01	8.080000e-01	5.000000e-02	1.358696e+00	1.476843e-02	2.644388e-02	
9	1.086957e+01	1.181474e-01	8.390000e-01	5.000000e-02	1.390821e+00	1.354067e-02	2.269859e-02	
10	1.136364e+01	2.582645e-01	7.940000e-01	5.000000e-02	1.356852e+00	1.472838e-02	2.833359e-02	
11	1.098901e+01	2.415167e-01	7.820000e-01	5.000000e-02	1.445087e+00	1.461793e-02	3.193392e-02	
13	1.075269e+01	1.156203e-01	8.130000e-01	5.000000e-02	1.329787e+00	1.237834e-02	2.520726e-02	
15	1.052632e+01	3.324100e-01	7.850000e-01	5.000000e-02	1.256281e+00	1.262594e-02	2.737961e-02	
16	1.098901e+01	2.415167e-01	8.410000e-01	5.000000e-02	1.402525e+00	2.360490e-02	2.260526e-02	
18	1.123596e+01	1.262467e-01	8.130000e-01	5.000000e-02	1.394700e+00	1.361632e-02	2.643774e-02	
19	1.086957e+01	1.181474e-01	8.070000e-01	5.000000e-02	1.390821e+00	1.354067e-02	2.721011e-02	
20	1.162791e+01	1.352082e-01	8.620000e-01	5.000000e-02	1.436782e+00	1.445039e-02	2.009887e-02	
21	1.162791e+01	1.352082e-01	8.330000e-01	5.000000e-02	1.466276e+00	1.504975e-02	2.482184e-02	
22	1.176471e+01	1.384083e-01	8.460000e-01	5.000000e-02	1.466276e+00	1.504975e-02	2.288960e-02	
23	1.204819e+01	1.451589e-01	8.350000e-01	5.000000e-02	1.461988e+00	8.763380e-02	2.445286e-02	
24	1.075269e+01	1.156203e-01	8.050000e-01	5.000000e-02	1.358696e+00	1.476843e-02	2.685707e-02	
25	1.111111e+01	1.234568e-01	8.280000e-01	5.000000e-02	1.488095e+00	1.550099e-02	2.594544e-02	
26	1.162791e+01	1.352082e-01	8.100000e-01	5.000000e-02	1.445087e+00	1.461793e-02	2.783232e-02	
27	1.041667e+01	1.085069e-01	7.630000e-01	5.000000e-02	1.375516e+00	1.324431e-02	3.304576e-02	
28	1.086957e+01	1.181474e-01	7.930000e-01	5.000000e-02	1.355014e+00	1.468849e-02	2.843255e-02	
29	1.123596e+01	1.262467e-01	7.610000e-01	5.000000e-02	1.432665e+00	1.436770e-02	3.470918e-02	
30	1.123596e+01	3.787401e-01	7.920000e-01	5.000000e-02	1.360544e+00	1.480864e-02	2.868652e-02	
31	1.162791e+01	2.704164e-01	8.040000e-01	5.000000e-02	1.408451e+00	1.388613e-02	2.798334e-02	
32	1.136364e+01	1.291322e-01	7.830000e-01	5.000000e-02	1.390821e+00	1.354067e-02	3.059375e-02	
33	1.063830e+01	2.263468e-01	7.770000e-01	5.000000e-02	1.360544e+00	1.480864e-02	3.075526e-02	
34	1.204819e+01	1.451589e-01	8.190000e-01	5.000000e-02	1.396648e+00	1.365438e-02	2.562521e-02	
35	1.123596e+01	1.262467e-01	7.910000e-01	5.000000e-02	1.383126e+00	1.339126e-02	2.930285e-02	
36	1.041667e+01	2.170139e-01	7.370000e-01	5.000000e-02	1.379310e+00	1.521998e-02	3.677220e-02	
37	1.086957e+01	2.362949e-01	7.570000e-01	5.000000e-02	1.388889e+00	1.350309e-02	3.421178e-02	
40	1.030928e+01	1.062812e-01	7.770000e-01	5.000000e-02	1.358696e+00	1.476843e-02	3.071347e-02	
41	1.098901e+01	1.207584e-01	8.640000e-01	5.000000e-02	1.362398e+00	1.484902e-02	1.878212e-02	
42	1.086957e+01	2.362949e-01	8.120000e-01	5.000000e-02	1.326260e+00	1.231276e-02	2.527484e-02	
43	1.111111e+01	1.234568e-01	8.140000e-01	5.000000e-02	1.396648e+00	1.365438e-02	2.633309e-02	
44	1.098901e+01	3.622751e-01	8.440000e-01	5.000000e-02	1.345895e+00	1.268003e-02	2.128323e-02	
45	1.075269e+01	3.468609e-01	8.110000e-01	5.000000e-02	1.364256e+00	1.488957e-02	2.613724e-02	
46	1.111111e+01	1.234568e-01	8.150000e-01	5.000000e-02	1.338688e+00	1.433669e-02	2.510458e-02	
47	1.041667e+01	2.170139e-01	7.820000e-01	5.000000e-02	1.371742e+00	1.881676e-02	3.031313e-02	
49	1.204819e+01	2.903179e-01	7.990000e-01	5.000000e-02	1.360544e+00	2.036189e-02	2.772111e-02	
50	1.162791e+01	2.704164e-01	7.790000e-01	5.000000e-02	1.396648e+00	1.950626e-02	3.128824e-02	
51	1.123596e+01	2.524934e-01	8.110000e-01	5.000000e-02	1.319261e+00	1.218315e-02	2.527519e-02	
52	1.098901e+01	2.415167e-01	8.270000e-01	5.000000e-02	1.358696e+00	1.661448e-02	2.382704e-02	
53	1.176471e+01	1.384083e-01	8.240000e-01	5.000000e-02	1.375516e+00	1.702839e-02	2.454031e-02	
54	1.111111e+01	1.234568e-01	8.190000e-01	5.000000e-02	1.369863e+00	1.688872e-02	2.513377e-02	
55	1.098901e+01	3.622751e-01	8.170000e-01	5.000000e-02	1.398601e+00	1.564869e-02	2.594459e-02	
56	1.052632e+01	1.108033e-01	8.070000e-01	5.000000e-02	1.400560e+00	1.373098e-02	2.740065e-02	
58	1.041667e+01	1.085069e-01	7.530000e-01	5.000000e-02	1.388889e+00	9.645062e-03	3.477493e-02	
59	9.615385e+00	1.849112e-01	7.730000e-01	5.000000e-02	1.338688e+00	1.254460e-02	3.080400e-02	
60	1.052632e+01	1.108033e-01	8.190000e-01	5.000000e-02	1.388889e+00	1.350309e-02	2.548285e-02	
61	1.098901e+01	1.207584e-01	8.370000e-01	5.000000e-02	1.353180e+00	1.464877e-02	2.235862e-02	
62	1.136364e+01	1.291322e-01	8.510000e-01	5.000000e-02	1.390821e+00	1.547506e-02	2.100677e-02	
63	1.136364e+01	2.582645e-01	8.460000e-01	5.000000e-02	1.392758e+00	1.745797e-02	2.174193e-02	
64	1.063830e+01	1.131734e-01	8.120000e-01	5.000000e-02	1.270648e+00	1.453092e-02	2.421503e-02	
66	1.149425e+01	1.321178e-01	8.150000e-01	5.000000e-02	1.345895e+00	1.449147e-02	2.523973e-02	
67	1.123596e+01	1.262467e-01	8.060000e-01	5.000000e-02	1.379310e+00	1.521998e-02	2.712474e-02	
68	1.162791e+01	2.704164e-01	8.330000e-01	5.000000e-02	1.379310e+00	1.712247e-02	2.334965e-02	
69	1.098901e+01	1.207584e-01	8.280000e-01	5.000000e-02	1.347709e+00	1.453055e-02	2.349776e-02	
70	1.123596e+01	1.262467e-01	8.060000e-01	5.000000e-02	1.300390e+00	1.352812e-02	2.557274e-02	
71	1.162791e+01	1.352082e-01	8.290000e-01	5.000000e-02	1.533742e+00	1.881892e-02	2.658584e-02	
72	1.041667e+01	1.085069e-01	8.190000e-01	5.000000e-02	1.324503e+00	1.228016e-02	2.430152e-02	
73	1.111111e+01	2.469136e-01	8.210000e-01	5.000000e-02	1.436782e+00	1.651473e-02	2.607028e-02	
74	1.111111e+01	1.234568e-01	8.210000e-01	5.000000e-02	1.308901e+00	1.541899e-02	2.374989e-02	
75	1.333333e+01	3.555556e-01	8.160000e-01	5.000000e-02	1.349528e+00	1.456980e-02	2.517106e-02	
76	1.298701e+01	3.373250e-01	8.150000e-01	5.000000e-02	1.371742e+00	2.069844e-02	2.572445e-02	
78	1.136364e+01	2.582645e-01	8.370000e-01	5.000000e-02	1.385042e+00	1.342838e-02	2.288507e-02	
79	1.176471e+01	2.768166e-01	8.310000e-01	5.000000e-02	1.329787e+00	1.945167e-02	2.278089e-02	
81	1.010101e+01	1.020304e-01	8.220000e-01	5.000000e-02	1.239157e+00	1.228409e-02	2.235879e-02	
84	1.075269e+01	2.312406e-01	8.450000e-01	5.000000e-02	1.342282e+00	1.621549e-02	2.109003e-02	
85	1.086957e+01	2.362949e-01	8.440000e-01	5.000000e-02	1.408451e+00	1.388613e-02	2.227245e-02	
86	1.123596e+01	1.262467e-01	8.150000e-01	5.000000e-02	1.371742e+00	1.317173e-02	2.572445e-02	
87	1.098901e+01	3.622751e-01	8.240000e-01	5.000000e-02	1.430615e+00	2.660658e-02	2.552333e-02	
88	1.162791e+01	2.704164e-01	8.280000e-01	5.000000e-02	1.375516e+00	1.324431e-02	2.398258e-02	
89	1.086957e+01	2.362949e-01	8.350000e-01	5.000000e-02	1.290323e+00	3.662851e-02	2.158162e-02	
90	1.075269e+01	3.468609e-01	8.370000e-01	5.000000e-02	1.331558e+00	3.368788e-02	2.200136e-02	
91	1.020408e+01	2.082466e-01	8.450000e-01	5.000000e-02	1.360544e+00	2.036189e-02	2.137697e-02	
92	1.030928e+01	4.251249e-01	7.900000e-01	5.000000e-02	1.464129e+00	3.429877e-02	3.116739e-02	
94	1.111111e+01	2.469136e-01	7.980000e-01	5.000000e-02	1.329787e+00	2.829335e-02	2.722923e-02	
96	1.075269e+01	3.468609e-01	8.390000e-01	5.000000e-02	1.371742e+00	2.069844e-02	2.238722e-02	
97	1.136364e+01	2.582645e-01	8.650000e-01	5.000000e-02	1.416431e+00	1.404393e-02	1.938344e-02	
98	1.041667e+01	2.170139e-01	8.140000e-01	5.000000e-02	1.379310e+00	1.331748e-02	2.600619e-02	
99	1.123596e+01	1.262467e-01	8.330000e-01	5.000000e-02	1.351351e+00	1.460920e-02	2.287634e-02	
100	1.063830e+01	1.131734e-01	8.190000e-01	5.000000e-02	1.396648e+00	1.365438e-02	2.562521e-02	
101	1.063830e+01	2.263468e-01	8.090000e-01	5.000000e-02	1.445087e+00	1.879448e-02	2.797880e-02	
102	1.000000e+01	1.000000e-01	8.020000e-01	5.000000e-02	1.321004e+00	1.919557e-02	2.651375e-02	
103	1.086957e+01	1.181474e-01	7.990000e-01	5.000000e-02	1.293661e+00	1.338847e-02	2.635836e-02	
104	1.086957e+01	1.181474e-01	8.430000e-01	5.000000e-02	1.347709e+00	1.453055e-02	2.144853e-02	
105	1.111111e+01	1.234568e-01	8.400000e-01	5.000000e-02	1.394700e+00	1.361632e-02	2.262052e-02	
107	1.204819e+01	1.451589e-01	8.680000e-01	5.000000e-02	1.402525e+00	1.376953e-02	1.876663e-02	
108	1.176471e+01	2.768166e-01	8.120000e-01	5.000000e-02	1.317523e+00	1.735867e-02	2.510833e-02	
109	1.136364e+01	2.582645e-01	8.280000e-01	5.000000e-02	1.418440e+00	1.408380e-02	2.473097e-02	
110	1.265823e+01	3.204615e-01	8.220000e-01	5.000000e-02	1.375516e+00	1.702839e-02	2.481918e-02	
111	1.162791e+01	4.056247e-01	8.060000e-01	5.000000e-02	1.312336e+00	1.722226e-02	2.580766e-02	
112	9.433962e+00	1.779993e-01	8.050000e-01	5.000000e-02	1.191895e+00	1.136491e-02	2.355996e-02	
113	1.136364e+01	2.582645e-01	8.120000e-01	5.000000e-02	1.349528e+00	2.367592e-02	2.571825e-02	
114	1.369863e+01	1.876525e-01	7.940000e-01	5.000000e-02	1.360544e+00	1.480864e-02	2.841069e-02	
115	1.136364e+01	2.582645e-01	7.920000e-01	5.000000e-02	1.420455e+00	1.412384e-02	2.994970e-02	
116	1.176471e+01	2.768166e-01	8.240000e-01	5.000000e-02	1.351351e+00	1.460920e-02	2.410920e-02	
117	1.265823e+01	1.602307e-01	8.170000e-01	5.000000e-02	1.353180e+00	1.831096e-02	2.510201e-02	
118	1.176471e+01	1.384083e-01	8.560000e-01	5.000000e-02	1.375516e+00	1.324431e-02	2.007844e-02	
119	1.176471e+01	1.384083e-01	8.300000e-01	5.000000e-02	1.360544e+00	1.480864e-02	2.344571e-02	
120	1.123596e+01	1.262467e-01	8.310000e-01	5.000000e-02	1.342282e+00	1.621549e-02	2.299494e-02	
121	1.111111e+01	2.469136e-01	8.400000e-01	5.000000e-02	1.396648e+00	1.365438e-02	2.265212e-02	
122	1.075269e+01	1.156203e-01	8.230000e-01	5.000000e-02	1.375516e+00	1.324431e-02	2.467975e-02	
123	1.149425e+01	2.642357e-01	8.350000e-01	5.000000e-02	1.398601e+00	1.369260e-02	2.339267e-02	
124	1.136364e+01	1.291322e-01	8.000000e-01	5.000000e-02	1.392758e+00	1.357842e-02	2.823627e-02	
127	1.190476e+01	1.417234e-01	8.160000e-01	5.000000e-02	1.375516e+00	1.324431e-02	2.565578e-02	
128	1.190476e+01	1.417234e-01	8.270000e-01	5.000000e-02	1.353180e+00	1.464877e-02	2.373032e-02	
130	1.204819e+01	1.451589e-01	8.090000e-01	5.000000e-02	1.308901e+00	1.541899e-02	2.534206e-02	
131	1.162791e+01	2.704164e-01	8.370000e-01	5.000000e-02	1.355014e+00	1.468849e-02	2.238892e-02	
132	1.162791e+01	2.704164e-01	8.160000e-01	5.000000e-02	1.351351e+00	1.278305e-02	2.520507e-02	
133	1.123596e+01	1.262467e-01	7.920000e-01	5.000000e-02	1.470588e+00	1.513841e-02	3.100675e-02	
134	1.063830e+01	2.263468e-01	7.820000e-01	5.000000e-02	1.432665e+00	1.436770e-02	3.165942e-02	
135	9.615385e+00	9.245562e-02	6.650000e-01	5.000000e-02	1.298701e+00	1.349300e-02	4.410176e-02	
