3	6.802721e+00	1.388310e-01	2.630000e-01	5.000000e-02	1.508296e+00	5.459894e-02	1.126823e-01	
4	8.928571e+00	3.188776e-01	3.990000e-01	5.000000e-02	1.524390e+00	7.900803e-02	9.286936e-02	
5	1.063830e+01	9.053871e-01	7.590000e-01	5.000000e-02	1.862197e+00	1.387112e-01	4.549300e-02	
6	1.190476e+01	4.251701e-01	7.960000e-01	5.000000e-02	1.675042e+00	2.244612e-02	3.463839e-02	
7	1.052632e+01	2.216066e-01	7.430000e-01	5.000000e-02	1.712329e+00	2.345656e-02	4.460896e-02	
8	1.111111e+01	0.000000e+00	7.650000e-01	5.000000e-02	1.715266e+00	2.059496e-02	4.086026e-02	
9	1.041667e+01	2.170139e-01	7.850000e-01	5.000000e-02	1.730104e+00	3.292585e-02	3.770617e-02	
10	1.111111e+01	1.234568e-01	7.270000e-01	5.000000e-02	1.672241e+00	3.914945e-02	4.627680e-02	
11	1.075269e+01	1.156203e-01	8.340000e-01	5.000000e-02	1.808318e+00	1.962009e-02	3.042880e-02	
13	1.052632e+01	1.108033e-01	8.070000e-01	5.000000e-02	1.647446e+00	2.171264e-02	3.223075e-02	
15	1.052632e+01	1.108033e-01	7.390000e-01	5.000000e-02	1.526718e+00	2.330866e-02	4.039253e-02	
16	1.086957e+01	1.181474e-01	7.960000e-01	5.000000e-02	1.763668e+00	2.177368e-02	3.647111e-02	
18	1.086957e+01	1.181474e-01	7.950000e-01	5.000000e-02	1.721170e+00	2.369942e-02	3.576676e-02	
19	1.041667e+01	1.085069e-01	7.770000e-01	5.000000e-02	1.721170e+00	2.369942e-02	3.890725e-02	
20	1.136364e+01	1.291322e-01	7.910000e-01	5.000000e-02	1.801802e+00	1.947894e-02	3.817290e-02	
21	1.136364e+01	1.291322e-01	7.510000e-01	5.000000e-02	1.821494e+00	2.322487e-02	4.597575e-02	
22	1.162791e+01	1.352082e-01	8.200000e-01	5.000000e-02	1.805054e+00	3.584043e-02	3.293552e-02	
23	1.204819e+01	1.451589e-01	8.170000e-01	5.000000e-02	1.872659e+00	2.805482e-02	3.473855e-02	
24	1.052632e+01	1.108033e-01	7.570000e-01	5.000000e-02	1.733102e+00	1.802186e-02	4.269060e-02	
25	1.075269e+01	1.156203e-01	7.820000e-01	5.000000e-02	1.845018e+00	2.042456e-02	4.077172e-02	
26	1.111111e+01	1.234568e-01	7.420000e-01	5.000000e-02	1.814882e+00	2.305658e-02	4.746461e-02	
27	1.000000e+01	1.000000e-01	6.860000e-01	5.000000e-02	1.703578e+00	4.063047e-02	5.422423e-02	
28	1.052632e+01	1.108033e-01	7.400000e-01	5.000000e-02	1.709402e+00	2.045438e-02	4.505254e-02	
29	1.063830e+01	1.131734e-01	7.900000e-01	5.000000e-02	1.763668e+00	2.177368e-02	3.754379e-02	
30	1.086957e+01	1.181474e-01	7.980000e-01	5.000000e-02	1.692047e+00	1.717815e-02	3.464701e-02	
31	1.123596e+01	1.262467e-01	7.690000e-01	5.000000e-02	1.757469e+00	2.470959e-02	4.115300e-02	
32	1.086957e+01	1.181474e-01	7.420000e-01	5.000000e-02	1.724138e+00	2.080856e-02	4.509138e-02	
33	1.041667e+01	2.170139e-01	7.310000e-01	5.000000e-02	1.680672e+00	1.694796e-02	4.582866e-02	
34	1.149425e+01	1.321178e-01	8.040000e-01	5.000000e-02	1.776199e+00	2.839394e-02	3.528983e-02	
35	1.098901e+01	1.207584e-01	7.960000e-01	5.000000e-02	1.718213e+00	1.771354e-02	3.553113e-02	
36	1.030928e+01	1.062812e-01	7.050000e-01	5.000000e-02	1.721170e+00	1.777457e-02	5.146924e-02	
37	1.020408e+01	1.041233e-01	7.530000e-01	5.000000e-02	1.675042e+00	1.683459e-02	4.193962e-02	
40	1.020408e+01	2.082466e-01	7.540000e-01	5.000000e-02	1.709402e+00	2.629849e-02	4.262664e-02	
41	1.063830e+01	2.263468e-01	8.020000e-01	5.000000e-02	1.700680e+00	2.024619e-02	3.413420e-02	
42	1.075269e+01	2.312406e-01	7.930000e-01	5.000000e-02	1.686341e+00	1.706247e-02	3.538486e-02	
43	1.098901e+01	2.415167e-01	8.400000e-01	5.000000e-02	1.724138e+00	5.648038e-02	2.796365e-02	
44	1.075269e+01	2.312406e-01	8.130000e-01	5.000000e-02	1.724138e+00	1.783591e-02	3.268251e-02	
45	1.098901e+01	2.415167e-01	7.920000e-01	5.000000e-02	1.686341e+00	3.412494e-02	3.555580e-02	
46	1.075269e+01	2.312406e-01	8.070000e-01	5.000000e-02	1.675042e+00	2.805765e-02	3.277063e-02	
47	1.010101e+01	4.081216e-01	6.930000e-01	5.000000e-02	1.677852e+00	7.037971e-02	5.221484e-02	
49	1.136364e+01	2.582645e-01	7.860000e-01	5.000000e-02	1.703578e+00	3.482612e-02	3.695537e-02	
50	1.098901e+01	2.415167e-01	7.820000e-01	5.000000e-02	1.700680e+00	5.206164e-02	3.758210e-02	
51	1.111111e+01	1.234568e-01	7.800000e-01	5.000000e-02	1.602564e+00	2.054569e-02	3.573880e-02	
52	1.098901e+01	1.207584e-01	8.040000e-01	5.000000e-02	1.724138e+00	3.567182e-02	3.425547e-02	
53	1.162791e+01	2.704164e-01	7.980000e-01	5.000000e-02	1.706485e+00	2.038463e-02	3.494263e-02	
54	1.063830e+01	1.131734e-01	7.220000e-01	5.000000e-02	1.730104e+00	3.891237e-02	4.875496e-02	
55	1.075269e+01	2.312406e-01	7.700000e-01	5.000000e-02	1.801802e+00	3.246490e-02	4.200845e-02	
56	1.030928e+01	1.062812e-01	8.000000e-01	5.000000e-02	1.754386e+00	1.846722e-02	3.556780e-02	
58	9.803922e+00	9.611688e-02	6.900000e-01	5.000000e-02	1.697793e+00	1.729500e-02	5.335170e-02	
59	9.433962e+00	1.779993e-01	7.240000e-01	5.000000e-02	1.605136e+00	4.122341e-02	4.490791e-02	
60	1.020408e+01	1.041233e-01	7.500000e-01	5.000000e-02	1.730104e+00	2.095281e-02	4.384439e-02	
61	1.052632e+01	1.108033e-01	8.080000e-01	5.000000e-02	1.683502e+00	1.700507e-02	3.276549e-02	
62	1.086957e+01	1.181474e-01	7.780000e-01	5.000000e-02	1.748252e+00	2.750746e-02	3.934221e-02	
63	1.111111e+01	2.469136e-01	7.740000e-01	5.000000e-02	1.706485e+00	3.785717e-02	3.909423e-02	
64	1.030928e+01	1.062812e-01	7.240000e-01	5.000000e-02	1.600000e+00	3.328000e-02	4.476421e-02	
66	1.123596e+01	2.524934e-01	7.750000e-01	5.000000e-02	1.677852e+00	1.970632e-02	3.826821e-02	
67	1.086957e+01	2.362949e-01	7.880000e-01	5.000000e-02	1.751313e+00	3.067099e-02	3.763584e-02	
68	1.123596e+01	1.262467e-01	7.690000e-01	5.000000e-02	1.757469e+00	3.397568e-02	4.115300e-02	
69	1.063830e+01	2.263468e-01	8.350000e-01	5.000000e-02	1.683502e+00	3.117596e-02	2.815784e-02	
70	1.111111e+01	2.469136e-01	7.290000e-01	5.000000e-02	1.636661e+00	3.214392e-02	4.496037e-02	
71	1.136364e+01	1.291322e-01	8.490000e-01	5.000000e-02	1.805054e+00	5.213153e-02	2.762925e-02	
72	9.900990e+00	9.802960e-02	7.450000e-01	5.000000e-02	1.689189e+00	1.997352e-02	4.366368e-02	
73	1.075269e+01	2.312406e-01	8.280000e-01	5.000000e-02	1.766784e+00	2.809375e-02	3.080448e-02	
74	1.063830e+01	1.131734e-01	7.600000e-01	5.000000e-02	1.636661e+00	2.410794e-02	3.981731e-02	
75	1.265823e+01	3.204615e-01	8.400000e-01	5.000000e-02	1.689189e+00	4.280040e-02	2.739682e-02	
76	1.219512e+01	1.487210e-01	7.940000e-01	5.000000e-02	1.721170e+00	4.739884e-02	3.594123e-02	
78	1.111111e+01	2.469136e-01	7.710000e-01	5.000000e-02	1.754386e+00	4.001231e-02	4.072513e-02	
79	1.162791e+01	4.056247e-01	7.440000e-01	5.000000e-02	1.675042e+00	3.928071e-02	4.346778e-02	
81	9.803922e+00	1.922338e-01	7.960000e-01	5.000000e-02	1.533742e+00	3.999021e-02	3.171644e-02	
84	1.052632e+01	1.108033e-01	8.080000e-01	5.000000e-02	1.709402e+00	3.214260e-02	3.326957e-02	
85	1.010101e+01	2.040608e-01	8.280000e-01	5.000000e-02	1.785714e+00	3.188776e-02	3.113453e-02	
86	1.111111e+01	2.469136e-01	7.430000e-01	5.000000e-02	1.736111e+00	3.918306e-02	4.522853e-02	
87	1.052632e+01	3.324100e-01	7.700000e-01	5.000000e-02	1.792115e+00	6.423350e-02	4.178260e-02	
88	1.111111e+01	1.234568e-01	8.060000e-01	5.000000e-02	1.658375e+00	3.300248e-02	3.261266e-02	
89	9.803922e+00	4.805844e-01	7.200000e-01	5.000000e-02	1.712329e+00	8.503002e-02	4.860120e-02	
90	1.063830e+01	3.395201e-01	8.530000e-01	5.000000e-02	1.757469e+00	5.868526e-02	2.618828e-02	
91	1.010101e+01	4.081216e-01	8.660000e-01	5.000000e-02	1.686341e+00	7.109362e-02	2.290614e-02	
92	9.708738e+00	6.598171e-01	7.980000e-01	5.000000e-02	1.718213e+00	5.018835e-02	3.518279e-02	
94	1.098901e+01	6.037918e-01	6.830000e-01	5.000000e-02	1.760563e+00	8.678834e-02	5.657346e-02	
96	1.052632e+01	3.324100e-01	8.380000e-01	5.000000e-02	1.683502e+00	6.235191e-02	2.764588e-02	
97	1.063830e+01	2.263468e-01	7.860000e-01	5.000000e-02	1.782531e+00	3.495159e-02	3.866809e-02	
98	1.020408e+01	1.041233e-01	8.240000e-01	5.000000e-02	1.733102e+00	3.904736e-02	3.091994e-02	
99	1.111111e+01	1.234568e-01	7.980000e-01	5.000000e-02	1.712329e+00	3.225277e-02	3.506230e-02	
100	1.052632e+01	1.108033e-01	7.720000e-01	5.000000e-02	1.721170e+00	4.443641e-02	3.977961e-02	
101	1.020408e+01	2.082466e-01	7.450000e-01	5.000000e-02	1.808318e+00	3.924018e-02	4.674303e-02	
102	9.803922e+00	1.922338e-01	7.940000e-01	5.000000e-02	1.675042e+00	4.208648e-02	3.497798e-02	
103	1.075269e+01	1.156203e-01	7.400000e-01	5.000000e-02	1.594896e+00	2.798064e-02	4.203467e-02	
104	1.030928e+01	2.125624e-01	7.420000e-01	5.000000e-02	1.697793e+00	2.017750e-02	4.440238e-02	
105	1.063830e+01	1.131734e-01	8.260000e-01	5.000000e-02	1.677852e+00	4.504302e-02	2.959408e-02	
107	1.162791e+01	1.352082e-01	7.950000e-01	5.000000e-02	1.739130e+00	4.234405e-02	3.613998e-02	
108	1.123596e+01	2.524934e-01	7.720000e-01	5.000000e-02	1.642036e+00	3.505167e-02	3.795067e-02	
109	1.123596e+01	1.262467e-01	8.240000e-01	5.000000e-02	1.721170e+00	2.369942e-02	3.070707e-02	
110	1.204819e+01	1.451589e-01	8.330000e-01	5.000000e-02	1.661130e+00	5.518703e-02	2.812042e-02	
111	1.123596e+01	1.262467e-01	8.510000e-01	5.000000e-02	1.754386e+00	7.386888e-02	2.649801e-02	
112	9.708738e+00	9.425959e-02	7.410000e-01	5.000000e-02	1.663894e+00	1.937979e-02	4.368448e-02	
113	1.075269e+01	2.312406e-01	7.840000e-01	5.000000e-02	1.692047e+00	4.294536e-02	3.704829e-02	
114	1.234568e+01	3.048316e-01	7.580000e-01	5.000000e-02	1.663894e+00	2.491687e-02	4.081716e-02	
115	1.123596e+01	1.262467e-01	7.450000e-01	5.000000e-02	1.721170e+00	2.369942e-02	4.449036e-02	
116	1.190476e+01	5.668934e-01	8.240000e-01	5.000000e-02	1.715266e+00	4.413205e-02	3.060173e-02	
117	1.204819e+01	1.451589e-01	8.150000e-01	5.000000e-02	1.652893e+00	3.005259e-02	3.099690e-02	
118	1.123596e+01	1.262467e-01	8.430000e-01	5.000000e-02	1.692047e+00	5.439746e-02	2.692861e-02	
119	1.111111e+01	1.234568e-01	7.590000e-01	5.000000e-02	1.694915e+00	4.021833e-02	4.140634e-02	
120	1.098901e+01	2.415167e-01	8.140000e-01	5.000000e-02	1.658375e+00	2.475186e-02	3.126781e-02	
121	1.098901e+01	2.415167e-01	8.540000e-01	5.000000e-02	1.757469e+00	2.779828e-02	2.601012e-02	
122	1.052632e+01	1.108033e-01	7.790000e-01	5.000000e-02	1.757469e+00	2.162089e-02	3.937149e-02	
123	1.111111e+01	1.234568e-01	7.580000e-01	5.000000e-02	1.779359e+00	1.899672e-02	4.364966e-02	
124	1.098901e+01	1.207584e-01	7.590000e-01	5.000000e-02	1.727116e+00	1.789757e-02	4.219299e-02	
127	1.063830e+01	2.263468e-01	7.880000e-01	5.000000e-02	1.760563e+00	4.029458e-02	3.783462e-02	
128	1.123596e+01	1.262467e-01	7.620000e-01	5.000000e-02	1.655629e+00	2.192886e-02	3.994311e-02	
130	1.190476e+01	1.417234e-01	8.190000e-01	5.000000e-02	1.655629e+00	3.563440e-02	3.037690e-02	
131	1.149425e+01	1.321178e-01	8.210000e-01	5.000000e-02	1.686341e+00	3.128119e-02	3.059850e-02	
132	1.149425e+01	1.321178e-01	8.070000e-01	5.000000e-02	1.661130e+00	1.931546e-02	3.249845e-02	
133	1.052632e+01	2.216066e-01	7.370000e-01	5.000000e-02	1.805054e+00	1.954932e-02	4.812246e-02	
134	1.030928e+01	4.251249e-01	7.060000e-01	5.000000e-02	1.785714e+00	2.551020e-02	5.321832e-02	
135	8.620690e+00	1.486326e-01	5.960000e-01	5.000000e-02	1.512859e+00	6.408481e-02	6.195577e-02	
