6.876341e+00	1.000000e+00	2.092299e-12
7.025173e+00	0.000000e+00	1.934365e-11
7.177228e+00	0.000000e+00	1.716876e-10
7.332573e+00	0.000000e+00	1.455969e-09
7.491280e+00	0.000000e+00	1.173776e-08
7.653423e+00	0.000000e+00	8.947925e-08
7.819075e+00	0.000000e+00	6.413800e-07
7.988312e+00	0.000000e+00	4.297145e-06
8.161213e+00	0.000000e+00	2.674164e-05
8.337855e+00	0.000000e+00	1.535537e-04
8.518321e+00	0.000000e+00	8.079052e-04
8.702693e+00	1.000000e+00	3.866213e-03
8.891056e+00	1.000000e+00	1.669785e-02
9.083496e+00	0.000000e+00	6.455463e-02
9.280100e+00	0.000000e+00	2.214818e-01
9.480961e+00	1.000000e+00	6.682590e-01
9.686168e+00	2.000000e+00	1.756269e+00
9.895817e+00	6.000000e+00	3.980166e+00
1.011000e+01	8.000000e+00	7.696089e+00
1.032883e+01	8.000000e+00	1.255603e+01
1.055239e+01	2.200000e+01	1.708248e+01
1.078078e+01	1.500000e+01	1.914281e+01
1.101412e+01	2.100000e+01	1.744135e+01
1.125252e+01	1.300000e+01	1.274528e+01
1.149607e+01	3.000000e+00	7.363524e+00
1.174489e+01	4.000000e+00	3.313182e+00
1.199910e+01	6.000000e+00	1.142754e+00
1.225881e+01	2.000000e+00	2.971569e-01
1.252414e+01	0.000000e+00	5.724785e-02


2.685165e-01	1.000000e+00	2.472676e-30
2.797808e-01	0.000000e+00	5.453738e-29
2.915176e-01	0.000000e+00	1.273699e-27
3.037469e-01	0.000000e+00	3.137815e-26
3.164891e-01	0.000000e+00	8.117414e-25
3.297659e-01	0.000000e+00	2.193546e-23
3.435997e-01	0.000000e+00	6.153952e-22
3.580137e-01	0.000000e+00	1.779805e-20
3.730325e-01	0.000000e+00	5.263614e-19
3.886813e-01	0.000000e+00	1.577158e-17
4.049866e-01	1.000000e+00	4.737891e-16
4.219758e-01	0.000000e+00	1.410101e-14
4.396778e-01	0.000000e+00	4.102458e-13
4.581224e-01	0.000000e+00	1.149243e-11
4.773407e-01	0.000000e+00	3.047877e-10
4.973653e-01	0.000000e+00	7.508696e-09
5.182299e-01	0.000000e+00	1.682332e-07
5.399697e-01	0.000000e+00	3.347945e-06
5.626216e-01	0.000000e+00	5.764247e-05
5.862237e-01	1.000000e+00	8.338923e-04
6.108159e-01	0.000000e+00	9.812782e-03
6.364397e-01	0.000000e+00	9.060969e-02
6.631385e-01	0.000000e+00	6.309176e-01
6.909573e-01	5.000000e+00	3.170107e+00
7.199431e-01	8.000000e+00	1.094884e+01
7.501449e-01	2.700000e+01	2.463541e+01
7.816136e-01	3.300000e+01	3.403815e+01
8.144025e-01	2.700000e+01	2.705796e+01
8.485669e-01	1.200000e+01	1.151877e+01


1.513944e+00	2.000000e+00	2.444185e-03
1.525282e+00	2.000000e+00	6.229070e-03
1.536705e+00	1.000000e+00	1.512045e-02
1.548214e+00	0.000000e+00	3.491695e-02
1.559809e+00	0.000000e+00	7.661376e-02
1.571491e+00	0.000000e+00	1.595274e-01
1.583260e+00	0.000000e+00	3.148261e-01
1.595117e+00	2.000000e+00	5.881024e-01
1.607064e+00	2.000000e+00	1.038511e+00
1.619099e+00	0.000000e+00	1.731271e+00
1.631225e+00	2.000000e+00	2.720968e+00
1.643442e+00	2.000000e+00	4.026102e+00
1.655750e+00	7.000000e+00	5.600630e+00
1.668150e+00	3.000000e+00	7.314032e+00
1.680644e+00	1.600000e+01	8.953865e+00
1.693230e+00	8.000000e+00	1.026013e+01
1.705911e+00	9.000000e+00	1.098821e+01
1.718687e+00	1.800000e+01	1.098159e+01
1.731559e+00	7.000000e+00	1.022556e+01
1.744527e+00	2.000000e+00	8.857303e+00
1.757592e+00	1.300000e+01	7.125312e+00
1.770755e+00	2.000000e+00	5.314694e+00
1.784017e+00	4.000000e+00	3.669407e+00
1.797378e+00	3.000000e+00	2.341074e+00
1.810839e+00	6.000000e+00	1.377786e+00
1.824401e+00	1.000000e+00	7.466687e-01
1.838064e+00	0.000000e+00	3.719401e-01
1.851830e+00	1.000000e+00	1.699897e-01
1.865699e+00	2.000000e+00	7.114891e-02


2.355294e-02	0.000000e+00	1.346965e+00
2.488307e-02	0.000000e+00	1.936628e+00
2.628831e-02	4.000000e+00	2.745524e+00
2.777291e-02	6.000000e+00	3.819477e+00
2.934135e-02	1.000000e+00	5.185288e+00
3.099837e-02	1.100000e+01	6.825907e+00
3.274897e-02	8.000000e+00	8.649396e+00
3.459843e-02	1.200000e+01	1.046182e+01
3.655234e-02	1.000000e+01	1.196363e+01
3.861659e-02	1.200000e+01	1.279397e+01
4.079742e-02	1.200000e+01	1.263651e+01
4.310141e-02	1.100000e+01	1.136523e+01
4.553551e-02	1.400000e+01	9.159540e+00
4.810707e-02	4.000000e+00	6.495161e+00
5.082387e-02	2.000000e+00	3.969611e+00
5.369408e-02	3.000000e+00	2.042599e+00
5.672640e-02	1.000000e+00	8.617879e-01
5.992996e-02	0.000000e+00	2.893410e-01
6.331443e-02	1.000000e+00	7.473871e-02
6.689004e-02	0.000000e+00	1.429751e-02
7.066758e-02	0.000000e+00	1.940428e-03
7.465845e-02	0.000000e+00	1.780065e-04
7.887470e-02	0.000000e+00	1.045210e-05
8.332906e-02	0.000000e+00	3.694515e-07
8.803497e-02	0.000000e+00	7.337151e-09
9.300665e-02	1.000000e+00	7.575572e-11
9.825909e-02	0.000000e+00	3.726909e-13
1.038082e-01	0.000000e+00	7.921020e-16
1.096706e-01	0.000000e+00	6.515285e-19


1.346244e-01	0.000000e+00	8.461026e-01
1.370021e-01	0.000000e+00	1.440655e+00
1.394217e-01	4.000000e+00	2.332702e+00
1.418842e-01	6.000000e+00	3.581057e+00
1.443901e-01	1.000000e+00	5.195779e+00
1.469402e-01	1.100000e+01	7.101564e+00
1.495354e-01	8.000000e+00	9.112491e+00
1.521765e-01	1.200000e+01	1.093839e+01
1.548641e-01	1.000000e+01	1.223743e+01
1.575993e-01	1.200000e+01	1.271068e+01
1.603828e-01	1.200000e+01	1.220783e+01
1.632154e-01	1.100000e+01	1.079634e+01
1.660980e-01	1.400000e+01	8.753559e+00
1.690316e-01	4.000000e+00	6.477166e+00
1.720169e-01	2.000000e+00	4.353303e+00
1.750550e-01	3.000000e+00	2.644494e+00
1.781468e-01	1.000000e+00	1.444522e+00
1.812932e-01	0.000000e+00	7.057343e-01
1.844951e-01	1.000000e+00	3.066730e-01
1.877536e-01	0.000000e+00	1.178450e-01
1.910696e-01	0.000000e+00	3.980430e-02
1.944442e-01	0.000000e+00	1.174378e-02
1.978784e-01	0.000000e+00	3.006843e-03
2.013733e-01	0.000000e+00	6.635760e-04
2.049298e-01	0.000000e+00	1.253375e-04
2.085492e-01	1.000000e+00	2.011372e-05
2.122325e-01	0.000000e+00	2.721500e-06
2.159809e-01	0.000000e+00	3.080205e-07
2.197955e-01	0.000000e+00	2.892147e-08


