0	1	R2	3.905500e+00	3.905500e+00	1.825100e-09	0.000000e+00	6.622500e-01
0	6	R2	5.014000e+00	5.014000e+00	2.602482e-09	0.000000e+00	1.057300e-01
0	9	R2	5.167500e+00	5.167500e+00	2.718103e-09	0.000000e+00	1.118700e+00
0	11	R2	9.573500e+00	9.573500e+00	6.251062e-09	0.000000e+00	3.825200e-01
0	12	R2	1.792000e+01	1.792000e+01	1.266228e-08	0.000000e+00	8.239800e-01
0	14	R2	9.628600e+00	9.628600e+00	6.294875e-09	-6.303161e-15	2.818200e-01
0	15	R2	2.028120e+01	2.028120e+01	1.443018e-08	0.000000e+00	1.355700e+00
0	19	R2	2.074180e+01	2.074180e+01	1.477385e-08	-1.682554e-15	2.111500e+00
0	22	R2	1.534180e+01	1.534180e+01	1.071639e-08	5.080676e-15	6.992600e-01
0	23	R2	1.844500e+01	1.844500e+01	1.305635e-08	0.000000e+00	8.104700e-01
0	25	R2	1.905900e+01	1.905900e+01	1.351647e-08	0.000000e+00	9.860100e-01
0	26	R2	1.511880e+01	1.511880e+01	1.054709e-08	-8.199012e-15	4.333100e-01
0	27	R2	1.590910e+01	1.590910e+01	1.114630e-08	4.892938e-15	7.260900e-01
0	28	R2	1.775970e+01	1.775970e+01	1.254183e-08	-5.194178e-15	6.839800e-01
0	29	R2	1.628160e+01	1.628160e+01	1.142801e-08	6.582269e-15	5.397400e-01
0	30	R2	1.470170e+01	1.470170e+01	1.022990e-08	-3.542935e-15	5.013800e-01
0	31	R2	1.704580e+01	1.704580e+01	1.200462e-08	0.000000e+00	7.847400e-01
0	32	R2	1.709260e+01	1.709260e+01	1.203988e-08	5.443687e-15	6.526300e-01
0	33	R2	1.399680e+01	1.399680e+01	9.692219e-09	0.000000e+00	5.362900e-01
0	34	R2	1.559760e+01	1.559760e+01	1.091038e-08	-8.156283e-15	4.355800e-01
0	35	R2	1.235670e+01	1.235670e+01	8.431726e-09	3.071528e-15	5.783300e-01
0	36	R2	1.481720e+01	1.481720e+01	1.031780e-08	-2.044105e-07	9.886100e-01
0	37	R2	1.370390e+01	1.370390e+01	9.468141e-09	-4.339245e-15	4.093700e-01
0	40	R2	2.557520e+01	2.557520e+01	1.836355e-08	1.824150e-15	1.947600e+00
0	42	R2	1.430310e+01	1.430310e+01	9.926123e-09	5.171345e-15	3.435000e-01
0	44	R2	1.282140e+01	1.282140e+01	8.790375e-09	-6.127164e-15	5.798300e-01
0	46	R2	1.702550e+01	1.702550e+01	1.198932e-08	3.166976e-15	1.121800e+00
0	48	R2	5.503900e+00	5.503900e+00	2.976668e-09	2.704316e-15	3.284300e-01
0	50	R2	1.248690e+01	1.248690e+01	8.532344e-09	-5.872642e-15	3.024800e-01
0	54	R2	2.154790e+01	2.154790e+01	1.537453e-08	-3.851180e-15	1.845000e+00
0	56	R2	1.618140e+01	1.618140e+01	1.135227e-08	-3.885295e-15	9.144000e-01
0	57	R2	1.412090e+01	1.412090e+01	9.787038e-09	-2.232109e-15	7.958200e-01
0	58	R2	1.512640e+01	1.512640e+01	1.055286e-08	-6.037512e-15	5.884400e-01
0	59	R2	1.360300e+01	1.360300e+01	9.390854e-09	0.000000e+00	6.880100e-01
0	60	R2	1.349330e+01	1.349330e+01	9.306768e-09	-3.774103e-15	4.706700e-01
0	63	R2	1.499750e+01	1.499750e+01	1.045491e-08	-8.651369e-15	6.159800e-01
0	64	R2	1.750370e+01	1.750370e+01	1.234934e-08	0.000000e+00	1.252000e+00
0	65	R2	1.525640e+01	1.525640e+01	1.065158e-08	3.951455e-15	8.990900e-01
0	67	R2	1.655410e+01	1.655410e+01	1.163381e-08	8.854777e-15	8.024400e-01
0	68	R2	1.834600e+01	1.834600e+01	1.298209e-08	-4.383685e-15	8.104400e-01
0	69	R2	1.727100e+01	1.727100e+01	1.217423e-08	4.485523e-15	7.920400e-01
0	70	R2	1.929120e+01	1.929120e+01	1.369028e-08	2.458115e-15	1.445300e+00
0	71	R2	1.889930e+01	1.889930e+01	1.339687e-08	0.000000e+00	1.064400e+00
0	72	R2	1.849820e+01	1.849820e+01	1.309625e-08	-3.221247e-15	1.102900e+00
0	73	R2	1.579360e+01	1.579360e+01	1.105887e-08	-1.635387e-15	1.086200e+00
0	74	R2	1.849290e+01	1.849290e+01	1.309228e-08	0.000000e+00	1.088300e+00
0	75	R2	1.765520e+01	1.765520e+01	1.246328e-08	0.000000e+00	9.909900e-01
0	76	R2	1.451660e+01	1.451660e+01	1.008892e-08	0.000000e+00	6.181300e-01
0	77	R2	1.405630e+01	1.405630e+01	9.737689e-09	2.107835e-15	8.427400e-01
0	80	R2	1.670340e+01	1.670340e+01	1.174648e-08	-5.634756e-15	6.305000e-01
0	82	R2	1.636940e+01	1.636940e+01	1.149434e-08	0.000000e+00	6.688700e-01
0	83	R2	1.543820e+01	1.543820e+01	1.078953e-08	8.457835e-15	8.401000e-01
0	84	R2	1.624620e+01	1.624620e+01	1.140125e-08	0.000000e+00	4.926600e-01
0	85	R2	1.525890e+01	1.525890e+01	1.065347e-08	-1.592146e-14	4.462800e-01
0	87	R2	1.635530e+01	1.635530e+01	1.148369e-08	0.000000e+00	5.016000e-01
0	89	R2	1.586920e+01	1.586920e+01	1.111610e-08	-2.255118e-15	7.877000e-01
0	91	R2	1.546320e+01	1.546320e+01	1.080849e-08	0.000000e+00	1.264000e+00
0	92	R2	1.666150e+01	1.666150e+01	1.171486e-08	0.000000e+00	5.495200e-01
0	93	R2	1.707850e+01	1.707850e+01	1.202925e-08	0.000000e+00	8.230000e-01
0	101	R2	1.517380e+01	1.517380e+01	1.058886e-08	5.528139e-15	6.426600e-01
0	104	R2	1.590800e+01	1.590800e+01	1.114547e-08	-1.633732e-15	1.087300e+00
0	108	R2	1.700310e+01	1.700310e+01	1.197244e-08	-4.660275e-15	7.623400e-01
0	109	R2	1.622550e+01	1.622550e+01	1.138561e-08	-1.464946e-14	4.850300e-01
0	111	R2	1.634920e+01	1.634920e+01	1.147908e-08	0.000000e+00	8.920100e-01
0	112	R2	1.749310e+01	1.749310e+01	1.234137e-08	0.000000e+00	5.398500e-01
0	113	R2	1.577960e+01	1.577960e+01	1.104826e-08	-3.938445e-15	4.510300e-01
0	114	R2	1.610210e+01	1.610210e+01	1.129232e-08	6.699820e-15	5.302700e-01
0	115	R2	1.743190e+01	1.743190e+01	1.229532e-08	-4.457608e-15	7.970000e-01
0	116	R2	1.666940e+01	1.666940e+01	1.172083e-08	1.050074e-14	3.383300e-01
0	117	R2	1.445470e+01	1.445470e+01	1.004174e-08	0.000000e+00	5.703800e-01
0	118	R2	1.714100e+01	1.714100e+01	1.207633e-08	5.103814e-15	6.960900e-01
0	119	R2	1.498390e+01	1.498390e+01	1.044457e-08	-3.869721e-15	4.590400e-01
0	120	R2	1.300240e+01	1.300240e+01	8.929726e-09	4.227207e-15	4.202200e-01
0	121	R2	1.200190e+01	1.200190e+01	8.156993e-09	-1.368007e-14	2.597000e-01
0	123	R2	1.086420e+01	1.086420e+01	7.270082e-09	0.000000e+00	3.091900e-01
0	124	R2	1.015680e+01	1.015680e+01	6.713429e-09	1.341862e-14	2.647600e-01
0	125	R2	7.096400e+00	7.096400e+00	4.253983e-09	-5.500238e-15	1.614800e-01


1	1	NOE	-7.612000e-01	-7.612000e-01	6.719317e-10	3.031243e-15	1.831300e-01
1	6	NOE	-1.776000e-01	-1.776000e-01	9.210022e-10	5.294989e-15	3.669300e-02
1	9	NOE	6.136000e-01	6.136000e-01	2.174072e-09	6.424530e-16	1.728100e-01
1	11	NOE	2.520000e-01	2.520000e-01	1.283371e-09	1.576059e-15	7.044300e-02
1	12	NOE	7.110000e-01	7.110000e-01	2.939444e-09	1.221247e-15	9.090900e-02
1	14	NOE	3.569000e-01	3.569000e-01	1.435355e-09	0.000000e+00	4.922200e-02
1	15	NOE	4.968000e-01	4.968000e-01	1.735149e-09	2.618543e-15	8.479700e-02
1	19	NOE	6.407000e-01	6.407000e-01	2.328173e-09	-4.216562e-08	1.312800e-01
1	22	NOE	6.724000e-01	6.724000e-01	2.554693e-09	1.141571e-15	9.725400e-02
1	23	NOE	7.438000e-01	7.438000e-01	3.442624e-09	0.000000e+00	8.141900e-02
1	25	NOE	8.348000e-01	8.344307e-01	2.657102e-05	3.433167e-03	1.075800e-01
1	26	NOE	7.986000e-01	7.986000e-01	5.507629e-09	0.000000e+00	5.175500e-02
1	27	NOE	9.060000e-01	8.344307e-01	2.970253e-05	8.683386e-01	8.242100e-02
1	28	NOE	7.852000e-01	7.852000e-01	4.691913e-09	0.000000e+00	7.215600e-02
1	29	NOE	1.026600e+00	8.344307e-01	2.568283e-05	1.856709e+00	1.035000e-01
1	30	NOE	9.100000e-01	8.344307e-01	2.511027e-05	9.851046e-01	7.671200e-02
1	31	NOE	7.932000e-01	7.932000e-01	5.131338e-09	0.000000e+00	7.972000e-02
1	32	NOE	7.165000e-01	7.165000e-01	3.009014e-09	1.808623e-15	6.138500e-02
1	33	NOE	6.714000e-01	6.714000e-01	2.546565e-09	-3.163209e-15	7.019600e-02
1	34	NOE	7.367000e-01	7.367000e-01	3.312662e-09	1.882659e-15	5.897100e-02
1	35	NOE	7.858000e-01	7.858000e-01	4.721073e-09	-2.081652e-08	6.890300e-02
1	36	NOE	1.081500e+00	8.344307e-01	1.674168e-05	1.979247e+00	1.248300e-01
1	37	NOE	8.064000e-01	8.064000e-01	6.232151e-09	0.000000e+00	5.173200e-02
1	40	NOE	9.298000e-01	8.344307e-01	3.876968e-05	5.741682e-01	1.661000e-01
1	42	NOE	7.959000e-01	7.959000e-01	5.309617e-09	0.000000e+00	5.610500e-02
1	44	NOE	8.007000e-01	8.007000e-01	5.677764e-09	0.000000e+00	8.168000e-02
1	46	NOE	7.238000e-01	7.238000e-01	3.109177e-09	0.000000e+00	1.016200e-01
1	48	NOE	3.478000e-01	3.478000e-01	1.420333e-09	2.191302e-15	1.013300e-01
1	50	NOE	7.523000e-01	7.523000e-01	3.619715e-09	0.000000e+00	5.345200e-02
1	54	NOE	7.759000e-01	7.759000e-01	4.298745e-09	0.000000e+00	1.170800e-01
1	56	NOE	9.121000e-01	8.344307e-01	1.844666e-05	6.094103e-01	1.274500e-01
1	57	NOE	6.646000e-01	6.646000e-01	2.493191e-09	-1.395086e-15	7.958100e-02
1	58	NOE	9.077000e-01	8.344307e-01	3.080434e-05	8.930276e-01	8.204600e-02
1	59	NOE	6.642000e-01	6.642000e-01	2.490150e-09	-1.536875e-15	7.223900e-02
1	60	NOE	7.617000e-01	7.617000e-01	3.850434e-09	0.000000e+00	7.082400e-02
1	63	NOE	1.002200e+00	8.344307e-01	2.989818e-05	1.646250e+00	1.019100e-01
1	64	NOE	7.868000e-01	7.868000e-01	4.770887e-09	-1.489083e-08	9.436200e-02
1	65	NOE	7.513000e-01	7.513000e-01	3.597489e-09	0.000000e+00	1.056900e-01
1	67	NOE	8.912000e-01	8.344307e-01	1.670354e-05	6.719140e-01	8.448900e-02
1	68	NOE	7.964000e-01	7.964000e-01	5.344693e-09	0.000000e+00	6.462900e-02
1	69	NOE	8.387000e-01	8.344307e-01	2.466251e-05	4.309592e-02	9.906600e-02
1	70	NOE	7.451000e-01	7.451000e-01	3.468072e-09	1.101958e-15	1.007500e-01
1	71	NOE	8.176000e-01	8.176000e-01	8.052366e-09	1.596088e-15	6.955900e-02
1	72	NOE	6.483000e-01	6.483000e-01	2.377232e-09	0.000000e+00	7.977000e-02
1	73	NOE	8.012000e-01	8.012000e-01	5.720626e-09	0.000000e+00	1.439300e-01
1	74	NOE	6.418000e-01	6.418000e-01	2.335096e-09	-6.232008e-08	8.834100e-02
1	75	NOE	7.526000e-01	7.526000e-01	3.626462e-09	-1.307498e-15	8.491200e-02
1	76	NOE	8.056000e-01	8.056000e-01	6.144551e-09	0.000000e+00	7.387300e-02
1	77	NOE	8.279000e-01	8.279000e-01	1.294113e-08	1.075172e-15	1.032600e-01
1	80	NOE	6.745000e-01	6.745000e-01	2.572005e-09	0.000000e+00	6.584800e-02
1	82	NOE	8.114000e-01	8.114000e-01	6.879130e-09	1.498459e-15	7.409100e-02
1	83	NOE	8.287000e-01	8.287000e-01	1.381609e-08	0.000000e+00	9.140900e-02
1	84	NOE	9.847000e-01	8.344307e-01	3.322922e-05	2.034764e+00	7.385100e-02
1	85	NOE	9.338000e-01	8.344307e-01	2.167975e-05	1.458247e+00	6.814300e-02
1	87	NOE	7.485000e-01	7.485000e-01	3.537320e-09	-1.967051e-15	5.644100e-02
1	89	NOE	9.998000e-01	8.344307e-01	3.382864e-05	1.740016e+00	9.503900e-02
1	91	NOE	8.675000e-01	8.344307e-01	2.012568e-05	3.028605e-01	1.091900e-01
1	92	NOE	9.648000e-01	8.344307e-01	1.941607e-05	1.776052e+00	7.340400e-02
1	93	NOE	9.460000e-01	8.344307e-01	2.537513e-05	1.195390e+00	9.333300e-02
1	101	NOE	6.550000e-01	6.550000e-01	2.423006e-09	0.000000e+00	8.560800e-02
1	104	NOE	8.406000e-01	8.344307e-01	2.593506e-05	6.070393e-02	1.016300e-01
1	108	NOE	7.683000e-01	7.683000e-01	4.040884e-09	0.000000e+00	8.007900e-02
1	109	NOE	9.431000e-01	8.344307e-01	3.142695e-05	1.477088e+00	7.357000e-02
1	111	NOE	9.100000e-01	8.344307e-01	2.511027e-05	6.080571e-01	1.242800e-01
1	112	NOE	7.645000e-01	7.645000e-01	3.927950e-09	0.000000e+00	4.442600e-02
1	113	NOE	9.990000e-01	8.344307e-01	2.140550e-05	1.978758e+00	8.316800e-02
1	114	NOE	9.450000e-01	8.344307e-01	2.880775e-05	1.734231e+00	6.375700e-02
1	115	NOE	7.610000e-01	7.610000e-01	3.831748e-09	0.000000e+00	6.847700e-02
1	116	NOE	8.194000e-01	8.194000e-01	8.522528e-09	0.000000e+00	3.538700e-02
1	117	NOE	8.682000e-01	8.344307e-01	2.123456e-05	3.765874e-01	8.967200e-02
1	118	NOE	7.880000e-01	7.880000e-01	4.832769e-09	-1.859755e-08	7.367000e-02
1	119	NOE	8.409000e-01	8.344307e-01	2.749429e-05	1.090197e-01	5.934100e-02
1	120	NOE	6.030000e-01	6.030000e-01	2.121183e-09	1.964440e-15	5.651600e-02
1	121	NOE	6.111000e-01	6.111000e-01	2.161265e-09	-2.381737e-15	4.661400e-02
1	123	NOE	6.279000e-01	6.279000e-01	2.251666e-09	-1.739943e-15	6.380800e-02
1	124	NOE	4.297000e-01	4.297000e-01	1.572536e-09	-5.760809e-15	4.818000e-02
1	125	NOE	3.020000e-01	3.020000e-01	1.350441e-09	-3.327275e-15	5.005100e-02


2	1	R1	1.350300e+00	1.350300e+00	4.342448e-10	0.000000e+00	1.224300e-01
2	6	R1	1.283800e+00	1.283800e+00	1.057444e-08	9.734102e-15	2.281100e-02
2	9	R1	1.244700e+00	1.244700e+00	3.654298e-10	0.000000e+00	1.730500e-01
2	11	R1	1.185900e+00	1.185900e+00	1.155322e-08	-8.694845e-15	5.107500e-02
2	12	R1	9.721900e-01	9.721900e-01	1.433261e-08	2.735078e-15	4.059200e-02
2	14	R1	1.290400e+00	1.290400e+00	1.051346e-08	0.000000e+00	3.600600e-02
2	15	R1	1.126000e+00	1.126000e+00	1.223072e-08	6.726994e-15	6.601600e-02
2	19	R1	1.276000e+00	1.276000e+00	1.064728e-08	-2.314966e-15	9.591700e-02
2	22	R1	1.156500e+00	1.156500e+00	1.187746e-08	0.000000e+00	4.567900e-02
2	23	R1	1.183900e+00	1.183900e+00	1.157480e-08	0.000000e+00	4.351200e-02
2	25	R1	1.064600e+00	1.064600e+00	1.300007e-08	-9.689290e-15	4.583300e-02
2	26	R1	1.141100e+00	1.141100e+00	1.205359e-08	6.414148e-07	2.417500e-02
2	27	R1	1.055000e+00	1.055000e+00	1.312807e-08	5.668163e-15	3.917400e-02
2	28	R1	1.085800e+00	1.085800e+00	1.272507e-08	0.000000e+00	3.453400e-02
2	29	R1	1.027900e+00	1.027900e+00	1.350175e-08	-6.123341e-15	3.626200e-02
2	30	R1	1.094700e+00	1.094700e+00	1.261265e-08	7.856371e-15	2.826300e-02
2	31	R1	1.098900e+00	1.098900e+00	1.256020e-08	0.000000e+00	3.440800e-02
2	32	R1	1.054400e+00	1.054400e+00	1.313615e-08	-7.029397e-15	3.158800e-02
2	33	R1	1.186400e+00	1.186400e+00	1.154784e-08	0.000000e+00	3.586200e-02
2	34	R1	1.103000e+00	1.103000e+00	1.250936e-08	5.850171e-07	2.579000e-02
2	35	R1	1.255200e+00	1.255200e+00	1.084561e-08	-4.287900e-15	5.178400e-02
2	36	R1	1.184500e+00	1.184500e+00	1.156832e-08	3.538841e-15	6.274500e-02
2	37	R1	1.306900e+00	1.306900e+00	1.036348e-08	-7.750248e-15	2.865000e-02
2	40	R1	1.091300e+00	1.091300e+00	1.265539e-08	0.000000e+00	7.502700e-02
2	42	R1	1.206600e+00	1.206600e+00	1.133388e-08	0.000000e+00	2.237300e-02
2	44	R1	1.113100e+00	1.113100e+00	1.238566e-08	-5.173574e-15	4.291900e-02
2	46	R1	9.559400e-01	9.559400e-01	1.459252e-08	0.000000e+00	5.231700e-02
2	48	R1	1.258700e+00	1.258700e+00	1.081181e-08	-3.821766e-15	5.810000e-02
2	50	R1	1.223200e+00	1.223200e+00	1.116302e-08	0.000000e+00	2.578800e-02
2	54	R1	1.381900e+00	1.381900e+00	9.723546e-09	4.803769e-15	9.244600e-02
2	56	R1	1.185000e+00	1.185000e+00	1.156292e-08	0.000000e+00	5.553100e-02
2	57	R1	1.150400e+00	1.150400e+00	1.194669e-08	-4.325572e-15	5.133300e-02
2	58	R1	1.170100e+00	1.170100e+00	1.172556e-08	0.000000e+00	3.788500e-02
2	59	R1	1.176800e+00	1.176800e+00	1.165195e-08	0.000000e+00	4.388900e-02
2	60	R1	1.128600e+00	1.128600e+00	1.219990e-08	0.000000e+00	3.601400e-02
2	63	R1	1.014500e+00	1.014500e+00	1.369358e-08	1.306760e-14	3.398400e-02
2	64	R1	9.970300e-01	9.970300e-01	1.395112e-08	4.384680e-15	5.064100e-02
2	65	R1	1.227900e+00	1.227900e+00	1.111543e-08	0.000000e+00	5.879100e-02
2	67	R1	1.113500e+00	1.113500e+00	1.238080e-08	0.000000e+00	4.521600e-02
2	68	R1	1.110700e+00	1.110700e+00	1.241486e-08	0.000000e+00	3.780900e-02
2	69	R1	1.041500e+00	1.041500e+00	1.331189e-08	0.000000e+00	4.051000e-02
2	70	R1	1.132600e+00	1.132600e+00	1.215275e-08	0.000000e+00	7.157700e-02
2	71	R1	1.118200e+00	1.118200e+00	1.232400e-08	5.080182e-15	4.370800e-02
2	72	R1	1.033700e+00	1.033700e+00	1.342019e-08	-4.586182e-15	4.841600e-02
2	73	R1	1.126400e+00	1.126400e+00	1.222597e-08	-3.336257e-15	6.655500e-02
2	74	R1	1.283300e+00	1.283300e+00	1.057909e-08	-6.844673e-15	6.488100e-02
2	75	R1	1.117800e+00	1.117800e+00	1.232881e-08	4.248763e-15	5.226100e-02
2	76	R1	1.287400e+00	1.287400e+00	1.054111e-08	-4.872712e-15	4.556900e-02
2	77	R1	1.205600e+00	1.205600e+00	1.134431e-08	0.000000e+00	6.593100e-02
2	80	R1	1.055900e+00	1.055900e+00	1.311598e-08	0.000000e+00	3.458400e-02
2	82	R1	1.091000e+00	1.091000e+00	1.265917e-08	5.577749e-15	3.980900e-02
2	83	R1	1.108600e+00	1.108600e+00	1.244051e-08	-5.118240e-15	4.338300e-02
2	84	R1	1.065700e+00	1.065700e+00	1.298555e-08	8.693654e-15	2.554100e-02
2	85	R1	1.107100e+00	1.107100e+00	1.245889e-08	-1.431992e-14	3.101200e-02
2	87	R1	1.074100e+00	1.074100e+00	1.287556e-08	0.000000e+00	2.734500e-02
2	89	R1	1.173400e+00	1.173400e+00	1.168921e-08	0.000000e+00	4.650000e-02
2	91	R1	1.120800e+00	1.120800e+00	1.229277e-08	2.011094e-07	7.600100e-02
2	92	R1	1.116300e+00	1.116300e+00	1.234691e-08	-7.136944e-15	3.111200e-02
2	93	R1	1.065600e+00	1.065600e+00	1.298687e-08	-5.385772e-15	4.122800e-02
2	101	R1	1.164500e+00	1.164500e+00	1.178770e-08	-4.938715e-15	4.496000e-02
2	104	R1	1.013500e+00	1.013500e+00	1.370809e-08	8.541655e-15	5.199100e-02
2	108	R1	1.094300e+00	1.094300e+00	1.261766e-08	5.478930e-15	4.052700e-02
2	109	R1	1.196300e+00	1.196300e+00	1.144213e-08	0.000000e+00	2.853900e-02
2	111	R1	1.151400e+00	1.151400e+00	1.193530e-08	-4.548510e-15	4.881700e-02
2	112	R1	1.107100e+00	1.107100e+00	1.245889e-08	0.000000e+00	2.974200e-02
2	113	R1	1.141900e+00	1.141900e+00	1.204433e-08	-8.355394e-15	2.657500e-02
2	114	R1	1.114000e+00	1.114000e+00	1.237474e-08	-8.233633e-15	2.696800e-02
2	115	R1	1.196800e+00	1.196800e+00	1.143683e-08	5.793727e-15	3.832500e-02
2	116	R1	1.077100e+00	1.077100e+00	1.283667e-08	1.338505e-14	1.658900e-02
2	117	R1	1.263500e+00	1.263500e+00	1.076574e-08	0.000000e+00	3.618400e-02
2	118	R1	1.186000e+00	1.186000e+00	1.155215e-08	-5.939245e-15	3.738600e-02
2	119	R1	1.147800e+00	1.147800e+00	1.197641e-08	8.553995e-15	2.595800e-02
2	120	R1	1.125900e+00	1.125900e+00	1.223191e-08	7.486584e-15	2.965900e-02
2	121	R1	1.204500e+00	1.204500e+00	1.135581e-08	0.000000e+00	2.065000e-02
2	123	R1	1.198600e+00	1.198600e+00	1.141780e-08	-7.181958e-15	3.091700e-02
2	124	R1	1.334100e+00	1.334100e+00	1.012375e-08	0.000000e+00	3.215600e-02
2	125	R1	1.301900e+00	1.301900e+00	1.040856e-08	-8.627447e-15	2.573700e-02


