1	3.905500e+00	6.622500e-01	-7.612000e-01	1.831300e-01	1.350300e+00	1.224300e-01	2.410687e-01	
6	5.014000e+00	1.057300e-01	-1.776000e-01	3.669300e-02	1.283800e+00	2.281100e-02	1.532488e-01	
9	5.167500e+00	1.118700e+00	6.136000e-01	1.728100e-01	1.244700e+00	1.730500e-01	4.875326e-02	
11	9.573500e+00	3.825200e-01	2.520000e-01	7.044300e-02	1.185900e+00	5.107500e-02	8.991901e-02	
12	1.792000e+01	8.239800e-01	7.110000e-01	9.090900e-02	9.721900e-01	4.059200e-02	2.848071e-02	
14	9.628600e+00	2.818200e-01	3.569000e-01	4.922200e-02	1.290400e+00	3.600600e-02	8.412105e-02	
15	2.028120e+01	1.355700e+00	4.968000e-01	8.479700e-02	1.126000e+00	6.601600e-02	5.743556e-02	
19	2.074180e+01	2.111500e+00	6.407000e-01	1.312800e-01	1.276000e+00	9.591700e-02	4.647397e-02	
22	1.534180e+01	6.992600e-01	6.724000e-01	9.725400e-02	1.156500e+00	4.567900e-02	3.840532e-02	
23	1.844500e+01	8.104700e-01	7.438000e-01	8.141900e-02	1.183900e+00	4.351200e-02	3.074652e-02	
25	1.905900e+01	9.860100e-01	8.348000e-01	1.075800e-01	1.064600e+00	4.583300e-02	1.782782e-02	
26	1.511880e+01	4.333100e-01	7.986000e-01	5.175500e-02	1.141100e+00	2.417500e-02	2.329620e-02	
27	1.590910e+01	7.260900e-01	9.060000e-01	8.242100e-02	1.055000e+00	3.917400e-02	1.005269e-02	
28	1.775970e+01	6.839800e-01	7.852000e-01	7.215600e-02	1.085800e+00	3.453400e-02	2.364209e-02	
29	1.628160e+01	5.397400e-01	1.026600e+00	1.035000e-01	1.027900e+00	3.626200e-02	-2.771624e-03	
30	1.470170e+01	5.013800e-01	9.100000e-01	7.671200e-02	1.094700e+00	2.826300e-02	9.987102e-03	
31	1.704580e+01	7.847400e-01	7.932000e-01	7.972000e-02	1.098900e+00	3.440800e-02	2.303618e-02	
32	1.709260e+01	6.526300e-01	7.165000e-01	6.138500e-02	1.054400e+00	3.158800e-02	3.030123e-02	
33	1.399680e+01	5.362900e-01	6.714000e-01	7.019600e-02	1.186400e+00	3.586200e-02	3.951851e-02	
34	1.559760e+01	4.355800e-01	7.367000e-01	5.897100e-02	1.103000e+00	2.579000e-02	2.943935e-02	
35	1.235670e+01	5.783300e-01	7.858000e-01	6.890300e-02	1.255200e+00	5.178400e-02	2.725425e-02	
36	1.481720e+01	9.886100e-01	1.081500e+00	1.248300e-01	1.184500e+00	6.274500e-02	-9.785759e-03	
37	1.370390e+01	4.093700e-01	8.064000e-01	5.173200e-02	1.306900e+00	2.865000e-02	2.564777e-02	
40	2.557520e+01	1.947600e+00	9.298000e-01	1.661000e-01	1.091300e+00	7.502700e-02	7.765745e-03	
42	1.430310e+01	3.435000e-01	7.959000e-01	5.610500e-02	1.206600e+00	2.237300e-02	2.496365e-02	
44	1.282140e+01	5.798300e-01	8.007000e-01	8.168000e-02	1.113100e+00	4.291900e-02	2.248761e-02	
46	1.702550e+01	1.121800e+00	7.238000e-01	1.016200e-01	9.559400e-01	5.231700e-02	2.676432e-02	
48	5.503900e+00	3.284300e-01	3.478000e-01	1.013300e-01	1.258700e+00	5.810000e-02	8.321562e-02	
50	1.248690e+01	3.024800e-01	7.523000e-01	5.345200e-02	1.223200e+00	2.578800e-02	3.071322e-02	
54	2.154790e+01	1.845000e+00	7.759000e-01	1.170800e-01	1.381900e+00	9.244600e-02	3.139210e-02	
56	1.618140e+01	9.144000e-01	9.121000e-01	1.274500e-01	1.185000e+00	5.553100e-02	1.055867e-02	
57	1.412090e+01	7.958200e-01	6.646000e-01	7.958100e-02	1.150400e+00	5.133300e-02	3.911234e-02	
58	1.512640e+01	5.884400e-01	9.077000e-01	8.204600e-02	1.170100e+00	3.788500e-02	1.094779e-02	
59	1.360300e+01	6.880100e-01	6.642000e-01	7.223900e-02	1.176800e+00	4.388900e-02	4.005762e-02	
60	1.349330e+01	4.706700e-01	7.617000e-01	7.082400e-02	1.128600e+00	3.601400e-02	2.726252e-02	
63	1.499750e+01	6.159800e-01	1.002200e+00	1.019100e-01	1.014500e+00	3.398400e-02	-2.262437e-04	
64	1.750370e+01	1.252000e+00	7.868000e-01	9.436200e-02	9.970300e-01	5.064100e-02	2.154752e-02	
65	1.525640e+01	8.990900e-01	7.513000e-01	1.056900e-01	1.227900e+00	5.879100e-02	3.095570e-02	
67	1.655410e+01	8.024400e-01	8.912000e-01	8.448900e-02	1.113500e+00	4.521600e-02	1.228064e-02	
68	1.834600e+01	8.104400e-01	7.964000e-01	6.462900e-02	1.110700e+00	3.780900e-02	2.292326e-02	
69	1.727100e+01	7.920400e-01	8.387000e-01	9.906600e-02	1.041500e+00	4.051000e-02	1.702925e-02	
70	1.929120e+01	1.445300e+00	7.451000e-01	1.007500e-01	1.132600e+00	7.157700e-02	2.926498e-02	
71	1.889930e+01	1.064400e+00	8.176000e-01	6.955900e-02	1.118200e+00	4.370800e-02	2.067503e-02	
72	1.849820e+01	1.102900e+00	6.483000e-01	7.977000e-02	1.033700e+00	4.841600e-02	3.685265e-02	
73	1.579360e+01	1.086200e+00	8.012000e-01	1.439300e-01	1.126400e+00	6.655500e-02	2.269922e-02	
74	1.849290e+01	1.088300e+00	6.418000e-01	8.834100e-02	1.283300e+00	6.488100e-02	4.659675e-02	
75	1.765520e+01	9.909900e-01	7.526000e-01	8.491200e-02	1.117800e+00	5.226100e-02	2.803275e-02	
76	1.451660e+01	6.181300e-01	8.056000e-01	7.387300e-02	1.287400e+00	4.556900e-02	2.536948e-02	
77	1.405630e+01	8.427400e-01	8.279000e-01	1.032600e-01	1.205600e+00	6.593100e-02	2.103226e-02	
80	1.670340e+01	6.305000e-01	6.745000e-01	6.584800e-02	1.055900e+00	3.458400e-02	3.483980e-02	
82	1.636940e+01	6.688700e-01	8.114000e-01	7.409100e-02	1.091000e+00	3.980900e-02	2.085779e-02	
83	1.543820e+01	8.401000e-01	8.287000e-01	9.140900e-02	1.108600e+00	4.338300e-02	1.925015e-02	
84	1.624620e+01	4.926600e-01	9.847000e-01	7.385100e-02	1.065700e+00	2.554100e-02	1.652830e-03	
85	1.525890e+01	4.462800e-01	9.338000e-01	6.814300e-02	1.107100e+00	3.101200e-02	7.429279e-03	
87	1.635530e+01	5.016000e-01	7.485000e-01	5.644100e-02	1.074100e+00	2.734500e-02	2.738322e-02	
89	1.586920e+01	7.877000e-01	9.998000e-01	9.503900e-02	1.173400e+00	4.650000e-02	2.378909e-05	
91	1.546320e+01	1.264000e+00	8.675000e-01	1.091900e-01	1.120800e+00	7.600100e-02	1.505379e-02	
92	1.666150e+01	5.495200e-01	9.648000e-01	7.340400e-02	1.116300e+00	3.111200e-02	3.983139e-03	
93	1.707850e+01	8.230000e-01	9.460000e-01	9.333300e-02	1.065600e+00	4.122800e-02	5.832971e-03	
101	1.517380e+01	6.426600e-01	6.550000e-01	8.560800e-02	1.164500e+00	4.496000e-02	4.072494e-02	
104	1.590800e+01	1.087300e+00	8.406000e-01	1.016300e-01	1.013500e+00	5.199100e-02	1.637623e-02	
108	1.700310e+01	7.623400e-01	7.683000e-01	8.007900e-02	1.094300e+00	4.052700e-02	2.570184e-02	
109	1.622550e+01	4.850300e-01	9.431000e-01	7.357000e-02	1.196300e+00	2.853900e-02	6.900081e-03	
111	1.634920e+01	8.920100e-01	9.100000e-01	1.242800e-01	1.151400e+00	4.881700e-02	1.050438e-02	
112	1.749310e+01	5.398500e-01	7.645000e-01	4.442600e-02	1.107100e+00	2.974200e-02	2.642893e-02	
113	1.577960e+01	4.510300e-01	9.990000e-01	8.316800e-02	1.141900e+00	2.657500e-02	1.157524e-04	
114	1.610210e+01	5.302700e-01	9.450000e-01	6.375700e-02	1.114000e+00	2.696800e-02	6.210831e-03	
115	1.743190e+01	7.970000e-01	7.610000e-01	6.847700e-02	1.196800e+00	3.832500e-02	2.899488e-02	
116	1.666940e+01	3.383300e-01	8.194000e-01	3.538700e-02	1.077100e+00	1.658900e-02	1.971858e-02	
117	1.445470e+01	5.703800e-01	8.682000e-01	8.967200e-02	1.263500e+00	3.618400e-02	1.688078e-02	
118	1.714100e+01	6.960900e-01	7.880000e-01	7.367000e-02	1.186000e+00	3.738600e-02	2.548722e-02	
119	1.498390e+01	4.590400e-01	8.409000e-01	5.934100e-02	1.147800e+00	2.595800e-02	1.851136e-02	
120	1.300240e+01	4.202200e-01	6.030000e-01	5.651600e-02	1.125900e+00	2.965900e-02	4.530980e-02	
121	1.200190e+01	2.597000e-01	6.111000e-01	4.661400e-02	1.204500e+00	2.065000e-02	4.748392e-02	
123	1.086420e+01	3.091900e-01	6.279000e-01	6.380800e-02	1.198600e+00	3.091700e-02	4.521013e-02	
124	1.015680e+01	2.647600e-01	4.297000e-01	4.818000e-02	1.334100e+00	3.215600e-02	7.712472e-02	
125	7.096400e+00	1.614800e-01	3.020000e-01	5.005100e-02	1.301900e+00	2.573700e-02	9.211596e-02	
