0	5	R2	8.620690e+00	8.620690e+00	5.488820e-09	-1.838666e-14	9.661118e-02
0	6	R2	1.206273e+01	1.206273e+01	8.204151e-09	0.000000e+00	2.619169e-01
0	7	R2	1.282051e+01	1.282051e+01	8.789691e-09	0.000000e+00	3.780408e-01
0	8	R2	1.194743e+01	1.194743e+01	8.114743e-09	-1.185201e-14	2.997563e-01
0	9	R2	1.216545e+01	1.216545e+01	8.283737e-09	0.000000e+00	4.143949e-01
0	10	R2	1.479290e+01	1.479290e+01	1.029931e-08	0.000000e+00	9.190855e-01
0	11	R2	1.381215e+01	1.381215e+01	9.551007e-09	5.172909e-15	3.433961e-01
0	12	R2	1.636661e+01	1.636661e+01	1.149224e-08	-8.556791e-15	8.303846e-01
0	14	R2	1.282051e+01	1.282051e+01	8.789691e-09	0.000000e+00	2.301118e-01
0	15	R2	1.253133e+01	1.253133e+01	8.566654e-09	0.000000e+00	2.669581e-01
0	17	R2	1.264223e+01	1.264223e+01	8.652243e-09	0.000000e+00	3.835820e-01
0	18	R2	1.388889e+01	1.388889e+01	9.609711e-09	0.000000e+00	1.929012e-01
0	19	R2	1.300390e+01	1.300390e+01	8.930881e-09	3.282713e-15	5.411246e-01
0	20	R2	1.461988e+01	1.461988e+01	1.016760e-08	2.518422e-15	7.053452e-01
0	21	R2	1.371742e+01	1.371742e+01	9.478494e-09	0.000000e+00	3.763353e-01
0	22	R2	1.240695e+01	1.240695e+01	8.470570e-09	0.000000e+00	3.694377e-01
0	23	R2	1.412429e+01	1.412429e+01	9.789630e-09	-4.559087e-07	4.189409e-01
0	25	R2	1.245330e+01	1.245330e+01	8.506388e-09	5.206413e-15	3.411863e-01
0	27	R2	1.305483e+01	1.305483e+01	8.970057e-09	-8.017600e-15	2.215572e-01
0	28	R2	1.230012e+01	1.230012e+01	8.387971e-09	-1.067379e-14	1.664223e-01
0	29	R2	1.259446e+01	1.259446e+01	8.615386e-09	-1.238805e-14	1.433928e-01
0	31	R2	1.288660e+01	1.288660e+01	8.840592e-09	-1.030180e-06	1.660644e-01
0	32	R2	1.168224e+01	1.168224e+01	7.908753e-09	-2.169334e-14	1.637698e-01
0	34	R2	1.256281e+01	1.256281e+01	8.590962e-09	0.000000e+00	2.525189e-01
0	35	R2	1.179245e+01	1.179245e+01	7.994420e-09	-9.124181e-15	3.893734e-01
0	37	R2	1.250000e+01	1.250000e+01	8.542462e-09	0.000000e+00	2.812500e-01
0	38	R2	1.223990e+01	1.223990e+01	8.341376e-09	-1.693855e-14	2.097413e-01
0	39	R2	1.424501e+01	1.424501e+01	9.881799e-09	-5.592843e-07	3.449647e-01
0	42	R2	1.290323e+01	1.290323e+01	8.853395e-09	-7.620888e-15	2.330905e-01
0	44	R2	1.479290e+01	1.479290e+01	1.029931e-08	0.000000e+00	2.625958e-01
0	45	R2	1.319261e+01	1.319261e+01	9.075973e-09	-6.003710e-15	2.958765e-01
0	46	R2	1.165501e+01	1.165501e+01	7.887573e-09	4.025313e-14	1.323890e-01
0	47	R2	1.312336e+01	1.312336e+01	9.022750e-09	0.000000e+00	5.166677e-01
0	48	R2	8.857396e+00	8.857396e+00	5.678996e-09	0.000000e+00	3.138139e-01
0	51	R2	1.280410e+01	1.280410e+01	8.777044e-09	0.000000e+00	1.803394e-01
0	53	R2	1.579779e+01	1.579779e+01	1.106204e-08	-3.094638e-15	1.148023e+00
0	54	R2	1.291990e+01	1.291990e+01	8.866230e-09	-8.567500e-07	2.003085e-01
0	55	R2	1.184834e+01	1.184834e+01	8.037830e-09	-7.908518e-15	2.246131e-01
0	56	R2	1.218027e+01	1.218027e+01	8.295211e-09	8.552410e-15	2.077025e-01
0	57	R2	1.283697e+01	1.283697e+01	8.802369e-09	0.000000e+00	1.977454e-01
0	58	R2	1.170960e+01	1.170960e+01	7.930027e-09	0.000000e+00	2.330951e-01
0	59	R2	1.282051e+01	1.282051e+01	8.789691e-09	0.000000e+00	2.301118e-01
0	60	R2	1.132503e+01	1.132503e+01	7.630489e-09	-1.065389e-14	3.334663e-01
0	62	R2	1.264223e+01	1.264223e+01	8.652243e-09	0.000000e+00	2.077736e-01
0	63	R2	1.254705e+01	1.254705e+01	8.578794e-09	0.000000e+00	1.542957e-01
0	64	R2	1.207729e+01	1.207729e+01	8.215442e-09	-1.107129e-14	3.208943e-01
0	65	R2	1.223990e+01	1.223990e+01	8.341376e-09	-1.580932e-14	2.247228e-01
0	66	R2	1.172333e+01	1.172333e+01	7.940700e-09	8.616621e-15	2.061547e-01
0	67	R2	1.197605e+01	1.197605e+01	8.136943e-09	1.376134e-14	2.581663e-01
0	68	R2	1.230012e+01	1.230012e+01	8.387971e-09	-6.179562e-15	2.874567e-01
0	70	R2	1.297017e+01	1.297017e+01	8.904924e-09	-6.029257e-07	2.859830e-01
0	71	R2	1.360544e+01	1.360544e+01	9.392725e-09	-4.172315e-15	4.257485e-01
0	75	R2	1.288660e+01	1.288660e+01	8.840592e-09	-6.059880e-07	2.823095e-01
0	76	R2	1.242236e+01	1.242236e+01	8.482481e-09	-5.755618e-15	3.086301e-01
0	77	R2	1.261034e+01	1.261034e+01	8.627643e-09	9.308835e-15	1.908248e-01
0	78	R2	1.342282e+01	1.342282e+01	9.252712e-09	5.799544e-15	3.062925e-01
0	79	R2	1.319261e+01	1.319261e+01	9.075973e-09	-4.639230e-15	3.828990e-01
0	80	R2	1.237624e+01	1.237624e+01	8.446832e-09	9.664329e-15	1.838055e-01
0	81	R2	1.422475e+01	1.422475e+01	9.866332e-09	5.852610e-15	3.035153e-01
0	82	R2	2.732240e+01	2.732240e+01	1.965556e-08	-5.287859e-15	2.015587e+00
0	83	R2	1.362398e+01	1.362398e+01	9.406927e-09	-1.130637e-06	1.618246e-01
0	84	R2	1.426534e+01	1.426534e+01	9.897307e-09	-1.322581e-15	1.343099e+00
0	85	R2	1.329787e+01	1.329787e+01	9.156820e-09	-7.175264e-15	2.475668e-01
0	86	R2	1.335113e+01	1.335114e+01	9.197707e-09	-9.107222e-07	1.960781e-01
0	87	R2	1.219512e+01	1.219512e+01	8.306712e-09	7.465140e-15	2.379536e-01
0	89	R2	1.194743e+01	1.194743e+01	8.114743e-09	-1.555576e-14	2.283858e-01
0	90	R2	1.201923e+01	1.201923e+01	8.170432e-09	-8.783120e-15	2.022467e-01
0	91	R2	1.059322e+01	1.059322e+01	7.057354e-09	-2.499435e-14	2.132110e-01
0	92	R2	1.165501e+01	1.165501e+01	7.887573e-09	4.761007e-14	1.119316e-01
0	93	R2	1.275510e+01	1.275510e+01	8.739285e-09	-7.988163e-07	2.115004e-01
0	94	R2	1.164144e+01	1.164144e+01	7.877018e-09	1.747653e-14	2.032848e-01
0	95	R2	1.239157e+01	1.239157e+01	8.458687e-09	0.000000e+00	2.149715e-01
0	96	R2	1.287001e+01	1.287001e+01	8.827820e-09	0.000000e+00	2.815833e-01
0	97	R2	1.169591e+01	1.169591e+01	7.919378e-09	8.116008e-15	2.188708e-01
0	99	R2	1.215067e+01	1.215067e+01	8.272289e-09	9.255215e-15	1.919304e-01
0	100	R2	1.166861e+01	1.166861e+01	7.898151e-09	-1.087203e-14	1.633878e-01
0	101	R2	1.162791e+01	1.162791e+01	7.866486e-09	-6.568968e-15	2.704164e-01
0	102	R2	1.312336e+01	1.312336e+01	9.022750e-09	0.000000e+00	5.338900e-01
0	103	R2	1.239157e+01	1.239157e+01	8.458687e-09	0.000000e+00	2.610369e-01
0	104	R2	1.390821e+01	1.390821e+01	9.624484e-09	-2.254578e-07	8.317842e-01
0	105	R2	1.404494e+01	1.404494e+01	9.729012e-09	7.504279e-15	2.367125e-01
0	106	R2	1.173709e+01	1.173709e+01	7.951396e-09	0.000000e+00	2.755185e-01
0	107	R2	1.410437e+01	1.410437e+01	9.774414e-09	0.000000e+00	4.376533e-01
0	108	R2	1.226994e+01	1.226994e+01	8.364619e-09	-6.940592e-15	2.559374e-01
0	110	R2	1.189061e+01	1.189061e+01	8.070644e-09	0.000000e+00	2.120798e-01
0	111	R2	1.222494e+01	1.222494e+01	8.329794e-09	-5.660014e-15	3.138432e-01
0	112	R2	1.366120e+01	1.366120e+01	9.435442e-09	-3.525239e-15	5.038968e-01
0	113	R2	1.272265e+01	1.272265e+01	8.714266e-09	6.455448e-15	2.751717e-01
0	114	R2	1.175088e+01	1.175088e+01	7.962116e-09	-6.125902e-15	2.899747e-01
0	115	R2	1.288660e+01	1.288660e+01	8.840592e-09	-3.679213e-07	4.649803e-01
0	116	R2	1.278772e+01	1.278772e+01	8.764427e-09	3.745810e-15	4.742251e-01
0	117	R2	1.579779e+01	1.579779e+01	1.106204e-08	-5.475128e-15	6.488823e-01
0	118	R2	1.222494e+01	1.222494e+01	8.329794e-09	-3.127903e-15	5.679067e-01
0	120	R2	1.300390e+01	1.300390e+01	8.930881e-09	3.890623e-15	4.565739e-01
0	121	R2	1.236094e+01	1.236094e+01	8.435004e-09	3.750296e-15	4.736578e-01
0	122	R2	1.006036e+01	1.006036e+01	6.637203e-09	-9.237392e-15	1.923007e-01
0	123	R2	8.354219e+00	8.354219e+00	5.274113e-09	-9.789154e-15	1.814617e-01


1	5	NOE	4.990000e-01	4.990000e-01	1.741270e-09	-5.551115e-14	4.000000e-03
1	6	NOE	7.640000e-01	7.640000e-01	3.913771e-09	0.000000e+00	8.000000e-03
1	7	NOE	8.810000e-01	8.344307e-01	2.180731e-05	3.582257e+00	1.300000e-02
1	8	NOE	8.060000e-01	8.060000e-01	6.187890e-09	0.000000e+00	2.700000e-02
1	9	NOE	8.520000e-01	8.344307e-01	2.660826e-05	2.928223e+00	6.000000e-03
1	10	NOE	7.910000e-01	7.910000e-01	4.998504e-09	0.000000e+00	4.200000e-02
1	11	NOE	7.770000e-01	7.770000e-01	4.340232e-09	-2.921640e-15	3.800000e-02
1	12	NOE	7.960000e-01	7.960000e-01	5.316578e-09	1.009294e-14	1.100000e-02
1	14	NOE	7.500000e-01	7.500000e-01	3.569183e-09	0.000000e+00	5.000000e-03
1	15	NOE	7.890000e-01	7.890000e-01	4.886192e-09	7.401487e-15	1.500000e-02
1	17	NOE	8.050000e-01	8.050000e-01	6.081204e-09	0.000000e+00	2.800000e-02
1	18	NOE	7.510000e-01	7.510000e-01	3.590899e-09	7.401487e-15	1.500000e-02
1	19	NOE	7.780000e-01	7.780000e-01	4.378991e-09	0.000000e+00	4.100000e-02
1	20	NOE	7.800000e-01	7.800000e-01	4.459675e-09	2.921640e-15	3.800000e-02
1	21	NOE	7.300000e-01	7.300000e-01	3.202302e-09	0.000000e+00	3.200000e-02
1	22	NOE	8.310000e-01	8.310000e-01	1.786097e-08	0.000000e+00	1.000000e-02
1	23	NOE	8.380000e-01	8.344307e-01	2.534041e-05	1.427736e-01	2.500000e-02
1	25	NOE	7.440000e-01	7.440000e-01	3.446504e-09	0.000000e+00	6.000000e-03
1	27	NOE	8.040000e-01	8.040000e-01	5.979811e-09	0.000000e+00	3.400000e-02
1	28	NOE	7.950000e-01	7.950000e-01	5.248166e-09	0.000000e+00	1.800000e-02
1	29	NOE	6.160000e-01	6.160000e-01	2.186569e-09	4.440892e-15	2.500000e-02
1	31	NOE	8.000000e-01	8.000000e-01	5.619330e-09	0.000000e+00	3.000000e-03
1	32	NOE	7.820000e-01	7.820000e-01	4.544915e-09	0.000000e+00	1.900000e-02
1	34	NOE	7.820000e-01	7.820000e-01	4.544915e-09	0.000000e+00	2.200000e-02
1	35	NOE	7.230000e-01	7.230000e-01	3.097726e-09	1.387779e-14	8.000000e-03
1	37	NOE	8.400000e-01	8.344307e-01	1.611966e-05	1.237632e-01	4.500000e-02
1	38	NOE	7.200000e-01	7.200000e-01	3.055851e-09	0.000000e+00	2.400000e-02
1	39	NOE	7.680000e-01	7.680000e-01	4.031619e-09	0.000000e+00	2.100000e-02
1	42	NOE	5.700000e-01	5.700000e-01	1.977067e-09	3.000603e-15	3.700000e-02
1	44	NOE	7.580000e-01	7.580000e-01	3.754577e-09	0.000000e+00	2.300000e-02
1	45	NOE	8.080000e-01	8.080000e-01	6.419111e-09	-1.387779e-14	8.000000e-03
1	46	NOE	8.030000e-01	8.030000e-01	5.883286e-09	0.000000e+00	3.100000e-02
1	47	NOE	8.090000e-01	8.090000e-01	6.544802e-09	-4.440892e-15	2.500000e-02
1	48	NOE	2.770000e-01	2.770000e-01	1.315829e-09	-4.758099e-14	7.000000e-03
1	51	NOE	7.030000e-01	7.030000e-01	2.846089e-09	-4.625929e-15	2.400000e-02
1	53	NOE	8.260000e-01	8.260000e-01	1.138760e-08	0.000000e+00	5.600000e-02
1	54	NOE	6.480000e-01	6.480000e-01	2.375239e-09	-2.707861e-15	4.100000e-02
1	55	NOE	8.320000e-01	8.320000e-01	2.122159e-08	0.000000e+00	1.800000e-02
1	56	NOE	8.510000e-01	8.344307e-01	2.598583e-05	1.035584e+00	1.600000e-02
1	57	NOE	8.490000e-01	8.344307e-01	1.892683e-05	6.070559e-01	2.400000e-02
1	58	NOE	8.100000e-01	8.100000e-01	6.678119e-09	0.000000e+00	1.800000e-02
1	59	NOE	8.000000e-01	8.000000e-01	5.619330e-09	0.000000e+00	1.300000e-02
1	60	NOE	7.430000e-01	7.430000e-01	3.427232e-09	8.540177e-15	1.300000e-02
1	62	NOE	7.290000e-01	7.290000e-01	3.186732e-09	-1.110223e-14	1.000000e-02
1	63	NOE	6.910000e-01	6.910000e-01	2.720850e-09	-7.930164e-15	1.400000e-02
1	64	NOE	7.480000e-01	7.480000e-01	3.526882e-09	0.000000e+00	1.800000e-02
1	65	NOE	8.490000e-01	8.344307e-01	1.892683e-05	7.668075e-01	1.900000e-02
1	66	NOE	7.760000e-01	7.760000e-01	4.302469e-09	0.000000e+00	2.000000e-02
1	67	NOE	7.940000e-01	7.940000e-01	5.182300e-09	0.000000e+00	9.000000e-03
1	68	NOE	8.270000e-01	8.270000e-01	1.213096e-08	0.000000e+00	1.600000e-02
1	70	NOE	7.720000e-01	7.720000e-01	4.160563e-09	0.000000e+00	1.300000e-02
1	71	NOE	8.250000e-01	8.250000e-01	1.076578e-08	1.708035e-15	6.500000e-02
1	75	NOE	7.890000e-01	7.890000e-01	4.886192e-09	3.581365e-15	3.100000e-02
1	76	NOE	7.950000e-01	7.950000e-01	5.248166e-09	0.000000e+00	4.100000e-02
1	77	NOE	8.560000e-01	8.344307e-01	1.543703e-05	2.696168e+00	8.000000e-03
1	78	NOE	7.350000e-01	7.350000e-01	3.283615e-09	0.000000e+00	2.300000e-02
1	79	NOE	8.020000e-01	8.020000e-01	5.791250e-09	0.000000e+00	1.600000e-02
1	80	NOE	8.000000e-01	8.000000e-01	5.619330e-09	0.000000e+00	2.300000e-02
1	81	NOE	7.920000e-01	7.920000e-01	5.057606e-09	0.000000e+00	6.000000e-03
1	82	NOE	8.540000e-01	8.344307e-01	3.278693e-05	7.526669e-01	2.600000e-02
1	83	NOE	5.860000e-01	5.860000e-01	2.043419e-09	6.530724e-16	1.700000e-01
1	84	NOE	7.880000e-01	7.880000e-01	4.832769e-09	-1.181105e-08	1.160000e-01
1	85	NOE	7.780000e-01	7.780000e-01	4.378991e-09	0.000000e+00	1.700000e-02
1	86	NOE	7.660000e-01	7.660000e-01	3.971410e-09	0.000000e+00	2.000000e-03
1	87	NOE	8.140000e-01	8.140000e-01	7.305771e-09	0.000000e+00	1.800000e-02
1	89	NOE	6.950000e-01	6.950000e-01	2.760814e-09	-8.540177e-15	1.300000e-02
1	90	NOE	6.940000e-01	6.940000e-01	2.750665e-09	-1.682156e-15	6.600000e-02
1	91	NOE	5.230000e-01	5.230000e-01	1.812090e-09	2.467162e-15	4.500000e-02
1	92	NOE	7.690000e-01	7.690000e-01	4.062748e-09	0.000000e+00	6.000000e-03
1	93	NOE	7.810000e-01	7.810000e-01	4.501699e-09	1.734723e-15	6.400000e-02
1	94	NOE	7.490000e-01	7.490000e-01	3.547848e-09	-1.009294e-14	1.100000e-02
1	95	NOE	7.570000e-01	7.570000e-01	3.729850e-09	8.540177e-15	1.300000e-02
1	96	NOE	8.120000e-01	8.120000e-01	6.970975e-09	-2.661193e-08	2.500000e-02
1	97	NOE	7.890000e-01	7.890000e-01	4.886192e-09	7.401487e-15	1.500000e-02
1	99	NOE	8.080000e-01	8.080000e-01	6.419111e-09	-6.167906e-15	1.800000e-02
1	100	NOE	7.250000e-01	7.250000e-01	3.126586e-09	-1.586033e-14	7.000000e-03
1	101	NOE	7.830000e-01	7.830000e-01	4.589381e-09	-1.166148e-07	1.300000e-02
1	102	NOE	8.050000e-01	8.050000e-01	6.081204e-09	0.000000e+00	9.000000e-03
1	103	NOE	7.390000e-01	7.390000e-01	3.353181e-09	0.000000e+00	1.100000e-02
1	104	NOE	7.750000e-01	7.750000e-01	4.265658e-09	2.176908e-15	5.100000e-02
1	105	NOE	7.650000e-01	7.650000e-01	3.942281e-09	8.540177e-15	1.300000e-02
1	106	NOE	8.040000e-01	8.040000e-01	5.979811e-09	0.000000e+00	1.400000e-02
1	107	NOE	8.570000e-01	8.344307e-01	2.016922e-05	8.359015e-01	2.700000e-02
1	108	NOE	8.300000e-01	8.300000e-01	1.571497e-08	0.000000e+00	3.600000e-02
1	110	NOE	8.260000e-01	8.260000e-01	1.138760e-08	0.000000e+00	2.400000e-02
1	111	NOE	7.430000e-01	7.430000e-01	3.427232e-09	2.220446e-14	5.000000e-03
1	112	NOE	7.630000e-01	7.630000e-01	3.885860e-09	3.000603e-15	3.700000e-02
1	113	NOE	7.690000e-01	7.690000e-01	4.062748e-09	0.000000e+00	1.000000e-02
1	114	NOE	8.040000e-01	8.040000e-01	5.979811e-09	0.000000e+00	2.400000e-02
1	115	NOE	7.800000e-01	7.800000e-01	4.459675e-09	4.827057e-15	2.300000e-02
1	116	NOE	7.080000e-01	7.080000e-01	2.903409e-09	1.480297e-14	1.500000e-02
1	117	NOE	7.790000e-01	7.790000e-01	4.418789e-09	-9.251859e-15	1.200000e-02
1	118	NOE	7.880000e-01	7.880000e-01	4.832769e-09	-1.245529e-07	1.100000e-02
1	120	NOE	7.680000e-01	7.680000e-01	4.031619e-09	0.000000e+00	3.000000e-02
1	121	NOE	6.750000e-01	6.750000e-01	2.576177e-09	0.000000e+00	4.600000e-02
1	122	NOE	5.410000e-01	5.410000e-01	1.870674e-09	-7.930164e-15	1.400000e-02
1	123	NOE	3.360000e-01	3.360000e-01	1.401446e-09	-2.135044e-15	2.600000e-02


2	5	R1	2.247191e+00	2.247191e+00	5.093418e-09	0.000000e+00	5.554854e-02
2	6	R1	2.169197e+00	2.169197e+00	5.396447e-09	0.000000e+00	4.705417e-02
2	7	R1	1.984127e+00	1.984127e+00	6.168777e-09	0.000000e+00	1.417234e-01
2	8	R1	1.883239e+00	1.883239e+00	6.632495e-09	3.912995e-15	1.134909e-01
2	9	R1	1.795332e+00	1.795332e+00	7.068391e-09	2.995179e-15	1.482680e-01
2	10	R1	1.739130e+00	1.739130e+00	7.365325e-09	0.000000e+00	8.468809e-02
2	11	R1	1.721170e+00	1.721170e+00	7.463547e-09	-2.141531e-15	1.036850e-01
2	12	R1	1.610306e+00	1.610306e+00	8.110235e-09	7.446044e-15	5.964096e-02
2	14	R1	1.838235e+00	1.838235e+00	6.851578e-09	2.346821e-15	9.461505e-02
2	15	R1	1.876173e+00	1.876173e+00	6.666360e-09	0.000000e+00	8.448057e-02
2	17	R1	2.036660e+00	2.036660e+00	5.940412e-09	4.460895e-15	9.955160e-02
2	18	R1	1.745201e+00	1.745201e+00	7.332505e-09	4.165925e-15	1.066004e-01
2	19	R1	1.572327e+00	1.572327e+00	8.349623e-09	3.905050e-15	5.686088e-02
2	20	R1	1.600000e+00	1.600000e+00	8.174221e-09	1.239088e-15	1.792000e-01
2	21	R1	1.552795e+00	1.552795e+00	8.476700e-09	1.644462e-15	1.350257e-01
2	22	R1	1.672241e+00	1.672241e+00	7.740013e-09	2.036001e-15	1.090592e-01
2	23	R1	1.848429e+00	1.848429e+00	6.801232e-09	-8.665098e-15	5.125034e-02
2	25	R1	1.785714e+00	1.785714e+00	7.118131e-09	0.000000e+00	1.147959e-01
2	27	R1	2.352941e+00	2.352941e+00	4.696228e-09	0.000000e+00	9.965398e-02
2	28	R1	2.028398e+00	2.028398e+00	5.975794e-09	0.000000e+00	1.563471e-01
2	29	R1	2.341920e+00	2.341920e+00	4.737095e-09	0.000000e+00	7.678427e-02
2	31	R1	1.834862e+00	1.834862e+00	6.868333e-09	-4.122050e-15	5.386752e-02
2	32	R1	1.669449e+00	1.669449e+00	7.756197e-09	0.000000e+00	6.967651e-02
2	34	R1	1.782531e+00	1.782531e+00	7.134688e-09	-1.941169e-15	1.143870e-01
2	35	R1	1.697793e+00	1.697793e+00	7.593973e-09	5.502281e-15	4.035501e-02
2	37	R1	1.937984e+00	1.937984e+00	6.376472e-09	1.907120e-15	1.164293e-01
2	38	R1	1.923077e+00	1.923077e+00	6.445113e-09	2.729130e-15	8.136095e-02
2	39	R1	2.087683e+00	2.087683e+00	5.725995e-09	0.000000e+00	7.845154e-02
2	42	R1	2.544529e+00	2.544529e+00	1.543484e-09	0.000000e+00	1.294926e-01
2	44	R1	1.724138e+00	1.724138e+00	7.447202e-09	0.000000e+00	1.040428e-01
2	45	R1	1.560062e+00	1.560062e+00	8.429092e-09	2.851060e-15	7.788143e-02
2	46	R1	1.754386e+00	1.754386e+00	7.283196e-09	3.005929e-15	7.386888e-02
2	47	R1	1.808318e+00	1.808318e+00	7.001905e-09	-5.820278e-15	1.144505e-01
2	48	R1	1.468429e+00	1.468429e+00	9.059706e-09	0.000000e+00	4.096938e-02
2	51	R1	2.145923e+00	2.145923e+00	5.489062e-09	3.857465e-15	1.151246e-01
2	53	R1	2.487562e+00	2.487562e+00	1.457459e-09	2.174745e-15	2.042029e-01
2	54	R1	2.202643e+00	2.202643e+00	5.265206e-09	5.085216e-15	8.732946e-02
2	55	R1	1.706485e+00	1.706485e+00	7.545133e-09	0.000000e+00	4.659344e-02
2	56	R1	1.715266e+00	1.715266e+00	7.496210e-09	-3.281327e-15	1.353383e-01
2	57	R1	1.727116e+00	1.727116e+00	7.430846e-09	4.378733e-15	1.014196e-01
2	58	R1	1.626016e+00	1.626016e+00	8.014043e-09	-5.089868e-15	8.724965e-02
2	59	R1	1.754386e+00	1.754386e+00	7.283196e-09	2.404743e-15	9.233610e-02
2	60	R1	1.814882e+00	1.814882e+00	6.968588e-09	-8.988395e-15	4.940695e-02
2	62	R1	1.919386e+00	1.919386e+00	6.462230e-09	2.620522e-15	8.473296e-02
2	63	R1	1.658375e+00	1.658375e+00	7.820849e-09	-6.458993e-15	6.875517e-02
2	64	R1	1.782531e+00	1.782531e+00	7.134688e-09	-2.329403e-15	9.532252e-02
2	65	R1	1.675042e+00	1.675042e+00	7.723821e-09	0.000000e+00	8.136719e-02
2	66	R1	1.788909e+00	1.788909e+00	7.101563e-09	2.775389e-15	1.600097e-01
2	67	R1	1.727116e+00	1.727116e+00	7.430846e-09	3.101602e-15	1.431806e-01
2	68	R1	1.766784e+00	1.766784e+00	7.217302e-09	-7.487718e-15	5.930902e-02
2	70	R1	2.109705e+00	2.109705e+00	5.635486e-09	4.535281e-15	9.791878e-02
2	71	R1	2.398082e+00	2.398082e+00	1.338762e-09	5.148149e-15	8.626193e-02
2	75	R1	2.277904e+00	2.277904e+00	4.976719e-09	0.000000e+00	7.783272e-02
2	76	R1	2.262443e+00	2.262443e+00	5.035303e-09	1.445984e-14	6.142380e-02
2	77	R1	2.040816e+00	2.040816e+00	5.922684e-09	-3.231085e-15	1.374427e-01
2	78	R1	1.988072e+00	1.988072e+00	6.151341e-09	2.553604e-15	8.695343e-02
2	79	R1	1.890359e+00	1.890359e+00	6.598569e-09	3.106859e-15	7.146916e-02
2	80	R1	2.136752e+00	2.136752e+00	5.525864e-09	0.000000e+00	5.478852e-02
2	81	R1	2.857143e+00	2.807938e+00	2.506553e-09	3.545678e-01	1.387755e-01
2	82	R1	2.136752e+00	2.136752e+00	5.525864e-09	0.000000e+00	9.131419e-02
2	83	R1	2.680965e+00	2.680965e+00	3.440545e-09	4.119046e-15	2.156272e-01
2	84	R1	2.105263e+00	2.105263e+00	5.653647e-09	6.262352e-15	7.091413e-02
2	85	R1	2.237136e+00	2.237136e+00	5.131914e-09	0.000000e+00	4.504302e-02
2	86	R1	2.267574e+00	2.267574e+00	5.015828e-09	0.000000e+00	1.079797e-01
2	87	R1	1.697793e+00	1.697793e+00	7.593973e-09	-2.000830e-15	2.219525e-01
2	89	R1	2.000000e+00	2.000000e+00	6.098907e-09	0.000000e+00	1.880000e-01
2	90	R1	1.908397e+00	1.908397e+00	6.513479e-09	6.774235e-15	6.555562e-02
2	91	R1	2.293578e+00	2.293578e+00	4.917640e-09	0.000000e+00	1.315125e-01
2	92	R1	2.272727e+00	2.272727e+00	4.996301e-09	0.000000e+00	1.188017e-01
2	93	R1	2.016129e+00	2.016129e+00	6.028692e-09	1.213923e-14	7.316597e-02
2	94	R1	1.893939e+00	1.893939e+00	6.581583e-09	-1.587243e-15	1.398933e-01
2	95	R1	2.123142e+00	2.123142e+00	5.580819e-09	4.691295e-15	9.466239e-02
2	96	R1	1.919386e+00	1.919386e+00	6.462230e-09	0.000000e+00	5.157659e-02
2	97	R1	1.745201e+00	1.745201e+00	7.332505e-09	1.620082e-14	5.482306e-02
2	99	R1	1.730104e+00	1.730104e+00	7.414481e-09	0.000000e+00	6.585170e-02
2	100	R1	1.742160e+00	1.742160e+00	7.348920e-09	7.838397e-15	8.498343e-02
2	101	R1	1.605136e+00	1.605136e+00	8.142242e-09	3.917361e-15	5.668219e-02
2	102	R1	1.592357e+00	1.592357e+00	8.222138e-09	3.980493e-15	5.578320e-02
2	103	R1	2.164502e+00	2.164502e+00	5.415042e-09	6.115366e-15	1.452372e-01
2	104	R1	1.897533e+00	1.897533e+00	6.564581e-09	-4.404873e-15	5.040885e-02
2	105	R1	1.724138e+00	1.724138e+00	7.447202e-09	7.727152e-15	8.620690e-02
2	106	R1	1.748252e+00	1.748252e+00	7.316079e-09	-5.010306e-15	8.863514e-02
2	107	R1	1.841621e+00	1.841621e+00	6.834810e-09	-2.727901e-15	1.627952e-01
2	108	R1	1.964637e+00	1.964637e+00	6.255654e-09	0.000000e+00	5.789695e-02
2	110	R1	2.325581e+00	2.325581e+00	4.797864e-09	0.000000e+00	8.112493e-02
2	111	R1	2.392344e+00	2.392344e+00	4.550741e-09	1.293217e-14	6.867975e-02
2	112	R1	2.331002e+00	2.331002e+00	4.777676e-09	0.000000e+00	8.150358e-02
2	113	R1	1.841621e+00	1.841621e+00	6.834810e-09	4.364642e-15	1.017470e-01
2	114	R1	1.686341e+00	1.686341e+00	7.658967e-09	5.323757e-15	1.251248e-01
2	115	R1	1.776199e+00	1.776199e+00	7.167767e-09	-4.398829e-15	1.009562e-01
2	116	R1	1.956947e+00	1.956947e+00	6.290267e-09	7.730735e-15	5.744463e-02
2	117	R1	1.824818e+00	1.824818e+00	6.918519e-09	0.000000e+00	1.265384e-01
2	118	R1	1.883239e+00	1.883239e+00	6.632495e-09	4.039221e-15	1.099443e-01
2	120	R1	2.551020e+00	2.551020e+00	1.553957e-09	-1.240737e-15	3.579238e-01
2	121	R1	2.500000e+00	2.500000e+00	1.475423e-09	0.000000e+00	6.875000e-02
2	122	R1	2.638522e+00	2.638522e+00	3.620653e-09	2.773453e-15	1.601214e-01
2	123	R1	1.666667e+00	1.666667e+00	7.772372e-09	2.960595e-15	7.500000e-02


