0	5	R2	5.530973e+00	5.530973e+00	3.083282e-09	-7.081304e-15	1.254258e-01
0	6	R2	1.169591e+01	1.169591e+01	8.402496e-09	-3.329644e-15	5.334975e-01
0	7	R2	1.119821e+01	1.119821e+01	7.978411e-09	-1.947011e-07	7.147793e-01
0	8	R2	1.109878e+01	1.109878e+01	7.893427e-09	0.000000e+00	6.405511e-01
0	9	R2	1.109878e+01	1.109878e+01	7.893427e-09	0.000000e+00	7.267791e-01
0	10	R2	1.230012e+01	1.230012e+01	8.914563e-09	-1.505278e-15	1.180086e+00
0	11	R2	1.160093e+01	1.160093e+01	8.321730e-09	-2.275709e-15	7.805729e-01
0	12	R2	1.240695e+01	1.240695e+01	9.004796e-09	-1.602757e-15	1.108313e+00
0	14	R2	1.430615e+01	1.430615e+01	1.059585e-08	0.000000e+00	6.139979e-01
0	15	R2	1.140251e+01	1.140251e+01	8.152754e-09	-1.857773e-07	7.671015e-01
0	17	R2	1.280410e+01	1.280410e+01	9.339513e-09	0.000000e+00	6.885686e-01
0	18	R2	1.160093e+01	1.160093e+01	8.321730e-09	-4.713969e-15	3.768283e-01
0	19	R2	1.180638e+01	1.180638e+01	8.496339e-09	1.415972e-15	1.254515e+00
0	20	R2	1.069519e+01	1.069519e+01	7.547546e-09	0.000000e+00	8.350253e-01
0	21	R2	1.129944e+01	1.129944e+01	8.064841e-09	0.000000e+00	1.034186e+00
0	22	R2	1.140251e+01	1.140251e+01	8.152754e-09	-2.491105e-07	5.720757e-01
0	23	R2	1.169591e+01	1.169591e+01	8.402496e-09	-1.643748e-15	1.080674e+00
0	25	R2	1.079914e+01	1.079914e+01	7.636775e-09	-1.927796e-07	6.880659e-01
0	27	R2	1.349528e+01	1.349528e+01	9.919398e-09	-3.751399e-15	4.735185e-01
0	28	R2	1.259446e+01	1.259446e+01	9.162974e-09	0.000000e+00	3.013787e-01
0	29	R2	1.169591e+01	1.169591e+01	8.402496e-09	-6.183625e-15	2.872679e-01
0	31	R2	1.270648e+01	1.270648e+01	9.257348e-09	0.000000e+00	3.552002e-01
0	32	R2	1.010101e+01	1.010101e+01	7.035560e-09	-6.003474e-15	2.958882e-01
0	34	R2	1.000000e+01	1.000000e+01	6.948189e-09	0.000000e+00	4.000000e-01
0	35	R2	1.000000e+01	1.000000e+01	6.948189e-09	0.000000e+00	6.100000e-01
0	37	R2	1.360544e+01	1.360544e+01	1.001153e-08	0.000000e+00	4.812809e-01
0	38	R2	1.230012e+01	1.230012e+01	8.914563e-09	-3.261436e-15	5.446549e-01
0	39	R2	1.280410e+01	1.280410e+01	9.339513e-09	0.000000e+00	5.246237e-01
0	42	R2	1.230012e+01	1.230012e+01	8.914563e-09	-4.193274e-15	4.236205e-01
0	44	R2	1.360544e+01	1.360544e+01	1.001153e-08	0.000000e+00	4.997918e-01
0	45	R2	1.190476e+01	1.190476e+01	8.579833e-09	0.000000e+00	4.535147e-01
0	46	R2	1.109878e+01	1.109878e+01	7.893427e-09	0.000000e+00	5.296865e-01
0	47	R2	1.180638e+01	1.180638e+01	8.496339e-09	2.498773e-15	7.108916e-01
0	48	R2	8.620690e+00	8.620690e+00	5.746016e-09	0.000000e+00	4.384661e-01
0	51	R2	1.319261e+01	1.319261e+01	9.665864e-09	4.437525e-15	4.003035e-01
0	53	R2	1.519757e+01	1.519757e+01	1.133528e-08	2.652064e-15	1.339603e+00
0	54	R2	1.300390e+01	1.300390e+01	9.507478e-09	0.000000e+00	5.073043e-01
0	55	R2	1.129944e+01	1.129944e+01	8.064841e-09	0.000000e+00	3.957994e-01
0	56	R2	1.210654e+01	1.210654e+01	8.750820e-09	5.049857e-15	3.517638e-01
0	57	R2	1.020408e+01	1.020408e+01	7.124614e-09	4.265033e-15	4.164931e-01
0	58	R2	1.100110e+01	1.100110e+01	7.809852e-09	3.966946e-15	4.477896e-01
0	59	R2	1.129944e+01	1.129944e+01	8.064841e-09	0.000000e+00	4.596380e-01
0	60	R2	1.119821e+01	1.119821e+01	7.978411e-09	-2.845631e-07	4.890595e-01
0	62	R2	1.219512e+01	1.219512e+01	8.825785e-09	-4.423786e-15	4.015467e-01
0	63	R2	1.250000e+01	1.250000e+01	9.083325e-09	0.000000e+00	3.906250e-01
0	64	R2	1.210654e+01	1.210654e+01	8.750820e-09	3.909567e-15	4.543616e-01
0	65	R2	1.140251e+01	1.140251e+01	8.152754e-09	-3.223783e-07	4.420585e-01
0	66	R2	1.060445e+01	1.060445e+01	7.469579e-09	-2.808009e-07	4.610632e-01
0	67	R2	1.090513e+01	1.090513e+01	7.727651e-09	-3.053943e-07	4.400105e-01
0	68	R2	1.109878e+01	1.109878e+01	7.893427e-09	0.000000e+00	4.680950e-01
0	70	R2	1.180638e+01	1.180638e+01	8.496339e-09	4.247915e-15	4.181715e-01
0	71	R2	1.310616e+01	1.310616e+01	9.593334e-09	0.000000e+00	5.668457e-01
0	75	R2	1.340483e+01	1.340483e+01	9.843693e-09	-2.565692e-07	6.828195e-01
0	76	R2	1.210654e+01	1.210654e+01	8.750820e-09	2.885632e-15	6.155867e-01
0	77	R2	1.149425e+01	1.149425e+01	8.230927e-09	4.979720e-15	3.567182e-01
0	78	R2	1.290323e+01	1.290323e+01	9.422880e-09	-4.103555e-15	4.328824e-01
0	79	R2	1.310616e+01	1.310616e+01	9.593334e-09	0.000000e+00	5.153143e-01
0	80	R2	1.219512e+01	1.219512e+01	8.825785e-09	-4.118698e-15	4.312909e-01
0	81	R2	1.210654e+01	1.210654e+01	8.750820e-09	3.564605e-15	4.983321e-01
0	82	R2	2.680965e+01	2.680965e+01	2.074843e-08	0.000000e+00	3.378160e+00
0	83	R2	1.340483e+01	1.340483e+01	9.843693e-09	-4.642681e-07	3.773476e-01
0	84	R2	1.410437e+01	1.410437e+01	1.042788e-08	1.352941e-15	1.312960e+00
0	85	R2	1.230012e+01	1.230012e+01	8.914563e-09	-3.089781e-15	5.749135e-01
0	86	R2	1.190476e+01	1.190476e+01	8.579833e-09	0.000000e+00	3.401361e-01
0	87	R2	1.290323e+01	1.290323e+01	9.422880e-09	-4.267697e-15	4.162331e-01
0	89	R2	1.200480e+01	1.200480e+01	8.664649e-09	4.565165e-15	3.891112e-01
0	90	R2	1.079914e+01	1.079914e+01	7.636775e-09	-3.249714e-07	4.081747e-01
0	91	R2	1.039501e+01	1.039501e+01	7.289310e-09	0.000000e+00	2.809462e-01
0	92	R2	1.020408e+01	1.020408e+01	7.124614e-09	8.530066e-15	2.082466e-01
0	93	R2	1.360544e+01	1.360544e+01	1.001153e-08	0.000000e+00	3.702161e-01
0	94	R2	1.060445e+01	1.060445e+01	7.469579e-09	-5.005581e-07	2.586452e-01
0	95	R2	1.149425e+01	1.149425e+01	8.230927e-09	4.636291e-15	3.831418e-01
0	96	R2	1.180638e+01	1.180638e+01	8.496339e-09	3.444255e-15	5.157449e-01
0	97	R2	1.029866e+01	1.029866e+01	7.206242e-09	0.000000e+00	2.863685e-01
0	99	R2	1.020408e+01	1.020408e+01	7.124614e-09	4.610846e-15	3.852561e-01
0	100	R2	1.100110e+01	1.100110e+01	7.809852e-09	6.381608e-15	2.783557e-01
0	101	R2	1.100110e+01	1.100110e+01	7.809852e-09	3.335841e-15	5.325065e-01
0	102	R2	1.020408e+01	1.020408e+01	7.124614e-09	3.280794e-15	5.414411e-01
0	103	R2	1.129944e+01	1.129944e+01	8.064841e-09	0.000000e+00	3.574962e-01
0	104	R2	9.737098e+00	9.737098e+00	6.720335e-09	-1.229237e-07	9.386297e-01
0	105	R2	1.270648e+01	1.270648e+01	9.257348e-09	0.000000e+00	4.359275e-01
0	106	R2	1.079914e+01	1.079914e+01	7.636775e-09	-2.527555e-07	5.247960e-01
0	107	R2	1.140251e+01	1.140251e+01	8.152754e-09	-1.660737e-07	8.581135e-01
0	108	R2	1.180638e+01	1.180638e+01	8.496339e-09	3.444255e-15	5.157449e-01
0	110	R2	1.140251e+01	1.140251e+01	8.152754e-09	-2.962395e-07	4.810636e-01
0	111	R2	1.240695e+01	1.240695e+01	9.004796e-09	-2.747584e-15	6.465159e-01
0	112	R2	1.340483e+01	1.340483e+01	9.843693e-09	-2.437407e-07	7.187574e-01
0	113	R2	1.280410e+01	1.280410e+01	9.339513e-09	0.000000e+00	6.393851e-01
0	114	R2	1.060445e+01	1.060445e+01	7.469579e-09	-2.055864e-07	6.297449e-01
0	115	R2	1.119821e+01	1.119821e+01	7.978411e-09	-1.563093e-07	8.903391e-01
0	116	R2	1.060445e+01	1.060445e+01	7.469579e-09	-1.354451e-07	9.558628e-01
0	117	R2	1.029866e+01	1.029866e+01	7.206242e-09	0.000000e+00	1.262143e+00
0	118	R2	1.129944e+01	1.129944e+01	8.064841e-09	0.000000e+00	8.299020e-01
0	120	R2	1.250000e+01	1.250000e+01	9.083325e-09	0.000000e+00	8.281250e-01
0	121	R2	1.090513e+01	1.090513e+01	7.727651e-09	-1.915185e-07	7.016384e-01
0	122	R2	9.041591e+00	9.041591e+00	6.114520e-09	0.000000e+00	4.251019e-01
0	123	R2	8.319468e+00	8.319468e+00	5.481645e-09	-5.460612e-15	3.253036e-01


1	5	NOE	3.760000e-01	3.760000e-01	1.859739e-09	2.220446e-14	5.000000e-03
1	6	NOE	7.250000e-01	7.250000e-01	4.152261e-09	-2.220446e-15	5.000000e-02
1	7	NOE	8.200000e-01	8.200000e-01	3.373261e-08	9.175397e-16	1.210000e-01
1	8	NOE	7.180000e-01	7.180000e-01	4.006411e-09	0.000000e+00	2.100000e-02
1	9	NOE	7.920000e-01	7.920000e-01	7.563670e-09	-3.000603e-15	3.700000e-02
1	10	NOE	7.480000e-01	7.480000e-01	4.769394e-09	0.000000e+00	4.000000e-02
1	11	NOE	5.330000e-01	5.330000e-01	2.352143e-09	0.000000e+00	4.300000e-02
1	12	NOE	8.110000e-01	8.110000e-01	1.270636e-08	0.000000e+00	7.500000e-02
1	14	NOE	7.970000e-01	7.970000e-01	8.304231e-09	0.000000e+00	4.000000e-03
1	15	NOE	8.160000e-01	8.160000e-01	1.757203e-08	8.540177e-15	1.300000e-02
1	17	NOE	8.250000e-01	8.214914e-01	3.392159e-05	8.557649e-02	4.100000e-02
1	18	NOE	7.750000e-01	7.750000e-01	6.013453e-09	-6.167906e-15	1.800000e-02
1	19	NOE	7.300000e-01	7.300000e-01	4.266464e-09	0.000000e+00	3.527000e-04
1	20	NOE	7.490000e-01	7.490000e-01	4.802682e-09	-2.775558e-14	4.000000e-03
1	21	NOE	7.190000e-01	7.190000e-01	4.026335e-09	0.000000e+00	1.800000e-02
1	22	NOE	7.530000e-01	7.530000e-01	4.943010e-09	3.469447e-15	3.200000e-02
1	23	NOE	8.210000e-01	8.210000e-01	5.877392e-08	0.000000e+00	1.210000e-01
1	25	NOE	6.900000e-01	6.900000e-01	3.543795e-09	1.589439e-13	6.985000e-04
1	27	NOE	8.060000e-01	8.060000e-01	1.045122e-08	0.000000e+00	3.900000e-02
1	28	NOE	7.590000e-01	7.590000e-01	5.178128e-09	4.827057e-15	2.300000e-02
1	29	NOE	5.580000e-01	5.580000e-01	2.467975e-09	-1.057355e-14	2.100000e-02
1	31	NOE	7.310000e-01	7.310000e-01	4.290426e-09	-1.790682e-15	6.200000e-02
1	32	NOE	7.100000e-01	7.100000e-01	3.856728e-09	0.000000e+00	1.100000e-02
1	34	NOE	7.620000e-01	7.620000e-01	5.308751e-09	-3.364312e-15	3.300000e-02
1	35	NOE	7.210000e-01	7.210000e-01	4.067064e-09	0.000000e+00	1.100000e-02
1	37	NOE	7.390000e-01	7.390000e-01	4.497445e-09	0.000000e+00	9.000000e-03
1	38	NOE	7.250000e-01	7.250000e-01	4.152261e-09	-1.586033e-14	7.000000e-03
1	39	NOE	7.030000e-01	7.030000e-01	3.738298e-09	1.850372e-14	6.000000e-03
1	42	NOE	6.500000e-01	6.500000e-01	3.089859e-09	-1.708035e-14	1.300000e-02
1	44	NOE	7.780000e-01	7.780000e-01	6.219344e-09	-3.172066e-15	3.500000e-02
1	45	NOE	7.800000e-01	7.800000e-01	6.368805e-09	-3.828355e-15	2.900000e-02
1	46	NOE	7.000000e-01	7.000000e-01	3.690679e-09	-9.539555e-08	3.700000e-02
1	47	NOE	7.470000e-01	7.470000e-01	4.736775e-09	-2.055969e-15	5.400000e-02
1	48	NOE	1.900000e-01	1.900000e-01	1.528389e-09	-3.620292e-15	4.600000e-02
1	51	NOE	7.860000e-01	7.860000e-01	6.890444e-09	0.000000e+00	2.500000e-02
1	53	NOE	8.130000e-01	8.130000e-01	1.412663e-08	0.000000e+00	1.180000e-01
1	54	NOE	4.550000e-01	4.550000e-01	2.068848e-09	-2.055969e-15	2.700000e-02
1	55	NOE	7.490000e-01	7.490000e-01	4.802682e-09	-4.440892e-15	2.500000e-02
1	56	NOE	7.670000e-01	7.670000e-01	5.549871e-09	3.172066e-15	3.500000e-02
1	57	NOE	7.900000e-01	7.900000e-01	7.318024e-09	-1.480297e-14	1.500000e-02
1	58	NOE	7.230000e-01	7.230000e-01	4.109018e-09	1.387779e-14	8.000000e-03
1	59	NOE	7.820000e-01	7.820000e-01	6.529446e-09	0.000000e+00	2.700000e-02
1	60	NOE	7.280000e-01	7.280000e-01	4.219692e-09	8.540177e-15	1.300000e-02
1	62	NOE	7.520000e-01	7.520000e-01	4.906800e-09	0.000000e+00	2.000000e-03
1	63	NOE	7.200000e-01	7.200000e-01	4.046550e-09	0.000000e+00	4.000000e-02
1	64	NOE	7.510000e-01	7.510000e-01	4.871360e-09	-1.586033e-15	7.000000e-02
1	65	NOE	7.900000e-01	7.900000e-01	7.318024e-09	-6.167906e-15	3.600000e-02
1	66	NOE	7.580000e-01	7.580000e-01	5.136649e-09	-5.187013e-08	3.600000e-02
1	67	NOE	7.550000e-01	7.550000e-01	5.017853e-09	2.775558e-15	4.000000e-02
1	68	NOE	7.940000e-01	7.940000e-01	7.835600e-09	0.000000e+00	5.500000e-02
1	70	NOE	6.750000e-01	6.750000e-01	3.352097e-09	1.110223e-14	1.000000e-02
1	71	NOE	7.790000e-01	7.790000e-01	6.292759e-09	1.586033e-14	7.000000e-03
1	75	NOE	8.010000e-01	8.010000e-01	9.082408e-09	0.000000e+00	6.700000e-02
1	76	NOE	8.220000e-01	8.214914e-01	2.648491e-05	2.422082e-02	2.100000e-02
1	77	NOE	7.690000e-01	7.690000e-01	5.655795e-09	2.362177e-15	4.700000e-02
1	78	NOE	8.160000e-01	8.160000e-01	1.757203e-08	5.286776e-15	2.100000e-02
1	79	NOE	7.700000e-01	7.700000e-01	5.711048e-09	0.000000e+00	2.200000e-02
1	80	NOE	7.710000e-01	7.710000e-01	5.767929e-09	-9.251859e-15	1.200000e-02
1	81	NOE	7.870000e-01	7.870000e-01	6.990345e-09	0.000000e+00	8.000000e-03
1	82	NOE	8.090000e-01	8.090000e-01	1.164239e-08	1.370646e-15	8.100000e-02
1	83	NOE	7.680000e-01	7.680000e-01	5.602093e-09	2.220446e-15	5.000000e-02
1	84	NOE	7.640000e-01	7.640000e-01	5.401433e-09	1.387779e-15	8.000000e-02
1	85	NOE	7.390000e-01	7.390000e-01	4.497445e-09	0.000000e+00	1.900000e-02
1	86	NOE	5.810000e-01	5.810000e-01	2.589803e-09	0.000000e+00	5.100000e-02
1	87	NOE	7.750000e-01	7.750000e-01	6.013453e-09	-1.804947e-13	6.151000e-04
1	89	NOE	6.990000e-01	6.990000e-01	3.675192e-09	-7.401487e-15	1.500000e-02
1	90	NOE	6.100000e-01	6.100000e-01	2.770381e-09	-1.009294e-14	1.100000e-02
1	91	NOE	4.690000e-01	4.690000e-01	2.112846e-09	-1.233581e-14	1.800000e-02
1	92	NOE	5.540000e-01	5.540000e-01	2.448379e-09	-3.581365e-15	3.100000e-02
1	93	NOE	6.500000e-01	6.500000e-01	3.089859e-09	-3.867699e-13	5.741000e-04
1	94	NOE	6.480000e-01	6.480000e-01	3.071338e-09	0.000000e+00	1.700000e-02
1	95	NOE	7.410000e-01	7.410000e-01	4.553936e-09	2.921640e-15	3.800000e-02
1	96	NOE	7.410000e-01	7.410000e-01	4.553936e-09	1.609019e-15	6.900000e-02
1	97	NOE	7.390000e-01	7.390000e-01	4.497445e-09	0.000000e+00	1.400000e-02
1	99	NOE	8.000000e-01	8.000000e-01	8.867666e-09	-3.700743e-14	3.000000e-03
1	100	NOE	6.700000e-01	6.700000e-01	3.294554e-09	0.000000e+00	2.400000e-02
1	101	NOE	7.210000e-01	7.210000e-01	4.067064e-09	0.000000e+00	2.300000e-02
1	102	NOE	7.470000e-01	7.470000e-01	4.736775e-09	-5.046468e-15	2.200000e-02
1	103	NOE	7.690000e-01	7.690000e-01	5.655795e-09	4.440892e-15	2.500000e-02
1	104	NOE	7.660000e-01	7.660000e-01	5.499061e-09	-2.643388e-15	4.200000e-02
1	105	NOE	8.120000e-01	8.120000e-01	1.336035e-08	0.000000e+00	4.500000e-02
1	106	NOE	8.130000e-01	8.130000e-01	1.412663e-08	0.000000e+00	2.100000e-02
1	107	NOE	7.690000e-01	7.690000e-01	5.655795e-09	1.586033e-14	7.000000e-03
1	108	NOE	8.280000e-01	8.214914e-01	1.952195e-05	1.183389e-01	5.500000e-02
1	110	NOE	7.310000e-01	7.310000e-01	4.290426e-09	-3.700743e-15	3.000000e-02
1	111	NOE	7.200000e-01	7.200000e-01	4.046550e-09	0.000000e+00	1.500000e-02
1	112	NOE	7.470000e-01	7.470000e-01	4.736775e-09	-3.083953e-15	3.600000e-02
1	113	NOE	7.520000e-01	7.520000e-01	4.906800e-09	0.000000e+00	5.700000e-02
1	114	NOE	8.180000e-01	8.180000e-01	2.204218e-08	0.000000e+00	3.900000e-02
1	115	NOE	7.590000e-01	7.590000e-01	5.178128e-09	5.551115e-15	2.000000e-02
1	116	NOE	7.720000e-01	7.720000e-01	5.826519e-09	7.401487e-14	3.000000e-03
1	117	NOE	7.880000e-01	7.880000e-01	7.094678e-09	0.000000e+00	5.800000e-02
1	118	NOE	7.840000e-01	7.840000e-01	6.702740e-09	0.000000e+00	2.700000e-02
1	120	NOE	7.360000e-01	7.360000e-01	4.416434e-09	-5.046468e-15	2.200000e-02
1	121	NOE	6.300000e-01	6.300000e-01	2.917765e-09	-2.220446e-14	5.000000e-03
1	122	NOE	4.960000e-01	4.960000e-01	2.205366e-09	0.000000e+00	5.000000e-03
1	123	NOE	2.660000e-01	2.660000e-01	1.644349e-09	-2.481924e-07	5.900000e-02


2	5	R1	2.267574e+00	2.267574e+00	7.128363e-09	3.454677e-15	1.285473e-01
2	6	R1	2.262443e+00	2.262443e+00	7.151993e-09	0.000000e+00	1.945087e-01
2	7	R1	2.136752e+00	2.136752e+00	7.755284e-09	0.000000e+00	1.324056e-01
2	8	R1	2.016129e+00	2.016129e+00	8.385928e-09	6.426650e-15	6.910120e-02
2	9	R1	2.053388e+00	2.053388e+00	8.185017e-09	-5.851344e-15	7.589525e-02
2	10	R1	1.912046e+00	1.912046e+00	8.980227e-09	-2.335986e-15	9.505391e-02
2	11	R1	1.919386e+00	1.919386e+00	8.936592e-09	0.000000e+00	5.526063e-02
2	12	R1	1.901141e+00	1.901141e+00	9.045573e-09	2.457377e-15	9.035840e-02
2	14	R1	2.036660e+00	2.036660e+00	8.274504e-09	-1.427486e-14	6.221975e-02
2	15	R1	2.036660e+00	2.036660e+00	8.274504e-09	-7.647248e-15	1.161435e-01
2	17	R1	2.288330e+00	2.288330e+00	7.033484e-09	-2.423065e-15	1.832758e-01
2	18	R1	1.769912e+00	1.769912e+00	9.884896e-09	3.937899e-15	5.638656e-02
2	19	R1	1.984127e+00	1.984127e+00	8.563261e-09	-2.685852e-15	8.267196e-02
2	20	R1	1.834862e+00	1.834862e+00	9.456689e-09	0.000000e+00	6.733440e-02
2	21	R1	1.886792e+00	1.886792e+00	9.132509e-09	3.465129e-15	6.407974e-02
2	22	R1	1.858736e+00	1.858736e+00	9.305753e-09	-3.570527e-15	6.218820e-02
2	23	R1	1.926782e+00	1.926782e+00	8.892900e-09	-3.518245e-15	6.311233e-02
2	25	R1	1.976285e+00	1.976285e+00	8.607421e-09	-2.842571e-15	7.811402e-02
2	27	R1	2.512563e+00	2.512563e+00	6.069653e-09	4.851414e-15	1.830762e-01
2	28	R1	2.252252e+00	2.252252e+00	7.199146e-09	3.647749e-15	1.217434e-01
2	29	R1	2.457002e+00	2.457002e+00	6.299615e-09	0.000000e+00	2.294007e-01
2	31	R1	2.016129e+00	2.016129e+00	8.385928e-09	5.202526e-15	8.536030e-02
2	32	R1	1.851852e+00	1.851852e+00	9.348938e-09	2.398082e-15	9.259259e-02
2	34	R1	1.937984e+00	1.937984e+00	8.827252e-09	0.000000e+00	4.131362e-02
2	35	R1	1.915709e+00	1.915709e+00	8.958417e-09	3.184400e-15	6.972886e-02
2	37	R1	2.092050e+00	2.092050e+00	7.982469e-09	4.612149e-15	9.628683e-02
2	38	R1	2.040816e+00	2.040816e+00	8.252162e-09	0.000000e+00	1.041233e-01
2	39	R1	2.247191e+00	2.247191e+00	7.222671e-09	3.823512e-15	1.161470e-01
2	42	R1	2.518892e+00	2.518892e+00	6.043746e-09	2.692018e-15	1.649652e-01
2	44	R1	1.972387e+00	1.972387e+00	8.629476e-09	5.188759e-15	8.558679e-02
2	45	R1	1.805054e+00	1.805054e+00	9.649915e-09	0.000000e+00	5.864797e-02
2	46	R1	2.008032e+00	2.008032e+00	8.430368e-09	6.118661e-15	7.257947e-02
2	47	R1	2.049180e+00	2.049180e+00	8.207419e-09	0.000000e+00	7.978366e-02
2	48	R1	1.506024e+00	1.506024e+00	1.195541e-08	-2.224968e-15	9.979678e-02
2	51	R1	2.212389e+00	2.212389e+00	7.386427e-09	-4.124055e-15	1.076827e-01
2	53	R1	1.517451e+00	1.517451e+00	1.185234e-08	0.000000e+00	5.687562e-01
2	54	R1	2.242152e+00	2.242152e+00	7.246162e-09	0.000000e+00	1.759537e-01
2	55	R1	1.908397e+00	1.908397e+00	9.002023e-09	0.000000e+00	9.469145e-02
2	56	R1	2.040816e+00	2.040816e+00	8.252162e-09	0.000000e+00	7.080383e-02
2	57	R1	1.968504e+00	1.968504e+00	8.651515e-09	0.000000e+00	5.425011e-02
2	58	R1	1.901141e+00	1.901141e+00	9.045573e-09	5.584947e-15	3.975769e-02
2	59	R1	1.988072e+00	1.988072e+00	8.541155e-09	0.000000e+00	5.533400e-02
2	60	R1	1.988072e+00	1.988072e+00	8.541155e-09	0.000000e+00	6.323886e-02
2	62	R1	2.325581e+00	2.325581e+00	6.865967e-09	0.000000e+00	1.784749e-01
2	63	R1	1.968504e+00	1.968504e+00	8.651515e-09	0.000000e+00	1.162502e-01
2	64	R1	1.930502e+00	1.930502e+00	8.871032e-09	3.554595e-07	6.335624e-02
2	65	R1	2.004008e+00	2.004008e+00	8.452560e-09	-6.143259e-15	7.228887e-02
2	66	R1	1.897533e+00	1.897533e+00	9.067327e-09	0.000000e+00	8.281454e-02
2	67	R1	1.968504e+00	1.968504e+00	8.651515e-09	0.000000e+00	6.587513e-02
2	68	R1	1.976285e+00	1.976285e+00	8.607421e-09	9.475235e-15	7.030261e-02
2	70	R1	2.024291e+00	2.024291e+00	8.341415e-09	3.720034e-07	6.146634e-02
2	71	R1	2.283105e+00	2.283105e+00	7.057260e-09	0.000000e+00	1.355268e-01
2	75	R1	2.638522e+00	2.638522e+00	5.562453e-09	0.000000e+00	2.088540e-01
2	76	R1	2.544529e+00	2.544529e+00	5.939337e-09	-2.286304e-15	1.942389e-01
2	77	R1	2.525253e+00	2.525253e+00	6.017763e-09	4.492922e-15	1.976839e-01
2	78	R1	2.293578e+00	2.293578e+00	7.009672e-09	7.674507e-15	1.157310e-01
2	79	R1	2.173913e+00	2.173913e+00	7.571742e-09	8.949455e-15	9.924386e-02
2	80	R1	2.083333e+00	2.083333e+00	8.027630e-09	-8.185452e-15	1.085069e-01
2	81	R1	2.403846e+00	2.403846e+00	6.524492e-09	2.561743e-15	1.733543e-01
2	82	R1	1.984127e+00	1.984127e+00	8.563261e-09	0.000000e+00	2.165218e-01
2	83	R1	2.212389e+00	2.212389e+00	7.386427e-09	0.000000e+00	1.370507e-01
2	84	R1	1.876173e+00	1.876173e+00	9.197572e-09	0.000000e+00	2.428816e-01
2	85	R1	2.267574e+00	2.267574e+00	7.128363e-09	4.545627e-15	9.769592e-02
2	86	R1	2.331002e+00	2.331002e+00	6.841872e-09	0.000000e+00	1.521400e-01
2	87	R1	2.475248e+00	2.475248e+00	6.223571e-09	2.131837e-15	2.083129e-01
2	89	R1	2.000000e+00	2.000000e+00	8.474735e-09	3.700743e-15	1.200000e-01
2	90	R1	1.941748e+00	1.941748e+00	8.805339e-09	0.000000e+00	8.671882e-02
2	91	R1	2.040816e+00	2.040816e+00	8.252162e-09	0.000000e+00	1.124531e-01
2	92	R1	2.415459e+00	2.415459e+00	6.474916e-09	-2.238680e-15	1.983710e-01
2	93	R1	2.475248e+00	2.475248e+00	6.223571e-09	3.151411e-15	1.409176e-01
2	94	R1	2.145923e+00	2.145923e+00	7.709555e-09	-3.857465e-15	1.151246e-01
2	95	R1	2.040816e+00	2.040816e+00	8.252162e-09	0.000000e+00	9.162849e-02
2	96	R1	2.267574e+00	2.267574e+00	7.128363e-09	4.112710e-15	1.079797e-01
2	97	R1	2.079002e+00	2.079002e+00	8.050177e-09	-3.805368e-15	1.167007e-01
2	99	R1	1.926782e+00	1.926782e+00	8.892900e-09	-3.738135e-15	5.939984e-02
2	100	R1	1.831502e+00	1.831502e+00	9.478204e-09	0.000000e+00	5.031598e-02
2	101	R1	1.941748e+00	1.941748e+00	8.805339e-09	0.000000e+00	6.032614e-02
2	102	R1	1.788909e+00	1.788909e+00	9.756880e-09	0.000000e+00	3.840233e-02
2	103	R1	1.763668e+00	1.763668e+00	9.927488e-09	-4.199112e-15	5.287895e-02
2	104	R1	2.242152e+00	2.242152e+00	7.246162e-09	0.000000e+00	1.508174e-01
2	105	R1	1.945525e+00	1.945525e+00	8.783411e-09	0.000000e+00	6.813124e-02
2	106	R1	1.937984e+00	1.937984e+00	8.827252e-09	2.815272e-15	7.887146e-02
2	107	R1	1.897533e+00	1.897533e+00	9.067327e-09	9.250234e-15	7.201265e-02
2	108	R1	2.053388e+00	2.053388e+00	8.185017e-09	-5.266210e-15	8.432805e-02
2	110	R1	2.262443e+00	2.262443e+00	7.151993e-09	3.336886e-15	1.330849e-01
2	111	R1	2.518892e+00	2.518892e+00	6.043746e-09	1.891688e-15	2.347582e-01
2	112	R1	2.702703e+00	2.702703e+00	5.308325e-09	0.000000e+00	2.994887e-01
2	113	R1	2.500000e+00	2.500000e+00	6.121243e-09	0.000000e+00	3.125000e-01
2	114	R1	2.118644e+00	2.118644e+00	7.846443e-09	0.000000e+00	1.301709e-01
2	115	R1	1.964637e+00	1.964637e+00	8.673537e-09	6.767946e-15	6.561654e-02
2	116	R1	2.036660e+00	2.036660e+00	8.274504e-09	-7.647248e-15	1.161435e-01
2	117	R1	1.926782e+00	1.926782e+00	8.892900e-09	-3.518245e-15	1.262247e-01
2	118	R1	2.141328e+00	2.141328e+00	7.732432e-09	5.380610e-15	8.253511e-02
2	120	R1	2.096436e+00	2.096436e+00	7.959855e-09	-5.318062e-15	8.350584e-02
2	121	R1	1.552795e+00	1.552795e+00	1.154233e-08	-9.592697e-16	2.314726e-01
2	122	R1	2.551020e+00	2.551020e+00	5.913030e-09	2.527427e-15	1.757080e-01
2	123	R1	1.745201e+00	1.745201e+00	1.005503e-08	-1.918518e-15	1.157376e-01


