5	8.620690e+00	9.661118e-02	4.990000e-01	4.000000e-03	2.247191e+00	5.554854e-02	1.141247e-01	
6	1.206273e+01	2.619169e-01	7.640000e-01	8.000000e-03	2.169197e+00	4.705417e-02	5.189349e-02	
7	1.282051e+01	3.780408e-01	8.810000e-01	1.300000e-02	1.984127e+00	1.417234e-01	2.393416e-02	
8	1.194743e+01	2.997563e-01	8.060000e-01	2.700000e-02	1.883239e+00	1.134909e-01	3.703472e-02	
9	1.216545e+01	4.143949e-01	8.520000e-01	6.000000e-03	1.795332e+00	1.482680e-01	2.693447e-02	
10	1.479290e+01	9.190855e-01	7.910000e-01	4.200000e-02	1.739130e+00	8.468809e-02	3.684515e-02	
11	1.381215e+01	3.433961e-01	7.770000e-01	3.800000e-02	1.721170e+00	1.036850e-01	3.890725e-02	
12	1.636661e+01	8.303846e-01	7.960000e-01	1.100000e-02	1.610306e+00	5.964096e-02	3.329971e-02	
14	1.282051e+01	2.301118e-01	7.500000e-01	5.000000e-03	1.838235e+00	9.461505e-02	4.658466e-02	
15	1.253133e+01	2.669581e-01	7.890000e-01	1.500000e-02	1.876173e+00	8.448057e-02	4.012888e-02	
17	1.264223e+01	3.835820e-01	8.050000e-01	2.800000e-02	2.036660e+00	9.955160e-02	4.025826e-02	
18	1.388889e+01	1.929012e-01	7.510000e-01	1.500000e-02	1.745201e+00	1.066004e-01	4.405007e-02	
19	1.300390e+01	5.411246e-01	7.780000e-01	4.100000e-02	1.572327e+00	5.686088e-02	3.538325e-02	
20	1.461988e+01	7.053452e-01	7.800000e-01	3.800000e-02	1.600000e+00	1.792000e-01	3.568161e-02	
21	1.371742e+01	3.763353e-01	7.300000e-01	3.200000e-02	1.552795e+00	1.350257e-01	4.249910e-02	
22	1.240695e+01	3.694377e-01	8.310000e-01	1.000000e-02	1.672241e+00	1.090592e-01	2.864754e-02	
23	1.412429e+01	4.189409e-01	8.380000e-01	2.500000e-02	1.848429e+00	5.125034e-02	3.035426e-02	
25	1.245330e+01	3.411863e-01	7.440000e-01	6.000000e-03	1.785714e+00	1.147959e-01	4.633976e-02	
27	1.305483e+01	2.215572e-01	8.040000e-01	3.400000e-02	2.352941e+00	9.965398e-02	4.674864e-02	
28	1.230012e+01	1.664223e-01	7.950000e-01	1.800000e-02	2.028398e+00	1.563471e-01	4.215109e-02	
29	1.259446e+01	1.433928e-01	6.160000e-01	2.500000e-02	2.341920e+00	7.678427e-02	9.116018e-02	
31	1.288660e+01	1.660644e-01	8.000000e-01	3.000000e-03	1.834862e+00	5.386752e-02	3.719935e-02	
32	1.168224e+01	1.637698e-01	7.820000e-01	1.900000e-02	1.669449e+00	6.967651e-02	3.689194e-02	
34	1.256281e+01	2.525189e-01	7.820000e-01	2.200000e-02	1.782531e+00	1.143870e-01	3.939086e-02	
35	1.179245e+01	3.893734e-01	7.230000e-01	8.000000e-03	1.697793e+00	4.035501e-02	4.767232e-02	
37	1.250000e+01	2.812500e-01	8.400000e-01	4.500000e-02	1.937984e+00	1.164293e-01	3.143201e-02	
38	1.223990e+01	2.097413e-01	7.200000e-01	2.400000e-02	1.923077e+00	8.136095e-02	5.458289e-02	
39	1.424501e+01	3.449647e-01	7.680000e-01	2.100000e-02	2.087683e+00	7.845154e-02	4.909693e-02	
42	1.290323e+01	2.330905e-01	5.700000e-01	3.700000e-02	2.544529e+00	1.294926e-01	1.109118e-01	
44	1.479290e+01	2.625958e-01	7.580000e-01	2.300000e-02	1.724138e+00	1.040428e-01	4.229502e-02	
45	1.319261e+01	2.958765e-01	8.080000e-01	8.000000e-03	1.560062e+00	7.788143e-02	3.036303e-02	
46	1.165501e+01	1.323890e-01	8.030000e-01	3.100000e-02	1.754386e+00	7.386888e-02	3.503428e-02	
47	1.312336e+01	5.166677e-01	8.090000e-01	2.500000e-02	1.808318e+00	1.144505e-01	3.501145e-02	
48	8.857396e+00	3.138139e-01	2.770000e-01	7.000000e-03	1.468429e+00	4.096938e-02	1.076200e-01	
51	1.280410e+01	1.803394e-01	7.030000e-01	2.400000e-02	2.145923e+00	1.151246e-01	6.460593e-02	
53	1.579779e+01	1.148023e+00	8.260000e-01	5.600000e-02	2.487562e+00	2.042029e-01	4.387580e-02	
54	1.291990e+01	2.003085e-01	6.480000e-01	4.100000e-02	2.202643e+00	8.732946e-02	7.859387e-02	
55	1.184834e+01	2.246131e-01	8.320000e-01	1.800000e-02	1.706485e+00	4.659344e-02	2.906120e-02	
56	1.218027e+01	2.077025e-01	8.510000e-01	1.600000e-02	1.715266e+00	1.353383e-01	2.590714e-02	
57	1.283697e+01	1.977454e-01	8.490000e-01	2.400000e-02	1.727116e+00	1.014196e-01	2.643627e-02	
58	1.170960e+01	2.330951e-01	8.100000e-01	1.800000e-02	1.626016e+00	8.724965e-02	3.131701e-02	
59	1.282051e+01	2.301118e-01	8.000000e-01	1.300000e-02	1.754386e+00	9.233610e-02	3.556780e-02	
60	1.132503e+01	3.334663e-01	7.430000e-01	1.300000e-02	1.814882e+00	4.940695e-02	4.728064e-02	
62	1.264223e+01	2.077736e-01	7.290000e-01	1.000000e-02	1.919386e+00	8.473296e-02	5.272704e-02	
63	1.254705e+01	1.542957e-01	6.910000e-01	1.400000e-02	1.658375e+00	6.875517e-02	5.194491e-02	
64	1.207729e+01	3.208943e-01	7.480000e-01	1.800000e-02	1.782531e+00	9.532252e-02	4.553439e-02	
65	1.223990e+01	2.247228e-01	8.490000e-01	1.900000e-02	1.675042e+00	8.136719e-02	2.563920e-02	
66	1.172333e+01	2.061547e-01	7.760000e-01	2.000000e-02	1.788909e+00	1.600097e-01	4.061983e-02	
67	1.197605e+01	2.581663e-01	7.940000e-01	9.000000e-03	1.727116e+00	1.431806e-01	3.606538e-02	
68	1.230012e+01	2.874567e-01	8.270000e-01	1.600000e-02	1.766784e+00	5.930902e-02	3.098357e-02	
70	1.297017e+01	2.859830e-01	7.720000e-01	1.300000e-02	2.109705e+00	9.791878e-02	4.875940e-02	
71	1.360544e+01	4.257485e-01	8.250000e-01	6.500000e-02	2.398082e+00	8.626193e-02	4.254062e-02	
75	1.288660e+01	2.823095e-01	7.890000e-01	3.100000e-02	2.277904e+00	7.783272e-02	4.872140e-02	
76	1.242236e+01	3.086301e-01	7.950000e-01	4.100000e-02	2.262443e+00	6.142380e-02	4.701467e-02	
77	1.261034e+01	1.908248e-01	8.560000e-01	8.000000e-03	2.040816e+00	1.374427e-01	2.978985e-02	
78	1.342282e+01	3.062925e-01	7.350000e-01	2.300000e-02	1.988072e+00	8.695343e-02	5.340473e-02	
79	1.319261e+01	3.828990e-01	8.020000e-01	1.600000e-02	1.890359e+00	7.146916e-02	3.794123e-02	
80	1.237624e+01	1.838055e-01	8.000000e-01	2.300000e-02	2.136752e+00	5.478852e-02	4.331975e-02	
81	1.422475e+01	3.035153e-01	7.920000e-01	6.000000e-03	2.857143e+00	1.387755e-01	6.024169e-02	
82	2.732240e+01	2.015587e+00	8.540000e-01	2.600000e-02	2.136752e+00	9.131419e-02	3.162342e-02	
83	1.362398e+01	1.618246e-01	5.860000e-01	1.700000e-01	2.680965e+00	2.156272e-01	1.125106e-01	
84	1.426534e+01	1.343099e+00	7.880000e-01	1.160000e-01	2.105263e+00	7.091413e-02	4.524224e-02	
85	1.329787e+01	2.475668e-01	7.780000e-01	1.700000e-02	2.237136e+00	4.504302e-02	5.034395e-02	
86	1.335113e+01	1.960781e-01	7.660000e-01	2.000000e-03	2.267574e+00	1.079797e-01	5.378722e-02	
87	1.219512e+01	2.379536e-01	8.140000e-01	1.800000e-02	1.697793e+00	2.219525e-01	3.201102e-02	
89	1.194743e+01	2.283858e-01	6.950000e-01	1.300000e-02	2.000000e+00	1.880000e-01	6.183462e-02	
90	1.201923e+01	2.022467e-01	6.940000e-01	6.600000e-02	1.908397e+00	6.555562e-02	5.919595e-02	
91	1.059322e+01	2.132110e-01	5.230000e-01	4.500000e-02	2.293578e+00	1.315125e-01	1.109006e-01	
92	1.165501e+01	1.119316e-01	7.690000e-01	6.000000e-03	2.272727e+00	1.188017e-01	5.321832e-02	
93	1.275510e+01	2.115004e-01	7.810000e-01	6.400000e-02	2.016129e+00	7.316597e-02	4.475734e-02	
94	1.164144e+01	2.032848e-01	7.490000e-01	1.100000e-02	1.893939e+00	1.398933e-01	4.818830e-02	
95	1.239157e+01	2.149715e-01	7.570000e-01	1.300000e-02	2.123142e+00	9.466239e-02	5.229826e-02	
96	1.287001e+01	2.815833e-01	8.120000e-01	2.500000e-02	1.919386e+00	5.157659e-02	3.657817e-02	
97	1.169591e+01	2.188708e-01	7.890000e-01	1.500000e-02	1.745201e+00	5.482306e-02	3.732757e-02	
99	1.215067e+01	1.919304e-01	8.080000e-01	1.800000e-02	1.730104e+00	6.585170e-02	3.367249e-02	
100	1.166861e+01	1.633878e-01	7.250000e-01	7.000000e-03	1.742160e+00	8.498343e-02	4.856492e-02	
101	1.162791e+01	2.704164e-01	7.830000e-01	1.300000e-02	1.605136e+00	5.668219e-02	3.530803e-02	
102	1.312336e+01	5.338900e-01	8.050000e-01	9.000000e-03	1.592357e+00	5.578320e-02	3.147580e-02	
103	1.239157e+01	2.610369e-01	7.390000e-01	1.100000e-02	2.164502e+00	1.452372e-01	5.726646e-02	
104	1.390821e+01	8.317842e-01	7.750000e-01	5.100000e-02	1.897533e+00	5.040885e-02	4.327865e-02	
105	1.404494e+01	2.367125e-01	7.650000e-01	1.300000e-02	1.724138e+00	8.620690e-02	4.107161e-02	
106	1.173709e+01	2.755185e-01	8.040000e-01	1.400000e-02	1.748252e+00	8.863514e-02	3.473457e-02	
107	1.410437e+01	4.376533e-01	8.570000e-01	2.700000e-02	1.841621e+00	1.627952e-01	2.669550e-02	
108	1.226994e+01	2.559374e-01	8.300000e-01	3.600000e-02	1.964637e+00	5.789695e-02	3.385579e-02	
110	1.189061e+01	2.120798e-01	8.260000e-01	2.400000e-02	2.325581e+00	8.112493e-02	4.101877e-02	
111	1.222494e+01	3.138432e-01	7.430000e-01	5.000000e-03	2.392344e+00	6.867975e-02	6.232448e-02	
112	1.366120e+01	5.038968e-01	7.630000e-01	3.700000e-02	2.331002e+00	8.150358e-02	5.600063e-02	
113	1.272265e+01	2.751717e-01	7.690000e-01	1.000000e-02	1.841621e+00	1.017470e-01	4.312350e-02	
114	1.175088e+01	2.899747e-01	8.040000e-01	2.400000e-02	1.686341e+00	1.251248e-01	3.350451e-02	
115	1.288660e+01	4.649803e-01	7.800000e-01	2.300000e-02	1.776199e+00	1.009562e-01	3.961103e-02	
116	1.278772e+01	4.742251e-01	7.080000e-01	1.500000e-02	1.956947e+00	5.744463e-02	5.792470e-02	
117	1.579779e+01	6.488823e-01	7.790000e-01	1.200000e-02	1.824818e+00	1.265384e-01	4.088025e-02	
118	1.222494e+01	5.679067e-01	7.880000e-01	1.100000e-02	1.883239e+00	1.099443e-01	4.047093e-02	
120	1.300390e+01	4.565739e-01	7.680000e-01	3.000000e-02	2.551020e+00	3.579238e-01	5.999344e-02	
121	1.236094e+01	4.736578e-01	6.750000e-01	4.600000e-02	2.500000e+00	6.875000e-02	8.236168e-02	
122	1.006036e+01	1.923007e-01	5.410000e-01	1.400000e-02	2.638522e+00	1.601214e-01	1.227652e-01	
123	8.354219e+00	1.814617e-01	3.360000e-01	2.600000e-02	1.666667e+00	7.500000e-02	1.121808e-01	
