5	5.530973e+00	1.254258e-01	3.760000e-01	5.000000e-03	2.267574e+00	1.285473e-01	1.434326e-01	
6	1.169591e+01	5.334975e-01	7.250000e-01	5.000000e-02	2.262443e+00	1.945087e-01	6.306847e-02	
7	1.119821e+01	7.147793e-01	8.200000e-01	1.210000e-01	2.136752e+00	1.324056e-01	3.898778e-02	
8	1.109878e+01	6.405511e-01	7.180000e-01	2.100000e-02	2.016129e+00	6.910120e-02	5.763274e-02	
9	1.109878e+01	7.267791e-01	7.920000e-01	3.700000e-02	2.053388e+00	7.589525e-02	4.329485e-02	
10	1.230012e+01	1.180086e+00	7.480000e-01	4.000000e-02	1.912046e+00	9.505391e-02	4.884282e-02	
11	1.160093e+01	7.805729e-01	5.330000e-01	4.300000e-02	1.919386e+00	5.526063e-02	9.086173e-02	
12	1.240695e+01	1.108313e+00	8.110000e-01	7.500000e-02	1.901141e+00	9.035840e-02	3.642318e-02	
14	1.430615e+01	6.139979e-01	7.970000e-01	4.000000e-03	2.036660e+00	6.221975e-02	4.190988e-02	
15	1.140251e+01	7.671015e-01	8.160000e-01	1.300000e-02	2.036660e+00	1.161435e-01	3.798728e-02	
17	1.280410e+01	6.885686e-01	8.250000e-01	4.100000e-02	2.288330e+00	1.832758e-01	4.059368e-02	
18	1.160093e+01	3.768283e-01	7.750000e-01	1.800000e-02	1.769912e+00	5.638656e-02	4.036788e-02	
19	1.180638e+01	1.254515e+00	7.300000e-01	3.527000e-04	1.984127e+00	8.267196e-02	5.430441e-02	
20	1.069519e+01	8.350253e-01	7.490000e-01	4.000000e-03	1.834862e+00	6.733440e-02	4.668518e-02	
21	1.129944e+01	1.034186e+00	7.190000e-01	1.800000e-02	1.886792e+00	6.407974e-02	5.374428e-02	
22	1.140251e+01	5.720757e-01	7.530000e-01	3.200000e-02	1.858736e+00	6.218820e-02	4.653894e-02	
23	1.169591e+01	1.080674e+00	8.210000e-01	1.210000e-01	1.926782e+00	6.311233e-02	3.496130e-02	
25	1.079914e+01	6.880659e-01	6.900000e-01	6.985000e-04	1.976285e+00	7.811402e-02	6.210306e-02	
27	1.349528e+01	4.735185e-01	8.060000e-01	3.900000e-02	2.512563e+00	1.830762e-01	4.941064e-02	
28	1.259446e+01	3.013787e-01	7.590000e-01	2.300000e-02	2.252252e+00	1.217434e-01	5.502194e-02	
29	1.169591e+01	2.872679e-01	5.580000e-01	2.100000e-02	2.457002e+00	2.294007e-01	1.100854e-01	
31	1.270648e+01	3.552002e-01	7.310000e-01	6.200000e-02	2.016129e+00	8.536030e-02	5.497591e-02	
32	1.010101e+01	2.958882e-01	7.100000e-01	1.100000e-02	1.851852e+00	9.259259e-02	5.443849e-02	
34	1.000000e+01	4.000000e-01	7.620000e-01	3.300000e-02	1.937984e+00	4.131362e-02	4.675511e-02	
35	1.000000e+01	6.100000e-01	7.210000e-01	1.100000e-02	1.915709e+00	6.972886e-02	5.417957e-02	
37	1.360544e+01	4.812809e-01	7.390000e-01	9.000000e-03	2.092050e+00	9.628683e-02	5.534960e-02	
38	1.230012e+01	5.446549e-01	7.250000e-01	7.000000e-03	2.040816e+00	1.041233e-01	5.689033e-02	
39	1.280410e+01	5.246237e-01	7.030000e-01	6.000000e-03	2.247191e+00	1.161470e-01	6.765475e-02	
42	1.230012e+01	4.236205e-01	6.500000e-01	1.300000e-02	2.518892e+00	1.649652e-01	8.936745e-02	
44	1.360544e+01	4.997918e-01	7.780000e-01	3.500000e-02	1.972387e+00	8.558679e-02	4.438609e-02	
45	1.190476e+01	4.535147e-01	7.800000e-01	2.900000e-02	1.805054e+00	5.864797e-02	4.025453e-02	
46	1.109878e+01	5.296865e-01	7.000000e-01	3.700000e-02	2.008032e+00	7.257947e-02	6.106520e-02	
47	1.180638e+01	7.108916e-01	7.470000e-01	5.400000e-02	2.049180e+00	7.978366e-02	5.255361e-02	
48	8.620690e+00	4.384661e-01	1.900000e-01	4.600000e-02	1.506024e+00	9.979678e-02	1.236570e-01	
51	1.319261e+01	4.003035e-01	7.860000e-01	2.500000e-02	2.212389e+00	1.076827e-01	4.799292e-02	
53	1.519757e+01	1.339603e+00	8.130000e-01	1.180000e-01	1.517451e+00	5.687562e-01	2.876458e-02	
54	1.300390e+01	5.073043e-01	4.550000e-01	2.700000e-02	2.242152e+00	1.759537e-01	1.238692e-01	
55	1.129944e+01	3.957994e-01	7.490000e-01	2.500000e-02	1.908397e+00	9.469145e-02	4.855615e-02	
56	1.210654e+01	3.517638e-01	7.670000e-01	3.500000e-02	2.040816e+00	7.080383e-02	4.820163e-02	
57	1.020408e+01	4.164931e-01	7.900000e-01	1.500000e-02	1.968504e+00	5.425011e-02	4.190419e-02	
58	1.100110e+01	4.477896e-01	7.230000e-01	8.000000e-03	1.901141e+00	3.975769e-02	5.338213e-02	
59	1.129944e+01	4.596380e-01	7.820000e-01	2.700000e-02	1.988072e+00	5.533400e-02	4.393295e-02	
60	1.119821e+01	4.890595e-01	7.280000e-01	1.300000e-02	1.988072e+00	6.323886e-02	5.481542e-02	
62	1.219512e+01	4.015467e-01	7.520000e-01	2.000000e-03	2.325581e+00	1.784749e-01	5.846353e-02	
63	1.250000e+01	3.906250e-01	7.200000e-01	4.000000e-02	1.968504e+00	1.162502e-01	5.587225e-02	
64	1.210654e+01	4.543616e-01	7.510000e-01	7.000000e-02	1.930502e+00	6.335624e-02	4.872720e-02	
65	1.140251e+01	4.420585e-01	7.900000e-01	3.600000e-02	2.004008e+00	7.228887e-02	4.265997e-02	
66	1.060445e+01	4.610632e-01	7.580000e-01	3.600000e-02	1.897533e+00	8.281454e-02	4.654860e-02	
67	1.090513e+01	4.400105e-01	7.550000e-01	4.000000e-02	1.968504e+00	6.587513e-02	4.888822e-02	
68	1.109878e+01	4.680950e-01	7.940000e-01	5.500000e-02	1.976285e+00	7.030261e-02	4.126849e-02	
70	1.180638e+01	4.181715e-01	6.750000e-01	1.000000e-02	2.024291e+00	6.146634e-02	6.668962e-02	
71	1.310616e+01	5.668457e-01	7.790000e-01	7.000000e-03	2.283105e+00	1.355268e-01	5.114698e-02	
75	1.340483e+01	6.828195e-01	8.010000e-01	6.700000e-02	2.638522e+00	2.088540e-01	5.322500e-02	
76	1.210654e+01	6.155867e-01	8.220000e-01	2.100000e-02	2.544529e+00	1.942389e-01	4.591233e-02	
77	1.149425e+01	3.567182e-01	7.690000e-01	4.700000e-02	2.525253e+00	1.976839e-01	5.913146e-02	
78	1.290323e+01	4.328824e-01	8.160000e-01	2.100000e-02	2.293578e+00	1.157310e-01	4.277925e-02	
79	1.310616e+01	5.153143e-01	7.700000e-01	2.200000e-02	2.173913e+00	9.924386e-02	5.068411e-02	
80	1.219512e+01	4.312909e-01	7.710000e-01	1.200000e-02	2.083333e+00	1.085069e-01	4.836109e-02	
81	1.210654e+01	4.983321e-01	7.870000e-01	8.000000e-03	2.403846e+00	1.733543e-01	5.190248e-02	
82	2.680965e+01	3.378160e+00	8.090000e-01	8.100000e-02	1.984127e+00	2.165218e-01	3.841534e-02	
83	1.340483e+01	3.773476e-01	7.680000e-01	5.000000e-02	2.212389e+00	1.370507e-01	5.202971e-02	
84	1.410437e+01	1.312960e+00	7.640000e-01	8.000000e-02	1.876173e+00	2.428816e-01	4.488349e-02	
85	1.230012e+01	5.749135e-01	7.390000e-01	1.900000e-02	2.267574e+00	9.769592e-02	5.999344e-02	
86	1.190476e+01	3.401361e-01	5.810000e-01	5.100000e-02	2.331002e+00	1.521400e-01	9.900533e-02	
87	1.290323e+01	4.162331e-01	7.750000e-01	6.151000e-04	2.475248e+00	2.083129e-01	5.645508e-02	
89	1.200480e+01	3.891112e-01	6.990000e-01	1.500000e-02	2.000000e+00	1.200000e-01	6.102367e-02	
90	1.079914e+01	4.081747e-01	6.100000e-01	1.100000e-02	1.941748e+00	8.671882e-02	7.676429e-02	
91	1.039501e+01	2.809462e-01	4.690000e-01	1.800000e-02	2.040816e+00	1.124531e-01	1.098501e-01	
92	1.020408e+01	2.082466e-01	5.540000e-01	3.100000e-02	2.415459e+00	1.983710e-01	1.092034e-01	
93	1.360544e+01	3.702161e-01	6.500000e-01	5.741000e-04	2.475248e+00	1.409176e-01	8.781901e-02	
94	1.060445e+01	2.586452e-01	6.480000e-01	1.700000e-02	2.145923e+00	1.151246e-01	7.656999e-02	
95	1.149425e+01	3.831418e-01	7.410000e-01	3.800000e-02	2.040816e+00	9.162849e-02	5.358035e-02	
96	1.180638e+01	5.157449e-01	7.410000e-01	6.900000e-02	2.267574e+00	1.079797e-01	5.953372e-02	
97	1.029866e+01	2.863685e-01	7.390000e-01	1.400000e-02	2.079002e+00	1.167007e-01	5.500438e-02	
99	1.020408e+01	3.852561e-01	8.000000e-01	3.000000e-03	1.926782e+00	5.939984e-02	3.906290e-02	
100	1.100110e+01	2.783557e-01	6.700000e-01	2.400000e-02	1.831502e+00	5.031598e-02	6.126651e-02	
101	1.100110e+01	5.325065e-01	7.210000e-01	2.300000e-02	1.941748e+00	6.032614e-02	5.491599e-02	
102	1.020408e+01	5.414411e-01	7.470000e-01	2.200000e-02	1.788909e+00	3.840233e-02	4.587864e-02	
103	1.129944e+01	3.574962e-01	7.690000e-01	2.500000e-02	1.763668e+00	5.287895e-02	4.129817e-02	
104	9.737098e+00	9.386297e-01	7.660000e-01	4.200000e-02	2.242152e+00	1.508174e-01	5.318423e-02	
105	1.270648e+01	4.359275e-01	8.120000e-01	4.500000e-02	1.945525e+00	6.813124e-02	3.707632e-02	
106	1.079914e+01	5.247960e-01	8.130000e-01	2.100000e-02	1.937984e+00	7.887146e-02	3.673616e-02	
107	1.140251e+01	8.581135e-01	7.690000e-01	7.000000e-03	1.897533e+00	7.201265e-02	4.443275e-02	
108	1.180638e+01	5.157449e-01	8.280000e-01	5.500000e-02	2.053388e+00	8.432805e-02	3.580151e-02	
110	1.140251e+01	4.810636e-01	7.310000e-01	3.000000e-02	2.262443e+00	1.330849e-01	6.169243e-02	
111	1.240695e+01	6.465159e-01	7.200000e-01	1.500000e-02	2.518892e+00	2.347582e-01	7.149396e-02	
112	1.340483e+01	7.187574e-01	7.470000e-01	3.600000e-02	2.702703e+00	2.994887e-01	6.931395e-02	
113	1.280410e+01	6.393851e-01	7.520000e-01	5.700000e-02	2.500000e+00	3.125000e-01	6.284830e-02	
114	1.060445e+01	6.297449e-01	8.180000e-01	3.900000e-02	2.118644e+00	1.301709e-01	3.908690e-02	
115	1.119821e+01	8.903391e-01	7.590000e-01	2.000000e-02	1.964637e+00	6.561654e-02	4.799556e-02	
116	1.060445e+01	9.558628e-01	7.720000e-01	3.000000e-03	2.036660e+00	1.161435e-01	4.707119e-02	
117	1.029866e+01	1.262143e+00	7.880000e-01	5.800000e-02	1.926782e+00	1.262247e-01	4.140667e-02	
118	1.129944e+01	8.299020e-01	7.840000e-01	2.700000e-02	2.141328e+00	8.253511e-02	4.688552e-02	
120	1.250000e+01	8.281250e-01	7.360000e-01	2.200000e-02	2.096436e+00	8.350584e-02	5.610317e-02	
121	1.090513e+01	7.016384e-01	6.300000e-01	5.000000e-03	1.552795e+00	2.314726e-01	5.823951e-02	
122	9.041591e+00	4.251019e-01	4.960000e-01	5.000000e-03	2.551020e+00	1.757080e-01	1.303306e-01	
123	8.319468e+00	3.253036e-01	2.660000e-01	5.900000e-02	1.745201e+00	1.157376e-01	1.298504e-01	
