0	7	R2	2.275900e+00	2.275900e+00	8.729115e-10	0.000000e+00	6.827700e-02
0	10	R2	2.342500e+00	2.342500e+00	9.087821e-10	-6.319306e-15	7.027500e-02
0	16	R2	2.911600e+00	2.911600e+00	1.222582e-09	0.000000e+00	8.734800e-02
0	18	R2	2.903300e+00	2.903300e+00	1.217880e-09	0.000000e+00	8.709900e-02
0	19	R2	1.215520e+01	1.215520e+01	8.275059e-09	-4.871322e-15	3.646560e-01
0	22	R2	4.843200e+00	4.843200e+00	2.475700e-09	-6.112890e-15	1.452960e-01
0	23	R2	6.337500e+00	6.337500e+00	3.638561e-09	-4.671550e-15	1.901250e-01
0	42	R2	1.349130e+01	1.349130e+01	9.304376e-09	-4.388895e-15	4.047390e-01
0	43	R2	1.411260e+01	1.411260e+01	9.779785e-09	0.000000e+00	4.233780e-01
0	44	R2	1.213810e+01	1.213810e+01	8.261816e-09	-4.878185e-15	3.641430e-01
0	45	R2	1.105000e+01	1.105000e+01	7.414956e-09	0.000000e+00	3.315000e-01
0	46	R2	1.060750e+01	1.060750e+01	7.067982e-09	5.582078e-15	3.182250e-01
0	47	R2	1.171170e+01	1.171170e+01	7.930959e-09	1.011158e-14	3.513510e-01
0	48	R2	1.087470e+01	1.087470e+01	7.277690e-09	0.000000e+00	3.262410e-01
0	49	R2	1.255580e+01	1.255580e+01	8.584772e-09	0.000000e+00	3.766740e-01
0	50	R2	1.114920e+01	1.114920e+01	7.492524e-09	0.000000e+00	3.344760e-01
0	51	R2	1.284020e+01	1.284020e+01	8.804056e-09	0.000000e+00	3.852060e-01
0	52	R2	1.313030e+01	1.313030e+01	9.027259e-09	-4.443056e-07	3.939090e-01
0	53	R2	1.121390e+01	1.121390e+01	7.543075e-09	5.280223e-15	3.364170e-01
0	54	R2	1.166510e+01	1.166510e+01	7.894725e-09	-5.075987e-15	3.499530e-01
0	55	R2	1.361990e+01	1.361990e+01	9.402932e-09	0.000000e+00	4.085970e-01
0	57	R2	1.256370e+01	1.256370e+01	8.590870e-09	0.000000e+00	3.769110e-01
0	59	R2	1.370120e+01	1.370120e+01	9.465197e-09	-4.481623e-07	4.110360e-01
0	60	R2	1.285710e+01	1.285710e+01	8.817072e-09	4.605385e-15	3.857130e-01
0	62	R2	1.345760e+01	1.345760e+01	9.278535e-09	0.000000e+00	4.037280e-01
0	63	R2	1.329820e+01	1.329820e+01	9.156230e-09	4.452625e-15	3.989460e-01
0	64	R2	1.589500e+01	1.589500e+01	1.113456e-08	0.000000e+00	4.768500e-01
0	67	R2	2.163890e+01	2.163890e+01	1.544073e-08	0.000000e+00	6.491670e-01
0	68	R2	1.683440e+01	1.683440e+01	1.184413e-08	-7.034631e-15	5.050320e-01
0	70	R2	1.424360e+01	1.424360e+01	9.879794e-09	0.000000e+00	4.273080e-01
0	72	R2	1.016610e+01	1.016610e+01	6.720220e-09	5.824445e-15	3.049830e-01
0	73	R2	1.090980e+01	1.090980e+01	7.305194e-09	0.000000e+00	3.272940e-01
0	74	R2	1.166160e+01	1.166160e+01	7.892003e-09	0.000000e+00	3.498480e-01
0	75	R2	1.165800e+01	1.165800e+01	7.889203e-09	5.079078e-15	3.497400e-01
0	76	R2	1.045720e+01	1.045720e+01	6.949757e-09	0.000000e+00	3.137160e-01
0	77	R2	1.014690e+01	1.014690e+01	6.705054e-09	-1.167093e-14	3.044070e-01
0	78	R2	1.168690e+01	1.168690e+01	7.911678e-09	-5.066518e-15	3.506070e-01
0	79	R2	1.161670e+01	1.161670e+01	7.857075e-09	1.529141e-14	3.485010e-01
0	80	R2	1.069890e+01	1.069890e+01	7.139783e-09	5.534391e-15	3.209670e-01
0	81	R2	1.188610e+01	1.188610e+01	8.066431e-09	4.981608e-15	3.565830e-01
0	82	R2	1.255390e+01	1.255390e+01	8.583306e-09	4.716614e-15	3.766170e-01
0	83	R2	1.213530e+01	1.213530e+01	8.259647e-09	0.000000e+00	3.640590e-01
0	84	R2	1.231080e+01	1.231080e+01	8.395477e-09	9.619504e-15	3.693240e-01
0	85	R2	1.279160e+01	1.279160e+01	8.766617e-09	4.628967e-15	3.837480e-01
0	86	R2	1.380060e+01	1.380060e+01	9.541279e-09	-4.487926e-07	4.140180e-01
0	87	R2	1.285510e+01	1.285510e+01	8.815532e-09	-4.422921e-07	3.856530e-01
0	88	R2	1.366190e+01	1.366190e+01	9.435103e-09	-4.479098e-07	4.098570e-01
0	90	R2	1.181430e+01	1.181430e+01	8.010683e-09	-1.002377e-14	3.544290e-01
0	91	R2	1.192760e+01	1.192760e+01	8.098637e-09	0.000000e+00	3.578280e-01
0	92	R2	1.121150e+01	1.121150e+01	7.541200e-09	0.000000e+00	3.363450e-01
0	93	R2	1.170260e+01	1.170260e+01	7.923885e-09	-1.011944e-14	3.510780e-01
0	94	R2	1.155840e+01	1.155840e+01	7.811702e-09	-5.122845e-15	3.467520e-01
0	96	R2	1.190160e+01	1.190160e+01	8.078461e-09	0.000000e+00	3.570480e-01
0	97	R2	1.253500e+01	1.253500e+01	8.568716e-09	0.000000e+00	3.760500e-01
0	98	R2	1.119130e+01	1.119130e+01	7.525421e-09	0.000000e+00	3.357390e-01
0	101	R2	1.293930e+01	1.293930e+01	8.880356e-09	4.576128e-15	3.881790e-01
0	102	R2	9.416800e+00	9.416800e+00	6.125818e-09	6.287900e-15	2.825040e-01
0	104	R2	1.041350e+01	1.041350e+01	6.915346e-09	-5.686070e-15	3.124050e-01
0	105	R2	1.257850e+01	1.257850e+01	8.602292e-09	-9.414778e-15	3.773550e-01
0	107	R2	1.260460e+01	1.260460e+01	8.622433e-09	-4.697642e-15	3.781380e-01
0	108	R2	1.376250e+01	1.376250e+01	9.512122e-09	0.000000e+00	4.128750e-01
0	109	R2	1.167070e+01	1.167070e+01	7.899080e-09	0.000000e+00	3.501210e-01
0	111	R2	1.369960e+01	1.369960e+01	9.463972e-09	-4.481520e-07	4.109880e-01
0	112	R2	1.223690e+01	1.223690e+01	8.338305e-09	4.838799e-15	3.671070e-01
0	113	R2	1.122430e+01	1.122430e+01	7.551197e-09	0.000000e+00	3.367290e-01
0	114	R2	1.324480e+01	1.324480e+01	9.115227e-09	-4.470577e-15	3.973440e-01
0	115	R2	1.283350e+01	1.283350e+01	8.798896e-09	0.000000e+00	3.850050e-01
0	118	R2	1.055920e+01	1.055920e+01	7.030011e-09	-5.607612e-15	3.167760e-01
0	119	R2	1.163420e+01	1.163420e+01	7.870690e-09	-5.089469e-15	3.490260e-01
0	120	R2	1.078630e+01	1.078630e+01	7.208376e-09	0.000000e+00	3.235890e-01


1	7	NOE	-2.934000e-01	-2.934000e-01	8.582217e-10	-2.220446e-15	5.000000e-02
1	10	NOE	-2.995000e-01	-2.995000e-01	8.551692e-10	-6.661338e-15	5.000000e-02
1	16	NOE	8.580000e-02	8.580000e-02	1.108453e-09	-6.383782e-15	5.000000e-02
1	18	NOE	9.610000e-02	9.610000e-02	1.117622e-09	7.494005e-15	5.000000e-02
1	19	NOE	7.469000e-01	7.469000e-01	3.502950e-09	-2.220446e-15	5.000000e-02
1	22	NOE	9.270000e-02	9.270000e-02	1.114575e-09	0.000000e+00	5.000000e-02
1	23	NOE	2.121000e-01	2.121000e-01	1.235135e-09	-3.330669e-15	5.000000e-02
1	42	NOE	6.823000e-01	6.823000e-01	2.638523e-09	2.220446e-15	5.000000e-02
1	43	NOE	8.012000e-01	8.012000e-01	5.717624e-09	0.000000e+00	5.000000e-02
1	44	NOE	7.257000e-01	7.257000e-01	3.135784e-09	0.000000e+00	5.000000e-02
1	45	NOE	7.723000e-01	7.723000e-01	4.169037e-09	0.000000e+00	5.000000e-02
1	46	NOE	8.454000e-01	8.344477e-01	3.081396e-05	2.190464e-01	5.000000e-02
1	47	NOE	8.581000e-01	8.344477e-01	1.974447e-05	4.730464e-01	5.000000e-02
1	48	NOE	6.566000e-01	6.566000e-01	2.433540e-09	0.000000e+00	5.000000e-02
1	49	NOE	6.399000e-01	6.399000e-01	2.322446e-09	2.220446e-15	5.000000e-02
1	50	NOE	8.017000e-01	8.017000e-01	5.761416e-09	-2.220446e-15	5.000000e-02
1	51	NOE	6.727000e-01	6.727000e-01	2.556322e-09	0.000000e+00	5.000000e-02
1	52	NOE	8.734000e-01	8.344477e-01	1.827040e-05	7.790464e-01	5.000000e-02
1	53	NOE	6.954000e-01	6.954000e-01	2.763990e-09	-2.220446e-15	5.000000e-02
1	54	NOE	9.249000e-01	8.344477e-01	1.707806e-05	1.809046e+00	5.000000e-02
1	55	NOE	7.828000e-01	7.828000e-01	4.578398e-09	2.220446e-15	5.000000e-02
1	57	NOE	6.231000e-01	6.231000e-01	2.224068e-09	-2.220446e-15	5.000000e-02
1	59	NOE	7.050000e-01	7.050000e-01	2.867661e-09	2.220446e-15	5.000000e-02
1	60	NOE	9.219000e-01	8.344477e-01	2.209939e-05	1.749046e+00	5.000000e-02
1	62	NOE	7.205000e-01	7.205000e-01	3.061662e-09	0.000000e+00	5.000000e-02
1	63	NOE	7.248000e-01	7.248000e-01	3.122582e-09	-2.220446e-15	5.000000e-02
1	64	NOE	6.207000e-01	6.207000e-01	2.210955e-09	0.000000e+00	5.000000e-02
1	67	NOE	6.120000e-01	6.120000e-01	2.165184e-09	2.220446e-15	5.000000e-02
1	68	NOE	9.017000e-01	8.344477e-01	2.084229e-05	1.345046e+00	5.000000e-02
1	70	NOE	8.010000e-01	8.010000e-01	5.700382e-09	-2.220446e-15	5.000000e-02
1	72	NOE	7.924000e-01	7.924000e-01	5.079438e-09	0.000000e+00	5.000000e-02
1	73	NOE	7.547000e-01	7.547000e-01	3.673364e-09	2.220446e-15	5.000000e-02
1	74	NOE	7.606000e-01	7.606000e-01	3.819720e-09	0.000000e+00	5.000000e-02
1	75	NOE	7.578000e-01	7.578000e-01	3.748168e-09	2.220446e-15	5.000000e-02
1	76	NOE	9.539000e-01	8.344477e-01	2.382522e-05	2.389046e+00	5.000000e-02
1	77	NOE	6.622000e-01	6.622000e-01	2.474313e-09	2.220446e-15	5.000000e-02
1	78	NOE	4.638000e-01	4.638000e-01	1.649328e-09	-2.220446e-15	5.000000e-02
1	79	NOE	7.596000e-01	7.596000e-01	3.793708e-09	0.000000e+00	5.000000e-02
1	80	NOE	7.352000e-01	7.352000e-01	3.285827e-09	0.000000e+00	5.000000e-02
1	81	NOE	6.615000e-01	6.615000e-01	2.469110e-09	-2.220446e-15	5.000000e-02
1	82	NOE	8.361000e-01	8.344477e-01	2.770580e-05	3.304640e-02	5.000000e-02
1	83	NOE	7.844000e-01	7.844000e-01	4.651807e-09	-2.951329e-08	5.000000e-02
1	84	NOE	6.792000e-01	6.792000e-01	2.611157e-09	4.440892e-15	5.000000e-02
1	85	NOE	7.247000e-01	7.247000e-01	3.121125e-09	-2.220446e-15	5.000000e-02
1	86	NOE	8.483000e-01	8.344477e-01	1.786360e-05	2.770464e-01	5.000000e-02
1	87	NOE	7.187000e-01	7.187000e-01	3.037167e-09	-2.220446e-15	5.000000e-02
1	88	NOE	7.408000e-01	7.408000e-01	3.384702e-09	-2.220446e-15	5.000000e-02
1	90	NOE	7.752000e-01	7.752000e-01	4.271183e-09	0.000000e+00	5.000000e-02
1	91	NOE	7.195000e-01	7.195000e-01	3.047983e-09	2.220446e-15	5.000000e-02
1	92	NOE	8.621000e-01	8.344477e-01	3.174442e-05	5.530464e-01	5.000000e-02
1	93	NOE	7.194000e-01	7.194000e-01	3.046625e-09	4.440892e-15	5.000000e-02
1	94	NOE	5.498000e-01	5.498000e-01	1.900700e-09	2.220446e-15	5.000000e-02
1	96	NOE	8.042000e-01	8.042000e-01	5.996387e-09	0.000000e+00	5.000000e-02
1	97	NOE	8.990000e-01	8.344477e-01	1.846801e-05	1.291046e+00	5.000000e-02
1	98	NOE	9.538000e-01	8.344477e-01	1.804393e-05	2.387046e+00	5.000000e-02
1	101	NOE	7.897000e-01	7.897000e-01	4.922385e-09	0.000000e+00	5.000000e-02
1	102	NOE	6.082000e-01	6.082000e-01	2.146012e-09	4.440892e-15	5.000000e-02
1	104	NOE	6.795000e-01	6.795000e-01	2.613769e-09	4.440892e-15	5.000000e-02
1	105	NOE	6.095000e-01	6.095000e-01	2.152517e-09	2.220446e-15	5.000000e-02
1	107	NOE	8.521000e-01	8.344477e-01	3.290942e-05	3.530464e-01	5.000000e-02
1	108	NOE	7.842000e-01	7.842000e-01	4.642440e-09	-2.962996e-08	5.000000e-02
1	109	NOE	7.166000e-01	7.166000e-01	3.009295e-09	-2.220446e-15	5.000000e-02
1	111	NOE	8.836000e-01	8.344477e-01	2.955301e-05	9.830464e-01	5.000000e-02
1	112	NOE	8.152000e-01	8.152000e-01	7.525874e-09	-2.220446e-15	5.000000e-02
1	113	NOE	7.728000e-01	7.728000e-01	4.186135e-09	2.220446e-15	5.000000e-02
1	114	NOE	6.851000e-01	6.851000e-01	2.663962e-09	2.220446e-15	5.000000e-02
1	115	NOE	6.838000e-01	6.838000e-01	2.652064e-09	-4.440892e-15	5.000000e-02
1	118	NOE	7.299000e-01	7.299000e-01	3.199613e-09	0.000000e+00	5.000000e-02
1	119	NOE	6.012000e-01	6.012000e-01	2.111909e-09	4.440892e-15	5.000000e-02
1	120	NOE	6.406000e-01	6.406000e-01	2.326816e-09	-6.661338e-15	5.000000e-02


2	7	R1	1.316300e+00	1.316300e+00	4.114112e-10	0.000000e+00	3.948900e-02
2	10	R1	1.296500e+00	1.296500e+00	3.983810e-10	0.000000e+00	3.889500e-02
2	16	R1	1.440800e+00	1.440800e+00	4.976404e-10	5.137067e-15	4.322400e-02
2	18	R1	1.418900e+00	1.418900e+00	4.820353e-10	5.216356e-15	4.256700e-02
2	19	R1	1.278700e+00	1.278700e+00	1.061831e-08	1.736487e-14	3.836100e-02
2	22	R1	1.405300e+00	1.405300e+00	4.724244e-10	0.000000e+00	4.215900e-02
2	23	R1	1.427300e+00	1.427300e+00	9.362886e-09	-5.185656e-15	4.281900e-02
2	42	R1	1.234600e+00	1.234600e+00	1.104438e-08	1.199010e-14	3.703800e-02
2	43	R1	1.249700e+00	1.249700e+00	1.089534e-08	-5.922611e-15	3.749100e-02
2	44	R1	1.307300e+00	1.307300e+00	1.035631e-08	5.661659e-15	3.921900e-02
2	45	R1	1.315100e+00	1.315100e+00	1.028669e-08	-1.125616e-14	3.945300e-02
2	46	R1	1.384700e+00	1.384700e+00	9.697511e-09	0.000000e+00	4.154100e-02
2	47	R1	1.398800e+00	1.398800e+00	9.584705e-09	0.000000e+00	4.196400e-02
2	48	R1	1.393600e+00	1.393600e+00	9.626065e-09	5.311055e-15	4.180800e-02
2	49	R1	1.302800e+00	1.302800e+00	1.039683e-08	5.681215e-15	3.908400e-02
2	50	R1	1.272000e+00	1.272000e+00	1.068127e-08	5.818779e-15	3.816000e-02
2	51	R1	1.244700e+00	1.244700e+00	1.094431e-08	0.000000e+00	3.734100e-02
2	52	R1	1.305800e+00	1.305800e+00	1.036979e-08	5.668163e-15	3.917400e-02
2	53	R1	1.195300e+00	1.195300e+00	1.144881e-08	0.000000e+00	3.585900e-02
2	54	R1	1.229600e+00	1.229600e+00	1.109449e-08	-1.203885e-14	3.688800e-02
2	55	R1	1.216100e+00	1.216100e+00	1.123170e-08	0.000000e+00	3.648300e-02
2	57	R1	1.332300e+00	1.332300e+00	1.013583e-08	0.000000e+00	3.996900e-02
2	59	R1	1.202900e+00	1.202900e+00	1.136866e-08	-6.153036e-15	3.608700e-02
2	60	R1	1.188600e+00	1.188600e+00	1.152026e-08	6.227063e-15	3.565800e-02
2	62	R1	1.237300e+00	1.237300e+00	1.101748e-08	5.981966e-15	3.711900e-02
2	63	R1	1.161900e+00	1.161900e+00	1.181270e-08	6.370158e-15	3.485700e-02
2	64	R1	1.251800e+00	1.251800e+00	1.087487e-08	-5.912675e-15	3.755400e-02
2	67	R1	1.319800e+00	1.319800e+00	1.024510e-08	5.608037e-15	3.959400e-02
2	68	R1	1.285500e+00	1.285500e+00	1.055504e-08	4.404668e-07	3.856500e-02
2	70	R1	1.266700e+00	1.266700e+00	1.073151e-08	5.843125e-15	3.800100e-02
2	72	R1	1.338600e+00	1.338600e+00	1.008146e-08	0.000000e+00	4.015800e-02
2	73	R1	1.259700e+00	1.259700e+00	1.079847e-08	0.000000e+00	3.779100e-02
2	74	R1	1.426400e+00	1.426400e+00	9.369768e-09	-1.556678e-14	4.279200e-02
2	75	R1	1.306700e+00	1.306700e+00	1.036170e-08	-1.132852e-14	3.920100e-02
2	76	R1	1.365200e+00	1.365200e+00	9.857021e-09	5.421540e-15	4.095600e-02
2	77	R1	1.290000e+00	1.290000e+00	1.051350e-08	0.000000e+00	3.870000e-02
2	78	R1	1.374200e+00	1.374200e+00	9.782887e-09	0.000000e+00	4.122600e-02
2	79	R1	1.375700e+00	1.375700e+00	9.770618e-09	-1.076032e-14	4.127100e-02
2	80	R1	1.107500e+00	1.107500e+00	1.244974e-08	0.000000e+00	3.322500e-02
2	81	R1	1.288600e+00	1.288600e+00	1.052640e-08	-5.743820e-15	3.865800e-02
2	82	R1	1.277000e+00	1.277000e+00	1.063423e-08	-5.795996e-15	3.831000e-02
2	83	R1	1.226200e+00	1.226200e+00	1.112878e-08	0.000000e+00	3.678600e-02
2	84	R1	1.148500e+00	1.148500e+00	1.196431e-08	6.444481e-15	3.445500e-02
2	85	R1	1.259800e+00	1.259800e+00	1.079751e-08	0.000000e+00	3.779400e-02
2	86	R1	1.259700e+00	1.259700e+00	1.079847e-08	4.428319e-07	3.779100e-02
2	87	R1	1.336800e+00	1.336800e+00	1.009695e-08	4.355835e-07	4.010400e-02
2	88	R1	1.191900e+00	1.191900e+00	1.148497e-08	1.241964e-14	3.575700e-02
2	90	R1	1.146100e+00	1.146100e+00	1.199182e-08	0.000000e+00	3.438300e-02
2	91	R1	1.334600e+00	1.334600e+00	1.011592e-08	0.000000e+00	4.003800e-02
2	92	R1	1.167400e+00	1.167400e+00	1.175143e-08	-6.340146e-15	3.502200e-02
2	93	R1	1.167200e+00	1.167200e+00	1.175365e-08	-6.341233e-15	3.501600e-02
2	94	R1	1.285100e+00	1.285100e+00	1.055874e-08	0.000000e+00	3.855300e-02
2	96	R1	1.337100e+00	1.337100e+00	1.009436e-08	0.000000e+00	4.011300e-02
2	97	R1	1.448900e+00	1.448900e+00	9.200040e-09	-5.108349e-15	4.346700e-02
2	98	R1	1.318100e+00	1.318100e+00	1.026011e-08	0.000000e+00	3.954300e-02
2	101	R1	1.219400e+00	1.219400e+00	1.119790e-08	6.069778e-15	3.658200e-02
2	102	R1	1.248100e+00	1.248100e+00	1.091097e-08	0.000000e+00	3.744300e-02
2	104	R1	1.290800e+00	1.290800e+00	1.050615e-08	-5.734031e-15	3.872400e-02
2	105	R1	1.220900e+00	1.220900e+00	1.118259e-08	0.000000e+00	3.662700e-02
2	107	R1	1.233600e+00	1.233600e+00	1.105437e-08	-1.199982e-14	3.700800e-02
2	108	R1	1.306400e+00	1.306400e+00	1.036439e-08	0.000000e+00	3.919200e-02
2	109	R1	1.275700e+00	1.275700e+00	1.064642e-08	0.000000e+00	3.827100e-02
2	111	R1	1.293800e+00	1.293800e+00	1.047864e-08	-5.720735e-15	3.881400e-02
2	112	R1	1.268500e+00	1.268500e+00	1.071440e-08	-5.834834e-15	3.805500e-02
2	113	R1	1.312200e+00	1.312200e+00	1.031248e-08	5.640517e-15	3.936600e-02
2	114	R1	1.266100e+00	1.266100e+00	1.073722e-08	-5.845894e-15	3.798300e-02
2	115	R1	1.197200e+00	1.197200e+00	1.142868e-08	6.182331e-15	3.591600e-02
2	118	R1	1.141400e+00	1.141400e+00	1.204600e-08	0.000000e+00	3.424200e-02
2	119	R1	1.375900e+00	1.375900e+00	9.768984e-09	5.379378e-15	4.127700e-02
2	120	R1	1.274600e+00	1.274600e+00	1.065676e-08	5.806909e-15	3.823800e-02


