7	2.275900e+00	6.827700e-02	-2.934000e-01	5.000000e-02	1.316300e+00	3.948900e-02	1.725796e-01	
10	2.342500e+00	7.027500e-02	-2.995000e-01	5.000000e-02	1.296500e+00	3.889500e-02	1.707854e-01	
16	2.911600e+00	8.734800e-02	8.580000e-02	5.000000e-02	1.440800e+00	4.322400e-02	1.335201e-01	
18	2.903300e+00	8.709900e-02	9.610000e-02	5.000000e-02	1.418900e+00	4.256700e-02	1.300092e-01	
19	1.215520e+01	3.646560e-01	7.469000e-01	5.000000e-02	1.278700e+00	3.836100e-02	3.280671e-02	
22	4.843200e+00	1.452960e-01	9.270000e-02	5.000000e-02	1.405300e+00	4.215900e-02	1.292474e-01	
23	6.337500e+00	1.901250e-01	2.121000e-01	5.000000e-02	1.427300e+00	4.281900e-02	1.139956e-01	
42	1.349130e+01	4.047390e-01	6.823000e-01	5.000000e-02	1.234600e+00	3.703800e-02	3.975990e-02	
43	1.411260e+01	4.233780e-01	8.012000e-01	5.000000e-02	1.249700e+00	3.749100e-02	2.518396e-02	
44	1.213810e+01	3.641430e-01	7.257000e-01	5.000000e-02	1.307300e+00	3.921900e-02	3.634987e-02	
45	1.105000e+01	3.315000e-01	7.723000e-01	5.000000e-02	1.315100e+00	3.945300e-02	3.035454e-02	
46	1.060750e+01	3.182250e-01	8.454000e-01	5.000000e-02	1.384700e+00	4.154100e-02	2.170036e-02	
47	1.171170e+01	3.513510e-01	8.581000e-01	5.000000e-02	1.398800e+00	4.196400e-02	2.012055e-02	
48	1.087470e+01	3.262410e-01	6.566000e-01	5.000000e-02	1.393600e+00	4.180800e-02	4.851100e-02	
49	1.255580e+01	3.766740e-01	6.399000e-01	5.000000e-02	1.302800e+00	3.908400e-02	4.755571e-02	
50	1.114920e+01	3.344760e-01	8.017000e-01	5.000000e-02	1.272000e+00	3.816000e-02	2.556888e-02	
51	1.284020e+01	3.852060e-01	6.727000e-01	5.000000e-02	1.244700e+00	3.734100e-02	4.129643e-02	
52	1.313030e+01	3.939090e-01	8.734000e-01	5.000000e-02	1.305800e+00	3.917400e-02	1.675762e-02	
53	1.121390e+01	3.364170e-01	6.954000e-01	5.000000e-02	1.195300e+00	3.585900e-02	3.690699e-02	
54	1.166510e+01	3.499530e-01	9.249000e-01	5.000000e-02	1.229600e+00	3.688800e-02	9.360642e-03	
55	1.361990e+01	4.085970e-01	7.828000e-01	5.000000e-02	1.216100e+00	3.648300e-02	2.677509e-02	
57	1.256370e+01	3.769110e-01	6.231000e-01	5.000000e-02	1.332300e+00	3.996900e-02	5.090143e-02	
59	1.370120e+01	4.110360e-01	7.050000e-01	5.000000e-02	1.202900e+00	3.608700e-02	3.597107e-02	
60	1.285710e+01	3.857130e-01	9.219000e-01	5.000000e-02	1.188600e+00	3.565800e-02	9.409978e-03	
62	1.345760e+01	4.037280e-01	7.205000e-01	5.000000e-02	1.237300e+00	3.711900e-02	3.505570e-02	
63	1.329820e+01	3.989460e-01	7.248000e-01	5.000000e-02	1.161900e+00	3.485700e-02	3.241298e-02	
64	1.589500e+01	4.768500e-01	6.207000e-01	5.000000e-02	1.251800e+00	3.755400e-02	4.813042e-02	
67	2.163890e+01	6.491670e-01	6.120000e-01	5.000000e-02	1.319800e+00	3.959400e-02	5.190888e-02	
68	1.683440e+01	5.050320e-01	9.017000e-01	5.000000e-02	1.285500e+00	3.856500e-02	1.280936e-02	
70	1.424360e+01	4.273080e-01	8.010000e-01	5.000000e-02	1.266700e+00	3.800100e-02	2.555222e-02	
72	1.016610e+01	3.049830e-01	7.924000e-01	5.000000e-02	1.338600e+00	4.015800e-02	2.816956e-02	
73	1.090980e+01	3.272940e-01	7.547000e-01	5.000000e-02	1.259700e+00	3.779100e-02	3.132323e-02	
74	1.166160e+01	3.498480e-01	7.606000e-01	5.000000e-02	1.426400e+00	4.279200e-02	3.461524e-02	
75	1.165800e+01	3.497400e-01	7.578000e-01	5.000000e-02	1.306700e+00	3.920100e-02	3.208129e-02	
76	1.045720e+01	3.137160e-01	9.539000e-01	5.000000e-02	1.365200e+00	4.095600e-02	6.379682e-03	
77	1.014690e+01	3.044070e-01	6.622000e-01	5.000000e-02	1.290000e+00	3.870000e-02	4.417242e-02	
78	1.168690e+01	3.506070e-01	4.638000e-01	5.000000e-02	1.374200e+00	4.122600e-02	7.469277e-02	
79	1.161670e+01	3.485010e-01	7.596000e-01	5.000000e-02	1.375700e+00	4.127100e-02	3.352432e-02	
80	1.069890e+01	3.209670e-01	7.352000e-01	5.000000e-02	1.107500e+00	3.322500e-02	2.972785e-02	
81	1.188610e+01	3.565830e-01	6.615000e-01	5.000000e-02	1.288600e+00	3.865800e-02	4.421592e-02	
82	1.255390e+01	3.766170e-01	8.361000e-01	5.000000e-02	1.277000e+00	3.831000e-02	2.121640e-02	
83	1.213530e+01	3.640590e-01	7.844000e-01	5.000000e-02	1.226200e+00	3.678600e-02	2.679859e-02	
84	1.231080e+01	3.693240e-01	6.792000e-01	5.000000e-02	1.148500e+00	3.445500e-02	3.734799e-02	
85	1.279160e+01	3.837480e-01	7.247000e-01	5.000000e-02	1.259800e+00	3.779400e-02	3.515683e-02	
86	1.380060e+01	4.140180e-01	8.483000e-01	5.000000e-02	1.259700e+00	3.779100e-02	1.937111e-02	
87	1.285510e+01	3.856530e-01	7.187000e-01	5.000000e-02	1.336800e+00	4.010400e-02	3.811869e-02	
88	1.366190e+01	4.098570e-01	7.408000e-01	5.000000e-02	1.191900e+00	3.575700e-02	3.131675e-02	
90	1.181430e+01	3.544290e-01	7.752000e-01	5.000000e-02	1.146100e+00	3.438300e-02	2.611684e-02	
91	1.192760e+01	3.578280e-01	7.195000e-01	5.000000e-02	1.334600e+00	4.003800e-02	3.794773e-02	
92	1.121150e+01	3.363450e-01	8.621000e-01	5.000000e-02	1.167400e+00	3.502200e-02	1.631871e-02	
93	1.170260e+01	3.510780e-01	7.194000e-01	5.000000e-02	1.167200e+00	3.501600e-02	3.319975e-02	
94	1.155840e+01	3.467520e-01	5.498000e-01	5.000000e-02	1.285100e+00	3.855300e-02	5.864679e-02	
96	1.190160e+01	3.570480e-01	8.042000e-01	5.000000e-02	1.337100e+00	4.011300e-02	2.653862e-02	
97	1.253500e+01	3.760500e-01	8.990000e-01	5.000000e-02	1.448900e+00	4.346700e-02	1.483411e-02	
98	1.119130e+01	3.357390e-01	9.538000e-01	5.000000e-02	1.318100e+00	3.954300e-02	6.172942e-03	
101	1.293930e+01	3.881790e-01	7.897000e-01	5.000000e-02	1.219400e+00	3.658200e-02	2.599485e-02	
102	9.416800e+00	2.825040e-01	6.082000e-01	5.000000e-02	1.248100e+00	3.744300e-02	4.956963e-02	
104	1.041350e+01	3.124050e-01	6.795000e-01	5.000000e-02	1.290800e+00	3.872400e-02	4.193618e-02	
105	1.257850e+01	3.773550e-01	6.095000e-01	5.000000e-02	1.220900e+00	3.662700e-02	4.832846e-02	
107	1.260460e+01	3.781380e-01	8.521000e-01	5.000000e-02	1.233600e+00	3.700800e-02	1.849458e-02	
108	1.376250e+01	4.128750e-01	7.842000e-01	5.000000e-02	1.306400e+00	3.919200e-02	2.857784e-02	
109	1.167070e+01	3.501210e-01	7.166000e-01	5.000000e-02	1.275700e+00	3.827100e-02	3.664800e-02	
111	1.369960e+01	4.109880e-01	8.836000e-01	5.000000e-02	1.293800e+00	3.881400e-02	1.526588e-02	
112	1.223690e+01	3.671070e-01	8.152000e-01	5.000000e-02	1.268500e+00	3.805500e-02	2.376262e-02	
113	1.122430e+01	3.367290e-01	7.728000e-01	5.000000e-02	1.312200e+00	3.936600e-02	3.022110e-02	
114	1.324480e+01	3.973440e-01	6.851000e-01	5.000000e-02	1.266100e+00	3.798300e-02	4.041499e-02	
115	1.283350e+01	3.850050e-01	6.838000e-01	5.000000e-02	1.197200e+00	3.591600e-02	3.837341e-02	
118	1.055920e+01	3.167760e-01	7.299000e-01	5.000000e-02	1.141400e+00	3.424200e-02	3.125103e-02	
119	1.163420e+01	3.490260e-01	6.012000e-01	5.000000e-02	1.375900e+00	4.127700e-02	5.562165e-02	
120	1.078630e+01	3.235890e-01	6.406000e-01	5.000000e-02	1.274600e+00	3.823800e-02	4.643590e-02	
