0	6	R2	1.179245e+00	1.179245e+00	2.988779e-10	-3.193463e-16	6.953097e-01
0	7	R2	8.771930e+00	8.771930e+00	5.610392e-09	0.000000e+00	7.694675e-02
0	8	R2	8.928571e+00	8.928571e+00	5.736077e-09	-1.114131e-14	1.594388e-01
0	9	R2	8.064516e+00	8.064516e+00	5.039994e-09	9.104421e-15	1.951093e-01
0	10	R2	7.692308e+00	7.692308e+00	4.738292e-09	0.000000e+00	1.183432e-01
0	11	R2	7.407407e+00	7.407407e+00	4.506853e-09	8.093526e-15	1.097394e-01
0	12	R2	7.575758e+00	7.575758e+00	4.643653e-09	1.547562e-14	5.739210e-02
0	13	R2	8.474576e+00	8.474576e+00	5.371169e-09	2.473399e-14	7.181844e-02
0	14	R2	8.130081e+00	8.130081e+00	5.093039e-09	2.687450e-14	6.609822e-02
0	15	R2	6.410256e+00	6.410256e+00	3.697469e-09	0.000000e+00	4.109139e-02
0	16	R2	4.950495e+00	4.950495e+00	2.555136e-09	0.000000e+00	4.901480e-02
0	17	R2	5.555556e+00	5.555556e+00	3.016921e-09	0.000000e+00	9.259259e-02
0	18	R2	6.134969e+00	6.134969e+00	3.475942e-09	0.000000e+00	1.505514e-01
0	19	R2	6.993007e+00	6.993007e+00	4.169929e-09	9.081180e-15	9.780429e-02
0	20	R2	7.575758e+00	7.575758e+00	4.643653e-09	7.737810e-15	1.147842e-01
0	21	R2	6.578947e+00	6.578947e+00	3.833879e-09	0.000000e+00	1.298476e-01
0	22	R2	7.812500e+00	7.812500e+00	4.835814e-09	0.000000e+00	6.103516e-02
0	23	R2	7.352941e+00	7.352941e+00	4.462576e-09	-1.642775e-14	5.406574e-02
0	24	R2	8.264463e+00	8.264463e+00	5.201652e-09	0.000000e+00	1.366027e-01
0	25	R2	7.812500e+00	7.812500e+00	4.835814e-09	0.000000e+00	1.220703e-01
0	26	R2	7.936508e+00	7.936508e+00	4.936338e-09	0.000000e+00	3.779289e-01
0	27	R2	8.264463e+00	8.264463e+00	5.201652e-09	0.000000e+00	6.830135e-02
0	28	R2	8.000000e+00	8.000000e+00	4.987767e-09	0.000000e+00	1.280000e-01
0	29	R2	8.000000e+00	8.000000e+00	4.987767e-09	0.000000e+00	6.400000e-02
0	30	R2	7.812500e+00	7.812500e+00	4.835814e-09	0.000000e+00	6.103516e-02
0	31	R2	7.692308e+00	7.692308e+00	4.738292e-09	0.000000e+00	5.917160e-02
0	32	R2	7.812500e+00	7.812500e+00	4.835814e-09	0.000000e+00	6.103516e-02
0	33	R2	7.246377e+00	7.246377e+00	4.375932e-09	-1.691447e-14	5.250998e-02
0	34	R2	8.333333e+00	8.333333e+00	5.257258e-09	-2.557954e-14	6.944444e-02
0	35	R2	7.936508e+00	7.936508e+00	4.936338e-09	0.000000e+00	1.259763e-01
0	36	R2	7.518797e+00	7.518797e+00	4.597378e-09	-7.855494e-15	1.130646e-01
0	37	R2	8.333333e+00	8.333333e+00	5.257258e-09	-8.526513e-15	2.083333e-01
0	38	R2	8.264463e+00	8.264463e+00	5.201652e-09	0.000000e+00	1.366027e-01
0	40	R2	8.333333e+00	8.333333e+00	5.257258e-09	-1.278977e-14	1.388889e-01
0	41	R2	8.264463e+00	8.264463e+00	5.201652e-09	0.000000e+00	6.830135e-02
0	42	R2	7.633588e+00	7.633588e+00	4.690619e-09	0.000000e+00	1.165433e-01
0	43	R2	8.064516e+00	8.064516e+00	5.039994e-09	2.731326e-14	6.503642e-02
0	44	R2	8.000000e+00	8.000000e+00	4.987767e-09	0.000000e+00	1.280000e-01
0	45	R2	8.130081e+00	8.130081e+00	5.093039e-09	2.687450e-14	6.609822e-02
0	46	R2	8.130081e+00	8.130081e+00	5.093039e-09	1.343725e-14	1.321964e-01
0	47	R2	7.874016e+00	7.874016e+00	4.885693e-09	7.162715e-15	1.240002e-01
0	48	R2	7.194245e+00	7.194245e+00	4.333542e-09	1.144033e-14	1.552715e-01
0	49	R2	8.849558e+00	8.849558e+00	5.672707e-09	4.536460e-14	7.831467e-02
0	51	R2	6.849315e+00	6.849315e+00	4.053177e-09	0.000000e+00	1.407394e-01
0	52	R2	7.407407e+00	7.407407e+00	4.506853e-09	8.093526e-15	1.097394e-01
0	53	R2	7.462687e+00	7.462687e+00	4.551783e-09	1.594813e-14	1.113834e-01
0	54	R2	8.064516e+00	8.064516e+00	5.039994e-09	9.104421e-15	1.951093e-01
0	55	R2	8.064516e+00	8.064516e+00	5.039994e-09	1.365663e-14	1.300728e-01
0	56	R2	7.874016e+00	7.874016e+00	4.885693e-09	7.162715e-15	1.240002e-01
0	57	R2	8.130081e+00	8.130081e+00	5.093039e-09	1.343725e-14	1.321964e-01
0	59	R2	7.352941e+00	7.352941e+00	4.462576e-09	-8.213874e-15	1.081315e-01
0	60	R2	6.410256e+00	6.410256e+00	3.697469e-09	0.000000e+00	8.218277e-02
0	62	R2	6.756757e+00	6.756757e+00	3.978032e-09	-9.727330e-15	9.130752e-02
0	63	R2	5.102041e+00	5.102041e+00	2.668599e-09	0.000000e+00	1.041233e-01
0	65	R2	9.090909e+00	9.090909e+00	5.866084e-09	0.000000e+00	1.652893e-01
0	66	R2	8.130081e+00	8.130081e+00	5.093039e-09	1.343725e-14	1.321964e-01
0	70	R2	7.874016e+00	7.874016e+00	4.885693e-09	7.162715e-15	1.240002e-01
0	71	R2	8.928571e+00	8.928571e+00	5.736077e-09	-2.228262e-14	7.971939e-02
0	72	R2	8.333333e+00	8.333333e+00	5.257258e-09	-2.557954e-14	6.944444e-02
0	73	R2	8.849558e+00	8.849558e+00	5.672707e-09	4.536460e-14	7.831467e-02
0	74	R2	7.812500e+00	7.812500e+00	4.835814e-09	0.000000e+00	1.220703e-01
0	75	R2	8.196721e+00	8.196721e+00	5.146919e-09	-2.643930e-14	6.718624e-02
0	76	R2	8.474576e+00	8.474576e+00	5.371169e-09	1.236700e-14	1.436369e-01
0	77	R2	9.708738e+00	9.708738e+00	6.358545e-09	0.000000e+00	1.885192e-01
0	78	R2	5.882353e+00	5.882353e+00	3.274337e-09	-8.556119e-15	1.038062e-01
0	79	R2	6.097561e+00	6.097561e+00	3.445972e-09	-5.972112e-15	1.487210e-01
0	80	R2	7.575758e+00	7.575758e+00	4.643653e-09	1.934453e-15	4.591368e-01
0	81	R2	5.524862e+00	5.524862e+00	2.992987e-09	4.849602e-15	1.831446e-01
0	82	R2	5.780347e+00	5.780347e+00	3.193523e-09	-1.563664e-15	5.680110e-01
0	83	R2	5.405405e+00	5.405405e+00	2.900293e-09	0.000000e+00	8.765522e-02
0	84	R2	6.896552e+00	6.896552e+00	4.091547e-09	0.000000e+00	9.512485e-02
0	85	R2	9.009009e+00	9.009009e+00	5.800527e-09	-6.648920e-07	1.623245e-01
0	86	R2	8.264463e+00	8.264463e+00	5.201652e-09	0.000000e+00	2.049040e-01
0	87	R2	7.936508e+00	7.936508e+00	4.936338e-09	0.000000e+00	1.259763e-01
0	88	R2	8.695652e+00	8.695652e+00	5.549104e-09	-2.349232e-14	1.512287e-01
0	89	R2	7.407407e+00	7.407407e+00	4.506853e-09	8.093526e-15	1.097394e-01
0	90	R2	8.403361e+00	8.403361e+00	5.313757e-09	1.257749e-14	1.412330e-01
0	91	R2	7.874016e+00	7.874016e+00	4.885693e-09	4.775143e-15	1.860004e-01
0	92	R2	8.000000e+00	8.000000e+00	4.987767e-09	0.000000e+00	1.280000e-01
0	93	R2	7.092199e+00	7.092199e+00	4.250567e-09	0.000000e+00	1.005986e-01
0	94	R2	8.928571e+00	8.928571e+00	5.736077e-09	-7.427540e-15	2.391582e-01
0	95	R2	7.633588e+00	7.633588e+00	4.690619e-09	0.000000e+00	1.165433e-01
0	96	R2	5.586592e+00	5.586592e+00	3.041170e-09	-9.486042e-15	9.363004e-02
0	97	R2	5.076142e+00	5.076142e+00	2.649094e-09	0.000000e+00	5.153444e-02
0	98	R2	6.060606e+00	6.060606e+00	3.416401e-09	0.000000e+00	1.469238e-01
0	99	R2	8.000000e+00	8.000000e+00	4.987767e-09	0.000000e+00	6.400000e-02
0	100	R2	7.751938e+00	7.751938e+00	4.786685e-09	0.000000e+00	1.201851e-01
0	101	R2	5.263158e+00	5.263158e+00	2.790946e-09	0.000000e+00	1.385042e-01
0	102	R2	1.063830e+01	1.063830e+01	7.092784e-09	0.000000e+00	5.658669e-01
0	103	R2	7.462687e+00	7.462687e+00	4.551783e-09	1.594813e-14	1.113834e-01
0	104	R2	8.333333e+00	8.333333e+00	5.257258e-09	-8.526513e-15	2.083333e-01
0	105	R2	8.064516e+00	8.064516e+00	5.039994e-09	1.365663e-14	1.300728e-01
0	106	R2	7.246377e+00	7.246377e+00	4.375932e-09	-5.638157e-15	1.575299e-01
0	107	R2	8.403361e+00	8.403361e+00	5.313757e-09	1.257749e-14	1.412330e-01
0	110	R2	7.633588e+00	7.633588e+00	4.690619e-09	0.000000e+00	1.165433e-01
0	113	R2	5.988024e+00	5.988024e+00	3.358436e-09	8.256803e-15	1.075693e-01
0	114	R2	8.000000e+00	8.000000e+00	4.987767e-09	0.000000e+00	1.280000e-01
0	115	R2	7.575758e+00	7.575758e+00	4.643653e-09	7.737810e-15	1.147842e-01
0	116	R2	8.130081e+00	8.130081e+00	5.093039e-09	1.343725e-14	1.321964e-01
0	117	R2	7.352941e+00	7.352941e+00	4.462576e-09	-8.213874e-15	1.081315e-01
0	118	R2	7.462687e+00	7.462687e+00	4.551783e-09	3.189626e-14	5.569169e-02
0	120	R2	9.090909e+00	9.090909e+00	5.866084e-09	0.000000e+00	1.652893e-01
0	121	R2	8.333333e+00	8.333333e+00	5.257258e-09	-1.278977e-14	1.388889e-01
0	122	R2	7.812500e+00	7.812500e+00	4.835814e-09	0.000000e+00	1.220703e-01
0	123	R2	7.352941e+00	7.352941e+00	4.462576e-09	-8.213874e-15	1.081315e-01
0	124	R2	7.692308e+00	7.692308e+00	4.738292e-09	0.000000e+00	1.775148e-01
0	125	R2	7.751938e+00	7.751938e+00	4.786685e-09	0.000000e+00	1.201851e-01
0	126	R2	6.134969e+00	6.134969e+00	3.475942e-09	0.000000e+00	7.527570e-02
0	127	R2	9.009009e+00	9.009009e+00	5.800527e-09	-3.324460e-07	3.246490e-01
0	128	R2	8.695652e+00	8.695652e+00	5.549104e-09	-1.566155e-14	2.268431e-01
0	129	R2	7.812500e+00	7.812500e+00	4.835814e-09	0.000000e+00	1.220703e-01
0	130	R2	8.264463e+00	8.264463e+00	5.201652e-09	0.000000e+00	2.049040e-01
0	133	R2	1.000000e+01	1.000000e+01	6.589448e-09	0.000000e+00	2.000000e-01
0	134	R2	8.928571e+00	8.928571e+00	5.736077e-09	-1.114131e-14	1.594388e-01
0	135	R2	1.052632e+01	1.052632e+01	7.004737e-09	1.068775e-14	3.324100e-01
0	136	R2	1.298701e+01	1.298701e+01	8.917886e-09	5.266010e-15	3.373250e-01
0	137	R2	9.259259e+00	9.259259e+00	6.000638e-09	-4.354162e-07	2.572016e-01
0	138	R2	8.695652e+00	8.695652e+00	5.549104e-09	-1.174616e-14	3.024575e-01
0	139	R2	7.246377e+00	7.246377e+00	4.375932e-09	-1.879386e-15	4.725898e-01
0	140	R2	7.518797e+00	7.518797e+00	4.597378e-09	-7.855494e-15	1.130646e-01
0	141	R2	8.771930e+00	8.771930e+00	5.610392e-09	0.000000e+00	1.538935e-01
0	142	R2	7.692308e+00	7.692308e+00	4.738292e-09	0.000000e+00	1.183432e-01
0	143	R2	8.403361e+00	8.403361e+00	5.313757e-09	2.515499e-14	7.061648e-02
0	144	R2	6.849315e+00	6.849315e+00	4.053177e-09	0.000000e+00	9.382623e-02
0	145	R2	8.849558e+00	8.849558e+00	5.672707e-09	4.536460e-14	7.831467e-02
0	146	R2	7.142857e+00	7.142857e+00	4.291757e-09	5.802766e-15	1.530612e-01
0	147	R2	8.000000e+00	8.000000e+00	4.987767e-09	0.000000e+00	1.280000e-01
0	148	R2	7.575758e+00	7.575758e+00	4.643653e-09	7.737810e-15	1.147842e-01
0	149	R2	8.333333e+00	8.333333e+00	5.257258e-09	-1.278977e-14	1.388889e-01
0	150	R2	7.633588e+00	7.633588e+00	4.690619e-09	0.000000e+00	5.827166e-02
0	151	R2	8.333333e+00	8.333333e+00	5.257258e-09	-1.278977e-14	1.388889e-01
0	152	R2	8.333333e+00	8.333333e+00	5.257258e-09	-1.278977e-14	1.388889e-01
0	153	R2	9.090909e+00	9.090909e+00	5.866084e-09	0.000000e+00	4.132231e-01
0	154	R2	5.555556e+00	5.555556e+00	3.016921e-09	0.000000e+00	1.234568e-01
0	156	R2	7.936508e+00	7.936508e+00	4.936338e-09	0.000000e+00	6.298816e-02
0	158	R2	7.751938e+00	7.751938e+00	4.786685e-09	0.000000e+00	1.201851e-01
0	159	R2	7.042254e+00	7.042254e+00	4.209961e-09	-8.954615e-15	9.918667e-02
0	160	R2	8.474576e+00	8.474576e+00	5.371169e-09	2.473399e-14	7.181844e-02
0	161	R2	8.064516e+00	8.064516e+00	5.039994e-09	1.365663e-14	1.300728e-01
0	162	R2	8.547009e+00	8.547009e+00	5.429516e-09	-1.215827e-14	1.461027e-01
0	163	R2	7.352941e+00	7.352941e+00	4.462576e-09	-8.213874e-15	1.081315e-01
0	164	R2	7.518797e+00	7.518797e+00	4.597378e-09	-7.855494e-15	1.130646e-01
0	165	R2	8.695652e+00	8.695652e+00	5.549104e-09	-inf	0.000000e+00
0	166	R2	8.695652e+00	8.695652e+00	5.549104e-09	-2.349232e-14	1.512287e-01
0	167	R2	7.751938e+00	7.751938e+00	4.786685e-09	0.000000e+00	1.201851e-01
0	168	R2	1.204819e+01	1.204819e+01	8.192886e-09	0.000000e+00	1.451589e-01
0	169	R2	1.111111e+01	1.111111e+01	7.463394e-09	-7.194245e-15	2.469136e-01
0	170	R2	7.042254e+00	7.042254e+00	4.209961e-09	-8.954615e-15	9.918667e-02
0	171	R2	4.310345e+00	4.310345e+00	2.096181e-09	0.000000e+00	5.573722e-02


1	6	NOE	3.640000e-01	3.640000e-01	1.447366e-09	-7.930164e-15	2.800000e-02
1	7	NOE	7.250000e-01	7.250000e-01	3.126586e-09	-1.850372e-14	6.000000e-03
1	8	NOE	7.570000e-01	7.570000e-01	3.729850e-09	9.251859e-15	1.200000e-02
1	9	NOE	8.240000e-01	8.240000e-01	1.023563e-08	-2.819716e-08	1.100000e-02
1	10	NOE	8.410000e-01	8.344307e-01	2.322976e-05	6.569341e-01	1.000000e-02
1	11	NOE	8.380000e-01	8.344307e-01	2.534041e-05	4.461675e-01	8.000000e-03
1	12	NOE	8.190000e-01	8.190000e-01	8.410981e-09	0.000000e+00	7.000000e-03
1	13	NOE	7.990000e-01	7.990000e-01	5.538869e-09	1.586033e-14	7.000000e-03
1	14	NOE	8.220000e-01	8.220000e-01	9.374124e-09	0.000000e+00	6.000000e-03
1	15	NOE	8.010000e-01	8.010000e-01	5.703366e-09	2.220446e-14	5.000000e-03
1	16	NOE	7.100000e-01	7.100000e-01	2.927289e-09	0.000000e+00	5.000000e-03
1	17	NOE	6.770000e-01	6.770000e-01	2.593061e-09	-2.220446e-14	5.000000e-03
1	18	NOE	6.430000e-01	6.430000e-01	2.342715e-09	-6.080647e-07	9.000000e-03
1	19	NOE	7.870000e-01	7.870000e-01	4.781038e-09	-2.332148e-07	6.000000e-03
1	20	NOE	7.960000e-01	7.960000e-01	5.316578e-09	1.387779e-14	8.000000e-03
1	21	NOE	7.770000e-01	7.770000e-01	4.340232e-09	-1.387779e-14	8.000000e-03
1	22	NOE	8.210000e-01	8.210000e-01	9.017431e-09	1.586033e-14	7.000000e-03
1	23	NOE	8.550000e-01	8.344307e-01	1.509381e-05	4.113869e+00	5.000000e-03
1	24	NOE	8.150000e-01	8.150000e-01	7.492208e-09	-1.387779e-14	8.000000e-03
1	25	NOE	9.000000e-01	8.344307e-01	2.313906e-05	6.556934e+00	1.000000e-02
1	26	NOE	8.390000e-01	8.344307e-01	1.739019e-05	3.514879e-01	1.300000e-02
1	27	NOE	8.300000e-01	8.300000e-01	1.571497e-08	0.000000e+00	6.000000e-03
1	28	NOE	7.990000e-01	7.990000e-01	5.538869e-09	1.387779e-14	8.000000e-03
1	29	NOE	8.110000e-01	8.110000e-01	6.819867e-09	-9.925860e-08	7.000000e-03
1	30	NOE	8.170000e-01	8.170000e-01	7.912056e-09	0.000000e+00	7.000000e-03
1	31	NOE	8.570000e-01	8.344307e-01	2.016922e-05	3.761557e+00	6.000000e-03
1	32	NOE	7.990000e-01	7.990000e-01	5.538869e-09	1.110223e-14	1.000000e-02
1	33	NOE	7.880000e-01	7.880000e-01	4.832769e-09	-1.957259e-07	7.000000e-03
1	34	NOE	8.280000e-01	8.280000e-01	1.304150e-08	0.000000e+00	7.000000e-03
1	35	NOE	8.300000e-01	8.300000e-01	1.571497e-08	0.000000e+00	6.000000e-03
1	36	NOE	8.130000e-01	8.130000e-01	7.132522e-09	1.586033e-14	7.000000e-03
1	37	NOE	8.450000e-01	8.344307e-01	2.061235e-05	7.549529e-01	1.400000e-02
1	38	NOE	8.150000e-01	8.150000e-01	7.492208e-09	-1.233581e-14	9.000000e-03
1	40	NOE	8.280000e-01	8.280000e-01	1.304150e-08	0.000000e+00	8.000000e-03
1	41	NOE	8.290000e-01	8.290000e-01	1.419303e-08	0.000000e+00	7.000000e-03
1	42	NOE	8.060000e-01	8.060000e-01	6.187890e-09	0.000000e+00	9.000000e-03
1	43	NOE	8.210000e-01	8.210000e-01	9.017431e-09	1.586033e-14	7.000000e-03
1	44	NOE	8.410000e-01	8.344307e-01	2.322976e-05	5.474451e-01	1.200000e-02
1	45	NOE	8.160000e-01	8.160000e-01	7.693598e-09	0.000000e+00	7.000000e-03
1	46	NOE	8.020000e-01	8.020000e-01	5.791250e-09	0.000000e+00	1.200000e-02
1	47	NOE	7.970000e-01	7.970000e-01	5.387706e-09	0.000000e+00	1.300000e-02
1	48	NOE	7.640000e-01	7.640000e-01	3.913771e-09	0.000000e+00	9.000000e-03
1	49	NOE	8.380000e-01	8.344307e-01	2.534041e-05	5.099058e-01	7.000000e-03
1	51	NOE	8.050000e-01	8.050000e-01	6.081204e-09	0.000000e+00	1.000000e-02
1	52	NOE	7.920000e-01	7.920000e-01	5.057606e-09	0.000000e+00	6.000000e-03
1	53	NOE	8.050000e-01	8.050000e-01	6.081204e-09	0.000000e+00	7.000000e-03
1	54	NOE	8.310000e-01	8.310000e-01	1.786097e-08	0.000000e+00	8.000000e-03
1	55	NOE	8.330000e-01	8.330000e-01	2.766418e-08	-1.233581e-14	9.000000e-03
1	56	NOE	8.340000e-01	8.340000e-01	5.042715e-08	0.000000e+00	9.000000e-03
1	57	NOE	8.320000e-01	8.320000e-01	2.122159e-08	0.000000e+00	1.000000e-02
1	59	NOE	7.560000e-01	7.560000e-01	3.705595e-09	-2.775558e-14	8.000000e-03
1	60	NOE	7.620000e-01	7.620000e-01	3.858525e-09	1.387779e-14	8.000000e-03
1	62	NOE	7.800000e-01	7.800000e-01	4.459675e-09	1.586033e-14	7.000000e-03
1	63	NOE	7.610000e-01	7.610000e-01	3.831748e-09	0.000000e+00	6.000000e-03
1	65	NOE	8.010000e-01	8.010000e-01	5.703366e-09	1.110223e-14	1.000000e-02
1	66	NOE	8.120000e-01	8.120000e-01	6.970975e-09	-9.504262e-08	7.000000e-03
1	70	NOE	7.990000e-01	7.990000e-01	5.538869e-09	1.110223e-14	1.000000e-02
1	71	NOE	8.370000e-01	8.344307e-01	2.580892e-05	3.211675e-01	8.000000e-03
1	72	NOE	8.110000e-01	8.110000e-01	6.819867e-09	-9.925860e-08	7.000000e-03
1	73	NOE	8.740000e-01	8.344307e-01	2.247786e-05	5.652763e+00	7.000000e-03
1	74	NOE	7.930000e-01	7.930000e-01	5.118828e-09	0.000000e+00	6.000000e-03
1	75	NOE	8.270000e-01	8.270000e-01	1.213096e-08	0.000000e+00	7.000000e-03
1	76	NOE	8.320000e-01	8.320000e-01	2.122159e-08	0.000000e+00	6.000000e-03
1	77	NOE	9.570000e-01	8.344307e-01	2.479956e-05	6.809408e+00	1.800000e-02
1	78	NOE	6.220000e-01	6.220000e-01	2.218718e-09	-8.540177e-15	1.300000e-02
1	79	NOE	6.110000e-01	6.110000e-01	2.160757e-09	0.000000e+00	8.000000e-03
1	80	NOE	7.480000e-01	7.480000e-01	3.526882e-09	0.000000e+00	4.100000e-02
1	81	NOE	7.270000e-01	7.270000e-01	3.156243e-09	7.930164e-15	1.400000e-02
1	82	NOE	5.560000e-01	5.560000e-01	1.923673e-09	-2.135044e-15	5.200000e-02
1	83	NOE	6.010000e-01	6.010000e-01	2.111603e-09	1.110223e-14	1.000000e-02
1	84	NOE	7.680000e-01	7.680000e-01	4.031619e-09	0.000000e+00	1.100000e-02
1	85	NOE	7.830000e-01	7.830000e-01	4.589381e-09	-1.166148e-07	1.300000e-02
1	86	NOE	8.420000e-01	8.344307e-01	3.979613e-05	5.822569e-01	1.300000e-02
1	87	NOE	8.210000e-01	8.210000e-01	9.017431e-09	1.233581e-14	9.000000e-03
1	88	NOE	8.150000e-01	8.150000e-01	7.492208e-09	-1.110223e-14	1.000000e-02
1	89	NOE	7.670000e-01	7.670000e-01	4.001181e-09	-1.009294e-14	1.100000e-02
1	90	NOE	8.550000e-01	8.344307e-01	1.509381e-05	1.869940e+00	1.100000e-02
1	91	NOE	8.640000e-01	8.344307e-01	2.550188e-05	2.464112e+00	1.200000e-02
1	92	NOE	8.000000e-01	8.000000e-01	5.619330e-09	0.000000e+00	1.200000e-02
1	93	NOE	7.940000e-01	7.940000e-01	5.182300e-09	0.000000e+00	9.000000e-03
1	94	NOE	7.930000e-01	7.930000e-01	5.118828e-09	0.000000e+00	1.000000e-02
1	95	NOE	7.560000e-01	7.560000e-01	3.705595e-09	-3.172066e-14	7.000000e-03
1	96	NOE	6.250000e-01	6.250000e-01	2.235300e-09	-1.586033e-14	7.000000e-03
1	97	NOE	5.640000e-01	5.640000e-01	1.953687e-09	1.586033e-14	7.000000e-03
1	98	NOE	6.500000e-01	6.500000e-01	2.388613e-09	1.110223e-14	1.000000e-02
1	99	NOE	7.450000e-01	7.450000e-01	3.466095e-09	1.387779e-14	8.000000e-03
1	100	NOE	7.720000e-01	7.720000e-01	4.160563e-09	0.000000e+00	1.100000e-02
1	101	NOE	7.060000e-01	7.060000e-01	2.880083e-09	0.000000e+00	1.200000e-02
1	102	NOE	8.200000e-01	8.200000e-01	8.698455e-09	0.000000e+00	2.700000e-02
1	103	NOE	8.530000e-01	8.344307e-01	2.403161e-05	1.237956e+00	1.500000e-02
1	104	NOE	8.080000e-01	8.080000e-01	6.419111e-09	-7.401487e-15	1.500000e-02
1	105	NOE	8.390000e-01	8.344307e-01	1.739019e-05	5.077047e-01	9.000000e-03
1	106	NOE	8.810000e-01	8.344307e-01	2.180731e-05	3.880778e+00	1.200000e-02
1	107	NOE	7.920000e-01	7.920000e-01	5.057606e-09	0.000000e+00	1.100000e-02
1	110	NOE	7.990000e-01	7.990000e-01	5.538869e-09	9.251859e-15	1.200000e-02
1	113	NOE	7.670000e-01	7.670000e-01	4.001181e-09	-1.233581e-14	9.000000e-03
1	114	NOE	7.970000e-01	7.970000e-01	5.387706e-09	0.000000e+00	1.000000e-02
1	115	NOE	8.080000e-01	8.080000e-01	6.419111e-09	-1.387779e-14	8.000000e-03
1	116	NOE	8.240000e-01	8.240000e-01	1.023563e-08	-3.877110e-08	8.000000e-03
1	117	NOE	8.110000e-01	8.110000e-01	6.819867e-09	-9.925860e-08	7.000000e-03
1	118	NOE	8.030000e-01	8.030000e-01	5.883286e-09	0.000000e+00	7.000000e-03
1	120	NOE	8.560000e-01	8.344307e-01	1.543703e-05	2.156934e+00	1.000000e-02
1	121	NOE	8.760000e-01	8.344307e-01	1.874241e-05	5.938477e+00	7.000000e-03
1	122	NOE	7.890000e-01	7.890000e-01	4.886192e-09	1.586033e-14	7.000000e-03
1	123	NOE	7.070000e-01	7.070000e-01	2.891678e-09	1.233581e-14	9.000000e-03
1	124	NOE	7.900000e-01	7.900000e-01	4.941403e-09	-2.018587e-14	1.100000e-02
1	125	NOE	7.710000e-01	7.710000e-01	4.127191e-09	1.110223e-14	1.000000e-02
1	126	NOE	6.640000e-01	6.640000e-01	2.488633e-09	1.009294e-14	1.100000e-02
1	127	NOE	8.520000e-01	8.344307e-01	2.660826e-05	1.098084e+00	1.600000e-02
1	128	NOE	8.670000e-01	8.344307e-01	2.669689e-05	2.714112e+00	1.200000e-02
1	129	NOE	8.560000e-01	8.344307e-01	1.543703e-05	2.696168e+00	8.000000e-03
1	130	NOE	8.430000e-01	8.344307e-01	2.225231e-05	7.790310e-01	1.100000e-02
1	133	NOE	8.110000e-01	8.110000e-01	6.819867e-09	-6.316456e-08	1.100000e-02
1	134	NOE	8.120000e-01	8.120000e-01	6.970975e-09	-6.652984e-08	1.000000e-02
1	135	NOE	8.190000e-01	8.190000e-01	8.410981e-09	0.000000e+00	1.200000e-02
1	136	NOE	8.320000e-01	8.320000e-01	2.122159e-08	0.000000e+00	1.600000e-02
1	137	NOE	8.450000e-01	8.344307e-01	2.061235e-05	1.056934e+00	1.000000e-02
1	138	NOE	8.380000e-01	8.344307e-01	2.534041e-05	3.244855e-01	1.100000e-02
1	139	NOE	8.370000e-01	8.344307e-01	2.580892e-05	2.569340e-01	1.000000e-02
1	140	NOE	7.870000e-01	7.870000e-01	4.781038e-09	-1.399289e-07	1.000000e-02
1	141	NOE	8.170000e-01	8.170000e-01	7.912056e-09	0.000000e+00	1.100000e-02
1	142	NOE	7.840000e-01	7.840000e-01	4.635158e-09	-1.652039e-07	9.000000e-03
1	143	NOE	8.060000e-01	8.060000e-01	6.187890e-09	0.000000e+00	6.000000e-03
1	144	NOE	7.100000e-01	7.100000e-01	2.927289e-09	0.000000e+00	8.000000e-03
1	145	NOE	8.010000e-01	8.010000e-01	5.703366e-09	1.009294e-14	1.100000e-02
1	146	NOE	8.360000e-01	8.344307e-01	2.166614e-05	1.207185e-01	1.300000e-02
1	147	NOE	8.080000e-01	8.080000e-01	6.419111e-09	-1.387779e-14	8.000000e-03
1	148	NOE	8.340000e-01	8.340000e-01	5.042715e-08	0.000000e+00	9.000000e-03
1	149	NOE	7.960000e-01	7.960000e-01	5.316578e-09	1.110223e-14	1.000000e-02
1	150	NOE	8.170000e-01	8.170000e-01	7.912056e-09	0.000000e+00	1.000000e-02
1	151	NOE	8.530000e-01	8.344307e-01	2.403161e-05	2.321168e+00	8.000000e-03
1	152	NOE	8.100000e-01	8.100000e-01	6.678119e-09	0.000000e+00	9.000000e-03
1	153	NOE	8.420000e-01	8.344307e-01	3.979613e-05	3.983863e-01	1.900000e-02
1	154	NOE	8.260000e-01	8.260000e-01	1.138760e-08	0.000000e+00	1.100000e-02
1	156	NOE	8.550000e-01	8.344307e-01	1.509381e-05	2.571168e+00	8.000000e-03
1	158	NOE	7.810000e-01	7.810000e-01	4.501699e-09	1.110223e-14	1.000000e-02
1	159	NOE	7.900000e-01	7.900000e-01	4.941403e-09	-2.467162e-14	9.000000e-03
1	160	NOE	7.920000e-01	7.920000e-01	5.057606e-09	0.000000e+00	8.000000e-03
1	161	NOE	8.120000e-01	8.120000e-01	6.970975e-09	-1.108831e-07	6.000000e-03
1	162	NOE	7.780000e-01	7.780000e-01	4.378991e-09	0.000000e+00	1.200000e-02
1	163	NOE	7.590000e-01	7.590000e-01	3.779791e-09	2.220446e-14	5.000000e-03
1	164	NOE	7.880000e-01	7.880000e-01	4.832769e-09	-1.712602e-07	8.000000e-03
1	165	NOE	8.270000e-01	8.270000e-01	1.213096e-08	0.000000e+00	8.000000e-03
1	166	NOE	7.890000e-01	7.890000e-01	4.886192e-09	1.387779e-14	8.000000e-03
1	167	NOE	7.260000e-01	7.260000e-01	3.141313e-09	0.000000e+00	9.000000e-03
1	168	NOE	7.920000e-01	7.920000e-01	5.057606e-09	0.000000e+00	8.000000e-03
1	169	NOE	7.820000e-01	7.820000e-01	4.544915e-09	0.000000e+00	1.100000e-02
1	170	NOE	5.650000e-01	5.650000e-01	1.957530e-09	3.700743e-14	6.000000e-03
1	171	NOE	4.160000e-01	4.160000e-01	1.544103e-09	8.326673e-14	6.000000e-03


2	6	R1	1.481481e+00	1.481481e+00	5.269604e-10	-6.744605e-15	3.292181e-02
2	7	R1	1.814882e+00	1.814882e+00	6.968588e-09	-6.741296e-14	3.293797e-03
2	8	R1	1.730104e+00	1.730104e+00	7.414481e-09	0.000000e+00	8.979778e-03
2	9	R1	1.776199e+00	1.776199e+00	7.167767e-09	-2.346042e-14	9.464648e-03
2	10	R1	1.763668e+00	1.763668e+00	7.233792e-09	-7.138490e-14	6.221053e-03
2	11	R1	1.838235e+00	1.838235e+00	6.851578e-09	-3.285550e-14	6.758218e-03
2	12	R1	1.886792e+00	1.886792e+00	6.615540e-09	9.355849e-14	7.119972e-03
2	13	R1	1.953125e+00	1.953125e+00	6.307545e-09	8.731149e-14	7.629395e-03
2	14	R1	1.848429e+00	1.848429e+00	6.801232e-09	1.299765e-13	3.416689e-03
2	15	R1	1.736111e+00	1.736111e+00	7.381721e-09	-7.366907e-14	3.014082e-03
2	16	R1	1.479290e+00	1.479290e+00	8.981338e-09	0.000000e+00	4.376597e-03
2	17	R1	1.639344e+00	1.639344e+00	7.933681e-09	0.000000e+00	5.374899e-03
2	18	R1	1.647446e+00	1.647446e+00	7.885371e-09	2.727070e-14	8.142239e-03
2	19	R1	1.612903e+00	1.612903e+00	8.094221e-09	0.000000e+00	2.601457e-03
2	20	R1	1.788909e+00	1.788909e+00	7.101563e-09	0.000000e+00	6.400389e-03
2	21	R1	1.715266e+00	1.715266e+00	7.496210e-09	-7.547052e-14	5.884274e-03
2	22	R1	1.945525e+00	1.945525e+00	6.342045e-09	-2.933165e-14	7.570137e-03
2	23	R1	1.893939e+00	1.893939e+00	6.581583e-09	0.000000e+00	3.587006e-03
2	24	R1	1.876173e+00	1.876173e+00	6.666360e-09	2.935941e-06	7.040047e-03
2	25	R1	2.028398e+00	2.028398e+00	5.975794e-09	-5.396772e-14	8.228793e-03
2	26	R1	1.838235e+00	1.838235e+00	6.851578e-09	-1.642775e-14	1.351644e-02
2	27	R1	1.949318e+00	1.949318e+00	6.324804e-09	5.843526e-14	3.799840e-03
2	28	R1	1.862197e+00	1.862197e+00	6.733911e-09	0.000000e+00	3.467779e-03
2	29	R1	1.811594e+00	1.811594e+00	6.985253e-09	6.765788e-14	6.563747e-03
2	30	R1	1.937984e+00	1.937984e+00	6.376472e-09	5.912071e-14	3.755784e-03
2	31	R1	1.908397e+00	1.908397e+00	6.513479e-09	1.219362e-13	3.641979e-03
2	32	R1	1.858736e+00	1.858736e+00	6.750762e-09	3.213474e-14	6.909799e-03
2	33	R1	1.792115e+00	1.792115e+00	7.084983e-09	0.000000e+00	6.423350e-03
2	34	R1	1.908397e+00	1.908397e+00	6.513479e-09	-3.048406e-14	7.283958e-03
2	35	R1	1.805054e+00	1.805054e+00	7.018545e-09	1.022236e-13	6.516441e-03
2	36	R1	1.845018e+00	1.845018e+00	6.818028e-09	3.261436e-14	6.808186e-03
2	37	R1	1.912046e+00	1.912046e+00	6.496413e-09	-1.518391e-14	1.462368e-02
2	38	R1	1.795332e+00	1.795332e+00	7.068391e-09	-6.888912e-14	6.446435e-03
2	40	R1	1.805054e+00	1.805054e+00	7.018545e-09	3.407452e-14	6.516441e-03
2	41	R1	1.838235e+00	1.838235e+00	6.851578e-09	0.000000e+00	6.758218e-03
2	42	R1	1.901141e+00	1.901141e+00	6.547563e-09	3.071721e-14	7.228672e-03
2	43	R1	1.976285e+00	1.976285e+00	6.203588e-09	2.842571e-14	7.811402e-03
2	44	R1	1.926782e+00	1.926782e+00	6.427979e-09	-2.990508e-14	7.424980e-03
2	45	R1	1.865672e+00	1.865672e+00	6.717045e-09	3.189626e-14	6.961461e-03
2	46	R1	1.980198e+00	1.980198e+00	6.186193e-09	-1.887564e-14	1.176355e-02
2	47	R1	1.919386e+00	1.919386e+00	6.462230e-09	0.000000e+00	7.368084e-03
2	48	R1	1.798561e+00	1.798561e+00	7.051788e-09	6.864198e-14	6.469644e-03
2	49	R1	1.821494e+00	1.821494e+00	6.935221e-09	3.094810e-06	6.635678e-03
2	51	R1	1.709402e+00	1.709402e+00	7.528835e-09	2.532974e-14	8.766163e-03
2	52	R1	1.782531e+00	1.782531e+00	7.134688e-09	6.988210e-14	6.354835e-03
2	53	R1	1.782531e+00	1.782531e+00	7.134688e-09	6.988210e-14	6.354835e-03
2	54	R1	1.897533e+00	1.897533e+00	6.564581e-09	0.000000e+00	1.080190e-02
2	55	R1	1.926782e+00	1.926782e+00	6.427979e-09	2.990508e-14	7.424980e-03
2	56	R1	1.949318e+00	1.949318e+00	6.324804e-09	2.921763e-14	7.599679e-03
2	57	R1	1.926782e+00	1.926782e+00	6.427979e-09	-2.990508e-14	7.424980e-03
2	59	R1	1.795332e+00	1.795332e+00	7.068391e-09	6.888912e-14	6.446435e-03
2	60	R1	1.577287e+00	1.577287e+00	8.317790e-09	0.000000e+00	4.975669e-03
2	62	R1	1.672241e+00	1.672241e+00	7.740013e-09	3.970202e-14	5.592779e-03
2	63	R1	1.508296e+00	1.508296e+00	8.776996e-09	0.000000e+00	6.824867e-03
2	65	R1	1.773050e+00	1.773050e+00	7.184290e-09	7.063150e-14	6.287410e-03
2	66	R1	2.004008e+00	2.004008e+00	6.081387e-09	-5.528933e-14	8.032096e-03
2	70	R1	1.858736e+00	1.858736e+00	6.750762e-09	6.426948e-14	1.036470e-02
2	71	R1	1.984127e+00	1.984127e+00	6.168777e-09	0.000000e+00	7.873520e-03
2	72	R1	1.992032e+00	1.992032e+00	6.133884e-09	-5.595613e-14	3.968191e-03
2	73	R1	2.000000e+00	2.000000e+00	6.098907e-09	0.000000e+00	8.000000e-03
2	74	R1	1.980198e+00	1.980198e+00	6.186193e-09	-5.662693e-14	3.921184e-03
2	75	R1	1.988072e+00	1.988072e+00	6.151341e-09	5.617928e-14	3.952429e-03
2	76	R1	1.960784e+00	1.960784e+00	6.272970e-09	-2.887690e-14	7.689350e-03
2	77	R1	2.169197e+00	2.169197e+00	5.396447e-09	0.000000e+00	2.352709e-02
2	78	R1	1.589825e+00	1.589825e+00	8.238096e-09	-2.928332e-14	7.582632e-03
2	79	R1	1.715266e+00	1.715266e+00	7.496210e-09	-7.547052e-14	5.884274e-03
2	80	R1	1.724138e+00	1.724138e+00	7.447202e-09	-1.659907e-14	2.675386e-02
2	81	R1	1.824818e+00	1.824818e+00	6.918519e-09	0.000000e+00	1.331984e-02
2	82	R1	1.589825e+00	1.589825e+00	8.238096e-09	-4.183331e-15	5.307842e-02
2	83	R1	1.538462e+00	1.538462e+00	8.571753e-09	-6.254256e-14	7.100592e-03
2	84	R1	1.760563e+00	1.760563e+00	7.250270e-09	1.432738e-13	6.199167e-03
2	85	R1	1.919386e+00	1.919386e+00	6.462230e-09	0.000000e+00	7.368084e-03
2	86	R1	1.908397e+00	1.908397e+00	6.513479e-09	-2.032271e-14	1.092594e-02
2	87	R1	1.980198e+00	1.980198e+00	6.186193e-09	-2.831346e-14	7.842368e-03
2	88	R1	1.980198e+00	1.980198e+00	6.186193e-09	-2.831346e-14	7.842368e-03
2	89	R1	1.897533e+00	1.897533e+00	6.564581e-09	0.000000e+00	1.080190e-02
2	90	R1	1.964637e+00	1.964637e+00	6.255654e-09	0.000000e+00	7.719593e-03
2	91	R1	1.879699e+00	1.879699e+00	6.649435e-09	-1.571099e-14	1.413308e-02
2	92	R1	1.730104e+00	1.730104e+00	7.414481e-09	0.000000e+00	1.197304e-02
2	93	R1	1.748252e+00	1.748252e+00	7.316079e-09	-7.264944e-14	9.169153e-03
2	94	R1	1.926782e+00	1.926782e+00	6.427979e-09	-2.990508e-14	7.424980e-03
2	95	R1	1.858736e+00	1.858736e+00	6.750762e-09	-3.213474e-14	6.909799e-03
2	96	R1	1.709402e+00	1.709402e+00	7.528835e-09	3.799461e-14	5.844108e-03
2	97	R1	1.650165e+00	1.650165e+00	7.869253e-09	8.154277e-14	2.723045e-03
2	98	R1	1.677852e+00	1.677852e+00	7.707620e-09	3.943690e-14	1.126075e-02
2	99	R1	1.721170e+00	1.721170e+00	7.463547e-09	7.495360e-14	5.924855e-03
2	100	R1	1.785714e+00	1.785714e+00	7.118131e-09	0.000000e+00	9.566327e-03
2	101	R1	1.785714e+00	1.785714e+00	7.118131e-09	0.000000e+00	1.275510e-02
2	102	R1	1.834862e+00	1.834862e+00	6.868333e-09	-9.421828e-15	2.356704e-02
2	103	R1	1.897533e+00	1.897533e+00	6.564581e-09	-6.166823e-14	7.201265e-03
2	104	R1	1.949318e+00	1.949318e+00	6.324804e-09	-1.947842e-14	1.139952e-02
2	105	R1	1.926782e+00	1.926782e+00	6.427979e-09	2.990508e-14	7.424980e-03
2	106	R1	1.788909e+00	1.788909e+00	7.101563e-09	6.938472e-14	6.400389e-03
2	107	R1	1.869159e+00	1.869159e+00	6.700165e-09	0.000000e+00	6.987510e-03
2	110	R1	1.886792e+00	1.886792e+00	6.615540e-09	3.118616e-14	7.119972e-03
2	113	R1	1.538462e+00	1.538462e+00	8.571753e-09	0.000000e+00	7.100592e-03
2	114	R1	1.828154e+00	1.828154e+00	6.901803e-09	-3.321887e-14	6.684291e-03
2	115	R1	1.769912e+00	1.769912e+00	7.200802e-09	3.544109e-14	6.265173e-03
2	116	R1	1.919386e+00	1.919386e+00	6.462230e-09	3.013600e-14	7.368084e-03
2	117	R1	1.798561e+00	1.798561e+00	7.051788e-09	-6.864198e-14	3.234822e-03
2	118	R1	1.879699e+00	1.879699e+00	6.649435e-09	-6.284395e-14	3.533269e-03
2	120	R1	1.872659e+00	1.872659e+00	6.683270e-09	-1.266347e-13	7.013705e-03
2	121	R1	1.945525e+00	1.945525e+00	6.342045e-09	-5.866330e-14	3.785069e-03
2	122	R1	1.848429e+00	1.848429e+00	6.801232e-09	6.498824e-14	6.833378e-03
2	123	R1	1.763668e+00	1.763668e+00	7.233792e-09	0.000000e+00	6.221053e-03
2	124	R1	1.824818e+00	1.824818e+00	6.918519e-09	0.000000e+00	9.989877e-03
2	125	R1	1.841621e+00	1.841621e+00	6.834810e-09	4.364642e-14	1.017470e-02
2	126	R1	1.572327e+00	1.572327e+00	8.349623e-09	2.993872e-14	7.416637e-03
2	127	R1	1.915709e+00	1.915709e+00	6.479330e-09	1.512590e-14	1.467976e-02
2	128	R1	1.934236e+00	1.934236e+00	6.393659e-09	0.000000e+00	1.122381e-02
2	129	R1	1.763668e+00	1.763668e+00	7.233792e-09	0.000000e+00	6.221053e-03
2	130	R1	1.745201e+00	1.745201e+00	7.332505e-09	4.860246e-14	9.137176e-03
2	133	R1	1.945525e+00	1.945525e+00	6.342045e-09	3.910886e-14	1.135521e-02
2	134	R1	1.923077e+00	1.923077e+00	6.445113e-09	3.002043e-14	7.396450e-03
2	135	R1	1.904762e+00	1.904762e+00	6.530529e-09	2.040035e-14	1.088435e-02
2	136	R1	1.904762e+00	1.904762e+00	6.530529e-09	-4.080070e-14	1.088435e-02
2	137	R1	1.984127e+00	1.984127e+00	6.168777e-09	5.640288e-14	1.181028e-02
2	138	R1	1.996008e+00	1.996008e+00	6.116406e-09	1.857781e-14	1.195214e-02
2	139	R1	2.028398e+00	2.028398e+00	5.975794e-09	-3.597848e-14	1.234319e-02
2	140	R1	1.727116e+00	1.727116e+00	7.430846e-09	4.962564e-14	8.948786e-03
2	141	R1	1.769912e+00	1.769912e+00	7.200802e-09	2.362740e-14	9.397760e-03
2	142	R1	1.824818e+00	1.824818e+00	6.918519e-09	0.000000e+00	6.659918e-03
2	143	R1	1.901141e+00	1.901141e+00	6.547563e-09	3.071721e-14	7.228672e-03
2	144	R1	1.733102e+00	1.733102e+00	7.398106e-09	3.696254e-14	6.007287e-03
2	145	R1	1.782531e+00	1.782531e+00	7.134688e-09	6.988210e-14	6.354835e-03
2	146	R1	1.996008e+00	1.996008e+00	6.116406e-09	1.393335e-14	1.593619e-02
2	147	R1	1.988072e+00	1.988072e+00	6.151341e-09	2.808964e-14	7.904857e-03
2	148	R1	1.945525e+00	1.945525e+00	6.342045e-09	5.866330e-14	7.570137e-03
2	149	R1	1.919386e+00	1.919386e+00	6.462230e-09	2.009067e-14	1.105213e-02
2	150	R1	1.824818e+00	1.824818e+00	6.918519e-09	6.668088e-14	6.659918e-03
2	151	R1	1.890359e+00	1.890359e+00	6.598569e-09	3.106859e-14	7.146916e-03
2	152	R1	1.934236e+00	1.934236e+00	6.393659e-09	0.000000e+00	1.122381e-02
2	153	R1	1.855288e+00	1.855288e+00	6.767600e-09	-1.290172e-14	1.721046e-02
2	154	R1	1.584786e+00	1.584786e+00	8.269994e-09	4.420475e-14	5.023094e-03
2	156	R1	1.754386e+00	1.754386e+00	7.283196e-09	-1.442846e-13	3.077870e-03
2	158	R1	1.945525e+00	1.945525e+00	6.342045e-09	-2.933165e-14	7.570137e-03
2	159	R1	1.818182e+00	1.818182e+00	6.951911e-09	6.716849e-14	6.611570e-03
2	160	R1	2.020202e+00	2.020202e+00	6.011083e-09	0.000000e+00	4.081216e-03
2	161	R1	1.930502e+00	1.930502e+00	6.410828e-09	-2.978995e-14	7.453675e-03
2	162	R1	1.908397e+00	1.908397e+00	6.513479e-09	6.096812e-14	7.283958e-03
2	163	R1	1.953125e+00	1.953125e+00	6.307545e-09	1.746230e-13	3.814697e-03
2	164	R1	1.897533e+00	1.897533e+00	6.564581e-09	-6.166823e-14	7.201265e-03
2	165	R1	2.000000e+00	2.000000e+00	6.098907e-09	nan	0.000000e+00
2	166	R1	2.074689e+00	2.074689e+00	5.779957e-09	0.000000e+00	8.608667e-03
2	167	R1	1.945525e+00	1.945525e+00	6.342045e-09	-1.955443e-14	1.135521e-02
2	168	R1	1.945525e+00	1.945525e+00	6.342045e-09	-2.933165e-14	7.570137e-03
2	169	R1	1.926782e+00	1.926782e+00	6.427979e-09	-2.990508e-14	7.424980e-03
2	170	R1	1.661130e+00	1.661130e+00	7.804698e-09	4.023493e-14	5.518703e-03
2	171	R1	1.515152e+00	1.515152e+00	8.729715e-09	4.836131e-14	4.591368e-03


