6	1.179245e+00	6.953097e-01	3.640000e-01	2.800000e-02	1.481481e+00	3.292181e-02	9.551139e-02	
7	8.771930e+00	7.694675e-02	7.250000e-01	6.000000e-03	1.814882e+00	3.293797e-03	5.059213e-02	
8	8.928571e+00	1.594388e-01	7.570000e-01	1.200000e-02	1.730104e+00	8.979778e-03	4.261674e-02	
9	8.064516e+00	1.951093e-01	8.240000e-01	1.100000e-02	1.776199e+00	9.464648e-03	3.168882e-02	
10	7.692308e+00	1.183432e-01	8.410000e-01	1.000000e-02	1.763668e+00	6.221053e-03	2.842601e-02	
11	7.407407e+00	1.097394e-01	8.380000e-01	8.000000e-03	1.838235e+00	6.758218e-03	3.018686e-02	
12	7.575758e+00	5.739210e-02	8.190000e-01	7.000000e-03	1.886792e+00	7.119972e-03	3.461820e-02	
13	8.474576e+00	7.181844e-02	7.990000e-01	7.000000e-03	1.953125e+00	7.629395e-03	3.979495e-02	
14	8.130081e+00	6.609822e-02	8.220000e-01	6.000000e-03	1.848429e+00	3.416689e-03	3.335221e-02	
15	6.410256e+00	4.109139e-02	8.010000e-01	5.000000e-03	1.736111e+00	3.014082e-03	3.502131e-02	
16	4.950495e+00	4.901480e-02	7.100000e-01	5.000000e-03	1.479290e+00	4.376597e-03	4.348637e-02	
17	5.555556e+00	9.259259e-02	6.770000e-01	5.000000e-03	1.639344e+00	5.374899e-03	5.367531e-02	
18	6.134969e+00	1.505514e-01	6.430000e-01	9.000000e-03	1.647446e+00	8.142239e-03	5.961854e-02	
19	6.993007e+00	9.780429e-02	7.870000e-01	6.000000e-03	1.612903e+00	2.601457e-03	3.482489e-02	
20	7.575758e+00	1.147842e-01	7.960000e-01	8.000000e-03	1.788909e+00	6.400389e-03	3.699306e-02	
21	6.578947e+00	1.298476e-01	7.770000e-01	8.000000e-03	1.715266e+00	5.884274e-03	3.877378e-02	
22	7.812500e+00	6.103516e-02	8.210000e-01	7.000000e-03	1.945525e+00	7.570137e-03	3.530139e-02	
23	7.352941e+00	5.406574e-02	8.550000e-01	5.000000e-03	1.893939e+00	3.587006e-03	2.783786e-02	
24	8.264463e+00	1.366027e-01	8.150000e-01	8.000000e-03	1.876173e+00	7.040047e-03	3.518409e-02	
25	7.812500e+00	1.220703e-01	9.000000e-01	1.000000e-02	2.028398e+00	8.228793e-03	2.056151e-02	
26	7.936508e+00	3.779289e-01	8.390000e-01	1.300000e-02	1.838235e+00	1.351644e-02	3.000052e-02	
27	8.264463e+00	6.830135e-02	8.300000e-01	6.000000e-03	1.949318e+00	3.799840e-03	3.359181e-02	
28	8.000000e+00	1.280000e-01	7.990000e-01	8.000000e-03	1.862197e+00	3.467779e-03	3.794230e-02	
29	8.000000e+00	6.400000e-02	8.110000e-01	7.000000e-03	1.811594e+00	6.563747e-03	3.470760e-02	
30	7.812500e+00	6.103516e-02	8.170000e-01	7.000000e-03	1.937984e+00	3.755784e-03	3.595036e-02	
31	7.692308e+00	5.917160e-02	8.570000e-01	6.000000e-03	1.908397e+00	3.641979e-03	2.766347e-02	
32	7.812500e+00	6.103516e-02	7.990000e-01	1.000000e-02	1.858736e+00	6.909799e-03	3.787177e-02	
33	7.246377e+00	5.250998e-02	7.880000e-01	7.000000e-03	1.792115e+00	6.423350e-03	3.851266e-02	
34	8.333333e+00	6.944444e-02	8.280000e-01	7.000000e-03	1.908397e+00	7.283958e-03	3.327354e-02	
35	7.936508e+00	1.259763e-01	8.300000e-01	6.000000e-03	1.805054e+00	6.516441e-03	3.110577e-02	
36	7.518797e+00	1.130646e-01	8.130000e-01	7.000000e-03	1.845018e+00	6.808186e-03	3.497391e-02	
37	8.333333e+00	2.083333e-01	8.450000e-01	1.400000e-02	1.912046e+00	1.462368e-02	3.004221e-02	
38	8.264463e+00	1.366027e-01	8.150000e-01	9.000000e-03	1.795332e+00	6.446435e-03	3.366808e-02	
40	8.333333e+00	1.388889e-01	8.280000e-01	8.000000e-03	1.805054e+00	6.516441e-03	3.147172e-02	
41	8.264463e+00	6.830135e-02	8.290000e-01	7.000000e-03	1.838235e+00	6.758218e-03	3.186391e-02	
42	7.633588e+00	1.165433e-01	8.060000e-01	9.000000e-03	1.901141e+00	7.228672e-03	3.738676e-02	
43	8.064516e+00	6.503642e-02	8.210000e-01	7.000000e-03	1.976285e+00	7.811402e-03	3.585951e-02	
44	8.000000e+00	1.280000e-01	8.410000e-01	1.200000e-02	1.926782e+00	7.424980e-03	3.105501e-02	
45	8.130081e+00	6.609822e-02	8.160000e-01	7.000000e-03	1.865672e+00	6.961461e-03	3.479805e-02	
46	8.130081e+00	1.321964e-01	8.020000e-01	1.200000e-02	1.980198e+00	1.176355e-02	3.974437e-02	
47	7.874016e+00	1.240002e-01	7.970000e-01	1.300000e-02	1.919386e+00	7.368084e-03	3.949664e-02	
48	7.194245e+00	1.552715e-01	7.640000e-01	9.000000e-03	1.798561e+00	6.469644e-03	4.302680e-02	
49	8.849558e+00	7.831467e-02	8.380000e-01	7.000000e-03	1.821494e+00	6.635678e-03	2.991194e-02	
51	6.849315e+00	1.407394e-01	8.050000e-01	1.000000e-02	1.709402e+00	8.766163e-03	3.378941e-02	
52	7.407407e+00	1.097394e-01	7.920000e-01	6.000000e-03	1.782531e+00	6.354835e-03	3.758394e-02	
53	7.462687e+00	1.113834e-01	8.050000e-01	7.000000e-03	1.782531e+00	6.354835e-03	3.523494e-02	
54	8.064516e+00	1.951093e-01	8.310000e-01	8.000000e-03	1.897533e+00	1.080190e-02	3.250708e-02	
55	8.064516e+00	1.300728e-01	8.330000e-01	9.000000e-03	1.926782e+00	7.424980e-03	3.261752e-02	
56	7.874016e+00	1.240002e-01	8.340000e-01	9.000000e-03	1.949318e+00	7.599679e-03	3.280141e-02	
57	8.130081e+00	1.321964e-01	8.320000e-01	1.000000e-02	1.926782e+00	7.424980e-03	3.281284e-02	
59	7.352941e+00	1.081315e-01	7.560000e-01	8.000000e-03	1.795332e+00	6.446435e-03	4.440547e-02	
60	6.410256e+00	8.218277e-02	7.620000e-01	8.000000e-03	1.577287e+00	4.975669e-03	3.805306e-02	
62	6.756757e+00	9.130752e-02	7.800000e-01	7.000000e-03	1.672241e+00	5.592779e-03	3.729266e-02	
63	5.102041e+00	1.041233e-01	7.610000e-01	6.000000e-03	1.508296e+00	6.824867e-03	3.654149e-02	
65	9.090909e+00	1.652893e-01	8.010000e-01	1.000000e-02	1.773050e+00	6.287410e-03	3.576645e-02	
66	8.130081e+00	1.321964e-01	8.120000e-01	7.000000e-03	2.004008e+00	8.032096e-03	3.819083e-02	
70	7.874016e+00	1.240002e-01	7.990000e-01	1.000000e-02	1.858736e+00	1.036470e-02	3.787177e-02	
71	8.928571e+00	7.971939e-02	8.370000e-01	8.000000e-03	1.984127e+00	7.873520e-03	3.278377e-02	
72	8.333333e+00	6.944444e-02	8.110000e-01	7.000000e-03	1.992032e+00	3.968191e-03	3.816453e-02	
73	8.849558e+00	7.831467e-02	8.740000e-01	7.000000e-03	2.000000e+00	8.000000e-03	2.554479e-02	
74	7.812500e+00	1.220703e-01	7.930000e-01	6.000000e-03	1.980198e+00	3.921184e-03	4.155094e-02	
75	8.196721e+00	6.718624e-02	8.270000e-01	7.000000e-03	1.988072e+00	3.952429e-03	3.486422e-02	
76	8.474576e+00	1.436369e-01	8.320000e-01	6.000000e-03	1.960784e+00	7.689350e-03	3.339189e-02	
77	9.708738e+00	1.885192e-01	9.570000e-01	1.800000e-02	2.169197e+00	2.352709e-02	9.455171e-03	
78	5.882353e+00	1.038062e-01	6.220000e-01	1.300000e-02	1.589825e+00	7.582632e-03	6.091763e-02	
79	6.097561e+00	1.487210e-01	6.110000e-01	8.000000e-03	1.715266e+00	5.884274e-03	6.763677e-02	
80	7.575758e+00	4.591368e-01	7.480000e-01	4.100000e-02	1.724138e+00	2.675386e-02	4.404275e-02	
81	5.524862e+00	1.831446e-01	7.270000e-01	1.400000e-02	1.824818e+00	1.331984e-02	5.049913e-02	
82	5.780347e+00	5.680110e-01	5.560000e-01	5.200000e-02	1.589825e+00	5.307842e-02	7.155404e-02	
83	5.405405e+00	8.765522e-02	6.010000e-01	1.000000e-02	1.538462e+00	7.100592e-03	6.222449e-02	
84	6.896552e+00	9.512485e-02	7.680000e-01	1.100000e-02	1.760563e+00	6.199167e-03	4.140392e-02	
85	9.009009e+00	1.623245e-01	7.830000e-01	1.300000e-02	1.919386e+00	7.368084e-03	4.222055e-02	
86	8.264463e+00	2.049040e-01	8.420000e-01	1.300000e-02	1.908397e+00	1.092594e-02	3.056523e-02	
87	7.936508e+00	1.259763e-01	8.210000e-01	9.000000e-03	1.980198e+00	7.842368e-03	3.593052e-02	
88	8.695652e+00	1.512287e-01	8.150000e-01	1.000000e-02	1.980198e+00	7.842368e-03	3.713489e-02	
89	7.407407e+00	1.097394e-01	7.670000e-01	1.100000e-02	1.897533e+00	1.080190e-02	4.481745e-02	
90	8.403361e+00	1.412330e-01	8.550000e-01	1.100000e-02	1.964637e+00	7.719593e-03	2.887700e-02	
91	7.874016e+00	1.860004e-01	8.640000e-01	1.200000e-02	1.879699e+00	1.413308e-02	2.591368e-02	
92	8.000000e+00	1.280000e-01	8.000000e-01	1.200000e-02	1.730104e+00	1.197304e-02	3.507551e-02	
93	7.092199e+00	1.005986e-01	7.940000e-01	9.000000e-03	1.748252e+00	9.169153e-03	3.650674e-02	
94	8.928571e+00	2.391582e-01	7.930000e-01	1.000000e-02	1.926782e+00	7.424980e-03	4.043010e-02	
95	7.633588e+00	1.165433e-01	7.560000e-01	7.000000e-03	1.858736e+00	6.909799e-03	4.597369e-02	
96	5.586592e+00	9.363004e-02	6.250000e-01	7.000000e-03	1.709402e+00	5.844108e-03	6.497963e-02	
97	5.076142e+00	5.153444e-02	5.640000e-01	7.000000e-03	1.650165e+00	2.723045e-03	7.293159e-02	
98	6.060606e+00	1.469238e-01	6.500000e-01	1.000000e-02	1.677852e+00	1.126075e-02	5.952832e-02	
99	8.000000e+00	6.400000e-02	7.450000e-01	8.000000e-03	1.721170e+00	5.924855e-03	4.449036e-02	
100	7.751938e+00	1.201851e-01	7.720000e-01	1.100000e-02	1.785714e+00	9.566327e-03	4.127135e-02	
101	5.263158e+00	1.385042e-01	7.060000e-01	1.200000e-02	1.785714e+00	1.275510e-02	5.321832e-02	
102	1.063830e+01	5.658669e-01	8.200000e-01	2.700000e-02	1.834862e+00	2.356704e-02	3.347941e-02	
103	7.462687e+00	1.113834e-01	8.530000e-01	1.500000e-02	1.897533e+00	7.201265e-03	2.827539e-02	
104	8.333333e+00	2.083333e-01	8.080000e-01	1.500000e-02	1.949318e+00	1.139952e-02	3.793898e-02	
105	8.064516e+00	1.300728e-01	8.390000e-01	9.000000e-03	1.926782e+00	7.424980e-03	3.144563e-02	
106	7.246377e+00	1.575299e-01	8.810000e-01	1.200000e-02	1.788909e+00	6.400389e-03	2.157928e-02	
107	8.403361e+00	1.412330e-01	7.920000e-01	1.100000e-02	1.869159e+00	6.987510e-03	3.941045e-02	
110	7.633588e+00	1.165433e-01	7.990000e-01	1.200000e-02	1.886792e+00	7.119972e-03	3.844342e-02	
113	5.988024e+00	1.075693e-01	7.670000e-01	9.000000e-03	1.538462e+00	7.100592e-03	3.633661e-02	
114	8.000000e+00	1.280000e-01	7.970000e-01	1.000000e-02	1.828154e+00	6.684291e-03	3.761929e-02	
115	7.575758e+00	1.147842e-01	8.080000e-01	8.000000e-03	1.769912e+00	6.265173e-03	3.444725e-02	
116	8.130081e+00	1.321964e-01	8.240000e-01	8.000000e-03	1.919386e+00	7.368084e-03	3.424339e-02	
117	7.352941e+00	1.081315e-01	8.110000e-01	7.000000e-03	1.798561e+00	3.234822e-03	3.445790e-02	
118	7.462687e+00	5.569169e-02	8.030000e-01	7.000000e-03	1.879699e+00	3.533269e-03	3.753673e-02	
120	9.090909e+00	1.652893e-01	8.560000e-01	1.000000e-02	1.872659e+00	7.013705e-03	2.733525e-02	
121	8.333333e+00	1.388889e-01	8.760000e-01	7.000000e-03	1.945525e+00	3.785069e-03	2.445459e-02	
122	7.812500e+00	1.220703e-01	7.890000e-01	7.000000e-03	1.848429e+00	6.833378e-03	3.953548e-02	
123	7.352941e+00	1.081315e-01	7.070000e-01	9.000000e-03	1.763668e+00	6.221053e-03	5.238252e-02	
124	7.692308e+00	1.775148e-01	7.900000e-01	1.100000e-02	1.824818e+00	9.989877e-03	3.884549e-02	
125	7.751938e+00	1.201851e-01	7.710000e-01	1.000000e-02	1.841621e+00	1.017470e-02	4.275014e-02	
126	6.134969e+00	7.527570e-02	6.640000e-01	1.100000e-02	1.572327e+00	7.416637e-03	5.355302e-02	
127	9.009009e+00	3.246490e-01	8.520000e-01	1.600000e-02	1.915709e+00	1.467976e-02	2.874042e-02	
128	8.695652e+00	2.268431e-01	8.670000e-01	1.200000e-02	1.934236e+00	1.122381e-02	2.607732e-02	
129	7.812500e+00	1.220703e-01	8.560000e-01	8.000000e-03	1.763668e+00	6.221053e-03	2.574431e-02	
130	8.264463e+00	2.049040e-01	8.430000e-01	1.100000e-02	1.745201e+00	9.137176e-03	2.777454e-02	
133	1.000000e+01	2.000000e-01	8.110000e-01	1.100000e-02	1.945525e+00	1.135521e-02	3.727353e-02	
134	8.928571e+00	1.594388e-01	8.120000e-01	1.000000e-02	1.923077e+00	7.396450e-03	3.664851e-02	
135	1.052632e+01	3.324100e-01	8.190000e-01	1.200000e-02	1.904762e+00	1.088435e-02	3.494790e-02	
136	1.298701e+01	3.373250e-01	8.320000e-01	1.600000e-02	1.904762e+00	1.088435e-02	3.243783e-02	
137	9.259259e+00	2.572016e-01	8.450000e-01	1.000000e-02	1.984127e+00	1.181028e-02	3.117475e-02	
138	8.695652e+00	3.024575e-01	8.380000e-01	1.100000e-02	1.996008e+00	1.195214e-02	3.277775e-02	
139	7.246377e+00	4.725898e-01	8.370000e-01	1.000000e-02	2.028398e+00	1.234319e-02	3.351525e-02	
140	7.518797e+00	1.130646e-01	7.870000e-01	1.000000e-02	1.727116e+00	8.948786e-03	3.729090e-02	
141	8.771930e+00	1.538935e-01	8.170000e-01	1.100000e-02	1.769912e+00	9.397760e-03	3.283254e-02	
142	7.692308e+00	1.183432e-01	7.840000e-01	9.000000e-03	1.824818e+00	6.659918e-03	3.995536e-02	
143	8.403361e+00	7.061648e-02	8.060000e-01	6.000000e-03	1.901141e+00	7.228672e-03	3.738676e-02	
144	6.849315e+00	9.382623e-02	7.100000e-01	8.000000e-03	1.733102e+00	6.007287e-03	5.094763e-02	
145	8.849558e+00	7.831467e-02	8.010000e-01	1.100000e-02	1.782531e+00	6.354835e-03	3.595771e-02	
146	7.142857e+00	1.530612e-01	8.360000e-01	1.300000e-02	1.996008e+00	1.593619e-02	3.318241e-02	
147	8.000000e+00	1.280000e-01	8.080000e-01	8.000000e-03	1.988072e+00	7.904857e-03	3.869324e-02	
148	7.575758e+00	1.147842e-01	8.340000e-01	9.000000e-03	1.945525e+00	7.570137e-03	3.273760e-02	
149	8.333333e+00	1.388889e-01	7.960000e-01	1.000000e-02	1.919386e+00	1.105213e-02	3.969120e-02	
150	7.633588e+00	5.827166e-02	8.170000e-01	1.000000e-02	1.824818e+00	6.659918e-03	3.385107e-02	
151	8.333333e+00	1.388889e-01	8.530000e-01	8.000000e-03	1.890359e+00	7.146916e-03	2.816849e-02	
152	8.333333e+00	1.388889e-01	8.100000e-01	9.000000e-03	1.934236e+00	1.122381e-02	3.725331e-02	
153	9.090909e+00	4.132231e-01	8.420000e-01	1.900000e-02	1.855288e+00	1.721046e-02	2.971462e-02	
154	5.555556e+00	1.234568e-01	8.260000e-01	1.100000e-02	1.584786e+00	5.023094e-03	2.795257e-02	
156	7.936508e+00	6.298816e-02	8.550000e-01	8.000000e-03	1.754386e+00	3.077870e-03	2.578665e-02	
158	7.751938e+00	1.201851e-01	7.810000e-01	1.000000e-02	1.945525e+00	7.570137e-03	4.318996e-02	
159	7.042254e+00	9.918667e-02	7.900000e-01	9.000000e-03	1.818182e+00	6.611570e-03	3.870423e-02	
160	8.474576e+00	7.181844e-02	7.920000e-01	8.000000e-03	2.020202e+00	4.081216e-03	4.259513e-02	
161	8.064516e+00	1.300728e-01	8.120000e-01	6.000000e-03	1.930502e+00	7.453675e-03	3.679001e-02	
162	8.547009e+00	1.461027e-01	7.780000e-01	1.200000e-02	1.908397e+00	7.283958e-03	4.294608e-02	
163	7.352941e+00	1.081315e-01	7.590000e-01	5.000000e-03	1.953125e+00	3.814697e-03	4.771434e-02	
164	7.518797e+00	1.130646e-01	7.880000e-01	8.000000e-03	1.897533e+00	7.201265e-03	4.077811e-02	
165	8.695652e+00	0.000000e+00	8.270000e-01	8.000000e-03	2.000000e+00	0.000000e+00	3.507341e-02	
166	8.695652e+00	1.512287e-01	7.890000e-01	8.000000e-03	2.074689e+00	8.608667e-03	4.437489e-02	
167	7.751938e+00	1.201851e-01	7.260000e-01	9.000000e-03	1.945525e+00	1.135521e-02	5.403676e-02	
168	1.204819e+01	1.451589e-01	7.920000e-01	8.000000e-03	1.945525e+00	7.570137e-03	4.102060e-02	
169	1.111111e+01	2.469136e-01	7.820000e-01	1.100000e-02	1.926782e+00	7.424980e-03	4.257856e-02	
170	7.042254e+00	9.918667e-02	5.650000e-01	6.000000e-03	1.661130e+00	5.518703e-03	7.324780e-02	
171	4.310345e+00	5.573722e-02	4.160000e-01	6.000000e-03	1.515152e+00	4.591368e-03	8.969552e-02	
