0	4	R2	4.498426e+00	4.498426e+00	2.227220e-09	1.025499e-14	1.732187e-01
0	7	R2	5.984440e+00	5.984440e+00	3.355390e-09	0.000000e+00	2.331461e-01
0	9	R2	5.810575e+00	5.810575e+00	3.217254e-09	0.000000e+00	1.725278e-01
0	10	R2	6.626905e+00	6.626905e+00	3.872494e-09	-8.316462e-07	8.563595e-02
0	11	R2	5.899705e+00	5.899705e+00	3.287939e-09	0.000000e+00	8.144726e-02
0	12	R2	7.097232e+00	7.097232e+00	4.254387e-09	-1.167738e-14	7.605976e-02
0	13	R2	5.580357e+00	5.580357e+00	3.036131e-09	-4.505806e-15	1.971186e-01
0	15	R2	5.793743e+00	5.793743e+00	3.203938e-09	0.000000e+00	7.284138e-02
0	18	R2	6.798097e+00	6.798097e+00	4.011340e-09	-6.722986e-07	1.095275e-01
0	22	R2	6.506181e+00	6.506181e+00	3.774764e-09	0.000000e+00	7.704131e-02
0	23	R2	5.277045e+00	5.277045e+00	2.801420e-09	0.000000e+00	1.342235e-01
0	25	R2	5.274262e+00	5.274262e+00	2.799290e-09	0.000000e+00	1.911085e-01
0	26	R2	4.916421e+00	4.916421e+00	2.529722e-09	0.000000e+00	2.344606e-01
0	27	R2	4.761905e+00	4.761905e+00	2.416216e-09	-6.718468e-15	1.321995e-01
0	28	R2	5.875441e+00	5.875441e+00	3.268668e-09	-4.957377e-15	1.791630e-01
0	29	R2	6.222775e+00	6.222775e+00	3.546222e-09	0.000000e+00	1.831595e-01
0	30	R2	5.243838e+00	5.243838e+00	2.776041e-09	-5.437699e-15	1.633372e-01
0	32	R2	5.387931e+00	5.387931e+00	2.886644e-09	6.360790e-15	1.396333e-01
0	33	R2	5.861665e+00	5.861665e+00	3.257736e-09	7.558440e-15	1.175082e-01
0	34	R2	5.189414e+00	5.189414e+00	2.734594e-09	0.000000e+00	1.435370e-01
0	35	R2	6.090134e+00	6.090134e+00	3.439831e-09	8.402367e-15	1.057057e-01
0	37	R2	5.040323e+00	5.040323e+00	2.622054e-09	2.988118e-15	2.972368e-01
0	38	R2	6.443299e+00	6.443299e+00	3.723936e-09	0.000000e+00	2.449450e-01
0	39	R2	5.899705e+00	5.899705e+00	3.287939e-09	0.000000e+00	1.406183e-01
0	40	R2	6.016847e+00	6.016847e+00	3.381246e-09	-3.295434e-07	1.915110e-01
0	42	R2	9.259259e+00	9.259259e+00	6.000167e-09	0.000000e+00	2.100480e-01
0	43	R2	1.069976e+01	1.069976e+01	7.140462e-09	-3.179523e-14	5.586866e-02
0	45	R2	1.334579e+01	1.334579e+01	9.192759e-09	0.000000e+00	1.293079e-01
0	46	R2	1.724138e+01	1.724138e+01	1.215074e-08	-2.772930e-14	1.281213e-01
0	47	R2	1.267748e+01	1.267748e+01	8.678654e-09	0.000000e+00	1.382180e-01
0	48	R2	1.143249e+01	1.143249e+01	7.713625e-09	-9.245515e-15	1.921317e-01
0	50	R2	1.366307e+01	1.366307e+01	9.435997e-09	0.000000e+00	2.744188e-01
0	51	R2	1.299376e+01	1.299376e+01	8.922266e-09	-6.116907e-15	2.904011e-01
0	53	R2	1.357589e+01	1.357589e+01	9.369213e-09	-3.594749e-06	5.068381e-02
0	54	R2	1.302592e+01	1.302592e+01	8.947004e-09	-4.170994e-15	4.258833e-01
0	55	R2	1.361470e+01	1.361470e+01	9.398952e-09	-3.339119e-14	5.319837e-02
0	56	R2	1.248595e+01	1.248595e+01	8.530844e-09	-1.117086e-14	1.590170e-01
0	57	R2	1.388503e+01	1.388503e+01	9.605867e-09	-4.257888e-06	4.395706e-02
0	59	R2	1.281066e+01	1.281066e+01	8.781301e-09	-3.306628e-06	5.136736e-02
0	61	R2	1.270648e+01	1.270648e+01	8.701012e-09	-1.244418e-06	1.351375e-01
0	63	R2	1.367802e+01	1.367802e+01	9.447447e-09	1.850830e-14	9.597625e-02
0	64	R2	1.286505e+01	1.286505e+01	8.823191e-09	-7.301132e-15	2.432988e-01
0	65	R2	1.191185e+01	1.191185e+01	8.086417e-09	1.227359e-14	1.447301e-01
0	66	R2	1.490980e+01	1.490980e+01	1.038725e-08	0.000000e+00	2.334171e-01
0	67	R2	1.333156e+01	1.333156e+01	9.181834e-09	0.000000e+00	1.041500e-01
0	68	R2	1.256597e+01	1.256597e+01	8.592623e-09	-2.968239e-15	5.984548e-01
0	69	R2	1.570105e+01	1.570105e+01	1.098772e-08	0.000000e+00	3.475975e-01
0	70	R2	1.421262e+01	1.421262e+01	9.856151e-09	0.000000e+00	3.615775e-02
0	71	R2	1.294666e+01	1.294666e+01	8.886021e-09	9.057928e-15	1.961107e-01
0	72	R2	1.421262e+01	1.421262e+01	9.856151e-09	0.000000e+00	7.352749e-02
0	74	R2	1.359804e+01	1.359804e+01	9.386187e-09	-3.858141e-14	9.208356e-02
0	76	R2	1.329080e+01	1.329080e+01	9.150551e-09	4.699093e-14	3.780212e-02
0	78	R2	1.318565e+01	1.318565e+01	9.069795e-09	3.742521e-14	4.746418e-02
0	79	R2	1.398601e+01	1.398601e+01	9.683072e-09	-4.308556e-07	4.381632e-01
0	81	R2	1.378740e+01	1.378740e+01	9.531177e-09	1.166630e-14	1.522640e-01
0	82	R2	1.460920e+01	1.460920e+01	1.015851e-08	4.983800e-15	7.128523e-01
0	83	R2	1.572574e+01	1.572574e+01	1.100642e-08	-3.082847e-14	1.152413e-01
0	84	R2	8.703220e+00	8.703220e+00	5.554769e-09	-9.771450e-15	1.817905e-01
0	85	R2	6.648936e+00	6.648936e+00	3.890347e-09	6.298037e-15	1.410246e-01
0	87	R2	1.280246e+01	1.280246e+01	8.774983e-09	-6.816263e-15	2.606057e-01
0	88	R2	1.244865e+01	1.244865e+01	8.502029e-09	-1.658852e-14	1.070835e-01
0	89	R2	1.277629e+01	1.277629e+01	8.754818e-09	0.000000e+00	2.236299e-01
0	91	R2	1.251564e+01	1.251564e+01	8.553772e-09	0.000000e+00	1.676063e-01
0	92	R2	1.259287e+01	1.259287e+01	8.613384e-09	5.686098e-15	3.124035e-01
0	93	R2	1.417033e+01	1.417033e+01	9.823865e-09	-1.894321e-14	9.377275e-02
0	94	R2	1.343364e+01	1.343364e+01	9.260158e-09	-6.269903e-07	2.869356e-01
0	95	R2	1.078283e+01	1.078283e+01	7.205657e-09	0.000000e+00	1.883566e-01
0	96	R2	1.381788e+01	1.381788e+01	9.554501e-09	4.808021e-14	7.389139e-02
0	98	R2	1.192748e+01	1.192748e+01	8.098544e-09	9.754899e-15	1.820989e-01
0	100	R2	1.275998e+01	1.275998e+01	8.742255e-09	0.000000e+00	1.807271e-01
0	102	R2	1.247816e+01	1.247816e+01	8.524827e-09	0.000000e+00	7.286973e-01
0	103	R2	1.226542e+01	1.226542e+01	8.360376e-09	0.000000e+00	4.046853e-02
0	104	R2	1.130710e+01	1.130710e+01	7.615837e-09	0.000000e+00	5.932265e-02
0	105	R2	1.047669e+01	1.047669e+01	6.965098e-09	0.000000e+00	2.206197e-01
0	109	R2	8.496177e+00	8.496177e+00	5.388175e-09	9.286184e-15	1.912903e-01
0	114	R2	9.033424e+00	9.033424e+00	5.819627e-09	0.000000e+00	1.207721e-01
0	115	R2	9.505703e+00	9.505704e+00	6.196620e-09	-6.583806e-07	1.761989e-01
0	116	R2	9.115770e+00	9.115770e+00	5.885514e-09	1.752200e-14	1.013787e-01


1	4	NOE	-2.932000e-02	-2.932000e-02	1.016684e-09	4.142623e-15	3.350000e-03
1	7	NOE	2.540300e-01	2.540300e-01	1.285564e-09	-1.751140e-14	6.340000e-03
1	9	NOE	3.673100e-01	3.673100e-01	1.452635e-09	1.455076e-14	7.630000e-03
1	10	NOE	2.646600e-01	2.646600e-01	1.299181e-09	-4.993507e-14	6.670000e-03
1	11	NOE	3.369700e-01	3.369700e-01	1.402569e-09	-2.786005e-14	7.970000e-03
1	12	NOE	3.717000e-01	3.717000e-01	1.460268e-09	-1.929704e-14	8.630000e-03
1	13	NOE	2.640000e-01	2.640000e-01	1.298325e-09	-2.075183e-14	5.350000e-03
1	15	NOE	2.293600e-01	2.293600e-01	1.255289e-09	0.000000e+00	7.480000e-03
1	18	NOE	1.111500e-01	1.111500e-01	1.131347e-09	3.216173e-15	8.630000e-03
1	22	NOE	-3.727300e-01	-3.727300e-01	8.201489e-10	5.558063e-14	7.990000e-03
1	23	NOE	-2.662400e-01	-2.662400e-01	8.720858e-10	3.504492e-14	7.920000e-03
1	25	NOE	-4.449600e-01	-4.449600e-01	7.882505e-10	2.249692e-14	9.870000e-03
1	26	NOE	-8.719000e-02	-8.719000e-02	9.767262e-10	2.484514e-14	3.910000e-03
1	27	NOE	-2.641400e-01	-2.641400e-01	8.731768e-10	1.100069e-13	6.560000e-03
1	28	NOE	-1.251600e-01	-1.251600e-01	9.523371e-10	1.002664e-13	6.090000e-03
1	29	NOE	-3.334800e-01	-3.334800e-01	8.385569e-10	-1.991431e-14	1.115000e-02
1	30	NOE	-2.799300e-01	-2.799300e-01	8.650411e-10	0.000000e+00	5.040000e-03
1	32	NOE	-5.282700e-01	-5.282700e-01	7.542535e-10	0.000000e+00	1.043000e-02
1	33	NOE	-5.320100e-01	-5.320100e-01	7.527906e-10	-3.317399e-14	1.004000e-02
1	34	NOE	-4.119300e-01	-4.119300e-01	8.025362e-10	-1.332801e-14	8.330000e-03
1	35	NOE	-4.219300e-01	-4.219300e-01	7.981594e-10	2.701273e-14	4.110000e-03
1	37	NOE	-5.084000e-02	-5.084000e-02	1.001405e-09	-1.906290e-15	3.640000e-03
1	38	NOE	-9.596000e-02	-9.596000e-02	9.709720e-10	5.221346e-14	5.050000e-03
1	39	NOE	-2.270800e-01	-2.270800e-01	8.929044e-10	-7.562827e-15	7.340000e-03
1	40	NOE	1.581200e-01	1.581200e-01	1.176906e-09	1.613696e-14	5.160000e-03
1	42	NOE	3.667000e-01	3.667000e-01	1.451582e-09	0.000000e+00	1.314000e-02
1	43	NOE	5.418700e-01	5.418700e-01	1.873078e-09	4.239110e-15	2.619000e-02
1	45	NOE	6.362800e-01	6.362800e-01	2.300211e-09	-1.412497e-14	1.572000e-02
1	46	NOE	6.788600e-01	6.788600e-01	2.608204e-09	3.400377e-15	3.265000e-02
1	47	NOE	7.084900e-01	7.084900e-01	2.908227e-09	-4.963000e-15	2.237000e-02
1	48	NOE	6.836600e-01	6.836600e-01	2.650792e-09	6.960646e-15	1.595000e-02
1	50	NOE	7.178100e-01	7.178100e-01	3.025264e-09	-6.066792e-15	1.830000e-02
1	51	NOE	7.357800e-01	7.357800e-01	3.295678e-09	3.425557e-15	3.241000e-02
1	53	NOE	7.702800e-01	7.702800e-01	4.101999e-09	0.000000e+00	2.100000e-02
1	54	NOE	7.506700e-01	7.506700e-01	3.582362e-09	0.000000e+00	2.101000e-02
1	55	NOE	7.724100e-01	7.724100e-01	4.172781e-09	0.000000e+00	2.426000e-02
1	56	NOE	6.974400e-01	6.974400e-01	2.785114e-09	-6.384261e-15	1.739000e-02
1	57	NOE	7.828300e-01	7.828300e-01	4.579743e-09	0.000000e+00	1.921000e-02
1	59	NOE	7.329500e-01	7.329500e-01	3.248408e-09	-1.725689e-07	1.715000e-02
1	61	NOE	7.525000e-01	7.525000e-01	3.622858e-09	0.000000e+00	1.944000e-02
1	63	NOE	7.197200e-01	7.197200e-01	3.050978e-09	-5.883535e-15	1.887000e-02
1	64	NOE	6.400000e-01	6.400000e-01	2.323069e-09	-2.947000e-07	1.885000e-02
1	65	NOE	7.099800e-01	7.099800e-01	2.926059e-09	-4.393443e-15	2.527000e-02
1	66	NOE	7.459600e-01	7.459600e-01	3.483939e-09	0.000000e+00	2.980000e-02
1	67	NOE	7.932600e-01	7.932600e-01	5.132667e-09	-4.433798e-15	2.504000e-02
1	68	NOE	6.918200e-01	6.918200e-01	2.728009e-09	0.000000e+00	2.180000e-02
1	69	NOE	7.026300e-01	7.026300e-01	2.841027e-09	4.531523e-15	2.450000e-02
1	70	NOE	7.354600e-01	7.354600e-01	3.290232e-09	5.587433e-15	1.987000e-02
1	71	NOE	7.905900e-01	7.905900e-01	4.972554e-09	-5.397292e-15	2.057000e-02
1	72	NOE	7.472400e-01	7.472400e-01	3.509901e-09	0.000000e+00	2.466000e-02
1	74	NOE	7.790700e-01	7.790700e-01	4.419747e-09	0.000000e+00	2.377000e-02
1	76	NOE	7.651600e-01	7.651600e-01	3.945353e-09	0.000000e+00	1.397000e-02
1	78	NOE	7.354800e-01	7.354800e-01	3.290572e-09	6.588861e-15	1.685000e-02
1	79	NOE	7.441500e-01	7.441500e-01	3.448168e-09	0.000000e+00	2.746000e-02
1	81	NOE	7.537400e-01	7.537400e-01	3.651072e-09	-5.309531e-15	2.091000e-02
1	82	NOE	7.018500e-01	7.018500e-01	2.832417e-09	-6.004451e-15	1.849000e-02
1	83	NOE	6.526100e-01	6.526100e-01	2.405630e-09	6.581049e-15	1.687000e-02
1	84	NOE	4.938200e-01	4.938200e-01	1.726441e-09	-4.296529e-14	6.460000e-03
1	85	NOE	1.912300e-01	1.912300e-01	1.211802e-09	2.876225e-14	3.860000e-03
1	87	NOE	6.250400e-01	6.250400e-01	2.234830e-09	0.000000e+00	1.309000e-02
1	88	NOE	6.476200e-01	6.476200e-01	2.371975e-09	-6.704245e-15	1.656000e-02
1	89	NOE	7.190500e-01	7.190500e-01	3.041885e-09	0.000000e+00	3.754000e-02
1	91	NOE	7.531700e-01	7.531700e-01	3.638023e-09	-4.451576e-15	2.494000e-02
1	92	NOE	7.048000e-01	7.048000e-01	2.865385e-09	7.846099e-15	1.415000e-02
1	93	NOE	7.554800e-01	7.554800e-01	3.691773e-09	-4.989766e-15	2.225000e-02
1	94	NOE	7.467700e-01	7.467700e-01	3.500303e-09	0.000000e+00	2.282000e-02
1	95	NOE	6.168900e-01	6.168900e-01	2.190578e-09	-6.462299e-15	1.718000e-02
1	96	NOE	7.684000e-01	7.684000e-01	4.042377e-09	0.000000e+00	1.850000e-02
1	98	NOE	7.317200e-01	7.317200e-01	3.228471e-09	5.985030e-15	1.855000e-02
1	100	NOE	6.973300e-01	6.973300e-01	2.783963e-09	-5.761406e-15	1.927000e-02
1	102	NOE	6.241200e-01	6.241200e-01	2.229708e-09	-1.659526e-14	1.338000e-02
1	103	NOE	6.055900e-01	6.055900e-01	2.133117e-09	7.148893e-15	1.553000e-02
1	104	NOE	5.799500e-01	5.799500e-01	2.016997e-09	0.000000e+00	1.244000e-02
1	105	NOE	4.430300e-01	4.430300e-01	1.601108e-09	-2.232951e-14	1.243000e-02
1	109	NOE	2.032000e-01	2.032000e-01	1.225051e-09	-4.680536e-14	5.930000e-03
1	114	NOE	1.497100e-01	1.497100e-01	1.168426e-09	-1.753907e-14	6.330000e-03
1	115	NOE	1.871800e-01	1.871800e-01	1.207398e-09	-1.541976e-14	7.200000e-03
1	116	NOE	1.278000e-01	1.278000e-01	1.147007e-09	3.338299e-14	5.820000e-03


2	4	R1	1.479947e+00	1.479947e+00	8.973479e-09	-1.166617e-14	1.903321e-02
2	7	R1	1.792436e+00	1.792436e+00	7.080734e-09	-9.415793e-15	2.358215e-02
2	9	R1	1.781261e+00	1.781261e+00	7.138701e-09	0.000000e+00	3.394994e-02
2	10	R1	1.811922e+00	1.811922e+00	6.981025e-09	-4.865710e-15	4.563458e-02
2	11	R1	1.841282e+00	1.841282e+00	6.833967e-09	0.000000e+00	4.271800e-02
2	12	R1	1.806685e+00	1.806685e+00	7.007657e-09	-5.463943e-15	8.127633e-02
2	13	R1	1.739736e+00	1.739736e+00	7.359375e-09	4.528545e-15	4.903221e-02
2	15	R1	1.718213e+00	1.718213e+00	7.477179e-09	0.000000e+00	3.749365e-02
2	18	R1	1.735810e+00	1.735810e+00	7.380683e-09	-1.667300e-15	1.331762e-01
2	22	R1	1.474491e+00	1.474491e+00	9.012670e-09	3.641019e-15	1.219684e-01
2	23	R1	1.490091e+00	1.490091e+00	8.901287e-09	-1.666723e-15	1.332223e-01
2	25	R1	1.588058e+00	1.588058e+00	8.246331e-09	0.000000e+00	1.341665e-01
2	26	R1	1.581028e+00	1.581028e+00	8.290954e-09	0.000000e+00	7.423956e-02
2	27	R1	1.667500e+00	1.667500e+00	7.764732e-09	2.230618e-15	9.954396e-02
2	28	R1	1.665834e+00	1.665834e+00	7.774431e-09	-1.663535e-15	1.334776e-01
2	29	R1	1.571339e+00	1.571339e+00	8.353022e-09	1.445807e-15	1.535784e-01
2	30	R1	1.570845e+00	1.570845e+00	8.356202e-09	1.627228e-15	1.364558e-01
2	32	R1	1.520681e+00	1.520681e+00	8.688789e-09	1.543737e-15	1.438357e-01
2	33	R1	1.540832e+00	1.540832e+00	8.552901e-09	0.000000e+00	1.410253e-01
2	34	R1	1.507613e+00	1.507613e+00	8.778628e-09	1.799121e-15	1.234184e-01
2	35	R1	1.487210e+00	1.487210e+00	8.921700e-09	-2.163603e-15	1.026272e-01
2	37	R1	1.505117e+00	1.505117e+00	5.442526e-10	2.899898e-15	7.656979e-02
2	38	R1	1.530925e+00	1.530925e+00	8.619317e-09	2.380398e-15	9.328047e-02
2	39	R1	1.581278e+00	1.581278e+00	8.289361e-09	1.611656e-15	1.377742e-01
2	40	R1	1.422273e+00	1.422273e+00	9.401428e-09	-9.713953e-15	4.571663e-02
2	42	R1	1.360359e+00	1.360359e+00	9.897267e-09	-1.497961e-14	1.482312e-02
2	43	R1	1.370614e+00	1.370614e+00	9.812318e-09	1.671824e-14	1.328158e-02
2	45	R1	1.415228e+00	1.415228e+00	9.455856e-09	-9.475489e-15	4.686716e-02
2	46	R1	1.358511e+00	1.358511e+00	9.912701e-09	1.853827e-14	1.197763e-02
2	47	R1	1.368925e+00	1.368925e+00	9.826226e-09	-1.586208e-14	1.399846e-02
2	48	R1	1.479071e+00	1.479071e+00	8.979752e-09	4.444510e-07	4.200291e-02
2	50	R1	1.310788e+00	1.310788e+00	1.032508e-08	2.574375e-14	8.625186e-03
2	51	R1	1.360359e+00	1.360359e+00	9.897267e-09	-1.922864e-14	1.154760e-02
2	53	R1	1.445504e+00	1.445504e+00	9.225349e-09	-7.756767e-15	2.862592e-02
2	54	R1	1.389661e+00	1.389661e+00	9.657584e-09	2.555112e-14	8.690209e-03
2	55	R1	1.376842e+00	1.376842e+00	9.761297e-09	-1.844585e-14	1.203765e-02
2	56	R1	1.411433e+00	1.411433e+00	9.485381e-09	1.780515e-14	1.247081e-02
2	57	R1	1.379881e+00	1.379881e+00	9.736545e-09	1.380959e-06	1.292865e-02
2	59	R1	1.400364e+00	1.400364e+00	9.572319e-09	0.000000e+00	1.609997e-02
2	61	R1	1.378930e+00	1.378930e+00	9.744281e-09	0.000000e+00	7.548748e-03
2	63	R1	1.367054e+00	1.367054e+00	9.841676e-09	0.000000e+00	8.335011e-03
2	64	R1	1.292157e+00	1.292157e+00	1.049370e-08	0.000000e+00	1.350762e-02
2	65	R1	1.366494e+00	1.366494e+00	9.846311e-09	-1.245150e-14	1.783276e-02
2	66	R1	1.498352e+00	1.498352e+00	8.843142e-09	-3.746353e-15	5.926954e-02
2	67	R1	1.494992e+00	1.494992e+00	8.866723e-09	0.000000e+00	3.285451e-02
2	68	R1	1.389275e+00	1.389275e+00	9.660682e-09	2.355046e-14	1.885693e-02
2	69	R1	1.432049e+00	1.432049e+00	9.326700e-09	-1.628181e-14	2.727518e-02
2	70	R1	1.399580e+00	1.399580e+00	9.578524e-09	-1.394293e-14	1.592524e-02
2	71	R1	1.436988e+00	1.436988e+00	9.289300e-09	3.238887e-14	1.371117e-02
2	72	R1	1.385617e+00	1.385617e+00	9.690109e-09	0.000000e+00	1.196120e-02
2	74	R1	1.412828e+00	1.412828e+00	9.474505e-09	0.000000e+00	2.335419e-02
2	76	R1	1.413428e+00	1.413428e+00	9.469843e-09	0.000000e+00	1.114760e-02
2	78	R1	1.397038e+00	1.397038e+00	9.598686e-09	-2.042530e-14	1.087106e-02
2	79	R1	1.411632e+00	1.411632e+00	9.483827e-09	0.000000e+00	1.378951e-02
2	81	R1	1.429797e+00	1.429797e+00	9.343834e-09	0.000000e+00	1.287921e-02
2	82	R1	1.376652e+00	1.376652e+00	9.762844e-09	0.000000e+00	3.316549e-02
2	83	R1	1.400756e+00	1.400756e+00	9.569216e-09	9.126270e-15	2.433027e-02
2	84	R1	1.479290e+00	1.479290e+00	8.978183e-09	0.000000e+00	8.403067e-02
2	85	R1	1.466706e+00	1.466706e+00	9.069051e-09	0.000000e+00	2.050118e-02
2	87	R1	1.416631e+00	1.416631e+00	9.444974e-09	-3.789167e-15	5.859985e-02
2	88	R1	1.423082e+00	1.423082e+00	9.395204e-09	0.000000e+00	2.571958e-02
2	89	R1	1.382935e+00	1.382935e+00	9.711783e-09	1.009576e-14	2.199384e-02
2	91	R1	1.419849e+00	1.419849e+00	9.420095e-09	0.000000e+00	1.463596e-02
2	92	R1	1.432460e+00	1.432460e+00	9.323585e-09	0.000000e+00	2.092979e-02
2	93	R1	1.383892e+00	1.383891e+00	9.704043e-09	7.719576e-07	2.317338e-02
2	94	R1	1.385425e+00	1.385425e+00	9.691657e-09	2.203508e-14	2.015373e-02
2	95	R1	1.470372e+00	1.470372e+00	9.042435e-09	-1.884470e-14	2.356573e-02
2	96	R1	1.359065e+00	1.359065e+00	9.908071e-09	0.000000e+00	1.483187e-02
2	98	R1	1.405877e+00	1.405877e+00	9.528866e-09	-1.872383e-14	1.185893e-02
2	100	R1	1.370426e+00	1.370426e+00	9.813864e-09	-3.497939e-14	6.347870e-03
2	102	R1	1.457301e+00	1.457301e+00	9.137879e-09	2.042075e-14	1.087348e-02
2	103	R1	1.422475e+00	1.422475e+00	9.399872e-09	-1.097364e-14	2.023435e-02
2	104	R1	1.494992e+00	1.494992e+00	8.866723e-09	0.000000e+00	3.173701e-02
2	105	R1	1.569366e+00	1.569366e+00	8.365741e-09	3.402091e-15	6.526710e-02
2	109	R1	1.643655e+00	1.643655e+00	7.905094e-09	-1.745009e-15	1.272455e-01
2	114	R1	1.579280e+00	1.579280e+00	8.302101e-09	-1.745629e-14	1.272004e-02
2	115	R1	1.608493e+00	1.608493e+00	8.118547e-09	0.000000e+00	2.300065e-02
2	116	R1	1.622060e+00	1.622060e+00	8.035247e-09	-5.820206e-15	3.815064e-02


