0	4	R2	5.393743e+00	5.393743e+00	2.973308e-09	-3.403512e-15	2.609594e-01
0	7	R2	8.051530e+00	8.051530e+00	5.246028e-09	0.000000e+00	1.756815e-01
0	9	R2	7.309942e+00	7.309942e+00	4.595021e-09	-1.513774e-07	5.167188e-01
0	10	R2	7.288630e+00	7.288630e+00	4.576368e-09	-3.310679e-15	2.682768e-01
0	11	R2	6.671114e+00	6.671114e+00	4.039222e-09	-4.081263e-15	2.176234e-01
0	12	R2	6.644518e+00	6.644518e+00	4.016285e-09	0.000000e+00	8.918224e-02
0	13	R2	7.535795e+00	7.535795e+00	4.792978e-09	3.084850e-15	2.879162e-01
0	15	R2	5.154639e+00	5.154639e+00	2.785251e-09	1.682591e-14	1.583590e-01
0	18	R2	7.246377e+00	7.246377e+00	4.539402e-09	-8.093048e-15	1.097459e-01
0	22	R2	4.852014e+00	4.852014e+00	2.554063e-09	0.000000e+00	9.087226e-02
0	23	R2	8.703220e+00	8.703220e+00	5.818120e-09	-6.044196e-15	2.938946e-01
0	25	R2	5.534034e+00	5.534034e+00	3.085694e-09	-3.972772e-15	4.471328e-01
0	26	R2	6.978367e+00	6.978367e+00	4.305542e-09	0.000000e+00	3.788674e-01
0	27	R2	8.460237e+00	8.460237e+00	5.605023e-09	0.000000e+00	6.105399e-01
0	28	R2	6.574622e+00	6.574622e+00	3.956107e-09	-4.607059e-15	1.927864e-01
0	29	R2	6.406150e+00	6.406150e+00	3.811729e-09	-5.929433e-15	1.497915e-01
0	30	R2	7.097232e+00	7.097232e+00	4.409117e-09	0.000000e+00	4.679438e-01
0	32	R2	5.701254e+00	5.701254e+00	3.221475e-09	-1.301188e-14	1.365181e-01
0	33	R2	6.540222e+00	6.540222e+00	3.926547e-09	-7.719033e-15	1.150634e-01
0	34	R2	5.319149e+00	5.319149e+00	2.914153e-09	-3.547094e-15	2.503961e-01
0	35	R2	4.458315e+00	4.458315e+00	2.265540e-09	0.000000e+00	1.095199e-01
0	37	R2	7.462687e+00	7.462687e+00	4.728850e-09	0.000000e+00	1.748719e-01
0	38	R2	6.489293e+00	6.489293e+00	3.882856e-09	0.000000e+00	1.309650e-01
0	39	R2	5.966587e+00	5.966587e+00	3.440584e-09	0.000000e+00	1.459607e-01
0	40	R2	7.017544e+00	7.017544e+00	4.339651e-09	0.000000e+00	2.324408e-01
0	42	R2	1.191185e+01	1.191185e+01	8.585290e-09	0.000000e+00	1.603382e+00
0	43	R2	1.069519e+01	1.069519e+01	7.547108e-09	-1.451342e-14	1.223941e-01
0	45	R2	1.257071e+01	1.257071e+01	9.142335e-09	-1.173397e-14	1.513858e-01
0	46	R2	1.257229e+01	1.257229e+01	9.143668e-09	3.929482e-15	4.520587e-01
0	47	R2	1.112471e+01	1.112471e+01	7.915117e-09	-7.800728e-15	2.277168e-01
0	48	R2	1.336898e+01	1.336898e+01	9.812983e-09	0.000000e+00	7.274300e-01
0	50	R2	1.553277e+01	1.553277e+01	1.161143e-08	0.000000e+00	2.919332e-01
0	51	R2	1.720578e+01	1.720578e+01	1.298687e-08	-3.380517e-15	1.050938e+00
0	53	R2	1.258336e+01	1.258336e+01	9.153002e-09	0.000000e+00	1.274646e-01
0	54	R2	1.500600e+01	1.500600e+01	1.117587e-08	2.665069e-15	1.333066e+00
0	55	R2	1.313888e+01	1.313888e+01	9.620115e-09	-1.934203e-14	9.183922e-02
0	56	R2	1.233806e+01	1.233806e+01	8.946022e-09	6.109461e-15	2.907551e-01
0	57	R2	1.398406e+01	1.398406e+01	1.032687e-08	1.916397e-14	9.269254e-02
0	59	R2	1.285512e+01	1.285512e+01	9.381787e-09	-6.514691e-15	2.726694e-01
0	61	R2	1.392758e+01	1.392758e+01	1.027977e-08	-7.267894e-15	2.444115e-01
0	63	R2	1.274535e+01	1.274535e+01	9.289435e-09	-1.935434e-14	1.835616e-01
0	64	R2	1.334401e+01	1.334401e+01	9.792067e-09	-3.281588e-15	5.413102e-01
0	65	R2	1.469292e+01	1.469292e+01	1.091636e-08	0.000000e+00	9.520389e-01
0	66	R2	1.404100e+01	1.404100e+01	1.037432e-08	0.000000e+00	9.640619e-01
0	67	R2	1.219363e+01	1.219363e+01	8.823943e-09	1.460530e-14	1.216241e-01
0	68	R2	1.218027e+01	1.218027e+01	8.812636e-09	0.000000e+00	6.409106e-01
0	69	R2	1.588562e+01	1.588562e+01	1.190247e-08	0.000000e+00	2.508389e-01
0	70	R2	1.275185e+01	1.275185e+01	9.294907e-09	0.000000e+00	2.113925e-01
0	71	R2	1.609010e+01	1.609010e+01	1.207088e-08	0.000000e+00	8.025635e-01
0	72	R2	1.365001e+01	1.365001e+01	1.004807e-08	-6.111382e-15	2.906637e-01
0	74	R2	1.247661e+01	1.247661e+01	9.062977e-09	0.000000e+00	2.179320e-01
0	76	R2	1.332800e+01	1.332800e+01	9.778659e-09	0.000000e+00	1.174172e-01
0	78	R2	1.303951e+01	1.303951e+01	9.536718e-09	0.000000e+00	1.938328e-01
0	79	R2	1.555210e+01	1.555210e+01	1.162738e-08	0.000000e+00	8.368626e-01
0	81	R2	1.547748e+01	1.547748e+01	1.156577e-08	0.000000e+00	4.647316e-01
0	82	R2	1.233198e+01	1.233198e+01	8.940881e-09	0.000000e+00	1.170998e+00
0	83	R2	1.324679e+01	1.324679e+01	9.710606e-09	3.351985e-14	1.059883e-01
0	84	R2	7.993605e+00	7.993605e+00	5.195121e-09	0.000000e+00	9.520761e-02
0	85	R2	7.867821e+00	7.867821e+00	5.084578e-09	0.000000e+00	3.311789e-01
0	87	R2	1.074691e+01	1.074691e+01	7.591514e-09	6.176801e-15	2.875852e-01
0	88	R2	1.319087e+01	1.319087e+01	9.663726e-09	-6.716447e-15	2.644786e-01
0	89	R2	1.094451e+01	1.094451e+01	7.760932e-09	-4.677495e-07	2.886754e-01
0	91	R2	1.558361e+01	1.558361e+01	1.165339e-08	0.000000e+00	8.184004e-01
0	92	R2	1.134430e+01	1.134430e+01	8.102616e-09	-4.526840e-07	3.127243e-01
0	93	R2	1.410039e+01	1.410039e+01	1.042381e-08	0.000000e+00	2.286443e-01
0	94	R2	1.404692e+01	1.404692e+01	1.037925e-08	-4.501303e-15	3.946317e-01
0	95	R2	1.522533e+01	1.522533e+01	1.135739e-08	-1.637384e-15	1.084875e+00
0	96	R2	1.322052e+01	1.322052e+01	9.688584e-09	0.000000e+00	1.478657e-01
0	98	R2	1.582779e+01	1.582779e+01	1.185480e-08	2.966822e-15	5.987405e-01
0	100	R2	1.027961e+01	1.027961e+01	7.189405e-09	4.695635e-15	3.782996e-01
0	102	R2	1.171097e+01	1.171097e+01	8.414764e-09	0.000000e+00	8.695113e-01
0	103	R2	1.072156e+01	1.072156e+01	7.569754e-09	-7.280014e-07	1.804744e-01
0	104	R2	1.125873e+01	1.125873e+01	8.029599e-09	-1.187599e-14	1.495755e-01
0	105	R2	1.035733e+01	1.035733e+01	7.256427e-09	0.000000e+00	2.284941e-01
0	109	R2	8.591065e+00	8.591065e+00	5.719801e-09	-2.382949e-14	7.454447e-02
0	114	R2	7.112376e+00	7.112376e+00	4.422330e-09	0.000000e+00	1.482166e-01
0	115	R2	8.237232e+00	8.237232e+00	5.409202e-09	1.158402e-14	1.533455e-01
0	116	R2	1.133144e+01	1.133144e+01	8.091652e-09	0.000000e+00	8.435988e-01


1	4	NOE	-2.914400e-01	-2.914400e-01	1.082335e-09	1.632681e-14	1.020000e-02
1	7	NOE	2.642400e-01	2.642400e-01	1.640879e-09	-5.236901e-15	1.060000e-02
1	9	NOE	2.426700e-01	2.426700e-01	1.605927e-09	-5.806606e-15	9.560000e-03
1	10	NOE	2.051700e-01	2.051700e-01	1.549392e-09	2.244386e-14	1.113000e-02
1	11	NOE	2.262800e-01	2.262800e-01	1.580592e-09	-2.596406e-15	1.069000e-02
1	12	NOE	2.460000e-01	2.460000e-01	1.611201e-09	9.329605e-15	1.190000e-02
1	13	NOE	1.800000e-01	1.800000e-01	1.514124e-09	-1.777305e-14	9.370000e-03
1	15	NOE	8.773000e-02	8.773000e-02	1.399952e-09	-2.102695e-14	9.240000e-03
1	18	NOE	-2.107500e-01	-2.107500e-01	1.136121e-09	0.000000e+00	1.615000e-02
1	22	NOE	-9.864400e-01	-9.864400e-01	7.640546e-10	2.965867e-14	2.246000e-02
1	23	NOE	-7.805900e-01	-7.805900e-01	8.395863e-10	5.053359e-15	2.197000e-02
1	25	NOE	-8.035300e-01	-8.035300e-01	8.306005e-10	1.507772e-14	2.209000e-02
1	26	NOE	-4.836000e-01	-4.836000e-01	9.729302e-10	1.082390e-13	1.077000e-02
1	27	NOE	-4.841700e-01	-4.841700e-01	9.726379e-10	-3.103349e-14	1.431000e-02
1	28	NOE	-4.146200e-01	-4.146200e-01	1.009597e-09	-1.311545e-14	1.693000e-02
1	29	NOE	-5.811600e-01	-5.811600e-01	9.251786e-10	5.142302e-15	2.159000e-02
1	30	NOE	-6.094400e-01	-6.094400e-01	9.121321e-10	3.047970e-14	1.457000e-02
1	32	NOE	-6.918000e-01	-6.918000e-01	8.759340e-10	1.061906e-14	2.091000e-02
1	33	NOE	-7.211800e-01	-7.211800e-01	8.636184e-10	-1.858632e-14	1.792000e-02
1	34	NOE	-7.050100e-01	-7.050100e-01	8.703598e-10	1.557115e-14	2.139000e-02
1	35	NOE	-8.588000e-01	-8.588000e-01	8.095750e-10	4.684485e-14	9.480000e-03
1	37	NOE	-3.592500e-01	-3.592500e-01	1.041040e-09	4.429081e-14	1.128000e-02
1	38	NOE	-3.493800e-01	-3.493800e-01	1.046851e-09	0.000000e+00	1.436000e-02
1	39	NOE	-6.794900e-01	-6.794900e-01	8.811838e-10	-5.734623e-15	1.936000e-02
1	40	NOE	-6.424000e-02	-6.424000e-02	1.250162e-09	-6.652674e-14	8.970000e-03
1	42	NOE	2.889500e-01	2.889500e-01	1.683383e-09	2.759004e-15	2.012000e-02
1	43	NOE	5.030600e-01	5.030600e-01	2.230685e-09	3.237746e-15	3.429000e-02
1	45	NOE	5.962600e-01	5.962600e-01	2.679626e-09	0.000000e+00	2.533000e-02
1	46	NOE	6.428700e-01	6.428700e-01	3.024173e-09	0.000000e+00	5.084000e-02
1	47	NOE	6.417700e-01	6.417700e-01	3.014548e-09	-1.455995e-07	3.542000e-02
1	48	NOE	6.196200e-01	6.196200e-01	2.837588e-09	4.028385e-15	2.756000e-02
1	50	NOE	6.937400e-01	6.937400e-01	3.595388e-09	-3.561832e-15	3.117000e-02
1	51	NOE	7.193200e-01	7.193200e-01	4.031207e-09	0.000000e+00	4.246000e-02
1	53	NOE	7.134700e-01	7.134700e-01	3.918122e-09	-3.849594e-15	2.884000e-02
1	54	NOE	7.132600e-01	7.132600e-01	3.914232e-09	0.000000e+00	3.536000e-02
1	55	NOE	7.365900e-01	7.365900e-01	4.430238e-09	3.194886e-15	3.475000e-02
1	56	NOE	6.012300e-01	6.012300e-01	2.711150e-09	-4.732408e-15	2.346000e-02
1	57	NOE	7.683800e-01	7.683800e-01	5.619724e-09	0.000000e+00	2.892000e-02
1	59	NOE	6.863700e-01	6.863700e-01	3.493231e-09	-3.684776e-15	3.013000e-02
1	61	NOE	6.603700e-01	6.603700e-01	3.190146e-09	7.359781e-15	3.017000e-02
1	63	NOE	6.746800e-01	6.746800e-01	3.347110e-09	3.796932e-15	2.924000e-02
1	64	NOE	6.479400e-01	6.479400e-01	3.069697e-09	0.000000e+00	3.439000e-02
1	65	NOE	6.506700e-01	6.506700e-01	3.095034e-09	0.000000e+00	3.693000e-02
1	66	NOE	7.188300e-01	7.188300e-01	4.021369e-09	0.000000e+00	3.838000e-02
1	67	NOE	7.204000e-01	7.204000e-01	4.053143e-09	4.024005e-15	2.759000e-02
1	68	NOE	6.391900e-01	6.391900e-01	2.992312e-09	0.000000e+00	3.488000e-02
1	69	NOE	7.356400e-01	7.356400e-01	4.405221e-09	2.814254e-15	3.945000e-02
1	70	NOE	6.838700e-01	6.838700e-01	3.460439e-09	-7.669935e-15	2.895000e-02
1	71	NOE	7.391500e-01	7.391500e-01	4.499778e-09	3.791745e-15	2.928000e-02
1	72	NOE	6.930300e-01	6.930300e-01	3.585169e-09	0.000000e+00	3.698000e-02
1	74	NOE	7.738900e-01	7.738900e-01	5.939385e-09	3.017730e-15	3.679000e-02
1	76	NOE	6.830400e-01	6.830400e-01	3.449747e-09	-4.863001e-15	2.283000e-02
1	78	NOE	7.304100e-01	7.304100e-01	4.274541e-09	0.000000e+00	2.888000e-02
1	79	NOE	7.165200e-01	7.165200e-01	3.975911e-09	0.000000e+00	3.980000e-02
1	81	NOE	7.145200e-01	7.145200e-01	3.937739e-09	0.000000e+00	3.046000e-02
1	82	NOE	6.877700e-01	6.877700e-01	3.511991e-09	0.000000e+00	2.974000e-02
1	83	NOE	6.061800e-01	6.061800e-01	2.743609e-09	0.000000e+00	2.620000e-02
1	84	NOE	3.808000e-01	3.808000e-01	1.870254e-09	-1.262661e-06	9.450000e-03
1	85	NOE	1.237200e-01	1.237200e-01	1.441935e-09	3.078252e-14	5.410000e-03
1	87	NOE	5.425600e-01	5.425600e-01	2.393824e-09	-1.586033e-14	2.100000e-02
1	88	NOE	6.014800e-01	6.014800e-01	2.712764e-09	0.000000e+00	2.982000e-02
1	89	NOE	6.464900e-01	6.464900e-01	3.056478e-09	0.000000e+00	4.859000e-02
1	91	NOE	7.748800e-01	7.748800e-01	6.002727e-09	2.434700e-15	4.560000e-02
1	92	NOE	6.122400e-01	6.122400e-01	2.784879e-09	4.954141e-15	2.241000e-02
1	93	NOE	7.698200e-01	7.698200e-01	5.698326e-09	0.000000e+00	3.816000e-02
1	94	NOE	6.663300e-01	6.663300e-01	3.252907e-09	-3.183892e-15	3.487000e-02
1	95	NOE	5.698100e-01	5.698100e-01	2.527623e-09	-6.773783e-15	3.278000e-02
1	96	NOE	7.026000e-01	7.026000e-01	3.730441e-09	-3.967916e-15	2.798000e-02
1	98	NOE	7.005900e-01	7.005900e-01	3.698516e-09	-1.026109e-07	3.424000e-02
1	100	NOE	6.475700e-01	6.475700e-01	3.066308e-09	0.000000e+00	2.852000e-02
1	102	NOE	6.196400e-01	6.196400e-01	2.837735e-09	4.989766e-15	2.225000e-02
1	103	NOE	5.804800e-01	5.804800e-01	2.585976e-09	5.209869e-15	2.131000e-02
1	104	NOE	4.890500e-01	4.890500e-01	2.179778e-09	0.000000e+00	1.963000e-02
1	105	NOE	3.643500e-01	3.643500e-01	1.832841e-09	1.009294e-14	1.650000e-02
1	109	NOE	1.087800e-01	1.087800e-01	1.424145e-09	2.569961e-14	9.180000e-03
1	114	NOE	1.166500e-01	1.166500e-01	1.433450e-09	-2.434700e-14	1.026000e-02
1	115	NOE	3.635000e-02	3.635000e-02	1.344796e-09	-1.018429e-14	1.022000e-02
1	116	NOE	4.024000e-02	4.024000e-02	1.348793e-09	1.729319e-14	9.630000e-03


2	4	R1	1.554002e+00	1.554002e+00	5.294225e-10	0.000000e+00	1.055320e-02
2	7	R1	1.949318e+00	1.949318e+00	8.757300e-09	0.000000e+00	1.044956e-02
2	9	R1	1.869508e+00	1.869508e+00	9.234374e-09	-3.069129e-14	1.446955e-02
2	10	R1	1.876173e+00	1.876173e+00	9.193243e-09	0.000000e+00	1.957133e-02
2	11	R1	1.981768e+00	1.981768e+00	8.572416e-09	1.503650e-14	1.476704e-02
2	12	R1	1.904762e+00	1.904762e+00	9.019541e-09	2.550044e-14	3.482993e-02
2	13	R1	1.819836e+00	1.819836e+00	9.548953e-09	-1.077917e-14	2.059942e-02
2	15	R1	1.827819e+00	1.827819e+00	9.497414e-09	1.221729e-14	1.817463e-02
2	18	R1	1.826484e+00	1.826484e+00	9.506008e-09	5.455677e-15	4.069974e-02
2	22	R1	1.494322e+00	1.494322e+00	1.205702e-08	-4.991848e-07	3.907745e-02
2	23	R1	1.555210e+00	1.555210e+00	1.151639e-08	3.793559e-15	5.853201e-02
2	25	R1	1.542020e+00	1.542020e+00	1.163019e-08	0.000000e+00	3.875856e-02
2	26	R1	1.613424e+00	1.613424e+00	1.103437e-08	-3.378174e-14	2.629167e-02
2	27	R1	1.712036e+00	1.712036e+00	1.028537e-08	0.000000e+00	4.894880e-02
2	28	R1	1.699524e+00	1.699524e+00	1.037611e-08	0.000000e+00	5.459043e-02
2	29	R1	1.585540e+00	1.585540e+00	1.126125e-08	0.000000e+00	5.027873e-02
2	30	R1	1.564211e+00	1.564211e+00	1.143974e-08	1.665149e-14	5.333927e-02
2	32	R1	1.474057e+00	1.474057e+00	1.224602e-08	-1.129180e-14	3.932846e-02
2	33	R1	1.599488e+00	1.599488e+00	1.114687e-08	-3.499665e-15	6.344739e-02
2	34	R1	1.545356e+00	1.545356e+00	5.228793e-10	0.000000e+00	5.516571e-02
2	35	R1	1.449696e+00	1.449696e+00	4.533978e-10	-7.656099e-15	2.900232e-02
2	37	R1	1.592357e+00	1.592357e+00	1.120512e-08	0.000000e+00	4.665504e-02
2	38	R1	1.638002e+00	1.638002e+00	1.084016e-08	0.000000e+00	4.936811e-02
2	39	R1	1.621534e+00	1.621534e+00	1.096970e-08	0.000000e+00	3.996646e-02
2	40	R1	1.525786e+00	1.525786e+00	1.177272e-08	0.000000e+00	1.874058e-02
2	42	R1	1.525088e+00	1.525088e+00	1.177891e-08	1.124457e-14	1.974683e-02
2	43	R1	1.610047e+00	1.610047e+00	1.106147e-08	1.850045e-14	2.400424e-02
2	45	R1	1.698658e+00	1.698658e+00	1.038244e-08	0.000000e+00	2.169850e-02
2	46	R1	1.627339e+00	1.627339e+00	1.092377e-08	-1.725233e-14	2.574083e-02
2	47	R1	1.590584e+00	1.590584e+00	1.121968e-08	1.028912e-14	2.158053e-02
2	48	R1	1.733703e+00	1.733703e+00	1.013095e-08	0.000000e+00	2.266318e-02
2	50	R1	1.597699e+00	1.597699e+00	1.116144e-08	0.000000e+00	1.536691e-02
2	51	R1	1.568874e+00	1.568874e+00	1.140034e-08	5.184263e-07	3.888955e-02
2	53	R1	1.714678e+00	1.714678e+00	1.026636e-08	-5.900180e-15	3.763353e-02
2	54	R1	1.636661e+00	1.636661e+00	1.085062e-08	0.000000e+00	2.169715e-02
2	55	R1	1.650982e+00	1.650982e+00	1.073969e-08	-6.397544e-14	1.041234e-02
2	56	R1	1.696929e+00	1.696929e+00	1.039508e-08	1.438156e-06	1.471458e-02
2	57	R1	1.634521e+00	1.634521e+00	1.086735e-08	0.000000e+00	1.947640e-02
2	59	R1	1.720282e+00	1.720282e+00	1.022619e-08	1.126592e-14	1.970941e-02
2	61	R1	1.622060e+00	1.622060e+00	1.096553e-08	1.607486e-14	2.762633e-02
2	63	R1	1.648533e+00	1.648533e+00	1.075854e-08	8.328677e-15	2.666025e-02
2	64	R1	1.546312e+00	1.546312e+00	1.159296e-08	1.534937e-14	2.893208e-02
2	65	R1	1.623113e+00	1.623113e+00	1.095718e-08	0.000000e+00	3.820020e-02
2	66	R1	1.769598e+00	1.769598e+00	9.882437e-09	0.000000e+00	8.016584e-02
2	67	R1	1.724138e+00	1.724138e+00	1.019870e-08	1.169877e-06	1.825208e-02
2	68	R1	1.590078e+00	1.590078e+00	1.122384e-08	2.502052e-14	1.774900e-02
2	69	R1	1.731002e+00	1.731002e+00	1.015001e-08	0.000000e+00	1.761865e-02
2	70	R1	1.673640e+00	1.673640e+00	1.056765e-08	0.000000e+00	2.913114e-02
2	71	R1	1.741250e+00	1.741250e+00	1.007796e-08	-5.506380e-14	8.064993e-03
2	72	R1	1.737318e+00	1.737318e+00	1.010552e-08	1.442486e-14	3.078638e-02
2	74	R1	1.705030e+00	1.705030e+00	1.033603e-08	0.000000e+00	1.747183e-02
2	76	R1	1.723247e+00	1.723247e+00	1.020504e-08	-1.661624e-14	1.336310e-02
2	78	R1	1.667222e+00	1.667222e+00	1.061596e-08	2.492442e-14	1.781743e-02
2	79	R1	1.685772e+00	1.685772e+00	1.047722e-08	-9.257635e-15	2.398502e-02
2	81	R1	1.639613e+00	1.639613e+00	1.082761e-08	0.000000e+00	3.790547e-02
2	82	R1	1.649349e+00	1.649349e+00	1.075226e-08	1.747827e-14	2.540807e-02
2	83	R1	1.601794e+00	1.601794e+00	1.112813e-08	1.210378e-14	1.834507e-02
2	84	R1	1.599232e+00	1.599232e+00	1.114895e-08	0.000000e+00	2.890025e-02
2	85	R1	1.606942e+00	1.606942e+00	1.108648e-08	-5.374274e-14	4.131620e-03
2	87	R1	1.586043e+00	1.586043e+00	1.125710e-08	9.594505e-15	2.314289e-02
2	88	R1	1.653166e+00	1.653166e+00	1.072293e-08	6.770584e-15	3.279549e-02
2	89	R1	1.641767e+00	1.641767e+00	1.081087e-08	0.000000e+00	4.258728e-02
2	91	R1	1.704449e+00	1.704449e+00	1.034025e-08	-1.194242e-14	3.718586e-02
2	92	R1	1.672241e+00	1.672241e+00	1.057815e-08	0.000000e+00	1.554792e-02
2	93	R1	1.649349e+00	1.649349e+00	1.075226e-08	1.925083e-14	2.306857e-02
2	94	R1	1.669170e+00	1.669170e+00	1.060126e-08	-3.213566e-14	2.763841e-02
2	95	R1	1.714090e+00	1.714090e+00	1.027058e-08	0.000000e+00	2.967485e-02
2	96	R1	1.625488e+00	1.625488e+00	1.093838e-08	1.544806e-14	1.437362e-02
2	98	R1	1.661958e+00	1.661958e+00	1.065583e-08	-1.984930e-14	1.118652e-02
2	100	R1	1.663617e+00	1.663617e+00	1.064324e-08	3.241593e-14	1.369972e-02
2	102	R1	1.688619e+00	1.688619e+00	1.045618e-08	-4.266917e-14	1.040773e-02
2	103	R1	1.636661e+00	1.636661e+00	1.085062e-08	-5.544743e-14	8.009193e-03
2	104	R1	1.755618e+00	1.755618e+00	9.978172e-09	0.000000e+00	1.115754e-02
2	105	R1	1.785395e+00	1.785395e+00	9.775828e-09	-8.214394e-15	2.703116e-02
2	109	R1	1.733102e+00	1.733102e+00	1.013519e-08	9.015255e-15	4.925975e-02
2	114	R1	1.714090e+00	1.714090e+00	1.027058e-08	0.000000e+00	1.392661e-02
2	115	R1	1.760873e+00	1.760873e+00	9.942029e-09	1.062488e-14	2.089855e-02
2	116	R1	1.735207e+00	1.735207e+00	1.012035e-08	-2.470547e-14	1.797534e-02


