4	5.393743e+00	2.609594e-01	-2.914400e-01	1.020000e-02	1.554002e+00	1.055320e-02	2.034359e-01	
7	8.051530e+00	1.756815e-01	2.642400e-01	1.060000e-02	1.949318e+00	1.044956e-02	1.453854e-01	
9	7.309942e+00	5.167188e-01	2.426700e-01	9.560000e-03	1.869508e+00	1.446955e-02	1.435207e-01	
10	7.288630e+00	2.682768e-01	2.051700e-01	1.113000e-02	1.876173e+00	1.957133e-02	1.511642e-01	
11	6.671114e+00	2.176234e-01	2.262800e-01	1.069000e-02	1.981768e+00	1.476704e-02	1.554313e-01	
12	6.644518e+00	8.918224e-02	2.460000e-01	1.190000e-02	1.904762e+00	3.482993e-02	1.455841e-01	
13	7.535795e+00	2.879162e-01	1.800000e-01	9.370000e-03	1.819836e+00	2.059942e-02	1.512683e-01	
15	5.154639e+00	1.583590e-01	8.773000e-02	9.240000e-03	1.827819e+00	1.817463e-02	1.690279e-01	
18	7.246377e+00	1.097459e-01	-2.107500e-01	1.615000e-02	1.826484e+00	4.069974e-02	2.241673e-01	
22	4.852014e+00	9.087226e-02	-9.864400e-01	2.246000e-02	1.494322e+00	3.907745e-02	3.008994e-01	
23	8.703220e+00	2.938946e-01	-7.805900e-01	2.197000e-02	1.555210e+00	5.853201e-02	2.807080e-01	
25	5.534034e+00	4.471328e-01	-8.035300e-01	2.209000e-02	1.542020e+00	3.875856e-02	2.819131e-01	
26	6.978367e+00	3.788674e-01	-4.836000e-01	1.077000e-02	1.613424e+00	2.629167e-02	2.426426e-01	
27	8.460237e+00	6.105399e-01	-4.841700e-01	1.431000e-02	1.712036e+00	4.894880e-02	2.575718e-01	
28	6.574622e+00	1.927864e-01	-4.146200e-01	1.693000e-02	1.699524e+00	5.459043e-02	2.437075e-01	
29	6.406150e+00	1.497915e-01	-5.811600e-01	2.159000e-02	1.585540e+00	5.027873e-02	2.541294e-01	
30	7.097232e+00	4.679438e-01	-6.094400e-01	1.457000e-02	1.564211e+00	5.333927e-02	2.551949e-01	
32	5.701254e+00	1.365181e-01	-6.918000e-01	2.091000e-02	1.474057e+00	3.932846e-02	2.527930e-01	
33	6.540222e+00	1.150634e-01	-7.211800e-01	1.792000e-02	1.599488e+00	6.344739e-02	2.790674e-01	
34	5.319149e+00	2.503961e-01	-7.050100e-01	2.139000e-02	1.545356e+00	5.516571e-02	2.670898e-01	
35	4.458315e+00	1.095199e-01	-8.588000e-01	9.480000e-03	1.449696e+00	2.900232e-02	2.731564e-01	
37	7.462687e+00	1.748719e-01	-3.592500e-01	1.128000e-02	1.592357e+00	4.665504e-02	2.194025e-01	
38	6.489293e+00	1.309650e-01	-3.493800e-01	1.436000e-02	1.638002e+00	4.936811e-02	2.240528e-01	
39	5.966587e+00	1.459607e-01	-6.794900e-01	1.936000e-02	1.621534e+00	3.996646e-02	2.760612e-01	
40	7.017544e+00	2.324408e-01	-6.424000e-02	8.970000e-03	1.525786e+00	1.874058e-02	1.646020e-01	
42	1.191185e+01	1.603382e+00	2.889500e-01	2.012000e-02	1.525088e+00	1.974683e-02	1.099251e-01	
43	1.069519e+01	1.223941e-01	5.030600e-01	3.429000e-02	1.610047e+00	2.400424e-02	8.110437e-02	
45	1.257071e+01	1.513858e-01	5.962600e-01	2.533000e-02	1.698658e+00	2.169850e-02	6.951997e-02	
46	1.257229e+01	4.520587e-01	6.428700e-01	5.084000e-02	1.627339e+00	2.574083e-02	5.891234e-02	
47	1.112471e+01	2.277168e-01	6.417700e-01	3.542000e-02	1.590584e+00	2.158053e-02	5.775909e-02	
48	1.336898e+01	7.274300e-01	6.196200e-01	2.756000e-02	1.733703e+00	2.266318e-02	6.684890e-02	
50	1.553277e+01	2.919332e-01	6.937400e-01	3.117000e-02	1.597699e+00	1.536691e-02	4.960063e-02	
51	1.720578e+01	1.050938e+00	7.193200e-01	4.246000e-02	1.568874e+00	3.888955e-02	4.463764e-02	
53	1.258336e+01	1.274646e-01	7.134700e-01	2.884000e-02	1.714678e+00	3.763353e-02	4.980288e-02	
54	1.500600e+01	1.333066e+00	7.132600e-01	3.536000e-02	1.636661e+00	2.169715e-02	4.757173e-02	
55	1.313888e+01	9.183922e-02	7.365900e-01	3.475000e-02	1.650982e+00	1.041234e-02	4.408355e-02	
56	1.233806e+01	2.907551e-01	6.012300e-01	2.346000e-02	1.696929e+00	1.471458e-02	6.859428e-02	
57	1.398406e+01	9.269254e-02	7.683800e-01	2.892000e-02	1.634521e+00	1.947640e-02	3.837677e-02	
59	1.285512e+01	2.726694e-01	6.863700e-01	3.013000e-02	1.720282e+00	1.970941e-02	5.469141e-02	
61	1.392758e+01	2.444115e-01	6.603700e-01	3.017000e-02	1.622060e+00	2.762633e-02	5.584378e-02	
63	1.274535e+01	1.835616e-01	6.746800e-01	2.924000e-02	1.648533e+00	2.666025e-02	5.436385e-02	
64	1.334401e+01	5.413102e-01	6.479400e-01	3.439000e-02	1.546312e+00	2.893208e-02	5.518432e-02	
65	1.469292e+01	9.520389e-01	6.506700e-01	3.693000e-02	1.623113e+00	3.820020e-02	5.747600e-02	
66	1.404100e+01	9.640619e-01	7.188300e-01	3.838000e-02	1.769598e+00	8.016584e-02	5.043657e-02	
67	1.219363e+01	1.216241e-01	7.204000e-01	2.759000e-02	1.724138e+00	1.825208e-02	4.886648e-02	
68	1.218027e+01	6.409106e-01	6.391900e-01	3.488000e-02	1.590078e+00	1.774900e-02	5.815657e-02	
69	1.588562e+01	2.508389e-01	7.356400e-01	3.945000e-02	1.731002e+00	1.761865e-02	4.638689e-02	
70	1.275185e+01	2.113925e-01	6.838700e-01	2.895000e-02	1.673640e+00	2.913114e-02	5.363270e-02	
71	1.609010e+01	8.025635e-01	7.391500e-01	2.928000e-02	1.741250e+00	8.064993e-03	4.604197e-02	
72	1.365001e+01	2.906637e-01	6.930300e-01	3.698000e-02	1.737318e+00	3.078638e-02	5.406012e-02	
74	1.247661e+01	2.179320e-01	7.738900e-01	3.679000e-02	1.705030e+00	1.747183e-02	3.907991e-02	
76	1.332800e+01	1.174172e-01	6.830400e-01	2.283000e-02	1.723247e+00	1.336310e-02	5.536735e-02	
78	1.303951e+01	1.938328e-01	7.304100e-01	2.888000e-02	1.667222e+00	1.781743e-02	4.556162e-02	
79	1.555210e+01	8.368626e-01	7.165200e-01	3.980000e-02	1.685772e+00	2.398502e-02	4.844212e-02	
81	1.547748e+01	4.647316e-01	7.145200e-01	3.046000e-02	1.639613e+00	3.790547e-02	4.744811e-02	
82	1.233198e+01	1.170998e+00	6.877700e-01	2.974000e-02	1.649349e+00	2.540807e-02	5.220221e-02	
83	1.324679e+01	1.059883e-01	6.061800e-01	2.620000e-02	1.601794e+00	1.834507e-02	6.394495e-02	
84	7.993605e+00	9.520761e-02	3.808000e-01	9.450000e-03	1.599232e+00	2.890025e-02	1.003793e-01	
85	7.867821e+00	3.311789e-01	1.237200e-01	5.410000e-03	1.606942e+00	4.131620e-03	1.427398e-01	
87	1.074691e+01	2.875852e-01	5.425600e-01	2.100000e-02	1.586043e+00	2.314289e-02	7.354462e-02	
88	1.319087e+01	2.644786e-01	6.014800e-01	2.982000e-02	1.653166e+00	3.279549e-02	6.678338e-02	
89	1.094451e+01	2.886754e-01	6.464900e-01	4.859000e-02	1.641767e+00	4.258728e-02	5.883218e-02	
91	1.558361e+01	8.184004e-01	7.748800e-01	4.560000e-02	1.704449e+00	3.718586e-02	3.889554e-02	
92	1.134430e+01	3.127243e-01	6.122400e-01	2.241000e-02	1.672241e+00	1.554792e-02	6.573000e-02	
93	1.410039e+01	2.286443e-01	7.698200e-01	3.816000e-02	1.649349e+00	2.306857e-02	3.848415e-02	
94	1.404692e+01	3.946317e-01	6.663300e-01	3.487000e-02	1.669170e+00	2.763841e-02	5.645724e-02	
95	1.522533e+01	1.084875e+00	5.698100e-01	3.278000e-02	1.714090e+00	2.967485e-02	7.474734e-02	
96	1.322052e+01	1.478657e-01	7.026000e-01	2.798000e-02	1.625488e+00	1.437362e-02	4.900343e-02	
98	1.582779e+01	5.987405e-01	7.005900e-01	3.424000e-02	1.661958e+00	1.118652e-02	5.044152e-02	
100	1.027961e+01	3.782996e-01	6.475700e-01	2.852000e-02	1.663617e+00	1.369972e-02	5.943304e-02	
102	1.171097e+01	8.695113e-01	6.196400e-01	2.225000e-02	1.688619e+00	1.040773e-02	6.510709e-02	
103	1.072156e+01	1.804744e-01	5.804800e-01	2.131000e-02	1.636661e+00	8.009193e-03	6.960065e-02	
104	1.125873e+01	1.495755e-01	4.890500e-01	1.963000e-02	1.755618e+00	1.115754e-02	9.093064e-02	
105	1.035733e+01	2.284941e-01	3.643500e-01	1.650000e-02	1.785395e+00	2.703116e-02	1.150414e-01	
109	8.591065e+00	7.454447e-02	1.087800e-01	9.180000e-03	1.733102e+00	4.925975e-02	1.565709e-01	
114	7.112376e+00	1.482166e-01	1.166500e-01	1.026000e-02	1.714090e+00	1.392661e-02	1.534858e-01	
115	8.237232e+00	1.533455e-01	3.635000e-02	1.022000e-02	1.760873e+00	2.089855e-02	1.720083e-01	
116	1.133144e+01	8.435988e-01	4.024000e-02	9.630000e-03	1.735207e+00	1.797534e-02	1.688169e-01	
