4	4.498426e+00	1.732187e-01	-2.932000e-02	3.350000e-03	1.479947e+00	1.903321e-02	1.544181e-01	
7	5.984440e+00	2.331461e-01	2.540300e-01	6.340000e-03	1.792436e+00	2.358215e-02	1.355398e-01	
9	5.810575e+00	1.725278e-01	3.673100e-01	7.630000e-03	1.781261e+00	3.394994e-02	1.142406e-01	
10	6.626905e+00	8.563595e-02	2.646600e-01	6.670000e-03	1.811922e+00	4.563458e-02	1.350609e-01	
11	5.899705e+00	8.144726e-02	3.369700e-01	7.970000e-03	1.841282e+00	4.271800e-02	1.237529e-01	
12	7.097232e+00	7.605976e-02	3.717000e-01	8.630000e-03	1.806685e+00	8.127633e-02	1.150671e-01	
13	5.580357e+00	1.971186e-01	2.640000e-01	5.350000e-03	1.739736e+00	4.903221e-02	1.297965e-01	
15	5.793743e+00	7.284138e-02	2.293600e-01	7.480000e-03	1.718213e+00	3.749365e-02	1.342241e-01	
18	6.798097e+00	1.095275e-01	1.111500e-01	8.630000e-03	1.735810e+00	1.331762e-01	1.563984e-01	
22	6.506181e+00	7.704131e-02	-3.727300e-01	7.990000e-03	1.474491e+00	1.219684e-01	2.051772e-01	
23	5.277045e+00	1.342235e-01	-2.662400e-01	7.920000e-03	1.490091e+00	1.332223e-01	1.912629e-01	
25	5.274262e+00	1.911085e-01	-4.449600e-01	9.870000e-03	1.588058e+00	1.341665e-01	2.326076e-01	
26	4.916421e+00	2.344606e-01	-8.719000e-02	3.910000e-03	1.581028e+00	7.423956e-02	1.742396e-01	
27	4.761905e+00	1.321995e-01	-2.641400e-01	6.560000e-03	1.667500e+00	9.954396e-02	2.136796e-01	
28	5.875441e+00	1.791630e-01	-1.251600e-01	6.090000e-03	1.665834e+00	1.334776e-01	1.899975e-01	
29	6.222775e+00	1.831595e-01	-3.334800e-01	1.115000e-02	1.571339e+00	1.535784e-01	2.124018e-01	
30	5.243838e+00	1.633372e-01	-2.799300e-01	5.040000e-03	1.570845e+00	1.364558e-01	2.038081e-01	
32	5.387931e+00	1.396333e-01	-5.282700e-01	1.043000e-02	1.520681e+00	1.438357e-01	2.355809e-01	
33	5.861665e+00	1.175082e-01	-5.320100e-01	1.004000e-02	1.540832e+00	1.410253e-01	2.392868e-01	
34	5.189414e+00	1.435370e-01	-4.119300e-01	8.330000e-03	1.507613e+00	1.234184e-01	2.157769e-01	
35	6.090134e+00	1.057057e-01	-4.219300e-01	4.110000e-03	1.487210e+00	1.026272e-01	2.143642e-01	
37	5.040323e+00	2.972368e-01	-5.084000e-02	3.640000e-03	1.505117e+00	7.656979e-02	1.603278e-01	
38	6.443299e+00	2.449450e-01	-9.596000e-02	5.050000e-03	1.530925e+00	9.328047e-02	1.700789e-01	
39	5.899705e+00	1.406183e-01	-2.270800e-01	7.340000e-03	1.581278e+00	1.377742e-01	1.966903e-01	
40	6.016847e+00	1.915110e-01	1.581200e-01	5.160000e-03	1.422273e+00	4.571663e-02	1.213766e-01	
42	9.259259e+00	2.100480e-01	3.667000e-01	1.314000e-02	1.360359e+00	1.482312e-02	8.733029e-02	
43	1.069976e+01	5.586866e-02	5.418700e-01	2.619000e-02	1.370614e+00	1.328158e-02	6.365108e-02	
45	1.334579e+01	1.293079e-01	6.362800e-01	1.572000e-02	1.415228e+00	4.686716e-02	5.217896e-02	
46	1.724138e+01	1.281213e-01	6.788600e-01	3.265000e-02	1.358511e+00	1.197763e-02	4.422414e-02	
47	1.267748e+01	1.382180e-01	7.084900e-01	2.237000e-02	1.368925e+00	1.399846e-02	4.045154e-02	
48	1.143249e+01	1.921317e-01	6.836600e-01	1.595000e-02	1.479071e+00	4.200291e-02	4.742911e-02	
50	1.366307e+01	2.744188e-01	7.178100e-01	1.830000e-02	1.310788e+00	8.625186e-03	3.749521e-02	
51	1.299376e+01	2.904011e-01	7.357800e-01	3.241000e-02	1.360359e+00	1.154760e-02	3.643520e-02	
53	1.357589e+01	5.068381e-02	7.702800e-01	2.100000e-02	1.445504e+00	2.862592e-02	3.366046e-02	
54	1.302592e+01	4.258833e-01	7.506700e-01	2.101000e-02	1.389661e+00	8.690209e-03	3.512248e-02	
55	1.361470e+01	5.319837e-02	7.724100e-01	2.426000e-02	1.376842e+00	1.203765e-02	3.176428e-02	
56	1.248595e+01	1.590170e-01	6.974400e-01	1.739000e-02	1.411433e+00	1.247081e-02	4.328860e-02	
57	1.388503e+01	4.395706e-02	7.828300e-01	1.921000e-02	1.379881e+00	1.292865e-02	3.037690e-02	
59	1.281066e+01	5.136736e-02	7.329500e-01	1.715000e-02	1.400364e+00	1.609997e-02	3.790839e-02	
61	1.270648e+01	1.351375e-01	7.525000e-01	1.944000e-02	1.378930e+00	7.548748e-03	3.459547e-02	
63	1.367802e+01	9.597625e-02	7.197200e-01	1.887000e-02	1.367054e+00	8.335011e-03	3.884004e-02	
64	1.286505e+01	2.432988e-01	6.400000e-01	1.885000e-02	1.292157e+00	1.350762e-02	4.715410e-02	
65	1.191185e+01	1.447301e-01	7.099800e-01	2.527000e-02	1.366494e+00	1.783276e-02	4.017329e-02	
66	1.490980e+01	2.334171e-01	7.459600e-01	2.980000e-02	1.498352e+00	5.926954e-02	3.858493e-02	
67	1.333156e+01	1.041500e-01	7.932600e-01	2.504000e-02	1.494992e+00	3.285451e-02	3.133034e-02	
68	1.256597e+01	5.984548e-01	6.918200e-01	2.180000e-02	1.389275e+00	1.885693e-02	4.340047e-02	
69	1.570105e+01	3.475975e-01	7.026300e-01	2.450000e-02	1.432049e+00	2.727518e-02	4.316751e-02	
70	1.421262e+01	3.615775e-02	7.354600e-01	1.987000e-02	1.399580e+00	1.592524e-02	3.753107e-02	
71	1.294666e+01	1.961107e-01	7.905900e-01	2.057000e-02	1.436988e+00	1.371117e-02	3.050369e-02	
72	1.421262e+01	7.352749e-02	7.472400e-01	2.466000e-02	1.385617e+00	1.196120e-02	3.550205e-02	
74	1.359804e+01	9.208356e-02	7.790700e-01	2.377000e-02	1.412828e+00	2.335419e-02	3.164069e-02	
76	1.329080e+01	3.780212e-02	7.651600e-01	1.397000e-02	1.413428e+00	1.114760e-02	3.364709e-02	
78	1.318565e+01	4.746418e-02	7.354800e-01	1.685000e-02	1.397038e+00	1.087106e-02	3.746008e-02	
79	1.398601e+01	4.381632e-01	7.441500e-01	2.746000e-02	1.411632e+00	1.378951e-02	3.661076e-02	
81	1.378740e+01	1.522640e-01	7.537400e-01	2.091000e-02	1.429797e+00	1.287921e-02	3.569193e-02	
82	1.460920e+01	7.128523e-01	7.018500e-01	1.849000e-02	1.376652e+00	3.316549e-02	4.160646e-02	
83	1.572574e+01	1.152413e-01	6.526100e-01	1.687000e-02	1.400756e+00	2.433027e-02	4.932667e-02	
84	8.703220e+00	1.817905e-01	4.938200e-01	6.460000e-03	1.479290e+00	8.403067e-02	7.590321e-02	
85	6.648936e+00	1.410246e-01	1.912300e-01	3.860000e-03	1.466706e+00	2.050118e-02	1.202458e-01	
87	1.280246e+01	2.606057e-01	6.250400e-01	1.309000e-02	1.416631e+00	5.859985e-02	5.384478e-02	
88	1.244865e+01	1.070835e-01	6.476200e-01	1.656000e-02	1.423082e+00	2.571958e-02	5.083270e-02	
89	1.277629e+01	2.236299e-01	7.190500e-01	3.754000e-02	1.382935e+00	2.199384e-02	3.938515e-02	
91	1.251564e+01	1.676063e-01	7.531700e-01	2.494000e-02	1.419849e+00	1.463596e-02	3.552565e-02	
92	1.259287e+01	3.124035e-01	7.048000e-01	1.415000e-02	1.432460e+00	2.092979e-02	4.286478e-02	
93	1.417033e+01	9.377275e-02	7.554800e-01	2.225000e-02	1.383892e+00	2.317338e-02	3.430191e-02	
94	1.343364e+01	2.869356e-01	7.467700e-01	2.282000e-02	1.385425e+00	2.015373e-02	3.556314e-02	
95	1.078283e+01	1.883566e-01	6.168900e-01	1.718000e-02	1.470372e+00	2.356573e-02	5.710216e-02	
96	1.381788e+01	7.389139e-02	7.684000e-01	1.850000e-02	1.359065e+00	1.483187e-02	3.190661e-02	
98	1.192748e+01	1.820989e-01	7.317200e-01	1.855000e-02	1.405877e+00	1.185893e-02	3.823291e-02	
100	1.275998e+01	1.807271e-01	6.973300e-01	1.927000e-02	1.370426e+00	6.347870e-03	4.204621e-02	
102	1.247816e+01	7.286973e-01	6.241200e-01	1.338000e-02	1.457301e+00	1.087348e-02	5.552651e-02	
103	1.226542e+01	4.046853e-02	6.055900e-01	1.553000e-02	1.422475e+00	2.023435e-02	5.687147e-02	
104	1.130710e+01	5.932265e-02	5.799500e-01	1.244000e-02	1.494992e+00	3.173701e-02	6.365634e-02	
105	1.047669e+01	2.206197e-01	4.430300e-01	1.243000e-02	1.569366e+00	6.526710e-02	8.860493e-02	
109	8.496177e+00	1.912903e-01	2.032000e-01	5.930000e-03	1.643655e+00	1.272455e-01	1.327584e-01	
114	9.033424e+00	1.207721e-01	1.497100e-01	6.330000e-03	1.579280e+00	1.272004e-02	1.361219e-01	
115	9.505703e+00	1.761989e-01	1.871800e-01	7.200000e-03	1.608493e+00	2.300065e-02	1.325304e-01	
116	9.115770e+00	1.013787e-01	1.278000e-01	5.820000e-03	1.622060e+00	3.815064e-02	1.434118e-01	
