4.605084e+00	1.000000e+00	8.836571e-27
4.823460e+00	2.000000e+00	2.103012e-25
5.052191e+00	1.000000e+00	5.324677e-24
5.291769e+00	5.000000e+00	1.426220e-22
5.542707e+00	1.000000e+00	4.014141e-21
5.805545e+00	6.000000e+00	1.177730e-19
6.080847e+00	3.000000e+00	3.568463e-18
6.369204e+00	3.000000e+00	1.104493e-16
6.671236e+00	3.000000e+00	3.448316e-15
6.987589e+00	1.000000e+00	1.070271e-13
7.318944e+00	0.000000e+00	3.247675e-12
7.666013e+00	0.000000e+00	9.452750e-11
8.029539e+00	0.000000e+00	2.582331e-09
8.410304e+00	1.000000e+00	6.459740e-08
8.809125e+00	1.000000e+00	1.438886e-06
9.226859e+00	3.000000e+00	2.765200e-05
9.664401e+00	1.000000e+00	4.424306e-04
1.012269e+01	0.000000e+00	5.662025e-03
1.060272e+01	3.000000e+00	5.540467e-02
1.110550e+01	1.000000e+00	3.941200e-01
1.163213e+01	1.000000e+00	1.925945e+00
1.218373e+01	4.000000e+00	6.068830e+00
1.276149e+01	1.500000e+01	1.148953e+01
1.336665e+01	9.000000e+00	1.207719e+01
1.400050e+01	8.000000e+00	6.454939e+00
1.466441e+01	2.000000e+00	1.590500e+00
1.535981e+01	1.000000e+00	1.620116e-01
1.608818e+01	1.000000e+00	6.043552e-03
1.685109e+01	0.000000e+00	7.215962e-05


1.081389e-02	0.000000e+00	7.291002e-04
1.257417e-02	0.000000e+00	7.516133e-04
1.462097e-02	0.000000e+00	7.786458e-04
1.700096e-02	0.000000e+00	8.112741e-04
1.976835e-02	0.000000e+00	8.508951e-04
2.298622e-02	0.000000e+00	8.993455e-04
2.672789e-02	0.000000e+00	9.590763e-04
3.107862e-02	0.000000e+00	1.033411e-03
3.613756e-02	0.000000e+00	1.126936e-03
4.201998e-02	0.000000e+00	1.246103e-03
4.885995e-02	0.000000e+00	1.400184e-03
5.681331e-02	0.000000e+00	1.602810e-03
6.606131e-02	0.000000e+00	1.874548e-03
7.681468e-02	0.000000e+00	2.247300e-03
8.931848e-02	0.000000e+00	2.772126e-03
1.038576e-01	1.000000e+00	3.533586e-03
1.207634e-01	1.000000e+00	4.677162e-03
1.404212e-01	1.000000e+00	6.463943e-03
1.632788e-01	1.000000e+00	9.385021e-03
1.898571e-01	3.000000e+00	1.441359e-02
2.207618e-01	1.000000e+00	2.359335e-02
2.566971e-01	3.000000e+00	4.150115e-02
2.984819e-01	0.000000e+00	7.914236e-02
3.470684e-01	4.000000e+00	1.651354e-01
4.035638e-01	0.000000e+00	3.805470e-01
4.692554e-01	2.000000e+00	9.772740e-01
5.456402e-01	2.000000e+00	2.819060e+00
6.344589e-01	9.000000e+00	9.187288e+00
7.377353e-01	3.400000e+01	3.389870e+01


1.300095e+00	1.000000e+00	1.381992e+00
1.316069e+00	1.000000e+00	2.049809e+00
1.332239e+00	0.000000e+00	2.882510e+00
1.348609e+00	0.000000e+00	3.835031e+00
1.365179e+00	9.000000e+00	4.816951e+00
1.381953e+00	1.000000e+01	5.699254e+00
1.398933e+00	5.000000e+00	6.337464e+00
1.416121e+00	1.000000e+01	6.607619e+00
1.433521e+00	4.000000e+00	6.444028e+00
1.451134e+00	2.000000e+00	5.863721e+00
1.468964e+00	3.000000e+00	4.965717e+00
1.487013e+00	7.000000e+00	3.903381e+00
1.505284e+00	3.000000e+00	2.840369e+00
1.523780e+00	2.000000e+00	1.907982e+00
1.542502e+00	1.000000e+00	1.179766e+00
1.561455e+00	2.000000e+00	6.695157e-01
1.580640e+00	5.000000e+00	3.476587e-01
1.600061e+00	1.000000e+00	1.646721e-01
1.619721e+00	1.000000e+00	7.092027e-02
1.639623e+00	1.000000e+00	2.768047e-02
1.659768e+00	2.000000e+00	9.757946e-03
1.680162e+00	0.000000e+00	3.096084e-03
1.700806e+00	0.000000e+00	8.810108e-04
1.721704e+00	1.000000e+00	2.240090e-04
1.742858e+00	2.000000e+00	5.070162e-05
1.764272e+00	0.000000e+00	1.017562e-05
1.785950e+00	2.000000e+00	1.803624e-06
1.807894e+00	2.000000e+00	2.811851e-07
1.830107e+00	1.000000e+00	3.839413e-08


3.149728e-02	6.000000e+00	6.350490e+00
3.382070e-02	4.000000e+00	6.370843e+00
3.631550e-02	1.000000e+01	6.206084e+00
3.899434e-02	6.000000e+00	5.831208e+00
4.187078e-02	6.000000e+00	5.243156e+00
4.495940e-02	2.000000e+00	4.469855e+00
4.827586e-02	3.000000e+00	3.573850e+00
5.183696e-02	2.000000e+00	2.645982e+00
5.566075e-02	4.000000e+00	1.787188e+00
5.976660e-02	0.000000e+00	1.082231e+00
6.417532e-02	2.000000e+00	5.757103e-01
6.890925e-02	0.000000e+00	2.627382e-01
7.399238e-02	1.000000e+00	1.000640e-01
7.945048e-02	0.000000e+00	3.079631e-02
8.531119e-02	1.000000e+00	7.377947e-03
9.160422e-02	1.000000e+00	1.317340e-03
9.836147e-02	0.000000e+00	1.666631e-04
1.056172e-01	0.000000e+00	1.408896e-05
1.134081e-01	2.000000e+00	7.434390e-07
1.217737e-01	3.000000e+00	2.262762e-08
1.307564e-01	5.000000e+00	3.624870e-10
1.404017e-01	3.000000e+00	2.748642e-12
1.507586e-01	1.000000e+00	8.724179e-15
1.618793e-01	2.000000e+00	1.005261e-17
1.738205e-01	2.000000e+00	3.566125e-21
1.866425e-01	2.000000e+00	3.218311e-25
2.004103e-01	3.000000e+00	5.925317e-30
2.151936e-01	4.000000e+00	1.724084e-35
2.310675e-01	3.000000e+00	5.901015e-42


8.087302e-02	6.000000e+00	6.243480e+00
8.514151e-02	4.000000e+00	6.381331e+00
8.963530e-02	1.000000e+01	6.281691e+00
9.436628e-02	6.000000e+00	5.918872e+00
9.934695e-02	6.000000e+00	5.301217e+00
1.045905e-01	2.000000e+00	4.478014e+00
1.101108e-01	3.000000e+00	3.536267e+00
1.159225e-01	2.000000e+00	2.585001e+00
1.220409e-01	4.000000e+00	1.729872e+00
1.284823e-01	0.000000e+00	1.046651e+00
1.352636e-01	2.000000e+00	5.646382e-01
1.424028e-01	0.000000e+00	2.673866e-01
1.499189e-01	1.000000e+00	1.092252e-01
1.578316e-01	0.000000e+00	3.774288e-02
1.661620e-01	1.000000e+00	1.079418e-02
1.749321e-01	1.000000e+00	2.493380e-03
1.841651e-01	0.000000e+00	4.526834e-04
1.938853e-01	0.000000e+00	6.266063e-05
2.041187e-01	2.000000e+00	6.392119e-06
2.148921e-01	3.000000e+00	4.626989e-07
2.262342e-01	5.000000e+00	2.278335e-08
2.381748e-01	3.000000e+00	7.280497e-10
2.507458e-01	1.000000e+00	1.432687e-11
2.639802e-01	2.000000e+00	1.637626e-13
2.779131e-01	2.000000e+00	1.018809e-15
2.925815e-01	2.000000e+00	3.208661e-18
3.080240e-01	3.000000e+00	4.719397e-21
3.242816e-01	4.000000e+00	2.963521e-24
3.413972e-01	3.000000e+00	7.189967e-28


