0	2	R2	7.613906e+00	7.613906e+00	4.674925e-09	2.007741e-15	4.423770e-01
0	3	R2	7.781833e+00	7.781833e+00	4.811241e-09	3.541240e-14	2.508100e-02
0	4	R2	8.205605e+00	8.205605e+00	5.154436e-09	5.566423e-14	3.191200e-02
0	6	R2	9.388095e+00	9.388095e+00	6.103862e-09	0.000000e+00	9.314900e-02
0	7	R2	9.180031e+00	9.180031e+00	5.937769e-09	0.000000e+00	7.571600e-02
0	8	R2	9.098321e+00	9.098321e+00	5.872427e-09	-2.040448e-06	5.360200e-02
0	10	R2	8.854220e+00	8.854220e+00	5.676841e-09	-4.171027e-14	4.258800e-02
0	12	R2	1.217640e+01	1.217640e+01	8.292888e-09	2.191910e-15	8.104150e-01
0	13	R2	9.343272e+00	9.343272e+00	6.068116e-09	-2.303636e-14	7.711100e-02
0	14	R2	8.987485e+00	8.987485e+00	5.783691e-09	-1.283030e-06	8.384500e-02
0	15	R2	1.015123e+01	1.015123e+01	6.709532e-09	2.649104e-14	6.705500e-02
0	17	R2	9.339477e+00	9.339477e+00	6.065089e-09	-1.667949e-06	6.792200e-02
0	18	R2	9.646909e+00	9.646909e+00	6.309887e-09	0.000000e+00	5.955800e-02
0	19	R2	1.003783e+01	1.003783e+01	6.619874e-09	0.000000e+00	7.244900e-02
0	20	R2	9.350376e+00	9.350376e+00	6.073783e-09	5.985433e-14	2.967800e-02
0	21	R2	1.012704e+01	1.012704e+01	6.690416e-09	-1.064114e-14	1.669330e-01
0	22	R2	9.170361e+00	9.170361e+00	5.930040e-09	-3.113314e-06	3.550600e-02
0	23	R2	9.257955e+00	9.257955e+00	6.000023e-09	-1.945112e-06	5.756200e-02
0	24	R2	9.136690e+00	9.136690e+00	5.903118e-09	0.000000e+00	8.851000e-02
0	25	R2	9.090903e+00	9.090903e+00	5.866492e-09	0.000000e+00	3.028400e-02
0	26	R2	9.549868e+00	9.549868e+00	6.232715e-09	-8.780024e-07	1.329350e-01
0	27	R2	9.849001e+00	9.849001e+00	6.470317e-09	-2.915645e-14	6.092500e-02
0	29	R2	1.192287e+01	1.192287e+01	8.096336e-09	6.584391e-15	5.395660e-01
0	30	R2	8.431563e+00	8.431563e+00	5.336854e-09	0.000000e+00	6.339000e-02
0	31	R2	8.998173e+00	8.998173e+00	5.792253e-09	0.000000e+00	8.424400e-02
0	32	R2	9.574109e+00	9.574109e+00	6.252001e-09	0.000000e+00	1.101310e-01
0	33	R2	9.150239e+00	9.150239e+00	5.913952e-09	-1.370334e-06	8.042900e-02
0	34	R2	9.382658e+00	9.382658e+00	6.099527e-09	-3.643809e-14	4.875000e-02
0	35	R2	9.364259e+00	9.364259e+00	6.084856e-09	0.000000e+00	7.073600e-02
0	36	R2	8.909548e+00	8.909548e+00	5.721223e-09	0.000000e+00	2.705500e-02
0	37	R2	1.006626e+01	1.006626e+01	6.642363e-09	-4.826007e-15	3.680800e-01
0	38	R2	9.290553e+00	9.290553e+00	6.026049e-09	6.477853e-14	5.484400e-02
0	39	R2	9.515344e+00	9.515344e+00	6.205237e-09	0.000000e+00	6.043500e-02
0	42	R2	9.846906e+00	9.846906e+00	6.468656e-09	0.000000e+00	5.525900e-02
0	43	R2	9.558988e+00	9.558988e+00	6.239971e-09	-1.793495e-06	6.516100e-02
0	44	R2	8.967730e+00	8.967730e+00	5.767862e-09	-3.202316e-07	3.349320e-01
0	45	R2	9.673499e+00	9.673499e+00	6.331018e-09	4.980952e-14	3.566300e-02
0	46	R2	9.699907e+00	9.699907e+00	6.351997e-09	-4.259185e-14	8.341300e-02
0	47	R2	9.380790e+00	9.380790e+00	6.098038e-09	-5.462184e-14	3.252100e-02
0	48	R2	9.549624e+00	9.549624e+00	6.232520e-09	-1.768383e-06	6.600000e-02
0	50	R2	9.363986e+00	9.363986e+00	6.084638e-09	-1.240120e-06	9.167600e-02
0	51	R2	9.388182e+00	9.388182e+00	6.103932e-09	0.000000e+00	7.579300e-02
0	52	R2	9.807388e+00	9.807388e+00	6.437314e-09	-3.759207e-14	9.450700e-02
0	53	R2	8.744446e+00	8.744446e+00	5.588698e-09	-2.810914e-14	1.263900e-01
0	55	R2	8.892976e+00	8.892976e+00	5.707932e-09	-2.552016e-06	4.155400e-02
0	56	R2	8.652764e+00	8.652764e+00	5.514996e-09	0.000000e+00	5.191600e-02
0	57	R2	8.367774e+00	8.367774e+00	5.285401e-09	0.000000e+00	6.456900e-02
0	58	R2	8.642182e+00	8.642182e+00	5.506484e-09	0.000000e+00	1.480960e-01
0	59	R2	9.242376e+00	9.242376e+00	5.987582e-09	0.000000e+00	4.424000e-02
0	60	R2	9.409722e+00	9.409722e+00	6.121103e-09	0.000000e+00	4.425000e-02
0	61	R2	9.337657e+00	9.337657e+00	6.063637e-09	0.000000e+00	1.445320e-01
0	62	R2	9.547202e+00	9.547202e+00	6.230593e-09	-2.489394e-14	7.135700e-02
0	63	R2	9.278542e+00	9.278542e+00	6.016461e-09	3.886145e-14	4.571000e-02
0	64	R2	9.682517e+00	9.682517e+00	6.338183e-09	0.000000e+00	8.397700e-02
0	65	R2	9.449094e+00	9.449094e+00	6.152478e-09	2.802753e-14	6.337900e-02
0	66	R2	9.550388e+00	9.550388e+00	6.233128e-09	5.290083e-14	3.357900e-02
0	67	R2	1.002397e+01	1.002397e+01	6.608908e-09	-9.684641e-14	3.668400e-02
0	68	R2	9.162491e+00	9.162491e+00	5.923748e-09	0.000000e+00	5.923300e-02
0	69	R2	9.843830e+00	9.843830e+00	6.466217e-09	1.655058e-14	1.073290e-01
0	70	R2	9.322855e+00	9.322855e+00	6.051828e-09	0.000000e+00	4.842700e-02
0	71	R2	1.048024e+01	1.048024e+01	6.969009e-09	2.333780e-14	7.611500e-02
0	72	R2	9.215808e+00	9.215808e+00	5.966359e-09	-1.093194e-06	1.017930e-01
0	73	R2	9.156376e+00	9.156376e+00	5.918859e-09	-5.090723e-14	3.489400e-02
0	74	R2	9.220961e+00	9.220961e+00	5.970476e-09	-5.543337e-15	3.204490e-01
0	75	R2	9.242921e+00	9.242921e+00	5.988017e-09	0.000000e+00	5.436800e-02
0	77	R2	1.190517e+01	1.190517e+01	8.082598e-09	0.000000e+00	4.674300e-02
0	78	R2	9.982322e+00	9.982322e+00	6.575944e-09	-1.715226e-14	1.035640e-01
0	80	R2	7.397427e+00	7.397427e+00	4.499011e-09	-5.425978e-14	3.273800e-02
0	81	R2	9.791382e+00	9.791382e+00	6.424616e-09	-8.463195e-15	2.098920e-01
0	82	R2	9.531992e+00	9.531992e+00	6.218489e-09	0.000000e+00	1.322690e-01
0	83	R2	9.383828e+00	9.383828e+00	6.100460e-09	-1.666651e-06	6.840800e-02
0	84	R2	9.512001e+00	9.512001e+00	6.202576e-09	-1.088026e-06	1.067070e-01
0	86	R2	9.318437e+00	9.318437e+00	6.048302e-09	0.000000e+00	7.633400e-02
0	87	R2	9.603532e+00	9.603532e+00	6.275402e-09	-3.196209e-14	5.557700e-02
0	88	R2	9.099900e+00	9.099900e+00	5.873690e-09	0.000000e+00	3.116300e-02
0	89	R2	8.550838e+00	8.550838e+00	5.432966e-09	4.683806e-15	3.792550e-01
0	90	R2	9.770255e+00	9.770255e+00	6.407851e-09	2.566211e-14	6.922100e-02
0	91	R2	9.728502e+00	9.728502e+00	6.374706e-09	2.321550e-14	7.651600e-02
0	92	R2	1.054836e+01	1.054836e+01	7.022614e-09	-6.787890e-14	5.233900e-02
0	93	R2	1.040212e+01	1.040212e+01	6.907485e-09	1.311279e-14	2.709350e-01
0	95	R2	1.377774e+01	1.377774e+01	9.525471e-09	2.991230e-14	1.187710e-01
0	96	R2	1.208306e+01	1.208306e+01	8.220575e-09	0.000000e+00	7.957200e-02
0	97	R2	9.509646e+00	9.509646e+00	6.200701e-09	0.000000e+00	6.814100e-02
0	98	R2	1.528855e+01	1.528855e+01	1.067690e-08	6.870546e-14	7.756400e-02
0	99	R2	2.395116e+01	2.395116e+01	1.716186e-08	-1.267245e-14	5.606990e-01
0	100	R2	9.557863e+00	9.557863e+00	6.239076e-09	-3.789561e-14	4.687500e-02
0	101	R2	9.952621e+00	9.952621e+00	6.552427e-09	-5.095396e-14	3.486200e-02
0	102	R2	9.612499e+00	9.612499e+00	6.282533e-09	0.000000e+00	6.047300e-02
0	103	R2	1.035301e+01	1.035301e+01	6.868781e-09	0.000000e+00	9.805000e-02
0	104	R2	8.828382e+00	8.828382e+00	5.656105e-09	-3.171726e-14	5.600600e-02
0	106	R2	1.010252e+01	1.010252e+01	6.671034e-09	-3.901251e-14	9.106600e-02
0	107	R2	1.526995e+01	1.526995e+01	1.066278e-08	-1.615457e-14	1.099600e-01
0	108	R2	1.038984e+01	1.038984e+01	6.897809e-09	0.000000e+00	6.290800e-02
0	109	R2	1.052217e+01	1.052217e+01	7.002010e-09	-9.029415e-15	1.967300e-01
0	110	R2	9.713616e+00	9.713616e+00	6.362885e-09	0.000000e+00	9.939000e-02
0	111	R2	9.262054e+00	9.262054e+00	6.003296e-09	9.567795e-14	1.856600e-02
0	112	R2	9.623825e+00	9.623825e+00	6.291538e-09	-1.168251e-06	1.009400e-01
0	113	R2	8.804117e+00	8.804117e+00	5.636625e-09	-2.625339e-14	6.766200e-02
0	115	R2	9.242086e+00	9.242086e+00	5.987350e-09	7.464562e-15	2.379720e-01
0	116	R2	9.059929e+00	9.059929e+00	5.841703e-09	-2.717039e-06	4.002500e-02
0	117	R2	9.714198e+00	9.714198e+00	6.363347e-09	0.000000e+00	8.730400e-02
0	118	R2	9.226376e+00	9.226376e+00	5.974802e-09	-1.386417e-06	8.038800e-02
0	119	R2	9.640507e+00	9.640507e+00	6.304799e-09	-8.067016e-14	2.202000e-02
0	120	R2	8.224368e+00	8.224368e+00	5.169600e-09	3.434697e-14	5.171800e-02
0	121	R2	1.010714e+01	1.010714e+01	6.674687e-09	0.000000e+00	4.319000e-02
0	122	R2	9.207611e+00	9.207611e+00	5.959810e-09	0.000000e+00	8.736700e-02
0	123	R2	9.454910e+00	9.454910e+00	6.157111e-09	-2.106636e-06	5.467000e-02
0	124	R2	9.390910e+00	9.390910e+00	6.106107e-09	2.821092e-14	6.296700e-02
0	125	R2	8.846807e+00	8.846807e+00	5.670892e-09	-1.002493e-14	1.771940e-01
0	126	R2	9.409162e+00	9.409162e+00	6.120657e-09	5.049911e-14	3.517600e-02
0	127	R2	9.516846e+00	9.516846e+00	6.206433e-09	1.092094e-14	1.626560e-01
0	128	R2	9.380532e+00	9.380532e+00	6.097832e-09	0.000000e+00	4.979200e-02
0	129	R2	8.997835e+00	8.997835e+00	5.791982e-09	5.116677e-14	3.471700e-02
0	130	R2	8.592872e+00	8.592872e+00	5.466807e-09	0.000000e+00	4.521500e-02
0	131	R2	9.933319e+00	9.933319e+00	6.537140e-09	-2.590725e-14	6.856600e-02
0	132	R2	9.201875e+00	9.201875e+00	5.955226e-09	0.000000e+00	4.778900e-02
0	133	R2	9.247481e+00	9.247481e+00	5.991659e-09	-2.352127e-06	4.752900e-02
0	134	R2	9.147912e+00	9.147912e+00	5.912092e-09	4.739479e-14	3.748000e-02
0	135	R2	9.226913e+00	9.226913e+00	5.975230e-09	0.000000e+00	3.738600e-02
0	136	R2	9.454022e+00	9.454022e+00	6.156404e-09	0.000000e+00	3.408900e-02
0	137	R2	8.507421e+00	8.507421e+00	5.397996e-09	0.000000e+00	8.497300e-02
0	138	R2	8.716918e+00	8.716918e+00	5.566577e-09	-7.353992e-14	2.415500e-02


1	2	NOE	3.691490e-01	3.691490e-01	1.456623e-09	-4.298691e-16	1.291350e-01
1	3	NOE	6.682670e-01	6.682670e-01	2.522305e-09	8.210494e-15	1.352200e-02
1	4	NOE	6.697940e-01	6.697940e-01	2.534403e-09	6.885958e-15	1.612300e-02
1	6	NOE	8.151090e-01	8.151090e-01	7.518234e-09	0.000000e+00	2.262200e-02
1	7	NOE	7.630010e-01	7.630010e-01	3.887255e-09	0.000000e+00	2.468400e-02
1	8	NOE	7.841750e-01	7.841750e-01	4.645154e-09	-7.460498e-08	1.985500e-02
1	10	NOE	7.821670e-01	7.821670e-01	4.554035e-09	0.000000e+00	2.079400e-02
1	12	NOE	9.936950e-01	8.344152e-01	2.110923e-05	4.453049e-01	3.576870e-01
1	13	NOE	7.931380e-01	7.931380e-01	5.129659e-09	0.000000e+00	1.697000e-02
1	14	NOE	7.514200e-01	7.514200e-01	3.601349e-09	0.000000e+00	1.884400e-02
1	15	NOE	7.710580e-01	7.710580e-01	4.130616e-09	0.000000e+00	2.018700e-02
1	17	NOE	7.838830e-01	7.838830e-01	4.631568e-09	-6.984518e-08	2.133000e-02
1	18	NOE	8.030060e-01	8.030060e-01	5.886732e-09	0.000000e+00	1.779100e-02
1	19	NOE	7.970240e-01	7.970240e-01	5.391875e-09	0.000000e+00	2.283300e-02
1	20	NOE	8.234880e-01	8.234880e-01	1.000225e-08	0.000000e+00	2.268900e-02
1	21	NOE	7.895480e-01	7.895480e-01	4.918265e-09	0.000000e+00	1.847700e-02
1	22	NOE	8.219200e-01	8.219200e-01	9.352073e-09	0.000000e+00	2.083300e-02
1	23	NOE	8.050930e-01	8.050930e-01	6.093984e-09	-5.292825e-15	2.097600e-02
1	24	NOE	7.696290e-01	7.696290e-01	4.084178e-09	0.000000e+00	1.334000e-02
1	25	NOE	8.024350e-01	8.024350e-01	5.833585e-09	5.697834e-15	1.948500e-02
1	26	NOE	7.813340e-01	7.813340e-01	4.517756e-09	0.000000e+00	1.826200e-02
1	27	NOE	8.017720e-01	8.017720e-01	5.773630e-09	-5.206692e-15	2.132300e-02
1	29	NOE	7.623760e-01	7.623760e-01	3.870095e-09	0.000000e+00	1.233110e-01
1	30	NOE	7.091440e-01	7.091440e-01	2.917891e-09	2.050841e-14	1.082700e-02
1	31	NOE	8.032300e-01	8.032300e-01	5.907977e-09	-4.273705e-15	2.597800e-02
1	32	NOE	8.247850e-01	8.247850e-01	1.065600e-08	-1.494239e-08	1.916800e-02
1	33	NOE	7.873210e-01	7.873210e-01	4.799421e-09	0.000000e+00	1.160100e-02
1	34	NOE	7.963730e-01	7.963730e-01	5.345169e-09	-6.250200e-15	1.776300e-02
1	35	NOE	8.023260e-01	8.023260e-01	5.823601e-09	0.000000e+00	2.484500e-02
1	36	NOE	7.787950e-01	7.787950e-01	4.412232e-09	0.000000e+00	1.899800e-02
1	37	NOE	8.219750e-01	8.219750e-01	9.372778e-09	-5.241846e-15	2.118000e-02
1	38	NOE	7.527680e-01	7.527680e-01	3.631486e-09	5.463427e-15	2.032100e-02
1	39	NOE	8.014380e-01	8.014380e-01	5.744112e-09	0.000000e+00	2.429800e-02
1	42	NOE	7.756730e-01	7.756730e-01	4.291939e-09	-6.606111e-15	1.680600e-02
1	43	NOE	7.993990e-01	7.993990e-01	5.573147e-09	0.000000e+00	2.422000e-02
1	44	NOE	8.050460e-01	8.050460e-01	6.089076e-09	-6.503181e-15	1.707200e-02
1	45	NOE	8.444310e-01	8.344152e-01	1.536333e-05	5.296270e-01	1.891100e-02
1	46	NOE	8.133780e-01	8.133780e-01	7.200954e-09	0.000000e+00	2.673000e-02
1	47	NOE	8.012800e-01	8.012800e-01	5.730304e-09	0.000000e+00	2.211300e-02
1	48	NOE	7.986160e-01	7.986160e-01	5.511400e-09	0.000000e+00	2.243100e-02
1	50	NOE	7.745630e-01	7.745630e-01	4.251446e-09	0.000000e+00	2.584100e-02
1	51	NOE	8.079200e-01	8.079200e-01	6.412794e-09	-4.004845e-15	2.772200e-02
1	52	NOE	7.648220e-01	7.648220e-01	3.938559e-09	0.000000e+00	1.971500e-02
1	53	NOE	7.123360e-01	7.123360e-01	2.956823e-09	7.071935e-15	1.569900e-02
1	55	NOE	7.851760e-01	7.851760e-01	4.692638e-09	-7.997802e-08	1.815600e-02
1	56	NOE	7.757280e-01	7.757280e-01	4.293975e-09	0.000000e+00	1.602700e-02
1	57	NOE	7.487250e-01	7.487250e-01	3.543230e-09	5.933848e-15	1.871000e-02
1	58	NOE	7.859650e-01	7.859650e-01	4.731093e-09	0.000000e+00	1.632900e-02
1	59	NOE	7.811480e-01	7.811480e-01	4.509772e-09	0.000000e+00	2.020300e-02
1	60	NOE	7.983360e-01	7.983360e-01	5.489807e-09	-5.290807e-15	2.098400e-02
1	61	NOE	7.774100e-01	7.774100e-01	4.357653e-09	4.438229e-15	2.501500e-02
1	62	NOE	8.094330e-01	8.094330e-01	6.605196e-09	0.000000e+00	1.785700e-02
1	63	NOE	7.967900e-01	7.967900e-01	5.374947e-09	-4.859808e-15	2.284500e-02
1	64	NOE	8.234610e-01	8.234610e-01	9.989882e-09	0.000000e+00	2.309200e-02
1	65	NOE	7.871800e-01	7.871800e-01	4.792180e-09	0.000000e+00	1.155700e-02
1	66	NOE	7.840450e-01	7.840450e-01	4.639091e-09	-8.263261e-08	1.797200e-02
1	67	NOE	8.032110e-01	8.032110e-01	5.906166e-09	6.241416e-15	1.778800e-02
1	68	NOE	7.822760e-01	7.822760e-01	4.558847e-09	0.000000e+00	1.487000e-02
1	69	NOE	8.184320e-01	8.184320e-01	8.265826e-09	0.000000e+00	2.448000e-02
1	70	NOE	8.147230e-01	8.147230e-01	7.443878e-09	5.171766e-15	2.146700e-02
1	71	NOE	8.486630e-01	8.344152e-01	1.734184e-05	5.980931e-01	2.382200e-02
1	72	NOE	7.951390e-01	7.951390e-01	5.259834e-09	0.000000e+00	1.662900e-02
1	73	NOE	8.178940e-01	8.178940e-01	8.129661e-09	0.000000e+00	2.255100e-02
1	74	NOE	7.224830e-01	7.224830e-01	3.091358e-09	0.000000e+00	6.135100e-02
1	75	NOE	7.840450e-01	7.840450e-01	4.639091e-09	-7.069421e-08	2.100700e-02
1	77	NOE	7.841430e-01	7.841430e-01	4.643659e-09	-7.339879e-08	2.019400e-02
1	78	NOE	7.762560e-01	7.762560e-01	4.313668e-09	-3.727332e-15	2.978600e-02
1	80	NOE	7.416570e-01	7.416570e-01	3.402953e-09	0.000000e+00	7.817000e-03
1	81	NOE	7.965920e-01	7.965920e-01	5.360747e-09	0.000000e+00	1.031400e-02
1	82	NOE	7.816790e-01	7.816790e-01	4.532678e-09	0.000000e+00	3.805700e-02
1	83	NOE	7.966130e-01	7.966130e-01	5.362248e-09	0.000000e+00	2.213600e-02
1	84	NOE	9.773250e-01	8.344152e-01	1.782975e-05	5.808160e+00	2.460500e-02
1	86	NOE	7.758290e-01	7.758290e-01	4.297722e-09	6.958901e-15	1.595400e-02
1	87	NOE	7.909960e-01	7.909960e-01	5.000379e-09	0.000000e+00	2.369500e-02
1	88	NOE	7.729600e-01	7.729600e-01	4.194908e-09	0.000000e+00	1.959100e-02
1	89	NOE	7.933700e-01	7.933700e-01	5.144264e-09	0.000000e+00	1.840000e-02
1	90	NOE	8.175180e-01	8.175180e-01	8.038378e-09	0.000000e+00	2.357900e-02
1	91	NOE	8.147980e-01	8.147980e-01	7.458153e-09	0.000000e+00	2.480800e-02
1	92	NOE	7.912270e-01	7.912270e-01	5.013858e-09	4.961225e-15	2.237800e-02
1	93	NOE	8.333710e-01	8.333710e-01	3.239003e-08	0.000000e+00	2.150600e-02
1	95	NOE	8.091420e-01	8.091420e-01	6.566855e-09	0.000000e+00	2.452800e-02
1	96	NOE	7.746230e-01	7.746230e-01	4.253606e-09	5.256489e-15	2.112100e-02
1	97	NOE	7.960090e-01	7.960090e-01	5.319571e-09	0.000000e+00	2.444000e-02
1	98	NOE	8.388670e-01	8.344152e-01	1.513935e-05	1.692176e-01	2.630800e-02
1	99	NOE	8.422990e-01	8.344152e-01	2.621889e-05	1.443888e-01	5.460100e-02
1	100	NOE	8.323400e-01	8.323400e-01	2.297358e-08	-5.625085e-15	1.973700e-02
1	101	NOE	7.770220e-01	7.770220e-01	4.342717e-09	0.000000e+00	2.146400e-02
1	102	NOE	7.731410e-01	7.731410e-01	4.201181e-09	0.000000e+00	2.046800e-02
1	103	NOE	8.108070e-01	8.108070e-01	6.795687e-09	-3.629831e-08	1.928600e-02
1	104	NOE	8.098240e-01	8.098240e-01	6.657779e-09	7.581419e-15	1.464400e-02
1	106	NOE	8.050900e-01	8.050900e-01	6.093671e-09	0.000000e+00	1.582100e-02
1	107	NOE	8.282090e-01	8.282090e-01	1.327874e-08	0.000000e+00	2.575600e-02
1	108	NOE	7.762820e-01	7.762820e-01	4.314645e-09	0.000000e+00	2.029400e-02
1	109	NOE	8.359680e-01	8.344152e-01	3.097742e-05	6.822073e-02	2.276100e-02
1	110	NOE	8.029490e-01	8.029490e-01	5.881361e-09	-7.045009e-15	1.575900e-02
1	111	NOE	8.135470e-01	8.135470e-01	7.230184e-09	0.000000e+00	1.698200e-02
1	112	NOE	8.051680e-01	8.051680e-01	6.101842e-09	2.894070e-15	3.836200e-02
1	113	NOE	7.407030e-01	7.407030e-01	3.385238e-09	4.432559e-15	2.504700e-02
1	115	NOE	7.539500e-01	7.539500e-01	3.658529e-09	-1.909273e-15	5.814900e-02
1	116	NOE	7.778760e-01	7.778760e-01	4.375793e-09	0.000000e+00	1.913400e-02
1	117	NOE	7.923870e-01	7.923870e-01	5.083212e-09	0.000000e+00	1.506200e-02
1	118	NOE	7.546090e-01	7.546090e-01	3.673865e-09	0.000000e+00	1.904100e-02
1	119	NOE	7.870370e-01	7.870370e-01	4.784869e-09	-7.258442e-08	1.925700e-02
1	120	NOE	7.147320e-01	7.147320e-01	2.987054e-09	0.000000e+00	1.860300e-02
1	121	NOE	8.134870e-01	8.134870e-01	7.219766e-09	-6.827100e-15	1.626200e-02
1	122	NOE	8.025070e-01	8.025070e-01	5.840208e-09	4.635587e-15	2.395000e-02
1	123	NOE	7.947710e-01	7.947710e-01	5.235158e-09	-4.973449e-15	2.232300e-02
1	124	NOE	8.187770e-01	8.187770e-01	8.356813e-09	-4.381479e-15	2.533900e-02
1	125	NOE	8.124970e-01	8.124970e-01	7.054086e-09	-3.102552e-08	2.095600e-02
1	126	NOE	7.650060e-01	7.650060e-01	3.943854e-09	4.862362e-15	2.283300e-02
1	127	NOE	7.881520e-01	7.881520e-01	4.842766e-09	0.000000e+00	1.659800e-02
1	128	NOE	8.005590e-01	8.005590e-01	5.668522e-09	-5.362101e-15	2.070500e-02
1	129	NOE	7.988860e-01	7.988860e-01	5.532462e-09	0.000000e+00	1.281000e-02
1	130	NOE	7.827020e-01	7.827020e-01	4.577795e-09	0.000000e+00	2.052700e-02
1	131	NOE	8.094770e-01	8.094770e-01	6.611052e-09	0.000000e+00	2.711900e-02
1	132	NOE	7.797810e-01	7.797810e-01	4.452340e-09	-6.581049e-15	1.687000e-02
1	133	NOE	8.023220e-01	8.023220e-01	5.823236e-09	1.247582e-14	1.779800e-02
1	134	NOE	7.916570e-01	7.916570e-01	5.039239e-09	0.000000e+00	1.557000e-02
1	135	NOE	8.135090e-01	8.135090e-01	7.223581e-09	0.000000e+00	1.617900e-02
1	136	NOE	8.111860e-01	8.111860e-01	6.851178e-09	-3.962647e-08	1.738400e-02
1	137	NOE	7.615560e-01	7.615560e-01	3.847914e-09	-5.818779e-15	1.908000e-02
1	138	NOE	7.703220e-01	7.703220e-01	4.106505e-09	0.000000e+00	1.895300e-02


2	2	R1	1.711081e+00	1.711081e+00	7.521938e-09	4.950938e-15	4.484900e-02
2	3	R1	1.367133e+00	1.367133e+00	9.847548e-09	3.318060e-14	6.692000e-03
2	4	R1	1.471249e+00	1.471249e+00	9.042135e-09	4.624003e-14	4.802000e-03
2	6	R1	1.702242e+00	1.702242e+00	7.571398e-09	3.943604e-14	1.126100e-02
2	7	R1	1.640932e+00	1.640932e+00	7.926754e-09	-1.281421e-14	3.465600e-02
2	8	R1	1.628500e+00	1.628500e+00	8.001574e-09	-1.912694e-14	1.160900e-02
2	10	R1	1.579879e+00	1.579879e+00	8.303900e-09	4.169852e-14	1.065000e-02
2	12	R1	1.889505e+00	1.889505e+00	6.604857e-09	-1.449377e-15	1.532000e-01
2	13	R1	1.687389e+00	1.687389e+00	7.655486e-09	4.051539e-14	1.096100e-02
2	14	R1	1.509394e+00	1.509394e+00	8.772199e-09	-2.767256e-14	8.024000e-03
2	15	R1	1.571970e+00	1.571970e+00	8.354609e-09	-6.095103e-14	7.286000e-03
2	17	R1	1.614562e+00	1.614562e+00	8.086632e-09	0.000000e+00	1.040800e-02
2	18	R1	1.668913e+00	1.668913e+00	7.761838e-09	1.721676e-14	1.289700e-02
2	19	R1	1.719765e+00	1.719765e+00	7.473756e-09	0.000000e+00	1.806200e-02
2	20	R1	1.672849e+00	1.672849e+00	7.739015e-09	0.000000e+00	1.144400e-02
2	21	R1	1.621991e+00	1.621991e+00	8.041140e-09	0.000000e+00	7.649000e-03
2	22	R1	1.680902e+00	1.680902e+00	7.692602e-09	1.778491e-14	1.248500e-02
2	23	R1	1.665589e+00	1.665589e+00	7.781183e-09	1.957030e-14	1.134600e-02
2	24	R1	1.682245e+00	1.682245e+00	7.684898e-09	0.000000e+00	8.324000e-03
2	25	R1	1.650653e+00	1.650653e+00	7.868921e-09	2.514661e-14	8.830000e-03
2	26	R1	1.714851e+00	1.714851e+00	7.500971e-09	0.000000e+00	1.922100e-02
2	27	R1	1.679950e+00	1.679950e+00	7.698069e-09	-2.445425e-14	9.080000e-03
2	29	R1	1.872102e+00	1.872102e+00	6.688204e-09	-4.478421e-15	9.916200e-02
2	30	R1	1.537019e+00	1.537019e+00	8.584157e-09	0.000000e+00	7.715000e-03
2	31	R1	1.597372e+00	1.597372e+00	8.193296e-09	1.544981e-14	1.437200e-02
2	32	R1	1.669667e+00	1.669667e+00	7.757459e-09	2.151178e-14	1.032200e-02
2	33	R1	1.634526e+00	1.634526e+00	7.965186e-09	2.048949e-14	1.083700e-02
2	34	R1	1.669833e+00	1.669833e+00	7.756495e-09	2.053687e-14	1.081200e-02
2	35	R1	1.634480e+00	1.634480e+00	7.965463e-09	-1.873794e-14	1.185000e-02
2	36	R1	1.563549e+00	1.563549e+00	8.409093e-09	1.851606e-14	1.199200e-02
2	37	R1	1.660054e+00	1.660054e+00	7.813540e-09	1.248745e-06	1.590400e-02
2	38	R1	1.626253e+00	1.626253e+00	8.015202e-09	-1.875535e-14	1.183900e-02
2	39	R1	1.595124e+00	1.595124e+00	8.207391e-09	-2.531866e-14	8.770000e-03
2	42	R1	1.628491e+00	1.628491e+00	8.001629e-09	0.000000e+00	8.129000e-03
2	43	R1	1.606833e+00	1.606833e+00	8.134347e-09	0.000000e+00	1.955200e-02
2	44	R1	1.657612e+00	1.657612e+00	7.827875e-09	1.678595e-14	1.322800e-02
2	45	R1	1.718915e+00	1.718915e+00	7.478455e-09	-8.250357e-14	8.074000e-03
2	46	R1	1.736976e+00	1.736976e+00	7.379446e-09	-1.753491e-14	1.266300e-02
2	47	R1	1.691814e+00	1.691814e+00	7.630305e-09	0.000000e+00	1.213200e-02
2	48	R1	1.672565e+00	1.672565e+00	7.740659e-09	0.000000e+00	1.941600e-02
2	50	R1	1.714734e+00	1.714734e+00	7.501620e-09	1.486016e-06	1.354900e-02
2	51	R1	1.678924e+00	1.678924e+00	7.703968e-09	1.839945e-14	1.206800e-02
2	52	R1	1.698452e+00	1.698452e+00	7.592738e-09	-2.388861e-14	2.788500e-02
2	53	R1	1.611645e+00	1.611645e+00	8.104594e-09	0.000000e+00	8.604000e-03
2	55	R1	1.715219e+00	1.715219e+00	7.498928e-09	2.112698e-14	2.102000e-02
2	56	R1	1.577575e+00	1.577575e+00	8.318626e-09	3.388959e-14	6.552000e-03
2	57	R1	1.558575e+00	1.558575e+00	8.441516e-09	0.000000e+00	8.584000e-03
2	58	R1	1.664576e+00	1.664576e+00	7.787091e-09	-2.010181e-14	1.104600e-02
2	59	R1	1.692178e+00	1.692178e+00	7.628239e-09	0.000000e+00	1.142900e-02
2	60	R1	1.680247e+00	1.680247e+00	7.696363e-09	0.000000e+00	1.128200e-02
2	61	R1	1.693995e+00	1.693995e+00	7.617935e-09	1.233170e-14	1.800600e-02
2	62	R1	1.675767e+00	1.675767e+00	7.722154e-09	0.000000e+00	1.402200e-02
2	63	R1	1.597747e+00	1.597747e+00	8.190948e-09	0.000000e+00	9.334000e-03
2	64	R1	1.679551e+00	1.679551e+00	7.700363e-09	2.126176e-06	9.389000e-03
2	65	R1	1.588061e+00	1.588061e+00	8.251904e-09	2.452448e-14	9.054000e-03
2	66	R1	1.653430e+00	1.653430e+00	7.852506e-09	0.000000e+00	1.815400e-02
2	67	R1	1.633075e+00	1.633075e+00	7.973927e-09	2.971291e-14	7.473000e-03
2	68	R1	1.525329e+00	1.525329e+00	8.662995e-09	0.000000e+00	9.372000e-03
2	69	R1	1.683616e+00	1.683616e+00	7.677045e-09	6.803879e-15	3.263500e-02
2	70	R1	1.635784e+00	1.635784e+00	7.957619e-09	1.740707e-14	1.275600e-02
2	71	R1	1.708159e+00	1.708159e+00	7.538241e-09	-5.226547e-15	4.248400e-02
2	72	R1	1.635160e+00	1.635160e+00	7.961371e-09	-2.091209e-14	1.061800e-02
2	73	R1	1.659332e+00	1.659332e+00	7.817775e-09	0.000000e+00	1.586200e-02
2	74	R1	1.649670e+00	1.649670e+00	7.874743e-09	-3.891150e-15	5.706400e-02
2	75	R1	1.628144e+00	1.628144e+00	8.003731e-09	-3.187091e-14	6.967000e-03
2	77	R1	1.565109e+00	1.565109e+00	8.398961e-09	-4.816586e-14	9.220000e-03
2	78	R1	1.697095e+00	1.697095e+00	7.600398e-09	-6.112890e-15	3.632400e-02
2	80	R1	1.303792e+00	1.303792e+00	1.039472e-08	-2.831479e-14	7.842000e-03
2	81	R1	1.652489e+00	1.652489e+00	7.858063e-09	9.361860e-15	2.371800e-02
2	82	R1	1.656729e+00	1.656729e+00	7.833067e-09	8.974763e-15	4.948200e-02
2	83	R1	1.620023e+00	1.620023e+00	8.053156e-09	4.460966e-14	9.955000e-03
2	84	R1	1.699678e+00	1.699678e+00	7.585826e-09	3.072856e-14	7.226000e-03
2	86	R1	1.689744e+00	1.689744e+00	7.642071e-09	-1.544121e-14	1.438000e-02
2	87	R1	1.644473e+00	1.644473e+00	7.905620e-09	7.594731e-14	8.771000e-03
2	88	R1	1.627498e+00	1.627498e+00	8.007647e-09	0.000000e+00	7.090000e-03
2	89	R1	1.608114e+00	1.608114e+00	8.126411e-09	-2.202386e-14	1.008200e-02
2	90	R1	1.583688e+00	1.583688e+00	8.279636e-09	-4.251285e-14	1.044600e-02
2	91	R1	1.651386e+00	1.651386e+00	7.864584e-09	-2.054257e-14	1.080900e-02
2	92	R1	1.702440e+00	1.702440e+00	7.570286e-09	1.675050e-14	1.325600e-02
2	93	R1	1.653886e+00	1.653886e+00	7.849815e-09	5.245561e-14	1.269900e-02
2	95	R1	1.796494e+00	1.796494e+00	7.064756e-09	0.000000e+00	3.733200e-02
2	96	R1	1.718251e+00	1.718251e+00	7.482127e-09	8.159405e-14	8.164000e-03
2	97	R1	1.646562e+00	1.646562e+00	7.893188e-09	1.726093e-14	1.286400e-02
2	98	R1	1.621291e+00	1.621291e+00	8.045411e-09	0.000000e+00	1.470300e-02
2	99	R1	1.647295e+00	1.647295e+00	6.504350e-10	0.000000e+00	9.981000e-03
2	100	R1	1.689512e+00	1.689512e+00	7.643391e-09	-3.794986e-14	5.851000e-03
2	101	R1	1.640408e+00	1.640408e+00	7.929888e-09	2.039539e-14	1.088700e-02
2	102	R1	1.746299e+00	1.746299e+00	7.329000e-09	0.000000e+00	1.442400e-02
2	103	R1	1.706620e+00	1.706620e+00	7.546847e-09	0.000000e+00	9.380000e-03
2	104	R1	1.582846e+00	1.582846e+00	8.284991e-09	0.000000e+00	7.100000e-03
2	106	R1	1.674267e+00	1.674267e+00	7.730815e-09	-1.833413e-14	1.211100e-02
2	107	R1	1.667053e+00	1.667053e+00	7.772654e-09	0.000000e+00	9.995000e-03
2	108	R1	1.668407e+00	1.668407e+00	7.764778e-09	-1.500200e-14	1.480100e-02
2	109	R1	1.574207e+00	1.574207e+00	8.340221e-09	0.000000e+00	1.255300e-02
2	110	R1	1.679384e+00	1.679384e+00	7.701323e-09	2.275109e-06	8.774000e-03
2	111	R1	1.626274e+00	1.626274e+00	8.015075e-09	2.646223e-14	8.391000e-03
2	112	R1	1.624672e+00	1.624672e+00	8.024810e-09	0.000000e+00	1.811200e-02
2	113	R1	1.449290e+00	1.449290e+00	9.203284e-09	0.000000e+00	1.202600e-02
2	115	R1	1.561026e+00	1.561026e+00	8.425517e-09	0.000000e+00	5.530100e-02
2	116	R1	1.631252e+00	1.631252e+00	7.984928e-09	3.420017e-14	1.298500e-02
2	117	R1	1.743954e+00	1.743954e+00	7.341647e-09	1.805681e-14	1.229700e-02
2	118	R1	1.738262e+00	1.738262e+00	7.372461e-09	1.671897e-14	1.328100e-02
2	119	R1	1.671008e+00	1.671008e+00	7.749679e-09	4.629305e-14	9.593000e-03
2	120	R1	1.501430e+00	1.501430e+00	8.827547e-09	5.103887e-14	8.701000e-03
2	121	R1	1.767160e+00	1.767160e+00	7.217702e-09	4.825483e-14	9.203000e-03
2	122	R1	1.634464e+00	1.634464e+00	7.965559e-09	0.000000e+00	1.187000e-02
2	123	R1	1.655277e+00	1.655277e+00	7.841614e-09	-6.311074e-14	1.055500e-02
2	124	R1	1.643984e+00	1.643984e+00	7.908534e-09	3.291256e-14	1.349300e-02
2	125	R1	1.560092e+00	1.560092e+00	8.431609e-09	2.894598e-14	1.534200e-02
2	126	R1	1.705577e+00	1.705577e+00	7.552686e-09	0.000000e+00	1.409600e-02
2	127	R1	1.608737e+00	1.608737e+00	8.122556e-09	0.000000e+00	1.442900e-02
2	128	R1	1.659457e+00	1.659457e+00	7.817041e-09	2.499939e-14	8.882000e-03
2	129	R1	1.679070e+00	1.679070e+00	7.703128e-09	-2.004374e-14	1.107800e-02
2	130	R1	1.597945e+00	1.597945e+00	8.189708e-09	-1.459092e-14	1.521800e-02
2	131	R1	1.710375e+00	1.710375e+00	7.525872e-09	-1.696940e-14	1.308500e-02
2	132	R1	1.637727e+00	1.637727e+00	7.945950e-09	3.367884e-14	6.593000e-03
2	133	R1	1.671368e+00	1.671368e+00	7.747592e-09	0.000000e+00	6.024000e-03
2	134	R1	1.639683e+00	1.639683e+00	7.934227e-09	2.019138e-14	1.099700e-02
2	135	R1	1.684476e+00	1.684476e+00	7.672124e-09	3.333503e-14	6.661000e-03
2	136	R1	1.656660e+00	1.656660e+00	7.833473e-09	-5.394014e-14	8.233000e-03
2	137	R1	1.548381e+00	1.548381e+00	8.508537e-09	-2.072859e-14	2.142400e-02
2	138	R1	1.595130e+00	1.595130e+00	8.207354e-09	0.000000e+00	6.958000e-03


