0	2	R2	8.468472e+00	8.468472e+00	4.648608e-09	-1.127173e-14	1.575940e-01
0	3	R2	8.735632e+00	8.735632e+00	4.827077e-09	-2.016479e-14	8.809200e-02
0	4	R2	9.366855e+00	9.366855e+00	5.246325e-09	-2.619107e-14	6.782300e-02
0	6	R2	1.040562e+01	1.040562e+01	5.929499e-09	3.453327e-14	5.143900e-02
0	7	R2	1.016439e+01	1.016439e+01	5.771537e-09	0.000000e+00	8.489700e-02
0	8	R2	1.024449e+01	1.024449e+01	5.824031e-09	1.043063e-14	1.703020e-01
0	10	R2	9.728099e+00	9.728099e+00	5.484809e-09	-1.915416e-13	1.854800e-02
0	12	R2	1.277007e+01	1.277007e+01	7.460058e-09	0.000000e+00	9.378440e-01
0	13	R2	1.121756e+01	1.121756e+01	6.458454e-09	-8.592725e-15	2.067280e-01
0	14	R2	1.054082e+01	1.054082e+01	6.017861e-09	0.000000e+00	1.953570e-01
0	15	R2	1.185355e+01	1.185355e+01	6.870170e-09	-1.262263e-14	1.407280e-01
0	17	R2	1.038601e+01	1.038601e+01	5.916672e-09	-4.717578e-14	3.765400e-02
0	18	R2	1.108539e+01	1.108539e+01	6.372618e-09	-4.248590e-14	8.362100e-02
0	19	R2	1.160180e+01	1.160180e+01	6.707449e-09	-1.387898e-14	2.559780e-01
0	20	R2	1.057440e+01	1.057440e+01	6.039790e-09	0.000000e+00	8.069900e-02
0	21	R2	1.108929e+01	1.108929e+01	6.375152e-09	4.007799e-15	4.432250e-01
0	22	R2	1.060373e+01	1.060373e+01	6.058937e-09	2.502010e-15	7.099720e-01
0	23	R2	1.039090e+01	1.039090e+01	5.919871e-09	2.155171e-14	8.242300e-02
0	24	R2	1.069098e+01	1.069098e+01	6.115864e-09	0.000000e+00	1.770410e-01
0	25	R2	9.956421e+00	9.956421e+00	5.635032e-09	0.000000e+00	5.611700e-02
0	26	R2	1.090702e+01	1.090702e+01	6.256617e-09	-1.618578e-14	2.194960e-01
0	27	R2	1.171376e+01	1.171376e+01	6.779855e-09	-6.822302e-15	2.603750e-01
0	29	R2	1.042303e+01	1.042303e+01	5.940884e-09	0.000000e+00	5.425600e-01
0	30	R2	9.948062e+00	9.948062e+00	5.629539e-09	0.000000e+00	1.640170e-01
0	31	R2	9.764284e+00	9.764284e+00	5.508642e-09	-1.987443e-14	8.937900e-02
0	32	R2	1.080511e+01	1.080511e+01	6.190257e-09	1.942584e-14	9.144300e-02
0	33	R2	1.007116e+01	1.007116e+01	5.710381e-09	9.014386e-15	1.970580e-01
0	34	R2	1.065222e+01	1.065222e+01	6.090580e-09	2.653259e-14	1.339000e-01
0	35	R2	1.008566e+01	1.008566e+01	5.719896e-09	2.639715e-14	1.345870e-01
0	36	R2	9.747141e+00	9.747141e+00	5.497352e-09	0.000000e+00	1.519440e-01
0	37	R2	1.047758e+01	1.047758e+01	5.976544e-09	-5.593785e-15	3.175590e-01
0	38	R2	1.014978e+01	1.014978e+01	5.761957e-09	0.000000e+00	8.000500e-02
0	39	R2	1.033606e+01	1.033606e+01	5.883990e-09	0.000000e+00	1.247290e-01
0	42	R2	1.131427e+01	1.131427e+01	6.521200e-09	0.000000e+00	2.498130e-01
0	43	R2	1.022529e+01	1.022529e+01	5.811452e-09	0.000000e+00	1.877750e-01
0	44	R2	1.110624e+01	1.110624e+01	6.386165e-09	0.000000e+00	1.143540e-01
0	45	R2	1.068404e+01	1.068404e+01	6.111337e-09	0.000000e+00	1.622330e-01
0	46	R2	1.192998e+01	1.192998e+01	6.919509e-09	-6.753772e-15	5.260340e-01
0	47	R2	1.026606e+01	1.026606e+01	5.838160e-09	3.017372e-14	5.887100e-02
0	48	R2	1.044382e+01	1.044382e+01	5.954477e-09	-2.588951e-14	6.861300e-02
0	50	R2	1.046057e+01	1.046057e+01	5.965427e-09	-1.247757e-14	1.423640e-01
0	51	R2	1.026532e+01	1.026532e+01	5.837675e-09	0.000000e+00	1.906900e-01
0	52	R2	1.080424e+01	1.080424e+01	6.189690e-09	0.000000e+00	2.303840e-01
0	53	R2	9.495684e+00	9.495684e+00	5.331491e-09	0.000000e+00	2.608480e-01
0	55	R2	1.020131e+01	1.020131e+01	5.795738e-09	0.000000e+00	2.335170e-01
0	56	R2	9.664033e+00	9.664033e+00	5.442587e-09	0.000000e+00	1.094720e-01
0	57	R2	9.366987e+00	9.366987e+00	5.246413e-09	-1.491371e-14	1.191090e-01
0	58	R2	1.058221e+01	1.058221e+01	6.044889e-09	0.000000e+00	4.554700e-01
0	59	R2	1.004067e+01	1.004067e+01	5.690367e-09	-2.241941e-14	7.923300e-02
0	60	R2	1.056525e+01	1.056525e+01	6.033815e-09	0.000000e+00	1.505100e-01
0	61	R2	1.054274e+01	1.054274e+01	6.019115e-09	1.723196e-14	1.030850e-01
0	62	R2	1.076914e+01	1.076914e+01	6.166819e-09	1.340394e-14	1.325250e-01
0	63	R2	9.944215e+00	9.944215e+00	5.627011e-09	-8.624347e-15	2.059700e-01
0	64	R2	1.149414e+01	1.149414e+01	6.637763e-09	2.128888e-15	8.344060e-01
0	65	R2	1.040971e+01	1.040971e+01	5.932174e-09	0.000000e+00	5.786700e-02
0	66	R2	1.028440e+01	1.028440e+01	5.850171e-09	1.268799e-14	1.400030e-01
0	67	R2	1.211283e+01	1.211283e+01	7.037433e-09	-3.780287e-14	4.699000e-02
0	68	R2	1.065230e+01	1.065230e+01	6.090633e-09	0.000000e+00	9.088400e-02
0	69	R2	1.074101e+01	1.074101e+01	6.148484e-09	0.000000e+00	2.315460e-01
0	70	R2	1.046670e+01	1.046670e+01	5.969434e-09	0.000000e+00	2.032410e-01
0	71	R2	1.167692e+01	1.167692e+01	6.756037e-09	0.000000e+00	1.253500e-01
0	72	R2	1.042470e+01	1.042470e+01	5.941976e-09	-8.831357e-15	2.011420e-01
0	73	R2	1.018150e+01	1.018150e+01	5.782754e-09	0.000000e+00	2.327120e-01
0	74	R2	1.006770e+01	1.006770e+01	5.708110e-09	0.000000e+00	5.113950e-01
0	75	R2	1.020062e+01	1.020062e+01	5.795286e-09	1.326095e-14	1.339540e-01
0	77	R2	1.368655e+01	1.368655e+01	8.046490e-09	0.000000e+00	1.581050e-01
0	78	R2	1.071253e+01	1.071253e+01	6.129917e-09	-6.826785e-15	2.602040e-01
0	80	R2	8.151665e+00	8.151665e+00	4.436155e-09	1.852668e-14	1.917620e-01
0	81	R2	1.050265e+01	1.050265e+01	5.992927e-09	0.000000e+00	1.375330e-01
0	82	R2	1.069391e+01	1.069391e+01	6.117774e-09	-1.460195e-14	1.216520e-01
0	83	R2	1.014123e+01	1.014123e+01	5.756350e-09	0.000000e+00	7.706900e-02
0	84	R2	1.045550e+01	1.045550e+01	5.962113e-09	-2.562546e-14	1.386400e-01
0	86	R2	1.025781e+01	1.025781e+01	5.832757e-09	0.000000e+00	3.921400e-02
0	87	R2	1.032866e+01	1.032866e+01	5.879146e-09	1.776819e-14	9.997400e-02
0	88	R2	1.021314e+01	1.021314e+01	5.803491e-09	0.000000e+00	6.657500e-02
0	89	R2	9.955612e+00	9.955612e+00	5.634500e-09	-4.227871e-15	4.201540e-01
0	90	R2	1.125051e+01	1.125051e+01	6.479838e-09	4.002967e-14	4.437600e-02
0	91	R2	1.159757e+01	1.159757e+01	6.704712e-09	1.895915e-15	9.369390e-01
0	92	R2	1.243907e+01	1.243907e+01	7.247450e-09	1.832741e-14	1.938470e-01
0	93	R2	1.280034e+01	1.280034e+01	7.479478e-09	-3.314043e-15	5.360090e-01
0	95	R2	1.890116e+01	1.890116e+01	1.134031e-08	0.000000e+00	1.442990e-01
0	96	R2	1.526316e+01	1.526316e+01	9.048897e-09	0.000000e+00	2.128070e-01
0	97	R2	1.053668e+01	1.053668e+01	6.015157e-09	-6.312344e-15	2.814100e-01
0	98	R2	2.170961e+01	2.170961e+01	1.309589e-08	0.000000e+00	1.475350e-01
0	99	R2	2.532653e+01	2.532653e+01	1.534634e-08	9.248463e-16	3.841410e+00
0	100	R2	1.148251e+01	1.148251e+01	6.630232e-09	1.941605e-15	9.148910e-01
0	101	R2	1.112823e+01	1.112823e+01	6.400451e-09	1.917277e-14	9.265000e-02
0	102	R2	1.085503e+01	1.085503e+01	6.222771e-09	-2.910605e-14	1.220610e-01
0	103	R2	1.219021e+01	1.219021e+01	7.087290e-09	0.000000e+00	1.395010e-01
0	104	R2	1.034026e+01	1.034026e+01	5.886738e-09	0.000000e+00	2.024370e-01
0	106	R2	1.117206e+01	1.117206e+01	6.428916e-09	0.000000e+00	1.981380e-01
0	107	R2	1.717338e+01	1.717338e+01	1.025511e-08	0.000000e+00	6.273140e-01
0	108	R2	1.202341e+01	1.202341e+01	6.979784e-09	-8.686596e-15	2.044940e-01
0	109	R2	1.223846e+01	1.223846e+01	7.118364e-09	-5.893490e-14	6.028200e-02
0	110	R2	1.167127e+01	1.167127e+01	6.752384e-09	-2.307188e-15	7.699230e-01
0	111	R2	1.039590e+01	1.039590e+01	5.923141e-09	-1.229355e-14	1.444950e-01
0	112	R2	1.033715e+01	1.033715e+01	5.884703e-09	7.801030e-15	2.277080e-01
0	113	R2	9.391877e+00	9.391877e+00	5.262877e-09	6.071022e-15	2.925960e-01
0	115	R2	1.045575e+01	1.045575e+01	5.962276e-09	0.000000e+00	1.459150e-01
0	116	R2	1.009092e+01	1.009092e+01	5.723348e-09	0.000000e+00	6.489400e-02
0	117	R2	1.113484e+01	1.113484e+01	6.404744e-09	2.162096e-14	8.215900e-02
0	118	R2	1.044723e+01	1.044723e+01	5.956706e-09	1.893084e-14	9.383400e-02
0	119	R2	1.063851e+01	1.063851e+01	6.081635e-09	3.772099e-14	4.709200e-02
0	120	R2	8.989541e+00	8.989541e+00	4.996121e-09	1.285817e-14	1.381500e-01
0	121	R2	1.162451e+01	1.162451e+01	6.722141e-09	0.000000e+00	1.345790e-01
0	122	R2	1.026171e+01	1.026171e+01	5.835311e-09	0.000000e+00	1.087840e-01
0	123	R2	1.026680e+01	1.026680e+01	5.838645e-09	6.743440e-14	5.268400e-02
0	124	R2	9.939405e+00	9.939405e+00	5.623849e-09	0.000000e+00	1.034780e-01
0	125	R2	1.049997e+01	1.049997e+01	5.991176e-09	0.000000e+00	1.353850e-01
0	126	R2	1.132355e+01	1.132355e+01	6.527218e-09	-4.843707e-15	3.667350e-01
0	127	R2	1.019681e+01	1.019681e+01	5.792789e-09	0.000000e+00	1.561900e-01
0	128	R2	1.042676e+01	1.042676e+01	5.943323e-09	0.000000e+00	3.776700e-02
0	129	R2	1.000192e+01	1.000192e+01	5.664922e-09	9.397371e-15	1.890270e-01
0	130	R2	9.261263e+00	9.261263e+00	5.176422e-09	8.093922e-15	2.194680e-01
0	131	R2	1.093653e+01	1.093653e+01	6.275822e-09	0.000000e+00	1.805970e-01
0	132	R2	1.041186e+01	1.041186e+01	5.933580e-09	-1.520554e-14	1.168230e-01
0	133	R2	1.025812e+01	1.025812e+01	5.832960e-09	2.548502e-14	6.970200e-02
0	134	R2	1.011124e+01	1.011124e+01	5.736679e-09	-1.732676e-14	1.025210e-01
0	135	R2	1.034671e+01	1.034671e+01	5.890959e-09	-2.225258e-14	7.982700e-02
0	136	R2	1.035007e+01	1.035007e+01	5.893158e-09	-1.363199e-14	1.303080e-01
0	137	R2	9.647073e+00	9.647073e+00	5.431405e-09	6.073139e-15	2.924940e-01
0	138	R2	9.623179e+00	9.623179e+00	5.415647e-09	0.000000e+00	5.565300e-02


1	2	NOE	4.533180e-01	4.533180e-01	1.078630e-09	-2.844610e-15	3.902900e-02
1	3	NOE	7.067900e-01	7.067900e-01	1.811529e-09	0.000000e+00	7.628000e-03
1	4	NOE	7.270480e-01	7.270480e-01	1.949063e-09	-1.243529e-14	8.928000e-03
1	6	NOE	8.320770e-01	8.320770e-01	4.291118e-09	-1.054744e-14	1.052600e-02
1	7	NOE	8.336180e-01	8.336180e-01	4.414392e-09	0.000000e+00	1.297100e-02
1	8	NOE	8.248160e-01	8.248160e-01	3.822817e-09	0.000000e+00	1.072700e-02
1	10	NOE	8.275570e-01	8.275570e-01	3.981192e-09	0.000000e+00	1.020800e-02
1	12	NOE	8.381380e-01	8.381380e-01	4.847496e-09	0.000000e+00	9.627200e-02
1	13	NOE	8.255580e-01	8.255580e-01	3.863835e-09	0.000000e+00	9.637000e-03
1	14	NOE	7.813110e-01	7.813110e-01	2.548022e-09	-1.166078e-14	9.521000e-03
1	15	NOE	8.183630e-01	8.183630e-01	3.513284e-09	-1.135993e-07	1.087900e-02
1	17	NOE	8.458590e-01	8.458590e-01	6.015581e-09	0.000000e+00	1.167100e-02
1	18	NOE	8.352260e-01	8.352260e-01	4.554965e-09	0.000000e+00	9.398000e-03
1	19	NOE	8.556230e-01	8.556230e-01	1.063695e-08	0.000000e+00	1.231000e-02
1	20	NOE	8.378320e-01	8.378320e-01	4.814100e-09	-9.789463e-15	1.134100e-02
1	21	NOE	8.472220e-01	8.472220e-01	6.323890e-09	0.000000e+00	9.247000e-03
1	22	NOE	8.430920e-01	8.430920e-01	5.506838e-09	0.000000e+00	1.051100e-02
1	23	NOE	8.553860e-01	8.553860e-01	1.037315e-08	0.000000e+00	1.054300e-02
1	24	NOE	8.441710e-01	8.441710e-01	5.689540e-09	0.000000e+00	8.723000e-03
1	25	NOE	8.392340e-01	8.392340e-01	4.973033e-09	0.000000e+00	1.032000e-02
1	26	NOE	8.374830e-01	8.374830e-01	4.776835e-09	0.000000e+00	1.023400e-02
1	27	NOE	8.500040e-01	8.500040e-01	7.134729e-09	0.000000e+00	1.167600e-02
1	29	NOE	7.756490e-01	7.756490e-01	2.459647e-09	0.000000e+00	4.948400e-02
1	30	NOE	7.401170e-01	7.401170e-01	2.055503e-09	-1.577469e-14	7.038000e-03
1	31	NOE	8.444550e-01	8.444550e-01	5.740715e-09	0.000000e+00	1.267700e-02
1	32	NOE	8.443810e-01	8.443810e-01	5.727248e-09	0.000000e+00	1.049800e-02
1	33	NOE	8.405390e-01	8.405390e-01	5.135952e-09	0.000000e+00	1.115800e-02
1	34	NOE	8.568580e-01	8.568580e-01	1.243528e-08	-9.672953e-09	1.037900e-02
1	35	NOE	8.476990e-01	8.476990e-01	6.443484e-09	0.000000e+00	1.183400e-02
1	36	NOE	8.415990e-01	8.415990e-01	5.280678e-09	-5.485433e-08	1.007900e-02
1	37	NOE	8.484830e-01	8.484830e-01	6.655639e-09	1.291708e-14	8.595000e-03
1	38	NOE	8.453600e-01	8.453600e-01	5.913445e-09	0.000000e+00	1.086200e-02
1	39	NOE	8.388170e-01	8.388170e-01	4.924137e-09	0.000000e+00	1.140600e-02
1	42	NOE	8.426540e-01	8.426540e-01	5.437515e-09	-5.710935e-08	9.135000e-03
1	43	NOE	8.295680e-01	8.295680e-01	4.110622e-09	0.000000e+00	1.196300e-02
1	44	NOE	8.491800e-01	8.491800e-01	6.862895e-09	0.000000e+00	7.868000e-03
1	45	NOE	8.437080e-01	8.437080e-01	5.608955e-09	-5.130483e-08	9.561000e-03
1	46	NOE	8.637190e-01	8.602293e-01	1.413486e-05	2.456157e-01	1.420800e-02
1	47	NOE	8.486570e-01	8.486570e-01	6.705622e-09	0.000000e+00	1.119600e-02
1	48	NOE	8.474370e-01	8.474370e-01	6.376968e-09	0.000000e+00	1.165800e-02
1	50	NOE	8.498970e-01	8.498970e-01	7.097603e-09	0.000000e+00	1.248400e-02
1	51	NOE	8.501240e-01	8.501240e-01	7.177064e-09	8.148426e-15	1.362500e-02
1	52	NOE	8.255260e-01	8.255260e-01	3.862039e-09	0.000000e+00	1.075300e-02
1	53	NOE	7.760080e-01	7.760080e-01	2.464986e-09	-2.712295e-07	9.077000e-03
1	55	NOE	8.214020e-01	8.214020e-01	3.649457e-09	0.000000e+00	1.035300e-02
1	56	NOE	8.069410e-01	8.069410e-01	3.109997e-09	0.000000e+00	8.155000e-03
1	57	NOE	7.918530e-01	7.918530e-01	2.740743e-09	0.000000e+00	9.757000e-03
1	58	NOE	8.260800e-01	8.260800e-01	3.893486e-09	0.000000e+00	6.844000e-03
1	59	NOE	8.202450e-01	8.202450e-01	3.595792e-09	-1.126182e-07	1.048500e-02
1	60	NOE	8.456810e-01	8.456810e-01	5.978546e-09	-1.034112e-14	1.073600e-02
1	61	NOE	8.486150e-01	8.486150e-01	6.693454e-09	0.000000e+00	1.352800e-02
1	62	NOE	8.637040e-01	8.602293e-01	1.880203e-05	3.408246e-01	1.019500e-02
1	63	NOE	8.456520e-01	8.456520e-01	5.972576e-09	0.000000e+00	1.132400e-02
1	64	NOE	8.593310e-01	8.593310e-01	2.409720e-08	0.000000e+00	1.271200e-02
1	65	NOE	8.456210e-01	8.456210e-01	5.966215e-09	0.000000e+00	1.075000e-02
1	66	NOE	8.416150e-01	8.416150e-01	5.282957e-09	-5.646571e-08	9.783000e-03
1	67	NOE	8.490220e-01	8.490220e-01	6.814225e-09	0.000000e+00	1.118400e-02
1	68	NOE	8.175830e-01	8.175830e-01	3.480696e-09	0.000000e+00	8.039000e-03
1	69	NOE	8.596550e-01	8.596550e-01	3.013870e-08	0.000000e+00	1.252300e-02
1	70	NOE	8.404130e-01	8.404130e-01	5.119524e-09	0.000000e+00	1.061100e-02
1	71	NOE	8.543730e-01	8.543730e-01	9.432347e-09	0.000000e+00	1.188400e-02
1	72	NOE	8.203910e-01	8.203910e-01	3.602435e-09	0.000000e+00	9.156000e-03
1	73	NOE	8.265370e-01	8.265370e-01	3.920008e-09	-1.026464e-14	1.081600e-02
1	74	NOE	8.301090e-01	8.301090e-01	4.147631e-09	-3.728584e-15	2.977600e-02
1	75	NOE	8.249980e-01	8.249980e-01	3.832758e-09	0.000000e+00	1.086100e-02
1	77	NOE	8.238410e-01	8.238410e-01	3.770833e-09	0.000000e+00	1.075700e-02
1	78	NOE	8.378060e-01	8.378060e-01	4.811294e-09	0.000000e+00	1.445500e-02
1	80	NOE	7.972910e-01	7.972910e-01	2.858486e-09	0.000000e+00	1.142300e-02
1	81	NOE	8.502330e-01	8.502330e-01	7.216177e-09	0.000000e+00	5.627000e-03
1	82	NOE	7.614840e-01	7.614840e-01	2.272664e-09	0.000000e+00	1.769600e-02
1	83	NOE	7.964860e-01	7.964860e-01	2.840115e-09	0.000000e+00	1.070400e-02
1	84	NOE	8.482940e-01	8.482940e-01	6.602589e-09	-1.160714e-14	9.565000e-03
1	86	NOE	8.329970e-01	8.329970e-01	4.363459e-09	0.000000e+00	9.371000e-03
1	87	NOE	8.395540e-01	8.395540e-01	5.011553e-09	-1.008011e-14	1.101400e-02
1	88	NOE	8.580620e-01	8.580620e-01	1.551152e-08	0.000000e+00	1.072400e-02
1	89	NOE	8.438870e-01	8.438870e-01	5.639704e-09	0.000000e+00	8.298000e-03
1	90	NOE	8.377050e-01	8.377050e-01	4.800439e-09	0.000000e+00	1.141000e-02
1	91	NOE	8.301760e-01	8.301760e-01	4.152283e-09	0.000000e+00	1.536700e-02
1	92	NOE	8.609520e-01	8.602293e-01	2.089187e-05	5.271385e-02	1.371000e-02
1	93	NOE	8.446950e-01	8.446950e-01	5.785049e-09	0.000000e+00	1.101300e-02
1	95	NOE	8.522380e-01	8.522380e-01	8.072670e-09	-8.300232e-09	2.864100e-02
1	96	NOE	8.629160e-01	8.602293e-01	2.282406e-05	1.631075e-01	1.647200e-02
1	97	NOE	8.700680e-01	8.602293e-01	1.791810e-05	7.645871e-01	1.286800e-02
1	98	NOE	8.331660e-01	8.331660e-01	4.377147e-09	8.274749e-15	1.341700e-02
1	99	NOE	8.456450e-01	8.456450e-01	5.971138e-09	7.040988e-15	1.576800e-02
1	100	NOE	8.478840e-01	8.478840e-01	6.491721e-09	1.060284e-14	1.047100e-02
1	101	NOE	8.448540e-01	8.448540e-01	5.814990e-09	0.000000e+00	1.090400e-02
1	102	NOE	8.532360e-01	8.532360e-01	8.630464e-09	0.000000e+00	1.123900e-02
1	103	NOE	8.368350e-01	8.368350e-01	4.709865e-09	0.000000e+00	1.133900e-02
1	104	NOE	8.434540e-01	8.434540e-01	5.566168e-09	-6.069934e-08	8.205000e-03
1	106	NOE	8.414020e-01	8.414020e-01	5.252860e-09	-5.598735e-08	9.979000e-03
1	107	NOE	8.593410e-01	8.593410e-01	2.423248e-08	-7.464186e-15	1.487400e-02
1	108	NOE	8.449040e-01	8.449040e-01	5.824501e-09	0.000000e+00	1.128300e-02
1	109	NOE	8.443570e-01	8.443570e-01	5.722901e-09	0.000000e+00	1.060700e-02
1	110	NOE	8.399980e-01	8.399980e-01	5.066504e-09	1.119854e-14	9.914000e-03
1	111	NOE	8.563130e-01	8.563130e-01	1.153691e-08	0.000000e+00	9.944000e-03
1	112	NOE	8.353830e-01	8.353830e-01	4.569415e-09	0.000000e+00	1.578700e-02
1	113	NOE	7.979540e-01	7.979540e-01	2.873881e-09	0.000000e+00	1.239900e-02
1	115	NOE	7.648020e-01	7.648020e-01	2.312728e-09	0.000000e+00	2.440200e-02
1	116	NOE	8.023660e-01	8.023660e-01	2.982949e-09	1.090271e-14	1.018300e-02
1	117	NOE	8.387980e-01	8.387980e-01	4.921943e-09	1.297899e-14	8.554000e-03
1	118	NOE	8.599700e-01	8.599700e-01	4.485500e-08	0.000000e+00	1.031500e-02
1	119	NOE	8.353520e-01	8.353520e-01	4.566551e-09	1.056953e-14	1.050400e-02
1	120	NOE	7.327610e-01	7.327610e-01	1.993596e-09	0.000000e+00	9.724000e-03
1	121	NOE	8.324310e-01	8.324310e-01	4.318530e-09	1.271879e-14	8.729000e-03
1	122	NOE	8.333180e-01	8.333180e-01	4.389567e-09	0.000000e+00	1.107700e-02
1	123	NOE	8.318050e-01	8.318050e-01	4.270405e-09	9.315515e-15	1.191800e-02
1	124	NOE	8.491870e-01	8.491870e-01	6.865076e-09	9.067486e-15	1.224400e-02
1	125	NOE	8.508180e-01	8.508180e-01	7.437568e-09	-1.555806e-14	7.136000e-03
1	126	NOE	8.458770e-01	8.458770e-01	6.019364e-09	0.000000e+00	1.362100e-02
1	127	NOE	8.506780e-01	8.506780e-01	7.382740e-09	0.000000e+00	6.801000e-03
1	128	NOE	8.400940e-01	8.400940e-01	5.078623e-09	0.000000e+00	1.062500e-02
1	129	NOE	8.344720e-01	8.344720e-01	4.487414e-09	9.895918e-15	1.121900e-02
1	130	NOE	8.248480e-01	8.248480e-01	3.824559e-09	0.000000e+00	1.025300e-02
1	131	NOE	8.205300e-01	8.205300e-01	3.608794e-09	0.000000e+00	1.294500e-02
1	132	NOE	8.482320e-01	8.482320e-01	6.585460e-09	0.000000e+00	9.540000e-03
1	133	NOE	8.471950e-01	8.471950e-01	6.317318e-09	0.000000e+00	9.301000e-03
1	134	NOE	8.439180e-01	8.439180e-01	5.645080e-09	0.000000e+00	8.635000e-03
1	135	NOE	8.506430e-01	8.506430e-01	7.369221e-09	0.000000e+00	9.158000e-03
1	136	NOE	8.553520e-01	8.553520e-01	1.033689e-08	1.168902e-14	9.498000e-03
1	137	NOE	7.976400e-01	7.976400e-01	2.866559e-09	0.000000e+00	9.547000e-03
1	138	NOE	8.126290e-01	8.126290e-01	3.292721e-09	0.000000e+00	9.814000e-03


2	2	R1	1.089660e+00	1.089660e+00	8.344099e-09	-4.265003e-15	5.206200e-02
2	3	R1	9.986170e-01	9.986170e-01	9.187651e-09	-2.970099e-14	1.121400e-02
2	4	R1	1.078827e+00	1.078827e+00	8.437437e-09	2.865461e-14	7.749000e-03
2	6	R1	1.198161e+00	1.198161e+00	7.496345e-09	0.000000e+00	7.704000e-03
2	7	R1	1.160218e+00	1.160218e+00	7.776084e-09	0.000000e+00	4.285200e-02
2	8	R1	1.121462e+00	1.121462e+00	8.079846e-09	0.000000e+00	1.105200e-02
2	10	R1	1.073137e+00	1.073137e+00	8.487170e-09	2.201513e-14	1.008600e-02
2	12	R1	1.066633e+00	1.066633e+00	8.544628e-09	-7.997573e-15	2.776400e-02
2	13	R1	1.170591e+00	1.170591e+00	7.697948e-09	0.000000e+00	5.225000e-03
2	14	R1	1.080798e+00	1.080798e+00	8.420324e-09	0.000000e+00	8.097000e-03
2	15	R1	1.102758e+00	1.102758e+00	8.233540e-09	3.198108e-14	6.943000e-03
2	17	R1	1.117985e+00	1.117985e+00	8.108054e-09	0.000000e+00	9.335000e-03
2	18	R1	1.180489e+00	1.180489e+00	7.624572e-09	0.000000e+00	7.554000e-03
2	19	R1	1.183932e+00	1.183932e+00	7.599314e-09	1.686244e-14	1.316800e-02
2	20	R1	1.161264e+00	1.161264e+00	7.768146e-09	2.446773e-14	9.075000e-03
2	21	R1	1.115006e+00	1.115006e+00	8.132352e-09	-4.716326e-14	9.416000e-03
2	22	R1	1.157988e+00	1.157988e+00	7.793051e-09	0.000000e+00	7.464000e-03
2	23	R1	1.151672e+00	1.151672e+00	7.841435e-09	0.000000e+00	5.060000e-03
2	24	R1	1.169704e+00	1.169704e+00	7.704579e-09	-7.244522e-14	6.130000e-03
2	25	R1	1.143342e+00	1.143342e+00	7.906006e-09	0.000000e+00	1.113700e-02
2	26	R1	1.216325e+00	1.216325e+00	7.368117e-09	0.000000e+00	1.096900e-02
2	27	R1	1.187341e+00	1.187341e+00	7.574438e-09	-3.716850e-14	5.974000e-03
2	29	R1	1.104535e+00	1.104535e+00	8.218729e-09	0.000000e+00	4.342500e-02
2	30	R1	1.113333e+00	1.113333e+00	8.146051e-09	2.664322e-14	8.334000e-03
2	31	R1	1.090096e+00	1.090096e+00	8.340379e-09	0.000000e+00	1.335100e-02
2	32	R1	1.175910e+00	1.175910e+00	7.658376e-09	3.557552e-14	1.248300e-02
2	33	R1	1.108806e+00	1.108806e+00	8.183313e-09	0.000000e+00	1.094000e-02
2	34	R1	1.166841e+00	1.166841e+00	7.726047e-09	0.000000e+00	5.470000e-03
2	35	R1	1.109400e+00	1.109400e+00	8.178408e-09	-6.616347e-14	6.712000e-03
2	36	R1	1.071382e+00	1.071382e+00	8.502610e-09	0.000000e+00	6.889000e-03
2	37	R1	1.112276e+00	1.112276e+00	8.154726e-09	0.000000e+00	1.414500e-02
2	38	R1	1.124442e+00	1.124442e+00	8.055800e-09	2.789505e-14	7.960000e-03
2	39	R1	1.085104e+00	1.085104e+00	8.383141e-09	1.742756e-14	1.274100e-02
2	42	R1	1.136662e+00	1.136662e+00	7.958420e-09	0.000000e+00	1.072100e-02
2	43	R1	1.094800e+00	1.094800e+00	8.300417e-09	-2.095749e-14	1.059500e-02
2	44	R1	1.199707e+00	1.199707e+00	7.485293e-09	0.000000e+00	1.229500e-02
2	45	R1	1.204730e+00	1.204730e+00	7.449563e-09	0.000000e+00	1.076100e-02
2	46	R1	1.194351e+00	1.194351e+00	7.523695e-09	-2.268771e-14	9.787000e-03
2	47	R1	1.153997e+00	1.153997e+00	7.823567e-09	0.000000e+00	5.093000e-03
2	48	R1	1.118384e+00	1.118384e+00	8.104809e-09	0.000000e+00	1.745000e-02
2	50	R1	1.172343e+00	1.172343e+00	7.684877e-09	0.000000e+00	1.568000e-02
2	51	R1	1.157956e+00	1.157956e+00	7.793295e-09	1.371577e-14	1.618900e-02
2	52	R1	1.202630e+00	1.202630e+00	7.464467e-09	0.000000e+00	3.261200e-02
2	53	R1	1.166720e+00	1.166720e+00	7.726957e-09	2.561807e-14	1.733500e-02
2	55	R1	1.210002e+00	1.210002e+00	7.412354e-09	-1.094895e-14	2.028000e-02
2	56	R1	1.118601e+00	1.118601e+00	8.103045e-09	3.362784e-14	6.603000e-03
2	57	R1	1.086988e+00	1.086988e+00	8.366959e-09	0.000000e+00	9.085000e-03
2	58	R1	1.161035e+00	1.161035e+00	7.769883e-09	2.194984e-14	1.011600e-02
2	59	R1	1.180969e+00	1.180969e+00	7.621043e-09	-2.955079e-14	7.514000e-03
2	60	R1	1.145715e+00	1.145715e+00	7.887523e-09	-3.776911e-14	5.879000e-03
2	61	R1	1.149292e+00	1.149292e+00	7.859795e-09	0.000000e+00	1.367900e-02
2	62	R1	1.146020e+00	1.146020e+00	7.885152e-09	-4.370957e-14	1.016000e-02
2	63	R1	1.051481e+00	1.051481e+00	8.681074e-09	0.000000e+00	1.302200e-02
2	64	R1	1.148214e+00	1.148214e+00	7.868135e-09	2.384500e-14	9.312000e-03
2	65	R1	1.083856e+00	1.083856e+00	8.393889e-09	2.215572e-14	1.002200e-02
2	66	R1	1.146328e+00	1.146328e+00	7.882759e-09	0.000000e+00	4.598000e-03
2	67	R1	1.150455e+00	1.150455e+00	7.850815e-09	0.000000e+00	1.438200e-02
2	68	R1	1.059578e+00	1.059578e+00	8.607703e-09	0.000000e+00	1.028300e-02
2	69	R1	1.172798e+00	1.172798e+00	7.681488e-09	-1.594690e-14	2.784800e-02
2	70	R1	1.101322e+00	1.101322e+00	8.245541e-09	-2.470456e-14	8.988000e-03
2	71	R1	1.192464e+00	1.192464e+00	7.537301e-09	-7.020285e-15	3.162900e-02
2	72	R1	1.160863e+00	1.160863e+00	7.771188e-09	0.000000e+00	6.737000e-03
2	73	R1	1.122809e+00	1.122809e+00	8.068962e-09	-2.117938e-14	1.048400e-02
2	74	R1	1.147765e+00	1.147765e+00	7.871612e-09	-5.539897e-15	4.008100e-02
2	75	R1	1.131340e+00	1.131340e+00	8.000590e-09	-4.329199e-14	5.129000e-03
2	77	R1	1.139768e+00	1.139768e+00	7.933978e-09	-3.658669e-14	6.069000e-03
2	78	R1	1.196063e+00	1.196063e+00	7.511386e-09	0.000000e+00	4.940800e-02
2	80	R1	9.227500e-01	9.227500e-01	1.001066e-08	-1.728377e-14	1.284700e-02
2	81	R1	1.130474e+00	1.130474e+00	8.007487e-09	0.000000e+00	8.662000e-03
2	82	R1	1.120649e+00	1.120649e+00	8.086427e-09	0.000000e+00	3.703100e-02
2	83	R1	1.119944e+00	1.119944e+00	8.092141e-09	0.000000e+00	9.130000e-03
2	84	R1	1.145756e+00	1.145756e+00	7.887204e-09	-3.036715e-14	7.312000e-03
2	86	R1	1.185194e+00	1.185194e+00	7.590089e-09	5.045322e-14	8.802000e-03
2	87	R1	1.143707e+00	1.143707e+00	7.903158e-09	0.000000e+00	6.699000e-03
2	88	R1	1.134744e+00	1.134744e+00	7.973575e-09	0.000000e+00	8.061000e-03
2	89	R1	1.120390e+00	1.120390e+00	8.088526e-09	2.399445e-14	9.254000e-03
2	90	R1	1.083647e+00	1.083647e+00	8.395692e-09	-3.323523e-14	6.681000e-03
2	91	R1	1.162300e+00	1.162300e+00	7.760298e-09	-3.294430e-14	6.740000e-03
2	92	R1	1.169480e+00	1.169480e+00	7.706255e-09	-5.703689e-14	7.786000e-03
2	93	R1	1.127869e+00	1.127869e+00	8.028292e-09	0.000000e+00	6.100000e-03
2	95	R1	1.244880e+00	1.244880e+00	7.173460e-09	-5.708821e-15	3.889500e-02
2	96	R1	1.200158e+00	1.200158e+00	7.482073e-09	-6.009326e-14	7.390000e-03
2	97	R1	1.121258e+00	1.121258e+00	8.081497e-09	1.285576e-14	1.727200e-02
2	98	R1	1.101422e+00	1.101422e+00	8.244704e-09	-2.339035e-14	9.493000e-03
2	99	R1	1.134318e+00	1.134318e+00	7.976948e-09	0.000000e+00	1.710100e-02
2	100	R1	1.182237e+00	1.182237e+00	7.611732e-09	3.936961e-14	5.640000e-03
2	101	R1	1.127099e+00	1.127099e+00	8.034459e-09	0.000000e+00	5.713000e-03
2	102	R1	1.216165e+00	1.216165e+00	7.369231e-09	4.773100e-14	4.652000e-03
2	103	R1	1.208634e+00	1.208634e+00	7.421980e-09	2.560477e-14	8.672000e-03
2	104	R1	1.134595e+00	1.134595e+00	7.974754e-09	0.000000e+00	7.118000e-03
2	106	R1	1.169549e+00	1.169549e+00	7.705739e-09	-7.380575e-14	6.017000e-03
2	107	R1	1.167972e+00	1.167972e+00	7.717555e-09	-3.393880e-14	1.308500e-02
2	108	R1	1.173601e+00	1.173601e+00	7.675513e-09	2.875481e-14	7.722000e-03
2	109	R1	1.099586e+00	1.099586e+00	8.260088e-09	5.105060e-14	8.699000e-03
2	110	R1	1.130221e+00	1.130221e+00	8.009503e-09	-1.906126e-14	1.164900e-02
2	111	R1	1.121119e+00	1.121119e+00	8.082622e-09	0.000000e+00	1.278800e-02
2	112	R1	1.106790e+00	1.106790e+00	8.199998e-09	-1.320437e-14	1.681600e-02
2	113	R1	9.743800e-01	9.743800e-01	9.437292e-09	0.000000e+00	9.913000e-03
2	115	R1	1.036504e+00	1.036504e+00	8.819634e-09	0.000000e+00	2.050200e-02
2	116	R1	1.159113e+00	1.159113e+00	7.784484e-09	0.000000e+00	1.174500e-02
2	117	R1	1.262375e+00	1.262375e+00	7.058161e-09	0.000000e+00	1.561900e-02
2	118	R1	1.209442e+00	1.209442e+00	7.416292e-09	-2.514946e-14	8.829000e-03
2	119	R1	1.145850e+00	1.145850e+00	7.886473e-09	-1.848985e-14	1.200900e-02
2	120	R1	1.052722e+00	1.052722e+00	8.669760e-09	2.798999e-14	7.933000e-03
2	121	R1	1.251744e+00	1.251744e+00	7.127875e-09	-2.226011e-14	9.975000e-03
2	122	R1	1.132695e+00	1.132695e+00	7.989818e-09	-1.476262e-14	1.504100e-02
2	123	R1	1.155879e+00	1.155879e+00	7.809153e-09	-3.692128e-14	6.014000e-03
2	124	R1	1.125703e+00	1.125703e+00	8.045660e-09	-2.874736e-14	7.724000e-03
2	125	R1	1.128891e+00	1.128891e+00	8.020119e-09	-2.662086e-14	8.341000e-03
2	126	R1	1.208853e+00	1.208853e+00	7.420438e-09	1.620627e-06	9.689000e-03
2	127	R1	1.114401e+00	1.114401e+00	8.137302e-09	2.345955e-14	9.465000e-03
2	128	R1	1.157538e+00	1.157538e+00	7.796482e-09	-3.606377e-14	6.157000e-03
2	129	R1	1.159924e+00	1.159924e+00	7.778317e-09	0.000000e+00	7.685000e-03
2	130	R1	1.120934e+00	1.120934e+00	8.084119e-09	0.000000e+00	5.682000e-03
2	131	R1	1.210554e+00	1.210554e+00	7.408475e-09	2.796884e-14	7.939000e-03
2	132	R1	1.160090e+00	1.160090e+00	7.777056e-09	0.000000e+00	4.372000e-03
2	133	R1	1.183846e+00	1.183846e+00	7.599943e-09	-2.315135e-14	9.591000e-03
2	134	R1	1.126060e+00	1.126060e+00	8.042793e-09	-2.321914e-14	9.563000e-03
2	135	R1	1.185940e+00	1.185940e+00	7.584645e-09	5.658629e-14	7.848000e-03
2	136	R1	1.146858e+00	1.146858e+00	7.878645e-09	0.000000e+00	9.390000e-03
2	137	R1	1.114654e+00	1.114654e+00	8.135232e-09	8.413649e-15	2.639100e-02
2	138	R1	1.142400e+00	1.142400e+00	7.913362e-09	1.468064e-14	1.512500e-02


