0	2	R2	8.782689e+00	8.782689e+00	5.888263e-09	5.302399e-15	3.350100e-01
0	3	R2	7.415957e+00	7.415957e+00	4.688168e-09	-2.789680e-14	3.183800e-02
0	4	R2	7.818099e+00	7.818099e+00	5.041234e-09	4.394530e-14	6.063300e-02
0	6	R2	8.951613e+00	8.951613e+00	6.036138e-09	0.000000e+00	5.560200e-02
0	7	R2	9.223933e+00	9.223933e+00	6.274068e-09	0.000000e+00	1.642680e-01
0	8	R2	8.783592e+00	8.783592e+00	5.889054e-09	-1.964562e-14	9.042000e-02
0	10	R2	8.685255e+00	8.685255e+00	5.802882e-09	4.295386e-14	4.135500e-02
0	12	R2	1.276605e+01	1.276605e+01	9.308185e-09	0.000000e+00	1.151657e+00
0	13	R2	9.168907e+00	9.168907e+00	6.226039e-09	0.000000e+00	5.662600e-02
0	14	R2	8.403536e+00	8.403536e+00	5.555705e-09	0.000000e+00	8.571000e-02
0	15	R2	9.558600e+00	9.558600e+00	6.565617e-09	-1.631713e-06	6.894400e-02
0	17	R2	9.172443e+00	9.172443e+00	6.229126e-09	-3.061787e-14	5.801700e-02
0	18	R2	9.066777e+00	9.066777e+00	6.136830e-09	1.588245e-14	1.118440e-01
0	19	R2	9.432692e+00	9.432692e+00	6.456047e-09	1.939275e-14	9.159900e-02
0	20	R2	9.111171e+00	9.111171e+00	6.175618e-09	0.000000e+00	5.000100e-02
0	21	R2	1.102057e+01	1.102057e+01	7.827024e-09	0.000000e+00	2.128980e-01
0	22	R2	8.840074e+00	8.840074e+00	5.938520e-09	0.000000e+00	5.023600e-02
0	23	R2	8.949856e+00	8.949856e+00	6.034601e-09	1.881854e-14	9.439400e-02
0	24	R2	8.653050e+00	8.653050e+00	5.774648e-09	-1.302114e-14	1.364210e-01
0	25	R2	8.747298e+00	8.747298e+00	5.857257e-09	-3.345935e-14	5.309000e-02
0	26	R2	9.238995e+00	9.238995e+00	6.287211e-09	0.000000e+00	9.145400e-02
0	27	R2	9.649208e+00	9.649208e+00	6.644379e-09	-1.040733e-06	1.094950e-01
0	29	R2	1.127303e+01	1.127303e+01	8.042837e-09	-2.406463e-15	7.381610e-01
0	30	R2	8.107955e+00	8.107955e+00	5.296012e-09	2.324101e-14	7.643200e-02
0	31	R2	8.756760e+00	8.756760e+00	5.865548e-09	0.000000e+00	7.483400e-02
0	32	R2	9.274229e+00	9.274229e+00	6.317946e-09	1.453374e-14	1.222230e-01
0	33	R2	8.932434e+00	8.932434e+00	6.019359e-09	0.000000e+00	8.229500e-02
0	34	R2	8.997194e+00	8.997194e+00	6.076003e-09	0.000000e+00	9.245300e-02
0	35	R2	9.023957e+00	9.023957e+00	6.099403e-09	-2.711705e-14	6.550700e-02
0	36	R2	8.573456e+00	8.573456e+00	5.704841e-09	0.000000e+00	8.899000e-02
0	37	R2	9.206727e+00	9.206727e+00	6.259053e-09	-2.194550e-14	8.094400e-02
0	38	R2	8.894544e+00	8.894544e+00	5.986203e-09	0.000000e+00	2.123400e-02
0	39	R2	9.467483e+00	9.467483e+00	6.486338e-09	-1.319706e-06	8.413500e-02
0	42	R2	9.592955e+00	9.592955e+00	6.595489e-09	0.000000e+00	4.605400e-02
0	43	R2	9.104103e+00	9.104103e+00	6.169444e-09	0.000000e+00	1.187150e-01
0	44	R2	9.210041e+00	9.210041e+00	6.261945e-09	-1.337014e-14	1.328600e-01
0	45	R2	9.393622e+00	9.393622e+00	6.422018e-09	0.000000e+00	7.927100e-02
0	46	R2	9.433723e+00	9.433723e+00	6.456945e-09	2.624369e-14	6.768700e-02
0	47	R2	8.990098e+00	8.990098e+00	6.069798e-09	0.000000e+00	2.734300e-02
0	48	R2	9.315892e+00	9.315892e+00	6.354277e-09	6.316946e-14	5.624100e-02
0	50	R2	9.141713e+00	9.141713e+00	6.202294e-09	2.002296e-14	8.871600e-02
0	51	R2	9.086390e+00	9.086390e+00	6.153969e-09	-1.256948e-14	1.413230e-01
0	52	R2	9.723007e+00	9.723007e+00	6.708473e-09	0.000000e+00	8.782800e-02
0	53	R2	9.017852e+00	9.017852e+00	6.094066e-09	0.000000e+00	5.158800e-02
0	55	R2	8.967684e+00	8.967684e+00	6.050195e-09	-2.164204e-14	8.207900e-02
0	56	R2	8.438433e+00	8.438433e+00	5.586344e-09	0.000000e+00	9.744000e-02
0	57	R2	8.116940e+00	8.116940e+00	5.303910e-09	1.156859e-14	1.535500e-01
0	58	R2	8.810312e+00	8.810312e+00	5.912458e-09	0.000000e+00	1.198970e-01
0	59	R2	8.885055e+00	8.885055e+00	5.977898e-09	-2.166447e-14	8.199400e-02
0	60	R2	9.178003e+00	9.178003e+00	6.233980e-09	-1.312679e-14	1.353230e-01
0	61	R2	9.249939e+00	9.249939e+00	6.296759e-09	-5.999179e-14	5.922000e-02
0	62	R2	9.273372e+00	9.273372e+00	6.317199e-09	1.650337e-14	1.076360e-01
0	63	R2	9.261694e+00	9.261694e+00	6.307013e-09	-2.075523e-14	8.558600e-02
0	64	R2	9.460836e+00	9.460836e+00	6.480551e-09	-1.576539e-06	7.036100e-02
0	65	R2	9.204495e+00	9.204495e+00	6.257105e-09	-1.810540e-14	9.811200e-02
0	66	R2	9.152259e+00	9.152259e+00	6.211503e-09	0.000000e+00	3.175000e-02
0	67	R2	9.575600e+00	9.575600e+00	6.580400e-09	-3.041863e-14	5.839700e-02
0	68	R2	8.910253e+00	8.910253e+00	5.999951e-09	-2.300533e-14	7.721500e-02
0	69	R2	9.948787e+00	9.948787e+00	6.904248e-09	0.000000e+00	1.935460e-01
0	70	R2	9.220722e+00	9.220722e+00	6.271266e-09	0.000000e+00	6.563400e-02
0	71	R2	1.029285e+01	1.029285e+01	7.201658e-09	-8.500485e-07	1.463230e-01
0	72	R2	9.262605e+00	9.262605e+00	6.307808e-09	-1.906187e-14	9.318900e-02
0	73	R2	9.054864e+00	9.054864e+00	6.126419e-09	0.000000e+00	7.862100e-02
0	74	R2	9.683079e+00	9.683079e+00	6.673802e-09	-4.643596e-07	2.465780e-01
0	75	R2	9.071908e+00	9.071908e+00	6.141314e-09	0.000000e+00	5.822700e-02
0	77	R2	1.081912e+01	1.081912e+01	7.654402e-09	-2.204266e-06	6.032100e-02
0	78	R2	1.021497e+01	1.021497e+01	7.134437e-09	0.000000e+00	1.059590e-01
0	80	R2	7.023386e+00	7.023386e+00	4.344968e-09	4.870868e-14	3.646900e-02
0	81	R2	8.911668e+00	8.911668e+00	6.001189e-09	3.047395e-14	5.829100e-02
0	82	R2	9.831453e+00	9.831453e+00	6.802567e-09	0.000000e+00	2.129240e-01
0	83	R2	8.930769e+00	8.930769e+00	6.017902e-09	0.000000e+00	4.111400e-02
0	84	R2	8.880367e+00	8.880367e+00	5.973795e-09	3.335067e-14	5.326300e-02
0	86	R2	8.949757e+00	8.949757e+00	6.034514e-09	2.004759e-14	8.860700e-02
0	87	R2	9.083072e+00	9.083072e+00	6.151069e-09	6.782836e-14	2.618900e-02
0	88	R2	8.759076e+00	8.759076e+00	5.867577e-09	-4.132985e-14	4.298000e-02
0	89	R2	9.037848e+00	9.037848e+00	6.111546e-09	0.000000e+00	9.189800e-02
0	90	R2	9.333268e+00	9.333268e+00	6.369424e-09	3.796770e-14	4.678600e-02
0	91	R2	9.285857e+00	9.285857e+00	6.328088e-09	0.000000e+00	7.711000e-02
0	92	R2	9.771928e+00	9.771928e+00	6.750933e-09	0.000000e+00	9.691900e-02
0	93	R2	1.016461e+01	1.016461e+01	7.090938e-09	-6.550361e-07	1.867020e-01
0	95	R2	1.262859e+01	1.262859e+01	9.192412e-09	6.113037e-15	2.905850e-01
0	96	R2	1.121632e+01	1.121632e+01	7.994409e-09	0.000000e+00	1.108040e-01
0	97	R2	9.370873e+00	9.370873e+00	6.402198e-09	-9.048769e-07	1.209950e-01
0	98	R2	1.340939e+01	1.340939e+01	9.848268e-09	0.000000e+00	5.304900e-02
0	99	R2	1.173217e+01	1.173217e+01	8.433894e-09	0.000000e+00	2.943460e-01
0	100	R2	9.118018e+00	9.118018e+00	6.181599e-09	0.000000e+00	5.039800e-02
0	101	R2	9.446559e+00	9.446559e+00	6.468121e-09	-2.424979e-06	4.564900e-02
0	102	R2	9.045812e+00	9.045812e+00	6.118508e-09	-1.489046e-14	1.192950e-01
0	103	R2	9.889166e+00	9.889166e+00	6.852597e-09	0.000000e+00	8.862000e-02
0	104	R2	8.549642e+00	8.549642e+00	5.683949e-09	-2.487581e-14	7.140900e-02
0	106	R2	9.342666e+00	9.342666e+00	6.377616e-09	2.015976e-14	8.811400e-02
0	107	R2	1.395453e+01	1.395453e+01	1.030381e-08	1.076469e-14	1.650170e-01
0	108	R2	9.752051e+00	9.752051e+00	6.733684e-09	0.000000e+00	4.521500e-02
0	109	R2	9.176476e+00	9.176476e+00	6.232647e-09	-1.773944e-14	1.001360e-01
0	110	R2	9.399100e+00	9.399100e+00	6.426790e-09	-1.080264e-06	1.017690e-01
0	111	R2	9.213207e+00	9.213207e+00	6.264708e-09	0.000000e+00	6.568500e-02
0	112	R2	9.649553e+00	9.649553e+00	6.644678e-09	1.276549e-14	1.391530e-01
0	113	R2	8.829560e+00	8.829560e+00	5.929314e-09	0.000000e+00	8.052700e-02
0	115	R2	1.019731e+01	1.019731e+01	7.119186e-09	-8.031200e-15	4.423640e-01
0	116	R2	8.875346e+00	8.875346e+00	5.969400e-09	-3.474095e-14	1.022630e-01
0	117	R2	9.536090e+00	9.536090e+00	6.546038e-09	1.408521e-14	1.261150e-01
0	118	R2	9.127814e+00	9.127814e+00	6.190155e-09	-2.148758e-14	8.266900e-02
0	119	R2	9.239291e+00	9.239291e+00	6.287469e-09	1.862009e-14	9.540000e-02
0	120	R2	7.911369e+00	7.911369e+00	5.123212e-09	0.000000e+00	5.304500e-02
0	121	R2	9.464284e+00	9.464284e+00	6.483553e-09	-3.530472e-14	5.031500e-02
0	122	R2	9.059278e+00	9.059278e+00	6.130277e-09	0.000000e+00	8.855900e-02
0	123	R2	9.167876e+00	9.167876e+00	6.225139e-09	-2.624292e-14	6.768900e-02
0	124	R2	9.096599e+00	9.096599e+00	6.162888e-09	2.229895e-14	7.966100e-02
0	125	R2	8.908735e+00	8.908735e+00	5.998622e-09	0.000000e+00	5.864500e-02
0	126	R2	8.982734e+00	8.982734e+00	6.063358e-09	-2.460362e-14	7.219900e-02
0	127	R2	8.988124e+00	8.988124e+00	6.068072e-09	0.000000e+00	1.012600e-01
0	128	R2	8.898232e+00	8.898232e+00	5.989431e-09	-3.854941e-14	4.608000e-02
0	129	R2	8.886599e+00	8.886599e+00	5.979249e-09	0.000000e+00	5.628500e-02
0	130	R2	8.247687e+00	8.247687e+00	5.418810e-09	4.115367e-14	4.316400e-02
0	131	R2	9.281352e+00	9.281352e+00	6.324159e-09	2.080433e-14	8.538400e-02
0	132	R2	8.755178e+00	8.755178e+00	5.864162e-09	-2.231156e-14	7.961600e-02
0	133	R2	9.134044e+00	9.134044e+00	6.195597e-09	2.587028e-14	6.866400e-02
0	134	R2	8.846571e+00	8.846571e+00	5.944209e-09	0.000000e+00	5.927800e-02
0	135	R2	8.878305e+00	8.878305e+00	5.971990e-09	-3.538489e-14	5.020100e-02
0	136	R2	9.103069e+00	9.103069e+00	6.168541e-09	0.000000e+00	5.824300e-02
0	137	R2	8.581566e+00	8.581566e+00	5.711956e-09	-2.064379e-14	8.604800e-02
0	138	R2	8.399700e+00	8.399700e+00	5.552336e-09	0.000000e+00	3.635300e-02


1	2	NOE	4.298060e-01	4.298060e-01	1.996244e-09	4.085412e-16	2.717530e-01
1	3	NOE	6.639880e-01	6.639880e-01	3.230239e-09	-3.897708e-15	2.848400e-02
1	4	NOE	7.524490e-01	7.524490e-01	4.925226e-09	0.000000e+00	3.600500e-02
1	6	NOE	8.049740e-01	8.049740e-01	1.012914e-08	2.642193e-15	4.201900e-02
1	7	NOE	8.357970e-01	8.214736e-01	3.730490e-05	2.853439e-01	5.019700e-02
1	8	NOE	7.524890e-01	7.524890e-01	4.926674e-09	0.000000e+00	3.759300e-02
1	10	NOE	9.358660e-01	8.214736e-01	2.292418e-05	2.442143e+00	4.684100e-02
1	12	NOE	7.394430e-01	7.394430e-01	4.511763e-09	0.000000e+00	3.408710e-01
1	13	NOE	7.935160e-01	7.935160e-01	7.772170e-09	-3.276734e-15	3.388200e-02
1	14	NOE	7.267880e-01	7.267880e-01	4.193849e-09	0.000000e+00	3.475200e-02
1	15	NOE	7.483020e-01	7.483020e-01	4.781538e-09	0.000000e+00	3.797900e-02
1	17	NOE	7.646860e-01	7.646860e-01	5.436990e-09	0.000000e+00	4.119800e-02
1	18	NOE	7.723850e-01	7.723850e-01	5.852545e-09	-3.516703e-15	3.157000e-02
1	19	NOE	7.530680e-01	7.530680e-01	4.947781e-09	0.000000e+00	4.307800e-02
1	20	NOE	8.396860e-01	8.214736e-01	2.350543e-05	4.045134e-01	4.502300e-02
1	21	NOE	8.427920e-01	8.214736e-01	2.051072e-05	5.571547e-01	3.826300e-02
1	22	NOE	8.218850e-01	8.214736e-01	3.461713e-05	1.017929e-02	4.041600e-02
1	23	NOE	8.354900e-01	8.214736e-01	2.834699e-05	3.147986e-01	4.452500e-02
1	24	NOE	7.975030e-01	7.975030e-01	8.397169e-09	3.909098e-15	2.840100e-02
1	25	NOE	8.449890e-01	8.214736e-01	3.332949e-05	5.566699e-01	4.224300e-02
1	26	NOE	8.604080e-01	8.214736e-01	2.994172e-05	1.135114e+00	3.430000e-02
1	27	NOE	8.858400e-01	8.214736e-01	3.792391e-05	1.426750e+00	4.511400e-02
1	29	NOE	9.353610e-01	8.214736e-01	4.321570e-05	3.921986e-01	2.903820e-01
1	30	NOE	7.287340e-01	7.287340e-01	4.238492e-09	0.000000e+00	2.316800e-02
1	31	NOE	8.093990e-01	8.093990e-01	1.184602e-08	0.000000e+00	4.994200e-02
1	32	NOE	8.745800e-01	8.214736e-01	3.190369e-05	1.403632e+00	3.783500e-02
1	33	NOE	7.200730e-01	7.200730e-01	4.049733e-09	2.828666e-15	3.924900e-02
1	34	NOE	8.713520e-01	8.214736e-01	3.430007e-05	1.278606e+00	3.901000e-02
1	35	NOE	8.781080e-01	8.214736e-01	4.532150e-05	1.098332e+00	5.156400e-02
1	36	NOE	8.558010e-01	8.214736e-01	3.788875e-05	8.101245e-01	4.237300e-02
1	37	NOE	8.391650e-01	8.214736e-01	1.938086e-05	5.029827e-01	3.517300e-02
1	38	NOE	8.636770e-01	8.214736e-01	3.121220e-05	9.340343e-01	4.518400e-02
1	39	NOE	8.450260e-01	8.214736e-01	5.760002e-05	4.975790e-01	4.733400e-02
1	42	NOE	8.402520e-01	8.214736e-01	3.398370e-05	5.187262e-01	3.620100e-02
1	43	NOE	7.910990e-01	7.910990e-01	7.454658e-09	0.000000e+00	4.554800e-02
1	44	NOE	8.296670e-01	8.214736e-01	2.820660e-05	2.819868e-01	2.905600e-02
1	45	NOE	8.640520e-01	8.214736e-01	2.547998e-05	1.219313e+00	3.492000e-02
1	46	NOE	8.120460e-01	8.120460e-01	1.340996e-08	0.000000e+00	5.165300e-02
1	47	NOE	8.294650e-01	8.214736e-01	3.470422e-05	1.800921e-01	4.437400e-02
1	48	NOE	8.652030e-01	8.214736e-01	2.286750e-05	9.532919e-01	4.587200e-02
1	50	NOE	8.143140e-01	8.143140e-01	1.539167e-08	0.000000e+00	4.838200e-02
1	51	NOE	9.010850e-01	8.214736e-01	1.982616e-05	1.463364e+00	5.440300e-02
1	52	NOE	8.163760e-01	8.163760e-01	1.824484e-08	0.000000e+00	4.043500e-02
1	53	NOE	7.128380e-01	7.128380e-01	3.909561e-09	4.090425e-15	2.714200e-02
1	55	NOE	7.501520e-01	7.501520e-01	4.844096e-09	-3.189013e-15	3.481400e-02
1	56	NOE	7.451530e-01	7.451530e-01	4.680306e-09	0.000000e+00	2.960600e-02
1	57	NOE	7.783980e-01	7.783980e-01	6.251615e-09	0.000000e+00	3.629000e-02
1	58	NOE	7.687120e-01	7.687120e-01	5.642990e-09	4.080502e-15	2.720800e-02
1	59	NOE	8.166260e-01	8.166260e-01	1.870987e-08	-2.719269e-15	4.082800e-02
1	60	NOE	7.362790e-01	7.362790e-01	4.425715e-09	0.000000e+00	3.685800e-02
1	61	NOE	9.702840e-01	8.214736e-01	2.457718e-05	2.656285e+00	5.602200e-02
1	62	NOE	7.727970e-01	7.727970e-01	5.877514e-09	0.000000e+00	3.319000e-02
1	63	NOE	8.123510e-01	8.123510e-01	1.363272e-08	2.658262e-15	4.176500e-02
1	64	NOE	9.234400e-01	8.214736e-01	3.393687e-05	1.914323e+00	5.326500e-02
1	65	NOE	8.351410e-01	8.214736e-01	6.071674e-05	3.256858e-01	4.196500e-02
1	66	NOE	7.574240e-01	7.574240e-01	5.115600e-09	-5.900206e-08	3.192300e-02
1	67	NOE	8.328910e-01	8.214736e-01	1.926405e-05	2.957572e-01	3.860400e-02
1	68	NOE	7.959780e-01	7.959780e-01	8.140871e-09	0.000000e+00	2.848700e-02
1	69	NOE	9.112800e-01	8.214736e-01	3.110257e-05	1.637727e+00	5.483600e-02
1	70	NOE	7.902340e-01	7.902340e-01	7.350064e-09	-2.356794e-08	3.924800e-02
1	71	NOE	8.776150e-01	8.214736e-01	4.029010e-05	1.142177e+00	4.915300e-02
1	72	NOE	7.503270e-01	7.503270e-01	4.850139e-09	-3.440099e-15	3.227300e-02
1	73	NOE	7.467090e-01	7.467090e-01	4.729532e-09	-2.846215e-15	3.900700e-02
1	74	NOE	7.446120e-01	7.446120e-01	4.663540e-09	0.000000e+00	1.153580e-01
1	75	NOE	8.594860e-01	8.214736e-01	2.496536e-05	8.231535e-01	4.617900e-02
1	77	NOE	7.946360e-01	7.946360e-01	7.933613e-09	3.107431e-15	3.572800e-02
1	78	NOE	8.619110e-01	8.214736e-01	3.052229e-05	6.087312e-01	6.642900e-02
1	80	NOE	7.965040e-01	7.965040e-01	8.226620e-09	0.000000e+00	2.996700e-02
1	81	NOE	8.230510e-01	8.214736e-01	1.851884e-05	7.553198e-02	2.088400e-02
1	82	NOE	8.962950e-01	8.214736e-01	3.017243e-05	6.988279e-01	1.070670e-01
1	83	NOE	7.478180e-01	7.478180e-01	4.765560e-09	2.897091e-15	3.832200e-02
1	84	NOE	8.559850e-01	8.214736e-01	2.473224e-05	9.513827e-01	3.627500e-02
1	86	NOE	7.915130e-01	7.915130e-01	7.506309e-09	3.462846e-15	3.206100e-02
1	87	NOE	8.544170e-01	8.214736e-01	3.373630e-05	7.338042e-01	4.489400e-02
1	88	NOE	8.639690e-01	8.214736e-01	2.936920e-05	1.024924e+00	4.146200e-02
1	89	NOE	8.538930e-01	8.214736e-01	3.607651e-05	1.036128e+00	3.128900e-02
1	90	NOE	8.384400e-01	8.214736e-01	1.892376e-05	3.711994e-01	4.570700e-02
1	91	NOE	8.783990e-01	8.214736e-01	2.170920e-05	1.080958e+00	5.266200e-02
1	92	NOE	8.984290e-01	8.214736e-01	3.264679e-05	1.559917e+00	4.933300e-02
1	93	NOE	1.016444e+00	8.214736e-01	3.791506e-05	2.936080e+00	6.640500e-02
1	95	NOE	8.412450e-01	8.214736e-01	2.391485e-05	2.756826e-01	7.171800e-02
1	96	NOE	7.829580e-01	7.829580e-01	6.614488e-09	0.000000e+00	3.899200e-02
1	97	NOE	8.764170e-01	8.214736e-01	2.734027e-05	1.031530e+00	5.326400e-02
1	98	NOE	8.275570e-01	8.214736e-01	1.788808e-05	1.359482e-01	4.474800e-02
1	99	NOE	8.279440e-01	8.214736e-01	2.255754e-05	1.121738e-01	5.768200e-02
1	100	NOE	9.104140e-01	8.214736e-01	2.639639e-05	1.906588e+00	4.664900e-02
1	101	NOE	7.571370e-01	7.571370e-01	5.104024e-09	-4.987474e-08	3.793200e-02
1	102	NOE	8.465650e-01	8.214736e-01	3.256444e-05	6.570667e-01	3.818700e-02
1	103	NOE	8.483870e-01	8.214736e-01	2.388007e-05	6.711071e-01	4.010300e-02
1	104	NOE	8.184350e-01	8.184350e-01	2.363627e-08	-3.130522e-09	2.890900e-02
1	106	NOE	8.965590e-01	8.214736e-01	3.128822e-05	1.114523e+00	6.737000e-02
1	107	NOE	8.332390e-01	8.214736e-01	2.133367e-05	2.468665e-01	4.765900e-02
1	108	NOE	7.503360e-01	7.503360e-01	4.850451e-09	0.000000e+00	3.913700e-02
1	109	NOE	9.877430e-01	8.214736e-01	3.837830e-05	1.452363e+00	1.144820e-01
1	110	NOE	8.126490e-01	8.126490e-01	1.386142e-08	0.000000e+00	3.239900e-02
1	111	NOE	8.005300e-01	8.005300e-01	8.986350e-09	3.367476e-15	3.296900e-02
1	112	NOE	8.117800e-01	8.117800e-01	1.322432e-08	0.000000e+00	6.458400e-02
1	113	NOE	8.227550e-01	8.214736e-01	3.507016e-05	2.350514e-02	5.451600e-02
1	115	NOE	7.293810e-01	7.293810e-01	4.253645e-09	-1.034305e-15	1.073400e-01
1	116	NOE	8.930570e-01	8.214736e-01	4.139387e-05	1.731075e+00	4.135200e-02
1	117	NOE	8.048450e-01	8.048450e-01	1.008964e-08	0.000000e+00	3.028900e-02
1	118	NOE	8.423880e-01	8.214736e-01	5.293867e-05	5.128594e-01	4.078000e-02
1	119	NOE	8.578420e-01	8.214736e-01	3.801447e-05	9.446585e-01	3.849900e-02
1	120	NOE	7.193760e-01	7.193760e-01	4.035588e-09	0.000000e+00	3.639600e-02
1	121	NOE	8.272160e-01	8.214736e-01	4.831912e-05	1.850956e-01	3.102400e-02
1	122	NOE	7.461910e-01	7.461910e-01	4.712976e-09	-2.846215e-15	3.900700e-02
1	123	NOE	8.659870e-01	8.214736e-01	2.008018e-05	9.500653e-01	4.685300e-02
1	124	NOE	8.856150e-01	8.214736e-01	3.992925e-05	1.207709e+00	5.311000e-02
1	125	NOE	8.166030e-01	8.166030e-01	1.866560e-08	0.000000e+00	2.422500e-02
1	126	NOE	8.605280e-01	8.214736e-01	3.871034e-05	7.733546e-01	5.050000e-02
1	127	NOE	8.045850e-01	8.045850e-01	1.001141e-08	5.136117e-15	2.161600e-02
1	128	NOE	7.781570e-01	7.781570e-01	6.234043e-09	0.000000e+00	3.568200e-02
1	129	NOE	8.626370e-01	8.214736e-01	4.428166e-05	8.747563e-01	4.705700e-02
1	130	NOE	7.740350e-01	7.740350e-01	5.954483e-09	0.000000e+00	3.979400e-02
1	131	NOE	8.303810e-01	8.214736e-01	4.470804e-05	1.691076e-01	5.267300e-02
1	132	NOE	7.597710e-01	7.597710e-01	5.213266e-09	0.000000e+00	3.220600e-02
1	133	NOE	8.013180e-01	8.013180e-01	9.161080e-09	3.219157e-15	3.448800e-02
1	134	NOE	8.360050e-01	8.214736e-01	2.146894e-05	4.463512e-01	3.255600e-02
1	135	NOE	8.477170e-01	8.214736e-01	4.651475e-05	8.009341e-01	3.276600e-02
1	136	NOE	7.781870e-01	7.781870e-01	6.236223e-09	0.000000e+00	3.472600e-02
1	137	NOE	7.440420e-01	7.440420e-01	4.646065e-09	0.000000e+00	3.559700e-02
1	138	NOE	7.812940e-01	7.812940e-01	6.474949e-09	0.000000e+00	3.906800e-02


2	2	R1	1.541598e+00	1.541598e+00	1.164483e-08	1.811160e-15	1.225980e-01
2	3	R1	1.652453e+00	1.652453e+00	1.073862e-08	0.000000e+00	4.590000e-03
2	4	R1	1.763282e+00	1.763282e+00	9.935101e-09	2.338542e-14	9.495000e-03
2	6	R1	2.072552e+00	2.072552e+00	8.088122e-09	-4.715825e-14	9.417000e-03
2	7	R1	1.884878e+00	1.884878e+00	9.148841e-09	0.000000e+00	2.622600e-02
2	8	R1	1.982419e+00	1.982419e+00	8.577275e-09	0.000000e+00	1.371200e-02
2	10	R1	1.934890e+00	1.934890e+00	8.849852e-09	4.142623e-14	1.072000e-02
2	12	R1	1.816161e+00	1.816161e+00	9.582106e-09	-1.283918e-15	1.729430e-01
2	13	R1	1.986693e+00	1.986693e+00	8.553284e-09	-1.493239e-14	1.487000e-02
2	14	R1	1.809930e+00	1.809930e+00	9.622776e-09	-4.296529e-14	1.033600e-02
2	15	R1	1.930515e+00	1.930515e+00	8.875494e-09	-1.480495e-14	1.499800e-02
2	17	R1	1.953895e+00	1.953895e+00	8.739561e-09	0.000000e+00	1.170700e-02
2	18	R1	1.998413e+00	1.998413e+00	8.487922e-09	4.295282e-14	1.033900e-02
2	19	R1	2.045803e+00	2.045803e+00	8.229738e-09	-2.818540e-14	1.575600e-02
2	20	R1	2.013185e+00	2.013185e+00	8.406408e-09	6.765012e-14	1.312900e-02
2	21	R1	1.977296e+00	1.977296e+00	8.606142e-09	-1.400471e-13	6.342000e-03
2	22	R1	2.035497e+00	2.035497e+00	8.285075e-09	-3.014248e-14	1.473300e-02
2	23	R1	2.022288e+00	2.022288e+00	8.356650e-09	0.000000e+00	8.517000e-03
2	24	R1	2.052468e+00	2.052468e+00	8.194183e-09	0.000000e+00	6.121000e-03
2	25	R1	2.005916e+00	2.005916e+00	8.446399e-09	0.000000e+00	1.271500e-02
2	26	R1	1.975517e+00	1.975517e+00	8.616195e-09	0.000000e+00	2.019800e-02
2	27	R1	2.030151e+00	2.030151e+00	8.313955e-09	-5.936228e-14	7.481000e-03
2	29	R1	2.006944e+00	2.006944e+00	8.440730e-09	0.000000e+00	6.215000e-02
2	30	R1	1.790390e+00	1.790390e+00	9.751891e-09	0.000000e+00	8.990000e-03
2	31	R1	1.911811e+00	1.911811e+00	8.986211e-09	-2.746038e-14	1.617200e-02
2	32	R1	2.079444e+00	2.079444e+00	8.052093e-09	0.000000e+00	2.289600e-02
2	33	R1	1.993669e+00	1.993669e+00	8.514305e-09	-1.332241e-14	1.666700e-02
2	34	R1	2.027402e+00	2.027402e+00	8.328852e-09	0.000000e+00	6.987000e-03
2	35	R1	1.976195e+00	1.976195e+00	8.612362e-09	2.403861e-14	1.847400e-02
2	36	R1	1.933482e+00	1.933482e+00	8.858094e-09	1.538025e-14	1.443700e-02
2	37	R1	1.958912e+00	1.958912e+00	8.710738e-09	-1.708824e-14	1.299400e-02
2	38	R1	1.991189e+00	1.991189e+00	8.528137e-09	-1.738254e-14	1.277400e-02
2	39	R1	1.946714e+00	1.946714e+00	8.781027e-09	0.000000e+00	2.390100e-02
2	42	R1	1.893453e+00	1.893453e+00	9.096643e-09	0.000000e+00	7.407000e-03
2	43	R1	1.948414e+00	1.948414e+00	8.771188e-09	1.964475e-14	1.130300e-02
2	44	R1	1.910152e+00	1.910152e+00	8.996118e-09	0.000000e+00	3.338700e-02
2	45	R1	2.083558e+00	2.083558e+00	8.030673e-09	1.685029e-06	1.366100e-02
2	46	R1	2.079850e+00	2.079850e+00	8.049976e-09	6.734747e-14	6.594000e-03
2	47	R1	2.035335e+00	2.035335e+00	8.285949e-09	0.000000e+00	6.885000e-03
2	48	R1	2.000180e+00	2.000180e+00	8.478120e-09	4.172202e-14	1.064400e-02
2	50	R1	2.052254e+00	2.052254e+00	8.195322e-09	0.000000e+00	1.524900e-02
2	51	R1	2.036414e+00	2.036414e+00	8.280134e-09	-3.890741e-14	1.141400e-02
2	52	R1	1.959581e+00	1.959581e+00	8.706904e-09	0.000000e+00	2.884200e-02
2	53	R1	1.852361e+00	1.852361e+00	9.350464e-09	-1.247932e-14	1.779300e-02
2	55	R1	1.949777e+00	1.949777e+00	8.763309e-09	2.408380e-14	2.765900e-02
2	56	R1	1.865552e+00	1.865552e+00	9.267958e-09	-2.461146e-14	9.022000e-03
2	57	R1	1.869281e+00	1.869281e+00	9.244812e-09	-2.863614e-14	7.754000e-03
2	58	R1	2.036859e+00	2.036859e+00	8.277737e-09	-2.704069e-14	1.642300e-02
2	59	R1	2.030095e+00	2.030095e+00	8.314258e-09	0.000000e+00	1.209300e-02
2	60	R1	2.018834e+00	2.018834e+00	8.375488e-09	0.000000e+00	1.151400e-02
2	61	R1	1.994955e+00	1.994955e+00	8.507143e-09	2.088849e-14	1.063000e-02
2	62	R1	2.002593e+00	2.002593e+00	8.464758e-09	0.000000e+00	8.389000e-03
2	63	R1	1.875308e+00	1.875308e+00	9.207568e-09	1.241097e-14	1.789100e-02
2	64	R1	2.008857e+00	2.008857e+00	8.430191e-09	3.087598e-14	1.438300e-02
2	65	R1	1.920115e+00	1.920115e+00	8.936835e-09	0.000000e+00	1.242600e-02
2	66	R1	1.947712e+00	1.947712e+00	8.775249e-09	1.089433e-13	1.222900e-02
2	67	R1	1.950649e+00	1.950649e+00	8.758274e-09	-2.035053e-14	1.091100e-02
2	68	R1	1.818455e+00	1.818455e+00	9.567193e-09	-2.265530e-14	9.801000e-03
2	69	R1	1.910992e+00	1.910992e+00	8.991100e-09	5.133742e-15	4.325200e-02
2	70	R1	1.925897e+00	1.925897e+00	8.902664e-09	-2.446503e-14	9.076000e-03
2	71	R1	1.983933e+00	1.983933e+00	8.568767e-09	0.000000e+00	4.738900e-02
2	72	R1	1.920005e+00	1.920005e+00	8.937487e-09	8.629794e-14	5.146000e-03
2	73	R1	1.943791e+00	1.943791e+00	8.797977e-09	4.316155e-14	1.028900e-02
2	74	R1	1.936995e+00	1.936995e+00	8.837549e-09	0.000000e+00	3.572900e-02
2	75	R1	1.936327e+00	1.936327e+00	8.841451e-09	1.463034e-14	1.517700e-02
2	77	R1	1.810618e+00	1.810618e+00	9.618273e-09	-4.771049e-14	9.308000e-03
2	78	R1	1.946977e+00	1.946977e+00	8.779504e-09	0.000000e+00	3.757900e-02
2	80	R1	1.518492e+00	1.518492e+00	1.184879e-08	-2.180114e-14	1.018500e-02
2	81	R1	2.117690e+00	2.117690e+00	7.855424e-09	4.700256e-07	4.910400e-02
2	82	R1	1.838129e+00	1.838129e+00	9.440606e-09	6.455630e-15	6.879100e-02
2	83	R1	1.943224e+00	1.943224e+00	8.801270e-09	0.000000e+00	1.279200e-02
2	84	R1	1.934532e+00	1.934532e+00	8.851947e-09	0.000000e+00	3.933000e-03
2	86	R1	1.945821e+00	1.945821e+00	8.786201e-09	-1.324058e-14	1.677000e-02
2	87	R1	1.996779e+00	1.996779e+00	8.496997e-09	0.000000e+00	1.067100e-02
2	88	R1	2.006094e+00	2.006094e+00	8.445417e-09	0.000000e+00	7.321000e-03
2	89	R1	2.021622e+00	2.021622e+00	8.360278e-09	0.000000e+00	1.701900e-02
2	90	R1	1.919210e+00	1.919210e+00	8.942199e-09	-1.741526e-14	1.275000e-02
2	91	R1	2.030846e+00	2.030846e+00	8.310193e-09	2.420764e-14	1.834500e-02
2	92	R1	2.037916e+00	2.037916e+00	8.272047e-09	-3.313851e-14	1.340100e-02
2	93	R1	2.127518e+00	2.127518e+00	7.805752e-09	0.000000e+00	3.049600e-02
2	95	R1	1.972253e+00	1.972253e+00	8.634677e-09	9.859228e-15	4.504300e-02
2	96	R1	2.002341e+00	2.002341e+00	8.466153e-09	4.140306e-14	2.145200e-02
2	97	R1	1.980353e+00	1.980353e+00	8.588902e-09	3.134895e-14	1.416600e-02
2	98	R1	1.956814e+00	1.956814e+00	8.722777e-09	4.485750e-14	9.900000e-03
2	99	R1	1.982115e+00	1.982115e+00	8.578985e-09	2.708852e-14	8.197000e-03
2	100	R1	2.041898e+00	2.041898e+00	8.250654e-09	-4.012733e-14	1.106700e-02
2	101	R1	1.997819e+00	1.997819e+00	8.491220e-09	4.786476e-14	9.278000e-03
2	102	R1	2.057097e+00	2.057097e+00	8.169595e-09	3.570997e-14	1.243600e-02
2	103	R1	2.018106e+00	2.018106e+00	8.379465e-09	3.643659e-14	1.218800e-02
2	104	R1	1.882823e+00	1.882823e+00	9.161409e-09	5.991490e-14	7.412000e-03
2	106	R1	2.107983e+00	2.107983e+00	7.904825e-09	1.117209e-06	2.064500e-02
2	107	R1	2.023740e+00	2.023740e+00	8.348746e-09	0.000000e+00	1.733000e-02
2	108	R1	1.991799e+00	1.991799e+00	8.524732e-09	1.970577e-14	1.126800e-02
2	109	R1	2.101605e+00	2.101605e+00	7.937472e-09	9.328821e-15	4.760400e-02
2	110	R1	1.965518e+00	1.965518e+00	8.672970e-09	1.848831e-14	1.201000e-02
2	111	R1	1.968083e+00	1.968083e+00	8.658361e-09	9.681474e-15	2.293500e-02
2	112	R1	1.937769e+00	1.937769e+00	8.833030e-09	0.000000e+00	2.528900e-02
2	113	R1	1.668801e+00	1.668801e+00	1.061416e-08	1.341902e-14	1.654700e-02
2	115	R1	1.743073e+00	1.743073e+00	1.007490e-08	3.274898e-15	6.780200e-02
2	116	R1	1.962106e+00	1.962106e+00	8.692452e-09	2.914545e-14	1.523700e-02
2	117	R1	2.048910e+00	2.048910e+00	8.213141e-09	0.000000e+00	1.270500e-02
2	118	R1	2.037354e+00	2.037354e+00	8.275072e-09	4.553827e-14	9.752000e-03
2	119	R1	1.984116e+00	1.984116e+00	8.567740e-09	0.000000e+00	7.125000e-03
2	120	R1	1.794615e+00	1.794615e+00	9.723768e-09	-2.760719e-14	8.043000e-03
2	121	R1	2.103023e+00	2.103023e+00	7.930201e-09	3.206420e-14	1.385000e-02
2	122	R1	1.984612e+00	1.984612e+00	8.564955e-09	0.000000e+00	9.119000e-03
2	123	R1	2.023834e+00	2.023834e+00	8.348234e-09	0.000000e+00	7.617000e-03
2	124	R1	1.986658e+00	1.986658e+00	8.553480e-09	-3.758160e-14	1.772500e-02
2	125	R1	1.819247e+00	1.819247e+00	9.562052e-09	-2.094168e-14	3.180900e-02
2	126	R1	2.031972e+00	2.031972e+00	8.304104e-09	-3.550441e-14	1.250800e-02
2	127	R1	1.936698e+00	1.936698e+00	8.839283e-09	2.543466e-14	8.730000e-03
2	128	R1	2.029384e+00	2.029384e+00	8.318108e-09	0.000000e+00	6.307000e-03
2	129	R1	2.043657e+00	2.043657e+00	8.241225e-09	0.000000e+00	1.408700e-02
2	130	R1	1.937423e+00	1.937423e+00	8.835050e-09	-4.346146e-14	1.532700e-02
2	131	R1	2.056858e+00	2.056858e+00	8.170862e-09	0.000000e+00	8.992000e-03
2	132	R1	1.970929e+00	1.970929e+00	8.642188e-09	0.000000e+00	7.700000e-03
2	133	R1	1.995583e+00	1.995583e+00	8.503648e-09	0.000000e+00	1.357200e-02
2	134	R1	1.952279e+00	1.952279e+00	8.748870e-09	-2.102297e-14	1.056200e-02
2	135	R1	1.959300e+00	1.959300e+00	8.708514e-09	-2.469357e-14	8.992000e-03
2	136	R1	1.991938e+00	1.991938e+00	8.523956e-09	-1.936717e-14	1.146500e-02
2	137	R1	1.775356e+00	1.775356e+00	9.852900e-09	0.000000e+00	1.976700e-02
2	138	R1	1.915317e+00	1.915317e+00	8.965321e-09	0.000000e+00	9.736000e-03


