2	8.782689e+00	3.350100e-01	4.298060e-01	2.717530e-01	1.541598e+00	1.225980e-01	8.910368e-02	
3	7.415957e+00	3.183800e-02	6.639880e-01	2.848400e-02	1.652453e+00	4.590000e-03	5.628410e-02	
4	7.818099e+00	6.063300e-02	7.524490e-01	3.600500e-02	1.763282e+00	9.495000e-03	4.424746e-02	
6	8.951613e+00	5.560200e-02	8.049740e-01	4.201900e-02	2.072552e+00	9.417000e-03	4.097319e-02	
7	9.223933e+00	1.642680e-01	8.357970e-01	5.019700e-02	1.884878e+00	2.622600e-02	3.137373e-02	
8	8.783592e+00	9.042000e-02	7.524890e-01	3.759300e-02	1.982419e+00	1.371200e-02	4.973840e-02	
10	8.685255e+00	4.135500e-02	9.358660e-01	4.684100e-02	1.934890e+00	1.072000e-02	1.257901e-02	
12	1.276605e+01	1.151657e+00	7.394430e-01	3.408710e-01	1.816161e+00	1.729430e-01	4.796881e-02	
13	9.168907e+00	5.662600e-02	7.935160e-01	3.388200e-02	1.986693e+00	1.487000e-02	4.158331e-02	
14	8.403536e+00	8.571000e-02	7.267880e-01	3.475200e-02	1.809930e+00	1.033600e-02	5.012604e-02	
15	9.558600e+00	6.894400e-02	7.483020e-01	3.797900e-02	1.930515e+00	1.499800e-02	4.925551e-02	
17	9.172443e+00	5.801700e-02	7.646860e-01	4.119800e-02	1.953895e+00	1.170700e-02	4.660697e-02	
18	9.066777e+00	1.118440e-01	7.723850e-01	3.157000e-02	1.998413e+00	1.033900e-02	4.610924e-02	
19	9.432692e+00	9.159900e-02	7.530680e-01	4.307800e-02	2.045803e+00	1.575600e-02	5.120861e-02	
20	9.111171e+00	5.000100e-02	8.396860e-01	4.502300e-02	2.013185e+00	1.312900e-02	3.271576e-02	
21	1.102057e+01	2.128980e-01	8.427920e-01	3.826300e-02	1.977296e+00	6.342000e-03	3.150998e-02	
22	8.840074e+00	5.023600e-02	8.218850e-01	4.041600e-02	2.035497e+00	1.473300e-02	3.675131e-02	
23	8.949856e+00	9.439400e-02	8.354900e-01	4.452500e-02	2.022288e+00	8.517000e-03	3.372385e-02	
24	8.653050e+00	1.364210e-01	7.975030e-01	2.840100e-02	2.052468e+00	6.121000e-03	4.213052e-02	
25	8.747298e+00	5.309000e-02	8.449890e-01	4.224300e-02	2.005916e+00	1.271500e-02	3.151934e-02	
26	9.238995e+00	9.145400e-02	8.604080e-01	3.430000e-02	1.975517e+00	2.019800e-02	2.795395e-02	
27	9.649208e+00	1.094950e-01	8.858400e-01	4.511400e-02	2.030151e+00	7.481000e-03	2.349331e-02	
29	1.127303e+01	7.381610e-01	9.353610e-01	2.903820e-01	2.006944e+00	6.215000e-02	1.315018e-02	
30	8.107955e+00	7.643200e-02	7.287340e-01	2.316800e-02	1.790390e+00	8.990000e-03	4.923170e-02	
31	8.756760e+00	7.483400e-02	8.093990e-01	4.994200e-02	1.911811e+00	1.617200e-02	3.693788e-02	
32	9.274229e+00	1.222230e-01	8.745800e-01	3.783500e-02	2.079444e+00	2.289600e-02	2.643722e-02	
33	8.932434e+00	8.229500e-02	7.200730e-01	3.924900e-02	1.993669e+00	1.666700e-02	5.657176e-02	
34	8.997194e+00	9.245300e-02	8.713520e-01	3.901000e-02	2.027402e+00	6.987000e-03	2.643898e-02	
35	9.023957e+00	6.550700e-02	8.781080e-01	5.156400e-02	1.976195e+00	1.847400e-02	2.441782e-02	
36	8.573456e+00	8.899000e-02	8.558010e-01	4.237300e-02	1.933482e+00	1.443700e-02	2.826209e-02	
37	9.206727e+00	8.094400e-02	8.391650e-01	3.517300e-02	1.958912e+00	1.299400e-02	3.193724e-02	
38	8.894544e+00	2.123400e-02	8.636770e-01	4.518400e-02	1.991189e+00	1.277400e-02	2.751588e-02	
39	9.467483e+00	8.413500e-02	8.450260e-01	4.733400e-02	1.946714e+00	2.390100e-02	3.058179e-02	
42	9.592955e+00	4.605400e-02	8.402520e-01	3.620100e-02	1.893453e+00	7.407000e-03	3.066139e-02	
43	9.104103e+00	1.187150e-01	7.910990e-01	4.554800e-02	1.948414e+00	1.130300e-02	4.125947e-02	
44	9.210041e+00	1.328600e-01	8.296670e-01	2.905600e-02	1.910152e+00	3.338700e-02	3.298136e-02	
45	9.393622e+00	7.927100e-02	8.640520e-01	3.492000e-02	2.083558e+00	1.366100e-02	2.871311e-02	
46	9.433723e+00	6.768700e-02	8.120460e-01	5.165300e-02	2.079850e+00	6.594000e-03	3.962647e-02	
47	8.990098e+00	2.734300e-02	8.294650e-01	4.437400e-02	2.035335e+00	6.885000e-03	3.518449e-02	
48	9.315892e+00	5.624100e-02	8.652030e-01	4.587200e-02	2.000180e+00	1.064400e-02	2.733072e-02	
50	9.141713e+00	8.871600e-02	8.143140e-01	4.838200e-02	2.052254e+00	1.524900e-02	3.862888e-02	
51	9.086390e+00	1.413230e-01	9.010850e-01	5.440300e-02	2.036414e+00	1.141400e-02	2.041879e-02	
52	9.723007e+00	8.782800e-02	8.163760e-01	4.043500e-02	1.959581e+00	2.884200e-02	3.647493e-02	
53	9.017852e+00	5.158800e-02	7.128380e-01	2.714200e-02	1.852361e+00	1.779300e-02	5.392057e-02	
55	8.967684e+00	8.207900e-02	7.501520e-01	3.481400e-02	1.949777e+00	2.765900e-02	4.938132e-02	
56	8.438433e+00	9.744000e-02	7.451530e-01	2.960600e-02	1.865552e+00	9.022000e-03	4.819353e-02	
57	8.116940e+00	1.535500e-01	7.783980e-01	3.629000e-02	1.869281e+00	7.754000e-03	4.199041e-02	
58	8.810312e+00	1.198970e-01	7.687120e-01	2.720800e-02	2.036859e+00	1.642300e-02	4.775468e-02	
59	8.885055e+00	8.199400e-02	8.166260e-01	4.082800e-02	2.030095e+00	1.209300e-02	3.773601e-02	
60	9.178003e+00	1.353230e-01	7.362790e-01	3.685800e-02	2.018834e+00	1.151400e-02	5.396935e-02	
61	9.249939e+00	5.922000e-02	9.702840e-01	5.602200e-02	1.994955e+00	1.063000e-02	6.009319e-03	
62	9.273372e+00	1.076360e-01	7.727970e-01	3.319000e-02	2.002593e+00	8.389000e-03	4.612205e-02	
63	9.261694e+00	8.558600e-02	8.123510e-01	4.176500e-02	1.875308e+00	1.789100e-02	3.567144e-02	
64	9.460836e+00	7.036100e-02	9.234400e-01	5.326500e-02	2.008857e+00	1.438300e-02	1.559024e-02	
65	9.204495e+00	9.811200e-02	8.351410e-01	4.196500e-02	1.920115e+00	1.242600e-02	3.208793e-02	
66	9.152259e+00	3.175000e-02	7.574240e-01	3.192300e-02	1.947712e+00	1.222900e-02	4.789326e-02	
67	9.575600e+00	5.839700e-02	8.328910e-01	3.860400e-02	1.950649e+00	1.091100e-02	3.304310e-02	
68	8.910253e+00	7.721500e-02	7.959780e-01	2.848700e-02	1.818455e+00	9.801000e-03	3.760810e-02	
69	9.948787e+00	1.935460e-01	9.112800e-01	5.483600e-02	1.910992e+00	4.325200e-02	1.718629e-02	
70	9.220722e+00	6.563400e-02	7.902340e-01	3.924800e-02	1.925897e+00	9.076000e-03	4.095152e-02	
71	1.029285e+01	1.463230e-01	8.776150e-01	4.915300e-02	1.983933e+00	4.738900e-02	2.461257e-02	
72	9.262605e+00	9.318900e-02	7.503270e-01	3.227300e-02	1.920005e+00	5.146000e-03	4.859323e-02	
73	9.054864e+00	7.862100e-02	7.467090e-01	3.900700e-02	1.943791e+00	1.028900e-02	4.990811e-02	
74	9.683079e+00	2.465780e-01	7.446120e-01	1.153580e-01	1.936995e+00	3.572900e-02	5.014537e-02	
75	9.071908e+00	5.822700e-02	8.594860e-01	4.617900e-02	1.936327e+00	1.517700e-02	2.758037e-02	
77	1.081912e+01	6.032100e-02	7.946360e-01	3.572800e-02	1.810618e+00	9.308000e-03	3.769233e-02	
78	1.021497e+01	1.059590e-01	8.619110e-01	6.642900e-02	1.946977e+00	3.757900e-02	2.725347e-02	
80	7.023386e+00	3.646900e-02	7.965040e-01	2.996700e-02	1.518492e+00	1.018500e-02	3.132350e-02	
81	8.911668e+00	5.829100e-02	8.230510e-01	2.088400e-02	2.117690e+00	4.910400e-02	3.798502e-02	
82	9.831453e+00	2.129240e-01	8.962950e-01	1.070670e-01	1.838129e+00	6.879100e-02	1.932313e-02	
83	8.930769e+00	4.111400e-02	7.478180e-01	3.832200e-02	1.943224e+00	1.279200e-02	4.967510e-02	
84	8.880367e+00	5.326300e-02	8.559850e-01	3.627500e-02	1.934532e+00	3.933000e-03	2.824135e-02	
86	8.949757e+00	8.860700e-02	7.915130e-01	3.206100e-02	1.945821e+00	1.677000e-02	4.112290e-02	
87	9.083072e+00	2.618900e-02	8.544170e-01	4.489400e-02	1.996779e+00	1.067100e-02	2.946745e-02	
88	8.759076e+00	4.298000e-02	8.639690e-01	4.146200e-02	2.006094e+00	7.321000e-03	2.766247e-02	
89	9.037848e+00	9.189800e-02	8.538930e-01	3.128900e-02	2.021622e+00	1.701900e-02	2.994145e-02	
90	9.333268e+00	4.678600e-02	8.384400e-01	4.570700e-02	1.919210e+00	1.275000e-02	3.143100e-02	
91	9.285857e+00	7.711000e-02	8.783990e-01	5.266200e-02	2.030846e+00	1.834500e-02	2.503318e-02	
92	9.771928e+00	9.691900e-02	8.984290e-01	4.933300e-02	2.037916e+00	1.340100e-02	2.098253e-02	
93	1.016461e+01	1.867020e-01	1.016444e+00	6.640500e-02	2.127518e+00	3.049600e-02	-3.546358e-03	
95	1.262859e+01	2.905850e-01	8.412450e-01	7.171800e-02	1.972253e+00	4.504300e-02	3.173890e-02	
96	1.121632e+01	1.108040e-01	7.829580e-01	3.899200e-02	2.002341e+00	2.145200e-02	4.405383e-02	
97	9.370873e+00	1.209950e-01	8.764170e-01	5.326400e-02	1.980353e+00	1.416600e-02	2.480865e-02	
98	1.340939e+01	5.304900e-02	8.275570e-01	4.474800e-02	1.956814e+00	9.900000e-03	3.420558e-02	
99	1.173217e+01	2.943460e-01	8.279440e-01	5.768200e-02	1.982115e+00	8.197000e-03	3.457009e-02	
100	9.118018e+00	5.039800e-02	9.104140e-01	4.664900e-02	2.041898e+00	1.106700e-02	1.854283e-02	
101	9.446559e+00	4.564900e-02	7.571370e-01	3.793200e-02	1.997819e+00	9.278000e-03	4.918349e-02	
102	9.045812e+00	1.192950e-01	8.465650e-01	3.818700e-02	2.057097e+00	1.243600e-02	3.199492e-02	
103	9.889166e+00	8.862000e-02	8.483870e-01	4.010300e-02	2.018106e+00	1.218800e-02	3.101575e-02	
104	8.549642e+00	7.140900e-02	8.184350e-01	2.890900e-02	1.882823e+00	7.412000e-03	3.465321e-02	
106	9.342666e+00	8.811400e-02	8.965590e-01	6.737000e-02	2.107983e+00	2.064500e-02	2.210353e-02	
107	1.395453e+01	1.650170e-01	8.332390e-01	4.765900e-02	2.023740e+00	1.733000e-02	3.420984e-02	
108	9.752051e+00	4.521500e-02	7.503360e-01	3.913700e-02	1.991799e+00	1.126800e-02	5.040844e-02	
109	9.176476e+00	1.001360e-01	9.877430e-01	1.144820e-01	2.101605e+00	4.760400e-02	2.611182e-03	
110	9.399100e+00	1.017690e-01	8.126490e-01	3.239900e-02	1.965518e+00	1.201000e-02	3.732801e-02	
111	9.213207e+00	6.568500e-02	8.005300e-01	3.296900e-02	1.968083e+00	2.293500e-02	3.979448e-02	
112	9.649553e+00	1.391530e-01	8.117800e-01	6.458400e-02	1.937769e+00	2.528900e-02	3.697172e-02	
113	8.829560e+00	8.052700e-02	8.227550e-01	5.451600e-02	1.668801e+00	1.654700e-02	2.998337e-02	
115	1.019731e+01	4.423640e-01	7.293810e-01	1.073400e-01	1.743073e+00	6.780200e-02	4.781627e-02	
116	8.875346e+00	1.022630e-01	8.930570e-01	4.135200e-02	1.962106e+00	1.523700e-02	2.127045e-02	
117	9.536090e+00	1.261150e-01	8.048450e-01	3.028900e-02	2.048910e+00	1.270500e-02	4.053259e-02	
118	9.127814e+00	8.266900e-02	8.423880e-01	4.078000e-02	2.037354e+00	9.752000e-03	3.255050e-02	
119	9.239291e+00	9.540000e-02	8.578420e-01	3.849900e-02	1.984116e+00	7.125000e-03	2.859171e-02	
120	7.911369e+00	5.304500e-02	7.193760e-01	3.639600e-02	1.794615e+00	8.043000e-03	5.105026e-02	
121	9.464284e+00	5.031500e-02	8.272160e-01	3.102400e-02	2.103023e+00	1.385000e-02	3.683404e-02	
122	9.059278e+00	8.855900e-02	7.461910e-01	3.900700e-02	1.984612e+00	9.119000e-03	5.106043e-02	
123	9.167876e+00	6.768900e-02	8.659870e-01	4.685300e-02	2.023834e+00	7.617000e-03	2.749310e-02	
124	9.096599e+00	7.966100e-02	8.856150e-01	5.311000e-02	1.986658e+00	1.772500e-02	2.303531e-02	
125	8.908735e+00	5.864500e-02	8.166030e-01	2.422500e-02	1.819247e+00	3.180900e-02	3.382094e-02	
126	8.982734e+00	7.219900e-02	8.605280e-01	5.050000e-02	2.031972e+00	1.250800e-02	2.872808e-02	
127	8.988124e+00	1.012600e-01	8.045850e-01	2.161600e-02	1.936698e+00	8.730000e-03	3.836380e-02	
128	8.898232e+00	4.608000e-02	7.781570e-01	3.568200e-02	2.029384e+00	6.307000e-03	4.563644e-02	
129	8.886599e+00	5.628500e-02	8.626370e-01	4.705700e-02	2.043657e+00	1.408700e-02	2.845638e-02	
130	8.247687e+00	4.316400e-02	7.740350e-01	3.979400e-02	1.937423e+00	1.532700e-02	4.437797e-02	
131	9.281352e+00	8.538400e-02	8.303810e-01	5.267300e-02	2.056858e+00	8.992000e-03	3.536557e-02	
132	8.755178e+00	7.961600e-02	7.597710e-01	3.220600e-02	1.970929e+00	7.700000e-03	4.799525e-02	
133	9.134044e+00	6.866400e-02	8.013180e-01	3.448800e-02	1.995583e+00	1.357200e-02	4.019112e-02	
134	8.846571e+00	5.927800e-02	8.360050e-01	3.255600e-02	1.952279e+00	1.056200e-02	3.245446e-02	
135	8.878305e+00	5.020100e-02	8.477170e-01	3.276600e-02	1.959300e+00	8.992000e-03	3.024504e-02	
136	9.103069e+00	5.824300e-02	7.781870e-01	3.472600e-02	1.991938e+00	1.146500e-02	4.478831e-02	
137	8.581566e+00	8.604800e-02	7.440420e-01	3.559700e-02	1.775356e+00	1.976700e-02	4.606340e-02	
138	8.399700e+00	3.635300e-02	7.812940e-01	3.906800e-02	1.915317e+00	9.736000e-03	4.246227e-02	
