2	7.613906e+00	4.423770e-01	3.691490e-01	1.291350e-01	1.711081e+00	4.484900e-02	1.094206e-01	
3	7.781833e+00	2.508100e-02	6.682670e-01	1.352200e-02	1.367133e+00	6.692000e-03	4.597283e-02	
4	8.205605e+00	3.191200e-02	6.697940e-01	1.612300e-02	1.471249e+00	4.802000e-03	4.924623e-02	
6	9.388095e+00	9.314900e-02	8.151090e-01	2.262200e-02	1.702242e+00	1.126100e-02	3.190354e-02	
7	9.180031e+00	7.571600e-02	7.630010e-01	2.468400e-02	1.640932e+00	3.465600e-02	3.942203e-02	
8	9.098321e+00	5.360200e-02	7.841750e-01	1.985500e-02	1.628500e+00	1.160900e-02	3.562799e-02	
10	8.854220e+00	4.258800e-02	7.821670e-01	2.079400e-02	1.579879e+00	1.065000e-02	3.488585e-02	
12	1.217640e+01	8.104150e-01	9.936950e-01	3.576870e-01	1.889505e+00	1.532000e-01	1.207633e-03	
13	9.343272e+00	7.711100e-02	7.931380e-01	1.697000e-02	1.687389e+00	1.096100e-02	3.538325e-02	
14	8.987485e+00	8.384500e-02	7.514200e-01	1.884400e-02	1.509394e+00	8.024000e-03	3.803388e-02	
15	1.015123e+01	6.705500e-02	7.710580e-01	2.018700e-02	1.571970e+00	7.286000e-03	3.648141e-02	
17	9.339477e+00	6.792200e-02	7.838830e-01	2.133000e-02	1.614562e+00	1.040800e-02	3.537085e-02	
18	9.646909e+00	5.955800e-02	8.030060e-01	1.779100e-02	1.668913e+00	1.289700e-02	3.332641e-02	
19	1.003783e+01	7.244900e-02	7.970240e-01	2.283300e-02	1.719765e+00	1.806200e-02	3.538471e-02	
20	9.350376e+00	2.967800e-02	8.234880e-01	2.268900e-02	1.672849e+00	1.144400e-02	2.993180e-02	
21	1.012704e+01	1.669330e-01	7.895480e-01	1.847700e-02	1.621991e+00	7.649000e-03	3.460217e-02	
22	9.170361e+00	3.550600e-02	8.219200e-01	2.083300e-02	1.680902e+00	1.248500e-02	3.034306e-02	
23	9.257955e+00	5.756200e-02	8.050930e-01	2.097600e-02	1.665589e+00	1.134600e-02	3.290767e-02	
24	9.136690e+00	8.851000e-02	7.696290e-01	1.334000e-02	1.682245e+00	8.324000e-03	3.928429e-02	
25	9.090903e+00	3.028400e-02	8.024350e-01	1.948500e-02	1.650653e+00	8.830000e-03	3.305732e-02	
26	9.549868e+00	1.329350e-01	7.813340e-01	1.826200e-02	1.714851e+00	1.922100e-02	3.801102e-02	
27	9.849001e+00	6.092500e-02	8.017720e-01	2.132300e-02	1.679950e+00	9.080000e-03	3.375695e-02	
29	1.192287e+01	5.395660e-01	7.623760e-01	1.233110e-01	1.872102e+00	9.916200e-02	4.509430e-02	
30	8.431563e+00	6.339000e-02	7.091440e-01	1.082700e-02	1.537019e+00	7.715000e-03	4.531679e-02	
31	8.998173e+00	8.424400e-02	8.032300e-01	2.597800e-02	1.597372e+00	1.437200e-02	3.186154e-02	
32	9.574109e+00	1.101310e-01	8.247850e-01	1.916800e-02	1.669667e+00	1.032200e-02	2.965535e-02	
33	9.150239e+00	8.042900e-02	7.873210e-01	1.160100e-02	1.634526e+00	1.083700e-02	3.523857e-02	
34	9.382658e+00	4.875000e-02	7.963730e-01	1.776300e-02	1.669833e+00	1.081200e-02	3.446754e-02	
35	9.364259e+00	7.073600e-02	8.023260e-01	2.484500e-02	1.634480e+00	1.185000e-02	3.275149e-02	
36	8.909548e+00	2.705500e-02	7.787950e-01	1.899800e-02	1.563549e+00	1.199200e-02	3.505971e-02	
37	1.006626e+01	3.680800e-01	8.219750e-01	2.118000e-02	1.660054e+00	1.590400e-02	2.995746e-02	
38	9.290553e+00	5.484400e-02	7.527680e-01	2.032100e-02	1.626253e+00	1.183900e-02	4.075629e-02	
39	9.515344e+00	6.043500e-02	8.014380e-01	2.429800e-02	1.595124e+00	8.770000e-03	3.210646e-02	
42	9.846906e+00	5.525900e-02	7.756730e-01	1.680600e-02	1.628491e+00	8.129000e-03	3.703128e-02	
43	9.558988e+00	6.516100e-02	7.993990e-01	2.422000e-02	1.606833e+00	1.955200e-02	3.267425e-02	
44	8.967730e+00	3.349320e-01	8.050460e-01	1.707200e-02	1.657612e+00	1.322800e-02	3.275796e-02	
45	9.673499e+00	3.566300e-02	8.444310e-01	1.891100e-02	1.718915e+00	8.074000e-03	2.710687e-02	
46	9.699907e+00	8.341300e-02	8.133780e-01	2.673000e-02	1.736976e+00	1.266300e-02	3.285931e-02	
47	9.380790e+00	3.252100e-02	8.012800e-01	2.211300e-02	1.691814e+00	1.213200e-02	3.407972e-02	
48	9.549624e+00	6.600000e-02	7.986160e-01	2.243100e-02	1.672565e+00	1.941600e-02	3.414364e-02	
50	9.363986e+00	9.167600e-02	7.745630e-01	2.584100e-02	1.714734e+00	1.354900e-02	3.918536e-02	
51	9.388182e+00	7.579300e-02	8.079200e-01	2.772200e-02	1.678924e+00	1.206800e-02	3.269001e-02	
52	9.807388e+00	9.450700e-02	7.648220e-01	1.971500e-02	1.698452e+00	2.788500e-02	4.049038e-02	
53	8.744446e+00	1.263900e-01	7.123360e-01	1.569900e-02	1.611645e+00	8.604000e-03	4.699555e-02	
55	8.892976e+00	4.155400e-02	7.851760e-01	1.815600e-02	1.715219e+00	2.102000e-02	3.735117e-02	
56	8.652764e+00	5.191600e-02	7.757280e-01	1.602700e-02	1.577575e+00	6.552000e-03	3.586468e-02	
57	8.367774e+00	6.456900e-02	7.487250e-01	1.871000e-02	1.558575e+00	8.584000e-03	3.969893e-02	
58	8.642182e+00	1.480960e-01	7.859650e-01	1.632900e-02	1.664576e+00	1.104600e-02	3.611522e-02	
59	9.242376e+00	4.424000e-02	7.811480e-01	2.020300e-02	1.692178e+00	1.142900e-02	3.754036e-02	
60	9.409722e+00	4.425000e-02	7.983360e-01	2.098400e-02	1.680247e+00	1.128200e-02	3.434815e-02	
61	9.337657e+00	1.445320e-01	7.774100e-01	2.501500e-02	1.693995e+00	1.800600e-02	3.822255e-02	
62	9.547202e+00	7.135700e-02	8.094330e-01	1.785700e-02	1.675767e+00	1.402200e-02	3.237153e-02	
63	9.278542e+00	4.571000e-02	7.967900e-01	2.284500e-02	1.597747e+00	9.334000e-03	3.291205e-02	
64	9.682517e+00	8.397700e-02	8.234610e-01	2.309200e-02	1.679551e+00	9.389000e-03	3.005631e-02	
65	9.449094e+00	6.337900e-02	7.871800e-01	1.155700e-02	1.588061e+00	9.054000e-03	3.425953e-02	
66	9.550388e+00	3.357900e-02	7.840450e-01	1.797200e-02	1.653430e+00	1.815400e-02	3.619519e-02	
67	1.002397e+01	3.668400e-02	8.032110e-01	1.778800e-02	1.633075e+00	7.473000e-03	3.257683e-02	
68	9.162491e+00	5.923300e-02	7.822760e-01	1.487000e-02	1.525329e+00	9.372000e-03	3.366446e-02	
69	9.843830e+00	1.073290e-01	8.184320e-01	2.448000e-02	1.683616e+00	3.263500e-02	3.098733e-02	
70	9.322855e+00	4.842700e-02	8.147230e-01	2.146700e-02	1.635784e+00	1.275600e-02	3.072199e-02	
71	1.048024e+01	7.611500e-02	8.486630e-01	2.382200e-02	1.708159e+00	4.248400e-02	2.620446e-02	
72	9.215808e+00	1.017930e-01	7.951390e-01	1.662900e-02	1.635160e+00	1.061800e-02	3.395638e-02	
73	9.156376e+00	3.489400e-02	8.178940e-01	2.255100e-02	1.659332e+00	1.586200e-02	3.063087e-02	
74	9.220961e+00	3.204490e-01	7.224830e-01	6.135100e-02	1.649670e+00	5.706400e-02	4.640754e-02	
75	9.242921e+00	5.436800e-02	7.840450e-01	2.100700e-02	1.628144e+00	6.967000e-03	3.564166e-02	
77	1.190517e+01	4.674300e-02	7.841430e-01	2.019400e-02	1.565109e+00	9.220000e-03	3.424621e-02	
78	9.982322e+00	1.035640e-01	7.762560e-01	2.978600e-02	1.697095e+00	3.632400e-02	3.849102e-02	
80	7.397427e+00	3.273800e-02	7.416570e-01	7.817000e-03	1.303792e+00	7.842000e-03	3.414341e-02	
81	9.791382e+00	2.098920e-01	7.965920e-01	1.031400e-02	1.652489e+00	2.371800e-02	3.407285e-02	
82	9.531992e+00	1.322690e-01	7.816790e-01	3.805700e-02	1.656729e+00	4.948200e-02	3.666476e-02	
83	9.383828e+00	6.840800e-02	7.966130e-01	2.213600e-02	1.620023e+00	9.955000e-03	3.339998e-02	
84	9.512001e+00	1.067070e-01	9.773250e-01	2.460500e-02	1.699678e+00	7.226000e-03	3.906752e-03	
86	9.318437e+00	7.633400e-02	7.758290e-01	1.595400e-02	1.689744e+00	1.438000e-02	3.839743e-02	
87	9.603532e+00	5.557700e-02	7.909960e-01	2.369500e-02	1.644473e+00	8.771000e-03	3.484040e-02	
88	9.099900e+00	3.116300e-02	7.729600e-01	1.959100e-02	1.627498e+00	7.090000e-03	3.745628e-02	
89	8.550838e+00	3.792550e-01	7.933700e-01	1.840000e-02	1.608114e+00	1.008200e-02	3.368310e-02	
90	9.770255e+00	6.922100e-02	8.175180e-01	2.357900e-02	1.583688e+00	1.044600e-02	2.929486e-02	
91	9.728502e+00	7.651600e-02	8.147980e-01	2.480800e-02	1.651386e+00	1.080900e-02	3.100246e-02	
92	1.054836e+01	5.233900e-02	7.912270e-01	2.237800e-02	1.702440e+00	1.325600e-02	3.602865e-02	
93	1.040212e+01	2.709350e-01	8.333710e-01	2.150600e-02	1.653886e+00	1.269900e-02	2.793560e-02	
95	1.377774e+01	1.187710e-01	8.091420e-01	2.452800e-02	1.796494e+00	3.733200e-02	3.475666e-02	
96	1.208306e+01	7.957200e-02	7.746230e-01	2.112100e-02	1.718251e+00	8.164000e-03	3.925528e-02	
97	9.509646e+00	6.814100e-02	7.960090e-01	2.444000e-02	1.646562e+00	1.286400e-02	3.404795e-02	
98	1.528855e+01	7.756400e-02	8.388670e-01	2.630800e-02	1.621291e+00	1.470300e-02	2.648179e-02	
99	2.395116e+01	5.606990e-01	8.422990e-01	5.460100e-02	1.647295e+00	9.981000e-03	2.633344e-02	
100	9.557863e+00	4.687500e-02	8.323400e-01	1.973700e-02	1.689512e+00	5.851000e-03	2.871393e-02	
101	9.952621e+00	3.486200e-02	7.770220e-01	2.146400e-02	1.640408e+00	1.088700e-02	3.707795e-02	
102	9.612499e+00	6.047300e-02	7.731410e-01	2.046800e-02	1.746299e+00	1.442400e-02	4.015841e-02	
103	1.035301e+01	9.805000e-02	8.108070e-01	1.928600e-02	1.706620e+00	9.380000e-03	3.272983e-02	
104	8.828382e+00	5.600600e-02	8.098240e-01	1.464400e-02	1.582846e+00	7.100000e-03	3.051379e-02	
106	1.010252e+01	9.106600e-02	8.050900e-01	1.582100e-02	1.674267e+00	1.211100e-02	3.307963e-02	
107	1.526995e+01	1.099600e-01	8.282090e-01	2.575600e-02	1.667053e+00	9.995000e-03	2.903031e-02	
108	1.038984e+01	6.290800e-02	7.762820e-01	2.029400e-02	1.668407e+00	1.480100e-02	3.783596e-02	
109	1.052217e+01	1.967300e-01	8.359680e-01	2.276100e-02	1.574207e+00	1.255300e-02	2.617534e-02	
110	9.713616e+00	9.939000e-02	8.029490e-01	1.575900e-02	1.679384e+00	8.774000e-03	3.354521e-02	
111	9.262054e+00	1.856600e-02	8.135470e-01	1.698200e-02	1.626274e+00	8.391000e-03	3.073724e-02	
112	9.623825e+00	1.009400e-01	8.051680e-01	3.836200e-02	1.624672e+00	1.811200e-02	3.208690e-02	
113	8.804117e+00	6.766200e-02	7.407030e-01	2.504700e-02	1.449290e+00	1.202600e-02	3.809383e-02	
115	9.242086e+00	2.379720e-01	7.539500e-01	5.814900e-02	1.561026e+00	5.530100e-02	3.893457e-02	
116	9.059929e+00	4.002500e-02	7.778760e-01	1.913400e-02	1.631252e+00	1.298500e-02	3.672978e-02	
117	9.714198e+00	8.730400e-02	7.923870e-01	1.506200e-02	1.743954e+00	1.229700e-02	3.670214e-02	
118	9.226376e+00	8.038800e-02	7.546090e-01	1.904100e-02	1.738262e+00	1.328100e-02	4.323901e-02	
119	9.640507e+00	2.202000e-02	7.870370e-01	1.925700e-02	1.671008e+00	9.593000e-03	3.607319e-02	
120	8.224368e+00	5.171800e-02	7.147320e-01	1.860300e-02	1.501430e+00	8.701000e-03	4.341702e-02	
121	1.010714e+01	4.319000e-02	8.134870e-01	1.626200e-02	1.767160e+00	9.203000e-03	3.341080e-02	
122	9.207611e+00	8.736700e-02	8.025070e-01	2.395000e-02	1.634464e+00	1.187000e-02	3.272118e-02	
123	9.454910e+00	5.467000e-02	7.947710e-01	2.232300e-02	1.655277e+00	1.055500e-02	3.443588e-02	
124	9.390910e+00	6.296700e-02	8.187770e-01	2.533900e-02	1.643984e+00	1.349300e-02	3.020040e-02	
125	8.846807e+00	1.771940e-01	8.124970e-01	2.095600e-02	1.560092e+00	1.534200e-02	2.965243e-02	
126	9.409162e+00	3.517600e-02	7.650060e-01	2.283300e-02	1.705577e+00	1.409600e-02	4.062842e-02	
127	9.516846e+00	1.626560e-01	7.881520e-01	1.659800e-02	1.608737e+00	1.442900e-02	3.454707e-02	
128	9.380532e+00	4.979200e-02	8.005590e-01	2.070500e-02	1.659457e+00	8.882000e-03	3.354921e-02	
129	8.997835e+00	3.471700e-02	7.988860e-01	1.281000e-02	1.679070e+00	1.107800e-02	3.423048e-02	
130	8.592872e+00	4.521500e-02	7.827020e-01	2.052700e-02	1.597945e+00	1.521800e-02	3.519811e-02	
131	9.933319e+00	6.856600e-02	8.094770e-01	2.711900e-02	1.710375e+00	1.308500e-02	3.303244e-02	
132	9.201875e+00	4.778900e-02	7.797810e-01	1.687000e-02	1.637727e+00	6.593000e-03	3.655932e-02	
133	9.247481e+00	4.752900e-02	8.023220e-01	1.779800e-02	1.671368e+00	6.024000e-03	3.349132e-02	
134	9.147912e+00	3.748000e-02	7.916570e-01	1.557000e-02	1.639683e+00	1.099700e-02	3.462906e-02	
135	9.226913e+00	3.738600e-02	8.135090e-01	1.617900e-02	1.684476e+00	6.661000e-03	3.184377e-02	
136	9.454022e+00	3.408900e-02	8.111860e-01	1.738400e-02	1.656660e+00	8.233000e-03	3.170804e-02	
137	8.507421e+00	8.497300e-02	7.615560e-01	1.908000e-02	1.548381e+00	2.142400e-02	3.742537e-02	
138	8.716918e+00	2.415500e-02	7.703220e-01	1.895300e-02	1.595130e+00	6.958000e-03	3.713790e-02	
