0	12	R2	4.380201e+00	4.380201e+00	2.144517e-09	0.000000e+00	8.959939e-02
0	13	R2	4.886391e+00	4.886391e+00	2.507649e-09	0.000000e+00	8.189750e-01
0	14	R2	5.605381e+00	5.605381e+00	3.055872e-09	7.629599e-16	1.164122e+00
0	15	R2	7.323325e+00	7.323325e+00	4.438498e-09	0.000000e+00	1.324688e-01
0	16	R2	7.544323e+00	7.544323e+00	4.618117e-09	-4.700257e-15	1.889638e-01
0	17	R2	9.149131e+00	9.149131e+00	5.912649e-09	0.000000e+00	1.657391e-01
0	18	R2	9.848336e+00	9.848336e+00	6.469312e-09	0.000000e+00	3.375242e-01
0	19	R2	1.101928e+01	1.101928e+01	7.391557e-09	0.000000e+00	5.209116e-01
0	20	R2	1.286836e+01	1.286836e+01	8.826544e-09	4.920707e-15	3.609962e-01
0	21	R2	1.311992e+01	1.311992e+01	9.020103e-09	0.000000e+00	7.573817e-02
0	23	R2	1.292491e+01	1.292491e+01	8.870086e-09	0.000000e+00	2.255218e-01
0	24	R2	1.349346e+01	1.349346e+01	9.306888e-09	-3.296037e-15	5.389371e-01
0	26	R2	1.368551e+01	1.368551e+01	9.454056e-09	2.671653e-14	1.329781e-01
0	27	R2	1.427144e+01	1.427144e+01	9.901968e-09	4.590298e-15	3.869808e-01
0	28	R2	1.554243e+01	1.554243e+01	1.086856e-08	1.336995e-14	1.328619e-01
0	29	R2	1.489425e+01	1.489425e+01	1.037641e-08	-6.255801e-15	2.839535e-01
0	30	R2	1.311819e+01	1.311819e+01	9.018780e-09	0.000000e+00	1.548783e-02
0	31	R2	1.397233e+01	1.397233e+01	9.673518e-09	-6.232171e-15	2.850302e-01
0	32	R2	1.581278e+01	1.581278e+01	1.107339e-08	4.059531e-15	4.375768e-01
0	33	R2	1.363327e+01	1.363327e+01	9.414042e-09	0.000000e+00	1.672793e-01
0	34	R2	1.384466e+01	1.384466e+01	9.575880e-09	4.310493e-15	4.121006e-01
0	35	R2	1.464772e+01	1.464772e+01	1.018880e-08	-5.174520e-15	6.865785e-01
0	36	R2	1.342823e+01	1.342823e+01	9.256860e-09	0.000000e+00	2.885076e-02
0	37	R2	1.234263e+01	1.234263e+01	8.420848e-09	0.000000e+00	2.574555e-01
0	38	R2	1.399776e+01	1.399776e+01	9.692953e-09	0.000000e+00	1.214811e-01
0	39	R2	1.347164e+01	1.347164e+01	9.290160e-09	0.000000e+00	9.981683e-02
0	40	R2	1.434309e+01	1.434309e+01	9.956628e-09	0.000000e+00	2.057241e-03
0	41	R2	1.339944e+01	1.339944e+01	9.234774e-09	-2.118557e-15	8.384748e-01
0	43	R2	1.405877e+01	1.405877e+01	9.739573e-09	6.465782e-15	2.747320e-01
0	44	R2	1.281558e+01	1.281558e+01	8.785894e-09	0.000000e+00	2.135109e-02
0	45	R2	1.364443e+01	1.364443e+01	9.422592e-09	-1.177971e-14	1.507980e-01
0	46	R2	1.344990e+01	1.344990e+01	9.273485e-09	-1.402718e-06	1.284388e-01
0	47	R2	1.375705e+01	1.375705e+01	9.508834e-09	-2.527290e-07	7.324224e-01
0	48	R2	1.446969e+01	1.446969e+01	1.005316e-08	-1.480667e-15	1.199700e+00
0	51	R2	1.421868e+01	1.421868e+01	9.861701e-09	-1.046001e-14	1.698236e-01
0	52	R2	1.461775e+01	1.461775e+01	1.016597e-08	-3.486229e-07	5.705216e-01
0	53	R2	1.416230e+01	1.416230e+01	9.818654e-09	1.100188e-14	3.229189e-01
0	54	R2	1.397624e+01	1.397624e+01	9.676503e-09	0.000000e+00	4.551312e-01
0	55	R2	1.374004e+01	1.374004e+01	9.495810e-09	8.632326e-15	2.057796e-01
0	56	R2	1.439678e+01	1.439678e+01	9.997575e-09	-5.601552e-15	3.171187e-01
0	57	R2	1.335113e+01	1.335114e+01	9.197707e-09	-6.861606e-07	2.602491e-01
0	59	R2	1.441753e+01	1.441753e+01	1.001340e-08	-5.659414e-15	3.138765e-01
0	60	R2	1.469724e+01	1.469724e+01	1.022650e-08	0.000000e+00	7.344298e-02
0	61	R2	1.440507e+01	1.440507e+01	1.000390e-08	-9.727848e-15	3.652107e-01
0	63	R2	1.434103e+01	1.434103e+01	9.955059e-09	4.307796e-15	8.247172e-01
0	64	R2	1.425923e+01	1.425923e+01	9.892650e-09	0.000000e+00	3.944519e-01
0	65	R2	1.504664e+01	1.504664e+01	1.049226e-08	7.872288e-15	6.769405e-01
0	66	R2	1.427756e+01	1.427756e+01	9.906632e-09	0.000000e+00	2.323874e-01
0	67	R2	1.398601e+01	1.398601e+01	9.683974e-09	-9.764710e-15	1.819160e-01
0	68	R2	1.393146e+01	1.393146e+01	9.642265e-09	-3.520171e-14	1.009245e-01
0	69	R2	1.266624e+01	1.266624e+01	8.670771e-09	0.000000e+00	7.604560e-01
0	70	R2	1.221299e+01	1.221299e+01	8.320549e-09	1.273721e-14	2.789240e-01
0	72	R2	1.180916e+01	1.180916e+01	8.007402e-09	-2.440177e-15	1.455924e+00
0	73	R2	1.381597e+01	1.381597e+01	9.553927e-09	0.000000e+00	8.685088e-01
0	75	R2	1.251408e+01	1.251408e+01	8.553334e-09	2.619658e-15	6.780873e-01
0	76	R2	1.255966e+01	1.255966e+01	8.588526e-09	2.208027e-14	8.044996e-02
0	79	R2	1.208605e+01	1.208605e+01	8.222229e-09	0.000000e+00	9.348651e-02
0	80	R2	1.315097e+01	1.315097e+01	9.043975e-09	-1.034552e-06	1.694891e-01
0	81	R2	1.317523e+01	1.317523e+01	9.062617e-09	0.000000e+00	9.894442e-01
0	82	R2	1.205691e+01	1.205691e+01	8.199642e-09	0.000000e+00	1.017583e-02
0	83	R2	1.191895e+01	1.191895e+01	8.092644e-09	-1.437258e-14	1.235934e-01
0	89	R2	1.383126e+01	1.383126e+01	9.565625e-09	-2.813798e-14	6.313023e-02
0	90	R2	1.493206e+01	1.493206e+01	1.040516e-08	-9.847870e-16	1.803798e+00
0	91	R2	1.343544e+01	1.343544e+01	9.262396e-09	1.004154e-14	1.769009e-01
0	94	R2	1.316136e+01	1.316136e+01	9.051957e-09	0.000000e+00	4.850198e-02
0	95	R2	1.352814e+01	1.352814e+01	9.333479e-09	-1.339629e-06	1.354278e-01
0	96	R2	1.302083e+01	1.302083e+01	8.943907e-09	-8.515326e-07	2.034505e-01
0	97	R2	1.332090e+01	1.332090e+01	9.174500e-09	-3.041216e-07	5.855731e-01
0	99	R2	1.256439e+01	1.256439e+01	8.592181e-09	0.000000e+00	1.783863e-01
0	100	R2	1.408848e+01	1.408848e+01	9.762271e-09	-7.782235e-14	4.565158e-02
0	101	R2	1.331203e+01	1.331203e+01	9.167693e-09	0.000000e+00	3.508763e-01
0	102	R2	1.258812e+01	1.258812e+01	8.610492e-09	5.869151e-15	3.026599e-01
0	103	R2	1.450326e+01	1.450326e+01	1.007875e-08	5.706069e-15	3.113101e-01
0	104	R2	1.366494e+01	1.366494e+01	9.438302e-09	-6.876658e-07	2.670246e-01
0	105	R2	1.399188e+01	1.399188e+01	9.688462e-09	-1.814712e-12	1.957728e-03
0	106	R2	1.377031e+01	1.377031e+01	9.518984e-09	0.000000e+00	3.413186e-02
0	107	R2	1.341382e+01	1.341382e+01	9.245806e-09	0.000000e+00	5.937705e-02
0	108	R2	1.350986e+01	1.350986e+01	9.319467e-09	6.666157e-15	2.664739e-01
0	109	R2	1.320306e+01	1.320306e+01	9.084003e-09	5.890263e-15	3.015751e-01
0	110	R2	1.264702e+01	1.264702e+01	8.655944e-09	-6.658292e-07	2.511170e-01
0	111	R2	6.849315e+00	6.849315e+00	4.053177e-09	0.000000e+00	1.989116e-01
0	113	R2	1.140576e+00	1.140576e+00	2.820109e-10	0.000000e+00	4.136905e-03


1	12	NOE	-2.200000e-01	-2.200000e-01	8.970326e-10	4.163336e-14	1.000000e-02
1	13	NOE	4.000000e-02	4.000000e-02	1.070030e-09	6.823246e-15	6.000000e-02
1	14	NOE	2.500000e-01	2.500000e-01	1.280860e-09	-2.540393e-07	6.000000e-02
1	15	NOE	2.500000e-01	2.500000e-01	1.280860e-09	-5.080786e-07	3.000000e-02
1	16	NOE	2.900000e-01	2.900000e-01	1.333543e-09	8.326673e-15	2.000000e-02
1	17	NOE	4.300000e-01	4.300000e-01	1.573175e-09	1.850372e-15	3.000000e-02
1	18	NOE	4.700000e-01	4.700000e-01	1.664981e-09	-1.480297e-14	3.000000e-02
1	19	NOE	5.200000e-01	5.200000e-01	1.802807e-09	0.000000e+00	2.000000e-02
1	20	NOE	7.500000e-01	7.500000e-01	3.569183e-09	0.000000e+00	6.000000e-02
1	21	NOE	7.600000e-01	7.600000e-01	3.805509e-09	0.000000e+00	1.000000e-02
1	23	NOE	7.400000e-01	7.400000e-01	3.371255e-09	0.000000e+00	2.000000e-02
1	24	NOE	7.100000e-01	7.100000e-01	2.927289e-09	0.000000e+00	2.000000e-02
1	26	NOE	8.300000e-01	8.300000e-01	1.571497e-08	0.000000e+00	2.000000e-02
1	27	NOE	8.300000e-01	8.300000e-01	1.571497e-08	0.000000e+00	4.000000e-02
1	28	NOE	8.400000e-01	8.344307e-01	1.611966e-05	5.569343e-01	1.000000e-02
1	29	NOE	7.500000e-01	7.500000e-01	3.569183e-09	0.000000e+00	5.000000e-02
1	30	NOE	8.300000e-01	8.300000e-01	1.571497e-08	0.000000e+00	5.000000e-02
1	31	NOE	6.700000e-01	6.700000e-01	2.535309e-09	-5.843279e-16	1.900000e-01
1	32	NOE	7.500000e-01	7.500000e-01	3.569183e-09	0.000000e+00	2.000000e-02
1	33	NOE	6.300000e-01	6.300000e-01	2.263731e-09	-1.110223e-14	1.000000e-02
1	34	NOE	7.700000e-01	7.700000e-01	4.094597e-09	5.551115e-15	2.000000e-02
1	35	NOE	8.400000e-01	8.344307e-01	1.611966e-05	2.784671e-01	2.000000e-02
1	36	NOE	7.700000e-01	7.700000e-01	4.094597e-09	1.110223e-14	1.000000e-02
1	37	NOE	7.900000e-01	7.900000e-01	4.941403e-09	-2.220446e-14	1.000000e-02
1	38	NOE	8.300000e-01	8.300000e-01	1.571497e-08	0.000000e+00	2.000000e-02
1	39	NOE	7.600000e-01	7.600000e-01	3.805509e-09	0.000000e+00	1.000000e-02
1	40	NOE	8.300000e-01	8.300000e-01	1.571497e-08	0.000000e+00	3.000000e-02
1	41	NOE	8.400000e-01	8.344307e-01	1.611966e-05	1.856448e-01	3.000000e-02
1	43	NOE	8.100000e-01	8.100000e-01	6.678119e-09	0.000000e+00	3.000000e-02
1	44	NOE	7.800000e-01	7.800000e-01	4.459675e-09	1.110223e-14	1.000000e-02
1	45	NOE	8.400000e-01	8.344307e-01	1.611966e-05	1.856448e-01	3.000000e-02
1	46	NOE	7.500000e-01	7.500000e-01	3.569183e-09	0.000000e+00	6.000000e-02
1	47	NOE	7.900000e-01	7.900000e-01	4.941403e-09	-3.700743e-15	6.000000e-02
1	48	NOE	8.000000e-01	8.000000e-01	5.619330e-09	0.000000e+00	2.000000e-02
1	51	NOE	8.300000e-01	8.300000e-01	1.571497e-08	0.000000e+00	1.000000e-02
1	52	NOE	9.000000e-01	8.344307e-01	2.313906e-05	6.556934e-01	1.000000e-01
1	53	NOE	7.400000e-01	7.400000e-01	3.371255e-09	0.000000e+00	1.000000e-02
1	54	NOE	8.500000e-01	8.344307e-01	3.133534e-05	3.892335e-01	4.000000e-02
1	55	NOE	8.100000e-01	8.100000e-01	6.678119e-09	0.000000e+00	1.000000e-02
1	56	NOE	8.100000e-01	8.100000e-01	6.678119e-09	0.000000e+00	4.000000e-02
1	57	NOE	9.200000e-01	8.344307e-01	2.132019e-05	5.033491e-01	1.700000e-01
1	59	NOE	8.300000e-01	8.300000e-01	1.571497e-08	0.000000e+00	8.000000e-02
1	60	NOE	8.200000e-01	8.200000e-01	8.698455e-09	0.000000e+00	1.000000e-01
1	61	NOE	7.900000e-01	7.900000e-01	4.941403e-09	-4.440892e-15	5.000000e-02
1	63	NOE	8.100000e-01	8.100000e-01	6.678119e-09	0.000000e+00	2.000000e-02
1	64	NOE	7.800000e-01	7.800000e-01	4.459675e-09	2.220446e-15	5.000000e-02
1	65	NOE	7.600000e-01	7.600000e-01	3.805509e-09	0.000000e+00	7.000000e-02
1	66	NOE	8.000000e-01	8.000000e-01	5.619330e-09	0.000000e+00	1.000000e-02
1	67	NOE	7.500000e-01	7.500000e-01	3.569183e-09	0.000000e+00	7.000000e-02
1	68	NOE	8.200000e-01	8.200000e-01	8.698455e-09	0.000000e+00	3.000000e-02
1	69	NOE	8.700000e-01	8.344307e-01	1.425039e-05	1.270334e-01	2.800000e-01
1	70	NOE	7.500000e-01	7.500000e-01	3.569183e-09	0.000000e+00	1.000000e-02
1	72	NOE	6.700000e-01	6.700000e-01	2.535309e-09	-5.551115e-15	2.000000e-02
1	73	NOE	7.000000e-01	7.000000e-01	2.813229e-09	9.251859e-16	1.200000e-01
1	75	NOE	7.000000e-01	7.000000e-01	2.813229e-09	2.220446e-15	5.000000e-02
1	76	NOE	6.600000e-01	6.600000e-01	2.458847e-09	1.110223e-14	1.000000e-02
1	79	NOE	7.700000e-01	7.700000e-01	4.094597e-09	1.110223e-14	1.000000e-02
1	80	NOE	7.200000e-01	7.200000e-01	3.055851e-09	0.000000e+00	8.000000e-02
1	81	NOE	7.400000e-01	7.400000e-01	3.371255e-09	0.000000e+00	3.000000e-02
1	82	NOE	6.700000e-01	6.700000e-01	2.535309e-09	-1.110223e-14	1.000000e-02
1	83	NOE	6.100000e-01	6.100000e-01	2.155697e-09	2.775558e-15	4.000000e-02
1	89	NOE	8.100000e-01	8.100000e-01	6.678119e-09	0.000000e+00	2.000000e-02
1	90	NOE	8.200000e-01	8.200000e-01	8.698455e-09	0.000000e+00	4.000000e-02
1	91	NOE	7.100000e-01	7.100000e-01	2.927289e-09	0.000000e+00	8.000000e-02
1	94	NOE	8.100000e-01	8.100000e-01	6.678119e-09	0.000000e+00	4.000000e-02
1	95	NOE	8.400000e-01	8.344307e-01	1.611966e-05	5.569343e-01	1.000000e-02
1	96	NOE	7.300000e-01	7.300000e-01	3.202302e-09	0.000000e+00	5.000000e-02
1	97	NOE	8.100000e-01	8.100000e-01	6.678119e-09	0.000000e+00	3.000000e-02
1	99	NOE	7.700000e-01	7.700000e-01	4.094597e-09	2.220446e-15	5.000000e-02
1	100	NOE	7.800000e-01	7.800000e-01	4.459675e-09	5.551115e-15	2.000000e-02
1	101	NOE	8.800000e-01	8.344307e-01	2.377074e-05	4.556934e+00	1.000000e-02
1	102	NOE	6.500000e-01	6.500000e-01	2.388613e-09	2.775558e-15	4.000000e-02
1	103	NOE	7.700000e-01	7.700000e-01	4.094597e-09	5.551115e-15	2.000000e-02
1	104	NOE	7.200000e-01	7.200000e-01	3.055851e-09	0.000000e+00	8.000000e-02
1	105	NOE	7.700000e-01	7.700000e-01	4.094597e-09	5.551115e-15	2.000000e-02
1	106	NOE	7.000000e-01	7.000000e-01	2.813229e-09	1.387779e-15	8.000000e-02
1	107	NOE	7.300000e-01	7.300000e-01	3.202302e-09	0.000000e+00	4.000000e-02
1	108	NOE	8.100000e-01	8.100000e-01	6.678119e-09	0.000000e+00	3.000000e-02
1	109	NOE	8.000000e-01	8.000000e-01	5.619330e-09	0.000000e+00	4.000000e-02
1	110	NOE	7.000000e-01	7.000000e-01	2.813229e-09	5.551115e-15	2.000000e-02
1	111	NOE	3.000000e-01	3.000000e-01	1.347587e-09	2.775558e-14	1.000000e-02
1	113	NOE	-1.260000e+00	-1.260000e+00	5.357214e-10	-1.110223e-14	2.000000e-02


2	12	R1	1.318739e+00	1.318739e+00	1.025801e-08	-1.219483e-14	1.820810e-02
2	13	R1	1.301914e+00	1.301914e+00	1.040843e-08	0.000000e+00	2.517045e-02
2	14	R1	9.613536e-01	9.613536e-01	1.450499e-08	-3.115350e-15	1.069115e-01
2	15	R1	1.275510e+00	1.275510e+00	1.065188e-08	0.000000e+00	1.155118e-03
2	16	R1	1.349619e+00	1.349619e+00	9.990972e-09	-2.397797e-15	9.260357e-02
2	17	R1	1.213371e+00	1.213371e+00	1.126365e-08	-6.992019e-15	3.175686e-02
2	18	R1	1.257150e+00	1.257150e+00	1.082676e-08	1.720640e-07	9.711719e-02
2	19	R1	1.320132e+00	1.320132e+00	1.024572e-08	1.957152e-14	1.134529e-02
2	20	R1	1.098418e+00	1.098418e+00	1.256619e-08	7.791567e-15	2.849807e-02
2	21	R1	1.040745e+00	1.040745e+00	1.332231e-08	1.385127e-13	1.603063e-03
2	23	R1	1.180498e+00	1.180498e+00	1.161166e-08	-5.029495e-15	8.829697e-02
2	24	R1	1.181544e+00	1.181544e+00	1.160030e-08	-2.327596e-13	2.861896e-03
2	26	R1	1.153004e+00	1.153004e+00	1.191706e-08	0.000000e+00	4.154429e-02
2	27	R1	1.172745e+00	1.172745e+00	1.169640e-08	0.000000e+00	1.691658e-02
2	28	R1	1.144820e+00	1.144820e+00	1.201064e-08	0.000000e+00	4.707719e-02
2	29	R1	1.184483e+00	1.184483e+00	1.156850e-08	0.000000e+00	4.493811e-02
2	30	R1	1.238850e+00	1.238850e+00	1.100587e-08	4.757580e-15	4.667175e-02
2	31	R1	1.095350e+00	1.095350e+00	1.260450e-08	0.000000e+00	3.436205e-02
2	32	R1	1.098961e+00	1.098961e+00	1.255943e-08	-5.781602e-14	3.840538e-03
2	33	R1	1.144951e+00	1.144951e+00	1.200913e-08	-7.494767e-14	2.962662e-03
2	34	R1	1.226768e+00	1.226768e+00	1.112686e-08	0.000000e+00	8.715223e-02
2	35	R1	1.069462e+00	1.069462e+00	1.293609e-08	1.068452e-14	2.078190e-02
2	36	R1	1.129114e+00	1.129114e+00	1.219382e-08	5.417308e-14	8.197600e-03
2	37	R1	1.041070e+00	1.041070e+00	1.331782e-08	6.679443e-07	2.153565e-02
2	38	R1	1.076484e+00	1.076484e+00	1.284464e-08	9.170279e-15	4.842701e-02
2	39	R1	1.156805e+00	1.156805e+00	1.187402e-08	0.000000e+00	6.840866e-02
2	40	R1	1.153868e+00	1.153868e+00	1.190724e-08	0.000000e+00	2.419176e-02
2	41	R1	1.207511e+00	1.207511e+00	1.132439e-08	0.000000e+00	2.649335e-02
2	43	R1	1.128350e+00	1.128350e+00	1.220286e-08	0.000000e+00	1.349564e-03
2	44	R1	1.204805e+00	1.204805e+00	1.135262e-08	0.000000e+00	4.618846e-02
2	45	R1	1.152273e+00	1.152273e+00	1.192536e-08	2.792385e-15	7.951791e-02
2	46	R1	1.190902e+00	1.190902e+00	1.149957e-08	-2.087504e-14	1.063685e-02
2	47	R1	1.163603e+00	1.163603e+00	1.179771e-08	0.000000e+00	9.267930e-02
2	48	R1	1.066325e+00	1.066325e+00	1.297730e-08	0.000000e+00	1.415627e-02
2	51	R1	1.027169e+00	1.027169e+00	1.351209e-08	0.000000e+00	3.872127e-02
2	52	R1	1.060277e+00	1.060277e+00	1.305744e-08	-3.236902e-15	6.859788e-02
2	53	R1	1.096371e+00	1.096371e+00	1.259173e-08	0.000000e+00	1.478496e-02
2	54	R1	1.053630e+00	1.053630e+00	1.314653e-08	0.000000e+00	8.775622e-02
2	55	R1	1.059154e+00	1.059154e+00	1.307242e-08	5.537413e-15	8.019796e-02
2	56	R1	1.005480e+00	1.005480e+00	1.382548e-08	-1.154737e-14	1.922903e-02
2	57	R1	1.092120e+00	1.092120e+00	1.264505e-08	0.000000e+00	7.396099e-02
2	59	R1	1.113648e+00	1.113648e+00	1.237901e-08	-1.050691e-14	2.113320e-02
2	60	R1	1.095890e+00	1.095890e+00	1.259774e-08	0.000000e+00	7.778720e-02
2	61	R1	1.152871e+00	1.152871e+00	1.191857e-08	-2.697167e-15	8.232512e-02
2	63	R1	1.116508e+00	1.116508e+00	1.234440e-08	0.000000e+00	6.796404e-02
2	64	R1	1.089740e+00	1.089740e+00	1.267508e-08	2.019219e-14	1.099656e-02
2	65	R1	1.156136e+00	1.156136e+00	1.188157e-08	4.474087e-06	3.502025e-03
2	66	R1	1.099445e+00	1.099445e+00	1.255342e-08	3.156243e-15	7.035093e-02
2	67	R1	1.095350e+00	1.095350e+00	1.260450e-08	0.000000e+00	3.436205e-02
2	68	R1	1.080555e+00	1.080555e+00	1.279214e-08	0.000000e+00	5.523916e-02
2	69	R1	1.096912e+00	1.096912e+00	1.258497e-08	-3.781609e-14	5.871696e-03
2	70	R1	1.183852e+00	1.183852e+00	1.157532e-08	2.227057e-15	9.970315e-02
2	72	R1	1.081783e+00	1.081783e+00	1.277639e-08	9.991653e-06	1.486223e-03
2	73	R1	1.066724e+00	1.066724e+00	1.297206e-08	0.000000e+00	7.732025e-02
2	75	R1	1.188001e+00	1.188001e+00	1.153063e-08	0.000000e+00	3.583410e-02
2	76	R1	1.186169e+00	1.186169e+00	1.155032e-08	-1.110588e-14	1.999343e-02
2	79	R1	1.062982e+00	1.062982e+00	1.302150e-08	5.218933e-07	2.804486e-02
2	80	R1	1.138628e+00	1.138628e+00	1.208229e-08	0.000000e+00	9.433142e-02
2	81	R1	1.116882e+00	1.116882e+00	1.233988e-08	0.000000e+00	1.198775e-01
2	82	R1	8.557980e-01	8.557980e-01	1.640448e-08	0.000000e+00	4.091132e-02
2	83	R1	1.045314e+00	1.045314e+00	1.325950e-08	0.000000e+00	9.812286e-03
2	89	R1	1.144034e+00	1.144034e+00	1.201969e-08	0.000000e+00	6.295393e-03
2	90	R1	1.148172e+00	1.148172e+00	1.197216e-08	2.255784e-07	6.907881e-02
2	91	R1	1.111049e+00	1.111049e+00	1.241060e-08	0.000000e+00	8.790381e-02
2	94	R1	1.198179e+00	1.198179e+00	1.142225e-08	-3.531205e-14	6.288070e-03
2	95	R1	1.145803e+00	1.145803e+00	1.199932e-08	-1.175328e-14	3.778427e-02
2	96	R1	1.128095e+00	1.128095e+00	1.220588e-08	-4.446515e-15	4.993678e-02
2	97	R1	1.040096e+00	1.040096e+00	1.333128e-08	4.445635e-15	4.994666e-02
2	99	R1	1.185045e+00	1.185045e+00	1.156244e-08	0.000000e+00	5.768992e-02
2	100	R1	1.082017e+00	1.082017e+00	1.277339e-08	5.542327e-15	4.006343e-02
2	101	R1	1.143184e+00	1.143184e+00	1.202950e-08	0.000000e+00	5.831250e-02
2	102	R1	1.169044e+00	1.169044e+00	1.173724e-08	3.113088e-15	7.132615e-02
2	103	R1	1.089325e+00	1.089325e+00	1.268034e-08	0.000000e+00	4.379844e-02
2	104	R1	1.134687e+00	1.134687e+00	1.212827e-08	-2.197219e-15	1.010571e-01
2	105	R1	1.120762e+00	1.120762e+00	1.229322e-08	-6.329106e-15	3.508309e-02
2	106	R1	1.166385e+00	1.166385e+00	1.176673e-08	5.996094e-15	3.703154e-02
2	107	R1	1.090750e+00	1.090750e+00	1.266232e-08	5.712685e-15	3.886869e-02
2	108	R1	1.130007e+00	1.130007e+00	1.218328e-08	4.463327e-15	4.974867e-02
2	109	R1	1.193745e+00	1.193745e+00	1.146926e-08	0.000000e+00	3.103708e-02
2	110	R1	1.114082e+00	1.114082e+00	1.237374e-08	-4.362306e-15	5.090074e-02
2	111	R1	1.237471e+00	1.237471e+00	1.101957e-08	3.383916e-15	1.312353e-01
2	113	R1	7.763975e-01	7.763975e-01	1.615158e-10	0.000000e+00	4.177356e-02


