12	4.380201e+00	8.959939e-02	-2.200000e-01	1.000000e-02	1.318739e+00	1.820810e-02	1.630875e-01	
13	4.886391e+00	8.189750e-01	4.000000e-02	6.000000e-02	1.301914e+00	2.517045e-02	1.266938e-01	
14	5.605381e+00	1.164122e+00	2.500000e-01	6.000000e-02	9.613536e-01	1.069115e-01	7.308803e-02	
15	7.323325e+00	1.324688e-01	2.500000e-01	3.000000e-02	1.275510e+00	1.155118e-03	9.697215e-02	
16	7.544323e+00	1.889638e-01	2.900000e-01	2.000000e-02	1.349619e+00	9.260357e-02	9.713400e-02	
17	9.149131e+00	1.657391e-01	4.300000e-01	3.000000e-02	1.213371e+00	3.175686e-02	7.010846e-02	
18	9.848336e+00	3.375242e-01	4.700000e-01	3.000000e-02	1.257150e+00	9.711719e-02	6.754059e-02	
19	1.101928e+01	5.209116e-01	5.200000e-01	2.000000e-02	1.320132e+00	1.134529e-02	6.423333e-02	
20	1.286836e+01	3.609962e-01	7.500000e-01	6.000000e-02	1.098418e+00	2.849807e-02	2.783618e-02	
21	1.311992e+01	7.573817e-02	7.600000e-01	1.000000e-02	1.040745e+00	1.603063e-03	2.531964e-02	
23	1.292491e+01	2.255218e-01	7.400000e-01	2.000000e-02	1.180498e+00	8.829697e-02	3.111290e-02	
24	1.349346e+01	5.389371e-01	7.100000e-01	2.000000e-02	1.181544e+00	2.861896e-03	3.473360e-02	
26	1.368551e+01	1.329781e-01	8.300000e-01	2.000000e-02	1.153004e+00	4.154429e-02	1.986925e-02	
27	1.427144e+01	3.869808e-01	8.300000e-01	4.000000e-02	1.172745e+00	1.691658e-02	2.020945e-02	
28	1.554243e+01	1.328619e-01	8.400000e-01	1.000000e-02	1.144820e+00	4.707719e-02	1.856773e-02	
29	1.489425e+01	2.839535e-01	7.500000e-01	5.000000e-02	1.184483e+00	4.493811e-02	3.001724e-02	
30	1.311819e+01	1.548783e-02	8.300000e-01	5.000000e-02	1.238850e+00	4.667175e-02	2.134861e-02	
31	1.397233e+01	2.850302e-01	6.700000e-01	1.900000e-01	1.095350e+00	3.436205e-02	3.664112e-02	
32	1.581278e+01	4.375768e-01	7.500000e-01	2.000000e-02	1.098961e+00	3.840538e-03	2.784994e-02	
33	1.363327e+01	1.672793e-01	6.300000e-01	1.000000e-02	1.144951e+00	2.962662e-03	4.294280e-02	
34	1.384466e+01	4.121006e-01	7.700000e-01	2.000000e-02	1.226768e+00	8.715223e-02	2.860172e-02	
35	1.464772e+01	6.865785e-01	8.400000e-01	2.000000e-02	1.069462e+00	2.078190e-02	1.734551e-02	
36	1.342823e+01	2.885076e-02	7.700000e-01	1.000000e-02	1.129114e+00	8.197600e-03	2.632495e-02	
37	1.234263e+01	2.574555e-01	7.900000e-01	1.000000e-02	1.041070e+00	2.153565e-02	2.216160e-02	
38	1.399776e+01	1.214811e-01	8.300000e-01	2.000000e-02	1.076484e+00	4.842701e-02	1.855062e-02	
39	1.347164e+01	9.981683e-02	7.600000e-01	1.000000e-02	1.156805e+00	6.840866e-02	2.814318e-02	
40	1.434309e+01	2.057241e-03	8.300000e-01	3.000000e-02	1.153868e+00	2.419176e-02	1.988415e-02	
41	1.339944e+01	8.384748e-01	8.400000e-01	3.000000e-02	1.207511e+00	2.649335e-02	1.958451e-02	
43	1.405877e+01	2.747320e-01	8.100000e-01	3.000000e-02	1.128350e+00	1.349564e-03	2.173197e-02	
44	1.281558e+01	2.135109e-02	7.800000e-01	1.000000e-02	1.204805e+00	4.618846e-02	2.686836e-02	
45	1.364443e+01	1.507980e-01	8.400000e-01	3.000000e-02	1.152273e+00	7.951791e-02	1.868862e-02	
46	1.344990e+01	1.284388e-01	7.500000e-01	6.000000e-02	1.190902e+00	1.063685e-02	3.017989e-02	
47	1.375705e+01	7.324224e-01	7.900000e-01	6.000000e-02	1.163603e+00	9.267930e-02	2.476999e-02	
48	1.446969e+01	1.199700e+00	8.000000e-01	2.000000e-02	1.066325e+00	1.415627e-02	2.161830e-02	
51	1.421868e+01	1.698236e-01	8.300000e-01	1.000000e-02	1.027169e+00	3.872127e-02	1.770078e-02	
52	1.461775e+01	5.705216e-01	9.000000e-01	1.000000e-01	1.060277e+00	6.859788e-02	1.074784e-02	
53	1.416230e+01	3.229189e-01	7.400000e-01	1.000000e-02	1.096371e+00	1.478496e-02	2.889567e-02	
54	1.397624e+01	4.551312e-01	8.500000e-01	4.000000e-02	1.053630e+00	8.775622e-02	1.602069e-02	
55	1.374004e+01	2.057796e-01	8.100000e-01	1.000000e-02	1.059154e+00	8.019796e-02	2.039926e-02	
56	1.439678e+01	3.171187e-01	8.100000e-01	4.000000e-02	1.005480e+00	1.922903e-02	1.936550e-02	
57	1.335113e+01	2.602491e-01	9.200000e-01	1.700000e-01	1.092120e+00	7.396099e-02	8.856504e-03	
59	1.441753e+01	3.138765e-01	8.300000e-01	8.000000e-02	1.113648e+00	2.113320e-02	1.919104e-02	
60	1.469724e+01	7.344298e-02	8.200000e-01	1.000000e-01	1.095890e+00	7.778720e-02	1.999592e-02	
61	1.440507e+01	3.652107e-01	7.900000e-01	5.000000e-02	1.152871e+00	8.232512e-02	2.454153e-02	
63	1.434103e+01	8.247172e-01	8.100000e-01	2.000000e-02	1.116508e+00	6.796404e-02	2.150389e-02	
64	1.425923e+01	3.944519e-01	7.800000e-01	5.000000e-02	1.089740e+00	1.099656e-02	2.430230e-02	
65	1.504664e+01	6.769405e-01	7.600000e-01	7.000000e-02	1.156136e+00	3.502025e-03	2.812691e-02	
66	1.427756e+01	2.323874e-01	8.000000e-01	1.000000e-02	1.099445e+00	7.035093e-02	2.228975e-02	
67	1.398601e+01	1.819160e-01	7.500000e-01	7.000000e-02	1.095350e+00	3.436205e-02	2.775843e-02	
68	1.393146e+01	1.009245e-01	8.200000e-01	3.000000e-02	1.080555e+00	5.523916e-02	1.971612e-02	
69	1.266624e+01	7.604560e-01	8.700000e-01	2.800000e-01	1.096912e+00	5.871696e-03	1.445497e-02	
70	1.221299e+01	2.789240e-01	7.500000e-01	1.000000e-02	1.183852e+00	9.970315e-02	3.000125e-02	
72	1.180916e+01	1.455924e+00	6.700000e-01	2.000000e-02	1.081783e+00	1.486223e-03	3.618727e-02	
73	1.381597e+01	8.685088e-01	7.000000e-01	1.200000e-01	1.066724e+00	7.732025e-02	3.243956e-02	
75	1.251408e+01	6.780873e-01	7.000000e-01	5.000000e-02	1.188001e+00	3.583410e-02	3.612767e-02	
76	1.255966e+01	8.044996e-02	6.600000e-01	1.000000e-02	1.186169e+00	1.999343e-02	4.088156e-02	
79	1.208605e+01	9.348651e-02	7.700000e-01	1.000000e-02	1.062982e+00	2.804486e-02	2.478309e-02	
80	1.315097e+01	1.694891e-01	7.200000e-01	8.000000e-02	1.138628e+00	9.433142e-02	3.231779e-02	
81	1.317523e+01	9.894442e-01	7.400000e-01	3.000000e-02	1.116882e+00	1.198775e-01	2.943624e-02	
82	1.205691e+01	1.017583e-02	6.700000e-01	1.000000e-02	8.557980e-01	4.091132e-02	2.862774e-02	
83	1.191895e+01	1.235934e-01	6.100000e-01	4.000000e-02	1.045314e+00	9.812286e-03	4.132505e-02	
89	1.383126e+01	6.313023e-02	8.100000e-01	2.000000e-02	1.144034e+00	6.295393e-03	2.203405e-02	
90	1.493206e+01	1.803798e+00	8.200000e-01	4.000000e-02	1.148172e+00	6.907881e-02	2.094986e-02	
91	1.343544e+01	1.769009e-01	7.100000e-01	8.000000e-02	1.111049e+00	8.790381e-02	3.266128e-02	
94	1.316136e+01	4.850198e-02	8.100000e-01	4.000000e-02	1.198179e+00	6.288070e-03	2.307688e-02	
95	1.352814e+01	1.354278e-01	8.400000e-01	1.000000e-02	1.145803e+00	3.778427e-02	1.858369e-02	
96	1.302083e+01	2.034505e-01	7.300000e-01	5.000000e-02	1.128095e+00	4.993678e-02	3.087531e-02	
97	1.332090e+01	5.855731e-01	8.100000e-01	3.000000e-02	1.040096e+00	4.994666e-02	2.003220e-02	
99	1.256439e+01	1.783863e-01	7.700000e-01	5.000000e-02	1.185045e+00	5.768992e-02	2.762895e-02	
100	1.408848e+01	4.565158e-02	7.800000e-01	2.000000e-02	1.082017e+00	4.006343e-02	2.413007e-02	
101	1.331203e+01	3.508763e-01	8.800000e-01	1.000000e-02	1.143184e+00	5.831250e-02	1.390590e-02	
102	1.258812e+01	3.026599e-01	6.500000e-01	4.000000e-02	1.169044e+00	7.132615e-02	4.147636e-02	
103	1.450326e+01	3.113101e-01	7.700000e-01	2.000000e-02	1.089325e+00	4.379844e-02	2.539727e-02	
104	1.366494e+01	2.670246e-01	7.200000e-01	8.000000e-02	1.134687e+00	1.010571e-01	3.220595e-02	
105	1.399188e+01	1.957728e-03	7.700000e-01	2.000000e-02	1.120762e+00	3.508309e-02	2.613022e-02	
106	1.377031e+01	3.413186e-02	7.000000e-01	8.000000e-02	1.166385e+00	3.703154e-02	3.547031e-02	
107	1.341382e+01	5.937705e-02	7.300000e-01	4.000000e-02	1.090750e+00	3.886869e-02	2.985321e-02	
108	1.350986e+01	2.664739e-01	8.100000e-01	3.000000e-02	1.130007e+00	4.974867e-02	2.176390e-02	
109	1.320306e+01	3.015751e-01	8.000000e-01	4.000000e-02	1.193745e+00	3.103708e-02	2.420156e-02	
110	1.264702e+01	2.511170e-01	7.000000e-01	2.000000e-02	1.114082e+00	5.090074e-02	3.387975e-02	
111	6.849315e+00	1.989116e-01	3.000000e-01	1.000000e-02	1.237471e+00	1.312353e-01	8.780814e-02	
113	1.140576e+00	4.136905e-03	-1.260000e+00	2.000000e-02	7.763975e-01	4.177356e-02	1.778666e-01	
