0	6	R2	3.166500e+00	3.166500e+00	1.369408e-09	2.064955e-14	2.150600e-02
0	12	R2	1.284330e+01	1.284330e+01	8.807245e-09	-1.567973e-14	2.265800e-01
0	14	R2	3.868200e+00	3.868200e+00	1.800908e-09	-2.330582e-07	1.780200e-01
0	15	R2	3.233700e+00	3.233700e+00	1.408904e-09	2.277965e-15	1.949500e-01
0	20	R2	2.881160e+01	2.881160e+01	2.075507e-08	2.494007e-15	1.424500e+00
0	22	R2	1.949990e+01	1.949990e+01	1.384640e-08	0.000000e+00	3.608900e-01
0	25	R2	2.109900e+01	2.109900e+01	1.504014e-08	-1.242751e-14	5.717500e-01
0	26	R2	2.073790e+01	2.073790e+01	1.477094e-08	5.256660e-15	6.758500e-01
0	27	R2	2.246100e+01	2.246100e+01	1.605384e-08	0.000000e+00	6.290400e-01
0	28	R2	2.203920e+01	2.203920e+01	1.574017e-08	0.000000e+00	5.228700e-01
0	29	R2	2.020220e+01	2.020220e+01	1.437120e-08	-5.156034e-15	6.890400e-01
0	30	R2	1.921640e+01	1.921640e+01	1.363430e-08	0.000000e+00	4.199700e-01
0	32	R2	2.247900e+01	2.247900e+01	1.606722e-08	0.000000e+00	4.939100e-01
0	33	R2	2.045430e+01	2.045430e+01	1.455938e-08	7.418642e-15	4.788900e-01
0	35	R2	1.957010e+01	1.957010e+01	1.389890e-08	0.000000e+00	4.293700e-01
0	36	R2	1.823960e+01	1.823960e+01	1.290225e-08	7.077824e-15	5.019500e-01
0	37	R2	2.068240e+01	2.068240e+01	1.472955e-08	2.132801e-14	3.331500e-01
0	38	R2	1.800480e+01	1.800480e+01	1.272598e-08	-1.845374e-14	1.925200e-01
0	40	R2	1.722160e+01	1.722160e+01	1.213703e-08	0.000000e+00	3.632500e-01
0	42	R2	2.137370e+01	2.137370e+01	1.524480e-08	-1.044301e-14	3.402000e-01
0	44	R2	1.874680e+01	1.874680e+01	1.328261e-08	-1.653425e-14	2.148700e-01
0	45	R2	2.159500e+01	2.159500e+01	1.540960e-08	-1.321669e-14	5.376100e-01
0	46	R2	2.110590e+01	2.110590e+01	1.504529e-08	7.303348e-15	4.864500e-01
0	48	R2	1.971500e+01	1.971500e+01	1.400723e-08	0.000000e+00	4.550400e-01
0	50	R2	1.926780e+01	1.926780e+01	1.367276e-08	0.000000e+00	2.714400e-01
0	51	R2	2.143370e+01	2.143370e+01	1.528949e-08	0.000000e+00	3.857200e-01
0	55	R2	2.000020e+01	2.000020e+01	1.422034e-08	0.000000e+00	5.874200e-01
0	56	R2	1.861770e+01	1.861770e+01	1.318585e-08	1.385668e-14	5.127800e-01
0	57	R2	1.697300e+01	1.697300e+01	1.194976e-08	-7.748220e-15	4.585200e-01
0	59	R2	1.928860e+01	1.928860e+01	1.368833e-08	0.000000e+00	2.794600e-01
0	60	R2	1.973300e+01	1.973300e+01	1.402069e-08	1.022481e-14	3.474600e-01
0	63	R2	2.149000e+01	2.149000e+01	1.533142e-08	-1.305425e-14	2.721500e-01
0	64	R2	2.331680e+01	2.331680e+01	1.668958e-08	-7.559609e-15	4.699600e-01
0	65	R2	2.401450e+01	2.401450e+01	1.720727e-08	4.916979e-15	7.225400e-01
0	67	R2	2.447620e+01	2.447620e+01	1.754957e-08	0.000000e+00	5.706100e-01
0	69	R2	2.566550e+01	2.566550e+01	1.843038e-08	1.037455e-14	6.848900e-01
0	70	R2	2.370900e+01	2.370900e+01	1.698066e-08	0.000000e+00	9.169300e-01
0	71	R2	2.427060e+01	2.427060e+01	1.739717e-08	0.000000e+00	6.958000e-01
0	72	R2	2.554010e+01	2.554010e+01	1.833757e-08	9.227948e-15	7.699900e-01
0	75	R2	2.399730e+01	2.399730e+01	1.719451e-08	0.000000e+00	6.555400e-01
0	76	R2	1.802860e+01	1.802860e+01	1.274385e-08	0.000000e+00	3.039200e-01
0	77	R2	2.389060e+01	2.389060e+01	1.711537e-08	9.353431e-15	7.596600e-01
0	78	R2	3.300170e+01	3.300170e+01	2.384217e-08	0.000000e+00	2.073400e+00
0	79	R2	2.155890e+01	2.155890e+01	1.538272e-08	0.000000e+00	7.577800e-01
0	82	R2	2.165630e+01	2.165630e+01	1.545523e-08	0.000000e+00	7.038300e-01
0	84	R2	2.590710e+01	2.590710e+01	1.860917e-08	1.107040e-14	6.418400e-01
0	85	R2	2.331250e+01	2.331250e+01	1.668639e-08	-1.381438e-14	5.143500e-01
0	87	R2	2.293030e+01	2.293030e+01	1.640257e-08	7.354449e-15	4.830700e-01
0	88	R2	2.353970e+01	2.353970e+01	1.685503e-08	6.861700e-15	5.177600e-01
0	89	R2	2.474090e+01	2.474090e+01	1.774572e-08	-7.043724e-15	5.043800e-01
0	90	R2	2.413630e+01	2.413630e+01	1.729759e-08	6.364817e-15	5.581800e-01
0	91	R2	2.391960e+01	2.391960e+01	1.713689e-08	-5.752637e-15	6.175800e-01
0	92	R2	2.477690e+01	2.477690e+01	1.777240e-08	6.921320e-15	5.133000e-01
0	94	R2	2.570410e+01	2.570410e+01	1.845895e-08	-1.798691e-14	5.925500e-01
0	95	R2	2.353010e+01	2.353010e+01	1.684791e-08	-5.815731e-15	6.108800e-01
0	97	R2	2.043980e+01	2.043980e+01	1.454856e-08	-8.796459e-15	4.038800e-01
0	100	R2	1.921990e+01	1.921990e+01	1.363692e-08	0.000000e+00	2.039400e-01
0	102	R2	1.931690e+01	1.931690e+01	1.370951e-08	-1.635236e-14	2.172600e-01
0	103	R2	2.087670e+01	2.087670e+01	1.487444e-08	0.000000e+00	2.707200e-01
0	104	R2	2.353830e+01	2.353830e+01	1.685399e-08	0.000000e+00	6.468100e-01
0	105	R2	2.059380e+01	2.059380e+01	1.466346e-08	0.000000e+00	5.235500e-01
0	108	R2	2.265300e+01	2.265300e+01	1.619655e-08	-6.899545e-15	5.149200e-01
0	109	R2	2.211960e+01	2.211960e+01	1.579998e-08	-7.873748e-15	4.512100e-01
0	110	R2	2.492860e+01	2.492860e+01	1.788478e-08	0.000000e+00	8.701000e-01
0	111	R2	2.339560e+01	2.339560e+01	1.674808e-08	1.155016e-14	6.151800e-01
0	113	R2	2.252560e+01	2.252560e+01	1.610186e-08	-5.829568e-15	6.094300e-01
0	114	R2	2.275800e+01	2.275800e+01	1.627457e-08	5.030676e-15	7.062100e-01
0	116	R2	2.017800e+01	2.017800e+01	1.435313e-08	9.184173e-15	3.868300e-01
0	118	R2	2.487580e+01	2.487580e+01	1.784566e-08	-5.061999e-15	7.018400e-01
0	119	R2	2.275710e+01	2.275710e+01	1.627390e-08	0.000000e+00	4.462000e-01
0	121	R2	2.146270e+01	2.146270e+01	1.531109e-08	1.690963e-14	4.202000e-01
0	132	R2	7.876400e+00	7.876400e+00	4.887626e-09	6.975954e-15	2.546400e-01
0	145	R2	2.164400e+00	2.164400e+00	8.131038e-10	0.000000e+00	4.437200e-01
0	146	R2	2.461600e+00	2.461600e+00	9.733035e-10	0.000000e+00	1.595900e-01
0	149	R2	2.349000e+00	2.349000e+00	9.123307e-10	3.682943e-15	1.205800e-01
0	151	R2	3.538500e+00	3.538500e+00	1.592731e-09	0.000000e+00	4.340100e-02
0	153	R2	2.233800e+00	2.233800e+00	8.503252e-10	1.980949e-14	2.241800e-02
0	155	R2	2.690600e+00	2.690600e+00	1.098868e-09	0.000000e+00	2.612300e-01
0	156	R2	2.185900e+00	2.185900e+00	8.246265e-10	0.000000e+00	1.683500e-01
0	158	R2	1.967800e+00	1.967800e+00	7.079366e-10	-1.990271e-15	2.231300e-01
0	159	R2	2.846300e+00	2.846300e+00	1.185770e-09	0.000000e+00	9.194300e-02
0	160	R2	2.454900e+00	2.454900e+00	9.696633e-10	-9.759559e-16	4.550300e-01
0	161	R2	2.590500e+00	2.590500e+00	1.043688e-09	-4.339775e-15	1.023300e-01
0	167	R2	2.793500e+00	2.793500e+00	1.156143e-09	-1.005034e-14	8.837300e-02
0	184	R2	2.454700e+00	2.454700e+00	9.695547e-10	0.000000e+00	3.406800e-02
0	185	R2	2.384400e+00	2.384400e+00	9.314554e-10	0.000000e+00	2.733000e-02
0	186	R2	2.841500e+00	2.841500e+00	1.183070e-09	0.000000e+00	3.094300e-02
0	188	R2	2.687600e+00	2.687600e+00	1.097207e-09	-2.295035e-14	1.935000e-02
0	190	R2	2.416100e+00	2.416100e+00	9.486145e-10	0.000000e+00	1.684400e-02
0	191	R2	2.534600e+00	2.534600e+00	1.013078e-09	-2.559002e-14	1.735400e-02
0	195	R2	2.423700e+00	2.423700e+00	9.527333e-10	0.000000e+00	1.658300e-02
0	197	R2	2.777300e+00	2.777300e+00	1.147086e-09	5.026420e-15	8.835100e-02
0	198	R2	2.756600e+00	2.756600e+00	1.135536e-09	-1.423363e-14	3.120000e-02
0	199	R2	2.916200e+00	2.916200e+00	1.225259e-09	2.354911e-14	1.885800e-02
0	231	R2	2.573500e+00	2.573500e+00	1.034364e-09	5.103007e-14	1.740500e-02
0	232	R2	2.863600e+00	2.863600e+00	1.195515e-09	0.000000e+00	2.233800e-02
0	233	R2	2.622400e+00	2.622400e+00	1.061219e-09	-1.212034e-14	3.664000e-02
0	234	R2	2.945700e+00	2.945700e+00	1.242020e-09	0.000000e+00	3.168800e-02
0	243	R2	3.180800e+00	3.180800e+00	1.377783e-09	1.219021e-14	7.286000e-02
0	244	R2	2.778700e+00	2.778700e+00	1.147869e-09	1.373741e-15	3.232700e-01
0	249	R2	3.349500e+00	3.349500e+00	1.477817e-09	-1.569109e-15	2.830200e-01
0	250	R2	2.455200e+00	2.455200e+00	9.698263e-10	-4.372678e-15	1.015600e-01
0	251	R2	1.115920e+01	1.115920e+01	7.500988e-09	-4.747967e-15	3.741300e-01
0	252	R2	6.315000e+00	6.315000e+00	3.620641e-09	9.781701e-15	9.080000e-02
0	255	R2	2.561800e+00	2.561800e+00	1.027955e-09	0.000000e+00	6.328700e-02
0	256	R2	2.454200e+00	2.454200e+00	9.692831e-10	0.000000e+00	1.081300e-01
0	257	R2	2.795800e+00	2.795800e+00	1.157430e-09	1.530550e-14	2.901500e-02
0	258	R2	2.838600e+00	2.838600e+00	1.181439e-09	3.881051e-14	2.288500e-02
0	260	R2	2.986700e+00	2.986700e+00	1.265411e-09	2.185156e-14	2.032300e-02
0	261	R2	3.421700e+00	3.421700e+00	1.521350e-09	0.000000e+00	9.743100e-02
0	265	R2	2.927500e+00	2.927500e+00	1.231672e-09	-8.438269e-15	5.262800e-02
0	266	R2	3.099200e+00	3.099200e+00	1.330203e-09	1.540105e-14	2.883500e-02
0	272	R2	1.643120e+01	1.643120e+01	1.154102e-08	0.000000e+00	1.878200e-01
0	289	R2	3.547200e+00	3.547200e+00	1.598096e-09	9.167442e-15	4.844200e-02
0	292	R2	2.776900e+00	2.776900e+00	1.146863e-09	-2.007909e-14	2.211700e-02
0	295	R2	3.406500e+00	3.406500e+00	1.512148e-09	0.000000e+00	1.838900e-01
0	300	R2	3.789600e+00	3.789600e+00	1.750360e-09	-2.086297e-14	4.257200e-02
0	302	R2	4.693800e+00	4.693800e+00	2.366924e-09	-1.701459e-14	5.220100e-02
0	304	R2	7.766200e+00	7.766200e+00	4.798257e-09	-1.230079e-15	1.444100e+00
0	307	R2	2.191730e+01	2.191730e+01	1.564948e-08	-7.441485e-15	4.774200e-01
0	308	R2	2.556450e+01	2.556450e+01	1.835563e-08	3.960397e-15	8.970600e-01
0	309	R2	2.681270e+01	2.681270e+01	1.927889e-08	0.000000e+00	1.855700e+00
0	310	R2	2.619990e+01	2.619990e+01	1.882577e-08	0.000000e+00	1.279500e+00
0	311	R2	3.399670e+01	3.399670e+01	2.457410e-08	4.975093e-15	1.428200e+00
0	312	R2	2.410830e+01	2.410830e+01	1.727683e-08	9.115950e-15	7.794500e-01
0	313	R2	1.907090e+01	1.907090e+01	1.352538e-08	-8.598673e-15	4.131700e-01
0	316	R2	2.649470e+01	2.649470e+01	1.904379e-08	-3.536094e-15	1.004700e+00
0	317	R2	2.249890e+01	2.249890e+01	1.608202e-08	-4.860938e-15	7.308700e-01
0	319	R2	2.148370e+01	2.148370e+01	1.532672e-08	0.000000e+00	5.908900e-01
0	320	R2	2.427860e+01	2.427860e+01	1.740310e-08	0.000000e+00	7.791600e-01
0	321	R2	2.982650e+01	2.982650e+01	2.150363e-08	-9.005611e-15	1.183500e+00
0	322	R2	2.749040e+01	2.749040e+01	1.977967e-08	0.000000e+00	9.591300e-01
0	327	R2	2.348520e+01	2.348520e+01	1.681458e-08	0.000000e+00	6.702400e-01
0	329	R2	2.440700e+01	2.440700e+01	1.749828e-08	-1.433702e-15	2.478000e+00
0	331	R2	2.225420e+01	2.225420e+01	1.590009e-08	5.335527e-15	6.658600e-01
0	333	R2	2.435860e+01	2.435860e+01	1.746240e-08	-5.287563e-15	6.719000e-01
0	334	R2	2.573030e+01	2.573030e+01	1.847834e-08	0.000000e+00	9.771200e-01
0	335	R2	2.488320e+01	2.488320e+01	1.785115e-08	-1.255332e-14	5.660200e-01
0	337	R2	2.463100e+01	2.463100e+01	1.766429e-08	-1.039048e-14	3.419200e-01
0	338	R2	2.154200e+01	2.154200e+01	1.537014e-08	-1.315333e-14	2.701000e-01
0	339	R2	2.144380e+01	2.144380e+01	1.529701e-08	-9.594927e-15	3.702700e-01
0	341	R2	2.251950e+01	2.251950e+01	1.609733e-08	-7.564437e-15	4.696600e-01
0	343	R2	2.185370e+01	2.185370e+01	1.560216e-08	2.877623e-15	1.234600e+00
0	347	R2	2.412210e+01	2.412210e+01	1.728706e-08	-6.077274e-15	5.845900e-01
0	348	R2	2.583080e+01	2.583080e+01	1.855271e-08	0.000000e+00	7.098000e-01
0	349	R2	2.349230e+01	2.349230e+01	1.681985e-08	0.000000e+00	1.136600e+00
0	350	R2	1.918200e+01	1.918200e+01	1.360855e-08	5.045752e-15	7.041000e-01
0	356	R2	2.430200e+01	2.430200e+01	1.742044e-08	0.000000e+00	4.853600e-01
0	357	R2	2.580690e+01	2.580690e+01	1.853503e-08	0.000000e+00	6.381200e-01
0	358	R2	2.594440e+01	2.594440e+01	1.863676e-08	0.000000e+00	9.015200e-01
0	360	R2	2.872330e+01	2.872330e+01	2.068992e-08	-7.249992e-15	9.800600e-01
0	361	R2	3.017230e+01	3.017230e+01	2.175855e-08	0.000000e+00	1.162800e+00
0	362	R2	2.866870e+01	2.866870e+01	2.064963e-08	0.000000e+00	8.063100e-01
0	364	R2	2.444830e+01	2.444830e+01	1.752889e-08	3.923699e-15	9.054500e-01
0	366	R2	2.675530e+01	2.675530e+01	1.923646e-08	4.086914e-15	8.692900e-01
0	367	R2	2.411820e+01	2.411820e+01	1.728417e-08	1.066049e-14	6.665200e-01
0	369	R2	1.934310e+01	1.934310e+01	1.372911e-08	-9.263196e-15	3.835300e-01
0	370	R2	2.425190e+01	2.425190e+01	1.738330e-08	-5.814874e-15	6.109700e-01
0	371	R2	2.311800e+01	2.311800e+01	1.654198e-08	-1.088454e-14	6.528000e-01
0	372	R2	2.683650e+01	2.683650e+01	1.929648e-08	0.000000e+00	7.026600e-01
0	373	R2	2.659070e+01	2.659070e+01	1.911477e-08	0.000000e+00	1.109100e+00
0	375	R2	2.861320e+01	2.861320e+01	2.060867e-08	2.467848e-15	1.439600e+00
0	376	R2	2.810560e+01	2.810560e+01	2.023399e-08	2.251688e-15	1.577800e+00
0	378	R2	2.669150e+01	2.669150e+01	1.918929e-08	0.000000e+00	1.232500e+00
0	379	R2	2.571670e+01	2.571670e+01	1.846828e-08	-2.845358e-15	1.248600e+00
0	380	R2	2.875940e+01	2.875940e+01	2.071656e-08	0.000000e+00	1.871300e+00
0	382	R2	2.741830e+01	2.741830e+01	1.972641e-08	2.206243e-15	1.610300e+00
0	383	R2	3.041080e+01	3.041080e+01	2.193433e-08	0.000000e+00	1.995800e+00
0	386	R2	2.730370e+01	2.730370e+01	1.964174e-08	0.000000e+00	1.204400e+00
0	390	R2	3.703350e+01	3.703350e+01	2.680588e-08	1.754340e-15	4.050200e+00
0	393	R2	2.343790e+01	2.343790e+01	1.677948e-08	8.079123e-15	8.794800e-01
0	394	R2	2.891470e+01	2.891470e+01	2.083114e-08	-1.824150e-15	1.947600e+00
0	395	R2	2.583840e+01	2.583840e+01	1.855833e-08	-4.207133e-15	8.444500e-01
0	396	R2	3.254290e+01	3.254290e+01	2.350455e-08	0.000000e+00	4.681600e+00
0	397	R2	3.156180e+01	3.156180e+01	2.278226e-08	2.256694e-15	1.574300e+00
0	398	R2	2.952810e+01	2.952810e+01	2.128360e-08	-1.303652e-15	2.725200e+00
0	399	R2	2.371980e+01	2.371980e+01	1.698867e-08	0.000000e+00	8.731300e-01
0	402	R2	3.154890e+01	3.154890e+01	2.277276e-08	-1.093345e-15	3.249400e+00
0	404	R2	3.147570e+01	3.147570e+01	2.271885e-08	1.946372e-15	5.475900e+00
0	408	R2	3.201360e+01	3.201360e+01	2.311493e-08	1.963747e-15	3.618300e+00
0	410	R2	2.431880e+01	2.431880e+01	1.743290e-08	1.192146e-15	2.980100e+00
0	411	R2	2.859790e+01	2.859790e+01	2.059738e-08	0.000000e+00	3.592000e+00
0	412	R2	2.600020e+01	2.600020e+01	1.867805e-08	0.000000e+00	8.201100e-01
0	417	R2	5.217900e+00	5.217900e+00	2.756410e-09	0.000000e+00	6.421500e-02


1	6	NOE	-3.658000e-01	-3.658000e-01	8.235742e-10	2.801707e-14	1.188800e-02
1	12	NOE	5.135000e-01	5.135000e-01	1.783132e-09	-3.326212e-15	3.337800e-02
1	14	NOE	-2.027000e-01	-2.027000e-01	9.066523e-10	1.111112e-14	4.996000e-02
1	15	NOE	-4.148000e-01	-4.148000e-01	8.015024e-10	-5.530967e-15	7.025500e-02
1	20	NOE	8.551000e-01	8.344307e-01	1.932984e-05	3.349431e-01	6.171000e-02
1	22	NOE	8.032000e-01	8.032000e-01	5.902220e-09	0.000000e+00	3.089600e-02
1	25	NOE	8.521000e-01	8.344307e-01	2.353317e-05	4.312225e-01	4.097500e-02
1	26	NOE	8.720000e-01	8.344307e-01	1.904269e-05	8.791235e-01	4.273500e-02
1	27	NOE	8.220000e-01	8.220000e-01	9.374124e-09	0.000000e+00	3.802600e-02
1	28	NOE	8.484000e-01	8.344307e-01	1.720987e-05	4.211312e-01	3.317100e-02
1	29	NOE	8.198000e-01	8.198000e-01	8.638613e-09	2.259490e-15	4.913600e-02
1	30	NOE	7.749000e-01	7.749000e-01	4.262028e-09	-3.268438e-15	3.396800e-02
1	32	NOE	8.539000e-01	8.344307e-01	3.925422e-05	5.713505e-01	3.407600e-02
1	33	NOE	7.720000e-01	7.720000e-01	4.160563e-09	0.000000e+00	3.657000e-02
1	35	NOE	8.810000e-01	8.344307e-01	2.180731e-05	1.160317e+00	4.013500e-02
1	36	NOE	8.346000e-01	8.344307e-01	2.913287e-05	3.529385e-03	4.798000e-02
1	37	NOE	8.099000e-01	8.099000e-01	6.664422e-09	0.000000e+00	2.661500e-02
1	38	NOE	8.690000e-01	8.344307e-01	2.821720e-05	1.732625e+00	1.995200e-02
1	40	NOE	8.110000e-01	8.110000e-01	6.819867e-09	-2.155119e-08	3.224000e-02
1	42	NOE	8.006000e-01	8.006000e-01	5.669306e-09	0.000000e+00	2.588800e-02
1	44	NOE	8.046000e-01	8.046000e-01	6.040037e-09	4.534854e-15	2.448200e-02
1	45	NOE	7.263000e-01	7.263000e-01	3.145770e-09	2.396079e-15	4.633500e-02
1	46	NOE	6.676000e-01	6.676000e-01	2.516341e-09	0.000000e+00	4.060400e-02
1	48	NOE	6.688000e-01	6.688000e-01	2.525774e-09	0.000000e+00	3.484100e-02
1	50	NOE	7.442000e-01	7.442000e-01	3.450396e-09	0.000000e+00	2.476200e-02
1	51	NOE	7.272000e-01	7.272000e-01	3.159253e-09	0.000000e+00	2.804500e-02
1	55	NOE	8.278000e-01	8.278000e-01	1.284303e-08	2.208959e-15	5.026000e-02
1	56	NOE	6.692000e-01	6.692000e-01	2.528941e-09	-2.902468e-15	3.825100e-02
1	57	NOE	7.200000e-01	7.200000e-01	3.055851e-09	0.000000e+00	3.877200e-02
1	59	NOE	7.206000e-01	7.206000e-01	3.064094e-09	3.912267e-15	2.837800e-02
1	60	NOE	6.993000e-01	6.993000e-01	2.805717e-09	-3.556355e-15	3.121800e-02
1	63	NOE	8.356000e-01	8.344307e-01	2.312862e-05	5.260192e-02	2.223000e-02
1	64	NOE	8.911000e-01	8.344307e-01	1.549710e-05	1.851697e+00	3.060400e-02
1	65	NOE	8.289000e-01	8.289000e-01	1.406398e-08	0.000000e+00	4.707500e-02
1	67	NOE	8.572000e-01	8.344307e-01	2.202038e-05	7.104762e-01	3.204800e-02
1	69	NOE	8.601000e-01	8.344307e-01	1.689562e-05	7.014440e-01	3.659500e-02
1	70	NOE	8.689000e-01	8.344307e-01	4.033895e-05	6.896213e-01	4.998300e-02
1	71	NOE	8.480000e-01	8.344307e-01	1.922521e-05	3.436755e-01	3.948300e-02
1	72	NOE	7.072000e-01	7.072000e-01	2.894013e-09	3.138085e-15	3.537900e-02
1	75	NOE	8.254000e-01	8.254000e-01	1.100209e-08	0.000000e+00	4.069900e-02
1	76	NOE	7.787000e-01	7.787000e-01	4.406738e-09	0.000000e+00	2.994400e-02
1	77	NOE	7.434000e-01	7.434000e-01	3.434903e-09	0.000000e+00	4.600100e-02
1	78	NOE	7.625000e-01	7.625000e-01	3.872121e-09	0.000000e+00	7.064800e-02
1	79	NOE	8.142000e-01	8.142000e-01	7.341951e-09	0.000000e+00	5.863100e-02
1	82	NOE	9.204000e-01	8.344307e-01	2.329151e-05	1.852229e+00	4.641400e-02
1	84	NOE	7.410000e-01	7.410000e-01	3.389616e-09	-4.125383e-15	2.691200e-02
1	85	NOE	8.769000e-01	8.344307e-01	1.260082e-05	1.433322e+00	2.963000e-02
1	87	NOE	8.714000e-01	8.344307e-01	2.989168e-05	1.159641e+00	3.188000e-02
1	88	NOE	8.001000e-01	8.001000e-01	5.627568e-09	3.420070e-15	3.246200e-02
1	89	NOE	8.430000e-01	8.344307e-01	2.225231e-05	2.724924e-01	3.144800e-02
1	90	NOE	8.481000e-01	8.344307e-01	2.576463e-05	4.153931e-01	3.290700e-02
1	91	NOE	7.877000e-01	7.877000e-01	4.817076e-09	-2.869312e-15	3.869300e-02
1	92	NOE	8.584000e-01	8.344307e-01	2.713280e-05	8.017038e-01	2.989800e-02
1	94	NOE	7.739000e-01	7.739000e-01	4.226221e-09	0.000000e+00	2.890600e-02
1	95	NOE	7.687000e-01	7.687000e-01	4.053335e-09	3.358105e-15	3.306100e-02
1	97	NOE	8.070000e-01	8.070000e-01	6.300345e-09	-3.801743e-15	2.920300e-02
1	100	NOE	6.641000e-01	6.641000e-01	2.489391e-09	5.966695e-15	1.860700e-02
1	102	NOE	7.809000e-01	7.809000e-01	4.497444e-09	0.000000e+00	2.022500e-02
1	103	NOE	7.873000e-01	7.873000e-01	4.796385e-09	0.000000e+00	2.277000e-02
1	104	NOE	9.107000e-01	8.344307e-01	4.770124e-05	1.808916e+00	4.216300e-02
1	105	NOE	8.051000e-01	8.051000e-01	6.091627e-09	0.000000e+00	3.122400e-02
1	108	NOE	8.410000e-01	8.344307e-01	2.322976e-05	2.056969e-01	3.193700e-02
1	109	NOE	8.907000e-01	8.344307e-01	2.851097e-05	2.054300e+00	2.739100e-02
1	110	NOE	8.426000e-01	8.344307e-01	1.572716e-05	2.310335e-01	3.536000e-02
1	111	NOE	7.810000e-01	7.810000e-01	4.501699e-09	4.098579e-15	2.708800e-02
1	113	NOE	8.433000e-01	8.344307e-01	2.889492e-05	2.681341e-01	3.307800e-02
1	114	NOE	8.628000e-01	8.344307e-01	2.387762e-05	8.318723e-01	3.410300e-02
1	116	NOE	8.395000e-01	8.344307e-01	2.171913e-05	1.781780e-01	2.845100e-02
1	118	NOE	7.680000e-01	7.680000e-01	4.031619e-09	0.000000e+00	3.362600e-02
1	119	NOE	7.985000e-01	7.985000e-01	5.499901e-09	7.876715e-15	2.819000e-02
1	121	NOE	7.698000e-01	7.698000e-01	4.088168e-09	0.000000e+00	3.000900e-02
1	132	NOE	2.007000e-01	2.007000e-01	1.222603e-09	-4.356977e-15	5.096300e-02
1	145	NOE	-8.111000e-01	-8.111000e-01	6.561904e-10	3.585330e-15	2.167600e-01
1	146	NOE	-7.396000e-01	-7.396000e-01	6.789334e-10	5.289421e-15	8.395800e-02
1	149	NOE	-5.708000e-01	-5.708000e-01	7.381233e-10	1.422785e-14	4.681900e-02
1	151	NOE	-2.811000e-01	-2.811000e-01	8.646890e-10	4.146823e-14	1.874100e-02
1	153	NOE	-4.967000e-01	-4.967000e-01	7.670295e-10	2.745941e-14	1.415100e-02
1	155	NOE	-6.222000e-01	-6.222000e-01	7.191917e-10	1.346753e-15	8.243700e-02
1	156	NOE	-4.118000e-01	-4.118000e-01	8.028208e-10	1.013297e-14	6.026100e-02
1	158	NOE	-6.020000e-01	-6.020000e-01	7.265292e-10	4.293040e-15	7.758300e-02
1	159	NOE	-6.992000e-01	-6.992000e-01	6.923526e-10	-3.943113e-15	5.631200e-02
1	160	NOE	-6.911000e-01	-6.911000e-01	6.950959e-10	3.772419e-15	1.177200e-01
1	161	NOE	-6.543000e-01	-6.543000e-01	7.077918e-10	6.172707e-15	5.395800e-02
1	167	NOE	-7.581000e-01	-7.581000e-01	6.729294e-10	-1.292410e-14	5.154200e-02
1	184	NOE	-4.787000e-01	-4.787000e-01	7.743653e-10	1.493641e-14	2.229900e-02
1	185	NOE	-3.380000e-01	-3.380000e-01	8.366324e-10	3.476835e-15	1.596600e-02
1	186	NOE	-3.109000e-01	-3.109000e-01	8.497633e-10	2.549558e-14	1.524100e-02
1	188	NOE	-4.092000e-01	-4.092000e-01	8.039668e-10	-1.972853e-14	1.125500e-02
1	190	NOE	-5.330000e-01	-5.330000e-01	7.526177e-10	1.016409e-14	1.092300e-02
1	191	NOE	-2.957000e-01	-2.957000e-01	8.573108e-10	2.736696e-14	1.014200e-02
1	195	NOE	-4.042000e-01	-4.042000e-01	8.061795e-10	5.047845e-14	1.099700e-02
1	197	NOE	-4.694000e-01	-4.694000e-01	7.782067e-10	6.798172e-15	4.082800e-02
1	198	NOE	-3.857000e-01	-3.857000e-01	8.144698e-10	1.001524e-14	1.662800e-02
1	199	NOE	-5.084000e-01	-5.084000e-01	7.623296e-10	-3.920279e-14	1.132800e-02
1	231	NOE	-4.989000e-01	-4.989000e-01	7.661417e-10	-6.492532e-14	1.197000e-02
1	232	NOE	-5.543000e-01	-5.543000e-01	7.443881e-10	-1.588416e-14	1.397900e-02
1	233	NOE	-6.246000e-01	-6.246000e-01	7.183285e-10	1.038222e-14	2.138700e-02
1	234	NOE	-4.573000e-01	-4.573000e-01	7.832583e-10	-2.379389e-14	1.633100e-02
1	243	NOE	-3.088000e-01	-3.088000e-01	8.507981e-10	1.201206e-14	3.234900e-02
1	244	NOE	-3.381000e-01	-3.381000e-01	8.365847e-10	6.361508e-16	8.726100e-02
1	249	NOE	-4.322000e-01	-4.322000e-01	7.939364e-10	1.733009e-15	9.609500e-02
1	250	NOE	-5.897000e-01	-5.897000e-01	7.310614e-10	-1.019245e-14	5.446300e-02
1	251	NOE	5.414000e-01	5.414000e-01	1.872035e-09	-2.532616e-15	4.383700e-02
1	252	NOE	3.383000e-01	3.383000e-01	1.405076e-09	8.815492e-15	1.889100e-02
1	255	NOE	-4.393000e-01	-4.393000e-01	7.908881e-10	-7.553308e-15	2.939700e-02
1	256	NOE	-3.764000e-01	-3.764000e-01	8.187000e-10	1.044927e-14	4.781200e-02
1	257	NOE	-2.411000e-01	-2.411000e-01	8.855844e-10	-5.501789e-14	1.463000e-02
1	258	NOE	-3.484000e-01	-3.484000e-01	8.316997e-10	-1.365476e-14	1.219600e-02
1	260	NOE	-1.290000e-01	-1.290000e-01	9.502131e-10	2.114106e-14	1.050300e-02
1	261	NOE	-2.698000e-01	-2.698000e-01	8.704889e-10	-9.890502e-15	3.928800e-02
1	265	NOE	-3.559000e-01	-3.559000e-01	8.281781e-10	-1.234313e-14	2.698400e-02
1	266	NOE	-2.516000e-01	-2.516000e-01	8.799995e-10	3.701731e-15	1.499600e-02
1	272	NOE	6.878000e-01	6.878000e-01	2.690052e-09	9.533494e-15	2.329100e-02
1	289	NOE	-2.034000e-01	-2.034000e-01	9.062589e-10	-3.015485e-14	2.117000e-02
1	292	NOE	-3.982000e-01	-3.982000e-01	8.088503e-10	8.021843e-15	1.384000e-02
1	295	NOE	-2.567000e-01	-2.567000e-01	8.773130e-10	6.560826e-15	5.922700e-02
1	300	NOE	-1.486000e-01	-1.486000e-01	9.381960e-10	1.632489e-14	1.700200e-02
1	302	NOE	-6.950000e-02	-6.950000e-02	9.888453e-10	6.376195e-15	1.741200e-02
1	304	NOE	2.411000e-01	2.411000e-01	1.269836e-09	9.630665e-16	1.441000e-01
1	307	NOE	5.341000e-01	5.341000e-01	1.847609e-09	0.000000e+00	3.579700e-02
1	308	NOE	7.221000e-01	7.221000e-01	3.084989e-09	0.000000e+00	5.368100e-02
1	309	NOE	6.721000e-01	6.721000e-01	2.552247e-09	0.000000e+00	9.122400e-02
1	310	NOE	9.219000e-01	8.344307e-01	4.292832e-05	1.065179e+00	8.211700e-02
1	311	NOE	8.191000e-01	8.191000e-01	8.438459e-09	0.000000e+00	5.743500e-02
1	312	NOE	8.016000e-01	8.016000e-01	5.755616e-09	0.000000e+00	4.550800e-02
1	313	NOE	6.644000e-01	6.644000e-01	2.491669e-09	0.000000e+00	3.129400e-02
1	316	NOE	9.121000e-01	8.344307e-01	1.844666e-05	1.491576e+00	5.207200e-02
1	317	NOE	7.466000e-01	7.466000e-01	3.498130e-09	-2.515288e-15	4.413900e-02
1	319	NOE	6.467000e-01	6.467000e-01	2.366660e-09	-1.667356e-07	3.221400e-02
1	320	NOE	8.497000e-01	8.344307e-01	3.110656e-05	3.235578e-01	4.719200e-02
1	321	NOE	8.497000e-01	8.344307e-01	3.110656e-05	3.155279e-01	4.839300e-02
1	322	NOE	7.740000e-01	7.740000e-01	4.229762e-09	2.474862e-15	4.486000e-02
1	327	NOE	7.594000e-01	7.594000e-01	3.790017e-09	0.000000e+00	4.146200e-02
1	329	NOE	8.966000e-01	8.344307e-01	1.874005e-05	5.107150e-01	1.217300e-01
1	331	NOE	8.277000e-01	8.277000e-01	1.274713e-08	0.000000e+00	4.304700e-02
1	333	NOE	7.717000e-01	7.717000e-01	4.150468e-09	-2.870722e-15	3.867400e-02
1	334	NOE	8.176000e-01	8.176000e-01	8.052366e-09	2.444779e-15	4.541200e-02
1	335	NOE	7.556000e-01	7.556000e-01	3.696022e-09	0.000000e+00	3.131000e-02
1	337	NOE	7.710000e-01	7.710000e-01	4.127191e-09	4.353304e-15	2.550300e-02
1	338	NOE	6.251000e-01	6.251000e-01	2.235859e-09	-1.028175e-14	2.159600e-02
1	339	NOE	6.035000e-01	6.035000e-01	2.123597e-09	0.000000e+00	2.965800e-02
1	341	NOE	6.581000e-01	6.581000e-01	2.445050e-09	3.316574e-15	3.347500e-02
1	343	NOE	5.597000e-01	5.597000e-01	1.937395e-09	-1.584155e-15	7.008300e-02
1	347	NOE	7.610000e-01	7.610000e-01	3.831748e-09	0.000000e+00	3.840800e-02
1	348	NOE	8.699000e-01	8.344307e-01	2.650816e-05	7.298368e-01	4.859900e-02
1	349	NOE	7.141000e-01	7.141000e-01	2.978075e-09	0.000000e+00	6.527300e-02
1	350	NOE	6.461000e-01	6.461000e-01	2.362730e-09	-2.194681e-15	5.058700e-02
1	356	NOE	8.649000e-01	8.344307e-01	2.287688e-05	9.372586e-01	3.250900e-02
1	357	NOE	8.042000e-01	8.042000e-01	5.999687e-09	0.000000e+00	3.314500e-02
1	358	NOE	7.685000e-01	7.685000e-01	4.047096e-09	0.000000e+00	4.499600e-02
1	360	NOE	8.361000e-01	8.344307e-01	2.507396e-05	3.623723e-02	4.606700e-02
1	361	NOE	8.982000e-01	8.344307e-01	2.912422e-05	1.459052e+00	4.370600e-02
1	362	NOE	8.402000e-01	8.344307e-01	2.593805e-05	1.461073e-01	3.948700e-02
1	364	NOE	8.137000e-01	8.137000e-01	7.252484e-09	0.000000e+00	4.437900e-02
1	366	NOE	8.722000e-01	8.344307e-01	1.807554e-05	9.655480e-01	3.911700e-02
1	367	NOE	7.818000e-01	7.818000e-01	4.536174e-09	0.000000e+00	3.339900e-02
1	369	NOE	7.236000e-01	7.236000e-01	3.106302e-09	0.000000e+00	2.960500e-02
1	370	NOE	7.858000e-01	7.858000e-01	4.721073e-09	-4.405704e-08	3.255600e-02
1	371	NOE	7.937000e-01	7.937000e-01	5.163014e-09	0.000000e+00	3.764400e-02
1	372	NOE	7.923000e-01	7.923000e-01	5.075744e-09	0.000000e+00	3.596600e-02
1	373	NOE	8.346000e-01	8.344307e-01	2.913287e-05	3.293077e-03	5.142300e-02
1	375	NOE	8.386000e-01	8.344307e-01	3.508367e-05	8.655110e-02	4.817200e-02
1	376	NOE	8.017000e-01	8.017000e-01	5.764463e-09	-2.034866e-15	5.456000e-02
1	378	NOE	8.317000e-01	8.317000e-01	2.002130e-08	0.000000e+00	4.507100e-02
1	379	NOE	8.140000e-01	8.140000e-01	7.305771e-09	0.000000e+00	4.278500e-02
1	380	NOE	8.463000e-01	8.344307e-01	2.498448e-05	1.734320e-01	6.843800e-02
1	382	NOE	8.151000e-01	8.151000e-01	7.511642e-09	0.000000e+00	5.485700e-02
1	383	NOE	8.571000e-01	8.344307e-01	2.109282e-05	3.240561e-01	6.995500e-02
1	386	NOE	8.588000e-01	8.344307e-01	3.284597e-05	4.529701e-01	5.379900e-02
1	390	NOE	9.528000e-01	8.344307e-01	2.664146e-05	9.369110e-01	1.263400e-01
1	393	NOE	8.931000e-01	8.344307e-01	2.182901e-05	1.081881e+00	5.422900e-02
1	394	NOE	9.474000e-01	8.344307e-01	4.035533e-05	1.399677e+00	8.071100e-02
1	395	NOE	7.710000e-01	7.710000e-01	4.127191e-09	2.412951e-15	4.601100e-02
1	396	NOE	7.863000e-01	7.863000e-01	4.745787e-09	0.000000e+00	1.471600e-01
1	397	NOE	8.121000e-01	8.121000e-01	6.986640e-09	-1.220848e-08	5.425300e-02
1	398	NOE	6.543000e-01	6.543000e-01	2.418106e-09	-1.325497e-15	8.375900e-02
1	399	NOE	8.986000e-01	8.344307e-01	1.778758e-05	1.164873e+00	5.508700e-02
1	402	NOE	7.336000e-01	7.336000e-01	3.260243e-09	-2.907680e-08	1.011300e-01
1	404	NOE	9.567000e-01	8.344307e-01	2.186196e-05	8.809665e-01	1.387900e-01
1	408	NOE	9.827000e-01	8.344307e-01	4.562834e-05	1.326083e+00	1.118100e-01
1	410	NOE	6.229000e-01	6.229000e-01	2.223656e-09	1.345301e-15	8.252600e-02
1	411	NOE	6.177000e-01	6.177000e-01	2.195545e-09	-1.489153e-15	7.455400e-02
1	412	NOE	7.917000e-01	7.917000e-01	5.039658e-09	0.000000e+00	4.141200e-02
1	417	NOE	9.160000e-02	9.160000e-02	1.113910e-09	-5.546924e-15	2.251700e-02


2	6	R1	1.326800e+00	1.326800e+00	4.183687e-10	-3.134585e-14	7.083700e-03
2	12	R1	1.098600e+00	1.098600e+00	1.256393e-08	0.000000e+00	2.257900e-02
2	14	R1	1.278600e+00	1.278600e+00	3.867648e-10	0.000000e+00	5.944100e-02
2	15	R1	1.571200e+00	1.571200e+00	5.931026e-10	2.920948e-15	7.601800e-02
2	20	R1	1.004700e+00	1.004700e+00	1.383699e-08	5.225440e-15	4.249300e-02
2	22	R1	1.077700e+00	1.077700e+00	1.282892e-08	0.000000e+00	2.321000e-02
2	25	R1	9.704400e-01	9.704400e-01	1.436020e-08	-1.062889e-14	3.133600e-02
2	26	R1	1.030900e+00	1.030900e+00	1.345946e-08	-5.803874e-15	3.825800e-02
2	27	R1	9.599500e-01	9.599500e-01	1.452759e-08	3.921664e-15	2.831000e-02
2	28	R1	9.422000e-01	9.422000e-01	1.481903e-08	-1.494780e-14	2.228200e-02
2	29	R1	9.141800e-01	9.141800e-01	1.530133e-08	-6.449723e-15	3.442700e-02
2	30	R1	1.042700e+00	1.042700e+00	1.329537e-08	-9.863827e-15	2.251100e-02
2	32	R1	9.408600e-01	9.408600e-01	1.484146e-08	0.000000e+00	2.124200e-02
2	33	R1	9.954300e-01	9.954300e-01	1.397514e-08	0.000000e+00	2.468600e-02
2	35	R1	1.035900e+00	1.035900e+00	1.338949e-08	0.000000e+00	2.571300e-02
2	36	R1	9.090700e-01	9.090700e-01	1.539239e-08	3.529335e-15	3.145700e-02
2	37	R1	1.073200e+00	1.073200e+00	1.288726e-08	0.000000e+00	1.882700e-02
2	38	R1	1.074700e+00	1.074700e+00	1.286776e-08	-3.374538e-14	1.316000e-02
2	40	R1	1.090200e+00	1.090200e+00	1.266927e-08	8.442761e-15	2.630000e-02
2	42	R1	1.009500e+00	1.009500e+00	1.376641e-08	0.000000e+00	1.544600e-02
2	44	R1	1.017300e+00	1.017300e+00	1.365310e-08	0.000000e+00	1.339500e-02
2	45	R1	1.123500e+00	1.123500e+00	1.226048e-08	0.000000e+00	2.864100e-02
2	46	R1	9.447800e-01	9.447800e-01	1.477601e-08	-9.738798e-15	2.280000e-02
2	48	R1	9.230000e-01	9.230000e-01	1.514646e-08	5.116943e-15	2.169700e-02
2	50	R1	1.017900e+00	1.017900e+00	1.364445e-08	1.393177e-14	1.593800e-02
2	51	R1	9.230200e-01	9.230200e-01	1.514611e-08	6.248090e-15	1.776900e-02
2	55	R1	1.030600e+00	1.030600e+00	1.346367e-08	-6.422300e-15	3.457400e-02
2	56	R1	1.041100e+00	1.041100e+00	1.331741e-08	0.000000e+00	3.116000e-02
2	57	R1	1.071900e+00	1.071900e+00	1.290421e-08	7.258257e-15	3.059200e-02
2	59	R1	9.912400e-01	9.912400e-01	1.403839e-08	0.000000e+00	1.587700e-02
2	60	R1	9.754600e-01	9.754600e-01	1.428132e-08	1.182724e-14	1.877400e-02
2	63	R1	9.470000e-01	9.470000e-01	1.473917e-08	8.928211e-15	1.243500e-02
2	64	R1	9.410800e-01	9.410800e-01	1.483777e-08	-5.584061e-15	1.988200e-02
2	65	R1	9.592300e-01	9.592300e-01	1.453921e-08	-3.522616e-15	3.151700e-02
2	67	R1	9.113500e-01	9.113500e-01	1.535164e-08	-1.046294e-14	2.122200e-02
2	69	R1	9.045400e-01	9.045400e-01	1.547395e-08	1.292661e-14	2.576600e-02
2	70	R1	9.640000e-01	9.640000e-01	1.446255e-08	-6.013721e-15	3.692300e-02
2	71	R1	9.283800e-01	9.283800e-01	1.505339e-08	0.000000e+00	2.767600e-02
2	72	R1	9.394700e-01	9.394700e-01	1.486479e-08	-3.864603e-15	2.872800e-02
2	75	R1	1.043900e+00	1.043900e+00	1.327888e-08	0.000000e+00	2.824300e-02
2	76	R1	1.103400e+00	1.103400e+00	1.250442e-08	-1.057154e-14	2.100400e-02
2	77	R1	9.386200e-01	9.386200e-01	1.487909e-08	-3.583561e-15	3.098100e-02
2	78	R1	1.077300e+00	1.077300e+00	1.283409e-08	3.571399e-15	6.217300e-02
2	79	R1	9.616800e-01	9.616800e-01	1.449974e-08	3.290427e-15	3.374100e-02
2	82	R1	9.430300e-01	9.430300e-01	1.480516e-08	0.000000e+00	3.414200e-02
2	84	R1	9.396900e-01	9.396900e-01	1.486109e-08	-4.473819e-15	2.481600e-02
2	85	R1	9.028000e-01	9.028000e-01	1.550549e-08	1.080614e-14	2.054800e-02
2	87	R1	8.891600e-01	8.891600e-01	1.575687e-08	1.085209e-14	2.046100e-02
2	88	R1	9.296500e-01	9.296500e-01	1.503157e-08	0.000000e+00	1.999400e-02
2	89	R1	9.560500e-01	9.560500e-01	1.459073e-08	0.000000e+00	2.050900e-02
2	90	R1	9.525600e-01	9.525600e-01	1.464765e-08	5.080647e-15	2.185200e-02
2	91	R1	8.812500e-01	8.812500e-01	1.590610e-08	4.802003e-15	2.312000e-02
2	92	R1	9.818800e-01	9.818800e-01	1.418158e-08	-1.124846e-14	1.974000e-02
2	94	R1	9.101500e-01	9.101500e-01	1.537306e-08	-4.837573e-15	2.295000e-02
2	95	R1	8.928400e-01	8.928400e-01	1.568831e-08	-1.332161e-14	2.500200e-02
2	97	R1	9.471300e-01	9.471300e-01	1.473702e-08	7.011721e-07	1.892400e-02
2	100	R1	9.164400e-01	9.164400e-01	1.526137e-08	-1.999681e-14	1.110400e-02
2	102	R1	9.221400e-01	9.221400e-01	1.516143e-08	1.029128e-14	1.078800e-02
2	103	R1	9.549300e-01	9.549300e-01	1.460895e-08	8.380939e-15	1.324700e-02
2	104	R1	9.388200e-01	9.388200e-01	1.487573e-08	0.000000e+00	2.872100e-02
2	105	R1	9.978100e-01	9.978100e-01	1.393943e-08	-4.278646e-15	2.594800e-02
2	108	R1	9.031900e-01	9.031900e-01	1.549841e-08	0.000000e+00	2.308100e-02
2	109	R1	1.003100e+00	1.003100e+00	1.386066e-08	1.026369e-14	2.163400e-02
2	110	R1	9.273700e-01	9.273700e-01	1.507078e-08	-7.368085e-15	3.013600e-02
2	111	R1	9.309200e-01	9.309200e-01	1.500981e-08	4.607882e-15	2.409400e-02
2	113	R1	9.689400e-01	9.689400e-01	1.438392e-08	4.060950e-15	2.733900e-02
2	114	R1	9.461900e-01	9.461900e-01	1.475259e-08	-3.898118e-15	2.848100e-02
2	116	R1	9.749700e-01	9.749700e-01	1.428899e-08	4.942892e-15	2.246100e-02
2	118	R1	9.386500e-01	9.386500e-01	1.487859e-08	0.000000e+00	2.492700e-02
2	119	R1	9.855000e-01	9.855000e-01	1.412589e-08	0.000000e+00	2.110600e-02
2	121	R1	9.605700e-01	9.605700e-01	1.451760e-08	0.000000e+00	1.832100e-02
2	132	R1	1.196700e+00	1.196700e+00	1.143789e-08	4.884288e-15	4.546100e-02
2	145	R1	1.125300e+00	1.125300e+00	2.973961e-10	-1.567558e-15	1.416500e-01
2	146	R1	1.126400e+00	1.126400e+00	2.979681e-10	0.000000e+00	4.519000e-02
2	149	R1	1.056900e+00	1.056900e+00	2.638658e-10	0.000000e+00	3.528900e-02
2	151	R1	1.350900e+00	1.350900e+00	4.346537e-10	0.000000e+00	1.331900e-02
2	153	R1	1.235000e+00	1.235000e+00	3.594759e-10	0.000000e+00	7.410900e-03
2	155	R1	1.260900e+00	1.260900e+00	3.755258e-10	-2.623710e-15	8.463000e-02
2	156	R1	1.230500e+00	1.230500e+00	3.567377e-10	3.936542e-15	5.640600e-02
2	158	R1	1.196900e+00	1.196900e+00	3.367897e-10	-3.777618e-15	5.877900e-02
2	159	R1	1.103800e+00	1.103800e+00	2.864259e-10	-7.488352e-15	2.965200e-02
2	160	R1	9.948700e-01	9.948700e-01	2.367852e-10	1.058868e-15	1.048500e-01
2	161	R1	1.089100e+00	1.089100e+00	2.791542e-10	0.000000e+00	2.757300e-02
2	167	R1	1.086900e+00	1.086900e+00	2.780818e-10	0.000000e+00	2.508800e-02
2	184	R1	1.181000e+00	1.181000e+00	3.276673e-10	0.000000e+00	1.234800e-02
2	185	R1	1.219400e+00	1.219400e+00	3.500495e-10	2.738553e-14	8.108100e-03
2	186	R1	1.268700e+00	1.268700e+00	3.804525e-10	2.292050e-14	9.687600e-03
2	188	R1	1.378200e+00	1.378200e+00	4.534336e-10	-1.409748e-06	6.907700e-03
2	190	R1	1.353600e+00	1.353600e+00	4.364960e-10	4.086134e-14	5.434100e-03
2	191	R1	1.340700e+00	1.340700e+00	4.277256e-10	-3.902297e-14	5.690100e-03
2	195	R1	1.254200e+00	1.254200e+00	3.713276e-10	4.115519e-14	5.395300e-03
2	197	R1	1.128700e+00	1.128700e+00	2.991675e-10	0.000000e+00	2.646700e-02
2	198	R1	1.205100e+00	1.205100e+00	3.415752e-10	0.000000e+00	9.617200e-03
2	199	R1	1.316000e+00	1.316000e+00	4.111695e-10	3.873839e-14	5.731900e-03
2	231	R1	1.253400e+00	1.253400e+00	3.708284e-10	0.000000e+00	5.568100e-03
2	232	R1	1.255700e+00	1.255700e+00	3.722647e-10	0.000000e+00	6.931200e-03
2	233	R1	1.165600e+00	1.165600e+00	3.190330e-10	0.000000e+00	1.166600e-02
2	234	R1	1.113700e+00	1.113700e+00	2.914277e-10	9.531673e-07	8.942000e-03
2	243	R1	1.373900e+00	1.373900e+00	4.504539e-10	-8.144540e-15	2.726300e-02
2	244	R1	1.322000e+00	1.322000e+00	4.151612e-10	0.000000e+00	1.079100e-01
2	249	R1	1.544600e+00	1.544600e+00	5.733155e-10	0.000000e+00	1.012200e-01
2	250	R1	1.310100e+00	1.310100e+00	4.072641e-10	0.000000e+00	3.701400e-02
2	251	R1	1.040500e+00	1.040500e+00	1.332569e-08	-5.899009e-15	3.764100e-02
2	252	R1	1.052800e+00	1.052800e+00	1.315772e-08	-1.541013e-14	1.440900e-02
2	255	R1	1.199200e+00	1.199200e+00	3.381265e-10	-1.174777e-14	1.890100e-02
2	256	R1	1.217100e+00	1.217100e+00	3.486756e-10	6.440182e-15	3.447800e-02
2	257	R1	1.313900e+00	1.313900e+00	4.097772e-10	-2.351594e-14	9.442300e-03
2	258	R1	1.384400e+00	1.384400e+00	4.577432e-10	2.737945e-14	8.109900e-03
2	260	R1	1.437200e+00	1.437200e+00	4.950233e-10	0.000000e+00	6.916700e-03
2	261	R1	1.344900e+00	1.344900e+00	4.305722e-10	6.661205e-15	3.333400e-02
2	265	R1	1.155300e+00	1.155300e+00	3.133702e-10	0.000000e+00	1.729100e-02
2	266	R1	1.203400e+00	1.203400e+00	3.405786e-10	0.000000e+00	8.489100e-03
2	272	R1	1.047100e+00	1.047100e+00	1.323509e-08	3.062895e-14	1.449900e-02
2	289	R1	1.344500e+00	1.344500e+00	4.303007e-10	0.000000e+00	1.666800e-02
2	292	R1	1.316600e+00	1.316600e+00	4.115678e-10	2.868867e-14	7.739800e-03
2	295	R1	1.248400e+00	1.248400e+00	3.677191e-10	-3.703706e-15	5.995200e-02
2	300	R1	1.265900e+00	1.265900e+00	3.786791e-10	0.000000e+00	1.172300e-02
2	302	R1	1.326600e+00	1.326600e+00	1.018895e-08	-3.175922e-14	1.398300e-02
2	304	R1	1.199300e+00	1.199300e+00	1.141042e-08	8.627782e-16	2.573600e-01
2	307	R1	1.055600e+00	1.055600e+00	1.312001e-08	-8.948360e-15	2.481400e-02
2	308	R1	1.021000e+00	1.021000e+00	1.359992e-08	3.997255e-07	3.540200e-02
2	309	R1	9.352700e-01	9.352700e-01	1.493571e-08	3.497316e-15	6.349000e-02
2	310	R1	1.041100e+00	1.041100e+00	1.331741e-08	4.407483e-15	5.037900e-02
2	311	R1	9.776100e-01	9.776100e-01	1.424778e-08	2.850526e-15	3.894800e-02
2	312	R1	9.493100e-01	9.493100e-01	1.470102e-08	0.000000e+00	2.844000e-02
2	313	R1	1.100000e+00	1.100000e+00	1.254652e-08	0.000000e+00	2.258300e-02
2	316	R1	9.833200e-01	9.833200e-01	1.415938e-08	3.866904e-07	3.544300e-02
2	317	R1	9.750700e-01	9.750700e-01	1.428742e-08	-3.739762e-15	2.968700e-02
2	319	R1	8.956800e-01	8.956800e-01	1.563578e-08	8.809196e-15	2.520600e-02
2	320	R1	9.486600e-01	9.486600e-01	1.471174e-08	3.741274e-15	2.967500e-02
2	321	R1	9.391300e-01	9.391300e-01	1.487051e-08	-1.333681e-14	3.329800e-02
2	322	R1	8.171900e-01	8.171900e-01	1.721810e-08	-3.826640e-15	2.901300e-02
2	327	R1	1.014100e+00	1.014100e+00	1.369938e-08	-7.062263e-15	3.144100e-02
2	329	R1	1.139800e+00	1.139800e+00	1.206867e-08	2.002928e-15	1.108600e-01
2	331	R1	1.057700e+00	1.057700e+00	1.309185e-08	0.000000e+00	3.443400e-02
2	333	R1	1.130300e+00	1.130300e+00	1.217983e-08	6.037758e-15	3.677600e-02
2	334	R1	9.244200e-01	9.244200e-01	1.512179e-08	3.279832e-15	3.385000e-02
2	335	R1	9.634000e-01	9.634000e-01	1.447215e-08	1.033679e-14	2.148100e-02
2	337	R1	9.558100e-01	9.558100e-01	1.459463e-08	1.817356e-14	1.221800e-02
2	338	R1	1.027500e+00	1.027500e+00	1.350740e-08	-1.777068e-14	1.249500e-02
2	339	R1	8.918400e-01	8.918400e-01	1.570689e-08	0.000000e+00	1.542700e-02
2	341	R1	8.966400e-01	8.966400e-01	1.561810e-08	-6.165850e-15	1.800600e-02
2	343	R1	1.097600e+00	1.097600e+00	1.257639e-08	3.360239e-15	6.608000e-02
2	347	R1	1.024500e+00	1.024500e+00	1.354997e-08	-7.873085e-15	2.820300e-02
2	348	R1	9.416000e-01	9.416000e-01	1.482906e-08	-4.344105e-15	2.555700e-02
2	349	R1	9.209100e-01	9.209100e-01	1.518290e-08	2.534004e-15	4.381300e-02
2	350	R1	9.976300e-01	9.976300e-01	1.394213e-08	5.078091e-15	4.372600e-02
2	356	R1	9.353000e-01	9.353000e-01	1.493520e-08	-1.329688e-14	1.669900e-02
2	357	R1	9.073900e-01	9.073900e-01	1.542255e-08	0.000000e+00	2.143700e-02
2	358	R1	8.789100e-01	8.789100e-01	1.595075e-08	0.000000e+00	2.987500e-02
2	360	R1	8.956800e-01	8.956800e-01	1.563578e-08	7.474991e-15	2.970500e-02
2	361	R1	8.667000e-01	8.667000e-01	1.618752e-08	4.083666e-07	3.004900e-02
2	362	R1	8.727400e-01	8.727400e-01	1.606959e-08	1.330033e-14	2.504200e-02
2	364	R1	9.310200e-01	9.310200e-01	1.500810e-08	3.065475e-15	3.621700e-02
2	366	R1	9.097500e-01	9.097500e-01	1.538022e-08	-7.498720e-15	2.961100e-02
2	367	R1	1.026400e+00	1.026400e+00	1.352298e-08	0.000000e+00	3.036000e-02
2	369	R1	9.249500e-01	9.249500e-01	1.511260e-08	5.802054e-15	1.913500e-02
2	370	R1	8.783900e-01	8.783900e-01	1.596070e-08	1.577395e-14	2.111500e-02
2	371	R1	8.810400e-01	8.810400e-01	1.591010e-08	4.815332e-15	2.305600e-02
2	372	R1	8.632000e-01	8.632000e-01	1.625659e-08	0.000000e+00	2.080200e-02
2	373	R1	8.401700e-01	8.401700e-01	1.672504e-08	3.622379e-15	3.064900e-02
2	375	R1	8.861200e-01	8.861200e-01	1.581392e-08	-5.777296e-15	3.843400e-02
2	376	R1	8.382200e-01	8.382200e-01	1.676586e-08	-2.509092e-15	4.424800e-02
2	378	R1	8.958100e-01	8.958100e-01	1.563338e-08	0.000000e+00	3.721100e-02
2	379	R1	9.160300e-01	9.160300e-01	1.526861e-08	-2.844246e-15	3.903400e-02
2	380	R1	8.816300e-01	8.816300e-01	1.589887e-08	5.520568e-15	6.033200e-02
2	382	R1	8.632700e-01	8.632700e-01	1.625521e-08	2.335984e-15	4.752700e-02
2	383	R1	8.474200e-01	8.474200e-01	1.657490e-08	-2.142047e-15	5.183000e-02
2	386	R1	9.125400e-01	9.125400e-01	1.533045e-08	6.047625e-15	3.671600e-02
2	390	R1	8.700400e-01	8.700400e-01	1.612211e-08	1.524299e-15	7.283500e-02
2	393	R1	9.808400e-01	9.808400e-01	1.419765e-08	-3.094785e-15	3.587400e-02
2	394	R1	9.901100e-01	9.901100e-01	1.405554e-08	3.148363e-15	7.052700e-02
2	395	R1	8.408500e-01	8.408500e-01	1.671085e-08	8.123088e-15	2.733500e-02
2	396	R1	8.797800e-01	8.797800e-01	1.593412e-08	0.000000e+00	1.368000e-01
2	397	R1	9.077200e-01	9.077200e-01	1.541662e-08	5.334661e-15	4.162300e-02
2	398	R1	9.037000e-01	9.037000e-01	1.548916e-08	-4.313947e-15	7.720700e-02
2	399	R1	9.236500e-01	9.236500e-01	1.513516e-08	9.084304e-15	3.666400e-02
2	402	R1	9.606900e-01	9.606900e-01	1.451567e-08	1.180799e-15	9.402300e-02
2	404	R1	9.753400e-01	9.753400e-01	1.428320e-08	-1.788231e-15	1.241700e-01
2	408	R1	9.388900e-01	9.388900e-01	1.487455e-08	-2.385524e-15	9.308000e-02
2	410	R1	8.804600e-01	8.804600e-01	1.592115e-08	0.000000e+00	8.350700e-02
2	411	R1	9.564000e-01	9.564000e-01	1.458504e-08	1.256619e-15	8.835000e-02
2	412	R1	9.240000e-01	9.240000e-01	1.512908e-08	3.746829e-15	2.963100e-02
2	417	R1	1.254100e+00	1.254100e+00	1.085627e-08	1.610069e-14	1.379100e-02


