6	3.166500e+00	2.150600e-02	-3.658000e-01	1.188800e-02	1.326800e+00	7.083700e-03	1.836938e-01	
12	1.284330e+01	2.265800e-01	5.135000e-01	3.337800e-02	1.098600e+00	2.257900e-02	5.417816e-02	
14	3.868200e+00	1.780200e-01	-2.027000e-01	4.996000e-02	1.278600e+00	5.944100e-02	1.558812e-01	
15	3.233700e+00	1.949500e-01	-4.148000e-01	7.025500e-02	1.571200e+00	7.601800e-02	2.253348e-01	
20	2.881160e+01	1.424500e+00	8.551000e-01	6.171000e-02	1.004700e+00	4.249300e-02	1.475729e-02	
22	1.949990e+01	3.608900e-01	8.032000e-01	3.089600e-02	1.077700e+00	2.321000e-02	2.149932e-02	
25	2.109900e+01	5.717500e-01	8.521000e-01	4.097500e-02	9.704400e-01	3.133600e-02	1.454919e-02	
26	2.073790e+01	6.758500e-01	8.720000e-01	4.273500e-02	1.030900e+00	3.825800e-02	1.337606e-02	
27	2.246100e+01	6.290400e-01	8.220000e-01	3.802600e-02	9.599500e-01	2.831000e-02	1.732090e-02	
28	2.203920e+01	5.228700e-01	8.484000e-01	3.317100e-02	9.422000e-01	2.228200e-02	1.447919e-02	
29	2.020220e+01	6.890400e-01	8.198000e-01	4.913600e-02	9.141800e-01	3.442700e-02	1.669892e-02	
30	1.921640e+01	4.199700e-01	7.749000e-01	3.396800e-02	1.042700e+00	2.251100e-02	2.379232e-02	
32	2.247900e+01	4.939100e-01	8.539000e-01	3.407600e-02	9.408600e-01	2.124200e-02	1.393404e-02	
33	2.045430e+01	4.788900e-01	7.720000e-01	3.657000e-02	9.954300e-01	2.468600e-02	2.300633e-02	
35	1.957010e+01	4.293700e-01	8.810000e-01	4.013500e-02	1.035900e+00	2.571300e-02	1.249587e-02	
36	1.823960e+01	5.019500e-01	8.346000e-01	4.798000e-02	9.090700e-01	3.145700e-02	1.524174e-02	
37	2.068240e+01	3.331500e-01	8.099000e-01	2.661500e-02	1.073200e+00	1.882700e-02	2.068067e-02	
38	1.800480e+01	1.925200e-01	8.690000e-01	1.995200e-02	1.074700e+00	1.316000e-02	1.427120e-02	
40	1.722160e+01	3.632500e-01	8.110000e-01	3.224000e-02	1.090200e+00	2.630000e-02	2.088670e-02	
42	2.137370e+01	3.402000e-01	8.006000e-01	2.588800e-02	1.009500e+00	1.544600e-02	2.040485e-02	
44	1.874680e+01	2.148700e-01	8.046000e-01	2.448200e-02	1.017300e+00	1.339500e-02	2.015002e-02	
45	2.159500e+01	5.376100e-01	7.263000e-01	4.633500e-02	1.123500e+00	2.864100e-02	3.117093e-02	
46	2.110590e+01	4.864500e-01	6.676000e-01	4.060400e-02	9.447800e-01	2.280000e-02	3.183417e-02	
48	1.971500e+01	4.550400e-01	6.688000e-01	3.484100e-02	9.230000e-01	2.169700e-02	3.098802e-02	
50	1.926780e+01	2.714400e-01	7.442000e-01	2.476200e-02	1.017900e+00	1.593800e-02	2.639414e-02	
51	2.143370e+01	3.857200e-01	7.272000e-01	2.804500e-02	9.230200e-01	1.776900e-02	2.552450e-02	
55	2.000020e+01	5.874200e-01	8.278000e-01	5.026000e-02	1.030600e+00	3.457400e-02	1.798975e-02	
56	1.861770e+01	5.127800e-01	6.692000e-01	3.825100e-02	1.041100e+00	3.116000e-02	3.491080e-02	
57	1.697300e+01	4.585200e-01	7.200000e-01	3.877200e-02	1.071900e+00	3.059200e-02	3.042385e-02	
59	1.928860e+01	2.794600e-01	7.206000e-01	2.837800e-02	9.912400e-01	1.587700e-02	2.807418e-02	
60	1.973300e+01	3.474600e-01	6.993000e-01	3.121800e-02	9.754600e-01	1.877400e-02	2.973341e-02	
63	2.149000e+01	2.721500e-01	8.356000e-01	2.223000e-02	9.470000e-01	1.243500e-02	1.578169e-02	
64	2.331680e+01	4.699600e-01	8.911000e-01	3.060400e-02	9.410800e-01	1.988200e-02	1.038858e-02	
65	2.401450e+01	7.225400e-01	8.289000e-01	4.707500e-02	9.592300e-01	3.151700e-02	1.663698e-02	
67	2.447620e+01	5.706100e-01	8.572000e-01	3.204800e-02	9.113500e-01	2.122200e-02	1.319214e-02	
69	2.566550e+01	6.848900e-01	8.601000e-01	3.659500e-02	9.045400e-01	2.576600e-02	1.282766e-02	
70	2.370900e+01	9.169300e-01	8.689000e-01	4.998300e-02	9.640000e-01	3.692300e-02	1.281096e-02	
71	2.427060e+01	6.958000e-01	8.480000e-01	3.948300e-02	9.283800e-01	2.767600e-02	1.430445e-02	
72	2.554010e+01	7.699900e-01	7.072000e-01	3.537900e-02	9.394700e-01	2.872800e-02	2.788405e-02	
75	2.399730e+01	6.555400e-01	8.254000e-01	4.069900e-02	1.043900e+00	2.824300e-02	1.847587e-02	
76	1.802860e+01	3.039200e-01	7.787000e-01	2.994400e-02	1.103400e+00	2.100400e-02	2.475234e-02	
77	2.389060e+01	7.596600e-01	7.434000e-01	4.600100e-02	9.386200e-01	3.098100e-02	2.441453e-02	
78	3.300170e+01	2.073400e+00	7.625000e-01	7.064800e-02	1.077300e+00	6.217300e-02	2.593595e-02	
79	2.155890e+01	7.577800e-01	8.142000e-01	5.863100e-02	9.616800e-01	3.374100e-02	1.811249e-02	
82	2.165630e+01	7.038300e-01	9.204000e-01	4.641400e-02	9.430300e-01	3.414200e-02	7.609225e-03	
84	2.590710e+01	6.418400e-01	7.410000e-01	2.691200e-02	9.396900e-01	2.481600e-02	2.467097e-02	
85	2.331250e+01	5.143500e-01	8.769000e-01	2.963000e-02	9.028000e-01	2.054800e-02	1.126553e-02	
87	2.293030e+01	4.830700e-01	8.714000e-01	3.188000e-02	8.891600e-01	2.046100e-02	1.159105e-02	
88	2.353970e+01	5.177600e-01	8.001000e-01	3.246200e-02	9.296500e-01	1.999400e-02	1.883797e-02	
89	2.474090e+01	5.043800e-01	8.430000e-01	3.144800e-02	9.560500e-01	2.050900e-02	1.521536e-02	
90	2.413630e+01	5.581800e-01	8.481000e-01	3.290700e-02	9.525600e-01	2.185200e-02	1.466736e-02	
91	2.391960e+01	6.175800e-01	7.877000e-01	3.869300e-02	8.812500e-01	2.312000e-02	1.896492e-02	
92	2.477690e+01	5.133000e-01	8.584000e-01	2.989800e-02	9.818800e-01	1.974000e-02	1.409365e-02	
94	2.570410e+01	5.925500e-01	7.739000e-01	2.890600e-02	9.101500e-01	2.295000e-02	2.086005e-02	
95	2.353010e+01	6.108800e-01	7.687000e-01	3.306100e-02	8.928400e-01	2.500200e-02	2.093395e-02	
97	2.043980e+01	4.038800e-01	8.070000e-01	2.920300e-02	9.471300e-01	1.892400e-02	1.852972e-02	
100	1.921990e+01	2.039400e-01	6.641000e-01	1.860700e-02	9.164400e-01	1.110400e-02	3.120440e-02	
102	1.931690e+01	2.172600e-01	7.809000e-01	2.022500e-02	9.221400e-01	1.078800e-02	2.048052e-02	
103	2.087670e+01	2.707200e-01	7.873000e-01	2.277000e-02	9.549300e-01	1.324700e-02	2.058927e-02	
104	2.353830e+01	6.468100e-01	9.107000e-01	4.216300e-02	9.388200e-01	2.872100e-02	8.498370e-03	
105	2.059380e+01	5.235500e-01	8.051000e-01	3.122400e-02	9.978100e-01	2.594800e-02	1.971340e-02	
108	2.265300e+01	5.149200e-01	8.410000e-01	3.193700e-02	9.031900e-01	2.308100e-02	1.455721e-02	
109	2.211960e+01	4.512100e-01	8.907000e-01	2.739100e-02	1.003100e+00	2.163400e-02	1.111389e-02	
110	2.492860e+01	8.701000e-01	8.426000e-01	3.536000e-02	9.273700e-01	3.013600e-02	1.479652e-02	
111	2.339560e+01	6.151800e-01	7.810000e-01	2.708800e-02	9.309200e-01	2.409400e-02	2.066609e-02	
113	2.252560e+01	6.094300e-01	8.433000e-01	3.307800e-02	9.689400e-01	2.733900e-02	1.539103e-02	
114	2.275800e+01	7.062100e-01	8.628000e-01	3.410300e-02	9.461900e-01	2.848100e-02	1.315935e-02	
116	2.017800e+01	3.868300e-01	8.395000e-01	2.845100e-02	9.749700e-01	2.246100e-02	1.586237e-02	
118	2.487580e+01	7.018400e-01	7.680000e-01	3.362600e-02	9.386500e-01	2.492700e-02	2.207463e-02	
119	2.275710e+01	4.462000e-01	7.985000e-01	2.819000e-02	9.855000e-01	2.110600e-02	2.012952e-02	
121	2.146270e+01	4.202000e-01	7.698000e-01	3.000900e-02	9.605700e-01	1.832100e-02	2.241487e-02	
132	7.876400e+00	2.546400e-01	2.007000e-01	5.096300e-02	1.196700e+00	4.546100e-02	9.696097e-02	
145	2.164400e+00	4.437200e-01	-8.111000e-01	2.167600e-01	1.125300e+00	1.416500e-01	2.065916e-01	
146	2.461600e+00	1.595900e-01	-7.396000e-01	8.395800e-02	1.126400e+00	4.519000e-02	1.986296e-01	
149	2.349000e+00	1.205800e-01	-5.708000e-01	4.681900e-02	1.056900e+00	3.528900e-02	1.682893e-01	
151	3.538500e+00	4.340100e-02	-2.811000e-01	1.874100e-02	1.350900e+00	1.331900e-02	1.754317e-01	
153	2.233800e+00	2.241800e-02	-4.967000e-01	1.415100e-02	1.235000e+00	7.410900e-03	1.873715e-01	
155	2.690600e+00	2.612300e-01	-6.222000e-01	8.243700e-02	1.260900e+00	8.463000e-02	2.073418e-01	
156	2.185900e+00	1.683500e-01	-4.118000e-01	6.026100e-02	1.230500e+00	5.640600e-02	1.760989e-01	
158	1.967800e+00	2.231300e-01	-6.020000e-01	7.758300e-02	1.196900e+00	5.877900e-02	1.943669e-01	
159	2.846300e+00	9.194300e-02	-6.992000e-01	5.631200e-02	1.103800e+00	2.965200e-02	1.901239e-01	
160	2.454900e+00	4.550300e-01	-6.911000e-01	1.177200e-01	9.948700e-01	1.048500e-01	1.705444e-01	
161	2.590500e+00	1.023300e-01	-6.543000e-01	5.395800e-02	1.089100e+00	2.757300e-02	1.826349e-01	
167	2.793500e+00	8.837300e-02	-7.581000e-01	5.154200e-02	1.086900e+00	2.508800e-02	1.937024e-01	
184	2.454700e+00	3.406800e-02	-4.787000e-01	2.229900e-02	1.181000e+00	1.234800e-02	1.770239e-01	
185	2.384400e+00	2.733000e-02	-3.380000e-01	1.596600e-02	1.219400e+00	8.108100e-03	1.653881e-01	
186	2.841500e+00	3.094300e-02	-3.109000e-01	1.524100e-02	1.268700e+00	9.687600e-03	1.685894e-01	
188	2.687600e+00	1.935000e-02	-4.092000e-01	1.125500e-02	1.378200e+00	6.907700e-03	1.968733e-01	
190	2.416100e+00	1.684400e-02	-5.330000e-01	1.092300e-02	1.353600e+00	5.434100e-03	2.103460e-01	
191	2.534600e+00	1.735400e-02	-2.957000e-01	1.014200e-02	1.340700e+00	5.690100e-03	1.760913e-01	
195	2.423700e+00	1.658300e-02	-4.042000e-01	1.099700e-02	1.254200e+00	5.395300e-03	1.785244e-01	
197	2.777300e+00	8.835100e-02	-4.694000e-01	4.082800e-02	1.128700e+00	2.646700e-02	1.681204e-01	
198	2.756600e+00	3.120000e-02	-3.857000e-01	1.662800e-02	1.205100e+00	9.617200e-03	1.692755e-01	
199	2.916200e+00	1.885800e-02	-5.084000e-01	1.132800e-02	1.316000e+00	5.731900e-03	2.012214e-01	
231	2.573500e+00	1.740500e-02	-4.989000e-01	1.197000e-02	1.253400e+00	5.568100e-03	1.904426e-01	
232	2.863600e+00	2.233800e-02	-5.543000e-01	1.397900e-02	1.255700e+00	6.931200e-03	1.978439e-01	
233	2.622400e+00	3.664000e-02	-6.246000e-01	2.138700e-02	1.165600e+00	1.166600e-02	1.919543e-01	
234	2.945700e+00	3.168800e-02	-4.573000e-01	1.633100e-02	1.113700e+00	8.942000e-03	1.645201e-01	
243	3.180800e+00	7.286000e-02	-3.088000e-01	3.234900e-02	1.373900e+00	2.726300e-02	1.822763e-01	
244	2.778700e+00	3.232700e-01	-3.381000e-01	8.726100e-02	1.322000e+00	1.079100e-01	1.793172e-01	
249	3.349500e+00	2.830200e-01	-4.322000e-01	9.609500e-02	1.544600e+00	1.012200e-01	2.242444e-01	
250	2.455200e+00	1.015600e-01	-5.897000e-01	5.446300e-02	1.310100e+00	3.701400e-02	2.111162e-01	
251	1.115920e+01	3.741300e-01	5.414000e-01	4.383700e-02	1.040500e+00	3.764100e-02	4.837021e-02	
252	6.315000e+00	9.080000e-02	3.383000e-01	1.889100e-02	1.052800e+00	1.440900e-02	7.061693e-02	
255	2.561800e+00	6.328700e-02	-4.393000e-01	2.939700e-02	1.199200e+00	1.890100e-02	1.749624e-01	
256	2.454200e+00	1.081300e-01	-3.764000e-01	4.781200e-02	1.217100e+00	3.447800e-02	1.698137e-01	
257	2.795800e+00	2.901500e-02	-2.411000e-01	1.463000e-02	1.313900e+00	9.442300e-03	1.652993e-01	
258	2.838600e+00	2.288500e-02	-3.484000e-01	1.219600e-02	1.384400e+00	8.109900e-03	1.892266e-01	
260	2.986700e+00	2.032300e-02	-1.290000e-01	1.050300e-02	1.437200e+00	6.916700e-03	1.644800e-01	
261	3.421700e+00	9.743100e-02	-2.698000e-01	3.928800e-02	1.344900e+00	3.333400e-02	1.731120e-01	
265	2.927500e+00	5.262800e-02	-3.559000e-01	2.698400e-02	1.155300e+00	1.729100e-02	1.587904e-01	
266	3.099200e+00	2.883500e-02	-2.516000e-01	1.499600e-02	1.203400e+00	8.489100e-03	1.526783e-01	
272	1.643120e+01	1.878200e-01	6.878000e-01	2.329100e-02	1.047100e+00	1.449900e-02	3.313774e-02	
289	3.547200e+00	4.844200e-02	-2.034000e-01	2.117000e-02	1.344500e+00	1.666800e-02	1.640109e-01	
292	2.776900e+00	2.211700e-02	-3.982000e-01	1.384000e-02	1.316600e+00	7.739800e-03	1.866057e-01	
295	3.406500e+00	1.838900e-01	-2.567000e-01	5.922700e-02	1.248400e+00	5.995200e-02	1.590330e-01	
300	3.789600e+00	4.257200e-02	-1.486000e-01	1.700200e-02	1.265900e+00	1.172300e-02	1.473907e-01	
302	4.693800e+00	5.220100e-02	-6.950000e-02	1.741200e-02	1.326600e+00	1.398300e-02	1.438211e-01	
304	7.766200e+00	1.444100e+00	2.411000e-01	1.441000e-01	1.199300e+00	2.573600e-01	9.226016e-02	
307	2.191730e+01	4.774200e-01	5.341000e-01	3.579700e-02	1.055600e+00	2.481400e-02	4.985330e-02	
308	2.556450e+01	8.970600e-01	7.221000e-01	5.368100e-02	1.021000e+00	3.540200e-02	2.876180e-02	
309	2.681270e+01	1.855700e+00	6.721000e-01	9.122400e-02	9.352700e-01	6.349000e-02	3.108710e-02	
310	2.619990e+01	1.279500e+00	9.219000e-01	8.211700e-02	1.041100e+00	5.037900e-02	8.242241e-03	
311	3.399670e+01	1.428200e+00	8.191000e-01	5.743500e-02	9.776100e-01	3.894800e-02	1.792693e-02	
312	2.410830e+01	7.794500e-01	8.016000e-01	4.550800e-02	9.493100e-01	2.844000e-02	1.909201e-02	
313	1.907090e+01	4.131700e-01	6.644000e-01	3.129400e-02	1.100000e+00	2.258300e-02	3.742109e-02	
316	2.649470e+01	1.004700e+00	9.121000e-01	5.207200e-02	9.833200e-01	3.544300e-02	8.761644e-03	
317	2.249890e+01	7.308700e-01	7.466000e-01	4.413900e-02	9.750700e-01	2.968700e-02	2.504634e-02	
319	2.148370e+01	5.908900e-01	6.467000e-01	3.221400e-02	8.956800e-01	2.520600e-02	3.207734e-02	
320	2.427860e+01	7.791600e-01	8.497000e-01	4.719200e-02	9.486600e-01	2.967500e-02	1.445345e-02	
321	2.982650e+01	1.183500e+00	8.497000e-01	4.839300e-02	9.391300e-01	3.329800e-02	1.430825e-02	
322	2.749040e+01	9.591300e-01	7.740000e-01	4.486000e-02	8.171900e-01	2.901300e-02	1.872118e-02	
327	2.348520e+01	6.702400e-01	7.594000e-01	4.146200e-02	1.014100e+00	3.144100e-02	2.473308e-02	
329	2.440700e+01	2.478000e+00	8.966000e-01	1.217300e-01	1.139800e+00	1.108600e-01	1.194678e-02	
331	2.225420e+01	6.658600e-01	8.277000e-01	4.304700e-02	1.057700e+00	3.443400e-02	1.847352e-02	
333	2.435860e+01	6.719000e-01	7.717000e-01	3.867400e-02	1.130300e+00	3.677600e-02	2.615782e-02	
334	2.573030e+01	9.771200e-01	8.176000e-01	4.541200e-02	9.244200e-01	3.385000e-02	1.709212e-02	
335	2.488320e+01	5.660200e-01	7.556000e-01	3.131000e-02	9.634000e-01	2.148100e-02	2.386765e-02	
337	2.463100e+01	3.419200e-01	7.710000e-01	2.550300e-02	9.558100e-01	1.221800e-02	2.218753e-02	
338	2.154200e+01	2.701000e-01	6.251000e-01	2.159600e-02	1.027500e+00	1.249500e-02	3.904803e-02	
339	2.144380e+01	3.702700e-01	6.035000e-01	2.965800e-02	8.918400e-01	1.542700e-02	3.584528e-02	
341	2.251950e+01	4.696600e-01	6.581000e-01	3.347500e-02	8.966400e-01	1.800600e-02	3.107557e-02	
343	2.185370e+01	1.234600e+00	5.597000e-01	7.008300e-02	1.097600e+00	6.608000e-02	4.898855e-02	
347	2.412210e+01	5.845900e-01	7.610000e-01	3.840800e-02	1.024500e+00	2.820300e-02	2.482057e-02	
348	2.583080e+01	7.098000e-01	8.699000e-01	4.859900e-02	9.416000e-01	2.555700e-02	1.241783e-02	
349	2.349230e+01	1.136600e+00	7.141000e-01	6.527300e-02	9.209100e-01	4.381300e-02	2.668905e-02	
350	1.918200e+01	7.041000e-01	6.461000e-01	5.058700e-02	9.976300e-01	4.372600e-02	3.578919e-02	
356	2.430200e+01	4.853600e-01	8.649000e-01	3.250900e-02	9.353000e-01	1.669900e-02	1.280879e-02	
357	2.580690e+01	6.381200e-01	8.042000e-01	3.314500e-02	9.073900e-01	2.143700e-02	1.800978e-02	
358	2.594440e+01	9.015200e-01	7.685000e-01	4.499600e-02	8.789100e-01	2.987500e-02	2.062516e-02	
360	2.872330e+01	9.800600e-01	8.361000e-01	4.606700e-02	8.956800e-01	2.970500e-02	1.488105e-02	
361	3.017230e+01	1.162800e+00	8.982000e-01	4.370600e-02	8.667000e-01	3.004900e-02	8.943725e-03	
362	2.866870e+01	8.063100e-01	8.402000e-01	3.948700e-02	8.727400e-01	2.504200e-02	1.413720e-02	
364	2.444830e+01	9.054500e-01	8.137000e-01	4.437900e-02	9.310200e-01	3.621700e-02	1.758222e-02	
366	2.675530e+01	8.692900e-01	8.722000e-01	3.911700e-02	9.097500e-01	2.961100e-02	1.178568e-02	
367	2.411820e+01	6.665200e-01	7.818000e-01	3.339900e-02	1.026400e+00	3.036000e-02	2.270248e-02	
369	1.934310e+01	3.835300e-01	7.236000e-01	2.960500e-02	9.249500e-01	1.913500e-02	2.591541e-02	
370	2.425190e+01	6.109700e-01	7.858000e-01	3.255600e-02	8.783900e-01	2.111500e-02	1.907255e-02	
371	2.311800e+01	6.528000e-01	7.937000e-01	3.764400e-02	8.810400e-01	2.305600e-02	1.842454e-02	
372	2.683650e+01	7.026600e-01	7.923000e-01	3.596600e-02	8.632000e-01	2.080200e-02	1.817397e-02	
373	2.659070e+01	1.109100e+00	8.346000e-01	5.142300e-02	8.401700e-01	3.064900e-02	1.408655e-02	
375	2.861320e+01	1.439600e+00	8.386000e-01	4.817200e-02	8.861200e-01	3.843400e-02	1.449766e-02	
376	2.810560e+01	1.577800e+00	8.017000e-01	5.456000e-02	8.382200e-01	4.424800e-02	1.684933e-02	
378	2.669150e+01	1.232500e+00	8.317000e-01	4.507100e-02	8.958100e-01	3.721100e-02	1.528276e-02	
379	2.571670e+01	1.248600e+00	8.140000e-01	4.278500e-02	9.160300e-01	3.903400e-02	1.727128e-02	
380	2.875940e+01	1.871300e+00	8.463000e-01	6.843800e-02	8.816300e-01	6.033200e-02	1.373606e-02	
382	2.741830e+01	1.610300e+00	8.151000e-01	5.485700e-02	8.632700e-01	4.752700e-02	1.618026e-02	
383	3.041080e+01	1.995800e+00	8.571000e-01	6.995500e-02	8.474200e-01	5.183000e-02	1.227532e-02	
386	2.730370e+01	1.204400e+00	8.588000e-01	5.379900e-02	9.125400e-01	3.671600e-02	1.306136e-02	
390	3.703350e+01	4.050200e+00	9.528000e-01	1.263400e-01	8.700400e-01	7.283500e-02	4.162776e-03	
393	2.343790e+01	8.794800e-01	8.931000e-01	5.422900e-02	9.808400e-01	3.587400e-02	1.062864e-02	
394	2.891470e+01	1.947600e+00	9.474000e-01	8.071100e-02	9.901100e-01	7.052700e-02	5.279235e-03	
395	2.583840e+01	8.444500e-01	7.710000e-01	4.601100e-02	8.408500e-01	2.733500e-02	1.951892e-02	
396	3.254290e+01	4.681600e+00	7.863000e-01	1.471600e-01	8.797800e-01	1.368000e-01	1.905814e-02	
397	3.156180e+01	1.574300e+00	8.121000e-01	5.425300e-02	9.077200e-01	4.162300e-02	1.728942e-02	
398	2.952810e+01	2.725200e+00	6.543000e-01	8.375900e-02	9.037000e-01	7.720700e-02	3.166835e-02	
399	2.371980e+01	8.731300e-01	8.986000e-01	5.508700e-02	9.236500e-01	3.666400e-02	9.493956e-03	
402	3.154890e+01	3.249400e+00	7.336000e-01	1.011300e-01	9.606900e-01	9.402300e-02	2.594295e-02	
404	3.147570e+01	5.475900e+00	9.567000e-01	1.387900e-01	9.753400e-01	1.241700e-01	4.281005e-03	
408	3.201360e+01	3.618300e+00	9.827000e-01	1.118100e-01	9.388900e-01	9.308000e-02	1.646503e-03	
410	2.431880e+01	2.980100e+00	6.229000e-01	8.252600e-02	8.804600e-01	8.350700e-02	3.365643e-02	
411	2.859790e+01	3.592000e+00	6.177000e-01	7.455400e-02	9.564000e-01	8.835000e-02	3.706344e-02	
412	2.600020e+01	8.201100e-01	7.917000e-01	4.141200e-02	9.240000e-01	2.963100e-02	1.951026e-02	
417	5.217900e+00	6.421500e-02	9.160000e-02	2.251700e-02	1.254100e+00	1.379100e-02	1.154812e-01	
