0	3	R2	3.720000e+00	3.720000e+00	1.705958e-09	-1.657049e-15	2.680000e-01
0	4	R2	2.510000e+00	2.510000e+00	9.995856e-10	-5.057964e-15	8.780000e-02
0	5	R2	2.940000e+00	2.940000e+00	1.238685e-09	4.315736e-15	1.029000e-01
0	6	R2	3.340000e+00	3.340000e+00	1.472011e-09	7.597762e-15	1.169000e-01
0	7	R2	4.030000e+00	4.030000e+00	1.906667e-09	-6.294673e-15	1.411000e-01
0	8	R2	5.020000e+00	5.020000e+00	2.606791e-09	5.055085e-15	1.757000e-01
0	10	R2	5.670000e+00	5.670000e+00	3.106336e-09	0.000000e+00	1.985000e-01
0	12	R2	6.850000e+00	6.850000e+00	4.053404e-09	-3.101717e-07	2.398000e-01
0	13	R2	6.090000e+00	6.090000e+00	3.439664e-09	0.000000e+00	2.132000e-01
0	14	R2	5.960000e+00	5.960000e+00	3.335854e-09	-4.257806e-15	2.086000e-01
0	15	R2	7.870000e+00	7.870000e+00	4.881992e-09	0.000000e+00	2.755000e-01
0	16	R2	5.730000e+00	5.730000e+00	3.153556e-09	0.000000e+00	2.006000e-01
0	17	R2	5.850000e+00	5.850000e+00	3.248430e-09	8.673617e-15	2.048000e-01
0	19	R2	5.930000e+00	5.930000e+00	3.311971e-09	0.000000e+00	2.076000e-01
0	20	R2	5.780000e+00	5.780000e+00	3.193019e-09	-4.390402e-15	2.023000e-01
0	21	R2	6.260000e+00	6.260000e+00	3.576090e-09	0.000000e+00	2.191000e-01
0	23	R2	6.240000e+00	6.240000e+00	3.560005e-09	8.133502e-15	2.184000e-01
0	24	R2	6.460000e+00	6.460000e+00	3.737362e-09	-3.928255e-15	2.261000e-01
0	25	R2	6.700000e+00	6.700000e+00	3.931672e-09	3.787541e-15	2.345000e-01
0	26	R2	6.170000e+00	6.170000e+00	3.503778e-09	-8.223874e-15	2.160000e-01
0	27	R2	6.290000e+00	6.290000e+00	3.600233e-09	0.000000e+00	2.202000e-01
0	28	R2	6.490000e+00	6.490000e+00	3.761610e-09	-3.909236e-15	2.272000e-01
0	29	R2	8.200000e+00	8.200000e+00	5.149083e-09	-6.189397e-15	2.870000e-01
0	30	R2	6.790000e+00	6.790000e+00	4.004691e-09	3.736552e-15	2.377000e-01
0	31	R2	8.340000e+00	8.340000e+00	5.262136e-09	6.085498e-15	2.919000e-01
0	32	R2	9.920000e+00	9.920000e+00	6.525408e-09	-5.116235e-15	3.472000e-01
0	34	R2	6.210000e+00	6.210000e+00	3.535894e-09	0.000000e+00	2.174000e-01
0	35	R2	6.530000e+00	6.530000e+00	3.793962e-09	0.000000e+00	2.286000e-01
0	36	R2	5.630000e+00	5.630000e+00	3.074942e-09	4.506232e-15	1.971000e-01
0	38	R2	5.960000e+00	5.960000e+00	3.335854e-09	-4.257806e-15	2.086000e-01
0	39	R2	5.830000e+00	5.830000e+00	3.232580e-09	0.000000e+00	2.041000e-01
0	40	R2	3.910000e+00	3.910000e+00	1.827893e-09	-6.487790e-15	1.369000e-01
0	41	R2	2.590000e+00	2.590000e+00	1.043343e-09	0.000000e+00	9.070000e-02
0	43	R2	1.050000e+00	1.050000e+00	2.452794e-10	-6.033821e-15	3.680000e-02


1	3	NOE	3.418049e-01	3.418049e-01	1.410123e-09	1.922022e-15	2.888164e-02
1	4	NOE	-1.900000e-01	-1.900000e-01	9.135154e-10	-8.285246e-15	6.700000e-03
1	5	NOE	2.300000e-02	2.300000e-02	1.056045e-09	1.127570e-13	8.000000e-04
1	6	NOE	2.090000e-01	2.090000e-01	1.231491e-09	3.421920e-14	7.300000e-03
1	7	NOE	4.110000e-01	4.110000e-01	1.533477e-09	-1.156482e-14	1.440000e-02
1	8	NOE	5.750000e-01	5.750000e-01	1.996363e-09	-1.104700e-14	2.010000e-02
1	10	NOE	6.760000e-01	6.760000e-01	2.583487e-09	0.000000e+00	2.370000e-02
1	12	NOE	7.340000e-01	7.340000e-01	3.265359e-09	-1.139984e-07	2.570000e-02
1	13	NOE	7.230000e-01	7.230000e-01	3.096326e-09	-4.388233e-15	2.530000e-02
1	14	NOE	7.080000e-01	7.080000e-01	2.902131e-09	0.000000e+00	2.480000e-02
1	15	NOE	7.090000e-01	7.090000e-01	2.913993e-09	-4.476706e-15	2.480000e-02
1	16	NOE	6.760000e-01	6.760000e-01	2.583487e-09	0.000000e+00	2.370000e-02
1	17	NOE	7.200000e-01	7.200000e-01	3.054478e-09	0.000000e+00	2.520000e-02
1	19	NOE	6.720000e-01	6.720000e-01	2.550359e-09	0.000000e+00	2.350000e-02
1	20	NOE	6.930000e-01	6.930000e-01	2.739441e-09	-4.568819e-15	2.430000e-02
1	21	NOE	6.870000e-01	6.870000e-01	2.681361e-09	0.000000e+00	2.400000e-02
1	23	NOE	7.220000e-01	7.220000e-01	3.082192e-09	0.000000e+00	2.530000e-02
1	24	NOE	7.240000e-01	7.240000e-01	3.110650e-09	0.000000e+00	2.530000e-02
1	25	NOE	7.170000e-01	7.170000e-01	3.014230e-09	0.000000e+00	2.510000e-02
1	26	NOE	7.290000e-01	7.290000e-01	3.185274e-09	0.000000e+00	2.550000e-02
1	27	NOE	7.260000e-01	7.260000e-01	3.139885e-09	0.000000e+00	2.540000e-02
1	28	NOE	7.230000e-01	7.230000e-01	3.096326e-09	-4.388233e-15	2.530000e-02
1	29	NOE	6.980000e-01	6.980000e-01	2.790710e-09	4.550094e-15	2.440000e-02
1	30	NOE	7.340000e-01	7.340000e-01	3.265359e-09	-1.139984e-07	2.570000e-02
1	31	NOE	7.340000e-01	7.340000e-01	3.265359e-09	-1.139984e-07	2.570000e-02
1	32	NOE	7.190000e-01	7.190000e-01	3.040889e-09	4.405647e-15	2.520000e-02
1	34	NOE	7.270000e-01	7.270000e-01	3.154805e-09	4.370957e-15	2.540000e-02
1	35	NOE	7.150000e-01	7.150000e-01	2.988238e-09	4.440892e-15	2.500000e-02
1	36	NOE	7.000000e-01	7.000000e-01	2.812005e-09	4.531523e-15	2.450000e-02
1	38	NOE	7.010000e-01	7.010000e-01	2.822830e-09	0.000000e+00	2.450000e-02
1	39	NOE	6.640000e-01	6.640000e-01	2.487594e-09	4.785444e-15	2.320000e-02
1	40	NOE	4.100000e-01	4.100000e-01	1.531490e-09	3.881899e-15	1.430000e-02
1	41	NOE	-2.200000e-02	-2.200000e-02	1.021912e-09	2.602085e-14	8.000000e-04
1	43	NOE	-6.300000e-01	-6.300000e-01	7.161265e-10	-5.023634e-15	2.210000e-02


2	3	R1	1.762000e+00	1.762000e+00	7.391574e-10	0.000000e+00	6.170000e-02
2	4	R1	1.420000e+00	1.420000e+00	4.828284e-10	-4.467698e-15	4.970000e-02
2	5	R1	1.564000e+00	1.564000e+00	5.877787e-10	-8.118633e-15	5.470000e-02
2	6	R1	1.666000e+00	1.666000e+00	6.647703e-10	0.000000e+00	5.830000e-02
2	7	R1	1.795000e+00	1.795000e+00	7.652255e-10	0.000000e+00	6.280000e-02
2	8	R1	1.956000e+00	1.956000e+00	6.291442e-09	3.241527e-15	6.850000e-02
2	10	R1	1.983000e+00	1.983000e+00	6.170707e-09	0.000000e+00	6.940000e-02
2	12	R1	2.118000e+00	2.118000e+00	5.598817e-09	0.000000e+00	7.410000e-02
2	13	R1	2.106000e+00	2.106000e+00	5.647743e-09	0.000000e+00	7.370000e-02
2	14	R1	2.119000e+00	2.119000e+00	5.594755e-09	0.000000e+00	7.420000e-02
2	15	R1	2.181000e+00	2.181000e+00	5.347097e-09	0.000000e+00	1.371000e-01
2	16	R1	1.998000e+00	1.998000e+00	6.104631e-09	3.176604e-15	6.990000e-02
2	17	R1	2.114000e+00	2.114000e+00	5.615088e-09	6.001206e-15	7.400000e-02
2	19	R1	1.957000e+00	1.957000e+00	6.286928e-09	3.241527e-15	6.850000e-02
2	20	R1	2.148000e+00	2.148000e+00	5.477915e-09	5.905442e-15	7.520000e-02
2	21	R1	2.042000e+00	2.042000e+00	5.914670e-09	0.000000e+00	7.150000e-02
2	23	R1	2.228000e+00	2.228000e+00	5.164284e-09	2.562748e-07	7.800000e-02
2	24	R1	2.213000e+00	2.213000e+00	5.222214e-09	0.000000e+00	7.750000e-02
2	25	R1	2.139000e+00	2.139000e+00	5.513980e-09	5.929095e-15	7.490000e-02
2	26	R1	2.130000e+00	2.130000e+00	5.550219e-09	-5.952938e-15	7.460000e-02
2	27	R1	2.155000e+00	2.155000e+00	5.449982e-09	5.889777e-15	7.540000e-02
2	28	R1	2.205000e+00	2.205000e+00	5.253264e-09	0.000000e+00	7.720000e-02
2	29	R1	2.061000e+00	2.061000e+00	5.834323e-09	0.000000e+00	7.210000e-02
2	30	R1	2.196000e+00	2.196000e+00	5.288329e-09	5.774892e-15	7.690000e-02
2	31	R1	2.120000e+00	2.120000e+00	5.590695e-09	0.000000e+00	7.420000e-02
2	32	R1	2.053000e+00	2.053000e+00	5.868035e-09	1.235297e-14	7.190000e-02
2	34	R1	2.206000e+00	2.206000e+00	5.249376e-09	-5.752451e-15	7.720000e-02
2	35	R1	2.189000e+00	2.189000e+00	5.315702e-09	1.159502e-14	7.660000e-02
2	36	R1	2.035000e+00	2.035000e+00	5.944520e-09	6.237208e-15	7.120000e-02
2	38	R1	2.166000e+00	2.166000e+00	5.406291e-09	-5.858697e-15	7.580000e-02
2	39	R1	2.065000e+00	2.065000e+00	5.817531e-09	0.000000e+00	7.230000e-02
2	40	R1	1.899000e+00	1.899000e+00	8.494226e-10	-3.339017e-15	6.650000e-02
2	41	R1	1.590000e+00	1.590000e+00	6.072147e-10	3.986438e-15	5.570000e-02
2	43	R1	9.400000e-01	9.400000e-01	2.152305e-10	0.000000e+00	3.290000e-02


