0	3	R2	4.801000e+00	4.801000e+00	2.007215e-09	0.000000e+00	1.680000e-01
0	4	R2	2.911000e+00	2.911000e+00	1.001718e-09	0.000000e+00	1.019000e-01
0	5	R2	3.483000e+00	3.483000e+00	1.276178e-09	-3.095660e-07	1.219000e-01
0	6	R2	3.814000e+00	3.814000e+00	1.447622e-09	0.000000e+00	1.335000e-01
0	7	R2	4.990000e+00	4.990000e+00	2.120566e-09	0.000000e+00	1.747000e-01
0	8	R2	6.257000e+00	6.257000e+00	2.901970e-09	-8.111218e-15	2.190000e-01
0	10	R2	6.994000e+00	6.994000e+00	3.360180e-09	0.000000e+00	2.448000e-01
0	12	R2	8.972000e+00	8.972000e+00	4.571618e-09	0.000000e+00	3.140000e-01
0	13	R2	7.607000e+00	7.607000e+00	3.738954e-09	6.673016e-15	2.662000e-01
0	14	R2	7.517000e+00	7.517000e+00	3.683520e-09	-3.375821e-15	2.631000e-01
0	15	R2	7.820000e+00	7.820000e+00	3.869888e-09	0.000000e+00	2.737000e-01
0	16	R2	7.477000e+00	7.477000e+00	3.658862e-09	6.787760e-15	2.617000e-01
0	17	R2	7.158000e+00	7.158000e+00	3.461781e-09	3.545622e-15	2.505000e-01
0	19	R2	8.469000e+00	8.469000e+00	4.266539e-09	-5.993107e-15	2.964000e-01
0	20	R2	6.785000e+00	6.785000e+00	3.230462e-09	3.739699e-15	2.375000e-01
0	21	R2	7.561000e+00	7.561000e+00	3.710629e-09	-6.713367e-15	2.646000e-01
0	23	R2	7.576000e+00	7.576000e+00	3.719867e-09	-1.004727e-14	2.652000e-01
0	24	R2	8.687000e+00	8.687000e+00	4.399005e-09	0.000000e+00	3.040000e-01
0	25	R2	7.180000e+00	7.180000e+00	3.475396e-09	0.000000e+00	2.513000e-01
0	26	R2	7.255000e+00	7.255000e+00	3.521788e-09	-3.498143e-15	2.539000e-01
0	27	R2	7.634000e+00	7.634000e+00	3.755571e-09	0.000000e+00	2.672000e-01
0	28	R2	8.920000e+00	8.920000e+00	4.540171e-09	5.689804e-15	3.122000e-01
0	29	R2	1.788700e+01	1.788700e+01	9.778600e-09	0.000000e+00	6.260000e-01
0	30	R2	1.013500e+01	1.013500e+01	5.269910e-09	5.008054e-15	3.547000e-01
0	31	R2	1.556100e+01	1.556100e+01	8.442594e-09	3.261764e-15	5.446000e-01
0	32	R2	1.988200e+01	1.988200e+01	1.091829e-08	0.000000e+00	6.959000e-01
0	34	R2	7.449000e+00	7.449000e+00	3.641594e-09	-6.813797e-15	2.607000e-01
0	35	R2	8.675000e+00	8.675000e+00	4.391723e-09	0.000000e+00	3.036000e-01
0	36	R2	7.433000e+00	7.433000e+00	3.631724e-09	-6.826890e-15	2.602000e-01
0	38	R2	7.279000e+00	7.279000e+00	3.536624e-09	-6.971573e-15	2.548000e-01
0	39	R2	7.125000e+00	7.125000e+00	3.441351e-09	0.000000e+00	2.494000e-01
0	40	R2	4.613000e+00	4.613000e+00	1.896031e-09	5.499557e-15	1.615000e-01
0	41	R2	3.002000e+00	3.002000e+00	1.043582e-09	4.225397e-15	1.051000e-01
0	43	R2	1.501000e+00	1.501000e+00	4.153825e-10	0.000000e+00	5.250000e-02


1	3	NOE	5.026298e-01	5.026298e-01	9.653172e-10	-3.003515e-15	3.696412e-02
1	4	NOE	1.870000e-01	1.870000e-01	6.792490e-10	4.270089e-14	6.500000e-03
1	5	NOE	3.110000e-01	3.110000e-01	7.636288e-10	-1.527830e-14	1.090000e-02
1	6	NOE	4.310000e-01	4.310000e-01	8.752477e-10	-1.838118e-14	1.510000e-02
1	7	NOE	5.400000e-01	5.400000e-01	1.023079e-09	-5.874196e-15	1.890000e-02
1	8	NOE	7.380000e-01	7.380000e-01	1.649751e-09	0.000000e+00	2.580000e-02
1	10	NOE	8.110000e-01	8.110000e-01	2.463727e-09	0.000000e+00	2.840000e-02
1	12	NOE	8.600000e-01	8.600000e-01	5.535442e-09	0.000000e+00	3.010000e-02
1	13	NOE	7.970000e-01	7.970000e-01	2.219137e-09	3.979294e-15	2.790000e-02
1	14	NOE	8.150000e-01	8.150000e-01	2.549516e-09	3.895519e-15	2.850000e-02
1	15	NOE	7.930000e-01	7.930000e-01	2.161392e-09	-3.993608e-15	2.780000e-02
1	16	NOE	7.890000e-01	7.890000e-01	2.107833e-09	0.000000e+00	2.760000e-02
1	17	NOE	7.890000e-01	7.890000e-01	2.107833e-09	0.000000e+00	2.760000e-02
1	19	NOE	7.680000e-01	7.680000e-01	1.878910e-09	0.000000e+00	2.690000e-02
1	20	NOE	7.730000e-01	7.730000e-01	1.926807e-09	0.000000e+00	2.710000e-02
1	21	NOE	7.620000e-01	7.620000e-01	1.825756e-09	-1.198897e-07	2.670000e-02
1	23	NOE	8.040000e-01	8.040000e-01	2.332070e-09	-3.950972e-15	2.810000e-02
1	24	NOE	8.380000e-01	8.380000e-01	3.304643e-09	3.789157e-15	2.930000e-02
1	25	NOE	7.920000e-01	7.920000e-01	2.147630e-09	0.000000e+00	2.770000e-02
1	26	NOE	8.000000e-01	8.000000e-01	2.265537e-09	0.000000e+00	2.800000e-02
1	27	NOE	7.970000e-01	7.970000e-01	2.219137e-09	3.979294e-15	2.790000e-02
1	28	NOE	8.050000e-01	8.050000e-01	2.349618e-09	0.000000e+00	2.820000e-02
1	29	NOE	8.050000e-01	8.050000e-01	2.349618e-09	0.000000e+00	2.820000e-02
1	30	NOE	8.440000e-01	8.440000e-01	3.640926e-09	0.000000e+00	2.950000e-02
1	31	NOE	8.260000e-01	8.260000e-01	2.840085e-09	-3.841602e-15	2.890000e-02
1	32	NOE	8.140000e-01	8.140000e-01	2.527247e-09	3.895519e-15	2.850000e-02
1	34	NOE	8.040000e-01	8.040000e-01	2.332070e-09	-3.950972e-15	2.810000e-02
1	35	NOE	8.090000e-01	8.090000e-01	2.423901e-09	0.000000e+00	2.830000e-02
1	36	NOE	8.170000e-01	8.170000e-01	2.595845e-09	0.000000e+00	2.860000e-02
1	38	NOE	8.300000e-01	8.300000e-01	2.972806e-09	3.815199e-15	2.910000e-02
1	39	NOE	7.870000e-01	7.870000e-01	2.082469e-09	0.000000e+00	2.750000e-02
1	40	NOE	5.390000e-01	5.390000e-01	1.021412e-09	0.000000e+00	1.890000e-02
1	41	NOE	3.780000e-01	3.780000e-01	8.211682e-10	0.000000e+00	1.320000e-02
1	43	NOE	-7.200000e-02	-7.200000e-02	5.569134e-10	2.775558e-14	2.500000e-03


2	3	R1	1.577000e+00	1.577000e+00	4.610203e-09	0.000000e+00	5.520000e-02
2	4	R1	1.391000e+00	1.391000e+00	4.547233e-10	0.000000e+00	4.870000e-02
2	5	R1	1.534000e+00	1.534000e+00	5.359660e-10	-4.134909e-15	5.370000e-02
2	6	R1	1.609000e+00	1.609000e+00	5.806853e-10	3.943954e-15	5.630000e-02
2	7	R1	1.607000e+00	1.607000e+00	4.495583e-09	-3.950972e-15	5.620000e-02
2	8	R1	1.619000e+00	1.619000e+00	4.450656e-09	-3.916131e-15	5.670000e-02
2	10	R1	1.523000e+00	1.523000e+00	4.825448e-09	8.331880e-15	5.330000e-02
2	12	R1	1.607000e+00	1.607000e+00	4.495583e-09	-3.950972e-15	5.620000e-02
2	13	R1	1.547000e+00	1.547000e+00	4.728301e-09	8.208673e-15	5.410000e-02
2	14	R1	1.610000e+00	1.610000e+00	4.484303e-09	-3.936961e-15	5.640000e-02
2	15	R1	1.642000e+00	1.642000e+00	4.365946e-09	7.723291e-15	5.750000e-02
2	16	R1	1.540000e+00	1.540000e+00	4.756384e-09	8.239132e-15	5.390000e-02
2	17	R1	1.593000e+00	1.593000e+00	4.548654e-09	-3.979294e-15	5.580000e-02
2	19	R1	1.568000e+00	1.568000e+00	4.645256e-09	-8.089057e-15	5.490000e-02
2	20	R1	1.626000e+00	1.626000e+00	4.424683e-09	7.804731e-15	5.690000e-02
2	21	R1	1.612000e+00	1.612000e+00	4.476801e-09	7.873922e-15	5.640000e-02
2	23	R1	1.723000e+00	1.723000e+00	4.081001e-09	-3.682332e-15	6.030000e-02
2	24	R1	1.647000e+00	1.647000e+00	4.347766e-09	-3.854941e-15	5.760000e-02
2	25	R1	1.586000e+00	1.586000e+00	4.575462e-09	0.000000e+00	5.550000e-02
2	26	R1	1.593000e+00	1.593000e+00	4.548654e-09	-3.979294e-15	5.580000e-02
2	27	R1	1.588000e+00	1.588000e+00	4.567784e-09	-3.993608e-15	5.560000e-02
2	28	R1	1.755000e+00	1.755000e+00	3.973573e-09	0.000000e+00	6.140000e-02
2	29	R1	1.576000e+00	1.576000e+00	5.607990e-10	0.000000e+00	5.520000e-02
2	30	R1	1.655000e+00	1.655000e+00	4.318850e-09	-3.834967e-15	5.790000e-02
2	31	R1	1.617000e+00	1.617000e+00	4.458108e-09	0.000000e+00	5.660000e-02
2	32	R1	1.594000e+00	1.594000e+00	4.544840e-09	0.000000e+00	5.580000e-02
2	34	R1	1.672000e+00	1.672000e+00	4.258082e-09	3.795634e-15	5.850000e-02
2	35	R1	1.693000e+00	1.693000e+00	4.184247e-09	0.000000e+00	5.930000e-02
2	36	R1	1.577000e+00	1.577000e+00	4.610203e-09	0.000000e+00	5.520000e-02
2	38	R1	1.637000e+00	1.637000e+00	4.384208e-09	3.114404e-07	5.730000e-02
2	39	R1	1.591000e+00	1.591000e+00	4.556295e-09	3.986438e-15	5.570000e-02
2	40	R1	1.657000e+00	1.657000e+00	4.311653e-09	0.000000e+00	5.800000e-02
2	41	R1	1.538000e+00	1.538000e+00	5.383095e-10	4.127223e-15	5.380000e-02
2	43	R1	1.063000e+00	1.063000e+00	2.832865e-10	5.968941e-15	3.720000e-02


