0	3	R2	4.301000e+00	4.301000e+00	1.856282e-09	-5.901518e-15	1.505000e-01
0	4	R2	2.982000e+00	2.982000e+00	1.118738e-09	0.000000e+00	1.044000e-01
0	5	R2	3.200000e+00	3.200000e+00	1.230030e-09	0.000000e+00	1.120000e-01
0	6	R2	3.615000e+00	3.615000e+00	1.453456e-09	-3.073003e-07	1.265000e-01
0	7	R2	4.463000e+00	4.463000e+00	1.956945e-09	5.686161e-15	1.562000e-01
0	8	R2	5.912000e+00	5.912000e+00	2.914796e-09	4.292791e-15	2.069000e-01
0	10	R2	6.415000e+00	6.415000e+00	3.257966e-09	0.000000e+00	2.245000e-01
0	12	R2	8.318000e+00	8.318000e+00	4.548595e-09	-6.102222e-15	2.911000e-01
0	13	R2	6.929000e+00	6.929000e+00	3.608835e-09	0.000000e+00	2.425000e-01
0	14	R2	6.724000e+00	6.724000e+00	3.468991e-09	0.000000e+00	2.353000e-01
0	15	R2	7.413000e+00	7.413000e+00	3.938040e-09	-6.845306e-15	2.595000e-01
0	16	R2	6.673000e+00	6.673000e+00	3.434175e-09	3.802134e-15	2.336000e-01
0	17	R2	7.067000e+00	7.067000e+00	3.702855e-09	0.000000e+00	2.473000e-01
0	19	R2	7.531000e+00	7.531000e+00	4.018043e-09	3.369417e-15	2.636000e-01
0	20	R2	6.573000e+00	6.573000e+00	3.365888e-09	-7.719934e-15	2.301000e-01
0	21	R2	7.001000e+00	7.001000e+00	3.657902e-09	-3.625218e-15	2.450000e-01
0	23	R2	7.027000e+00	7.027000e+00	3.675614e-09	3.611950e-15	2.459000e-01
0	24	R2	7.974000e+00	7.974000e+00	4.317357e-09	0.000000e+00	2.791000e-01
0	25	R2	6.855000e+00	6.855000e+00	3.558376e-09	0.000000e+00	2.399000e-01
0	26	R2	6.969000e+00	6.969000e+00	3.636098e-09	-3.641568e-15	2.439000e-01
0	27	R2	7.304000e+00	7.304000e+00	3.864042e-09	6.949753e-15	2.556000e-01
0	28	R2	8.092000e+00	8.092000e+00	4.396796e-09	6.272446e-15	2.832000e-01
0	29	R2	1.535000e+01	1.535000e+01	9.105588e-09	0.000000e+00	5.373000e-01
0	30	R2	8.539000e+00	8.539000e+00	4.696596e-09	-5.942980e-15	2.989000e-01
0	31	R2	1.376100e+01	1.376100e+01	8.095477e-09	3.688449e-15	4.816000e-01
0	32	R2	1.739600e+01	1.739600e+01	1.039713e-08	5.834642e-15	6.089000e-01
0	34	R2	7.051000e+00	7.051000e+00	3.691959e-09	-7.197556e-15	2.468000e-01
0	35	R2	7.993000e+00	7.993000e+00	4.330157e-09	-6.348666e-15	2.798000e-01
0	36	R2	6.805000e+00	6.805000e+00	3.524268e-09	0.000000e+00	2.382000e-01
0	38	R2	6.591000e+00	6.591000e+00	3.378182e-09	-3.849928e-15	2.307000e-01
0	39	R2	6.693000e+00	6.693000e+00	3.447829e-09	0.000000e+00	2.343000e-01
0	40	R2	4.477000e+00	4.477000e+00	1.965731e-09	0.000000e+00	1.567000e-01
0	41	R2	3.003000e+00	3.003000e+00	1.129286e-09	-4.225397e-15	1.051000e-01
0	43	R2	1.699000e+00	1.699000e+00	5.266245e-10	3.731842e-15	5.950000e-02


1	3	NOE	4.033993e-01	4.033993e-01	1.011979e-09	-3.042844e-15	3.648636e-02
1	4	NOE	7.100000e-02	7.100000e-02	7.365379e-10	-1.165734e-13	2.500000e-03
1	5	NOE	2.900000e-01	2.900000e-01	8.925952e-10	-5.442270e-15	1.020000e-02
1	6	NOE	4.180000e-01	4.180000e-01	1.030460e-09	1.140640e-14	1.460000e-02
1	7	NOE	5.690000e-01	5.690000e-01	1.293894e-09	-5.579010e-15	1.990000e-02
1	8	NOE	7.140000e-01	7.140000e-01	1.858055e-09	0.000000e+00	2.500000e-02
1	10	NOE	7.500000e-01	7.500000e-01	2.149168e-09	4.221380e-15	2.630000e-02
1	12	NOE	7.870000e-01	7.870000e-01	2.648300e-09	0.000000e+00	2.750000e-02
1	13	NOE	7.800000e-01	7.800000e-01	2.528045e-09	0.000000e+00	2.730000e-02
1	14	NOE	8.230000e-01	8.230000e-01	3.730270e-09	-3.854941e-15	2.880000e-02
1	15	NOE	7.940000e-01	7.940000e-01	2.787043e-09	0.000000e+00	2.780000e-02
1	16	NOE	7.780000e-01	7.780000e-01	2.496524e-09	0.000000e+00	2.720000e-02
1	17	NOE	7.900000e-01	7.900000e-01	2.705230e-09	0.000000e+00	2.770000e-02
1	19	NOE	7.420000e-01	7.420000e-01	2.073230e-09	0.000000e+00	2.600000e-02
1	20	NOE	7.640000e-01	7.640000e-01	2.303989e-09	0.000000e+00	2.670000e-02
1	21	NOE	7.380000e-01	7.380000e-01	2.038064e-09	0.000000e+00	2.580000e-02
1	23	NOE	7.850000e-01	7.850000e-01	2.612244e-09	-4.037175e-15	2.750000e-02
1	24	NOE	7.930000e-01	7.930000e-01	2.765910e-09	-3.993608e-15	2.780000e-02
1	25	NOE	7.860000e-01	7.860000e-01	2.630091e-09	4.037175e-15	2.750000e-02
1	26	NOE	8.080000e-01	8.080000e-01	3.143652e-09	0.000000e+00	2.830000e-02
1	27	NOE	7.840000e-01	7.840000e-01	2.594747e-09	-4.051909e-15	2.740000e-02
1	28	NOE	7.760000e-01	7.760000e-01	2.466126e-09	4.081702e-15	2.720000e-02
1	29	NOE	7.790000e-01	7.790000e-01	2.512140e-09	4.066751e-15	2.730000e-02
1	30	NOE	8.380000e-01	8.380000e-01	4.836899e-09	0.000000e+00	2.930000e-02
1	31	NOE	7.960000e-01	7.960000e-01	2.830772e-09	3.979294e-15	2.790000e-02
1	32	NOE	8.110000e-01	8.110000e-01	3.239187e-09	0.000000e+00	2.840000e-02
1	34	NOE	7.870000e-01	7.870000e-01	2.648300e-09	0.000000e+00	2.750000e-02
1	35	NOE	8.070000e-01	8.070000e-01	3.113610e-09	3.936961e-15	2.820000e-02
1	36	NOE	7.810000e-01	7.810000e-01	2.544249e-09	4.066751e-15	2.730000e-02
1	38	NOE	7.900000e-01	7.900000e-01	2.705230e-09	0.000000e+00	2.770000e-02
1	39	NOE	7.000000e-01	7.000000e-01	1.772088e-09	9.063045e-15	2.450000e-02
1	40	NOE	5.410000e-01	5.410000e-01	1.231615e-09	0.000000e+00	1.890000e-02
1	41	NOE	2.370000e-01	2.370000e-01	8.478329e-10	1.337618e-14	8.300000e-03
1	43	NOE	-5.730000e-01	-5.730000e-01	4.946465e-10	0.000000e+00	2.010000e-02


2	3	R1	1.621000e+00	1.621000e+00	5.187582e-09	7.832261e-15	5.670000e-02
2	4	R1	1.444000e+00	1.444000e+00	5.065323e-10	4.396923e-15	5.050000e-02
2	5	R1	1.528000e+00	1.528000e+00	5.591068e-10	0.000000e+00	5.350000e-02
2	6	R1	1.598000e+00	1.598000e+00	6.042124e-10	3.972175e-15	5.590000e-02
2	7	R1	1.636000e+00	1.636000e+00	5.124416e-09	0.000000e+00	5.730000e-02
2	8	R1	1.714000e+00	1.714000e+00	4.809737e-09	3.700743e-15	6.000000e-02
2	10	R1	1.641000e+00	1.641000e+00	5.103561e-09	0.000000e+00	5.740000e-02
2	12	R1	1.747000e+00	1.747000e+00	4.682932e-09	-3.634118e-15	6.110000e-02
2	13	R1	1.690000e+00	1.690000e+00	4.904223e-09	0.000000e+00	5.920000e-02
2	14	R1	1.735000e+00	1.735000e+00	4.728640e-09	3.658066e-15	6.070000e-02
2	15	R1	1.784000e+00	1.784000e+00	4.544740e-09	3.558407e-15	6.240000e-02
2	16	R1	1.656000e+00	1.656000e+00	5.041582e-09	-3.828355e-15	5.800000e-02
2	17	R1	1.715000e+00	1.715000e+00	4.805842e-09	3.700743e-15	6.000000e-02
2	19	R1	1.686000e+00	1.686000e+00	4.920166e-09	7.526936e-15	5.900000e-02
2	20	R1	1.748000e+00	1.748000e+00	4.679143e-09	3.628180e-15	6.120000e-02
2	21	R1	1.686000e+00	1.686000e+00	4.920166e-09	7.526936e-15	5.900000e-02
2	23	R1	1.833000e+00	1.833000e+00	4.367607e-09	-3.458639e-15	6.420000e-02
2	24	R1	1.768000e+00	1.768000e+00	4.604004e-09	0.000000e+00	6.190000e-02
2	25	R1	1.719000e+00	1.719000e+00	4.790297e-09	-3.688449e-15	6.020000e-02
2	26	R1	1.687000e+00	1.687000e+00	4.916175e-09	3.763468e-15	5.900000e-02
2	27	R1	1.741000e+00	1.741000e+00	4.705730e-09	0.000000e+00	6.090000e-02
2	28	R1	1.822000e+00	1.822000e+00	4.406825e-09	3.480323e-15	6.380000e-02
2	29	R1	1.672000e+00	1.672000e+00	4.976415e-09	3.795634e-15	5.850000e-02
2	30	R1	1.836000e+00	1.836000e+00	4.356964e-09	3.453260e-15	6.430000e-02
2	31	R1	1.705000e+00	1.705000e+00	4.844938e-09	0.000000e+00	5.970000e-02
2	32	R1	1.712000e+00	1.712000e+00	4.817536e-09	0.000000e+00	5.990000e-02
2	34	R1	1.801000e+00	1.801000e+00	4.482561e-09	0.000000e+00	6.300000e-02
2	35	R1	1.754000e+00	1.754000e+00	4.656475e-09	7.232723e-15	6.140000e-02
2	36	R1	1.651000e+00	1.651000e+00	5.062145e-09	7.683204e-15	5.780000e-02
2	38	R1	1.767000e+00	1.767000e+00	4.607733e-09	0.000000e+00	6.180000e-02
2	39	R1	1.715000e+00	1.715000e+00	4.805842e-09	3.700743e-15	6.000000e-02
2	40	R1	1.698000e+00	1.698000e+00	4.872508e-09	3.738125e-15	5.940000e-02
2	41	R1	1.530000e+00	1.530000e+00	5.603780e-10	0.000000e+00	5.360000e-02
2	43	R1	1.027000e+00	1.027000e+00	2.686877e-10	0.000000e+00	3.590000e-02


