3	3.720000e+00	2.680000e-01	3.418049e-01	2.888164e-02	1.762000e+00	6.170000e-02	1.175608e-01	
4	2.510000e+00	8.780000e-02	-1.900000e-01	6.700000e-03	1.420000e+00	4.970000e-02	1.712920e-01	
5	2.940000e+00	1.029000e-01	2.300000e-02	8.000000e-04	1.564000e+00	5.470000e-02	1.548935e-01	
6	3.340000e+00	1.169000e-01	2.090000e-01	7.300000e-03	1.666000e+00	5.830000e-02	1.335837e-01	
7	4.030000e+00	1.411000e-01	4.110000e-01	1.440000e-02	1.795000e+00	6.280000e-02	1.071721e-01	
8	5.020000e+00	1.757000e-01	5.750000e-01	2.010000e-02	1.956000e+00	6.850000e-02	8.426740e-02	
10	5.670000e+00	1.985000e-01	6.760000e-01	2.370000e-02	1.983000e+00	6.940000e-02	6.512827e-02	
12	6.850000e+00	2.398000e-01	7.340000e-01	2.570000e-02	2.118000e+00	7.410000e-02	5.710964e-02	
13	6.090000e+00	2.132000e-01	7.230000e-01	2.530000e-02	2.106000e+00	7.370000e-02	5.913437e-02	
14	5.960000e+00	2.086000e-01	7.080000e-01	2.480000e-02	2.119000e+00	7.420000e-02	6.272139e-02	
15	7.870000e+00	2.755000e-01	7.090000e-01	2.480000e-02	2.181000e+00	1.371000e-01	6.433547e-02	
16	5.730000e+00	2.006000e-01	6.760000e-01	2.370000e-02	1.998000e+00	6.990000e-02	6.562092e-02	
17	5.850000e+00	2.048000e-01	7.200000e-01	2.520000e-02	2.114000e+00	7.400000e-02	6.000188e-02	
19	5.930000e+00	2.076000e-01	6.720000e-01	2.350000e-02	1.957000e+00	6.850000e-02	6.506786e-02	
20	5.780000e+00	2.023000e-01	6.930000e-01	2.430000e-02	2.148000e+00	7.520000e-02	6.684586e-02	
21	6.260000e+00	2.191000e-01	6.870000e-01	2.400000e-02	2.042000e+00	7.150000e-02	6.478910e-02	
23	6.240000e+00	2.184000e-01	7.220000e-01	2.530000e-02	2.228000e+00	7.800000e-02	6.278586e-02	
24	6.460000e+00	2.261000e-01	7.240000e-01	2.530000e-02	2.213000e+00	7.750000e-02	6.191449e-02	
25	6.700000e+00	2.345000e-01	7.170000e-01	2.510000e-02	2.139000e+00	7.490000e-02	6.136194e-02	
26	6.170000e+00	2.160000e-01	7.290000e-01	2.550000e-02	2.130000e+00	7.460000e-02	5.851278e-02	
27	6.290000e+00	2.202000e-01	7.260000e-01	2.540000e-02	2.155000e+00	7.540000e-02	5.985490e-02	
28	6.490000e+00	2.272000e-01	7.230000e-01	2.530000e-02	2.205000e+00	7.720000e-02	6.191419e-02	
29	8.200000e+00	2.870000e-01	6.980000e-01	2.440000e-02	2.061000e+00	7.210000e-02	6.309381e-02	
30	6.790000e+00	2.377000e-01	7.340000e-01	2.570000e-02	2.196000e+00	7.690000e-02	5.921283e-02	
31	8.340000e+00	2.919000e-01	7.340000e-01	2.570000e-02	2.120000e+00	7.420000e-02	5.716357e-02	
32	9.920000e+00	3.472000e-01	7.190000e-01	2.520000e-02	2.053000e+00	7.190000e-02	5.847862e-02	
34	6.210000e+00	2.174000e-01	7.270000e-01	2.540000e-02	2.206000e+00	7.720000e-02	6.104780e-02	
35	6.530000e+00	2.286000e-01	7.150000e-01	2.500000e-02	2.189000e+00	7.660000e-02	6.324009e-02	
36	5.630000e+00	1.971000e-01	7.000000e-01	2.450000e-02	2.035000e+00	7.120000e-02	6.188530e-02	
38	5.960000e+00	2.086000e-01	7.010000e-01	2.450000e-02	2.166000e+00	7.580000e-02	6.564951e-02	
39	5.830000e+00	2.041000e-01	6.640000e-01	2.320000e-02	2.065000e+00	7.230000e-02	7.033333e-02	
40	3.910000e+00	1.369000e-01	4.100000e-01	1.430000e-02	1.899000e+00	6.650000e-02	1.135740e-01	
41	2.590000e+00	9.070000e-02	-2.200000e-02	8.000000e-04	1.590000e+00	5.570000e-02	1.647213e-01	
43	1.050000e+00	3.680000e-02	-6.300000e-01	2.210000e-02	9.400000e-01	3.290000e-02	1.553164e-01	
