3	4.801000e+00	1.680000e-01	5.026298e-01	3.696412e-02	1.577000e+00	5.520000e-02	7.950844e-02	
4	2.911000e+00	1.019000e-01	1.870000e-01	6.500000e-03	1.391000e+00	4.870000e-02	1.146356e-01	
5	3.483000e+00	1.219000e-01	3.110000e-01	1.090000e-02	1.534000e+00	5.370000e-02	1.071387e-01	
6	3.814000e+00	1.335000e-01	4.310000e-01	1.510000e-02	1.609000e+00	5.630000e-02	9.280474e-02	
7	4.990000e+00	1.747000e-01	5.400000e-01	1.890000e-02	1.607000e+00	5.620000e-02	7.493342e-02	
8	6.257000e+00	2.190000e-01	7.380000e-01	2.580000e-02	1.619000e+00	5.670000e-02	4.299817e-02	
10	6.994000e+00	2.448000e-01	8.110000e-01	2.840000e-02	1.523000e+00	5.330000e-02	2.917854e-02	
12	8.972000e+00	3.140000e-01	8.600000e-01	3.010000e-02	1.607000e+00	5.620000e-02	2.280582e-02	
13	7.607000e+00	2.662000e-01	7.970000e-01	2.790000e-02	1.547000e+00	5.410000e-02	3.183378e-02	
14	7.517000e+00	2.631000e-01	8.150000e-01	2.850000e-02	1.610000e+00	5.640000e-02	3.019253e-02	
15	7.820000e+00	2.737000e-01	7.930000e-01	2.780000e-02	1.642000e+00	5.750000e-02	3.445445e-02	
16	7.477000e+00	2.617000e-01	7.890000e-01	2.760000e-02	1.540000e+00	5.390000e-02	3.293859e-02	
17	7.158000e+00	2.505000e-01	7.890000e-01	2.760000e-02	1.593000e+00	5.580000e-02	3.407219e-02	
19	8.469000e+00	2.964000e-01	7.680000e-01	2.690000e-02	1.568000e+00	5.490000e-02	3.687533e-02	
20	6.785000e+00	2.375000e-01	7.730000e-01	2.710000e-02	1.626000e+00	5.690000e-02	3.741521e-02	
21	7.561000e+00	2.646000e-01	7.620000e-01	2.670000e-02	1.612000e+00	5.640000e-02	3.889053e-02	
23	7.576000e+00	2.652000e-01	8.040000e-01	2.810000e-02	1.723000e+00	6.030000e-02	3.423286e-02	
24	8.687000e+00	3.040000e-01	8.380000e-01	2.930000e-02	1.647000e+00	5.760000e-02	2.704646e-02	
25	7.180000e+00	2.513000e-01	7.920000e-01	2.770000e-02	1.586000e+00	5.550000e-02	3.344016e-02	
26	7.255000e+00	2.539000e-01	8.000000e-01	2.800000e-02	1.593000e+00	5.580000e-02	3.229592e-02	
27	7.634000e+00	2.672000e-01	7.970000e-01	2.790000e-02	1.588000e+00	5.560000e-02	3.267747e-02	
28	8.920000e+00	3.122000e-01	8.050000e-01	2.820000e-02	1.755000e+00	6.140000e-02	3.469074e-02	
29	1.788700e+01	6.260000e-01	8.050000e-01	2.820000e-02	1.576000e+00	5.520000e-02	3.115248e-02	
30	1.013500e+01	3.547000e-01	8.440000e-01	2.950000e-02	1.655000e+00	5.790000e-02	2.617125e-02	
31	1.556100e+01	5.446000e-01	8.260000e-01	2.890000e-02	1.617000e+00	5.660000e-02	2.852076e-02	
32	1.988200e+01	6.959000e-01	8.140000e-01	2.850000e-02	1.594000e+00	5.580000e-02	3.005406e-02	
34	7.449000e+00	2.607000e-01	8.040000e-01	2.810000e-02	1.672000e+00	5.850000e-02	3.321958e-02	
35	8.675000e+00	3.036000e-01	8.090000e-01	2.830000e-02	1.693000e+00	5.930000e-02	3.277873e-02	
36	7.433000e+00	2.602000e-01	8.170000e-01	2.860000e-02	1.577000e+00	5.520000e-02	2.925396e-02	
38	7.279000e+00	2.548000e-01	8.300000e-01	2.910000e-02	1.637000e+00	5.730000e-02	2.820976e-02	
39	7.125000e+00	2.494000e-01	7.870000e-01	2.750000e-02	1.591000e+00	5.570000e-02	3.435197e-02	
40	4.613000e+00	1.615000e-01	5.390000e-01	1.890000e-02	1.657000e+00	5.800000e-02	7.743286e-02	
41	3.002000e+00	1.051000e-01	3.780000e-01	1.320000e-02	1.538000e+00	5.380000e-02	9.697249e-02	
43	1.501000e+00	5.250000e-02	-7.200000e-02	2.500000e-03	1.063000e+00	3.720000e-02	1.155127e-01	
