3	4.301000e+00	1.505000e-01	4.033993e-01	3.648636e-02	1.621000e+00	5.670000e-02	9.803217e-02	
4	2.982000e+00	1.044000e-01	7.100000e-02	2.500000e-03	1.444000e+00	5.050000e-02	1.359830e-01	
5	3.200000e+00	1.120000e-01	2.900000e-01	1.020000e-02	1.528000e+00	5.350000e-02	1.099724e-01	
6	3.615000e+00	1.265000e-01	4.180000e-01	1.460000e-02	1.598000e+00	5.590000e-02	9.427610e-02	
7	4.463000e+00	1.562000e-01	5.690000e-01	1.990000e-02	1.636000e+00	5.730000e-02	7.147636e-02	
8	5.912000e+00	2.069000e-01	7.140000e-01	2.500000e-02	1.714000e+00	6.000000e-02	4.969111e-02	
10	6.415000e+00	2.245000e-01	7.500000e-01	2.630000e-02	1.641000e+00	5.740000e-02	4.158631e-02	
12	8.318000e+00	2.911000e-01	7.870000e-01	2.750000e-02	1.747000e+00	6.110000e-02	3.772023e-02	
13	6.929000e+00	2.425000e-01	7.800000e-01	2.730000e-02	1.690000e+00	5.920000e-02	3.768871e-02	
14	6.724000e+00	2.353000e-01	8.230000e-01	2.880000e-02	1.735000e+00	6.070000e-02	3.112967e-02	
15	7.413000e+00	2.595000e-01	7.940000e-01	2.780000e-02	1.784000e+00	6.240000e-02	3.725323e-02	
16	6.673000e+00	2.336000e-01	7.780000e-01	2.720000e-02	1.656000e+00	5.800000e-02	3.726620e-02	
17	7.067000e+00	2.473000e-01	7.900000e-01	2.770000e-02	1.715000e+00	6.000000e-02	3.650777e-02	
19	7.531000e+00	2.636000e-01	7.420000e-01	2.600000e-02	1.686000e+00	5.900000e-02	4.409396e-02	
20	6.573000e+00	2.301000e-01	7.640000e-01	2.670000e-02	1.748000e+00	6.120000e-02	4.181723e-02	
21	7.001000e+00	2.450000e-01	7.380000e-01	2.580000e-02	1.686000e+00	5.900000e-02	4.477759e-02	
23	7.027000e+00	2.459000e-01	7.850000e-01	2.750000e-02	1.833000e+00	6.420000e-02	3.994871e-02	
24	7.974000e+00	2.791000e-01	7.930000e-01	2.780000e-02	1.768000e+00	6.190000e-02	3.709834e-02	
25	6.855000e+00	2.399000e-01	7.860000e-01	2.750000e-02	1.719000e+00	6.020000e-02	3.728992e-02	
26	6.969000e+00	2.439000e-01	8.080000e-01	2.830000e-02	1.687000e+00	5.900000e-02	3.283357e-02	
27	7.304000e+00	2.556000e-01	7.840000e-01	2.740000e-02	1.741000e+00	6.090000e-02	3.812013e-02	
28	8.092000e+00	2.832000e-01	7.760000e-01	2.720000e-02	1.822000e+00	6.380000e-02	4.137121e-02	
29	1.535000e+01	5.373000e-01	7.790000e-01	2.730000e-02	1.672000e+00	5.850000e-02	3.745678e-02	
30	8.539000e+00	2.989000e-01	8.380000e-01	2.930000e-02	1.836000e+00	6.430000e-02	3.015015e-02	
31	1.376100e+01	4.816000e-01	7.960000e-01	2.790000e-02	1.705000e+00	5.970000e-02	3.525790e-02	
32	1.739600e+01	6.089000e-01	8.110000e-01	2.840000e-02	1.712000e+00	5.990000e-02	3.279951e-02	
34	7.051000e+00	2.468000e-01	7.870000e-01	2.750000e-02	1.801000e+00	6.300000e-02	3.888617e-02	
35	7.993000e+00	2.798000e-01	8.070000e-01	2.820000e-02	1.754000e+00	6.140000e-02	3.431537e-02	
36	6.805000e+00	2.382000e-01	7.810000e-01	2.730000e-02	1.651000e+00	5.780000e-02	3.665161e-02	
38	6.591000e+00	2.307000e-01	7.900000e-01	2.770000e-02	1.767000e+00	6.180000e-02	3.761471e-02	
39	6.693000e+00	2.343000e-01	7.000000e-01	2.450000e-02	1.715000e+00	6.000000e-02	5.215395e-02	
40	4.477000e+00	1.567000e-01	5.410000e-01	1.890000e-02	1.698000e+00	5.940000e-02	7.900457e-02	
41	3.003000e+00	1.051000e-01	2.370000e-01	8.300000e-03	1.530000e+00	5.360000e-02	1.183363e-01	
43	1.699000e+00	5.950000e-02	-5.730000e-01	2.010000e-02	1.027000e+00	3.590000e-02	1.637574e-01	
