1.092272e+00	1.000000e+00	7.789531e-29
1.180219e+00	0.000000e+00	7.744489e-28
1.275247e+00	0.000000e+00	8.855702e-27
1.377927e+00	0.000000e+00	1.169003e-25
1.488874e+00	0.000000e+00	1.786346e-24
1.608754e+00	0.000000e+00	3.164622e-23
1.738287e+00	0.000000e+00	6.498882e-22
1.878250e+00	0.000000e+00	1.543802e-20
2.029482e+00	0.000000e+00	4.222431e-19
2.192890e+00	0.000000e+00	1.319408e-17
2.369456e+00	0.000000e+00	4.655933e-16
2.560239e+00	2.000000e+00	1.825503e-14
2.766383e+00	0.000000e+00	7.779993e-13
2.989126e+00	1.000000e+00	3.501779e-11
3.229802e+00	1.000000e+00	1.604031e-09
3.489858e+00	0.000000e+00	7.134111e-08
3.770853e+00	2.000000e+00	2.904645e-06
4.074472e+00	1.000000e+00	1.006293e-04
4.402539e+00	0.000000e+00	2.710991e-03
4.757020e+00	0.000000e+00	5.086810e-02
5.140044e+00	1.000000e+00	5.813263e-01
5.553907e+00	3.000000e+00	3.439253e+00
6.001094e+00	9.000000e+00	8.657389e+00
6.484287e+00	7.000000e+00	7.323585e+00
7.006385e+00	2.000000e+00	1.568919e+00
7.570522e+00	0.000000e+00	6.068123e-02
8.180082e+00	3.000000e+00	2.829534e-04
8.838721e+00	0.000000e+00	9.834252e-08
9.550393e+00	1.000000e+00	1.438420e-12


1.079835e-02	0.000000e+00	1.123335e-25
1.252252e-02	0.000000e+00	1.467783e-25
1.452199e-02	0.000000e+00	2.000081e-25
1.684071e-02	0.000000e+00	2.860684e-25
1.952966e-02	0.000000e+00	4.326557e-25
2.264796e-02	1.000000e+00	6.978181e-25
2.626416e-02	0.000000e+00	1.211898e-24
3.045775e-02	0.000000e+00	2.291341e-24
3.532093e-02	0.000000e+00	4.775632e-24
4.096062e-02	0.000000e+00	1.112776e-23
4.750079e-02	0.000000e+00	2.945071e-23
5.508523e-02	0.000000e+00	9.010978e-23
6.388068e-02	0.000000e+00	3.250430e-22
7.408049e-02	0.000000e+00	1.412309e-21
8.590891e-02	0.000000e+00	7.565460e-21
9.962597e-02	0.000000e+00	5.121508e-20
1.155332e-01	0.000000e+00	4.495422e-19
1.339804e-01	0.000000e+00	5.249717e-18
1.553730e-01	0.000000e+00	8.358093e-17
1.801814e-01	0.000000e+00	1.852784e-15
2.089509e-01	1.000000e+00	5.802693e-14
2.423141e-01	0.000000e+00	2.577188e-12
2.810043e-01	0.000000e+00	1.601604e-10
3.258722e-01	1.000000e+00	1.338901e-08
3.779042e-01	0.000000e+00	1.393010e-06
4.382441e-01	2.000000e+00	1.578597e-04
5.082184e-01	0.000000e+00	1.575272e-02
5.893655e-01	1.000000e+00	1.000535e+00
6.834694e-01	2.500000e+01	2.499453e+01


9.541964e-01	1.000000e+00	2.856342e-19
9.830180e-01	0.000000e+00	2.243163e-18
1.012710e+00	0.000000e+00	1.782077e-17
1.043299e+00	0.000000e+00	1.428264e-16
1.074812e+00	0.000000e+00	1.151302e-15
1.107277e+00	0.000000e+00	9.303002e-15
1.140722e+00	0.000000e+00	7.508055e-14
1.175178e+00	0.000000e+00	6.027998e-13
1.210674e+00	0.000000e+00	4.793730e-12
1.247243e+00	0.000000e+00	3.758146e-11
1.284916e+00	0.000000e+00	2.889603e-10
1.323727e+00	0.000000e+00	2.166897e-09
1.363711e+00	0.000000e+00	1.575211e-08
1.404902e+00	1.000000e+00	1.102767e-07
1.447337e+00	0.000000e+00	7.382099e-07
1.491054e+00	0.000000e+00	4.689019e-06
1.536091e+00	0.000000e+00	2.802685e-05
1.582489e+00	2.000000e+00	1.562257e-04
1.630288e+00	0.000000e+00	8.042735e-04
1.679531e+00	1.000000e+00	3.784301e-03
1.730262e+00	0.000000e+00	1.609178e-02
1.782524e+00	2.000000e+00	6.109275e-02
1.836366e+00	0.000000e+00	2.043956e-01
1.891833e+00	1.000000e+00	5.942258e-01
1.948976e+00	2.000000e+00	1.478682e+00
2.007846e+00	3.000000e+00	3.098840e+00
2.068493e+00	4.000000e+00	5.374820e+00
2.130972e+00	9.000000e+00	7.572752e+00
2.195338e+00	8.000000e+00	8.494995e+00


5.821192e-02	6.000000e+00	4.689370e+00
6.045903e-02	4.000000e+00	6.178930e+00
6.279288e-02	7.000000e+00	6.232872e+00
6.521682e-02	6.000000e+00	4.660862e+00
6.773433e-02	1.000000e+00	2.494524e+00
7.034902e-02	1.000000e+00	9.195975e-01
7.306465e-02	0.000000e+00	2.239389e-01
7.588511e-02	0.000000e+00	3.441733e-02
7.881444e-02	0.000000e+00	3.176568e-03
8.185685e-02	0.000000e+00	1.667886e-04
8.501670e-02	1.000000e+00	4.696890e-06
8.829853e-02	0.000000e+00	6.653375e-08
9.170704e-02	0.000000e+00	4.421483e-10
9.524714e-02	0.000000e+00	1.277757e-12
9.892388e-02	0.000000e+00	1.478693e-15
1.027426e-01	0.000000e+00	6.265427e-19
1.067086e-01	1.000000e+00	8.818682e-23
1.108278e-01	0.000000e+00	3.709734e-27
1.151060e-01	1.000000e+00	4.158572e-32
1.195494e-01	1.000000e+00	1.096816e-37
1.241642e-01	0.000000e+00	5.946194e-44
1.289573e-01	0.000000e+00	5.722878e-51
1.339353e-01	1.000000e+00	8.341350e-59
1.391055e-01	0.000000e+00	1.549763e-67
1.444753e-01	0.000000e+00	3.044904e-77
1.500523e-01	0.000000e+00	5.166963e-88
1.558447e-01	2.000000e+00	6.081001e-100
1.618606e-01	1.000000e+00	3.913569e-113
1.681088e-01	1.000000e+00	1.064689e-127


2.123158e-01	6.000000e+00	4.689509e+00
2.233137e-01	4.000000e+00	6.162909e+00
2.348814e-01	7.000000e+00	6.252280e+00
2.470482e-01	6.000000e+00	4.693132e+00
2.598453e-01	1.000000e+00	2.485092e+00
2.733053e-01	1.000000e+00	8.798466e-01
2.874625e-01	0.000000e+00	1.961286e-01
3.023530e-01	0.000000e+00	2.573138e-02
3.180149e-01	0.000000e+00	1.842341e-03
3.344881e-01	0.000000e+00	6.615146e-05
3.518145e-01	1.000000e+00	1.083658e-06
3.700385e-01	0.000000e+00	7.286278e-09
3.892065e-01	0.000000e+00	1.786790e-11
4.093674e-01	0.000000e+00	1.400580e-14
4.305726e-01	0.000000e+00	3.028846e-18
4.528762e-01	0.000000e+00	1.533449e-22
4.763352e-01	1.000000e+00	1.513485e-27
5.010093e-01	0.000000e+00	2.374659e-33
5.269616e-01	1.000000e+00	4.718874e-40
5.542582e-01	1.000000e+00	9.221121e-48
5.829687e-01	0.000000e+00	1.336897e-56
6.131665e-01	0.000000e+00	1.051107e-66
6.449285e-01	1.000000e+00	3.162251e-78
6.783357e-01	0.000000e+00	2.470244e-91
7.134735e-01	0.000000e+00	3.255761e-106
7.504314e-01	0.000000e+00	4.483745e-123
7.893037e-01	2.000000e+00	3.788579e-142
8.301896e-01	1.000000e+00	1.087132e-163
8.731934e-01	1.000000e+00	5.492292e-188


