0	2	R2	3.759398e+00	3.759398e+00	1.788030e-09	-6.284395e-15	7.066539e-02
0	3	R2	7.462687e+00	7.462687e+00	4.728990e-09	-1.594813e-14	5.569169e-02
0	5	R2	8.000000e+00	8.000000e+00	5.200924e-09	0.000000e+00	6.400000e-02
0	6	R2	7.936508e+00	7.936508e+00	5.145118e-09	0.000000e+00	6.298816e-02
0	7	R2	8.064516e+00	8.064516e+00	5.257629e-09	-2.731326e-14	6.503642e-02
0	9	R2	8.695652e+00	8.695652e+00	5.811733e-09	0.000000e+00	7.561437e-02
0	10	R2	8.474576e+00	8.474576e+00	5.617831e-09	0.000000e+00	7.181844e-02
0	11	R2	8.849558e+00	8.849558e+00	5.946545e-09	0.000000e+00	7.831467e-02
0	12	R2	8.771930e+00	8.771930e+00	5.878567e-09	2.308553e-14	7.694675e-02
0	13	R2	9.009009e+00	9.009009e+00	6.086039e-09	0.000000e+00	1.623245e-01
0	14	R2	8.547009e+00	8.547009e+00	5.681390e-09	2.431655e-14	7.305136e-02
0	15	R2	8.928571e+00	8.928571e+00	6.015693e-09	0.000000e+00	7.971939e-02
0	16	R2	8.474576e+00	8.474576e+00	5.617831e-09	nan	0.000000e+00
0	17	R2	9.090909e+00	9.090909e+00	6.157614e-09	4.298784e-15	4.132231e-01
0	18	R2	8.474576e+00	8.474576e+00	5.617831e-09	0.000000e+00	7.181844e-02
0	19	R2	8.264463e+00	8.264463e+00	5.433328e-09	2.600764e-14	6.830135e-02
0	20	R2	7.812500e+00	7.812500e+00	5.036133e-09	0.000000e+00	6.103516e-02
0	22	R2	8.547009e+00	8.547009e+00	5.681390e-09	1.215827e-14	1.461027e-01
0	23	R2	8.849558e+00	8.849558e+00	5.946545e-09	0.000000e+00	7.831467e-02
0	24	R2	7.812500e+00	7.812500e+00	5.036133e-09	0.000000e+00	6.103516e-02
0	25	R2	6.622517e+00	6.622517e+00	3.997414e-09	-2.025136e-14	4.385773e-02
0	26	R2	7.518797e+00	7.518797e+00	4.778209e-09	1.047399e-14	1.695969e-01
0	27	R2	8.196721e+00	8.196721e+00	5.373811e-09	0.000000e+00	6.718624e-02
0	29	R2	8.849558e+00	8.849558e+00	5.946545e-09	0.000000e+00	7.831467e-02
0	30	R2	8.333333e+00	8.333333e+00	5.493823e-09	-2.557954e-14	6.944444e-02
0	31	R2	9.174312e+00	9.174312e+00	6.230446e-09	-2.110490e-14	8.416800e-02
0	32	R2	8.547009e+00	8.547009e+00	5.681390e-09	2.431655e-14	7.305136e-02
0	33	R2	8.620690e+00	8.620690e+00	5.746016e-09	0.000000e+00	7.431629e-02
0	34	R2	8.695652e+00	8.695652e+00	5.811733e-09	nan	0.000000e+00
0	35	R2	8.474576e+00	8.474576e+00	5.617831e-09	0.000000e+00	7.181844e-02
0	36	R2	8.771930e+00	8.771930e+00	5.878567e-09	2.308553e-14	7.694675e-02
0	37	R2	8.849558e+00	8.849558e+00	5.946545e-09	0.000000e+00	7.831467e-02
0	38	R2	7.692308e+00	7.692308e+00	4.930536e-09	0.000000e+00	1.775148e-01
0	39	R2	8.547009e+00	8.547009e+00	5.681390e-09	2.431655e-14	7.305136e-02
0	40	R2	7.751938e+00	7.751938e+00	4.982920e-09	0.000000e+00	1.201851e-01
0	41	R2	8.130081e+00	8.130081e+00	5.315251e-09	0.000000e+00	1.321964e-01
0	42	R2	8.064516e+00	8.064516e+00	5.257629e-09	-6.828316e-15	2.601457e-01
0	43	R2	7.042254e+00	7.042254e+00	4.361290e-09	-3.581846e-14	4.959333e-02
0	44	R2	7.751938e+00	7.751938e+00	4.982920e-09	0.000000e+00	6.009254e-02
0	45	R2	7.575758e+00	7.575758e+00	4.828196e-09	3.095124e-14	5.739210e-02
0	46	R2	7.462687e+00	7.462687e+00	4.728990e-09	-1.594813e-14	5.569169e-02
0	47	R2	8.695652e+00	8.695652e+00	5.811733e-09	0.000000e+00	7.561437e-02
0	48	R2	8.196721e+00	8.196721e+00	5.373811e-09	nan	0.000000e+00
0	50	R2	8.403361e+00	8.403361e+00	5.555317e-09	0.000000e+00	7.061648e-02
0	51	R2	8.547009e+00	8.547009e+00	5.681390e-09	2.431655e-14	7.305136e-02
0	54	R2	7.518797e+00	7.518797e+00	4.778209e-09	3.142198e-14	5.653231e-02
0	55	R2	7.633588e+00	7.633588e+00	4.878967e-09	3.048406e-14	5.827166e-02
0	56	R2	8.000000e+00	8.000000e+00	5.200924e-09	0.000000e+00	6.400000e-02
0	57	R2	7.936508e+00	7.936508e+00	5.145118e-09	0.000000e+00	6.298816e-02
0	58	R2	8.333333e+00	8.333333e+00	5.493823e-09	-2.557954e-14	6.944444e-02
0	60	R2	8.130081e+00	8.130081e+00	5.315251e-09	0.000000e+00	6.609822e-02
0	61	R2	8.695652e+00	8.695652e+00	5.811733e-09	0.000000e+00	7.561437e-02
0	62	R2	8.771930e+00	8.771930e+00	5.878567e-09	2.308553e-14	7.694675e-02
0	63	R2	8.620690e+00	8.620690e+00	5.746016e-09	nan	0.000000e+00
0	65	R2	8.474576e+00	8.474576e+00	5.617831e-09	0.000000e+00	7.181844e-02
0	66	R2	8.474576e+00	8.474576e+00	5.617831e-09	0.000000e+00	7.181844e-02
0	67	R2	8.620690e+00	8.620690e+00	5.746016e-09	0.000000e+00	7.431629e-02
0	68	R2	7.936508e+00	7.936508e+00	5.145118e-09	0.000000e+00	1.259763e-01
0	70	R2	8.264463e+00	8.264463e+00	5.433328e-09	2.600764e-14	6.830135e-02
0	71	R2	8.771930e+00	8.771930e+00	5.878567e-09	inf	0.000000e+00
0	72	R2	7.751938e+00	7.751938e+00	4.982920e-09	0.000000e+00	6.009254e-02
0	73	R2	8.403361e+00	8.403361e+00	5.555317e-09	0.000000e+00	7.061648e-02
0	74	R2	7.246377e+00	7.246377e+00	4.539527e-09	0.000000e+00	5.250998e-02
0	75	R2	8.064516e+00	8.064516e+00	5.257629e-09	-2.731326e-14	6.503642e-02
0	76	R2	8.771930e+00	8.771930e+00	5.878567e-09	2.308553e-14	7.694675e-02
0	77	R2	8.547009e+00	8.547009e+00	5.681390e-09	2.431655e-14	7.305136e-02
0	78	R2	8.333333e+00	8.333333e+00	5.493823e-09	-2.557954e-14	6.944444e-02
0	79	R2	7.575758e+00	7.575758e+00	4.828196e-09	3.095124e-14	5.739210e-02
0	80	R2	5.524862e+00	5.524862e+00	3.078357e-09	0.000000e+00	3.052410e-02
0	81	R2	8.000000e+00	8.000000e+00	5.200924e-09	0.000000e+00	6.400000e-02
0	83	R2	8.000000e+00	8.000000e+00	5.200924e-09	0.000000e+00	6.400000e-02
0	85	R2	8.064516e+00	8.064516e+00	5.257629e-09	-2.731326e-14	6.503642e-02
0	86	R2	7.936508e+00	7.936508e+00	5.145118e-09	0.000000e+00	6.298816e-02
0	87	R2	8.474576e+00	8.474576e+00	5.617831e-09	0.000000e+00	7.181844e-02
0	88	R2	8.771930e+00	8.771930e+00	5.878567e-09	2.308553e-14	7.694675e-02
0	89	R2	8.771930e+00	8.771930e+00	5.878567e-09	2.308553e-14	7.694675e-02
0	90	R2	8.771930e+00	8.771930e+00	5.878567e-09	2.308553e-14	7.694675e-02
0	91	R2	8.771930e+00	8.771930e+00	5.878567e-09	2.308553e-14	7.694675e-02
0	92	R2	8.771930e+00	8.771930e+00	5.878567e-09	2.308553e-14	7.694675e-02
0	93	R2	8.849558e+00	8.849558e+00	5.946545e-09	0.000000e+00	7.831467e-02
0	94	R2	9.009009e+00	9.009009e+00	6.086039e-09	nan	0.000000e+00
0	95	R2	8.547009e+00	8.547009e+00	5.681390e-09	2.431655e-14	7.305136e-02
0	96	R2	8.928571e+00	8.928571e+00	6.015693e-09	0.000000e+00	7.971939e-02
0	97	R2	8.849558e+00	8.849558e+00	5.946545e-09	0.000000e+00	7.831467e-02
0	98	R2	8.064516e+00	8.064516e+00	5.257629e-09	-1.365663e-14	1.300728e-01
0	99	R2	8.000000e+00	8.000000e+00	5.200924e-09	0.000000e+00	6.400000e-02
0	100	R2	4.901961e+00	4.901961e+00	2.591721e-09	3.696243e-14	4.805844e-02


1	2	NOE	-3.700000e-02	-3.700000e-02	1.274665e-09	-9.945748e-15	3.000000e-02
1	3	NOE	6.940000e-01	6.940000e-01	3.600490e-09	3.700743e-15	3.000000e-02
1	5	NOE	7.530000e-01	7.530000e-01	4.943010e-09	3.700743e-15	3.000000e-02
1	6	NOE	7.430000e-01	7.430000e-01	4.612560e-09	-3.700743e-15	3.000000e-02
1	7	NOE	7.540000e-01	7.540000e-01	4.980018e-09	-6.611004e-08	3.000000e-02
1	9	NOE	7.580000e-01	7.580000e-01	5.136649e-09	-6.224415e-08	3.000000e-02
1	10	NOE	7.520000e-01	7.520000e-01	4.906800e-09	0.000000e+00	3.000000e-02
1	11	NOE	7.810000e-01	7.810000e-01	6.447642e-09	3.700743e-15	3.000000e-02
1	12	NOE	7.590000e-01	7.590000e-01	5.178128e-09	3.700743e-15	3.000000e-02
1	13	NOE	7.690000e-01	7.690000e-01	5.655795e-09	3.700743e-15	3.000000e-02
1	14	NOE	7.630000e-01	7.630000e-01	5.354500e-09	-3.700743e-15	3.000000e-02
1	15	NOE	7.870000e-01	7.870000e-01	6.990345e-09	0.000000e+00	3.000000e-02
1	16	NOE	7.640000e-01	7.640000e-01	5.401433e-09	3.700743e-15	3.000000e-02
1	17	NOE	7.870000e-01	7.870000e-01	6.990345e-09	0.000000e+00	3.000000e-02
1	18	NOE	7.810000e-01	7.810000e-01	6.447642e-09	3.700743e-15	3.000000e-02
1	19	NOE	7.590000e-01	7.590000e-01	5.178128e-09	3.700743e-15	3.000000e-02
1	20	NOE	7.610000e-01	7.610000e-01	5.264137e-09	3.700743e-15	3.000000e-02
1	22	NOE	7.680000e-01	7.680000e-01	5.602093e-09	3.700743e-15	3.000000e-02
1	23	NOE	7.890000e-01	7.890000e-01	7.203778e-09	0.000000e+00	3.000000e-02
1	24	NOE	7.660000e-01	7.660000e-01	5.499061e-09	-3.700743e-15	3.000000e-02
1	25	NOE	6.720000e-01	6.720000e-01	3.317228e-09	-3.700743e-15	3.000000e-02
1	26	NOE	7.180000e-01	7.180000e-01	4.006411e-09	0.000000e+00	3.000000e-02
1	27	NOE	7.730000e-01	7.730000e-01	5.886906e-09	3.700743e-15	3.000000e-02
1	29	NOE	7.910000e-01	7.910000e-01	7.437832e-09	3.700743e-15	3.000000e-02
1	30	NOE	7.510000e-01	7.510000e-01	4.871360e-09	-3.700743e-15	3.000000e-02
1	31	NOE	7.840000e-01	7.840000e-01	6.702740e-09	0.000000e+00	3.000000e-02
1	32	NOE	7.450000e-01	7.450000e-01	4.673456e-09	3.700743e-15	3.000000e-02
1	33	NOE	7.870000e-01	7.870000e-01	6.990345e-09	0.000000e+00	3.000000e-02
1	34	NOE	7.910000e-01	7.910000e-01	7.437832e-09	3.700743e-15	3.000000e-02
1	35	NOE	7.620000e-01	7.620000e-01	5.308751e-09	-3.700743e-15	3.000000e-02
1	36	NOE	7.880000e-01	7.880000e-01	7.094678e-09	0.000000e+00	3.000000e-02
1	37	NOE	8.060000e-01	8.060000e-01	1.045122e-08	0.000000e+00	3.000000e-02
1	38	NOE	7.660000e-01	7.660000e-01	5.499061e-09	-3.700743e-15	3.000000e-02
1	39	NOE	7.730000e-01	7.730000e-01	5.886906e-09	3.700743e-15	3.000000e-02
1	40	NOE	7.870000e-01	7.870000e-01	6.990345e-09	0.000000e+00	3.000000e-02
1	41	NOE	7.520000e-01	7.520000e-01	4.906800e-09	0.000000e+00	3.000000e-02
1	42	NOE	7.600000e-01	7.600000e-01	5.220610e-09	-6.030874e-08	3.000000e-02
1	43	NOE	7.460000e-01	7.460000e-01	4.704802e-09	0.000000e+00	3.000000e-02
1	44	NOE	7.670000e-01	7.670000e-01	5.549871e-09	3.700743e-15	3.000000e-02
1	45	NOE	7.640000e-01	7.640000e-01	5.401433e-09	3.700743e-15	3.000000e-02
1	46	NOE	7.490000e-01	7.490000e-01	4.802682e-09	-3.700743e-15	3.000000e-02
1	47	NOE	7.730000e-01	7.730000e-01	5.886906e-09	3.700743e-15	3.000000e-02
1	48	NOE	7.680000e-01	7.680000e-01	5.602093e-09	3.700743e-15	3.000000e-02
1	50	NOE	7.460000e-01	7.460000e-01	4.704802e-09	0.000000e+00	3.000000e-02
1	51	NOE	7.540000e-01	7.540000e-01	4.980018e-09	-6.611004e-08	3.000000e-02
1	54	NOE	7.280000e-01	7.280000e-01	4.219692e-09	3.700743e-15	3.000000e-02
1	55	NOE	7.530000e-01	7.530000e-01	4.943010e-09	3.700743e-15	3.000000e-02
1	56	NOE	7.360000e-01	7.360000e-01	4.416434e-09	-3.700743e-15	3.000000e-02
1	57	NOE	7.720000e-01	7.720000e-01	5.826519e-09	7.401487e-15	3.000000e-02
1	58	NOE	7.580000e-01	7.580000e-01	5.136649e-09	-6.224415e-08	3.000000e-02
1	60	NOE	7.660000e-01	7.660000e-01	5.499061e-09	-3.700743e-15	3.000000e-02
1	61	NOE	7.780000e-01	7.780000e-01	6.219344e-09	-3.700743e-15	3.000000e-02
1	62	NOE	7.510000e-01	7.510000e-01	4.871360e-09	-3.700743e-15	3.000000e-02
1	63	NOE	7.500000e-01	7.500000e-01	4.836663e-09	0.000000e+00	3.000000e-02
1	65	NOE	7.670000e-01	7.670000e-01	5.549871e-09	3.700743e-15	3.000000e-02
1	66	NOE	7.610000e-01	7.610000e-01	5.264137e-09	3.700743e-15	3.000000e-02
1	67	NOE	7.800000e-01	7.800000e-01	6.368805e-09	-3.700743e-15	3.000000e-02
1	68	NOE	8.070000e-01	8.070000e-01	1.080693e-08	-1.435272e-08	3.000000e-02
1	70	NOE	7.330000e-01	7.330000e-01	4.339554e-09	3.700743e-15	3.000000e-02
1	71	NOE	7.520000e-01	7.520000e-01	4.906800e-09	0.000000e+00	3.000000e-02
1	72	NOE	7.380000e-01	7.380000e-01	4.469960e-09	0.000000e+00	3.000000e-02
1	73	NOE	7.630000e-01	7.630000e-01	5.354500e-09	-3.700743e-15	3.000000e-02
1	74	NOE	7.140000e-01	7.140000e-01	3.929497e-09	0.000000e+00	3.000000e-02
1	75	NOE	7.440000e-01	7.440000e-01	4.642715e-09	0.000000e+00	3.000000e-02
1	76	NOE	7.860000e-01	7.860000e-01	6.890444e-09	0.000000e+00	3.000000e-02
1	77	NOE	7.800000e-01	7.800000e-01	6.368805e-09	-3.700743e-15	3.000000e-02
1	78	NOE	7.280000e-01	7.280000e-01	4.219692e-09	3.700743e-15	3.000000e-02
1	79	NOE	7.420000e-01	7.420000e-01	4.582973e-09	0.000000e+00	3.000000e-02
1	80	NOE	5.900000e-01	5.900000e-01	2.642256e-09	-3.700743e-15	3.000000e-02
1	81	NOE	7.990000e-01	7.990000e-01	8.667389e-09	0.000000e+00	3.000000e-02
1	83	NOE	7.480000e-01	7.480000e-01	4.769394e-09	0.000000e+00	3.000000e-02
1	85	NOE	7.670000e-01	7.670000e-01	5.549871e-09	3.700743e-15	3.000000e-02
1	86	NOE	7.220000e-01	7.220000e-01	4.087884e-09	0.000000e+00	3.000000e-02
1	87	NOE	7.640000e-01	7.640000e-01	5.401433e-09	3.700743e-15	3.000000e-02
1	88	NOE	7.520000e-01	7.520000e-01	4.906800e-09	0.000000e+00	3.000000e-02
1	89	NOE	7.690000e-01	7.690000e-01	5.655795e-09	3.700743e-15	3.000000e-02
1	90	NOE	7.680000e-01	7.680000e-01	5.602093e-09	3.700743e-15	3.000000e-02
1	91	NOE	7.580000e-01	7.580000e-01	5.136649e-09	-6.224415e-08	3.000000e-02
1	92	NOE	7.570000e-01	7.570000e-01	5.096135e-09	-3.700743e-15	3.000000e-02
1	93	NOE	7.690000e-01	7.690000e-01	5.655795e-09	3.700743e-15	3.000000e-02
1	94	NOE	7.670000e-01	7.670000e-01	5.549871e-09	3.700743e-15	3.000000e-02
1	95	NOE	7.250000e-01	7.250000e-01	4.152261e-09	-3.700743e-15	3.000000e-02
1	96	NOE	7.800000e-01	7.800000e-01	6.368805e-09	-3.700743e-15	3.000000e-02
1	97	NOE	7.590000e-01	7.590000e-01	5.178128e-09	3.700743e-15	3.000000e-02
1	98	NOE	7.360000e-01	7.360000e-01	4.416434e-09	-3.700743e-15	3.000000e-02
1	99	NOE	7.240000e-01	7.240000e-01	4.130475e-09	0.000000e+00	3.000000e-02
1	100	NOE	3.630000e-01	3.630000e-01	1.830455e-09	0.000000e+00	3.000000e-02


2	2	R1	1.246883e+00	1.246883e+00	3.299797e-10	1.970358e-07	4.819622e-02
2	3	R1	1.865672e+00	1.865672e+00	9.262518e-09	-1.275851e-14	1.740365e-02
2	5	R1	2.049180e+00	2.049180e+00	8.207419e-09	-2.115144e-14	2.099570e-02
2	6	R1	2.070393e+00	2.070393e+00	8.095208e-09	5.180056e-14	1.714611e-02
2	7	R1	2.159827e+00	2.159827e+00	7.640768e-09	-1.903979e-14	2.332427e-02
2	9	R1	2.150538e+00	2.150538e+00	7.686652e-09	4.801159e-14	1.849925e-02
2	10	R1	2.136752e+00	2.136752e+00	7.755284e-09	0.000000e+00	1.369713e-02
2	11	R1	2.109705e+00	2.109705e+00	7.891877e-09	-1.247202e-14	3.560683e-02
2	12	R1	2.257336e+00	2.257336e+00	7.175587e-09	0.000000e+00	3.057340e-02
2	13	R1	2.074689e+00	2.074689e+00	8.072703e-09	7.369470e-15	6.026067e-02
2	14	R1	2.092050e+00	2.092050e+00	7.982469e-09	2.029346e-14	2.188337e-02
2	15	R1	2.109705e+00	2.109705e+00	7.891877e-09	-1.995524e-14	2.225427e-02
2	16	R1	2.109705e+00	2.109705e+00	7.891877e-09	0.000000e+00	1.780341e-02
2	17	R1	2.083333e+00	2.083333e+00	8.027630e-09	0.000000e+00	4.340278e-02
2	18	R1	2.016129e+00	2.016129e+00	8.385928e-09	1.820884e-14	2.438866e-02
2	19	R1	1.968504e+00	1.968504e+00	8.651515e-09	0.000000e+00	2.712505e-02
2	20	R1	1.984127e+00	1.984127e+00	8.563261e-09	0.000000e+00	2.362056e-02
2	22	R1	2.141328e+00	2.141328e+00	7.732432e-09	0.000000e+00	2.292642e-02
2	23	R1	2.096436e+00	2.096436e+00	7.959855e-09	-2.020863e-14	2.197522e-02
2	24	R1	1.869159e+00	1.869159e+00	9.240882e-09	-1.059245e-14	2.096253e-02
2	25	R1	1.811594e+00	1.811594e+00	9.607054e-09	1.691447e-14	1.312749e-02
2	26	R1	1.912046e+00	1.912046e+00	8.980227e-09	-7.591955e-15	2.924736e-02
2	27	R1	2.070393e+00	2.070393e+00	8.095208e-09	2.590028e-14	3.429223e-02
2	29	R1	2.132196e+00	2.132196e+00	7.778110e-09	2.170718e-14	4.091634e-02
2	30	R1	2.257336e+00	2.257336e+00	7.175587e-09	0.000000e+00	2.038227e-02
2	31	R1	2.227171e+00	2.227171e+00	7.316438e-09	2.238221e-14	1.984117e-02
2	32	R1	2.012072e+00	2.012072e+00	8.408157e-09	-1.371175e-14	3.238748e-02
2	33	R1	2.237136e+00	2.237136e+00	7.269620e-09	-1.267615e-14	3.503346e-02
2	34	R1	2.237136e+00	2.237136e+00	7.269620e-09	-1.774660e-14	2.502390e-02
2	35	R1	2.155172e+00	2.155172e+00	7.663723e-09	0.000000e+00	9.289536e-03
2	36	R1	2.202643e+00	2.202643e+00	7.432932e-09	0.000000e+00	2.425818e-02
2	37	R1	2.016129e+00	2.016129e+00	8.385928e-09	-3.121516e-14	2.845343e-02
2	38	R1	1.949318e+00	1.949318e+00	8.761467e-09	0.000000e+00	1.899920e-02
2	39	R1	2.096436e+00	2.096436e+00	7.959855e-09	-1.263040e-14	3.516035e-02
2	40	R1	1.992032e+00	1.992032e+00	8.519032e-09	-1.243470e-14	3.571372e-02
2	41	R1	2.004008e+00	2.004008e+00	8.452560e-09	1.842978e-14	2.409629e-02
2	42	R1	2.283105e+00	2.283105e+00	7.057260e-09	1.703917e-14	2.606284e-02
2	43	R1	1.865672e+00	1.865672e+00	9.262518e-09	-9.113218e-15	2.436511e-02
2	44	R1	2.008032e+00	2.008032e+00	8.430368e-09	2.753398e-14	1.612877e-02
2	45	R1	2.032520e+00	2.032520e+00	8.296827e-09	0.000000e+00	3.304911e-02
2	46	R1	1.923077e+00	1.923077e+00	8.914753e-09	0.000000e+00	1.849112e-02
2	47	R1	1.964637e+00	1.964637e+00	8.673537e-09	7.190942e-15	3.087837e-02
2	48	R1	2.074689e+00	2.074689e+00	8.072703e-09	5.158629e-14	8.608667e-03
2	50	R1	2.109705e+00	2.109705e+00	7.891877e-09	0.000000e+00	1.780341e-02
2	51	R1	2.155172e+00	2.155172e+00	7.663723e-09	-2.390266e-14	1.857907e-02
2	54	R1	1.964637e+00	1.964637e+00	8.673537e-09	1.278390e-14	3.473817e-02
2	55	R1	1.901141e+00	1.901141e+00	9.045573e-09	-1.023907e-14	2.168602e-02
2	56	R1	1.984127e+00	1.984127e+00	8.563261e-09	0.000000e+00	1.968380e-02
2	57	R1	2.024291e+00	2.024291e+00	8.341415e-09	-3.612458e-14	1.229327e-02
2	58	R1	2.127660e+00	2.127660e+00	7.800912e-09	0.000000e+00	2.263468e-02
2	60	R1	2.061856e+00	2.061856e+00	8.140154e-09	-3.482029e-14	1.275375e-02
2	61	R1	2.237136e+00	2.237136e+00	7.269620e-09	-1.774660e-14	2.502390e-02
2	62	R1	2.145923e+00	2.145923e+00	7.709555e-09	3.214555e-14	1.381495e-02
2	63	R1	2.150538e+00	2.150538e+00	7.686652e-09	9.996645e-07	2.312406e-02
2	65	R1	2.232143e+00	2.232143e+00	7.293046e-09	1.485508e-14	2.989477e-02
2	66	R1	2.197802e+00	2.197802e+00	7.456140e-09	0.000000e+00	1.449100e-02
2	67	R1	2.145923e+00	2.145923e+00	7.709555e-09	1.928733e-14	2.302492e-02
2	68	R1	2.012072e+00	2.012072e+00	8.408157e-09	-2.742351e-14	1.619374e-02
2	70	R1	2.000000e+00	2.000000e+00	8.474735e-09	0.000000e+00	2.000000e-02
2	71	R1	2.100840e+00	2.100840e+00	7.937219e-09	0.000000e+00	1.765412e-02
2	72	R1	1.988072e+00	1.988072e+00	8.541155e-09	0.000000e+00	1.580971e-02
2	73	R1	2.145923e+00	2.145923e+00	7.709555e-09	0.000000e+00	3.683988e-02
2	74	R1	1.960784e+00	1.960784e+00	8.695544e-09	0.000000e+00	1.537870e-02
2	75	R1	1.976285e+00	1.976285e+00	8.607421e-09	1.137028e-14	1.952850e-02
2	76	R1	2.096436e+00	2.096436e+00	7.959855e-09	-2.020863e-14	2.197522e-02
2	77	R1	2.118644e+00	2.118644e+00	7.846443e-09	0.000000e+00	3.142057e-02
2	78	R1	2.169197e+00	2.169197e+00	7.594778e-09	1.887566e-14	2.352709e-02
2	79	R1	2.040816e+00	2.040816e+00	8.252162e-09	-3.554194e-14	2.498959e-02
2	80	R1	1.494768e+00	1.494768e+00	1.205835e-08	-9.937851e-15	2.234332e-02
2	81	R1	2.217295e+00	2.217295e+00	7.363129e-09	-1.505470e-14	5.899676e-02
2	83	R1	2.020202e+00	2.020202e+00	8.363681e-09	0.000000e+00	2.040608e-02
2	85	R1	2.232143e+00	2.232143e+00	7.293046e-09	4.642444e-07	4.982462e-02
2	86	R1	2.100840e+00	2.100840e+00	7.937219e-09	0.000000e+00	1.324059e-02
2	87	R1	2.159827e+00	2.159827e+00	7.640768e-09	-3.173299e-14	1.399456e-02
2	88	R1	2.169197e+00	2.169197e+00	7.594778e-09	9.831417e-07	2.352709e-02
2	89	R1	2.114165e+00	2.114165e+00	7.869172e-09	-2.483891e-14	1.787877e-02
2	90	R1	2.237136e+00	2.237136e+00	7.269620e-09	-1.109163e-14	4.003824e-02
2	91	R1	2.169197e+00	2.169197e+00	7.594778e-09	2.457854e-06	9.410835e-03
2	92	R1	2.252252e+00	2.252252e+00	7.199146e-09	2.188649e-14	2.029056e-02
2	93	R1	2.178649e+00	2.178649e+00	7.548678e-09	0.000000e+00	2.847907e-02
2	94	R1	2.173913e+00	2.173913e+00	7.571742e-09	0.000000e+00	1.417769e-02
2	95	R1	2.100840e+00	2.100840e+00	7.937219e-09	2.012399e-14	2.206765e-02
2	96	R1	2.277904e+00	2.277904e+00	7.080997e-09	1.426422e-14	3.113309e-02
2	97	R1	2.079002e+00	2.079002e+00	8.050177e-09	1.712415e-14	2.593350e-02
2	98	R1	2.136752e+00	2.136752e+00	7.755284e-09	0.000000e+00	1.369713e-02
2	99	R1	2.105263e+00	2.105263e+00	7.914560e-09	0.000000e+00	2.659280e-02
2	100	R1	1.526718e+00	1.526718e+00	1.176979e-08	1.587711e-14	1.398520e-02


