2	3.703704e+00	6.858711e-02	1.600000e-02	3.000000e-02	1.243781e+00	3.558080e-02	1.240626e-01	
3	7.142857e+00	5.102041e-02	7.220000e-01	3.000000e-02	1.589825e+00	1.263772e-02	4.480185e-02	
5	8.130081e+00	6.609822e-02	8.080000e-01	3.000000e-02	1.715266e+00	8.826411e-03	3.338370e-02	
6	7.751938e+00	6.009254e-02	7.950000e-01	3.000000e-02	1.718213e+00	3.247482e-02	3.570530e-02	
7	7.874016e+00	2.480005e-01	7.900000e-01	3.000000e-02	1.769912e+00	1.879552e-02	3.767669e-02	
9	8.771930e+00	7.694675e-02	8.080000e-01	3.000000e-02	1.754386e+00	3.693444e-02	3.414509e-02	
10	8.474576e+00	7.181844e-02	8.000000e-01	3.000000e-02	1.788909e+00	9.600584e-03	3.626770e-02	
11	9.174312e+00	8.416800e-02	8.030000e-01	3.000000e-02	1.769912e+00	9.397760e-03	3.534432e-02	
12	9.433962e+00	2.669989e-01	7.890000e-01	3.000000e-02	1.808318e+00	9.810045e-03	3.867757e-02	
13	9.090909e+00	1.652893e-01	7.950000e-01	3.000000e-02	1.808318e+00	3.270015e-03	3.757773e-02	
14	9.345794e+00	8.734387e-02	8.070000e-01	3.000000e-02	1.706485e+00	2.329672e-02	3.338578e-02	
15	9.523810e+00	1.814059e-01	8.060000e-01	3.000000e-02	1.703578e+00	3.192394e-02	3.350159e-02	
16	8.849558e+00	7.831467e-02	8.030000e-01	3.000000e-02	1.736111e+00	2.411265e-02	3.466934e-02	
17	9.523810e+00	1.632653e+00	8.260000e-01	3.000000e-02	1.605136e+00	2.061170e-02	2.831151e-02	
18	9.803922e+00	9.611688e-02	8.080000e-01	3.000000e-02	1.652893e+00	4.917697e-02	3.216975e-02	
19	9.900990e+00	1.960592e-01	7.760000e-01	3.000000e-02	1.587302e+00	1.007811e-02	3.604204e-02	
20	8.264463e+00	1.366027e-01	7.950000e-01	3.000000e-02	1.644737e+00	1.623096e-02	3.417843e-02	
22	8.620690e+00	7.431629e-02	8.350000e-01	3.000000e-02	1.769912e+00	2.819328e-02	2.960311e-02	
23	9.174312e+00	8.416800e-02	8.200000e-01	3.000000e-02	1.712329e+00	8.796209e-03	3.124363e-02	
24	7.692308e+00	5.917160e-02	7.960000e-01	3.000000e-02	1.587302e+00	7.558579e-03	3.282400e-02	
25	6.451613e+00	8.324662e-02	7.170000e-01	3.000000e-02	1.515152e+00	4.132231e-02	4.346547e-02	
26	8.000000e+00	6.400000e-02	7.700000e-01	3.000000e-02	1.661130e+00	8.278054e-03	3.872872e-02	
27	8.474576e+00	7.181844e-02	7.960000e-01	3.000000e-02	1.739130e+00	1.512287e-02	3.596368e-02	
29	9.523810e+00	3.628118e-01	8.320000e-01	3.000000e-02	1.733102e+00	2.703279e-02	2.951449e-02	
30	9.009009e+00	1.623245e-01	7.780000e-01	3.000000e-02	1.785714e+00	1.913265e-02	4.018526e-02	
31	9.615385e+00	9.245562e-02	8.260000e-01	3.000000e-02	1.912046e+00	1.462368e-02	3.372480e-02	
32	8.695652e+00	7.561437e-02	7.920000e-01	3.000000e-02	1.642036e+00	2.696283e-02	3.462166e-02	
33	9.090909e+00	8.264463e-02	8.160000e-01	3.000000e-02	1.821494e+00	9.953517e-03	3.397405e-02	
34	9.009009e+00	8.116224e-02	8.180000e-01	3.000000e-02	1.886792e+00	1.067996e-02	3.480947e-02	
35	8.849558e+00	7.831467e-02	8.010000e-01	3.000000e-02	1.805054e+00	9.774661e-03	3.641205e-02	
36	8.771930e+00	7.694675e-02	8.200000e-01	3.000000e-02	1.883239e+00	2.837272e-02	3.436211e-02	
37	8.333333e+00	1.388889e-01	8.380000e-01	3.000000e-02	1.760563e+00	1.239833e-02	2.891136e-02	
38	7.874016e+00	6.200012e-02	7.970000e-01	3.000000e-02	1.607717e+00	1.033902e-02	3.308320e-02	
39	8.849558e+00	2.349440e-01	8.110000e-01	3.000000e-02	1.724138e+00	1.783591e-02	3.303206e-02	
40	8.403361e+00	2.118494e-01	8.320000e-01	3.000000e-02	1.620746e+00	1.050726e-02	2.760107e-02	
41	8.196721e+00	6.718624e-02	7.990000e-01	3.000000e-02	1.715266e+00	1.176855e-02	3.494856e-02	
42	8.474576e+00	7.181844e-02	8.350000e-01	3.000000e-02	1.893939e+00	1.434803e-02	3.167757e-02	
43	6.993007e+00	4.890215e-02	7.670000e-01	3.000000e-02	1.552795e+00	1.205586e-02	3.667515e-02	
44	8.064516e+00	6.503642e-02	8.170000e-01	3.000000e-02	1.706485e+00	1.747254e-02	3.165595e-02	
45	7.575758e+00	5.739210e-02	7.930000e-01	3.000000e-02	1.703578e+00	8.706529e-02	3.574655e-02	
46	7.092199e+00	1.005986e-01	7.870000e-01	3.000000e-02	1.562500e+00	1.708984e-02	3.373661e-02	
47	9.009009e+00	8.116224e-02	8.070000e-01	3.000000e-02	1.666667e+00	1.666667e-02	3.260678e-02	
48	8.196721e+00	6.718624e-02	8.070000e-01	3.000000e-02	1.776199e+00	6.309765e-03	3.474968e-02	
50	8.771930e+00	7.694675e-02	7.700000e-01	3.000000e-02	1.795332e+00	1.289287e-02	4.185762e-02	
51	8.695652e+00	7.561437e-02	7.930000e-01	3.000000e-02	1.801802e+00	9.739469e-03	3.780761e-02	
54	7.812500e+00	6.103516e-02	7.660000e-01	3.000000e-02	1.697793e+00	8.647502e-03	4.027193e-02	
55	7.874016e+00	6.200012e-02	7.970000e-01	3.000000e-02	1.582278e+00	1.852668e-01	3.255973e-02	
56	8.196721e+00	6.718624e-02	7.970000e-01	3.000000e-02	1.689189e+00	8.560080e-03	3.475971e-02	
57	7.874016e+00	6.200012e-02	8.040000e-01	3.000000e-02	1.697793e+00	2.017750e-02	3.373204e-02	
58	8.474576e+00	0.000000e+00	8.060000e-01	3.000000e-02	1.677852e+00	3.096707e-02	3.299570e-02	
60	8.264463e+00	0.000000e+00	8.070000e-01	3.000000e-02	1.798561e+00	8.087056e-02	3.518717e-02	
61	8.264463e+00	6.830135e-02	7.960000e-01	3.000000e-02	1.841621e+00	4.069880e-02	3.808309e-02	
62	8.695652e+00	7.561437e-02	7.790000e-01	3.000000e-02	1.828154e+00	1.336858e-02	4.095499e-02	
63	8.474576e+00	7.181844e-02	7.940000e-01	3.000000e-02	1.828154e+00	6.684291e-03	3.817524e-02	
65	8.849558e+00	7.831467e-02	7.940000e-01	3.000000e-02	1.834862e+00	1.010016e-02	3.831533e-02	
66	8.333333e+00	6.944444e-02	8.180000e-01	3.000000e-02	1.855288e+00	1.721046e-02	3.422823e-02	
67	8.620690e+00	7.431629e-02	8.140000e-01	3.000000e-02	1.814882e+00	1.646898e-02	3.421867e-02	
68	7.692308e+00	1.183432e-01	7.810000e-01	3.000000e-02	1.694915e+00	1.723643e-02	3.762651e-02	
70	8.333333e+00	6.944444e-02	7.540000e-01	3.000000e-02	1.739130e+00	4.536862e-02	4.336797e-02	
71	9.009009e+00	8.116224e-02	7.940000e-01	3.000000e-02	1.733102e+00	9.010930e-03	3.619039e-02	
72	7.874016e+00	6.200012e-02	7.660000e-01	3.000000e-02	1.683502e+00	1.332064e-01	3.993294e-02	
73	8.264463e+00	1.366027e-01	7.940000e-01	3.000000e-02	1.718213e+00	8.856768e-03	3.587947e-02	
74	7.142857e+00	1.530612e-01	7.480000e-01	3.000000e-02	1.655629e+00	2.192886e-02	4.229270e-02	
75	8.064516e+00	6.503642e-02	7.740000e-01	3.000000e-02	1.647446e+00	4.071120e-02	3.774171e-02	
76	8.695652e+00	7.561437e-02	8.140000e-01	3.000000e-02	1.834862e+00	3.703392e-02	3.459539e-02	
77	8.130081e+00	6.609822e-02	7.850000e-01	3.000000e-02	1.821494e+00	1.658920e-02	3.969794e-02	
78	8.849558e+00	0.000000e+00	7.960000e-01	3.000000e-02	1.845018e+00	1.872251e-01	3.815335e-02	
79	8.620690e+00	1.486326e-01	7.970000e-01	3.000000e-02	1.706485e+00	2.038463e-02	3.511561e-02	
80	6.289308e+00	3.955540e-02	5.900000e-01	3.000000e-02	1.180638e+00	6.969525e-03	4.906844e-02	
81	8.196721e+00	6.718624e-02	7.790000e-01	3.000000e-02	1.754386e+00	7.386888e-02	3.930242e-02	
83	8.403361e+00	7.061648e-02	7.920000e-01	3.000000e-02	1.782531e+00	6.354835e-02	3.758394e-02	
85	8.196721e+00	6.718624e-02	7.940000e-01	3.000000e-02	1.754386e+00	6.155740e-03	3.663483e-02	
86	8.064516e+00	6.503642e-02	7.930000e-01	3.000000e-02	1.773050e+00	9.431115e-03	3.720430e-02	
87	8.849558e+00	7.831467e-02	8.020000e-01	3.000000e-02	1.845018e+00	1.361637e-02	3.703120e-02	
88	8.620690e+00	7.431629e-02	8.090000e-01	3.000000e-02	1.769912e+00	1.253035e-02	3.426784e-02	
89	8.771930e+00	7.694675e-02	8.000000e-01	3.000000e-02	1.785714e+00	1.275510e-02	3.620294e-02	
90	8.849558e+00	7.831467e-02	8.140000e-01	3.000000e-02	1.811594e+00	6.563747e-03	3.415668e-02	
91	8.849558e+00	7.831467e-02	7.990000e-01	3.000000e-02	1.798561e+00	2.264376e-02	3.664571e-02	
92	8.928571e+00	7.971939e-02	8.240000e-01	3.000000e-02	1.941748e+00	6.786691e-02	3.464234e-02	
93	9.009009e+00	8.116224e-02	7.990000e-01	3.000000e-02	1.828154e+00	1.036065e-01	3.724865e-02	
94	8.928571e+00	7.971939e-02	7.970000e-01	3.000000e-02	1.848429e+00	2.391682e-02	3.803651e-02	
95	8.620690e+00	7.431629e-02	8.030000e-01	3.000000e-02	1.808318e+00	9.810045e-03	3.611128e-02	
96	9.090909e+00	1.652893e-01	8.060000e-01	3.000000e-02	1.848429e+00	1.025007e-02	3.635016e-02	
97	8.771930e+00	7.694675e-02	8.030000e-01	3.000000e-02	1.814882e+00	6.587594e-03	3.624236e-02	
98	8.130081e+00	6.609822e-02	7.900000e-01	3.000000e-02	1.798561e+00	2.587858e-02	3.828656e-02	
99	7.874016e+00	0.000000e+00	7.630000e-01	3.000000e-02	1.757469e+00	1.853219e-02	4.222191e-02	
100	4.878049e+00	9.518144e-02	4.100000e-01	3.000000e-02	1.295337e+00	1.006738e-02	7.747053e-02	
