2	3.759398e+00	7.066539e-02	-3.700000e-02	3.000000e-02	1.246883e+00	4.819622e-02	1.310709e-01	
3	7.462687e+00	5.569169e-02	6.940000e-01	3.000000e-02	1.865672e+00	1.740365e-02	5.787067e-02	
5	8.000000e+00	6.400000e-02	7.530000e-01	3.000000e-02	2.049180e+00	2.099570e-02	5.130728e-02	
6	7.936508e+00	6.298816e-02	7.430000e-01	3.000000e-02	2.070393e+00	1.714611e-02	5.393713e-02	
7	8.064516e+00	6.503642e-02	7.540000e-01	3.000000e-02	2.159827e+00	2.332427e-02	5.385871e-02	
9	8.695652e+00	7.561437e-02	7.580000e-01	3.000000e-02	2.150538e+00	1.849925e-02	5.275508e-02	
10	8.474576e+00	7.181844e-02	7.520000e-01	3.000000e-02	2.136752e+00	1.369713e-02	5.371649e-02	
11	8.849558e+00	7.831467e-02	7.810000e-01	3.000000e-02	2.109705e+00	3.560683e-02	4.683469e-02	
12	8.771930e+00	7.694675e-02	7.590000e-01	3.000000e-02	2.257336e+00	3.057340e-02	5.514614e-02	
13	9.009009e+00	1.623245e-01	7.690000e-01	3.000000e-02	2.074689e+00	6.026067e-02	4.858104e-02	
14	8.547009e+00	7.305136e-02	7.630000e-01	3.000000e-02	2.092050e+00	2.188337e-02	5.025998e-02	
15	8.928571e+00	7.971939e-02	7.870000e-01	3.000000e-02	2.109705e+00	2.225427e-02	4.555154e-02	
16	8.474576e+00	0.000000e+00	7.640000e-01	3.000000e-02	2.109705e+00	1.780341e-02	5.047026e-02	
17	9.090909e+00	4.132231e-01	7.870000e-01	3.000000e-02	2.083333e+00	4.340278e-02	4.498215e-02	
18	8.474576e+00	7.181844e-02	7.810000e-01	3.000000e-02	2.016129e+00	2.438866e-02	4.475734e-02	
19	8.264463e+00	6.830135e-02	7.590000e-01	3.000000e-02	1.968504e+00	2.712505e-02	4.809004e-02	
20	7.812500e+00	6.103516e-02	7.610000e-01	3.000000e-02	1.984127e+00	2.362056e-02	4.806946e-02	
22	8.547009e+00	1.461027e-01	7.680000e-01	3.000000e-02	2.141328e+00	2.292642e-02	5.035852e-02	
23	8.849558e+00	7.831467e-02	7.890000e-01	3.000000e-02	2.096436e+00	2.197522e-02	4.484003e-02	
24	7.812500e+00	6.103516e-02	7.660000e-01	3.000000e-02	1.869159e+00	2.096253e-02	4.433676e-02	
25	6.622517e+00	4.385773e-02	6.720000e-01	3.000000e-02	1.811594e+00	1.312749e-02	6.023329e-02	
26	7.518797e+00	1.695969e-01	7.180000e-01	3.000000e-02	1.912046e+00	2.924736e-02	5.465744e-02	
27	8.196721e+00	6.718624e-02	7.730000e-01	3.000000e-02	2.070393e+00	3.429223e-02	4.764097e-02	
29	8.849558e+00	7.831467e-02	7.910000e-01	3.000000e-02	2.132196e+00	4.091634e-02	4.517262e-02	
30	8.333333e+00	6.944444e-02	7.510000e-01	3.000000e-02	2.257336e+00	2.038227e-02	5.697672e-02	
31	9.174312e+00	8.416800e-02	7.840000e-01	3.000000e-02	2.227171e+00	1.984117e-02	4.876511e-02	
32	8.547009e+00	7.305136e-02	7.450000e-01	3.000000e-02	2.012072e+00	3.238748e-02	5.200985e-02	
33	8.620690e+00	7.431629e-02	7.870000e-01	3.000000e-02	2.237136e+00	3.503346e-02	4.830298e-02	
34	8.695652e+00	0.000000e+00	7.910000e-01	3.000000e-02	2.237136e+00	2.502390e-02	4.739588e-02	
35	8.474576e+00	7.181844e-02	7.620000e-01	3.000000e-02	2.155172e+00	9.289536e-03	5.199491e-02	
36	8.771930e+00	7.694675e-02	7.880000e-01	3.000000e-02	2.202643e+00	2.425818e-02	4.733494e-02	
37	8.849558e+00	7.831467e-02	8.060000e-01	3.000000e-02	2.016129e+00	2.845343e-02	3.964806e-02	
38	7.692308e+00	1.775148e-01	7.660000e-01	3.000000e-02	1.949318e+00	1.899920e-02	4.623814e-02	
39	8.547009e+00	7.305136e-02	7.730000e-01	3.000000e-02	2.096436e+00	3.516035e-02	4.824022e-02	
40	7.751938e+00	1.201851e-01	7.870000e-01	3.000000e-02	1.992032e+00	3.571372e-02	4.301082e-02	
41	8.130081e+00	1.321964e-01	7.520000e-01	3.000000e-02	2.004008e+00	2.409629e-02	5.037940e-02	
42	8.064516e+00	2.601457e-01	7.600000e-01	3.000000e-02	2.283105e+00	2.606284e-02	5.554423e-02	
43	7.042254e+00	4.959333e-02	7.460000e-01	3.000000e-02	1.865672e+00	2.436511e-02	4.803643e-02	
44	7.751938e+00	6.009254e-02	7.670000e-01	3.000000e-02	2.008032e+00	1.612877e-02	4.742730e-02	
45	7.575758e+00	5.739210e-02	7.640000e-01	3.000000e-02	2.032520e+00	3.304911e-02	4.862378e-02	
46	7.462687e+00	5.569169e-02	7.490000e-01	3.000000e-02	1.923077e+00	1.849112e-02	4.892966e-02	
47	8.695652e+00	7.561437e-02	7.730000e-01	3.000000e-02	1.964637e+00	3.087837e-02	4.520744e-02	
48	8.196721e+00	0.000000e+00	7.680000e-01	3.000000e-02	2.074689e+00	8.608667e-03	4.879134e-02	
50	8.403361e+00	7.061648e-02	7.460000e-01	3.000000e-02	2.109705e+00	1.780341e-02	5.431968e-02	
51	8.547009e+00	7.305136e-02	7.540000e-01	3.000000e-02	2.155172e+00	1.857907e-02	5.374264e-02	
54	7.518797e+00	5.653231e-02	7.280000e-01	3.000000e-02	1.964637e+00	3.473817e-02	5.416927e-02	
55	7.633588e+00	5.827166e-02	7.530000e-01	3.000000e-02	1.901141e+00	2.168602e-02	4.760067e-02	
56	8.000000e+00	6.400000e-02	7.360000e-01	3.000000e-02	1.984127e+00	1.968380e-02	5.309764e-02	
57	7.936508e+00	6.298816e-02	7.720000e-01	3.000000e-02	2.024291e+00	1.229327e-02	4.678533e-02	
58	8.333333e+00	6.944444e-02	7.580000e-01	3.000000e-02	2.127660e+00	2.263468e-02	5.219385e-02	
60	8.130081e+00	6.609822e-02	7.660000e-01	3.000000e-02	2.061856e+00	1.275375e-02	4.890756e-02	
61	8.695652e+00	7.561437e-02	7.780000e-01	3.000000e-02	2.237136e+00	2.502390e-02	5.034395e-02	
62	8.771930e+00	7.694675e-02	7.510000e-01	3.000000e-02	2.145923e+00	1.381495e-02	5.416457e-02	
63	8.620690e+00	0.000000e+00	7.500000e-01	3.000000e-02	2.150538e+00	2.312406e-02	5.449905e-02	
65	8.474576e+00	7.181844e-02	7.670000e-01	3.000000e-02	2.232143e+00	2.989477e-02	5.272053e-02	
66	8.474576e+00	7.181844e-02	7.610000e-01	3.000000e-02	2.197802e+00	1.449100e-02	5.324617e-02	
67	8.620690e+00	7.431629e-02	7.800000e-01	3.000000e-02	2.145923e+00	2.302492e-02	4.785624e-02	
68	7.936508e+00	1.259763e-01	8.070000e-01	3.000000e-02	2.012072e+00	1.619374e-02	3.936432e-02	
70	8.264463e+00	6.830135e-02	7.330000e-01	3.000000e-02	2.000000e+00	2.000000e-02	5.413063e-02	
71	8.771930e+00	0.000000e+00	7.520000e-01	3.000000e-02	2.100840e+00	1.765412e-02	5.281370e-02	
72	7.751938e+00	6.009254e-02	7.380000e-01	3.000000e-02	1.988072e+00	1.580971e-02	5.280015e-02	
73	8.403361e+00	7.061648e-02	7.630000e-01	3.000000e-02	2.145923e+00	3.683988e-02	5.155423e-02	
74	7.246377e+00	5.250998e-02	7.140000e-01	3.000000e-02	1.960784e+00	1.537870e-02	5.684571e-02	
75	8.064516e+00	6.503642e-02	7.440000e-01	3.000000e-02	1.976285e+00	1.952850e-02	5.128511e-02	
76	8.771930e+00	7.694675e-02	7.860000e-01	3.000000e-02	2.096436e+00	2.197522e-02	4.547757e-02	
77	8.547009e+00	7.305136e-02	7.800000e-01	3.000000e-02	2.118644e+00	3.142057e-02	4.724790e-02	
78	8.333333e+00	6.944444e-02	7.280000e-01	3.000000e-02	2.169197e+00	2.352709e-02	5.980945e-02	
79	7.575758e+00	5.739210e-02	7.420000e-01	3.000000e-02	2.040816e+00	2.498959e-02	5.337347e-02	
80	5.524862e+00	3.052410e-02	5.900000e-01	3.000000e-02	1.494768e+00	2.234332e-02	6.212402e-02	
81	8.000000e+00	6.400000e-02	7.990000e-01	3.000000e-02	2.217295e+00	5.899676e-02	4.517741e-02	
83	8.000000e+00	6.400000e-02	7.480000e-01	3.000000e-02	2.020202e+00	2.040608e-02	5.160564e-02	
85	8.064516e+00	6.503642e-02	7.670000e-01	3.000000e-02	2.232143e+00	4.982462e-02	5.272053e-02	
86	7.936508e+00	6.298816e-02	7.220000e-01	3.000000e-02	2.100840e+00	1.324059e-02	5.920245e-02	
87	8.474576e+00	7.181844e-02	7.640000e-01	3.000000e-02	2.159827e+00	1.399456e-02	5.166933e-02	
88	8.771930e+00	7.694675e-02	7.520000e-01	3.000000e-02	2.169197e+00	2.352709e-02	5.453215e-02	
89	8.771930e+00	7.694675e-02	7.690000e-01	3.000000e-02	2.114165e+00	1.787877e-02	4.950541e-02	
90	8.771930e+00	7.694675e-02	7.680000e-01	3.000000e-02	2.237136e+00	4.003824e-02	5.261170e-02	
91	8.771930e+00	7.694675e-02	7.580000e-01	3.000000e-02	2.169197e+00	9.410835e-03	5.321282e-02	
92	8.771930e+00	7.694675e-02	7.570000e-01	3.000000e-02	2.252252e+00	2.029056e-02	5.547856e-02	
93	8.849558e+00	7.831467e-02	7.690000e-01	3.000000e-02	2.178649e+00	2.847907e-02	5.101538e-02	
94	9.009009e+00	0.000000e+00	7.670000e-01	3.000000e-02	2.173913e+00	1.417769e-02	5.134521e-02	
95	8.547009e+00	7.305136e-02	7.250000e-01	3.000000e-02	2.100840e+00	2.206765e-02	5.856357e-02	
96	8.928571e+00	7.971939e-02	7.800000e-01	3.000000e-02	2.277904e+00	3.113309e-02	5.079957e-02	
97	8.849558e+00	7.831467e-02	7.590000e-01	3.000000e-02	2.079002e+00	2.593350e-02	5.078948e-02	
98	8.064516e+00	1.300728e-01	7.360000e-01	3.000000e-02	2.136752e+00	1.369713e-02	5.718208e-02	
99	8.000000e+00	6.400000e-02	7.240000e-01	3.000000e-02	2.105263e+00	2.659280e-02	5.890027e-02	
100	4.901961e+00	4.805844e-02	3.630000e-01	3.000000e-02	1.526718e+00	1.398520e-02	9.858253e-02	
