0	1	R2	1.985703e+00	1.985703e+00	7.175066e-10	0.000000e+00	1.707326e-01
0	2	R2	4.312204e+00	4.312204e+00	2.097461e-09	-4.682756e-15	1.896700e-01
0	3	R2	3.610108e+00	3.610108e+00	1.637094e-09	-3.850228e-15	2.306820e-01
0	4	R2	8.718396e+00	8.718396e+00	5.567384e-09	-1.327836e-14	2.675567e-01
0	6	R2	1.443001e+01	1.443001e+01	1.002292e-08	0.000000e+00	2.269656e-01
0	7	R2	1.223990e+01	1.223990e+01	8.341376e-09	-9.880822e-15	3.595565e-01
0	8	R2	1.340483e+01	1.340483e+01	9.238908e-09	3.444498e-15	5.157084e-01
0	9	R2	1.157407e+01	1.157407e+01	7.824589e-09	-5.740447e-15	3.094457e-01
0	10	R2	1.329787e+01	1.329787e+01	9.156820e-09	-5.840331e-15	3.041535e-01
0	11	R2	1.231527e+01	1.231527e+01	8.399688e-09	1.259387e-14	2.820986e-01
0	15	R2	1.438849e+01	1.438849e+01	9.991256e-09	2.508844e-15	7.080379e-01
0	21	R2	1.381215e+01	1.381215e+01	9.551007e-09	3.349366e-15	5.303562e-01
0	22	R2	1.432665e+01	1.432665e+01	9.944088e-09	2.598943e-15	6.834919e-01
0	23	R2	1.533742e+01	1.533742e+01	1.071307e-08	3.719884e-15	4.775302e-01
0	24	R2	1.371742e+01	1.371742e+01	9.478494e-09	0.000000e+00	6.378883e-01
0	25	R2	1.410437e+01	1.410437e+01	9.774414e-09	0.000000e+00	3.262506e-01
0	27	R2	1.410437e+01	1.410437e+01	9.774414e-09	0.000000e+00	3.361973e-01
0	28	R2	1.451379e+01	1.451379e+01	1.008677e-08	4.302418e-15	4.128741e-01
0	29	R2	1.362398e+01	1.362398e+01	9.406927e-09	-6.010579e-07	3.044050e-01
0	31	R2	1.418440e+01	1.418440e+01	9.835526e-09	-1.379521e-14	2.575323e-01
0	32	R2	1.416431e+01	1.416431e+01	9.820186e-09	-7.462528e-07	2.568033e-01
0	33	R2	1.261034e+01	1.261034e+01	8.627643e-09	5.941810e-15	2.989589e-01
0	34	R2	1.538462e+01	1.538462e+01	1.074888e-08	9.152570e-15	3.881657e-01
0	35	R2	1.392758e+01	1.392758e+01	9.639297e-09	-5.908094e-15	3.006650e-01
0	36	R2	1.086957e+01	1.086957e+01	7.274288e-09	2.412046e-14	2.209357e-01
0	38	R2	1.070664e+01	1.070664e+01	7.146465e-09	0.000000e+00	2.223863e-01
0	39	R2	1.322751e+01	1.322751e+01	9.102786e-09	7.303970e-15	2.432043e-01
0	40	R2	1.203369e+01	1.203369e+01	8.181646e-09	6.179762e-15	5.748949e-01
0	41	R2	1.418440e+01	1.418440e+01	9.835526e-09	-6.951919e-15	5.110407e-01
0	42	R2	1.307190e+01	1.307190e+01	8.983181e-09	0.000000e+00	5.450895e-01
0	43	R2	1.506024e+01	1.506024e+01	1.050259e-08	8.950727e-15	3.969190e-01
0	44	R2	1.277139e+01	1.277139e+01	8.751841e-09	0.000000e+00	2.903331e-01
0	45	R2	1.497006e+01	1.497006e+01	1.043405e-08	-2.624679e-15	6.767901e-01
0	46	R2	1.416431e+01	1.416431e+01	9.820186e-09	-3.511778e-07	5.457070e-01
0	47	R2	1.275510e+01	1.275510e+01	8.739285e-09	-6.072872e-07	2.782044e-01
0	48	R2	1.371742e+01	1.371742e+01	9.478494e-09	0.000000e+00	4.967626e-01
0	49	R2	1.302083e+01	1.302083e+01	8.943907e-09	-2.275811e-07	7.612440e-01
0	50	R2	1.508296e+01	1.508296e+01	1.051985e-08	3.213298e-15	5.528142e-01
0	51	R2	1.219512e+01	1.219512e+01	8.306712e-09	6.904175e-15	2.572873e-01
0	52	R2	1.355014e+01	1.355014e+01	9.350341e-09	5.012861e-15	3.543599e-01
0	53	R2	1.328021e+01	1.328021e+01	9.143260e-09	-1.027766e-14	1.728368e-01
0	54	R2	1.234568e+01	1.234568e+01	8.423205e-09	-1.239859e-14	2.865417e-01
0	56	R2	1.298701e+01	1.298701e+01	8.917886e-09	5.485427e-15	3.238320e-01
0	57	R2	1.191895e+01	1.191895e+01	8.092644e-09	-1.050769e-14	1.690531e-01
0	58	R2	1.310616e+01	1.310616e+01	9.009528e-09	0.000000e+00	4.156869e-01
0	59	R2	1.199041e+01	1.199041e+01	8.148080e-09	0.000000e+00	4.212457e-01
0	61	R2	1.639344e+01	1.639344e+01	1.151250e-08	0.000000e+00	4.622413e-01
0	62	R2	1.545595e+01	1.545595e+01	1.080299e-08	5.024317e-15	3.535519e-01
0	63	R2	1.191895e+01	1.191895e+01	8.092644e-09	-8.336099e-15	2.130921e-01
0	64	R2	1.290323e+01	1.290323e+01	8.853395e-09	-8.207110e-15	2.164412e-01
0	66	R2	1.201923e+01	1.201923e+01	8.170432e-09	-5.883430e-15	3.019254e-01
0	67	R2	1.773050e+01	1.773050e+01	1.251988e-08	7.338338e-15	4.841306e-01
0	68	R2	1.324503e+01	1.324503e+01	9.116243e-09	1.082960e-14	3.280558e-01
0	70	R2	1.074114e+01	1.074114e+01	7.173550e-09	-6.998531e-15	2.538185e-01
0	73	R2	1.483680e+01	1.483680e+01	1.033271e-08	8.234248e-15	2.157279e-01
0	74	R2	1.319261e+01	1.319261e+01	9.075973e-09	-1.407766e-14	2.523653e-01
0	75	R2	1.406470e+01	1.406470e+01	9.744105e-09	8.979857e-15	1.978157e-01
0	76	R2	1.766784e+01	1.766784e+01	1.247278e-08	0.000000e+00	1.236125e+00
0	77	R2	1.564945e+01	1.564945e+01	1.094968e-08	1.265100e-14	4.212372e-01
0	78	R2	1.132503e+01	1.132503e+01	7.630489e-09	-8.878243e-15	4.001596e-01
0	79	R2	1.347709e+01	1.347709e+01	9.294337e-09	-8.358958e-15	2.125094e-01
0	80	R2	1.416431e+01	1.416431e+01	9.820186e-09	-7.347720e-07	2.608158e-01
0	81	R2	1.223990e+01	1.223990e+01	8.341376e-09	-1.580932e-14	2.247228e-01
0	82	R2	1.377410e+01	1.377410e+01	9.521887e-09	6.241834e-15	2.845889e-01
0	83	R2	1.321004e+01	1.321004e+01	9.089363e-09	-8.147377e-07	2.163864e-01
0	84	R2	1.416431e+01	1.416431e+01	9.820186e-09	-8.306118e-07	2.307217e-01
0	86	R2	1.298701e+01	1.298701e+01	8.917886e-09	7.213712e-15	2.462473e-01
0	87	R2	1.501502e+01	1.501502e+01	1.046823e-08	2.290447e-15	7.755503e-01
0	88	R2	1.212121e+01	1.212121e+01	8.249472e-09	0.000000e+00	4.069789e-01
0	89	R2	1.200480e+01	1.200480e+01	8.159243e-09	4.910735e-15	3.617293e-01
0	90	R2	1.240695e+01	1.240695e+01	8.470570e-09	0.000000e+00	7.604258e-01
0	92	R2	1.457726e+01	1.457726e+01	1.013514e-08	0.000000e+00	6.566142e-01
0	95	R2	1.237624e+01	1.237624e+01	8.446832e-09	1.876569e-15	9.465984e-01
0	96	R2	1.362398e+01	1.362398e+01	9.406927e-09	-4.248857e-07	4.306217e-01
0	97	R2	1.340483e+01	1.340483e+01	9.238908e-09	5.175764e-15	3.432067e-01
0	98	R2	1.272265e+01	1.272265e+01	8.714266e-09	3.645934e-15	4.872158e-01
0	99	R2	1.366120e+01	1.366120e+01	9.435442e-09	-9.152064e-15	1.940936e-01
0	100	R2	1.297017e+01	1.297017e+01	8.904924e-09	-1.297435e-06	1.328980e-01
0	101	R2	1.187648e+01	1.187648e+01	8.059681e-09	0.000000e+00	2.736387e-01
0	102	R2	1.103753e+01	1.103753e+01	7.405835e-09	0.000000e+00	2.607098e-01
0	103	R2	1.381215e+01	1.381215e+01	9.551007e-09	9.219046e-15	1.926834e-01
0	104	R2	1.184834e+01	1.184834e+01	8.037830e-09	-7.189562e-15	2.470744e-01
0	105	R2	1.398601e+01	1.398601e+01	9.683974e-09	-4.090622e-15	4.342511e-01
0	107	R2	1.295337e+01	1.295337e+01	8.891994e-09	1.283249e-14	2.768531e-01
0	108	R2	1.250000e+01	1.250000e+01	8.542462e-09	0.000000e+00	1.953125e-01
0	109	R2	1.499250e+01	1.499250e+01	1.045111e-08	0.000000e+00	3.776223e-01
0	110	R2	1.186240e+01	1.186240e+01	8.048743e-09	7.720894e-15	4.601428e-01
0	111	R2	1.414427e+01	1.414427e+01	9.804888e-09	-7.774849e-07	2.460743e-01
0	112	R2	1.300390e+01	1.300390e+01	8.930881e-09	0.000000e+00	3.940064e-01
0	113	R2	1.385042e+01	1.385042e+01	9.580281e-09	-4.229297e-07	4.412182e-01
0	114	R2	1.529052e+01	1.529052e+01	1.067748e-08	3.391858e-15	5.237120e-01
0	117	R2	1.331558e+01	1.331558e+01	9.170415e-09	-4.200502e-07	4.237581e-01
0	119	R2	8.726003e+00	8.726003e+00	5.573497e-09	3.940740e-15	4.507674e-01
0	123	R2	1.187648e+01	1.187648e+01	8.059681e-09	0.000000e+00	2.242709e-01
0	124	R2	1.209190e+01	1.209190e+01	8.226759e-09	0.000000e+00	1.783811e-01
0	125	R2	1.035197e+01	1.035197e+01	6.867439e-09	0.000000e+00	3.257762e-01
0	126	R2	1.222494e+01	1.222494e+01	8.329794e-09	-4.831719e-15	3.676449e-01
0	127	R2	1.436782e+01	1.436782e+01	9.975490e-09	-2.313160e-15	7.679350e-01
0	129	R2	1.251564e+01	1.251564e+01	8.554544e-09	-3.767535e-15	4.714905e-01
0	130	R2	1.392758e+01	1.392758e+01	9.639297e-09	-7.894436e-15	2.250138e-01
0	131	R2	1.322751e+01	1.322751e+01	9.102786e-09	4.357304e-15	4.076734e-01
0	132	R2	1.272265e+01	1.272265e+01	8.714266e-09	3.275899e-15	5.422502e-01
0	134	R2	1.449275e+01	1.449275e+01	1.007074e-08	6.406996e-15	2.772527e-01
0	135	R2	1.569859e+01	1.569859e+01	1.098690e-08	3.793634e-15	4.682467e-01
0	136	R2	1.457726e+01	1.457726e+01	1.013514e-08	0.000000e+00	5.057417e-01
0	138	R2	1.302083e+01	1.302083e+01	8.943907e-09	-9.205757e-07	1.881917e-01
0	139	R2	1.358696e+01	1.358696e+01	9.378560e-09	7.697963e-15	2.307567e-01
0	140	R2	1.652893e+01	1.652893e+01	1.161481e-08	7.264704e-15	4.890376e-01
0	141	R2	1.455604e+01	1.455604e+01	1.011897e-08	-5.049063e-07	3.919749e-01
0	142	R2	1.436782e+01	1.436782e+01	9.975490e-09	-2.802918e-15	6.337528e-01
0	144	R2	1.408451e+01	1.408451e+01	9.759239e-09	5.044853e-15	7.042254e-01
0	145	R2	1.351351e+01	1.351351e+01	9.322267e-09	8.458548e-15	2.100073e-01
0	146	R2	1.869159e+01	1.869159e+01	1.324124e-08	-5.844112e-15	6.079134e-01
0	147	R2	1.364256e+01	1.364256e+01	9.421166e-09	-1.604062e-14	2.214823e-01
0	149	R2	1.404494e+01	1.404494e+01	9.729012e-09	2.602640e-15	6.825211e-01
0	150	R2	1.459854e+01	1.459854e+01	1.015135e-08	-4.437303e-07	4.475465e-01
0	151	R2	1.388889e+01	1.388889e+01	9.609711e-09	0.000000e+00	2.565586e-01
0	152	R2	1.464129e+01	1.464129e+01	1.018390e-08	0.000000e+00	2.508098e-01
0	156	R2	1.451379e+01	1.451379e+01	1.008677e-08	5.584595e-15	3.180816e-01
0	157	R2	1.328021e+01	1.328021e+01	9.143260e-09	-6.670267e-15	2.663097e-01
0	159	R2	1.166861e+01	1.166861e+01	7.898151e-09	-4.626395e-15	3.839613e-01
0	160	R2	9.765625e+00	9.765625e+00	6.403706e-09	-1.225424e-14	1.449585e-01
0	161	R2	5.787037e+00	5.787037e+00	3.198811e-09	7.599102e-15	1.168794e-01
0	162	R2	3.003905e+00	3.003905e+00	1.275262e-09	8.002445e-15	1.109884e-01
0	164	R2	1.903674e+00	1.903674e+00	6.736542e-10	-3.385139e-15	6.559395e-02


1	1	NOE	-7.982000e-01	-7.982000e-01	6.602036e-10	-4.440892e-13	5.000000e-04
1	2	NOE	-3.627000e-01	-3.627000e-01	8.250104e-10	0.000000e+00	5.500000e-03
1	3	NOE	-2.568000e-01	-2.568000e-01	8.772605e-10	4.457100e-14	1.370000e-02
1	4	NOE	8.680000e-02	8.680000e-02	1.109651e-09	-4.906289e-15	1.980000e-02
1	6	NOE	6.192000e-01	6.192000e-01	2.203551e-09	0.000000e+00	1.700000e-02
1	7	NOE	7.939000e-01	7.939000e-01	5.175848e-09	0.000000e+00	2.260000e-02
1	8	NOE	7.943000e-01	7.943000e-01	5.201802e-09	0.000000e+00	2.560000e-02
1	9	NOE	8.196000e-01	8.196000e-01	8.579984e-09	8.285246e-15	1.340000e-02
1	10	NOE	8.161000e-01	8.161000e-01	7.714638e-09	-4.127223e-15	2.690000e-02
1	11	NOE	8.094000e-01	8.094000e-01	6.597171e-09	0.000000e+00	1.990000e-02
1	15	NOE	8.226000e-01	8.226000e-01	9.609506e-09	3.592955e-15	3.090000e-02
1	21	NOE	7.702000e-01	7.702000e-01	4.101055e-09	0.000000e+00	1.730000e-02
1	22	NOE	8.071000e-01	8.071000e-01	6.311929e-09	0.000000e+00	1.950000e-02
1	23	NOE	8.340000e-01	8.340000e-01	5.042715e-08	0.000000e+00	1.720000e-02
1	24	NOE	8.122000e-01	8.122000e-01	7.002411e-09	-3.139975e-08	2.100000e-02
1	25	NOE	9.080000e-01	8.344307e-01	1.921418e-05	3.892558e+00	1.890000e-02
1	27	NOE	8.166000e-01	8.166000e-01	7.822472e-09	0.000000e+00	1.410000e-02
1	28	NOE	8.214000e-01	8.214000e-01	9.155179e-09	-8.223874e-15	1.350000e-02
1	29	NOE	8.419000e-01	8.344307e-01	3.142812e-05	4.059424e-01	1.840000e-02
1	31	NOE	7.881000e-01	7.881000e-01	4.838033e-09	0.000000e+00	1.080000e-02
1	32	NOE	8.395000e-01	8.344307e-01	2.171913e-05	4.023286e-01	1.260000e-02
1	33	NOE	7.769000e-01	7.769000e-01	4.336412e-09	0.000000e+00	1.540000e-02
1	34	NOE	7.784000e-01	7.784000e-01	4.394783e-09	0.000000e+00	1.520000e-02
1	35	NOE	8.004000e-01	8.004000e-01	5.652501e-09	0.000000e+00	1.450000e-02
1	36	NOE	7.580000e-01	7.580000e-01	3.754577e-09	0.000000e+00	1.630000e-02
1	38	NOE	7.560000e-01	7.560000e-01	3.705595e-09	-1.531342e-14	1.450000e-02
1	39	NOE	7.837000e-01	7.837000e-01	4.621283e-09	-1.141667e-07	1.310000e-02
1	40	NOE	8.266000e-01	8.266000e-01	1.181657e-08	0.000000e+00	2.440000e-02
1	41	NOE	7.745000e-01	7.745000e-01	4.247598e-09	0.000000e+00	1.700000e-02
1	42	NOE	8.444000e-01	8.344307e-01	3.129479e-05	4.959871e-01	2.010000e-02
1	43	NOE	8.600000e-01	8.344307e-01	2.435143e-05	1.412671e+00	1.810000e-02
1	44	NOE	7.869000e-01	7.869000e-01	4.775955e-09	-1.016093e-07	1.380000e-02
1	45	NOE	7.569000e-01	7.569000e-01	3.727404e-09	0.000000e+00	2.480000e-02
1	46	NOE	8.114000e-01	8.114000e-01	6.879130e-09	5.116235e-15	2.170000e-02
1	47	NOE	7.690000e-01	7.690000e-01	4.062748e-09	0.000000e+00	1.900000e-02
1	48	NOE	7.559000e-01	7.559000e-01	3.703195e-09	0.000000e+00	2.210000e-02
1	49	NOE	8.079000e-01	8.079000e-01	6.406934e-09	0.000000e+00	2.180000e-02
1	50	NOE	8.002000e-01	8.002000e-01	5.635843e-09	0.000000e+00	2.210000e-02
1	51	NOE	6.988000e-01	6.988000e-01	2.800388e-09	9.824983e-15	1.130000e-02
1	52	NOE	7.778000e-01	7.778000e-01	4.371157e-09	0.000000e+00	2.140000e-02
1	53	NOE	8.303000e-01	8.303000e-01	1.627615e-08	0.000000e+00	1.470000e-02
1	54	NOE	7.971000e-01	7.971000e-01	5.394975e-09	-8.540177e-15	1.300000e-02
1	56	NOE	8.691000e-01	8.344307e-01	2.240177e-05	1.323257e+00	2.620000e-02
1	57	NOE	8.166000e-01	8.166000e-01	7.822472e-09	0.000000e+00	1.970000e-02
1	58	NOE	8.018000e-01	8.018000e-01	5.773351e-09	0.000000e+00	2.030000e-02
1	59	NOE	8.253000e-01	8.253000e-01	1.094156e-08	-6.569367e-15	1.690000e-02
1	61	NOE	8.269000e-01	8.269000e-01	1.205002e-08	0.000000e+00	1.600000e-02
1	62	NOE	7.834000e-01	7.834000e-01	4.607531e-09	-1.175258e-07	1.280000e-02
1	63	NOE	7.658000e-01	7.658000e-01	3.965533e-09	0.000000e+00	1.710000e-02
1	64	NOE	7.854000e-01	7.854000e-01	4.701574e-09	-1.004163e-07	1.440000e-02
1	66	NOE	7.836000e-01	7.836000e-01	4.616685e-09	-1.047902e-07	1.430000e-02
1	67	NOE	7.978000e-01	7.978000e-01	5.446688e-09	7.352470e-15	1.510000e-02
1	68	NOE	8.282000e-01	8.282000e-01	1.324944e-08	0.000000e+00	1.410000e-02
1	70	NOE	7.956000e-01	7.956000e-01	5.288897e-09	0.000000e+00	1.700000e-02
1	73	NOE	7.892000e-01	7.892000e-01	4.897088e-09	-8.410780e-15	1.320000e-02
1	74	NOE	8.250000e-01	8.250000e-01	1.076578e-08	6.237208e-15	1.780000e-02
1	75	NOE	8.196000e-01	8.196000e-01	8.579984e-09	5.874196e-15	1.890000e-02
1	76	NOE	8.027000e-01	8.027000e-01	5.855220e-09	-5.782412e-15	1.920000e-02
1	77	NOE	7.986000e-01	7.986000e-01	5.507629e-09	0.000000e+00	2.110000e-02
1	78	NOE	7.675000e-01	7.675000e-01	4.016315e-09	0.000000e+00	2.590000e-02
1	79	NOE	7.976000e-01	7.976000e-01	5.431763e-09	0.000000e+00	1.950000e-02
1	80	NOE	7.886000e-01	7.886000e-01	4.864613e-09	-7.656711e-15	1.450000e-02
1	81	NOE	7.778000e-01	7.778000e-01	4.371157e-09	0.000000e+00	1.240000e-02
1	82	NOE	8.126000e-01	8.126000e-01	7.066574e-09	-3.287235e-08	1.970000e-02
1	83	NOE	7.711000e-01	7.711000e-01	4.130493e-09	-9.824983e-15	1.130000e-02
1	84	NOE	8.182000e-01	8.182000e-01	8.200376e-09	0.000000e+00	1.120000e-02
1	86	NOE	7.837000e-01	7.837000e-01	4.621283e-09	-1.186971e-07	1.260000e-02
1	87	NOE	8.333000e-01	8.333000e-01	3.111959e-08	4.956353e-15	2.240000e-02
1	88	NOE	8.171000e-01	8.171000e-01	7.934935e-09	5.551115e-15	2.000000e-02
1	89	NOE	8.040000e-01	8.040000e-01	5.979811e-09	0.000000e+00	2.030000e-02
1	90	NOE	7.974000e-01	7.974000e-01	5.416959e-09	-3.828355e-15	2.900000e-02
1	92	NOE	7.804000e-01	7.804000e-01	4.476345e-09	0.000000e+00	2.190000e-02
1	95	NOE	8.110000e-01	8.110000e-01	6.819867e-09	-4.601392e-08	1.510000e-02
1	96	NOE	7.844000e-01	7.844000e-01	4.653850e-09	-1.061273e-07	1.390000e-02
1	97	NOE	8.108000e-01	8.108000e-01	6.790800e-09	-6.370099e-08	1.100000e-02
1	98	NOE	7.677000e-01	7.677000e-01	4.022416e-09	-6.417474e-15	1.730000e-02
1	99	NOE	8.064000e-01	8.064000e-01	6.232151e-09	0.000000e+00	1.430000e-02
1	100	NOE	7.883000e-01	7.883000e-01	4.848614e-09	0.000000e+00	1.140000e-02
1	101	NOE	8.037000e-01	8.037000e-01	5.950360e-09	-8.223874e-15	1.350000e-02
1	102	NOE	7.979000e-01	7.979000e-01	5.454196e-09	0.000000e+00	1.450000e-02
1	103	NOE	8.437000e-01	8.344307e-01	2.566780e-05	5.941885e-01	1.560000e-02
1	104	NOE	7.723000e-01	7.723000e-01	4.170730e-09	0.000000e+00	1.560000e-02
1	105	NOE	7.790000e-01	7.790000e-01	4.418789e-09	-8.474985e-15	1.310000e-02
1	107	NOE	7.683000e-01	7.683000e-01	4.040884e-09	0.000000e+00	1.360000e-02
1	108	NOE	7.797000e-01	7.797000e-01	4.447293e-09	1.000201e-14	1.110000e-02
1	109	NOE	8.076000e-01	8.076000e-01	6.370810e-09	-7.026728e-15	1.580000e-02
1	110	NOE	7.678000e-01	7.678000e-01	4.025477e-09	0.000000e+00	1.990000e-02
1	111	NOE	7.988000e-01	7.988000e-01	5.523183e-09	4.848135e-15	2.290000e-02
1	112	NOE	8.368000e-01	8.344307e-01	1.856680e-05	7.871567e-02	3.010000e-02
1	113	NOE	8.448000e-01	8.344307e-01	4.827456e-05	5.635510e-01	1.840000e-02
1	114	NOE	8.277000e-01	8.277000e-01	1.274713e-08	0.000000e+00	1.750000e-02
1	117	NOE	6.816000e-01	6.816000e-01	2.633128e-09	-6.982535e-15	1.590000e-02
1	119	NOE	5.947000e-01	5.947000e-01	2.082201e-09	-5.496154e-15	2.020000e-02
1	123	NOE	6.017000e-01	6.017000e-01	2.114943e-09	0.000000e+00	1.350000e-02
1	124	NOE	7.085000e-01	7.085000e-01	2.909326e-09	7.818472e-15	1.420000e-02
1	125	NOE	4.950000e-01	4.950000e-01	1.730185e-09	-6.001206e-15	1.850000e-02
1	126	NOE	8.059000e-01	8.059000e-01	6.176970e-09	0.000000e+00	2.000000e-02
1	127	NOE	8.005000e-01	8.005000e-01	5.660885e-09	0.000000e+00	2.840000e-02
1	129	NOE	7.398000e-01	7.398000e-01	3.367618e-09	0.000000e+00	1.660000e-02
1	130	NOE	8.269000e-01	8.269000e-01	1.205002e-08	0.000000e+00	1.620000e-02
1	131	NOE	7.602000e-01	7.602000e-01	3.810715e-09	0.000000e+00	1.280000e-02
1	132	NOE	7.634000e-01	7.634000e-01	3.896954e-09	0.000000e+00	1.570000e-02
1	134	NOE	7.727000e-01	7.727000e-01	4.184401e-09	0.000000e+00	1.430000e-02
1	135	NOE	7.817000e-01	7.817000e-01	4.531822e-09	-8.223874e-15	1.350000e-02
1	136	NOE	8.137000e-01	8.137000e-01	7.252484e-09	0.000000e+00	1.880000e-02
1	138	NOE	8.026000e-01	8.026000e-01	5.845952e-09	-8.811294e-15	1.260000e-02
1	139	NOE	7.793000e-01	7.793000e-01	4.430939e-09	7.552538e-15	1.470000e-02
1	140	NOE	8.335000e-01	8.335000e-01	3.430153e-08	-1.612231e-09	1.720000e-02
1	141	NOE	8.655000e-01	8.344307e-01	2.106435e-05	2.749499e+00	1.130000e-02
1	142	NOE	8.018000e-01	8.018000e-01	5.773351e-09	0.000000e+00	1.550000e-02
1	144	NOE	8.020000e-01	8.020000e-01	5.791250e-09	0.000000e+00	1.320000e-02
1	145	NOE	7.830000e-01	7.830000e-01	4.589381e-09	-1.203168e-07	1.260000e-02
1	146	NOE	8.341000e-01	8.341000e-01	5.754999e-08	-6.398561e-10	1.540000e-02
1	147	NOE	7.581000e-01	7.581000e-01	3.757076e-09	0.000000e+00	1.730000e-02
1	149	NOE	7.732000e-01	7.732000e-01	4.201677e-09	-6.569367e-15	1.690000e-02
1	150	NOE	8.200000e-01	8.200000e-01	8.698455e-09	0.000000e+00	1.750000e-02
1	151	NOE	8.354000e-01	8.344307e-01	3.133279e-05	5.769879e-02	1.680000e-02
1	152	NOE	8.211000e-01	8.211000e-01	9.051287e-09	0.000000e+00	1.270000e-02
1	156	NOE	7.951000e-01	7.951000e-01	5.254890e-09	0.000000e+00	1.420000e-02
1	157	NOE	8.165000e-01	8.165000e-01	7.800546e-09	7.209240e-15	1.540000e-02
1	159	NOE	6.982000e-01	6.982000e-01	2.794030e-09	-8.741914e-15	1.270000e-02
1	160	NOE	5.097000e-01	5.097000e-01	1.771897e-09	1.009294e-14	1.100000e-02
1	161	NOE	3.012000e-01	3.012000e-01	1.349298e-09	0.000000e+00	1.450000e-02
1	162	NOE	-2.631000e-01	-2.631000e-01	8.739654e-10	-6.530724e-14	5.100000e-03
1	164	NOE	-1.055300e+00	-1.055300e+00	5.865955e-10	2.337312e-13	1.900000e-03


2	1	R1	1.057865e+00	1.057865e+00	2.643115e-10	-1.417266e-15	1.566710e-01
2	2	R1	1.280574e+00	1.280574e+00	1.060447e-08	0.000000e+00	1.341413e-01
2	3	R1	1.248907e+00	1.248907e+00	3.680337e-10	0.000000e+00	1.445906e-01
2	4	R1	1.264223e+00	1.264223e+00	1.075883e-08	0.000000e+00	1.292991e-01
2	6	R1	1.252035e+00	1.252035e+00	1.087634e-08	0.000000e+00	2.257330e-02
2	7	R1	1.199041e+00	1.199041e+00	1.141315e-08	1.072531e-14	2.070286e-02
2	8	R1	1.212415e+00	1.212415e+00	1.127352e-08	6.320328e-15	3.513182e-02
2	9	R1	1.273237e+00	1.273237e+00	1.067328e-08	0.000000e+00	2.966670e-02
2	10	R1	1.188637e+00	1.188637e+00	1.152381e-08	-4.820859e-15	4.605914e-02
2	11	R1	1.272103e+00	1.272103e+00	1.068398e-08	-4.573773e-15	4.854736e-02
2	15	R1	1.291656e+00	1.291656e+00	1.050192e-08	0.000000e+00	3.320066e-02
2	21	R1	1.146526e+00	1.146526e+00	1.199102e-08	7.748469e-15	2.865658e-02
2	22	R1	1.167134e+00	1.167134e+00	1.175841e-08	5.863465e-15	3.786918e-02
2	23	R1	1.178967e+00	1.178967e+00	1.162831e-08	4.474748e-15	4.962170e-02
2	24	R1	1.181754e+00	1.181754e+00	1.159803e-08	4.892185e-15	4.538761e-02
2	25	R1	1.180080e+00	1.180080e+00	1.161620e-08	-4.274726e-15	5.194358e-02
2	27	R1	1.172333e+00	1.172333e+00	1.170094e-08	6.006009e-15	3.697041e-02
2	28	R1	1.153935e+00	1.153935e+00	1.190649e-08	4.948205e-15	4.487377e-02
2	29	R1	1.238543e+00	1.238543e+00	1.100892e-08	0.000000e+00	4.494591e-02
2	31	R1	1.266304e+00	1.266304e+00	1.073898e-08	-8.654551e-15	2.565640e-02
2	32	R1	1.280082e+00	1.280082e+00	1.060906e-08	-8.364687e-15	5.309096e-02
2	33	R1	1.132759e+00	1.132759e+00	1.215088e-08	0.000000e+00	5.851136e-02
2	34	R1	1.189910e+00	1.189910e+00	1.151018e-08	3.062967e-15	7.249330e-02
2	35	R1	1.178134e+00	1.178134e+00	1.163739e-08	0.000000e+00	5.135598e-02
2	36	R1	1.251721e+00	1.251721e+00	1.087939e-08	-3.729422e-15	5.953862e-02
2	38	R1	1.158883e+00	1.158883e+00	1.185060e-08	0.000000e+00	4.431931e-02
2	39	R1	1.223242e+00	1.223242e+00	1.116260e-08	5.225134e-15	4.249549e-02
2	40	R1	1.186803e+00	1.186803e+00	1.154351e-08	1.584383e-14	2.802917e-02
2	41	R1	1.237930e+00	1.237930e+00	1.101501e-08	1.192536e-14	3.723905e-02
2	42	R1	1.183852e+00	1.183852e+00	1.157532e-08	2.467801e-15	8.997670e-02
2	43	R1	1.256913e+00	1.256913e+00	1.082905e-08	0.000000e+00	5.387221e-02
2	44	R1	1.264542e+00	1.264542e+00	1.075578e-08	4.207844e-15	5.276921e-02
2	45	R1	1.208459e+00	1.208459e+00	1.131452e-08	4.200178e-15	5.286553e-02
2	46	R1	1.245175e+00	1.245175e+00	1.094341e-08	4.821954e-15	4.604868e-02
2	47	R1	1.267427e+00	1.267427e+00	1.072829e-08	-3.904730e-15	5.686555e-02
2	48	R1	1.281066e+00	1.281066e+00	1.059988e-08	3.747918e-15	1.184896e-01
2	49	R1	1.410835e+00	1.410835e+00	9.493353e-09	-2.998781e-15	7.404496e-02
2	50	R1	1.295840e+00	1.295840e+00	1.046362e-08	5.105490e-15	8.698267e-02
2	51	R1	1.201634e+00	1.201634e+00	1.138585e-08	3.787648e-15	5.862335e-02
2	52	R1	1.228501e+00	1.228501e+00	1.110937e-08	7.107530e-15	3.124076e-02
2	53	R1	1.273074e+00	1.273074e+00	1.067481e-08	0.000000e+00	7.455306e-02
2	54	R1	1.127904e+00	1.127904e+00	1.220814e-08	0.000000e+00	8.345424e-02
2	56	R1	1.203804e+00	1.203804e+00	1.136309e-08	4.130045e-15	5.376325e-02
2	57	R1	1.343725e+00	1.343725e+00	1.004107e-08	0.000000e+00	8.919646e-02
2	58	R1	1.269519e+00	1.269519e+00	1.070843e-08	0.000000e+00	4.577166e-02
2	59	R1	1.188213e+00	1.188213e+00	1.152836e-08	-4.344533e-15	5.110897e-02
2	61	R1	1.172883e+00	1.172883e+00	1.169489e-08	4.760136e-07	3.329084e-02
2	62	R1	1.303441e+00	1.303441e+00	1.039463e-08	-9.681076e-15	2.293594e-02
2	63	R1	1.207875e+00	1.207875e+00	1.132059e-08	0.000000e+00	5.908800e-02
2	64	R1	1.255808e+00	1.255808e+00	1.083973e-08	-5.915844e-15	3.753389e-02
2	66	R1	1.123974e+00	1.123974e+00	1.225483e-08	0.000000e+00	5.028007e-02
2	67	R1	1.187507e+00	1.187507e+00	1.153593e-08	1.340077e-14	3.313909e-02
2	68	R1	1.149822e+00	1.149822e+00	1.195329e-08	4.854037e-15	4.574432e-02
2	70	R1	1.179106e+00	1.179106e+00	1.162679e-08	8.066203e-15	5.505554e-02
2	73	R1	1.158078e+00	1.158078e+00	1.185967e-08	0.000000e+00	3.661322e-02
2	74	R1	1.166181e+00	1.166181e+00	1.176899e-08	0.000000e+00	3.712739e-02
2	75	R1	1.195314e+00	1.195314e+00	1.145258e-08	0.000000e+00	6.329480e-02
2	76	R1	1.257071e+00	1.257071e+00	1.082752e-08	7.514135e-15	2.955026e-02
2	77	R1	1.217730e+00	1.217730e+00	1.121884e-08	1.782620e-14	2.491216e-02
2	78	R1	1.181893e+00	1.181893e+00	1.159652e-08	0.000000e+00	7.696765e-02
2	79	R1	1.226242e+00	1.226242e+00	1.113218e-08	0.000000e+00	8.736313e-02
2	80	R1	1.281887e+00	1.281887e+00	1.059223e-08	-1.961199e-15	1.132188e-01
2	81	R1	1.160227e+00	1.160227e+00	1.183549e-08	0.000000e+00	4.980672e-02
2	82	R1	1.272427e+00	1.272427e+00	1.068092e-08	0.000000e+00	3.966720e-02
2	83	R1	1.212856e+00	1.212856e+00	1.126897e-08	-8.115375e-15	5.472196e-02
2	84	R1	1.151808e+00	1.151808e+00	1.193065e-08	0.000000e+00	2.812524e-02
2	86	R1	1.262148e+00	1.262148e+00	1.077868e-08	1.010044e-14	2.198365e-02
2	87	R1	1.277792e+00	1.277792e+00	1.063047e-08	0.000000e+00	5.616668e-02
2	88	R1	1.204964e+00	1.204964e+00	1.135095e-08	-8.615756e-15	5.154385e-02
2	89	R1	1.274535e+00	1.274535e+00	1.066105e-08	0.000000e+00	5.458115e-02
2	90	R1	1.287167e+00	1.287167e+00	1.054326e-08	-4.309333e-15	5.152644e-02
2	92	R1	1.238083e+00	1.238083e+00	1.101348e-08	-5.182730e-15	8.568635e-02
2	95	R1	1.236094e+00	1.236094e+00	1.103328e-08	-3.340781e-15	6.646488e-02
2	96	R1	1.144296e+00	1.144296e+00	1.201667e-08	4.776781e-15	4.648415e-02
2	97	R1	1.276650e+00	1.276650e+00	1.064118e-08	8.207075e-15	2.705527e-02
2	98	R1	1.201779e+00	1.201779e+00	1.138433e-08	0.000000e+00	3.119627e-02
2	99	R1	1.221001e+00	1.221001e+00	1.118540e-08	-8.320607e-15	2.668611e-02
2	100	R1	1.250469e+00	1.250469e+00	1.089158e-08	1.420020e-14	1.563673e-02
2	101	R1	1.219363e+00	1.219363e+00	1.120212e-08	8.733287e-15	2.542509e-02
2	102	R1	1.197031e+00	1.197031e+00	1.143438e-08	0.000000e+00	3.954760e-02
2	103	R1	1.092777e+00	1.092777e+00	1.263679e-08	0.000000e+00	3.355592e-02
2	104	R1	1.172608e+00	1.172608e+00	1.169792e-08	-1.170188e-14	3.795026e-02
2	105	R1	1.325557e+00	1.325557e+00	1.019807e-08	4.750747e-15	4.673888e-02
2	107	R1	1.230921e+00	1.230921e+00	1.108503e-08	0.000000e+00	4.575801e-02
2	108	R1	1.225040e+00	1.225040e+00	1.114435e-08	0.000000e+00	2.956423e-02
2	109	R1	1.257071e+00	1.257071e+00	1.082752e-08	7.763222e-15	2.860212e-02
2	110	R1	1.191043e+00	1.191043e+00	1.149805e-08	2.780204e-15	7.986629e-02
2	111	R1	1.250000e+00	1.250000e+00	1.089616e-08	0.000000e+00	9.296875e-02
2	112	R1	1.247194e+00	1.247194e+00	1.092360e-08	0.000000e+00	8.399659e-02
2	113	R1	1.035518e+00	1.035518e+00	1.339481e-08	5.112928e-15	4.342807e-02
2	114	R1	1.220703e+00	1.220703e+00	1.118844e-08	0.000000e+00	5.990267e-02
2	117	R1	1.286670e+00	1.286670e+00	1.054785e-08	2.813072e-07	6.042648e-02
2	119	R1	1.422273e+00	1.422273e+00	9.404712e-09	0.000000e+00	1.662791e-01
2	123	R1	1.331381e+00	1.331381e+00	1.014731e-08	0.000000e+00	8.632437e-02
2	124	R1	1.171646e+00	1.171646e+00	1.170850e-08	0.000000e+00	5.120375e-02
2	125	R1	1.142465e+00	1.142465e+00	1.203780e-08	-3.150361e-15	7.048227e-02
2	126	R1	1.252035e+00	1.252035e+00	1.087634e-08	-1.416471e-14	3.135181e-02
2	127	R1	1.265663e+00	1.265663e+00	1.074509e-08	7.574488e-15	5.862960e-02
2	129	R1	1.192037e+00	1.192037e+00	1.148744e-08	-5.351528e-15	4.149182e-02
2	130	R1	1.246417e+00	1.246417e+00	1.093122e-08	4.142807e-15	5.359762e-02
2	131	R1	1.103387e+00	1.103387e+00	1.250458e-08	4.116996e-15	5.393364e-02
2	132	R1	1.242236e+00	1.242236e+00	1.097236e-08	3.642796e-15	6.095444e-02
2	134	R1	1.190760e+00	1.190760e+00	1.150108e-08	1.499855e-07	1.069103e-01
2	135	R1	1.141813e+00	1.141813e+00	1.204534e-08	0.000000e+00	6.857659e-02
2	136	R1	1.192037e+00	1.192037e+00	1.148744e-08	1.767460e-07	9.079888e-02
2	138	R1	1.235025e+00	1.235025e+00	1.104393e-08	-6.557458e-15	3.386138e-02
2	139	R1	1.148369e+00	1.148369e+00	1.196990e-08	0.000000e+00	3.138630e-02
2	140	R1	1.131094e+00	1.131094e+00	1.217047e-08	5.045272e-15	4.401044e-02
2	141	R1	1.218918e+00	1.218918e+00	1.120668e-08	-7.865710e-15	2.822944e-02
2	142	R1	1.151676e+00	1.151676e+00	1.193216e-08	7.456989e-15	5.955342e-02
2	144	R1	1.167951e+00	1.167951e+00	1.174934e-08	0.000000e+00	3.055608e-02
2	145	R1	1.122586e+00	1.122586e+00	1.227139e-08	0.000000e+00	4.536721e-02
2	146	R1	1.295840e+00	1.295840e+00	1.046362e-08	-5.724338e-15	3.878957e-02
2	147	R1	1.117943e+00	1.117943e+00	1.232709e-08	-4.532260e-15	4.899202e-02
2	149	R1	1.121328e+00	1.121328e+00	1.228645e-08	-6.240059e-15	3.558373e-02
2	150	R1	1.150219e+00	1.150219e+00	1.194876e-08	-7.806225e-15	2.844456e-02
2	151	R1	1.148369e+00	1.148369e+00	1.196990e-08	0.000000e+00	1.833065e-02
2	152	R1	1.155402e+00	1.155402e+00	1.188988e-08	1.798178e-14	2.469662e-02
2	156	R1	1.161845e+00	1.161845e+00	1.181736e-08	0.000000e+00	3.010241e-02
2	157	R1	1.141683e+00	1.141683e+00	1.204685e-08	4.825858e-15	4.601142e-02
2	159	R1	1.264702e+00	1.264702e+00	1.075425e-08	-7.712429e-15	2.879049e-02
2	160	R1	1.322401e+00	1.322401e+00	1.022574e-08	-3.066996e-15	7.239807e-02
2	161	R1	1.462416e+00	1.462416e+00	9.103540e-09	1.075898e-15	2.063807e-01
2	162	R1	1.229256e+00	1.229256e+00	3.559836e-10	0.000000e+00	1.338809e-01
2	164	R1	8.888889e-01	8.888889e-01	1.968922e-10	0.000000e+00	2.449383e-02


