1	1.985703e+00	1.707326e-01	-7.982000e-01	5.000000e-04	1.057865e+00	1.566710e-01	1.928280e-01	
2	4.312204e+00	1.896700e-01	-3.627000e-01	5.500000e-03	1.280574e+00	1.341413e-01	1.768914e-01	
3	3.610108e+00	2.306820e-01	-2.568000e-01	1.370000e-02	1.248907e+00	1.445906e-01	1.591103e-01	
4	8.718396e+00	2.675567e-01	8.680000e-02	1.980000e-02	1.264223e+00	1.292991e-01	1.170284e-01	
6	1.443001e+01	2.269656e-01	6.192000e-01	1.700000e-02	1.252035e+00	2.257330e-02	4.832981e-02	
7	1.223990e+01	3.595565e-01	7.939000e-01	2.260000e-02	1.199041e+00	2.070286e-02	2.505035e-02	
8	1.340483e+01	5.157084e-01	7.943000e-01	2.560000e-02	1.212415e+00	3.513182e-02	2.528061e-02	
9	1.157407e+01	3.094457e-01	8.196000e-01	1.340000e-02	1.273237e+00	2.966670e-02	2.328346e-02	
10	1.329787e+01	3.041535e-01	8.161000e-01	2.690000e-02	1.188637e+00	4.605914e-02	2.215811e-02	
11	1.231527e+01	2.820986e-01	8.094000e-01	1.990000e-02	1.272103e+00	4.854736e-02	2.457802e-02	
15	1.438849e+01	7.080379e-01	8.226000e-01	3.090000e-02	1.291656e+00	3.320066e-02	2.322749e-02	
21	1.381215e+01	5.303562e-01	7.702000e-01	1.730000e-02	1.146526e+00	2.865658e-02	2.670766e-02	
22	1.432665e+01	6.834919e-01	8.071000e-01	1.950000e-02	1.167134e+00	3.786918e-02	2.282205e-02	
23	1.533742e+01	4.775302e-01	8.340000e-01	1.720000e-02	1.178967e+00	4.962170e-02	1.983863e-02	
24	1.371742e+01	6.378883e-01	8.122000e-01	2.100000e-02	1.181754e+00	4.538761e-02	2.249699e-02	
25	1.410437e+01	3.262506e-01	9.080000e-01	1.890000e-02	1.180080e+00	5.194358e-02	1.100528e-02	
27	1.410437e+01	3.361973e-01	8.166000e-01	1.410000e-02	1.172333e+00	3.697041e-02	2.179476e-02	
28	1.451379e+01	4.128741e-01	8.214000e-01	1.350000e-02	1.153935e+00	4.487377e-02	2.089126e-02	
29	1.362398e+01	3.044050e-01	8.419000e-01	1.840000e-02	1.238543e+00	4.494591e-02	1.984929e-02	
31	1.418440e+01	2.575323e-01	7.881000e-01	1.080000e-02	1.266304e+00	2.565640e-02	2.720011e-02	
32	1.416431e+01	2.568033e-01	8.395000e-01	1.260000e-02	1.280082e+00	5.309096e-02	2.082642e-02	
33	1.261034e+01	2.989589e-01	7.769000e-01	1.540000e-02	1.132759e+00	5.851136e-02	2.561764e-02	
34	1.538462e+01	3.881657e-01	7.784000e-01	1.520000e-02	1.189910e+00	7.249330e-02	2.672917e-02	
35	1.392758e+01	3.006650e-01	8.004000e-01	1.450000e-02	1.178134e+00	5.135598e-02	2.383730e-02	
36	1.086957e+01	2.209357e-01	7.580000e-01	1.630000e-02	1.251721e+00	5.953862e-02	3.070611e-02	
38	1.070664e+01	2.223863e-01	7.560000e-01	1.450000e-02	1.158883e+00	4.431931e-02	2.866363e-02	
39	1.322751e+01	2.432043e-01	7.837000e-01	1.310000e-02	1.223242e+00	4.249549e-02	2.682073e-02	
40	1.203369e+01	5.748949e-01	8.266000e-01	2.440000e-02	1.186803e+00	2.802917e-02	2.086073e-02	
41	1.418440e+01	5.110407e-01	7.745000e-01	1.700000e-02	1.237930e+00	3.723905e-02	2.829727e-02	
42	1.307190e+01	5.450895e-01	8.444000e-01	2.010000e-02	1.183852e+00	8.997670e-02	1.867278e-02	
43	1.506024e+01	3.969190e-01	8.600000e-01	1.810000e-02	1.256913e+00	5.387221e-02	1.783755e-02	
44	1.277139e+01	2.903331e-01	7.869000e-01	1.380000e-02	1.264542e+00	5.276921e-02	2.731610e-02	
45	1.497006e+01	6.767901e-01	7.569000e-01	2.480000e-02	1.208459e+00	5.286553e-02	2.977960e-02	
46	1.416431e+01	5.457070e-01	8.114000e-01	2.170000e-02	1.245175e+00	4.604868e-02	2.380531e-02	
47	1.275510e+01	2.782044e-01	7.690000e-01	1.900000e-02	1.267427e+00	5.686555e-02	2.967815e-02	
48	1.371742e+01	4.967626e-01	7.559000e-01	2.210000e-02	1.281066e+00	1.184896e-01	3.169867e-02	
49	1.302083e+01	7.612440e-01	8.079000e-01	2.180000e-02	1.410835e+00	7.404496e-02	2.747296e-02	
50	1.508296e+01	5.528142e-01	8.002000e-01	2.210000e-02	1.295840e+00	8.698267e-02	2.624514e-02	
51	1.219512e+01	2.572873e-01	6.988000e-01	1.130000e-02	1.201634e+00	5.862335e-02	3.668843e-02	
52	1.355014e+01	3.543599e-01	7.778000e-01	2.140000e-02	1.228501e+00	3.124076e-02	2.767079e-02	
53	1.328021e+01	1.728368e-01	8.303000e-01	1.470000e-02	1.273074e+00	7.455306e-02	2.189967e-02	
54	1.234568e+01	2.865417e-01	7.971000e-01	1.300000e-02	1.127904e+00	8.345424e-02	2.319830e-02	
56	1.298701e+01	3.238320e-01	8.691000e-01	2.620000e-02	1.203804e+00	5.376325e-02	1.597340e-02	
57	1.191895e+01	1.690531e-01	8.166000e-01	1.970000e-02	1.343725e+00	8.919646e-02	2.498110e-02	
58	1.310616e+01	4.156869e-01	8.018000e-01	2.030000e-02	1.269519e+00	4.577166e-02	2.550613e-02	
59	1.199041e+01	4.212457e-01	8.253000e-01	1.690000e-02	1.188213e+00	5.110897e-02	2.104210e-02	
61	1.639344e+01	4.622413e-01	8.269000e-01	1.600000e-02	1.172883e+00	3.329084e-02	2.058039e-02	
62	1.545595e+01	3.535519e-01	7.834000e-01	1.280000e-02	1.303441e+00	2.293594e-02	2.861882e-02	
63	1.191895e+01	2.130921e-01	7.658000e-01	1.710000e-02	1.207875e+00	5.908800e-02	2.867549e-02	
64	1.290323e+01	2.164412e-01	7.854000e-01	1.440000e-02	1.255808e+00	3.753389e-02	2.731837e-02	
66	1.201923e+01	3.019254e-01	7.836000e-01	1.430000e-02	1.123974e+00	5.028007e-02	2.465560e-02	
67	1.773050e+01	4.841306e-01	7.978000e-01	1.510000e-02	1.187507e+00	3.313909e-02	2.433993e-02	
68	1.324503e+01	3.280558e-01	8.282000e-01	1.410000e-02	1.149822e+00	4.574432e-02	2.002422e-02	
70	1.074114e+01	2.538185e-01	7.956000e-01	1.700000e-02	1.179106e+00	5.505554e-02	2.443069e-02	
73	1.483680e+01	2.157279e-01	7.892000e-01	1.320000e-02	1.158078e+00	3.661322e-02	2.474629e-02	
74	1.319261e+01	2.523653e-01	8.250000e-01	1.780000e-02	1.166181e+00	3.712739e-02	2.068739e-02	
75	1.406470e+01	1.978157e-01	8.196000e-01	1.890000e-02	1.195314e+00	6.329480e-02	2.185851e-02	
76	1.766784e+01	1.236125e+00	8.027000e-01	1.920000e-02	1.257071e+00	2.955026e-02	2.514136e-02	
77	1.564945e+01	4.212372e-01	7.986000e-01	2.110000e-02	1.217730e+00	2.491216e-02	2.486064e-02	
78	1.132503e+01	4.001596e-01	7.675000e-01	2.590000e-02	1.181893e+00	7.696765e-02	2.785500e-02	
79	1.347709e+01	2.125094e-01	7.976000e-01	1.950000e-02	1.226242e+00	8.736313e-02	2.515871e-02	
80	1.416431e+01	2.608158e-01	7.886000e-01	1.450000e-02	1.281887e+00	1.132188e-01	2.746987e-02	
81	1.223990e+01	2.247228e-01	7.778000e-01	1.240000e-02	1.160227e+00	4.980672e-02	2.613298e-02	
82	1.377410e+01	2.845889e-01	8.126000e-01	1.970000e-02	1.272427e+00	3.966720e-02	2.417153e-02	
83	1.321004e+01	2.163864e-01	7.711000e-01	1.130000e-02	1.212856e+00	5.472196e-02	2.814213e-02	
84	1.416431e+01	2.307217e-01	8.182000e-01	1.120000e-02	1.151808e+00	2.812524e-02	2.122638e-02	
86	1.298701e+01	2.462473e-01	7.837000e-01	1.260000e-02	1.262148e+00	2.198365e-02	2.767379e-02	
87	1.501502e+01	7.755503e-01	8.333000e-01	2.240000e-02	1.277792e+00	5.616668e-02	2.159223e-02	
88	1.212121e+01	4.069789e-01	8.171000e-01	2.000000e-02	1.204964e+00	5.154385e-02	2.234034e-02	
89	1.200480e+01	3.617293e-01	8.040000e-01	2.030000e-02	1.274535e+00	5.458115e-02	2.532268e-02	
90	1.240695e+01	7.604258e-01	7.974000e-01	2.900000e-02	1.287167e+00	5.152644e-02	2.643481e-02	
92	1.457726e+01	6.566142e-01	7.804000e-01	2.190000e-02	1.238083e+00	8.568635e-02	2.756031e-02	
95	1.237624e+01	9.465984e-01	8.110000e-01	1.510000e-02	1.236094e+00	6.646488e-02	2.368182e-02	
96	1.362398e+01	4.306217e-01	7.844000e-01	1.390000e-02	1.144296e+00	4.648415e-02	2.500857e-02	
97	1.340483e+01	3.432067e-01	8.108000e-01	1.100000e-02	1.276650e+00	2.705527e-02	2.448470e-02	
98	1.272265e+01	4.872158e-01	7.677000e-01	1.730000e-02	1.201779e+00	3.119627e-02	2.829929e-02	
99	1.366120e+01	1.940936e-01	8.064000e-01	1.430000e-02	1.221001e+00	2.668611e-02	2.396201e-02	
100	1.297017e+01	1.328980e-01	7.883000e-01	1.140000e-02	1.250469e+00	1.563673e-02	2.683463e-02	
101	1.187648e+01	2.736387e-01	8.037000e-01	1.350000e-02	1.219363e+00	2.542509e-02	2.426360e-02	
102	1.103753e+01	2.607098e-01	7.979000e-01	1.450000e-02	1.197031e+00	3.954760e-02	2.452300e-02	
103	1.381215e+01	1.926834e-01	8.437000e-01	1.560000e-02	1.092777e+00	3.355592e-02	1.731379e-02	
104	1.184834e+01	2.470744e-01	7.723000e-01	1.560000e-02	1.172608e+00	3.795026e-02	2.706560e-02	
105	1.398601e+01	4.342511e-01	7.790000e-01	1.310000e-02	1.325557e+00	4.673888e-02	2.969562e-02	
107	1.295337e+01	2.768531e-01	7.683000e-01	1.360000e-02	1.230921e+00	4.575801e-02	2.891066e-02	
108	1.250000e+01	1.953125e-01	7.797000e-01	1.110000e-02	1.225040e+00	2.956423e-02	2.735688e-02	
109	1.499250e+01	3.776223e-01	8.076000e-01	1.580000e-02	1.257071e+00	2.860212e-02	2.451697e-02	
110	1.186240e+01	4.601428e-01	7.678000e-01	1.990000e-02	1.191043e+00	7.986629e-02	2.803442e-02	
111	1.414427e+01	2.460743e-01	7.988000e-01	2.290000e-02	1.250000e+00	9.296875e-02	2.549411e-02	
112	1.300390e+01	3.940064e-01	8.368000e-01	3.010000e-02	1.247194e+00	8.399659e-02	2.063269e-02	
113	1.385042e+01	4.412182e-01	8.448000e-01	1.840000e-02	1.035518e+00	4.342807e-02	1.629113e-02	
114	1.529052e+01	5.237120e-01	8.277000e-01	1.750000e-02	1.220703e+00	5.990267e-02	2.132049e-02	
117	1.331558e+01	4.237581e-01	6.816000e-01	1.590000e-02	1.286670e+00	6.042648e-02	4.152810e-02	
119	8.726003e+00	4.507674e-01	5.947000e-01	2.020000e-02	1.422273e+00	1.662791e-01	5.843343e-02	
123	1.187648e+01	2.242709e-01	6.017000e-01	1.350000e-02	1.331381e+00	8.632437e-02	5.375445e-02	
124	1.209190e+01	1.783811e-01	7.085000e-01	1.420000e-02	1.171646e+00	5.120375e-02	3.462078e-02	
125	1.035197e+01	3.257762e-01	4.950000e-01	1.850000e-02	1.142465e+00	7.048227e-02	5.848389e-02	
126	1.222494e+01	3.676449e-01	8.059000e-01	2.000000e-02	1.252035e+00	3.135181e-02	2.463450e-02	
127	1.436782e+01	7.679350e-01	8.005000e-01	2.840000e-02	1.265663e+00	5.862960e-02	2.559544e-02	
129	1.251564e+01	4.714905e-01	7.398000e-01	1.660000e-02	1.192037e+00	4.149182e-02	3.144119e-02	
130	1.392758e+01	2.250138e-01	8.269000e-01	1.620000e-02	1.246417e+00	5.359762e-02	2.187067e-02	
131	1.322751e+01	4.076734e-01	7.602000e-01	1.280000e-02	1.103387e+00	5.393364e-02	2.682125e-02	
132	1.272265e+01	5.422502e-01	7.634000e-01	1.570000e-02	1.242236e+00	6.095444e-02	2.979344e-02	
134	1.449275e+01	2.772527e-01	7.727000e-01	1.430000e-02	1.190760e+00	1.069103e-01	2.743629e-02	
135	1.569859e+01	4.682467e-01	7.817000e-01	1.350000e-02	1.141813e+00	6.857659e-02	2.526682e-02	
136	1.457726e+01	5.057417e-01	8.137000e-01	1.880000e-02	1.192037e+00	9.079888e-02	2.251150e-02	
138	1.302083e+01	1.881917e-01	8.026000e-01	1.260000e-02	1.235025e+00	3.386138e-02	2.471296e-02	
139	1.358696e+01	2.307567e-01	7.793000e-01	1.470000e-02	1.148369e+00	3.138630e-02	2.569128e-02	
140	1.652893e+01	4.890376e-01	8.335000e-01	1.720000e-02	1.131094e+00	4.401044e-02	1.909038e-02	
141	1.455604e+01	3.919749e-01	8.655000e-01	1.130000e-02	1.218918e+00	2.822944e-02	1.661875e-02	
142	1.436782e+01	6.337528e-01	8.018000e-01	1.550000e-02	1.151676e+00	5.955342e-02	2.313853e-02	
144	1.408451e+01	7.042254e-01	8.020000e-01	1.320000e-02	1.167951e+00	3.055608e-02	2.344185e-02	
145	1.351351e+01	2.100073e-01	7.830000e-01	1.260000e-02	1.122586e+00	4.536721e-02	2.469343e-02	
146	1.869159e+01	6.079134e-01	8.341000e-01	1.540000e-02	1.295840e+00	3.878957e-02	2.179213e-02	
147	1.364256e+01	2.214823e-01	7.581000e-01	1.730000e-02	1.117943e+00	4.899202e-02	2.741305e-02	
149	1.404494e+01	6.825211e-01	7.732000e-01	1.690000e-02	1.121328e+00	3.558373e-02	2.577967e-02	
150	1.459854e+01	4.475465e-01	8.200000e-01	1.750000e-02	1.150219e+00	2.844456e-02	2.098721e-02	
151	1.388889e+01	2.565586e-01	8.354000e-01	1.680000e-02	1.148369e+00	1.833065e-02	1.916078e-02	
152	1.464129e+01	2.508098e-01	8.211000e-01	1.270000e-02	1.155402e+00	2.469662e-02	2.095295e-02	
156	1.451379e+01	3.180816e-01	7.951000e-01	1.420000e-02	1.161845e+00	3.010241e-02	2.413193e-02	
157	1.328021e+01	2.663097e-01	8.165000e-01	1.540000e-02	1.141683e+00	4.601142e-02	2.123652e-02	
159	1.166861e+01	3.839613e-01	6.982000e-01	1.270000e-02	1.264702e+00	2.879049e-02	3.869094e-02	
160	9.765625e+00	1.449585e-01	5.097000e-01	1.100000e-02	1.322401e+00	7.239807e-02	6.572446e-02	
161	5.787037e+00	1.168794e-01	3.012000e-01	1.450000e-02	1.462416e+00	2.063807e-01	1.035919e-01	
162	3.003905e+00	1.109884e-01	-2.631000e-01	5.100000e-03	1.229256e+00	1.338809e-01	1.573918e-01	
164	1.903674e+00	6.559395e-02	-1.055300e+00	1.900000e-03	8.888889e-01	2.449383e-02	1.851930e-01	
