0	2	R2	7.476001e+00	7.476001e+00	4.562880e-09	0.000000e+00	5.610000e-01
0	3	R2	7.864255e+00	7.864255e+00	4.878089e-09	0.000000e+00	4.141600e-02
0	4	R2	8.381891e+00	8.381891e+00	5.296791e-09	8.023292e-14	2.214000e-02
0	6	R2	9.527678e+00	9.527678e+00	6.215055e-09	2.175815e-14	8.164100e-02
0	7	R2	9.195915e+00	9.195915e+00	5.950464e-09	0.000000e+00	1.122010e-01
0	8	R2	9.240766e+00	9.240766e+00	5.986296e-09	0.000000e+00	5.032700e-02
0	10	R2	9.038690e+00	9.038690e+00	5.824701e-09	-2.717399e-06	3.989300e-02
0	13	R2	9.607167e+00	9.607167e+00	6.278293e-09	3.559263e-14	4.990800e-02
0	14	R2	9.036715e+00	9.036715e+00	5.823119e-09	0.000000e+00	5.880100e-02
0	15	R2	1.041879e+01	1.041879e+01	6.920618e-09	0.000000e+00	3.154500e-02
0	17	R2	9.659440e+00	9.659440e+00	6.319846e-09	4.842188e-14	3.668500e-02
0	18	R2	9.848050e+00	9.848050e+00	6.469563e-09	-1.020191e-13	3.482400e-02
0	19	R2	1.030613e+01	1.030613e+01	6.831815e-09	0.000000e+00	7.202300e-02
0	20	R2	9.557575e+00	9.557575e+00	6.238847e-09	7.096628e-14	2.503100e-02
0	21	R2	1.095350e+01	1.095350e+01	7.340624e-09	-8.793280e-15	2.020130e-01
0	22	R2	9.377279e+00	9.377279e+00	6.095239e-09	5.738884e-14	3.095300e-02
0	23	R2	9.628485e+00	9.628485e+00	6.295242e-09	0.000000e+00	4.518600e-02
0	24	R2	9.157577e+00	9.157577e+00	5.919819e-09	-1.367480e-06	8.068400e-02
0	25	R2	9.259241e+00	9.259241e+00	6.001050e-09	-5.421973e-06	2.065400e-02
0	26	R2	9.946862e+00	9.946862e+00	6.547866e-09	-2.186151e-14	8.125500e-02
0	27	R2	1.017803e+01	1.017803e+01	6.730704e-09	-5.671547e-14	6.264100e-02
0	29	R2	1.279521e+01	1.279521e+01	8.770918e-09	0.000000e+00	5.766190e-01
0	30	R2	8.658348e+00	8.658348e+00	5.519487e-09	3.574087e-14	4.970100e-02
0	31	R2	9.289363e+00	9.289363e+00	6.025099e-09	-5.492758e-06	2.047700e-02
0	32	R2	9.595214e+00	9.595214e+00	6.268788e-09	-3.418964e-14	5.195600e-02
0	33	R2	9.368077e+00	9.368077e+00	6.087901e-09	0.000000e+00	6.619900e-02
0	34	R2	9.566975e+00	9.566975e+00	6.246326e-09	-1.244958e-06	9.397600e-02
0	35	R2	9.612195e+00	9.612195e+00	6.282291e-09	3.241882e-14	5.479400e-02
0	36	R2	9.089702e+00	9.089702e+00	5.865531e-09	5.444104e-14	3.262900e-02
0	37	R2	9.255008e+00	9.255008e+00	5.997670e-09	-1.550354e-07	7.218780e-01
0	38	R2	9.482092e+00	9.482092e+00	6.178762e-09	0.000000e+00	4.088600e-02
0	39	R2	9.856353e+00	9.856353e+00	6.476146e-09	2.765059e-14	6.424300e-02
0	42	R2	1.006004e+01	1.006004e+01	6.637443e-09	0.000000e+00	6.177600e-02
0	43	R2	9.754732e+00	9.754732e+00	6.395530e-09	-4.750379e-14	7.478800e-02
0	44	R2	9.989840e+00	9.989840e+00	6.581896e-09	1.924163e-14	9.231840e-02
0	45	R2	9.995407e+00	9.995407e+00	6.586303e-09	-2.822033e-14	6.294600e-02
0	46	R2	1.007624e+01	1.007624e+01	6.650255e-09	-4.770280e-14	7.447600e-02
0	47	R2	9.421149e+00	9.421149e+00	6.130210e-09	-1.285351e-06	8.917400e-02
0	48	R2	9.666522e+00	9.666522e+00	6.325474e-09	3.435295e-14	5.170900e-02
0	50	R2	1.028826e+01	1.028826e+01	6.817718e-09	0.000000e+00	3.600000e-01
0	51	R2	9.415176e+00	9.415176e+00	6.125450e-09	-1.929438e-14	9.206600e-02
0	52	R2	1.019914e+01	1.019914e+01	6.747377e-09	4.616672e-14	7.695400e-02
0	53	R2	9.011820e+00	9.011820e+00	5.803184e-09	-9.858636e-07	1.095180e-01
0	55	R2	9.048783e+00	9.048783e+00	5.832781e-09	-1.742500e-14	1.019430e-01
0	56	R2	8.837369e+00	8.837369e+00	5.663318e-09	0.000000e+00	4.833400e-02
0	57	R2	8.565181e+00	8.565181e+00	5.444515e-09	0.000000e+00	4.206000e-02
0	58	R2	9.477069e+00	9.477069e+00	6.174761e-09	-3.651899e-14	4.864200e-02
0	59	R2	9.316867e+00	9.316867e+00	6.047050e-09	-3.327259e-14	5.338800e-02
0	60	R2	9.581840e+00	9.581840e+00	6.258150e-09	-6.380363e-14	2.784100e-02
0	61	R2	9.549967e+00	9.549967e+00	6.232793e-09	1.145711e-14	1.550440e-01
0	62	R2	9.857067e+00	9.857067e+00	6.476712e-09	-6.711845e-14	5.293200e-02
0	63	R2	9.535584e+00	9.535584e+00	6.221347e-09	-1.653175e-06	7.046100e-02
0	64	R2	9.967395e+00	9.967395e+00	6.564126e-09	0.000000e+00	6.238000e-02
0	65	R2	9.606858e+00	9.606858e+00	6.278047e-09	-2.007415e-06	5.860600e-02
0	66	R2	9.673383e+00	9.673383e+00	6.330926e-09	3.129538e-14	5.676100e-02
0	67	R2	1.023352e+01	1.023352e+01	6.774521e-09	0.000000e+00	7.525600e-02
0	68	R2	9.393936e+00	9.393936e+00	6.108519e-09	0.000000e+00	5.133700e-02
0	69	R2	1.007614e+01	1.007614e+01	6.650176e-09	1.520112e-14	1.168570e-01
0	70	R2	9.444284e+00	9.444284e+00	6.148645e-09	-2.455620e-06	4.683000e-02
0	71	R2	1.078688e+01	1.078688e+01	7.210002e-09	-3.074824e-14	1.155420e-01
0	72	R2	9.399518e+00	9.399518e+00	6.112969e-09	-1.094235e-06	1.044270e-01
0	73	R2	9.343336e+00	9.343336e+00	6.068168e-09	-1.869281e-06	6.064000e-02
0	74	R2	8.974388e+00	8.974388e+00	5.773197e-09	-2.182103e-07	4.920190e-01
0	75	R2	9.424944e+00	9.424944e+00	6.133235e-09	-3.420083e-14	5.193900e-02
0	77	R2	1.176943e+01	1.176943e+01	7.977170e-09	0.000000e+00	1.154420e-01
0	78	R2	9.841951e+00	9.841951e+00	6.464727e-09	9.568620e-15	1.856440e-01
0	80	R2	7.548348e+00	7.548348e+00	4.621670e-09	2.582965e-14	3.438600e-02
0	81	R2	9.945100e+00	9.945100e+00	6.546471e-09	1.682156e-14	1.056000e-01
0	82	R2	9.691596e+00	9.691596e+00	6.345395e-09	2.628797e-14	1.351460e-01
0	83	R2	9.393344e+00	9.393344e+00	6.108047e-09	0.000000e+00	7.911400e-02
0	84	R2	9.804515e+00	9.804515e+00	6.435035e-09	4.031036e-14	4.406700e-02
0	86	R2	9.350544e+00	9.350544e+00	6.073917e-09	-2.101344e-06	5.399900e-02
0	87	R2	9.789960e+00	9.789960e+00	6.423487e-09	0.000000e+00	5.351100e-02
0	88	R2	9.313919e+00	9.313919e+00	6.044697e-09	-3.415611e-14	5.200700e-02
0	89	R2	8.864970e+00	8.864970e+00	5.685466e-09	-1.377491e-14	2.579120e-01
0	90	R2	9.914812e+00	9.914812e+00	6.522478e-09	0.000000e+00	3.161000e-02
0	91	R2	9.965231e+00	9.965231e+00	6.562413e-09	0.000000e+00	3.398300e-02
0	92	R2	1.075593e+01	1.075593e+01	7.185714e-09	1.333201e-13	3.997200e-02
0	93	R2	1.044237e+01	1.044237e+01	6.939191e-09	-1.254011e-14	1.416540e-01
0	95	R2	1.374314e+01	1.374314e+01	9.498984e-09	1.249706e-14	1.421420e-01
0	96	R2	1.211980e+01	1.211980e+01	8.249045e-09	2.900601e-14	6.124100e-02
0	97	R2	9.838570e+00	9.838570e+00	6.462046e-09	5.465125e-14	6.500700e-02
0	98	R2	1.500304e+01	1.500304e+01	1.046002e-08	5.459834e-14	6.507000e-02
0	99	R2	1.170413e+01	1.170413e+01	7.926406e-09	0.000000e+00	2.862350e-01
0	100	R2	9.801151e+00	9.801151e+00	6.432366e-09	0.000000e+00	5.779300e-02
0	101	R2	1.024858e+01	1.024858e+01	6.786408e-09	0.000000e+00	7.487600e-02
0	102	R2	9.755984e+00	9.755984e+00	6.396524e-09	2.068441e-14	8.587900e-02
0	103	R2	1.065164e+01	1.065164e+01	7.103813e-09	-4.888899e-14	7.266900e-02
0	104	R2	9.064412e+00	9.064412e+00	5.845292e-09	-1.949240e-06	5.582800e-02
0	106	R2	9.269192e+00	9.269192e+00	6.008996e-09	-6.506659e-15	2.730060e-01
0	107	R2	1.539261e+01	1.539261e+01	1.075587e-08	1.836199e-14	9.674100e-02
0	108	R2	1.050345e+01	1.050345e+01	6.987278e-09	0.000000e+00	4.878500e-02
0	109	R2	1.058835e+01	1.058835e+01	7.054065e-09	-7.959480e-15	2.231750e-01
0	110	R2	9.895713e+00	9.895713e+00	6.507345e-09	2.964943e-14	5.991200e-02
0	111	R2	9.583161e+00	9.583161e+00	6.259201e-09	-2.305592e-06	5.085900e-02
0	112	R2	9.879001e+00	9.879001e+00	6.494100e-09	-5.253577e-14	1.014370e-01
0	113	R2	8.811690e+00	8.811690e+00	5.642705e-09	-3.344738e-14	5.310900e-02
0	115	R2	9.476026e+00	9.476026e+00	6.173931e-09	-6.778858e-07	1.704030e-01
0	116	R2	9.278226e+00	9.278226e+00	6.016208e-09	-6.069487e-14	5.853400e-02
0	117	R2	1.000965e+01	1.000965e+01	6.597576e-09	0.000000e+00	6.544200e-02
0	118	R2	9.409670e+00	9.409670e+00	6.121061e-09	-3.728474e-14	4.764300e-02
0	119	R2	9.965205e+00	9.965205e+00	6.562392e-09	-2.228301e-14	7.971800e-02
0	120	R2	8.456033e+00	8.456033e+00	5.356583e-09	0.000000e+00	4.691100e-02
0	121	R2	1.030448e+01	1.030448e+01	6.830513e-09	0.000000e+00	3.055100e-02
0	122	R2	9.293074e+00	9.293074e+00	6.028061e-09	1.722344e-14	1.031360e-01
0	123	R2	9.631516e+00	9.631516e+00	6.297652e-09	-5.029180e-14	3.532100e-02
0	124	R2	9.478385e+00	9.478385e+00	6.175809e-09	-3.103322e-06	3.723500e-02
0	125	R2	8.895051e+00	8.895051e+00	5.709596e-09	0.000000e+00	1.564580e-01
0	126	R2	9.394015e+00	9.394015e+00	6.108582e-09	0.000000e+00	4.219100e-02
0	127	R2	9.318134e+00	9.318134e+00	6.048061e-09	-7.842116e-14	4.530300e-02
0	128	R2	9.607744e+00	9.607744e+00	6.278752e-09	0.000000e+00	2.602500e-02
0	129	R2	9.224947e+00	9.224947e+00	5.973660e-09	-1.995345e-06	5.584400e-02
0	130	R2	8.797102e+00	8.797102e+00	5.630992e-09	-3.309776e-14	5.367000e-02
0	131	R2	9.855020e+00	9.855020e+00	6.475089e-09	3.803355e-14	4.670500e-02
0	132	R2	9.408918e+00	9.408918e+00	6.120462e-09	-3.291641e-06	3.476100e-02
0	133	R2	9.443545e+00	9.443545e+00	6.148057e-09	0.000000e+00	7.004600e-02
0	134	R2	9.360842e+00	9.360842e+00	6.082131e-09	3.647999e-14	4.869400e-02
0	135	R2	9.401270e+00	9.401270e+00	6.114366e-09	-1.984137e-06	5.760500e-02
0	136	R2	9.629921e+00	9.629921e+00	6.296384e-09	-5.547388e-14	6.404300e-02
0	137	R2	8.648962e+00	8.648962e+00	5.511938e-09	-2.520048e-14	7.048900e-02
0	138	R2	8.924203e+00	8.924203e+00	5.732973e-09	3.117564e-14	5.697900e-02


1	2	NOE	3.056500e-01	3.056500e-01	1.356043e-09	6.939458e-16	1.599870e-01
1	3	NOE	6.668850e-01	6.668850e-01	2.511497e-09	0.000000e+00	1.369900e-02
1	4	NOE	6.781380e-01	6.781380e-01	2.603575e-09	6.333997e-15	1.752800e-02
1	6	NOE	8.069080e-01	8.069080e-01	6.293043e-09	0.000000e+00	2.332400e-02
1	7	NOE	7.802600e-01	7.802600e-01	4.472218e-09	0.000000e+00	2.520800e-02
1	8	NOE	7.844160e-01	7.844160e-01	4.656456e-09	-7.577367e-08	1.945600e-02
1	10	NOE	7.774340e-01	7.774340e-01	4.358582e-09	-5.644819e-15	1.966800e-02
1	13	NOE	7.857260e-01	7.857260e-01	4.719346e-09	6.921158e-15	1.604100e-02
1	14	NOE	7.272170e-01	7.272170e-01	3.160509e-09	0.000000e+00	1.716800e-02
1	15	NOE	7.900360e-01	7.900360e-01	4.945491e-09	0.000000e+00	2.010600e-02
1	17	NOE	8.002420e-01	8.002420e-01	5.641978e-09	0.000000e+00	2.208600e-02
1	18	NOE	7.963710e-01	7.963710e-01	5.345027e-09	-6.315262e-15	1.758000e-02
1	19	NOE	7.940330e-01	7.940330e-01	5.186690e-09	4.986853e-15	2.226300e-02
1	20	NOE	8.125700e-01	8.125700e-01	7.065917e-09	0.000000e+00	2.388200e-02
1	21	NOE	8.137200e-01	8.137200e-01	7.260475e-09	0.000000e+00	1.881900e-02
1	22	NOE	7.954670e-01	7.954670e-01	5.282121e-09	0.000000e+00	2.062700e-02
1	23	NOE	7.842230e-01	7.842230e-01	4.647399e-09	-7.252190e-08	2.040600e-02
1	24	NOE	7.955450e-01	7.955450e-01	5.287463e-09	7.421277e-15	1.496000e-02
1	25	NOE	8.059360e-01	8.059360e-01	6.184077e-09	0.000000e+00	1.880400e-02
1	26	NOE	7.645970e-01	7.645970e-01	3.932112e-09	0.000000e+00	1.777400e-02
1	27	NOE	7.942330e-01	7.942330e-01	5.199694e-09	-5.170080e-15	2.147400e-02
1	29	NOE	7.634880e-01	7.634880e-01	3.900783e-09	6.031231e-16	1.840790e-01
1	30	NOE	6.828190e-01	6.828190e-01	2.644827e-09	1.048072e-14	1.059300e-02
1	31	NOE	7.971250e-01	7.971250e-01	5.399230e-09	-4.016290e-15	2.764300e-02
1	32	NOE	7.973420e-01	7.973420e-01	5.415135e-09	0.000000e+00	1.996800e-02
1	33	NOE	7.968900e-01	7.968900e-01	5.382162e-09	-5.286021e-15	2.100300e-02
1	34	NOE	7.942170e-01	7.942170e-01	5.198650e-09	6.338698e-15	1.751500e-02
1	35	NOE	7.896150e-01	7.896150e-01	4.921976e-09	0.000000e+00	2.689700e-02
1	36	NOE	8.068230e-01	8.068230e-01	6.283285e-09	0.000000e+00	1.939700e-02
1	37	NOE	8.946240e-01	8.344152e-01	1.905863e-05	4.362765e-01	1.380060e-01
1	38	NOE	7.971920e-01	7.971920e-01	5.404126e-09	-5.319198e-15	2.087200e-02
1	39	NOE	8.105910e-01	8.105910e-01	6.764655e-09	-3.026786e-08	2.333900e-02
1	42	NOE	7.875480e-01	7.875480e-01	4.811147e-09	0.000000e+00	1.646400e-02
1	43	NOE	7.782390e-01	7.782390e-01	4.390080e-09	-4.994256e-15	2.223000e-02
1	44	NOE	7.900990e-01	7.900990e-01	4.949038e-09	-6.272092e-15	1.770100e-02
1	45	NOE	8.043730e-01	8.043730e-01	6.020053e-09	0.000000e+00	1.915400e-02
1	46	NOE	8.187190e-01	8.187190e-01	8.341308e-09	0.000000e+00	2.871900e-02
1	47	NOE	7.975630e-01	7.975630e-01	5.431476e-09	-4.686858e-15	2.368800e-02
1	48	NOE	7.678550e-01	7.678550e-01	4.028613e-09	0.000000e+00	2.228500e-02
1	50	NOE	8.161730e-01	8.161730e-01	7.735260e-09	-3.621198e-15	3.065900e-02
1	51	NOE	7.727380e-01	7.727380e-01	4.187252e-09	0.000000e+00	2.597300e-02
1	52	NOE	7.609640e-01	7.609640e-01	3.832131e-09	5.671927e-15	1.957400e-02
1	53	NOE	7.400870e-01	7.400870e-01	3.373940e-09	7.085022e-15	1.567000e-02
1	55	NOE	7.740260e-01	7.740260e-01	4.232257e-09	-5.977940e-15	1.857200e-02
1	56	NOE	7.406960e-01	7.406960e-01	3.385109e-09	1.475674e-14	1.504700e-02
1	57	NOE	7.361530e-01	7.361530e-01	3.304300e-09	6.268905e-15	1.771000e-02
1	58	NOE	7.858380e-01	7.858380e-01	4.724840e-09	0.000000e+00	1.758700e-02
1	59	NOE	7.886200e-01	7.886200e-01	4.867693e-09	-5.170803e-15	2.147100e-02
1	60	NOE	7.771540e-01	7.771540e-01	4.347781e-09	0.000000e+00	2.109300e-02
1	61	NOE	8.029000e-01	8.029000e-01	5.876757e-09	0.000000e+00	2.517200e-02
1	62	NOE	8.187530e-01	8.187530e-01	8.350387e-09	-6.359394e-15	1.745800e-02
1	63	NOE	8.087770e-01	8.087770e-01	6.519689e-09	-4.881174e-15	2.274500e-02
1	64	NOE	8.028320e-01	8.028320e-01	5.870384e-09	0.000000e+00	2.194300e-02
1	65	NOE	7.953700e-01	7.953700e-01	5.275501e-09	5.527623e-15	2.008500e-02
1	66	NOE	8.015080e-01	8.015080e-01	5.750261e-09	0.000000e+00	1.769900e-02
1	67	NOE	7.859030e-01	7.859030e-01	4.728038e-09	-8.215807e-08	1.741600e-02
1	68	NOE	7.679720e-01	7.679720e-01	4.032209e-09	0.000000e+00	9.219000e-03
1	69	NOE	8.090740e-01	8.090740e-01	6.557991e-09	0.000000e+00	2.470300e-02
1	70	NOE	7.976680e-01	7.976680e-01	5.439292e-09	0.000000e+00	1.987000e-02
1	71	NOE	8.430710e-01	8.344152e-01	3.355579e-05	3.141955e-01	2.754900e-02
1	72	NOE	7.771910e-01	7.771910e-01	4.349204e-09	0.000000e+00	1.643800e-02
1	73	NOE	8.007770e-01	8.007770e-01	5.686993e-09	5.394408e-15	2.058100e-02
1	74	NOE	7.573420e-01	7.573420e-01	3.739540e-09	0.000000e+00	7.122700e-02
1	75	NOE	7.997770e-01	7.997770e-01	5.603701e-09	0.000000e+00	2.109900e-02
1	77	NOE	7.835430e-01	7.835430e-01	4.615896e-09	-7.594247e-08	1.974800e-02
1	78	NOE	7.949040e-01	7.949040e-01	5.244037e-09	0.000000e+00	3.384600e-02
1	80	NOE	7.512650e-01	7.512650e-01	3.597930e-09	0.000000e+00	1.449800e-02
1	81	NOE	7.996970e-01	7.996970e-01	5.597193e-09	-7.172910e-15	1.547800e-02
1	82	NOE	7.501190e-01	7.501190e-01	3.572946e-09	0.000000e+00	3.917100e-02
1	83	NOE	8.041900e-01	8.041900e-01	6.001683e-09	0.000000e+00	2.188900e-02
1	84	NOE	7.036450e-01	7.036450e-01	2.854165e-09	0.000000e+00	1.520300e-02
1	86	NOE	7.835830e-01	7.835830e-01	4.617732e-09	-6.739653e-15	1.647300e-02
1	87	NOE	7.830670e-01	7.830670e-01	4.594217e-09	-6.959352e-08	2.174900e-02
1	88	NOE	8.235870e-01	8.235870e-01	1.004797e-08	0.000000e+00	2.145300e-02
1	89	NOE	8.129990e-01	8.129990e-01	7.136664e-09	0.000000e+00	1.269500e-02
1	90	NOE	7.945410e-01	7.945410e-01	5.219909e-09	0.000000e+00	2.272700e-02
1	91	NOE	7.992310e-01	7.992310e-01	5.559725e-09	0.000000e+00	2.502300e-02
1	92	NOE	8.015690e-01	8.015690e-01	5.755636e-09	0.000000e+00	2.297400e-02
1	93	NOE	8.364820e-01	8.344152e-01	1.945090e-05	9.345997e-02	2.211400e-02
1	95	NOE	8.133250e-01	8.133250e-01	7.191860e-09	0.000000e+00	4.729500e-02
1	96	NOE	8.041170e-01	8.041170e-01	5.994402e-09	0.000000e+00	2.215700e-02
1	97	NOE	7.959960e-01	7.959960e-01	5.318664e-09	-4.738063e-15	2.343200e-02
1	98	NOE	7.940160e-01	7.940160e-01	5.185589e-09	0.000000e+00	2.634000e-02
1	99	NOE	8.231990e-01	8.231990e-01	9.872240e-09	0.000000e+00	5.248600e-02
1	100	NOE	8.256340e-01	8.256340e-01	1.116026e-08	5.597293e-15	1.983500e-02
1	101	NOE	7.883630e-01	7.883630e-01	4.853957e-09	5.496426e-15	2.019900e-02
1	102	NOE	8.096850e-01	8.096850e-01	6.638943e-09	0.000000e+00	2.117200e-02
1	103	NOE	8.174180e-01	8.174180e-01	8.014612e-09	0.000000e+00	1.946500e-02
1	104	NOE	7.829890e-01	7.829890e-01	4.590693e-09	-1.087576e-07	1.393800e-02
1	106	NOE	7.851470e-01	7.851470e-01	4.691242e-09	-8.437930e-08	1.721900e-02
1	107	NOE	8.432060e-01	8.344152e-01	2.315993e-05	3.271837e-01	2.686800e-02
1	108	NOE	8.145860e-01	8.145860e-01	7.418010e-09	0.000000e+00	2.152500e-02
1	109	NOE	8.078130e-01	8.078130e-01	6.399811e-09	4.836098e-15	2.295700e-02
1	110	NOE	8.119200e-01	8.119200e-01	6.962601e-09	-4.298720e-08	1.552100e-02
1	111	NOE	7.835930e-01	7.835930e-01	4.618191e-09	-9.078676e-08	1.650300e-02
1	112	NOE	8.179390e-01	8.179390e-01	8.140794e-09	0.000000e+00	3.554800e-02
1	113	NOE	7.401760e-01	7.401760e-01	3.375566e-09	0.000000e+00	5.300000e-04
1	115	NOE	7.203620e-01	7.203620e-01	3.061771e-09	0.000000e+00	6.052500e-02
1	116	NOE	7.397670e-01	7.397670e-01	3.368115e-09	-6.111207e-15	1.816700e-02
1	117	NOE	7.897820e-01	7.897820e-01	4.931264e-09	0.000000e+00	1.547800e-02
1	118	NOE	8.496460e-01	8.344152e-01	2.517376e-05	7.416621e-01	2.053600e-02
1	119	NOE	8.113570e-01	8.113570e-01	6.876661e-09	-3.456957e-08	1.978100e-02
1	120	NOE	6.785480e-01	6.785480e-01	2.607114e-09	0.000000e+00	1.749500e-02
1	121	NOE	8.156010e-01	8.156010e-01	7.616302e-09	0.000000e+00	1.597400e-02
1	122	NOE	7.756810e-01	7.756810e-01	4.292235e-09	0.000000e+00	2.230200e-02
1	123	NOE	7.742840e-01	7.742840e-01	4.241444e-09	0.000000e+00	2.169300e-02
1	124	NOE	8.097440e-01	8.097440e-01	6.646919e-09	0.000000e+00	2.509300e-02
1	125	NOE	7.941230e-01	7.941230e-01	5.192530e-09	-7.971159e-15	1.392800e-02
1	126	NOE	7.872300e-01	7.872300e-01	4.794744e-09	0.000000e+00	2.270400e-02
1	127	NOE	7.814410e-01	7.814410e-01	4.522369e-09	0.000000e+00	1.988000e-02
1	128	NOE	8.095640e-01	8.095640e-01	6.622675e-09	0.000000e+00	2.125200e-02
1	129	NOE	7.754220e-01	7.754220e-01	4.282683e-09	-4.947297e-15	2.244100e-02
1	130	NOE	7.690240e-01	7.690240e-01	4.064975e-09	0.000000e+00	2.183000e-02
1	131	NOE	7.776230e-01	7.776230e-01	4.365917e-09	0.000000e+00	2.711900e-02
1	132	NOE	7.922720e-01	7.922720e-01	5.076210e-09	0.000000e+00	1.778900e-02
1	133	NOE	7.905640e-01	7.905640e-01	4.975457e-09	0.000000e+00	1.823800e-02
1	134	NOE	8.106560e-01	8.106560e-01	6.773949e-09	-4.485002e-08	1.570800e-02
1	135	NOE	8.072120e-01	8.072120e-01	6.328314e-09	0.000000e+00	1.620600e-02
1	136	NOE	7.942200e-01	7.942200e-01	5.198846e-09	0.000000e+00	1.657500e-02
1	137	NOE	7.411770e-01	7.411770e-01	3.394006e-09	-6.046637e-15	1.836100e-02
1	138	NOE	7.820300e-01	7.820300e-01	4.548010e-09	0.000000e+00	1.963800e-02


2	2	R1	1.552767e+00	1.552767e+00	8.479607e-09	-3.670037e-15	6.050200e-02
2	3	R1	1.351993e+00	1.351993e+00	9.974043e-09	0.000000e+00	5.075000e-03
2	4	R1	1.447631e+00	1.447631e+00	9.215638e-09	0.000000e+00	8.612000e-03
2	6	R1	1.662819e+00	1.662819e+00	7.797353e-09	0.000000e+00	7.381000e-03
2	7	R1	1.579797e+00	1.579797e+00	8.304423e-09	-8.264585e-15	2.686700e-02
2	8	R1	1.595986e+00	1.595986e+00	8.201982e-09	5.315887e-14	8.354000e-03
2	10	R1	1.554451e+00	1.554451e+00	8.468537e-09	-2.749778e-14	8.075000e-03
2	13	R1	1.656227e+00	1.656227e+00	7.836020e-09	-2.680403e-14	8.284000e-03
2	14	R1	1.496006e+00	1.496006e+00	8.865542e-09	0.000000e+00	7.063000e-03
2	15	R1	1.545026e+00	1.545026e+00	8.530765e-09	0.000000e+00	8.406000e-03
2	17	R1	1.585379e+00	1.585379e+00	8.268896e-09	0.000000e+00	8.298000e-03
2	18	R1	1.616053e+00	1.616053e+00	8.077473e-09	-6.843723e-14	6.489000e-03
2	19	R1	1.659670e+00	1.659670e+00	7.815792e-09	3.252924e-14	6.826000e-03
2	20	R1	1.639930e+00	1.639930e+00	7.932748e-09	-4.386500e-14	1.012400e-02
2	21	R1	1.597671e+00	1.597671e+00	8.191423e-09	0.000000e+00	6.269000e-03
2	22	R1	1.651805e+00	1.651805e+00	7.862106e-09	0.000000e+00	9.169000e-03
2	23	R1	1.641656e+00	1.641656e+00	7.922427e-09	-4.352962e-14	5.101000e-03
2	24	R1	1.652785e+00	1.652785e+00	7.856314e-09	-6.272446e-14	7.080000e-03
2	25	R1	1.619213e+00	1.619213e+00	8.058109e-09	7.812970e-14	8.526000e-03
2	26	R1	1.707039e+00	1.707039e+00	7.544503e-09	0.000000e+00	1.902800e-02
2	27	R1	1.653554e+00	1.653554e+00	7.851774e-09	0.000000e+00	6.966000e-03
2	29	R1	1.651039e+00	1.651039e+00	7.866636e-09	0.000000e+00	5.587500e-02
2	30	R1	1.508506e+00	1.508506e+00	8.778344e-09	-3.852266e-14	5.764000e-03
2	31	R1	1.562163e+00	1.562163e+00	8.418110e-09	-5.606479e-14	7.921000e-03
2	32	R1	1.652217e+00	1.652217e+00	7.859670e-09	6.238961e-14	7.118000e-03
2	33	R1	1.615564e+00	1.615564e+00	8.080476e-09	-9.198202e-14	7.242000e-03
2	34	R1	1.636467e+00	1.636467e+00	7.953514e-09	-3.689674e-14	6.018000e-03
2	35	R1	1.593211e+00	1.593211e+00	8.219413e-09	-6.365958e-14	1.046400e-02
2	36	R1	1.552659e+00	1.552659e+00	8.480317e-09	-3.527877e-14	6.294000e-03
2	37	R1	2.830942e+00	2.808233e+00	2.507032e-09	2.625388e-02	8.649680e-01
2	38	R1	1.608810e+00	1.608810e+00	8.122104e-09	5.376383e-14	8.260000e-03
2	39	R1	1.556500e+00	1.556500e+00	8.455096e-09	-3.184805e-14	6.972000e-03
2	42	R1	1.602250e+00	1.602250e+00	8.162827e-09	0.000000e+00	9.426000e-03
2	43	R1	1.588544e+00	1.588544e+00	8.248849e-09	-2.518940e-14	8.815000e-03
2	44	R1	1.611721e+00	1.611721e+00	8.104125e-09	-2.156610e-14	1.029600e-02
2	45	R1	1.695352e+00	1.695352e+00	7.610252e-09	0.000000e+00	7.606000e-03
2	46	R1	1.711013e+00	1.711013e+00	7.522316e-09	-1.770549e-14	1.254100e-02
2	47	R1	1.644806e+00	1.644806e+00	7.903637e-09	4.451130e-14	9.977000e-03
2	48	R1	1.633959e+00	1.633959e+00	7.968600e-09	0.000000e+00	1.021200e-02
2	50	R1	1.748637e+00	1.748637e+00	7.316418e-09	-6.122666e-15	3.626600e-02
2	51	R1	1.671188e+00	1.671188e+00	7.748635e-09	4.684980e-14	9.479000e-03
2	52	R1	1.639664e+00	1.639664e+00	7.934341e-09	1.999861e-14	2.220600e-02
2	53	R1	1.596033e+00	1.596033e+00	8.201687e-09	-1.680628e-14	1.321200e-02
2	55	R1	1.655231e+00	1.655231e+00	7.841885e-09	1.459667e-14	1.521200e-02
2	56	R1	1.550460e+00	1.550460e+00	8.494806e-09	-4.092988e-14	5.425000e-03
2	57	R1	1.534364e+00	1.534364e+00	8.601969e-09	2.603102e-14	8.530000e-03
2	58	R1	1.656621e+00	1.656621e+00	7.833702e-09	-2.821405e-14	7.870000e-03
2	59	R1	1.668733e+00	1.668733e+00	7.762884e-09	-8.428873e-14	7.903000e-03
2	60	R1	1.647890e+00	1.647890e+00	7.885300e-09	-2.573833e-14	8.627000e-03
2	61	R1	1.642551e+00	1.642551e+00	7.917082e-09	0.000000e+00	6.665000e-03
2	62	R1	1.650710e+00	1.650710e+00	7.868583e-09	2.308876e-14	9.617000e-03
2	63	R1	1.556194e+00	1.556194e+00	8.457101e-09	0.000000e+00	4.364000e-03
2	64	R1	1.661673e+00	1.661673e+00	7.804057e-09	-3.301288e-14	6.726000e-03
2	65	R1	1.564766e+00	1.564766e+00	8.401187e-09	0.000000e+00	8.900000e-03
2	66	R1	1.612574e+00	1.612574e+00	8.098867e-09	-5.420349e-14	8.193000e-03
2	67	R1	1.602629e+00	1.602629e+00	8.160466e-09	-2.600968e-14	8.537000e-03
2	68	R1	1.502217e+00	1.502217e+00	8.822054e-09	-6.742928e-14	6.586000e-03
2	69	R1	1.612938e+00	1.612938e+00	8.096625e-09	-9.634008e-15	2.304800e-02
2	70	R1	1.600962e+00	1.600962e+00	8.170856e-09	0.000000e+00	9.208000e-03
2	71	R1	1.644755e+00	1.644755e+00	7.903940e-09	0.000000e+00	2.702600e-02
2	72	R1	1.576877e+00	1.576877e+00	8.323095e-09	0.000000e+00	5.332000e-03
2	73	R1	1.612525e+00	1.612525e+00	8.099169e-09	2.944498e-14	7.541000e-03
2	74	R1	1.557706e+00	1.557706e+00	8.447200e-09	0.000000e+00	3.558200e-02
2	75	R1	1.608713e+00	1.608713e+00	8.122704e-09	6.672013e-14	3.328000e-03
2	77	R1	1.527567e+00	1.527567e+00	8.647819e-09	0.000000e+00	4.325000e-03
2	78	R1	1.622289e+00	1.622289e+00	8.039322e-09	-1.405746e-14	3.159100e-02
2	80	R1	1.291923e+00	1.291923e+00	1.050275e-08	-3.527317e-14	6.295000e-03
2	81	R1	1.579515e+00	1.579515e+00	8.306224e-09	5.144208e-15	4.316400e-02
2	82	R1	1.585088e+00	1.585088e+00	8.270743e-09	6.788902e-15	3.270700e-02
2	83	R1	1.590097e+00	1.590097e+00	8.239037e-09	-4.555696e-14	4.874000e-03
2	84	R1	1.521294e+00	1.521294e+00	8.690455e-09	8.320952e-14	5.337000e-03
2	86	R1	1.638948e+00	1.638948e+00	7.938629e-09	4.209775e-14	1.054900e-02
2	87	R1	1.630179e+00	1.630179e+00	7.991413e-09	-2.752847e-14	8.066000e-03
2	88	R1	1.612583e+00	1.612583e+00	8.098812e-09	0.000000e+00	5.584000e-03
2	89	R1	1.639161e+00	1.639161e+00	7.937353e-09	0.000000e+00	2.292000e-02
2	90	R1	1.560011e+00	1.560011e+00	8.432137e-09	-7.538862e-14	8.836000e-03
2	91	R1	1.641412e+00	1.641412e+00	7.923885e-09	-5.283003e-14	8.406000e-03
2	92	R1	1.655485e+00	1.655485e+00	7.840389e-09	-4.333000e-14	1.024900e-02
2	93	R1	1.585212e+00	1.585212e+00	8.269956e-09	2.183974e-14	1.016700e-02
2	95	R1	1.688189e+00	1.688189e+00	7.650926e-09	2.139261e-14	2.075900e-02
2	96	R1	1.672918e+00	1.672918e+00	7.738616e-09	5.342748e-14	8.312000e-03
2	97	R1	1.610556e+00	1.610556e+00	8.111314e-09	3.038793e-14	7.307000e-03
2	98	R1	1.583927e+00	1.583927e+00	8.278117e-09	4.784928e-14	9.281000e-03
2	99	R1	1.507654e+00	1.507654e+00	8.784247e-09	4.358516e-14	1.018900e-02
2	100	R1	1.668180e+00	1.668180e+00	7.766098e-09	2.420105e-14	9.175000e-03
2	101	R1	1.602052e+00	1.602052e+00	8.164061e-09	2.578095e-06	7.573000e-03
2	102	R1	1.710485e+00	1.710485e+00	7.525259e-09	6.307189e-14	7.041000e-03
2	103	R1	1.681095e+00	1.681095e+00	7.691494e-09	0.000000e+00	8.420000e-03
2	104	R1	1.563292e+00	1.563292e+00	8.410764e-09	-4.531523e-14	4.900000e-03
2	106	R1	1.684573e+00	1.684573e+00	7.671569e-09	-1.968917e-14	2.255500e-02
2	107	R1	1.616041e+00	1.616041e+00	8.077547e-09	0.000000e+00	8.890000e-03
2	108	R1	1.636730e+00	1.636730e+00	7.951934e-09	-2.875481e-14	7.722000e-03
2	109	R1	1.545683e+00	1.545683e+00	8.526405e-09	1.748039e-14	2.540500e-02
2	110	R1	1.629278e+00	1.629278e+00	7.996863e-09	2.835819e-14	7.830000e-03
2	111	R1	1.614748e+00	1.614748e+00	8.085489e-09	-4.335115e-14	5.122000e-03
2	112	R1	1.596108e+00	1.596108e+00	8.201217e-09	2.167346e-14	1.024500e-02
2	113	R1	1.411109e+00	1.411109e+00	9.494220e-09	0.000000e+00	4.447000e-03
2	115	R1	1.520479e+00	1.520479e+00	8.696018e-09	0.000000e+00	2.549600e-02
2	116	R1	1.588613e+00	1.588613e+00	8.248412e-09	3.374025e-14	6.581000e-03
2	117	R1	1.693764e+00	1.693764e+00	7.619244e-09	2.237000e-14	9.926000e-03
2	118	R1	1.670867e+00	1.670867e+00	7.750496e-09	6.248617e-14	7.107000e-03
2	119	R1	1.645204e+00	1.645204e+00	7.901267e-09	2.618605e-06	7.553000e-03
2	120	R1	1.485523e+00	1.485523e+00	8.939676e-09	-3.237746e-14	6.858000e-03
2	121	R1	1.726023e+00	1.726023e+00	7.439285e-09	-6.714382e-14	6.614000e-03
2	122	R1	1.614532e+00	1.614532e+00	8.086817e-09	-2.576521e-14	8.618000e-03
2	123	R1	1.627186e+00	1.627186e+00	8.009540e-09	0.000000e+00	6.875000e-03
2	124	R1	1.610978e+00	1.610978e+00	8.108709e-09	3.100316e-14	7.162000e-03
2	125	R1	1.611958e+00	1.611958e+00	8.102664e-09	8.377303e-15	5.301100e-02
2	126	R1	1.660938e+00	1.660938e+00	7.808360e-09	2.060739e-14	1.077500e-02
2	127	R1	1.582210e+00	1.582210e+00	8.289039e-09	-4.929942e-14	9.008000e-03
2	128	R1	1.633192e+00	1.633192e+00	7.973222e-09	1.032285e-13	6.453000e-03
2	129	R1	1.644473e+00	1.644473e+00	7.905620e-09	0.000000e+00	6.954000e-03
2	130	R1	1.573521e+00	1.573521e+00	8.344630e-09	-2.843445e-14	7.809000e-03
2	131	R1	1.694376e+00	1.694376e+00	7.615777e-09	2.203571e-06	9.093000e-03
2	132	R1	1.610710e+00	1.610710e+00	8.110363e-09	0.000000e+00	5.529000e-03
2	133	R1	1.636959e+00	1.636959e+00	7.950559e-09	-1.240299e-13	7.161000e-03
2	134	R1	1.595998e+00	1.595998e+00	8.201907e-09	-4.614393e-14	4.812000e-03
2	135	R1	1.633504e+00	1.633504e+00	7.971341e-09	-4.400408e-14	5.046000e-03
2	136	R1	1.628003e+00	1.628003e+00	8.004586e-09	0.000000e+00	6.390000e-03
2	137	R1	1.481415e+00	1.481415e+00	8.968982e-09	0.000000e+00	1.488400e-02
2	138	R1	1.562050e+00	1.562050e+00	8.418845e-09	4.200617e-14	5.286000e-03


