0	2	R2	8.637470e+00	8.637470e+00	5.760987e-09	0.000000e+00	3.862380e-01
0	3	R2	7.603614e+00	7.603614e+00	4.852811e-09	6.960919e-14	2.551900e-02
0	4	R2	8.143566e+00	8.143566e+00	5.327311e-09	0.000000e+00	2.701500e-02
0	6	R2	9.392473e+00	9.392473e+00	6.421017e-09	-1.404115e-06	7.822100e-02
0	7	R2	9.125473e+00	9.125473e+00	6.188111e-09	2.256580e-14	7.871900e-02
0	8	R2	9.075658e+00	9.075658e+00	6.144591e-09	-2.116449e-14	8.393100e-02
0	10	R2	8.891617e+00	8.891617e+00	5.983641e-09	0.000000e+00	6.027300e-02
0	13	R2	9.376913e+00	9.376913e+00	6.407460e-09	-1.577654e-06	6.945900e-02
0	14	R2	8.538497e+00	8.538497e+00	5.674170e-09	1.804122e-14	9.846100e-02
0	15	R2	9.805729e+00	9.805729e+00	6.780257e-09	2.856936e-14	6.217700e-02
0	17	R2	9.487088e+00	9.487088e+00	6.503402e-09	-2.731462e-06	4.076500e-02
0	18	R2	9.385733e+00	9.385733e+00	6.415145e-09	-2.010875e-06	5.456500e-02
0	19	R2	9.924463e+00	9.924463e+00	6.883179e-09	-2.643664e-14	6.719300e-02
0	20	R2	9.346216e+00	9.346216e+00	6.380710e-09	4.968830e-14	7.150000e-02
0	21	R2	1.025985e+01	1.025985e+01	7.173182e-09	0.000000e+00	9.943200e-02
0	22	R2	9.243909e+00	9.243909e+00	6.291498e-09	0.000000e+00	6.491400e-02
0	23	R2	9.332025e+00	9.332025e+00	6.368341e-09	0.000000e+00	3.741300e-02
0	24	R2	8.948103e+00	8.948103e+00	6.033067e-09	1.605093e-14	1.106700e-01
0	25	R2	8.975025e+00	8.975025e+00	6.056616e-09	0.000000e+00	6.772200e-02
0	26	R2	9.431955e+00	9.431955e+00	6.455405e-09	-2.378429e-06	4.644400e-02
0	27	R2	9.721223e+00	9.721223e+00	6.706924e-09	0.000000e+00	1.068260e-01
0	29	R2	1.021278e+01	1.021278e+01	7.132546e-09	-6.927177e-15	2.564330e-01
0	30	R2	8.265845e+00	8.265845e+00	5.434764e-09	0.000000e+00	6.041200e-02
0	31	R2	8.968055e+00	8.968055e+00	6.050520e-09	0.000000e+00	9.394800e-02
0	32	R2	9.501830e+00	9.501830e+00	6.516231e-09	-1.502197e-06	7.428100e-02
0	33	R2	9.189882e+00	9.189882e+00	6.244350e-09	5.180544e-14	3.428900e-02
0	34	R2	9.335926e+00	9.335926e+00	6.371741e-09	0.000000e+00	6.246000e-02
0	35	R2	9.324865e+00	9.324865e+00	6.362099e-09	0.000000e+00	6.699000e-02
0	36	R2	8.870333e+00	8.870333e+00	5.965011e-09	0.000000e+00	4.222200e-02
0	37	R2	9.446808e+00	9.446808e+00	6.468338e-09	-1.901169e-14	9.343500e-02
0	38	R2	9.248963e+00	9.248963e+00	6.295907e-09	0.000000e+00	8.352000e-02
0	39	R2	9.637583e+00	9.637583e+00	6.634278e-09	0.000000e+00	4.017200e-02
0	42	R2	9.779875e+00	9.779875e+00	6.757829e-09	1.494294e-14	1.188760e-01
0	43	R2	9.285571e+00	9.285571e+00	6.327838e-09	-1.929753e-14	9.205100e-02
0	44	R2	9.892333e+00	9.892333e+00	6.855341e-09	-8.693356e-14	4.086700e-02
0	45	R2	9.502218e+00	9.502218e+00	6.516569e-09	-1.397139e-06	7.987100e-02
0	46	R2	9.848423e+00	9.848423e+00	6.817281e-09	0.000000e+00	1.148440e-01
0	47	R2	9.301881e+00	9.301881e+00	6.342061e-09	0.000000e+00	9.183100e-02
0	48	R2	9.567417e+00	9.567417e+00	6.573284e-09	-2.739347e-14	6.484600e-02
0	50	R2	9.617738e+00	9.617738e+00	6.617032e-09	1.623029e-14	1.094470e-01
0	51	R2	9.328223e+00	9.328223e+00	6.365027e-09	-1.970096e-14	9.016600e-02
0	52	R2	9.639323e+00	9.639323e+00	6.635790e-09	0.000000e+00	9.867300e-02
0	53	R2	8.779031e+00	8.779031e+00	5.885059e-09	2.740150e-14	6.482700e-02
0	55	R2	8.868139e+00	8.868139e+00	5.963091e-09	-1.375091e-14	1.291810e-01
0	56	R2	8.656765e+00	8.656765e+00	5.777905e-09	0.000000e+00	6.370100e-02
0	57	R2	8.319611e+00	8.319611e+00	5.481997e-09	2.587254e-14	6.865800e-02
0	58	R2	9.236187e+00	9.236187e+00	6.284761e-09	3.195519e-14	5.558900e-02
0	59	R2	9.130043e+00	9.130043e+00	6.192102e-09	0.000000e+00	6.174600e-02
0	60	R2	9.255808e+00	9.255808e+00	6.301878e-09	0.000000e+00	6.724800e-02
0	61	R2	9.606431e+00	9.606431e+00	6.607204e-09	0.000000e+00	9.455300e-02
0	62	R2	9.645903e+00	9.645903e+00	6.641507e-09	-1.275110e-06	8.932700e-02
0	63	R2	9.470445e+00	9.470445e+00	6.488916e-09	0.000000e+00	1.079600e-01
0	64	R2	9.736423e+00	9.736423e+00	6.720120e-09	-1.956987e-14	9.077000e-02
0	65	R2	9.478846e+00	9.478846e+00	6.496228e-09	-4.415076e-06	2.519000e-02
0	66	R2	9.275319e+00	9.275319e+00	6.318897e-09	0.000000e+00	7.519300e-02
0	67	R2	9.744968e+00	9.744968e+00	6.727537e-09	-2.790510e-06	4.139000e-02
0	68	R2	9.107745e+00	9.107745e+00	6.172625e-09	0.000000e+00	8.813900e-02
0	69	R2	9.640377e+00	9.640377e+00	6.636706e-09	0.000000e+00	1.419050e-01
0	70	R2	9.289180e+00	9.289180e+00	6.330985e-09	-1.934903e-14	9.180600e-02
0	71	R2	1.038537e+01	1.038537e+01	7.281441e-09	0.000000e+00	1.153600e-01
0	72	R2	9.371665e+00	9.371665e+00	6.402888e-09	0.000000e+00	7.376300e-02
0	73	R2	9.325890e+00	9.325890e+00	6.362993e-09	1.886150e-14	9.417900e-02
0	74	R2	9.749098e+00	9.749098e+00	6.731121e-09	8.254868e-15	2.151890e-01
0	75	R2	9.243349e+00	9.243349e+00	6.291009e-09	0.000000e+00	4.623200e-02
0	77	R2	1.078914e+01	1.078914e+01	7.628680e-09	2.605507e-14	6.817700e-02
0	78	R2	9.941128e+00	9.941128e+00	6.897614e-09	0.000000e+00	1.728630e-01
0	80	R2	7.137878e+00	7.137878e+00	4.444834e-09	-1.206141e-14	7.363800e-02
0	81	R2	9.206531e+00	9.206531e+00	6.258882e-09	2.581801e-14	6.880300e-02
0	82	R2	9.673655e+00	9.673655e+00	6.665617e-09	-7.860980e-07	1.454640e-01
0	83	R2	9.134520e+00	9.134520e+00	6.196012e-09	3.549448e-14	5.004600e-02
0	84	R2	9.059133e+00	9.059133e+00	6.130150e-09	0.000000e+00	6.055400e-02
0	86	R2	9.095080e+00	9.095080e+00	6.161561e-09	-2.834054e-14	6.267900e-02
0	87	R2	9.302039e+00	9.302039e+00	6.342199e-09	0.000000e+00	4.983100e-02
0	88	R2	9.108265e+00	9.108265e+00	6.173080e-09	4.293621e-14	4.137200e-02
0	89	R2	9.157444e+00	9.157444e+00	6.216031e-09	-2.425756e-14	7.322900e-02
0	90	R2	9.506090e+00	9.506090e+00	6.519938e-09	-3.839251e-06	2.908200e-02
0	91	R2	9.605842e+00	9.605842e+00	6.606692e-09	1.889259e-14	9.402400e-02
0	92	R2	1.003034e+01	1.003034e+01	6.974844e-09	0.000000e+00	1.092980e-01
0	93	R2	1.006152e+01	1.006152e+01	7.001819e-09	-2.629906e-14	1.350890e-01
0	95	R2	1.163109e+01	1.163109e+01	8.347958e-09	-1.980066e-14	1.794240e-01
0	96	R2	1.116506e+01	1.116506e+01	7.950610e-09	1.984535e-14	8.951000e-02
0	97	R2	9.580739e+00	9.580739e+00	6.584868e-09	-2.148595e-06	5.252400e-02
0	98	R2	1.253465e+01	1.253465e+01	9.113214e-09	0.000000e+00	9.763800e-02
0	99	R2	1.873453e+01	1.873453e+01	1.423756e-08	-3.669723e-14	1.936230e-01
0	100	R2	9.432894e+00	9.432894e+00	6.456223e-09	1.627058e-14	1.091760e-01
0	101	R2	9.668601e+00	9.668601e+00	6.661226e-09	0.000000e+00	6.492400e-02
0	102	R2	9.366815e+00	9.366815e+00	6.398662e-09	0.000000e+00	9.300900e-02
0	103	R2	1.004104e+01	1.004104e+01	6.984102e-09	-1.192755e-06	1.008510e-01
0	104	R2	8.766996e+00	8.766996e+00	5.874516e-09	-2.188872e-14	8.115400e-02
0	106	R2	9.476894e+00	9.476894e+00	6.494529e-09	1.009753e-14	1.759200e-01
0	107	R2	1.383424e+01	1.383424e+01	1.020344e-08	0.000000e+00	1.508370e-01
0	108	R2	9.820088e+00	9.820088e+00	6.792711e-09	-2.437573e-14	7.287400e-02
0	109	R2	9.983706e+00	9.983706e+00	6.934483e-09	0.000000e+00	1.009250e-01
0	110	R2	9.588054e+00	9.588054e+00	6.591228e-09	0.000000e+00	1.285540e-01
0	111	R2	9.367445e+00	9.367445e+00	6.399211e-09	-1.053404e-06	1.038830e-01
0	112	R2	9.907006e+00	9.907006e+00	6.868055e-09	0.000000e+00	1.532330e-01
0	113	R2	8.811301e+00	8.811301e+00	5.913324e-09	1.841433e-14	9.646600e-02
0	115	R2	9.409623e+00	9.409623e+00	6.435956e-09	-5.603955e-07	1.964790e-01
0	116	R2	8.948763e+00	8.948763e+00	6.033645e-09	2.785874e-14	6.376300e-02
0	117	R2	9.717920e+00	9.717920e+00	6.704057e-09	0.000000e+00	9.049900e-02
0	118	R2	9.435051e+00	9.435051e+00	6.458101e-09	-2.590016e-06	4.266900e-02
0	119	R2	9.650272e+00	9.650272e+00	6.645303e-09	-1.947177e-06	5.853200e-02
0	120	R2	8.301754e+00	8.301754e+00	5.466311e-09	-2.414611e-14	7.356700e-02
0	121	R2	9.813340e+00	9.813340e+00	6.786859e-09	0.000000e+00	4.528200e-02
0	122	R2	9.219679e+00	9.219679e+00	6.270356e-09	-3.914663e-14	4.537700e-02
0	123	R2	9.308339e+00	9.308339e+00	6.347692e-09	-2.786005e-14	6.376000e-02
0	124	R2	9.211369e+00	9.211369e+00	6.263104e-09	3.715528e-14	4.780900e-02
0	125	R2	9.060378e+00	9.060378e+00	6.131238e-09	0.000000e+00	6.504000e-02
0	126	R2	9.040354e+00	9.040354e+00	6.113737e-09	-1.835117e-14	9.679800e-02
0	127	R2	9.039530e+00	9.039530e+00	6.113017e-09	0.000000e+00	6.690300e-02
0	128	R2	9.257888e+00	9.257888e+00	6.303693e-09	8.719386e-14	4.074500e-02
0	129	R2	9.155610e+00	9.155610e+00	6.214429e-09	0.000000e+00	2.643000e-02
0	130	R2	8.554686e+00	8.554686e+00	5.688374e-09	-5.442937e-14	3.263600e-02
0	131	R2	9.502151e+00	9.502151e+00	6.516510e-09	-2.762995e-14	6.429100e-02
0	132	R2	9.024879e+00	9.024879e+00	6.100209e-09	-3.482711e-14	5.100500e-02
0	133	R2	9.182296e+00	9.182296e+00	6.237728e-09	-3.354148e-14	5.296000e-02
0	134	R2	9.100136e+00	9.100136e+00	6.165978e-09	-2.957489e-14	6.006300e-02
0	135	R2	9.062681e+00	9.062681e+00	6.133251e-09	3.135448e-14	5.665400e-02
0	136	R2	9.389009e+00	9.389009e+00	6.417999e-09	-4.547415e-14	3.906300e-02
0	137	R2	8.459792e+00	8.459792e+00	5.605095e-09	0.000000e+00	1.149130e-01
0	138	R2	8.593906e+00	8.593906e+00	5.722780e-09	5.527623e-14	3.213600e-02


1	2	NOE	2.782350e-01	2.782350e-01	1.665733e-09	-3.846194e-15	1.154620e-01
1	3	NOE	6.495680e-01	6.495680e-01	3.087014e-09	6.079416e-15	1.826200e-02
1	4	NOE	6.509480e-01	6.509480e-01	3.099939e-09	5.122609e-15	2.167300e-02
1	6	NOE	7.757830e-01	7.757830e-01	6.068424e-09	0.000000e+00	2.749900e-02
1	7	NOE	7.734830e-01	7.734830e-01	5.919798e-09	0.000000e+00	2.845300e-02
1	8	NOE	7.586350e-01	7.586350e-01	5.165314e-09	-7.095509e-08	2.605000e-02
1	10	NOE	7.418550e-01	7.418550e-01	4.580756e-09	0.000000e+00	2.359100e-02
1	13	NOE	7.794550e-01	7.794550e-01	6.330457e-09	0.000000e+00	2.164800e-02
1	14	NOE	7.145930e-01	7.145930e-01	3.942261e-09	-9.304195e-15	2.386500e-02
1	15	NOE	7.467680e-01	7.467680e-01	4.731429e-09	-4.428669e-15	2.506900e-02
1	17	NOE	8.021970e-01	8.021970e-01	9.368477e-09	0.000000e+00	2.991400e-02
1	18	NOE	7.652100e-01	7.652100e-01	5.462549e-09	0.000000e+00	2.202300e-02
1	19	NOE	7.943200e-01	7.943200e-01	7.887055e-09	-3.451649e-15	3.216500e-02
1	20	NOE	7.560120e-01	7.560120e-01	5.059378e-09	0.000000e+00	2.825200e-02
1	21	NOE	7.716740e-01	7.716740e-01	5.810184e-09	0.000000e+00	2.545700e-02
1	22	NOE	7.544460e-01	7.544460e-01	4.999105e-09	-7.677693e-08	2.565700e-02
1	23	NOE	7.534340e-01	7.534340e-01	4.961261e-09	0.000000e+00	2.654100e-02
1	24	NOE	7.844990e-01	7.844990e-01	6.752003e-09	-5.608320e-15	1.979600e-02
1	25	NOE	7.728100e-01	7.728100e-01	5.878307e-09	0.000000e+00	2.489500e-02
1	26	NOE	8.004100e-01	8.004100e-01	8.960604e-09	4.869399e-15	2.280000e-02
1	27	NOE	7.424120e-01	7.424120e-01	4.597134e-09	-4.259603e-15	2.606400e-02
1	29	NOE	7.578550e-01	7.578550e-01	5.133131e-09	-1.190480e-08	1.571650e-01
1	30	NOE	6.866530e-01	6.866530e-01	3.499678e-09	0.000000e+00	1.437100e-02
1	31	NOE	7.473590e-01	7.473590e-01	4.750551e-09	0.000000e+00	3.202100e-02
1	32	NOE	7.509500e-01	7.509500e-01	4.871834e-09	0.000000e+00	2.469900e-02
1	33	NOE	7.762670e-01	7.762670e-01	6.101131e-09	0.000000e+00	2.724500e-02
1	34	NOE	7.763710e-01	7.763710e-01	6.108227e-09	0.000000e+00	2.189600e-02
1	35	NOE	7.683840e-01	7.683840e-01	5.625338e-09	0.000000e+00	2.955900e-02
1	36	NOE	7.445430e-01	7.445430e-01	4.661414e-09	0.000000e+00	2.466800e-02
1	37	NOE	7.586170e-01	7.586170e-01	5.164564e-09	-3.937659e-15	2.819500e-02
1	38	NOE	7.665010e-01	7.665010e-01	5.527066e-09	4.159073e-15	2.669400e-02
1	39	NOE	7.542210e-01	7.542210e-01	4.990618e-09	-7.100358e-08	2.783500e-02
1	42	NOE	7.646730e-01	7.646730e-01	5.436360e-09	-5.083439e-15	2.184000e-02
1	43	NOE	7.931620e-01	7.931620e-01	7.723142e-09	0.000000e+00	3.090700e-02
1	44	NOE	7.395870e-01	7.395870e-01	4.515797e-09	0.000000e+00	3.550900e-02
1	45	NOE	7.830420e-01	7.830420e-01	6.621771e-09	0.000000e+00	2.433500e-02
1	46	NOE	7.967460e-01	7.967460e-01	8.266986e-09	3.010693e-15	3.687600e-02
1	47	NOE	7.469440e-01	7.469440e-01	4.737100e-09	0.000000e+00	2.912100e-02
1	48	NOE	8.216330e-01	8.214736e-01	2.567572e-05	5.395047e-03	2.954700e-02
1	50	NOE	7.548810e-01	7.548810e-01	5.015635e-09	-6.447051e-08	3.035900e-02
1	51	NOE	7.429450e-01	7.429450e-01	4.612967e-09	0.000000e+00	3.062500e-02
1	52	NOE	7.729120e-01	7.729120e-01	5.884540e-09	0.000000e+00	2.310300e-02
1	53	NOE	7.395070e-01	7.395070e-01	4.513554e-09	5.215498e-15	2.128700e-02
1	55	NOE	7.476220e-01	7.476220e-01	4.759134e-09	0.000000e+00	2.241600e-02
1	56	NOE	7.317280e-01	7.317280e-01	4.309973e-09	-5.891340e-15	1.884500e-02
1	57	NOE	7.245800e-01	7.245800e-01	4.144822e-09	0.000000e+00	2.291100e-02
1	58	NOE	7.659930e-01	7.659930e-01	5.501412e-09	0.000000e+00	2.436400e-02
1	59	NOE	7.321900e-01	7.321900e-01	4.321320e-09	-4.316910e-15	2.571800e-02
1	60	NOE	7.666030e-01	7.666030e-01	5.532260e-09	4.027801e-15	2.756400e-02
1	61	NOE	7.632000e-01	7.632000e-01	5.366384e-09	3.576173e-15	3.104500e-02
1	62	NOE	7.923430e-01	7.923430e-01	7.613152e-09	4.936519e-15	2.249000e-02
1	63	NOE	8.117040e-01	8.117040e-01	1.317268e-08	0.000000e+00	2.720900e-02
1	64	NOE	7.457650e-01	7.457650e-01	4.699487e-09	-7.528722e-15	2.949300e-02
1	65	NOE	7.627470e-01	7.627470e-01	5.345393e-09	-4.696574e-15	2.363900e-02
1	66	NOE	7.327550e-01	7.327550e-01	4.335317e-09	0.000000e+00	2.113100e-02
1	67	NOE	8.035930e-01	8.035930e-01	9.728729e-09	0.000000e+00	2.323500e-02
1	68	NOE	7.636620e-01	7.636620e-01	5.388045e-09	0.000000e+00	1.873700e-02
1	69	NOE	7.783500e-01	7.783500e-01	6.248104e-09	0.000000e+00	2.640700e-02
1	70	NOE	7.670940e-01	7.670940e-01	5.557465e-09	-4.190153e-15	2.649600e-02
1	71	NOE	7.927970e-01	7.927970e-01	7.673543e-09	0.000000e+00	2.767600e-02
1	72	NOE	7.614980e-01	7.614980e-01	5.288749e-09	5.154478e-15	2.153900e-02
1	73	NOE	7.717910e-01	7.717910e-01	5.817093e-09	4.036881e-15	2.750200e-02
1	74	NOE	7.772010e-01	7.772010e-01	6.165753e-09	0.000000e+00	5.062600e-02
1	75	NOE	7.627960e-01	7.627960e-01	5.347652e-09	0.000000e+00	2.657800e-02
1	77	NOE	7.535130e-01	7.535130e-01	4.964185e-09	-4.883106e-15	2.273600e-02
1	78	NOE	8.427560e-01	8.214736e-01	2.196333e-05	6.265613e-01	3.396700e-02
1	80	NOE	7.420730e-01	7.420730e-01	4.587146e-09	0.000000e+00	1.931400e-02
1	81	NOE	8.343000e-01	8.214736e-01	5.188136e-05	1.773734e-01	7.231300e-02
1	82	NOE	7.363640e-01	7.363640e-01	4.427964e-09	0.000000e+00	3.360800e-02
1	83	NOE	7.591300e-01	7.591300e-01	5.186048e-09	0.000000e+00	2.732800e-02
1	84	NOE	7.610190e-01	7.610190e-01	5.267491e-09	4.968108e-15	2.234700e-02
1	86	NOE	7.741630e-01	7.741630e-01	5.962612e-09	-4.803249e-15	2.311400e-02
1	87	NOE	7.801790e-01	7.801790e-01	6.386193e-09	0.000000e+00	2.678100e-02
1	88	NOE	7.974050e-01	7.974050e-01	8.379971e-09	0.000000e+00	2.595900e-02
1	89	NOE	7.656820e-01	7.656820e-01	5.485878e-09	0.000000e+00	1.337100e-02
1	90	NOE	7.720610e-01	7.720610e-01	5.833128e-09	0.000000e+00	2.719800e-02
1	91	NOE	7.722940e-01	7.722940e-01	5.847073e-09	0.000000e+00	2.964400e-02
1	92	NOE	7.850370e-01	7.850370e-01	6.802049e-09	-3.772932e-15	2.942600e-02
1	93	NOE	7.803810e-01	7.803810e-01	6.402005e-09	-4.376643e-15	2.536700e-02
1	95	NOE	7.618520e-01	7.618520e-01	5.304623e-09	0.000000e+00	3.729700e-02
1	96	NOE	7.810580e-01	7.810580e-01	6.455858e-09	0.000000e+00	2.277100e-02
1	97	NOE	7.673160e-01	7.673160e-01	5.568973e-09	0.000000e+00	3.052300e-02
1	98	NOE	7.737640e-01	7.737640e-01	5.937380e-09	4.086059e-15	2.717100e-02
1	99	NOE	7.665010e-01	7.665010e-01	5.527066e-09	5.199864e-15	2.135100e-02
1	100	NOE	7.737290e-01	7.737290e-01	5.935181e-09	4.333592e-15	2.561900e-02
1	101	NOE	7.349860e-01	7.349860e-01	4.391909e-09	0.000000e+00	2.485500e-02
1	102	NOE	7.479780e-01	7.479780e-01	4.770824e-09	0.000000e+00	2.380200e-02
1	103	NOE	8.019320e-01	8.019320e-01	9.304482e-09	0.000000e+00	2.505600e-02
1	104	NOE	7.607870e-01	7.607870e-01	5.257285e-09	-6.219388e-15	1.785100e-02
1	106	NOE	7.857360e-01	7.857360e-01	6.868749e-09	0.000000e+00	1.811900e-02
1	107	NOE	7.808990e-01	7.808990e-01	6.443089e-09	0.000000e+00	3.029500e-02
1	108	NOE	7.581270e-01	7.581270e-01	5.144287e-09	0.000000e+00	2.693300e-02
1	109	NOE	7.563400e-01	7.563400e-01	5.072276e-09	-8.058597e-08	2.376300e-02
1	110	NOE	7.897560e-01	7.897560e-01	7.294106e-09	-5.152086e-15	2.154900e-02
1	111	NOE	7.805270e-01	7.805270e-01	6.413506e-09	0.000000e+00	2.208000e-02
1	112	NOE	7.802210e-01	7.802210e-01	6.389471e-09	2.618142e-15	4.240500e-02
1	113	NOE	7.624100e-01	7.624100e-01	5.329934e-09	0.000000e+00	3.379000e-02
1	115	NOE	7.218270e-01	7.218270e-01	4.085977e-09	4.833361e-15	4.594000e-02
1	116	NOE	7.026000e-01	7.026000e-01	3.733361e-09	-1.564782e-07	2.208300e-02
1	117	NOE	7.650420e-01	7.650420e-01	5.454316e-09	0.000000e+00	1.868200e-02
1	118	NOE	7.843540e-01	7.843540e-01	6.738700e-09	0.000000e+00	2.443800e-02
1	119	NOE	7.428750e-01	7.428750e-01	4.610878e-09	0.000000e+00	2.258600e-02
1	120	NOE	6.599530e-01	6.599530e-01	3.188258e-09	0.000000e+00	2.315600e-02
1	121	NOE	7.421440e-01	7.421440e-01	4.589232e-09	0.000000e+00	1.947400e-02
1	122	NOE	7.398340e-01	7.398340e-01	4.522740e-09	-4.322289e-15	2.568600e-02
1	123	NOE	7.776560e-01	7.776560e-01	6.197977e-09	0.000000e+00	2.854400e-02
1	124	NOE	7.962050e-01	7.962050e-01	8.177549e-09	0.000000e+00	3.153700e-02
1	125	NOE	7.653230e-01	7.653230e-01	5.468108e-09	0.000000e+00	1.688800e-02
1	126	NOE	7.791000e-01	7.791000e-01	6.303650e-09	0.000000e+00	2.893600e-02
1	127	NOE	8.012130e-01	8.012130e-01	9.137211e-09	0.000000e+00	2.636800e-02
1	128	NOE	7.686830e-01	7.686830e-01	5.641423e-09	0.000000e+00	2.516800e-02
1	129	NOE	7.755080e-01	7.755080e-01	6.050070e-09	-3.712748e-15	2.990300e-02
1	130	NOE	7.379830e-01	7.379830e-01	4.471453e-09	0.000000e+00	2.531800e-02
1	131	NOE	7.544000e-01	7.544000e-01	4.997366e-09	2.979505e-15	3.726200e-02
1	132	NOE	7.728160e-01	7.728160e-01	5.878673e-09	0.000000e+00	2.183300e-02
1	133	NOE	8.002890e-01	8.002890e-01	8.934865e-09	0.000000e+00	2.294000e-02
1	134	NOE	7.756360e-01	7.756360e-01	6.058592e-09	5.385511e-15	2.061500e-02
1	135	NOE	7.600440e-01	7.600440e-01	5.224987e-09	-5.494793e-15	2.020500e-02
1	136	NOE	7.653770e-01	7.653770e-01	5.470770e-09	0.000000e+00	2.302800e-02
1	137	NOE	7.172210e-01	7.172210e-01	3.992750e-09	-5.204496e-15	2.133200e-02
1	138	NOE	7.317900e-01	7.317900e-01	4.311491e-09	4.582586e-15	2.422700e-02


2	2	R1	1.674628e+00	1.674628e+00	1.057033e-08	1.466851e-14	3.027500e-02
2	3	R1	1.600671e+00	1.600671e+00	1.114781e-08	-4.312383e-14	5.149000e-03
2	4	R1	1.724531e+00	1.724531e+00	1.020569e-08	2.503886e-14	8.868000e-03
2	6	R1	2.012323e+00	2.012323e+00	8.411138e-09	0.000000e+00	1.060900e-02
2	7	R1	1.812311e+00	1.812311e+00	9.607207e-09	-4.613674e-14	1.925100e-02
2	8	R1	1.900957e+00	1.900957e+00	9.051288e-09	0.000000e+00	6.528000e-03
2	10	R1	1.879930e+00	1.879930e+00	9.179142e-09	-4.469047e-14	9.937000e-03
2	13	R1	1.911466e+00	1.911466e+00	8.988270e-09	-1.496358e-14	1.483900e-02
2	14	R1	1.760063e+00	1.760063e+00	9.957182e-09	0.000000e+00	5.891000e-03
2	15	R1	1.876445e+00	1.876445e+00	9.200564e-09	0.000000e+00	7.216000e-03
2	17	R1	1.929626e+00	1.929626e+00	8.880716e-09	4.189521e-14	5.300000e-03
2	18	R1	1.942235e+00	1.942235e+00	8.807017e-09	0.000000e+00	4.638000e-03
2	19	R1	1.999076e+00	1.999076e+00	8.484242e-09	-9.007895e-14	9.860000e-03
2	20	R1	1.968742e+00	1.968742e+00	8.654613e-09	-9.693449e-14	6.872000e-03
2	21	R1	1.918326e+00	1.918326e+00	8.947443e-09	-3.030912e-14	7.326000e-03
2	22	R1	1.952088e+00	1.952088e+00	8.749972e-09	7.173528e-14	9.286000e-03
2	23	R1	1.973090e+00	1.973090e+00	8.629933e-09	-9.643631e-14	9.210000e-03
2	24	R1	1.989496e+00	1.989496e+00	8.537596e-09	0.000000e+00	6.015000e-03
2	25	R1	1.933505e+00	1.933505e+00	8.857959e-09	-2.683318e-14	8.275000e-03
2	26	R1	2.021569e+00	2.021569e+00	8.360567e-09	-2.841625e-14	1.562800e-02
2	27	R1	1.964076e+00	1.964076e+00	8.681197e-09	-7.319750e-14	6.067000e-03
2	29	R1	1.772188e+00	1.772188e+00	9.874374e-09	0.000000e+00	2.549300e-02
2	30	R1	1.714441e+00	1.714441e+00	1.027791e-08	0.000000e+00	3.896000e-03
2	31	R1	1.872769e+00	1.872769e+00	9.223233e-09	0.000000e+00	1.502700e-02
2	32	R1	1.971201e+00	1.971201e+00	8.640644e-09	2.457605e-14	9.035000e-03
2	33	R1	1.927854e+00	1.927854e+00	8.891137e-09	0.000000e+00	6.080000e-03
2	34	R1	1.973610e+00	1.973610e+00	8.626987e-09	3.919587e-14	5.665000e-03
2	35	R1	1.934347e+00	1.934347e+00	8.853030e-09	2.649065e-14	8.382000e-03
2	36	R1	1.885781e+00	1.885781e+00	9.143325e-09	-2.837631e-14	7.825000e-03
2	37	R1	2.062834e+00	2.062834e+00	8.139241e-09	0.000000e+00	2.923300e-02
2	38	R1	1.938848e+00	1.938848e+00	8.826737e-09	-1.917318e-14	1.158100e-02
2	39	R1	1.871194e+00	1.871194e+00	9.232969e-09	0.000000e+00	6.997000e-03
2	42	R1	1.847389e+00	1.847389e+00	9.381821e-09	1.385758e-13	4.807000e-03
2	43	R1	1.897091e+00	1.897091e+00	9.074617e-09	0.000000e+00	6.388000e-03
2	44	R1	1.939647e+00	1.939647e+00	8.822080e-09	0.000000e+00	6.858000e-03
2	45	R1	2.027026e+00	2.027026e+00	8.330892e-09	7.658691e-14	1.159700e-02
2	46	R1	2.005703e+00	2.005703e+00	8.447575e-09	0.000000e+00	1.680500e-02
2	47	R1	1.954421e+00	1.954421e+00	8.736533e-09	6.808052e-14	1.304600e-02
2	48	R1	1.940863e+00	1.940863e+00	8.814998e-09	3.220371e-14	6.895000e-03
2	50	R1	1.917900e+00	1.917900e+00	8.949971e-09	0.000000e+00	1.870600e-02
2	51	R1	1.999841e+00	1.999841e+00	8.480000e-09	-4.431144e-14	5.011000e-03
2	52	R1	1.874106e+00	1.874106e+00	9.214980e-09	0.000000e+00	1.467400e-02
2	53	R1	1.862692e+00	1.862692e+00	9.285762e-09	-4.834940e-14	9.185000e-03
2	55	R1	1.866979e+00	1.866979e+00	9.259091e-09	2.420105e-14	9.175000e-03
2	56	R1	1.794857e+00	1.794857e+00	9.722160e-09	0.000000e+00	4.118000e-03
2	57	R1	1.815825e+00	1.815825e+00	9.584293e-09	0.000000e+00	1.038100e-02
2	58	R1	1.984191e+00	1.984191e+00	8.567319e-09	-2.329954e-14	9.530000e-03
2	59	R1	1.984972e+00	1.984972e+00	8.562935e-09	-2.998577e-14	7.405000e-03
2	60	R1	1.953390e+00	1.953390e+00	8.742469e-09	-2.677172e-14	8.294000e-03
2	61	R1	1.953651e+00	1.953651e+00	8.740966e-09	-2.123813e-14	1.045500e-02
2	62	R1	1.941763e+00	1.941763e+00	8.809762e-09	-1.961871e-14	1.131800e-02
2	63	R1	1.826970e+00	1.826970e+00	9.512120e-09	0.000000e+00	4.098000e-03
2	64	R1	1.946767e+00	1.946767e+00	8.780720e-09	3.685388e-14	1.205000e-02
2	65	R1	1.882960e+00	1.882960e+00	9.160571e-09	-3.074558e-14	7.222000e-03
2	66	R1	1.898613e+00	1.898613e+00	9.065423e-09	0.000000e+00	5.939000e-03
2	67	R1	1.856987e+00	1.856987e+00	9.321416e-09	-1.070094e-13	1.037500e-02
2	68	R1	1.765048e+00	1.765048e+00	9.923017e-09	2.391176e-14	9.286000e-03
2	69	R1	1.850839e+00	1.850839e+00	9.360047e-09	3.490719e-14	1.908300e-02
2	70	R1	1.869882e+00	1.869882e+00	9.241089e-09	0.000000e+00	1.244700e-02
2	71	R1	1.893292e+00	1.893292e+00	9.097619e-09	0.000000e+00	2.093700e-02
2	72	R1	1.831435e+00	1.831435e+00	9.483416e-09	7.704532e-14	5.764000e-03
2	73	R1	1.903717e+00	1.903717e+00	9.034681e-09	-2.836906e-14	7.827000e-03
2	74	R1	1.773598e+00	1.773598e+00	9.864808e-09	0.000000e+00	2.948600e-02
2	75	R1	1.905294e+00	1.905294e+00	9.025210e-09	9.540047e-14	9.310000e-03
2	77	R1	1.759070e+00	1.759070e+00	9.964008e-09	4.371817e-14	5.079000e-03
2	78	R1	1.863365e+00	1.863365e+00	9.281568e-09	4.455819e-14	1.993300e-02
2	80	R1	1.494351e+00	1.494351e+00	1.206806e-08	-8.644914e-14	5.137000e-03
2	81	R1	1.905894e+00	1.905894e+00	9.021611e-09	-1.805167e-14	2.460100e-02
2	82	R1	1.800416e+00	1.800416e+00	9.685340e-09	7.338862e-15	3.025600e-02
2	83	R1	1.877715e+00	1.877715e+00	9.192750e-09	2.081213e-14	1.066900e-02
2	84	R1	1.886746e+00	1.886746e+00	9.137436e-09	7.396556e-14	9.006000e-03
2	86	R1	1.940704e+00	1.940704e+00	8.815924e-09	3.314841e-14	1.339700e-02
2	87	R1	1.943768e+00	1.943768e+00	8.798110e-09	2.086101e-14	1.064400e-02
2	88	R1	1.933612e+00	1.933612e+00	8.857333e-09	-9.649918e-14	4.602000e-03
2	89	R1	1.918842e+00	1.918842e+00	8.944382e-09	3.312615e-14	6.703000e-03
2	90	R1	1.887396e+00	1.887396e+00	9.133472e-09	-7.510387e-14	5.913000e-03
2	91	R1	1.968552e+00	1.968552e+00	8.655693e-09	-5.219666e-14	8.508000e-03
2	92	R1	1.986976e+00	1.986976e+00	8.551699e-09	-2.337558e-14	9.499000e-03
2	93	R1	1.915106e+00	1.915106e+00	8.966576e-09	3.911991e-14	1.702800e-02
2	95	R1	1.953120e+00	1.953120e+00	8.744024e-09	1.489932e-14	1.490300e-02
2	96	R1	1.948232e+00	1.948232e+00	8.772240e-09	2.276680e-14	9.753000e-03
2	97	R1	1.917617e+00	1.917617e+00	8.951651e-09	2.131765e-14	1.041600e-02
2	98	R1	1.906247e+00	1.906247e+00	9.019494e-09	0.000000e+00	8.236000e-03
2	99	R1	1.918290e+00	1.918290e+00	8.947656e-09	3.121234e-14	7.114000e-03
2	100	R1	1.980117e+00	1.980117e+00	8.590232e-09	2.372778e-14	9.358000e-03
2	101	R1	1.940397e+00	1.940397e+00	8.817711e-09	-5.834834e-14	7.611000e-03
2	102	R1	2.010584e+00	2.010584e+00	8.420691e-09	-5.656467e-14	7.851000e-03
2	103	R1	1.938261e+00	1.938261e+00	8.830160e-09	1.839336e-14	1.207200e-02
2	104	R1	1.829661e+00	1.829661e+00	9.494806e-09	-3.191213e-14	6.958000e-03
2	106	R1	1.987363e+00	1.987363e+00	8.549531e-09	-1.861385e-14	1.192900e-02
2	107	R1	1.962850e+00	1.962850e+00	8.688199e-09	-1.796914e-14	1.235700e-02
2	108	R1	1.927621e+00	1.927621e+00	8.892509e-09	4.307364e-14	5.155000e-03
2	109	R1	1.859966e+00	1.859966e+00	9.302776e-09	-2.189573e-14	2.028200e-02
2	110	R1	1.881114e+00	1.881114e+00	9.171879e-09	-2.048004e-14	1.084200e-02
2	111	R1	1.883082e+00	1.883082e+00	9.159824e-09	0.000000e+00	6.002000e-03
2	112	R1	1.834067e+00	1.834067e+00	9.466552e-09	-3.444421e-14	1.289300e-02
2	113	R1	1.616095e+00	1.616095e+00	1.102346e-08	4.204196e-14	1.056300e-02
2	115	R1	1.673611e+00	1.673611e+00	1.057796e-08	0.000000e+00	2.082700e-02
2	116	R1	1.867708e+00	1.867708e+00	9.254566e-09	-2.927031e-14	7.586000e-03
2	117	R1	1.945927e+00	1.945927e+00	8.785586e-09	0.000000e+00	6.097000e-03
2	118	R1	1.981592e+00	1.981592e+00	8.581927e-09	-9.162146e-14	4.847000e-03
2	119	R1	1.953866e+00	1.953866e+00	8.739728e-09	2.014010e-14	1.102500e-02
2	120	R1	1.729475e+00	1.729475e+00	1.017058e-08	3.461874e-14	6.414000e-03
2	121	R1	2.046583e+00	2.046583e+00	8.225568e-09	3.848260e-06	5.959000e-03
2	122	R1	1.940497e+00	1.940497e+00	8.817129e-09	-4.429376e-14	5.013000e-03
2	123	R1	1.970316e+00	1.970316e+00	8.645668e-09	1.020582e-13	6.527000e-03
2	124	R1	1.944878e+00	1.944878e+00	8.791669e-09	0.000000e+00	1.266400e-02
2	125	R1	1.886599e+00	1.886599e+00	9.138333e-09	0.000000e+00	1.166100e-02
2	126	R1	1.958205e+00	1.958205e+00	8.714793e-09	2.390146e-14	9.290000e-03
2	127	R1	1.905031e+00	1.905031e+00	9.026789e-09	-3.741274e-14	1.187000e-02
2	128	R1	1.974839e+00	1.974839e+00	8.620030e-09	2.459783e-14	9.027000e-03
2	129	R1	2.000251e+00	2.000251e+00	8.477727e-09	4.645771e-14	9.559000e-03
2	130	R1	1.868790e+00	1.868790e+00	9.247855e-09	6.946854e-14	9.589000e-03
2	131	R1	1.992083e+00	1.992083e+00	8.523147e-09	0.000000e+00	1.188700e-02
2	132	R1	1.902788e+00	1.902788e+00	9.040266e-09	-4.139534e-14	5.364000e-03
2	133	R1	1.913845e+00	1.913845e+00	8.974084e-09	2.969305e-14	7.478000e-03
2	134	R1	1.926042e+00	1.926042e+00	8.901810e-09	-2.779031e-14	7.990000e-03
2	135	R1	1.877874e+00	1.877874e+00	9.191772e-09	-5.517322e-14	8.049000e-03
2	136	R1	1.936715e+00	1.936715e+00	8.839184e-09	-9.333527e-14	4.758000e-03
2	137	R1	1.693089e+00	1.693089e+00	1.043322e-08	0.000000e+00	7.968000e-03
2	138	R1	1.857760e+00	1.857760e+00	9.316575e-09	0.000000e+00	8.910000e-03


