2	8.637470e+00	3.862380e-01	2.782350e-01	1.154620e-01	1.674628e+00	3.027500e-02	1.225225e-01	
3	7.603614e+00	2.551900e-02	6.495680e-01	1.826200e-02	1.600671e+00	5.149000e-03	5.686011e-02	
4	8.143566e+00	2.701500e-02	6.509480e-01	2.167300e-02	1.724531e+00	8.868000e-03	6.101870e-02	
6	9.392473e+00	7.822100e-02	7.757830e-01	2.749900e-02	2.012323e+00	1.060900e-02	4.573704e-02	
7	9.125473e+00	7.871900e-02	7.734830e-01	2.845300e-02	1.812311e+00	1.925100e-02	4.161361e-02	
8	9.075658e+00	8.393100e-02	7.586350e-01	2.605000e-02	1.900957e+00	6.528000e-03	4.651022e-02	
10	8.891617e+00	6.027300e-02	7.418550e-01	2.359100e-02	1.879930e+00	9.937000e-03	4.919344e-02	
13	9.376913e+00	6.945900e-02	7.794550e-01	2.164800e-02	1.911466e+00	1.483900e-02	4.273322e-02	
14	8.538497e+00	9.846100e-02	7.145930e-01	2.386500e-02	1.760063e+00	5.891000e-03	5.092074e-02	
15	9.805729e+00	6.217700e-02	7.467680e-01	2.506900e-02	1.876445e+00	7.216000e-03	4.816774e-02	
17	9.487088e+00	4.076500e-02	8.021970e-01	2.991400e-02	1.929626e+00	5.300000e-03	3.869081e-02	
18	9.385733e+00	5.456500e-02	7.652100e-01	2.202300e-02	1.942235e+00	4.638000e-03	4.622567e-02	
19	9.924463e+00	6.719300e-02	7.943200e-01	3.216500e-02	1.999076e+00	9.860000e-03	4.167957e-02	
20	9.346216e+00	7.150000e-02	7.560120e-01	2.825200e-02	1.968742e+00	6.872000e-03	4.869217e-02	
21	1.025985e+01	9.943200e-02	7.716740e-01	2.545700e-02	1.918326e+00	7.326000e-03	4.439966e-02	
22	9.243909e+00	6.491400e-02	7.544460e-01	2.565700e-02	1.952088e+00	9.286000e-03	4.859015e-02	
23	9.332025e+00	3.741300e-02	7.534340e-01	2.654100e-02	1.973090e+00	9.210000e-03	4.931533e-02	
24	8.948103e+00	1.106700e-01	7.844990e-01	1.979600e-02	1.989496e+00	6.015000e-03	4.346045e-02	
25	8.975025e+00	6.772200e-02	7.728100e-01	2.489500e-02	1.933505e+00	8.275000e-03	4.452832e-02	
26	9.431955e+00	4.644400e-02	8.004100e-01	2.280000e-02	2.021569e+00	1.562800e-02	4.090055e-02	
27	9.721223e+00	1.068260e-01	7.424120e-01	2.606400e-02	1.964076e+00	6.067000e-03	5.128446e-02	
29	1.021278e+01	2.564330e-01	7.578550e-01	1.571650e-01	1.772188e+00	2.549300e-02	4.349979e-02	
30	8.265845e+00	6.041200e-02	6.866530e-01	1.437100e-02	1.714441e+00	3.896000e-03	5.445652e-02	
31	8.968055e+00	9.394800e-02	7.473590e-01	3.202100e-02	1.872769e+00	1.502700e-02	4.796118e-02	
32	9.501830e+00	7.428100e-02	7.509500e-01	2.469900e-02	1.971201e+00	9.035000e-03	4.976446e-02	
33	9.189882e+00	3.428900e-02	7.762670e-01	2.724500e-02	1.927854e+00	6.080000e-03	4.372260e-02	
34	9.335926e+00	6.246000e-02	7.763710e-01	2.189600e-02	1.973610e+00	5.665000e-03	4.473952e-02	
35	9.324865e+00	6.699000e-02	7.683840e-01	2.955900e-02	1.934347e+00	8.382000e-03	4.541557e-02	
36	8.870333e+00	4.222200e-02	7.445430e-01	2.466800e-02	1.885781e+00	7.825000e-03	4.883272e-02	
37	9.446808e+00	9.343500e-02	7.586170e-01	2.819500e-02	2.062834e+00	2.923300e-02	5.047459e-02	
38	9.248963e+00	8.352000e-02	7.665010e-01	2.669400e-02	1.938848e+00	1.158100e-02	4.589133e-02	
39	9.637583e+00	4.017200e-02	7.542210e-01	2.783500e-02	1.871194e+00	6.997000e-03	4.661927e-02	
42	9.779875e+00	1.188760e-01	7.646730e-01	2.184000e-02	1.847389e+00	4.807000e-03	4.406887e-02	
43	9.285571e+00	9.205100e-02	7.931620e-01	3.090700e-02	1.897091e+00	6.388000e-03	3.977593e-02	
44	9.892333e+00	4.086700e-02	7.395870e-01	3.550900e-02	1.939647e+00	6.858000e-03	5.120203e-02	
45	9.502218e+00	7.987100e-02	7.830420e-01	2.433500e-02	2.027026e+00	1.159700e-02	4.457967e-02	
46	9.848423e+00	1.148440e-01	7.967460e-01	3.687600e-02	2.005703e+00	1.680500e-02	4.132450e-02	
47	9.301881e+00	9.183100e-02	7.469440e-01	2.912100e-02	1.954421e+00	1.304600e-02	5.013449e-02	
48	9.567417e+00	6.484600e-02	8.216330e-01	2.954700e-02	1.940863e+00	6.895000e-03	3.509225e-02	
50	9.617738e+00	1.094470e-01	7.548810e-01	3.035900e-02	1.917900e+00	1.870600e-02	4.765459e-02	
51	9.328223e+00	9.016600e-02	7.429450e-01	3.062500e-02	1.999841e+00	5.011000e-03	5.211027e-02	
52	9.639323e+00	9.867300e-02	7.729120e-01	2.310300e-02	1.874106e+00	1.467400e-02	4.314100e-02	
53	8.779031e+00	6.482700e-02	7.395070e-01	2.128700e-02	1.862692e+00	9.185000e-03	4.918571e-02	
55	8.868139e+00	1.291810e-01	7.476220e-01	2.241600e-02	1.866979e+00	9.175000e-03	4.776313e-02	
56	8.656765e+00	6.370100e-02	7.317280e-01	1.884500e-02	1.794857e+00	4.118000e-03	4.880980e-02	
57	8.319611e+00	6.865800e-02	7.245800e-01	2.291100e-02	1.815825e+00	1.038100e-02	5.069572e-02	
58	9.236187e+00	5.558900e-02	7.659930e-01	2.436400e-02	1.984191e+00	9.530000e-03	4.706674e-02	
59	9.130043e+00	6.174600e-02	7.321900e-01	2.571800e-02	1.984972e+00	7.405000e-03	5.388688e-02	
60	9.255808e+00	6.724800e-02	7.666030e-01	2.756400e-02	1.953390e+00	8.294000e-03	4.621533e-02	
61	9.606431e+00	9.455300e-02	7.632000e-01	3.104500e-02	1.953651e+00	1.045500e-02	4.689543e-02	
62	9.645903e+00	8.932700e-02	7.923430e-01	2.249000e-02	1.941763e+00	1.131800e-02	4.087376e-02	
63	9.470445e+00	1.079600e-01	8.117040e-01	2.720900e-02	1.826970e+00	4.098000e-03	3.487180e-02	
64	9.736423e+00	9.077000e-02	7.457650e-01	2.949300e-02	1.946767e+00	1.205000e-02	5.017081e-02	
65	9.478846e+00	2.519000e-02	7.627470e-01	2.363900e-02	1.882960e+00	7.222000e-03	4.528503e-02	
66	9.275319e+00	7.519300e-02	7.327550e-01	2.113100e-02	1.898613e+00	5.939000e-03	5.143371e-02	
67	9.744968e+00	4.139000e-02	8.035930e-01	2.323500e-02	1.856987e+00	1.037500e-02	3.697155e-02	
68	9.107745e+00	8.813900e-02	7.636620e-01	1.873700e-02	1.765048e+00	9.286000e-03	4.228554e-02	
69	9.640377e+00	1.419050e-01	7.783500e-01	2.640700e-02	1.850839e+00	1.908300e-02	4.158514e-02	
70	9.289180e+00	9.180600e-02	7.670940e-01	2.649600e-02	1.869882e+00	1.244700e-02	4.414654e-02	
71	1.038537e+01	1.153600e-01	7.927970e-01	2.767600e-02	1.893292e+00	2.093700e-02	3.976633e-02	
72	9.371665e+00	7.376300e-02	7.614980e-01	2.153900e-02	1.831435e+00	5.764000e-03	4.427773e-02	
73	9.325890e+00	9.417900e-02	7.717910e-01	2.750200e-02	1.903717e+00	7.827000e-03	4.403895e-02	
74	9.749098e+00	2.151890e-01	7.772010e-01	5.062600e-02	1.773598e+00	2.948600e-02	4.005625e-02	
75	9.243349e+00	4.623200e-02	7.627960e-01	2.657800e-02	1.905294e+00	9.310000e-03	4.581270e-02	
77	1.078914e+01	6.817700e-02	7.535130e-01	2.273600e-02	1.759070e+00	5.079000e-03	4.395203e-02	
78	9.941128e+00	1.728630e-01	8.427560e-01	3.396700e-02	1.863365e+00	1.993300e-02	2.970119e-02	
80	7.137878e+00	7.363800e-02	7.420730e-01	1.931400e-02	1.494351e+00	5.137000e-03	3.907071e-02	
81	9.206531e+00	6.880300e-02	8.343000e-01	7.231300e-02	1.905894e+00	2.460100e-02	3.201276e-02	
82	9.673655e+00	1.454640e-01	7.363640e-01	3.360800e-02	1.800416e+00	3.025600e-02	4.811488e-02	
83	9.134520e+00	5.004600e-02	7.591300e-01	2.732800e-02	1.877715e+00	1.066900e-02	4.584735e-02	
84	9.059133e+00	6.055400e-02	7.610190e-01	2.234700e-02	1.886746e+00	9.006000e-03	4.570657e-02	
86	9.095080e+00	6.267900e-02	7.741630e-01	2.311400e-02	1.940704e+00	1.339700e-02	4.442795e-02	
87	9.302039e+00	4.983100e-02	7.801790e-01	2.678100e-02	1.943768e+00	1.064400e-02	4.331272e-02	
88	9.108265e+00	4.137200e-02	7.974050e-01	2.595900e-02	1.933612e+00	4.602000e-03	3.971000e-02	
89	9.157444e+00	7.322900e-02	7.656820e-01	1.337100e-02	1.918842e+00	6.703000e-03	4.557710e-02	
90	9.506090e+00	2.908200e-02	7.720610e-01	2.719800e-02	1.887396e+00	5.913000e-03	4.360974e-02	
91	9.605842e+00	9.402400e-02	7.722940e-01	2.964400e-02	1.968552e+00	8.508000e-03	4.543842e-02	
92	1.003034e+01	1.092980e-01	7.850370e-01	2.942600e-02	1.986976e+00	9.499000e-03	4.329704e-02	
93	1.006152e+01	1.350890e-01	7.803810e-01	2.536700e-02	1.915106e+00	1.702800e-02	4.263483e-02	
95	1.163109e+01	1.794240e-01	7.618520e-01	3.729700e-02	1.953120e+00	1.490300e-02	4.714957e-02	
96	1.116506e+01	8.951000e-02	7.810580e-01	2.277100e-02	1.948232e+00	9.753000e-03	4.323860e-02	
97	9.580739e+00	5.252400e-02	7.673160e-01	3.052300e-02	1.917617e+00	1.041600e-02	4.523038e-02	
98	1.253465e+01	9.763800e-02	7.737640e-01	2.717100e-02	1.906247e+00	8.236000e-03	4.371623e-02	
99	1.873453e+01	1.936230e-01	7.665010e-01	2.135100e-02	1.918290e+00	7.114000e-03	4.540473e-02	
100	9.432894e+00	1.091760e-01	7.737290e-01	2.561900e-02	1.980117e+00	9.358000e-03	4.541733e-02	
101	9.668601e+00	6.492400e-02	7.349860e-01	2.485500e-02	1.940397e+00	7.611000e-03	5.212682e-02	
102	9.366815e+00	9.300900e-02	7.479780e-01	2.380200e-02	2.010584e+00	7.851000e-03	5.136443e-02	
103	1.004104e+01	1.008510e-01	8.019320e-01	2.505600e-02	1.938261e+00	1.207200e-02	3.891602e-02	
104	8.766996e+00	8.115400e-02	7.607870e-01	1.785100e-02	1.829661e+00	6.958000e-03	4.436671e-02	
106	9.476894e+00	1.759200e-01	7.857360e-01	1.811900e-02	1.987363e+00	1.192900e-02	4.316465e-02	
107	1.383424e+01	1.508370e-01	7.808990e-01	3.029500e-02	1.962850e+00	1.235700e-02	4.359466e-02	
108	9.820088e+00	7.287400e-02	7.581270e-01	2.693300e-02	1.927621e+00	5.155000e-03	4.726187e-02	
109	9.983706e+00	1.009250e-01	7.563400e-01	2.376300e-02	1.859966e+00	2.028200e-02	4.594001e-02	
110	9.588054e+00	1.285540e-01	7.897560e-01	2.154900e-02	1.881114e+00	1.084200e-02	4.009042e-02	
111	9.367445e+00	1.038830e-01	7.805270e-01	2.208000e-02	1.883082e+00	6.002000e-03	4.189403e-02	
112	9.907006e+00	1.532330e-01	7.802210e-01	4.240500e-02	1.834067e+00	1.289300e-02	4.086046e-02	
113	8.811301e+00	9.646600e-02	7.624100e-01	3.379000e-02	1.616095e+00	1.056300e-02	3.892216e-02	
115	9.409623e+00	1.964790e-01	7.218270e-01	4.594000e-02	1.673611e+00	2.082700e-02	4.719232e-02	
116	8.948763e+00	6.376300e-02	7.026000e-01	2.208300e-02	1.867708e+00	7.586000e-03	5.630562e-02	
117	9.717920e+00	9.049900e-02	7.650420e-01	1.868200e-02	1.945927e+00	6.097000e-03	4.634668e-02	
118	9.435051e+00	4.266900e-02	7.843540e-01	2.443800e-02	1.981592e+00	4.847000e-03	4.331691e-02	
119	9.650272e+00	5.853200e-02	7.428750e-01	2.258600e-02	1.953866e+00	1.102500e-02	5.092616e-02	
120	8.301754e+00	7.356700e-02	6.599530e-01	2.315600e-02	1.729475e+00	6.414000e-03	5.961494e-02	
121	9.813340e+00	4.528200e-02	7.421440e-01	1.947400e-02	2.046583e+00	5.959000e-03	5.349442e-02	
122	9.219679e+00	4.537700e-02	7.398340e-01	2.568600e-02	1.940497e+00	5.013000e-03	5.117588e-02	
123	9.308339e+00	6.376000e-02	7.776560e-01	2.854400e-02	1.970316e+00	6.527000e-03	4.440820e-02	
124	9.211369e+00	4.780900e-02	7.962050e-01	3.153700e-02	1.944878e+00	1.266400e-02	4.017795e-02	
125	9.060378e+00	6.504000e-02	7.653230e-01	1.688800e-02	1.886599e+00	1.166100e-02	4.487991e-02	
126	9.040354e+00	9.679800e-02	7.791000e-01	2.893600e-02	1.958205e+00	9.290000e-03	4.384860e-02	
127	9.039530e+00	6.690300e-02	8.012130e-01	2.636800e-02	1.905031e+00	1.187000e-02	3.838768e-02	
128	9.257888e+00	4.074500e-02	7.686830e-01	2.516800e-02	1.974839e+00	9.027000e-03	4.630641e-02	
129	9.155610e+00	2.643000e-02	7.755080e-01	2.990300e-02	2.000251e+00	9.559000e-03	4.551842e-02	
130	8.554686e+00	3.263600e-02	7.379830e-01	2.531800e-02	1.868790e+00	9.589000e-03	4.963543e-02	
131	9.502151e+00	6.429100e-02	7.544000e-01	3.726200e-02	1.992083e+00	1.188700e-02	4.959497e-02	
132	9.024879e+00	5.100500e-02	7.728160e-01	2.183300e-02	1.902788e+00	5.364000e-03	4.381976e-02	
133	9.182296e+00	5.296000e-02	8.002890e-01	2.294000e-02	1.913845e+00	7.478000e-03	3.874455e-02	
134	9.100136e+00	6.006300e-02	7.756360e-01	2.061500e-02	1.926042e+00	7.990000e-03	4.380471e-02	
135	9.062681e+00	5.665400e-02	7.600440e-01	2.020500e-02	1.877874e+00	8.049000e-03	4.567724e-02	
136	9.389009e+00	3.906300e-02	7.653770e-01	2.302800e-02	1.936715e+00	4.758000e-03	4.606151e-02	
137	8.459792e+00	1.149130e-01	7.172210e-01	2.133200e-02	1.693089e+00	7.968000e-03	4.853207e-02	
138	8.593906e+00	3.213600e-02	7.317900e-01	2.422700e-02	1.857760e+00	8.910000e-03	5.050873e-02	
