2	9.007236e+00	2.896480e-01	4.560060e-01	3.827100e-02	1.046109e+00	7.931600e-02	5.768633e-02	
3	8.985443e+00	7.744000e-02	7.068550e-01	6.088000e-03	9.772570e-01	2.293000e-03	2.903977e-02	
4	9.652235e+00	2.981700e-02	7.227260e-01	7.435000e-03	1.055330e+00	4.170000e-03	2.966192e-02	
6	1.049760e+01	7.812300e-02	8.401010e-01	8.798000e-03	1.177591e+00	5.637000e-03	1.908719e-02	
7	1.010815e+01	2.248500e-01	8.394210e-01	1.127400e-02	1.099777e+00	4.470000e-04	1.790174e-02	
8	1.045013e+01	2.301460e-01	8.338700e-01	8.368000e-03	1.109121e+00	1.973000e-03	1.867793e-02	
10	9.999876e+00	4.161500e-02	8.310630e-01	8.077000e-03	1.052455e+00	9.076000e-03	1.802313e-02	
13	1.136705e+01	1.947360e-01	8.424740e-01	7.495000e-03	1.156010e+00	1.400000e-03	1.845932e-02	
14	1.081513e+01	1.572490e-01	8.023340e-01	7.796000e-03	1.066767e+00	5.462000e-03	2.137487e-02	
15	1.219849e+01	9.597300e-02	8.127670e-01	8.340000e-03	1.092321e+00	5.284000e-03	2.073168e-02	
17	1.069578e+01	4.878400e-02	8.427940e-01	9.319000e-03	1.090449e+00	5.369000e-03	1.737706e-02	
18	1.144539e+01	4.901000e-02	8.357770e-01	7.533000e-03	1.158994e+00	2.355000e-03	1.929377e-02	
19	1.188382e+01	4.440900e-01	8.480240e-01	9.682000e-03	1.164897e+00	2.478000e-03	1.794586e-02	
20	1.076463e+01	4.514900e-02	8.484600e-01	9.357000e-03	1.141077e+00	4.790000e-03	1.752847e-02	
21	1.136344e+01	4.174490e-01	8.615940e-01	7.578000e-03	1.095485e+00	5.136000e-03	1.536962e-02	
22	1.109675e+01	9.651470e-01	8.466310e-01	8.438000e-03	1.134285e+00	2.302000e-03	1.763444e-02	
23	1.057595e+01	7.368200e-02	8.617810e-01	8.451000e-03	1.137473e+00	3.133000e-03	1.593715e-02	
24	1.087784e+01	1.404880e-01	8.262840e-01	7.114000e-03	1.146521e+00	5.460000e-03	2.018941e-02	
25	1.028264e+01	1.056310e-01	8.361890e-01	8.052000e-03	1.119627e+00	7.061000e-03	1.859166e-02	
26	1.124286e+01	4.532320e-01	8.622560e-01	8.095000e-03	1.188555e+00	1.794000e-03	1.659563e-02	
27	1.201213e+01	4.042440e-01	8.543360e-01	9.137000e-03	1.172375e+00	4.196000e-03	1.731094e-02	
29	1.133049e+01	6.863720e-01	7.627700e-01	5.582400e-02	1.013172e+00	1.132240e-01	2.436434e-02	
30	1.017458e+01	1.297740e-01	7.396730e-01	5.515000e-03	1.096443e+00	2.894000e-03	2.893391e-02	
31	1.012716e+01	1.003100e-01	8.290000e-01	1.060300e-02	1.081632e+00	7.793000e-03	1.874897e-02	
32	1.107790e+01	9.112800e-02	8.532020e-01	8.637000e-03	1.174644e+00	5.083000e-03	1.747947e-02	
33	1.041383e+01	1.174960e-01	8.494980e-01	8.630000e-03	1.098616e+00	4.751000e-03	1.676062e-02	
34	1.068287e+01	1.256350e-01	8.617800e-01	7.699000e-03	1.159189e+00	6.178000e-03	1.624153e-02	
35	1.047390e+01	1.991510e-01	8.394180e-01	9.827000e-03	1.091005e+00	8.499000e-03	1.775928e-02	
36	1.011919e+01	1.939010e-01	8.423780e-01	8.133000e-03	1.044250e+00	2.752000e-03	1.668488e-02	
37	1.030022e+01	2.668480e-01	8.350980e-01	7.803000e-03	1.107951e+00	1.165000e-03	1.852031e-02	
38	1.040909e+01	9.478500e-02	8.397910e-01	8.432000e-03	1.107146e+00	2.488000e-03	1.798016e-02	
39	1.045964e+01	1.031000e-01	8.359060e-01	8.807000e-03	1.075625e+00	2.009000e-03	1.789186e-02	
42	1.147164e+01	2.078560e-01	8.423270e-01	7.032000e-03	1.117222e+00	3.968000e-03	1.785660e-02	
43	1.060510e+01	1.191000e-01	8.426280e-01	9.438000e-03	1.069052e+00	7.200000e-05	1.705407e-02	
44	1.149041e+01	4.310770e-01	8.194430e-01	6.299000e-03	1.132233e+00	5.506000e-03	2.072297e-02	
45	1.103716e+01	1.828150e-01	8.530780e-01	8.053000e-03	1.184476e+00	9.205000e-03	1.764066e-02	
46	1.210493e+01	1.085739e+00	8.452350e-01	1.185300e-02	1.170657e+00	5.233000e-03	1.836556e-02	
47	1.051550e+01	3.112700e-02	8.553190e-01	9.159000e-03	1.126988e+00	3.844000e-03	1.652847e-02	
48	1.062390e+01	6.903400e-02	8.617230e-01	9.371000e-03	1.103182e+00	3.850000e-03	1.546319e-02	
50	1.045195e+01	5.390730e-01	8.394810e-01	9.207000e-03	1.106858e+00	7.662000e-03	1.801027e-02	
51	1.047102e+01	2.432490e-01	8.520430e-01	1.076800e-02	1.126476e+00	1.153000e-03	1.689504e-02	
52	1.072100e+01	2.658670e-01	8.157260e-01	8.665000e-03	1.158409e+00	7.282000e-03	2.163853e-02	
53	9.804106e+00	1.627570e-01	8.025120e-01	6.952000e-03	1.153872e+00	9.377000e-03	2.309937e-02	
55	1.011430e+01	1.973910e-01	7.897560e-01	8.154000e-03	1.168174e+00	6.805000e-03	2.489620e-02	
56	9.860988e+00	1.600310e-01	8.054830e-01	6.335000e-03	1.101801e+00	6.231000e-03	2.172514e-02	
57	9.660259e+00	1.390760e-01	7.926540e-01	7.481000e-03	1.074587e+00	4.356000e-03	2.258599e-02	
58	1.084022e+01	9.637500e-02	8.368680e-01	7.796000e-03	1.169045e+00	1.820000e-04	1.933180e-02	
59	1.031353e+01	1.036110e-01	8.218190e-01	8.205000e-03	1.162290e+00	9.137000e-03	2.099316e-02	
60	1.071749e+01	1.828660e-01	8.593400e-01	9.026000e-03	1.116722e+00	1.093000e-03	1.592273e-02	
61	1.082168e+01	1.280910e-01	8.676950e-01	1.095400e-02	1.125180e+00	3.134000e-03	1.509038e-02	
62	1.099202e+01	1.108720e-01	8.715830e-01	7.848000e-03	1.120793e+00	9.880000e-04	1.458981e-02	
63	1.005751e+01	2.655250e-01	8.426610e-01	8.993000e-03	1.040080e+00	5.342000e-03	1.658842e-02	
64	1.180356e+01	9.032310e-01	8.703750e-01	9.921000e-03	1.138307e+00	9.700000e-04	1.495719e-02	
65	1.049284e+01	1.576860e-01	8.344960e-01	7.959000e-03	1.069826e+00	7.673000e-03	1.794831e-02	
66	1.030537e+01	3.229110e-01	8.428700e-01	7.644000e-03	1.118430e+00	3.198000e-03	1.781434e-02	
67	1.218843e+01	8.729500e-02	8.365900e-01	8.480000e-03	1.124479e+00	1.186000e-03	1.862652e-02	
68	1.083790e+01	1.055310e-01	8.207040e-01	6.068000e-03	1.047161e+00	3.031000e-03	1.903206e-02	
69	1.074196e+01	3.671430e-01	8.539090e-01	1.056600e-02	1.105413e+00	1.125800e-02	1.637004e-02	
70	1.065101e+01	5.891490e-01	8.492230e-01	8.248000e-03	1.084702e+00	3.517000e-03	1.657858e-02	
71	1.163590e+01	2.343510e-01	8.612690e-01	1.079400e-02	1.150430e+00	1.863700e-02	1.617840e-02	
72	1.068537e+01	1.531520e-01	8.365710e-01	7.373000e-03	1.129898e+00	7.214000e-03	1.871846e-02	
73	1.035719e+01	1.845740e-01	8.356910e-01	8.531000e-03	1.106869e+00	6.641000e-03	1.843569e-02	
74	1.080577e+01	7.689580e-01	8.170870e-01	3.030700e-02	1.064854e+00	2.478000e-03	1.974406e-02	
75	1.046165e+01	9.736800e-02	8.349700e-01	8.406000e-03	1.116557e+00	3.187000e-03	1.867866e-02	
77	1.366300e+01	7.519000e-02	8.140920e-01	8.607000e-03	1.134729e+00	4.000000e-05	2.138415e-02	
78	1.068225e+01	2.202480e-01	8.120200e-01	1.208000e-02	1.177389e+00	1.340600e-02	2.243538e-02	
80	8.290358e+00	1.549130e-01	8.111340e-01	9.362000e-03	9.071290e-01	9.533000e-03	1.736699e-02	
81	1.071064e+01	1.699590e-01	8.614970e-01	7.070000e-03	1.092809e+00	4.909000e-03	1.534282e-02	
82	1.088857e+01	1.688160e-01	7.837110e-01	1.705800e-02	1.127536e+00	3.978000e-03	2.472104e-02	
83	1.039445e+01	9.015900e-02	7.832080e-01	8.436000e-03	1.098578e+00	4.629000e-03	2.414215e-02	
84	1.078166e+01	1.629250e-01	8.363280e-01	7.455000e-03	1.138701e+00	7.171000e-03	1.889235e-02	
86	1.055991e+01	4.771800e-02	8.327300e-01	7.342000e-03	1.157194e+00	6.582000e-03	1.962122e-02	
87	1.063019e+01	1.395720e-01	8.373240e-01	8.583000e-03	1.113966e+00	1.110000e-03	1.836950e-02	
88	1.049359e+01	9.695700e-02	8.572800e-01	8.621000e-03	1.115371e+00	2.749000e-03	1.613638e-02	
89	1.060462e+01	6.718200e-02	8.517060e-01	4.554000e-03	1.097370e+00	8.560000e-04	1.649599e-02	
90	1.160649e+01	9.720700e-02	8.373260e-01	9.133000e-03	1.064843e+00	1.881000e-03	1.755923e-02	
91	1.192778e+01	1.038204e+00	8.559800e-01	1.274400e-02	1.132725e+00	1.429800e-02	1.653671e-02	
92	1.278191e+01	3.582180e-01	8.548890e-01	1.122200e-02	1.134346e+00	9.270000e-04	1.668583e-02	
93	1.299391e+01	5.077810e-01	8.335520e-01	9.371000e-03	1.119874e+00	2.214000e-03	1.889512e-02	
95	1.992187e+01	5.208970e-01	8.573970e-01	2.531700e-02	1.190263e+00	5.452000e-03	1.720574e-02	
96	1.564717e+01	3.688900e-01	8.678050e-01	1.331500e-02	1.168864e+00	3.115000e-03	1.566321e-02	
97	1.074280e+01	1.026890e-01	8.356380e-01	1.014400e-02	1.103223e+00	1.045000e-03	1.838089e-02	
98	2.248937e+01	3.590040e-01	8.417360e-01	1.108700e-02	1.098133e+00	9.500000e-05	1.761728e-02	
99	2.398296e+01	5.328160e+00	8.420300e-01	1.211000e-02	1.126098e+00	1.144700e-02	1.803236e-02	
100	1.191851e+01	1.143183e+00	8.548920e-01	8.446000e-03	1.163824e+00	3.390000e-04	1.711908e-02	
101	1.144742e+01	5.301100e-02	8.353370e-01	8.441000e-03	1.101991e+00	6.262000e-03	1.839399e-02	
102	1.105786e+01	6.215200e-02	8.480330e-01	8.610000e-03	1.201816e+00	2.242000e-03	1.851352e-02	
103	1.211897e+01	9.688900e-02	8.527950e-01	8.989000e-03	1.172977e+00	3.220000e-03	1.750306e-02	
104	1.052186e+01	1.376910e-01	8.344340e-01	6.297000e-03	1.105527e+00	1.369000e-03	1.855420e-02	
106	1.128012e+01	4.842400e-02	8.857150e-01	7.544000e-03	1.182986e+00	2.182000e-03	1.370474e-02	
107	1.766035e+01	1.253419e+00	8.570390e-01	1.145600e-02	1.135580e+00	8.350000e-04	1.645649e-02	
108	1.215172e+01	1.999100e-01	8.516760e-01	8.932000e-03	1.159212e+00	8.413000e-03	1.742915e-02	
109	1.237410e+01	3.204850e-01	8.186380e-01	8.598000e-03	1.096701e+00	1.549000e-03	2.016213e-02	
110	1.202199e+01	9.720820e-01	8.543790e-01	7.858000e-03	1.116123e+00	2.435000e-03	1.647547e-02	
111	1.057458e+01	1.463080e-01	8.669510e-01	8.002000e-03	1.104883e+00	5.487000e-03	1.490149e-02	
112	1.050225e+01	1.523270e-01	8.291540e-01	1.231900e-02	1.108511e+00	1.869000e-03	1.919759e-02	
113	9.624330e+00	2.536790e-01	7.953480e-01	9.539000e-03	9.495240e-01	5.120000e-03	1.969807e-02	
115	1.025376e+01	3.335200e-01	8.596050e-01	2.641600e-02	1.057542e+00	9.690000e-03	1.505051e-02	
116	1.023345e+01	1.140580e-01	8.051290e-01	8.039000e-03	1.141062e+00	1.325000e-03	2.254023e-02	
117	1.127296e+01	1.263960e-01	8.420870e-01	6.895000e-03	1.230387e+00	4.981000e-03	1.969525e-02	
118	1.068847e+01	1.137180e-01	8.407720e-01	7.872000e-03	1.177384e+00	1.041200e-02	1.900375e-02	
119	1.086598e+01	1.062070e-01	8.464500e-01	8.346000e-03	1.117821e+00	3.468000e-03	1.739899e-02	
120	9.224765e+00	1.194350e-01	7.268770e-01	7.501000e-03	1.034161e+00	3.421000e-03	2.863177e-02	
121	1.198537e+01	1.394650e-01	8.433090e-01	6.750000e-03	1.240871e+00	7.526000e-03	1.970936e-02	
122	1.050472e+01	6.076200e-02	8.539150e-01	8.770000e-03	1.125871e+00	5.470000e-04	1.667232e-02	
123	1.066474e+01	7.081800e-02	8.349240e-01	9.492000e-03	1.135862e+00	4.692000e-03	1.900690e-02	
124	1.021313e+01	8.252600e-02	8.401680e-01	9.613000e-03	1.107850e+00	2.311000e-03	1.794926e-02	
125	1.067722e+01	8.537100e-02	8.335270e-01	6.795000e-03	1.121526e+00	1.073000e-03	1.892583e-02	
126	1.144848e+01	9.780640e-01	8.440410e-01	9.961000e-03	1.174100e+00	1.118000e-03	1.856168e-02	
127	1.042609e+01	7.577900e-02	8.422870e-01	8.636000e-03	1.079826e+00	3.883000e-03	1.726327e-02	
128	1.062750e+01	6.383700e-02	8.433120e-01	8.554000e-03	1.137100e+00	3.792000e-03	1.806077e-02	
129	1.039866e+01	2.087900e-01	8.541570e-01	9.159000e-03	1.138686e+00	1.110500e-02	1.683416e-02	
130	9.398583e+00	1.380580e-01	8.205180e-01	8.578000e-03	1.115451e+00	2.752000e-03	2.029426e-02	
131	1.106268e+01	1.612660e-01	8.304400e-01	1.101900e-02	1.174066e+00	1.725000e-03	2.017984e-02	
132	1.069299e+01	2.085760e-01	8.378340e-01	7.649000e-03	1.138881e+00	8.900000e-04	1.872147e-02	
133	1.026333e+01	1.267810e-01	8.429420e-01	7.587000e-03	1.160869e+00	8.656000e-03	1.848184e-02	
134	1.033380e+01	9.904000e-02	8.410680e-01	6.811000e-03	1.103395e+00	6.422000e-03	1.777642e-02	
135	1.056856e+01	9.575000e-02	8.687000e-01	7.362000e-03	1.167392e+00	1.578000e-03	1.553758e-02	
136	1.061764e+01	1.128510e-01	8.423480e-01	7.286000e-03	1.123549e+00	2.007000e-03	1.795533e-02	
137	9.769341e+00	2.861410e-01	7.945430e-01	7.830000e-03	1.063910e+00	5.913000e-03	2.215785e-02	
138	9.883733e+00	1.824440e-01	8.064590e-01	7.679000e-03	1.117355e+00	1.931000e-03	2.192128e-02	
