2	7.476001e+00	5.610000e-01	3.056500e-01	1.599870e-01	1.552767e+00	6.050200e-02	1.092915e-01	
3	7.864255e+00	4.141600e-02	6.668850e-01	1.369900e-02	1.351993e+00	5.075000e-03	4.565312e-02	
4	8.381891e+00	2.214000e-02	6.781380e-01	1.752800e-02	1.447631e+00	8.612000e-03	4.723125e-02	
6	9.527678e+00	8.164100e-02	8.069080e-01	2.332400e-02	1.662819e+00	7.381000e-03	3.254701e-02	
7	9.195915e+00	1.122010e-01	7.802600e-01	2.520800e-02	1.579797e+00	2.686700e-02	3.518943e-02	
8	9.240766e+00	5.032700e-02	7.844160e-01	1.945600e-02	1.595986e+00	8.354000e-03	3.487767e-02	
10	9.038690e+00	3.989300e-02	7.774340e-01	1.966800e-02	1.554451e+00	8.075000e-03	3.507016e-02	
13	9.607167e+00	4.990800e-02	7.857260e-01	1.604100e-02	1.656227e+00	8.284000e-03	3.597420e-02	
14	9.036715e+00	5.880100e-02	7.272170e-01	1.716800e-02	1.496006e+00	7.063000e-03	4.136685e-02	
15	1.041879e+01	3.154500e-02	7.900360e-01	2.010600e-02	1.545026e+00	8.406000e-03	3.288384e-02	
17	9.659440e+00	3.668500e-02	8.002420e-01	2.208600e-02	1.585379e+00	8.298000e-03	3.210252e-02	
18	9.848050e+00	3.482400e-02	7.963710e-01	1.758000e-02	1.616053e+00	6.489000e-03	3.335777e-02	
19	1.030613e+01	7.202300e-02	7.940330e-01	2.226300e-02	1.659670e+00	6.826000e-03	3.465144e-02	
20	9.557575e+00	2.503100e-02	8.125700e-01	2.388200e-02	1.639930e+00	1.012400e-02	3.115776e-02	
21	1.095350e+01	2.020130e-01	8.137200e-01	1.881900e-02	1.597671e+00	6.269000e-03	3.016862e-02	
22	9.377279e+00	3.095300e-02	7.954670e-01	2.062700e-02	1.651805e+00	9.169000e-03	3.424712e-02	
23	9.628485e+00	4.518600e-02	7.842230e-01	2.040600e-02	1.641656e+00	5.101000e-03	3.590783e-02	
24	9.157577e+00	8.068400e-02	7.955450e-01	1.496000e-02	1.652785e+00	7.080000e-03	3.425437e-02	
25	9.259241e+00	2.065400e-02	8.059360e-01	1.880400e-02	1.619213e+00	8.526000e-03	3.185303e-02	
26	9.946862e+00	8.125500e-02	7.645970e-01	1.777400e-02	1.707039e+00	1.902800e-02	4.073402e-02	
27	1.017803e+01	6.264100e-02	7.942330e-01	2.147400e-02	1.653554e+00	6.966000e-03	3.449022e-02	
29	1.279521e+01	5.766190e-01	7.634880e-01	1.840790e-01	1.651039e+00	5.587500e-02	3.958333e-02	
30	8.658348e+00	4.970100e-02	6.828190e-01	1.059300e-02	1.508506e+00	5.764000e-03	4.850160e-02	
31	9.289363e+00	2.047700e-02	7.971250e-01	2.764300e-02	1.562163e+00	7.921000e-03	3.212600e-02	
32	9.595214e+00	5.195600e-02	7.973420e-01	1.996800e-02	1.652217e+00	7.118000e-03	3.394163e-02	
33	9.368077e+00	6.619900e-02	7.968900e-01	2.100300e-02	1.615564e+00	7.242000e-03	3.326269e-02	
34	9.566975e+00	9.397600e-02	7.942170e-01	1.751500e-02	1.636467e+00	6.018000e-03	3.413647e-02	
35	9.612195e+00	5.479400e-02	7.896150e-01	2.689700e-02	1.593211e+00	1.046400e-02	3.397738e-02	
36	9.089702e+00	3.262900e-02	8.068230e-01	1.939700e-02	1.552659e+00	6.294000e-03	3.040418e-02	
37	9.255008e+00	7.218780e-01	8.946240e-01	1.380060e-01	2.830942e+00	8.649680e-01	3.023949e-02	
38	9.482092e+00	4.088600e-02	7.971920e-01	2.087200e-02	1.608810e+00	8.260000e-03	3.307438e-02	
39	9.856353e+00	6.424300e-02	8.105910e-01	2.333900e-02	1.556500e+00	6.972000e-03	2.988488e-02	
42	1.006004e+01	6.177600e-02	7.875480e-01	1.646400e-02	1.602250e+00	9.426000e-03	3.450587e-02	
43	9.754732e+00	7.478800e-02	7.782390e-01	2.223000e-02	1.588544e+00	8.815000e-03	3.570970e-02	
44	9.989840e+00	9.231840e-02	7.900990e-01	1.770100e-02	1.611721e+00	1.029600e-02	3.429306e-02	
45	9.995407e+00	6.294600e-02	8.043730e-01	1.915400e-02	1.695352e+00	7.606000e-03	3.361944e-02	
46	1.007624e+01	7.447600e-02	8.187190e-01	2.871900e-02	1.711013e+00	1.254100e-02	3.144180e-02	
47	9.421149e+00	8.917400e-02	7.975630e-01	2.368800e-02	1.644806e+00	9.977000e-03	3.375254e-02	
48	9.666522e+00	5.170900e-02	7.678550e-01	2.228500e-02	1.633959e+00	1.021200e-02	3.845053e-02	
50	1.028826e+01	3.600000e-01	8.161730e-01	3.065900e-02	1.748637e+00	3.626600e-02	3.258448e-02	
51	9.415176e+00	9.206600e-02	7.727380e-01	2.597300e-02	1.671188e+00	9.479000e-03	3.849940e-02	
52	1.019914e+01	7.695400e-02	7.609640e-01	1.957400e-02	1.639664e+00	2.220600e-02	3.973013e-02	
53	9.011820e+00	1.095180e-01	7.400870e-01	1.567000e-02	1.596033e+00	1.321200e-02	4.205055e-02	
55	9.048783e+00	1.019430e-01	7.740260e-01	1.857200e-02	1.655231e+00	1.521200e-02	3.791569e-02	
56	8.837369e+00	4.833400e-02	7.406960e-01	1.504700e-02	1.550460e+00	5.425000e-03	4.075413e-02	
57	8.565181e+00	4.206000e-02	7.361530e-01	1.771000e-02	1.534364e+00	8.530000e-03	4.103764e-02	
58	9.477069e+00	4.864200e-02	7.858380e-01	1.758700e-02	1.656621e+00	7.870000e-03	3.596395e-02	
59	9.316867e+00	5.338800e-02	7.886200e-01	2.147100e-02	1.668733e+00	7.903000e-03	3.575630e-02	
60	9.581840e+00	2.784100e-02	7.771540e-01	2.109300e-02	1.647890e+00	8.627000e-03	3.722502e-02	
61	9.549967e+00	1.550440e-01	8.029000e-01	2.517200e-02	1.642551e+00	6.665000e-03	3.281764e-02	
62	9.857067e+00	5.293200e-02	8.187530e-01	1.745800e-02	1.650710e+00	9.617000e-03	3.032798e-02	
63	9.535584e+00	7.046100e-02	8.087770e-01	2.274500e-02	1.556194e+00	4.364000e-03	3.016516e-02	
64	9.967395e+00	6.238000e-02	8.028320e-01	2.194300e-02	1.661673e+00	6.726000e-03	3.321114e-02	
65	9.606858e+00	5.860600e-02	7.953700e-01	2.008500e-02	1.564766e+00	8.900000e-03	3.245791e-02	
66	9.673383e+00	5.676100e-02	8.015080e-01	1.769900e-02	1.612574e+00	8.193000e-03	3.244625e-02	
67	1.023352e+01	7.525600e-02	7.859030e-01	1.741600e-02	1.602629e+00	8.537000e-03	3.478127e-02	
68	9.393936e+00	5.133700e-02	7.679720e-01	9.219000e-03	1.502217e+00	6.586000e-03	3.533254e-02	
69	1.007614e+01	1.168570e-01	8.090740e-01	2.470300e-02	1.612938e+00	2.304800e-02	3.121653e-02	
70	9.444284e+00	4.683000e-02	7.976680e-01	1.987000e-02	1.600962e+00	9.208000e-03	3.283579e-02	
71	1.078688e+01	1.155420e-01	8.430710e-01	2.754900e-02	1.644755e+00	2.702600e-02	2.616413e-02	
72	9.399518e+00	1.044270e-01	7.771910e-01	1.643800e-02	1.576877e+00	5.332000e-03	3.561495e-02	
73	9.343336e+00	6.064000e-02	8.007770e-01	2.058100e-02	1.612525e+00	7.541000e-03	3.256475e-02	
74	8.974388e+00	4.920190e-01	7.573420e-01	7.122700e-02	1.557706e+00	3.558200e-02	3.831616e-02	
75	9.424944e+00	5.193900e-02	7.997770e-01	2.109900e-02	1.608713e+00	3.328000e-03	3.265084e-02	
77	1.176943e+01	1.154420e-01	7.835430e-01	1.974800e-02	1.527567e+00	4.325000e-03	3.351766e-02	
78	9.841951e+00	1.856440e-01	7.949040e-01	3.384600e-02	1.622289e+00	3.159100e-02	3.372774e-02	
80	7.548348e+00	3.438600e-02	7.512650e-01	1.449800e-02	1.291923e+00	6.295000e-03	3.257432e-02	
81	9.945100e+00	1.056000e-01	7.996970e-01	1.547800e-02	1.579515e+00	4.316400e-02	3.207104e-02	
82	9.691596e+00	1.351460e-01	7.501190e-01	3.917100e-02	1.585088e+00	3.270700e-02	4.015027e-02	
83	9.393344e+00	7.911400e-02	8.041900e-01	2.188900e-02	1.590097e+00	4.874000e-03	3.156170e-02	
84	9.804515e+00	4.406700e-02	7.036450e-01	1.520300e-02	1.521294e+00	5.337000e-03	4.570116e-02	
86	9.350544e+00	5.399900e-02	7.835830e-01	1.647300e-02	1.638948e+00	1.054900e-02	3.595492e-02	
87	9.789960e+00	5.351100e-02	7.830670e-01	2.174900e-02	1.630179e+00	8.066000e-03	3.584782e-02	
88	9.313919e+00	5.200700e-02	8.235870e-01	2.145300e-02	1.612583e+00	5.584000e-03	2.883729e-02	
89	8.864970e+00	2.579120e-01	8.129990e-01	1.269500e-02	1.639161e+00	2.292000e-02	3.107187e-02	
90	9.914812e+00	3.161000e-02	7.945410e-01	2.272700e-02	1.560011e+00	8.836000e-03	3.249037e-02	
91	9.965231e+00	3.398300e-02	7.992310e-01	2.502300e-02	1.641412e+00	8.406000e-03	3.340536e-02	
92	1.075593e+01	3.997200e-02	8.015690e-01	2.297400e-02	1.655485e+00	1.024900e-02	3.329942e-02	
93	1.044237e+01	1.416540e-01	8.364820e-01	2.211400e-02	1.585212e+00	1.016700e-02	2.627573e-02	
95	1.374314e+01	1.421420e-01	8.133250e-01	4.729500e-02	1.688189e+00	2.075900e-02	3.194545e-02	
96	1.211980e+01	6.124100e-02	8.041170e-01	2.215700e-02	1.672918e+00	8.312000e-03	3.321798e-02	
97	9.838570e+00	6.500700e-02	7.959960e-01	2.343200e-02	1.610556e+00	7.307000e-03	3.330553e-02	
98	1.500304e+01	6.507000e-02	7.940160e-01	2.634000e-02	1.583927e+00	9.281000e-03	3.307276e-02	
99	1.170413e+01	2.862350e-01	8.231990e-01	5.248600e-02	1.507654e+00	1.018900e-02	2.702018e-02	
100	9.801151e+00	5.779300e-02	8.256340e-01	1.983500e-02	1.668180e+00	9.175000e-03	2.948537e-02	
101	1.024858e+01	7.487600e-02	7.883630e-01	2.019900e-02	1.602052e+00	7.573000e-03	3.436925e-02	
102	9.755984e+00	8.587900e-02	8.096850e-01	2.117200e-02	1.710485e+00	7.041000e-03	3.299849e-02	
103	1.065164e+01	7.266900e-02	8.174180e-01	1.946500e-02	1.681095e+00	8.420000e-03	3.111373e-02	
104	9.064412e+00	5.582800e-02	7.829890e-01	1.393800e-02	1.563292e+00	4.900000e-03	3.438933e-02	
106	9.269192e+00	2.730060e-01	7.851470e-01	1.721900e-02	1.684573e+00	2.255500e-02	3.668877e-02	
107	1.539261e+01	9.674100e-02	8.432060e-01	2.686800e-02	1.616041e+00	8.890000e-03	2.568524e-02	
108	1.050345e+01	4.878500e-02	8.145860e-01	2.152500e-02	1.636730e+00	7.722000e-03	3.076248e-02	
109	1.058835e+01	2.231750e-01	8.078130e-01	2.295700e-02	1.545683e+00	2.540500e-02	3.011246e-02	
110	9.895713e+00	5.991200e-02	8.119200e-01	1.552100e-02	1.629278e+00	7.830000e-03	3.106273e-02	
111	9.583161e+00	5.085900e-02	7.835930e-01	1.650300e-02	1.614748e+00	5.122000e-03	3.542239e-02	
112	9.879001e+00	1.014370e-01	8.179390e-01	3.554800e-02	1.596108e+00	1.024500e-02	2.945649e-02	
113	8.811690e+00	5.310900e-02	7.401760e-01	5.300000e-04	1.411109e+00	4.447000e-03	3.716564e-02	
115	9.476026e+00	1.704030e-01	7.203620e-01	6.052500e-02	1.520479e+00	2.549600e-02	4.310012e-02	
116	9.278226e+00	5.853400e-02	7.397670e-01	1.816700e-02	1.588613e+00	6.581000e-03	4.190659e-02	
117	1.000965e+01	6.544200e-02	7.897820e-01	1.547800e-02	1.693764e+00	9.926000e-03	3.609314e-02	
118	9.409670e+00	4.764300e-02	8.496460e-01	2.053600e-02	1.670867e+00	7.107000e-03	2.546588e-02	
119	9.965205e+00	7.971800e-02	8.113570e-01	1.978100e-02	1.645204e+00	7.553000e-03	3.146026e-02	
120	8.456033e+00	4.691100e-02	6.785480e-01	1.749500e-02	1.485523e+00	6.858000e-03	4.840579e-02	
121	1.030448e+01	3.055100e-02	8.156010e-01	1.597400e-02	1.726023e+00	6.614000e-03	3.226317e-02	
122	9.293074e+00	1.031360e-01	7.756810e-01	2.230200e-02	1.614532e+00	8.618000e-03	3.671255e-02	
123	9.631516e+00	3.532100e-02	7.742840e-01	2.169300e-02	1.627186e+00	6.875000e-03	3.723072e-02	
124	9.478385e+00	3.723500e-02	8.097440e-01	2.509300e-02	1.610978e+00	7.162000e-03	3.106918e-02	
125	8.895051e+00	1.564580e-01	7.941230e-01	1.392800e-02	1.611958e+00	5.301100e-02	3.364057e-02	
126	9.394015e+00	4.219100e-02	7.872300e-01	2.270400e-02	1.660938e+00	1.077500e-02	3.582331e-02	
127	9.318134e+00	4.530300e-02	7.814410e-01	1.988000e-02	1.582210e+00	9.008000e-03	3.505376e-02	
128	9.607744e+00	2.602500e-02	8.095640e-01	2.125200e-02	1.633192e+00	6.453000e-03	3.152740e-02	
129	9.224947e+00	5.584400e-02	7.754220e-01	2.244100e-02	1.644473e+00	6.954000e-03	3.743655e-02	
130	8.797102e+00	5.367000e-02	7.690240e-01	2.183000e-02	1.573521e+00	7.809000e-03	3.684183e-02	
131	9.855020e+00	4.670500e-02	7.776230e-01	2.711900e-02	1.694376e+00	9.093000e-03	3.819456e-02	
132	9.408918e+00	3.476100e-02	7.922720e-01	1.778900e-02	1.610710e+00	5.529000e-03	3.391675e-02	
133	9.443545e+00	7.004600e-02	7.905640e-01	1.823800e-02	1.636959e+00	7.161000e-03	3.475289e-02	
134	9.360842e+00	4.869400e-02	8.106560e-01	1.570800e-02	1.595998e+00	4.812000e-03	3.063273e-02	
135	9.401270e+00	5.760500e-02	8.072120e-01	1.620600e-02	1.633504e+00	5.046000e-03	3.192288e-02	
136	9.629921e+00	6.404300e-02	7.942200e-01	1.657500e-02	1.628003e+00	6.390000e-03	3.395942e-02	
137	8.648962e+00	7.048900e-02	7.411770e-01	1.836100e-02	1.481415e+00	1.488400e-02	3.886704e-02	
138	8.924203e+00	5.697900e-02	7.820300e-01	1.963800e-02	1.562050e+00	5.286000e-03	3.451386e-02	
