7.570258e+00	2.000000e+00	1.068324e-03
7.761147e+00	0.000000e+00	6.350916e-03
7.956851e+00	1.000000e+00	3.290278e-02
8.157489e+00	0.000000e+00	1.466689e-01
8.363186e+00	2.000000e+00	5.549474e-01
8.574070e+00	3.000000e+00	1.756741e+00
8.790272e+00	5.000000e+00	4.581976e+00
9.011925e+00	8.000000e+00	9.687826e+00
9.239167e+00	1.500000e+01	1.632064e+01
9.472140e+00	2.600000e+01	2.151001e+01
9.710987e+00	1.700000e+01	2.175266e+01
9.955857e+00	2.000000e+01	1.653573e+01
1.020690e+01	7.000000e+00	9.245081e+00
1.046428e+01	4.000000e+00	3.714927e+00
1.072814e+01	3.000000e+00	1.046946e+00
1.099866e+01	1.000000e+00	2.016463e-01
1.127600e+01	0.000000e+00	2.582533e-02
1.156033e+01	1.000000e+00	2.136459e-03
1.185183e+01	1.000000e+00	1.107150e-04
1.215069e+01	1.000000e+00	3.479198e-06
1.245708e+01	0.000000e+00	6.406141e-08
1.277119e+01	1.000000e+00	6.664752e-10
1.309323e+01	0.000000e+00	3.770187e-12
1.342338e+01	0.000000e+00	1.113528e-14
1.376186e+01	1.000000e+00	1.644987e-17
1.410888e+01	0.000000e+00	1.161590e-20
1.446464e+01	0.000000e+00	3.737342e-24
1.482938e+01	1.000000e+00	5.208449e-28
1.520332e+01	0.000000e+00	2.980359e-32


3.114157e-01	1.000000e+00	8.411303e-131
3.231646e-01	0.000000e+00	1.794717e-124
3.353568e-01	0.000000e+00	4.543142e-118
3.480090e-01	0.000000e+00	1.333810e-111
3.611385e-01	0.000000e+00	4.426032e-105
3.747633e-01	0.000000e+00	1.612330e-98
3.889022e-01	0.000000e+00	6.239394e-92
4.035745e-01	0.000000e+00	2.472050e-85
4.188003e-01	0.000000e+00	9.621957e-79
4.346006e-01	0.000000e+00	3.513505e-72
4.509970e-01	0.000000e+00	1.143396e-65
4.680120e-01	0.000000e+00	3.132310e-59
4.856689e-01	0.000000e+00	6.780861e-53
5.039920e-01	0.000000e+00	1.081601e-46
5.230063e-01	0.000000e+00	1.176615e-40
5.427380e-01	0.000000e+00	8.015810e-35
5.632141e-01	0.000000e+00	3.113173e-29
5.844628e-01	0.000000e+00	6.216020e-24
6.065131e-01	0.000000e+00	5.695721e-19
6.293953e-01	0.000000e+00	2.114322e-14
6.531408e-01	0.000000e+00	2.773413e-10
6.777822e-01	4.000000e+00	1.106748e-06
7.033532e-01	1.000000e+00	1.140514e-03
7.298889e-01	8.000000e+00	2.537115e-01
7.574258e-01	9.000000e+00	1.001663e+01
7.860015e-01	5.700000e+01	5.667408e+01
8.156554e-01	3.600000e+01	3.639181e+01
8.464280e-01	4.000000e+00	2.056310e+00
8.783616e-01	1.000000e+00	7.748667e-03


1.309635e+00	1.000000e+00	2.206677e-06
1.345546e+00	1.000000e+00	8.369306e-05
1.382441e+00	0.000000e+00	2.200355e-03
1.420348e+00	1.000000e+00	3.868396e-02
1.459294e+00	1.000000e+00	4.376548e-01
1.499308e+00	6.000000e+00	3.058481e+00
1.540419e+00	1.400000e+01	1.263800e+01
1.582658e+00	2.600000e+01	2.947266e+01
1.626054e+00	4.000000e+01	3.691187e+01
1.670641e+00	2.200000e+01	2.354753e+01
1.716450e+00	7.000000e+00	7.232498e+00
1.763516e+00	1.000000e+00	1.007259e+00
1.811871e+00	0.000000e+00	5.967219e-02
1.861553e+00	0.000000e+00	1.404977e-03
1.912597e+00	0.000000e+00	1.223034e-05
1.965041e+00	0.000000e+00	3.644930e-08
2.018923e+00	0.000000e+00	3.427033e-11
2.074282e+00	0.000000e+00	9.319334e-15
2.131159e+00	0.000000e+00	6.683115e-19
2.189596e+00	0.000000e+00	1.145729e-23
2.249635e+00	0.000000e+00	4.230776e-29
2.311320e+00	0.000000e+00	3.012371e-35
2.374697e+00	0.000000e+00	3.676943e-42
2.439811e+00	0.000000e+00	6.791200e-50
2.506711e+00	0.000000e+00	1.662439e-58
2.575446e+00	0.000000e+00	4.686153e-68
2.646065e+00	0.000000e+00	1.310265e-78
2.718620e+00	0.000000e+00	3.101888e-90
2.793165e+00	1.000000e+00	5.256445e-103


2.612180e-02	4.000000e+00	4.173501e-01
2.746742e-02	1.000000e+00	1.616674e+00
2.888235e-02	3.000000e+00	5.042904e+00
3.037018e-02	1.300000e+01	1.215311e+01
3.193464e-02	2.100000e+01	2.159430e+01
3.357970e-02	2.800000e+01	2.683805e+01
3.530950e-02	2.200000e+01	2.198675e+01
3.712841e-02	8.000000e+00	1.110716e+01
3.904101e-02	7.000000e+00	3.210283e+00
4.105214e-02	7.000000e+00	4.880632e-01
4.316687e-02	1.000000e+00	3.552040e-02
4.539054e-02	2.000000e+00	1.113554e-03
4.772875e-02	3.000000e+00	1.336211e-05
5.018742e-02	0.000000e+00	5.377680e-08
5.277273e-02	0.000000e+00	6.262511e-11
5.549123e-02	0.000000e+00	1.789437e-14
5.834976e-02	0.000000e+00	1.043645e-18
6.135555e-02	0.000000e+00	1.011737e-23
6.451617e-02	0.000000e+00	1.296603e-29
6.783961e-02	0.000000e+00	1.701867e-36
7.133425e-02	0.000000e+00	1.721629e-44
7.500891e-02	0.000000e+00	9.780029e-54
7.887287e-02	0.000000e+00	2.193125e-64
8.293587e-02	0.000000e+00	1.311574e-76
8.720816e-02	0.000000e+00	1.352325e-90
9.170054e-02	0.000000e+00	1.480026e-106
9.642433e-02	0.000000e+00	1.002732e-124
1.013915e-01	0.000000e+00	2.309888e-145
1.066145e-01	1.000000e+00	9.297493e-169


1.069599e-01	4.000000e+00	3.511171e-01
1.109776e-01	1.000000e+00	1.497358e+00
1.151462e-01	3.000000e+00	4.939363e+00
1.194714e-01	1.300000e+01	1.218854e+01
1.239590e-01	2.100000e+01	2.169173e+01
1.286152e-01	2.800000e+01	2.675319e+01
1.334464e-01	2.200000e+01	2.189296e+01
1.384589e-01	8.000000e+00	1.133685e+01
1.436598e-01	7.000000e+00	3.527879e+00
1.490560e-01	7.000000e+00	6.236700e-01
1.546550e-01	1.000000e+00	5.891873e-02
1.604642e-01	2.000000e+00	2.783053e-03
1.664916e-01	3.000000e+00	6.114462e-05
1.727455e-01	0.000000e+00	5.776234e-07
1.792342e-01	0.000000e+00	2.154395e-09
1.859667e-01	0.000000e+00	2.891812e-12
1.929521e-01	0.000000e+00	1.263336e-15
2.001999e-01	0.000000e+00	1.610670e-19
2.077199e-01	0.000000e+00	5.324324e-24
2.155224e-01	0.000000e+00	4.014222e-29
2.236179e-01	0.000000e+00	6.006983e-35
2.320176e-01	0.000000e+00	1.534714e-41
2.407327e-01	0.000000e+00	5.686809e-49
2.497753e-01	0.000000e+00	2.561288e-57
2.591575e-01	0.000000e+00	1.158061e-66
2.688921e-01	0.000000e+00	4.273426e-77
2.789923e-01	0.000000e+00	1.028709e-88
2.894720e-01	0.000000e+00	1.267672e-101
3.003453e-01	1.000000e+00	6.152376e-116


