9	1.522302e+00	3.103697e-01	-1.600000e+00	5.000000e-02	7.473842e-01	4.344659e-02	1.969786e-01	
12	4.338395e+00	3.354021e-01	-2.500000e-01	8.000000e-02	1.382170e+00	2.674551e-04	1.751351e-01	
14	7.064641e+00	1.746821e-02	1.900000e-01	4.000000e-02	1.274372e+00	2.526983e-02	1.046365e-01	
16	7.532957e+00	2.127954e-01	3.100000e-01	4.000000e-02	1.476669e+00	9.991281e-02	1.032842e-01	
17	9.041591e+00	1.733108e-01	4.200000e-01	1.000000e-02	1.296260e+00	9.863307e-03	7.621177e-02	
19	1.047449e+01	3.126879e-01	5.300000e-01	5.000000e-02	1.583281e+00	2.237048e-01	7.543234e-02	
21	1.292491e+01	8.386071e-01	6.700000e-01	1.400000e-01	1.197175e+00	4.418639e-02	4.004731e-02	
22	1.186380e+01	4.123970e-01	6.900000e-01	4.000000e-02	1.376652e+00	3.297597e-02	4.326012e-02	
23	1.277466e+01	5.434287e-01	7.700000e-01	1.000000e-02	1.345261e+00	1.439639e-01	3.136435e-02	
24	1.364815e+01	9.332228e-01	8.500000e-01	3.000000e-02	1.181824e+00	4.197104e-02	1.796990e-02	
25	1.362398e+01	1.057993e+00	8.400000e-01	1.000000e-02	1.204674e+00	1.806794e-02	1.953851e-02	
26	1.287167e+01	1.342007e-01	7.800000e-01	4.000000e-02	1.283285e+00	8.255513e-02	2.861856e-02	
27	1.305824e+01	3.563818e-01	7.700000e-01	1.000000e-01	1.454440e+00	2.538474e-03	3.390981e-02	
28	1.411831e+01	1.395287e-01	7.500000e-01	5.000000e-02	1.214034e+00	1.730334e-02	3.076612e-02	
30	1.322926e+01	5.022885e-01	7.700000e-01	1.000000e-02	1.390917e+00	3.424332e-03	3.242881e-02	
32	1.777778e+01	1.289481e+00	8.000000e-01	9.000000e-02	1.194315e+00	4.761285e-02	2.421312e-02	
33	1.392952e+01	4.850786e-01	7.800000e-01	6.000000e-02	1.175295e+00	3.135594e-02	2.621027e-02	
34	1.315270e+01	2.266216e-01	8.500000e-01	2.000000e-02	1.227521e+00	7.830880e-02	1.866474e-02	
35	1.300390e+01	1.488093e-01	8.200000e-01	1.000000e-02	1.273399e+00	2.797164e-02	2.323479e-02	
36	1.333689e+01	2.365706e-01	8.100000e-01	5.000000e-02	1.146592e+00	4.267427e-02	2.208331e-02	
37	1.238083e+01	3.816798e-01	8.000000e-01	4.000000e-02	1.226542e+00	5.957449e-02	2.486648e-02	
38	1.361470e+01	4.800828e-01	7.600000e-01	2.000000e-02	1.197461e+00	8.009842e-02	2.913229e-02	
39	1.289823e+01	1.347552e-01	7.300000e-01	8.000000e-02	1.204384e+00	5.374253e-02	3.296329e-02	
40	1.365001e+01	1.602377e-01	7.800000e-01	1.000000e-02	1.272669e+00	9.054053e-03	2.838181e-02	
41	1.425923e+01	8.702341e-01	8.100000e-01	1.200000e-01	1.163399e+00	3.153651e-03	2.240703e-02	
43	1.372872e+01	9.028085e-01	7.400000e-01	6.000000e-02	1.203369e+00	5.877830e-02	3.171569e-02	
44	1.332978e+01	3.375977e-01	8.200000e-01	2.000000e-02	1.299376e+00	6.446230e-02	2.370878e-02	
46	1.296680e+01	4.405216e-01	7.900000e-01	2.000000e-02	1.362583e+00	1.047698e-01	2.900576e-02	
47	1.332800e+01	3.250732e-01	8.600000e-01	1.000000e-02	1.274860e+00	4.412601e-02	1.809224e-02	
48	1.415228e+01	5.728208e-01	8.100000e-01	7.000000e-02	1.287416e+00	1.488380e-02	2.479557e-02	
51	1.428571e+01	1.632653e-01	8.100000e-01	2.000000e-02	1.108525e+00	2.398670e-02	2.135014e-02	
52	1.426534e+01	8.567341e-01	7.600000e-01	3.000000e-02	1.149161e+00	1.862005e-03	2.795722e-02	
53	1.245951e+01	5.743854e-01	7.100000e-01	1.000000e-01	1.274697e+00	5.745481e-02	3.747200e-02	
54	1.444878e+01	3.277645e-01	7.800000e-01	7.000000e-02	1.141487e+00	5.390484e-02	2.545632e-02	
55	1.455816e+01	2.967160e-01	7.700000e-01	8.000000e-02	1.200985e+00	1.408469e-01	2.800059e-02	
56	1.413627e+01	6.034994e-01	8.400000e-01	1.000000e-02	1.196172e+00	1.015745e-01	1.940062e-02	
57	1.406470e+01	8.090663e-01	8.100000e-01	5.000000e-02	1.178203e+00	6.586833e-02	2.269215e-02	
59	1.454122e+01	1.649288e-01	8.200000e-01	7.000000e-02	1.203732e+00	9.939932e-03	2.196362e-02	
60	1.322401e+01	3.532466e-01	8.000000e-01	2.000000e-02	1.278691e+00	1.208138e-01	2.592372e-02	
63	1.430001e+01	6.114263e-01	8.400000e-01	3.000000e-02	1.205473e+00	9.608326e-02	1.955146e-02	
65	1.508068e+01	6.186013e-01	8.000000e-01	4.000000e-02	1.246650e+00	4.340700e-02	2.527413e-02	
66	1.521838e+01	8.847090e-01	8.200000e-01	1.000000e-02	1.276650e+00	2.164258e-01	2.329412e-02	
67	1.394117e+01	8.182395e-01	7.800000e-01	1.000000e-02	1.129114e+00	3.903740e-02	2.518039e-02	
68	1.399580e+01	5.621826e-01	7.800000e-01	1.000000e-02	1.168293e+00	1.553265e-02	2.605410e-02	
69	1.425314e+01	1.052327e+00	7.900000e-01	1.000000e-02	1.149756e+00	4.084789e-02	2.447523e-02	
70	1.190051e+01	4.475261e-01	7.100000e-01	3.000000e-02	1.175848e+00	1.508575e-01	3.456615e-02	
72	1.197461e+01	6.065455e-01	6.500000e-01	4.000000e-02	1.364443e+00	3.193566e-01	4.840889e-02	
73	1.229105e+01	6.435580e-01	6.200000e-01	2.000000e-02	1.195457e+00	2.365190e-02	4.604892e-02	
75	1.190476e+01	4.917800e-01	6.300000e-01	2.000000e-02	1.236858e+00	6.273786e-02	4.638991e-02	
76	1.151808e+01	4.722918e-01	6.400000e-01	5.000000e-02	1.373721e+00	1.973538e-01	5.013059e-02	
78	1.239311e+01	2.657092e-01	6.800000e-01	7.000000e-02	1.222195e+00	3.020384e-02	3.964536e-02	
79	1.165773e+01	1.875457e-01	7.500000e-01	1.000000e-01	1.182173e+00	3.260444e-02	2.995869e-02	
83	1.034982e+01	2.935057e-01	6.400000e-01	1.600000e-01	1.132888e+00	7.151298e-02	4.134197e-02	
89	1.317349e+01	2.117200e-01	7.900000e-01	2.000000e-02	1.430615e+00	1.592301e-02	3.045397e-02	
90	1.339944e+01	6.302027e-01	7.800000e-01	2.000000e-02	1.315184e+00	1.163229e-01	2.932993e-02	
91	1.351899e+01	2.101777e-01	8.100000e-01	3.000000e-02	1.366214e+00	2.282778e-02	2.631322e-02	
92	1.300390e+01	1.488093e-01	8.000000e-01	2.000000e-02	1.273399e+00	2.797164e-02	2.581643e-02	
94	1.288992e+01	2.874396e-01	7.900000e-01	3.000000e-02	1.241542e+00	4.305204e-02	2.642911e-02	
95	1.322401e+01	3.532466e-01	8.000000e-01	2.000000e-02	1.278691e+00	1.208138e-01	2.592372e-02	
96	1.254705e+01	3.825513e-01	7.600000e-01	3.000000e-02	1.284439e+00	2.928366e-02	3.124831e-02	
97	1.309072e+01	3.941439e-02	7.800000e-01	7.000000e-02	1.047504e+00	5.391962e-02	2.336040e-02	
99	1.250156e+01	4.641785e-01	7.600000e-01	6.000000e-02	1.181544e+00	6.564212e-02	2.874505e-02	
100	1.361470e+01	5.301301e-01	8.000000e-01	3.000000e-02	1.219884e+00	1.072188e-01	2.473150e-02	
101	1.304972e+01	1.992454e-01	8.800000e-01	2.000000e-02	1.272346e+00	2.094809e-02	1.547705e-02	
102	1.287167e+01	1.342007e-01	7.800000e-01	4.000000e-02	1.283285e+00	8.255513e-02	2.861856e-02	
103	1.388696e+01	3.586967e-01	8.200000e-01	1.000000e-02	1.179106e+00	7.413034e-02	2.151430e-02	
104	1.318565e+01	9.910104e-02	7.700000e-01	4.000000e-02	1.299545e+00	1.361356e-01	3.029849e-02	
105	1.383892e+01	1.934307e-01	7.800000e-01	2.000000e-02	1.296260e+00	7.640282e-02	2.890791e-02	
106	1.365188e+01	4.472970e-01	7.300000e-01	4.000000e-02	1.137398e+00	5.855166e-02	3.112991e-02	
107	1.300390e+01	4.396638e-01	7.900000e-01	1.000000e-02	1.176056e+00	1.341890e-01	2.503508e-02	
108	1.294331e+01	3.903431e-01	7.900000e-01	1.000000e-02	1.154135e+00	6.018097e-02	2.456844e-02	
109	1.279591e+01	5.059417e-01	7.200000e-01	6.000000e-02	1.236018e+00	9.345182e-02	3.508201e-02	
110	1.232286e+01	5.436332e-01	6.600000e-01	4.000000e-02	1.313111e+00	3.645089e-02	4.525664e-02	
111	6.713662e+00	1.942658e-01	2.900000e-01	2.000000e-02	1.469400e+00	1.079352e-01	1.057548e-01	
112	2.569703e+00	2.255052e-01	-3.600000e-01	1.000000e-02	1.212489e+00	4.355991e-02	1.671546e-01	
113	1.239004e+00	4.276874e-02	-1.230000e+00	2.000000e-02	7.936508e-01	6.681154e-02	1.794057e-01	
