1.298600e+00	1.000000e+00	2.757545e-38
1.423525e+00	0.000000e+00	1.757900e-37
1.560469e+00	1.000000e+00	1.309941e-36
1.710586e+00	0.000000e+00	1.153132e-35
1.875144e+00	0.000000e+00	1.212023e-34
2.055533e+00	0.000000e+00	1.537301e-33
2.253276e+00	0.000000e+00	2.377461e-32
2.470041e+00	1.000000e+00	4.527097e-31
2.707659e+00	0.000000e+00	1.070822e-29
2.968136e+00	0.000000e+00	3.169829e-28
3.253671e+00	0.000000e+00	1.180702e-26
3.566674e+00	0.000000e+00	5.548935e-25
3.909788e+00	0.000000e+00	3.287298e-23
4.285910e+00	1.000000e+00	2.440866e-21
4.698215e+00	0.000000e+00	2.244652e-19
5.150184e+00	0.000000e+00	2.506309e-17
5.645632e+00	0.000000e+00	3.297707e-15
6.188742e+00	0.000000e+00	4.899914e-13
6.784099e+00	2.000000e+00	7.754968e-11
7.436730e+00	1.000000e+00	1.208976e-08
8.152143e+00	0.000000e+00	1.675265e-06
8.936380e+00	1.000000e+00	1.806324e-04
9.796060e+00	0.000000e+00	1.278074e-02
1.073844e+01	2.000000e+00	4.780109e-01
1.177148e+01	7.000000e+00	7.195952e+00
1.290390e+01	3.100000e+01	3.099367e+01
1.414525e+01	2.500000e+01	2.496163e+01
1.550603e+01	2.000000e+00	2.217645e+00
1.699771e+01	1.000000e+00	1.131862e-02


1.083473e-02	0.000000e+00	6.206136e-04
1.264356e-02	0.000000e+00	6.400122e-04
1.475437e-02	0.000000e+00	6.633967e-04
1.721756e-02	0.000000e+00	6.917385e-04
2.009198e-02	0.000000e+00	7.263048e-04
2.344628e-02	0.000000e+00	7.687718e-04
2.736056e-02	0.000000e+00	8.213908e-04
3.192833e-02	0.000000e+00	8.872366e-04
3.725867e-02	0.000000e+00	9.705871e-04
4.347889e-02	0.000000e+00	1.077515e-03
5.073756e-02	0.000000e+00	1.216832e-03
5.920804e-02	0.000000e+00	1.401644e-03
6.909264e-02	0.000000e+00	1.651972e-03
8.062745e-02	0.000000e+00	1.999313e-03
9.408796e-02	0.000000e+00	2.494878e-03
1.097957e-01	0.000000e+00	3.225001e-03
1.281257e-01	0.000000e+00	4.341198e-03
1.495159e-01	0.000000e+00	6.121538e-03
1.744772e-01	0.000000e+00	9.102312e-03
2.036056e-01	1.000000e+00	1.437642e-02
2.375969e-01	0.000000e+00	2.431129e-02
2.772630e-01	1.000000e+00	4.439317e-02
3.235512e-01	1.000000e+00	8.831376e-02
3.775672e-01	0.000000e+00	1.931172e-01
4.406008e-01	1.000000e+00	4.681365e-01
5.141578e-01	1.000000e+00	1.267144e+00
5.999949e-01	4.000000e+00	3.848417e+00
7.001623e-01	1.300000e+01	1.312381e+01
8.170523e-01	5.000000e+01	4.996051e+01


7.571836e-01	1.000000e+00	2.207318e-08
7.770394e-01	0.000000e+00	1.149038e-07
7.974159e-01	1.000000e+00	5.803669e-07
8.183268e-01	0.000000e+00	2.830946e-06
8.397860e-01	0.000000e+00	1.326904e-05
8.618080e-01	0.000000e+00	5.944199e-05
8.844074e-01	0.000000e+00	2.530453e-04
9.075994e-01	0.000000e+00	1.017394e-03
9.313997e-01	0.000000e+00	3.838139e-03
9.558240e-01	0.000000e+00	1.349135e-02
9.808889e-01	0.000000e+00	4.385852e-02
1.006611e+00	0.000000e+00	1.308166e-01
1.033008e+00	0.000000e+00	3.549776e-01
1.060096e+00	1.000000e+00	8.684569e-01
1.087896e+00	0.000000e+00	1.897274e+00
1.116424e+00	2.000000e+00	3.663562e+00
1.145700e+00	7.000000e+00	6.185024e+00
1.175744e+00	1.000000e+01	9.024353e+00
1.206576e+00	1.400000e+01	1.124042e+01
1.238216e+00	7.000000e+00	1.179667e+01
1.270687e+00	1.300000e+01	1.028751e+01
1.304008e+00	7.000000e+00	7.345548e+00
1.338203e+00	1.000000e+00	4.227584e+00
1.373296e+00	7.000000e+00	1.928799e+00
1.409308e+00	0.000000e+00	6.853895e-01
1.446265e+00	2.000000e+00	1.861680e-01
1.484190e+00	2.000000e+00	3.789273e-02
1.523111e+00	0.000000e+00	5.658926e-03
1.563052e+00	1.000000e+00	6.063610e-04


1.618649e-02	0.000000e+00	1.024796e+00
1.767042e-02	2.000000e+00	1.819936e+00
1.929040e-02	4.000000e+00	3.107188e+00
2.105888e-02	3.000000e+00	4.992738e+00
2.298950e-02	7.000000e+00	7.352244e+00
2.509711e-02	1.400000e+01	9.599543e+00
2.739793e-02	6.000000e+00	1.066759e+01
2.990969e-02	1.200000e+01	9.593696e+00
3.265173e-02	6.000000e+00	6.563835e+00
3.564514e-02	2.000000e+00	3.167627e+00
3.891298e-02	3.000000e+00	9.832073e-01
4.248041e-02	2.000000e+00	1.754401e-01
4.637488e-02	3.000000e+00	1.570260e-02
5.062639e-02	2.000000e+00	5.975901e-04
5.526767e-02	0.000000e+00	7.917343e-06
6.033445e-02	0.000000e+00	2.867936e-08
6.586573e-02	0.000000e+00	2.122064e-11
7.190410e-02	0.000000e+00	2.257068e-15
7.849606e-02	2.000000e+00	2.260477e-20
8.569234e-02	0.000000e+00	1.281538e-26
9.354836e-02	0.000000e+00	2.231245e-34
1.021246e-01	3.000000e+00	5.724023e-44
1.114871e-01	0.000000e+00	8.962749e-56
1.217079e-01	0.000000e+00	2.976654e-70
1.328657e-01	0.000000e+00	5.906710e-88
1.450464e-01	0.000000e+00	1.535054e-109
1.583438e-01	0.000000e+00	8.486580e-136
1.728603e-01	3.000000e+00	1.133387e-167
1.887077e-01	1.000000e+00	2.707781e-206


6.989632e-02	0.000000e+00	9.637041e-01
7.554815e-02	2.000000e+00	1.768476e+00
8.165698e-02	4.000000e+00	3.086302e+00
8.825977e-02	3.000000e+00	5.016948e+00
9.539647e-02	7.000000e+00	7.406790e+00
1.031102e-01	1.400000e+01	9.632146e+00
1.114477e-01	6.000000e+00	1.063386e+01
1.204594e-01	1.200000e+01	9.533734e+00
1.301998e-01	6.000000e+00	6.581656e+00
1.407278e-01	2.000000e+00	3.283052e+00
1.521070e-01	3.000000e+00	1.096787e+00
1.644064e-01	2.000000e+00	2.241854e-01
1.777003e-01	3.000000e+00	2.518021e-02
1.920692e-01	2.000000e+00	1.367981e-03
2.076000e-01	0.000000e+00	3.090360e-05
2.243865e-01	0.000000e+00	2.427279e-07
2.425304e-01	0.000000e+00	5.364225e-10
2.621415e-01	0.000000e+00	2.597846e-13
2.833383e-01	2.000000e+00	2.052724e-17
3.062490e-01	0.000000e+00	1.868984e-22
3.310124e-01	0.000000e+00	1.301571e-28
3.577781e-01	3.000000e+00	4.279368e-36
3.867081e-01	0.000000e+00	3.765233e-45
4.179773e-01	0.000000e+00	4.547536e-56
4.517750e-01	0.000000e+00	3.440104e-69
4.883056e-01	0.000000e+00	6.484356e-85
5.277901e-01	0.000000e+00	1.031812e-103
5.704672e-01	3.000000e+00	3.890739e-126
6.165953e-01	1.000000e+00	7.830490e-153


