0	2	R2	3.686000e+00	3.686000e+00	1.684621e-09	-2.571784e-07	1.550000e-01
0	3	R2	3.946000e+00	3.946000e+00	1.851517e-09	5.482583e-15	8.100000e-02
0	4	R2	5.477000e+00	5.477000e+00	2.955758e-09	-1.776357e-14	5.000000e-02
0	5	R2	6.912000e+00	6.912000e+00	4.104098e-09	1.531342e-14	5.800000e-02
0	6	R2	1.524000e+01	1.524000e+01	1.063913e-08	0.000000e+00	9.700000e-02
0	7	R2	1.794000e+01	1.794000e+01	1.267731e-08	-6.690610e-15	5.310000e-01
0	9	R2	2.035000e+01	2.035000e+01	1.448154e-08	0.000000e+00	2.770000e-01
0	10	R2	2.178000e+01	2.178000e+01	1.554731e-08	0.000000e+00	1.220000e-01
0	11	R2	1.894000e+01	1.894000e+01	1.342736e-08	0.000000e+00	1.880000e-01
0	12	R2	2.102000e+01	2.102000e+01	1.498127e-08	0.000000e+00	1.740000e-01
0	13	R2	2.140000e+01	2.140000e+01	1.526439e-08	0.000000e+00	2.310000e-01
0	14	R2	2.268000e+01	2.268000e+01	1.621661e-08	-4.107183e-14	1.730000e-01
0	15	R2	2.005000e+01	2.005000e+01	1.425754e-08	-5.186443e-14	1.370000e-01
0	16	R2	1.932000e+01	1.932000e+01	1.371183e-08	-3.367501e-14	2.110000e-01
0	17	R2	1.340000e+01	1.340000e+01	9.235206e-09	-1.889741e-14	9.400000e-02
0	18	R2	1.011000e+01	1.011000e+01	6.676448e-09	1.600321e-14	1.110000e-01
0	20	R2	9.288000e+00	9.288000e+00	6.023581e-09	-6.317813e-07	1.780000e-01
0	21	R2	9.631000e+00	9.631000e+00	6.296783e-09	-1.093004e-06	1.080000e-01
0	22	R2	9.127000e+00	9.127000e+00	5.894953e-09	0.000000e+00	4.490000e-01
0	23	R2	9.561000e+00	9.561000e+00	6.241119e-09	0.000000e+00	1.120000e-01
0	24	R2	9.151000e+00	9.151000e+00	5.914143e-09	0.000000e+00	1.350000e-01
0	25	R2	1.029000e+01	1.029000e+01	6.818576e-09	3.739699e-14	9.500000e-02
0	26	R2	1.238000e+01	1.238000e+01	8.449740e-09	0.000000e+00	9.600000e-02
0	27	R2	2.310000e+01	2.310000e+01	1.652861e-08	0.000000e+00	2.630000e-01
0	29	R2	1.828000e+01	1.828000e+01	1.293257e-08	0.000000e+00	2.770000e-01
0	30	R2	2.060000e+01	2.060000e+01	1.466809e-08	7.877414e-15	4.510000e-01
0	31	R2	2.298000e+01	2.298000e+01	1.643949e-08	-1.899847e-14	1.870000e-01
0	32	R2	2.283000e+01	2.283000e+01	1.632806e-08	2.284703e-14	3.110000e-01
0	33	R2	2.287000e+01	2.287000e+01	1.635778e-08	-5.082566e-15	6.990000e-01
0	34	R2	2.300000e+01	2.300000e+01	1.645434e-08	-9.923781e-15	3.580000e-01
0	36	R2	2.054000e+01	2.054000e+01	1.462332e-08	-8.848602e-15	8.030000e-01
0	37	R2	2.210000e+01	2.210000e+01	1.578540e-08	3.223878e-15	1.102000e+00
0	39	R2	2.292000e+01	2.292000e+01	1.639492e-08	-4.459473e-14	2.390000e-01
0	40	R2	2.307000e+01	2.307000e+01	1.650633e-08	-2.306957e-14	3.080000e-01
0	41	R2	2.563000e+01	2.563000e+01	1.840411e-08	1.361193e-14	2.610000e-01
0	42	R2	2.566000e+01	2.566000e+01	1.842631e-08	0.000000e+00	3.570000e-01
0	43	R2	2.660000e+01	2.660000e+01	1.912165e-08	-1.667941e-14	4.260000e-01
0	44	R2	2.474000e+01	2.474000e+01	1.774506e-08	8.148426e-15	4.360000e-01
0	45	R2	2.508000e+01	2.508000e+01	1.799691e-08	-1.720442e-14	4.130000e-01
0	46	R2	2.393000e+01	2.393000e+01	1.714460e-08	2.193033e-14	1.620000e-01
0	47	R2	1.659000e+01	1.659000e+01	1.166091e-08	0.000000e+00	6.662000e+00
0	48	R2	2.451000e+01	2.451000e+01	1.757462e-08	4.724353e-15	7.520000e-01
0	49	R2	2.149000e+01	2.149000e+01	1.533142e-08	-1.629685e-14	2.180000e-01
0	50	R2	1.903000e+01	1.903000e+01	1.349476e-08	2.797412e-14	1.270000e-01
0	51	R2	2.127000e+01	2.127000e+01	1.516756e-08	0.000000e+00	3.280000e-01
0	52	R2	2.048000e+01	2.048000e+01	1.457856e-08	0.000000e+00	3.430000e-01
0	54	R2	1.887000e+01	1.887000e+01	1.337492e-08	0.000000e+00	1.810000e-01
0	55	R2	2.271000e+01	2.271000e+01	1.623890e-08	-4.135872e-15	8.590000e-01
0	56	R2	2.193000e+01	2.193000e+01	1.565893e-08	0.000000e+00	1.190000e-01
0	57	R2	1.850000e+01	1.850000e+01	1.309760e-08	4.037175e-14	8.800000e-02
0	61	R2	2.156000e+01	2.156000e+01	1.538354e-08	-2.102197e-14	1.690000e-01
0	62	R2	2.185000e+01	2.185000e+01	1.559940e-08	0.000000e+00	7.140000e-01
0	63	R2	2.227000e+01	2.227000e+01	1.591184e-08	-1.652425e-14	2.150000e-01
0	64	R2	2.118000e+01	2.118000e+01	1.510050e-08	0.000000e+00	6.040000e-01
0	65	R2	2.319000e+01	2.319000e+01	1.659544e-08	1.192186e-14	2.980000e-01
0	66	R2	2.315000e+01	2.315000e+01	1.656574e-08	0.000000e+00	1.363000e+00
0	67	R2	2.341000e+01	2.341000e+01	1.675877e-08	0.000000e+00	5.730000e-01
0	68	R2	2.074000e+01	2.074000e+01	1.477251e-08	-1.675808e-14	4.240000e-01
0	69	R2	2.192000e+01	2.192000e+01	1.565149e-08	0.000000e+00	2.710000e-01
0	70	R2	1.312000e+01	1.312000e+01	9.020168e-09	-3.561010e-07	4.910000e-01
0	71	R2	1.137000e+01	1.137000e+01	7.665573e-09	0.000000e+00	5.500000e-02
0	72	R2	1.561000e+01	1.561000e+01	1.091978e-08	8.540177e-15	2.080000e-01
0	73	R2	1.669000e+01	1.669000e+01	1.173637e-08	9.227828e-15	3.850000e-01
0	74	R2	1.859000e+01	1.859000e+01	1.316509e-08	0.000000e+00	2.020000e-01
0	75	R2	2.056000e+01	2.056000e+01	1.463825e-08	-5.669224e-14	1.880000e-01
0	76	R2	1.988000e+01	1.988000e+01	1.413054e-08	-7.007325e-15	5.070000e-01
0	77	R2	2.501000e+01	2.501000e+01	1.794507e-08	0.000000e+00	7.650000e-01
0	78	R2	2.195000e+01	2.195000e+01	1.567381e-08	2.754042e-14	1.290000e-01
0	79	R2	2.139000e+01	2.139000e+01	1.525694e-08	0.000000e+00	4.720000e-01
0	80	R2	2.467000e+01	2.467000e+01	1.769319e-08	0.000000e+00	1.476000e+00
0	81	R2	2.130000e+01	2.130000e+01	1.518990e-08	1.026796e-14	6.920000e-01
0	83	R2	2.639000e+01	2.639000e+01	1.896637e-08	0.000000e+00	1.153000e+00
0	96	R2	2.309000e+01	2.309000e+01	1.652119e-08	0.000000e+00	4.910000e-01
0	97	R2	2.285000e+01	2.285000e+01	1.634292e-08	-9.499234e-15	3.740000e-01
0	98	R2	2.187000e+01	2.187000e+01	1.561429e-08	1.320711e-14	2.690000e-01
0	99	R2	2.055000e+01	2.055000e+01	1.463078e-08	2.083703e-14	3.410000e-01
0	100	R2	2.169000e+01	2.169000e+01	1.548032e-08	-7.706537e-15	4.610000e-01
0	101	R2	2.420000e+01	2.420000e+01	1.734482e-08	1.474155e-14	2.410000e-01
0	103	R2	2.216000e+01	2.216000e+01	1.583003e-08	5.954269e-14	1.790000e-01
0	104	R2	2.121000e+01	2.121000e+01	1.512285e-08	-2.819614e-14	1.260000e-01
0	105	R2	2.455000e+01	2.455000e+01	1.760427e-08	1.340647e-14	5.300000e-01
0	106	R2	2.100000e+01	2.100000e+01	1.496636e-08	0.000000e+00	1.460000e-01
0	107	R2	2.372000e+01	2.372000e+01	1.698882e-08	1.041852e-14	3.410000e-01
0	108	R2	2.127000e+01	2.127000e+01	1.516756e-08	0.000000e+00	8.740000e-01
0	109	R2	2.138000e+01	2.138000e+01	1.524949e-08	1.355998e-14	2.620000e-01
0	110	R2	2.388000e+01	2.388000e+01	1.710751e-08	0.000000e+00	3.550000e-01
0	112	R2	1.983000e+01	1.983000e+01	1.409318e-08	0.000000e+00	1.050000e-01
0	113	R2	1.494000e+01	1.494000e+01	1.041120e-08	2.114711e-14	2.520000e-01
0	114	R2	1.125000e+01	1.125000e+01	7.571923e-09	2.041789e-14	8.700000e-02
0	115	R2	8.858000e+00	8.858000e+00	5.679481e-09	1.432546e-14	1.240000e-01
0	116	R2	8.107000e+00	8.107000e+00	5.074369e-09	-5.465713e-15	3.250000e-01
0	117	R2	7.115000e+00	7.115000e+00	4.269106e-09	-2.960595e-14	9.000000e-02
0	118	R2	6.400000e+00	6.400000e+00	3.689189e-09	0.000000e+00	4.600000e-02
0	119	R2	5.049000e+00	5.049000e+00	2.628701e-09	0.000000e+00	1.260000e-01
0	120	R2	3.808000e+00	3.808000e+00	1.762141e-09	-7.162729e-15	6.200000e-02
0	121	R2	3.608000e+00	3.608000e+00	1.635781e-09	0.000000e+00	7.400000e-02
0	122	R2	2.034000e+00	2.034000e+00	7.433258e-10	4.880101e-15	9.100000e-02


1	2	NOE	-1.094000e+00	-1.094000e+00	5.765254e-10	6.530724e-15	3.400000e-02
1	3	NOE	-4.720000e-01	-4.720000e-01	7.771292e-10	-3.172066e-14	2.800000e-02
1	4	NOE	-1.480000e-01	-1.480000e-01	9.385590e-10	-1.206764e-15	6.900000e-02
1	5	NOE	8.000000e-02	8.000000e-02	1.103681e-09	3.315932e-15	1.130000e-01
1	6	NOE	3.390000e-01	3.390000e-01	1.406186e-09	4.382459e-15	3.800000e-02
1	7	NOE	7.000000e-01	7.000000e-01	2.813229e-09	5.046468e-15	2.200000e-02
1	9	NOE	7.930000e-01	7.930000e-01	5.118828e-09	0.000000e+00	2.000000e-02
1	10	NOE	8.380000e-01	8.344307e-01	2.534041e-05	1.878600e-01	1.900000e-02
1	11	NOE	8.990000e-01	8.344307e-01	1.529775e-05	3.074731e+00	2.100000e-02
1	12	NOE	8.650000e-01	8.344307e-01	1.354691e-05	1.528467e+00	2.000000e-02
1	13	NOE	9.300000e-01	8.344307e-01	2.408043e-05	3.822774e+00	2.500000e-02
1	14	NOE	8.910000e-01	8.344307e-01	2.382083e-05	2.828467e+00	2.000000e-02
1	15	NOE	7.290000e-01	7.290000e-01	3.186732e-09	-5.286776e-15	2.100000e-02
1	16	NOE	8.240000e-01	8.240000e-01	1.023563e-08	-1.348560e-08	2.300000e-02
1	17	NOE	6.400000e-01	6.400000e-01	2.323797e-09	-5.046468e-15	2.200000e-02
1	18	NOE	4.210000e-01	4.210000e-01	1.554322e-09	1.734723e-15	3.200000e-02
1	20	NOE	3.060000e-01	3.060000e-01	1.356196e-09	1.830038e-15	9.100000e-02
1	21	NOE	3.940000e-01	3.940000e-01	1.501161e-09	-6.728624e-15	3.300000e-02
1	22	NOE	2.590000e-01	2.590000e-01	1.292256e-09	-1.850372e-15	6.000000e-02
1	23	NOE	2.980000e-01	2.980000e-01	1.344748e-09	4.061792e-15	4.100000e-02
1	24	NOE	2.730000e-01	2.730000e-01	1.310497e-09	0.000000e+00	3.900000e-02
1	25	NOE	2.950000e-01	2.950000e-01	1.340518e-09	-4.898043e-15	3.400000e-02
1	26	NOE	5.620000e-01	5.620000e-01	1.946062e-09	1.110223e-14	2.000000e-02
1	27	NOE	8.640000e-01	8.344307e-01	2.550188e-05	1.056048e+00	2.800000e-02
1	29	NOE	9.020000e-01	8.344307e-01	2.875558e-05	3.556281e+00	1.900000e-02
1	30	NOE	7.850000e-01	7.850000e-01	4.682311e-09	-5.286776e-15	2.100000e-02
1	31	NOE	8.490000e-01	8.344307e-01	1.892683e-05	6.334496e-01	2.300000e-02
1	32	NOE	8.490000e-01	8.344307e-01	1.892683e-05	7.284671e-01	2.000000e-02
1	33	NOE	8.640000e-01	8.344307e-01	2.550188e-05	1.285623e+00	2.300000e-02
1	34	NOE	8.620000e-01	8.344307e-01	2.053740e-05	1.102774e+00	2.500000e-02
1	36	NOE	9.040000e-01	8.344307e-01	2.257626e-05	2.318978e+00	3.000000e-02
1	37	NOE	8.680000e-01	8.344307e-01	2.986049e-05	5.086264e-01	6.600000e-02
1	39	NOE	9.080000e-01	8.344307e-01	1.921418e-05	2.536874e+00	2.900000e-02
1	40	NOE	9.100000e-01	8.344307e-01	2.511027e-05	3.022774e+00	2.500000e-02
1	41	NOE	8.450000e-01	8.344307e-01	2.061235e-05	4.065131e-01	2.600000e-02
1	42	NOE	8.420000e-01	8.344307e-01	3.979613e-05	3.291017e-01	2.300000e-02
1	43	NOE	9.070000e-01	8.344307e-01	1.905745e-05	2.791129e+00	2.600000e-02
1	44	NOE	8.870000e-01	8.344307e-01	2.760709e-05	2.285623e+00	2.300000e-02
1	45	NOE	9.230000e-01	8.344307e-01	2.873003e-05	3.690389e+00	2.400000e-02
1	46	NOE	8.660000e-01	8.344307e-01	2.554700e-05	1.169235e+00	2.700000e-02
1	47	NOE	8.510000e-01	8.344307e-01	2.598583e-05	6.627736e-01	2.500000e-02
1	48	NOE	8.530000e-01	8.344307e-01	2.403161e-05	6.877534e-01	2.700000e-02
1	49	NOE	8.570000e-01	8.344307e-01	2.016922e-05	9.812757e-01	2.300000e-02
1	50	NOE	7.930000e-01	7.930000e-01	5.118828e-09	0.000000e+00	2.000000e-02
1	51	NOE	6.810000e-01	6.810000e-01	2.627801e-09	-2.265761e-15	4.900000e-02
1	52	NOE	7.460000e-01	7.460000e-01	3.486016e-09	-9.654113e-15	2.300000e-02
1	54	NOE	6.580000e-01	6.580000e-01	2.444330e-09	-4.111937e-15	2.700000e-02
1	55	NOE	6.500000e-01	6.500000e-01	2.388613e-09	2.643388e-15	4.200000e-02
1	56	NOE	7.100000e-01	7.100000e-01	2.927289e-09	0.000000e+00	2.200000e-02
1	57	NOE	6.540000e-01	6.540000e-01	2.416014e-09	-2.068291e-07	2.500000e-02
1	61	NOE	8.150000e-01	8.150000e-01	7.492208e-09	-4.827057e-15	2.300000e-02
1	62	NOE	7.720000e-01	7.720000e-01	4.160563e-09	0.000000e+00	3.800000e-02
1	63	NOE	8.810000e-01	8.344307e-01	2.180731e-05	1.940389e+00	2.400000e-02
1	64	NOE	8.760000e-01	8.344307e-01	1.874241e-05	1.979492e+00	2.100000e-02
1	65	NOE	8.820000e-01	8.344307e-01	1.760445e-05	1.486542e+00	3.200000e-02
1	66	NOE	9.530000e-01	8.344307e-01	3.602413e-05	4.940389e+00	2.400000e-02
1	67	NOE	8.790000e-01	8.344307e-01	1.980699e-05	1.937797e+00	2.300000e-02
1	68	NOE	8.620000e-01	8.344307e-01	2.053740e-05	1.451018e+00	1.900000e-02
1	69	NOE	6.890000e-01	6.890000e-01	2.701484e-09	4.625929e-15	2.400000e-02
1	70	NOE	7.230000e-01	7.230000e-01	3.097726e-09	9.489086e-16	1.170000e-01
1	71	NOE	4.120000e-01	4.120000e-01	1.536055e-09	1.132881e-15	4.900000e-02
1	72	NOE	4.910000e-01	4.910000e-01	1.719289e-09	8.123583e-15	4.100000e-02
1	73	NOE	5.680000e-01	5.680000e-01	1.969188e-09	-3.700743e-15	3.000000e-02
1	74	NOE	6.420000e-01	6.420000e-01	2.336361e-09	0.000000e+00	2.600000e-02
1	75	NOE	8.470000e-01	8.344307e-01	5.026950e-05	6.284670e-01	2.000000e-02
1	76	NOE	8.180000e-01	8.180000e-01	8.150141e-09	5.843279e-15	1.900000e-02
1	77	NOE	9.360000e-01	8.344307e-01	2.320323e-05	3.761827e+00	2.700000e-02
1	78	NOE	7.960000e-01	7.960000e-01	5.316578e-09	4.625929e-15	2.400000e-02
1	79	NOE	8.170000e-01	8.170000e-01	7.912056e-09	0.000000e+00	3.100000e-02
1	80	NOE	8.420000e-01	8.344307e-01	3.979613e-05	9.959657e-02	7.600000e-02
1	81	NOE	7.560000e-01	7.560000e-01	3.705595e-09	-5.163828e-15	4.300000e-02
1	83	NOE	6.790000e-01	6.790000e-01	2.610265e-09	0.000000e+00	1.030000e-01
1	96	NOE	9.090000e-01	8.344307e-01	2.075546e-05	2.330292e+00	3.200000e-02
1	97	NOE	8.850000e-01	8.344307e-01	2.260356e-05	2.298606e+00	2.200000e-02
1	98	NOE	8.020000e-01	8.020000e-01	5.791250e-09	0.000000e+00	3.100000e-02
1	99	NOE	9.310000e-01	8.344307e-01	2.684656e-05	3.218978e+00	3.000000e-02
1	100	NOE	8.710000e-01	8.344307e-01	2.778991e-05	1.589971e+00	2.300000e-02
1	101	NOE	9.060000e-01	8.344307e-01	2.970253e-05	3.578467e+00	2.000000e-02
1	103	NOE	9.470000e-01	8.344307e-01	3.747606e-05	6.621726e+00	1.700000e-02
1	104	NOE	8.540000e-01	8.344307e-01	3.278693e-05	8.153892e-01	2.400000e-02
1	105	NOE	9.350000e-01	8.344307e-01	1.768521e-05	5.293123e+00	1.900000e-02
1	106	NOE	8.280000e-01	8.280000e-01	1.304150e-08	0.000000e+00	2.000000e-02
1	107	NOE	8.560000e-01	8.344307e-01	1.543703e-05	8.627737e-01	2.500000e-02
1	108	NOE	9.180000e-01	8.344307e-01	3.078924e-05	3.633450e+00	2.300000e-02
1	109	NOE	8.860000e-01	8.344307e-01	2.052402e-05	2.344061e+00	2.200000e-02
1	110	NOE	9.120000e-01	8.344307e-01	3.473693e-05	2.872939e+00	2.700000e-02
1	112	NOE	8.130000e-01	8.130000e-01	7.132522e-09	6.167906e-15	1.800000e-02
1	113	NOE	5.350000e-01	5.350000e-01	1.850574e-09	-3.700743e-15	3.000000e-02
1	114	NOE	4.260000e-01	4.260000e-01	1.564721e-09	-5.204170e-15	3.200000e-02
1	115	NOE	2.930000e-01	2.930000e-01	1.337717e-09	-2.921640e-15	5.700000e-02
1	116	NOE	1.000000e-01	1.000000e-01	1.121459e-09	3.576749e-16	3.880000e-01
1	117	NOE	1.770000e-01	1.770000e-01	1.196841e-09	-8.163405e-16	6.800000e-02
1	118	NOE	-2.100000e-02	-2.100000e-02	1.023023e-09	-2.163396e-16	4.330000e-01
1	119	NOE	-1.960000e-01	-1.960000e-01	9.104364e-10	-1.414990e-14	5.100000e-02
1	120	NOE	-3.750000e-01	-3.750000e-01	8.193405e-10	-8.223874e-15	2.700000e-02
1	121	NOE	-8.200000e-01	-8.200000e-01	6.534438e-10	-1.513940e-14	2.200000e-02
1	122	NOE	-1.707000e+00	-1.707000e+00	4.402694e-10	-6.661338e-14	1.000000e-02


2	2	R1	9.110000e-01	9.110000e-01	2.046237e-10	3.965082e-15	5.600000e-02
2	3	R1	1.226000e+00	1.226000e+00	3.540148e-10	4.111937e-15	5.400000e-02
2	4	R1	1.394000e+00	1.394000e+00	9.626227e-09	5.693451e-15	3.900000e-02
2	5	R1	1.601000e+00	1.601000e+00	8.167981e-09	0.000000e+00	3.900000e-02
2	6	R1	1.441000e+00	1.441000e+00	9.262329e-09	0.000000e+00	2.900000e-02
2	7	R1	1.639000e+00	1.639000e+00	7.935742e-09	0.000000e+00	4.500000e-02
2	9	R1	1.581000e+00	1.581000e+00	8.294076e-09	0.000000e+00	4.100000e-02
2	10	R1	1.515000e+00	1.515000e+00	8.730756e-09	4.189521e-15	5.300000e-02
2	11	R1	1.667000e+00	1.667000e+00	7.770432e-09	-7.791039e-15	5.700000e-02
2	12	R1	1.613000e+00	1.613000e+00	8.093625e-09	-8.881784e-15	5.000000e-02
2	13	R1	1.631000e+00	1.631000e+00	7.983862e-09	-8.074349e-15	5.500000e-02
2	14	R1	1.534000e+00	1.534000e+00	8.601659e-09	1.200241e-14	3.700000e-02
2	15	R1	1.420000e+00	1.420000e+00	9.422223e-09	1.138690e-14	3.900000e-02
2	16	R1	1.562000e+00	1.562000e+00	8.416465e-09	4.189521e-15	5.300000e-02
2	17	R1	1.575000e+00	1.575000e+00	8.332447e-09	5.163828e-15	4.300000e-02
2	18	R1	1.804000e+00	1.804000e+00	7.023929e-09	-1.973730e-14	4.500000e-02
2	20	R1	1.501000e+00	1.501000e+00	8.827731e-09	0.000000e+00	2.900000e-02
2	21	R1	1.552000e+00	1.552000e+00	8.481932e-09	0.000000e+00	4.200000e-02
2	22	R1	1.462000e+00	1.462000e+00	9.106584e-09	6.728624e-15	3.300000e-02
2	23	R1	1.572000e+00	1.572000e+00	8.351728e-09	-1.432546e-14	3.100000e-02
2	24	R1	1.450000e+00	1.450000e+00	9.195084e-09	-6.728624e-15	3.300000e-02
2	25	R1	1.407000e+00	1.407000e+00	9.523369e-09	0.000000e+00	2.900000e-02
2	26	R1	1.586000e+00	1.586000e+00	8.262293e-09	0.000000e+00	3.400000e-02
2	27	R1	1.564000e+00	1.564000e+00	8.403459e-09	0.000000e+00	4.500000e-02
2	29	R1	1.560000e+00	1.560000e+00	8.429499e-09	9.448707e-15	4.700000e-02
2	30	R1	1.459000e+00	1.459000e+00	9.128586e-09	-4.531523e-15	4.900000e-02
2	31	R1	1.607000e+00	1.607000e+00	6.199505e-10	0.000000e+00	4.400000e-02
2	32	R1	1.542000e+00	1.542000e+00	8.548143e-09	0.000000e+00	5.100000e-02
2	33	R1	1.549000e+00	1.549000e+00	8.501716e-09	-5.551115e-15	4.000000e-02
2	34	R1	1.595000e+00	1.595000e+00	8.205521e-09	0.000000e+00	4.400000e-02
2	36	R1	1.692000e+00	1.692000e+00	7.626757e-09	0.000000e+00	5.200000e-02
2	37	R1	1.842000e+00	1.842000e+00	8.028366e-10	0.000000e+00	3.900000e-02
2	39	R1	1.645000e+00	1.645000e+00	6.487160e-10	0.000000e+00	5.000000e-02
2	40	R1	1.664000e+00	1.664000e+00	7.787918e-09	0.000000e+00	5.500000e-02
2	41	R1	1.579000e+00	1.579000e+00	8.306838e-09	0.000000e+00	3.900000e-02
2	42	R1	1.564000e+00	1.564000e+00	8.403459e-09	0.000000e+00	5.300000e-02
2	43	R1	1.724000e+00	1.724000e+00	7.447960e-09	3.640075e-15	6.100000e-02
2	44	R1	1.613000e+00	1.613000e+00	6.244741e-10	-4.440892e-15	5.000000e-02
2	45	R1	1.599000e+00	1.599000e+00	8.180467e-09	0.000000e+00	5.000000e-02
2	46	R1	1.622000e+00	1.622000e+00	6.312723e-10	-4.827057e-15	4.600000e-02
2	47	R1	1.594000e+00	1.594000e+00	8.211802e-09	0.000000e+00	4.100000e-02
2	48	R1	1.546000e+00	1.546000e+00	5.743534e-10	-4.440892e-15	5.000000e-02
2	49	R1	1.517000e+00	1.517000e+00	8.717032e-09	8.540177e-15	5.200000e-02
2	50	R1	1.530000e+00	1.530000e+00	8.628602e-09	-5.693451e-15	3.900000e-02
2	51	R1	1.388000e+00	1.388000e+00	9.674291e-09	4.827057e-15	4.600000e-02
2	52	R1	1.526000e+00	1.526000e+00	8.655669e-09	6.344132e-15	3.500000e-02
2	54	R1	1.507000e+00	1.507000e+00	8.785974e-09	0.000000e+00	3.200000e-02
2	55	R1	1.600000e+00	1.600000e+00	8.174221e-09	4.827057e-15	4.600000e-02
2	56	R1	1.453000e+00	1.453000e+00	9.172836e-09	1.200241e-14	3.700000e-02
2	57	R1	1.322000e+00	1.322000e+00	1.022927e-08	0.000000e+00	2.400000e-02
2	61	R1	1.641000e+00	1.641000e+00	7.923775e-09	0.000000e+00	4.000000e-02
2	62	R1	1.644000e+00	1.644000e+00	7.905871e-09	0.000000e+00	4.900000e-02
2	63	R1	1.654000e+00	1.654000e+00	6.555696e-10	-1.032766e-14	4.300000e-02
2	64	R1	1.555000e+00	1.555000e+00	8.462214e-09	-5.415722e-15	4.100000e-02
2	65	R1	1.470000e+00	1.470000e+00	9.048305e-09	0.000000e+00	4.800000e-02
2	66	R1	1.753000e+00	1.753000e+00	7.290609e-09	-7.401487e-15	6.000000e-02
2	67	R1	1.564000e+00	1.564000e+00	8.403459e-09	0.000000e+00	4.300000e-02
2	68	R1	1.605000e+00	1.605000e+00	8.143089e-09	0.000000e+00	4.200000e-02
2	69	R1	1.536000e+00	1.536000e+00	8.588234e-09	6.344132e-15	3.500000e-02
2	70	R1	1.939000e+00	1.939000e+00	6.371825e-09	0.000000e+00	7.500000e-02
2	71	R1	1.477000e+00	1.477000e+00	8.997775e-09	7.401487e-15	3.000000e-02
2	72	R1	1.569000e+00	1.569000e+00	8.371073e-09	-5.415722e-15	4.100000e-02
2	73	R1	1.619000e+00	1.619000e+00	8.056804e-09	5.551115e-15	4.000000e-02
2	74	R1	1.584000e+00	1.584000e+00	8.274985e-09	6.167906e-15	3.600000e-02
2	75	R1	1.417000e+00	1.417000e+00	9.445415e-09	1.032766e-14	4.300000e-02
2	76	R1	1.456000e+00	1.456000e+00	9.150670e-09	0.000000e+00	4.500000e-02
2	77	R1	1.627000e+00	1.627000e+00	8.008073e-09	0.000000e+00	4.800000e-02
2	78	R1	1.532000e+00	1.532000e+00	8.615115e-09	-4.531523e-15	4.900000e-02
2	79	R1	1.586000e+00	1.586000e+00	8.262293e-09	0.000000e+00	4.700000e-02
2	80	R1	1.622000e+00	1.622000e+00	8.038482e-09	-3.895519e-15	5.700000e-02
2	81	R1	1.623000e+00	1.623000e+00	8.032387e-09	0.000000e+00	4.300000e-02
2	83	R1	1.814000e+00	1.814000e+00	6.973054e-09	-4.111937e-15	5.400000e-02
2	96	R1	1.791000e+00	1.791000e+00	7.090743e-09	0.000000e+00	5.500000e-02
2	97	R1	1.723000e+00	1.723000e+00	7.086591e-10	4.531523e-15	4.900000e-02
2	98	R1	1.730000e+00	1.730000e+00	7.141017e-10	0.000000e+00	4.700000e-02
2	99	R1	1.688000e+00	1.688000e+00	7.649504e-09	4.445388e-07	4.500000e-02
2	100	R1	1.687000e+00	1.687000e+00	6.808371e-10	0.000000e+00	3.800000e-02
2	101	R1	1.639000e+00	1.639000e+00	6.441557e-10	4.934325e-15	4.500000e-02
2	103	R1	1.330000e+00	1.330000e+00	1.015931e-08	0.000000e+00	4.100000e-02
2	104	R1	1.624000e+00	1.624000e+00	8.026299e-09	0.000000e+00	4.700000e-02
2	105	R1	1.570000e+00	1.570000e+00	8.364617e-09	4.625929e-15	4.800000e-02
2	106	R1	1.537000e+00	1.537000e+00	8.581533e-09	0.000000e+00	5.500000e-02
2	107	R1	1.613000e+00	1.613000e+00	8.093625e-09	-8.379042e-15	5.300000e-02
2	108	R1	1.717000e+00	1.717000e+00	7.040027e-10	8.379042e-15	5.300000e-02
2	109	R1	1.491000e+00	1.491000e+00	8.897989e-09	6.344132e-15	3.500000e-02
2	110	R1	1.615000e+00	1.615000e+00	8.081326e-09	0.000000e+00	4.300000e-02
2	112	R1	1.581000e+00	1.581000e+00	8.294076e-09	0.000000e+00	3.700000e-02
2	113	R1	1.816000e+00	1.816000e+00	6.962933e-09	5.693451e-15	3.900000e-02
2	114	R1	1.706000e+00	1.706000e+00	7.547846e-09	0.000000e+00	3.600000e-02
2	115	R1	1.793000e+00	1.793000e+00	7.080413e-09	-5.693451e-15	3.900000e-02
2	116	R1	1.550000e+00	1.550000e+00	8.495114e-09	-5.843279e-15	3.800000e-02
2	117	R1	1.678000e+00	1.678000e+00	7.706770e-09	5.693451e-15	3.900000e-02
2	118	R1	1.584000e+00	1.584000e+00	8.274985e-09	0.000000e+00	4.800000e-02
2	119	R1	1.423000e+00	1.423000e+00	9.399120e-09	8.379042e-15	5.300000e-02
2	120	R1	1.272000e+00	1.272000e+00	3.825493e-10	0.000000e+00	5.600000e-02
2	121	R1	1.065000e+00	1.065000e+00	2.676299e-10	3.700743e-15	6.000000e-02
2	122	R1	6.740000e-01	6.740000e-01	1.338805e-10	0.000000e+00	2.600000e-02


