2	3.686000e+00	1.550000e-01	-1.094000e+00	3.400000e-02	9.110000e-01	5.600000e-02	1.933735e-01	
3	3.946000e+00	8.100000e-02	-4.720000e-01	2.800000e-02	1.226000e+00	5.400000e-02	1.829364e-01	
4	5.477000e+00	5.000000e-02	-1.480000e-01	6.900000e-02	1.394000e+00	3.900000e-02	1.622208e-01	
5	6.912000e+00	5.800000e-02	8.000000e-02	1.130000e-01	1.601000e+00	3.900000e-02	1.493073e-01	
6	1.524000e+01	9.700000e-02	3.390000e-01	3.800000e-02	1.441000e+00	2.900000e-02	9.655334e-02	
7	1.794000e+01	5.310000e-01	7.000000e-01	2.200000e-02	1.639000e+00	4.500000e-02	4.984276e-02	
9	2.035000e+01	2.770000e-01	7.930000e-01	2.000000e-02	1.581000e+00	4.100000e-02	3.317447e-02	
10	2.178000e+01	1.220000e-01	8.380000e-01	1.900000e-02	1.515000e+00	5.300000e-02	2.487880e-02	
11	1.894000e+01	1.880000e-01	8.990000e-01	2.100000e-02	1.667000e+00	5.700000e-02	1.706706e-02	
12	2.102000e+01	1.740000e-01	8.650000e-01	2.000000e-02	1.613000e+00	5.000000e-02	2.207344e-02	
13	2.140000e+01	2.310000e-01	9.300000e-01	2.500000e-02	1.631000e+00	5.500000e-02	1.157321e-02	
14	2.268000e+01	1.730000e-01	8.910000e-01	2.000000e-02	1.534000e+00	3.700000e-02	1.694938e-02	
15	2.005000e+01	1.370000e-01	7.290000e-01	2.100000e-02	1.420000e+00	3.900000e-02	3.900852e-02	
16	1.932000e+01	2.110000e-01	8.240000e-01	2.300000e-02	1.562000e+00	5.300000e-02	2.786734e-02	
17	1.340000e+01	9.400000e-02	6.400000e-01	2.200000e-02	1.575000e+00	4.300000e-02	5.747578e-02	
18	1.011000e+01	1.110000e-01	4.210000e-01	3.200000e-02	1.804000e+00	4.500000e-02	1.058807e-01	
20	9.288000e+00	1.780000e-01	3.060000e-01	9.100000e-02	1.501000e+00	2.900000e-02	1.055947e-01	
21	9.631000e+00	1.080000e-01	3.940000e-01	3.300000e-02	1.552000e+00	4.200000e-02	9.533803e-02	
22	9.127000e+00	4.490000e-01	2.590000e-01	6.000000e-02	1.462000e+00	3.300000e-02	1.098165e-01	
23	9.561000e+00	1.120000e-01	2.980000e-01	4.100000e-02	1.572000e+00	3.100000e-02	1.118643e-01	
24	9.151000e+00	1.350000e-01	2.730000e-01	3.900000e-02	1.450000e+00	3.300000e-02	1.068573e-01	
25	1.029000e+01	9.500000e-02	2.950000e-01	3.400000e-02	1.407000e+00	2.900000e-02	1.005507e-01	
26	1.238000e+01	9.600000e-02	5.620000e-01	2.000000e-02	1.586000e+00	3.400000e-02	7.041726e-02	
27	2.310000e+01	2.630000e-01	8.640000e-01	2.800000e-02	1.564000e+00	4.500000e-02	2.156143e-02	
29	1.828000e+01	2.770000e-01	9.020000e-01	1.900000e-02	1.560000e+00	4.700000e-02	1.549717e-02	
30	2.060000e+01	4.510000e-01	7.850000e-01	2.100000e-02	1.459000e+00	4.900000e-02	3.179769e-02	
31	2.298000e+01	1.870000e-01	8.490000e-01	2.300000e-02	1.607000e+00	4.400000e-02	2.459771e-02	
32	2.283000e+01	3.110000e-01	8.490000e-01	2.000000e-02	1.542000e+00	5.100000e-02	2.360278e-02	
33	2.287000e+01	6.990000e-01	8.640000e-01	2.300000e-02	1.549000e+00	4.000000e-02	2.135464e-02	
34	2.300000e+01	3.580000e-01	8.620000e-01	2.500000e-02	1.595000e+00	4.400000e-02	2.231216e-02	
36	2.054000e+01	8.030000e-01	9.040000e-01	3.000000e-02	1.692000e+00	5.200000e-02	1.646544e-02	
37	2.210000e+01	1.102000e+00	8.680000e-01	6.600000e-02	1.842000e+00	3.900000e-02	2.464708e-02	
39	2.292000e+01	2.390000e-01	9.080000e-01	2.900000e-02	1.645000e+00	5.000000e-02	1.534107e-02	
40	2.307000e+01	3.080000e-01	9.100000e-01	2.500000e-02	1.664000e+00	5.500000e-02	1.518091e-02	
41	2.563000e+01	2.610000e-01	8.450000e-01	2.600000e-02	1.579000e+00	3.900000e-02	2.480937e-02	
42	2.566000e+01	3.570000e-01	8.420000e-01	2.300000e-02	1.564000e+00	5.300000e-02	2.504930e-02	
43	2.660000e+01	4.260000e-01	9.070000e-01	2.600000e-02	1.724000e+00	6.100000e-02	1.625257e-02	
44	2.474000e+01	4.360000e-01	8.870000e-01	2.300000e-02	1.613000e+00	5.000000e-02	1.847628e-02	
45	2.508000e+01	4.130000e-01	9.230000e-01	2.400000e-02	1.599000e+00	5.000000e-02	1.248076e-02	
46	2.393000e+01	1.620000e-01	8.660000e-01	2.700000e-02	1.622000e+00	4.600000e-02	2.203218e-02	
47	1.659000e+01	6.662000e+00	8.510000e-01	2.500000e-02	1.594000e+00	4.100000e-02	2.407556e-02	
48	2.451000e+01	7.520000e-01	8.530000e-01	2.700000e-02	1.546000e+00	5.000000e-02	2.303715e-02	
49	2.149000e+01	2.180000e-01	8.570000e-01	2.300000e-02	1.517000e+00	5.200000e-02	2.198991e-02	
50	1.903000e+01	1.270000e-01	7.930000e-01	2.000000e-02	1.530000e+00	3.900000e-02	3.210433e-02	
51	2.127000e+01	3.280000e-01	6.810000e-01	4.900000e-02	1.388000e+00	4.600000e-02	4.488301e-02	
52	2.048000e+01	3.430000e-01	7.460000e-01	2.300000e-02	1.526000e+00	3.500000e-02	3.929073e-02	
54	1.887000e+01	1.810000e-01	6.580000e-01	2.700000e-02	1.507000e+00	3.200000e-02	5.224457e-02	
55	2.271000e+01	8.590000e-01	6.500000e-01	4.200000e-02	1.600000e+00	4.600000e-02	5.676621e-02	
56	2.193000e+01	1.190000e-01	7.100000e-01	2.200000e-02	1.453000e+00	3.700000e-02	4.271353e-02	
57	1.850000e+01	8.800000e-02	6.540000e-01	2.500000e-02	1.322000e+00	2.400000e-02	4.636704e-02	
61	2.156000e+01	1.690000e-01	8.150000e-01	2.300000e-02	1.641000e+00	4.000000e-02	3.077387e-02	
62	2.185000e+01	7.140000e-01	7.720000e-01	3.800000e-02	1.644000e+00	4.900000e-02	3.799605e-02	
63	2.227000e+01	2.150000e-01	8.810000e-01	2.400000e-02	1.654000e+00	4.300000e-02	1.995190e-02	
64	2.118000e+01	6.040000e-01	8.760000e-01	2.100000e-02	1.555000e+00	4.100000e-02	1.954582e-02	
65	2.319000e+01	2.980000e-01	8.820000e-01	3.200000e-02	1.470000e+00	4.800000e-02	1.758333e-02	
66	2.315000e+01	1.363000e+00	9.530000e-01	2.400000e-02	1.753000e+00	6.000000e-02	8.351829e-03	
67	2.341000e+01	5.730000e-01	8.790000e-01	2.300000e-02	1.564000e+00	4.300000e-02	1.918333e-02	
68	2.074000e+01	4.240000e-01	8.620000e-01	1.900000e-02	1.605000e+00	4.200000e-02	2.245205e-02	
69	2.192000e+01	2.710000e-01	6.890000e-01	2.400000e-02	1.536000e+00	3.500000e-02	4.842320e-02	
70	1.312000e+01	4.910000e-01	7.230000e-01	1.170000e-01	1.939000e+00	7.500000e-02	5.444518e-02	
71	1.137000e+01	5.500000e-02	4.120000e-01	4.900000e-02	1.477000e+00	3.000000e-02	8.803587e-02	
72	1.561000e+01	2.080000e-01	4.910000e-01	4.100000e-02	1.569000e+00	4.100000e-02	8.095479e-02	
73	1.669000e+01	3.850000e-01	5.680000e-01	3.000000e-02	1.619000e+00	4.000000e-02	7.089775e-02	
74	1.859000e+01	2.020000e-01	6.420000e-01	2.600000e-02	1.584000e+00	3.600000e-02	5.748308e-02	
75	2.056000e+01	1.880000e-01	8.470000e-01	2.000000e-02	1.417000e+00	4.300000e-02	2.197673e-02	
76	1.988000e+01	5.070000e-01	8.180000e-01	1.900000e-02	1.456000e+00	4.500000e-02	2.686177e-02	
77	2.501000e+01	7.650000e-01	9.360000e-01	2.700000e-02	1.627000e+00	4.800000e-02	1.055527e-02	
78	2.195000e+01	1.290000e-01	7.960000e-01	2.400000e-02	1.532000e+00	4.900000e-02	3.168041e-02	
79	2.139000e+01	4.720000e-01	8.170000e-01	3.100000e-02	1.586000e+00	4.700000e-02	2.942091e-02	
80	2.467000e+01	1.476000e+00	8.420000e-01	7.600000e-02	1.622000e+00	5.700000e-02	2.597824e-02	
81	2.130000e+01	6.920000e-01	7.560000e-01	4.300000e-02	1.623000e+00	4.300000e-02	4.014303e-02	
83	2.639000e+01	1.153000e+00	6.790000e-01	1.030000e-01	1.814000e+00	5.400000e-02	5.902611e-02	
96	2.309000e+01	4.910000e-01	9.090000e-01	3.200000e-02	1.791000e+00	5.500000e-02	1.652109e-02	
97	2.285000e+01	3.740000e-01	8.850000e-01	2.200000e-02	1.723000e+00	4.900000e-02	2.008561e-02	
98	2.187000e+01	2.690000e-01	8.020000e-01	3.100000e-02	1.730000e+00	4.700000e-02	3.472267e-02	
99	2.055000e+01	3.410000e-01	9.310000e-01	3.000000e-02	1.688000e+00	4.500000e-02	1.180656e-02	
100	2.169000e+01	4.610000e-01	8.710000e-01	2.300000e-02	1.687000e+00	3.800000e-02	2.206006e-02	
101	2.420000e+01	2.410000e-01	9.060000e-01	2.000000e-02	1.639000e+00	4.500000e-02	1.561740e-02	
103	2.216000e+01	1.790000e-01	9.470000e-01	1.700000e-02	1.330000e+00	4.100000e-02	7.145446e-03	
104	2.121000e+01	1.260000e-01	8.540000e-01	2.400000e-02	1.624000e+00	4.700000e-02	2.403481e-02	
105	2.455000e+01	5.300000e-01	9.350000e-01	1.900000e-02	1.570000e+00	4.800000e-02	1.034463e-02	
106	2.100000e+01	1.460000e-01	8.280000e-01	2.000000e-02	1.537000e+00	5.500000e-02	2.679811e-02	
107	2.372000e+01	3.410000e-01	8.560000e-01	2.500000e-02	1.613000e+00	5.300000e-02	2.354500e-02	
108	2.127000e+01	8.740000e-01	9.180000e-01	2.300000e-02	1.717000e+00	5.300000e-02	1.427204e-02	
109	2.138000e+01	2.620000e-01	8.860000e-01	2.200000e-02	1.491000e+00	3.500000e-02	1.722996e-02	
110	2.388000e+01	3.550000e-01	9.120000e-01	2.700000e-02	1.615000e+00	4.300000e-02	1.440645e-02	
112	1.983000e+01	1.050000e-01	8.130000e-01	1.800000e-02	1.581000e+00	3.700000e-02	2.996921e-02	
113	1.494000e+01	2.520000e-01	5.350000e-01	3.000000e-02	1.816000e+00	3.900000e-02	8.559938e-02	
114	1.125000e+01	8.700000e-02	4.260000e-01	3.200000e-02	1.706000e+00	3.600000e-02	9.926423e-02	
115	8.858000e+00	1.240000e-01	2.930000e-01	5.700000e-02	1.793000e+00	3.900000e-02	1.284995e-01	
116	8.107000e+00	3.250000e-01	1.000000e-01	3.880000e-01	1.550000e+00	3.800000e-02	1.414087e-01	
117	7.115000e+00	9.000000e-02	1.770000e-01	6.800000e-02	1.678000e+00	3.900000e-02	1.399889e-01	
118	6.400000e+00	4.600000e-02	-2.100000e-02	4.330000e-01	1.584000e+00	4.800000e-02	1.639392e-01	
119	5.049000e+00	1.260000e-01	-1.960000e-01	5.100000e-02	1.423000e+00	5.300000e-02	1.725194e-01	
120	3.808000e+00	6.200000e-02	-3.750000e-01	2.700000e-02	1.272000e+00	5.600000e-02	1.772930e-01	
121	3.608000e+00	7.400000e-02	-8.200000e-01	2.200000e-02	1.065000e+00	6.000000e-02	1.964820e-01	
122	2.034000e+00	9.100000e-02	-1.707000e+00	1.000000e-02	6.740000e-01	2.600000e-02	1.849481e-01	
