2.128276e+00	1.000000e+00	4.420511e-20
2.325568e+00	0.000000e+00	1.131838e-19
2.541149e+00	0.000000e+00	3.128323e-19
2.776714e+00	0.000000e+00	9.380675e-19
3.034116e+00	0.000000e+00	3.067321e-18
3.315380e+00	0.000000e+00	1.099236e-17
3.622716e+00	2.000000e+00	4.338990e-17
3.958543e+00	2.000000e+00	1.895462e-16
4.325501e+00	0.000000e+00	9.203847e-16
4.726477e+00	0.000000e+00	4.986594e-15
5.164622e+00	1.000000e+00	3.023560e-14
5.643384e+00	1.000000e+00	2.055560e-13
6.166528e+00	1.000000e+00	1.567511e-12
6.738167e+00	1.000000e+00	1.338713e-11
7.362797e+00	1.000000e+00	1.275261e-10
8.045330e+00	1.000000e+00	1.345221e-09
8.791134e+00	3.000000e+00	1.553683e-08
9.606075e+00	3.000000e+00	1.932830e-07
1.049656e+01	2.000000e+00	2.531793e-06
1.146960e+01	2.000000e+00	3.386884e-05
1.253283e+01	1.000000e+00	4.444656e-04
1.369463e+01	2.000000e+00	5.431207e-03
1.496412e+01	3.000000e+00	5.780793e-02
1.635130e+01	2.000000e+00	4.924590e-01
1.786707e+01	4.000000e+00	3.018897e+00
1.952335e+01	8.000000e+00	1.166059e+01
2.133318e+01	2.800000e+01	2.406096e+01
2.331077e+01	1.800000e+01	2.162772e+01
2.547168e+01	1.000000e+01	6.587035e+00


1.085079e-02	0.000000e+00	8.478601e-03
1.269714e-02	0.000000e+00	8.654734e-03
1.485767e-02	0.000000e+00	8.865382e-03
1.738582e-02	0.000000e+00	9.118243e-03
2.034416e-02	0.000000e+00	9.423091e-03
2.380588e-02	0.000000e+00	9.792477e-03
2.785665e-02	0.000000e+00	1.024271e-02
3.259669e-02	0.000000e+00	1.079529e-02
3.814328e-02	0.000000e+00	1.147896e-02
4.463367e-02	0.000000e+00	1.233279e-02
5.222846e-02	0.000000e+00	1.341091e-02
6.111556e-02	0.000000e+00	1.478973e-02
7.151488e-02	0.000000e+00	1.657961e-02
8.368372e-02	1.000000e+00	1.894375e-02
9.792319e-02	1.000000e+00	2.213008e-02
1.145856e-01	0.000000e+00	2.652649e-02
1.340833e-01	0.000000e+00	3.276007e-02
1.568987e-01	0.000000e+00	4.188211e-02
1.835963e-01	1.000000e+00	5.572794e-02
2.148367e-01	0.000000e+00	7.764964e-02
2.513929e-01	1.000000e+00	1.140864e-01
2.941695e-01	5.000000e+00	1.781257e-01
3.442249e-01	1.000000e+00	2.980971e-01
4.027975e-01	4.000000e+00	5.397926e-01
4.713368e-01	1.000000e+00	1.068443e+00
5.515387e-01	3.000000e+00	2.336577e+00
6.453875e-01	8.000000e+00	5.707427e+00
7.552055e-01	1.300000e+01	1.573581e+01
8.837099e-01	5.000000e+01	4.942227e+01


6.865060e-01	1.000000e+00	6.928926e-24
7.119821e-01	0.000000e+00	1.606516e-22
7.384037e-01	0.000000e+00	3.805861e-21
7.658057e-01	0.000000e+00	9.153630e-20
7.942247e-01	0.000000e+00	2.219171e-18
8.236982e-01	0.000000e+00	5.379727e-17
8.542655e-01	0.000000e+00	1.292452e-15
8.859672e-01	0.000000e+00	3.046684e-14
9.188453e-01	1.000000e+00	6.969432e-13
9.529435e-01	0.000000e+00	1.528284e-11
9.883071e-01	0.000000e+00	3.169308e-10
1.024983e+00	0.000000e+00	6.123270e-09
1.063020e+00	1.000000e+00	1.084183e-07
1.102468e+00	0.000000e+00	1.727595e-06
1.143381e+00	0.000000e+00	2.428517e-05
1.185812e+00	0.000000e+00	2.946395e-04
1.229817e+00	1.000000e+00	3.012061e-03
1.275455e+00	1.000000e+00	2.527177e-02
1.322787e+00	2.000000e+00	1.690846e-01
1.371876e+00	2.000000e+00	8.741748e-01
1.422786e+00	5.000000e+00	3.374287e+00
1.475585e+00	9.000000e+00	9.365912e+00
1.530344e+00	1.500000e+01	1.794385e+01
1.587134e+00	2.700000e+01	2.269282e+01
1.646033e+00	1.500000e+01	1.804452e+01
1.707117e+00	9.000000e+00	8.556338e+00
1.770468e+00	3.000000e+00	2.283974e+00
1.836169e+00	4.000000e+00	3.223586e-01
1.904309e+00	1.000000e+00	2.247240e-02


7.577978e-03	0.000000e+00	7.785851e-01
8.495406e-03	1.000000e+00	1.010844e+00
9.523903e-03	0.000000e+00	1.329584e+00
1.067691e-02	2.000000e+00	1.766087e+00
1.196952e-02	3.000000e+00	2.357679e+00
1.341861e-02	0.000000e+00	3.141394e+00
1.504313e-02	6.000000e+00	4.137226e+00
1.686433e-02	7.000000e+00	5.314496e+00
1.890601e-02	4.000000e+00	6.539875e+00
2.119486e-02	9.000000e+00	7.526711e+00
2.376082e-02	1.100000e+01	7.848442e+00
2.663743e-02	4.000000e+00	7.112345e+00
2.986229e-02	3.000000e+00	5.305161e+00
3.347757e-02	5.000000e+00	3.035466e+00
3.753053e-02	3.000000e+00	1.216293e+00
4.207416e-02	2.000000e+00	3.035401e-01
4.716787e-02	4.000000e+00	4.058888e-02
5.287825e-02	2.000000e+00	2.398605e-03
5.927996e-02	4.000000e+00	4.898184e-05
6.645669e-02	0.000000e+00	2.526135e-07
7.450228e-02	2.000000e+00	2.207670e-10
8.352190e-02	3.000000e+00	1.969162e-14
9.363348e-02	2.000000e+00	9.420655e-20
1.049692e-01	6.000000e+00	1.069423e-26
1.176773e-01	1.000000e+00	1.025588e-35
1.319239e-01	1.000000e+00	2.249444e-47
1.478953e-01	3.000000e+00	2.162774e-62
1.658003e-01	3.000000e+00	1.130686e-81
1.858729e-01	5.000000e+00	2.304242e-106


6.184800e-02	0.000000e+00	6.606095e-01
6.561949e-02	1.000000e+00	9.400521e-01
6.962096e-02	0.000000e+00	1.325516e+00
7.386645e-02	2.000000e+00	1.843862e+00
7.837082e-02	3.000000e+00	2.517322e+00
8.314987e-02	0.000000e+00	3.352737e+00
8.822035e-02	6.000000e+00	4.325813e+00
9.360002e-02	7.000000e+00	5.363093e+00
9.930774e-02	4.000000e+00	6.329378e+00
1.053635e-01	9.000000e+00	7.033874e+00
1.117886e-01	1.100000e+01	7.269266e+00
1.186055e-01	4.000000e+00	6.886696e+00
1.258380e-01	3.000000e+00	5.882947e+00
1.335116e-01	5.000000e+00	4.446670e+00
1.416531e-01	3.000000e+00	2.910284e+00
1.502911e-01	2.000000e+00	1.608993e+00
1.594559e-01	4.000000e+00	7.305062e-01
1.691795e-01	2.000000e+00	2.637233e-01
1.794961e-01	4.000000e+00	7.297520e-02
1.904417e-01	0.000000e+00	1.484351e-02
2.020549e-01	2.000000e+00	2.116210e-03
2.143762e-01	3.000000e+00	2.003245e-04
2.274488e-01	2.000000e+00	1.183992e-05
2.413186e-01	6.000000e+00	4.074433e-07
2.560342e-01	1.000000e+00	7.541495e-09
2.716472e-01	1.000000e+00	6.862175e-11
2.882122e-01	3.000000e+00	2.772017e-13
3.057874e-01	3.000000e+00	4.428664e-16
3.244343e-01	5.000000e+00	2.454938e-19


