0	2	R2	5.070994e+00	5.070994e+00	2.720616e-09	1.548849e-15	5.734440e-01
0	3	R2	1.109878e+01	1.109878e+01	7.893427e-09	0.000000e+00	6.405511e-01
0	4	R2	1.156069e+01	1.156069e+01	8.287494e-09	0.000000e+00	6.548832e-01
0	5	R2	1.862197e+01	1.862197e+01	1.414462e-08	5.122462e-15	6.935558e-01
0	6	R2	1.592357e+01	1.592357e+01	1.193466e-08	2.694487e-15	6.592560e-01
0	7	R2	1.426534e+01	1.426534e+01	1.056189e-08	5.290324e-15	6.715493e-01
0	8	R2	1.968504e+01	1.968504e+01	1.500915e-08	0.000000e+00	6.587513e-01
0	9	R2	1.239157e+01	1.239157e+01	8.991815e-09	0.000000e+00	6.756248e-01
0	10	R2	1.633987e+01	1.633987e+01	1.227732e-08	-1.023575e-14	6.941775e-01
0	11	R2	9.532888e+00	9.532888e+00	6.542904e-09	0.000000e+00	6.361317e-01
0	12	R2	7.830854e+00	7.830854e+00	5.052262e-09	0.000000e+00	6.070904e-01
0	13	R2	7.892660e+00	7.892660e+00	5.106580e-09	0.000000e+00	6.042526e-01
0	14	R2	7.288630e+00	7.288630e+00	4.576496e-09	-1.286629e-07	6.056150e-01
0	15	R2	7.462687e+00	7.462687e+00	4.728990e-09	-1.463131e-15	6.070394e-01
0	16	R2	7.936508e+00	7.936508e+00	5.145118e-09	0.000000e+00	6.046863e-01
0	17	R2	8.802817e+00	8.802817e+00	5.905620e-09	0.000000e+00	6.276656e-01
0	20	R2	8.771930e+00	8.771930e+00	5.878567e-09	2.885692e-15	6.155740e-01
0	24	R2	1.438849e+01	1.438849e+01	1.066433e-08	5.535644e-15	6.417887e-01
0	25	R2	1.052632e+01	1.052632e+01	7.402374e-09	-1.896619e-07	6.759003e-01
0	26	R2	1.180638e+01	1.180638e+01	8.496339e-09	2.654947e-15	6.690744e-01
0	27	R2	1.257862e+01	1.257862e+01	9.149620e-09	2.806755e-15	6.328864e-01
0	28	R2	1.135074e+01	1.135074e+01	8.108609e-09	0.000000e+00	6.570802e-01
0	29	R2	1.132503e+01	1.132503e+01	8.086678e-09	2.715698e-15	6.541070e-01
0	31	R2	1.200480e+01	1.200480e+01	8.664649e-09	2.679553e-15	6.629302e-01
0	32	R2	1.095290e+01	1.095290e+01	7.768582e-09	-2.086354e-07	6.478168e-01
0	33	R2	9.737098e+00	9.737098e+00	6.720335e-09	-1.816335e-07	6.352343e-01
0	35	R2	1.828154e+01	1.828154e+01	1.386712e-08	0.000000e+00	7.018505e-01
0	36	R2	1.121076e+01	1.121076e+01	7.989135e-09	-2.132588e-07	6.535422e-01
0	37	R2	1.358696e+01	1.358696e+01	9.996080e-09	-2.600663e-15	6.830399e-01
0	38	R2	1.524390e+01	1.524390e+01	1.137361e-08	-2.635967e-15	6.738920e-01
0	39	R2	1.360544e+01	1.360544e+01	1.001153e-08	0.000000e+00	6.848998e-01
0	40	R2	1.079914e+01	1.079914e+01	7.636775e-09	-2.068000e-07	6.414174e-01
0	41	R2	1.109878e+01	1.109878e+01	7.893427e-09	0.000000e+00	6.528694e-01
0	42	R2	1.169591e+01	1.169591e+01	8.402496e-09	-2.705336e-15	6.566123e-01
0	43	R2	1.230012e+01	1.230012e+01	8.914563e-09	-2.668447e-15	6.656893e-01
0	44	R2	1.228501e+01	1.228501e+01	8.901792e-09	0.000000e+00	6.640547e-01
0	45	R2	1.329787e+01	1.329787e+01	9.754106e-09	-2.575736e-15	6.896503e-01
0	46	R2	1.326260e+01	1.326260e+01	9.724544e-09	0.000000e+00	6.684069e-01
0	47	R2	1.522070e+01	1.522070e+01	1.135442e-08	0.000000e+00	6.950091e-01
0	48	R2	1.176471e+01	1.176471e+01	8.460953e-09	2.673787e-15	6.643599e-01
0	49	R2	1.186240e+01	1.186240e+01	8.543890e-09	0.000000e+00	6.472956e-01
0	50	R2	1.094092e+01	1.094092e+01	7.758318e-09	0.000000e+00	6.583704e-01
0	51	R2	1.371742e+01	1.371742e+01	1.010511e-08	2.484286e-15	7.150370e-01
0	52	R2	1.213592e+01	1.213592e+01	8.775694e-09	-2.680230e-15	6.627627e-01
0	53	R2	1.231527e+01	1.231527e+01	8.927364e-09	0.000000e+00	6.673300e-01
0	54	R2	1.290323e+01	1.290323e+01	9.422880e-09	-2.667311e-15	6.659729e-01
0	55	R2	1.243781e+01	1.243781e+01	9.030849e-09	0.000000e+00	6.652063e-01
0	56	R2	1.194743e+01	1.194743e+01	8.616019e-09	-2.647788e-15	6.708832e-01
0	57	R2	1.187648e+01	1.187648e+01	8.555844e-09	2.737768e-15	6.488341e-01
0	58	R2	1.193317e+01	1.193317e+01	8.603930e-09	0.000000e+00	6.692830e-01
0	59	R2	1.156069e+01	1.156069e+01	8.287494e-09	0.000000e+00	6.682482e-01
0	60	R2	1.092896e+01	1.092896e+01	7.748075e-09	-2.051448e-07	6.569321e-01
0	61	R2	1.148106e+01	1.148106e+01	8.219687e-09	0.000000e+00	6.590733e-01
0	62	R2	1.172333e+01	1.172333e+01	8.425801e-09	2.637741e-15	6.734386e-01
0	63	R2	1.215067e+01	1.215067e+01	8.788174e-09	0.000000e+00	6.791382e-01
0	64	R2	1.283697e+01	1.283697e+01	9.367167e-09	0.000000e+00	6.921088e-01
0	65	R2	1.253133e+01	1.253133e+01	9.109749e-09	0.000000e+00	6.752470e-01
0	66	R2	1.146789e+01	1.146789e+01	8.208471e-09	-2.701427e-15	6.575625e-01
0	67	R2	1.161440e+01	1.161440e+01	8.333193e-09	0.000000e+00	6.609822e-01
0	69	R2	1.221001e+01	1.221001e+01	8.838380e-09	-2.647802e-15	6.708798e-01
0	70	R2	1.373626e+01	1.373626e+01	1.012085e-08	0.000000e+00	6.981343e-01
0	71	R2	1.162791e+01	1.162791e+01	8.344680e-09	-2.252657e-07	6.489995e-01
0	72	R2	1.203369e+01	1.203369e+01	8.689130e-09	0.000000e+00	6.661251e-01
0	73	R2	1.369863e+01	1.369863e+01	1.008941e-08	4.982213e-15	7.130794e-01
0	74	R2	1.152074e+01	1.152074e+01	8.253480e-09	-2.676700e-15	6.636369e-01
0	75	R2	1.314060e+01	1.314060e+01	9.622238e-09	2.637758e-15	6.734344e-01
0	76	R2	1.207729e+01	1.207729e+01	8.726059e-09	0.000000e+00	6.709608e-01
0	77	R2	1.321004e+01	1.321004e+01	9.680479e-09	-5.357576e-15	6.631196e-01
0	78	R2	1.402525e+01	1.402525e+01	1.036195e-08	0.000000e+00	7.278178e-01
0	79	R2	2.155172e+01	2.155172e+01	1.652089e-08	-4.780532e-15	7.431629e-01
0	80	R2	1.094092e+01	1.094092e+01	7.758318e-09	0.000000e+00	6.464000e-01
0	81	R2	1.079914e+01	1.079914e+01	7.636775e-09	-2.068000e-07	6.414174e-01
0	83	R2	1.592357e+01	1.592357e+01	1.193466e-08	2.594692e-15	6.846120e-01
0	84	R2	1.061571e+01	1.061571e+01	7.479257e-09	-1.983574e-07	6.536213e-01
0	85	R2	1.243781e+01	1.243781e+01	9.030849e-09	0.000000e+00	6.652063e-01
0	86	R2	1.321004e+01	1.321004e+01	9.680479e-09	-5.220203e-15	6.805701e-01
0	87	R2	1.177856e+01	1.177856e+01	8.472722e-09	-5.334999e-15	6.659258e-01
0	88	R2	1.191895e+01	1.191895e+01	8.591868e-09	0.000000e+00	6.676886e-01
0	89	R2	1.517451e+01	1.517451e+01	1.131621e-08	0.000000e+00	6.907970e-01
0	90	R2	1.245330e+01	1.245330e+01	9.043922e-09	2.603207e-15	6.823726e-01
0	91	R2	1.315789e+01	1.315789e+01	9.636744e-09	2.630830e-15	6.752078e-01
0	92	R2	1.150748e+01	1.150748e+01	8.242191e-09	-2.737623e-15	6.488683e-01
0	93	R2	1.124859e+01	1.124859e+01	8.021443e-09	-2.127672e-07	6.579605e-01
0	94	R2	1.447178e+01	1.447178e+01	1.073356e-08	2.570232e-15	6.911270e-01
0	95	R2	1.524390e+01	1.524390e+01	1.137361e-08	-2.465904e-15	7.203673e-01
0	96	R2	1.733102e+01	1.733102e+01	1.309047e-08	4.928339e-15	7.208744e-01
0	97	R2	7.961783e+00	7.961783e+00	5.167334e-09	-2.981135e-15	5.958660e-01
0	100	R2	1.028807e+01	1.028807e+01	7.197102e-09	-2.797123e-15	6.350658e-01
0	101	R2	2.000000e+01	2.000000e+01	1.526475e-08	-4.934325e-15	7.200000e-01
0	103	R2	1.388889e+01	1.388889e+01	1.024825e-08	-2.631038e-15	6.751543e-01
0	104	R2	1.349528e+01	1.349528e+01	9.919398e-09	-2.636118e-15	6.738532e-01
0	105	R2	1.290323e+01	1.290323e+01	9.422880e-09	-2.667311e-15	6.659729e-01
0	106	R2	1.314060e+01	1.314060e+01	9.622238e-09	2.571814e-15	6.907019e-01
0	107	R2	1.117318e+01	1.117318e+01	7.957031e-09	-2.222989e-07	6.242002e-01
0	108	R2	1.059322e+01	1.059322e+01	7.459921e-09	0.000000e+00	6.508546e-01
0	109	R2	1.494768e+01	1.494768e+01	1.112841e-08	0.000000e+00	6.926430e-01
0	110	R2	1.269036e+01	1.269036e+01	9.243769e-09	0.000000e+00	6.602850e-01
0	111	R2	1.173709e+01	1.173709e+01	8.437493e-09	0.000000e+00	6.887963e-01
0	112	R2	1.242236e+01	1.242236e+01	9.017807e-09	-5.232380e-15	6.789862e-01
0	113	R2	1.201923e+01	1.201923e+01	8.676875e-09	0.000000e+00	6.645248e-01
0	114	R2	1.199041e+01	1.199041e+01	8.652450e-09	2.628842e-15	6.757184e-01
0	115	R2	1.225490e+01	1.225490e+01	8.876339e-09	-5.376354e-15	6.608035e-01
0	116	R2	1.138952e+01	1.138952e+01	8.141682e-09	8.216190e-15	6.486060e-01
0	117	R2	8.865248e+00	8.865248e+00	5.960280e-09	0.000000e+00	6.601781e-01
0	118	R2	1.212121e+01	1.212121e+01	8.763243e-09	2.686740e-15	6.611570e-01
0	119	R2	1.277139e+01	1.277139e+01	9.311992e-09	-2.656256e-15	6.687447e-01
0	120	R2	1.215067e+01	1.215067e+01	8.788174e-09	0.000000e+00	6.643743e-01
0	121	R2	1.194743e+01	1.194743e+01	8.616019e-09	-2.705349e-15	6.566091e-01
0	122	R2	1.240695e+01	1.240695e+01	9.004796e-09	-2.683687e-15	6.619091e-01
0	123	R2	1.243781e+01	1.243781e+01	9.030849e-09	0.000000e+00	6.497364e-01
0	124	R2	9.514748e+00	9.514748e+00	6.527124e-09	-1.789768e-07	6.246599e-01
0	125	R2	1.096491e+01	1.096491e+01	7.778868e-09	-2.124146e-07	6.372153e-01
0	127	R2	1.102536e+01	1.102536e+01	7.830616e-09	2.706145e-15	6.564160e-01
0	128	R2	1.355014e+01	1.355014e+01	9.965289e-09	2.687450e-15	6.609822e-01
0	129	R2	1.349528e+01	1.349528e+01	9.919398e-09	-2.636118e-15	6.738532e-01
0	130	R2	1.233046e+01	1.233046e+01	8.940194e-09	0.000000e+00	6.689767e-01
0	131	R2	1.190476e+01	1.190476e+01	8.579833e-09	0.000000e+00	6.660998e-01
0	132	R2	1.165501e+01	1.165501e+01	8.367730e-09	2.905978e-15	6.112768e-01
0	133	R2	1.136364e+01	1.136364e+01	8.119610e-09	0.000000e+00	6.456612e-01
0	134	R2	1.107420e+01	1.107420e+01	7.872403e-09	0.000000e+00	6.499806e-01
0	135	R2	9.852217e+00	9.852217e+00	6.820187e-09	-2.772799e-15	6.406368e-01
0	136	R2	7.087172e+00	7.087172e+00	4.400456e-09	0.000000e+00	6.027361e-01
0	138	R2	5.112474e+00	5.112474e+00	2.752621e-09	1.537608e-15	5.776364e-01
0	139	R2	2.994012e+00	2.994012e+00	1.309338e-09	8.016313e-16	5.539819e-01
0	140	R2	1.413428e+00	1.413428e+00	3.892798e-10	0.000000e+00	5.342057e-01


1	2	NOE	-4.527000e-01	-4.527000e-01	9.893491e-10	1.961525e-14	2.830000e-02
1	3	NOE	3.924000e-01	3.924000e-01	1.898497e-09	-6.797284e-15	2.450000e-02
1	4	NOE	5.427000e-01	5.427000e-01	2.395270e-09	3.274994e-15	3.390000e-02
1	5	NOE	5.627000e-01	5.627000e-01	2.491569e-09	0.000000e+00	3.510000e-02
1	6	NOE	6.505000e-01	6.505000e-01	3.094539e-09	-2.734539e-15	4.060000e-02
1	7	NOE	5.826000e-01	5.826000e-01	2.598915e-09	3.050063e-15	3.640000e-02
1	8	NOE	6.382000e-01	6.382000e-01	2.984954e-09	-5.565028e-15	3.990000e-02
1	9	NOE	7.792000e-01	7.792000e-01	6.307753e-09	0.000000e+00	4.880000e-02
1	10	NOE	6.270000e-01	6.270000e-01	2.894237e-09	5.678890e-15	3.910000e-02
1	11	NOE	5.172000e-01	5.172000e-01	2.286268e-09	-3.426614e-15	3.240000e-02
1	12	NOE	3.708000e-01	3.708000e-01	1.847878e-09	0.000000e+00	2.310000e-02
1	13	NOE	4.427000e-01	4.427000e-01	2.032168e-09	0.000000e+00	2.760000e-02
1	14	NOE	3.284000e-01	3.284000e-01	1.758041e-09	-5.415722e-15	2.050000e-02
1	15	NOE	3.335000e-01	3.335000e-01	1.768247e-09	5.312072e-15	2.090000e-02
1	16	NOE	2.715000e-01	2.715000e-01	1.653618e-09	-9.796086e-15	1.700000e-02
1	17	NOE	5.448000e-01	5.448000e-01	2.404898e-09	0.000000e+00	3.400000e-02
1	20	NOE	5.412000e-01	5.412000e-01	2.388458e-09	-6.549988e-15	3.390000e-02
1	24	NOE	8.514000e-01	8.214914e-01	3.234351e-05	5.611376e-01	5.330000e-02
1	25	NOE	7.089000e-01	7.089000e-01	3.837395e-09	-2.506147e-15	4.430000e-02
1	26	NOE	6.475000e-01	6.475000e-01	3.066757e-09	0.000000e+00	4.050000e-02
1	27	NOE	8.216000e-01	8.214914e-01	2.522705e-05	2.113568e-03	5.140000e-02
1	28	NOE	6.974000e-01	6.974000e-01	3.650801e-09	-2.546383e-15	4.360000e-02
1	29	NOE	6.827000e-01	6.827000e-01	3.446658e-09	0.000000e+00	4.260000e-02
1	31	NOE	7.028000e-01	7.028000e-01	3.735068e-09	-2.528982e-15	4.390000e-02
1	32	NOE	5.397000e-01	5.397000e-01	2.381699e-09	0.000000e+00	3.380000e-02
1	33	NOE	5.227000e-01	5.227000e-01	2.308618e-09	-3.405592e-15	3.260000e-02
1	35	NOE	6.681000e-01	6.681000e-01	3.273421e-09	2.656036e-15	4.180000e-02
1	36	NOE	6.473000e-01	6.473000e-01	3.064930e-09	-2.741291e-15	4.050000e-02
1	37	NOE	7.276000e-01	7.276000e-01	4.210516e-09	0.000000e+00	4.550000e-02
1	38	NOE	5.715000e-01	5.715000e-01	2.537485e-09	3.101182e-15	3.580000e-02
1	39	NOE	8.798000e-01	8.214914e-01	3.873046e-05	1.060157e+00	5.500000e-02
1	40	NOE	5.081000e-01	5.081000e-01	2.250560e-09	6.982535e-15	3.180000e-02
1	41	NOE	6.357000e-01	6.357000e-01	2.964005e-09	-2.789505e-15	3.980000e-02
1	42	NOE	7.882000e-01	7.882000e-01	7.116105e-09	2.251974e-15	4.930000e-02
1	43	NOE	8.276000e-01	8.214914e-01	3.978972e-05	1.179273e-01	5.180000e-02
1	44	NOE	7.509000e-01	7.509000e-01	4.867858e-09	0.000000e+00	4.690000e-02
1	45	NOE	7.457000e-01	7.457000e-01	4.695334e-09	0.000000e+00	4.660000e-02
1	46	NOE	6.959000e-01	6.959000e-01	3.628356e-09	0.000000e+00	4.350000e-02
1	47	NOE	7.330000e-01	7.330000e-01	4.339554e-09	2.418787e-15	4.590000e-02
1	48	NOE	6.661000e-01	6.661000e-01	3.251591e-09	5.337611e-15	4.160000e-02
1	49	NOE	7.625000e-01	7.625000e-01	5.331481e-09	2.332401e-15	4.760000e-02
1	50	NOE	7.477000e-01	7.477000e-01	4.759539e-09	0.000000e+00	4.680000e-02
1	51	NOE	9.456000e-01	8.214914e-01	3.695851e-05	2.099977e+00	5.910000e-02
1	52	NOE	7.289000e-01	7.289000e-01	4.240553e-09	-2.440051e-15	4.550000e-02
1	53	NOE	7.087000e-01	7.087000e-01	3.833910e-09	0.000000e+00	4.430000e-02
1	54	NOE	8.335000e-01	8.214914e-01	5.036461e-05	2.304920e-01	5.210000e-02
1	55	NOE	6.881000e-01	6.881000e-01	3.517754e-09	-2.581914e-15	4.300000e-02
1	56	NOE	6.872000e-01	6.872000e-01	3.505610e-09	0.000000e+00	4.300000e-02
1	57	NOE	7.794000e-01	7.794000e-01	6.322853e-09	0.000000e+00	4.880000e-02
1	58	NOE	7.246000e-01	7.246000e-01	4.143506e-09	-2.450823e-15	4.530000e-02
1	59	NOE	7.600000e-01	7.600000e-01	5.220610e-09	-3.808973e-08	4.750000e-02
1	60	NOE	7.751000e-01	7.751000e-01	6.019993e-09	0.000000e+00	4.850000e-02
1	61	NOE	8.087000e-01	8.087000e-01	1.150470e-08	0.000000e+00	5.050000e-02
1	62	NOE	7.242000e-01	7.242000e-01	4.134805e-09	0.000000e+00	4.530000e-02
1	63	NOE	7.771000e-01	7.771000e-01	6.155397e-09	2.284410e-15	4.860000e-02
1	64	NOE	8.244000e-01	8.214914e-01	3.272929e-05	5.647837e-02	5.150000e-02
1	65	NOE	8.501000e-01	8.214914e-01	3.176564e-05	5.387690e-01	5.310000e-02
1	66	NOE	6.987000e-01	6.987000e-01	3.670583e-09	2.546383e-15	4.360000e-02
1	67	NOE	8.472000e-01	8.214914e-01	2.970174e-05	4.850686e-01	5.300000e-02
1	69	NOE	7.374000e-01	7.374000e-01	4.453703e-09	0.000000e+00	4.610000e-02
1	70	NOE	7.263000e-01	7.263000e-01	4.181092e-09	0.000000e+00	4.540000e-02
1	71	NOE	7.322000e-01	7.322000e-01	4.319706e-09	2.424068e-15	4.580000e-02
1	72	NOE	7.623000e-01	7.623000e-01	5.322355e-09	0.000000e+00	4.760000e-02
1	73	NOE	8.267000e-01	8.214914e-01	5.449354e-05	1.009425e-01	5.160000e-02
1	74	NOE	7.505000e-01	7.505000e-01	4.853920e-09	-2.367213e-15	4.690000e-02
1	75	NOE	8.272000e-01	8.214914e-01	3.658536e-05	1.102053e-01	5.180000e-02
1	76	NOE	8.336000e-01	8.214914e-01	1.725982e-05	2.324115e-01	5.210000e-02
1	77	NOE	6.222000e-01	6.222000e-01	2.857688e-09	2.854044e-15	3.890000e-02
1	78	NOE	5.151000e-01	5.151000e-01	2.277890e-09	3.437223e-15	3.230000e-02
1	79	NOE	7.298000e-01	7.298000e-01	4.261719e-09	0.000000e+00	4.560000e-02
1	80	NOE	7.878000e-01	7.878000e-01	7.073441e-09	0.000000e+00	4.930000e-02
1	81	NOE	6.518000e-01	6.518000e-01	3.106804e-09	-5.442270e-15	4.080000e-02
1	83	NOE	6.444000e-01	6.444000e-01	3.038783e-09	2.754896e-15	4.030000e-02
1	84	NOE	5.562000e-01	5.562000e-01	2.459103e-09	0.000000e+00	3.480000e-02
1	85	NOE	5.736000e-01	5.736000e-01	2.548795e-09	-1.952119e-07	3.590000e-02
1	86	NOE	9.311000e-01	8.214914e-01	3.371443e-05	1.880080e+00	5.830000e-02
1	87	NOE	6.941000e-01	6.941000e-01	3.601941e-09	0.000000e+00	4.340000e-02
1	88	NOE	6.241000e-01	6.241000e-01	2.871998e-09	0.000000e+00	3.900000e-02
1	89	NOE	7.900000e-01	7.900000e-01	7.318024e-09	-4.494830e-15	4.940000e-02
1	90	NOE	7.089000e-01	7.089000e-01	3.837395e-09	-2.506147e-15	4.430000e-02
1	91	NOE	7.119000e-01	7.119000e-01	3.890800e-09	2.494883e-15	4.450000e-02
1	92	NOE	7.194000e-01	7.194000e-01	4.034385e-09	0.000000e+00	4.500000e-02
1	93	NOE	7.145000e-01	7.145000e-01	3.938876e-09	0.000000e+00	4.460000e-02
1	94	NOE	7.439000e-01	7.439000e-01	4.639673e-09	0.000000e+00	4.650000e-02
1	95	NOE	6.868000e-01	6.868000e-01	3.500252e-09	2.587932e-15	4.290000e-02
1	96	NOE	6.682000e-01	6.682000e-01	3.274523e-09	-2.656036e-15	4.180000e-02
1	97	NOE	7.032000e-01	7.032000e-01	3.741536e-09	0.000000e+00	4.400000e-02
1	100	NOE	6.213000e-01	6.213000e-01	2.850980e-09	0.000000e+00	3.890000e-02
1	101	NOE	6.756000e-01	6.756000e-01	3.359198e-09	0.000000e+00	4.230000e-02
1	103	NOE	6.505000e-01	6.505000e-01	3.094539e-09	-2.734539e-15	4.060000e-02
1	104	NOE	7.509000e-01	7.509000e-01	4.867858e-09	0.000000e+00	4.690000e-02
1	105	NOE	6.758000e-01	6.758000e-01	3.361575e-09	0.000000e+00	4.230000e-02
1	106	NOE	7.329000e-01	7.329000e-01	4.337059e-09	0.000000e+00	4.580000e-02
1	107	NOE	7.258000e-01	7.258000e-01	4.169934e-09	0.000000e+00	4.540000e-02
1	108	NOE	6.489000e-01	6.489000e-01	3.079633e-09	0.000000e+00	4.050000e-02
1	109	NOE	4.486000e-01	4.486000e-01	2.049542e-09	-7.930164e-15	2.800000e-02
1	110	NOE	5.839000e-01	5.839000e-01	2.606384e-09	-3.041707e-15	3.650000e-02
1	111	NOE	8.131000e-01	8.131000e-01	1.421070e-08	0.000000e+00	5.090000e-02
1	112	NOE	7.452000e-01	7.452000e-01	4.679676e-09	-2.382453e-15	4.660000e-02
1	113	NOE	7.688000e-01	7.688000e-01	5.644933e-09	0.000000e+00	4.800000e-02
1	114	NOE	7.068000e-01	7.068000e-01	3.801255e-09	2.517513e-15	4.410000e-02
1	115	NOE	6.970000e-01	6.970000e-01	3.644776e-09	-2.546383e-15	4.360000e-02
1	116	NOE	6.997000e-01	6.997000e-01	3.686013e-09	0.000000e+00	4.380000e-02
1	117	NOE	4.848000e-01	4.848000e-01	2.165672e-09	3.664102e-15	3.030000e-02
1	118	NOE	6.765000e-01	6.765000e-01	3.369932e-09	2.624641e-15	4.230000e-02
1	119	NOE	6.985000e-01	6.985000e-01	3.667519e-09	2.546383e-15	4.360000e-02
1	120	NOE	7.395000e-01	7.395000e-01	4.511375e-09	0.000000e+00	4.630000e-02
1	121	NOE	8.188000e-01	8.188000e-01	2.510740e-08	0.000000e+00	5.110000e-02
1	122	NOE	8.530000e-01	8.214914e-01	2.203940e-05	5.900494e-01	5.340000e-02
1	123	NOE	8.203000e-01	8.203000e-01	3.774270e-08	0.000000e+00	5.130000e-02
1	124	NOE	6.506000e-01	6.506000e-01	3.095478e-09	-2.734539e-15	4.060000e-02
1	125	NOE	7.851000e-01	7.851000e-01	6.804068e-09	0.000000e+00	4.910000e-02
1	127	NOE	6.520000e-01	6.520000e-01	3.108703e-09	-2.721135e-15	4.080000e-02
1	128	NOE	7.391000e-01	7.391000e-01	4.500221e-09	2.397890e-15	4.630000e-02
1	129	NOE	8.613000e-01	8.214914e-01	3.024846e-05	7.385647e-01	5.390000e-02
1	130	NOE	7.750000e-01	7.750000e-01	6.013453e-09	-2.289120e-15	4.850000e-02
1	131	NOE	7.384000e-01	7.384000e-01	4.480895e-09	0.000000e+00	4.610000e-02
1	132	NOE	6.496000e-01	6.496000e-01	3.086129e-09	2.734539e-15	4.060000e-02
1	133	NOE	7.255000e-01	7.255000e-01	4.163281e-09	-2.445425e-15	4.540000e-02
1	134	NOE	6.456000e-01	6.456000e-01	3.049525e-09	0.000000e+00	4.040000e-02
1	135	NOE	6.068000e-01	6.068000e-01	2.748703e-09	-1.613095e-07	3.790000e-02
1	136	NOE	3.027000e-01	3.027000e-01	1.708837e-09	2.937098e-15	1.890000e-02
1	138	NOE	-3.910000e-02	-3.910000e-02	1.272769e-09	2.303713e-13	2.500000e-03
1	139	NOE	-5.324000e-01	-5.324000e-01	9.487909e-10	6.668006e-15	3.330000e-02
1	140	NOE	-9.762000e-01	-9.762000e-01	7.678109e-10	-1.456030e-14	6.100000e-02


2	2	R1	1.374382e+00	1.374382e+00	1.325646e-08	5.951939e-15	7.461252e-02
2	3	R1	1.548947e+00	1.548947e+00	1.157546e-08	2.674799e-15	8.301356e-02
2	4	R1	1.739433e+00	1.739433e+00	1.009535e-08	-2.557072e-15	8.683549e-02
2	5	R1	1.689475e+00	1.689475e+00	1.045467e-08	5.101138e-15	8.705689e-02
2	6	R1	1.648805e+00	1.648805e+00	1.076137e-08	2.626283e-15	8.454711e-02
2	7	R1	1.679543e+00	1.679543e+00	1.052834e-08	0.000000e+00	8.631848e-02
2	8	R1	1.660854e+00	1.660854e+00	1.066911e-08	5.143552e-15	8.633901e-02
2	9	R1	1.768972e+00	1.768972e+00	9.891287e-09	0.000000e+00	8.574180e-02
2	10	R1	1.768347e+00	1.768347e+00	9.895547e-09	2.482787e-15	8.943362e-02
2	11	R1	1.685772e+00	1.685772e+00	1.048204e-08	0.000000e+00	8.667574e-02
2	12	R1	1.791794e+00	1.791794e+00	9.737646e-09	0.000000e+00	8.861047e-02
2	13	R1	1.769912e+00	1.769912e+00	9.884896e-09	-2.522498e-15	8.802569e-02
2	14	R1	1.718508e+00	1.718508e+00	1.024361e-08	0.000000e+00	8.741682e-02
2	15	R1	1.780310e+00	1.780310e+00	9.814532e-09	0.000000e+00	8.811218e-02
2	16	R1	1.755310e+00	1.755310e+00	9.984925e-09	0.000000e+00	8.719548e-02
2	17	R1	1.766472e+00	1.766472e+00	9.908326e-09	2.523350e-15	8.799597e-02
2	20	R1	1.477323e+00	1.477323e+00	1.222074e-08	2.810481e-15	7.900590e-02
2	24	R1	1.649077e+00	1.649077e+00	1.075928e-08	-2.642410e-15	8.403111e-02
2	25	R1	1.504438e+00	1.504438e+00	1.196982e-08	-5.420171e-15	8.193269e-02
2	26	R1	1.662234e+00	1.662234e+00	1.065862e-08	0.000000e+00	8.537738e-02
2	27	R1	1.805706e+00	1.805706e+00	9.645631e-09	-2.522217e-15	8.803551e-02
2	28	R1	1.697505e+00	1.697505e+00	1.039565e-08	-2.551593e-15	8.702197e-02
2	29	R1	1.652619e+00	1.652619e+00	1.073203e-08	2.622605e-15	8.466568e-02
2	31	R1	1.714678e+00	1.714678e+00	1.027109e-08	-2.534306e-15	8.761556e-02
2	32	R1	1.770538e+00	1.770538e+00	9.880635e-09	2.529715e-15	8.777456e-02
2	33	R1	1.720578e+00	1.720578e+00	1.022880e-08	2.559905e-15	8.673940e-02
2	35	R1	1.673360e+00	1.673360e+00	1.057461e-08	0.000000e+00	8.652414e-02
2	36	R1	1.639882e+00	1.639882e+00	1.083048e-08	0.000000e+00	8.417236e-02
2	37	R1	1.837222e+00	1.837222e+00	9.441622e-09	2.491799e-15	8.911017e-02
2	38	R1	1.510802e+00	1.510802e+00	1.191213e-08	2.755816e-15	8.057308e-02
2	39	R1	1.632120e+00	1.632120e+00	1.089114e-08	0.000000e+00	8.311106e-02
2	40	R1	1.576790e+00	1.576790e+00	1.133910e-08	5.363873e-15	8.279265e-02
2	41	R1	1.660027e+00	1.660027e+00	1.067541e-08	-2.566141e-15	8.652861e-02
2	42	R1	1.671961e+00	1.671961e+00	1.058511e-08	0.000000e+00	8.582045e-02
2	43	R1	1.620483e+00	1.620483e+00	1.098306e-08	-2.642417e-15	8.403087e-02
2	44	R1	1.681803e+00	1.681803e+00	1.051151e-08	-2.608096e-15	8.513668e-02
2	45	R1	1.717918e+00	1.717918e+00	1.024784e-08	-2.533255e-15	8.765188e-02
2	46	R1	1.688049e+00	1.688049e+00	1.046520e-08	0.000000e+00	8.662505e-02
2	47	R1	1.722060e+00	1.722060e+00	1.021822e-08	5.163877e-15	8.599919e-02
2	48	R1	1.617599e+00	1.617599e+00	1.100602e-08	-2.627216e-15	8.451709e-02
2	49	R1	1.740341e+00	1.740341e+00	1.008899e-08	0.000000e+00	8.783483e-02
2	50	R1	1.630789e+00	1.630789e+00	1.090159e-08	2.633815e-15	8.430532e-02
2	51	R1	1.619958e+00	1.619958e+00	1.098724e-08	-2.627707e-15	8.450129e-02
2	52	R1	1.797914e+00	1.797914e+00	9.697012e-09	7.548502e-15	8.824715e-02
2	53	R1	1.667779e+00	1.667779e+00	1.061663e-08	-7.750438e-15	8.594789e-02
2	54	R1	1.709986e+00	1.709986e+00	1.030490e-08	2.556810e-15	8.684438e-02
2	55	R1	1.682652e+00	1.682652e+00	1.050520e-08	0.000000e+00	8.607205e-02
2	56	R1	1.601794e+00	1.601794e+00	1.113321e-08	2.662831e-15	8.338668e-02
2	57	R1	1.775253e+00	1.775253e+00	9.848662e-09	0.000000e+00	8.887295e-02
2	58	R1	1.772735e+00	1.772735e+00	9.865717e-09	2.496698e-15	8.893531e-02
2	59	R1	1.502630e+00	1.502630e+00	1.198630e-08	-5.463411e-15	8.128425e-02
2	60	R1	1.573317e+00	1.573317e+00	1.136817e-08	0.000000e+00	8.267585e-02
2	61	R1	1.726519e+00	1.726519e+00	1.018647e-08	2.559790e-15	8.674329e-02
2	62	R1	1.688619e+00	1.688619e+00	1.046099e-08	0.000000e+00	8.611328e-02
2	63	R1	1.681520e+00	1.681520e+00	1.051362e-08	2.600334e-15	8.539080e-02
2	64	R1	1.685204e+00	1.685204e+00	1.048626e-08	-2.538543e-15	8.746930e-02
2	65	R1	1.671123e+00	1.671123e+00	1.059142e-08	0.000000e+00	8.657221e-02
2	66	R1	1.467351e+00	1.467351e+00	1.231517e-08	-5.544457e-15	8.009607e-02
2	67	R1	1.552795e+00	1.552795e+00	1.154233e-08	0.000000e+00	8.197986e-02
2	69	R1	1.614726e+00	1.614726e+00	1.102898e-08	-2.628436e-15	8.447785e-02
2	70	R1	1.662787e+00	1.662787e+00	1.065442e-08	-2.565800e-15	8.654012e-02
2	71	R1	1.684920e+00	1.684920e+00	1.048836e-08	-2.564377e-15	8.658814e-02
2	72	R1	1.715266e+00	1.715266e+00	1.026687e-08	0.000000e+00	8.679304e-02
2	73	R1	1.759634e+00	1.759634e+00	9.955151e-09	0.000000e+00	8.793526e-02
2	74	R1	1.656726e+00	1.656726e+00	1.070058e-08	1.047225e-14	8.481253e-02
2	75	R1	1.718804e+00	1.718804e+00	1.024149e-08	-2.573978e-15	8.626516e-02
2	76	R1	1.708234e+00	1.708234e+00	1.031757e-08	0.000000e+00	8.637464e-02
2	77	R1	1.578781e+00	1.578781e+00	1.132249e-08	2.691339e-15	8.250341e-02
2	78	R1	1.691761e+00	1.691761e+00	1.043781e-08	0.000000e+00	7.784791e-02
2	79	R1	1.541307e+00	1.541307e+00	1.164167e-08	-5.236290e-15	8.480990e-02
2	80	R1	1.656178e+00	1.656178e+00	1.070478e-08	0.000000e+00	8.557923e-02
2	81	R1	1.615248e+00	1.615248e+00	1.102480e-08	2.659573e-15	8.348883e-02
2	83	R1	1.756543e+00	1.756543e+00	9.976420e-09	2.490146e-15	8.916932e-02
2	84	R1	1.530925e+00	1.530925e+00	1.173261e-08	-5.382945e-15	8.249931e-02
2	85	R1	1.547988e+00	1.547988e+00	1.158374e-08	-5.325446e-15	8.339004e-02
2	86	R1	1.763980e+00	1.763980e+00	9.925359e-09	-2.503850e-15	8.868128e-02
2	87	R1	1.720282e+00	1.720282e+00	1.023092e-08	-5.069664e-15	8.759737e-02
2	88	R1	1.704158e+00	1.704158e+00	1.034713e-08	0.000000e+00	8.712465e-02
2	89	R1	1.700102e+00	1.700102e+00	1.037667e-08	-2.543802e-15	8.728847e-02
2	90	R1	1.717918e+00	1.717918e+00	1.024784e-08	-2.541814e-15	8.735676e-02
2	91	R1	1.743071e+00	1.743071e+00	1.006989e-08	5.057572e-15	8.780680e-02
2	92	R1	1.695778e+00	1.695778e+00	1.040831e-08	5.130574e-15	8.655741e-02
2	93	R1	1.657275e+00	1.657275e+00	1.069639e-08	-5.132988e-15	8.651670e-02
2	94	R1	1.682652e+00	1.682652e+00	1.050520e-08	2.579753e-15	8.607205e-02
2	95	R1	1.743375e+00	1.743375e+00	1.006777e-08	2.420796e-07	8.874922e-02
2	96	R1	1.678979e+00	1.678979e+00	1.053255e-08	0.000000e+00	8.823380e-02
2	97	R1	1.524158e+00	1.524158e+00	1.179250e-08	2.738766e-15	8.107470e-02
2	100	R1	1.614466e+00	1.614466e+00	1.103106e-08	0.000000e+00	8.601447e-02
2	101	R1	1.544402e+00	1.544402e+00	1.161478e-08	0.000000e+00	8.205006e-02
2	103	R1	1.650165e+00	1.650165e+00	1.075090e-08	0.000000e+00	8.386977e-02
2	104	R1	1.687479e+00	1.687479e+00	1.046941e-08	5.286540e-15	8.400376e-02
2	105	R1	1.772735e+00	1.772735e+00	9.865717e-09	2.514468e-15	8.830679e-02
2	106	R1	1.713796e+00	1.713796e+00	1.027743e-08	5.108110e-15	8.693807e-02
2	107	R1	1.387155e+00	1.387155e+00	1.312018e-08	-2.974120e-15	7.465892e-02
2	108	R1	1.641767e+00	1.641767e+00	1.081582e-08	-5.230424e-15	8.490502e-02
2	109	R1	1.595405e+00	1.595405e+00	1.118526e-08	0.000000e+00	8.221377e-02
2	110	R1	1.740341e+00	1.740341e+00	1.008899e-08	0.000000e+00	8.753195e-02
2	111	R1	1.818843e+00	1.818843e+00	9.559856e-09	-2.611660e-15	8.502050e-02
2	112	R1	1.694628e+00	1.694628e+00	1.041674e-08	0.000000e+00	8.586575e-02
2	113	R1	1.585791e+00	1.585791e+00	1.126430e-08	5.383991e-15	8.248328e-02
2	114	R1	1.680955e+00	1.680955e+00	1.051782e-08	-5.102787e-15	8.702876e-02
2	115	R1	1.591343e+00	1.591343e+00	1.121855e-08	0.000000e+00	8.382154e-02
2	116	R1	1.703578e+00	1.703578e+00	1.035135e-08	-2.541850e-15	8.735551e-02
2	117	R1	1.713502e+00	1.713502e+00	1.027955e-08	0.000000e+00	8.778911e-02
2	118	R1	1.622323e+00	1.622323e+00	1.096845e-08	-5.207754e-15	8.527461e-02
2	119	R1	1.673920e+00	1.673920e+00	1.057040e-08	0.000000e+00	8.686229e-02
2	120	R1	1.654533e+00	1.654533e+00	1.071736e-08	5.267062e-15	8.431441e-02
2	121	R1	1.535627e+00	1.535627e+00	1.169129e-08	5.396020e-15	8.229940e-02
2	122	R1	1.757469e+00	1.757469e+00	9.970040e-09	-2.504857e-15	8.864564e-02
2	123	R1	1.711157e+00	1.711157e+00	1.029645e-08	0.000000e+00	8.637769e-02
2	124	R1	1.316482e+00	1.316482e+00	1.390524e-08	-5.917690e-15	7.504435e-02
2	125	R1	1.572574e+00	1.572574e+00	1.137440e-08	7.945833e-15	8.383436e-02
2	127	R1	1.691761e+00	1.691761e+00	1.043781e-08	0.000000e+00	8.643408e-02
2	128	R1	1.714678e+00	1.714678e+00	1.027109e-08	0.000000e+00	8.702753e-02
2	129	R1	1.731602e+00	1.731602e+00	1.015047e-08	5.107122e-15	8.695489e-02
2	130	R1	1.742160e+00	1.742160e+00	1.007626e-08	5.028067e-15	8.832206e-02
2	131	R1	1.651800e+00	1.651800e+00	1.073832e-08	-5.200088e-15	8.540032e-02
2	132	R1	1.618909e+00	1.618909e+00	1.099559e-08	5.229744e-15	8.491605e-02
2	133	R1	1.659751e+00	1.659751e+00	1.067751e-08	2.616999e-15	8.484702e-02
2	134	R1	1.635590e+00	1.635590e+00	1.086395e-08	-5.220282e-15	8.506996e-02
2	135	R1	1.636661e+00	1.636661e+00	1.085558e-08	-7.795666e-15	8.544925e-02
2	136	R1	1.604621e+00	1.604621e+00	1.111029e-08	2.637226e-15	8.419627e-02
2	138	R1	1.597444e+00	1.597444e+00	1.116861e-08	-2.652864e-15	8.369995e-02
2	139	R1	1.367428e+00	1.367428e+00	3.989202e-10	0.000000e+00	7.610326e-02
2	140	R1	8.975855e-01	8.975855e-01	1.924097e-10	0.000000e+00	6.235806e-02


