1.483039e+00	1.000000e+00	1.233056e-15
1.629120e+00	0.000000e+00	3.477219e-15
1.789589e+00	0.000000e+00	1.068170e-14
1.965864e+00	0.000000e+00	3.592375e-14
2.159503e+00	0.000000e+00	1.329036e-13
2.372215e+00	0.000000e+00	5.432764e-13
2.605880e+00	0.000000e+00	2.463145e-12
2.862561e+00	1.000000e+00	1.242292e-11
3.144525e+00	0.000000e+00	6.981942e-11
3.454262e+00	0.000000e+00	4.373106e-10
3.794509e+00	0.000000e+00	3.046232e-09
4.168270e+00	0.000000e+00	2.348332e-08
4.578847e+00	0.000000e+00	1.986337e-07
5.029866e+00	2.000000e+00	1.819206e-06
5.525311e+00	0.000000e+00	1.769730e-05
6.069558e+00	0.000000e+00	1.780492e-04
6.667412e+00	0.000000e+00	1.786993e-03
7.324157e+00	3.000000e+00	1.705772e-02
8.045590e+00	4.000000e+00	1.455101e-01
8.838086e+00	3.000000e+00	1.023735e+00
9.708642e+00	4.000000e+00	5.361813e+00
1.066495e+01	1.500000e+01	1.836095e+01
1.171545e+01	4.000000e+01	3.491195e+01
1.286943e+01	2.500000e+01	3.003883e+01
1.413708e+01	1.300000e+01	9.062267e+00
1.552959e+01	7.000000e+00	6.983121e-01
1.705926e+01	2.000000e+00	9.285614e-03
1.873961e+01	2.000000e+00	1.313102e-05
2.058547e+01	2.000000e+00	1.088096e-09


1.084922e-02	0.000000e+00	1.998078e-09
1.269189e-02	0.000000e+00	2.255179e-09
1.484753e-02	0.000000e+00	2.597221e-09
1.736929e-02	0.000000e+00	3.062114e-09
2.031935e-02	0.000000e+00	3.709905e-09
2.377046e-02	0.000000e+00	4.639012e-09
2.780773e-02	0.000000e+00	6.017001e-09
3.253070e-02	0.000000e+00	8.141549e-09
3.805583e-02	0.000000e+00	1.156718e-08
4.451937e-02	0.000000e+00	1.738325e-08
5.208071e-02	0.000000e+00	2.786111e-08
6.092629e-02	0.000000e+00	4.806312e-08
7.127424e-02	0.000000e+00	9.014619e-08
8.337972e-02	0.000000e+00	1.858389e-07
9.754124e-02	0.000000e+00	4.259765e-07
1.141080e-01	0.000000e+00	1.098566e-06
1.334885e-01	0.000000e+00	3.224548e-06
1.561607e-01	0.000000e+00	1.088476e-05
1.826836e-01	0.000000e+00	4.258811e-05
2.137113e-01	0.000000e+00	1.937878e-04
2.500088e-01	0.000000e+00	1.021291e-03
2.924712e-01	2.000000e+00	6.136338e-03
3.421456e-01	2.000000e+00	4.065160e-02
4.002569e-01	2.000000e+00	2.797317e-01
4.682381e-01	3.000000e+00	1.812936e+00
5.477653e-01	1.400000e+01	9.496374e+00
6.407998e-01	2.800000e+01	3.189209e+01
7.496357e-01	5.100000e+01	4.873135e+01
8.769566e-01	1.900000e+01	2.055310e+01


9.088087e-01	1.000000e+00	1.682862e-21
9.315359e-01	0.000000e+00	3.183340e-20
9.548314e-01	0.000000e+00	5.920724e-19
9.787095e-01	0.000000e+00	1.077336e-17
1.003185e+00	0.000000e+00	1.907590e-16
1.028272e+00	0.000000e+00	3.268019e-15
1.053987e+00	0.000000e+00	5.383749e-14
1.080344e+00	0.000000e+00	8.473003e-13
1.107361e+00	0.000000e+00	1.265027e-11
1.135054e+00	0.000000e+00	1.778381e-10
1.163439e+00	0.000000e+00	2.335328e-09
1.192533e+00	0.000000e+00	2.840381e-08
1.222356e+00	0.000000e+00	3.170849e-07
1.252924e+00	0.000000e+00	3.217766e-06
1.284257e+00	0.000000e+00	2.938008e-05
1.316373e+00	1.000000e+00	2.387405e-04
1.349292e+00	0.000000e+00	1.706583e-03
1.383035e+00	3.000000e+00	1.059969e-02
1.417621e+00	0.000000e+00	5.645789e-02
1.453073e+00	1.000000e+00	2.543132e-01
1.489411e+00	3.000000e+00	9.545521e-01
1.526657e+00	6.000000e+00	2.938982e+00
1.564835e+00	7.000000e+00	7.300033e+00
1.603968e+00	1.400000e+01	1.437174e+01
1.644080e+00	2.000000e+01	2.200968e+01
1.685194e+00	2.700000e+01	2.570477e+01
1.727337e+00	2.300000e+01	2.241666e+01
1.770533e+00	1.500000e+01	1.427593e+01
1.814810e+00	4.000000e+00	6.484281e+00


9.448860e-03	1.000000e+00	1.317723e-01
1.053983e-02	0.000000e+00	1.686246e-01
1.175677e-02	1.000000e+00	2.203335e-01
1.311421e-02	0.000000e+00	2.941319e-01
1.462839e-02	0.000000e+00	4.012141e-01
1.631739e-02	0.000000e+00	5.590049e-01
1.820141e-02	0.000000e+00	7.946381e-01
2.030296e-02	1.000000e+00	1.150032e+00
2.264715e-02	0.000000e+00	1.688615e+00
2.526201e-02	5.000000e+00	2.502433e+00
2.817878e-02	4.000000e+00	3.714875e+00
3.143232e-02	5.000000e+00	5.466730e+00
3.506152e-02	8.000000e+00	7.861542e+00
3.910975e-02	6.000000e+00	1.083813e+01
4.362538e-02	1.800000e+01	1.396442e+01
4.866240e-02	1.900000e+01	1.626347e+01
5.428100e-02	1.300000e+01	1.639221e+01
6.054832e-02	1.400000e+01	1.351611e+01
6.753927e-02	8.000000e+00	8.479847e+00
7.533740e-02	3.000000e+00	3.689094e+00
8.403591e-02	6.000000e+00	9.884634e-01
9.373876e-02	3.000000e+00	1.402775e-01
1.045619e-01	1.000000e+00	8.706559e-03
1.166347e-01	4.000000e+00	1.854610e-04
1.301014e-01	1.000000e+00	9.981126e-07
1.451230e-01	0.000000e+00	9.222484e-10
1.618790e-01	1.000000e+00	8.994469e-14
1.805697e-01	1.000000e+00	5.021814e-19
2.014184e-01	2.000000e+00	7.443288e-26


7.431330e-02	1.000000e+00	2.821945e-02
8.012533e-02	0.000000e+00	4.399130e-02
8.639191e-02	1.000000e+00	6.973528e-02
9.314861e-02	0.000000e+00	1.122289e-01
1.004337e-01	0.000000e+00	1.829616e-01
1.082886e-01	0.000000e+00	3.012597e-01
1.167579e-01	0.000000e+00	4.991036e-01
1.258895e-01	1.000000e+00	8.279391e-01
1.357353e-01	0.000000e+00	1.366820e+00
1.463511e-01	5.000000e+00	2.228595e+00
1.577972e-01	4.000000e+00	3.555427e+00
1.701385e-01	5.000000e+00	5.486774e+00
1.834450e-01	8.000000e+00	8.077053e+00
1.977922e-01	6.000000e+00	1.115248e+01
2.132615e-01	1.800000e+01	1.415274e+01
2.299406e-01	1.900000e+01	1.610855e+01
2.479243e-01	1.300000e+01	1.597083e+01
2.673144e-01	1.400000e+01	1.332010e+01
2.882210e-01	8.000000e+00	8.965323e+00
3.107627e-01	3.000000e+00	4.635391e+00
3.350674e-01	6.000000e+00	1.736520e+00
3.612729e-01	3.000000e+00	4.398465e-01
3.895280e-01	1.000000e+00	6.941456e-02
4.199929e-01	4.000000e+00	6.197872e-03
4.528405e-01	1.000000e+00	2.794603e-04
4.882571e-01	0.000000e+00	5.566567e-06
5.264436e-01	1.000000e+00	4.185380e-08
5.676166e-01	1.000000e+00	9.874553e-11
6.120098e-01	2.000000e+00	5.885051e-14


