0	6	R2	1.579947e+01	1.579947e+01	9.806802e-09	-6.714731e-15	2.645463e-01
0	7	R2	1.856991e+01	1.856991e+01	1.163313e-08	0.000000e+00	5.793996e-01
0	8	R2	1.842878e+01	1.842878e+01	1.154044e-08	0.000000e+00	3.094929e-01
0	9	R2	1.817642e+01	1.817642e+01	1.137461e-08	1.117793e-14	3.178328e-01
0	10	R2	1.775199e+01	1.775199e+01	1.109547e-08	1.116613e-14	3.181689e-01
0	11	R2	1.667925e+01	1.667925e+01	1.038846e-08	6.773149e-15	5.245291e-01
0	12	R2	1.803199e+01	1.803199e+01	1.127966e-08	0.000000e+00	7.455325e-01
0	13	R2	1.848992e+01	1.848992e+01	1.158060e-08	0.000000e+00	3.235735e-01
0	14	R2	1.692232e+01	1.692232e+01	1.054886e-08	-8.896619e-15	3.993330e-01
0	15	R2	1.757822e+01	1.757822e+01	1.098110e-08	0.000000e+00	4.235648e-01
0	16	R2	1.751751e+01	1.751751e+01	1.094112e-08	0.000000e+00	3.762235e-01
0	17	R2	1.728875e+01	1.728875e+01	1.079044e-08	0.000000e+00	3.050082e-01
0	19	R2	1.688430e+01	1.688430e+01	1.052378e-08	0.000000e+00	4.628831e-01
0	20	R2	1.844972e+01	1.844972e+01	1.155420e-08	1.594253e-14	4.456900e-01
0	21	R2	1.830606e+01	1.830606e+01	1.145981e-08	-4.948699e-15	7.179087e-01
0	22	R2	1.624649e+01	1.624649e+01	1.010257e-08	0.000000e+00	2.982369e-01
0	23	R2	1.978645e+01	1.978645e+01	1.243092e-08	-9.326450e-15	3.809288e-01
0	24	R2	1.750332e+01	1.750332e+01	1.093178e-08	0.000000e+00	6.703423e-01
0	25	R2	1.992550e+01	1.992550e+01	1.252198e-08	0.000000e+00	6.008535e-01
0	26	R2	1.887517e+01	1.887517e+01	1.183352e-08	-4.745521e-15	7.486457e-01
0	27	R2	1.744225e+01	1.744225e+01	1.089156e-08	-1.345250e-14	2.640931e-01
0	28	R2	1.873743e+01	1.873743e+01	1.174312e-08	0.000000e+00	3.882207e-01
0	29	R2	1.809822e+01	1.809822e+01	1.132321e-08	-1.156996e-14	6.141271e-01
0	30	R2	1.806538e+01	1.806538e+01	1.130161e-08	-6.347923e-15	5.596656e-01
0	31	R2	1.672399e+01	1.672399e+01	1.041799e-08	-8.598057e-15	4.131996e-01
0	32	R2	1.843836e+01	1.843836e+01	1.154673e-08	0.000000e+00	5.363902e-01
0	33	R2	1.619281e+01	1.619281e+01	1.006708e-08	-8.831135e-15	4.022941e-01
0	34	R2	1.622306e+01	1.622306e+01	1.008708e-08	0.000000e+00	3.850544e-01
0	35	R2	1.809662e+01	1.809662e+01	1.132215e-08	1.017514e-14	3.491562e-01
0	36	R2	1.672632e+01	1.672632e+01	1.041953e-08	9.439276e-15	3.763757e-01
0	37	R2	1.709932e+01	1.709932e+01	1.066558e-08	-9.031878e-15	3.933527e-01
0	38	R2	1.794082e+01	1.794082e+01	1.121970e-08	5.494866e-15	6.465514e-01
0	39	R2	1.460609e+01	1.460609e+01	9.014674e-09	-4.963273e-15	7.158006e-01
0	41	R2	1.661911e+01	1.661911e+01	1.034875e-08	-8.703042e-15	4.082152e-01
0	42	R2	1.513754e+01	1.513754e+01	9.367926e-09	1.117704e-14	3.178581e-01
0	43	R2	1.583083e+01	1.583083e+01	9.827567e-09	0.000000e+00	4.593631e-01
0	44	R2	1.566509e+01	1.566509e+01	9.717797e-09	4.262203e-15	4.167696e-01
0	46	R2	1.802597e+01	1.802597e+01	1.127570e-08	8.413242e-15	4.222764e-01
0	47	R2	1.459533e+01	1.459533e+01	9.007511e-09	-4.917662e-15	3.612198e-01
0	48	R2	1.868844e+01	1.868844e+01	1.171096e-08	4.306021e-15	8.250573e-01
0	50	R2	1.873178e+01	1.873178e+01	1.173941e-08	1.182803e-14	3.003640e-01
0	52	R2	2.162859e+01	2.162859e+01	1.363536e-08	9.671176e-15	7.347015e-01
0	53	R2	1.988864e+01	1.988864e+01	1.249784e-08	-4.687721e-15	7.578765e-01
0	54	R2	2.113252e+01	2.113252e+01	1.331139e-08	3.959303e-15	8.973078e-01
0	55	R2	2.128694e+01	2.128694e+01	1.341227e-08	0.000000e+00	8.977342e-01
0	56	R2	1.964694e+01	1.964694e+01	1.233954e-08	4.466429e-15	7.954260e-01
0	57	R2	1.949640e+01	1.949640e+01	1.224090e-08	-3.963030e-15	8.964641e-01
0	58	R2	1.910014e+01	1.910014e+01	1.198111e-08	3.925970e-15	9.049264e-01
0	59	R2	1.964020e+01	1.964020e+01	1.233512e-08	5.063966e-15	7.015675e-01
0	64	R2	1.934751e+01	1.934751e+01	1.214332e-08	1.237917e-14	5.739827e-01
0	65	R2	2.049893e+01	2.049893e+01	1.289722e-08	-5.835820e-15	6.087771e-01
0	66	R2	1.973768e+01	1.973768e+01	1.239898e-08	1.305410e-14	5.443060e-01
0	67	R2	2.434791e+01	2.434791e+01	1.540724e-08	-7.824256e-15	4.540641e-01
0	74	R2	1.802265e+01	1.802265e+01	1.127351e-08	0.000000e+00	3.485219e-01
0	75	R2	1.893516e+01	1.893516e+01	1.187289e-08	-6.328000e-15	5.614275e-01
0	78	R2	1.385554e+01	1.385554e+01	8.514286e-09	-6.523125e-15	2.723168e-01
0	79	R2	1.478837e+01	1.478837e+01	9.135927e-09	9.368522e-15	3.792181e-01
0	80	R2	1.556780e+01	1.556780e+01	9.653331e-09	-4.699141e-15	3.780173e-01
0	81	R2	1.623271e+01	1.623271e+01	1.009346e-08	0.000000e+00	5.490391e-01
0	82	R2	1.756419e+01	1.756419e+01	1.097185e-08	0.000000e+00	6.903603e-01
0	83	R2	1.875762e+01	1.875762e+01	1.175637e-08	0.000000e+00	3.265138e-01
0	84	R2	2.737760e+00	2.737760e+00	1.034402e-09	4.290789e-15	1.034983e-01
0	88	R2	1.305920e+01	1.305920e+01	7.981163e-09	2.332363e-14	7.616124e-02
0	89	R2	1.841515e+01	1.841515e+01	1.153149e-08	0.000000e+00	5.837234e-01
0	90	R2	1.452852e+01	1.452852e+01	8.963041e-09	-8.945486e-15	3.971515e-01
0	91	R2	1.548776e+01	1.548776e+01	9.600275e-09	3.589692e-15	4.948494e-01
0	92	R2	1.840737e+01	1.840737e+01	1.152638e-08	-1.002884e-14	7.084997e-01
0	93	R2	1.824147e+01	1.824147e+01	1.141737e-08	0.000000e+00	6.344017e-01
0	94	R2	1.542616e+01	1.542616e+01	9.559427e-09	0.000000e+00	3.570847e-01
0	95	R2	1.636889e+01	1.636889e+01	1.018347e-08	0.000000e+00	6.852346e-01
0	97	R2	1.563507e+01	1.563507e+01	9.697908e-09	5.431381e-15	3.270544e-01
0	99	R2	1.718004e+01	1.718004e+01	1.071880e-08	-4.644635e-15	7.649070e-01
0	100	R2	1.936667e+01	1.936667e+01	1.215587e-08	-6.971639e-15	5.095952e-01
0	101	R2	1.856484e+01	1.856484e+01	1.162981e-08	-6.185926e-15	5.743220e-01
0	102	R2	1.459556e+01	1.459556e+01	9.007666e-09	3.704879e-15	4.794642e-01
0	105	R2	8.459847e+00	8.459847e+00	4.833889e-09	3.164086e-15	5.614124e-01
0	106	R2	8.871011e+00	8.871011e+00	5.121647e-09	0.000000e+00	1.930687e-01
0	109	R2	7.545838e+00	7.545838e+00	4.188707e-09	-1.144128e-15	7.762932e-01
0	110	R2	7.282930e+00	7.282930e+00	4.001818e-09	0.000000e+00	9.457686e-01
0	112	R2	6.509825e+00	6.509825e+00	3.450046e-09	-1.617065e-15	5.492534e-01
0	113	R2	5.769429e+00	5.769429e+00	2.922464e-09	0.000000e+00	8.694530e-01
0	117	R2	9.273465e+00	9.273465e+00	5.401843e-09	1.806334e-15	9.834046e-01
0	118	R2	3.784193e+00	3.784193e+00	1.604757e-09	0.000000e+00	3.365472e-01
0	119	R2	4.495142e+00	4.495142e+00	2.047982e-09	0.000000e+00	2.853831e-01
0	120	R2	7.792135e+00	7.792135e+00	4.363290e-09	6.835579e-16	1.299346e+00
0	121	R2	5.889698e+00	5.889698e+00	3.007782e-09	-4.846647e-07	1.301859e-01
0	125	R2	5.470507e+00	5.470507e+00	2.711676e-09	0.000000e+00	9.343626e-02
0	126	R2	4.462812e+00	4.462812e+00	2.026933e-09	0.000000e+00	4.428448e-02
0	128	R2	4.645700e+00	4.645700e+00	2.146982e-09	0.000000e+00	6.906297e-02
0	132	R2	4.560463e+00	4.560463e+00	2.090741e-09	0.000000e+00	1.782685e-01
0	134	R2	4.672336e+00	4.672336e+00	2.164657e-09	-5.244235e-15	1.693628e-01
0	136	R2	4.363716e+00	4.363716e+00	1.962902e-09	-1.584317e-14	5.606066e-02
0	137	R2	4.446187e+00	4.446187e+00	2.016139e-09	0.000000e+00	9.078225e-02
0	138	R2	4.505277e+00	4.505277e+00	2.054597e-09	1.197338e-14	7.417939e-02
0	143	R2	5.631940e+00	5.631940e+00	2.825256e-09	0.000000e+00	1.001945e+00
0	144	R2	5.911551e+00	5.911551e+00	3.023308e-09	0.000000e+00	6.104563e-01
0	145	R2	6.921657e+00	6.921657e+00	3.744264e-09	0.000000e+00	1.083364e+00
0	146	R2	7.887637e+00	7.887637e+00	4.430845e-09	0.000000e+00	1.448959e-01
0	148	R2	2.641841e+00	2.641841e+00	9.866076e-10	2.406804e-15	1.845141e-01
0	150	R2	1.293864e+01	1.293864e+01	7.900231e-09	0.000000e+00	5.615497e-01
0	151	R2	1.662616e+01	1.662616e+01	1.035341e-08	0.000000e+00	7.801494e-01
0	152	R2	1.711674e+01	1.711674e+01	1.067707e-08	0.000000e+00	6.600385e-01
0	153	R2	1.592018e+01	1.592018e+01	9.886718e-09	3.940073e-15	4.508436e-01
0	156	R2	1.411759e+01	1.411759e+01	8.689206e-09	-3.087067e-15	5.754189e-01
0	157	R2	1.200324e+01	1.200324e+01	7.270091e-09	-5.448413e-15	3.260320e-01
0	158	R2	1.160323e+01	1.160323e+01	6.999294e-09	7.004397e-15	5.072119e-01
0	159	R2	1.387573e+01	1.387573e+01	8.527769e-09	3.755544e-15	4.729959e-01
0	160	R2	1.278819e+01	1.278819e+01	7.799149e-09	2.120250e-15	8.378052e-01
0	161	R2	1.121409e+01	1.121409e+01	6.734999e-09	0.000000e+00	6.202847e-01
0	163	R2	1.182460e+01	1.182460e+01	7.149265e-09	-6.385374e-15	5.563830e-01
0	164	R2	1.176888e+01	1.176888e+01	7.111542e-09	0.000000e+00	1.771688e-01
0	165	R2	1.126229e+01	1.126229e+01	6.767785e-09	3.041031e-15	5.841299e-01
0	166	R2	1.142529e+01	1.142529e+01	6.878552e-09	0.000000e+00	2.112422e-01
0	168	R2	1.274402e+01	1.274402e+01	7.769461e-09	2.373602e-15	7.483801e-01
0	169	R2	1.301759e+01	1.301759e+01	7.953240e-09	0.000000e+00	4.277320e-01
0	171	R2	1.464023e+01	1.464023e+01	9.037388e-09	-1.245409e-14	2.852648e-01
0	172	R2	1.205901e+01	1.205901e+01	7.307783e-09	4.680519e-15	7.590426e-01
0	173	R2	1.299360e+01	1.299360e+01	7.937136e-09	0.000000e+00	3.972273e-01
0	174	R2	1.301607e+01	1.301607e+01	7.952218e-09	0.000000e+00	4.044223e-01
0	175	R2	1.290353e+01	1.290353e+01	7.876655e-09	3.927657e-15	4.522688e-01
0	176	R2	1.331599e+01	1.331599e+01	8.153345e-09	-9.251701e-15	1.920033e-01
0	177	R2	1.373183e+01	1.373183e+01	8.431621e-09	0.000000e+00	6.815381e-01
0	178	R2	1.304908e+01	1.304908e+01	7.974376e-09	1.879817e-15	9.449625e-01
0	179	R2	1.329992e+01	1.329992e+01	8.142580e-09	2.623790e-15	6.770193e-01
0	180	R2	1.302106e+01	1.302106e+01	7.955572e-09	0.000000e+00	9.134537e-01
0	181	R2	1.309575e+01	1.309575e+01	8.005686e-09	0.000000e+00	1.022817e+00
0	183	R2	1.205524e+01	1.205524e+01	7.305236e-09	-2.587109e-15	6.866185e-01
0	185	R2	1.183844e+01	1.183844e+01	7.158627e-09	-1.858020e-15	9.560484e-01
0	186	R2	1.084865e+01	1.084865e+01	6.485978e-09	2.484407e-15	7.150022e-01
0	187	R2	1.246746e+01	1.246746e+01	7.583330e-09	0.000000e+00	5.543406e-01
0	188	R2	1.182842e+01	1.182842e+01	7.151846e-09	0.000000e+00	1.823823e-01
0	189	R2	1.281357e+01	1.281357e+01	7.816209e-09	4.151994e-15	8.556644e-01
0	191	R2	1.214939e+01	1.214939e+01	7.368826e-09	-3.787173e-15	9.380912e-01
0	193	R2	1.253162e+01	1.253162e+01	7.626543e-09	0.000000e+00	9.345958e-01
0	195	R2	1.044197e+01	1.044197e+01	6.207825e-09	1.820797e-14	9.755933e-02
0	196	R2	1.287513e+01	1.287513e+01	7.857574e-09	-2.530225e-15	7.020549e-01
0	197	R2	1.164179e+01	1.164179e+01	7.025439e-09	2.614315e-15	6.794732e-01
0	198	R2	1.197988e+01	1.197988e+01	7.254300e-09	0.000000e+00	8.182257e-01
0	200	R2	1.310270e+01	1.310270e+01	8.010354e-09	0.000000e+00	9.687354e-01
0	202	R2	1.206559e+01	1.206559e+01	7.312225e-09	2.445558e-15	7.263606e-01
0	203	R2	1.277810e+01	1.277810e+01	7.792369e-09	3.189971e-15	5.568568e-01
0	204	R2	1.097772e+01	1.097772e+01	6.574024e-09	0.000000e+00	1.419145e+00
0	205	R2	1.046081e+01	1.046081e+01	6.220737e-09	0.000000e+00	8.820453e-01
0	206	R2	1.043372e+01	1.043372e+01	6.202172e-09	5.334028e-15	6.660471e-01


1	6	NOE	8.987342e-01	8.539231e-01	1.795348e-05	7.080156e-01	6.329114e-02
1	7	NOE	9.338083e-01	8.539231e-01	1.301587e-05	2.691332e+00	2.968240e-02
1	8	NOE	9.518482e-01	8.539231e-01	1.137034e-05	2.013342e+00	4.863813e-02
1	9	NOE	8.440808e-01	8.440808e-01	7.928060e-09	-2.307043e-15	4.812320e-02
1	10	NOE	8.568403e-01	8.539231e-01	1.572530e-05	6.887648e-02	4.235493e-02
1	11	NOE	7.941341e-01	7.941341e-01	3.198631e-09	0.000000e+00	2.793296e-02
1	12	NOE	8.229306e-01	8.229306e-01	4.457140e-09	4.144463e-15	2.678811e-02
1	13	NOE	8.854262e-01	8.539231e-01	2.482143e-05	6.873987e-01	4.582951e-02
1	14	NOE	9.861620e-01	8.539231e-01	1.579143e-05	3.249110e+00	4.070004e-02
1	15	NOE	7.519759e-01	7.519759e-01	2.437847e-09	-2.949863e-15	3.763643e-02
1	16	NOE	8.170865e-01	8.170865e-01	4.085635e-09	-1.988134e-08	5.476451e-02
1	17	NOE	8.516043e-01	8.516043e-01	1.634737e-08	0.000000e+00	4.456328e-02
1	19	NOE	8.348821e-01	8.348821e-01	5.694053e-09	-3.106404e-15	3.573981e-02
1	20	NOE	7.128881e-01	7.128881e-01	2.063396e-09	0.000000e+00	4.253509e-02
1	21	NOE	9.042293e-01	8.539231e-01	1.418267e-05	1.439261e+00	3.495281e-02
1	22	NOE	8.478901e-01	8.478901e-01	1.013054e-08	0.000000e+00	4.906771e-02
1	23	NOE	9.182253e-01	8.539231e-01	2.499424e-05	1.478309e+00	4.349717e-02
1	24	NOE	8.179435e-01	8.179435e-01	4.134403e-09	3.811396e-15	2.912904e-02
1	25	NOE	8.639074e-01	8.539231e-01	1.500104e-05	2.846535e-01	3.507541e-02
1	26	NOE	9.114632e-01	8.539231e-01	1.857550e-05	1.852217e+00	3.106555e-02
1	27	NOE	7.362822e-01	7.362822e-01	2.265348e-09	0.000000e+00	5.599104e-02
1	28	NOE	9.402174e-01	8.539231e-01	1.563078e-05	1.905379e+00	4.528986e-02
1	29	NOE	8.765234e-01	8.539231e-01	2.169626e-05	7.046789e-01	3.207184e-02
1	30	NOE	9.711142e-01	8.539231e-01	1.429383e-05	3.407917e+00	3.438790e-02
1	31	NOE	9.058562e-01	8.539231e-01	1.618308e-05	1.401156e+00	3.706449e-02
1	32	NOE	8.243527e-01	8.243527e-01	4.563785e-09	0.000000e+00	3.498950e-02
1	33	NOE	7.856148e-01	7.856148e-01	2.989644e-09	-2.392531e-15	4.640371e-02
1	34	NOE	8.209233e-01	8.209233e-01	4.318480e-09	0.000000e+00	3.723008e-02
1	35	NOE	8.769231e-01	8.539231e-01	3.144142e-05	4.634502e-01	4.962779e-02
1	36	NOE	8.332516e-01	8.332516e-01	5.463883e-09	0.000000e+00	4.904365e-02
1	37	NOE	8.109901e-01	8.109901e-01	3.781858e-09	0.000000e+00	4.737091e-02
1	38	NOE	9.355469e-01	8.539231e-01	1.522177e-05	2.507484e+00	3.255208e-02
1	39	NOE	8.989851e-01	8.539231e-01	1.681436e-05	1.909280e+00	2.360160e-02
1	41	NOE	8.657556e-01	8.539231e-01	1.533827e-05	2.943942e-01	4.019293e-02
1	42	NOE	8.527067e-01	8.527067e-01	2.257328e-08	-2.645661e-15	4.196391e-02
1	43	NOE	9.453303e-01	8.539231e-01	1.316085e-05	2.407667e+00	3.796507e-02
1	44	NOE	8.926081e-01	8.539231e-01	1.649429e-05	1.109487e+00	3.486750e-02
1	46	NOE	7.556017e-01	7.556017e-01	2.483417e-09	0.000000e+00	4.149378e-02
1	47	NOE	8.880652e-01	8.539231e-01	2.371955e-05	9.211557e-01	3.706449e-02
1	48	NOE	6.667458e-01	6.667458e-01	1.781542e-09	4.677370e-15	2.373606e-02
1	50	NOE	7.808535e-01	7.808535e-01	2.889038e-09	0.000000e+00	5.767013e-02
1	52	NOE	7.818182e-01	7.818182e-01	2.908618e-09	-3.480549e-15	3.189793e-02
1	53	NOE	8.096677e-01	8.096677e-01	3.724373e-09	3.674838e-15	3.021148e-02
1	54	NOE	9.434409e-01	8.539231e-01	3.255622e-05	3.023018e+00	2.961208e-02
1	55	NOE	7.538922e-01	7.538922e-01	2.461626e-09	0.000000e+00	2.994012e-02
1	56	NOE	1.060206e+00	8.539231e-01	1.296796e-05	6.407150e+00	3.219575e-02
1	57	NOE	8.124287e-01	8.124287e-01	3.847485e-09	-3.894662e-15	2.850627e-02
1	58	NOE	7.809748e-01	7.809748e-01	2.891478e-09	0.000000e+00	2.935995e-02
1	59	NOE	8.863220e-01	8.539231e-01	2.615094e-05	8.835180e-01	3.667033e-02
1	64	NOE	8.178586e-01	8.178586e-01	4.129492e-09	2.809974e-15	3.951008e-02
1	65	NOE	9.260685e-01	8.539231e-01	1.964689e-05	1.873618e+00	3.850597e-02
1	66	NOE	8.685410e-01	8.539231e-01	1.304348e-05	3.847450e-01	3.799392e-02
1	67	NOE	7.035714e-01	7.035714e-01	1.996295e-09	-4.352074e-15	5.102041e-02
1	74	NOE	7.825843e-01	7.825843e-01	2.924448e-09	0.000000e+00	5.617978e-02
1	75	NOE	8.301173e-01	8.301173e-01	5.089714e-09	0.000000e+00	3.783579e-02
1	78	NOE	9.091387e-01	8.539231e-01	2.479699e-05	1.051305e+00	5.252101e-02
1	79	NOE	7.843761e-01	7.843761e-01	2.962483e-09	0.000000e+00	3.534818e-02
1	80	NOE	8.009848e-01	8.009848e-01	3.401936e-09	0.000000e+00	4.103406e-02
1	81	NOE	9.215190e-01	8.539231e-01	1.466083e-05	2.136031e+00	3.164557e-02
1	82	NOE	8.630552e-01	8.539231e-01	1.480740e-05	2.714066e-01	3.364738e-02
1	83	NOE	9.625792e-01	8.539231e-01	1.927460e-05	1.887356e+00	5.757052e-02
1	84	NOE	3.985765e-01	3.985765e-01	1.105884e-09	0.000000e+00	3.558719e-01
1	88	NOE	9.024808e-01	8.539231e-01	2.769840e-05	5.676394e-01	8.554320e-02
1	89	NOE	8.621784e-01	8.539231e-01	1.850144e-05	2.342027e-01	3.524850e-02
1	90	NOE	8.294495e-01	8.294495e-01	5.019419e-09	0.000000e+00	3.377237e-02
1	91	NOE	9.450080e-01	8.539231e-01	2.043551e-05	3.412042e+00	2.669514e-02
1	92	NOE	9.105392e-01	8.539231e-01	2.025414e-05	1.847951e+00	3.063725e-02
1	93	NOE	8.425153e-01	8.425153e-01	7.362702e-09	0.000000e+00	2.782415e-02
1	94	NOE	6.311948e-01	6.311948e-01	1.626399e-09	-2.889911e-15	3.841721e-02
1	95	NOE	6.652442e-01	6.652442e-01	1.774128e-09	0.000000e+00	2.370792e-02
1	97	NOE	7.705667e-01	7.705667e-01	2.701748e-09	0.000000e+00	4.570384e-02
1	99	NOE	8.496392e-01	8.496392e-01	1.202452e-08	0.000000e+00	2.886003e-02
1	100	NOE	9.120391e-01	8.539231e-01	1.262934e-05	1.308192e+00	4.442470e-02
1	101	NOE	8.774948e-01	8.539231e-01	1.498234e-05	6.849958e-01	3.441156e-02
1	102	NOE	7.303405e-01	7.303405e-01	2.208713e-09	0.000000e+00	3.012956e-02
1	105	NOE	4.993084e-01	4.993084e-01	1.268787e-09	0.000000e+00	2.766252e-02
1	106	NOE	7.172544e-01	7.172544e-01	2.097152e-09	1.763034e-15	6.297229e-02
1	109	NOE	2.394399e-01	2.394399e-01	9.328687e-10	3.627099e-15	2.295684e-02
1	110	NOE	5.672873e-01	5.672873e-01	1.422852e-09	0.000000e+00	2.115954e-02
1	112	NOE	8.234337e-01	8.234337e-01	4.494015e-09	2.728928e-15	4.068348e-02
1	113	NOE	6.455142e-02	6.455142e-02	8.040916e-10	-1.471379e-14	2.735230e-02
1	117	NOE	6.327621e-01	6.327621e-01	1.632452e-09	4.988232e-15	2.225684e-02
1	118	NOE	-4.802579e-01	-4.802579e-01	5.703722e-10	2.066680e-15	8.058018e-02
1	119	NOE	-3.905447e-02	-3.905447e-02	7.452164e-10	2.768133e-15	1.027749e-01
1	120	NOE	5.539686e-01	5.539686e-01	1.388689e-09	4.741763e-15	2.341372e-02
1	121	NOE	3.815789e-01	3.815789e-01	1.083499e-09	8.437695e-16	1.315789e-01
1	125	NOE	4.785894e-01	4.785894e-01	1.230161e-09	0.000000e+00	2.518892e-01
1	126	NOE	-2.663934e-01	-2.663934e-01	6.436222e-10	1.354472e-15	4.098361e-01
1	128	NOE	1.225490e-01	1.225490e-01	8.419589e-10	3.963496e-16	2.450980e-01
1	132	NOE	4.019608e-01	4.019608e-01	1.110485e-09	4.529710e-16	1.225490e-01
1	134	NOE	4.858200e-01	4.858200e-01	1.243281e-09	9.003909e-16	1.233046e-01
1	136	NOE	3.937008e-01	3.937008e-01	1.099341e-09	4.229950e-16	2.624672e-01
1	137	NOE	3.326271e-01	3.326271e-01	1.025026e-09	2.620126e-16	2.118644e-01
1	138	NOE	3.594203e-01	3.594203e-01	1.056001e-09	1.915135e-16	2.898551e-01
1	143	NOE	2.579222e-01	2.579222e-01	9.494982e-10	1.383893e-14	2.005616e-02
1	144	NOE	4.281601e-01	4.281601e-01	1.147871e-09	1.927902e-15	2.879355e-02
1	145	NOE	3.913855e-01	3.913855e-01	1.096269e-09	1.636746e-14	1.695778e-02
1	146	NOE	5.534137e-01	5.534137e-01	1.387313e-09	0.000000e+00	8.032129e-02
1	148	NOE	3.660245e-01	3.660245e-01	1.064008e-09	3.169687e-16	1.751313e-01
1	150	NOE	9.181752e-01	8.539231e-01	2.623593e-05	2.661967e+00	2.413710e-02
1	151	NOE	5.317970e-01	5.317970e-01	1.336479e-09	-4.020299e-07	2.215821e-02
1	152	NOE	9.958395e-01	8.539231e-01	1.292178e-05	4.775489e+00	2.971768e-02
1	153	NOE	8.738616e-01	8.539231e-01	2.900303e-05	4.378495e-01	4.553734e-02
1	156	NOE	5.731236e-01	5.731236e-01	1.438564e-09	0.000000e+00	2.759382e-02
1	157	NOE	5.508711e-01	5.508711e-01	1.381060e-09	0.000000e+00	3.484321e-02
1	158	NOE	8.752236e-01	8.539231e-01	1.527962e-05	9.525606e-01	2.236136e-02
1	159	NOE	8.942444e-01	8.539231e-01	1.799976e-05	1.422134e+00	2.835271e-02
1	160	NOE	8.696658e-01	8.539231e-01	1.792571e-05	7.488799e-01	2.102165e-02
1	161	NOE	6.078947e-01	6.078947e-01	1.543223e-09	-4.640732e-15	2.392344e-02
1	163	NOE	6.729316e-01	6.729316e-01	1.813036e-09	-5.729861e-15	1.937609e-02
1	164	NOE	7.822469e-01	7.822469e-01	2.917445e-09	2.401412e-15	4.623209e-02
1	165	NOE	6.953204e-01	6.953204e-01	1.941821e-09	0.000000e+00	2.543235e-02
1	166	NOE	9.649596e-01	8.539231e-01	1.586331e-05	2.059727e+00	5.390836e-02
1	168	NOE	1.033541e+00	8.539231e-01	2.017320e-05	8.354038e+00	2.150075e-02
1	169	NOE	7.172805e-01	7.172805e-01	2.097358e-09	0.000000e+00	2.832861e-02
1	171	NOE	8.837209e-01	8.539231e-01	2.372697e-05	4.997102e-01	5.963029e-02
1	172	NOE	7.579767e-01	7.579767e-01	2.514647e-09	0.000000e+00	1.945525e-02
1	173	NOE	8.038847e-01	8.038847e-01	3.500270e-09	0.000000e+00	3.132832e-02
1	174	NOE	7.643801e-01	7.643801e-01	2.604909e-09	2.605693e-15	4.260758e-02
1	175	NOE	8.247078e-01	8.247078e-01	4.591624e-09	0.000000e+00	2.384927e-02
1	176	NOE	8.788660e-01	8.539231e-01	1.350496e-05	5.806711e-01	4.295533e-02
1	177	NOE	9.973113e-01	8.539231e-01	1.944808e-05	7.466226e+00	1.920492e-02
1	178	NOE	8.165361e-01	8.165361e-01	4.055198e-09	-6.347788e-08	1.740644e-02
1	179	NOE	7.572834e-01	7.572834e-01	2.505413e-09	0.000000e+00	1.891790e-02
1	180	NOE	6.610284e-01	6.610284e-01	1.753771e-09	-6.563639e-15	1.691475e-02
1	181	NOE	1.110746e+00	8.539231e-01	1.429531e-05	1.720715e+01	1.492537e-02
1	183	NOE	8.996788e-01	8.539231e-01	2.424959e-05	2.421852e+00	1.889288e-02
1	185	NOE	1.073606e+00	8.539231e-01	1.664546e-05	1.528111e+01	1.437608e-02
1	186	NOE	6.570759e-01	6.570759e-01	1.735273e-09	6.636913e-15	1.672800e-02
1	187	NOE	7.801806e-01	7.801806e-01	2.875606e-09	0.000000e+00	2.099517e-02
1	188	NOE	8.473147e-01	8.473147e-01	9.678834e-09	2.501332e-15	4.438526e-02
1	189	NOE	9.964386e-01	8.539231e-01	1.415263e-05	9.604125e+00	1.483900e-02
1	191	NOE	8.208933e-01	8.208933e-01	4.316501e-09	0.000000e+00	1.514005e-02
1	193	NOE	6.952495e-01	6.952495e-01	1.941371e-09	-3.053297e-07	1.493875e-02
1	195	NOE	8.820059e-01	8.539231e-01	1.416296e-05	3.808033e-01	7.374631e-02
1	196	NOE	7.083465e-01	7.083465e-01	2.029891e-09	0.000000e+00	1.580778e-02
1	197	NOE	6.722585e-01	6.722585e-01	1.809533e-09	0.000000e+00	1.765848e-02
1	198	NOE	9.777556e-01	8.539231e-01	2.133997e-05	7.459675e+00	1.660027e-02
1	200	NOE	8.181546e-01	8.181546e-01	4.146686e-09	0.000000e+00	1.495439e-02
1	202	NOE	8.321741e-01	8.321741e-01	5.326170e-09	0.000000e+00	1.783485e-02
1	203	NOE	8.885476e-01	8.539231e-01	1.453788e-05	1.578187e+00	2.193945e-02
1	204	NOE	9.424213e-01	8.539231e-01	2.014188e-05	6.440019e+00	1.374193e-02
1	205	NOE	8.627196e-01	8.539231e-01	1.857883e-05	5.408100e-01	1.626545e-02
1	206	NOE	7.508988e-01	7.508988e-01	2.424771e-09	-6.484813e-15	1.712036e-02


2	6	R1	9.208096e-01	9.208096e-01	1.094219e-08	-5.338513e-15	2.079648e-02
2	7	R1	9.315110e-01	9.315110e-01	1.080706e-08	2.411581e-15	4.603714e-02
2	8	R1	9.703116e-01	9.703116e-01	1.034110e-08	4.806924e-15	2.309633e-02
2	9	R1	1.035631e+00	1.035631e+00	9.632097e-09	0.000000e+00	2.024658e-02
2	10	R1	1.135099e+00	1.135099e+00	8.701286e-09	5.294959e-15	4.193509e-02
2	11	R1	1.054531e+00	1.054531e+00	9.442521e-09	-5.371218e-15	4.133971e-02
2	12	R1	9.611473e-01	9.611473e-01	1.044791e-08	0.000000e+00	6.185271e-02
2	13	R1	1.051138e+00	1.051138e+00	9.476073e-09	0.000000e+00	5.250646e-02
2	14	R1	9.389893e-01	9.389893e-01	1.071438e-08	0.000000e+00	3.711261e-02
2	15	R1	8.409643e-01	8.409643e-01	1.205462e-08	2.601388e-15	4.267810e-02
2	16	R1	8.309453e-01	8.309453e-01	1.220876e-08	8.572964e-15	2.590057e-02
2	17	R1	1.043486e+00	1.043486e+00	9.552510e-09	3.340944e-07	4.235720e-02
2	19	R1	8.920529e-01	8.920529e-01	1.132071e-08	0.000000e+00	4.527436e-02
2	20	R1	8.591903e-01	8.591903e-01	1.178313e-08	2.715792e-15	4.088027e-02
2	21	R1	7.809124e-01	7.809124e-01	1.303587e-08	-4.062406e-15	5.465840e-02
2	22	R1	1.003193e+00	1.003193e+00	9.973219e-09	5.780511e-07	2.371949e-02
2	23	R1	1.005035e+00	1.005035e+00	9.953284e-09	0.000000e+00	3.434104e-02
2	24	R1	1.111268e+00	1.111268e+00	8.910022e-09	4.603324e-15	4.823571e-02
2	25	R1	1.003814e+00	1.003814e+00	9.966493e-09	-5.311460e-15	4.180482e-02
2	26	R1	9.057407e-01	9.057407e-01	1.113766e-08	2.163327e-15	5.132017e-02
2	27	R1	8.063219e-01	8.063219e-01	1.260337e-08	-1.059071e-14	2.096598e-02
2	28	R1	8.719600e-01	8.719600e-01	1.159945e-08	-3.637026e-15	3.052558e-02
2	29	R1	1.036704e+00	1.036704e+00	9.621158e-09	5.870770e-15	3.782206e-02
2	30	R1	9.624852e-01	9.624852e-01	1.043219e-08	0.000000e+00	3.608742e-02
2	31	R1	9.756821e-01	9.756821e-01	1.027940e-08	6.488719e-15	3.422010e-02
2	32	R1	9.667033e-01	9.667033e-01	1.038292e-08	4.157326e-07	3.199401e-02
2	33	R1	9.104568e-01	9.104568e-01	1.107581e-08	-1.808145e-14	2.456048e-02
2	34	R1	9.885514e-01	9.885514e-01	1.013415e-08	0.000000e+00	3.554831e-02
2	35	R1	1.000997e+00	1.000997e+00	9.997063e-09	0.000000e+00	2.491983e-02
2	36	R1	9.426905e-01	9.426905e-01	1.066904e-08	-7.317969e-15	3.034238e-02
2	37	R1	1.016089e+00	1.016089e+00	9.835125e-09	0.000000e+00	2.940561e-02
2	38	R1	8.674546e-01	8.674546e-01	1.166366e-08	-5.315708e-15	4.177141e-02
2	39	R1	1.008636e+00	1.008636e+00	9.914517e-09	0.000000e+00	7.005686e-02
2	41	R1	9.633421e-01	9.633421e-01	1.042215e-08	3.938319e-15	2.819028e-02
2	42	R1	9.541945e-01	9.541945e-01	1.053025e-08	4.045333e-15	2.744454e-02
2	43	R1	9.606046e-01	9.606046e-01	1.045429e-08	3.250153e-15	3.415910e-02
2	44	R1	9.460731e-01	9.460731e-01	1.062789e-08	-5.689039e-15	3.903025e-02
2	46	R1	9.492473e-01	9.492473e-01	1.058954e-08	1.013386e-14	3.286674e-02
2	47	R1	9.998551e-01	9.998551e-01	1.000951e-08	-3.465077e-15	3.204036e-02
2	48	R1	1.055748e+00	1.055748e+00	9.430533e-09	0.000000e+00	5.108130e-02
2	50	R1	1.033853e+00	1.033853e+00	9.650264e-09	0.000000e+00	3.670178e-02
2	52	R1	9.336706e-01	9.336706e-01	1.078015e-08	4.479966e-15	4.956391e-02
2	53	R1	9.141046e-01	9.141046e-01	1.102840e-08	-2.617671e-15	4.241262e-02
2	54	R1	8.596948e-01	8.596948e-01	1.177577e-08	-2.068747e-15	5.366645e-02
2	55	R1	9.011356e-01	9.011356e-01	1.119865e-08	0.000000e+00	5.561538e-02
2	56	R1	9.254485e-01	9.254485e-01	1.088324e-08	-3.862642e-15	5.748516e-02
2	57	R1	9.429975e-01	9.429975e-01	1.066529e-08	0.000000e+00	6.324590e-02
2	58	R1	8.628258e-01	8.628258e-01	1.173030e-08	3.315799e-15	6.696564e-02
2	59	R1	8.889265e-01	8.889265e-01	1.136328e-08	2.388229e-15	4.648730e-02
2	64	R1	9.936153e-01	9.936153e-01	1.007798e-08	-6.805683e-15	3.262635e-02
2	65	R1	9.270187e-01	9.270187e-01	1.086342e-08	0.000000e+00	3.797996e-02
2	66	R1	9.416102e-01	9.416102e-01	1.068224e-08	-5.211238e-15	4.260880e-02
2	67	R1	1.183692e+00	1.183692e+00	8.299974e-09	8.635385e-15	2.571334e-02
2	74	R1	1.017392e+00	1.017392e+00	9.821352e-09	-8.543028e-15	2.599132e-02
2	75	R1	9.031651e-01	9.031651e-01	1.117169e-08	-2.456453e-15	4.519619e-02
2	78	R1	8.946526e-01	8.946526e-01	1.128553e-08	0.000000e+00	3.133521e-02
2	79	R1	8.707697e-01	8.707697e-01	1.161635e-08	2.729179e-15	4.067975e-02
2	80	R1	9.320559e-01	9.320559e-01	1.080026e-08	6.250977e-15	3.552158e-02
2	81	R1	8.744862e-01	8.744862e-01	1.156372e-08	0.000000e+00	4.837395e-02
2	82	R1	8.916140e-01	8.916140e-01	1.132667e-08	-2.805225e-15	3.957696e-02
2	83	R1	9.394028e-01	9.394028e-01	1.070930e-08	1.153295e-14	1.925306e-02
2	84	R1	9.283382e-01	9.283382e-01	2.212379e-10	5.808980e-07	1.326874e-02
2	88	R1	1.221115e+00	1.221115e+00	8.011116e-09	8.211967e-15	2.703915e-02
2	89	R1	9.007105e-01	9.007105e-01	1.120431e-08	0.000000e+00	3.452513e-02
2	90	R1	9.810732e-01	9.810732e-01	1.021811e-08	2.905369e-15	3.821280e-02
2	91	R1	1.082057e+00	1.082057e+00	9.177613e-09	0.000000e+00	4.159537e-02
2	92	R1	9.428045e-01	9.428045e-01	1.066765e-08	2.986571e-15	3.717384e-02
2	93	R1	9.700989e-01	9.700989e-01	1.034356e-08	-2.618863e-15	4.239332e-02
2	94	R1	9.854463e-01	9.854463e-01	1.016886e-08	2.122493e-15	5.230749e-02
2	95	R1	9.992383e-01	9.992383e-01	1.001624e-08	0.000000e+00	6.653728e-02
2	97	R1	8.680813e-01	8.680813e-01	1.165469e-08	-3.111395e-15	3.568248e-02
2	99	R1	9.489099e-01	9.489099e-01	1.059360e-08	-6.937572e-15	4.800915e-02
2	100	R1	9.535657e-01	9.535657e-01	1.053775e-08	-8.294702e-15	2.676945e-02
2	101	R1	1.091494e+00	1.091494e+00	9.089700e-09	-5.339839e-15	4.158264e-02
2	102	R1	1.214894e+00	1.214894e+00	8.058000e-09	2.852419e-15	7.784431e-02
2	105	R1	1.569693e+00	1.569693e+00	5.924860e-09	0.000000e+00	1.443866e-01
2	106	R1	1.584100e+00	1.584100e+00	5.855889e-09	0.000000e+00	4.749766e-02
2	109	R1	1.579979e+00	1.579979e+00	5.875512e-09	2.186759e-15	1.015405e-01
2	110	R1	1.567647e+00	1.567647e+00	5.934738e-09	0.000000e+00	7.591957e-02
2	112	R1	1.630460e+00	1.630460e+00	5.640715e-09	0.000000e+00	1.024027e-01
2	113	R1	1.572879e+00	1.572879e+00	5.909517e-09	4.936330e-15	1.349452e-01
2	117	R1	1.327859e+00	1.327859e+00	7.269426e-09	0.000000e+00	6.845912e-02
2	118	R1	1.502563e+00	1.502563e+00	5.511677e-10	5.312194e-15	8.359808e-02
2	119	R1	1.589670e+00	1.589670e+00	5.829501e-09	0.000000e+00	5.659860e-02
2	120	R1	1.173293e+00	1.173293e+00	8.383261e-09	2.138698e-15	1.038223e-01
2	121	R1	1.531439e+00	1.531439e+00	6.113177e-09	0.000000e+00	4.192621e-02
2	125	R1	1.142947e+00	1.142947e+00	8.634320e-09	0.000000e+00	3.262315e-02
2	126	R1	1.433202e+00	1.433202e+00	6.635403e-09	0.000000e+00	9.628250e-03
2	128	R1	1.651072e+00	1.651072e+00	5.548173e-09	8.809453e-15	2.520527e-02
2	132	R1	1.733774e+00	1.733774e+00	5.194218e-09	4.511735e-15	4.921491e-02
2	134	R1	1.640922e+00	1.640922e+00	5.593513e-09	-8.139855e-15	5.455739e-02
2	136	R1	1.594515e+00	1.594515e+00	5.806670e-09	-1.815821e-14	2.445666e-02
2	137	R1	1.565681e+00	1.565681e+00	5.944252e-09	-1.176733e-14	1.886958e-02
2	138	R1	1.545198e+00	1.545198e+00	6.044549e-09	0.000000e+00	3.770130e-02
2	143	R1	1.526512e+00	1.526512e+00	6.138004e-09	0.000000e+00	2.255223e-01
2	144	R1	1.583633e+00	1.583633e+00	5.858110e-09	-1.548450e-15	1.433979e-01
2	145	R1	1.502560e+00	1.502560e+00	6.260644e-09	0.000000e+00	1.443945e-01
2	146	R1	1.463805e+00	1.463805e+00	6.466283e-09	1.138557e-14	1.950227e-02
2	148	R1	9.428783e-01	9.428783e-01	2.275351e-10	1.004121e-14	2.211333e-02
2	150	R1	1.299536e+00	1.299536e+00	7.455446e-09	0.000000e+00	2.926555e-02
2	151	R1	1.387986e+00	1.387986e+00	6.897123e-09	7.535025e-15	2.946833e-02
2	152	R1	1.350085e+00	1.350085e+00	7.128367e-09	0.000000e+00	2.783606e-02
2	153	R1	1.391330e+00	1.391330e+00	6.877256e-09	1.221289e-06	1.415400e-02
2	156	R1	1.289290e+00	1.289290e+00	7.524554e-09	-9.750464e-15	4.554544e-02
2	157	R1	1.378631e+00	1.378631e+00	6.953151e-09	2.660417e-14	1.669247e-02
2	158	R1	1.386515e+00	1.386515e+00	6.905887e-09	2.306891e-07	7.478587e-02
2	159	R1	1.348448e+00	1.348448e+00	7.138616e-09	1.404228e-14	3.162515e-02
2	160	R1	1.328917e+00	1.328917e+00	7.262616e-09	6.216491e-15	3.571864e-02
2	161	R1	1.353929e+00	1.353929e+00	7.104392e-09	0.000000e+00	3.283277e-02
2	163	R1	1.427752e+00	1.427752e+00	6.666180e-09	-4.412679e-15	1.006394e-01
2	164	R1	1.505988e+00	1.505988e+00	6.242890e-09	-4.632726e-15	4.792958e-02
2	165	R1	1.288283e+00	1.288283e+00	7.531396e-09	0.000000e+00	2.614055e-02
2	166	R1	1.354940e+00	1.354940e+00	7.098105e-09	0.000000e+00	1.354398e-02
2	168	R1	1.421627e+00	1.421627e+00	6.701011e-09	4.373857e-15	5.076631e-02
2	169	R1	1.407574e+00	1.407574e+00	6.781934e-09	0.000000e+00	3.091455e-02
2	171	R1	1.419007e+00	1.419007e+00	6.715994e-09	0.000000e+00	1.631574e-02
2	172	R1	1.519543e+00	1.519543e+00	6.173352e-09	-4.409219e-15	5.035917e-02
2	173	R1	1.398967e+00	1.398967e+00	6.832201e-09	-5.295977e-15	4.192703e-02
2	174	R1	1.344288e+00	1.344288e+00	7.164757e-09	-1.558709e-14	1.424542e-02
2	175	R1	1.454775e+00	1.454775e+00	6.515544e-09	3.995486e-15	5.557387e-02
2	176	R1	1.597421e+00	1.597421e+00	5.793026e-09	-1.103540e-14	6.036336e-02
2	177	R1	1.471763e+00	1.471763e+00	6.423300e-09	-3.257049e-15	6.817355e-02
2	178	R1	1.411504e+00	1.411504e+00	6.759163e-09	0.000000e+00	5.073368e-02
2	179	R1	1.397120e+00	1.397120e+00	6.843059e-09	1.037472e-14	4.280495e-02
2	180	R1	1.366550e+00	1.366550e+00	7.026515e-09	-8.097759e-15	5.484100e-02
2	181	R1	1.347767e+00	1.347767e+00	7.142884e-09	0.000000e+00	5.493633e-02
2	183	R1	1.288460e+00	1.288460e+00	7.530190e-09	4.856374e-15	4.572231e-02
2	185	R1	1.373773e+00	1.373773e+00	6.982512e-09	-1.236532e-14	5.387115e-02
2	186	R1	1.321037e+00	1.321037e+00	7.313576e-09	8.856290e-15	5.014393e-02
2	187	R1	1.517235e+00	1.517235e+00	6.185118e-09	3.654411e-15	6.076070e-02
2	188	R1	1.732095e+00	1.732095e+00	5.201148e-09	0.000000e+00	5.003156e-02
2	189	R1	1.503136e+00	1.503136e+00	6.257655e-09	-4.363855e-15	5.088267e-02
2	191	R1	1.443151e+00	1.443151e+00	6.579739e-09	0.000000e+00	5.328114e-02
2	193	R1	1.302529e+00	1.302529e+00	7.435445e-09	0.000000e+00	5.529886e-02
2	195	R1	1.627035e+00	1.627035e+00	5.656273e-09	2.875918e-14	2.316248e-02
2	196	R1	1.549289e+00	1.549289e+00	6.024342e-09	-2.266686e-15	9.796001e-02
2	197	R1	1.448406e+00	1.448406e+00	6.550611e-09	1.314832e-14	3.377537e-02
2	198	R1	1.351328e+00	1.351328e+00	7.120603e-09	1.379125e-14	3.220079e-02
2	200	R1	1.380174e+00	1.380174e+00	6.943868e-09	-4.665806e-15	4.758976e-02
2	202	R1	1.353595e+00	1.353595e+00	7.106469e-09	-5.073161e-15	4.376849e-02
2	203	R1	1.352636e+00	1.352636e+00	7.112442e-09	-1.436571e-14	3.091314e-02
2	204	R1	1.399586e+00	1.399586e+00	6.828566e-09	0.000000e+00	6.460909e-02
2	205	R1	1.324688e+00	1.324688e+00	7.289899e-09	0.000000e+00	4.439427e-02
2	206	R1	1.348544e+00	1.348544e+00	7.138014e-09	4.058126e-07	4.182914e-02


