6	1.579947e+01	2.645463e-01	8.987342e-01	6.329114e-02	9.208096e-01	2.079648e-02	9.452236e-03	
7	1.856991e+01	5.793996e-01	9.338083e-01	2.968240e-02	9.315110e-01	4.603714e-02	6.250197e-03	
8	1.842878e+01	3.094929e-01	9.518482e-01	4.863813e-02	9.703116e-01	2.309633e-02	4.736147e-03	
9	1.817642e+01	3.178328e-01	8.440808e-01	4.812320e-02	1.035631e+00	2.024658e-02	1.636840e-02	
10	1.775199e+01	3.181689e-01	8.568403e-01	4.235493e-02	1.135099e+00	4.193509e-02	1.647238e-02	
11	1.667925e+01	5.245291e-01	7.941341e-01	2.793296e-02	1.054531e+00	4.133971e-02	2.200622e-02	
12	1.803199e+01	7.455325e-01	8.229306e-01	2.678811e-02	9.611473e-01	6.185271e-02	1.725183e-02	
13	1.848992e+01	3.235735e-01	8.854262e-01	4.582951e-02	1.051138e+00	5.250646e-02	1.220807e-02	
14	1.692232e+01	3.993330e-01	9.861620e-01	4.070004e-02	9.389893e-01	3.711261e-02	1.317153e-03	
15	1.757822e+01	4.235648e-01	7.519759e-01	3.763643e-02	8.409643e-01	4.267810e-02	2.114332e-02	
16	1.751751e+01	3.762235e-01	8.170865e-01	5.476451e-02	8.309453e-01	2.590057e-02	1.540707e-02	
17	1.728875e+01	3.050082e-01	8.516043e-01	4.456328e-02	1.043486e+00	4.235720e-02	1.569676e-02	
19	1.688430e+01	4.628831e-01	8.348821e-01	3.573981e-02	8.920529e-01	4.527436e-02	1.493092e-02	
20	1.844972e+01	4.456900e-01	7.128881e-01	4.253509e-02	8.591903e-01	4.088027e-02	2.500589e-02	
21	1.830606e+01	7.179087e-01	9.042293e-01	3.495281e-02	7.809124e-01	5.465840e-02	7.581180e-03	
22	1.624649e+01	2.982369e-01	8.478901e-01	4.906771e-02	1.003193e+00	2.371949e-02	1.546834e-02	
23	1.978645e+01	3.809288e-01	9.182253e-01	4.349717e-02	1.005035e+00	3.434104e-02	8.331092e-03	
24	1.750332e+01	6.703423e-01	8.179435e-01	2.912904e-02	1.111268e+00	4.823571e-02	2.050817e-02	
25	1.992550e+01	6.008535e-01	8.639074e-01	3.507541e-02	1.003814e+00	4.180482e-02	1.384807e-02	
26	1.887517e+01	7.486457e-01	9.114632e-01	3.106555e-02	9.057407e-01	5.132017e-02	8.128859e-03	
27	1.744225e+01	2.640931e-01	7.362822e-01	5.599104e-02	8.063219e-01	2.096598e-02	2.155509e-02	
28	1.873743e+01	3.882207e-01	9.402174e-01	4.528986e-02	8.719600e-01	3.052558e-02	5.284127e-03	
29	1.809822e+01	6.141271e-01	8.765234e-01	3.207184e-02	1.036704e+00	3.782206e-02	1.297601e-02	
30	1.806538e+01	5.596656e-01	9.711142e-01	3.438790e-02	9.624852e-01	3.608742e-02	2.818258e-03	
31	1.672399e+01	4.131996e-01	9.058562e-01	3.706449e-02	9.756821e-01	3.422010e-02	9.311121e-03	
32	1.843836e+01	5.363902e-01	8.243527e-01	3.498950e-02	9.667033e-01	3.199401e-02	1.721221e-02	
33	1.619281e+01	4.022941e-01	7.856148e-01	4.640371e-02	9.104568e-01	2.456048e-02	1.978590e-02	
34	1.622306e+01	3.850544e-01	8.209233e-01	3.723008e-02	9.885514e-01	3.554831e-02	1.794486e-02	
35	1.809662e+01	3.491562e-01	8.769231e-01	4.962779e-02	1.000997e+00	2.491983e-02	1.248853e-02	
36	1.672632e+01	3.763757e-01	8.332516e-01	4.904365e-02	9.426905e-01	3.034238e-02	1.593429e-02	
37	1.709932e+01	3.933527e-01	8.109901e-01	4.737091e-02	1.016089e+00	2.940561e-02	1.946786e-02	
38	1.794082e+01	6.465514e-01	9.355469e-01	3.255208e-02	8.674546e-01	4.177141e-02	5.667514e-03	
39	1.460609e+01	7.158006e-01	8.989851e-01	2.360160e-02	1.008636e+00	7.005686e-02	1.032813e-02	
41	1.661911e+01	4.082152e-01	8.657556e-01	4.019293e-02	9.633421e-01	2.819028e-02	1.310927e-02	
42	1.513754e+01	3.178581e-01	8.527067e-01	4.196391e-02	9.541945e-01	2.744454e-02	1.424695e-02	
43	1.583083e+01	4.593631e-01	9.453303e-01	3.796507e-02	9.606046e-01	3.415910e-02	5.323450e-03	
44	1.566509e+01	4.167696e-01	8.926081e-01	3.486750e-02	9.460731e-01	3.903025e-02	1.029907e-02	
46	1.802597e+01	4.222764e-01	7.556017e-01	4.149378e-02	9.492473e-01	3.286674e-02	2.351687e-02	
47	1.459533e+01	3.612198e-01	8.880652e-01	3.706449e-02	9.998551e-01	3.204036e-02	1.134498e-02	
48	1.868844e+01	8.250573e-01	6.667458e-01	2.373606e-02	1.055748e+00	5.108130e-02	3.566462e-02	
50	1.873178e+01	3.003640e-01	7.808535e-01	5.767013e-02	1.033853e+00	3.670178e-02	2.296652e-02	
52	2.162859e+01	7.347015e-01	7.818182e-01	3.189793e-02	9.336706e-01	4.956391e-02	2.064972e-02	
53	1.988864e+01	7.578765e-01	8.096677e-01	3.021148e-02	9.141046e-01	4.241262e-02	1.763641e-02	
54	2.113252e+01	8.973078e-01	9.434409e-01	2.961208e-02	8.596948e-01	5.366645e-02	4.928882e-03	
55	2.128694e+01	8.977342e-01	7.538922e-01	2.994012e-02	9.011356e-01	5.561538e-02	2.248109e-02	
56	1.964694e+01	7.954260e-01	1.060206e+00	3.219575e-02	9.254485e-01	5.748516e-02	-5.647994e-03	
57	1.949640e+01	8.964641e-01	8.124287e-01	2.850627e-02	9.429975e-01	6.324590e-02	1.792993e-02	
58	1.910014e+01	9.049264e-01	7.809748e-01	2.935995e-02	8.628258e-01	6.696564e-02	1.915663e-02	
59	1.964020e+01	7.015675e-01	8.863220e-01	3.667033e-02	8.889265e-01	4.648730e-02	1.024340e-02	
64	1.934751e+01	5.739827e-01	8.178586e-01	3.951008e-02	9.936153e-01	3.262635e-02	1.834547e-02	
65	2.049893e+01	6.087771e-01	9.260685e-01	3.850597e-02	9.270187e-01	3.797996e-02	6.947357e-03	
66	1.973768e+01	5.443060e-01	8.685410e-01	3.799392e-02	9.416102e-01	4.260880e-02	1.254767e-02	
67	2.434791e+01	4.540641e-01	7.035714e-01	5.102041e-02	1.183692e+00	2.571334e-02	3.556809e-02	
74	1.802265e+01	3.485219e-01	7.825843e-01	5.617978e-02	1.017392e+00	2.599132e-02	2.242236e-02	
75	1.893516e+01	5.614275e-01	8.301173e-01	3.783579e-02	9.031651e-01	4.519619e-02	1.555314e-02	
78	1.385554e+01	2.723168e-01	9.091387e-01	5.252101e-02	8.946526e-01	3.133521e-02	8.240156e-03	
79	1.478837e+01	3.792181e-01	7.843761e-01	3.534818e-02	8.707697e-01	4.067975e-02	1.903277e-02	
80	1.556780e+01	3.780173e-01	8.009848e-01	4.103406e-02	9.320559e-01	3.552158e-02	1.880312e-02	
81	1.623271e+01	5.490391e-01	9.215190e-01	3.164557e-02	8.744862e-01	4.837395e-02	6.956958e-03	
82	1.756419e+01	6.903603e-01	8.630552e-01	3.364738e-02	8.916140e-01	3.957696e-02	1.237725e-02	
83	1.875762e+01	3.265138e-01	9.625792e-01	5.757052e-02	9.394028e-01	1.925306e-02	3.563422e-03	
84	2.737760e+00	1.034983e-01	3.985765e-01	3.558719e-01	9.283382e-01	1.326874e-02	5.659635e-02	
88	1.305920e+01	7.616124e-02	9.024808e-01	8.554320e-02	1.221115e+00	2.703915e-02	1.207115e-02	
89	1.841515e+01	5.837234e-01	8.621784e-01	3.524850e-02	9.007105e-01	3.452513e-02	1.258359e-02	
90	1.452852e+01	3.971515e-01	8.294495e-01	3.377237e-02	9.810732e-01	3.821280e-02	1.696119e-02	
91	1.548776e+01	4.948494e-01	9.450080e-01	2.669514e-02	1.082057e+00	4.159537e-02	6.031865e-03	
92	1.840737e+01	7.084997e-01	9.105392e-01	3.063725e-02	9.428045e-01	3.717384e-02	8.549804e-03	
93	1.824147e+01	6.344017e-01	8.425153e-01	2.782415e-02	9.700989e-01	4.239332e-02	1.548660e-02	
94	1.542616e+01	3.570847e-01	6.311948e-01	3.841721e-02	9.854463e-01	5.230749e-02	3.684104e-02	
95	1.636889e+01	6.852346e-01	6.652442e-01	2.370792e-02	9.992383e-01	6.653728e-02	3.390775e-02	
97	1.563507e+01	3.270544e-01	7.705667e-01	4.570384e-02	8.680813e-01	3.568248e-02	2.018918e-02	
99	1.718004e+01	7.649070e-01	8.496392e-01	2.886003e-02	9.489099e-01	4.800915e-02	1.446310e-02	
100	1.936667e+01	5.095952e-01	9.120391e-01	4.442470e-02	9.535657e-01	2.676945e-02	8.502412e-03	
101	1.856484e+01	5.743220e-01	8.774948e-01	3.441156e-02	1.091494e+00	4.158264e-02	1.355431e-02	
102	1.459556e+01	4.794642e-01	7.303405e-01	3.012956e-02	1.214894e+00	7.784431e-02	3.320901e-02	
105	8.459847e+00	5.614124e-01	4.993084e-01	2.766252e-02	1.569693e+00	1.443866e-01	7.966852e-02	
106	8.871011e+00	1.930687e-01	7.172544e-01	6.297229e-02	1.584100e+00	4.749766e-02	4.540256e-02	
109	7.545838e+00	7.762932e-01	2.394399e-01	2.295684e-02	1.579979e+00	1.015405e-01	1.218111e-01	
110	7.282930e+00	9.457686e-01	5.672873e-01	2.115954e-02	1.567647e+00	7.591957e-02	6.876218e-02	
112	6.509825e+00	5.492534e-01	8.234337e-01	4.068348e-02	1.630460e+00	1.024027e-01	2.918233e-02	
113	5.769429e+00	8.694530e-01	6.455142e-02	2.735230e-02	1.572879e+00	1.349452e-01	1.491479e-01	
117	9.273465e+00	9.834046e-01	6.327621e-01	2.225684e-02	1.327859e+00	6.845912e-02	4.943123e-02	
118	3.784193e+00	3.365472e-01	-4.802579e-01	8.058018e-02	1.502563e+00	8.359808e-02	2.254612e-01	
119	4.495142e+00	2.853831e-01	-3.905447e-02	1.027749e-01	1.589670e+00	5.659860e-02	1.674353e-01	
120	7.792135e+00	1.299346e+00	5.539686e-01	2.341372e-02	1.173293e+00	1.038223e-01	5.304856e-02	
121	5.889698e+00	1.301859e-01	3.815789e-01	1.315789e-01	1.531439e+00	4.192621e-02	9.600323e-02	
125	5.470507e+00	9.343626e-02	4.785894e-01	2.518892e-01	1.142947e+00	3.262315e-02	6.040988e-02	
126	4.462812e+00	4.428448e-02	-2.663934e-01	4.098361e-01	1.433202e+00	9.628250e-03	1.839831e-01	
128	4.645700e+00	6.906297e-02	1.225490e-01	2.450980e-01	1.651072e+00	2.520527e-02	1.468557e-01	
132	4.560463e+00	1.782685e-01	4.019608e-01	1.225490e-01	1.733774e+00	4.921491e-02	1.051051e-01	
134	4.672336e+00	1.693628e-01	4.858200e-01	1.233046e-01	1.640922e+00	5.455739e-02	8.552736e-02	
136	4.363716e+00	5.606066e-02	3.937008e-01	2.624672e-01	1.594515e+00	2.445666e-02	9.799803e-02	
137	4.446187e+00	9.078225e-02	3.326271e-01	2.118644e-01	1.565681e+00	1.886958e-02	1.059189e-01	
138	4.505277e+00	7.417939e-02	3.594203e-01	2.898551e-01	1.545198e+00	3.770130e-02	1.003366e-01	
143	5.631940e+00	1.001945e+00	2.579222e-01	2.005616e-02	1.526512e+00	2.255223e-01	1.148290e-01	
144	5.911551e+00	6.104563e-01	4.281601e-01	2.879355e-02	1.583633e+00	1.433979e-01	9.179749e-02	
145	6.921657e+00	1.083364e+00	3.913855e-01	1.695778e-02	1.502560e+00	1.443945e-01	9.269922e-02	
146	7.887637e+00	1.448959e-01	5.534137e-01	8.032129e-02	1.463805e+00	1.950227e-02	6.626596e-02	
148	2.641841e+00	1.845141e-01	3.660245e-01	1.751313e-01	9.428783e-01	2.211333e-02	6.059405e-02	
150	1.293864e+01	5.615497e-01	9.181752e-01	2.413710e-02	1.299536e+00	2.926555e-02	1.077891e-02	
151	1.662616e+01	7.801494e-01	5.317970e-01	2.215821e-02	1.387986e+00	2.946833e-02	6.587507e-02	
152	1.711674e+01	6.600385e-01	9.958395e-01	2.971768e-02	1.350085e+00	2.783606e-02	5.693849e-04	
153	1.592018e+01	4.508436e-01	8.738616e-01	4.553734e-02	1.391330e+00	1.415400e-02	1.779014e-02	
156	1.411759e+01	5.754189e-01	5.731236e-01	2.759382e-02	1.289290e+00	4.554544e-02	5.578975e-02	
157	1.200324e+01	3.260320e-01	5.508711e-01	3.484321e-02	1.378631e+00	1.669247e-02	6.276550e-02	
158	1.160323e+01	5.072119e-01	8.752236e-01	2.236136e-02	1.386515e+00	7.478587e-02	1.753715e-02	
159	1.387573e+01	4.729959e-01	8.942444e-01	2.835271e-02	1.348448e+00	3.162515e-02	1.445571e-02	
160	1.278819e+01	8.378052e-01	8.696658e-01	2.102165e-02	1.328917e+00	3.571864e-02	1.755733e-02	
161	1.121409e+01	6.202847e-01	6.078947e-01	2.392344e-02	1.353929e+00	3.283277e-02	5.381463e-02	
163	1.182460e+01	5.563830e-01	6.729316e-01	1.937609e-02	1.427752e+00	1.006394e-01	4.733617e-02	
164	1.176888e+01	1.771688e-01	7.822469e-01	4.623209e-02	1.505988e+00	4.792958e-02	3.324205e-02	
165	1.126229e+01	5.841299e-01	6.953204e-01	2.543235e-02	1.288283e+00	2.614055e-02	3.978840e-02	
166	1.142529e+01	2.112422e-01	9.649596e-01	5.390836e-02	1.354940e+00	1.354398e-02	4.812728e-03	
168	1.274402e+01	7.483801e-01	1.033541e+00	2.150075e-02	1.421627e+00	5.076631e-02	-4.833546e-03	
169	1.301759e+01	4.277320e-01	7.172805e-01	2.832861e-02	1.407574e+00	3.091455e-02	4.033935e-02	
171	1.464023e+01	2.852648e-01	8.837209e-01	5.963029e-02	1.419007e+00	1.631574e-02	1.672584e-02	
172	1.205901e+01	7.590426e-01	7.579767e-01	1.945525e-02	1.519543e+00	5.035917e-02	3.727967e-02	
173	1.299360e+01	3.972273e-01	8.038847e-01	3.132832e-02	1.398967e+00	4.192703e-02	2.781126e-02	
174	1.301607e+01	4.044223e-01	7.643801e-01	4.260758e-02	1.344288e+00	1.424542e-02	3.210748e-02	
175	1.290353e+01	4.522688e-01	8.247078e-01	2.384927e-02	1.454775e+00	5.557387e-02	2.584998e-02	
176	1.331599e+01	1.920033e-01	8.788660e-01	4.295533e-02	1.597421e+00	6.036336e-02	1.961496e-02	
177	1.373183e+01	6.815381e-01	9.973113e-01	1.920492e-02	1.471763e+00	6.817355e-02	4.011255e-04	
178	1.304908e+01	9.449625e-01	8.165361e-01	1.740644e-02	1.411504e+00	5.073368e-02	2.625031e-02	
179	1.329992e+01	6.770193e-01	7.572834e-01	1.891790e-02	1.397120e+00	4.280495e-02	3.437438e-02	
180	1.302106e+01	9.134537e-01	6.610284e-01	1.691475e-02	1.366550e+00	5.484100e-02	4.695594e-02	
181	1.309575e+01	1.022817e+00	1.110746e+00	1.492537e-02	1.347767e+00	5.493633e-02	-1.513024e-02	
183	1.205524e+01	6.866185e-01	8.996788e-01	1.889288e-02	1.288460e+00	4.572231e-02	1.310284e-02	
185	1.183844e+01	9.560484e-01	1.073606e+00	1.437608e-02	1.373773e+00	5.387115e-02	-1.025008e-02	
186	1.084865e+01	7.150022e-01	6.570759e-01	1.672800e-02	1.321037e+00	5.014393e-02	4.592137e-02	
187	1.246746e+01	5.543406e-01	7.801806e-01	2.099517e-02	1.517235e+00	6.076070e-02	3.380810e-02	
188	1.182842e+01	1.823823e-01	8.473147e-01	4.438526e-02	1.732095e+00	5.003156e-02	2.680839e-02	
189	1.281357e+01	8.556644e-01	9.964386e-01	1.483900e-02	1.503136e+00	5.088267e-02	5.426453e-04	
191	1.214939e+01	9.380912e-01	8.208933e-01	1.514005e-02	1.443151e+00	5.328114e-02	2.620147e-02	
193	1.253162e+01	9.345958e-01	6.952495e-01	1.493875e-02	1.302529e+00	5.529886e-02	4.023775e-02	
195	1.044197e+01	9.755933e-02	8.820059e-01	7.374631e-02	1.627035e+00	2.316248e-02	1.946073e-02	
196	1.287513e+01	7.020549e-01	7.083465e-01	1.580778e-02	1.549289e+00	9.796001e-02	4.580380e-02	
197	1.164179e+01	6.794732e-01	6.722585e-01	1.765848e-02	1.448406e+00	3.377537e-02	4.811976e-02	
198	1.197988e+01	8.182257e-01	9.777556e-01	1.660027e-02	1.351328e+00	3.220079e-02	3.047070e-03	
200	1.310270e+01	9.687354e-01	8.181546e-01	1.495439e-02	1.380174e+00	4.758976e-02	2.544121e-02	
202	1.206559e+01	7.263606e-01	8.321741e-01	1.783485e-02	1.353595e+00	4.376849e-02	2.302765e-02	
203	1.277810e+01	5.568568e-01	8.885476e-01	2.193945e-02	1.352636e+00	3.091314e-02	1.528172e-02	
204	1.097772e+01	1.419145e+00	9.424213e-01	1.374193e-02	1.399586e+00	6.460909e-02	8.168891e-03	
205	1.046081e+01	8.820453e-01	8.627196e-01	1.626545e-02	1.324688e+00	4.439427e-02	1.843419e-02	
206	1.043372e+01	6.660471e-01	7.508988e-01	1.712036e-02	1.348544e+00	4.182914e-02	3.405201e-02	
