2.746978e+00	2.000000e+00	3.079472e-02
2.965622e+00	0.000000e+00	3.736679e-02
3.201668e+00	0.000000e+00	4.588823e-02
3.456502e+00	0.000000e+00	5.705478e-02
3.731619e+00	1.000000e+00	7.184561e-02
4.028634e+00	0.000000e+00	9.164991e-02
4.349289e+00	5.000000e+00	1.184533e-01
4.695467e+00	3.000000e+00	1.551120e-01
5.069199e+00	0.000000e+00	2.057558e-01
5.472678e+00	2.000000e+00	2.763754e-01
5.908271e+00	3.000000e+00	3.756678e-01
6.378534e+00	1.000000e+00	5.162284e-01
6.886228e+00	1.000000e+00	7.161715e-01
7.434332e+00	2.000000e+00	1.001209e+00
8.026061e+00	2.000000e+00	1.407049e+00
8.664888e+00	2.000000e+00	1.981578e+00
9.354563e+00	1.000000e+00	2.785535e+00
1.009913e+01	3.000000e+00	3.889064e+00
1.090296e+01	4.000000e+00	5.359772e+00
1.177077e+01	1.300000e+01	7.236385e+00
1.270766e+01	1.700000e+01	9.483045e+00
1.371911e+01	6.000000e+00	1.192705e+01
1.481108e+01	7.000000e+00	1.420226e+01
1.598995e+01	1.300000e+01	1.575015e+01
1.726266e+01	1.700000e+01	1.594932e+01
1.863666e+01	2.600000e+01	1.440334e+01
2.012003e+01	9.000000e+00	1.127678e+01
2.172147e+01	3.000000e+00	7.401057e+00
2.345037e+01	1.000000e+00	3.912102e+00


1.088178e-02	0.000000e+00	1.334591e-16
1.280083e-02	0.000000e+00	1.602175e-16
1.505832e-02	0.000000e+00	1.985359e-16
1.771394e-02	0.000000e+00	2.553150e-16
2.083788e-02	0.000000e+00	3.428792e-16
2.451275e-02	0.000000e+00	4.843798e-16
2.883570e-02	0.000000e+00	7.258640e-16
3.392102e-02	0.000000e+00	1.165056e-15
3.990316e-02	0.000000e+00	2.025234e-15
4.694029e-02	0.000000e+00	3.861303e-15
5.521845e-02	0.000000e+00	8.191230e-15
6.495650e-02	1.000000e+00	1.964799e-14
7.641192e-02	0.000000e+00	5.425259e-14
8.988755e-02	0.000000e+00	1.758660e-13
1.057397e-01	0.000000e+00	6.835433e-13
1.243874e-01	1.000000e+00	3.256528e-12
1.463238e-01	0.000000e+00	1.944297e-11
1.721287e-01	0.000000e+00	1.485268e-10
2.024845e-01	0.000000e+00	1.476770e-09
2.381937e-01	1.000000e+00	1.930353e-08
2.802003e-01	1.000000e+00	3.309894e-07
3.296151e-01	1.000000e+00	7.282860e-06
3.877444e-01	7.000000e+00	1.950897e-04
4.561251e-01	3.000000e+00	5.762422e-03
5.365651e-01	7.000000e+00	1.586845e-01
6.311911e-01	9.000000e+00	3.114906e+00
7.425049e-01	2.700000e+01	2.880825e+01
8.734494e-01	6.800000e+01	6.732138e+01
1.027487e+00	1.500000e+01	1.582338e+01


7.918002e-01	1.000000e+00	8.221983e-01
8.138795e-01	1.000000e+00	1.593093e+00
8.365744e-01	2.000000e+00	2.839447e+00
8.599022e-01	6.000000e+00	4.617842e+00
8.838805e-01	6.000000e+00	6.793633e+00
9.085274e-01	7.000000e+00	8.958047e+00
9.338616e-01	1.400000e+01	1.048319e+01
9.599023e-01	1.100000e+01	1.077400e+01
9.866691e-01	7.000000e+00	9.616000e+00
1.014182e+00	7.000000e+00	7.364687e+00
1.042463e+00	7.000000e+00	4.778848e+00
1.071532e+00	1.000000e+00	2.591825e+00
1.101411e+00	2.000000e+00	1.158034e+00
1.132124e+00	2.000000e+00	4.197427e-01
1.163693e+00	1.000000e+00	1.214148e-01
1.196143e+00	1.000000e+00	2.754291e-02
1.229497e+00	2.000000e+00	4.809889e-03
1.263781e+00	0.000000e+00	6.339731e-04
1.299022e+00	5.000000e+00	6.175831e-05
1.335245e+00	1.200000e+01	4.348200e-06
1.372478e+00	9.000000e+00	2.160738e-07
1.410749e+00	8.000000e+00	7.389478e-09
1.450088e+00	5.000000e+00	1.693162e-10
1.490524e+00	5.000000e+00	2.526290e-12
1.532087e+00	6.000000e+00	2.381351e-14
1.574809e+00	9.000000e+00	1.373281e-16
1.618722e+00	4.000000e+00	4.682388e-19
1.663860e+00	1.000000e+00	9.103487e-22
1.710257e+00	2.000000e+00	9.711188e-25


1.056708e-02	4.000000e+00	4.184772e+00
1.176556e-02	4.000000e+00	5.226725e+00
1.309997e-02	7.000000e+00	6.425871e+00
1.458573e-02	6.000000e+00	7.686578e+00
1.623999e-02	1.000000e+01	8.810319e+00
1.808187e-02	1.200000e+01	9.485171e+00
2.013265e-02	9.000000e+00	9.347085e+00
2.241603e-02	7.000000e+00	8.155410e+00
2.495837e-02	5.000000e+00	6.037557e+00
2.778907e-02	3.000000e+00	3.592001e+00
3.094080e-02	1.000000e+00	1.602865e+00
3.445000e-02	8.000000e+00	4.915467e-01
3.835720e-02	5.000000e+00	9.275714e-02
4.270754e-02	0.000000e+00	9.369869e-03
4.755128e-02	7.000000e+00	4.251850e-04
5.294438e-02	2.000000e+00	6.953854e-06
5.894914e-02	4.000000e+00	3.109512e-08
6.563495e-02	4.000000e+00	2.689517e-11
7.307903e-02	0.000000e+00	2.918132e-15
8.136740e-02	2.000000e+00	2.311554e-20
9.059580e-02	2.000000e+00	6.799732e-27
1.008709e-01	5.000000e+00	3.195367e-35
1.123113e-01	1.000000e+00	8.378435e-46
1.250492e-01	1.000000e+00	3.304599e-59
1.392319e-01	0.000000e+00	3.831081e-76
1.550231e-01	2.000000e+00	1.710248e-97
1.726052e-01	1.000000e+00	2.343888e-124
1.921815e-01	1.000000e+00	4.243367e-158
2.139781e-01	1.000000e+00	2.030341e-200


4.234361e-02	4.000000e+00	7.238569e+00
4.580442e-02	4.000000e+00	7.075258e+00
4.954809e-02	7.000000e+00	6.901870e+00
5.359773e-02	6.000000e+00	6.718096e+00
5.797836e-02	1.000000e+01	6.523675e+00
6.271703e-02	1.200000e+01	6.318409e+00
6.784299e-02	9.000000e+00	6.102183e+00
7.338791e-02	7.000000e+00	5.874974e+00
7.938603e-02	5.000000e+00	5.636875e+00
8.587438e-02	3.000000e+00	5.388117e+00
9.289303e-02	1.000000e+00	5.129087e+00
1.004853e-01	8.000000e+00	4.860354e+00
1.086982e-01	5.000000e+00	4.582691e+00
1.175822e-01	0.000000e+00	4.297097e+00
1.271924e-01	7.000000e+00	4.004819e+00
1.375881e-01	2.000000e+00	3.707369e+00
1.488334e-01	4.000000e+00	3.406533e+00
1.609978e-01	4.000000e+00	3.104375e+00
1.741564e-01	0.000000e+00	2.803230e+00
1.883904e-01	2.000000e+00	2.505679e+00
2.037879e-01	2.000000e+00	2.214511e+00
2.204438e-01	5.000000e+00	1.932661e+00
2.384610e-01	1.000000e+00	1.663131e+00
2.579509e-01	1.000000e+00	1.408879e+00
2.790336e-01	0.000000e+00	1.172698e+00
3.018395e-01	2.000000e+00	9.570670e-01
3.265093e-01	1.000000e+00	7.640041e-01
3.531954e-01	1.000000e+00	5.949144e-01
3.820627e-01	1.000000e+00	4.504645e-01


