0	3	R2	2.054300e+00	2.054300e+00	7.541801e-10	9.744996e-15	4.557100e-02
0	5	R2	2.944200e+00	2.944200e+00	1.241166e-09	-9.640491e-15	4.606500e-02
0	6	R2	3.603100e+00	3.603100e+00	1.632732e-09	-7.631054e-15	1.163900e-01
0	7	R2	5.353100e+00	5.353100e+00	2.859949e-09	0.000000e+00	3.176700e-01
0	10	R2	1.406380e+01	1.406380e+01	9.743419e-09	-6.900604e-07	2.753800e-01
0	11	R2	1.699490e+01	1.699490e+01	1.196626e-08	0.000000e+00	4.465700e-01
0	12	R2	1.646780e+01	1.646780e+01	1.156866e-08	-5.060125e-15	7.021000e-01
0	13	R2	1.720840e+01	1.720840e+01	1.212709e-08	-5.925337e-15	5.995800e-01
0	14	R2	1.988680e+01	1.988680e+01	1.413562e-08	0.000000e+00	5.981500e-01
0	15	R2	1.660550e+01	1.660550e+01	1.167261e-08	0.000000e+00	4.449200e-01
0	16	R2	1.780600e+01	1.780600e+01	1.257663e-08	0.000000e+00	4.656700e-01
0	17	R2	1.734370e+01	1.734370e+01	1.222895e-08	0.000000e+00	5.827000e-01
0	18	R2	1.793500e+01	1.793500e+01	1.267355e-08	9.522404e-15	3.730900e-01
0	19	R2	1.756780e+01	1.756780e+01	1.239755e-08	-8.292595e-15	4.284200e-01
0	20	R2	1.640260e+01	1.640260e+01	1.151942e-08	0.000000e+00	4.343500e-01
0	21	R2	1.729740e+01	1.729740e+01	1.219410e-08	0.000000e+00	3.912900e-01
0	22	R2	1.683370e+01	1.683370e+01	1.184475e-08	0.000000e+00	3.508500e-01
0	23	R2	1.582060e+01	1.582060e+01	1.107931e-08	-5.281432e-15	3.363400e-01
0	24	R2	1.823020e+01	1.823020e+01	1.289520e-08	0.000000e+00	4.542000e-01
0	25	R2	1.943140e+01	1.943140e+01	1.379517e-08	-7.179665e-15	4.948300e-01
0	26	R2	1.645590e+01	1.645590e+01	1.155967e-08	-1.105731e-14	3.213000e-01
0	29	R2	1.528340e+01	1.528340e+01	1.067207e-08	-4.207183e-15	4.222200e-01
0	30	R2	1.626120e+01	1.626120e+01	1.141259e-08	-9.910493e-15	3.584800e-01
0	31	R2	1.758440e+01	1.758440e+01	1.241004e-08	-9.863717e-15	3.601800e-01
0	32	R2	2.059370e+01	2.059370e+01	1.466339e-08	0.000000e+00	1.180000e+00
0	33	R2	1.640260e+01	1.640260e+01	1.151942e-08	0.000000e+00	5.868600e-01
0	34	R2	1.493630e+01	1.493630e+01	1.040839e-08	2.144970e-14	3.312600e-01
0	36	R2	1.417050e+01	1.417050e+01	9.824916e-09	0.000000e+00	3.557200e-01
0	37	R2	1.706880e+01	1.706880e+01	1.202195e-08	-8.392700e-15	4.233100e-01
0	38	R2	1.633620e+01	1.633620e+01	1.146926e-08	-1.399974e-14	2.537700e-01
0	40	R2	1.475620e+01	1.475620e+01	1.027138e-08	0.000000e+00	2.464900e-01
0	41	R2	1.578780e+01	1.578780e+01	1.105447e-08	-1.592502e-14	2.230900e-01
0	42	R2	1.672290e+01	1.672290e+01	1.176119e-08	0.000000e+00	2.630600e-01
0	43	R2	1.784780e+01	1.784780e+01	1.260804e-08	0.000000e+00	2.788300e-01
0	44	R2	1.712190e+01	1.712190e+01	1.206195e-08	-1.220193e-14	2.911600e-01
0	45	R2	3.083940e+01	3.083940e+01	2.225015e-08	0.000000e+00	1.440800e+00
0	46	R2	1.756940e+01	1.756940e+01	1.239876e-08	0.000000e+00	6.689100e-01
0	47	R2	1.497490e+01	1.497490e+01	1.043773e-08	-1.530287e-14	2.321600e-01
0	49	R2	1.647520e+01	1.647520e+01	1.157425e-08	0.000000e+00	7.501800e-01
0	50	R2	1.631420e+01	1.631420e+01	1.145264e-08	-9.330585e-15	3.807600e-01
0	51	R2	1.588220e+01	1.588220e+01	1.112594e-08	0.000000e+00	3.316400e-01
0	52	R2	1.579930e+01	1.579930e+01	1.106318e-08	8.223303e-15	4.320300e-01
0	53	R2	1.462730e+01	1.462730e+01	1.017325e-08	0.000000e+00	3.946900e-01
0	54	R2	1.881590e+01	1.881590e+01	1.333439e-08	5.684160e-15	6.250200e-01
0	55	R2	1.639950e+01	1.639950e+01	1.151708e-08	6.593018e-15	5.388600e-01
0	56	R2	1.672070e+01	1.672070e+01	1.175953e-08	1.168272e-14	3.041000e-01
0	58	R2	1.804040e+01	1.804040e+01	1.275271e-08	0.000000e+00	4.163000e-01
0	59	R2	1.648860e+01	1.648860e+01	1.158436e-08	-1.437182e-14	2.472000e-01
0	60	R2	1.785030e+01	1.785030e+01	1.260992e-08	-9.409168e-15	3.775800e-01
0	61	R2	1.862380e+01	1.862380e+01	1.319042e-08	-9.434154e-15	3.765800e-01
0	62	R2	1.735170e+01	1.735170e+01	1.223497e-08	0.000000e+00	7.368300e-01
0	63	R2	1.839000e+01	1.839000e+01	1.301510e-08	7.695687e-15	4.616500e-01
0	64	R2	1.978380e+01	1.978380e+01	1.405865e-08	0.000000e+00	4.574500e-01
0	65	R2	1.842070e+01	1.842070e+01	1.303813e-08	1.947333e-14	3.648800e-01
0	66	R2	1.556660e+01	1.556660e+01	1.088688e-08	-1.007348e-14	3.526800e-01
0	67	R2	1.692740e+01	1.692740e+01	1.191539e-08	-8.463275e-15	4.197800e-01
0	68	R2	1.887580e+01	1.887580e+01	1.337927e-08	7.787965e-15	4.561800e-01
0	69	R2	1.747570e+01	1.747570e+01	1.232828e-08	8.056771e-15	4.409600e-01
0	70	R2	1.536960e+01	1.536960e+01	1.073749e-08	-1.194471e-14	2.974300e-01
0	71	R2	1.661500e+01	1.661500e+01	1.167978e-08	2.801456e-14	3.804500e-01
0	72	R2	1.173640e+01	1.173640e+01	7.950860e-09	-1.698400e-14	2.091800e-01
0	73	R2	1.378210e+01	1.378210e+01	9.528007e-09	-1.459559e-14	2.434100e-01
0	74	R2	1.526880e+01	1.526880e+01	1.066099e-08	-7.104291e-15	2.500400e-01
0	75	R2	1.659800e+01	1.659800e+01	1.166695e-08	-1.010787e-14	3.514800e-01
0	76	R2	1.773840e+01	1.773840e+01	1.252582e-08	-7.644683e-15	4.647300e-01
0	77	R2	1.703210e+01	1.703210e+01	1.199430e-08	0.000000e+00	4.923400e-01
0	78	R2	1.780060e+01	1.780060e+01	1.257257e-08	1.495470e-14	4.751300e-01
0	79	R2	1.962910e+01	1.962910e+01	1.394301e-08	-4.594462e-15	7.732600e-01
0	80	R2	1.922970e+01	1.922970e+01	1.364425e-08	0.000000e+00	4.351600e-01
0	81	R2	1.842860e+01	1.842860e+01	1.304405e-08	-7.711221e-15	4.607200e-01
0	82	R2	1.729580e+01	1.729580e+01	1.219289e-08	-1.371810e-14	5.179600e-01
0	83	R2	1.997520e+01	1.997520e+01	1.420167e-08	0.000000e+00	7.225400e-01
0	84	R2	2.037170e+01	2.037170e+01	1.449773e-08	-3.271978e-15	1.085800e+00
0	85	R2	1.788400e+01	1.788400e+01	1.263524e-08	-1.341127e-14	5.298100e-01
0	86	R2	1.842110e+01	1.842110e+01	1.303843e-08	0.000000e+00	6.137800e-01
0	87	R2	1.763190e+01	1.763190e+01	1.244576e-08	0.000000e+00	1.746400e+00
0	89	R2	1.879470e+01	1.879470e+01	1.331851e-08	6.452440e-15	5.506000e-01
0	90	R2	1.890810e+01	1.890810e+01	1.340346e-08	0.000000e+00	8.511200e-01
0	96	R2	1.500940e+01	1.500940e+01	1.046396e-08	1.098143e-14	3.235200e-01
0	97	R2	1.689740e+01	1.689740e+01	1.189278e-08	6.117563e-15	5.807400e-01
0	98	R2	2.051400e+01	2.051400e+01	1.460393e-08	9.535055e-15	7.451900e-01
0	100	R2	1.841160e+01	1.841160e+01	1.303130e-08	0.000000e+00	6.094900e-01
0	101	R2	1.847940e+01	1.847940e+01	1.308215e-08	4.812084e-15	7.382900e-01
0	102	R2	1.862100e+01	1.862100e+01	1.318833e-08	-1.528312e-14	4.649200e-01
0	103	R2	1.863970e+01	1.863970e+01	1.320234e-08	6.998077e-15	5.076700e-01
0	104	R2	1.969240e+01	1.969240e+01	1.399034e-08	-2.253688e-15	1.576400e+00
0	105	R2	2.047920e+01	2.047920e+01	1.457796e-08	7.247330e-15	9.804200e-01
0	106	R2	1.967820e+01	1.967820e+01	1.397972e-08	4.325562e-15	8.213300e-01
0	107	R2	2.206230e+01	2.206230e+01	1.575736e-08	0.000000e+00	1.284100e+00
0	109	R2	2.076770e+01	2.076770e+01	1.479317e-08	0.000000e+00	3.389400e+00
0	110	R2	1.895180e+01	1.895180e+01	1.343619e-08	-5.969643e-15	5.951300e-01
0	111	R2	2.014820e+01	2.014820e+01	1.433088e-08	-3.851974e-15	9.223100e-01
0	113	R2	2.050900e+01	2.050900e+01	1.460019e-08	0.000000e+00	1.127500e+00
0	114	R2	2.084130e+01	2.084130e+01	1.484805e-08	2.996301e-15	1.185700e+00
0	115	R2	1.677540e+01	1.677540e+01	1.180079e-08	8.549220e-15	4.155600e-01
0	119	R2	1.025710e+01	1.025710e+01	6.792620e-09	0.000000e+00	1.239400e-01
0	120	R2	4.197400e+00	4.197400e+00	2.018992e-09	2.862875e-14	6.204800e-02


1	3	NOE	-7.763000e-01	-7.763000e-01	6.671057e-10	-3.072715e-14	2.167900e-02
1	5	NOE	-2.943000e-01	-2.943000e-01	8.580127e-10	1.515146e-14	1.465500e-02
1	6	NOE	-6.240000e-02	-6.240000e-02	9.936885e-10	-1.820924e-14	2.362600e-02
1	7	NOE	2.176000e-01	2.176000e-01	1.241825e-09	-5.584398e-16	4.970200e-02
1	10	NOE	5.153000e-01	5.153000e-01	1.788522e-09	4.870040e-15	2.279700e-02
1	11	NOE	5.835000e-01	5.835000e-01	2.032643e-09	4.465901e-15	2.486000e-02
1	12	NOE	7.964000e-01	7.964000e-01	5.344693e-09	0.000000e+00	4.875600e-02
1	13	NOE	7.488000e-01	7.488000e-01	3.543626e-09	0.000000e+00	3.671600e-02
1	14	NOE	8.467000e-01	8.344307e-01	2.100225e-05	4.105381e-01	2.988600e-02
1	15	NOE	8.358000e-01	8.344307e-01	2.555832e-05	5.081417e-02	2.694800e-02
1	16	NOE	7.068000e-01	7.068000e-01	2.889348e-09	-4.362712e-15	2.544800e-02
1	17	NOE	8.101000e-01	8.101000e-01	6.691900e-09	0.000000e+00	3.187000e-02
1	18	NOE	7.983000e-01	7.983000e-01	5.484540e-09	5.011841e-15	2.215200e-02
1	19	NOE	8.943000e-01	8.344307e-01	2.327887e-05	2.021930e+00	2.961000e-02
1	20	NOE	8.282000e-01	8.282000e-01	1.324944e-08	0.000000e+00	2.765000e-02
1	21	NOE	7.708000e-01	7.708000e-01	4.120611e-09	0.000000e+00	2.262600e-02
1	22	NOE	8.269000e-01	8.269000e-01	1.205002e-08	0.000000e+00	2.204400e-02
1	23	NOE	8.250000e-01	8.250000e-01	1.076578e-08	4.713922e-15	2.355200e-02
1	24	NOE	7.954000e-01	7.954000e-01	5.275216e-09	0.000000e+00	2.595100e-02
1	25	NOE	7.827000e-01	7.827000e-01	4.575906e-09	0.000000e+00	2.332100e-02
1	26	NOE	8.065000e-01	8.065000e-01	6.243364e-09	0.000000e+00	1.972500e-02
1	29	NOE	7.571000e-01	7.571000e-01	3.732302e-09	4.283764e-15	2.591700e-02
1	30	NOE	7.833000e-01	7.833000e-01	4.602973e-09	-7.001980e-08	2.152600e-02
1	31	NOE	8.434000e-01	8.344307e-01	3.410165e-05	4.217492e-01	2.126700e-02
1	32	NOE	9.070000e-01	8.344307e-01	1.905745e-05	1.405130e+00	5.164600e-02
1	33	NOE	8.010000e-01	8.010000e-01	5.703366e-09	3.232843e-15	3.434200e-02
1	34	NOE	8.162000e-01	8.162000e-01	7.735850e-09	0.000000e+00	2.289600e-02
1	36	NOE	7.921000e-01	7.921000e-01	5.063630e-09	-5.081345e-15	2.184900e-02
1	37	NOE	8.348000e-01	8.344307e-01	2.657102e-05	1.554658e-02	2.375700e-02
1	38	NOE	8.225000e-01	8.225000e-01	9.569047e-09	0.000000e+00	1.909500e-02
1	40	NOE	7.897000e-01	7.897000e-01	4.924646e-09	-5.020680e-15	2.211300e-02
1	41	NOE	7.401000e-01	7.401000e-01	3.373078e-09	-5.768291e-15	1.924700e-02
1	42	NOE	6.891000e-01	6.891000e-01	2.702443e-09	0.000000e+00	2.119200e-02
1	43	NOE	7.242000e-01	7.242000e-01	3.114949e-09	5.355893e-15	2.072900e-02
1	44	NOE	7.348000e-01	7.348000e-01	3.280246e-09	-5.161187e-15	2.151100e-02
1	45	NOE	7.143000e-01	7.143000e-01	2.980618e-09	0.000000e+00	3.343300e-02
1	46	NOE	7.894000e-01	7.894000e-01	4.908056e-09	0.000000e+00	4.643600e-02
1	47	NOE	7.467000e-01	7.467000e-01	3.500161e-09	-1.487503e-14	2.239100e-02
1	49	NOE	7.064000e-01	7.064000e-01	2.884705e-09	2.512215e-15	4.419300e-02
1	50	NOE	8.178000e-01	8.178000e-01	8.100813e-09	3.879050e-15	2.862100e-02
1	51	NOE	8.216000e-01	8.216000e-01	9.226453e-09	0.000000e+00	2.455900e-02
1	52	NOE	7.164000e-01	7.164000e-01	3.007706e-09	-4.434684e-15	2.503500e-02
1	53	NOE	7.681000e-01	7.681000e-01	4.034700e-09	-4.025464e-15	2.758000e-02
1	54	NOE	7.681000e-01	7.681000e-01	4.034700e-09	-3.791745e-15	2.928000e-02
1	55	NOE	8.177000e-01	8.177000e-01	8.076481e-09	0.000000e+00	3.307500e-02
1	56	NOE	7.558000e-01	7.558000e-01	3.700800e-09	0.000000e+00	1.974700e-02
1	58	NOE	8.100000e-01	8.100000e-01	6.678119e-09	0.000000e+00	2.722200e-02
1	59	NOE	8.217000e-01	8.217000e-01	9.262718e-09	6.413026e-15	1.731200e-02
1	60	NOE	8.465000e-01	8.344307e-01	3.637817e-05	5.691205e-01	2.120700e-02
1	61	NOE	8.050000e-01	8.050000e-01	6.081204e-09	0.000000e+00	1.890500e-02
1	62	NOE	7.783000e-01	7.783000e-01	4.390819e-09	0.000000e+00	3.064000e-02
1	63	NOE	8.281000e-01	8.281000e-01	1.314424e-08	0.000000e+00	2.397900e-02
1	64	NOE	8.064000e-01	8.064000e-01	6.232151e-09	0.000000e+00	2.113000e-02
1	65	NOE	8.082000e-01	8.082000e-01	6.443674e-09	0.000000e+00	2.110800e-02
1	66	NOE	8.675000e-01	8.344307e-01	2.012568e-05	1.430582e+00	2.311600e-02
1	67	NOE	8.409000e-01	8.344307e-01	2.749429e-05	2.781435e-01	2.325900e-02
1	68	NOE	8.063000e-01	8.063000e-01	6.220997e-09	0.000000e+00	2.277600e-02
1	69	NOE	8.214000e-01	8.214000e-01	9.155179e-09	-5.035710e-15	2.204700e-02
1	70	NOE	8.175000e-01	8.175000e-01	8.028465e-09	5.482583e-15	2.025000e-02
1	71	NOE	8.016000e-01	8.016000e-01	5.755616e-09	0.000000e+00	1.999200e-02
1	72	NOE	6.927000e-01	6.927000e-01	2.737630e-09	6.183364e-15	1.795500e-02
1	73	NOE	7.487000e-01	7.487000e-01	3.541520e-09	-5.805695e-15	1.912300e-02
1	74	NOE	7.867000e-01	7.867000e-01	4.765836e-09	0.000000e+00	1.923000e-02
1	75	NOE	7.430000e-01	7.430000e-01	3.427232e-09	4.755517e-15	2.334600e-02
1	76	NOE	7.891000e-01	7.891000e-01	4.891631e-09	4.679352e-15	2.372600e-02
1	77	NOE	8.100000e-01	8.100000e-01	6.678119e-09	0.000000e+00	2.499800e-02
1	78	NOE	8.731000e-01	8.344307e-01	2.937534e-05	1.431668e+00	2.701000e-02
1	79	NOE	8.045000e-01	8.045000e-01	6.029874e-09	0.000000e+00	2.854500e-02
1	80	NOE	8.232000e-01	8.232000e-01	9.863492e-09	0.000000e+00	2.130800e-02
1	81	NOE	7.985000e-01	7.985000e-01	5.499901e-09	9.624820e-15	2.307000e-02
1	82	NOE	8.679000e-01	8.344307e-01	2.886794e-05	1.099374e+00	3.044400e-02
1	83	NOE	7.692000e-01	7.692000e-01	4.069060e-09	4.027070e-15	2.756900e-02
1	84	NOE	9.024000e-01	8.344307e-01	2.229412e-05	1.516665e+00	4.481500e-02
1	85	NOE	7.640000e-01	7.640000e-01	3.913771e-09	0.000000e+00	2.486300e-02
1	86	NOE	8.681000e-01	8.344307e-01	2.217726e-05	1.148967e+00	2.930400e-02
1	87	NOE	7.253000e-01	7.253000e-01	3.130983e-09	0.000000e+00	5.918400e-02
1	89	NOE	8.730000e-01	8.344307e-01	2.981960e-05	1.332228e+00	2.895100e-02
1	90	NOE	8.477000e-01	8.344307e-01	1.893328e-05	2.870102e-01	4.623300e-02
1	96	NOE	8.191000e-01	8.191000e-01	8.438459e-09	0.000000e+00	2.616400e-02
1	97	NOE	8.277000e-01	8.277000e-01	1.274713e-08	0.000000e+00	3.325100e-02
1	98	NOE	8.387000e-01	8.344307e-01	2.466251e-05	1.115060e-01	3.828800e-02
1	100	NOE	8.548000e-01	8.344307e-01	3.422374e-05	6.566307e-01	3.102100e-02
1	101	NOE	7.957000e-01	7.957000e-01	5.295777e-09	0.000000e+00	3.629700e-02
1	102	NOE	7.628000e-01	7.628000e-01	3.880347e-09	-4.349722e-15	2.552400e-02
1	103	NOE	8.291000e-01	8.291000e-01	1.432569e-08	0.000000e+00	2.512300e-02
1	104	NOE	9.090000e-01	8.344307e-01	2.075546e-05	1.198151e+00	6.223700e-02
1	105	NOE	8.348000e-01	8.344307e-01	2.657102e-05	1.145703e-02	3.223700e-02
1	106	NOE	8.062000e-01	8.062000e-01	6.209903e-09	0.000000e+00	3.262600e-02
1	107	NOE	8.175000e-01	8.175000e-01	8.028465e-09	2.664578e-15	4.166600e-02
1	109	NOE	6.818000e-01	6.818000e-01	2.634910e-09	0.000000e+00	9.962100e-02
1	110	NOE	8.033000e-01	8.033000e-01	5.911755e-09	-4.002679e-15	2.773700e-02
1	111	NOE	8.360000e-01	8.344307e-01	2.166614e-05	4.294387e-02	3.654400e-02
1	113	NOE	8.227000e-01	8.227000e-01	9.650481e-09	0.000000e+00	3.708400e-02
1	114	NOE	8.774000e-01	8.344307e-01	3.481251e-05	9.437796e-01	4.552900e-02
1	115	NOE	8.314000e-01	8.314000e-01	1.900394e-08	0.000000e+00	2.444900e-02
1	119	NOE	3.210000e-01	3.210000e-01	1.378345e-09	-3.706922e-15	1.497500e-02
1	120	NOE	5.070000e-02	5.070000e-02	1.078796e-09	2.471820e-15	1.403600e-02


2	3	R1	9.804300e-01	9.804300e-01	2.309030e-10	9.140647e-15	1.214600e-02
2	5	R1	1.198300e+00	1.198300e+00	3.376029e-10	-1.525765e-14	1.455300e-02
2	6	R1	1.268100e+00	1.268100e+00	3.800720e-10	1.438858e-14	3.086400e-02
2	7	R1	1.239500e+00	1.239500e+00	1.099943e-08	0.000000e+00	7.561500e-02
2	10	R1	1.130500e+00	1.130500e+00	1.217747e-08	0.000000e+00	2.264500e-02
2	11	R1	1.028700e+00	1.028700e+00	1.349045e-08	0.000000e+00	2.512700e-02
2	12	R1	1.018600e+00	1.018600e+00	1.363437e-08	1.354288e-14	4.918700e-02
2	13	R1	1.021500e+00	1.021500e+00	1.359277e-08	3.732483e-07	3.792900e-02
2	14	R1	9.086900e-01	9.086900e-01	1.539920e-08	0.000000e+00	2.284500e-02
2	15	R1	9.180700e-01	9.180700e-01	1.523267e-08	4.967885e-15	2.234800e-02
2	16	R1	1.016100e+00	1.016100e+00	1.367042e-08	8.574475e-15	2.589600e-02
2	17	R1	9.024800e-01	9.024800e-01	1.551130e-08	0.000000e+00	2.912600e-02
2	18	R1	8.946600e-01	8.946600e-01	1.565461e-08	0.000000e+00	1.732000e-02
2	19	R1	1.010300e+00	1.010300e+00	1.375471e-08	-9.795941e-15	2.266700e-02
2	20	R1	9.632100e-01	9.632100e-01	1.447519e-08	4.635393e-15	2.395100e-02
2	21	R1	9.663400e-01	9.663400e-01	1.442521e-08	0.000000e+00	2.085500e-02
2	22	R1	8.966900e-01	8.966900e-01	1.561718e-08	0.000000e+00	1.602500e-02
2	23	R1	1.000400e+00	1.000400e+00	1.390076e-08	1.070817e-14	2.073600e-02
2	24	R1	9.389000e-01	9.389000e-01	1.487438e-08	-9.652015e-15	2.300500e-02
2	25	R1	8.480100e-01	8.480100e-01	1.656279e-08	-5.698712e-15	1.948200e-02
2	26	R1	1.057500e+00	1.057500e+00	1.309453e-08	7.403476e-07	1.968500e-02
2	29	R1	1.020300e+00	1.020300e+00	1.360996e-08	-8.745012e-15	2.539100e-02
2	30	R1	1.002900e+00	1.002900e+00	1.386362e-08	-1.928391e-14	2.302900e-02
2	31	R1	9.600800e-01	9.600800e-01	1.452550e-08	0.000000e+00	1.841300e-02
2	32	R1	8.670200e-01	8.670200e-01	1.618123e-08	0.000000e+00	4.720200e-02
2	33	R1	1.096000e+00	1.096000e+00	1.259637e-08	-5.420746e-15	4.096200e-02
2	34	R1	1.063600e+00	1.063600e+00	1.301330e-08	0.000000e+00	2.409900e-02
2	36	R1	1.076100e+00	1.076100e+00	1.284961e-08	-9.525723e-15	2.331000e-02
2	37	R1	9.281300e-01	9.281300e-01	1.505769e-08	5.467732e-15	2.030500e-02
2	38	R1	9.299200e-01	9.299200e-01	1.502694e-08	-7.848873e-15	1.414500e-02
2	40	R1	9.720700e-01	9.720700e-01	1.433450e-08	-7.692787e-15	1.443200e-02
2	41	R1	1.083300e+00	1.083300e+00	1.275696e-08	0.000000e+00	1.387900e-02
2	42	R1	8.767100e-01	8.767100e-01	1.599294e-08	0.000000e+00	1.238000e-02
2	43	R1	9.353000e-01	9.353000e-01	1.493520e-08	8.387271e-15	1.323700e-02
2	44	R1	8.884300e-01	8.884300e-01	1.577053e-08	-7.751871e-15	1.432200e-02
2	45	R1	9.458500e-01	9.458500e-01	1.475823e-08	7.868621e-15	2.821900e-02
2	46	R1	1.050400e+00	1.050400e+00	1.319020e-08	5.410312e-15	4.104100e-02
2	47	R1	1.025200e+00	1.025200e+00	1.354001e-08	0.000000e+00	1.707200e-02
2	49	R1	1.036800e+00	1.036800e+00	1.337696e-08	4.085307e-15	5.435200e-02
2	50	R1	1.008100e+00	1.008100e+00	1.378693e-08	0.000000e+00	2.319500e-02
2	51	R1	9.402200e-01	9.402200e-01	1.485219e-08	-6.114910e-15	1.815600e-02
2	52	R1	9.015100e-01	9.015100e-01	1.552895e-08	-1.572257e-14	2.118400e-02
2	53	R1	9.927100e-01	9.927100e-01	1.401614e-08	-9.032445e-15	2.458300e-02
2	54	R1	9.284400e-01	9.284400e-01	1.505235e-08	-4.137683e-15	2.683200e-02
2	55	R1	9.989300e-01	9.989300e-01	1.392269e-08	-3.526869e-15	3.147900e-02
2	56	R1	9.950300e-01	9.950300e-01	1.398115e-08	5.716317e-15	1.942200e-02
2	58	R1	8.709800e-01	8.709800e-01	1.610379e-08	1.584976e-14	2.101400e-02
2	59	R1	9.376700e-01	9.376700e-01	1.489511e-08	-1.603210e-14	1.385000e-02
2	60	R1	9.109500e-01	9.109500e-01	1.535878e-08	0.000000e+00	1.719900e-02
2	61	R1	8.773800e-01	8.773800e-01	1.598007e-08	6.438315e-15	1.724400e-02
2	62	R1	9.078900e-01	9.078900e-01	1.541356e-08	-3.609425e-15	3.075900e-02
2	63	R1	9.063200e-01	9.063200e-01	1.544181e-08	1.070610e-14	2.074000e-02
2	64	R1	9.314200e-01	9.314200e-01	1.500126e-08	-6.600220e-15	1.682100e-02
2	65	R1	8.646900e-01	8.646900e-01	1.622712e-08	0.000000e+00	1.666900e-02
2	66	R1	9.327100e-01	9.327100e-01	1.497924e-08	5.838056e-15	1.901700e-02
2	67	R1	8.809300e-01	8.809300e-01	1.591219e-08	-5.813599e-15	1.909700e-02
2	68	R1	9.327000e-01	9.327000e-01	1.497941e-08	-1.137640e-14	1.951800e-02
2	69	R1	9.432900e-01	9.432900e-01	1.480082e-08	1.678426e-14	1.984400e-02
2	70	R1	1.067400e+00	1.067400e+00	1.296315e-08	-1.040314e-14	2.134400e-02
2	71	R1	1.025300e+00	1.025300e+00	1.353859e-08	0.000000e+00	1.907100e-02
2	72	R1	9.882700e-01	9.882700e-01	1.408354e-08	1.529970e-14	1.451300e-02
2	73	R1	9.287100e-01	9.287100e-01	1.504771e-08	0.000000e+00	1.529600e-02
2	74	R1	9.068300e-01	9.068300e-01	1.543262e-08	2.216309e-14	1.502800e-02
2	75	R1	8.931700e-01	8.931700e-01	1.568219e-08	7.099975e-15	1.563700e-02
2	76	R1	9.215900e-01	9.215900e-01	1.517102e-08	2.326292e-14	1.909000e-02
2	77	R1	9.056000e-01	9.056000e-01	1.545480e-08	0.000000e+00	2.172200e-02
2	78	R1	9.027800e-01	9.027800e-01	1.550585e-08	-1.041680e-14	2.131600e-02
2	79	R1	9.409200e-01	9.409200e-01	1.484045e-08	3.968909e-15	2.797300e-02
2	80	R1	9.716700e-01	9.716700e-01	1.434080e-08	0.000000e+00	1.955900e-02
2	81	R1	8.970300e-01	8.970300e-01	1.561092e-08	-1.240057e-14	1.790600e-02
2	82	R1	9.008100e-01	9.008100e-01	1.554170e-08	1.479443e-14	2.251300e-02
2	83	R1	8.886700e-01	8.886700e-01	1.576604e-08	0.000000e+00	2.589900e-02
2	84	R1	9.646700e-01	9.646700e-01	1.445184e-08	2.584619e-15	4.295500e-02
2	85	R1	8.686800e-01	8.686800e-01	1.614869e-08	-1.494847e-14	2.228100e-02
2	86	R1	8.877700e-01	8.877700e-01	1.578290e-08	4.602915e-15	2.412000e-02
2	87	R1	9.676400e-01	9.676400e-01	1.440454e-08	1.459975e-15	7.604400e-02
2	89	R1	8.863700e-01	8.863700e-01	1.580921e-08	-1.560471e-14	2.134400e-02
2	90	R1	8.570800e-01	8.570800e-01	1.637869e-08	2.903986e-15	3.823100e-02
2	96	R1	1.007500e+00	1.007500e+00	1.379574e-08	1.009523e-14	2.199500e-02
2	97	R1	1.039300e+00	1.039300e+00	1.334228e-08	4.301409e-07	3.339400e-02
2	98	R1	9.199900e-01	9.199900e-01	1.519899e-08	1.007797e-14	3.304900e-02
2	100	R1	9.333400e-01	9.333400e-01	1.496850e-08	-5.154239e-15	2.154000e-02
2	101	R1	8.552500e-01	8.552500e-01	1.641553e-08	8.449829e-15	2.627800e-02
2	102	R1	9.169500e-01	9.169500e-01	1.525238e-08	6.022039e-15	1.843600e-02
2	103	R1	8.978300e-01	8.978300e-01	1.559623e-08	5.005063e-15	2.218200e-02
2	104	R1	9.682600e-01	9.682600e-01	1.439470e-08	-1.744783e-15	6.363100e-02
2	105	R1	9.862300e-01	9.862300e-01	1.411471e-08	6.394557e-15	3.472400e-02
2	106	R1	9.110800e-01	9.110800e-01	1.535646e-08	0.000000e+00	3.340500e-02
2	107	R1	8.666100e-01	8.666100e-01	1.618929e-08	0.000000e+00	3.572600e-02
2	109	R1	8.290900e-01	8.290900e-01	1.695944e-08	9.985816e-16	1.111800e-01
2	110	R1	8.985400e-01	8.985400e-01	1.558320e-08	-5.409389e-15	2.052400e-02
2	111	R1	8.964400e-01	8.964400e-01	1.562178e-08	3.351111e-15	3.313000e-02
2	113	R1	9.139800e-01	9.139800e-01	1.530488e-08	6.546319e-15	3.391900e-02
2	114	R1	9.296900e-01	9.296900e-01	1.503088e-08	0.000000e+00	3.877200e-02
2	115	R1	9.595400e-01	9.595400e-01	1.453421e-08	0.000000e+00	2.063700e-02
2	119	R1	1.076300e+00	1.076300e+00	1.284702e-08	0.000000e+00	1.356400e-02
2	120	R1	1.199300e+00	1.199300e+00	1.141042e-08	3.629366e-14	1.223600e-02


