0	3	R2	2.353300e+00	2.353300e+00	8.179708e-10	1.527392e-14	2.907500e-02
0	5	R2	3.373000e+00	3.373000e+00	1.321146e-09	-1.548860e-14	2.867200e-02
0	6	R2	4.089400e+00	4.089400e+00	1.727609e-09	-1.366933e-14	6.497600e-02
0	7	R2	5.798600e+00	5.798600e+00	2.837383e-09	-3.085064e-07	2.018000e-01
0	10	R2	1.784380e+01	1.784380e+01	1.067738e-08	1.811685e-14	1.961000e-01
0	11	R2	2.300820e+01	2.300820e+01	1.390582e-08	-9.628994e-15	3.689600e-01
0	12	R2	2.133250e+01	2.133250e+01	1.286141e-08	4.358409e-15	8.151400e-01
0	13	R2	2.203140e+01	2.203140e+01	1.329731e-08	-6.160312e-15	5.767100e-01
0	14	R2	2.256020e+01	2.256020e+01	1.362683e-08	8.244485e-15	4.309200e-01
0	15	R2	2.276310e+01	2.276310e+01	1.375321e-08	0.000000e+00	3.002100e-01
0	16	R2	2.174540e+01	2.174540e+01	1.311899e-08	-2.316282e-14	3.067600e-01
0	17	R2	2.393380e+01	2.393380e+01	1.448175e-08	-7.384717e-15	4.810900e-01
0	18	R2	2.195690e+01	2.195690e+01	1.325086e-08	-1.253073e-14	2.835200e-01
0	19	R2	2.245170e+01	2.245170e+01	1.355924e-08	9.203206e-15	3.860300e-01
0	20	R2	2.232750e+01	2.232750e+01	1.348185e-08	0.000000e+00	3.553500e-01
0	21	R2	2.373830e+01	2.373830e+01	1.436016e-08	-9.052884e-15	3.924400e-01
0	22	R2	2.332050e+01	2.332050e+01	1.410021e-08	2.036289e-14	3.489400e-01
0	23	R2	2.170740e+01	2.170740e+01	1.309529e-08	1.100048e-14	3.229600e-01
0	24	R2	2.272580e+01	2.272580e+01	1.372998e-08	0.000000e+00	3.997600e-01
0	25	R2	2.384000e+01	2.384000e+01	1.442342e-08	8.888895e-15	3.996800e-01
0	26	R2	2.051160e+01	2.051160e+01	1.234881e-08	1.584972e-14	2.241500e-01
0	29	R2	1.968560e+01	1.968560e+01	1.183229e-08	-2.582102e-14	2.751800e-01
0	30	R2	2.034300e+01	2.034300e+01	1.224344e-08	0.000000e+00	2.871400e-01
0	31	R2	2.189270e+01	2.189270e+01	1.321084e-08	-2.047674e-14	3.470000e-01
0	32	R2	2.414600e+01	2.414600e+01	1.461370e-08	0.000000e+00	1.068200e+00
0	33	R2	2.050660e+01	2.050660e+01	1.234568e-08	0.000000e+00	4.884800e-01
0	34	R2	1.910370e+01	1.910370e+01	1.146791e-08	-1.181913e-14	3.005900e-01
0	36	R2	1.862270e+01	1.862270e+01	1.116638e-08	0.000000e+00	3.198500e-01
0	37	R2	2.184840e+01	2.184840e+01	1.318321e-08	9.476177e-15	3.749100e-01
0	38	R2	2.073010e+01	2.073010e+01	1.248532e-08	0.000000e+00	2.376200e-01
0	40	R2	2.017430e+01	2.017430e+01	1.213798e-08	-1.383779e-14	2.567400e-01
0	41	R2	2.106840e+01	2.106840e+01	1.269657e-08	-1.787439e-14	1.987600e-01
0	42	R2	1.933590e+01	1.933590e+01	1.161336e-08	-1.798023e-14	1.975900e-01
0	43	R2	2.232130e+01	2.232130e+01	1.347799e-08	-2.877740e-14	2.469100e-01
0	44	R2	2.157100e+01	2.157100e+01	1.301021e-08	-1.293024e-14	2.747600e-01
0	45	R2	4.083470e+01	4.083470e+01	2.493412e-08	0.000000e+00	2.138900e+00
0	46	R2	2.205570e+01	2.205570e+01	1.331246e-08	0.000000e+00	9.784600e-01
0	47	R2	1.962510e+01	1.962510e+01	1.179442e-08	-1.645308e-14	2.159300e-01
0	49	R2	2.194260e+01	2.194260e+01	1.324195e-08	0.000000e+00	8.882400e-01
0	50	R2	2.154120e+01	2.154120e+01	1.299162e-08	0.000000e+00	3.917300e-01
0	51	R2	2.233420e+01	2.233420e+01	1.348603e-08	-1.015438e-14	3.498700e-01
0	52	R2	2.113600e+01	2.113600e+01	1.273877e-08	-9.755378e-15	3.641800e-01
0	53	R2	1.829150e+01	1.829150e+01	1.095856e-08	0.000000e+00	2.877000e-01
0	54	R2	2.842830e+01	2.842830e+01	1.727097e-08	0.000000e+00	9.099000e-01
0	55	R2	2.229510e+01	2.229510e+01	1.346166e-08	-5.583394e-15	6.363000e-01
0	56	R2	2.135560e+01	2.135560e+01	1.287582e-08	9.600891e-15	3.700400e-01
0	58	R2	2.176670e+01	2.176670e+01	1.313227e-08	-2.239693e-14	3.172500e-01
0	59	R2	2.125230e+01	2.125230e+01	1.281136e-08	-1.716701e-14	2.069500e-01
0	60	R2	2.244110e+01	2.244110e+01	1.355263e-08	-2.476967e-14	2.868600e-01
0	61	R2	2.384910e+01	2.384910e+01	1.442908e-08	0.000000e+00	3.636400e-01
0	62	R2	2.115190e+01	2.115190e+01	1.274869e-08	-7.106707e-15	4.999100e-01
0	63	R2	2.301130e+01	2.301130e+01	1.390775e-08	0.000000e+00	3.775000e-01
0	64	R2	2.391400e+01	2.391400e+01	1.446944e-08	0.000000e+00	3.707600e-01
0	65	R2	2.177550e+01	2.177550e+01	1.313776e-08	0.000000e+00	3.092400e-01
0	66	R2	2.206860e+01	2.206860e+01	1.332050e-08	-1.071612e-14	3.315300e-01
0	67	R2	2.218390e+01	2.218390e+01	1.339236e-08	1.826494e-14	3.890200e-01
0	68	R2	2.184120e+01	2.184120e+01	1.317873e-08	0.000000e+00	3.718200e-01
0	69	R2	2.147360e+01	2.147360e+01	1.294945e-08	1.068389e-14	3.325300e-01
0	70	R2	1.917020e+01	1.917020e+01	1.150957e-08	2.523145e-14	2.816100e-01
0	71	R2	1.943290e+01	1.943290e+01	1.167410e-08	2.519566e-14	2.820100e-01
0	72	R2	1.583040e+01	1.583040e+01	9.408460e-09	1.036562e-14	1.713700e-01
0	73	R2	1.912830e+01	1.912830e+01	1.148332e-08	-1.424390e-14	2.494200e-01
0	74	R2	2.105510e+01	2.105510e+01	1.268827e-08	-1.274562e-14	2.787400e-01
0	75	R2	2.293070e+01	2.293070e+01	1.385757e-08	-2.216636e-14	3.205500e-01
0	76	R2	2.120470e+01	2.120470e+01	1.278165e-08	-9.784664e-15	3.630900e-01
0	77	R2	2.338220e+01	2.338220e+01	1.413861e-08	-8.621627e-15	4.120700e-01
0	78	R2	2.188620e+01	2.188620e+01	1.320678e-08	0.000000e+00	3.757100e-01
0	79	R2	2.382710e+01	2.382710e+01	1.441539e-08	-1.161074e-14	6.119700e-01
0	80	R2	2.481990e+01	2.481990e+01	1.503255e-08	8.392501e-15	4.233200e-01
0	81	R2	2.299860e+01	2.299860e+01	1.389984e-08	1.065825e-14	3.333300e-01
0	82	R2	2.370740e+01	2.370740e+01	1.434094e-08	-6.369267e-15	5.577900e-01
0	83	R2	2.375660e+01	2.375660e+01	1.437154e-08	0.000000e+00	5.629600e-01
0	84	R2	3.171620e+01	3.171620e+01	1.930573e-08	3.540323e-15	2.007000e+00
0	85	R2	2.429430e+01	2.429430e+01	1.470590e-08	0.000000e+00	5.690400e-01
0	86	R2	2.487660e+01	2.487660e+01	1.506778e-08	6.606996e-15	5.377200e-01
0	87	R2	2.647840e+01	2.647840e+01	1.606220e-08	2.165167e-15	3.281700e+00
0	89	R2	2.444380e+01	2.444380e+01	1.479883e-08	-8.141890e-15	4.363500e-01
0	90	R2	2.698220e+01	2.698220e+01	1.637468e-08	0.000000e+00	1.368100e+00
0	96	R2	1.953360e+01	1.953360e+01	1.173715e-08	0.000000e+00	3.411400e-01
0	97	R2	2.088430e+01	2.088430e+01	1.258162e-08	6.148904e-15	5.777800e-01
0	98	R2	2.798270e+01	2.798270e+01	1.699489e-08	7.705200e-15	9.221600e-01
0	100	R2	2.317260e+01	2.317260e+01	1.400816e-08	7.870085e-15	4.514200e-01
0	101	R2	2.280060e+01	2.280060e+01	1.377656e-08	-5.455558e-15	6.512100e-01
0	102	R2	2.221320e+01	2.221320e+01	1.341062e-08	-2.035298e-14	3.491100e-01
0	103	R2	2.180240e+01	2.180240e+01	1.315453e-08	-7.886332e-15	4.504900e-01
0	104	R2	2.728060e+01	2.728060e+01	1.655971e-08	-2.691348e-15	2.640100e+00
0	105	R2	2.750500e+01	2.750500e+01	1.669882e-08	-3.148731e-15	1.128300e+00
0	106	R2	2.411010e+01	2.411010e+01	1.459138e-08	4.443280e-15	7.995700e-01
0	107	R2	3.398710e+01	3.398710e+01	2.070914e-08	-3.517538e-15	2.020000e+00
0	109	R2	2.957060e+01	2.957060e+01	1.797834e-08	0.000000e+00	8.064900e+00
0	110	R2	2.418360e+01	2.418360e+01	1.463708e-08	0.000000e+00	4.277000e-01
0	111	R2	2.890630e+01	2.890630e+01	1.756703e-08	4.802262e-15	1.479600e+00
0	113	R2	2.721100e+01	2.721100e+01	1.651656e-08	-6.362310e-15	1.116800e+00
0	114	R2	2.532840e+01	2.532840e+01	1.534841e-08	-3.011795e-15	1.179600e+00
0	115	R2	2.201670e+01	2.201670e+01	1.328814e-08	9.473398e-15	3.750200e-01
0	119	R2	1.385080e+01	1.385080e+01	8.151744e-09	1.748211e-14	1.016100e-01
0	120	R2	4.760000e+00	4.760000e+00	2.145795e-09	0.000000e+00	4.116700e-02


1	3	NOE	-2.170000e-01	-2.170000e-01	6.043173e-10	4.551338e-15	1.829500e-02
1	5	NOE	1.491000e-01	1.491000e-01	7.841435e-10	-2.740277e-14	1.620600e-02
1	6	NOE	2.584000e-01	2.584000e-01	8.650046e-10	-6.358180e-15	2.619200e-02
1	7	NOE	3.573000e-01	3.573000e-01	9.585494e-10	3.520345e-15	4.730600e-02
1	10	NOE	6.089000e-01	6.089000e-01	1.399195e-09	0.000000e+00	2.363100e-02
1	11	NOE	7.418000e-01	7.418000e-01	2.070769e-09	-3.741904e-15	2.967000e-02
1	12	NOE	7.994000e-01	7.994000e-01	2.908846e-09	1.829274e-15	6.069200e-02
1	13	NOE	7.416000e-01	7.416000e-01	2.068974e-09	0.000000e+00	4.424200e-02
1	14	NOE	8.536000e-01	8.536000e-01	8.871096e-09	0.000000e+00	3.505300e-02
1	15	NOE	8.752000e-01	8.602211e-01	1.150543e-05	5.583524e-01	2.682700e-02
1	16	NOE	8.893000e-01	8.602211e-01	2.068061e-05	1.041732e+00	2.791400e-02
1	17	NOE	7.824000e-01	7.824000e-01	2.566534e-09	-3.371771e-15	3.292700e-02
1	18	NOE	8.636000e-01	8.602211e-01	1.621305e-05	1.355907e-01	2.492000e-02
1	19	NOE	9.557000e-01	8.602211e-01	2.219383e-05	3.026465e+00	3.154800e-02
1	20	NOE	8.597000e-01	8.597000e-01	3.164386e-08	0.000000e+00	2.641600e-02
1	21	NOE	9.509000e-01	8.602211e-01	1.383493e-05	3.236221e+00	2.802000e-02
1	22	NOE	8.136000e-01	8.136000e-01	3.327866e-09	4.799097e-15	2.313400e-02
1	23	NOE	8.652000e-01	8.602211e-01	1.618608e-05	1.998442e-01	2.491400e-02
1	24	NOE	8.392000e-01	8.392000e-01	4.970521e-09	0.000000e+00	2.715300e-02
1	25	NOE	8.563000e-01	8.563000e-01	1.153114e-08	0.000000e+00	2.635800e-02
1	26	NOE	8.891000e-01	8.602211e-01	1.903774e-05	1.390214e+00	2.077300e-02
1	29	NOE	8.612000e-01	8.602211e-01	2.107200e-05	3.525727e-02	2.776500e-02
1	30	NOE	8.421000e-01	8.421000e-01	5.355266e-09	-2.081457e-08	2.583900e-02
1	31	NOE	8.658000e-01	8.602211e-01	2.271249e-05	2.097180e-01	2.660200e-02
1	32	NOE	9.195000e-01	8.602211e-01	2.129617e-05	1.120246e+00	5.291600e-02
1	33	NOE	8.722000e-01	8.602211e-01	2.268311e-05	3.357508e-01	3.567800e-02
1	34	NOE	8.876000e-01	8.602211e-01	1.864801e-05	1.094238e+00	2.502100e-02
1	36	NOE	9.089000e-01	8.602211e-01	1.381170e-05	1.757933e+00	2.769100e-02
1	37	NOE	9.415000e-01	8.602211e-01	1.489049e-05	3.051698e+00	2.663400e-02
1	38	NOE	8.519000e-01	8.519000e-01	7.911666e-09	-1.135460e-08	2.179900e-02
1	40	NOE	8.566000e-01	8.566000e-01	1.199971e-08	-3.984037e-09	2.706500e-02
1	41	NOE	8.314000e-01	8.314000e-01	4.241187e-09	0.000000e+00	2.438600e-02
1	42	NOE	7.068000e-01	7.068000e-01	1.811843e-09	4.631139e-15	2.397300e-02
1	43	NOE	7.948000e-01	7.948000e-01	2.803230e-09	0.000000e+00	2.322800e-02
1	44	NOE	7.352000e-01	7.352000e-01	2.013815e-09	-4.566376e-15	2.431300e-02
1	45	NOE	8.320000e-01	8.320000e-01	4.286329e-09	0.000000e+00	5.284500e-02
1	46	NOE	7.532000e-01	7.532000e-01	2.181168e-09	-1.743030e-15	6.369500e-02
1	47	NOE	7.805000e-01	7.805000e-01	2.535208e-09	4.511451e-15	2.460900e-02
1	49	NOE	7.465000e-01	7.465000e-01	2.114287e-09	1.594049e-15	6.964800e-02
1	50	NOE	8.128000e-01	8.128000e-01	3.299373e-09	0.000000e+00	3.170900e-02
1	51	NOE	8.194000e-01	8.194000e-01	3.558801e-09	0.000000e+00	2.909700e-02
1	52	NOE	8.825000e-01	8.602211e-01	1.984615e-05	6.991219e-01	3.186700e-02
1	53	NOE	7.984000e-01	7.984000e-01	2.884892e-09	0.000000e+00	2.782500e-02
1	54	NOE	8.365000e-01	8.365000e-01	4.677657e-09	-2.620737e-15	4.236300e-02
1	55	NOE	8.430000e-01	8.430000e-01	5.493985e-09	-1.032665e-08	4.950500e-02
1	56	NOE	8.838000e-01	8.602211e-01	1.894959e-05	7.425729e-01	3.175300e-02
1	58	NOE	8.855000e-01	8.602211e-01	1.206977e-05	8.867930e-01	2.850600e-02
1	59	NOE	8.847000e-01	8.602211e-01	1.479950e-05	1.305334e+00	1.875300e-02
1	60	NOE	8.457000e-01	8.457000e-01	5.984830e-09	4.855557e-15	2.286500e-02
1	61	NOE	8.680000e-01	8.602211e-01	2.079357e-05	3.311446e-01	2.349100e-02
1	62	NOE	7.922000e-01	7.922000e-01	2.748309e-09	0.000000e+00	3.857700e-02
1	63	NOE	8.336000e-01	8.336000e-01	4.414067e-09	0.000000e+00	2.585100e-02
1	64	NOE	8.291000e-01	8.291000e-01	4.080384e-09	0.000000e+00	2.444500e-02
1	65	NOE	8.666000e-01	8.602211e-01	1.273591e-05	2.865900e-01	2.225800e-02
1	66	NOE	8.299000e-01	8.299000e-01	4.134241e-09	0.000000e+00	2.399100e-02
1	67	NOE	8.570000e-01	8.570000e-01	1.272356e-08	0.000000e+00	2.580800e-02
1	68	NOE	8.435000e-01	8.435000e-01	5.575839e-09	0.000000e+00	2.582600e-02
1	69	NOE	8.752000e-01	8.602211e-01	1.150543e-05	6.297369e-01	2.378600e-02
1	70	NOE	8.527000e-01	8.527000e-01	8.322565e-09	0.000000e+00	2.194400e-02
1	71	NOE	8.381000e-01	8.381000e-01	4.844754e-09	4.840737e-15	2.293500e-02
1	72	NOE	7.810000e-01	7.810000e-01	2.543343e-09	5.708968e-15	1.944700e-02
1	73	NOE	7.978000e-01	7.978000e-01	2.870795e-09	0.000000e+00	2.383000e-02
1	74	NOE	8.303000e-01	8.303000e-01	4.161974e-09	0.000000e+00	2.313900e-02
1	75	NOE	8.248000e-01	8.248000e-01	3.822819e-09	0.000000e+00	2.451500e-02
1	76	NOE	8.180000e-01	8.180000e-01	3.498739e-09	-4.504023e-08	2.766900e-02
1	77	NOE	8.364000e-01	8.364000e-01	4.667775e-09	0.000000e+00	2.679800e-02
1	78	NOE	9.008000e-01	8.602211e-01	1.941577e-05	1.519468e+00	2.670600e-02
1	79	NOE	9.073000e-01	8.602211e-01	1.303931e-05	1.382073e+00	3.406400e-02
1	80	NOE	9.126000e-01	8.602211e-01	1.391093e-05	2.242536e+00	2.335700e-02
1	81	NOE	8.674000e-01	8.602211e-01	1.745888e-05	3.056420e-01	2.348800e-02
1	82	NOE	8.928000e-01	8.602211e-01	1.250590e-05	1.033628e+00	3.151900e-02
1	83	NOE	8.808000e-01	8.602211e-01	2.946180e-05	5.575431e-01	3.691000e-02
1	84	NOE	8.263000e-01	8.263000e-01	3.907099e-09	0.000000e+00	6.156300e-02
1	85	NOE	8.546000e-01	8.546000e-01	9.629000e-09	0.000000e+00	3.049000e-02
1	86	NOE	9.345000e-01	8.602211e-01	1.048118e-05	2.180890e+00	3.405900e-02
1	87	NOE	9.479000e-01	8.602211e-01	1.421407e-05	6.406468e-01	1.368600e-01
1	89	NOE	8.873000e-01	8.602211e-01	1.779650e-05	9.598029e-01	2.821300e-02
1	90	NOE	8.800000e-01	8.602211e-01	1.180696e-05	3.045629e-01	6.494200e-02
1	96	NOE	8.926000e-01	8.602211e-01	1.663019e-05	9.866508e-01	3.281700e-02
1	97	NOE	8.640000e-01	8.602211e-01	2.587024e-05	7.712235e-02	4.899900e-02
1	98	NOE	9.099000e-01	8.602211e-01	1.760839e-05	1.006481e+00	4.935900e-02
1	100	NOE	8.415000e-01	8.415000e-01	5.268390e-09	-1.684791e-08	3.297500e-02
1	101	NOE	9.681000e-01	8.602211e-01	1.443637e-05	2.143730e+00	5.032300e-02
1	102	NOE	8.145000e-01	8.145000e-01	3.360808e-09	-4.213050e-15	2.635200e-02
1	103	NOE	8.906000e-01	8.602211e-01	1.942950e-05	9.042421e-01	3.359600e-02
1	104	NOE	7.112000e-01	7.112000e-01	1.839349e-09	0.000000e+00	7.778100e-02
1	105	NOE	8.983000e-01	8.602211e-01	1.209044e-05	7.827760e-01	4.864600e-02
1	106	NOE	8.893000e-01	8.602211e-01	2.068061e-05	6.691423e-01	4.345700e-02
1	107	NOE	9.178000e-01	8.602211e-01	2.208811e-05	9.310800e-01	6.184100e-02
1	109	NOE	1.346100e+00	8.602211e-01	1.348934e-05	1.566290e+00	3.102100e-01
1	110	NOE	8.725000e-01	8.602211e-01	1.761876e-05	4.171537e-01	2.943500e-02
1	111	NOE	7.635000e-01	7.635000e-01	2.297119e-09	-2.143329e-15	5.179900e-02
1	113	NOE	8.897000e-01	8.602211e-01	1.239647e-05	6.032233e-01	4.886900e-02
1	114	NOE	8.063000e-01	8.063000e-01	3.091815e-09	0.000000e+00	5.000100e-02
1	115	NOE	8.595000e-01	8.595000e-01	2.689926e-08	-8.362450e-10	2.569400e-02
1	119	NOE	4.183000e-01	4.183000e-01	1.030574e-09	-1.186072e-14	1.872100e-02
1	120	NOE	3.203000e-01	3.203000e-01	9.206984e-10	-2.704958e-15	2.052200e-02


2	3	R1	1.009600e+00	1.009600e+00	2.601181e-10	2.283775e-14	9.722700e-03
2	5	R1	1.191600e+00	1.191600e+00	3.568869e-10	4.167895e-14	1.065500e-02
2	6	R1	1.217200e+00	1.217200e+00	7.362838e-09	0.000000e+00	2.027500e-02
2	7	R1	1.099000e+00	1.099000e+00	8.265910e-09	-5.171284e-15	4.293800e-02
2	10	R1	8.841400e-01	8.841400e-01	1.048239e-08	9.629829e-15	1.152900e-02
2	11	R1	8.052500e-01	8.052500e-01	1.157882e-08	-8.069654e-15	1.375800e-02
2	12	R1	8.196100e-01	8.196100e-01	1.136406e-08	-6.007213e-15	3.696300e-02
2	13	R1	7.272100e-01	7.272100e-01	1.288964e-08	9.548252e-15	2.325500e-02
2	14	R1	6.772200e-01	6.772200e-01	1.388378e-08	-7.987216e-15	1.390000e-02
2	15	R1	6.759700e-01	6.759700e-01	1.391048e-08	1.015386e-14	1.093400e-02
2	16	R1	7.171100e-01	7.171100e-01	1.307958e-08	-1.005000e-14	1.104700e-02
2	17	R1	6.381000e-01	6.381000e-01	1.476796e-08	-7.161805e-15	1.550200e-02
2	18	R1	6.346900e-01	6.346900e-01	1.485009e-08	9.701158e-07	9.420200e-03
2	19	R1	6.991500e-01	6.991500e-01	1.343055e-08	8.204427e-15	1.353200e-02
2	20	R1	7.215200e-01	7.215200e-01	1.299601e-08	-8.907438e-15	1.246400e-02
2	21	R1	6.836700e-01	6.836700e-01	1.374752e-08	0.000000e+00	1.155900e-02
2	22	R1	6.566700e-01	6.566700e-01	1.433536e-08	2.173711e-14	1.021500e-02
2	23	R1	7.171600e-01	7.171600e-01	1.307863e-08	0.000000e+00	1.111400e-02
2	24	R1	6.642800e-01	6.642800e-01	1.416494e-08	2.797471e-14	1.190600e-02
2	25	R1	6.090500e-01	6.090500e-01	1.549661e-08	0.000000e+00	1.144400e-02
2	26	R1	7.788800e-01	7.788800e-01	1.199317e-08	2.361750e-14	9.401700e-03
2	29	R1	6.957800e-01	6.957800e-01	1.349838e-08	-8.647270e-15	1.283900e-02
2	30	R1	7.375300e-01	7.375300e-01	1.270082e-08	1.784781e-14	1.244100e-02
2	31	R1	7.061300e-01	7.061300e-01	1.329208e-08	0.000000e+00	1.263500e-02
2	32	R1	6.606700e-01	6.606700e-01	1.424531e-08	-3.659272e-15	3.034000e-02
2	33	R1	7.106400e-01	7.106400e-01	1.320402e-08	0.000000e+00	1.917900e-02
2	34	R1	7.827100e-01	7.827100e-01	1.193131e-08	-8.645250e-15	1.284200e-02
2	36	R1	7.726000e-01	7.726000e-01	1.209590e-08	1.515766e-14	1.464900e-02
2	37	R1	6.964700e-01	6.964700e-01	1.348444e-08	8.844989e-15	1.255200e-02
2	38	R1	7.004500e-01	7.004500e-01	1.340456e-08	0.000000e+00	9.059000e-03
2	40	R1	6.929200e-01	6.929200e-01	1.355645e-08	1.073850e-06	9.227500e-03
2	41	R1	8.113400e-01	8.113400e-01	1.148685e-08	-1.181478e-14	9.396900e-03
2	42	R1	6.174000e-01	6.174000e-01	1.528027e-08	0.000000e+00	7.599200e-03
2	43	R1	6.693800e-01	6.693800e-01	1.405286e-08	-1.500971e-14	7.396700e-03
2	44	R1	6.512900e-01	6.512900e-01	1.445820e-08	-2.496454e-14	8.894400e-03
2	45	R1	6.636000e-01	6.636000e-01	1.418001e-08	1.523636e-14	2.186000e-02
2	46	R1	6.807700e-01	6.807700e-01	1.380847e-08	0.000000e+00	3.854700e-02
2	47	R1	7.371200e-01	7.371200e-01	1.270822e-08	-1.148075e-14	9.670300e-03
2	49	R1	7.904800e-01	7.904800e-01	1.180760e-08	0.000000e+00	4.238300e-02
2	50	R1	7.023400e-01	7.023400e-01	1.336693e-08	-7.774671e-15	1.428000e-02
2	51	R1	7.011700e-01	7.011700e-01	1.339020e-08	2.714703e-14	1.226900e-02
2	52	R1	6.892400e-01	6.892400e-01	1.363187e-08	-8.039851e-15	1.380900e-02
2	53	R1	7.099200e-01	7.099200e-01	1.321800e-08	0.000000e+00	1.365100e-02
2	54	R1	6.602500e-01	6.602500e-01	1.425471e-08	5.334789e-15	2.081100e-02
2	55	R1	7.313500e-01	7.313500e-01	1.281327e-08	0.000000e+00	2.300000e-02
2	56	R1	7.090600e-01	7.090600e-01	1.323474e-08	1.493641e-14	1.486600e-02
2	58	R1	6.203000e-01	6.203000e-01	1.520647e-08	0.000000e+00	1.131800e-02
2	59	R1	6.656500e-01	6.656500e-01	1.413467e-08	0.000000e+00	7.582600e-03
2	60	R1	6.169500e-01	6.169500e-01	1.529178e-08	2.344246e-14	9.471900e-03
2	61	R1	6.406300e-01	6.406300e-01	1.470757e-08	3.275638e-14	1.016800e-02
2	62	R1	6.626000e-01	6.626000e-01	1.420223e-08	-1.112782e-14	1.995400e-02
2	63	R1	6.437400e-01	6.437400e-01	1.463398e-08	0.000000e+00	1.200500e-02
2	64	R1	6.322800e-01	6.322800e-01	1.490867e-08	2.190221e-14	1.013800e-02
2	65	R1	6.187100e-01	6.187100e-01	1.524685e-08	1.148372e-14	9.667800e-03
2	66	R1	6.813200e-01	6.813200e-01	1.379687e-08	0.000000e+00	1.230300e-02
2	67	R1	6.485500e-01	6.485500e-01	1.452153e-08	-9.170092e-15	1.210700e-02
2	68	R1	6.693100e-01	6.693100e-01	1.405438e-08	-8.375249e-15	1.325600e-02
2	69	R1	6.681500e-01	6.681500e-01	1.407973e-08	-9.289015e-15	1.195200e-02
2	70	R1	7.564100e-01	7.564100e-01	1.236837e-08	0.000000e+00	1.281700e-02
2	71	R1	7.191500e-01	7.191500e-01	1.304080e-08	-1.804067e-14	1.230800e-02
2	72	R1	7.378100e-01	7.378100e-01	1.269577e-08	1.288964e-14	8.613300e-03
2	73	R1	6.642600e-01	6.642600e-01	1.416538e-08	-1.078515e-14	1.029400e-02
2	74	R1	6.518300e-01	6.518300e-01	1.444578e-08	2.317721e-14	9.580300e-03
2	75	R1	6.523300e-01	6.523300e-01	1.443430e-08	0.000000e+00	9.826600e-03
2	76	R1	6.554000e-01	6.554000e-01	1.436418e-08	0.000000e+00	1.251800e-02
2	77	R1	6.354700e-01	6.354700e-01	1.483123e-08	8.284010e-15	1.340200e-02
2	78	R1	6.196700e-01	6.196700e-01	1.522244e-08	-9.475318e-15	1.171700e-02
2	79	R1	6.604100e-01	6.604100e-01	1.425113e-08	5.314207e-07	1.784100e-02
2	80	R1	6.952300e-01	6.952300e-01	1.350951e-08	1.027033e-14	1.081000e-02
2	81	R1	6.389500e-01	6.389500e-01	1.474762e-08	-1.146617e-14	9.682600e-03
2	82	R1	6.532900e-01	6.532900e-01	1.441231e-08	0.000000e+00	1.378000e-02
2	83	R1	6.310300e-01	6.310300e-01	1.493922e-08	0.000000e+00	1.582600e-02
2	84	R1	6.585100e-01	6.585100e-01	1.429380e-08	3.205402e-15	3.463600e-02
2	85	R1	6.086500e-01	6.086500e-01	1.550712e-08	-7.341774e-15	1.512200e-02
2	86	R1	6.144300e-01	6.144300e-01	1.535655e-08	-1.502840e-14	1.477500e-02
2	87	R1	6.510200e-01	6.510200e-01	1.446442e-08	1.062486e-07	8.806200e-02
2	89	R1	6.024900e-01	6.024900e-01	1.567070e-08	-9.654113e-15	1.150000e-02
2	90	R1	6.099200e-01	6.099200e-01	1.547379e-08	-7.280151e-15	3.050000e-02
2	96	R1	7.421600e-01	7.421600e-01	1.261777e-08	7.892955e-15	1.406600e-02
2	97	R1	8.358900e-01	8.358900e-01	1.112924e-08	4.566376e-15	2.431300e-02
2	98	R1	6.491000e-01	6.491000e-01	1.450878e-08	0.000000e+00	2.310200e-02
2	100	R1	6.555200e-01	6.555200e-01	1.436145e-08	-1.775505e-14	1.250600e-02
2	101	R1	6.509900e-01	6.509900e-01	1.446511e-08	5.661803e-15	1.960900e-02
2	102	R1	6.487000e-01	6.487000e-01	1.451805e-08	1.994114e-14	1.113500e-02
2	103	R1	6.508300e-01	6.508300e-01	1.446880e-08	7.667816e-15	1.447900e-02
2	104	R1	6.108000e-01	6.108000e-01	1.545078e-08	0.000000e+00	6.043500e-02
2	105	R1	6.737900e-01	6.737900e-01	1.395727e-08	4.133062e-15	2.686200e-02
2	106	R1	6.843700e-01	6.843700e-01	1.373289e-08	4.775769e-15	2.324700e-02
2	107	R1	6.373600e-01	6.373600e-01	1.478571e-08	-3.574907e-15	3.105600e-02
2	109	R1	8.375900e-01	8.375900e-01	1.110522e-08	7.013411e-16	1.583000e-01
2	110	R1	6.356700e-01	6.356700e-01	1.482640e-08	0.000000e+00	1.173300e-02
2	111	R1	6.259600e-01	6.259600e-01	1.506438e-08	0.000000e+00	2.671200e-02
2	113	R1	6.072600e-01	6.072600e-01	1.554374e-08	0.000000e+00	2.242700e-02
2	114	R1	6.198700e-01	6.198700e-01	1.521737e-08	-3.822556e-15	2.904400e-02
2	115	R1	6.801200e-01	6.801200e-01	1.382220e-08	0.000000e+00	1.155600e-02
2	119	R1	9.029000e-01	9.029000e-01	1.024888e-08	0.000000e+00	9.907400e-03
2	120	R1	1.125400e+00	1.125400e+00	8.048974e-09	0.000000e+00	1.095600e-02


