3	2.353300e+00	2.907500e-02	-2.170000e-01	1.829500e-02	1.009600e+00	9.722700e-03	1.245494e-01	
5	3.373000e+00	2.867200e-02	1.491000e-01	1.620600e-02	1.191600e+00	1.065500e-02	1.027805e-01	
6	4.089400e+00	6.497600e-02	2.584000e-01	2.619200e-02	1.217200e+00	2.027500e-02	9.150261e-02	
7	5.798600e+00	2.018000e-01	3.573000e-01	4.730600e-02	1.099000e+00	4.293800e-02	7.159914e-02	
10	1.784380e+01	1.961000e-01	6.089000e-01	2.363100e-02	8.841400e-01	1.152900e-02	3.505183e-02	
11	2.300820e+01	3.689600e-01	7.418000e-01	2.967000e-02	8.052500e-01	1.375800e-02	2.107603e-02	
12	2.133250e+01	8.151400e-01	7.994000e-01	6.069200e-02	8.196100e-01	3.696300e-02	1.666633e-02	
13	2.203140e+01	5.767100e-01	7.416000e-01	4.424200e-02	7.272100e-01	2.325500e-02	1.904821e-02	
14	2.256020e+01	4.309200e-01	8.536000e-01	3.505300e-02	6.772200e-01	1.390000e-02	1.005015e-02	
15	2.276310e+01	3.002100e-01	8.752000e-01	2.682700e-02	6.759700e-01	1.093400e-02	8.551530e-03	
16	2.174540e+01	3.067600e-01	8.893000e-01	2.791400e-02	7.171100e-01	1.104700e-02	8.047023e-03	
17	2.393380e+01	4.810900e-01	7.824000e-01	3.292700e-02	6.381000e-01	1.550200e-02	1.407503e-02	
18	2.195690e+01	2.835200e-01	8.636000e-01	2.492000e-02	6.346900e-01	9.420200e-03	8.775621e-03	
19	2.245170e+01	3.860300e-01	9.557000e-01	3.154800e-02	6.991500e-01	1.353200e-02	3.139612e-03	
20	2.232750e+01	3.553500e-01	8.597000e-01	2.641600e-02	7.215200e-01	1.246400e-02	1.026143e-02	
21	2.373830e+01	3.924400e-01	9.509000e-01	2.802000e-02	6.836700e-01	1.155900e-02	3.402749e-03	
22	2.332050e+01	3.489400e-01	8.136000e-01	2.313400e-02	6.566700e-01	1.021500e-02	1.240780e-02	
23	2.170740e+01	3.229600e-01	8.652000e-01	2.491400e-02	7.171600e-01	1.111400e-02	9.799587e-03	
24	2.272580e+01	3.997600e-01	8.392000e-01	2.715300e-02	6.642800e-01	1.190600e-02	1.082777e-02	
25	2.384000e+01	3.996800e-01	8.563000e-01	2.635800e-02	6.090500e-01	1.144400e-02	8.871796e-03	
26	2.051160e+01	2.241500e-01	8.891000e-01	2.077300e-02	7.788800e-01	9.401700e-03	8.755963e-03	
29	1.968560e+01	2.751800e-01	8.612000e-01	2.776500e-02	6.957800e-01	1.283900e-02	9.789562e-03	
30	2.034300e+01	2.871400e-01	8.421000e-01	2.583900e-02	7.375300e-01	1.244100e-02	1.180494e-02	
31	2.189270e+01	3.470000e-01	8.658000e-01	2.660200e-02	7.061300e-01	1.263500e-02	9.605921e-03	
32	2.414600e+01	1.068200e+00	9.195000e-01	5.291600e-02	6.606700e-01	3.034000e-02	5.391161e-03	
33	2.050660e+01	4.884800e-01	8.722000e-01	3.567800e-02	7.106400e-01	1.917900e-02	9.206241e-03	
34	1.910370e+01	3.005900e-01	8.876000e-01	2.502100e-02	7.827100e-01	1.284200e-02	8.918032e-03	
36	1.862270e+01	3.198500e-01	9.089000e-01	2.769100e-02	7.726000e-01	1.464900e-02	7.134687e-03	
37	2.184840e+01	3.749100e-01	9.415000e-01	2.663400e-02	6.964700e-01	1.255200e-02	4.130096e-03	
38	2.073010e+01	2.376200e-01	8.519000e-01	2.179900e-02	7.004500e-01	9.059000e-03	1.051560e-02	
40	2.017430e+01	2.567400e-01	8.566000e-01	2.706500e-02	6.929200e-01	9.227500e-03	1.007243e-02	
41	2.106840e+01	1.987600e-01	8.314000e-01	2.438600e-02	8.113400e-01	9.396900e-03	1.386635e-02	
42	1.933590e+01	1.975900e-01	7.068000e-01	2.397300e-02	6.174000e-01	7.599200e-03	1.834985e-02	
43	2.232130e+01	2.469100e-01	7.948000e-01	2.322800e-02	6.693800e-01	7.396700e-03	1.392361e-02	
44	2.157100e+01	2.747600e-01	7.352000e-01	2.431300e-02	6.512900e-01	8.894400e-03	1.748213e-02	
45	4.083470e+01	2.138900e+00	8.320000e-01	5.284500e-02	6.636000e-01	2.186000e-02	1.130102e-02	
46	2.205570e+01	9.784600e-01	7.532000e-01	6.369500e-02	6.807700e-01	3.854700e-02	1.703128e-02	
47	1.962510e+01	2.159300e-01	7.805000e-01	2.460900e-02	7.371200e-01	9.670300e-03	1.640116e-02	
49	2.194260e+01	8.882400e-01	7.465000e-01	6.964800e-02	7.904800e-01	4.238300e-02	2.031284e-02	
50	2.154120e+01	3.917300e-01	8.128000e-01	3.170900e-02	7.023400e-01	1.428000e-02	1.332770e-02	
51	2.233420e+01	3.498700e-01	8.194000e-01	2.909700e-02	7.011700e-01	1.226900e-02	1.283639e-02	
52	2.113600e+01	3.641800e-01	8.825000e-01	3.186700e-02	6.892400e-01	1.380900e-02	8.209377e-03	
53	1.829150e+01	2.877000e-01	7.984000e-01	2.782500e-02	7.099200e-01	1.365100e-02	1.450781e-02	
54	2.842830e+01	9.099000e-01	8.365000e-01	4.236300e-02	6.602500e-01	2.081100e-02	1.094279e-02	
55	2.229510e+01	6.363000e-01	8.430000e-01	4.950500e-02	7.313500e-01	2.300000e-02	1.163930e-02	
56	2.135560e+01	3.700400e-01	8.838000e-01	3.175300e-02	7.090600e-01	1.486600e-02	8.352009e-03	
58	2.176670e+01	3.172500e-01	8.855000e-01	2.850600e-02	6.203000e-01	1.131800e-02	7.199612e-03	
59	2.125230e+01	2.069500e-01	8.847000e-01	1.875300e-02	6.656500e-01	7.582600e-03	7.779955e-03	
60	2.244110e+01	2.868600e-01	8.457000e-01	2.286500e-02	6.169500e-01	9.471900e-03	9.649787e-03	
61	2.384910e+01	3.636400e-01	8.680000e-01	2.349100e-02	6.406300e-01	1.016800e-02	8.572017e-03	
62	2.115190e+01	4.999100e-01	7.922000e-01	3.857700e-02	6.626000e-01	1.995400e-02	1.395722e-02	
63	2.301130e+01	3.775000e-01	8.336000e-01	2.585100e-02	6.437400e-01	1.200500e-02	1.085840e-02	
64	2.391400e+01	3.707600e-01	8.291000e-01	2.444500e-02	6.322800e-01	1.013800e-02	1.095351e-02	
65	2.177550e+01	3.092400e-01	8.666000e-01	2.225800e-02	6.187100e-01	9.667800e-03	8.366519e-03	
66	2.206860e+01	3.315300e-01	8.299000e-01	2.399100e-02	6.813200e-01	1.230300e-02	1.174782e-02	
67	2.218390e+01	3.890200e-01	8.570000e-01	2.580800e-02	6.485500e-01	1.210700e-02	9.401158e-03	
68	2.184120e+01	3.718200e-01	8.435000e-01	2.582600e-02	6.693100e-01	1.325600e-02	1.061802e-02	
69	2.147360e+01	3.325300e-01	8.752000e-01	2.378600e-02	6.681500e-01	1.195200e-02	8.452602e-03	
70	1.917020e+01	2.816100e-01	8.527000e-01	2.194400e-02	7.564100e-01	1.281700e-02	1.129437e-02	
71	1.943290e+01	2.820100e-01	8.381000e-01	2.293500e-02	7.191500e-01	1.230800e-02	1.180234e-02	
72	1.583040e+01	1.713700e-01	7.810000e-01	1.944700e-02	7.378100e-01	8.613300e-03	1.637912e-02	
73	1.912830e+01	2.494200e-01	7.978000e-01	2.383000e-02	6.642600e-01	1.029400e-02	1.361511e-02	
74	2.105510e+01	2.787400e-01	8.303000e-01	2.313900e-02	6.518300e-01	9.580300e-03	1.121290e-02	
75	2.293070e+01	3.205500e-01	8.248000e-01	2.451500e-02	6.523300e-01	9.826600e-03	1.158519e-02	
76	2.120470e+01	3.630900e-01	8.180000e-01	2.766900e-02	6.554000e-01	1.251800e-02	1.209149e-02	
77	2.338220e+01	4.120700e-01	8.364000e-01	2.679800e-02	6.354700e-01	1.340200e-02	1.053853e-02	
78	2.188620e+01	3.757100e-01	9.008000e-01	2.670600e-02	6.196700e-01	1.171700e-02	6.231233e-03	
79	2.382710e+01	6.119700e-01	9.073000e-01	3.406400e-02	6.604100e-01	1.784100e-02	6.205763e-03	
80	2.481990e+01	4.233200e-01	9.126000e-01	2.335700e-02	6.952300e-01	1.081000e-02	6.159448e-03	
81	2.299860e+01	3.333300e-01	8.674000e-01	2.348800e-02	6.389500e-01	9.682600e-03	8.588399e-03	
82	2.370740e+01	5.577900e-01	8.928000e-01	3.151900e-02	6.532900e-01	1.378000e-02	7.099089e-03	
83	2.375660e+01	5.629600e-01	8.808000e-01	3.691000e-02	6.310300e-01	1.582600e-02	7.624794e-03	
84	3.171620e+01	2.007000e+00	8.263000e-01	6.156300e-02	6.585100e-01	3.463600e-02	1.159482e-02	
85	2.429430e+01	5.690400e-01	8.546000e-01	3.049000e-02	6.086500e-01	1.512200e-02	8.970856e-03	
86	2.487660e+01	5.377200e-01	9.345000e-01	3.405900e-02	6.144300e-01	1.477500e-02	4.079581e-03	
87	2.647840e+01	3.281700e+00	9.479000e-01	1.368600e-01	6.510200e-01	8.806200e-02	3.438222e-03	
89	2.444380e+01	4.363500e-01	8.873000e-01	2.821300e-02	6.024900e-01	1.150000e-02	6.882966e-03	
90	2.698220e+01	1.368100e+00	8.800000e-01	6.494200e-02	6.099200e-01	3.050000e-02	7.419181e-03	
96	1.953360e+01	3.411400e-01	8.926000e-01	3.281700e-02	7.421600e-01	1.406600e-02	8.079857e-03	
97	2.088430e+01	5.777800e-01	8.640000e-01	4.899900e-02	8.358900e-01	2.431300e-02	1.152365e-02	
98	2.798270e+01	9.221600e-01	9.099000e-01	4.935900e-02	6.491000e-01	2.310200e-02	5.928410e-03	
100	2.317260e+01	4.514200e-01	8.415000e-01	3.297500e-02	6.555200e-01	1.250600e-02	1.053215e-02	
101	2.280060e+01	6.512100e-01	9.681000e-01	5.032300e-02	6.509900e-01	1.960900e-02	2.105071e-03	
102	2.221320e+01	3.491100e-01	8.145000e-01	2.635200e-02	6.487000e-01	1.113500e-02	1.219803e-02	
103	2.180240e+01	4.504900e-01	8.906000e-01	3.359600e-02	6.508300e-01	1.447900e-02	7.217499e-03	
104	2.728060e+01	2.640100e+00	7.112000e-01	7.778100e-02	6.108000e-01	6.043500e-02	1.788126e-02	
105	2.750500e+01	1.128300e+00	8.983000e-01	4.864600e-02	6.737900e-01	2.686200e-02	6.946201e-03	
106	2.411010e+01	7.995700e-01	8.893000e-01	4.345700e-02	6.843700e-01	2.324700e-02	7.679632e-03	
107	3.398710e+01	2.020000e+00	9.178000e-01	6.184100e-02	6.373600e-01	3.105600e-02	5.310782e-03	
109	2.957060e+01	8.064900e+00	1.346100e+00	3.102100e-01	8.375900e-01	1.583000e-01	-2.938562e-02	
110	2.418360e+01	4.277000e-01	8.725000e-01	2.943500e-02	6.356700e-01	1.173300e-02	8.215684e-03	
111	2.890630e+01	1.479600e+00	7.635000e-01	5.179900e-02	6.259600e-01	2.671200e-02	1.500651e-02	
113	2.721100e+01	1.116800e+00	8.897000e-01	4.886900e-02	6.072600e-01	2.242700e-02	6.789723e-03	
114	2.532840e+01	1.179600e+00	8.063000e-01	5.000100e-02	6.198700e-01	2.904400e-02	1.217116e-02	
115	2.201670e+01	3.750200e-01	8.595000e-01	2.569400e-02	6.801200e-01	1.155600e-02	9.686429e-03	
119	1.385080e+01	1.016100e-01	4.183000e-01	1.872100e-02	9.029000e-01	9.907400e-03	5.324031e-02	
120	4.760000e+00	4.116700e-02	3.203000e-01	2.052200e-02	1.125400e+00	1.095600e-02	7.754004e-02	
