3	2.054300e+00	4.557100e-02	-7.763000e-01	2.167900e-02	9.804300e-01	1.214600e-02	1.765366e-01	
5	2.944200e+00	4.606500e-02	-2.943000e-01	1.465500e-02	1.198300e+00	1.455300e-02	1.572180e-01	
6	3.603100e+00	1.163900e-01	-6.240000e-02	2.362600e-02	1.268100e+00	3.086400e-02	1.365663e-01	
7	5.353100e+00	3.176700e-01	2.176000e-01	4.970200e-02	1.239500e+00	7.561500e-02	9.830536e-02	
10	1.406380e+01	2.753800e-01	5.153000e-01	2.279700e-02	1.130500e+00	2.264500e-02	5.554506e-02	
11	1.699490e+01	4.465700e-01	5.835000e-01	2.486000e-02	1.028700e+00	2.512700e-02	4.343158e-02	
12	1.646780e+01	7.021000e-01	7.964000e-01	4.875600e-02	1.018600e+00	4.918700e-02	2.102245e-02	
13	1.720840e+01	5.995800e-01	7.488000e-01	3.671600e-02	1.021500e+00	3.792900e-02	2.601117e-02	
14	1.988680e+01	5.981500e-01	8.467000e-01	2.988600e-02	9.086900e-01	2.284500e-02	1.412081e-02	
15	1.660550e+01	4.449200e-01	8.358000e-01	2.694800e-02	9.180700e-01	2.234800e-02	1.528097e-02	
16	1.780600e+01	4.656700e-01	7.068000e-01	2.544800e-02	1.016100e+00	2.589600e-02	3.019967e-02	
17	1.734370e+01	5.827000e-01	8.101000e-01	3.187000e-02	9.024800e-01	2.912600e-02	1.737258e-02	
18	1.793500e+01	3.730900e-01	7.983000e-01	2.215200e-02	8.946600e-01	1.732000e-02	1.829219e-02	
19	1.756780e+01	4.284200e-01	8.943000e-01	2.961000e-02	1.010300e+00	2.266700e-02	1.082498e-02	
20	1.640260e+01	4.343500e-01	8.282000e-01	2.765000e-02	9.632100e-01	2.395100e-02	1.677436e-02	
21	1.729740e+01	3.912900e-01	7.708000e-01	2.262600e-02	9.663400e-01	2.085500e-02	2.245155e-02	
22	1.683370e+01	3.508500e-01	8.269000e-01	2.204400e-02	8.966900e-01	1.602500e-02	1.573408e-02	
23	1.582060e+01	3.363400e-01	8.250000e-01	2.355200e-02	1.000400e+00	2.073600e-02	1.774654e-02	
24	1.823020e+01	4.542000e-01	7.954000e-01	2.595100e-02	9.389000e-01	2.300500e-02	1.947273e-02	
25	1.943140e+01	4.948300e-01	7.827000e-01	2.332100e-02	8.480100e-01	1.948200e-02	1.867938e-02	
26	1.645590e+01	3.213000e-01	8.065000e-01	1.972500e-02	1.057500e+00	1.968500e-02	2.074260e-02	
29	1.528340e+01	4.222200e-01	7.571000e-01	2.591700e-02	1.020300e+00	2.539100e-02	2.512218e-02	
30	1.626120e+01	3.584800e-01	7.833000e-01	2.152600e-02	1.002900e+00	2.302900e-02	2.203020e-02	
31	1.758440e+01	3.601800e-01	8.434000e-01	2.126700e-02	9.600800e-01	1.841300e-02	1.524056e-02	
32	2.059370e+01	1.180000e+00	9.070000e-01	5.164600e-02	8.670200e-01	4.720200e-02	8.173610e-03	
33	1.640260e+01	5.868600e-01	8.010000e-01	3.434200e-02	1.096000e+00	4.096200e-02	2.210882e-02	
34	1.493630e+01	3.312600e-01	8.162000e-01	2.289600e-02	1.063600e+00	2.409900e-02	1.981644e-02	
36	1.417050e+01	3.557200e-01	7.921000e-01	2.184900e-02	1.076100e+00	2.331000e-02	2.267822e-02	
37	1.706880e+01	4.233100e-01	8.348000e-01	2.375700e-02	9.281300e-01	2.030500e-02	1.554249e-02	
38	1.633620e+01	2.537700e-01	8.225000e-01	1.909500e-02	9.299200e-01	1.414500e-02	1.673192e-02	
40	1.475620e+01	2.464900e-01	7.897000e-01	2.211300e-02	9.720700e-01	1.443200e-02	2.072233e-02	
41	1.578780e+01	2.230900e-01	7.401000e-01	1.924700e-02	1.083300e+00	1.387900e-02	2.854019e-02	
42	1.672290e+01	2.630600e-01	6.891000e-01	2.119200e-02	8.767100e-01	1.238000e-02	2.762985e-02	
43	1.784780e+01	2.788300e-01	7.242000e-01	2.072900e-02	9.353000e-01	1.323700e-02	2.614852e-02	
44	1.712190e+01	2.911600e-01	7.348000e-01	2.151100e-02	8.884300e-01	1.432200e-02	2.388353e-02	
45	3.083940e+01	1.440800e+00	7.143000e-01	3.343300e-02	9.458500e-01	2.821900e-02	2.739267e-02	
46	1.756940e+01	6.689100e-01	7.894000e-01	4.643600e-02	1.050400e+00	4.104100e-02	2.242409e-02	
47	1.497490e+01	2.321600e-01	7.467000e-01	2.239100e-02	1.025200e+00	1.707200e-02	2.632362e-02	
49	1.647520e+01	7.501800e-01	7.064000e-01	4.419300e-02	1.036800e+00	5.435200e-02	3.085694e-02	
50	1.631420e+01	3.807600e-01	8.178000e-01	2.862100e-02	1.008100e+00	2.319500e-02	1.861889e-02	
51	1.588220e+01	3.316400e-01	8.216000e-01	2.455900e-02	9.402200e-01	1.815600e-02	1.700302e-02	
52	1.579930e+01	4.320300e-01	7.164000e-01	2.503500e-02	9.015100e-01	2.118400e-02	2.591664e-02	
53	1.462730e+01	3.946900e-01	7.681000e-01	2.758000e-02	9.927100e-01	2.458300e-02	2.333592e-02	
54	1.881590e+01	6.250200e-01	7.681000e-01	2.928000e-02	9.284400e-01	2.683200e-02	2.182511e-02	
55	1.639950e+01	5.388600e-01	8.177000e-01	3.307500e-02	9.989300e-01	3.147900e-02	1.845965e-02	
56	1.672070e+01	3.041000e-01	7.558000e-01	1.974700e-02	9.950300e-01	1.942200e-02	2.463109e-02	
58	1.804040e+01	4.163000e-01	8.100000e-01	2.722200e-02	8.709800e-01	2.101400e-02	1.677504e-02	
59	1.648860e+01	2.472000e-01	8.217000e-01	1.731200e-02	9.376700e-01	1.385000e-02	1.694740e-02	
60	1.785030e+01	3.775800e-01	8.465000e-01	2.120700e-02	9.109500e-01	1.719900e-02	1.417440e-02	
61	1.862380e+01	3.765800e-01	8.050000e-01	1.890500e-02	8.773800e-01	1.724400e-02	1.734300e-02	
62	1.735170e+01	7.368300e-01	7.783000e-01	3.064000e-02	9.078900e-01	3.075900e-02	2.040332e-02	
63	1.839000e+01	4.616500e-01	8.281000e-01	2.397900e-02	9.063200e-01	2.074000e-02	1.579281e-02	
64	1.978380e+01	4.574500e-01	8.064000e-01	2.113000e-02	9.314200e-01	1.682100e-02	1.827901e-02	
65	1.842070e+01	3.648800e-01	8.082000e-01	2.110800e-02	8.646900e-01	1.666900e-02	1.681167e-02	
66	1.556660e+01	3.526800e-01	8.675000e-01	2.311600e-02	9.327100e-01	1.901700e-02	1.252750e-02	
67	1.692740e+01	4.197800e-01	8.409000e-01	2.325900e-02	8.809300e-01	1.909700e-02	1.420736e-02	
68	1.887580e+01	4.561800e-01	8.063000e-01	2.277600e-02	9.327000e-01	1.951800e-02	1.831359e-02	
69	1.747570e+01	4.409600e-01	8.214000e-01	2.204700e-02	9.432900e-01	1.984400e-02	1.707767e-02	
70	1.536960e+01	2.974300e-01	8.175000e-01	2.025000e-02	1.067400e+00	2.134400e-02	1.974658e-02	
71	1.661500e+01	3.804500e-01	8.016000e-01	1.999200e-02	1.025300e+00	1.907100e-02	2.062028e-02	
72	1.173640e+01	2.091800e-01	6.927000e-01	1.795500e-02	9.882700e-01	1.451300e-02	3.078506e-02	
73	1.378210e+01	2.434100e-01	7.487000e-01	1.912300e-02	9.287100e-01	1.529600e-02	2.365781e-02	
74	1.526880e+01	2.500400e-01	7.867000e-01	1.923000e-02	9.068300e-01	1.502800e-02	1.960734e-02	
75	1.659800e+01	3.514800e-01	7.430000e-01	2.334600e-02	8.931700e-01	1.563700e-02	2.326854e-02	
76	1.773840e+01	4.647300e-01	7.891000e-01	2.372600e-02	9.215900e-01	1.909000e-02	1.970227e-02	
77	1.703210e+01	4.923400e-01	8.100000e-01	2.499800e-02	9.056000e-01	2.172200e-02	1.744182e-02	
78	1.780060e+01	4.751300e-01	8.731000e-01	2.701000e-02	9.027800e-01	2.131600e-02	1.161303e-02	
79	1.962910e+01	7.732600e-01	8.045000e-01	2.854500e-02	9.409200e-01	2.797300e-02	1.864667e-02	
80	1.922970e+01	4.351600e-01	8.232000e-01	2.130800e-02	9.716700e-01	1.955900e-02	1.741417e-02	
81	1.842860e+01	4.607200e-01	7.985000e-01	2.307000e-02	8.970300e-01	1.790600e-02	1.832246e-02	
82	1.729580e+01	5.179600e-01	8.679000e-01	3.044400e-02	9.008100e-01	2.251300e-02	1.206251e-02	
83	1.997520e+01	7.225400e-01	7.692000e-01	2.756900e-02	8.886700e-01	2.589900e-02	2.079113e-02	
84	2.037170e+01	1.085800e+00	9.024000e-01	4.481500e-02	9.646700e-01	4.295500e-02	9.544000e-03	
85	1.788400e+01	5.298100e-01	7.640000e-01	2.486300e-02	8.686800e-01	2.228100e-02	2.078135e-02	
86	1.842110e+01	6.137800e-01	8.681000e-01	2.930400e-02	8.877700e-01	2.412000e-02	1.186990e-02	
87	1.763190e+01	1.746400e+00	7.253000e-01	5.918400e-02	9.676400e-01	7.604400e-02	2.694476e-02	
89	1.879470e+01	5.506000e-01	8.730000e-01	2.895100e-02	8.863700e-01	2.134400e-02	1.141092e-02	
90	1.890810e+01	8.511200e-01	8.477000e-01	4.623300e-02	8.570800e-01	3.823100e-02	1.323193e-02	
96	1.500940e+01	3.235200e-01	8.191000e-01	2.616400e-02	1.007500e+00	2.199500e-02	1.847504e-02	
97	1.689740e+01	5.807400e-01	8.277000e-01	3.325100e-02	1.039300e+00	3.339400e-02	1.815215e-02	
98	2.051400e+01	7.451900e-01	8.387000e-01	3.828800e-02	9.199900e-01	3.304900e-02	1.504248e-02	
100	1.841160e+01	6.094900e-01	8.548000e-01	3.102100e-02	9.333400e-01	2.154000e-02	1.373752e-02	
101	1.847940e+01	7.382900e-01	7.957000e-01	3.629700e-02	8.552500e-01	2.627800e-02	1.771182e-02	
102	1.862100e+01	4.649200e-01	7.628000e-01	2.552400e-02	9.169500e-01	1.843600e-02	2.204764e-02	
103	1.863970e+01	5.076700e-01	8.291000e-01	2.512300e-02	8.978300e-01	2.218200e-02	1.555385e-02	
104	1.969240e+01	1.576400e+00	9.090000e-01	6.223700e-02	9.682600e-01	6.363100e-02	8.931723e-03	
105	2.047920e+01	9.804200e-01	8.348000e-01	3.223700e-02	9.862300e-01	3.472400e-02	1.651544e-02	
106	1.967820e+01	8.213300e-01	8.062000e-01	3.262600e-02	9.110800e-01	3.340500e-02	1.789831e-02	
107	2.206230e+01	1.284100e+00	8.175000e-01	4.166600e-02	8.666100e-01	3.572600e-02	1.603203e-02	
109	2.076770e+01	3.389400e+00	6.818000e-01	9.962100e-02	8.290900e-01	1.111800e-01	2.674260e-02	
110	1.895180e+01	5.951300e-01	8.033000e-01	2.773700e-02	8.985400e-01	2.052400e-02	1.791611e-02	
111	2.014820e+01	9.223100e-01	8.360000e-01	3.654400e-02	8.964400e-01	3.313000e-02	1.490277e-02	
113	2.050900e+01	1.127500e+00	8.227000e-01	3.708400e-02	9.139800e-01	3.391900e-02	1.642658e-02	
114	2.084130e+01	1.185700e+00	8.774000e-01	4.552900e-02	9.296900e-01	3.877200e-02	1.155395e-02	
115	1.677540e+01	4.155600e-01	8.314000e-01	2.444900e-02	9.595400e-01	2.063700e-02	1.639919e-02	
119	1.025710e+01	1.239400e-01	3.210000e-01	1.497500e-02	1.076300e+00	1.356400e-02	7.408068e-02	
120	4.197400e+00	6.204800e-02	5.070000e-02	1.403600e-02	1.199300e+00	1.223600e-02	1.154073e-01	
