0	17	R2	1.906928e+01	1.906928e+01	1.352232e-08	-1.518202e-14	2.340079e-01
0	19	R2	2.507837e+01	2.507837e+01	1.799318e-08	7.314574e-15	4.857034e-01
0	20	R2	2.552410e+01	2.552410e+01	1.832315e-08	5.432000e-15	6.540342e-01
0	22	R2	2.432432e+01	2.432432e+01	1.743455e-08	-1.119984e-14	6.344219e-01
0	25	R2	2.514213e+01	2.514213e+01	1.804040e-08	0.000000e+00	8.072897e-01
0	27	R2	2.065228e+01	2.065228e+01	1.470506e-08	0.000000e+00	2.194430e-01
0	28	R2	2.617235e+01	2.617235e+01	1.880275e-08	-6.502811e-15	5.463351e-01
0	29	R2	2.442720e+01	2.442720e+01	1.751080e-08	0.000000e+00	3.623413e-01
0	31	R2	9.568353e+00	9.568353e+00	6.246276e-09	1.355273e-15	1.310700e+00
0	34	R2	1.877542e+01	1.877542e+01	1.330225e-08	0.000000e+00	3.964369e-01
0	36	R2	2.420496e+01	2.420496e+01	1.734608e-08	0.000000e+00	6.744286e-01
0	37	R2	2.337497e+01	2.337497e+01	1.673043e-08	6.511715e-15	5.455880e-01
0	38	R2	2.450511e+01	2.450511e+01	1.756853e-08	-2.276331e-14	3.121439e-01
0	39	R2	2.880369e+01	2.880369e+01	2.074630e-08	-8.952608e-15	7.936712e-01
0	40	R2	2.371538e+01	2.371538e+01	1.698302e-08	0.000000e+00	6.785311e-01
0	41	R2	2.273520e+01	2.273520e+01	1.625536e-08	0.000000e+00	8.574121e-01
0	42	R2	2.604529e+01	2.604529e+01	1.870877e-08	1.299466e-14	5.467959e-01
0	44	R2	2.722793e+01	2.722793e+01	1.958299e-08	7.616824e-15	4.664298e-01
0	45	R2	2.556378e+01	2.556378e+01	1.835252e-08	7.276926e-15	4.882163e-01
0	46	R2	2.688622e+01	2.688622e+01	1.933051e-08	5.882675e-15	6.039283e-01
0	47	R2	2.718624e+01	2.718624e+01	1.955220e-08	0.000000e+00	4.419263e-01
0	49	R2	2.842227e+01	2.842227e+01	2.046486e-08	-1.908179e-15	1.861834e+00
0	50	R2	2.279142e+01	2.279142e+01	1.629713e-08	0.000000e+00	6.178419e-01
0	51	R2	2.971247e+01	2.971247e+01	2.141652e-08	0.000000e+00	8.474607e-01
0	52	R2	2.335436e+01	2.335436e+01	1.671513e-08	8.086536e-15	4.393369e-01
0	53	R2	2.563623e+01	2.563623e+01	1.840613e-08	1.522919e-14	4.665663e-01
0	54	R2	2.594222e+01	2.594222e+01	1.863253e-08	0.000000e+00	4.564257e-01
0	55	R2	1.915721e+01	1.915721e+01	1.358814e-08	1.981397e-14	1.793035e-01
0	56	R2	1.921024e+01	1.921024e+01	1.362782e-08	0.000000e+00	8.502648e-01
0	57	R2	1.779423e+01	1.779423e+01	1.256608e-08	-5.119175e-15	6.940012e-01
0	63	R2	2.482692e+01	2.482692e+01	1.780696e-08	7.287966e-15	9.749535e-01
0	64	R2	2.656191e+01	2.656191e+01	1.909079e-08	0.000000e+00	1.053278e+00
0	66	R2	2.654966e+01	2.654966e+01	1.908173e-08	9.535625e-15	7.451454e-01
0	67	R2	2.929893e+01	2.929893e+01	2.111160e-08	-2.860117e-15	1.242157e+00
0	70	R2	2.928050e+01	2.928050e+01	2.109800e-08	-6.785736e-15	5.235561e-01
0	71	R2	1.974079e+01	1.974079e+01	1.402458e-08	1.316011e-14	2.699609e-01
0	73	R2	2.465767e+01	2.465767e+01	1.768158e-08	-5.158935e-15	6.886526e-01
0	74	R2	2.509289e+01	2.509289e+01	1.800394e-08	7.119088e-15	4.990406e-01
0	75	R2	2.703141e+01	2.703141e+01	1.943779e-08	1.424820e-14	7.480341e-01
0	77	R2	2.906233e+01	2.906233e+01	2.093709e-08	3.047635e-15	1.165728e+00
0	78	R2	2.699754e+01	2.699754e+01	1.941277e-08	0.000000e+00	9.800046e-01
0	80	R2	1.941796e+01	1.941796e+01	1.378322e-08	1.164728e-14	6.100501e-01
0	87	R2	3.309280e+01	3.309280e+01	2.390580e-08	0.000000e+00	2.107562e+02
0	89	R2	2.873550e+01	2.873550e+01	2.069599e-08	2.785166e-15	1.275584e+00
0	90	R2	2.446360e+01	2.446360e+01	1.753777e-08	0.000000e+00	7.514788e-01
0	91	R2	2.547193e+01	2.547193e+01	1.828454e-08	0.000000e+00	1.048452e+00
0	92	R2	2.455887e+01	2.455887e+01	1.760837e-08	0.000000e+00	1.105062e+00
0	94	R2	2.391680e+01	2.391680e+01	1.713242e-08	0.000000e+00	8.142354e-01
0	97	R2	2.561836e+01	2.561836e+01	1.839291e-08	7.536781e-15	9.427668e-01
0	98	R2	2.448425e+01	2.448425e+01	1.755308e-08	-5.237638e-15	6.783045e-01
0	99	R2	2.369775e+01	2.369775e+01	1.696994e-08	9.750116e-15	7.287531e-01
0	100	R2	2.310383e+01	2.310383e+01	1.652915e-08	0.000000e+00	5.811532e-01
0	106	R2	1.586731e+01	1.586731e+01	1.111320e-08	-1.333080e-15	1.332520e+00
0	109	R2	2.258424e+01	2.258424e+01	1.614320e-08	0.000000e+00	5.473600e-01
0	110	R2	2.205380e+01	2.205380e+01	1.574885e-08	5.082675e-15	6.989850e-01
0	112	R2	2.623092e+01	2.623092e+01	1.884606e-08	-3.602985e-15	9.860472e-01
0	113	R2	2.616975e+01	2.616975e+01	1.880083e-08	-2.763359e-15	1.285650e+00
0	115	R2	2.818579e+01	2.818579e+01	2.029032e-08	-3.328265e-15	1.067437e+00
0	116	R2	2.363773e+01	2.363773e+01	1.692541e-08	0.000000e+00	6.737152e-01
0	117	R2	2.684930e+01	2.684930e+01	1.930322e-08	0.000000e+00	7.189258e-01
0	118	R2	2.527634e+01	2.527634e+01	1.813976e-08	5.401808e-15	6.576897e-01
0	119	R2	2.609208e+01	2.609208e+01	1.874338e-08	0.000000e+00	5.399115e-01
0	125	R2	2.127290e+01	2.127290e+01	1.516762e-08	-4.182091e-15	8.495065e-01
0	126	R2	2.069087e+01	2.069087e+01	1.473384e-08	-4.245963e-15	8.367273e-01
0	127	R2	2.271279e+01	2.271279e+01	1.623871e-08	0.000000e+00	5.642939e-01
0	130	R2	2.667273e+01	2.667273e+01	1.917271e-08	0.000000e+00	7.741241e-01
0	134	R2	2.399639e+01	2.399639e+01	1.719143e-08	0.000000e+00	8.242015e-01
0	135	R2	2.153170e+01	2.153170e+01	1.536034e-08	0.000000e+00	1.884280e+00
0	136	R2	2.778584e+01	2.778584e+01	1.999506e-08	4.793573e-15	7.411410e-01
0	139	R2	2.558588e+01	2.558588e+01	1.836888e-08	3.719359e-15	9.551953e-01
0	140	R2	2.715691e+01	2.715691e+01	1.953053e-08	-3.715604e-15	9.561606e-01
0	141	R2	2.418826e+01	2.418826e+01	1.733369e-08	0.000000e+00	6.601441e-01
0	144	R2	2.414066e+01	2.414066e+01	1.729841e-08	0.000000e+00	3.462066e-01
0	145	R2	2.765793e+01	2.765793e+01	1.990061e-08	0.000000e+00	5.707652e-01
0	147	R2	2.276026e+01	2.276026e+01	1.627398e-08	0.000000e+00	5.338213e-01
0	148	R2	2.544740e+01	2.544740e+01	1.826639e-08	-1.116266e-14	3.182676e-01
0	149	R2	2.375019e+01	2.375019e+01	1.700884e-08	-8.794268e-15	4.039806e-01
0	150	R2	2.298716e+01	2.298716e+01	1.644252e-08	0.000000e+00	3.583515e-01
0	151	R2	2.213292e+01	2.213292e+01	1.580769e-08	-7.492462e-15	4.741717e-01
0	152	R2	2.098518e+01	2.098518e+01	1.495325e-08	0.000000e+00	3.625990e-01
0	153	R2	2.884111e+01	2.884111e+01	2.077391e-08	1.484832e-15	2.392670e+00
0	154	R2	2.613782e+01	2.613782e+01	1.877721e-08	1.150579e-14	6.175526e-01
0	156	R2	2.554046e+01	2.554046e+01	1.833526e-08	4.057705e-15	8.755475e-01
0	158	R2	2.584715e+01	2.584715e+01	1.856220e-08	5.235025e-15	1.357286e+00
0	160	R2	2.821266e+01	2.821266e+01	2.031016e-08	1.310067e-14	1.084742e+00
0	161	R2	2.746831e+01	2.746831e+01	1.976056e-08	0.000000e+00	8.813932e-01
0	163	R2	2.638014e+01	2.638014e+01	1.895641e-08	0.000000e+00	1.144319e+00
0	165	R2	2.616494e+01	2.616494e+01	1.879727e-08	-3.502519e-15	1.014331e+00
0	166	R2	2.449321e+01	2.449321e+01	1.755972e-08	-4.631197e-15	7.671264e-01
0	167	R2	2.928652e+01	2.928652e+01	2.110244e-08	2.005250e-15	1.771706e+00
0	168	R2	2.700704e+01	2.700704e+01	1.941979e-08	-2.722579e-15	1.304908e+00
0	169	R2	2.549077e+01	2.549077e+01	1.829848e-08	-8.704317e-15	8.163107e-01
0	172	R2	3.953002e+01	3.953002e+01	2.863448e-08	-7.103647e-16	1.000251e+01
0	173	R2	2.881056e+01	2.881056e+01	2.075137e-08	0.000000e+00	1.323556e+00
0	174	R2	2.540358e+01	2.540358e+01	1.823395e-08	0.000000e+00	6.748442e-01
0	176	R2	2.566610e+01	2.566610e+01	1.842823e-08	0.000000e+00	1.421312e+00
0	177	R2	2.193985e+01	2.193985e+01	1.566408e-08	6.044968e-15	5.877142e-01
0	178	R2	2.302835e+01	2.302835e+01	1.647311e-08	6.599802e-15	5.383061e-01
0	180	R2	2.653567e+01	2.653567e+01	1.907140e-08	-3.446909e-15	1.030696e+00
0	181	R2	2.996889e+01	2.996889e+01	2.160554e-08	2.877255e-15	1.234758e+00
0	183	R2	2.892482e+01	2.892482e+01	2.083566e-08	0.000000e+00	1.092648e+00
0	184	R2	2.929511e+01	2.929511e+01	2.110878e-08	2.753691e-15	1.290164e+00
0	190	R2	2.349973e+01	2.349973e+01	1.682302e-08	-6.331092e-15	1.122307e+00
0	191	R2	2.746706e+01	2.746706e+01	1.975964e-08	-1.085014e-14	6.548698e-01
0	192	R2	2.513318e+01	2.513318e+01	1.803376e-08	0.000000e+00	5.167954e-01
0	193	R2	3.172879e+01	3.172879e+01	2.290197e-08	2.808749e-15	1.264874e+00
0	194	R2	2.356683e+01	2.356683e+01	1.687280e-08	4.372079e-15	8.125913e-01


1	17	NOE	5.082288e-01	5.082288e-01	1.766874e-09	3.632995e-15	3.055944e-02
1	19	NOE	8.019945e-01	8.019945e-01	5.786501e-09	0.000000e+00	3.643668e-02
1	20	NOE	9.003437e-01	8.344542e-01	1.545111e-05	1.196049e+00	5.508927e-02
1	22	NOE	8.625331e-01	8.344542e-01	1.777760e-05	6.668064e-01	4.210950e-02
1	25	NOE	8.782840e-01	8.344542e-01	2.018472e-05	6.213916e-01	7.053479e-02
1	27	NOE	6.233630e-01	6.233630e-01	2.225253e-09	4.148559e-15	2.676166e-02
1	28	NOE	8.538048e-01	8.344542e-01	4.725582e-05	4.102840e-01	4.716382e-02
1	29	NOE	8.389628e-01	8.344542e-01	3.550170e-05	1.058662e-01	4.258767e-02
1	31	NOE	1.151686e-01	1.151686e-01	1.134956e-09	2.546634e-15	1.580344e-01
1	34	NOE	6.328287e-01	6.328287e-01	2.279290e-09	0.000000e+00	4.417523e-02
1	36	NOE	8.756916e-01	8.344542e-01	2.488802e-05	6.578958e-01	6.268071e-02
1	37	NOE	7.390865e-01	7.390865e-01	3.353068e-09	-2.260971e-15	4.910382e-02
1	38	NOE	8.186624e-01	8.186624e-01	8.310852e-09	0.000000e+00	2.917965e-02
1	39	NOE	8.650486e-01	8.344542e-01	2.707765e-05	7.170786e-01	4.266536e-02
1	40	NOE	8.791361e-01	8.344542e-01	2.248495e-05	8.523080e-01	5.242452e-02
1	41	NOE	8.847612e-01	8.344542e-01	2.928704e-05	8.794476e-01	5.720298e-02
1	42	NOE	9.102335e-01	8.344542e-01	1.884412e-05	2.163549e+00	3.502543e-02
1	44	NOE	8.344793e-01	8.344542e-01	4.096139e-05	7.776409e-04	3.223311e-02
1	45	NOE	8.538332e-01	8.344542e-01	3.424231e-05	4.414465e-01	4.389874e-02
1	46	NOE	8.849000e-01	8.344542e-01	2.650366e-05	1.092713e+00	4.616560e-02
1	47	NOE	8.255997e-01	8.255997e-01	1.110709e-08	3.750525e-15	2.960181e-02
1	49	NOE	8.842437e-01	8.344542e-01	2.803140e-05	6.830971e-01	7.288791e-02
1	50	NOE	8.540345e-01	8.344542e-01	1.638169e-05	4.600843e-01	4.255793e-02
1	51	NOE	8.893111e-01	8.344542e-01	2.696348e-05	9.991614e-01	5.490292e-02
1	52	NOE	8.534274e-01	8.344542e-01	2.261701e-05	4.207039e-01	4.509854e-02
1	53	NOE	7.658713e-01	7.658713e-01	3.965467e-09	-3.054000e-15	3.635308e-02
1	54	NOE	7.480338e-01	7.480338e-01	3.525789e-09	3.374697e-15	3.289845e-02
1	55	NOE	1.001117e-01	1.001117e-01	1.121119e-09	-1.711531e-15	2.432522e-02
1	56	NOE	3.753438e-01	3.753438e-01	1.466521e-09	0.000000e+00	6.932688e-02
1	57	NOE	3.360105e-01	3.360105e-01	1.400903e-09	2.298831e-15	7.244267e-02
1	63	NOE	8.733786e-01	8.344542e-01	1.927516e-05	6.797469e-01	5.726299e-02
1	64	NOE	9.282878e-01	8.344542e-01	2.125997e-05	1.688194e+00	5.558222e-02
1	66	NOE	8.588028e-01	8.344542e-01	1.548762e-05	5.137116e-01	4.739739e-02
1	67	NOE	7.389791e-01	7.389791e-01	3.351143e-09	-2.070455e-15	5.362218e-02
1	70	NOE	8.776886e-01	8.344542e-01	2.958223e-05	1.235391e+00	3.499648e-02
1	71	NOE	7.624460e-01	7.624460e-01	3.868570e-09	0.000000e+00	3.110905e-02
1	73	NOE	8.252853e-01	8.252853e-01	1.091465e-08	0.000000e+00	5.278812e-02
1	74	NOE	7.688281e-01	7.688281e-01	4.055107e-09	0.000000e+00	3.949281e-02
1	75	NOE	8.037887e-01	8.037887e-01	5.954512e-09	0.000000e+00	5.461143e-02
1	77	NOE	1.018267e+00	8.344542e-01	1.731180e-05	2.291182e+00	8.022613e-02
1	78	NOE	7.452227e-01	7.452227e-01	3.468752e-09	1.815102e-15	6.116589e-02
1	80	NOE	7.437150e-01	7.437150e-01	3.439251e-09	-1.799862e-15	6.168379e-02
1	87	NOE	9.279258e-01	8.344542e-01	2.256077e-05	3.892920e-01	2.401067e-01
1	89	NOE	8.938427e-01	8.344542e-01	2.925435e-05	6.144669e-01	9.665043e-02
1	90	NOE	8.601612e-01	8.344542e-01	2.252136e-05	4.174664e-01	6.157863e-02
1	91	NOE	9.373989e-01	8.344542e-01	2.465730e-05	1.260776e+00	8.165184e-02
1	92	NOE	7.241298e-01	7.241298e-01	3.112440e-09	0.000000e+00	7.182849e-02
1	94	NOE	8.737383e-01	8.344542e-01	2.646725e-05	5.906346e-01	6.651156e-02
1	97	NOE	9.105891e-01	8.344542e-01	2.519822e-05	1.141507e+00	6.669676e-02
1	98	NOE	8.681808e-01	8.344542e-01	2.698889e-05	6.724420e-01	5.015530e-02
1	99	NOE	8.488287e-01	8.344542e-01	2.460667e-05	2.674957e-01	5.373726e-02
1	100	NOE	8.465612e-01	8.344542e-01	3.269251e-05	2.801134e-01	4.322156e-02
1	106	NOE	1.964464e-01	1.964464e-01	1.217398e-09	-5.769470e-16	1.443230e-01
1	109	NOE	7.875970e-01	7.875970e-01	4.808723e-09	2.091347e-15	5.308651e-02
1	110	NOE	7.799236e-01	7.799236e-01	4.453889e-09	-1.767205e-15	6.282367e-02
1	112	NOE	9.144467e-01	8.344542e-01	1.897737e-05	1.024198e+00	7.810250e-02
1	113	NOE	7.522930e-01	7.522930e-01	3.617691e-09	0.000000e+00	7.009181e-02
1	115	NOE	8.997313e-01	8.344542e-01	3.843023e-05	1.117769e+00	5.839943e-02
1	116	NOE	7.765051e-01	7.765051e-01	4.318933e-09	0.000000e+00	5.130907e-02
1	117	NOE	9.441967e-01	8.344542e-01	2.240472e-05	2.320358e+00	4.729550e-02
1	118	NOE	7.807251e-01	7.807251e-01	4.487376e-09	0.000000e+00	3.721298e-02
1	119	NOE	7.657440e-01	7.657440e-01	3.961737e-09	0.000000e+00	3.287238e-02
1	125	NOE	8.192686e-01	8.192686e-01	8.475652e-09	0.000000e+00	5.398979e-02
1	126	NOE	7.777559e-01	7.777559e-01	4.366902e-09	0.000000e+00	5.937444e-02
1	127	NOE	9.027088e-01	8.344542e-01	3.020159e-05	1.385080e+00	4.927842e-02
1	130	NOE	7.697680e-01	7.697680e-01	4.084876e-09	-2.264620e-15	4.902469e-02
1	134	NOE	9.519774e-01	8.344542e-01	1.793755e-05	1.416309e+00	8.297850e-02
1	135	NOE	1.001058e+00	8.344542e-01	1.984993e-05	1.110603e+00	1.500120e-01
1	136	NOE	9.117697e-01	8.344542e-01	1.837361e-05	1.293412e+00	5.977637e-02
1	139	NOE	8.439151e-01	8.344542e-01	3.237805e-05	1.189607e-01	7.952947e-02
1	140	NOE	8.850090e-01	8.344542e-01	2.834284e-05	7.377574e-01	6.852489e-02
1	141	NOE	8.912441e-01	8.344542e-01	2.145773e-05	9.033163e-01	6.286817e-02
1	144	NOE	8.797214e-01	8.344542e-01	1.614719e-05	1.136984e+00	3.981338e-02
1	145	NOE	8.741983e-01	8.344542e-01	3.067331e-05	1.015236e+00	3.914761e-02
1	147	NOE	5.850374e-01	5.850374e-01	2.038393e-09	2.118805e-15	5.239854e-02
1	148	NOE	8.583610e-01	8.344542e-01	2.165379e-05	8.712570e-01	2.743944e-02
1	149	NOE	8.336584e-01	8.336584e-01	3.708144e-08	0.000000e+00	3.971785e-02
1	150	NOE	7.762914e-01	7.762914e-01	4.310892e-09	3.329796e-15	3.334207e-02
1	151	NOE	7.520804e-01	7.520804e-01	3.612936e-09	-2.278970e-15	4.871600e-02
1	152	NOE	7.064890e-01	7.064890e-01	2.884395e-09	0.000000e+00	3.519991e-02
1	153	NOE	7.105656e-01	7.105656e-01	2.932773e-09	-1.172401e-15	9.469655e-02
1	154	NOE	7.630153e-01	7.630153e-01	3.884194e-09	-2.304231e-15	4.818193e-02
1	156	NOE	9.009947e-01	8.344542e-01	3.236429e-05	1.074221e+00	6.194306e-02
1	158	NOE	8.234374e-01	8.234374e-01	9.955308e-09	0.000000e+00	8.047823e-02
1	160	NOE	8.714030e-01	8.344542e-01	1.791495e-05	5.831418e-01	6.336163e-02
1	161	NOE	8.191700e-01	8.191700e-01	8.448183e-09	0.000000e+00	4.098490e-02
1	163	NOE	8.554114e-01	8.344542e-01	3.662667e-05	3.217516e-01	6.513477e-02
1	165	NOE	8.237730e-01	8.237730e-01	1.011083e-08	-5.161394e-09	6.153455e-02
1	166	NOE	8.599966e-01	8.344542e-01	2.057103e-05	4.689810e-01	5.446364e-02
1	167	NOE	6.773269e-01	6.773269e-01	2.594687e-09	0.000000e+00	8.575499e-02
1	168	NOE	7.458889e-01	7.458889e-01	3.482025e-09	-1.684104e-15	6.592367e-02
1	169	NOE	7.037856e-01	7.037856e-01	2.853557e-09	0.000000e+00	5.485350e-02
1	172	NOE	1.770305e+00	8.344542e-01	1.206729e-05	1.386444e+00	6.750006e-01
1	173	NOE	8.310068e-01	8.310068e-01	1.781092e-08	0.000000e+00	8.510790e-02
1	174	NOE	8.588372e-01	8.344542e-01	3.464429e-05	4.999753e-01	4.876836e-02
1	176	NOE	7.906310e-01	7.906310e-01	4.974015e-09	0.000000e+00	7.452573e-02
1	177	NOE	8.177283e-01	8.177283e-01	8.074637e-09	-2.753650e-15	4.031823e-02
1	178	NOE	7.770030e-01	7.770030e-01	4.337839e-09	-2.450946e-15	4.529774e-02
1	180	NOE	8.398713e-01	8.344542e-01	2.034762e-05	1.075070e-01	5.038848e-02
1	181	NOE	9.509011e-01	8.344542e-01	1.573235e-05	2.214311e+00	5.258831e-02
1	183	NOE	8.484320e-01	8.344542e-01	1.934685e-05	3.300963e-01	4.234459e-02
1	184	NOE	8.304784e-01	8.304784e-01	1.658413e-08	-1.936107e-15	5.734306e-02
1	190	NOE	8.332503e-01	8.332503e-01	3.014704e-08	1.696714e-15	6.543373e-02
1	191	NOE	7.716211e-01	7.716211e-01	4.145501e-09	2.859739e-15	3.882253e-02
1	192	NOE	7.820577e-01	7.820577e-01	4.544731e-09	-2.691160e-15	4.125444e-02
1	193	NOE	7.729835e-01	7.729835e-01	4.191804e-09	0.000000e+00	6.581539e-02
1	194	NOE	6.831804e-01	6.831804e-01	2.646115e-09	-4.006726e-15	5.541796e-02


2	17	R1	7.932080e-01	7.932080e-01	1.775411e-08	-1.243081e-14	1.786245e-02
2	19	R1	5.918764e-01	5.918764e-01	2.402003e-08	0.000000e+00	2.070112e-02
2	20	R1	6.151121e-01	6.151121e-01	2.309092e-08	0.000000e+00	3.107626e-02
2	22	R1	6.471991e-01	6.471991e-01	2.191618e-08	0.000000e+00	2.589417e-02
2	25	R1	6.917783e-01	6.917783e-01	2.046247e-08	2.474190e-15	4.487218e-02
2	27	R1	7.314281e-01	7.314281e-01	1.931606e-08	1.336943e-14	1.660838e-02
2	28	R1	6.377954e-01	6.377954e-01	2.224839e-08	0.000000e+00	2.792032e-02
2	29	R1	7.185704e-01	7.185704e-01	1.967420e-08	5.011088e-07	2.064089e-02
2	31	R1	5.899179e-01	5.899179e-01	2.410164e-08	6.264223e-16	1.772324e-01
2	34	R1	7.640736e-01	7.640736e-01	1.845988e-08	-2.910013e-15	3.815183e-02
2	36	R1	6.976623e-01	6.976623e-01	2.028426e-08	3.161543e-15	3.511650e-02
2	37	R1	6.589943e-01	6.589943e-01	2.151271e-08	-6.762290e-15	3.283571e-02
2	38	R1	6.806900e-01	6.806900e-01	2.080654e-08	-6.173751e-15	1.798296e-02
2	39	R1	7.101295e-01	7.101295e-01	1.991624e-08	3.714218e-15	2.989116e-02
2	40	R1	6.702780e-01	6.702780e-01	2.113983e-08	-3.083903e-15	3.600058e-02
2	41	R1	6.671388e-01	6.671388e-01	2.124232e-08	2.934366e-15	3.783520e-02
2	42	R1	5.931158e-01	5.931158e-01	2.396865e-08	-1.112894e-14	1.995200e-02
2	44	R1	6.032081e-01	6.032081e-01	2.355809e-08	-5.736473e-15	1.935376e-02
2	45	R1	6.050742e-01	6.050742e-01	2.348365e-08	0.000000e+00	2.380636e-02
2	46	R1	6.448767e-01	6.448767e-01	2.199734e-08	-4.071971e-15	2.726500e-02
2	47	R1	6.026114e-01	6.026114e-01	2.358198e-08	-6.420090e-15	1.729295e-02
2	49	R1	6.392843e-01	6.392843e-01	2.219515e-08	1.922785e-15	5.774037e-02
2	50	R1	6.509341e-01	6.509341e-01	2.178686e-08	4.196434e-15	2.645634e-02
2	51	R1	6.460886e-01	6.460886e-01	2.195492e-08	-3.528219e-15	3.146695e-02
2	52	R1	6.655707e-01	6.655707e-01	2.129387e-08	4.592542e-15	2.417448e-02
2	53	R1	6.446546e-01	6.446546e-01	2.200513e-08	0.000000e+00	2.385822e-02
2	54	R1	6.534858e-01	6.534858e-01	2.169935e-08	0.000000e+00	2.172053e-02
2	55	R1	7.370195e-01	7.370195e-01	1.916414e-08	1.494016e-14	1.486227e-02
2	56	R1	5.564327e-01	5.564327e-01	2.558487e-08	1.844432e-15	6.019323e-02
2	57	R1	6.662083e-01	6.662083e-01	2.127288e-08	-1.776821e-15	6.248366e-02
2	63	R1	6.286274e-01	6.286274e-01	2.258170e-08	0.000000e+00	3.776842e-02
2	64	R1	5.545271e-01	5.545271e-01	2.567461e-08	0.000000e+00	3.616732e-02
2	66	R1	6.623869e-01	6.623869e-01	2.139928e-08	3.378216e-15	3.286418e-02
2	67	R1	6.195155e-01	6.195155e-01	2.292260e-08	0.000000e+00	4.195447e-02
2	70	R1	6.538057e-01	6.538057e-01	2.168843e-08	-6.057842e-15	1.832704e-02
2	71	R1	7.502132e-01	7.502132e-01	1.881447e-08	-1.123149e-14	1.976983e-02
2	73	R1	6.521658e-01	6.521658e-01	2.174454e-08	0.000000e+00	4.144018e-02
2	74	R1	6.736697e-01	6.736697e-01	2.103015e-08	4.230784e-15	2.624155e-02
2	75	R1	6.475818e-01	6.475818e-01	2.190287e-08	2.621073e-07	3.580208e-02
2	77	R1	6.300571e-01	6.300571e-01	2.252909e-08	-2.523835e-15	4.398953e-02
2	78	R1	6.428551e-01	6.428551e-01	2.206845e-08	2.700488e-15	4.111195e-02
2	80	R1	6.393889e-01	6.393889e-01	2.219142e-08	2.754678e-15	4.030318e-02
2	87	R1	6.087154e-01	6.087154e-01	2.333971e-08	1.260971e-15	1.760902e-01
2	89	R1	6.742022e-01	6.742022e-01	2.101302e-08	-1.936965e-15	5.731765e-02
2	90	R1	6.652437e-01	6.652437e-01	2.130465e-08	3.060633e-15	3.627430e-02
2	91	R1	6.797264e-01	6.797264e-01	2.083697e-08	0.000000e+00	4.927222e-02
2	92	R1	6.754567e-01	6.754567e-01	2.097279e-08	0.000000e+00	6.526960e-02
2	94	R1	6.371991e-01	6.371991e-01	2.226978e-08	5.691155e-15	3.901574e-02
2	97	R1	6.687794e-01	6.687794e-01	2.118863e-08	0.000000e+00	4.207394e-02
2	98	R1	6.322018e-01	6.322018e-01	2.245061e-08	7.196599e-15	3.085410e-02
2	99	R1	6.630042e-01	6.630042e-01	2.137877e-08	-6.051613e-15	3.669180e-02
2	100	R1	6.320105e-01	6.320105e-01	2.245759e-08	8.190004e-15	2.711166e-02
2	106	R1	5.909674e-01	5.909674e-01	2.405784e-08	7.606551e-16	1.459562e-01
2	109	R1	6.362843e-01	6.362843e-01	2.230267e-08	0.000000e+00	3.067264e-02
2	110	R1	6.284394e-01	6.284394e-01	2.258863e-08	2.784511e-15	3.987139e-02
2	112	R1	5.793825e-01	5.793825e-01	2.455003e-08	-2.320639e-15	4.784126e-02
2	113	R1	5.970272e-01	5.970272e-01	2.380791e-08	0.000000e+00	5.749163e-02
2	115	R1	6.016526e-01	6.016526e-01	2.362048e-08	-2.935892e-15	3.781552e-02
2	116	R1	6.500597e-01	6.500597e-01	2.181701e-08	0.000000e+00	3.660575e-02
2	117	R1	5.923605e-01	5.923605e-01	2.399993e-08	-4.177188e-15	2.657824e-02
2	118	R1	6.279013e-01	6.279013e-01	2.260850e-08	4.660546e-15	2.382174e-02
2	119	R1	5.782784e-01	5.782784e-01	2.459796e-08	-5.682514e-15	1.953753e-02
2	125	R1	6.554539e-01	6.554539e-01	2.163231e-08	-2.899123e-15	3.829514e-02
2	126	R1	6.228817e-01	6.228817e-01	2.279552e-08	-2.815785e-15	3.942855e-02
2	127	R1	6.444910e-01	6.444910e-01	2.201087e-08	7.738225e-15	2.869451e-02
2	130	R1	6.770177e-01	6.770177e-01	2.092294e-08	0.000000e+00	3.553786e-02
2	134	R1	6.326036e-01	6.326036e-01	2.243597e-08	2.443402e-15	4.543759e-02
2	135	R1	5.919832e-01	5.919832e-01	2.401559e-08	-1.237452e-15	8.971844e-02
2	136	R1	6.337144e-01	6.337144e-01	2.239558e-08	3.061647e-07	3.003023e-02
2	139	R1	6.582782e-01	6.582782e-01	2.153680e-08	2.588271e-15	4.289439e-02
2	140	R1	6.788616e-01	6.788616e-01	2.086434e-08	-4.716700e-15	4.707626e-02
2	141	R1	6.816969e-01	6.816969e-01	2.077485e-08	0.000000e+00	3.384859e-02
2	144	R1	7.194026e-01	7.194026e-01	1.965065e-08	-5.090986e-15	2.180762e-02
2	145	R1	6.506912e-01	6.506912e-01	2.179523e-08	0.000000e+00	2.575455e-02
2	147	R1	5.259360e-01	5.259360e-01	2.709823e-08	-3.669449e-15	3.025585e-02
2	148	R1	5.917928e-01	5.917928e-01	2.402350e-08	0.000000e+00	1.423039e-02
2	149	R1	6.214941e-01	6.214941e-01	2.284774e-08	-5.135752e-15	2.161753e-02
2	150	R1	6.924482e-01	6.924482e-01	2.044203e-08	-4.864701e-15	2.282202e-02
2	151	R1	7.774490e-01	7.774490e-01	1.812944e-08	-3.506436e-15	3.166243e-02
2	152	R1	6.728251e-01	6.728251e-01	2.105736e-08	-5.595324e-15	1.984198e-02
2	153	R1	5.690464e-01	5.690464e-01	2.500588e-08	1.099737e-15	1.009535e-01
2	154	R1	6.468590e-01	6.468590e-01	2.192803e-08	3.823138e-15	2.903958e-02
2	156	R1	6.217652e-01	6.217652e-01	2.283752e-08	-5.804729e-15	3.825236e-02
2	158	R1	5.234014e-01	5.234014e-01	2.723187e-08	-2.092850e-15	5.304838e-02
2	160	R1	6.719451e-01	6.719451e-01	2.108578e-08	-2.760191e-15	4.022269e-02
2	161	R1	6.246504e-01	6.246504e-01	2.272928e-08	-4.189809e-15	2.649817e-02
2	163	R1	6.995612e-01	6.995612e-01	2.022737e-08	4.813783e-15	4.612684e-02
2	165	R1	6.510150e-01	6.510150e-01	2.178408e-08	-5.347736e-15	4.152124e-02
2	166	R1	7.089903e-01	7.089903e-01	1.994934e-08	-6.398044e-15	3.470508e-02
2	167	R1	6.399645e-01	6.399645e-01	2.217091e-08	1.761764e-15	6.301769e-02
2	168	R1	6.861607e-01	6.861607e-01	2.063542e-08	0.000000e+00	5.623736e-02
2	169	R1	6.060431e-01	6.060431e-01	2.344519e-08	-2.950329e-15	3.763048e-02
2	172	R1	5.732577e-01	5.732577e-01	2.481819e-08	0.000000e+00	2.509606e-01
2	173	R1	6.598626e-01	6.598626e-01	2.148357e-08	-1.904238e-15	5.830275e-02
2	174	R1	5.858506e-01	5.858506e-01	2.427286e-08	-3.484609e-15	3.186077e-02
2	176	R1	5.866703e-01	5.866703e-01	2.423816e-08	2.123855e-15	5.227394e-02
2	177	R1	6.168379e-01	6.168379e-01	2.302467e-08	0.000000e+00	2.365898e-02
2	178	R1	6.017895e-01	6.017895e-01	2.361497e-08	0.000000e+00	2.551537e-02
2	180	R1	5.601395e-01	5.601395e-01	2.541205e-08	-6.978419e-15	3.181876e-02
2	181	R1	5.956668e-01	5.956668e-01	2.386357e-08	0.000000e+00	3.169826e-02
2	183	R1	6.486594e-01	6.486594e-01	2.186545e-08	-6.907930e-15	3.214344e-02
2	184	R1	5.858856e-01	5.858856e-01	2.427137e-08	0.000000e+00	3.850772e-02
2	190	R1	6.189862e-01	6.189862e-01	2.294271e-08	-6.844758e-15	4.866014e-02
2	191	R1	6.862935e-01	6.862935e-01	2.063130e-08	0.000000e+00	2.568809e-02
2	192	R1	7.647390e-01	7.647390e-01	1.844317e-08	0.000000e+00	3.540155e-02
2	193	R1	6.315095e-01	6.315095e-01	2.247589e-08	0.000000e+00	5.177132e-02
2	194	R1	6.796417e-01	6.796417e-01	2.083964e-08	2.412921e-15	4.601158e-02


