17	1.906928e+01	2.340079e-01	5.082288e-01	3.055944e-02	7.932080e-01	1.786245e-02	3.954140e-02	
19	2.507837e+01	4.857034e-01	8.019945e-01	3.643668e-02	5.918764e-01	2.070112e-02	1.187982e-02	
20	2.552410e+01	6.540342e-01	9.003437e-01	5.508927e-02	6.151121e-01	3.107626e-02	6.213850e-03	
22	2.432432e+01	6.344219e-01	8.625331e-01	4.210950e-02	6.471991e-01	2.589417e-02	9.018574e-03	
25	2.514213e+01	8.072897e-01	8.782840e-01	7.053479e-02	6.917783e-01	4.487218e-02	8.535257e-03	
27	2.065228e+01	2.194430e-01	6.233630e-01	2.676166e-02	7.314281e-01	1.660838e-02	2.792521e-02	
28	2.617235e+01	5.463351e-01	8.538048e-01	4.716382e-02	6.377954e-01	2.792032e-02	9.451839e-03	
29	2.442720e+01	3.623413e-01	8.389628e-01	4.258767e-02	7.185704e-01	2.064089e-02	1.172998e-02	
31	9.568353e+00	1.310700e+00	1.151686e-01	1.580344e-01	5.899179e-01	1.772324e-01	5.291197e-02	
34	1.877542e+01	3.964369e-01	6.328287e-01	4.417523e-02	7.640736e-01	3.815183e-02	2.843844e-02	
36	2.420496e+01	6.744286e-01	8.756916e-01	6.268071e-02	6.976623e-01	3.511650e-02	8.791188e-03	
37	2.337497e+01	5.455880e-01	7.390865e-01	4.910382e-02	6.589943e-01	3.283571e-02	1.742931e-02	
38	2.450511e+01	3.121439e-01	8.186624e-01	2.917965e-02	6.806900e-01	1.798296e-02	1.251236e-02	
39	2.880369e+01	7.936712e-01	8.650486e-01	4.266536e-02	7.101295e-01	2.989116e-02	9.714415e-03	
40	2.371538e+01	6.785311e-01	8.791361e-01	5.242452e-02	6.702780e-01	3.600058e-02	8.212087e-03	
41	2.273520e+01	8.574121e-01	8.847612e-01	5.720298e-02	6.671388e-01	3.783520e-02	7.793214e-03	
42	2.604529e+01	5.467959e-01	9.102335e-01	3.502543e-02	5.931158e-01	1.995200e-02	5.397042e-03	
44	2.722793e+01	4.664298e-01	8.344793e-01	3.223311e-02	6.032081e-01	1.935376e-02	1.012095e-02	
45	2.556378e+01	4.882163e-01	8.538332e-01	4.389874e-02	6.050742e-01	2.380636e-02	8.965186e-03	
46	2.688622e+01	6.039283e-01	8.849000e-01	4.616560e-02	6.448767e-01	2.726500e-02	7.524087e-03	
47	2.718624e+01	4.419263e-01	8.255997e-01	2.960181e-02	6.026114e-01	1.729295e-02	1.065335e-02	
49	2.842227e+01	1.861834e+00	8.842437e-01	7.288791e-02	6.392843e-01	5.774037e-02	7.501366e-03	
50	2.279142e+01	6.178419e-01	8.540345e-01	4.255793e-02	6.509341e-01	2.645634e-02	9.631395e-03	
51	2.971247e+01	8.474607e-01	8.893111e-01	5.490292e-02	6.460886e-01	3.146695e-02	7.249332e-03	
52	2.335436e+01	4.393369e-01	8.534274e-01	4.509854e-02	6.655707e-01	2.417448e-02	9.888923e-03	
53	2.563623e+01	4.665663e-01	7.658713e-01	3.635308e-02	6.446546e-01	2.385822e-02	1.529972e-02	
54	2.594222e+01	4.564257e-01	7.480338e-01	3.289845e-02	6.534858e-01	2.172053e-02	1.669092e-02	
55	1.915721e+01	1.793035e-01	1.001117e-01	2.432522e-02	7.370195e-01	1.486227e-02	6.723097e-02	
56	1.921024e+01	8.502648e-01	3.753438e-01	6.932688e-02	5.564327e-01	6.019323e-02	3.523348e-02	
57	1.779423e+01	6.940012e-01	3.360105e-01	7.244267e-02	6.662083e-01	6.248366e-02	4.484077e-02	
63	2.482692e+01	9.749535e-01	8.733786e-01	5.726299e-02	6.286274e-01	3.776842e-02	8.068678e-03	
64	2.656191e+01	1.053278e+00	9.282878e-01	5.558222e-02	5.545271e-01	3.616732e-02	4.031046e-03	
66	2.654966e+01	7.451454e-01	8.588028e-01	4.739739e-02	6.623869e-01	3.286418e-02	9.480683e-03	
67	2.929893e+01	1.242157e+00	7.389791e-01	5.362218e-02	6.195155e-01	4.195447e-02	1.639190e-02	
70	2.928050e+01	5.235561e-01	8.776886e-01	3.499648e-02	6.538057e-01	1.832704e-02	8.106206e-03	
71	1.974079e+01	2.699609e-01	7.624460e-01	3.110905e-02	7.502132e-01	1.976983e-02	1.806546e-02	
73	2.465767e+01	6.886526e-01	8.252853e-01	5.278812e-02	6.521658e-01	4.144018e-02	1.155019e-02	
74	2.509289e+01	4.990406e-01	7.688281e-01	3.949281e-02	6.736697e-01	2.624155e-02	1.578643e-02	
75	2.703141e+01	7.480341e-01	8.037887e-01	5.461143e-02	6.475818e-01	3.580208e-02	1.288014e-02	
77	2.906233e+01	1.165728e+00	1.018267e+00	8.022613e-02	6.300571e-01	4.398953e-02	-1.166663e-03	
78	2.699754e+01	9.800046e-01	7.452227e-01	6.116589e-02	6.428551e-01	4.111195e-02	1.660258e-02	
80	1.941796e+01	6.100501e-01	7.437150e-01	6.168379e-02	6.393889e-01	4.030318e-02	1.661078e-02	
87	3.309280e+01	2.107562e+02	9.279258e-01	2.401067e-01	6.087154e-01	1.760902e-01	4.447293e-03	
89	2.873550e+01	1.275584e+00	8.938427e-01	9.665043e-02	6.742022e-01	5.731765e-02	7.255073e-03	
90	2.446360e+01	7.514788e-01	8.601612e-01	6.157863e-02	6.652437e-01	3.627430e-02	9.429968e-03	
91	2.547193e+01	1.048452e+00	9.373989e-01	8.165184e-02	6.797264e-01	4.927222e-02	4.313382e-03	
92	2.455887e+01	1.105062e+00	7.241298e-01	7.182849e-02	6.754567e-01	6.526960e-02	1.888879e-02	
94	2.391680e+01	8.142354e-01	8.737383e-01	6.651156e-02	6.371991e-01	3.901574e-02	8.155465e-03	
97	2.561836e+01	9.427668e-01	9.105891e-01	6.669676e-02	6.687794e-01	4.207394e-02	6.061434e-03	
98	2.448425e+01	6.783045e-01	8.681808e-01	5.015530e-02	6.322018e-01	3.085410e-02	8.447659e-03	
99	2.369775e+01	7.287531e-01	8.488287e-01	5.373726e-02	6.630042e-01	3.669180e-02	1.015985e-02	
100	2.310383e+01	5.811532e-01	8.465612e-01	4.322156e-02	6.320105e-01	2.711166e-02	9.830179e-03	
106	1.586731e+01	1.332520e+00	1.964464e-01	1.443230e-01	5.909674e-01	1.459562e-01	4.813713e-02	
109	2.258424e+01	5.473600e-01	7.875970e-01	5.308651e-02	6.362843e-01	3.067264e-02	1.369978e-02	
110	2.205380e+01	6.989850e-01	7.799236e-01	6.282367e-02	6.284394e-01	3.987139e-02	1.401970e-02	
112	2.623092e+01	9.860472e-01	9.144467e-01	7.810250e-02	5.793825e-01	4.784126e-02	5.024631e-03	
113	2.616975e+01	1.285650e+00	7.522930e-01	7.009181e-02	5.970272e-01	5.749163e-02	1.499112e-02	
115	2.818579e+01	1.067437e+00	8.997313e-01	5.839943e-02	6.016526e-01	3.781552e-02	6.115234e-03	
116	2.363773e+01	6.737152e-01	7.765051e-01	5.130907e-02	6.500597e-01	3.660575e-02	1.472729e-02	
117	2.684930e+01	7.189258e-01	9.441967e-01	4.729550e-02	5.923605e-01	2.657824e-02	3.350793e-03	
118	2.527634e+01	6.576897e-01	7.807251e-01	3.721298e-02	6.279013e-01	2.382174e-02	1.395668e-02	
119	2.609208e+01	5.399115e-01	7.657440e-01	3.287238e-02	5.782784e-01	1.953753e-02	1.373186e-02	
125	2.127290e+01	8.495065e-01	8.192686e-01	5.398979e-02	6.554539e-01	3.829514e-02	1.200819e-02	
126	2.069087e+01	8.367273e-01	7.777559e-01	5.937444e-02	6.228817e-01	3.942855e-02	1.403258e-02	
127	2.271279e+01	5.642939e-01	9.027088e-01	4.927842e-02	6.444910e-01	2.869451e-02	6.356124e-03	
130	2.667273e+01	7.741241e-01	7.697680e-01	4.902469e-02	6.770177e-01	3.553786e-02	1.580038e-02	
134	2.399639e+01	8.242015e-01	9.519774e-01	8.297850e-02	6.326036e-01	4.543759e-02	3.079493e-03	
135	2.153170e+01	1.884280e+00	1.001058e+00	1.500120e-01	5.919832e-01	8.971844e-02	-6.348349e-05	
136	2.778584e+01	7.411410e-01	9.117697e-01	5.977637e-02	6.337144e-01	3.003023e-02	5.667781e-03	
139	2.558588e+01	9.551953e-01	8.439151e-01	7.952947e-02	6.582782e-01	4.289439e-02	1.041531e-02	
140	2.715691e+01	9.561606e-01	8.850090e-01	6.852489e-02	6.788616e-01	4.707626e-02	7.913107e-03	
141	2.418826e+01	6.601441e-01	8.912441e-01	6.286817e-02	6.816969e-01	3.384859e-02	7.515296e-03	
144	2.414066e+01	3.462066e-01	8.797214e-01	3.981338e-02	7.194026e-01	2.180762e-02	8.771265e-03	
145	2.765793e+01	5.707652e-01	8.741983e-01	3.914761e-02	6.506912e-01	2.575455e-02	8.297808e-03	
147	2.276026e+01	5.338213e-01	5.850374e-01	5.239854e-02	5.259360e-01	3.025585e-02	2.212298e-02	
148	2.544740e+01	3.182676e-01	8.583610e-01	2.743944e-02	5.917928e-01	1.423039e-02	8.496778e-03	
149	2.375019e+01	4.039806e-01	8.336584e-01	3.971785e-02	6.214941e-01	2.161753e-02	1.047948e-02	
150	2.298716e+01	3.583515e-01	7.762914e-01	3.334207e-02	6.924482e-01	2.282202e-02	1.570261e-02	
151	2.213292e+01	4.741717e-01	7.520804e-01	4.871600e-02	7.774490e-01	3.166243e-02	1.953820e-02	
152	2.098518e+01	3.625990e-01	7.064890e-01	3.519991e-02	6.728251e-01	1.984198e-02	2.001835e-02	
153	2.884111e+01	2.392670e+00	7.105656e-01	9.469655e-02	5.690464e-01	1.009535e-01	1.669551e-02	
154	2.613782e+01	6.175526e-01	7.630153e-01	4.818193e-02	6.468590e-01	2.903958e-02	1.553931e-02	
156	2.554046e+01	8.755475e-01	9.009947e-01	6.194306e-02	6.217652e-01	3.825236e-02	6.240027e-03	
158	2.584715e+01	1.357286e+00	8.234374e-01	8.047823e-02	5.234014e-01	5.304838e-02	9.367753e-03	
160	2.821266e+01	1.084742e+00	8.714030e-01	6.336163e-02	6.719451e-01	4.022269e-02	8.759238e-03	
161	2.746831e+01	8.813932e-01	8.191700e-01	4.098490e-02	6.246504e-01	2.649817e-02	1.145010e-02	
163	2.638014e+01	1.144319e+00	8.554114e-01	6.513477e-02	6.995612e-01	4.612684e-02	1.025325e-02	
165	2.616494e+01	1.014331e+00	8.237730e-01	6.153455e-02	6.510150e-01	4.152124e-02	1.162962e-02	
166	2.449321e+01	7.671264e-01	8.599966e-01	5.446364e-02	7.089903e-01	3.470508e-02	1.006191e-02	
167	2.928652e+01	1.771706e+00	6.773269e-01	8.575499e-02	6.399645e-01	6.301769e-02	2.093247e-02	
168	2.700704e+01	1.304908e+00	7.458889e-01	6.592367e-02	6.861607e-01	5.623736e-02	1.767467e-02	
169	2.549077e+01	8.163107e-01	7.037856e-01	5.485350e-02	6.060431e-01	3.763048e-02	1.819749e-02	
172	3.953002e+01	1.000251e+01	1.770305e+00	6.750006e-01	5.732577e-01	2.509606e-01	-4.476252e-02	
173	2.881056e+01	1.323556e+00	8.310068e-01	8.510790e-02	6.598626e-01	5.830275e-02	1.130380e-02	
174	2.540358e+01	6.748442e-01	8.588372e-01	4.876836e-02	5.858506e-01	3.186077e-02	8.383183e-03	
176	2.566610e+01	1.421312e+00	7.906310e-01	7.452573e-02	5.866703e-01	5.227394e-02	1.245112e-02	
177	2.193985e+01	5.877142e-01	8.177283e-01	4.031823e-02	6.168379e-01	2.365898e-02	1.139704e-02	
178	2.302835e+01	5.383061e-01	7.770030e-01	4.529774e-02	6.017895e-01	2.551537e-02	1.360334e-02	
180	2.653567e+01	1.030696e+00	8.398713e-01	5.038848e-02	5.601395e-01	3.181876e-02	9.092161e-03	
181	2.996889e+01	1.234758e+00	9.509011e-01	5.258831e-02	5.956668e-01	3.169826e-02	2.964675e-03	
183	2.892482e+01	1.092648e+00	8.484320e-01	4.234459e-02	6.486594e-01	3.214344e-02	9.966118e-03	
184	2.929511e+01	1.290164e+00	8.304784e-01	5.734306e-02	5.858856e-01	3.850772e-02	1.006792e-02	
190	2.349973e+01	1.122307e+00	8.332503e-01	6.543373e-02	6.189862e-01	4.866014e-02	1.046280e-02	
191	2.746706e+01	6.548698e-01	7.716211e-01	3.882253e-02	6.862935e-01	2.568809e-02	1.588795e-02	
192	2.513318e+01	5.167954e-01	7.820577e-01	4.125444e-02	7.647390e-01	3.540155e-02	1.689494e-02	
193	3.172879e+01	1.264874e+00	7.729835e-01	6.581539e-02	6.315095e-01	5.177132e-02	1.453246e-02	
194	2.356683e+01	8.125913e-01	6.831804e-01	5.541796e-02	6.796417e-01	4.601158e-02	2.182699e-02	
