0	2	R2	1.368000e+01	1.368000e+01	9.449839e-09	0.000000e+00	6.800000e-01
0	3	R2	1.679000e+01	1.679000e+01	1.181180e-08	0.000000e+00	7.500000e-01
0	5	R2	1.195000e+01	1.195000e+01	8.116736e-09	2.960595e-15	6.000000e-01
0	6	R2	1.237000e+01	1.237000e+01	8.442009e-09	2.865092e-15	6.200000e-01
0	7	R2	1.354000e+01	1.354000e+01	9.342571e-09	-2.612289e-15	6.800000e-01
0	8	R2	1.302000e+01	1.302000e+01	8.943266e-09	-5.465713e-15	6.500000e-01
0	9	R2	1.318000e+01	1.318000e+01	9.066282e-09	2.691450e-15	6.600000e-01
0	10	R2	1.592000e+01	1.592000e+01	1.115455e-08	2.220446e-15	8.000000e-01
0	11	R2	1.568000e+01	1.568000e+01	1.097282e-08	-4.554761e-15	7.800000e-01
0	12	R2	1.306000e+01	1.306000e+01	8.974033e-09	-2.675033e-07	6.500000e-01
0	13	R2	1.342000e+01	1.342000e+01	9.250550e-09	0.000000e+00	6.700000e-01
0	14	R2	1.489000e+01	1.489000e+01	1.037318e-08	0.000000e+00	7.400000e-01
0	15	R2	1.339000e+01	1.339000e+01	9.227533e-09	-2.651279e-15	6.700000e-01
0	18	R2	1.575000e+01	1.575000e+01	1.102585e-08	1.184238e-14	7.500000e-01
0	19	R2	1.437000e+01	1.437000e+01	9.977156e-09	2.467162e-15	7.200000e-01
0	21	R2	1.376000e+01	1.376000e+01	9.511091e-09	1.076580e-14	3.300000e-01
0	22	R2	1.430000e+01	1.430000e+01	9.923758e-09	2.501911e-15	7.100000e-01
0	23	R2	1.530000e+01	1.530000e+01	1.068467e-08	-4.613914e-15	7.700000e-01
0	24	R2	1.500000e+01	1.500000e+01	1.045681e-08	4.736952e-15	7.500000e-01
0	25	R2	1.538000e+01	1.538000e+01	1.074538e-08	-2.306957e-15	7.700000e-01
0	26	R2	1.397000e+01	1.397000e+01	9.671733e-09	-2.693201e-07	7.000000e-01
0	27	R2	1.578000e+01	1.578000e+01	1.104857e-08	1.268826e-14	2.800000e-01
0	28	R2	1.418000e+01	1.418000e+01	9.832169e-09	-2.702700e-07	7.100000e-01
0	29	R2	1.548000e+01	1.548000e+01	1.082123e-08	-2.306957e-15	7.700000e-01
0	30	R2	1.570000e+01	1.570000e+01	1.098797e-08	4.497106e-15	7.900000e-01
0	31	R2	1.544000e+01	1.544000e+01	1.079089e-08	-2.306957e-15	7.700000e-01
0	32	R2	1.463000e+01	1.463000e+01	1.017531e-08	0.000000e+00	7.300000e-01
0	33	R2	1.579000e+01	1.579000e+01	1.105614e-08	0.000000e+00	7.900000e-01
0	34	R2	1.618000e+01	1.618000e+01	1.135122e-08	8.772133e-15	8.100000e-01
0	35	R2	1.520000e+01	1.520000e+01	1.060876e-08	0.000000e+00	7.600000e-01
0	36	R2	1.519000e+01	1.519000e+01	1.060116e-08	4.674623e-15	7.600000e-01
0	37	R2	1.536000e+01	1.536000e+01	1.073020e-08	6.920871e-15	7.700000e-01
0	38	R2	1.521000e+01	1.521000e+01	1.061635e-08	0.000000e+00	7.600000e-01
0	39	R2	1.328000e+01	1.328000e+01	9.143097e-09	2.433366e-15	7.300000e-01
0	41	R2	1.538000e+01	1.538000e+01	1.074538e-08	-2.306957e-15	7.700000e-01
0	42	R2	1.385000e+01	1.385000e+01	9.579963e-09	-2.574430e-15	6.900000e-01
0	43	R2	1.392000e+01	1.392000e+01	9.633504e-09	0.000000e+00	7.000000e-01
0	44	R2	1.445000e+01	1.445000e+01	1.003816e-08	-2.467162e-15	7.200000e-01
0	45	R2	1.365000e+01	1.365000e+01	9.426861e-09	-2.696816e-07	6.800000e-01
0	46	R2	1.369000e+01	1.369000e+01	9.457497e-09	2.612289e-15	6.800000e-01
0	47	R2	1.446000e+01	1.446000e+01	1.004578e-08	-5.075305e-15	3.500000e-01
0	48	R2	1.460000e+01	1.460000e+01	1.015246e-08	-2.433366e-15	7.300000e-01
0	49	R2	1.363000e+01	1.363000e+01	9.411540e-09	2.612289e-15	6.800000e-01
0	50	R2	1.362000e+01	1.362000e+01	9.403879e-09	2.612289e-15	6.800000e-01
0	51	R2	1.369000e+01	1.369000e+01	9.457497e-09	2.612289e-15	6.800000e-01
0	53	R2	1.284000e+01	1.284000e+01	8.804703e-09	-2.661295e-07	6.400000e-01
0	54	R2	1.343000e+01	1.343000e+01	9.258221e-09	-2.684225e-07	6.700000e-01
0	55	R2	1.382000e+01	1.382000e+01	9.557010e-09	-2.574430e-15	6.900000e-01
0	56	R2	1.648000e+01	1.648000e+01	1.157787e-08	4.554761e-15	7.800000e-01
0	57	R2	1.354000e+01	1.354000e+01	9.342571e-09	-2.612289e-15	6.800000e-01
0	58	R2	1.448000e+01	1.448000e+01	1.006102e-08	0.000000e+00	7.200000e-01
0	59	R2	1.325000e+01	1.325000e+01	9.120058e-09	5.382900e-15	6.600000e-01
0	60	R2	1.348000e+01	1.348000e+01	9.296570e-09	0.000000e+00	1.120000e+00
0	61	R2	1.398000e+01	1.398000e+01	9.679377e-09	-5.075305e-15	7.000000e-01
0	62	R2	1.466000e+01	1.466000e+01	1.019815e-08	2.166289e-15	8.200000e-01
0	63	R2	1.309000e+01	1.309000e+01	8.997103e-09	-5.551115e-15	3.200000e-01
0	64	R2	1.364000e+01	1.364000e+01	9.419201e-09	2.612289e-15	6.800000e-01
0	65	R2	1.285000e+01	1.285000e+01	8.812406e-09	2.277381e-15	7.800000e-01
0	66	R2	1.373000e+01	1.373000e+01	9.488125e-09	-2.676372e-07	6.900000e-01
0	69	R2	1.441000e+01	1.441000e+01	1.000766e-08	-6.111712e-07	3.200000e-01
0	70	R2	1.401000e+01	1.401000e+01	9.702308e-09	-2.702369e-07	7.000000e-01
0	72	R2	1.417000e+01	1.417000e+01	9.824534e-09	2.501911e-15	7.100000e-01
0	73	R2	1.401000e+01	1.401000e+01	9.702308e-09	-2.702369e-07	7.000000e-01
0	74	R2	1.453000e+01	1.453000e+01	1.009913e-08	-2.705401e-07	7.300000e-01
0	75	R2	1.462000e+01	1.462000e+01	1.016769e-08	2.433366e-15	7.300000e-01
0	76	R2	1.433000e+01	1.433000e+01	9.946645e-09	0.000000e+00	7.200000e-01
0	77	R2	1.406000e+01	1.406000e+01	9.740516e-09	-2.713827e-07	7.000000e-01
0	78	R2	1.470000e+01	1.470000e+01	1.022861e-08	0.000000e+00	7.300000e-01
0	79	R2	1.397000e+01	1.397000e+01	9.671733e-09	-2.693201e-07	7.000000e-01
0	80	R2	1.522000e+01	1.522000e+01	1.062394e-08	-2.337312e-15	7.600000e-01
0	82	R2	1.408000e+01	1.408000e+01	9.755796e-09	2.537653e-15	7.000000e-01
0	84	R2	1.332000e+01	1.332000e+01	9.173808e-09	-5.396089e-07	3.300000e-01
0	85	R2	1.704000e+01	1.704000e+01	1.200025e-08	1.332268e-14	8.000000e-01
0	86	R2	1.762000e+01	1.762000e+01	1.243681e-08	5.302558e-15	6.700000e-01
0	87	R2	1.840000e+01	1.840000e+01	1.302260e-08	3.739699e-15	9.500000e-01
0	88	R2	7.160000e+00	7.160000e+00	4.305696e-09	0.000000e+00	2.300000e-01
0	89	R2	1.463000e+01	1.463000e+01	1.017531e-08	0.000000e+00	7.300000e-01
0	90	R2	1.403000e+01	1.403000e+01	9.717592e-09	5.075305e-15	7.000000e-01
0	91	R2	1.435000e+01	1.435000e+01	9.961901e-09	2.467162e-15	7.200000e-01
0	92	R2	1.393000e+01	1.393000e+01	9.641150e-09	0.000000e+00	5.000000e-01
0	93	R2	1.382000e+01	1.382000e+01	9.557010e-09	-2.574430e-15	6.900000e-01
0	94	R2	1.571000e+01	1.571000e+01	1.099555e-08	-4.674623e-15	7.600000e-01
0	95	R2	1.563000e+01	1.563000e+01	1.093494e-08	0.000000e+00	7.700000e-01
0	96	R2	1.350000e+01	1.350000e+01	9.311906e-09	0.000000e+00	6.800000e-01
0	97	R2	1.391000e+01	1.391000e+01	9.625856e-09	0.000000e+00	7.000000e-01
0	98	R2	1.209000e+01	1.209000e+01	8.225288e-09	0.000000e+00	6.000000e-01
0	99	R2	1.582000e+01	1.582000e+01	1.107885e-08	0.000000e+00	7.900000e-01
0	100	R2	1.439000e+01	1.439000e+01	9.992408e-09	-8.074349e-15	2.200000e-01
0	102	R2	9.830000e+00	9.830000e+00	6.454774e-09	-3.625218e-15	4.900000e-01
0	103	R2	9.130000e+00	9.130000e+00	5.897352e-09	0.000000e+00	4.600000e-01
0	104	R2	1.332000e+01	1.332000e+01	9.173808e-09	-2.657775e-07	6.700000e-01
0	106	R2	1.671000e+01	1.671000e+01	1.175146e-08	6.898473e-15	1.030000e+00
0	107	R2	1.456000e+01	1.456000e+01	1.012199e-08	0.000000e+00	7.300000e-01
0	108	R2	1.626000e+01	1.626000e+01	1.141168e-08	5.382900e-15	6.600000e-01
0	109	R2	1.604000e+01	1.604000e+01	1.124535e-08	-1.691768e-14	2.100000e-01
0	110	R2	1.391000e+01	1.391000e+01	9.625856e-09	0.000000e+00	7.800000e-01
0	111	R2	1.557000e+01	1.557000e+01	1.088946e-08	2.337312e-15	7.600000e-01
0	112	R2	1.541000e+01	1.541000e+01	1.076814e-08	-4.613914e-15	7.700000e-01
0	113	R2	1.489000e+01	1.489000e+01	1.037318e-08	0.000000e+00	7.400000e-01
0	114	R2	1.665000e+01	1.665000e+01	1.170619e-08	-1.299773e-14	8.200000e-01
0	115	R2	1.566000e+01	1.566000e+01	1.095767e-08	-7.011935e-15	7.600000e-01
0	116	R2	1.659000e+01	1.659000e+01	1.166091e-08	0.000000e+00	7.700000e-01
0	117	R2	1.500000e+01	1.500000e+01	1.045681e-08	4.736952e-15	7.500000e-01
0	118	R2	1.469000e+01	1.469000e+01	1.022099e-08	-2.433366e-15	7.300000e-01
0	119	R2	1.468000e+01	1.468000e+01	1.021338e-08	2.433366e-15	7.300000e-01
0	120	R2	1.472000e+01	1.472000e+01	1.024383e-08	-2.400482e-15	7.400000e-01
0	121	R2	1.397000e+01	1.397000e+01	9.671733e-09	-2.618390e-07	7.200000e-01
0	122	R2	1.390000e+01	1.390000e+01	9.618209e-09	-2.715949e-07	6.900000e-01
0	123	R2	1.414000e+01	1.414000e+01	9.801625e-09	0.000000e+00	7.000000e-01
0	124	R2	1.537000e+01	1.537000e+01	1.073779e-08	-1.571997e-15	1.130000e+00
0	125	R2	1.520000e+01	1.520000e+01	1.060876e-08	0.000000e+00	7.600000e-01
0	126	R2	1.417000e+01	1.417000e+01	9.824534e-09	2.501911e-15	7.100000e-01
0	127	R2	1.598000e+01	1.598000e+01	1.119996e-08	-4.736952e-15	7.500000e-01
0	128	R2	1.578000e+01	1.578000e+01	1.104857e-08	4.674623e-15	7.600000e-01
0	129	R2	1.519000e+01	1.519000e+01	1.060116e-08	4.497106e-15	7.900000e-01
0	130	R2	1.434000e+01	1.434000e+01	9.954274e-09	2.467162e-15	7.200000e-01
0	131	R2	1.739000e+01	1.739000e+01	1.226379e-08	0.000000e+00	7.600000e-01
0	133	R2	1.720000e+01	1.720000e+01	1.212077e-08	-4.131062e-15	8.600000e-01
0	136	R2	1.702000e+01	1.702000e+01	1.198518e-08	-3.320293e-15	1.070000e+00
0	137	R2	1.489000e+01	1.489000e+01	1.037318e-08	0.000000e+00	7.400000e-01
0	138	R2	1.278000e+01	1.278000e+01	8.758475e-09	-2.646136e-07	6.400000e-01
0	139	R2	1.254000e+01	1.254000e+01	8.573350e-09	0.000000e+00	6.300000e-01
0	140	R2	1.411000e+01	1.411000e+01	9.778713e-09	0.000000e+00	7.100000e-01
0	141	R2	1.300000e+01	1.300000e+01	8.927879e-09	0.000000e+00	6.500000e-01
0	142	R2	1.311000e+01	1.311000e+01	9.012480e-09	-4.852339e-07	3.600000e-01
0	143	R2	1.190000e+01	1.190000e+01	8.077935e-09	0.000000e+00	6.000000e-01
0	144	R2	1.313000e+01	1.313000e+01	9.027855e-09	-5.382900e-15	6.600000e-01
0	145	R2	1.302000e+01	1.302000e+01	8.943266e-09	-5.465713e-15	6.500000e-01
0	146	R2	1.575000e+01	1.575000e+01	1.102585e-08	1.124276e-14	7.900000e-01
0	147	R2	1.693000e+01	1.693000e+01	1.191735e-08	0.000000e+00	7.500000e-01
0	148	R2	1.453000e+01	1.453000e+01	1.009913e-08	-2.705401e-07	7.300000e-01
0	149	R2	1.484000e+01	1.484000e+01	1.033515e-08	-2.400482e-15	7.400000e-01
0	150	R2	1.460000e+01	1.460000e+01	1.015246e-08	-1.869849e-15	9.500000e-01
0	151	R2	1.499000e+01	1.499000e+01	1.044921e-08	-2.368476e-15	7.500000e-01
0	152	R2	1.467000e+01	1.467000e+01	1.020577e-08	-2.041789e-15	8.700000e-01
0	153	R2	1.365000e+01	1.365000e+01	9.426861e-09	-2.351070e-07	7.800000e-01
0	154	R2	1.737000e+01	1.737000e+01	1.224874e-08	3.991813e-15	8.900000e-01
0	155	R2	1.609000e+01	1.609000e+01	1.128316e-08	-4.674623e-15	7.600000e-01
0	156	R2	1.416000e+01	1.416000e+01	9.816898e-09	-2.698185e-07	7.100000e-01
0	157	R2	1.321000e+01	1.321000e+01	9.089332e-09	-2.671174e-07	6.600000e-01
0	158	R2	1.468000e+01	1.468000e+01	1.021338e-08	2.433366e-15	7.300000e-01
0	162	R2	8.660000e+00	8.660000e+00	5.520440e-09	0.000000e+00	4.300000e-01
0	163	R2	6.790000e+00	6.790000e+00	4.005014e-09	2.306957e-15	7.700000e-01
0	165	R2	2.400000e+00	2.400000e+00	9.398955e-10	0.000000e+00	1.200000e-01
0	166	R2	1.650000e+00	1.650000e+00	5.379162e-10	-2.467162e-15	9.000000e-02


1	2	NOE	8.040000e-01	8.040000e-01	5.979811e-09	0.000000e+00	1.050000e-01
1	3	NOE	8.770000e-01	8.344307e-01	3.678520e-05	3.518127e-01	1.210000e-01
1	5	NOE	5.730000e-01	5.730000e-01	1.989051e-09	0.000000e+00	3.200000e-02
1	6	NOE	6.400000e-01	6.400000e-01	2.323797e-09	-3.469447e-15	3.200000e-02
1	7	NOE	8.030000e-01	8.030000e-01	5.883286e-09	0.000000e+00	4.300000e-02
1	8	NOE	8.140000e-01	8.140000e-01	7.305771e-09	0.000000e+00	4.100000e-02
1	9	NOE	8.830000e-01	8.344307e-01	2.331426e-05	1.103849e+00	4.400000e-02
1	10	NOE	8.280000e-01	8.280000e-01	1.304150e-08	0.000000e+00	4.100000e-02
1	11	NOE	9.140000e-01	8.344307e-01	2.781407e-05	9.586667e-01	8.300000e-02
1	12	NOE	8.860000e-01	8.344307e-01	2.052402e-05	1.172030e+00	4.400000e-02
1	13	NOE	7.800000e-01	7.800000e-01	4.459675e-09	1.563694e-15	7.100000e-02
1	14	NOE	8.740000e-01	8.344307e-01	2.247786e-05	7.913868e-01	5.000000e-02
1	15	NOE	8.960000e-01	8.344307e-01	1.988824e-05	1.368208e+00	4.500000e-02
1	18	NOE	8.560000e-01	8.344307e-01	1.543703e-05	5.016126e-01	4.300000e-02
1	19	NOE	8.340000e-01	8.340000e-01	5.042715e-08	0.000000e+00	4.200000e-02
1	21	NOE	8.040000e-01	8.040000e-01	5.979811e-09	0.000000e+00	5.600000e-02
1	22	NOE	8.420000e-01	8.344307e-01	3.979613e-05	1.164514e-01	6.500000e-02
1	23	NOE	7.490000e-01	7.490000e-01	3.547848e-09	-3.000603e-15	3.700000e-02
1	24	NOE	8.500000e-01	8.344307e-01	3.133534e-05	3.620777e-01	4.300000e-02
1	25	NOE	7.960000e-01	7.960000e-01	5.316578e-09	2.775558e-15	4.000000e-02
1	26	NOE	8.530000e-01	8.344307e-01	2.403161e-05	4.318451e-01	4.300000e-02
1	27	NOE	8.140000e-01	8.140000e-01	7.305771e-09	0.000000e+00	4.100000e-02
1	28	NOE	7.710000e-01	7.710000e-01	4.127191e-09	2.846726e-15	3.900000e-02
1	29	NOE	9.220000e-01	8.344307e-01	2.472523e-05	1.326808e+00	6.600000e-02
1	30	NOE	8.900000e-01	8.344307e-01	2.125429e-05	7.826668e-01	7.100000e-02
1	31	NOE	8.770000e-01	8.344307e-01	3.678520e-05	9.674850e-01	4.400000e-02
1	32	NOE	8.670000e-01	8.344307e-01	2.669689e-05	6.513868e-01	5.000000e-02
1	33	NOE	8.700000e-01	8.344307e-01	1.425039e-05	8.083942e-01	4.400000e-02
1	34	NOE	8.240000e-01	8.240000e-01	1.023563e-08	-6.203376e-09	5.000000e-02
1	35	NOE	7.730000e-01	7.730000e-01	4.194742e-09	2.846726e-15	3.900000e-02
1	36	NOE	8.330000e-01	8.330000e-01	2.766418e-08	-2.643388e-15	4.200000e-02
1	37	NOE	7.720000e-01	7.720000e-01	4.160563e-09	0.000000e+00	3.900000e-02
1	38	NOE	7.930000e-01	7.930000e-01	5.118828e-09	0.000000e+00	4.000000e-02
1	39	NOE	8.660000e-01	8.344307e-01	2.554700e-05	6.576946e-01	4.800000e-02
1	41	NOE	8.310000e-01	8.310000e-01	1.786097e-08	0.000000e+00	1.400000e-01
1	42	NOE	8.140000e-01	8.140000e-01	7.305771e-09	0.000000e+00	4.700000e-02
1	43	NOE	8.570000e-01	8.344307e-01	2.016922e-05	5.248684e-01	4.300000e-02
1	44	NOE	8.420000e-01	8.344307e-01	3.979613e-05	1.802224e-01	4.200000e-02
1	45	NOE	8.030000e-01	8.030000e-01	5.883286e-09	0.000000e+00	4.000000e-02
1	46	NOE	8.150000e-01	8.150000e-01	7.492208e-09	-2.018587e-15	5.500000e-02
1	47	NOE	7.490000e-01	7.490000e-01	3.547848e-09	-2.523234e-15	4.400000e-02
1	48	NOE	7.480000e-01	7.480000e-01	3.526882e-09	0.000000e+00	5.700000e-02
1	49	NOE	8.190000e-01	8.190000e-01	8.410981e-09	0.000000e+00	4.100000e-02
1	50	NOE	8.740000e-01	8.344307e-01	2.247786e-05	8.993032e-01	4.400000e-02
1	51	NOE	7.700000e-01	7.700000e-01	4.094597e-09	1.734723e-15	6.400000e-02
1	53	NOE	7.060000e-01	7.060000e-01	2.880083e-09	0.000000e+00	4.400000e-02
1	54	NOE	8.070000e-01	8.070000e-01	6.300345e-09	-8.045094e-16	1.380000e-01
1	55	NOE	8.690000e-01	8.344307e-01	2.821720e-05	7.856668e-01	4.400000e-02
1	56	NOE	8.600000e-01	8.344307e-01	2.435143e-05	2.262773e-01	1.130000e-01
1	57	NOE	7.650000e-01	7.650000e-01	3.942281e-09	1.708035e-15	6.500000e-02
1	58	NOE	8.550000e-01	8.344307e-01	1.509381e-05	4.783568e-01	4.300000e-02
1	59	NOE	7.900000e-01	7.900000e-01	4.941403e-09	-5.551115e-15	4.000000e-02
1	60	NOE	8.330000e-01	8.330000e-01	2.766418e-08	-1.500301e-15	7.400000e-02
1	61	NOE	8.820000e-01	8.344307e-01	1.760445e-05	5.227400e-01	9.100000e-02
1	62	NOE	8.110000e-01	8.110000e-01	6.819867e-09	-1.694659e-08	4.100000e-02
1	63	NOE	7.270000e-01	7.270000e-01	3.156243e-09	2.707861e-15	4.100000e-02
1	64	NOE	7.790000e-01	7.790000e-01	4.418789e-09	-1.881734e-15	5.900000e-02
1	65	NOE	8.100000e-01	8.100000e-01	6.678119e-09	0.000000e+00	5.500000e-02
1	66	NOE	7.470000e-01	7.470000e-01	3.506275e-09	0.000000e+00	3.900000e-02
1	69	NOE	7.760000e-01	7.760000e-01	4.302469e-09	0.000000e+00	3.900000e-02
1	70	NOE	9.200000e-01	8.344307e-01	2.132019e-05	1.125912e+00	7.600000e-02
1	72	NOE	8.240000e-01	8.240000e-01	1.023563e-08	-3.926187e-09	7.900000e-02
1	73	NOE	8.230000e-01	8.230000e-01	9.776613e-09	0.000000e+00	4.100000e-02
1	74	NOE	7.860000e-01	7.860000e-01	4.730913e-09	-3.571209e-08	4.000000e-02
1	75	NOE	7.980000e-01	7.980000e-01	5.461736e-09	0.000000e+00	1.100000e-01
1	76	NOE	8.560000e-01	8.344307e-01	1.543703e-05	5.016126e-01	4.300000e-02
1	77	NOE	8.740000e-01	8.344307e-01	2.247786e-05	8.993032e-01	4.400000e-02
1	78	NOE	8.040000e-01	8.040000e-01	5.979811e-09	0.000000e+00	5.000000e-02
1	79	NOE	8.460000e-01	8.344307e-01	2.604892e-05	2.754605e-01	4.200000e-02
1	80	NOE	9.140000e-01	8.344307e-01	2.781407e-05	8.648841e-01	9.200000e-02
1	82	NOE	8.520000e-01	8.344307e-01	2.660826e-05	3.993032e-01	4.400000e-02
1	84	NOE	7.100000e-01	7.100000e-01	2.927289e-09	0.000000e+00	3.600000e-02
1	85	NOE	8.000000e-01	8.000000e-01	5.619330e-09	0.000000e+00	4.000000e-02
1	86	NOE	8.060000e-01	8.060000e-01	6.187890e-09	0.000000e+00	4.000000e-02
1	87	NOE	7.900000e-01	7.900000e-01	4.941403e-09	-5.551115e-15	4.000000e-02
1	88	NOE	8.030000e-01	8.030000e-01	5.883286e-09	0.000000e+00	4.000000e-02
1	89	NOE	8.560000e-01	8.344307e-01	1.543703e-05	5.016126e-01	4.300000e-02
1	90	NOE	8.620000e-01	8.344307e-01	2.053740e-05	6.411475e-01	4.300000e-02
1	91	NOE	9.140000e-01	8.344307e-01	2.781407e-05	1.120695e+00	7.100000e-02
1	92	NOE	7.170000e-01	7.170000e-01	3.015577e-09	-1.460820e-15	7.600000e-02
1	93	NOE	9.100000e-01	8.344307e-01	2.511027e-05	5.768652e-01	1.310000e-01
1	94	NOE	9.030000e-01	8.344307e-01	2.042824e-05	8.261366e-01	8.300000e-02
1	95	NOE	7.840000e-01	7.840000e-01	4.635158e-09	-3.812398e-08	3.900000e-02
1	96	NOE	8.180000e-01	8.180000e-01	8.150141e-09	2.707861e-15	4.100000e-02
1	97	NOE	8.390000e-01	8.344307e-01	1.739019e-05	9.722005e-02	4.700000e-02
1	98	NOE	8.660000e-01	8.344307e-01	2.554700e-05	4.783233e-01	6.600000e-02
1	99	NOE	7.550000e-01	7.550000e-01	3.681797e-09	0.000000e+00	9.700000e-02
1	100	NOE	7.170000e-01	7.170000e-01	3.015577e-09	-3.083953e-15	3.600000e-02
1	102	NOE	7.070000e-01	7.070000e-01	2.891678e-09	3.172066e-15	3.500000e-02
1	103	NOE	5.440000e-01	5.440000e-01	1.880952e-09	0.000000e+00	6.200000e-02
1	104	NOE	8.230000e-01	8.230000e-01	9.776613e-09	0.000000e+00	4.100000e-02
1	106	NOE	7.830000e-01	7.830000e-01	4.589381e-09	-3.887159e-08	3.900000e-02
1	107	NOE	7.810000e-01	7.810000e-01	4.501699e-09	2.846726e-15	3.900000e-02
1	108	NOE	9.040000e-01	8.344307e-01	2.257626e-05	9.275912e-01	7.500000e-02
1	109	NOE	7.060000e-01	7.060000e-01	2.880083e-09	0.000000e+00	3.500000e-02
1	110	NOE	8.470000e-01	8.344307e-01	5.026950e-05	2.992700e-01	4.200000e-02
1	111	NOE	8.300000e-01	8.300000e-01	1.571497e-08	0.000000e+00	4.200000e-02
1	112	NOE	8.850000e-01	8.344307e-01	2.260356e-05	1.149303e+00	4.400000e-02
1	113	NOE	8.650000e-01	8.344307e-01	1.354691e-05	7.109150e-01	4.300000e-02
1	114	NOE	8.310000e-01	8.310000e-01	1.786097e-08	0.000000e+00	4.200000e-02
1	115	NOE	7.760000e-01	7.760000e-01	4.302469e-09	0.000000e+00	4.300000e-02
1	116	NOE	8.410000e-01	8.344307e-01	2.322976e-05	1.313868e-01	5.000000e-02
1	117	NOE	9.170000e-01	8.344307e-01	2.812153e-05	1.045182e+00	7.900000e-02
1	118	NOE	8.390000e-01	8.344307e-01	1.739019e-05	1.087939e-01	4.200000e-02
1	119	NOE	8.470000e-01	8.344307e-01	5.026950e-05	2.992700e-01	4.200000e-02
1	120	NOE	8.920000e-01	8.344307e-01	2.042284e-05	8.108358e-01	7.100000e-02
1	121	NOE	8.470000e-01	8.344307e-01	5.026950e-05	2.992700e-01	4.200000e-02
1	122	NOE	7.520000e-01	7.520000e-01	3.613005e-09	0.000000e+00	6.200000e-02
1	123	NOE	7.500000e-01	7.500000e-01	3.569183e-09	0.000000e+00	4.000000e-02
1	124	NOE	6.790000e-01	6.790000e-01	2.610265e-09	0.000000e+00	5.400000e-02
1	125	NOE	8.300000e-01	8.300000e-01	1.571497e-08	0.000000e+00	4.200000e-02
1	126	NOE	8.530000e-01	8.344307e-01	2.403161e-05	4.318451e-01	4.300000e-02
1	127	NOE	8.240000e-01	8.240000e-01	1.023563e-08	-7.565092e-09	4.100000e-02
1	128	NOE	8.140000e-01	8.140000e-01	7.305771e-09	0.000000e+00	4.100000e-02
1	129	NOE	9.070000e-01	8.344307e-01	1.905745e-05	7.887972e-01	9.200000e-02
1	130	NOE	8.760000e-01	8.344307e-01	1.874241e-05	9.447578e-01	4.400000e-02
1	131	NOE	9.080000e-01	8.344307e-01	1.921418e-05	9.809246e-01	7.500000e-02
1	133	NOE	8.870000e-01	8.344307e-01	2.760709e-05	6.654347e-01	7.900000e-02
1	136	NOE	9.030000e-01	8.344307e-01	2.042824e-05	4.828827e-01	1.420000e-01
1	137	NOE	7.770000e-01	7.770000e-01	4.340232e-09	-1.132881e-15	9.800000e-02
1	138	NOE	6.960000e-01	6.960000e-01	2.771071e-09	0.000000e+00	3.500000e-02
1	139	NOE	7.130000e-01	7.130000e-01	2.964200e-09	-3.083953e-15	3.600000e-02
1	140	NOE	7.410000e-01	7.410000e-01	3.389616e-09	-1.632681e-15	6.800000e-02
1	141	NOE	7.770000e-01	7.770000e-01	4.340232e-09	-1.353931e-15	8.200000e-02
1	142	NOE	6.080000e-01	6.080000e-01	2.145676e-09	-6.344132e-15	3.500000e-02
1	143	NOE	6.750000e-01	6.750000e-01	2.576177e-09	0.000000e+00	3.900000e-02
1	144	NOE	7.480000e-01	7.480000e-01	3.526882e-09	0.000000e+00	5.300000e-02
1	145	NOE	8.030000e-01	8.030000e-01	5.883286e-09	0.000000e+00	4.000000e-02
1	146	NOE	8.540000e-01	8.344307e-01	3.278693e-05	4.254204e-01	4.600000e-02
1	147	NOE	8.970000e-01	8.344307e-01	1.692312e-05	8.342579e-01	7.500000e-02
1	148	NOE	8.620000e-01	8.344307e-01	2.053740e-05	6.411475e-01	4.300000e-02
1	149	NOE	7.880000e-01	7.880000e-01	4.832769e-09	-3.513029e-08	3.900000e-02
1	150	NOE	7.280000e-01	7.280000e-01	3.171381e-09	0.000000e+00	1.020000e-01
1	151	NOE	8.310000e-01	8.310000e-01	1.786097e-08	0.000000e+00	4.200000e-02
1	152	NOE	7.200000e-01	7.200000e-01	3.055851e-09	0.000000e+00	3.600000e-02
1	153	NOE	8.640000e-01	8.344307e-01	2.550188e-05	5.187604e-01	5.700000e-02
1	154	NOE	8.000000e-01	8.000000e-01	5.619330e-09	0.000000e+00	7.800000e-02
1	155	NOE	8.960000e-01	8.344307e-01	1.988824e-05	1.099453e+00	5.600000e-02
1	156	NOE	8.830000e-01	8.344307e-01	2.331426e-05	1.103849e+00	4.400000e-02
1	157	NOE	7.910000e-01	7.910000e-01	4.998504e-09	0.000000e+00	6.100000e-02
1	158	NOE	8.840000e-01	8.344307e-01	3.248473e-05	4.956934e-01	1.000000e-01
1	162	NOE	4.550000e-01	4.550000e-01	1.628907e-09	1.682156e-15	3.300000e-02
1	163	NOE	-1.176000e+00	-1.176000e+00	5.559117e-10	-5.329071e-15	1.250000e-01
1	165	NOE	-8.440000e-01	-8.440000e-01	6.461251e-10	-1.009294e-14	-3.300000e-02
1	166	NOE	-1.634000e+00	-1.634000e+00	4.547499e-10	-0.000000e+00	-8.400000e-02


2	2	R1	1.089000e+00	1.089000e+00	1.268444e-08	4.111937e-15	5.400000e-02
2	3	R1	1.137000e+00	1.137000e+00	1.210125e-08	7.526936e-15	5.900000e-02
2	5	R1	1.032000e+00	1.032000e+00	1.344401e-08	0.000000e+00	5.200000e-02
2	6	R1	1.083000e+00	1.083000e+00	1.276080e-08	-4.111937e-15	5.400000e-02
2	7	R1	1.117000e+00	1.117000e+00	1.233846e-08	0.000000e+00	5.600000e-02
2	8	R1	1.095000e+00	1.095000e+00	1.260889e-08	-8.074349e-15	5.500000e-02
2	9	R1	1.104000e+00	1.104000e+00	1.249702e-08	4.037175e-15	5.500000e-02
2	10	R1	1.194000e+00	1.194000e+00	1.146654e-08	3.700743e-15	6.000000e-02
2	11	R1	1.159000e+00	1.159000e+00	1.184929e-08	3.828355e-15	5.800000e-02
2	12	R1	1.053000e+00	1.053000e+00	1.315502e-08	-4.189521e-15	5.300000e-02
2	13	R1	1.169000e+00	1.169000e+00	1.173772e-08	3.828355e-15	5.800000e-02
2	14	R1	1.114000e+00	1.114000e+00	1.237474e-08	-3.965082e-15	5.600000e-02
2	15	R1	1.026000e+00	1.026000e+00	1.352866e-08	0.000000e+00	5.100000e-02
2	18	R1	1.193000e+00	1.193000e+00	1.147718e-08	-7.401487e-15	6.000000e-02
2	19	R1	1.157000e+00	1.157000e+00	1.187182e-08	3.828355e-15	5.800000e-02
2	21	R1	1.071000e+00	1.071000e+00	1.291596e-08	-7.656711e-15	2.900000e-02
2	22	R1	1.153000e+00	1.153000e+00	1.191710e-08	0.000000e+00	5.800000e-02
2	23	R1	1.048000e+00	1.048000e+00	1.322282e-08	-4.270089e-15	5.200000e-02
2	24	R1	1.148000e+00	1.148000e+00	1.197412e-08	0.000000e+00	5.700000e-02
2	25	R1	1.122000e+00	1.122000e+00	1.227840e-08	3.965082e-15	5.600000e-02
2	26	R1	1.063000e+00	1.063000e+00	1.302125e-08	8.379042e-15	5.300000e-02
2	27	R1	1.124000e+00	1.124000e+00	1.225452e-08	2.220446e-14	1.000000e-02
2	28	R1	1.156000e+00	1.156000e+00	1.188311e-08	-3.828355e-15	5.800000e-02
2	29	R1	1.107000e+00	1.107000e+00	1.246011e-08	4.037175e-15	5.500000e-02
2	30	R1	1.107000e+00	1.107000e+00	1.246011e-08	4.037175e-15	5.500000e-02
2	31	R1	1.155000e+00	1.155000e+00	1.189442e-08	0.000000e+00	5.800000e-02
2	32	R1	1.118000e+00	1.118000e+00	1.232641e-08	0.000000e+00	5.600000e-02
2	33	R1	1.085000e+00	1.085000e+00	1.273526e-08	0.000000e+00	5.400000e-02
2	34	R1	1.065000e+00	1.065000e+00	1.299479e-08	2.765935e-07	5.300000e-02
2	35	R1	1.086000e+00	1.086000e+00	1.272252e-08	-4.111937e-15	5.400000e-02
2	36	R1	1.096000e+00	1.096000e+00	1.259637e-08	4.037175e-15	5.500000e-02
2	37	R1	1.111000e+00	1.111000e+00	1.241120e-08	0.000000e+00	5.600000e-02
2	38	R1	1.097000e+00	1.097000e+00	1.258388e-08	-8.074349e-15	5.500000e-02
2	39	R1	1.196000e+00	1.196000e+00	1.144531e-08	0.000000e+00	6.100000e-02
2	41	R1	1.170000e+00	1.170000e+00	1.172667e-08	3.763468e-15	5.900000e-02
2	42	R1	1.127000e+00	1.127000e+00	1.221885e-08	0.000000e+00	5.600000e-02
2	43	R1	1.133000e+00	1.133000e+00	1.214805e-08	0.000000e+00	5.700000e-02
2	44	R1	1.097000e+00	1.097000e+00	1.258388e-08	0.000000e+00	5.500000e-02
2	45	R1	1.082000e+00	1.082000e+00	1.277360e-08	4.111937e-15	5.400000e-02
2	46	R1	1.183000e+00	1.183000e+00	1.158453e-08	3.763468e-15	5.900000e-02
2	47	R1	1.140000e+00	1.140000e+00	1.206635e-08	-7.930164e-15	2.800000e-02
2	48	R1	1.063000e+00	1.063000e+00	1.302125e-08	4.189521e-15	5.300000e-02
2	49	R1	1.013000e+00	1.013000e+00	1.371536e-08	0.000000e+00	5.100000e-02
2	50	R1	1.098000e+00	1.098000e+00	1.257140e-08	-4.037175e-15	5.500000e-02
2	51	R1	1.017000e+00	1.017000e+00	1.365742e-08	0.000000e+00	5.100000e-02
2	53	R1	1.084000e+00	1.084000e+00	1.274802e-08	0.000000e+00	5.400000e-02
2	54	R1	1.087000e+00	1.087000e+00	1.270981e-08	4.111937e-15	5.400000e-02
2	55	R1	1.133000e+00	1.133000e+00	1.214805e-08	-3.895519e-15	5.700000e-02
2	56	R1	1.152000e+00	1.152000e+00	1.192847e-08	3.700743e-15	6.000000e-02
2	57	R1	1.126000e+00	1.126000e+00	1.223072e-08	-3.965082e-15	5.600000e-02
2	58	R1	1.078000e+00	1.078000e+00	1.282505e-08	0.000000e+00	5.400000e-02
2	59	R1	1.095000e+00	1.095000e+00	1.260889e-08	4.037175e-15	5.500000e-02
2	60	R1	1.125000e+00	1.125000e+00	1.224261e-08	0.000000e+00	5.600000e-02
2	61	R1	1.071000e+00	1.071000e+00	1.291596e-08	-4.111937e-15	5.400000e-02
2	62	R1	1.126000e+00	1.126000e+00	1.223072e-08	0.000000e+00	5.600000e-02
2	63	R1	1.196000e+00	1.196000e+00	1.144531e-08	5.551115e-15	4.000000e-02
2	64	R1	1.086000e+00	1.086000e+00	1.272252e-08	4.111937e-15	5.400000e-02
2	65	R1	9.080000e-01	9.080000e-01	1.541159e-08	-2.362177e-15	4.700000e-02
2	66	R1	1.091000e+00	1.091000e+00	1.265917e-08	-8.074349e-15	5.500000e-02
2	69	R1	1.077000e+00	1.077000e+00	1.283797e-08	0.000000e+00	3.400000e-02
2	70	R1	1.209000e+00	1.209000e+00	1.130890e-08	-3.700743e-15	6.000000e-02
2	72	R1	1.040000e+00	1.040000e+00	1.333260e-08	0.000000e+00	5.200000e-02
2	73	R1	1.171000e+00	1.171000e+00	1.171563e-08	-3.763468e-15	5.900000e-02
2	74	R1	1.007000e+00	1.007000e+00	1.380309e-08	-4.440892e-15	5.000000e-02
2	75	R1	1.138000e+00	1.138000e+00	1.208959e-08	0.000000e+00	5.700000e-02
2	76	R1	1.169000e+00	1.169000e+00	1.173772e-08	3.828355e-15	5.800000e-02
2	77	R1	1.175000e+00	1.175000e+00	1.167165e-08	-3.763468e-15	5.900000e-02
2	78	R1	1.147000e+00	1.147000e+00	1.198559e-08	3.895519e-15	5.700000e-02
2	79	R1	1.134000e+00	1.134000e+00	1.213632e-08	0.000000e+00	5.700000e-02
2	80	R1	1.127000e+00	1.127000e+00	1.221885e-08	0.000000e+00	5.600000e-02
2	82	R1	1.152000e+00	1.152000e+00	1.192847e-08	3.828355e-15	5.800000e-02
2	84	R1	1.063000e+00	1.063000e+00	1.302125e-08	8.223874e-15	2.700000e-02
2	85	R1	1.144000e+00	1.144000e+00	1.202008e-08	3.640075e-15	6.100000e-02
2	86	R1	1.171000e+00	1.171000e+00	1.171563e-08	-7.401487e-15	3.000000e-02
2	87	R1	1.082000e+00	1.082000e+00	1.277360e-08	8.881784e-15	5.000000e-02
2	88	R1	1.187000e+00	1.187000e+00	1.154139e-08	5.693451e-15	3.900000e-02
2	89	R1	1.101000e+00	1.101000e+00	1.253411e-08	0.000000e+00	5.500000e-02
2	90	R1	1.083000e+00	1.083000e+00	1.276080e-08	-4.111937e-15	5.400000e-02
2	91	R1	1.117000e+00	1.117000e+00	1.233846e-08	0.000000e+00	5.600000e-02
2	92	R1	1.064000e+00	1.064000e+00	1.300801e-08	0.000000e+00	4.300000e-02
2	93	R1	1.210000e+00	1.210000e+00	1.129852e-08	0.000000e+00	6.100000e-02
2	94	R1	1.107000e+00	1.107000e+00	1.246011e-08	-5.551115e-15	4.000000e-02
2	95	R1	1.131000e+00	1.131000e+00	1.217157e-08	0.000000e+00	3.000000e-02
2	96	R1	1.140000e+00	1.140000e+00	1.206635e-08	-7.791039e-15	5.700000e-02
2	97	R1	1.104000e+00	1.104000e+00	1.249702e-08	4.037175e-15	5.500000e-02
2	98	R1	1.147000e+00	1.147000e+00	1.198559e-08	3.895519e-15	5.700000e-02
2	99	R1	1.158000e+00	1.158000e+00	1.186054e-08	-3.828355e-15	5.800000e-02
2	100	R1	1.161000e+00	1.161000e+00	1.182683e-08	-7.930164e-15	2.800000e-02
2	102	R1	1.145000e+00	1.145000e+00	1.200856e-08	0.000000e+00	5.700000e-02
2	103	R1	1.126000e+00	1.126000e+00	1.223072e-08	0.000000e+00	5.600000e-02
2	104	R1	1.137000e+00	1.137000e+00	1.210125e-08	3.895519e-15	5.700000e-02
2	106	R1	1.115000e+00	1.115000e+00	1.236262e-08	0.000000e+00	3.000000e-02
2	107	R1	1.079000e+00	1.079000e+00	1.281215e-08	-4.111937e-15	5.400000e-02
2	108	R1	1.177000e+00	1.177000e+00	1.164976e-08	0.000000e+00	6.000000e-02
2	109	R1	1.194000e+00	1.194000e+00	1.146654e-08	1.057355e-14	2.100000e-02
2	110	R1	1.240000e+00	1.240000e+00	1.099447e-08	-3.524518e-15	6.300000e-02
2	111	R1	1.150000e+00	1.150000e+00	1.195126e-08	-5.693451e-15	3.900000e-02
2	112	R1	1.144000e+00	1.144000e+00	1.202008e-08	0.000000e+00	5.700000e-02
2	113	R1	1.162000e+00	1.162000e+00	1.181563e-08	2.712263e-07	5.800000e-02
2	114	R1	1.135000e+00	1.135000e+00	1.212461e-08	0.000000e+00	5.900000e-02
2	115	R1	1.094000e+00	1.094000e+00	1.262143e-08	3.763468e-15	5.900000e-02
2	116	R1	1.184000e+00	1.184000e+00	1.157372e-08	0.000000e+00	3.100000e-02
2	117	R1	1.158000e+00	1.158000e+00	1.186054e-08	2.704887e-07	5.800000e-02
2	118	R1	1.156000e+00	1.156000e+00	1.188311e-08	3.828355e-15	5.800000e-02
2	119	R1	1.143000e+00	1.143000e+00	1.203162e-08	-3.895519e-15	5.700000e-02
2	120	R1	1.147000e+00	1.147000e+00	1.198559e-08	5.693451e-15	3.900000e-02
2	121	R1	1.025000e+00	1.025000e+00	1.354286e-08	8.707632e-15	5.100000e-02
2	122	R1	1.005000e+00	1.005000e+00	1.383256e-08	4.440892e-15	5.000000e-02
2	123	R1	1.131000e+00	1.131000e+00	1.217157e-08	-7.280151e-15	6.100000e-02
2	124	R1	1.075000e+00	1.075000e+00	1.286387e-08	-4.111937e-15	5.400000e-02
2	125	R1	1.150000e+00	1.150000e+00	1.195126e-08	2.644474e-07	5.900000e-02
2	126	R1	1.105000e+00	1.105000e+00	1.248469e-08	4.037175e-15	5.500000e-02
2	127	R1	1.116000e+00	1.116000e+00	1.235053e-08	-1.138690e-14	3.900000e-02
2	128	R1	1.124000e+00	1.124000e+00	1.225452e-08	5.551115e-15	4.000000e-02
2	129	R1	1.096000e+00	1.096000e+00	1.259637e-08	4.037175e-15	5.500000e-02
2	130	R1	1.009000e+00	1.009000e+00	1.377374e-08	0.000000e+00	5.000000e-02
2	131	R1	1.186000e+00	1.186000e+00	1.155215e-08	0.000000e+00	6.000000e-02
2	133	R1	1.054000e+00	1.054000e+00	1.314154e-08	0.000000e+00	5.300000e-02
2	136	R1	1.127000e+00	1.127000e+00	1.221885e-08	0.000000e+00	5.600000e-02
2	137	R1	1.097000e+00	1.097000e+00	1.258388e-08	4.037175e-15	5.500000e-02
2	138	R1	1.055000e+00	1.055000e+00	1.312807e-08	-4.189521e-15	5.300000e-02
2	139	R1	1.069000e+00	1.069000e+00	1.294214e-08	0.000000e+00	5.300000e-02
2	140	R1	1.128000e+00	1.128000e+00	1.220700e-08	0.000000e+00	5.600000e-02
2	141	R1	1.159000e+00	1.159000e+00	1.184929e-08	3.828355e-15	5.800000e-02
2	142	R1	1.167000e+00	1.167000e+00	1.175989e-08	5.843279e-15	3.800000e-02
2	143	R1	1.067000e+00	1.067000e+00	1.296842e-08	2.770235e-07	5.300000e-02
2	144	R1	1.056000e+00	1.056000e+00	1.311464e-08	0.000000e+00	5.300000e-02
2	145	R1	1.107000e+00	1.107000e+00	1.246011e-08	-4.037175e-15	5.500000e-02
2	146	R1	1.078000e+00	1.078000e+00	1.282505e-08	0.000000e+00	5.400000e-02
2	147	R1	1.053000e+00	1.053000e+00	1.315502e-08	0.000000e+00	3.200000e-02
2	148	R1	1.180000e+00	1.180000e+00	1.161707e-08	-3.763468e-15	5.900000e-02
2	149	R1	1.159000e+00	1.159000e+00	1.184929e-08	-3.828355e-15	5.800000e-02
2	150	R1	1.125000e+00	1.125000e+00	1.224261e-08	0.000000e+00	3.800000e-02
2	151	R1	1.179000e+00	1.179000e+00	1.162795e-08	0.000000e+00	5.900000e-02
2	152	R1	1.183000e+00	1.183000e+00	1.158453e-08	5.146343e-07	3.100000e-02
2	153	R1	1.216000e+00	1.216000e+00	1.123659e-08	-3.469447e-15	6.400000e-02
2	154	R1	1.172000e+00	1.172000e+00	1.170461e-08	-7.162729e-15	3.100000e-02
2	155	R1	1.165000e+00	1.165000e+00	1.178213e-08	1.110223e-14	4.000000e-02
2	156	R1	1.168000e+00	1.168000e+00	1.174880e-08	0.000000e+00	5.800000e-02
2	157	R1	1.083000e+00	1.083000e+00	1.276080e-08	4.111937e-15	5.400000e-02
2	158	R1	1.077000e+00	1.077000e+00	1.283797e-08	0.000000e+00	5.400000e-02
2	162	R1	1.081000e+00	1.081000e+00	1.278643e-08	4.111937e-15	5.400000e-02
2	163	R1	1.015000e+00	1.015000e+00	1.368634e-08	0.000000e+00	8.900000e-02
2	165	R1	1.126000e+00	1.126000e+00	2.977600e-10	-3.965082e-15	5.600000e-02
2	166	R1	8.710000e-01	8.710000e-01	1.908413e-10	0.000000e+00	4.400000e-02


