2	1.368000e+01	6.800000e-01	8.040000e-01	1.050000e-01	1.089000e+00	5.400000e-02	2.163644e-02	
3	1.679000e+01	7.500000e-01	8.770000e-01	1.210000e-01	1.137000e+00	5.900000e-02	1.417645e-02	
5	1.195000e+01	6.000000e-01	5.730000e-01	3.200000e-02	1.032000e+00	5.200000e-02	4.466933e-02	
6	1.237000e+01	6.200000e-01	6.400000e-01	3.200000e-02	1.083000e+00	5.400000e-02	3.952144e-02	
7	1.354000e+01	6.800000e-01	8.030000e-01	4.300000e-02	1.117000e+00	5.600000e-02	2.230598e-02	
8	1.302000e+01	6.500000e-01	8.140000e-01	4.100000e-02	1.095000e+00	5.500000e-02	2.064567e-02	
9	1.318000e+01	6.600000e-01	8.830000e-01	4.400000e-02	1.104000e+00	5.500000e-02	1.309353e-02	
10	1.592000e+01	8.000000e-01	8.280000e-01	4.100000e-02	1.194000e+00	6.000000e-02	2.081779e-02	
11	1.568000e+01	7.800000e-01	9.140000e-01	8.300000e-02	1.159000e+00	5.800000e-02	1.010378e-02	
12	1.306000e+01	6.500000e-01	8.860000e-01	4.400000e-02	1.053000e+00	5.300000e-02	1.216844e-02	
13	1.342000e+01	6.700000e-01	7.800000e-01	7.100000e-02	1.169000e+00	5.800000e-02	2.606988e-02	
14	1.489000e+01	7.400000e-01	8.740000e-01	5.000000e-02	1.114000e+00	5.600000e-02	1.422845e-02	
15	1.339000e+01	6.700000e-01	8.960000e-01	4.500000e-02	1.026000e+00	5.100000e-02	1.081640e-02	
18	1.575000e+01	7.500000e-01	8.560000e-01	4.300000e-02	1.193000e+00	6.000000e-02	1.741425e-02	
19	1.437000e+01	7.200000e-01	8.340000e-01	4.200000e-02	1.157000e+00	5.800000e-02	1.946898e-02	
21	1.376000e+01	3.300000e-01	8.040000e-01	5.600000e-02	1.071000e+00	2.900000e-02	2.127881e-02	
22	1.430000e+01	7.100000e-01	8.420000e-01	6.500000e-02	1.153000e+00	5.800000e-02	1.846665e-02	
23	1.530000e+01	7.700000e-01	7.490000e-01	3.700000e-02	1.048000e+00	5.200000e-02	2.666471e-02	
24	1.500000e+01	7.500000e-01	8.500000e-01	4.300000e-02	1.148000e+00	5.700000e-02	1.745561e-02	
25	1.538000e+01	7.700000e-01	7.960000e-01	4.000000e-02	1.122000e+00	5.600000e-02	2.320197e-02	
26	1.397000e+01	7.000000e-01	8.530000e-01	4.300000e-02	1.063000e+00	5.300000e-02	1.583990e-02	
27	1.578000e+01	2.800000e-01	8.140000e-01	4.100000e-02	1.124000e+00	1.000000e-02	2.119245e-02	
28	1.418000e+01	7.100000e-01	7.710000e-01	3.900000e-02	1.156000e+00	5.800000e-02	2.683460e-02	
29	1.548000e+01	7.700000e-01	9.220000e-01	6.600000e-02	1.107000e+00	5.500000e-02	8.752741e-03	
30	1.570000e+01	7.900000e-01	8.900000e-01	7.100000e-02	1.107000e+00	5.500000e-02	1.234361e-02	
31	1.544000e+01	7.700000e-01	8.770000e-01	4.400000e-02	1.155000e+00	5.800000e-02	1.440088e-02	
32	1.463000e+01	7.300000e-01	8.670000e-01	5.000000e-02	1.118000e+00	5.600000e-02	1.507285e-02	
33	1.579000e+01	7.900000e-01	8.700000e-01	4.400000e-02	1.085000e+00	5.400000e-02	1.429799e-02	
34	1.618000e+01	8.100000e-01	8.240000e-01	5.000000e-02	1.065000e+00	5.300000e-02	1.900046e-02	
35	1.520000e+01	7.600000e-01	7.730000e-01	3.900000e-02	1.086000e+00	5.400000e-02	2.498950e-02	
36	1.519000e+01	7.600000e-01	8.330000e-01	4.200000e-02	1.096000e+00	5.500000e-02	1.855363e-02	
37	1.536000e+01	7.700000e-01	7.720000e-01	3.900000e-02	1.111000e+00	5.600000e-02	2.567738e-02	
38	1.521000e+01	7.600000e-01	7.930000e-01	4.000000e-02	1.097000e+00	5.500000e-02	2.301860e-02	
39	1.328000e+01	7.300000e-01	8.660000e-01	4.800000e-02	1.196000e+00	6.100000e-02	1.624568e-02	
41	1.538000e+01	7.700000e-01	8.310000e-01	1.400000e-01	1.170000e+00	5.900000e-02	2.004354e-02	
42	1.385000e+01	6.900000e-01	8.140000e-01	4.700000e-02	1.127000e+00	5.600000e-02	2.124901e-02	
43	1.392000e+01	7.000000e-01	8.570000e-01	4.300000e-02	1.133000e+00	5.700000e-02	1.642358e-02	
44	1.445000e+01	7.200000e-01	8.420000e-01	4.200000e-02	1.097000e+00	5.500000e-02	1.756975e-02	
45	1.365000e+01	6.800000e-01	8.030000e-01	4.000000e-02	1.082000e+00	5.400000e-02	2.160704e-02	
46	1.369000e+01	6.800000e-01	8.150000e-01	5.500000e-02	1.183000e+00	5.900000e-02	2.218494e-02	
47	1.446000e+01	3.500000e-01	7.490000e-01	4.400000e-02	1.140000e+00	2.800000e-02	2.900550e-02	
48	1.460000e+01	7.300000e-01	7.480000e-01	5.700000e-02	1.063000e+00	5.300000e-02	2.715411e-02	
49	1.363000e+01	6.800000e-01	8.190000e-01	4.100000e-02	1.013000e+00	5.100000e-02	1.858617e-02	
50	1.362000e+01	6.800000e-01	8.740000e-01	4.400000e-02	1.098000e+00	5.500000e-02	1.402409e-02	
51	1.369000e+01	6.800000e-01	7.700000e-01	6.400000e-02	1.017000e+00	5.100000e-02	2.371104e-02	
53	1.284000e+01	6.400000e-01	7.060000e-01	4.400000e-02	1.084000e+00	5.400000e-02	3.230565e-02	
54	1.343000e+01	6.700000e-01	8.070000e-01	1.380000e-01	1.087000e+00	5.400000e-02	2.126614e-02	
55	1.382000e+01	6.900000e-01	8.690000e-01	4.400000e-02	1.133000e+00	5.700000e-02	1.504538e-02	
56	1.648000e+01	7.800000e-01	8.600000e-01	1.130000e-01	1.152000e+00	6.000000e-02	1.634867e-02	
57	1.354000e+01	6.800000e-01	7.650000e-01	6.500000e-02	1.126000e+00	5.600000e-02	2.682305e-02	
58	1.448000e+01	7.200000e-01	8.550000e-01	4.300000e-02	1.078000e+00	5.400000e-02	1.584487e-02	
59	1.325000e+01	6.600000e-01	7.900000e-01	4.000000e-02	1.095000e+00	5.500000e-02	2.330962e-02	
60	1.348000e+01	1.120000e+00	8.330000e-01	7.400000e-02	1.125000e+00	5.600000e-02	1.904456e-02	
61	1.398000e+01	7.000000e-01	8.820000e-01	9.100000e-02	1.071000e+00	5.400000e-02	1.281071e-02	
62	1.466000e+01	8.200000e-01	8.110000e-01	4.100000e-02	1.126000e+00	5.600000e-02	2.157258e-02	
63	1.309000e+01	3.200000e-01	7.270000e-01	4.100000e-02	1.196000e+00	4.000000e-02	3.309754e-02	
64	1.364000e+01	6.800000e-01	7.790000e-01	5.900000e-02	1.086000e+00	5.400000e-02	2.432898e-02	
65	1.285000e+01	7.800000e-01	8.100000e-01	5.500000e-02	9.080000e-01	4.700000e-02	1.748805e-02	
66	1.373000e+01	6.900000e-01	7.470000e-01	3.900000e-02	1.091000e+00	5.500000e-02	2.797996e-02	
69	1.441000e+01	3.200000e-01	7.760000e-01	3.900000e-02	1.077000e+00	3.400000e-02	2.445488e-02	
70	1.401000e+01	7.000000e-01	9.200000e-01	7.600000e-02	1.209000e+00	6.000000e-02	9.804335e-03	
72	1.417000e+01	7.100000e-01	8.240000e-01	7.900000e-02	1.040000e+00	5.200000e-02	1.855444e-02	
73	1.401000e+01	7.000000e-01	8.230000e-01	4.100000e-02	1.171000e+00	5.900000e-02	2.101029e-02	
74	1.453000e+01	7.300000e-01	7.860000e-01	4.000000e-02	1.007000e+00	5.000000e-02	2.184465e-02	
75	1.462000e+01	7.300000e-01	7.980000e-01	1.100000e-01	1.138000e+00	5.700000e-02	2.330212e-02	
76	1.433000e+01	7.200000e-01	8.560000e-01	4.300000e-02	1.169000e+00	5.800000e-02	1.706392e-02	
77	1.406000e+01	7.000000e-01	8.740000e-01	4.400000e-02	1.175000e+00	5.900000e-02	1.500757e-02	
78	1.470000e+01	7.300000e-01	8.040000e-01	5.000000e-02	1.147000e+00	5.700000e-02	2.278879e-02	
79	1.397000e+01	7.000000e-01	8.460000e-01	4.200000e-02	1.134000e+00	5.700000e-02	1.770254e-02	
80	1.522000e+01	7.600000e-01	9.140000e-01	9.200000e-02	1.127000e+00	5.600000e-02	9.824811e-03	
82	1.408000e+01	7.000000e-01	8.520000e-01	4.400000e-02	1.152000e+00	5.800000e-02	1.728288e-02	
84	1.332000e+01	3.300000e-01	7.100000e-01	3.600000e-02	1.063000e+00	2.700000e-02	3.124878e-02	
85	1.704000e+01	8.000000e-01	8.000000e-01	4.000000e-02	1.144000e+00	6.100000e-02	2.319305e-02	
86	1.762000e+01	6.700000e-01	8.060000e-01	4.000000e-02	1.171000e+00	3.000000e-02	2.302822e-02	
87	1.840000e+01	9.500000e-01	7.900000e-01	4.000000e-02	1.082000e+00	5.000000e-02	2.303289e-02	
88	7.160000e+00	2.300000e-01	8.030000e-01	4.000000e-02	1.187000e+00	3.900000e-02	2.370384e-02	
89	1.463000e+01	7.300000e-01	8.560000e-01	4.300000e-02	1.101000e+00	5.500000e-02	1.607132e-02	
90	1.403000e+01	7.000000e-01	8.620000e-01	4.300000e-02	1.083000e+00	5.400000e-02	1.514989e-02	
91	1.435000e+01	7.200000e-01	9.140000e-01	7.100000e-02	1.117000e+00	5.600000e-02	9.737634e-03	
92	1.393000e+01	5.000000e-01	7.170000e-01	7.600000e-02	1.064000e+00	4.300000e-02	3.052319e-02	
93	1.382000e+01	6.900000e-01	9.100000e-01	1.310000e-01	1.210000e+00	6.100000e-02	1.103900e-02	
94	1.571000e+01	7.600000e-01	9.030000e-01	8.300000e-02	1.107000e+00	4.000000e-02	1.088482e-02	
95	1.563000e+01	7.700000e-01	7.840000e-01	3.900000e-02	1.131000e+00	3.000000e-02	2.476385e-02	
96	1.350000e+01	6.800000e-01	8.180000e-01	4.100000e-02	1.140000e+00	5.700000e-02	2.103188e-02	
97	1.391000e+01	7.000000e-01	8.390000e-01	4.700000e-02	1.104000e+00	5.500000e-02	1.801759e-02	
98	1.209000e+01	6.000000e-01	8.660000e-01	6.600000e-02	1.147000e+00	5.700000e-02	1.558009e-02	
99	1.582000e+01	7.900000e-01	7.550000e-01	9.700000e-02	1.158000e+00	5.800000e-02	2.875918e-02	
100	1.439000e+01	2.200000e-01	7.170000e-01	3.600000e-02	1.161000e+00	2.800000e-02	3.330585e-02	
102	9.830000e+00	4.900000e-01	7.070000e-01	3.500000e-02	1.145000e+00	5.700000e-02	3.400752e-02	
103	9.130000e+00	4.600000e-01	5.440000e-01	6.200000e-02	1.126000e+00	5.600000e-02	5.204812e-02	
104	1.332000e+01	6.700000e-01	8.230000e-01	4.100000e-02	1.137000e+00	5.700000e-02	2.040025e-02	
106	1.671000e+01	1.030000e+00	7.830000e-01	3.900000e-02	1.115000e+00	3.000000e-02	2.452655e-02	
107	1.456000e+01	7.300000e-01	7.810000e-01	3.900000e-02	1.079000e+00	5.400000e-02	2.395341e-02	
108	1.626000e+01	6.600000e-01	9.040000e-01	7.500000e-02	1.177000e+00	6.000000e-02	1.145380e-02	
109	1.604000e+01	2.100000e-01	7.060000e-01	3.500000e-02	1.194000e+00	2.100000e-02	3.558390e-02	
110	1.391000e+01	7.800000e-01	8.470000e-01	4.200000e-02	1.240000e+00	6.300000e-02	1.923158e-02	
111	1.557000e+01	7.600000e-01	8.300000e-01	4.200000e-02	1.150000e+00	3.900000e-02	1.981749e-02	
112	1.541000e+01	7.700000e-01	8.850000e-01	4.400000e-02	1.144000e+00	5.700000e-02	1.333600e-02	
113	1.489000e+01	7.400000e-01	8.650000e-01	4.300000e-02	1.162000e+00	5.800000e-02	1.590163e-02	
114	1.665000e+01	8.200000e-01	8.310000e-01	4.200000e-02	1.135000e+00	5.900000e-02	1.944395e-02	
115	1.566000e+01	7.600000e-01	7.760000e-01	4.300000e-02	1.094000e+00	5.900000e-02	2.484089e-02	
116	1.659000e+01	7.700000e-01	8.410000e-01	5.000000e-02	1.184000e+00	3.100000e-02	1.908318e-02	
117	1.500000e+01	7.500000e-01	9.170000e-01	7.900000e-02	1.158000e+00	5.800000e-02	9.742906e-03	
118	1.469000e+01	7.300000e-01	8.390000e-01	4.200000e-02	1.156000e+00	5.800000e-02	1.886625e-02	
119	1.468000e+01	7.300000e-01	8.470000e-01	4.200000e-02	1.143000e+00	5.700000e-02	1.772717e-02	
120	1.472000e+01	7.400000e-01	8.920000e-01	7.100000e-02	1.147000e+00	3.900000e-02	1.255709e-02	
121	1.397000e+01	7.200000e-01	8.470000e-01	4.200000e-02	1.025000e+00	5.100000e-02	1.589707e-02	
122	1.390000e+01	6.900000e-01	7.520000e-01	6.200000e-02	1.005000e+00	5.000000e-02	2.526502e-02	
123	1.414000e+01	7.000000e-01	7.500000e-01	4.000000e-02	1.131000e+00	6.100000e-02	2.866187e-02	
124	1.537000e+01	1.130000e+00	6.790000e-01	5.400000e-02	1.075000e+00	5.400000e-02	3.497964e-02	
125	1.520000e+01	7.600000e-01	8.300000e-01	4.200000e-02	1.150000e+00	5.900000e-02	1.981749e-02	
126	1.417000e+01	7.100000e-01	8.530000e-01	4.300000e-02	1.105000e+00	5.500000e-02	1.646575e-02	
127	1.598000e+01	7.500000e-01	8.240000e-01	4.100000e-02	1.116000e+00	3.900000e-02	1.991034e-02	
128	1.578000e+01	7.600000e-01	8.140000e-01	4.100000e-02	1.124000e+00	4.000000e-02	2.119245e-02	
129	1.519000e+01	7.900000e-01	9.070000e-01	9.200000e-02	1.096000e+00	5.500000e-02	1.033226e-02	
130	1.434000e+01	7.200000e-01	8.760000e-01	4.400000e-02	1.009000e+00	5.000000e-02	1.268279e-02	
131	1.739000e+01	7.600000e-01	9.080000e-01	7.500000e-02	1.186000e+00	6.000000e-02	1.106049e-02	
133	1.720000e+01	8.600000e-01	8.870000e-01	7.900000e-02	1.054000e+00	5.300000e-02	1.207316e-02	
136	1.702000e+01	1.070000e+00	9.030000e-01	1.420000e-01	1.127000e+00	5.600000e-02	1.108147e-02	
137	1.489000e+01	7.400000e-01	7.770000e-01	9.800000e-02	1.097000e+00	5.500000e-02	2.479781e-02	
138	1.278000e+01	6.400000e-01	6.960000e-01	3.500000e-02	1.055000e+00	5.300000e-02	3.251082e-02	
139	1.254000e+01	6.300000e-01	7.130000e-01	3.600000e-02	1.069000e+00	5.300000e-02	3.110008e-02	
140	1.411000e+01	7.100000e-01	7.410000e-01	6.800000e-02	1.128000e+00	5.600000e-02	2.961493e-02	
141	1.300000e+01	6.500000e-01	7.770000e-01	8.200000e-02	1.159000e+00	5.800000e-02	2.619933e-02	
142	1.311000e+01	3.600000e-01	6.080000e-01	3.500000e-02	1.167000e+00	3.800000e-02	4.637231e-02	
143	1.190000e+01	6.000000e-01	6.750000e-01	3.900000e-02	1.067000e+00	5.300000e-02	3.515197e-02	
144	1.313000e+01	6.600000e-01	7.480000e-01	5.300000e-02	1.056000e+00	5.300000e-02	2.697530e-02	
145	1.302000e+01	6.500000e-01	8.030000e-01	4.000000e-02	1.107000e+00	5.500000e-02	2.210628e-02	
146	1.575000e+01	7.900000e-01	8.540000e-01	4.600000e-02	1.078000e+00	5.400000e-02	1.595414e-02	
147	1.693000e+01	7.500000e-01	8.970000e-01	7.500000e-02	1.053000e+00	3.200000e-02	1.099430e-02	
148	1.453000e+01	7.300000e-01	8.620000e-01	4.300000e-02	1.180000e+00	5.900000e-02	1.650680e-02	
149	1.484000e+01	7.400000e-01	7.880000e-01	3.900000e-02	1.159000e+00	5.800000e-02	2.490698e-02	
150	1.460000e+01	9.500000e-01	7.280000e-01	1.020000e-01	1.125000e+00	3.800000e-02	3.101868e-02	
151	1.499000e+01	7.500000e-01	8.310000e-01	4.200000e-02	1.179000e+00	5.900000e-02	2.019772e-02	
152	1.467000e+01	8.700000e-01	7.200000e-01	3.600000e-02	1.183000e+00	3.100000e-02	3.357721e-02	
153	1.365000e+01	7.800000e-01	8.640000e-01	5.700000e-02	1.216000e+00	6.400000e-02	1.676387e-02	
154	1.737000e+01	8.900000e-01	8.000000e-01	7.800000e-02	1.172000e+00	3.100000e-02	2.376071e-02	
155	1.609000e+01	7.600000e-01	8.960000e-01	5.600000e-02	1.165000e+00	4.000000e-02	1.228177e-02	
156	1.416000e+01	7.100000e-01	8.830000e-01	4.400000e-02	1.168000e+00	5.800000e-02	1.385258e-02	
157	1.321000e+01	6.600000e-01	7.910000e-01	6.100000e-02	1.083000e+00	5.400000e-02	2.294439e-02	
158	1.468000e+01	7.300000e-01	8.840000e-01	1.000000e-01	1.077000e+00	5.400000e-02	1.266413e-02	
162	8.660000e+00	4.300000e-01	4.550000e-01	3.300000e-02	1.081000e+00	5.400000e-02	5.972058e-02	
163	6.790000e+00	7.700000e-01	-1.176000e+00	1.250000e-01	1.015000e+00	8.900000e-02	2.238859e-01	
165	2.400000e+00	1.200000e-01	-8.440000e-01	-3.300000e-02	1.126000e+00	5.600000e-02	2.104753e-01	
166	1.650000e+00	9.000000e-02	-1.634000e+00	-8.400000e-02	8.710000e-01	4.400000e-02	2.325604e-01	
