0	3	R2	1.922000e+00	1.922000e+00	6.776673e-10	1.708035e-14	1.300000e-02
0	4	R2	2.344000e+00	2.344000e+00	9.251294e-10	2.775558e-14	1.600000e-02
0	5	R2	2.638000e+00	2.638000e+00	1.097569e-09	2.220446e-14	2.000000e-02
0	7	R2	4.683000e+00	4.683000e+00	2.428519e-09	0.000000e+00	4.200000e-02
0	8	R2	9.051000e+00	9.051000e+00	6.122743e-09	-5.657187e-15	3.140000e-01
0	9	R2	5.989000e+00	5.989000e+00	3.459344e-09	-3.861645e-14	6.900000e-02
0	12	R2	9.232000e+00	9.232000e+00	6.280789e-09	-5.032172e-15	3.530000e-01
0	13	R2	7.281000e+00	7.281000e+00	4.569818e-09	6.579099e-15	1.350000e-01
0	14	R2	6.700000e+00	6.700000e+00	4.064249e-09	0.000000e+00	1.060000e-01
0	16	R2	5.576000e+00	5.576000e+00	3.119645e-09	0.000000e+00	7.200000e-02
0	17	R2	6.453000e+00	6.453000e+00	3.851857e-09	-6.678033e-15	1.330000e-01
0	18	R2	6.185000e+00	6.185000e+00	3.623949e-09	-3.289550e-15	2.700000e-01
0	20	R2	6.636000e+00	6.636000e+00	4.009032e-09	0.000000e+00	1.240000e-01
0	21	R2	6.464000e+00	6.464000e+00	3.861272e-09	6.728624e-15	1.320000e-01
0	22	R2	5.993000e+00	5.993000e+00	3.462683e-09	-2.651279e-14	6.700000e-02
0	23	R2	6.577000e+00	6.577000e+00	3.958238e-09	0.000000e+00	7.000000e-02
0	24	R2	6.530000e+00	6.530000e+00	3.917854e-09	-8.458842e-15	1.050000e-01
0	25	R2	6.144000e+00	6.144000e+00	3.589359e-09	0.000000e+00	6.900000e-02
0	26	R2	6.962000e+00	6.962000e+00	4.291407e-09	0.000000e+00	1.770000e-01
0	27	R2	6.341000e+00	6.341000e+00	3.756253e-09	1.044916e-14	8.500000e-02
0	28	R2	6.545000e+00	6.545000e+00	3.930735e-09	0.000000e+00	2.010000e-01
0	30	R2	7.319000e+00	7.319000e+00	4.603081e-09	4.934325e-15	1.800000e-01
0	31	R2	9.988000e+00	9.988000e+00	6.937803e-09	-2.199599e-07	5.430000e-01
0	32	R2	6.108000e+00	6.108000e+00	3.559054e-09	-3.538559e-15	2.510000e-01
0	33	R2	8.320000e+00	8.320000e+00	5.482113e-09	0.000000e+00	1.330000e-01
0	36	R2	7.867000e+00	7.867000e+00	5.084028e-09	8.540177e-15	1.040000e-01
0	37	R2	1.171000e+01	1.171000e+01	8.414474e-09	0.000000e+00	3.330000e-01
0	38	R2	7.531000e+00	7.531000e+00	4.788916e-09	-4.280294e-07	1.900000e-01
0	39	R2	6.311000e+00	6.311000e+00	3.730729e-09	0.000000e+00	1.050000e-01
0	40	R2	7.204000e+00	7.204000e+00	4.502473e-09	8.074349e-15	1.100000e-01
0	41	R2	6.099000e+00	6.099000e+00	3.551487e-09	-1.468064e-14	1.210000e-01
0	42	R2	6.376000e+00	6.376000e+00	3.786077e-09	1.032766e-14	8.600000e-02
0	43	R2	6.707000e+00	6.707000e+00	4.070296e-09	-9.760202e-15	9.100000e-02
0	45	R2	6.250000e+00	6.250000e+00	3.678947e-09	-1.558208e-14	1.140000e-01
0	46	R2	5.697000e+00	5.697000e+00	3.218054e-09	0.000000e+00	5.600000e-02
0	47	R2	5.617000e+00	5.617000e+00	3.152879e-09	0.000000e+00	6.100000e-02
0	49	R2	6.267000e+00	6.267000e+00	3.693362e-09	-8.223874e-15	1.080000e-01
0	50	R2	6.234000e+00	6.234000e+00	3.665391e-09	0.000000e+00	7.300000e-02
0	51	R2	1.389800e+01	1.389800e+01	1.025585e-08	0.000000e+00	4.300000e-01
0	52	R2	5.965000e+00	5.965000e+00	3.439325e-09	0.000000e+00	9.000000e-02
0	54	R2	6.208000e+00	6.208000e+00	3.643388e-09	-2.912060e-14	6.100000e-02
0	55	R2	6.106000e+00	6.106000e+00	3.557372e-09	-2.501911e-14	7.100000e-02
0	56	R2	6.711000e+00	6.711000e+00	4.073751e-09	5.415722e-15	1.640000e-01
0	57	R2	7.344000e+00	7.344000e+00	4.624973e-09	-5.921189e-15	1.500000e-01
0	58	R2	6.462000e+00	6.462000e+00	3.859560e-09	-2.400482e-14	7.400000e-02
0	59	R2	6.082000e+00	6.082000e+00	3.537206e-09	0.000000e+00	6.300000e-02
0	60	R2	6.540000e+00	6.540000e+00	3.926440e-09	1.614870e-14	5.500000e-02
0	61	R2	6.304000e+00	6.304000e+00	3.724778e-09	0.000000e+00	6.800000e-02
0	62	R2	6.117000e+00	6.117000e+00	3.566624e-09	-2.574430e-14	6.900000e-02
0	63	R2	6.203000e+00	6.203000e+00	3.639160e-09	1.480297e-14	6.000000e-02
0	64	R2	6.428000e+00	6.428000e+00	3.830475e-09	-1.456030e-14	6.100000e-02
0	65	R2	6.354000e+00	6.354000e+00	3.767324e-09	-1.096517e-14	8.100000e-02
0	66	R2	5.946000e+00	5.946000e+00	3.423499e-09	3.172066e-14	5.600000e-02
0	68	R2	4.849000e+00	4.849000e+00	2.551852e-09	0.000000e+00	4.600000e-02
0	69	R2	4.388000e+00	4.388000e+00	2.215557e-09	-3.789319e-07	1.230000e-01
0	71	R2	2.000000e+00	2.000000e+00	7.235253e-10	1.708035e-14	1.300000e-02
0	73	R2	1.650000e+00	1.650000e+00	5.187779e-10	-8.415805e-07	1.600000e-02


1	3	NOE	-1.278000e+00	-1.278000e+00	6.729569e-10	0.000000e+00	2.000000e-02
1	4	NOE	-1.162000e+00	-1.162000e+00	7.074801e-10	0.000000e+00	2.000000e-02
1	5	NOE	-5.940000e-01	-5.940000e-01	9.195081e-10	-5.551115e-15	2.000000e-02
1	7	NOE	-5.000000e-03	-5.000000e-03	1.304373e-09	-1.643650e-14	2.000000e-02
1	8	NOE	3.140000e-01	3.140000e-01	1.730029e-09	-2.775558e-15	2.000000e-02
1	9	NOE	4.420000e-01	4.420000e-01	2.030133e-09	2.775558e-15	2.000000e-02
1	12	NOE	5.500000e-01	5.500000e-01	2.429208e-09	5.551115e-15	2.000000e-02
1	13	NOE	6.500000e-01	6.500000e-01	3.089859e-09	-1.110223e-14	2.000000e-02
1	14	NOE	6.360000e-01	6.360000e-01	2.966497e-09	-5.551115e-15	2.000000e-02
1	16	NOE	4.800000e-01	4.800000e-01	2.149246e-09	5.551115e-15	2.000000e-02
1	17	NOE	5.710000e-01	5.710000e-01	2.534812e-09	0.000000e+00	2.000000e-02
1	18	NOE	6.190000e-01	6.190000e-01	2.834038e-09	0.000000e+00	2.000000e-02
1	20	NOE	6.720000e-01	6.720000e-01	3.317228e-09	-5.551115e-15	2.000000e-02
1	21	NOE	6.330000e-01	6.330000e-01	2.941844e-09	-5.551115e-15	2.000000e-02
1	22	NOE	6.590000e-01	6.590000e-01	3.177342e-09	0.000000e+00	2.000000e-02
1	23	NOE	6.740000e-01	6.740000e-01	3.340357e-09	5.551115e-15	2.000000e-02
1	24	NOE	6.550000e-01	6.550000e-01	3.137596e-09	5.551115e-15	2.000000e-02
1	25	NOE	6.730000e-01	6.730000e-01	3.328735e-09	-5.551115e-15	2.000000e-02
1	26	NOE	6.280000e-01	6.280000e-01	2.902020e-09	5.551115e-15	2.000000e-02
1	27	NOE	6.760000e-01	6.760000e-01	3.363956e-09	-5.551115e-15	2.000000e-02
1	28	NOE	6.210000e-01	6.210000e-01	2.848754e-09	5.551115e-15	2.000000e-02
1	30	NOE	5.490000e-01	5.490000e-01	2.424480e-09	0.000000e+00	2.000000e-02
1	31	NOE	5.460000e-01	5.460000e-01	2.410448e-09	0.000000e+00	2.000000e-02
1	32	NOE	6.500000e-01	6.500000e-01	3.089859e-09	-1.110223e-14	2.000000e-02
1	33	NOE	4.650000e-01	4.650000e-01	2.100018e-09	-1.387779e-14	2.000000e-02
1	36	NOE	5.770000e-01	5.770000e-01	2.567409e-09	-3.458566e-07	2.000000e-02
1	37	NOE	5.830000e-01	5.830000e-01	2.601207e-09	0.000000e+00	2.000000e-02
1	38	NOE	2.790000e-01	2.790000e-01	1.666474e-09	-5.551115e-15	2.000000e-02
1	39	NOE	7.010000e-01	7.010000e-01	3.706356e-09	5.551115e-15	2.000000e-02
1	40	NOE	7.180000e-01	7.180000e-01	4.006411e-09	0.000000e+00	2.000000e-02
1	41	NOE	7.500000e-01	7.500000e-01	4.836663e-09	0.000000e+00	2.000000e-02
1	42	NOE	6.810000e-01	6.810000e-01	3.425121e-09	0.000000e+00	2.000000e-02
1	43	NOE	6.840000e-01	6.840000e-01	3.463394e-09	-5.551115e-15	2.000000e-02
1	45	NOE	4.880000e-01	4.880000e-01	2.176814e-09	5.551115e-15	2.000000e-02
1	46	NOE	5.820000e-01	5.820000e-01	2.595487e-09	-5.551115e-15	2.000000e-02
1	47	NOE	6.860000e-01	6.860000e-01	3.489606e-09	5.551115e-15	2.000000e-02
1	49	NOE	6.520000e-01	6.520000e-01	3.108703e-09	-5.551115e-15	2.000000e-02
1	50	NOE	6.340000e-01	6.340000e-01	2.949997e-09	0.000000e+00	2.000000e-02
1	51	NOE	6.430000e-01	6.430000e-01	3.026387e-09	0.000000e+00	2.000000e-02
1	52	NOE	6.200000e-01	6.200000e-01	2.841369e-09	-5.551115e-15	2.000000e-02
1	54	NOE	6.980000e-01	6.980000e-01	3.659893e-09	0.000000e+00	2.000000e-02
1	55	NOE	6.470000e-01	6.470000e-01	3.062195e-09	0.000000e+00	2.000000e-02
1	56	NOE	6.930000e-01	6.930000e-01	3.586071e-09	0.000000e+00	2.000000e-02
1	57	NOE	6.230000e-01	6.230000e-01	2.863689e-09	0.000000e+00	2.000000e-02
1	58	NOE	6.760000e-01	6.760000e-01	3.363956e-09	-5.551115e-15	2.000000e-02
1	59	NOE	6.300000e-01	6.300000e-01	2.917765e-09	-5.551115e-15	2.000000e-02
1	60	NOE	6.780000e-01	6.780000e-01	3.388042e-09	5.551115e-15	2.000000e-02
1	61	NOE	6.350000e-01	6.350000e-01	2.958214e-09	0.000000e+00	2.000000e-02
1	62	NOE	6.630000e-01	6.630000e-01	3.218566e-09	0.000000e+00	2.000000e-02
1	63	NOE	6.800000e-01	6.800000e-01	3.412632e-09	0.000000e+00	2.000000e-02
1	64	NOE	6.320000e-01	6.320000e-01	2.933755e-09	5.551115e-15	2.000000e-02
1	65	NOE	6.350000e-01	6.350000e-01	2.958214e-09	0.000000e+00	2.000000e-02
1	66	NOE	6.600000e-01	6.600000e-01	3.187506e-09	0.000000e+00	2.000000e-02
1	68	NOE	4.730000e-01	4.730000e-01	2.125888e-09	5.551115e-15	2.000000e-02
1	69	NOE	2.100000e-01	2.100000e-01	1.556897e-09	-9.714451e-15	2.000000e-02
1	71	NOE	-6.050000e-01	-6.050000e-01	9.144513e-10	-1.110223e-14	2.000000e-02
1	73	NOE	-9.930000e-01	-9.930000e-01	7.620648e-10	3.885781e-14	2.000000e-02


2	3	R1	7.240000e-01	7.240000e-01	1.452556e-10	-1.586033e-14	7.000000e-03
2	4	R1	9.130000e-01	9.130000e-01	1.970810e-10	1.110223e-14	1.000000e-02
2	5	R1	1.186000e+00	1.186000e+00	3.000346e-10	-1.586033e-14	1.400000e-02
2	7	R1	1.656000e+00	1.656000e+00	1.070613e-08	9.251859e-15	2.400000e-02
2	8	R1	1.844000e+00	1.844000e+00	9.398526e-09	-4.625929e-15	4.800000e-02
2	9	R1	1.956000e+00	1.956000e+00	8.722973e-09	0.000000e+00	3.400000e-02
2	12	R1	1.881000e+00	1.881000e+00	9.167920e-09	-4.189521e-15	5.300000e-02
2	13	R1	2.021000e+00	2.021000e+00	8.359330e-09	0.000000e+00	5.200000e-02
2	14	R1	2.073000e+00	2.073000e+00	8.081542e-09	-9.654113e-15	4.600000e-02
2	16	R1	1.944000e+00	1.944000e+00	8.792256e-09	-3.700743e-15	6.000000e-02
2	17	R1	2.092000e+00	2.092000e+00	7.982728e-09	0.000000e+00	2.400000e-02
2	18	R1	2.315000e+00	2.315000e+00	6.913201e-09	0.000000e+00	8.600000e-02
2	20	R1	2.307000e+00	2.307000e+00	6.949093e-09	1.708035e-14	2.600000e-02
2	21	R1	2.252000e+00	2.252000e+00	7.200317e-09	-1.644775e-14	2.700000e-02
2	22	R1	2.342000e+00	2.342000e+00	6.793203e-09	0.000000e+00	3.600000e-02
2	23	R1	2.160000e+00	2.160000e+00	7.639918e-09	0.000000e+00	3.200000e-02
2	24	R1	2.184000e+00	2.184000e+00	7.522709e-09	9.448707e-15	4.700000e-02
2	25	R1	2.260000e+00	2.260000e+00	7.163272e-09	0.000000e+00	3.400000e-02
2	26	R1	2.216000e+00	2.216000e+00	7.369272e-09	0.000000e+00	3.500000e-02
2	27	R1	2.497000e+00	2.497000e+00	6.133596e-09	1.200241e-14	7.400000e-02
2	28	R1	2.112000e+00	2.112000e+00	7.880184e-09	0.000000e+00	3.700000e-02
2	30	R1	2.395000e+00	2.395000e+00	6.562435e-09	0.000000e+00	1.340000e-01
2	31	R1	1.996000e+00	1.996000e+00	8.496937e-09	1.124276e-14	7.900000e-02
2	32	R1	1.923000e+00	1.923000e+00	8.915208e-09	0.000000e+00	1.140000e-01
2	33	R1	2.132000e+00	2.132000e+00	7.779095e-09	-9.868649e-15	4.500000e-02
2	36	R1	2.075000e+00	2.075000e+00	8.071075e-09	-2.612289e-14	3.400000e-02
2	37	R1	2.025000e+00	2.025000e+00	8.337564e-09	-6.254778e-15	7.100000e-02
2	38	R1	1.811000e+00	1.811000e+00	9.610937e-09	-7.401487e-15	3.000000e-02
2	39	R1	2.240000e+00	2.240000e+00	7.256220e-09	0.000000e+00	5.500000e-02
2	40	R1	2.237000e+00	2.237000e+00	7.270260e-09	9.654113e-15	4.600000e-02
2	41	R1	2.139000e+00	2.139000e+00	7.744048e-09	0.000000e+00	5.400000e-02
2	42	R1	2.281000e+00	2.281000e+00	7.066859e-09	0.000000e+00	4.400000e-02
2	43	R1	2.070000e+00	2.070000e+00	8.097272e-09	0.000000e+00	3.800000e-02
2	45	R1	2.105000e+00	2.105000e+00	7.915906e-09	-8.074349e-15	5.500000e-02
2	46	R1	2.022000e+00	2.022000e+00	8.353882e-09	-1.480297e-14	3.000000e-02
2	47	R1	1.975000e+00	1.975000e+00	8.614681e-09	2.865092e-14	3.100000e-02
2	49	R1	2.022000e+00	2.022000e+00	8.353882e-09	-9.251859e-15	4.800000e-02
2	50	R1	2.105000e+00	2.105000e+00	7.915906e-09	-1.306145e-14	3.400000e-02
2	51	R1	2.225000e+00	2.225000e+00	7.326679e-09	0.000000e+00	6.200000e-02
2	52	R1	2.215000e+00	2.215000e+00	7.374019e-09	0.000000e+00	4.800000e-02
2	54	R1	2.150000e+00	2.150000e+00	7.689317e-09	1.432546e-14	3.100000e-02
2	55	R1	2.194000e+00	2.194000e+00	7.474418e-09	-1.233581e-14	3.600000e-02
2	56	R1	2.245000e+00	2.245000e+00	7.232877e-09	0.000000e+00	7.200000e-02
2	57	R1	2.415000e+00	2.415000e+00	6.476870e-09	0.000000e+00	3.100000e-02
2	58	R1	2.358000e+00	2.358000e+00	6.722892e-09	1.268826e-14	3.500000e-02
2	59	R1	2.246000e+00	2.246000e+00	7.228217e-09	1.432546e-14	3.100000e-02
2	60	R1	2.240000e+00	2.240000e+00	7.256220e-09	0.000000e+00	2.600000e-02
2	61	R1	2.096000e+00	2.096000e+00	7.962100e-09	0.000000e+00	3.200000e-02
2	62	R1	2.190000e+00	2.190000e+00	7.493696e-09	0.000000e+00	3.500000e-02
2	63	R1	2.223000e+00	2.223000e+00	7.336123e-09	0.000000e+00	3.000000e-02
2	64	R1	2.247000e+00	2.247000e+00	7.223560e-09	1.480297e-14	3.000000e-02
2	65	R1	2.147000e+00	2.147000e+00	7.704202e-09	-1.138690e-14	3.900000e-02
2	66	R1	2.073000e+00	2.073000e+00	8.081542e-09	3.172066e-14	2.800000e-02
2	68	R1	1.866000e+00	1.866000e+00	9.260478e-09	2.467162e-14	2.700000e-02
2	69	R1	1.768000e+00	1.768000e+00	6.998865e-10	-1.168656e-14	1.900000e-02
2	71	R1	1.249000e+00	1.249000e+00	3.310779e-10	0.000000e+00	1.000000e-02
2	73	R1	1.106000e+00	1.106000e+00	2.651226e-10	0.000000e+00	1.400000e-02


