3	1.922000e+00	1.300000e-02	-1.278000e+00	2.000000e-02	7.240000e-01	7.000000e-03	1.671838e-01	
4	2.344000e+00	1.600000e-02	-1.162000e+00	2.000000e-02	9.130000e-01	1.000000e-02	2.000913e-01	
5	2.638000e+00	2.000000e-02	-5.940000e-01	2.000000e-02	1.186000e+00	1.400000e-02	1.916350e-01	
7	4.683000e+00	4.200000e-02	-5.000000e-03	2.000000e-02	1.656000e+00	2.400000e-02	1.687051e-01	
8	9.051000e+00	3.140000e-01	3.140000e-01	2.000000e-02	1.844000e+00	4.800000e-02	1.282292e-01	
9	5.989000e+00	6.900000e-02	4.420000e-01	2.000000e-02	1.956000e+00	3.400000e-02	1.106381e-01	
12	9.232000e+00	3.530000e-01	5.500000e-01	2.000000e-02	1.881000e+00	5.300000e-02	8.580313e-02	
13	7.281000e+00	1.350000e-01	6.500000e-01	2.000000e-02	2.021000e+00	5.200000e-02	7.170281e-02	
14	6.700000e+00	1.060000e-01	6.360000e-01	2.000000e-02	2.073000e+00	4.600000e-02	7.648962e-02	
16	5.576000e+00	7.200000e-02	4.800000e-01	2.000000e-02	1.944000e+00	6.000000e-02	1.024711e-01	
17	6.453000e+00	1.330000e-01	5.710000e-01	2.000000e-02	2.092000e+00	2.400000e-02	9.097474e-02	
18	6.185000e+00	2.700000e-01	6.190000e-01	2.000000e-02	2.315000e+00	8.600000e-02	8.940829e-02	
20	6.636000e+00	1.240000e-01	6.720000e-01	2.000000e-02	2.307000e+00	2.600000e-02	7.670493e-02	
21	6.464000e+00	1.320000e-01	6.330000e-01	2.000000e-02	2.252000e+00	2.700000e-02	8.377922e-02	
22	5.993000e+00	6.700000e-02	6.590000e-01	2.000000e-02	2.342000e+00	3.600000e-02	8.095489e-02	
23	6.577000e+00	7.000000e-02	6.740000e-01	2.000000e-02	2.160000e+00	3.200000e-02	7.137945e-02	
24	6.530000e+00	1.050000e-01	6.550000e-01	2.000000e-02	2.184000e+00	4.700000e-02	7.637893e-02	
25	6.144000e+00	6.900000e-02	6.730000e-01	2.000000e-02	2.260000e+00	3.400000e-02	7.491315e-02	
26	6.962000e+00	1.770000e-01	6.280000e-01	2.000000e-02	2.216000e+00	3.500000e-02	8.356310e-02	
27	6.341000e+00	8.500000e-02	6.760000e-01	2.000000e-02	2.497000e+00	7.400000e-02	8.200973e-02	
28	6.545000e+00	2.010000e-01	6.210000e-01	2.000000e-02	2.112000e+00	3.700000e-02	8.113999e-02	
30	7.319000e+00	1.800000e-01	5.490000e-01	2.000000e-02	2.395000e+00	1.340000e-01	1.094924e-01	
31	9.988000e+00	5.430000e-01	5.460000e-01	2.000000e-02	1.996000e+00	7.900000e-02	9.185826e-02	
32	6.108000e+00	2.510000e-01	6.500000e-01	2.000000e-02	1.923000e+00	1.140000e-01	6.822588e-02	
33	8.320000e+00	1.330000e-01	4.650000e-01	2.000000e-02	2.132000e+00	4.500000e-02	1.156226e-01	
36	7.867000e+00	1.040000e-01	5.770000e-01	2.000000e-02	2.075000e+00	3.400000e-02	8.897342e-02	
37	1.171000e+01	3.330000e-01	5.830000e-01	2.000000e-02	2.025000e+00	7.100000e-02	8.559786e-02	
38	7.531000e+00	1.900000e-01	2.790000e-01	2.000000e-02	1.811000e+00	3.000000e-02	1.323596e-01	
39	6.311000e+00	1.050000e-01	7.010000e-01	2.000000e-02	2.240000e+00	5.500000e-02	6.789238e-02	
40	7.204000e+00	1.100000e-01	7.180000e-01	2.000000e-02	2.237000e+00	4.600000e-02	6.394652e-02	
41	6.099000e+00	1.210000e-01	7.500000e-01	2.000000e-02	2.139000e+00	5.400000e-02	5.420666e-02	
42	6.376000e+00	8.600000e-02	6.810000e-01	2.000000e-02	2.281000e+00	4.400000e-02	7.375947e-02	
43	6.707000e+00	9.100000e-02	6.840000e-01	2.000000e-02	2.070000e+00	3.800000e-02	6.630698e-02	
45	6.250000e+00	1.140000e-01	4.880000e-01	2.000000e-02	2.105000e+00	5.500000e-02	1.092506e-01	
46	5.697000e+00	5.600000e-02	5.820000e-01	2.000000e-02	2.022000e+00	3.000000e-02	8.567602e-02	
47	5.617000e+00	6.100000e-02	6.860000e-01	2.000000e-02	1.975000e+00	3.100000e-02	6.286350e-02	
49	6.267000e+00	1.080000e-01	6.520000e-01	2.000000e-02	2.022000e+00	4.800000e-02	7.132836e-02	
50	6.234000e+00	7.300000e-02	6.340000e-01	2.000000e-02	2.105000e+00	3.400000e-02	7.809712e-02	
51	1.389800e+01	4.300000e-01	6.430000e-01	2.000000e-02	2.225000e+00	6.200000e-02	8.051931e-02	
52	5.965000e+00	9.000000e-02	6.200000e-01	2.000000e-02	2.215000e+00	4.800000e-02	8.532163e-02	
54	6.208000e+00	6.100000e-02	6.980000e-01	2.000000e-02	2.150000e+00	3.100000e-02	6.581839e-02	
55	6.106000e+00	7.100000e-02	6.470000e-01	2.000000e-02	2.194000e+00	3.600000e-02	7.850787e-02	
56	6.711000e+00	1.640000e-01	6.930000e-01	2.000000e-02	2.245000e+00	7.200000e-02	6.986450e-02	
57	7.344000e+00	1.500000e-01	6.230000e-01	2.000000e-02	2.415000e+00	3.100000e-02	9.229121e-02	
58	6.462000e+00	7.400000e-02	6.760000e-01	2.000000e-02	2.358000e+00	3.500000e-02	7.744451e-02	
59	6.082000e+00	6.300000e-02	6.300000e-01	2.000000e-02	2.246000e+00	3.100000e-02	8.423902e-02	
60	6.540000e+00	5.500000e-02	6.780000e-01	2.000000e-02	2.240000e+00	2.600000e-02	7.311487e-02	
61	6.304000e+00	6.800000e-02	6.350000e-01	2.000000e-02	2.096000e+00	3.200000e-02	7.755075e-02	
62	6.117000e+00	6.900000e-02	6.630000e-01	2.000000e-02	2.190000e+00	3.500000e-02	7.481279e-02	
63	6.203000e+00	6.000000e-02	6.800000e-01	2.000000e-02	2.223000e+00	3.000000e-02	7.210930e-02	
64	6.428000e+00	6.100000e-02	6.320000e-01	2.000000e-02	2.247000e+00	3.000000e-02	8.382098e-02	
65	6.354000e+00	8.100000e-02	6.350000e-01	2.000000e-02	2.147000e+00	3.900000e-02	7.943772e-02	
66	5.946000e+00	5.600000e-02	6.600000e-01	2.000000e-02	2.073000e+00	2.800000e-02	7.144635e-02	
68	4.849000e+00	4.600000e-02	4.730000e-01	2.000000e-02	1.866000e+00	2.700000e-02	9.968369e-02	
69	4.388000e+00	1.230000e-01	2.100000e-01	2.000000e-02	1.768000e+00	1.900000e-02	1.415830e-01	
71	2.000000e+00	1.300000e-02	-6.050000e-01	2.000000e-02	1.249000e+00	1.000000e-02	2.032073e-01	
73	1.650000e+00	1.600000e-02	-9.930000e-01	2.000000e-02	1.106000e+00	1.400000e-02	2.234417e-01	
