1.712905e+00	1.000000e+00	1.353462e-36
1.843512e+00	0.000000e+00	1.598194e-34
1.984078e+00	2.000000e+00	2.330166e-32
2.135362e+00	0.000000e+00	4.160871e-30
2.298181e+00	1.000000e+00	8.985735e-28
2.473414e+00	0.000000e+00	2.305055e-25
2.662009e+00	1.000000e+00	6.853686e-23
2.864984e+00	0.000000e+00	2.286866e-20
3.083436e+00	0.000000e+00	8.213367e-18
3.318545e+00	0.000000e+00	3.011647e-15
3.571580e+00	0.000000e+00	1.055252e-12
3.843909e+00	0.000000e+00	3.255331e-10
4.137002e+00	0.000000e+00	7.995248e-08
4.452444e+00	1.000000e+00	1.382918e-05
4.791938e+00	2.000000e+00	1.451840e-03
5.157318e+00	0.000000e+00	7.732533e-02
5.550557e+00	3.000000e+00	1.684531e+00
5.973781e+00	1.100000e+01	1.160068e+01
6.429275e+00	1.900000e+01	1.857233e+01
6.919500e+00	4.000000e+00	4.796115e+00
7.447104e+00	5.000000e+00	1.294880e-01
8.014937e+00	1.000000e+00	2.187531e-04
8.626067e+00	1.000000e+00	1.260895e-08
9.283794e+00	2.000000e+00	1.212738e-14
9.991673e+00	1.000000e+00	8.383567e-23
1.075353e+01	0.000000e+00	1.547146e-33
1.157347e+01	1.000000e+00	2.381899e-47
1.245593e+01	0.000000e+00	7.816840e-65
1.340569e+01	0.000000e+00	1.105222e-86


1.080266e-02	0.000000e+00	3.602728e-09
1.253684e-02	0.000000e+00	4.047256e-09
1.454941e-02	0.000000e+00	4.630606e-09
1.688506e-02	0.000000e+00	5.411059e-09
1.959566e-02	0.000000e+00	6.478719e-09
2.274140e-02	0.000000e+00	7.977213e-09
2.639213e-02	0.000000e+00	1.014334e-08
3.062893e-02	0.000000e+00	1.338242e-08
3.554586e-02	0.000000e+00	1.841758e-08
4.125213e-02	0.000000e+00	2.659997e-08
4.787443e-02	0.000000e+00	4.058708e-08
5.555983e-02	0.000000e+00	6.591258e-08
6.447899e-02	0.000000e+00	1.148528e-07
7.482996e-02	0.000000e+00	2.166232e-07
8.684259e-02	0.000000e+00	4.463529e-07
1.007836e-01	0.000000e+00	1.014395e-06
1.169627e-01	0.000000e+00	2.566851e-06
1.357390e-01	0.000000e+00	7.295999e-06
1.575295e-01	0.000000e+00	2.346536e-05
1.828181e-01	0.000000e+00	8.578119e-05
2.121663e-01	1.000000e+00	3.564123e-04
2.462259e-01	0.000000e+00	1.670981e-03
2.857532e-01	1.000000e+00	8.682073e-03
3.316258e-01	1.000000e+00	4.832735e-02
3.848625e-01	0.000000e+00	2.722782e-01
4.466455e-01	3.000000e+00	1.419826e+00
5.183465e-01	5.000000e+00	5.984237e+00
6.015580e-01	1.700000e+01	1.669147e+01
6.981275e-01	2.300000e+01	2.306435e+01


7.397890e-01	1.000000e+00	2.555952e-17
7.720555e-01	0.000000e+00	1.586869e-16
8.057294e-01	0.000000e+00	1.020223e-15
8.408720e-01	0.000000e+00	6.775555e-15
8.775474e-01	0.000000e+00	4.634681e-14
9.158225e-01	1.000000e+00	3.254063e-13
9.557669e-01	0.000000e+00	2.335720e-12
9.974535e-01	0.000000e+00	1.706031e-11
1.040958e+00	0.000000e+00	1.261251e-10
1.086361e+00	1.000000e+00	9.380021e-10
1.133743e+00	0.000000e+00	6.968833e-09
1.183193e+00	1.000000e+00	5.131249e-08
1.234799e+00	1.000000e+00	3.710994e-07
1.288655e+00	0.000000e+00	2.609490e-06
1.344861e+00	0.000000e+00	1.763839e-05
1.403519e+00	0.000000e+00	1.131433e-04
1.464734e+00	0.000000e+00	6.789241e-04
1.528620e+00	0.000000e+00	3.750171e-03
1.595292e+00	0.000000e+00	1.872919e-02
1.664872e+00	1.000000e+00	8.289537e-02
1.737487e+00	1.000000e+00	3.179843e-01
1.813269e+00	2.000000e+00	1.031301e+00
1.892357e+00	3.000000e+00	2.751201e+00
1.974894e+00	4.000000e+00	5.855544e+00
2.061030e+00	1.200000e+01	9.612619e+00
2.150924e+00	9.000000e+00	1.172466e+01
2.244738e+00	1.300000e+01	1.019480e+01
2.342645e+00	4.000000e+00	6.037130e+00
2.444821e+00	3.000000e+00	2.314970e+00


5.556323e-02	0.000000e+00	2.644585e-01
5.834427e-02	0.000000e+00	5.421703e-01
6.126451e-02	0.000000e+00	1.047941e+00
6.433091e-02	3.000000e+00	1.885622e+00
6.755080e-02	3.000000e+00	3.113683e+00
7.093184e-02	6.000000e+00	4.642928e+00
7.448211e-02	4.000000e+00	6.139391e+00
7.821008e-02	8.000000e+00	7.053698e+00
8.212463e-02	7.000000e+00	6.882162e+00
8.623512e-02	5.000000e+00	5.557803e+00
9.055135e-02	5.000000e+00	3.609680e+00
9.508362e-02	0.000000e+00	1.825806e+00
9.984273e-02	1.000000e+00	6.938214e-01
1.048400e-01	1.000000e+00	1.902868e-01
1.100875e-01	3.000000e+00	3.601422e-02
1.155976e-01	1.000000e+00	4.474416e-03
1.213834e-01	0.000000e+00	3.451449e-04
1.274589e-01	1.000000e+00	1.553534e-05
1.338385e-01	1.000000e+00	3.807982e-07
1.405373e-01	1.000000e+00	4.707015e-09
1.475715e-01	0.000000e+00	2.693737e-11
1.549577e-01	0.000000e+00	6.490326e-14
1.627136e-01	0.000000e+00	5.924362e-17
1.708577e-01	2.000000e+00	1.822108e-20
1.794095e-01	0.000000e+00	1.657874e-24
1.883893e-01	1.000000e+00	3.862429e-29
1.978185e-01	1.000000e+00	1.963044e-34
2.077197e-01	1.000000e+00	1.822246e-40
2.181164e-01	1.000000e+00	2.537212e-47


1.641468e-01	0.000000e+00	2.661947e-01
1.724555e-01	0.000000e+00	5.441778e-01
1.811847e-01	0.000000e+00	1.049649e+00
1.903558e-01	3.000000e+00	1.886171e+00
1.999911e-01	3.000000e+00	3.112443e+00
2.101142e-01	6.000000e+00	4.640364e+00
2.207496e-01	4.000000e+00	6.137413e+00
2.319234e-01	8.000000e+00	7.054359e+00
2.436628e-01	7.000000e+00	6.885215e+00
2.559964e-01	5.000000e+00	5.560094e+00
2.689542e-01	5.000000e+00	3.608272e+00
2.825680e-01	0.000000e+00	1.821358e+00
2.968709e-01	1.000000e+00	6.894570e-01
3.118977e-01	1.000000e+00	1.878864e-01
3.276852e-01	3.000000e+00	3.521580e-02
3.442718e-01	1.000000e+00	4.314207e-03
3.616979e-01	0.000000e+00	3.263542e-04
3.800061e-01	1.000000e+00	1.430744e-05
3.992411e-01	1.000000e+00	3.387095e-07
4.194496e-01	1.000000e+00	4.002194e-09
4.406811e-01	0.000000e+00	2.162292e-11
4.629872e-01	0.000000e+00	4.845347e-14
4.864225e-01	0.000000e+00	4.040399e-17
5.110439e-01	2.000000e+00	1.111326e-20
5.369116e-01	0.000000e+00	8.818078e-25
5.640887e-01	1.000000e+00	1.739254e-29
5.926415e-01	1.000000e+00	7.227733e-35
6.226394e-01	1.000000e+00	5.267114e-41
6.541558e-01	1.000000e+00	5.490353e-48


