0	3	R2	2.266187e+01	2.266187e+01	1.308532e-08	9.502054e-15	3.738890e-01
0	5	R2	2.110906e+01	2.110906e+01	1.216078e-08	-1.564491e-14	2.270842e-01
0	6	R2	1.982278e+01	1.982278e+01	1.139326e-08	1.085464e-14	3.272992e-01
0	7	R2	2.108364e+01	2.108364e+01	1.214563e-08	1.100048e-14	3.229598e-01
0	8	R2	2.121066e+01	2.121066e+01	1.222134e-08	1.188114e-14	2.990212e-01
0	9	R2	2.151736e+01	2.151736e+01	1.240408e-08	0.000000e+00	3.039750e-01
0	10	R2	2.208886e+01	2.208886e+01	1.274438e-08	8.299410e-15	4.280682e-01
0	11	R2	2.155606e+01	2.155606e+01	1.242713e-08	0.000000e+00	2.052344e-01
0	12	R2	2.410256e+01	2.410256e+01	1.394146e-08	-9.124087e-15	3.893774e-01
0	13	R2	2.051381e+01	2.051381e+01	1.180580e-08	-2.201980e-14	3.226836e-01
0	14	R2	2.093041e+01	2.093041e+01	1.205428e-08	0.000000e+00	3.556612e-01
0	15	R2	2.357987e+01	2.357987e+01	1.363102e-08	0.000000e+00	4.157778e-01
0	17	R2	2.131873e+01	2.131873e+01	1.228574e-08	8.306381e-15	4.277090e-01
0	18	R2	2.304789e+01	2.304789e+01	1.331486e-08	3.320449e-15	1.069950e+00
0	19	R2	2.047549e+01	2.047549e+01	1.178294e-08	6.842676e-15	5.191994e-01
0	20	R2	2.151183e+01	2.151183e+01	1.240078e-08	6.975380e-15	5.093219e-01
0	21	R2	2.362016e+01	2.362016e+01	1.365495e-08	-1.652721e-14	4.299229e-01
0	22	R2	2.306693e+01	2.306693e+01	1.332617e-08	-6.040722e-15	5.881274e-01
0	24	R2	2.334102e+01	2.334102e+01	1.348909e-08	0.000000e+00	6.954486e-01
0	26	R2	2.011948e+01	2.011948e+01	1.157045e-08	0.000000e+00	8.419430e-01
0	27	R2	2.074102e+01	2.074102e+01	1.194134e-08	-1.931679e-14	3.678368e-01
0	28	R2	2.143328e+01	2.143328e+01	1.235399e-08	-1.145282e-14	3.102043e-01
0	29	R2	1.963913e+01	1.963913e+01	1.128354e-08	0.000000e+00	2.482275e-01
0	30	R2	1.906675e+01	1.906675e+01	1.094130e-08	1.720809e-14	2.064560e-01
0	32	R2	2.059887e+01	2.059887e+01	1.185655e-08	1.060120e-14	3.351237e-01
0	33	R2	2.287709e+01	2.287709e+01	1.321331e-08	8.539145e-15	4.160503e-01
0	34	R2	2.484332e+01	2.484332e+01	1.438115e-08	0.000000e+00	6.043747e-01
0	35	R2	2.484060e+01	2.484060e+01	1.437954e-08	1.090156e-14	3.258904e-01
0	36	R2	2.272529e+01	2.272529e+01	1.312304e-08	0.000000e+00	4.132617e-01
0	37	R2	2.143755e+01	2.143755e+01	1.235653e-08	0.000000e+00	3.199437e-01
0	38	R2	2.085232e+01	2.085232e+01	1.200771e-08	0.000000e+00	4.129638e-01
0	39	R2	1.968224e+01	1.968224e+01	1.130929e-08	0.000000e+00	4.858995e-01
0	40	R2	2.210222e+01	2.210222e+01	1.275233e-08	5.257245e-15	6.757748e-01
0	41	R2	1.951153e+01	1.951153e+01	1.120728e-08	0.000000e+00	8.475185e-01
0	42	R2	2.349797e+01	2.349797e+01	1.358236e-08	-2.689289e-15	1.321061e+00
0	44	R2	2.955264e+01	2.955264e+01	1.717002e-08	0.000000e+00	1.254627e+00
0	45	R2	2.467619e+01	2.467619e+01	1.428198e-08	9.837418e-15	7.222858e-01
0	46	R2	2.265213e+01	2.265213e+01	1.307952e-08	0.000000e+00	7.136821e-01
0	47	R2	2.401759e+01	2.401759e+01	1.389101e-08	0.000000e+00	5.931982e-01
0	49	R2	2.220767e+01	2.220767e+01	1.281509e-08	-7.495165e-15	4.740007e-01
0	50	R2	2.445054e+01	2.445054e+01	1.414806e-08	4.587644e-15	7.744092e-01
0	51	R2	2.368071e+01	2.368071e+01	1.369092e-08	9.821706e-15	3.617206e-01
0	52	R2	2.170207e+01	2.170207e+01	1.251410e-08	0.000000e+00	3.090254e-01
0	53	R2	1.335779e+01	1.335779e+01	7.497528e-09	1.542734e-14	1.151434e-01
0	54	R2	2.342469e+01	2.342469e+01	1.353881e-08	0.000000e+00	5.178556e-01
0	55	R2	2.514738e+01	2.514738e+01	1.456154e-08	-5.603609e-15	6.340046e-01
0	57	R2	2.274126e+01	2.274126e+01	1.313253e-08	-1.400036e-14	2.537588e-01
0	60	R2	2.237887e+01	2.237887e+01	1.291697e-08	0.000000e+00	4.966469e-01
0	61	R2	2.152684e+01	2.152684e+01	1.240973e-08	0.000000e+00	5.980755e-01
0	63	R2	2.109926e+01	2.109926e+01	1.215494e-08	0.000000e+00	2.855586e-01
0	64	R2	2.433111e+01	2.433111e+01	1.407716e-08	9.124627e-15	3.893544e-01
0	65	R2	2.440546e+01	2.440546e+01	1.412129e-08	6.738689e-15	5.272114e-01
0	66	R2	2.154575e+01	2.154575e+01	1.242099e-08	5.195644e-15	6.837870e-01
0	67	R2	2.046351e+01	2.046351e+01	1.177579e-08	-1.355144e-14	2.621651e-01
0	68	R2	1.962750e+01	1.962750e+01	1.127658e-08	-1.304762e-14	2.722882e-01
0	69	R2	2.251228e+01	2.251228e+01	1.299634e-08	-1.110344e-14	6.399302e-01
0	70	R2	2.353937e+01	2.353937e+01	1.360695e-08	0.000000e+00	4.052159e-01
0	71	R2	2.363317e+01	2.363317e+01	1.366268e-08	0.000000e+00	3.580093e-01
0	73	R2	2.217343e+01	2.217343e+01	1.279471e-08	1.119548e-14	3.173346e-01
0	74	R2	2.100940e+01	2.100940e+01	1.210137e-08	0.000000e+00	5.230745e-01
0	75	R2	2.075435e+01	2.075435e+01	1.194929e-08	2.359653e-14	3.011217e-01
0	76	R2	2.119537e+01	2.119537e+01	1.221223e-08	0.000000e+00	9.490931e-01
0	77	R2	2.210758e+01	2.210758e+01	1.275553e-08	4.023744e-15	8.829372e-01
0	79	R2	2.387597e+01	2.387597e+01	1.380690e-08	5.587458e-15	6.358372e-01
0	80	R2	2.451971e+01	2.451971e+01	1.418911e-08	-2.178494e-15	1.630811e+00
0	81	R2	2.612135e+01	2.612135e+01	1.513901e-08	1.506593e-14	4.716221e-01
0	83	R2	2.158311e+01	2.158311e+01	1.244325e-08	7.113660e-15	4.994213e-01
0	84	R2	2.126702e+01	2.126702e+01	1.225492e-08	1.297442e-14	2.738244e-01
0	85	R2	2.591967e+01	2.591967e+01	1.501948e-08	0.000000e+00	3.684051e-01
0	86	R2	2.526625e+01	2.526625e+01	1.463204e-08	0.000000e+00	5.161816e-01
0	87	R2	2.027248e+01	2.027248e+01	1.166179e-08	-2.479341e-14	2.865853e-01
0	88	R2	2.279847e+01	2.279847e+01	1.316656e-08	0.000000e+00	4.571038e-01
0	89	R2	2.064936e+01	2.064936e+01	1.188667e-08	0.000000e+00	4.633765e-01
0	90	R2	2.317972e+01	2.317972e+01	1.339322e-08	-5.491575e-15	6.469389e-01
0	91	R2	2.473736e+01	2.473736e+01	1.431828e-08	5.003080e-15	7.101053e-01
0	92	R2	2.206835e+01	2.206835e+01	1.273217e-08	0.000000e+00	2.132343e-01
0	93	R2	2.436837e+01	2.436837e+01	1.409928e-08	4.977185e-15	7.137997e-01
0	94	R2	2.398982e+01	2.398982e+01	1.387452e-08	0.000000e+00	4.994491e-01
0	95	R2	2.442142e+01	2.442142e+01	1.413077e-08	-7.232655e-15	4.912046e-01
0	96	R2	2.448543e+01	2.448543e+01	1.416877e-08	1.817829e-14	3.908744e-01
0	97	R2	2.428273e+01	2.428273e+01	1.404844e-08	1.540465e-14	4.612521e-01
0	99	R2	2.628008e+01	2.628008e+01	1.523308e-08	3.016114e-15	1.177911e+00
0	102	R2	3.328428e+01	3.328428e+01	1.937420e-08	0.000000e+00	1.781355e+00
0	103	R2	2.514724e+01	2.514724e+01	1.456145e-08	0.000000e+00	1.028110e+00
0	105	R2	2.283852e+01	2.283852e+01	1.319037e-08	5.743427e-15	6.185703e-01
0	106	R2	2.459026e+01	2.459026e+01	1.423098e-08	7.257794e-15	4.895032e-01
0	107	R2	2.097226e+01	2.097226e+01	1.207923e-08	0.000000e+00	2.936295e-01
0	108	R2	2.544888e+01	2.544888e+01	1.474035e-08	4.848238e-15	7.327845e-01
0	111	R2	2.151136e+01	2.151136e+01	1.240051e-08	2.536145e-14	2.801665e-01
0	112	R2	2.368556e+01	2.368556e+01	1.369381e-08	-5.507237e-15	6.450991e-01
0	114	R2	2.008500e+01	2.008500e+01	1.154986e-08	8.481114e-15	4.188971e-01
0	115	R2	2.089594e+01	2.089594e+01	1.203373e-08	1.367305e-14	2.598334e-01
0	117	R2	1.671048e+01	1.671048e+01	9.527730e-09	0.000000e+00	3.596248e-01
0	118	R2	2.054582e+01	2.054582e+01	1.182490e-08	1.316625e-14	2.698349e-01
0	119	R2	2.401752e+01	2.401752e+01	1.389097e-08	3.518207e-15	1.009808e+00
0	121	R2	2.434883e+01	2.434883e+01	1.408768e-08	0.000000e+00	3.548064e-01
0	122	R2	2.560952e+01	2.560952e+01	1.483561e-08	-8.252170e-15	4.305187e-01
0	123	R2	2.189280e+01	2.189280e+01	1.262767e-08	0.000000e+00	4.141754e-01
0	124	R2	2.512808e+01	2.512808e+01	1.455009e-08	-6.300612e-15	5.638680e-01
0	125	R2	2.467446e+01	2.467446e+01	1.428095e-08	1.308864e-14	5.428696e-01
0	126	R2	2.322915e+01	2.322915e+01	1.342260e-08	-1.879087e-14	3.781320e-01
0	127	R2	2.322169e+01	2.322169e+01	1.341817e-08	6.583371e-15	5.396496e-01
0	128	R2	2.368890e+01	2.368890e+01	1.369579e-08	0.000000e+00	4.955251e-01
0	129	R2	2.288204e+01	2.288204e+01	1.321625e-08	0.000000e+00	3.621401e-01
0	130	R2	2.045927e+01	2.045927e+01	1.177326e-08	-1.039886e-14	3.416444e-01
0	131	R2	2.464918e+01	2.464918e+01	1.426595e-08	0.000000e+00	4.601541e-01
0	132	R2	2.411142e+01	2.411142e+01	1.394673e-08	0.000000e+00	4.016347e-01
0	133	R2	2.165917e+01	2.165917e+01	1.248855e-08	9.281109e-15	3.827898e-01
0	134	R2	2.316573e+01	2.316573e+01	1.338491e-08	-6.389783e-15	5.559991e-01
0	135	R2	2.168621e+01	2.168621e+01	1.250465e-08	0.000000e+00	5.872602e-01
0	136	R2	2.958457e+01	2.958457e+01	1.718889e-08	-4.024174e-15	8.828430e-01
0	137	R2	2.179770e+01	2.179770e+01	1.257104e-08	0.000000e+00	4.991970e-01
0	138	R2	2.203074e+01	2.203074e+01	1.270979e-08	0.000000e+00	1.529277e+00
0	139	R2	2.055245e+01	2.055245e+01	1.182886e-08	0.000000e+00	4.927890e-01
0	141	R2	2.380915e+01	2.380915e+01	1.376722e-08	0.000000e+00	8.641829e-01
0	143	R2	2.589476e+01	2.589476e+01	1.500471e-08	0.000000e+00	5.158314e-01
0	144	R2	2.685971e+01	2.685971e+01	1.557647e-08	1.554085e-14	6.858146e-01
0	145	R2	2.492522e+01	2.492522e+01	1.442974e-08	-4.494356e-15	7.904833e-01
0	147	R2	2.157194e+01	2.157194e+01	1.243659e-08	-5.338839e-15	6.654469e-01
0	150	R2	2.018192e+01	2.018192e+01	1.160773e-08	0.000000e+00	4.934091e-01
0	151	R2	2.129010e+01	2.129010e+01	1.226868e-08	1.387690e-14	2.560164e-01
0	152	R2	2.048068e+01	2.048068e+01	1.178603e-08	9.259292e-15	3.836917e-01
0	153	R2	2.112360e+01	2.112360e+01	1.216945e-08	0.000000e+00	2.777555e-01
0	154	R2	2.927981e+01	2.927981e+01	1.700870e-08	0.000000e+00	1.290634e+00
0	155	R2	2.334303e+01	2.334303e+01	1.349028e-08	0.000000e+00	4.811434e-01
0	156	R2	2.167449e+01	2.167449e+01	1.249767e-08	0.000000e+00	5.319931e-01
0	157	R2	2.124386e+01	2.124386e+01	1.224112e-08	0.000000e+00	3.606121e-01
0	159	R2	2.094113e+01	2.094113e+01	1.206067e-08	0.000000e+00	4.537766e-01
0	160	R2	1.994097e+01	1.994097e+01	1.146385e-08	0.000000e+00	1.644175e-01
0	161	R2	2.387810e+01	2.387810e+01	1.380817e-08	8.655212e-15	4.104710e-01
0	162	R2	2.487528e+01	2.487528e+01	1.440011e-08	-1.016763e-14	3.494142e-01
0	163	R2	2.246486e+01	2.246486e+01	1.296813e-08	2.261434e-14	3.142000e-01
0	164	R2	2.132710e+01	2.132710e+01	1.229073e-08	0.000000e+00	3.846036e-01
0	165	R2	2.166170e+01	2.166170e+01	1.249006e-08	-8.863491e-15	4.008256e-01
0	166	R2	2.300030e+01	2.300030e+01	1.328657e-08	9.219962e-15	3.853284e-01
0	167	R2	2.235239e+01	2.235239e+01	1.290121e-08	0.000000e+00	3.698150e-01
0	168	R2	2.176760e+01	2.176760e+01	1.255312e-08	-8.826519e-15	4.025045e-01
0	169	R2	2.160621e+01	2.160621e+01	1.245700e-08	-8.260148e-15	4.301029e-01
0	171	R2	1.854470e+01	1.854470e+01	1.062880e-08	2.637539e-14	2.693962e-01
0	172	R2	2.115079e+01	2.115079e+01	1.218565e-08	-4.109100e-15	8.645965e-01
0	173	R2	2.170950e+01	2.170950e+01	1.251852e-08	1.337698e-14	2.655840e-01
0	174	R2	2.331215e+01	2.331215e+01	1.347193e-08	0.000000e+00	5.042887e-01
0	177	R2	2.146026e+01	2.146026e+01	1.237007e-08	1.849442e-14	3.841931e-01
0	178	R2	1.740740e+01	1.740740e+01	9.946717e-09	-1.300517e-14	2.731770e-01
0	179	R2	2.144583e+01	2.144583e+01	1.236147e-08	0.000000e+00	4.715346e-01
0	180	R2	2.102472e+01	2.102472e+01	1.211051e-08	0.000000e+00	3.137071e-01
0	181	R2	2.146306e+01	2.146306e+01	1.237173e-08	0.000000e+00	3.271624e-01
0	182	R2	2.130592e+01	2.130592e+01	1.227810e-08	0.000000e+00	3.554244e-01
0	183	R2	2.078162e+01	2.078162e+01	1.196556e-08	-8.346028e-15	4.256772e-01
0	184	R2	2.112906e+01	2.112906e+01	1.217270e-08	-9.987422e-15	3.557188e-01
0	185	R2	2.164638e+01	2.164638e+01	1.248093e-08	1.435653e-14	2.474632e-01
0	186	R2	2.153075e+01	2.153075e+01	1.241205e-08	-8.770704e-15	4.050660e-01
0	187	R2	2.465082e+01	2.465082e+01	1.426692e-08	0.000000e+00	4.441844e-01
0	188	R2	2.159692e+01	2.159692e+01	1.245147e-08	0.000000e+00	3.210772e-01
0	189	R2	2.161863e+01	2.161863e+01	1.246440e-08	2.736665e-14	2.596382e-01
0	191	R2	2.145846e+01	2.145846e+01	1.236899e-08	0.000000e+00	5.107514e-01
0	192	R2	2.313012e+01	2.313012e+01	1.336374e-08	7.519505e-15	4.724664e-01
0	194	R2	2.049308e+01	2.049308e+01	1.179343e-08	8.384258e-15	4.237362e-01
0	195	R2	2.214531e+01	2.214531e+01	1.277798e-08	-1.032317e-14	3.441495e-01
0	197	R2	2.394702e+01	2.394702e+01	1.384910e-08	0.000000e+00	1.100961e+00
0	198	R2	2.223743e+01	2.223743e+01	1.283281e-08	0.000000e+00	2.795289e-01
0	199	R2	2.368354e+01	2.368354e+01	1.369261e-08	1.382908e-14	5.138032e-01
0	200	R2	2.385101e+01	2.385101e+01	1.379208e-08	2.190735e-14	3.243398e-01
0	203	R2	2.195660e+01	2.195660e+01	1.266565e-08	1.234717e-14	2.877350e-01
0	204	R2	2.068177e+01	2.068177e+01	1.190600e-08	0.000000e+00	4.921458e-01
0	205	R2	2.047217e+01	2.047217e+01	1.178096e-08	0.000000e+00	3.944330e-01
0	207	R2	2.254992e+01	2.254992e+01	1.301873e-08	0.000000e+00	5.500813e-01
0	208	R2	2.121684e+01	2.121684e+01	1.222502e-08	2.087343e-14	3.404053e-01
0	211	R2	2.502468e+01	2.502468e+01	1.448875e-08	-2.624137e-15	1.353860e+00
0	213	R2	2.558575e+01	2.558575e+01	1.482151e-08	-4.690645e-15	7.574041e-01
0	214	R2	2.124340e+01	2.124340e+01	1.224085e-08	0.000000e+00	4.008010e-01
0	215	R2	2.344025e+01	2.344025e+01	1.354806e-08	-1.231218e-14	8.656584e-01
0	216	R2	2.602245e+01	2.602245e+01	1.508039e-08	0.000000e+00	5.673738e-01
0	217	R2	2.272805e+01	2.272805e+01	1.312468e-08	0.000000e+00	4.027528e-01
0	218	R2	2.090683e+01	2.090683e+01	1.204022e-08	6.009696e-15	5.911636e-01
0	220	R2	2.337940e+01	2.337940e+01	1.351190e-08	7.364532e-15	4.824086e-01
0	221	R2	2.323247e+01	2.323247e+01	1.342458e-08	-5.612326e-15	6.330198e-01
0	222	R2	2.237473e+01	2.237473e+01	1.291450e-08	7.079947e-15	5.017994e-01
0	223	R2	2.066821e+01	2.066821e+01	1.189792e-08	0.000000e+00	5.120325e-01
0	224	R2	2.071250e+01	2.071250e+01	1.192433e-08	0.000000e+00	4.565619e-01
0	225	R2	1.841127e+01	1.841127e+01	1.054888e-08	8.224410e-15	4.319718e-01
0	226	R2	1.979654e+01	1.979654e+01	1.137759e-08	7.763562e-15	4.576139e-01
0	228	R2	2.118220e+01	2.118220e+01	1.220438e-08	7.991682e-15	4.445514e-01
0	229	R2	2.105956e+01	2.105956e+01	1.213127e-08	0.000000e+00	3.800616e-01
0	230	R2	2.245854e+01	2.245854e+01	1.296437e-08	1.846671e-14	3.847694e-01
0	232	R2	2.004047e+01	2.004047e+01	1.152327e-08	7.980073e-15	4.451981e-01
0	233	R2	2.035777e+01	2.035777e+01	1.171269e-08	1.089004e-14	3.262351e-01
0	234	R2	2.051201e+01	2.051201e+01	1.180473e-08	0.000000e+00	3.754739e-01
0	235	R2	2.577224e+01	2.577224e+01	1.493208e-08	-1.248601e-14	5.690710e-01
0	236	R2	2.196981e+01	2.196981e+01	1.267351e-08	0.000000e+00	4.577486e-01
0	237	R2	2.273499e+01	2.273499e+01	1.312881e-08	0.000000e+00	6.128814e-01
0	238	R2	2.323449e+01	2.323449e+01	1.342578e-08	0.000000e+00	4.251398e-01
0	240	R2	2.343057e+01	2.343057e+01	1.354231e-08	5.228759e-15	6.794564e-01
0	241	R2	1.876434e+01	1.876434e+01	1.076033e-08	0.000000e+00	2.218455e-01
0	242	R2	1.980080e+01	1.980080e+01	1.138013e-08	1.329922e-14	2.671370e-01
0	243	R2	1.990532e+01	1.990532e+01	1.144256e-08	0.000000e+00	2.203817e-01
0	244	R2	1.909419e+01	1.909419e+01	1.095772e-08	-1.674020e-14	2.122264e-01
0	245	R2	2.124546e+01	2.124546e+01	1.224207e-08	-9.904351e-15	3.587023e-01
0	247	R2	2.271492e+01	2.271492e+01	1.311687e-08	-1.395834e-14	2.545226e-01
0	248	R2	2.203835e+01	2.203835e+01	1.271432e-08	9.458764e-15	3.756002e-01
0	250	R2	1.780842e+01	1.780842e+01	1.018744e-08	0.000000e+00	4.277742e-01
0	251	R2	2.062802e+01	2.062802e+01	1.187394e-08	8.875329e-15	4.002909e-01
0	252	R2	2.298541e+01	2.298541e+01	1.327771e-08	-1.255502e-14	2.829715e-01
0	253	R2	2.323915e+01	2.323915e+01	1.342855e-08	-7.036798e-15	5.048765e-01
0	254	R2	2.347627e+01	2.347627e+01	1.356946e-08	0.000000e+00	5.230560e-01
0	255	R2	2.054717e+01	2.054717e+01	1.182571e-08	-1.176238e-14	3.020405e-01
0	256	R2	2.304326e+01	2.304326e+01	1.331211e-08	0.000000e+00	3.806999e-01
0	257	R2	2.495448e+01	2.495448e+01	1.444710e-08	1.758036e-14	4.041686e-01
0	258	R2	2.175250e+01	2.175250e+01	1.254413e-08	1.258035e-14	2.824017e-01
0	259	R2	2.202130e+01	2.202130e+01	1.270417e-08	2.271262e-14	3.128404e-01
0	260	R2	2.287184e+01	2.287184e+01	1.321019e-08	0.000000e+00	3.338125e-01
0	261	R2	2.214894e+01	2.214894e+01	1.278014e-08	-9.056027e-15	3.923038e-01
0	263	R2	1.922848e+01	1.922848e+01	1.103804e-08	0.000000e+00	3.258822e-01
0	264	R2	1.859038e+01	1.859038e+01	1.065616e-08	-1.098274e-14	3.234815e-01


1	3	NOE	8.234617e-01	8.234617e-01	3.195266e-09	-1.863993e-14	5.956156e-03
1	5	NOE	8.195531e-01	8.195531e-01	3.057533e-09	-2.661959e-07	5.182992e-03
1	6	NOE	8.753326e-01	8.663549e-01	2.018467e-05	1.342918e+00	6.685229e-03
1	7	NOE	8.266181e-01	8.266181e-01	3.320971e-09	0.000000e+00	6.080108e-03
1	8	NOE	8.933927e-01	8.663549e-01	1.755359e-05	4.775216e+00	5.662119e-03
1	9	NOE	8.805879e-01	8.663549e-01	3.060748e-05	2.451481e+00	5.805878e-03
1	10	NOE	8.361753e-01	8.361753e-01	3.814951e-09	-1.456567e-14	7.622191e-03
1	11	NOE	9.321107e-01	8.663548e-01	8.975251e-06	1.663571e+01	3.952693e-03
1	12	NOE	9.363492e-01	8.663549e-01	1.973210e-05	9.697931e+00	7.217447e-03
1	13	NOE	9.164642e-01	8.663549e-01	1.561436e-05	7.515179e+00	6.667752e-03
1	14	NOE	8.563790e-01	8.563790e-01	6.651040e-09	0.000000e+00	6.813237e-03
1	15	NOE	8.965437e-01	8.663549e-01	1.095772e-05	4.202038e+00	7.184333e-03
1	17	NOE	8.469200e-01	8.469200e-01	4.759904e-09	-7.479631e-08	7.708908e-03
1	18	NOE	8.944763e-01	8.663549e-01	1.133811e-05	2.122652e+00	1.324824e-02
1	19	NOE	9.119337e-01	8.663549e-01	1.811912e-05	5.167844e+00	8.819696e-03
1	20	NOE	9.102880e-01	8.663549e-01	1.777748e-05	5.225724e+00	8.407094e-03
1	21	NOE	8.880802e-01	8.663549e-01	1.233175e-05	3.266623e+00	6.650701e-03
1	22	NOE	8.994671e-01	8.663549e-01	1.491675e-05	3.670480e+00	9.021228e-03
1	24	NOE	8.396267e-01	8.396267e-01	4.055413e-09	-1.094330e-14	1.014523e-02
1	26	NOE	7.672255e-01	7.672255e-01	2.087974e-09	-2.696453e-07	1.070466e-02
1	27	NOE	7.126928e-01	7.126928e-01	1.666160e-09	0.000000e+00	6.058816e-03
1	28	NOE	7.548818e-01	7.548818e-01	1.966097e-09	0.000000e+00	5.666520e-03
1	29	NOE	7.785874e-01	7.785874e-01	2.221997e-09	-2.075878e-14	5.348209e-03
1	30	NOE	8.325059e-01	8.325059e-01	3.600699e-09	-2.126400e-14	5.221138e-03
1	32	NOE	8.595788e-01	8.595788e-01	8.073036e-09	0.000000e+00	6.215037e-03
1	33	NOE	9.345121e-01	8.663549e-01	1.408942e-05	8.142940e+00	8.370102e-03
1	34	NOE	8.732474e-01	8.663549e-01	1.316962e-05	9.684144e-01	7.117363e-03
1	35	NOE	9.007011e-01	8.663549e-01	1.947111e-05	6.306025e+00	5.446583e-03
1	36	NOE	8.541468e-01	8.541468e-01	6.010756e-09	0.000000e+00	6.551081e-03
1	37	NOE	8.907858e-01	8.663549e-01	1.534645e-05	4.526993e+00	5.396728e-03
1	38	NOE	8.679924e-01	8.663549e-01	2.130916e-05	2.329789e-01	7.028919e-03
1	39	NOE	8.969268e-01	8.663549e-01	1.101093e-05	3.504681e+00	8.723165e-03
1	40	NOE	9.001134e-01	8.663549e-01	1.861559e-05	3.966246e+00	8.511455e-03
1	41	NOE	8.697952e-01	8.663549e-01	1.436081e-05	2.729968e-01	1.260197e-02
1	42	NOE	9.360665e-01	8.663549e-01	1.924484e-05	3.815575e+00	1.827029e-02
1	44	NOE	9.134495e-01	8.663549e-01	1.089528e-05	4.507561e+00	1.044792e-02
1	45	NOE	9.077328e-01	8.663549e-01	1.725561e-05	4.314574e+00	9.590285e-03
1	46	NOE	8.390727e-01	8.390727e-01	4.013773e-09	0.000000e+00	8.944317e-03
1	47	NOE	9.279365e-01	8.663549e-01	2.614049e-05	7.189145e+00	8.565922e-03
1	49	NOE	8.755872e-01	8.663549e-01	2.288935e-05	1.535042e+00	6.014417e-03
1	50	NOE	9.234617e-01	8.663549e-01	1.688738e-05	4.929921e+00	1.158373e-02
1	51	NOE	8.518836e-01	8.518836e-01	5.519325e-09	0.000000e+00	5.196849e-03
1	52	NOE	9.579784e-01	8.663549e-01	2.146971e-05	1.445218e+01	6.339771e-03
1	53	NOE	5.891777e-01	5.891777e-01	1.222010e-09	0.000000e+00	2.908337e-03
1	54	NOE	8.583426e-01	8.583426e-01	7.423109e-09	0.000000e+00	7.372017e-03
1	55	NOE	9.054911e-01	8.663549e-01	1.756956e-05	4.408212e+00	8.878036e-03
1	57	NOE	8.280736e-01	8.280736e-01	3.384091e-09	0.000000e+00	4.993380e-03
1	60	NOE	8.276329e-01	8.276329e-01	3.364603e-09	1.650847e-14	6.725173e-03
1	61	NOE	9.405463e-01	8.663549e-01	2.063291e-05	7.521083e+00	9.864466e-03
1	63	NOE	8.859084e-01	8.663549e-01	1.775120e-05	3.677521e+00	5.317050e-03
1	64	NOE	8.957557e-01	8.663549e-01	1.762830e-05	4.421060e+00	6.650175e-03
1	65	NOE	9.072120e-01	8.663549e-01	1.909931e-05	5.351196e+00	7.635144e-03
1	66	NOE	8.455392e-01	8.455392e-01	4.598583e-09	-6.174864e-08	9.998042e-03
1	67	NOE	8.515519e-01	8.515519e-01	5.456930e-09	1.977013e-14	5.615658e-03
1	68	NOE	8.302140e-01	8.302140e-01	3.483730e-09	1.882361e-14	5.898036e-03
1	69	NOE	9.223838e-01	8.663549e-01	2.225972e-05	5.521954e+00	1.014659e-02
1	70	NOE	8.197561e-01	8.197561e-01	3.064259e-09	-2.176517e-07	6.311790e-03
1	71	NOE	8.271970e-01	8.271970e-01	3.345653e-09	0.000000e+00	5.267104e-03
1	73	NOE	8.308164e-01	8.308164e-01	3.513375e-09	0.000000e+00	5.071404e-03
1	74	NOE	8.341503e-01	8.341503e-01	3.692192e-09	0.000000e+00	8.365571e-03
1	75	NOE	8.155839e-01	8.155839e-01	2.934221e-09	2.013730e-14	5.513266e-03
1	76	NOE	8.213393e-01	8.213393e-01	3.118255e-09	-1.036722e-07	1.280565e-02
1	77	NOE	7.574990e-01	7.574990e-01	1.990211e-09	0.000000e+00	1.169948e-02
1	79	NOE	8.544627e-01	8.544627e-01	6.090288e-09	1.228215e-14	9.039320e-03
1	80	NOE	9.505482e-01	8.663549e-01	1.873513e-05	4.466229e+00	1.885111e-02
1	81	NOE	8.473439e-01	8.473439e-01	4.812912e-09	0.000000e+00	6.687325e-03
1	83	NOE	9.170145e-01	8.663549e-01	2.007684e-05	5.533157e+00	9.155657e-03
1	84	NOE	8.360617e-01	8.360617e-01	3.807740e-09	0.000000e+00	5.084727e-03
1	85	NOE	7.957684e-01	7.957684e-01	2.482730e-09	0.000000e+00	5.584067e-03
1	86	NOE	7.757019e-01	7.757019e-01	2.185602e-09	0.000000e+00	7.273774e-03
1	87	NOE	8.475849e-01	8.475849e-01	4.843849e-09	0.000000e+00	5.711974e-03
1	88	NOE	8.858584e-01	8.663549e-01	1.894959e-05	2.703197e+00	7.214975e-03
1	89	NOE	8.829306e-01	8.663549e-01	1.240805e-05	2.011234e+00	8.241604e-03
1	90	NOE	8.534615e-01	8.534615e-01	5.848371e-09	-1.290181e-14	8.605172e-03
1	91	NOE	8.824380e-01	8.663549e-01	2.002553e-05	1.651953e+00	9.735866e-03
1	92	NOE	8.888480e-01	8.663549e-01	1.987496e-05	6.161272e+00	3.650725e-03
1	93	NOE	8.816807e-01	8.663549e-01	1.197931e-05	1.678613e+00	9.130053e-03
1	94	NOE	8.942548e-01	8.663549e-01	1.662549e-05	3.400092e+00	8.205651e-03
1	95	NOE	9.162235e-01	8.663549e-01	1.254389e-05	6.197240e+00	8.046916e-03
1	96	NOE	9.077553e-01	8.663549e-01	1.569109e-05	5.926699e+00	6.985417e-03
1	97	NOE	8.836187e-01	8.663549e-01	2.471969e-05	2.634690e+00	6.552530e-03
1	99	NOE	8.641095e-01	8.641095e-01	1.403181e-08	0.000000e+00	1.213284e-02
1	102	NOE	8.658648e-01	8.658648e-01	3.004131e-08	0.000000e+00	1.275362e-02
1	103	NOE	8.766671e-01	8.663549e-01	1.630655e-05	8.906397e-01	1.157847e-02
1	105	NOE	8.924616e-01	8.663549e-01	1.311819e-05	2.938596e+00	8.884072e-03
1	106	NOE	8.844590e-01	8.663549e-01	1.823918e-05	2.363735e+00	7.659144e-03
1	107	NOE	9.407249e-01	8.663549e-01	1.220343e-05	1.211115e+01	6.140625e-03
1	108	NOE	9.169713e-01	8.663549e-01	1.526845e-05	5.503277e+00	9.197514e-03
1	111	NOE	8.963898e-01	8.663549e-01	1.367031e-05	5.503756e+00	5.457170e-03
1	112	NOE	8.672562e-01	8.663549e-01	2.369899e-05	1.159551e-01	7.773536e-03
1	114	NOE	8.480701e-01	8.480701e-01	4.907971e-09	0.000000e+00	7.179622e-03
1	115	NOE	7.870122e-01	7.870122e-01	2.339316e-09	0.000000e+00	5.249010e-03
1	117	NOE	7.827872e-01	7.827872e-01	2.278277e-09	0.000000e+00	7.096858e-03
1	118	NOE	8.270894e-01	8.270894e-01	3.341025e-09	0.000000e+00	5.426133e-03
1	119	NOE	7.879715e-01	7.879715e-01	2.353854e-09	0.000000e+00	1.277589e-02
1	121	NOE	9.333939e-01	8.663549e-01	1.491018e-05	1.098971e+01	6.100160e-03
1	122	NOE	8.916321e-01	8.663549e-01	1.140699e-05	3.895119e+00	6.489471e-03
1	123	NOE	8.823515e-01	8.663549e-01	1.165355e-05	2.350429e+00	6.805854e-03
1	124	NOE	8.893969e-01	8.663549e-01	1.210115e-05	2.850398e+00	8.083812e-03
1	125	NOE	9.208268e-01	8.663549e-01	1.549358e-05	7.162651e+00	7.604998e-03
1	126	NOE	9.327139e-01	8.663549e-01	1.395616e-05	1.047329e+01	6.336030e-03
1	127	NOE	8.912135e-01	8.663549e-01	1.445365e-05	2.767833e+00	8.981275e-03
1	128	NOE	9.283541e-01	8.663549e-01	1.882975e-05	8.429035e+00	7.355442e-03
1	129	NOE	8.682944e-01	8.663548e-01	8.935447e-06	3.113804e-01	6.228996e-03
1	130	NOE	8.775459e-01	8.663549e-01	1.182058e-05	1.828735e+00	6.119582e-03
1	131	NOE	8.754444e-01	8.663549e-01	1.465312e-05	1.278148e+00	7.111495e-03
1	132	NOE	8.330294e-01	8.330294e-01	3.629091e-09	-2.352308e-14	4.719718e-03
1	133	NOE	8.351047e-01	8.351047e-01	3.748563e-09	1.612195e-14	6.886408e-03
1	134	NOE	8.735025e-01	8.663549e-01	1.589772e-05	8.927823e-01	8.005997e-03
1	135	NOE	8.829204e-01	8.663549e-01	1.325023e-05	1.955287e+00	8.472175e-03
1	136	NOE	9.266260e-01	8.663549e-01	1.652553e-05	6.285170e+00	9.589429e-03
1	137	NOE	9.014860e-01	8.663549e-01	1.164946e-05	4.313472e+00	8.144529e-03
1	138	NOE	9.379299e-01	8.663549e-01	3.146111e-05	3.782685e+00	1.892176e-02
1	139	NOE	9.002862e-01	8.663549e-01	1.435017e-05	3.623095e+00	9.365281e-03
1	141	NOE	8.976912e-01	8.663549e-01	2.501311e-05	2.983759e+00	1.050232e-02
1	143	NOE	8.695699e-01	8.663549e-01	2.148376e-05	4.844375e-01	6.636705e-03
1	144	NOE	9.006405e-01	8.663549e-01	1.153012e-05	3.836458e+00	8.936800e-03
1	145	NOE	8.771267e-01	8.663549e-01	1.677064e-05	1.206638e+00	8.927144e-03
1	147	NOE	8.933843e-01	8.663549e-01	1.642949e-05	2.653006e+00	1.018824e-02
1	150	NOE	8.130509e-01	8.130509e-01	2.862807e-09	0.000000e+00	9.853544e-03
1	151	NOE	8.326878e-01	8.326878e-01	3.610493e-09	0.000000e+00	5.379042e-03
1	152	NOE	8.573715e-01	8.573715e-01	7.009648e-09	1.650684e-14	6.725836e-03
1	153	NOE	8.556658e-01	8.556658e-01	6.424802e-09	0.000000e+00	5.808324e-03
1	154	NOE	8.856198e-01	8.663549e-01	1.336137e-05	1.415197e+00	1.361290e-02
1	155	NOE	8.905784e-01	8.663549e-01	2.081197e-05	3.739384e+00	6.477959e-03
1	156	NOE	8.695900e-01	8.663549e-01	2.154632e-05	4.089610e-01	7.910580e-03
1	157	NOE	9.298309e-01	8.663549e-01	2.659766e-05	8.399599e+00	7.557029e-03
1	159	NOE	8.978770e-01	8.663549e-01	1.706262e-05	3.924878e+00	8.031374e-03
1	160	NOE	7.823124e-01	7.823124e-01	2.271705e-09	3.384885e-14	3.279943e-03
1	161	NOE	9.276768e-01	8.663549e-01	1.573718e-05	8.922620e+00	6.872638e-03
1	162	NOE	8.402035e-01	8.402035e-01	4.100169e-09	-2.054235e-14	5.404556e-03
1	163	NOE	8.597528e-01	8.597528e-01	8.178931e-09	0.000000e+00	5.724422e-03
1	164	NOE	8.951400e-01	8.663549e-01	1.614435e-05	4.070295e+00	7.071997e-03
1	165	NOE	8.988748e-01	8.663549e-01	2.316580e-05	4.145297e+00	7.845029e-03
1	166	NOE	8.997469e-01	8.663549e-01	1.283000e-05	4.997056e+00	6.682351e-03
1	167	NOE	9.077963e-01	8.663549e-01	1.766090e-05	6.299300e+00	6.578732e-03
1	168	NOE	9.151045e-01	8.663549e-01	1.452008e-05	6.167009e+00	7.904905e-03
1	169	NOE	8.745955e-01	8.663549e-01	1.614077e-05	1.246580e+00	6.610579e-03
1	171	NOE	8.688531e-01	8.663549e-01	1.249259e-05	4.191501e-01	5.960261e-03
1	172	NOE	7.969465e-01	7.969465e-01	2.504060e-09	0.000000e+00	1.160504e-02
1	173	NOE	8.439492e-01	8.439492e-01	4.431591e-09	0.000000e+00	5.269677e-03
1	174	NOE	8.809021e-01	8.663549e-01	1.491094e-05	1.905191e+00	7.635586e-03
1	177	NOE	8.387874e-01	8.387874e-01	3.992814e-09	0.000000e+00	4.648523e-03
1	178	NOE	8.038719e-01	8.038719e-01	2.641335e-09	0.000000e+00	6.132576e-03
1	179	NOE	8.508436e-01	8.508436e-01	5.330445e-09	0.000000e+00	7.748705e-03
1	180	NOE	7.883584e-01	7.883584e-01	2.359792e-09	0.000000e+00	4.519238e-03
1	181	NOE	8.616242e-01	8.616242e-01	9.664242e-09	0.000000e+00	6.025349e-03
1	182	NOE	9.404251e-01	8.663549e-01	2.718096e-05	1.144309e+01	6.472921e-03
1	183	NOE	9.191470e-01	8.663549e-01	1.251983e-05	7.541912e+00	6.999835e-03
1	184	NOE	9.064203e-01	8.663549e-01	2.471443e-05	6.543936e+00	6.122528e-03
1	185	NOE	8.550235e-01	8.550235e-01	6.239591e-09	0.000000e+00	4.994405e-03
1	186	NOE	9.189667e-01	8.663549e-01	1.070946e-05	7.223168e+00	7.283758e-03
1	187	NOE	8.902304e-01	8.663549e-01	2.405714e-05	3.678764e+00	6.490087e-03
1	188	NOE	8.655618e-01	8.655618e-01	2.361435e-08	-4.741443e-09	4.983829e-03
1	189	NOE	8.562020e-01	8.562020e-01	6.592678e-09	2.427629e-14	4.573282e-03
1	191	NOE	8.438023e-01	8.438023e-01	4.417060e-09	0.000000e+00	8.176178e-03
1	192	NOE	9.131323e-01	8.663549e-01	1.419575e-05	5.810556e+00	8.050426e-03
1	194	NOE	8.866303e-01	8.663549e-01	1.373246e-05	3.241970e+00	6.254060e-03
1	195	NOE	8.381910e-01	8.381910e-01	3.950041e-09	0.000000e+00	6.302561e-03
1	197	NOE	8.603448e-01	8.603448e-01	8.572848e-09	0.000000e+00	1.210012e-02
1	198	NOE	8.831192e-01	8.663549e-01	1.587508e-05	2.991828e+00	5.603388e-03
1	199	NOE	8.371334e-01	8.371334e-01	3.877419e-09	0.000000e+00	7.760680e-03
1	200	NOE	8.845995e-01	8.663549e-01	1.358476e-05	3.095044e+00	5.894784e-03
1	203	NOE	8.334381e-01	8.334381e-01	3.651726e-09	0.000000e+00	5.065070e-03
1	204	NOE	9.136174e-01	8.663549e-01	1.763375e-05	5.293694e+00	8.928088e-03
1	205	NOE	8.601195e-01	8.601195e-01	8.416316e-09	0.000000e+00	7.539242e-03
1	207	NOE	9.518227e-01	8.663549e-01	1.835666e-05	8.742619e+00	9.775998e-03
1	208	NOE	9.167949e-01	8.663549e-01	1.959144e-05	9.167921e+00	5.501803e-03
1	211	NOE	8.691241e-01	8.663549e-01	1.360986e-05	1.951210e-01	1.419236e-02
1	213	NOE	8.772461e-01	8.663549e-01	1.266116e-05	1.231315e+00	8.845244e-03
1	214	NOE	8.473757e-01	8.473757e-01	4.816965e-09	0.000000e+00	7.227846e-03
1	215	NOE	8.722030e-01	8.663549e-01	1.843952e-05	5.292371e-01	1.105012e-02
1	216	NOE	9.024316e-01	8.663549e-01	1.399286e-05	5.104440e+00	7.067717e-03
1	217	NOE	9.277538e-01	8.663549e-01	1.328965e-05	9.934408e+00	6.180437e-03
1	218	NOE	9.168265e-01	8.663549e-01	1.654987e-05	5.323171e+00	9.481496e-03
1	220	NOE	9.146339e-01	8.663549e-01	1.486696e-05	5.438501e+00	8.877271e-03
1	221	NOE	8.748467e-01	8.663549e-01	1.366372e-05	9.653097e-01	8.797042e-03
1	222	NOE	9.283629e-01	8.663549e-01	1.189358e-05	7.049996e+00	8.795466e-03
1	223	NOE	8.388069e-01	8.388069e-01	3.994234e-09	0.000000e+00	7.973663e-03
1	224	NOE	9.289980e-01	8.663549e-01	2.046272e-05	7.744860e+00	8.088351e-03
1	225	NOE	8.980427e-01	8.663549e-01	1.465548e-05	3.510938e+00	9.025473e-03
1	226	NOE	9.057024e-01	8.663549e-01	2.512835e-05	4.705926e+00	8.361270e-03
1	228	NOE	7.418886e-01	7.418886e-01	1.857771e-09	-1.679268e-14	6.611351e-03
1	229	NOE	8.705983e-01	8.663549e-01	1.535517e-05	9.344590e-01	4.541081e-03
1	230	NOE	8.339254e-01	8.339254e-01	3.679268e-09	0.000000e+00	6.347218e-03
1	232	NOE	8.783621e-01	8.663549e-01	2.025619e-05	1.485572e+00	8.082593e-03
1	233	NOE	9.490063e-01	8.663549e-01	2.837882e-05	1.452441e+01	5.690524e-03
1	234	NOE	8.252837e-01	8.252837e-01	3.266065e-09	1.483345e-14	7.484589e-03
1	235	NOE	9.188990e-01	8.663549e-01	1.248476e-05	6.303186e+00	8.336129e-03
1	236	NOE	9.244915e-01	8.663549e-01	2.657514e-05	7.519422e+00	7.731534e-03
1	237	NOE	8.853848e-01	8.663549e-01	1.689675e-05	2.194389e+00	8.672116e-03
1	238	NOE	9.376725e-01	8.663549e-01	1.570979e-05	9.562149e+00	7.458325e-03
1	240	NOE	8.838931e-01	8.663549e-01	1.216475e-05	1.872346e+00	9.366989e-03
1	241	NOE	7.892077e-01	7.892077e-01	2.372983e-09	0.000000e+00	4.552458e-03
1	242	NOE	8.234115e-01	8.234115e-01	3.193378e-09	0.000000e+00	5.165534e-03
1	243	NOE	8.177646e-01	8.177646e-01	3.000110e-09	-2.400956e-14	4.624088e-03
1	244	NOE	8.515154e-01	8.515154e-01	5.450178e-09	0.000000e+00	4.867963e-03
1	245	NOE	8.989496e-01	8.663549e-01	1.482167e-05	4.880727e+00	6.678264e-03
1	247	NOE	8.683920e-01	8.663549e-01	1.497092e-05	4.583266e-01	4.444852e-03
1	248	NOE	8.747702e-01	8.663549e-01	1.405187e-05	1.275442e+00	6.597973e-03
1	250	NOE	8.010006e-01	8.010006e-01	2.581788e-09	-1.343496e-14	8.263686e-03
1	251	NOE	8.206424e-01	8.206424e-01	3.094144e-09	-1.837555e-07	7.335410e-03
1	252	NOE	8.708208e-01	8.663549e-01	1.847866e-05	8.733866e-01	5.113415e-03
1	253	NOE	9.170692e-01	8.663549e-01	2.183617e-05	6.509435e+00	7.790891e-03
1	254	NOE	8.831870e-01	8.663549e-01	1.704106e-05	1.948042e+00	8.640527e-03
1	255	NOE	9.302501e-01	8.663549e-01	1.155196e-05	9.981683e+00	6.401245e-03
1	256	NOE	8.896312e-01	8.663549e-01	1.623571e-05	3.504836e+00	6.641220e-03
1	257	NOE	9.062251e-01	8.663549e-01	1.849330e-05	6.108494e+00	6.527020e-03
1	258	NOE	9.002620e-01	8.663549e-01	1.147685e-05	5.968069e+00	5.681424e-03
1	259	NOE	8.553771e-01	8.553771e-01	6.339555e-09	2.054884e-14	5.402849e-03
1	260	NOE	8.303602e-01	8.303602e-01	3.490856e-09	-2.026927e-14	5.477371e-03
1	261	NOE	8.931811e-01	8.663549e-01	1.856993e-05	3.500573e+00	7.663395e-03
1	263	NOE	8.971529e-01	8.663549e-01	1.380281e-05	4.742257e+00	6.494395e-03
1	264	NOE	8.579831e-01	8.579831e-01	7.261687e-09	0.000000e+00	6.913215e-03


2	3	R1	6.292254e-01	6.292254e-01	1.387396e-08	-7.752803e-15	1.432028e-02
2	5	R1	6.142312e-01	6.142312e-01	1.422450e-08	-9.518998e-15	1.166323e-02
2	6	R1	6.230070e-01	6.230070e-01	1.401733e-08	1.505944e-14	1.474455e-02
2	7	R1	6.174174e-01	6.174174e-01	1.414862e-08	-7.876632e-15	1.409515e-02
2	8	R1	6.139799e-01	6.139799e-01	1.423052e-08	7.550020e-15	1.470490e-02
2	9	R1	6.069230e-01	6.069230e-01	1.440152e-08	0.000000e+00	1.590972e-02
2	10	R1	6.186108e-01	6.186108e-01	1.412039e-08	5.943291e-15	1.868028e-02
2	11	R1	5.987361e-01	5.987361e-01	1.460487e-08	1.003920e-14	1.105888e-02
2	12	R1	5.820566e-01	5.820566e-01	1.503656e-08	7.155128e-15	1.551647e-02
2	13	R1	6.326549e-01	6.326549e-01	1.379608e-08	6.690533e-15	1.659394e-02
2	14	R1	5.836018e-01	5.836018e-01	1.499554e-08	-6.460790e-15	1.718401e-02
2	15	R1	5.490212e-01	5.490212e-01	1.596775e-08	-7.595165e-15	1.461750e-02
2	17	R1	5.330994e-01	5.330994e-01	1.645717e-08	6.179882e-15	1.796512e-02
2	18	R1	5.488412e-01	5.488412e-01	1.597313e-08	0.000000e+00	4.193348e-02
2	19	R1	5.663598e-01	5.663598e-01	1.546567e-08	-4.856459e-15	2.286075e-02
2	20	R1	5.588551e-01	5.588551e-01	1.567922e-08	0.000000e+00	2.051656e-02
2	21	R1	5.772839e-01	5.772839e-01	1.516460e-08	0.000000e+00	1.890219e-02
2	22	R1	5.388889e-01	5.388889e-01	1.627591e-08	5.411111e-15	2.051747e-02
2	24	R1	5.236764e-01	5.236764e-01	1.676066e-08	4.513418e-15	2.459828e-02
2	26	R1	6.090644e-01	6.090644e-01	1.434922e-08	4.354104e-15	5.099663e-02
2	27	R1	6.358588e-01	6.358588e-01	1.372407e-08	0.000000e+00	2.016759e-02
2	28	R1	5.795153e-01	5.795153e-01	1.510448e-08	0.000000e+00	2.140318e-02
2	29	R1	5.724060e-01	5.724060e-01	1.529764e-08	0.000000e+00	1.175094e-02
2	30	R1	5.988138e-01	5.988138e-01	1.460291e-08	0.000000e+00	1.318285e-02
2	32	R1	5.241921e-01	5.241921e-01	1.674377e-08	0.000000e+00	1.413565e-02
2	33	R1	5.146053e-01	5.146053e-01	1.706318e-08	-7.781158e-15	1.426810e-02
2	34	R1	5.447753e-01	5.447753e-01	1.609551e-08	4.471960e-07	1.768869e-02
2	35	R1	5.499626e-01	5.499626e-01	1.593969e-08	0.000000e+00	9.852282e-03
2	36	R1	5.262402e-01	5.262402e-01	1.667702e-08	-8.642074e-15	1.284672e-02
2	37	R1	6.114913e-01	6.114913e-01	1.429038e-08	7.400616e-15	1.500176e-02
2	38	R1	5.469395e-01	5.469395e-01	1.603015e-08	0.000000e+00	1.660668e-02
2	39	R1	5.539726e-01	5.539726e-01	1.582121e-08	0.000000e+00	2.268661e-02
2	40	R1	5.614081e-01	5.614081e-01	1.560594e-08	4.960322e-15	2.238207e-02
2	41	R1	6.688161e-01	6.688161e-01	1.302259e-08	2.830796e-15	3.921947e-02
2	42	R1	6.303223e-01	6.303223e-01	1.384896e-08	0.000000e+00	5.428333e-02
2	44	R1	6.364164e-01	6.364164e-01	1.371161e-08	0.000000e+00	4.389823e-02
2	45	R1	6.659706e-01	6.659706e-01	1.308047e-08	7.418594e-15	2.993082e-02
2	46	R1	6.152899e-01	6.152899e-01	1.419920e-08	6.590262e-15	3.369284e-02
2	47	R1	5.796257e-01	5.796257e-01	1.510152e-08	-4.809147e-15	2.308565e-02
2	49	R1	6.115282e-01	6.115282e-01	1.428949e-08	6.614977e-15	1.678348e-02
2	50	R1	5.667115e-01	5.667115e-01	1.545580e-08	3.476563e-15	3.193450e-02
2	51	R1	5.824047e-01	5.824047e-01	1.502730e-08	1.623761e-14	1.367471e-02
2	52	R1	5.994240e-01	5.994240e-01	1.458757e-08	-7.541203e-15	1.472209e-02
2	53	R1	6.153028e-01	6.153028e-01	1.419889e-08	0.000000e+00	8.576662e-03
2	54	R1	5.751508e-01	5.751508e-01	1.522250e-08	5.295319e-15	2.096612e-02
2	55	R1	5.915790e-01	5.915790e-01	1.478717e-08	0.000000e+00	2.112246e-02
2	57	R1	5.764075e-01	5.764075e-01	1.518834e-08	-2.054606e-14	1.080716e-02
2	60	R1	6.322463e-01	6.322463e-01	1.380532e-08	0.000000e+00	2.399024e-02
2	61	R1	6.033176e-01	6.033176e-01	1.449040e-08	0.000000e+00	2.283129e-02
2	63	R1	6.044443e-01	6.044443e-01	1.446252e-08	1.876951e-14	1.183007e-02
2	64	R1	5.696144e-01	5.696144e-01	1.537478e-08	8.178906e-15	1.357422e-02
2	65	R1	5.582073e-01	5.582073e-01	1.569792e-08	4.328286e-07	1.870162e-02
2	66	R1	5.817508e-01	5.817508e-01	1.504470e-08	3.763781e-15	2.949754e-02
2	67	R1	5.892509e-01	5.892509e-01	1.484741e-08	-1.918764e-14	1.157228e-02
2	68	R1	6.011383e-01	6.011383e-01	1.454464e-08	0.000000e+00	1.301653e-02
2	69	R1	5.948100e-01	5.948100e-01	1.470434e-08	-4.760665e-15	2.332075e-02
2	70	R1	5.534192e-01	5.534192e-01	1.583746e-08	0.000000e+00	1.489160e-02
2	71	R1	6.104905e-01	6.104905e-01	1.431459e-08	1.558901e-14	1.424366e-02
2	73	R1	5.530522e-01	5.530522e-01	1.584826e-08	0.000000e+00	1.385851e-02
2	74	R1	5.885074e-01	5.885074e-01	1.486675e-08	0.000000e+00	2.465148e-02
2	75	R1	6.649466e-01	6.649466e-01	1.310142e-08	6.969508e-15	1.592972e-02
2	76	R1	6.213463e-01	6.213463e-01	1.405609e-08	4.243236e-15	5.232907e-02
2	77	R1	5.852651e-01	5.852651e-01	1.495164e-08	-2.638159e-15	4.208324e-02
2	79	R1	6.177447e-01	6.177447e-01	1.414086e-08	0.000000e+00	2.363580e-02
2	80	R1	5.351142e-01	5.351142e-01	1.639365e-08	1.907866e-15	5.819188e-02
2	81	R1	5.725047e-01	5.725047e-01	1.529492e-08	0.000000e+00	1.675376e-02
2	83	R1	5.495834e-01	5.495834e-01	1.595098e-08	0.000000e+00	1.959791e-02
2	84	R1	6.334021e-01	6.334021e-01	1.377923e-08	7.541345e-07	1.208122e-02
2	85	R1	6.365364e-01	6.365364e-01	1.370893e-08	7.723011e-15	1.437552e-02
2	86	R1	5.865385e-01	5.865385e-01	1.491819e-08	-6.457126e-15	1.719376e-02
2	87	R1	6.013319e-01	6.013319e-01	1.453980e-08	-7.722018e-15	1.437737e-02
2	88	R1	5.938292e-01	5.938292e-01	1.472939e-08	5.091504e-07	1.685040e-02
2	89	R1	6.100542e-01	6.100542e-01	1.432517e-08	-5.107334e-15	2.173782e-02
2	90	R1	5.789830e-01	5.789830e-01	1.511878e-08	3.796017e-07	2.207063e-02
2	91	R1	5.789255e-01	5.789255e-01	1.512033e-08	0.000000e+00	2.312485e-02
2	92	R1	5.903676e-01	5.903676e-01	1.481846e-08	-2.665648e-14	8.329854e-03
2	93	R1	5.876948e-01	5.876948e-01	1.488794e-08	9.597010e-15	2.313685e-02
2	94	R1	5.640983e-01	5.640983e-01	1.552943e-08	-5.589111e-15	1.986403e-02
2	95	R1	5.438078e-01	5.438078e-01	1.612489e-08	0.000000e+00	1.836341e-02
2	96	R1	5.694096e-01	5.694096e-01	1.538047e-08	-2.196527e-14	1.516334e-02
2	97	R1	6.066038e-01	6.066038e-01	1.440935e-08	0.000000e+00	1.746175e-02
2	99	R1	5.468795e-01	5.468795e-01	1.603195e-08	-2.684624e-15	4.135488e-02
2	102	R1	6.852870e-01	6.852870e-01	1.269680e-08	1.881997e-15	5.899176e-02
2	103	R1	6.587125e-01	6.587125e-01	1.323033e-08	0.000000e+00	3.897531e-02
2	105	R1	6.287369e-01	6.287369e-01	1.388513e-08	-4.249643e-15	2.612509e-02
2	106	R1	6.065151e-01	6.065151e-01	1.441152e-08	0.000000e+00	2.070937e-02
2	107	R1	6.150044e-01	6.150044e-01	1.420602e-08	0.000000e+00	1.496361e-02
2	108	R1	6.341645e-01	6.341645e-01	1.376206e-08	-4.274608e-15	2.597251e-02
2	111	R1	6.162630e-01	6.162630e-01	1.417602e-08	-8.636610e-15	1.285485e-02
2	112	R1	6.407708e-01	6.407708e-01	1.361503e-08	4.049749e-15	2.741461e-02
2	114	R1	6.239641e-01	6.239641e-01	1.399508e-08	0.000000e+00	2.030945e-02
2	115	R1	7.145052e-01	7.145052e-01	1.215502e-08	7.988218e-15	1.389826e-02
2	117	R1	6.664662e-01	6.664662e-01	1.307036e-08	7.040657e-15	3.153749e-02
2	118	R1	7.134343e-01	7.134343e-01	1.217412e-08	0.000000e+00	1.556054e-02
2	119	R1	6.586326e-01	6.586326e-01	1.323199e-08	0.000000e+00	4.085086e-02
2	121	R1	6.161124e-01	6.161124e-01	1.417960e-08	0.000000e+00	1.456691e-02
2	122	R1	5.933817e-01	5.933817e-01	1.474084e-08	1.344425e-14	1.651596e-02
2	123	R1	5.948369e-01	5.948369e-01	1.470365e-08	-5.763506e-15	1.926298e-02
2	124	R1	5.762720e-01	5.762720e-01	1.519201e-08	-4.793303e-15	2.316196e-02
2	125	R1	5.863599e-01	5.863599e-01	1.492287e-08	-6.234981e-15	1.780636e-02
2	126	R1	6.236540e-01	6.236540e-01	1.400228e-08	-6.958932e-15	1.595393e-02
2	127	R1	6.015079e-01	6.015079e-01	1.453541e-08	5.510918e-15	2.014588e-02
2	128	R1	5.756132e-01	5.756132e-01	1.520991e-08	1.141482e-14	1.945231e-02
2	129	R1	5.909875e-01	5.909875e-01	1.480243e-08	0.000000e+00	1.640517e-02
2	130	R1	6.035923e-01	6.035923e-01	1.448360e-08	0.000000e+00	1.680435e-02
2	131	R1	5.561098e-01	5.561098e-01	1.575876e-08	-6.483531e-15	1.712374e-02
2	132	R1	5.675611e-01	5.675611e-01	1.543200e-08	8.298530e-15	1.337855e-02
2	133	R1	5.403170e-01	5.403170e-01	1.623179e-08	6.928052e-15	1.602504e-02
2	134	R1	6.287378e-01	6.287378e-01	1.388511e-08	5.133425e-15	2.162733e-02
2	135	R1	6.022146e-01	6.022146e-01	1.451781e-08	0.000000e+00	2.549964e-02
2	136	R1	6.034413e-01	6.034413e-01	1.448734e-08	-4.519204e-15	2.456678e-02
2	137	R1	5.727253e-01	5.727253e-01	1.528886e-08	-5.539156e-15	2.004318e-02
2	138	R1	5.783543e-01	5.783543e-01	1.513570e-08	-2.052911e-15	5.408042e-02
2	139	R1	4.832999e-01	4.832999e-01	1.819337e-08	2.942133e-15	1.886765e-02
2	141	R1	5.795721e-01	5.795721e-01	1.510295e-08	6.310586e-15	3.518605e-02
2	143	R1	5.954199e-01	5.954199e-01	1.468880e-08	6.081668e-15	1.825524e-02
2	144	R1	6.094399e-01	6.094399e-01	1.434009e-08	0.000000e+00	2.454772e-02
2	145	R1	5.836203e-01	5.836203e-01	1.499506e-08	4.025207e-15	2.758177e-02
2	147	R1	6.302480e-01	6.302480e-01	1.385066e-08	2.683252e-07	3.379776e-02
2	150	R1	5.820001e-01	5.820001e-01	1.503806e-08	0.000000e+00	2.551115e-02
2	151	R1	6.104977e-01	6.104977e-01	1.431442e-08	1.562677e-14	1.420924e-02
2	152	R1	6.221644e-01	6.221644e-01	1.403697e-08	0.000000e+00	2.038081e-02
2	153	R1	6.179354e-01	6.179354e-01	1.413635e-08	-2.254115e-14	1.477595e-02
2	154	R1	5.593334e-01	5.593334e-01	1.566544e-08	2.937165e-15	3.779914e-02
2	155	R1	6.236122e-01	6.236122e-01	1.400325e-08	0.000000e+00	1.810261e-02
2	156	R1	5.733692e-01	5.733692e-01	1.527119e-08	-5.078852e-15	2.185972e-02
2	157	R1	5.608624e-01	5.608624e-01	1.562155e-08	0.000000e+00	1.777586e-02
2	159	R1	5.934598e-01	5.934598e-01	1.473884e-08	1.040651e-14	2.133709e-02
2	160	R1	6.377061e-01	6.377061e-01	1.368287e-08	0.000000e+00	9.026935e-03
2	161	R1	6.012297e-01	6.012297e-01	1.454236e-08	7.071258e-15	1.570050e-02
2	162	R1	6.595881e-01	6.595881e-01	1.321208e-08	-7.213250e-15	1.539144e-02
2	163	R1	6.108789e-01	6.108789e-01	1.430518e-08	-7.328035e-15	1.515035e-02
2	164	R1	5.713875e-01	5.713875e-01	1.532569e-08	-1.397183e-14	1.589231e-02
2	165	R1	6.012090e-01	6.012090e-01	1.454287e-08	6.510886e-15	1.705180e-02
2	166	R1	6.041869e-01	6.041869e-01	1.446888e-08	0.000000e+00	1.597533e-02
2	167	R1	5.895391e-01	5.895391e-01	1.483993e-08	0.000000e+00	1.478258e-02
2	168	R1	5.837388e-01	5.837388e-01	1.499192e-08	-6.059584e-15	1.832177e-02
2	169	R1	5.794389e-01	5.794389e-01	1.510653e-08	0.000000e+00	1.716866e-02
2	171	R1	5.299154e-01	5.299154e-01	1.655853e-08	-9.448999e-15	1.174964e-02
2	172	R1	5.082356e-01	5.082356e-01	1.728198e-08	0.000000e+00	4.450930e-02
2	173	R1	5.832822e-01	5.832822e-01	1.500401e-08	1.037764e-14	1.069822e-02
2	174	R1	5.385260e-01	5.385260e-01	1.628716e-08	0.000000e+00	1.976157e-02
2	177	R1	6.525624e-01	6.525624e-01	1.335986e-08	0.000000e+00	1.220046e-02
2	178	R1	5.665233e-01	5.665233e-01	1.546108e-08	0.000000e+00	1.527091e-02
2	179	R1	6.116133e-01	6.116133e-01	1.428744e-08	0.000000e+00	2.057999e-02
2	180	R1	6.225197e-01	6.225197e-01	1.402868e-08	-1.855316e-14	1.196802e-02
2	181	R1	5.899128e-01	5.899128e-01	1.483023e-08	-7.817004e-15	1.420267e-02
2	182	R1	5.906157e-01	5.906157e-01	1.481204e-08	7.528172e-15	1.474758e-02
2	183	R1	5.768401e-01	5.768401e-01	1.517661e-08	0.000000e+00	2.051081e-02
2	184	R1	6.165394e-01	6.165394e-01	1.416945e-08	0.000000e+00	1.547971e-02
2	185	R1	6.047401e-01	6.047401e-01	1.445521e-08	-1.111671e-14	9.986973e-03
2	186	R1	5.960257e-01	5.960257e-01	1.467340e-08	5.585276e-15	1.987767e-02
2	187	R1	6.065107e-01	6.065107e-01	1.441163e-08	5.779710e-07	1.514010e-02
2	188	R1	5.807634e-01	5.807634e-01	1.507105e-08	0.000000e+00	9.650018e-03
2	189	R1	6.224671e-01	6.224671e-01	1.402991e-08	0.000000e+00	1.233815e-02
2	191	R1	6.855661e-01	6.855661e-01	1.269141e-08	3.641391e-15	3.048898e-02
2	192	R1	6.444984e-01	6.444984e-01	1.353338e-08	-1.021132e-14	2.174495e-02
2	194	R1	5.284405e-01	5.284405e-01	1.660589e-08	-7.062151e-15	1.572075e-02
2	195	R1	5.193731e-01	5.193731e-01	1.690287e-08	-1.592683e-14	1.394154e-02
2	197	R1	5.740555e-01	5.740555e-01	1.525240e-08	2.519916e-15	4.405795e-02
2	198	R1	6.066731e-01	6.066731e-01	1.440765e-08	0.000000e+00	1.358926e-02
2	199	R1	5.470862e-01	5.470862e-01	1.602573e-08	1.152491e-14	1.926650e-02
2	200	R1	5.131819e-01	5.131819e-01	1.711160e-08	0.000000e+00	1.224743e-02
2	203	R1	5.668212e-01	5.668212e-01	1.545272e-08	0.000000e+00	1.051871e-02
2	204	R1	5.161650e-01	5.161650e-01	1.701041e-08	0.000000e+00	1.897354e-02
2	205	R1	5.381121e-01	5.381121e-01	1.630000e-08	-1.299993e-14	1.708045e-02
2	207	R1	5.791239e-01	5.791239e-01	1.511499e-08	0.000000e+00	2.347668e-02
2	208	R1	5.807138e-01	5.807138e-01	1.507237e-08	-9.435713e-15	1.176618e-02
2	211	R1	5.601780e-01	5.601780e-01	1.564116e-08	0.000000e+00	5.058916e-02
2	213	R1	5.358287e-01	5.358287e-01	1.637124e-08	4.841389e-15	2.293191e-02
2	214	R1	5.591037e-01	5.591037e-01	1.567205e-08	-5.997112e-15	1.851263e-02
2	215	R1	5.824495e-01	5.824495e-01	1.502611e-08	0.000000e+00	3.024814e-02
2	216	R1	5.873325e-01	5.873325e-01	1.489740e-08	4.673890e-07	1.816775e-02
2	217	R1	5.880736e-01	5.880736e-01	1.487805e-08	-7.670151e-15	1.447459e-02
2	218	R1	5.531075e-01	5.531075e-01	1.584663e-08	8.810629e-15	2.520190e-02
2	220	R1	5.627318e-01	5.627318e-01	1.556820e-08	0.000000e+00	2.075793e-02
2	221	R1	5.597641e-01	5.597641e-01	1.565305e-08	0.000000e+00	2.508040e-02
2	222	R1	5.670247e-01	5.670247e-01	1.544702e-08	5.619657e-15	1.975606e-02
2	223	R1	5.547139e-01	5.547139e-01	1.579949e-08	0.000000e+00	2.288032e-02
2	224	R1	6.292740e-01	6.292740e-01	1.387286e-08	-5.275682e-15	2.104416e-02
2	225	R1	5.791192e-01	5.791192e-01	1.511512e-08	0.000000e+00	2.022333e-02
2	226	R1	5.796818e-01	5.796818e-01	1.510001e-08	-9.120041e-15	2.434689e-02
2	228	R1	5.733868e-01	5.733868e-01	1.527071e-08	5.307474e-15	2.091811e-02
2	229	R1	5.891507e-01	5.891507e-01	1.485001e-08	7.897593e-15	1.405774e-02
2	230	R1	5.969633e-01	5.969633e-01	1.464962e-08	6.116670e-15	1.815077e-02
2	232	R1	5.617819e-01	5.617819e-01	1.559526e-08	-5.434142e-15	2.043051e-02
2	233	R1	6.044727e-01	6.044727e-01	1.446181e-08	1.350781e-14	1.643824e-02
2	234	R1	5.395154e-01	5.395154e-01	1.625652e-08	0.000000e+00	1.865946e-02
2	235	R1	5.654061e-01	5.654061e-01	1.549250e-08	5.275648e-15	2.104430e-02
2	236	R1	5.137512e-01	5.137512e-01	1.709220e-08	6.248863e-15	1.776680e-02
2	237	R1	5.290157e-01	5.290157e-01	1.658739e-08	-1.116045e-14	1.989566e-02
2	238	R1	5.309537e-01	5.309537e-01	1.652534e-08	0.000000e+00	1.464471e-02
2	240	R1	4.971915e-01	4.971915e-01	1.767449e-08	-7.431346e-15	2.240959e-02
2	241	R1	6.304928e-01	6.304928e-01	1.384509e-08	8.083449e-15	1.373452e-02
2	242	R1	6.712816e-01	6.712816e-01	1.297283e-08	6.919943e-15	1.604382e-02
2	243	R1	6.689214e-01	6.689214e-01	1.302046e-08	-8.905438e-15	1.246680e-02
2	244	R1	7.493626e-01	7.493626e-01	1.156266e-08	7.841886e-15	1.415760e-02
2	245	R1	6.315595e-01	6.315595e-01	1.382087e-08	0.000000e+00	1.650101e-02
2	247	R1	6.361367e-01	6.361367e-01	1.371786e-08	-1.819055e-14	1.220659e-02
2	248	R1	5.733736e-01	5.733736e-01	1.527107e-08	0.000000e+00	1.710631e-02
2	250	R1	5.816207e-01	5.816207e-01	1.504817e-08	9.359234e-15	2.372465e-02
2	251	R1	6.295489e-01	6.295489e-01	1.386658e-08	-5.435882e-15	2.042397e-02
2	252	R1	6.549515e-01	6.549515e-01	1.330926e-08	0.000000e+00	1.224187e-02
2	253	R1	5.897375e-01	5.897375e-01	1.483478e-08	-1.281684e-14	1.732445e-02
2	254	R1	5.995055e-01	5.995055e-01	1.458553e-08	0.000000e+00	2.665139e-02
2	255	R1	6.214382e-01	6.214382e-01	1.405394e-08	0.000000e+00	1.501150e-02
2	256	R1	5.767181e-01	5.767181e-01	1.517992e-08	-6.779853e-15	1.637533e-02
2	257	R1	6.019823e-01	6.019823e-01	1.452359e-08	-7.411598e-15	1.497954e-02
2	258	R1	5.849031e-01	5.849031e-01	1.496117e-08	0.000000e+00	1.341439e-02
2	259	R1	5.884365e-01	5.884365e-01	1.486859e-08	-1.543847e-14	1.438256e-02
2	260	R1	5.977700e-01	5.977700e-01	1.462923e-08	-7.912712e-15	1.403088e-02
2	261	R1	5.619435e-01	5.619435e-01	1.559066e-08	6.692155e-15	1.658992e-02
2	263	R1	5.784944e-01	5.784944e-01	1.513193e-08	0.000000e+00	1.381080e-02
2	264	R1	6.872435e-01	6.872435e-01	1.265911e-08	0.000000e+00	1.558752e-02


