3	2.266187e+01	3.738890e-01	8.234617e-01	5.956156e-03	6.292254e-01	1.432028e-02	1.126022e-02	
5	2.110906e+01	2.270842e-01	8.195531e-01	5.182992e-03	6.142312e-01	1.166323e-02	1.123526e-02	
6	1.982278e+01	3.272992e-01	8.753326e-01	6.685229e-03	6.230070e-01	1.474455e-02	7.873137e-03	
7	2.108364e+01	3.229598e-01	8.266181e-01	6.080108e-03	6.174174e-01	1.409515e-02	1.085137e-02	
8	2.121066e+01	2.990212e-01	8.933927e-01	5.662119e-03	6.139799e-01	1.470490e-02	6.635031e-03	
9	2.151736e+01	3.039750e-01	8.805879e-01	5.805878e-03	6.069230e-01	1.590972e-02	7.346558e-03	
10	2.208886e+01	4.280682e-01	8.361753e-01	7.622191e-03	6.186108e-01	1.868028e-02	1.027303e-02	
11	2.155606e+01	2.052344e-01	9.321107e-01	3.952693e-03	5.987361e-01	1.105888e-02	4.120393e-03	
12	2.410256e+01	3.893774e-01	9.363492e-01	7.217447e-03	5.820566e-01	1.551647e-02	3.755530e-03	
13	2.051381e+01	3.226836e-01	9.164642e-01	6.667752e-03	6.326549e-01	1.659394e-02	5.357243e-03	
14	2.093041e+01	3.556612e-01	8.563790e-01	6.813237e-03	5.836018e-01	1.718401e-02	8.496431e-03	
15	2.357987e+01	4.157778e-01	8.965437e-01	7.184333e-03	5.490212e-01	1.461750e-02	5.757685e-03	
17	2.131873e+01	4.277090e-01	8.469200e-01	7.708908e-03	5.330994e-01	1.796512e-02	8.272340e-03	
18	2.304789e+01	1.069950e+00	8.944763e-01	1.324824e-02	5.488412e-01	4.193348e-02	5.870820e-03	
19	2.047549e+01	5.191994e-01	9.119337e-01	8.819696e-03	5.663598e-01	2.286075e-02	5.055966e-03	
20	2.151183e+01	5.093219e-01	9.102880e-01	8.407094e-03	5.588551e-01	2.051656e-02	5.082198e-03	
21	2.362016e+01	4.299229e-01	8.880802e-01	6.650701e-03	5.772839e-01	1.890219e-02	6.549351e-03	
22	2.306693e+01	5.881274e-01	8.994671e-01	9.021228e-03	5.388889e-01	2.051747e-02	5.491732e-03	
24	2.334102e+01	6.954486e-01	8.396267e-01	1.014523e-02	5.236764e-01	2.459828e-02	8.513282e-03	
26	2.011948e+01	8.419430e-01	7.672255e-01	1.070466e-02	6.090644e-01	5.099663e-02	1.437145e-02	
27	2.074102e+01	3.678368e-01	7.126928e-01	6.058816e-03	6.358588e-01	2.016759e-02	1.851864e-02	
28	2.143328e+01	3.102043e-01	7.548818e-01	5.666520e-03	5.795153e-01	2.140318e-02	1.439933e-02	
29	1.963913e+01	2.482275e-01	7.785874e-01	5.348209e-03	5.724060e-01	1.175094e-02	1.284720e-02	
30	1.906675e+01	2.064560e-01	8.325059e-01	5.221138e-03	5.988138e-01	1.318285e-02	1.016701e-02	
32	2.059887e+01	3.351237e-01	8.595788e-01	6.215037e-03	5.241921e-01	1.413565e-02	7.461483e-03	
33	2.287709e+01	4.160503e-01	9.345121e-01	8.370102e-03	5.146053e-01	1.426810e-02	3.416153e-03	
34	2.484332e+01	6.043747e-01	8.732474e-01	7.117363e-03	5.447753e-01	1.768869e-02	6.999647e-03	
35	2.484060e+01	3.258904e-01	9.007011e-01	5.446583e-03	5.499626e-01	9.852282e-03	5.535786e-03	
36	2.272529e+01	4.132617e-01	8.541468e-01	6.551081e-03	5.262402e-01	1.284672e-02	7.780400e-03	
37	2.143755e+01	3.199437e-01	8.907858e-01	5.396728e-03	6.114913e-01	1.500176e-02	6.769728e-03	
38	2.085232e+01	4.129638e-01	8.679924e-01	7.028919e-03	5.469395e-01	1.660668e-02	7.318800e-03	
39	1.968224e+01	4.858995e-01	8.969268e-01	8.723165e-03	5.539726e-01	2.268661e-02	5.788100e-03	
40	2.210222e+01	6.757748e-01	9.001134e-01	8.511455e-03	5.614081e-01	2.238207e-02	5.684441e-03	
41	1.951153e+01	8.475185e-01	8.697952e-01	1.260197e-02	6.688161e-01	3.921947e-02	8.827459e-03	
42	2.349797e+01	1.321061e+00	9.360665e-01	1.827029e-02	6.303223e-01	5.428333e-02	4.085007e-03	
44	2.955264e+01	1.254627e+00	9.134495e-01	1.044792e-02	6.364164e-01	4.389823e-02	5.583582e-03	
45	2.467619e+01	7.222858e-01	9.077328e-01	9.590285e-03	6.659706e-01	2.993082e-02	6.228795e-03	
46	2.265213e+01	7.136821e-01	8.390727e-01	8.944317e-03	6.152899e-01	3.369284e-02	1.003717e-02	
47	2.401759e+01	5.931982e-01	9.279365e-01	8.565922e-03	5.796257e-01	2.308565e-02	4.234136e-03	
49	2.220767e+01	4.740007e-01	8.755872e-01	6.014417e-03	6.115282e-01	1.678348e-02	7.712288e-03	
50	2.445054e+01	7.744092e-01	9.234617e-01	1.158373e-02	5.667115e-01	3.193450e-02	4.396858e-03	
51	2.368071e+01	3.617206e-01	8.518836e-01	5.196849e-03	5.824047e-01	1.367471e-02	8.744396e-03	
52	2.170207e+01	3.090254e-01	9.579784e-01	6.339771e-03	5.994240e-01	1.472209e-02	2.553340e-03	
53	1.335779e+01	1.151434e-01	5.891777e-01	2.908337e-03	6.153028e-01	8.576662e-03	2.562387e-02	
54	2.342469e+01	5.178556e-01	8.583426e-01	7.372017e-03	5.751508e-01	2.096612e-02	8.258914e-03	
55	2.514738e+01	6.340046e-01	9.054911e-01	8.878036e-03	5.915790e-01	2.112246e-02	5.667443e-03	
57	2.274126e+01	2.537588e-01	8.280736e-01	4.993380e-03	5.764075e-01	1.080716e-02	1.004556e-02	
60	2.237887e+01	4.966469e-01	8.276329e-01	6.725173e-03	6.322463e-01	2.399024e-02	1.104695e-02	
61	2.152684e+01	5.980755e-01	9.405463e-01	9.864466e-03	6.033176e-01	2.283129e-02	3.636022e-03	
63	2.109926e+01	2.855586e-01	8.859084e-01	5.317050e-03	6.044443e-01	1.183007e-02	6.990556e-03	
64	2.433111e+01	3.893544e-01	8.957557e-01	6.650175e-03	5.696144e-01	1.357422e-02	6.019151e-03	
65	2.440546e+01	5.272114e-01	9.072120e-01	7.635144e-03	5.582073e-01	1.870162e-02	5.250361e-03	
66	2.154575e+01	6.837870e-01	8.455392e-01	9.998042e-03	5.817508e-01	2.949754e-02	9.108713e-03	
67	2.046351e+01	2.621651e-01	8.515519e-01	5.615658e-03	5.892509e-01	1.157228e-02	8.866999e-03	
68	1.962750e+01	2.722882e-01	8.302140e-01	5.898036e-03	6.011383e-01	1.301653e-02	1.034613e-02	
69	2.251228e+01	6.399302e-01	9.223838e-01	1.014659e-02	5.948100e-01	2.332075e-02	4.679853e-03	
70	2.353937e+01	4.052159e-01	8.197561e-01	6.311790e-03	5.534192e-01	1.489160e-02	1.011153e-02	
71	2.363317e+01	3.580093e-01	8.271970e-01	5.267104e-03	6.104905e-01	1.424366e-02	1.069380e-02	
73	2.217343e+01	3.173346e-01	8.308164e-01	5.071404e-03	5.530522e-01	1.385851e-02	9.484758e-03	
74	2.100940e+01	5.230745e-01	8.341503e-01	8.365571e-03	5.885074e-01	2.465148e-02	9.893921e-03	
75	2.075435e+01	3.011217e-01	8.155839e-01	5.513266e-03	6.649466e-01	1.592972e-02	1.243047e-02	
76	2.119537e+01	9.490931e-01	8.213393e-01	1.280565e-02	6.213463e-01	5.232907e-02	1.125291e-02	
77	2.210758e+01	8.829372e-01	7.574990e-01	1.169948e-02	5.852651e-01	4.208324e-02	1.438693e-02	
79	2.387597e+01	6.358372e-01	8.544627e-01	9.039320e-03	6.177447e-01	2.363580e-02	9.113503e-03	
80	2.451971e+01	1.630811e+00	9.505482e-01	1.885111e-02	5.351142e-01	5.819188e-02	2.682442e-03	
81	2.612135e+01	4.716221e-01	8.473439e-01	6.687325e-03	5.725047e-01	1.675376e-02	8.859212e-03	
83	2.158311e+01	4.994213e-01	9.170145e-01	9.155657e-03	5.495834e-01	1.959791e-02	4.623144e-03	
84	2.126702e+01	2.738244e-01	8.360617e-01	5.084727e-03	6.334021e-01	1.208122e-02	1.052596e-02	
85	2.591967e+01	3.684051e-01	7.957684e-01	5.584067e-03	6.365364e-01	1.437552e-02	1.317796e-02	
86	2.526625e+01	5.161816e-01	7.757019e-01	7.273774e-03	5.865385e-01	1.719376e-02	1.333595e-02	
87	2.027248e+01	2.865853e-01	8.475849e-01	5.711974e-03	6.013319e-01	1.437737e-02	9.290606e-03	
88	2.279847e+01	4.571038e-01	8.858584e-01	7.214975e-03	5.938292e-01	1.685040e-02	6.870804e-03	
89	2.064936e+01	4.633765e-01	8.829306e-01	8.241604e-03	6.100542e-01	2.173782e-02	7.239582e-03	
90	2.317972e+01	6.469389e-01	8.534615e-01	8.605172e-03	5.789830e-01	2.207063e-02	8.600416e-03	
91	2.473736e+01	7.101053e-01	8.824380e-01	9.735866e-03	5.789255e-01	2.312485e-02	6.899081e-03	
92	2.206835e+01	2.132343e-01	8.888480e-01	3.650725e-03	5.903676e-01	8.329854e-03	6.651839e-03	
93	2.436837e+01	7.137997e-01	8.816807e-01	9.130053e-03	5.876948e-01	2.313685e-02	7.048705e-03	
94	2.398982e+01	4.994491e-01	8.942548e-01	8.205651e-03	5.640983e-01	1.986403e-02	6.046683e-03	
95	2.442142e+01	4.912046e-01	9.162235e-01	8.046916e-03	5.438078e-01	1.836341e-02	4.618164e-03	
96	2.448543e+01	3.908744e-01	9.077553e-01	6.985417e-03	5.694096e-01	1.516334e-02	5.324367e-03	
97	2.428273e+01	4.612521e-01	8.836187e-01	6.552530e-03	6.066038e-01	1.746175e-02	7.156325e-03	
99	2.628008e+01	1.177911e+00	8.641095e-01	1.213284e-02	5.468795e-01	4.135488e-02	7.533252e-03	
102	3.328428e+01	1.781355e+00	8.658648e-01	1.275362e-02	6.852870e-01	5.899176e-02	9.317880e-03	
103	2.514724e+01	1.028110e+00	8.766671e-01	1.157847e-02	6.587125e-01	3.897531e-02	8.235249e-03	
105	2.283852e+01	6.185703e-01	8.924616e-01	8.884072e-03	6.287369e-01	2.612509e-02	6.853850e-03	
106	2.459026e+01	4.895032e-01	8.844590e-01	7.659144e-03	6.065151e-01	2.070937e-02	7.103615e-03	
107	2.097226e+01	2.936295e-01	9.407249e-01	6.140625e-03	6.150044e-01	1.496361e-02	3.695325e-03	
108	2.544888e+01	7.327845e-01	9.169713e-01	9.197514e-03	6.341645e-01	2.597251e-02	5.337427e-03	
111	2.151136e+01	2.801665e-01	8.963898e-01	5.457170e-03	6.162630e-01	1.285485e-02	6.472477e-03	
112	2.368556e+01	6.450991e-01	8.672562e-01	7.773536e-03	6.407708e-01	2.741461e-02	8.622212e-03	
114	2.008500e+01	4.188971e-01	8.480701e-01	7.179622e-03	6.239641e-01	2.030945e-02	9.609586e-03	
115	2.089594e+01	2.598334e-01	7.870122e-01	5.249010e-03	7.145052e-01	1.389826e-02	1.542631e-02	
117	1.671048e+01	3.596248e-01	7.827872e-01	7.096858e-03	6.664662e-01	3.153749e-02	1.467457e-02	
118	2.054582e+01	2.698349e-01	8.270894e-01	5.426133e-03	7.134343e-01	1.556054e-02	1.250482e-02	
119	2.401752e+01	1.009808e+00	7.879715e-01	1.277589e-02	6.586326e-01	4.085086e-02	1.415596e-02	
121	2.434883e+01	3.548064e-01	9.333939e-01	6.100160e-03	6.161124e-01	1.456691e-02	4.159835e-03	
122	2.560952e+01	4.305187e-01	8.916321e-01	6.489471e-03	5.933817e-01	1.651596e-02	6.518334e-03	
123	2.189280e+01	4.141754e-01	8.823515e-01	6.805854e-03	5.948369e-01	1.926298e-02	7.093916e-03	
124	2.512808e+01	5.638680e-01	8.893969e-01	8.083812e-03	5.762720e-01	2.316196e-02	6.460953e-03	
125	2.467446e+01	5.428696e-01	9.208268e-01	7.604998e-03	5.863599e-01	1.780636e-02	4.705918e-03	
126	2.322915e+01	3.781320e-01	9.327139e-01	6.336030e-03	6.236540e-01	1.595393e-02	4.253738e-03	
127	2.322169e+01	5.396496e-01	8.912135e-01	8.981275e-03	6.015079e-01	2.014588e-02	6.633124e-03	
128	2.368890e+01	4.955251e-01	9.283541e-01	7.355442e-03	5.756132e-01	1.945231e-02	4.180457e-03	
129	2.288204e+01	3.621401e-01	8.682944e-01	6.228996e-03	5.909875e-01	1.640517e-02	7.890132e-03	
130	2.045927e+01	3.416444e-01	8.775459e-01	6.119582e-03	6.035923e-01	1.680435e-02	7.492361e-03	
131	2.464918e+01	4.601541e-01	8.754444e-01	7.111495e-03	5.561098e-01	1.712374e-02	7.021431e-03	
132	2.411142e+01	4.016347e-01	8.330294e-01	4.719718e-03	5.675611e-01	1.337855e-02	9.606264e-03	
133	2.165917e+01	3.827898e-01	8.351047e-01	6.886408e-03	5.403170e-01	1.602504e-02	9.031478e-03	
134	2.316573e+01	5.559991e-01	8.735025e-01	8.005997e-03	6.287378e-01	2.162733e-02	8.062198e-03	
135	2.168621e+01	5.872602e-01	8.829204e-01	8.472175e-03	6.022146e-01	2.549964e-02	7.147174e-03	
136	2.958457e+01	8.828430e-01	9.266260e-01	9.589429e-03	6.034413e-01	2.456678e-02	4.488268e-03	
137	2.179770e+01	4.991970e-01	9.014860e-01	8.144529e-03	5.727253e-01	2.004318e-02	5.719341e-03	
138	2.203074e+01	1.529277e+00	9.379299e-01	1.892176e-02	5.783543e-01	5.408042e-02	3.638968e-03	
139	2.055245e+01	4.927890e-01	9.002862e-01	9.365281e-03	4.832999e-01	1.886765e-02	4.885106e-03	
141	2.380915e+01	8.641829e-01	8.976912e-01	1.050232e-02	5.795721e-01	3.518605e-02	6.010659e-03	
143	2.589476e+01	5.158314e-01	8.695699e-01	6.636705e-03	5.954199e-01	1.825524e-02	7.872323e-03	
144	2.685971e+01	6.858146e-01	9.006405e-01	8.936800e-03	6.094399e-01	2.454772e-02	6.138215e-03	
145	2.492522e+01	7.904833e-01	8.771267e-01	8.927144e-03	5.836203e-01	2.758177e-02	7.269253e-03	
147	2.157194e+01	6.654469e-01	8.933843e-01	1.018824e-02	6.302480e-01	3.379776e-02	6.811369e-03	
150	2.018192e+01	4.934091e-01	8.130509e-01	9.853544e-03	5.820001e-01	2.551115e-02	1.102931e-02	
151	2.129010e+01	2.560164e-01	8.326878e-01	5.379042e-03	6.104977e-01	1.420924e-02	1.035412e-02	
152	2.048068e+01	3.836917e-01	8.573715e-01	6.725836e-03	6.221644e-01	2.038081e-02	8.995251e-03	
153	2.112360e+01	2.777555e-01	8.556658e-01	5.808324e-03	6.179354e-01	1.477595e-02	9.040953e-03	
154	2.927981e+01	1.290634e+00	8.856198e-01	1.361290e-02	5.593334e-01	3.779914e-02	6.485203e-03	
155	2.334303e+01	4.811434e-01	8.905784e-01	6.477959e-03	6.236122e-01	1.810261e-02	6.917026e-03	
156	2.167449e+01	5.319931e-01	8.695900e-01	7.910580e-03	5.733692e-01	2.185972e-02	7.579616e-03	
157	2.124386e+01	3.606121e-01	9.298309e-01	7.557029e-03	5.608624e-01	1.777586e-02	3.989370e-03	
159	2.094113e+01	4.537766e-01	8.978770e-01	8.031374e-03	5.934598e-01	2.133709e-02	6.143511e-03	
160	1.994097e+01	1.644175e-01	7.823124e-01	3.279943e-03	6.377061e-01	9.026935e-03	1.407201e-02	
161	2.387810e+01	4.104710e-01	9.276768e-01	6.872638e-03	6.012297e-01	1.570050e-02	4.407780e-03	
162	2.487528e+01	3.494142e-01	8.402035e-01	5.404556e-03	6.595881e-01	1.539144e-02	1.068420e-02	
163	2.246486e+01	3.142000e-01	8.597528e-01	5.724422e-03	6.108789e-01	1.515035e-02	8.684626e-03	
164	2.132710e+01	3.846036e-01	8.951400e-01	7.071997e-03	5.713875e-01	1.589231e-02	6.073550e-03	
165	2.166170e+01	4.008256e-01	8.988748e-01	7.845029e-03	6.012090e-01	1.705180e-02	6.162921e-03	
166	2.300030e+01	3.853284e-01	8.997469e-01	6.682351e-03	6.041869e-01	1.597533e-02	6.140034e-03	
167	2.235239e+01	3.698150e-01	9.077963e-01	6.578732e-03	5.895391e-01	1.478258e-02	5.510145e-03	
168	2.176760e+01	4.025045e-01	9.151045e-01	7.904905e-03	5.837388e-01	1.832177e-02	5.023486e-03	
169	2.160621e+01	4.301029e-01	8.745955e-01	6.610579e-03	5.794389e-01	1.716866e-02	7.365847e-03	
171	1.854470e+01	2.693962e-01	8.688531e-01	5.960261e-03	5.299154e-01	1.174964e-02	7.044764e-03	
172	2.115079e+01	8.645965e-01	7.969465e-01	1.160504e-02	5.082356e-01	4.450930e-02	1.046110e-02	
173	2.170950e+01	2.655840e-01	8.439492e-01	5.269677e-03	5.832822e-01	1.069822e-02	9.226704e-03	
174	2.331215e+01	5.042887e-01	8.809021e-01	7.635586e-03	5.385260e-01	1.976157e-02	6.501486e-03	
177	2.146026e+01	3.841931e-01	8.387874e-01	4.648523e-03	6.525624e-01	1.220046e-02	1.066407e-02	
178	1.740740e+01	2.731770e-01	8.038719e-01	6.132576e-03	5.665233e-01	1.527091e-02	1.126314e-02	
179	2.144583e+01	4.715346e-01	8.508436e-01	7.748705e-03	6.116133e-01	2.057999e-02	9.247419e-03	
180	2.102472e+01	3.137071e-01	7.883584e-01	4.519238e-03	6.225197e-01	1.196802e-02	1.335537e-02	
181	2.146306e+01	3.271624e-01	8.616242e-01	6.025349e-03	5.899128e-01	1.420267e-02	8.274655e-03	
182	2.130592e+01	3.554244e-01	9.404251e-01	6.472921e-03	5.906157e-01	1.474758e-02	3.566731e-03	
183	2.078162e+01	4.256772e-01	9.191470e-01	6.999835e-03	5.768401e-01	2.051081e-02	4.727738e-03	
184	2.112906e+01	3.557188e-01	9.064203e-01	6.122528e-03	6.165394e-01	1.547971e-02	5.848498e-03	
185	2.164638e+01	2.474632e-01	8.550235e-01	4.994405e-03	6.047401e-01	9.986973e-03	8.887267e-03	
186	2.153075e+01	4.050660e-01	9.189667e-01	7.283758e-03	5.960257e-01	1.987767e-02	4.895878e-03	
187	2.465082e+01	4.441844e-01	8.902304e-01	6.490087e-03	6.065107e-01	1.514010e-02	6.748738e-03	
188	2.159692e+01	3.210772e-01	8.655618e-01	4.983829e-03	5.807634e-01	9.650018e-03	7.914505e-03	
189	2.161863e+01	2.596382e-01	8.562020e-01	4.573282e-03	6.224671e-01	1.233815e-02	9.073423e-03	
191	2.145846e+01	5.107514e-01	8.438023e-01	8.176178e-03	6.855661e-01	3.048898e-02	1.085490e-02	
192	2.313012e+01	4.724664e-01	9.131323e-01	8.050426e-03	6.444984e-01	2.174495e-02	5.675211e-03	
194	2.049308e+01	4.237362e-01	8.866303e-01	6.254060e-03	5.284405e-01	1.572075e-02	6.072881e-03	
195	2.214531e+01	3.441495e-01	8.381910e-01	6.302561e-03	5.193731e-01	1.394154e-02	8.518908e-03	
197	2.394702e+01	1.100961e+00	8.603448e-01	1.210012e-02	5.740555e-01	4.405795e-02	8.126675e-03	
198	2.223743e+01	2.795289e-01	8.831192e-01	5.603388e-03	6.066731e-01	1.358926e-02	7.187860e-03	
199	2.368354e+01	5.138032e-01	8.371334e-01	7.760680e-03	5.470862e-01	1.926650e-02	9.032120e-03	
200	2.385101e+01	3.243398e-01	8.845995e-01	5.894784e-03	5.131819e-01	1.224743e-02	6.003175e-03	
203	2.195660e+01	2.877350e-01	8.334381e-01	5.065070e-03	5.668212e-01	1.051871e-02	9.570258e-03	
204	2.068177e+01	4.921458e-01	9.136174e-01	8.928088e-03	5.161650e-01	1.897354e-02	4.519772e-03	
205	2.047217e+01	3.944330e-01	8.601195e-01	7.539242e-03	5.381121e-01	1.708045e-02	7.630129e-03	
207	2.254992e+01	5.500813e-01	9.518227e-01	9.775998e-03	5.791239e-01	2.347668e-02	2.828238e-03	
208	2.121684e+01	3.404053e-01	9.167949e-01	5.501803e-03	5.807138e-01	1.176618e-02	4.897943e-03	
211	2.502468e+01	1.353860e+00	8.691241e-01	1.419236e-02	5.601780e-01	5.058916e-02	7.431691e-03	
213	2.558575e+01	7.574041e-01	8.772461e-01	8.845244e-03	5.358287e-01	2.293191e-02	6.667500e-03	
214	2.124340e+01	4.008010e-01	8.473757e-01	7.227846e-03	5.591037e-01	1.851263e-02	8.650032e-03	
215	2.344025e+01	8.656584e-01	8.722030e-01	1.105012e-02	5.824495e-01	3.024814e-02	7.545375e-03	
216	2.602245e+01	5.673738e-01	9.024316e-01	7.067717e-03	5.873325e-01	1.816775e-02	5.808916e-03	
217	2.272805e+01	4.027528e-01	9.277538e-01	6.180437e-03	5.880736e-01	1.447459e-02	4.306736e-03	
218	2.090683e+01	5.911636e-01	9.168265e-01	9.481496e-03	5.531075e-01	2.520190e-02	4.663333e-03	
220	2.337940e+01	4.824086e-01	9.146339e-01	8.877271e-03	5.627318e-01	2.075793e-02	4.869550e-03	
221	2.323247e+01	6.330198e-01	8.748467e-01	8.797042e-03	5.597641e-01	2.508040e-02	7.101483e-03	
222	2.237473e+01	5.017994e-01	9.283629e-01	8.795466e-03	5.670247e-01	1.975606e-02	4.117581e-03	
223	2.066821e+01	5.120325e-01	8.388069e-01	7.973663e-03	5.547139e-01	2.288032e-02	9.063949e-03	
224	2.071250e+01	4.565619e-01	9.289980e-01	8.088351e-03	6.292740e-01	2.104416e-02	4.529103e-03	
225	1.841127e+01	4.319718e-01	8.980427e-01	9.025473e-03	5.791192e-01	2.022333e-02	5.985328e-03	
226	1.979654e+01	4.576139e-01	9.057024e-01	8.361270e-03	5.796818e-01	2.434689e-02	5.541053e-03	
228	2.118220e+01	4.445514e-01	7.418886e-01	6.611351e-03	5.733868e-01	2.091811e-02	1.500226e-02	
229	2.105956e+01	3.800616e-01	8.705983e-01	4.541081e-03	5.891507e-01	1.405774e-02	7.728020e-03	
230	2.245854e+01	3.847694e-01	8.339254e-01	6.347218e-03	5.969633e-01	1.815077e-02	1.004969e-02	
232	2.004047e+01	4.451981e-01	8.783621e-01	8.082593e-03	5.617819e-01	2.043051e-02	6.926892e-03	
233	2.035777e+01	3.262351e-01	9.490063e-01	5.690524e-03	6.044727e-01	1.643824e-02	3.124603e-03	
234	2.051201e+01	3.754739e-01	8.252837e-01	7.484589e-03	5.395154e-01	1.865946e-02	9.555186e-03	
235	2.577224e+01	5.690710e-01	9.188990e-01	8.336129e-03	5.654061e-01	2.104430e-02	4.648239e-03	
236	2.196981e+01	4.577486e-01	9.244915e-01	7.731534e-03	5.137512e-01	1.776680e-02	3.932334e-03	
237	2.273499e+01	6.128814e-01	8.853848e-01	8.672116e-03	5.290157e-01	1.989566e-02	6.146281e-03	
238	2.323449e+01	4.251398e-01	9.376725e-01	7.458325e-03	5.309537e-01	1.464471e-02	3.354582e-03	
240	2.343057e+01	6.794564e-01	8.838931e-01	9.366989e-03	4.971915e-01	2.240959e-02	5.851720e-03	
241	1.876434e+01	2.218455e-01	7.892077e-01	4.552458e-03	6.304928e-01	1.373452e-02	1.347215e-02	
242	1.980080e+01	2.671370e-01	8.234115e-01	5.165534e-03	6.712816e-01	1.604382e-02	1.201625e-02	
243	1.990532e+01	2.203817e-01	8.177646e-01	4.624088e-03	6.689214e-01	1.246680e-02	1.235690e-02	
244	1.909419e+01	2.122264e-01	8.515154e-01	4.867963e-03	7.493626e-01	1.415760e-02	1.127912e-02	
245	2.124546e+01	3.587023e-01	8.989496e-01	6.678264e-03	6.315595e-01	1.650101e-02	6.469250e-03	
247	2.271492e+01	2.545226e-01	8.683920e-01	4.444852e-03	6.361367e-01	1.220659e-02	8.486613e-03	
248	2.203835e+01	3.756002e-01	8.747702e-01	6.597973e-03	5.733736e-01	1.710631e-02	7.278591e-03	
250	1.780842e+01	4.277742e-01	8.010006e-01	8.263686e-03	5.816207e-01	2.372465e-02	1.173258e-02	
251	2.062802e+01	4.002909e-01	8.206424e-01	7.335410e-03	6.295489e-01	2.042397e-02	1.144593e-02	
252	2.298541e+01	2.829715e-01	8.708208e-01	5.113415e-03	6.549515e-01	1.224187e-02	8.576368e-03	
253	2.323915e+01	5.048765e-01	9.170692e-01	7.790891e-03	5.897375e-01	1.732445e-02	4.957659e-03	
254	2.347627e+01	5.230560e-01	8.831870e-01	8.640527e-03	5.995055e-01	2.665139e-02	7.098822e-03	
255	2.054717e+01	3.020405e-01	9.302501e-01	6.401245e-03	6.214382e-01	1.501150e-02	4.393834e-03	
256	2.304326e+01	3.806999e-01	8.896312e-01	6.641220e-03	5.767181e-01	1.637533e-02	6.452256e-03	
257	2.495448e+01	4.041686e-01	9.062251e-01	6.527020e-03	6.019823e-01	1.497954e-02	5.722320e-03	
258	2.175250e+01	2.824017e-01	9.002620e-01	5.681424e-03	5.849031e-01	1.341439e-02	5.913526e-03	
259	2.202130e+01	3.128404e-01	8.553771e-01	5.402849e-03	5.884365e-01	1.438256e-02	8.626575e-03	
260	2.287184e+01	3.338125e-01	8.303602e-01	5.477371e-03	5.977700e-01	1.403088e-02	1.027930e-02	
261	2.214894e+01	3.923038e-01	8.931811e-01	7.663395e-03	5.619435e-01	1.658992e-02	6.084746e-03	
263	1.922848e+01	3.258822e-01	8.971529e-01	6.494395e-03	5.784944e-01	1.381080e-02	6.031049e-03	
264	1.859038e+01	3.234815e-01	8.579831e-01	6.913215e-03	6.872435e-01	1.558752e-02	9.893559e-03	
