3	1.574109e+01	3.591259e-01	8.209933e-01	1.004362e-02	9.897916e-01	3.697306e-02	1.796035e-02	
5	1.717732e+01	3.812834e-01	7.377921e-01	1.042753e-02	9.348368e-01	3.008255e-02	2.484754e-02	
6	1.641072e+01	4.906939e-01	7.706084e-01	1.338146e-02	9.959822e-01	5.106405e-02	2.315959e-02	
7	1.750019e+01	5.024852e-01	8.094532e-01	1.548337e-02	9.551256e-01	3.929544e-02	1.844863e-02	
8	1.760741e+01	4.800044e-01	8.489857e-01	1.314176e-02	9.941240e-01	4.147706e-02	1.521810e-02	
9	1.862682e+01	5.074547e-01	7.517420e-01	1.248308e-02	9.425987e-01	3.532798e-02	2.372094e-02	
10	1.836722e+01	6.373126e-01	8.581955e-01	1.500536e-02	9.874902e-01	5.304924e-02	1.419465e-02	
11	1.764344e+01	3.694368e-01	8.461580e-01	1.017017e-02	9.216324e-01	2.762393e-02	1.437257e-02	
12	2.015134e+01	6.906312e-01	7.773866e-01	1.329713e-02	8.874084e-01	3.866605e-02	2.002519e-02	
13	1.720362e+01	5.193854e-01	8.543713e-01	1.381977e-02	9.792025e-01	4.183305e-02	1.445511e-02	
14	1.723376e+01	6.517383e-01	8.886845e-01	1.773425e-02	9.386406e-01	5.156703e-02	1.059148e-02	
15	1.836858e+01	5.549081e-01	8.539765e-01	1.376273e-02	8.819417e-01	4.203237e-02	1.305463e-02	
17	1.819232e+01	6.093364e-01	8.759816e-01	1.574865e-02	8.547493e-01	5.091722e-02	1.074551e-02	
18	2.062893e+01	1.830970e+00	8.514578e-01	2.666408e-02	7.943317e-01	9.905067e-02	1.196062e-02	
19	1.790295e+01	7.302720e-01	8.581628e-01	1.961422e-02	9.049541e-01	6.674081e-02	1.301123e-02	
20	1.675545e+01	5.890979e-01	8.379311e-01	1.491814e-02	9.208085e-01	5.384967e-02	1.512762e-02	
21	1.736431e+01	5.658286e-01	8.886566e-01	1.506774e-02	9.443221e-01	4.552660e-02	1.065826e-02	
22	1.893105e+01	7.426390e-01	8.650128e-01	1.690964e-02	8.437137e-01	4.961183e-02	1.154488e-02	
24	1.648841e+01	7.128274e-01	8.281063e-01	1.605494e-02	8.099996e-01	6.213923e-02	1.411389e-02	
26	1.716696e+01	1.914817e+00	6.863549e-01	2.881970e-02	7.461566e-01	1.588101e-01	2.372304e-02	
27	1.612165e+01	5.220465e-01	6.969610e-01	1.348645e-02	9.383159e-01	6.314482e-02	2.882368e-02	
28	1.706595e+01	4.759856e-01	6.576536e-01	1.066775e-02	8.769780e-01	4.484887e-02	3.043381e-02	
29	1.772248e+01	4.874813e-01	7.166479e-01	1.099843e-02	8.892497e-01	3.049923e-02	2.554183e-02	
30	1.521729e+01	2.633698e-01	7.860592e-01	8.614874e-03	9.111744e-01	4.036749e-02	1.976045e-02	
32	1.746041e+01	4.625551e-01	8.365649e-01	1.285307e-02	8.477917e-01	3.564807e-02	1.404547e-02	
33	1.771794e+01	5.297229e-01	8.165252e-01	1.704158e-02	7.943116e-01	3.668850e-02	1.477301e-02	
34	1.876126e+01	6.363993e-01	8.808378e-01	1.612211e-02	8.693844e-01	4.702743e-02	1.050152e-02	
35	1.989029e+01	3.976918e-01	8.288307e-01	1.073570e-02	8.513775e-01	3.087488e-02	1.477236e-02	
36	1.838862e+01	4.838435e-01	9.255143e-01	1.231861e-02	8.315285e-01	3.958753e-02	6.278444e-03	
37	1.778617e+01	4.705272e-01	8.890085e-01	1.146283e-02	9.605599e-01	4.211991e-02	1.080727e-02	
38	1.717970e+01	5.601655e-01	8.851217e-01	1.487592e-02	8.467711e-01	4.771135e-02	9.860657e-03	
39	1.784922e+01	8.033798e-01	8.722178e-01	1.789342e-02	9.069784e-01	7.401985e-02	1.174814e-02	
40	1.764797e+01	7.570377e-01	8.744095e-01	1.915036e-02	9.164015e-01	6.849730e-02	1.166661e-02	
41	1.517597e+01	8.305210e-01	7.530302e-01	2.214021e-02	1.036632e+00	1.101140e-01	2.595197e-02	
42	1.886498e+01	1.502470e+00	8.748283e-01	3.304122e-02	9.806145e-01	1.107735e-01	1.244246e-02	
44	2.377842e+01	1.622698e+00	8.576241e-01	2.221930e-02	1.004112e+00	1.009004e-01	1.449174e-02	
45	1.982753e+01	1.080272e+00	8.834339e-01	2.036311e-02	1.076782e+00	8.908525e-02	1.272336e-02	
46	1.928998e+01	1.086563e+00	8.357158e-01	2.287673e-02	9.769780e-01	9.049991e-02	1.626981e-02	
47	1.952591e+01	9.838340e-01	8.365212e-01	1.719274e-02	9.127447e-01	5.671314e-02	1.512560e-02	
49	1.708942e+01	5.682418e-01	7.251739e-01	1.497418e-02	9.292758e-01	4.435343e-02	2.588835e-02	
50	2.058503e+01	1.061912e+00	9.289348e-01	2.414902e-02	9.261034e-01	7.560356e-02	6.671424e-03	
51	1.947121e+01	5.566972e-01	8.265640e-01	1.089824e-02	9.285801e-01	3.807528e-02	1.632527e-02	
52	1.789722e+01	3.661115e-01	8.342081e-01	1.023014e-02	9.496800e-01	3.456463e-02	1.596035e-02	
53	1.159828e+01	1.922432e-01	3.645035e-01	4.747766e-03	9.182192e-01	2.335506e-02	5.915091e-02	
54	2.015076e+01	8.483662e-01	9.050832e-01	1.589908e-02	9.263694e-01	5.564854e-02	8.913108e-03	
55	1.933720e+01	6.964713e-01	8.717643e-01	1.561727e-02	9.156143e-01	5.087131e-02	1.190210e-02	
57	1.827352e+01	3.824885e-01	8.171298e-01	1.092114e-02	8.803042e-01	3.057626e-02	1.631840e-02	
60	1.793868e+01	7.611788e-01	7.836635e-01	1.436819e-02	1.032744e+00	8.867376e-02	2.264772e-02	
61	1.766501e+01	7.401641e-01	8.061257e-01	1.831363e-02	9.950958e-01	6.768217e-02	1.955631e-02	
63	1.749334e+01	3.784234e-01	8.487956e-01	1.075947e-02	9.536947e-01	3.350948e-02	1.461758e-02	
64	1.801913e+01	4.614759e-01	9.005392e-01	1.228764e-02	8.924468e-01	3.920728e-02	8.997796e-03	
65	1.913369e+01	5.981081e-01	8.376843e-01	1.306929e-02	8.586684e-01	4.630894e-02	1.412823e-02	
66	1.760457e+01	9.837030e-01	8.632587e-01	2.259163e-02	9.634074e-01	8.187097e-02	1.335401e-02	
67	1.632430e+01	3.568144e-01	8.271493e-01	1.166161e-02	9.030638e-01	3.207119e-02	1.582310e-02	
68	1.576701e+01	3.115062e-01	8.506075e-01	1.030111e-02	9.175226e-01	3.258605e-02	1.389464e-02	
69	1.693106e+01	7.011587e-01	8.562446e-01	1.763352e-02	8.972219e-01	5.980685e-02	1.307453e-02	
70	1.865797e+01	5.711131e-01	8.134184e-01	1.367462e-02	8.868336e-01	4.502342e-02	1.677308e-02	
71	1.905526e+01	4.785608e-01	8.461614e-01	1.112828e-02	8.997962e-01	3.639027e-02	1.403174e-02	
73	1.823312e+01	4.082234e-01	8.339979e-01	1.023955e-02	8.698941e-01	3.547343e-02	1.463800e-02	
74	1.739027e+01	7.941743e-01	7.601909e-01	1.720317e-02	9.329014e-01	7.354867e-02	2.267792e-02	
75	1.663632e+01	4.108100e-01	7.523878e-01	1.084480e-02	9.846412e-01	4.213232e-02	2.471450e-02	
76	1.787706e+01	1.357194e+00	6.929219e-01	2.490550e-02	9.344692e-01	1.179982e-01	2.908813e-02	
77	1.837888e+01	1.449080e+00	6.981157e-01	2.567974e-02	9.089169e-01	1.280172e-01	2.781419e-02	
79	1.830926e+01	7.295307e-01	8.295871e-01	1.707199e-02	1.003858e+00	6.458109e-02	1.734109e-02	
80	1.784279e+01	1.348304e+00	8.355959e-01	2.569249e-02	8.607914e-01	1.009721e-01	1.434539e-02	
81	2.028368e+01	5.076513e-01	8.249751e-01	1.105064e-02	8.596009e-01	3.432089e-02	1.525101e-02	
83	1.797192e+01	6.541866e-01	8.178980e-01	1.526847e-02	8.746343e-01	5.572423e-02	1.614519e-02	
84	1.676889e+01	3.234671e-01	8.222710e-01	2.224379e-02	9.646000e-01	3.353684e-02	1.737830e-02	
85	1.891830e+01	4.294153e-01	7.702855e-01	9.836175e-03	9.549859e-01	3.707928e-02	2.223757e-02	
86	1.930483e+01	5.413391e-01	7.645403e-01	1.305700e-02	8.712944e-01	4.492568e-02	2.079617e-02	
87	1.693473e+01	4.016252e-01	7.864470e-01	1.095767e-02	9.165316e-01	3.824414e-02	1.984061e-02	
88	1.770293e+01	6.380881e-01	9.004867e-01	1.533489e-02	9.367280e-01	4.751296e-02	9.449230e-03	
89	1.639971e+01	6.827869e-01	8.443505e-01	1.762570e-02	1.009127e+00	6.308102e-02	1.592193e-02	
90	1.863488e+01	7.131460e-01	8.186439e-01	1.667658e-02	9.189756e-01	6.218547e-02	1.689421e-02	
91	1.848853e+01	1.001470e+00	8.934514e-01	2.171569e-02	8.947895e-01	6.732014e-02	9.664300e-03	
92	1.818084e+01	2.729614e-01	8.602952e-01	7.687430e-03	9.255429e-01	2.335979e-02	1.310720e-02	
93	1.836071e+01	8.225562e-01	8.247096e-01	2.001411e-02	9.179374e-01	6.496283e-02	1.631072e-02	
94	1.936500e+01	7.514550e-01	9.007668e-01	1.725443e-02	9.093635e-01	5.249361e-02	9.147368e-03	
95	2.034970e+01	7.727928e-01	9.000911e-01	1.740698e-02	8.664625e-01	5.050610e-02	8.775176e-03	
96	2.032861e+01	6.524022e-01	9.619241e-01	1.688690e-02	8.920111e-01	3.865800e-02	3.442884e-03	
97	1.944636e+01	5.302382e-01	8.628975e-01	1.283471e-02	9.331877e-01	4.089907e-02	1.296929e-02	
99	2.167830e+01	1.606503e+00	8.387143e-01	2.453690e-02	8.763179e-01	8.570584e-02	1.432714e-02	
102	2.521113e+01	2.029830e+00	9.188880e-01	2.913881e-02	1.146130e+00	1.395730e-01	9.423682e-03	
103	1.887880e+01	1.273279e+00	8.347329e-01	2.275880e-02	1.060024e+00	1.007202e-01	1.775841e-02	
105	1.715558e+01	5.780399e-01	9.254559e-01	1.647937e-02	9.884874e-01	5.314975e-02	7.469411e-03	
106	1.863817e+01	5.930016e-01	8.486386e-01	1.404677e-02	9.553896e-01	4.362519e-02	1.465877e-02	
107	1.675380e+01	4.301779e-01	9.208468e-01	1.284424e-02	9.628963e-01	3.504679e-02	7.725915e-03	
108	1.876815e+01	8.259659e-01	8.650819e-01	1.892418e-02	1.047308e+00	7.252525e-02	1.432342e-02	
111	1.836299e+01	4.270264e-01	7.839088e-01	9.592571e-03	9.799759e-01	3.517223e-02	2.146616e-02	
112	1.808745e+01	8.304110e-01	8.787833e-01	1.701471e-02	1.011020e+00	6.805146e-02	1.242294e-02	
114	1.535184e+01	5.530566e-01	8.013193e-01	1.423587e-02	9.390629e-01	5.247823e-02	1.891264e-02	
115	1.549566e+01	3.002498e-01	7.867117e-01	1.038019e-02	1.034232e+00	3.443588e-02	2.236078e-02	
117	1.344234e+01	7.975544e-01	8.379872e-01	2.505707e-02	9.606283e-01	8.975358e-02	1.577635e-02	
118	1.627171e+01	3.799341e-01	7.323016e-01	1.092378e-02	9.969869e-01	3.902860e-02	2.705435e-02	
119	1.936568e+01	8.655651e-01	8.108487e-01	1.597565e-02	9.875693e-01	7.249174e-02	1.893558e-02	
121	2.031336e+01	4.463664e-01	8.443113e-01	9.814189e-03	9.034732e-01	3.063250e-02	1.425851e-02	
122	1.710484e+01	4.001177e-01	8.800457e-01	1.145637e-02	9.080233e-01	3.539120e-02	1.104116e-02	
123	1.791094e+01	5.789598e-01	8.354333e-01	1.478649e-02	9.555469e-01	4.507176e-02	1.594028e-02	
124	2.025140e+01	7.999866e-01	9.468697e-01	1.779937e-02	9.474975e-01	6.038855e-02	5.102959e-03	
125	1.856739e+01	5.315970e-01	8.723988e-01	1.423768e-02	8.915445e-01	4.692288e-02	1.153187e-02	
126	1.827036e+01	4.488451e-01	8.266748e-01	1.065457e-02	9.718983e-01	3.737357e-02	1.707593e-02	
127	1.879112e+01	6.601104e-01	7.901827e-01	1.373191e-02	9.729738e-01	5.747566e-02	2.069400e-02	
128	2.009565e+01	7.610906e-01	9.944395e-01	2.052179e-02	9.380675e-01	5.528399e-02	5.287487e-04	
129	1.951507e+01	5.627413e-01	8.275670e-01	1.249142e-02	9.583680e-01	4.277598e-02	1.675153e-02	
130	1.710981e+01	5.100738e-01	8.354775e-01	1.336166e-02	9.678193e-01	5.329479e-02	1.614066e-02	
131	1.916837e+01	6.679132e-01	8.585228e-01	1.427262e-02	9.028364e-01	4.015604e-02	1.294784e-02	
132	1.840161e+01	4.651979e-01	8.167221e-01	1.088831e-02	8.991688e-01	4.122149e-02	1.670526e-02	
133	1.798729e+01	6.451227e-01	7.780982e-01	1.588882e-02	8.419227e-01	4.910047e-02	1.893804e-02	
134	1.673397e+01	6.099148e-01	8.227347e-01	1.853730e-02	9.745761e-01	6.337275e-02	1.751223e-02	
135	1.652524e+01	6.478483e-01	9.164101e-01	1.655855e-02	9.203843e-01	5.868659e-02	7.798747e-03	
136	2.238079e+01	1.189276e+00	9.190396e-01	2.158250e-02	9.402962e-01	7.373978e-02	7.716834e-03	
137	1.777700e+01	7.748463e-01	7.757463e-01	1.580004e-02	9.269460e-01	6.359111e-02	2.107152e-02	
138	1.782775e+01	1.721347e+00	8.809554e-01	3.287026e-02	8.885469e-01	1.341775e-01	1.072239e-02	
139	1.771465e+01	6.196065e-01	8.083113e-01	1.441965e-02	7.619054e-01	4.132887e-02	1.480469e-02	
141	1.916206e+01	1.186083e+00	8.698219e-01	2.476137e-02	9.592902e-01	1.058575e-01	1.265872e-02	
143	2.086354e+01	5.723435e-01	8.751215e-01	1.232582e-02	8.790176e-01	4.567298e-02	1.112723e-02	
144	2.209099e+01	9.046647e-01	8.718167e-01	1.761495e-02	9.605863e-01	6.142548e-02	1.248158e-02	
145	2.057991e+01	1.052118e+00	7.859341e-01	1.992401e-02	9.651941e-01	7.099250e-02	2.094421e-02	
147	1.653303e+01	7.195682e-01	8.287047e-01	1.700526e-02	1.007112e+00	7.437182e-02	1.748739e-02	
150	1.646463e+01	7.847890e-01	7.906453e-01	1.579936e-02	9.146973e-01	7.586414e-02	1.941163e-02	
151	1.688673e+01	3.871929e-01	8.253722e-01	1.025492e-02	9.550360e-01	3.665431e-02	1.690577e-02	
152	1.590778e+01	5.678063e-01	8.259113e-01	1.411113e-02	9.576944e-01	5.080819e-02	1.690049e-02	
153	1.695540e+01	3.201723e-01	7.958390e-01	1.109326e-02	1.034101e+00	6.628002e-02	2.140117e-02	
154	2.212502e+01	1.767490e+00	8.369635e-01	2.430768e-02	9.480336e-01	1.282173e-01	1.566788e-02	
155	1.834488e+01	6.128154e-01	8.548381e-01	1.389921e-02	9.547495e-01	5.467381e-02	1.404895e-02	
156	1.850043e+01	7.601806e-01	8.747438e-01	1.754448e-02	9.447140e-01	6.984885e-02	1.199503e-02	
157	1.700991e+01	5.222600e-01	8.428428e-01	1.297609e-02	9.108607e-01	4.445005e-02	1.451069e-02	
159	1.794604e+01	6.805880e-01	8.168762e-01	1.427823e-02	9.581617e-01	6.387715e-02	1.778630e-02	
160	1.632399e+01	2.189179e-01	8.349499e-01	7.674059e-03	9.628671e-01	2.249158e-02	1.610958e-02	
161	1.918824e+01	5.409030e-01	9.115745e-01	1.419536e-02	9.649194e-01	4.373189e-02	8.649093e-03	
162	1.756091e+01	4.319934e-01	8.894451e-01	1.144627e-02	1.009547e+00	3.567001e-02	1.131374e-02	
163	1.846418e+01	4.977982e-01	8.506828e-01	1.300623e-02	1.006577e+00	4.233056e-02	1.523557e-02	
164	1.722880e+01	5.509384e-01	8.767528e-01	1.440767e-02	9.660506e-01	4.768178e-02	1.206920e-02	
165	1.798630e+01	5.851160e-01	8.904507e-01	1.419565e-02	9.439224e-01	4.581802e-02	1.048208e-02	
166	1.830638e+01	6.227611e-01	8.942345e-01	1.508336e-02	9.236488e-01	4.231844e-02	9.902682e-03	
167	1.826288e+01	5.193434e-01	7.965186e-01	1.132802e-02	9.537582e-01	3.894319e-02	1.967274e-02	
168	1.641072e+01	6.381715e-01	7.988618e-01	1.417808e-02	9.353988e-01	4.713484e-02	1.907186e-02	
169	1.864075e+01	6.189602e-01	8.256537e-01	1.451057e-02	9.227902e-01	5.292534e-02	1.630863e-02	
171	1.411190e+01	3.400130e-01	8.171288e-01	1.166024e-02	8.256988e-01	3.571728e-02	1.530625e-02	
172	1.806312e+01	2.104209e+00	7.864975e-01	3.701750e-02	9.185001e-01	1.736586e-01	1.987852e-02	
173	1.818154e+01	3.798414e-01	8.023319e-01	8.951960e-03	8.834194e-01	3.423939e-02	1.770131e-02	
174	1.910080e+01	7.112589e-01	8.089864e-01	1.547642e-02	8.578062e-01	4.411380e-02	1.660945e-02	
177	1.744512e+01	3.528513e-01	8.496459e-01	1.047888e-02	9.831119e-01	3.801625e-02	1.498373e-02	
178	1.385197e+01	4.046544e-01	7.119151e-01	1.298137e-02	9.050223e-01	4.313423e-02	2.642906e-02	
179	1.833597e+01	7.493445e-01	8.799564e-01	1.786422e-02	9.947753e-01	6.375683e-02	1.210503e-02	
180	1.774845e+01	4.091186e-01	8.453056e-01	1.004684e-02	9.876384e-01	2.869561e-02	1.548725e-02	
181	1.698173e+01	4.859825e-01	8.559294e-01	1.272861e-02	9.439598e-01	4.314132e-02	1.378576e-02	
182	1.771854e+01	6.074788e-01	9.053756e-01	1.285922e-02	9.584942e-01	5.189220e-02	9.193786e-03	
183	1.793088e+01	6.252455e-01	8.493512e-01	1.655174e-02	9.835311e-01	5.759796e-02	1.501951e-02	
184	1.798578e+01	4.704294e-01	8.869763e-01	1.292310e-02	9.436245e-01	3.921361e-02	1.081112e-02	
185	1.735678e+01	3.353149e-01	7.921836e-01	8.787269e-03	9.372752e-01	2.949833e-02	1.974462e-02	
186	1.789942e+01	6.529362e-01	8.137640e-01	1.465678e-02	9.893234e-01	5.659664e-02	1.867686e-02	
187	1.838202e+01	4.854380e-01	8.386169e-01	1.284579e-02	9.702497e-01	4.395012e-02	1.587243e-02	
188	1.834352e+01	3.014390e-01	7.821590e-01	7.823667e-03	9.247986e-01	2.862028e-02	2.042154e-02	
189	1.749954e+01	4.056593e-01	8.206576e-01	9.483739e-03	9.754070e-01	3.606142e-02	1.773253e-02	
191	1.819502e+01	7.882062e-01	8.024304e-01	1.691781e-02	1.060254e+00	8.207878e-02	2.123399e-02	
192	1.818677e+01	6.607872e-01	8.535428e-01	1.481793e-02	9.564372e-01	6.420810e-02	1.419937e-02	
194	1.787331e+01	5.351602e-01	8.347026e-01	1.420580e-02	8.748369e-01	4.011857e-02	1.465869e-02	
195	1.906596e+01	5.358881e-01	8.453344e-01	1.293834e-02	8.279780e-01	4.118782e-02	1.298118e-02	
197	1.920959e+01	1.549592e+00	8.504037e-01	2.447455e-02	9.375944e-01	9.865720e-02	1.421797e-02	
198	1.766513e+01	4.540469e-01	8.448466e-01	1.195075e-02	9.228046e-01	3.653008e-02	1.451352e-02	
199	1.836159e+01	7.665858e-01	8.324729e-01	1.677800e-02	8.625023e-01	4.885831e-02	1.464695e-02	
200	1.964761e+01	5.697030e-01	8.347369e-01	1.318567e-02	8.407888e-01	3.463850e-02	1.408525e-02	
203	1.787366e+01	3.497688e-01	8.064182e-01	1.029803e-02	8.545980e-01	2.905494e-02	1.676981e-02	
204	1.691874e+01	6.075391e-01	8.362531e-01	1.562616e-02	8.576458e-01	4.912296e-02	1.423583e-02	
205	1.717663e+01	5.480380e-01	8.928256e-01	1.621373e-02	8.926192e-01	4.329966e-02	9.697484e-03	
207	1.795060e+01	8.719855e-01	7.267267e-01	2.134504e-02	9.389417e-01	6.687106e-02	2.600983e-02	
208	1.654023e+01	3.537099e-01	8.546443e-01	9.372170e-03	9.227071e-01	2.704644e-02	1.359558e-02	
211	2.034619e+01	1.933644e+00	7.697506e-01	2.806133e-02	7.999488e-01	1.039787e-01	1.867078e-02	
213	2.145863e+01	1.066138e+00	8.931933e-01	2.025549e-02	8.608723e-01	7.057483e-02	9.320493e-03	
214	1.744420e+01	5.349318e-01	8.053255e-01	1.289940e-02	9.337002e-01	5.500459e-02	1.842546e-02	
215	1.655213e+01	9.157181e-01	8.780078e-01	2.066616e-02	9.625493e-01	9.095394e-02	1.190301e-02	
216	1.881306e+01	6.731443e-01	8.820002e-01	1.559426e-02	9.357706e-01	5.196317e-02	1.119316e-02	
217	1.838252e+01	5.927718e-01	8.654038e-01	1.057607e-02	9.163083e-01	4.612730e-02	1.250190e-02	
218	1.855988e+01	9.387650e-01	8.772457e-01	2.083150e-02	8.747293e-01	7.221068e-02	1.088459e-02	
220	1.644613e+01	5.806164e-01	8.865055e-01	1.468561e-02	9.252665e-01	5.324775e-02	1.064494e-02	
221	2.046060e+01	9.865374e-01	7.865679e-01	2.016900e-02	9.163506e-01	6.228248e-02	1.982546e-02	
222	1.886211e+01	6.737166e-01	8.481884e-01	1.622487e-02	9.068488e-01	4.972319e-02	1.395538e-02	
223	1.723765e+01	7.316920e-01	8.835547e-01	1.772090e-02	9.319545e-01	6.621497e-02	1.100065e-02	
224	1.788822e+01	7.297739e-01	8.262664e-01	1.800238e-02	1.025070e+00	5.973484e-02	1.805257e-02	
225	1.648208e+01	6.190888e-01	8.658740e-01	1.604901e-02	9.903870e-01	6.002792e-02	1.346542e-02	
226	1.757204e+01	8.183342e-01	8.885716e-01	2.022806e-02	9.083932e-01	5.509178e-02	1.026057e-02	
228	1.707362e+01	7.369500e-01	7.241885e-01	1.513757e-02	8.914903e-01	7.162035e-02	2.492475e-02	
229	1.674772e+01	4.263436e-01	8.170339e-01	9.651016e-03	9.936045e-01	4.443840e-02	1.842834e-02	
230	1.706684e+01	5.248060e-01	8.044889e-01	1.296238e-02	8.931606e-01	4.199702e-02	1.770120e-02	
232	1.719368e+01	6.460639e-01	8.507770e-01	1.832053e-02	8.966142e-01	5.624346e-02	1.356261e-02	
233	1.564332e+01	4.266009e-01	8.328888e-01	1.122377e-02	9.649418e-01	4.028636e-02	1.634589e-02	
234	1.778293e+01	6.378662e-01	8.797640e-01	1.875906e-02	8.485795e-01	4.550572e-02	1.034258e-02	
235	1.862265e+01	7.747815e-01	8.653205e-01	1.661682e-02	8.668831e-01	4.691054e-02	1.183488e-02	
236	1.854486e+01	5.983976e-01	8.448154e-01	1.415634e-02	8.403801e-01	4.228782e-02	1.321984e-02	
237	1.834515e+01	7.648985e-01	8.282909e-01	1.627670e-02	8.347922e-01	4.826123e-02	1.453026e-02	
238	1.961079e+01	6.152725e-01	9.037820e-01	1.442982e-02	8.367567e-01	4.041139e-02	8.161261e-03	
240	1.937190e+01	9.154966e-01	8.108865e-01	1.931227e-02	8.307439e-01	7.137988e-02	1.592544e-02	
241	1.468584e+01	2.775111e-01	7.910242e-01	8.987330e-03	9.609966e-01	3.248220e-02	2.035728e-02	
242	1.585694e+01	3.724672e-01	8.250058e-01	9.979682e-03	9.831529e-01	4.096788e-02	1.744000e-02	
243	1.515811e+01	2.907629e-01	7.425187e-01	8.684010e-03	9.594338e-01	3.090206e-02	2.504163e-02	
244	1.541438e+01	2.899932e-01	8.064884e-01	8.912232e-03	1.083300e+00	3.422476e-02	2.124993e-02	
245	1.712493e+01	4.937614e-01	8.375260e-01	1.069067e-02	1.008380e+00	4.710359e-02	1.660771e-02	
247	1.658953e+01	2.720362e-01	8.425757e-01	7.721941e-03	9.799778e-01	2.753874e-02	1.563831e-02	
248	1.641575e+01	4.199547e-01	7.910997e-01	1.125365e-02	8.860012e-01	4.046531e-02	1.876183e-02	
250	1.545155e+01	7.079705e-01	8.168318e-01	1.905508e-02	9.413745e-01	6.725315e-02	1.747891e-02	
251	1.639193e+01	5.976445e-01	8.006325e-01	1.416193e-02	9.752311e-01	5.837649e-02	1.970896e-02	
252	1.806100e+01	3.992558e-01	8.250614e-01	1.067403e-02	1.004968e+00	3.936724e-02	1.782131e-02	
253	1.872888e+01	8.053297e-01	9.069735e-01	1.715934e-02	9.354501e-01	6.871250e-02	8.821226e-03	
254	2.038258e+01	8.612080e-01	8.666724e-01	1.851728e-02	9.662261e-01	6.922013e-02	1.305872e-02	
255	1.807578e+01	5.403008e-01	8.063582e-01	1.375901e-02	9.495762e-01	4.217837e-02	1.863935e-02	
256	1.861009e+01	5.366276e-01	8.491990e-01	1.297059e-02	9.271007e-01	4.467510e-02	1.417206e-02	
257	1.789531e+01	4.588899e-01	8.571052e-01	1.235462e-02	9.072435e-01	4.329799e-02	1.314141e-02	
258	1.782462e+01	4.686169e-01	8.227523e-01	1.262227e-02	9.372559e-01	3.473089e-02	1.683994e-02	
259	1.830597e+01	4.540212e-01	7.998102e-01	1.330021e-02	9.288125e-01	4.196587e-02	1.884829e-02	
260	1.841122e+01	5.199808e-01	8.184282e-01	1.247745e-02	9.461259e-01	4.182073e-02	1.741403e-02	
261	1.858245e+01	6.178138e-01	8.344360e-01	1.616141e-02	9.061231e-01	4.842824e-02	1.520740e-02	
263	1.774549e+01	5.009454e-01	8.264537e-01	1.331382e-02	9.011366e-01	4.250012e-02	1.585287e-02	
264	1.567492e+01	4.426398e-01	7.633739e-01	1.501757e-02	1.058071e+00	5.612805e-02	2.537929e-02	
