1.357141e+01	1.000000e+00	1.113752e-03
1.400546e+01	0.000000e+00	3.011118e-03
1.445340e+01	0.000000e+00	7.967142e-03
1.491566e+01	0.000000e+00	2.054504e-02
1.539271e+01	0.000000e+00	5.140195e-02
1.588502e+01	0.000000e+00	1.241629e-01
1.639307e+01	0.000000e+00	2.880288e-01
1.691737e+01	1.000000e+00	6.379877e-01
1.745844e+01	1.000000e+00	1.340958e+00
1.801681e+01	1.000000e+00	2.656554e+00
1.859304e+01	4.000000e+00	4.924471e+00
1.918771e+01	3.000000e+00	8.474658e+00
1.980139e+01	1.100000e+01	1.342515e+01
2.043470e+01	2.300000e+01	1.939872e+01
2.108826e+01	2.800000e+01	2.531599e+01
2.176273e+01	3.700000e+01	2.952320e+01
2.245877e+01	2.100000e+01	3.041589e+01
2.317707e+01	2.700000e+01	2.734310e+01
2.391834e+01	1.800000e+01	2.116596e+01
2.468332e+01	2.000000e+01	1.390813e+01
2.547277e+01	8.000000e+00	7.639597e+00
2.628747e+01	5.000000e+00	3.450444e+00
2.712822e+01	1.000000e+00	1.258870e+00
2.799587e+01	0.000000e+00	3.640125e-01
2.889126e+01	1.000000e+00	8.173355e-02
2.981529e+01	2.000000e+00	1.394121e-02
3.076887e+01	0.000000e+00	1.764363e-03
3.175296e+01	0.000000e+00	1.615440e-04
3.276851e+01	0.000000e+00	1.041459e-05


5.941572e-01	1.000000e+00	1.483577e-08
6.042004e-01	0.000000e+00	6.341331e-08
6.144134e-01	0.000000e+00	2.636125e-07
6.247989e-01	0.000000e+00	1.063377e-06
6.353601e-01	0.000000e+00	4.152608e-06
6.460997e-01	0.000000e+00	1.566029e-05
6.570209e-01	0.000000e+00	5.688665e-05
6.681267e-01	0.000000e+00	1.985137e-04
6.794202e-01	0.000000e+00	6.636336e-04
6.909046e-01	0.000000e+00	2.119146e-03
7.025831e-01	0.000000e+00	6.444223e-03
7.144591e-01	1.000000e+00	1.860308e-02
7.265358e-01	0.000000e+00	5.081277e-02
7.388166e-01	1.000000e+00	1.308713e-01
7.513050e-01	2.000000e+00	3.166988e-01
7.640045e-01	1.000000e+00	7.174010e-01
7.769186e-01	4.000000e+00	1.515329e+00
7.900511e-01	5.000000e+00	2.972540e+00
8.034055e-01	3.000000e+00	5.392613e+00
8.169857e-01	9.000000e+00	9.007857e+00
8.307954e-01	1.900000e+01	1.379168e+01
8.448385e-01	1.800000e+01	1.926324e+01
8.591190e-01	1.900000e+01	2.442401e+01
8.736409e-01	2.700000e+01	2.796749e+01
8.884083e-01	3.300000e+01	2.876889e+01
9.034253e-01	2.700000e+01	2.643730e+01
9.186961e-01	2.000000e+01	2.157898e+01
9.342251e-01	2.000000e+01	1.555107e+01
9.500165e-01	4.000000e+00	9.833272e+00


4.869823e-01	1.000000e+00	2.371960e-01
4.944032e-01	1.000000e+00	4.370411e-01
5.019372e-01	0.000000e+00	7.763686e-01
5.095861e-01	2.000000e+00	1.327061e+00
5.173514e-01	4.000000e+00	2.178243e+00
5.252351e-01	5.000000e+00	3.426067e+00
5.332390e-01	5.000000e+00	5.152377e+00
5.413648e-01	7.000000e+00	7.391876e+00
5.496144e-01	1.000000e+01	1.009285e+01
5.579897e-01	1.300000e+01	1.308351e+01
5.664927e-01	1.100000e+01	1.606153e+01
5.751253e-01	2.200000e+01	1.862353e+01
5.838893e-01	2.300000e+01	2.034086e+01
5.927870e-01	1.900000e+01	2.086823e+01
6.018202e-01	1.900000e+01	2.005133e+01
6.109911e-01	1.900000e+01	1.798993e+01
6.203017e-01	1.600000e+01	1.502398e+01
6.297543e-01	1.300000e+01	1.164128e+01
6.393508e-01	6.000000e+00	8.341009e+00
6.490936e-01	2.000000e+00	5.507166e+00
6.589849e-01	4.000000e+00	3.338611e+00
6.690269e-01	6.000000e+00	1.851451e+00
6.792219e-01	0.000000e+00	9.356033e-01
6.895723e-01	3.000000e+00	4.291105e-01
7.000804e-01	0.000000e+00	1.778888e-01
7.107486e-01	2.000000e+00	6.636998e-02
7.215794e-01	0.000000e+00	2.218783e-02
7.325752e-01	0.000000e+00	6.615881e-03
7.437386e-01	1.000000e+00	1.751179e-03


2.659008e-03	2.000000e+00	2.700123e+00
2.879091e-03	1.000000e+00	3.144982e+00
3.117390e-03	1.000000e+00	3.683114e+00
3.375413e-03	2.000000e+00	4.333438e+00
3.654791e-03	5.000000e+00	5.116902e+00
3.957294e-03	3.000000e+00	6.055198e+00
4.284834e-03	1.000000e+01	7.168168e+00
4.639485e-03	1.000000e+01	8.469224e+00
5.023489e-03	8.000000e+00	9.958036e+00
5.439278e-03	9.000000e+00	1.160988e+01
5.889480e-03	2.100000e+01	1.336177e+01
6.376945e-03	1.400000e+01	1.509728e+01
6.904757e-03	2.300000e+01	1.663483e+01
7.476256e-03	1.600000e+01	1.772891e+01
8.095056e-03	1.100000e+01	1.809671e+01
8.765074e-03	2.200000e+01	1.748210e+01
9.490549e-03	1.000000e+01	1.575550e+01
1.027607e-02	1.500000e+01	1.302072e+01
1.112661e-02	1.100000e+01	9.665940e+00
1.204754e-02	5.000000e+00	6.288565e+00
1.304470e-02	5.000000e+00	3.481631e+00
1.412440e-02	6.000000e+00	1.583875e+00
1.529346e-02	2.000000e+00	5.678935e-01
1.655928e-02	0.000000e+00	1.527284e-01
1.792987e-02	1.000000e+00	2.905150e-02
1.941390e-02	0.000000e+00	3.645643e-03
2.102077e-02	0.000000e+00	2.779254e-04
2.276063e-02	0.000000e+00	1.167516e-05
2.464450e-02	0.000000e+00	2.408179e-07


1.939738e-02	2.000000e+00	1.274640e+00
1.999512e-02	1.000000e+00	1.757080e+00
2.061129e-02	1.000000e+00	2.393570e+00
2.124645e-02	2.000000e+00	3.216630e+00
2.190117e-02	5.000000e+00	4.256441e+00
2.257608e-02	3.000000e+00	5.534886e+00
2.327178e-02	1.000000e+01	7.057393e+00
2.398892e-02	1.000000e+01	8.803131e+00
2.472816e-02	8.000000e+00	1.071501e+01
2.549018e-02	9.000000e+00	1.269204e+01
2.627568e-02	2.100000e+01	1.458768e+01
2.708539e-02	1.400000e+01	1.621783e+01
2.792005e-02	2.300000e+01	1.738141e+01
2.878043e-02	1.600000e+01	1.789319e+01
2.966732e-02	1.100000e+01	1.762422e+01
3.058154e-02	2.200000e+01	1.653999e+01
3.152394e-02	1.000000e+01	1.472366e+01
3.249538e-02	1.500000e+01	1.237262e+01
3.349675e-02	1.100000e+01	9.764096e+00
3.452898e-02	5.000000e+00	7.196565e+00
3.559302e-02	5.000000e+00	4.924563e+00
3.668985e-02	6.000000e+00	3.108873e+00
3.782048e-02	2.000000e+00	1.798370e+00
3.898595e-02	0.000000e+00	9.463159e-01
4.018734e-02	1.000000e+00	4.494611e-01
4.142574e-02	0.000000e+00	1.910858e-01
4.270231e-02	0.000000e+00	7.207330e-02
4.401822e-02	0.000000e+00	2.388860e-02
4.537468e-02	0.000000e+00	6.887344e-03


