0	2	R2	3.968254e+00	3.968254e+00	1.926234e-09	2.350120e-15	1.889645e-01
0	3	R2	8.771930e+00	8.771930e+00	5.878567e-09	2.308553e-14	7.694675e-02
0	5	R2	9.174312e+00	9.174312e+00	6.230446e-09	-2.110490e-14	8.416800e-02
0	6	R2	9.433962e+00	9.433962e+00	6.456814e-09	-1.995915e-14	8.899964e-02
0	7	R2	1.010101e+01	1.010101e+01	7.035560e-09	-1.741007e-14	1.020304e-01
0	8	R2	1.020408e+01	1.020408e+01	7.124614e-09	1.706013e-14	1.041233e-01
0	9	R2	1.030928e+01	1.030928e+01	7.215400e-09	-1.172896e-06	1.062812e-01
0	10	R2	1.010101e+01	1.010101e+01	7.035560e-09	-inf	0.000000e+00
0	11	R2	1.075269e+01	1.075269e+01	7.596917e-09	-inf	0.000000e+00
0	12	R2	1.041667e+01	1.041667e+01	7.307969e-09	inf	0.000000e+00
0	13	R2	1.030928e+01	1.030928e+01	7.215400e-09	-inf	0.000000e+00
0	14	R2	9.090909e+00	9.090909e+00	6.157614e-09	1.074696e-14	1.652893e-01
0	15	R2	9.900990e+00	9.900990e+00	6.862455e-09	nan	0.000000e+00
0	16	R2	9.009009e+00	9.009009e+00	6.086039e-09	0.000000e+00	8.116224e-02
0	17	R2	9.615385e+00	9.615385e+00	6.614628e-09	-1.921308e-14	9.245562e-02
0	18	R2	9.803922e+00	9.803922e+00	6.778312e-09	1.848122e-14	9.611688e-02
0	19	R2	9.523810e+00	9.523810e+00	6.535007e-09	1.958433e-14	9.070295e-02
0	20	R2	9.259259e+00	9.259259e+00	6.304568e-09	-6.215828e-14	8.573388e-02
0	21	R2	1.086957e+01	1.086957e+01	7.697173e-09	-1.503508e-14	1.181474e-01
0	22	R2	9.615385e+00	9.615385e+00	6.614628e-09	-9.606538e-15	1.849112e-01
0	23	R2	1.020408e+01	1.020408e+01	7.124614e-09	inf	0.000000e+00
0	24	R2	9.259259e+00	9.259259e+00	6.304568e-09	-6.215828e-14	8.573388e-02
0	25	R2	7.352941e+00	7.352941e+00	4.632804e-09	-1.642775e-14	5.406574e-02
0	26	R2	9.345794e+00	9.345794e+00	6.380013e-09	0.000000e+00	8.734387e-02
0	27	R2	9.523810e+00	9.523810e+00	6.535007e-09	1.958433e-14	9.070295e-02
0	29	R2	1.000000e+01	1.000000e+01	6.948189e-09	0.000000e+00	1.000000e-01
0	30	R2	1.010101e+01	1.010101e+01	7.035560e-09	-1.741007e-14	1.020304e-01
0	32	R2	1.030928e+01	1.030928e+01	7.215400e-09	-1.172896e-06	1.062812e-01
0	33	R2	1.030928e+01	1.030928e+01	7.215400e-09	-1.172896e-06	1.062812e-01
0	34	R2	1.020408e+01	1.020408e+01	7.124614e-09	inf	0.000000e+00
0	35	R2	1.041667e+01	1.041667e+01	7.307969e-09	1.637090e-14	1.085069e-01
0	36	R2	1.063830e+01	1.063830e+01	7.498670e-09	-1.569589e-14	1.131734e-01
0	37	R2	9.803922e+00	9.803922e+00	6.778312e-09	1.848122e-14	9.611688e-02
0	38	R2	1.020408e+01	1.020408e+01	7.124614e-09	1.706013e-14	1.041233e-01
0	39	R2	1.030928e+01	1.030928e+01	7.215400e-09	-1.172896e-06	1.062812e-01
0	40	R2	9.708738e+00	9.708738e+00	6.695717e-09	-9.422685e-15	1.885192e-01
0	41	R2	1.000000e+01	1.000000e+01	6.948189e-09	0.000000e+00	1.000000e-01
0	42	R2	9.345794e+00	9.345794e+00	6.380013e-09	nan	0.000000e+00
0	43	R2	8.333333e+00	8.333333e+00	5.493823e-09	-2.557954e-14	6.944444e-02
0	44	R2	9.523810e+00	9.523810e+00	6.535007e-09	1.958433e-14	9.070295e-02
0	45	R2	9.009009e+00	9.009009e+00	6.086039e-09	0.000000e+00	8.116224e-02
0	46	R2	8.849558e+00	8.849558e+00	5.946545e-09	0.000000e+00	7.831467e-02
0	47	R2	1.041667e+01	1.041667e+01	7.307969e-09	inf	0.000000e+00
0	48	R2	1.000000e+01	1.000000e+01	6.948189e-09	nan	0.000000e+00
0	50	R2	1.020408e+01	1.020408e+01	7.124614e-09	inf	0.000000e+00
0	51	R2	1.030928e+01	1.030928e+01	7.215400e-09	-1.172896e-06	1.062812e-01
0	52	R2	1.000000e+01	1.000000e+01	6.948189e-09	nan	0.000000e+00
0	53	R2	9.523810e+00	9.523810e+00	6.535007e-09	inf	0.000000e+00
0	54	R2	8.771930e+00	8.771930e+00	5.878567e-09	2.308553e-14	7.694675e-02
0	55	R2	9.090909e+00	9.090909e+00	6.157614e-09	1.074696e-14	1.652893e-01
0	56	R2	9.345794e+00	9.345794e+00	6.380013e-09	0.000000e+00	8.734387e-02
0	57	R2	9.345794e+00	9.345794e+00	6.380013e-09	0.000000e+00	8.734387e-02
0	58	R2	9.900990e+00	9.900990e+00	6.862455e-09	nan	0.000000e+00
0	60	R2	1.052632e+01	1.052632e+01	7.402374e-09	-1.156937e-06	1.108033e-01
0	61	R2	1.030928e+01	1.030928e+01	7.215400e-09	-1.172896e-06	1.062812e-01
0	62	R2	1.086957e+01	1.086957e+01	7.697173e-09	-1.503508e-14	1.181474e-01
0	63	R2	1.063830e+01	1.063830e+01	7.498670e-09	-inf	0.000000e+00
0	64	R2	1.075269e+01	1.075269e+01	7.596917e-09	-1.140687e-06	1.156203e-01
0	65	R2	1.086957e+01	1.086957e+01	7.697173e-09	-1.503508e-14	1.181474e-01
0	66	R2	1.063830e+01	1.063830e+01	7.498670e-09	-inf	0.000000e+00
0	67	R2	1.041667e+01	1.041667e+01	7.307969e-09	inf	0.000000e+00
0	68	R2	9.900990e+00	9.900990e+00	6.862455e-09	nan	0.000000e+00
0	70	R2	1.000000e+01	1.000000e+01	6.948189e-09	nan	0.000000e+00
0	72	R2	9.009009e+00	9.009009e+00	6.086039e-09	0.000000e+00	8.116224e-02
0	73	R2	9.803922e+00	9.803922e+00	6.778312e-09	1.848122e-14	9.611688e-02
0	74	R2	8.771930e+00	8.771930e+00	5.878567e-09	1.154277e-14	1.538935e-01
0	75	R2	9.900990e+00	9.900990e+00	6.862455e-09	nan	0.000000e+00
0	76	R2	1.000000e+01	1.000000e+01	6.948189e-09	nan	0.000000e+00
0	77	R2	1.041667e+01	1.041667e+01	7.307969e-09	1.637090e-14	1.085069e-01
0	78	R2	9.708738e+00	9.708738e+00	6.695717e-09	-1.884537e-14	9.425959e-02
0	79	R2	1.010101e+01	1.010101e+01	7.035560e-09	-1.741007e-14	1.020304e-01
0	80	R2	7.462687e+00	7.462687e+00	4.728990e-09	-3.987033e-15	2.227668e-01
0	81	R2	9.090909e+00	9.090909e+00	6.157614e-09	5.373479e-15	3.305785e-01
0	82	R2	8.196721e+00	8.196721e+00	5.373811e-09	0.000000e+00	2.687450e-01
0	83	R2	1.010101e+01	1.010101e+01	7.035560e-09	-1.741007e-14	1.020304e-01
0	86	R2	9.900990e+00	9.900990e+00	6.862455e-09	nan	0.000000e+00
0	87	R2	1.052632e+01	1.052632e+01	7.402374e-09	-inf	0.000000e+00
0	88	R2	1.010101e+01	1.010101e+01	7.035560e-09	-1.741007e-14	1.020304e-01
0	89	R2	1.030928e+01	1.030928e+01	7.215400e-09	-1.172896e-06	1.062812e-01
0	90	R2	1.063830e+01	1.063830e+01	7.498670e-09	-inf	0.000000e+00
0	91	R2	1.075269e+01	1.075269e+01	7.596917e-09	-1.140687e-06	1.156203e-01
0	92	R2	1.041667e+01	1.041667e+01	7.307969e-09	1.637090e-14	1.085069e-01
0	94	R2	1.052632e+01	1.052632e+01	7.402374e-09	-inf	0.000000e+00
0	95	R2	1.052632e+01	1.052632e+01	7.402374e-09	-1.156937e-06	1.108033e-01
0	97	R2	1.052632e+01	1.052632e+01	7.402374e-09	-1.156937e-06	1.108033e-01
0	98	R2	1.000000e+01	1.000000e+01	6.948189e-09	0.000000e+00	2.000000e-01
0	99	R2	9.009009e+00	9.009009e+00	6.086039e-09	nan	0.000000e+00
0	100	R2	5.917160e+00	5.917160e+00	3.399515e-09	-6.341816e-15	1.400511e-01


1	2	NOE	-1.330000e-01	-1.330000e-01	1.194031e-09	0.000000e+00	3.000000e-02
1	3	NOE	6.840000e-01	6.840000e-01	3.463394e-09	-3.700743e-15	3.000000e-02
1	5	NOE	7.420000e-01	7.420000e-01	4.582973e-09	0.000000e+00	3.000000e-02
1	6	NOE	7.460000e-01	7.460000e-01	4.704802e-09	0.000000e+00	3.000000e-02
1	7	NOE	7.410000e-01	7.410000e-01	4.553936e-09	3.700743e-15	3.000000e-02
1	8	NOE	7.740000e-01	7.740000e-01	5.949183e-09	-3.700743e-15	3.000000e-02
1	9	NOE	7.460000e-01	7.460000e-01	4.704802e-09	0.000000e+00	3.000000e-02
1	10	NOE	7.510000e-01	7.510000e-01	4.871360e-09	-3.700743e-15	3.000000e-02
1	11	NOE	7.510000e-01	7.510000e-01	4.871360e-09	-3.700743e-15	3.000000e-02
1	12	NOE	7.660000e-01	7.660000e-01	5.499061e-09	-3.700743e-15	3.000000e-02
1	13	NOE	7.690000e-01	7.690000e-01	5.655795e-09	3.700743e-15	3.000000e-02
1	14	NOE	6.320000e-01	6.320000e-01	2.933755e-09	3.700743e-15	3.000000e-02
1	15	NOE	7.340000e-01	7.340000e-01	4.364744e-09	0.000000e+00	3.000000e-02
1	16	NOE	7.410000e-01	7.410000e-01	4.553936e-09	3.700743e-15	3.000000e-02
1	17	NOE	7.580000e-01	7.580000e-01	5.136649e-09	-6.224415e-08	3.000000e-02
1	18	NOE	7.720000e-01	7.720000e-01	5.826519e-09	7.401487e-15	3.000000e-02
1	19	NOE	7.650000e-01	7.650000e-01	5.449602e-09	0.000000e+00	3.000000e-02
1	20	NOE	7.340000e-01	7.340000e-01	4.364744e-09	0.000000e+00	3.000000e-02
1	21	NOE	7.360000e-01	7.360000e-01	4.416434e-09	-3.700743e-15	3.000000e-02
1	22	NOE	7.510000e-01	7.510000e-01	4.871360e-09	-3.700743e-15	3.000000e-02
1	23	NOE	7.780000e-01	7.780000e-01	6.219344e-09	-3.700743e-15	3.000000e-02
1	24	NOE	7.450000e-01	7.450000e-01	4.673456e-09	3.700743e-15	3.000000e-02
1	25	NOE	5.450000e-01	5.450000e-01	2.405821e-09	-3.700743e-15	3.000000e-02
1	26	NOE	6.680000e-01	6.680000e-01	3.272319e-09	-3.700743e-15	3.000000e-02
1	27	NOE	7.060000e-01	7.060000e-01	3.787745e-09	-1.119867e-07	3.000000e-02
1	29	NOE	7.800000e-01	7.800000e-01	6.368805e-09	-3.700743e-15	3.000000e-02
1	30	NOE	7.500000e-01	7.500000e-01	4.836663e-09	0.000000e+00	3.000000e-02
1	32	NOE	7.440000e-01	7.440000e-01	4.642715e-09	0.000000e+00	3.000000e-02
1	33	NOE	7.470000e-01	7.470000e-01	4.736775e-09	-3.700743e-15	3.000000e-02
1	34	NOE	7.510000e-01	7.510000e-01	4.871360e-09	-3.700743e-15	3.000000e-02
1	35	NOE	7.540000e-01	7.540000e-01	4.980018e-09	-6.611004e-08	3.000000e-02
1	36	NOE	7.430000e-01	7.430000e-01	4.612560e-09	-3.700743e-15	3.000000e-02
1	37	NOE	7.880000e-01	7.880000e-01	7.094678e-09	0.000000e+00	3.000000e-02
1	38	NOE	7.480000e-01	7.480000e-01	4.769394e-09	0.000000e+00	3.000000e-02
1	39	NOE	7.440000e-01	7.440000e-01	4.642715e-09	0.000000e+00	3.000000e-02
1	40	NOE	7.560000e-01	7.560000e-01	5.056548e-09	-6.417791e-08	3.000000e-02
1	41	NOE	7.720000e-01	7.720000e-01	5.826519e-09	7.401487e-15	3.000000e-02
1	42	NOE	7.370000e-01	7.370000e-01	4.442961e-09	0.000000e+00	3.000000e-02
1	43	NOE	7.320000e-01	7.320000e-01	4.314785e-09	0.000000e+00	3.000000e-02
1	44	NOE	7.350000e-01	7.350000e-01	4.390366e-09	3.700743e-15	3.000000e-02
1	45	NOE	7.490000e-01	7.490000e-01	4.802682e-09	-3.700743e-15	3.000000e-02
1	46	NOE	7.370000e-01	7.370000e-01	4.442961e-09	0.000000e+00	3.000000e-02
1	47	NOE	7.590000e-01	7.590000e-01	5.178128e-09	3.700743e-15	3.000000e-02
1	48	NOE	7.580000e-01	7.580000e-01	5.136649e-09	-6.224415e-08	3.000000e-02
1	50	NOE	7.620000e-01	7.620000e-01	5.308751e-09	-3.700743e-15	3.000000e-02
1	51	NOE	7.230000e-01	7.230000e-01	4.109018e-09	3.700743e-15	3.000000e-02
1	52	NOE	7.280000e-01	7.280000e-01	4.219692e-09	3.700743e-15	3.000000e-02
1	53	NOE	7.310000e-01	7.310000e-01	4.290426e-09	-3.700743e-15	3.000000e-02
1	54	NOE	7.500000e-01	7.500000e-01	4.836663e-09	0.000000e+00	3.000000e-02
1	55	NOE	7.310000e-01	7.310000e-01	4.290426e-09	-3.700743e-15	3.000000e-02
1	56	NOE	7.550000e-01	7.550000e-01	5.017853e-09	3.700743e-15	3.000000e-02
1	57	NOE	7.570000e-01	7.570000e-01	5.096135e-09	-3.700743e-15	3.000000e-02
1	58	NOE	7.620000e-01	7.620000e-01	5.308751e-09	-3.700743e-15	3.000000e-02
1	60	NOE	7.540000e-01	7.540000e-01	4.980018e-09	-6.611004e-08	3.000000e-02
1	61	NOE	7.560000e-01	7.560000e-01	5.056548e-09	-6.417791e-08	3.000000e-02
1	62	NOE	7.500000e-01	7.500000e-01	4.836663e-09	0.000000e+00	3.000000e-02
1	63	NOE	7.500000e-01	7.500000e-01	4.836663e-09	0.000000e+00	3.000000e-02
1	64	NOE	7.210000e-01	7.210000e-01	4.067064e-09	0.000000e+00	3.000000e-02
1	65	NOE	7.170000e-01	7.170000e-01	3.986772e-09	-3.700743e-15	3.000000e-02
1	66	NOE	7.500000e-01	7.500000e-01	4.836663e-09	0.000000e+00	3.000000e-02
1	67	NOE	7.390000e-01	7.390000e-01	4.497445e-09	0.000000e+00	3.000000e-02
1	68	NOE	7.170000e-01	7.170000e-01	3.986772e-09	-3.700743e-15	3.000000e-02
1	70	NOE	7.130000e-01	7.130000e-01	3.910931e-09	3.700743e-15	3.000000e-02
1	72	NOE	7.030000e-01	7.030000e-01	3.738298e-09	3.700743e-15	3.000000e-02
1	73	NOE	7.240000e-01	7.240000e-01	4.130475e-09	0.000000e+00	3.000000e-02
1	74	NOE	6.960000e-01	6.960000e-01	3.629840e-09	0.000000e+00	3.000000e-02
1	75	NOE	7.120000e-01	7.120000e-01	3.892618e-09	0.000000e+00	3.000000e-02
1	76	NOE	7.620000e-01	7.620000e-01	5.308751e-09	-3.700743e-15	3.000000e-02
1	77	NOE	7.570000e-01	7.570000e-01	5.096135e-09	-3.700743e-15	3.000000e-02
1	78	NOE	7.570000e-01	7.570000e-01	5.096135e-09	-3.700743e-15	3.000000e-02
1	79	NOE	7.280000e-01	7.280000e-01	4.219692e-09	3.700743e-15	3.000000e-02
1	80	NOE	7.420000e-01	7.420000e-01	4.582973e-09	0.000000e+00	3.000000e-02
1	81	NOE	7.060000e-01	7.060000e-01	3.787745e-09	-1.119867e-07	3.000000e-02
1	82	NOE	7.890000e-01	7.890000e-01	7.203778e-09	0.000000e+00	3.000000e-02
1	83	NOE	6.850000e-01	6.850000e-01	3.476429e-09	-3.700743e-15	3.000000e-02
1	86	NOE	7.530000e-01	7.530000e-01	4.943010e-09	3.700743e-15	3.000000e-02
1	87	NOE	7.230000e-01	7.230000e-01	4.109018e-09	3.700743e-15	3.000000e-02
1	88	NOE	7.420000e-01	7.420000e-01	4.582973e-09	0.000000e+00	3.000000e-02
1	89	NOE	7.530000e-01	7.530000e-01	4.943010e-09	3.700743e-15	3.000000e-02
1	90	NOE	7.960000e-01	7.960000e-01	8.138872e-09	0.000000e+00	3.000000e-02
1	91	NOE	7.350000e-01	7.350000e-01	4.390366e-09	3.700743e-15	3.000000e-02
1	92	NOE	7.400000e-01	7.400000e-01	4.525432e-09	0.000000e+00	3.000000e-02
1	94	NOE	7.460000e-01	7.460000e-01	4.704802e-09	0.000000e+00	3.000000e-02
1	95	NOE	7.920000e-01	7.920000e-01	7.563670e-09	-3.700743e-15	3.000000e-02
1	97	NOE	7.370000e-01	7.370000e-01	4.442961e-09	0.000000e+00	3.000000e-02
1	98	NOE	7.200000e-01	7.200000e-01	4.046550e-09	0.000000e+00	3.000000e-02
1	99	NOE	7.140000e-01	7.140000e-01	3.929497e-09	0.000000e+00	3.000000e-02
1	100	NOE	3.920000e-01	3.920000e-01	1.897526e-09	7.401487e-15	3.000000e-02


2	2	R1	1.170960e+00	1.170960e+00	2.931052e-10	-1.741298e-15	1.275167e-01
2	3	R1	1.709402e+00	1.709402e+00	1.030913e-08	1.266487e-14	1.753233e-02
2	5	R1	1.865672e+00	1.865672e+00	9.262518e-09	-1.063209e-14	2.088438e-02
2	6	R1	1.865672e+00	1.865672e+00	9.262518e-09	4.252835e-14	1.044219e-02
2	7	R1	1.923077e+00	1.923077e+00	8.914753e-09	-1.501022e-14	2.958580e-02
2	8	R1	1.968504e+00	1.968504e+00	8.651515e-09	0.000000e+00	3.487507e-02
2	9	R1	1.949318e+00	1.949318e+00	8.761468e-09	1.982527e-06	1.139952e-02
2	10	R1	1.941748e+00	1.941748e+00	8.805339e-09	0.000000e+00	1.131115e-02
2	11	R1	2.008032e+00	2.008032e+00	8.430368e-09	5.506795e-14	8.064386e-03
2	12	R1	2.004008e+00	2.004008e+00	8.452560e-09	3.685955e-14	1.204814e-02
2	13	R1	2.004008e+00	2.004008e+00	8.452560e-09	2.211573e-14	2.008024e-02
2	14	R1	1.960784e+00	1.960784e+00	8.695544e-09	0.000000e+00	1.537870e-02
2	15	R1	1.876173e+00	1.876173e+00	9.197572e-09	0.000000e+00	1.408009e-02
2	16	R1	2.028398e+00	2.028398e+00	8.319130e-09	0.000000e+00	5.760155e-02
2	17	R1	1.893939e+00	1.893939e+00	9.089068e-09	0.000000e+00	1.076102e-02
2	18	R1	1.848429e+00	1.848429e+00	9.370512e-09	2.166275e-14	3.075020e-02
2	19	R1	1.792115e+00	1.792115e+00	9.735508e-09	9.876671e-15	2.248173e-02
2	20	R1	1.862197e+00	1.862197e+00	9.284142e-09	-1.280616e-14	1.733890e-02
2	21	R1	2.008032e+00	2.008032e+00	8.430368e-09	0.000000e+00	2.016097e-02
2	22	R1	1.980198e+00	1.980198e+00	8.585349e-09	6.291881e-15	3.529066e-02
2	23	R1	1.915709e+00	1.915709e+00	8.958417e-09	-1.512590e-14	1.467976e-02
2	24	R1	1.824818e+00	1.824818e+00	9.521199e-09	6.061898e-15	3.662955e-02
2	25	R1	1.562500e+00	1.562500e+00	1.145945e-08	0.000000e+00	1.953125e-02
2	26	R1	1.890359e+00	1.890359e+00	9.110795e-09	4.438370e-15	5.002841e-02
2	27	R1	2.020202e+00	2.020202e+00	8.363681e-09	0.000000e+00	2.448730e-02
2	29	R1	1.937984e+00	1.937984e+00	8.827252e-09	0.000000e+00	2.253470e-02
2	30	R1	1.984127e+00	1.984127e+00	8.563261e-09	0.000000e+00	2.362056e-02
2	32	R1	1.805054e+00	1.805054e+00	9.649915e-09	0.000000e+00	3.909865e-02
2	33	R1	1.972387e+00	1.972387e+00	8.629476e-09	2.853817e-14	1.556124e-02
2	34	R1	2.016129e+00	2.016129e+00	8.385928e-09	-3.641768e-14	1.219433e-02
2	35	R1	2.004008e+00	2.004008e+00	8.452560e-09	2.764466e-14	1.606419e-02
2	36	R1	2.004008e+00	2.004008e+00	8.452560e-09	1.842978e-14	2.409629e-02
2	37	R1	1.869159e+00	1.869159e+00	9.240882e-09	-1.271094e-14	1.746877e-02
2	38	R1	2.066116e+00	2.066116e+00	8.117691e-09	0.000000e+00	4.268834e-03
2	39	R1	1.945525e+00	1.945525e+00	8.783411e-09	0.000000e+00	3.785069e-02
2	40	R1	1.848429e+00	1.848429e+00	9.370512e-09	1.083137e-14	4.100027e-02
2	41	R1	1.883239e+00	1.883239e+00	9.154210e-09	5.691629e-15	3.901249e-02
2	42	R1	1.785714e+00	1.785714e+00	9.778242e-09	1.989520e-14	2.232143e-02
2	43	R1	1.773050e+00	1.773050e+00	9.863585e-09	0.000000e+00	3.458076e-02
2	44	R1	1.798561e+00	1.798561e+00	9.692733e-09	-3.432099e-14	1.293929e-02
2	45	R1	1.930502e+00	1.930502e+00	8.871032e-09	-1.985997e-14	3.354154e-02
2	46	R1	1.692047e+00	1.692047e+00	1.043571e-08	-9.694495e-15	2.290419e-02
2	47	R1	1.901141e+00	1.901141e+00	9.045573e-09	-1.228688e-14	1.807168e-02
2	48	R1	1.897533e+00	1.897533e+00	9.067327e-09	2.466729e-14	1.800316e-02
2	50	R1	1.988072e+00	1.988072e+00	8.541155e-09	0.000000e+00	1.976214e-02
2	51	R1	1.930502e+00	1.930502e+00	8.871032e-09	8.936984e-14	7.453675e-03
2	52	R1	1.893939e+00	1.893939e+00	9.089068e-09	0.000000e+00	3.587006e-02
2	53	R1	1.890359e+00	1.890359e+00	9.110795e-09	1.242744e-14	1.786729e-02
2	54	R1	1.883239e+00	1.883239e+00	9.154210e-09	-2.347797e-14	2.837272e-02
2	55	R1	1.760563e+00	1.760563e+00	9.948769e-09	4.213936e-15	5.269292e-02
2	56	R1	1.904762e+00	1.904762e+00	9.023805e-09	1.530026e-14	1.451247e-02
2	57	R1	1.879699e+00	1.879699e+00	9.175897e-09	0.000000e+00	1.413308e-02
2	58	R1	1.915709e+00	1.915709e+00	8.958417e-09	-2.016787e-14	1.100982e-02
2	60	R1	1.915709e+00	1.915709e+00	8.958417e-09	8.643372e-15	2.568958e-02
2	61	R1	1.960784e+00	1.960784e+00	8.695544e-09	0.000000e+00	1.922338e-02
2	62	R1	1.996008e+00	1.996008e+00	8.496893e-09	0.000000e+00	1.992024e-02
2	63	R1	1.964637e+00	1.964637e+00	8.673537e-09	1.917585e-14	2.315878e-02
2	64	R1	1.988072e+00	1.988072e+00	8.541155e-09	-1.605122e-14	2.766700e-02
2	65	R1	1.980198e+00	1.980198e+00	8.585349e-09	0.000000e+00	2.352711e-02
2	66	R1	2.004008e+00	2.004008e+00	8.452560e-09	2.764466e-14	1.606419e-02
2	67	R1	1.953125e+00	1.953125e+00	8.739509e-09	1.164153e-14	1.907349e-02
2	68	R1	1.814882e+00	1.814882e+00	9.585607e-09	-1.685324e-14	1.317519e-02
2	70	R1	1.858736e+00	1.858736e+00	9.305753e-09	0.000000e+00	1.727450e-02
2	72	R1	1.792115e+00	1.792115e+00	9.735508e-09	-1.382734e-14	1.605838e-02
2	73	R1	1.845018e+00	1.845018e+00	9.392074e-09	2.174290e-14	1.021228e-02
2	74	R1	1.808318e+00	1.808318e+00	9.628490e-09	3.395162e-14	6.540030e-03
2	75	R1	1.876173e+00	1.876173e+00	9.197572e-09	0.000000e+00	1.056007e-02
2	76	R1	2.016129e+00	2.016129e+00	8.385928e-09	3.641768e-14	1.219433e-02
2	77	R1	1.953125e+00	1.953125e+00	8.739509e-09	9.701277e-15	2.288818e-02
2	78	R1	2.049180e+00	2.049180e+00	8.207419e-09	0.000000e+00	3.359312e-02
2	79	R1	2.020202e+00	2.020202e+00	8.363681e-09	0.000000e+00	1.632486e-02
2	80	R1	1.694915e+00	1.694915e+00	1.041463e-08	6.721194e-15	6.607297e-02
2	81	R1	2.008032e+00	2.008032e+00	8.430368e-09	2.247671e-15	1.975775e-01
2	82	R1	1.763668e+00	1.763668e+00	9.927488e-09	2.039569e-15	2.177368e-01
2	83	R1	1.901141e+00	1.901141e+00	9.045573e-09	-1.023907e-14	2.168602e-02
2	86	R1	1.968504e+00	1.968504e+00	8.651515e-09	0.000000e+00	1.550003e-02
2	87	R1	1.964637e+00	1.964637e+00	8.673537e-09	1.917585e-14	1.157939e-02
2	88	R1	1.960784e+00	1.960784e+00	8.695544e-09	0.000000e+00	2.691273e-02
2	89	R1	1.996008e+00	1.996008e+00	8.496893e-09	0.000000e+00	1.593619e-02
2	90	R1	1.972387e+00	1.972387e+00	8.629476e-09	0.000000e+00	1.556124e-02
2	91	R1	1.964637e+00	1.964637e+00	8.673537e-09	9.587923e-15	2.315878e-02
2	92	R1	2.000000e+00	2.000000e+00	8.474735e-09	1.110223e-14	4.000000e-02
2	94	R1	1.984127e+00	1.984127e+00	8.563261e-09	-1.128058e-14	1.968380e-02
2	95	R1	1.980198e+00	1.980198e+00	8.585349e-09	-4.247019e-14	1.568474e-02
2	97	R1	1.992032e+00	1.992032e+00	8.519032e-09	-3.730409e-14	1.190457e-02
2	98	R1	1.901141e+00	1.901141e+00	9.045573e-09	8.776345e-15	2.530035e-02
2	99	R1	1.893939e+00	1.893939e+00	9.089068e-09	4.126832e-14	1.076102e-02
2	100	R1	1.457726e+00	1.457726e+00	1.240744e-08	-1.492761e-14	1.487475e-02


