0	2	R2	4.716981e+00	4.716981e+00	2.383702e-09	3.991829e-15	2.224991e-01
0	3	R2	8.620690e+00	8.620690e+00	5.488820e-09	-2.390266e-14	7.431629e-02
0	5	R2	9.174312e+00	9.174312e+00	5.932778e-09	-7.034965e-15	2.525040e-01
0	6	R2	9.259259e+00	9.259259e+00	6.000638e-09	-6.531243e-07	1.714678e-01
0	7	R2	9.900990e+00	9.900990e+00	6.511045e-09	-3.624123e-14	9.802960e-02
0	8	R2	1.020408e+01	1.020408e+01	6.750771e-09	5.686710e-15	3.123698e-01
0	9	R2	1.030928e+01	1.030928e+01	6.833781e-09	0.000000e+00	1.062812e-01
0	10	R2	1.000000e+01	1.000000e+01	6.589448e-09	0.000000e+00	2.000000e-01
0	11	R2	1.052632e+01	1.052632e+01	7.004737e-09	1.603162e-14	2.216066e-01
0	12	R2	1.020408e+01	1.020408e+01	6.750771e-09	1.706013e-14	1.041233e-01
0	13	R2	1.020408e+01	1.020408e+01	6.750771e-09	inf	0.000000e+00
0	14	R2	9.174312e+00	9.174312e+00	5.932778e-09	-4.220979e-15	4.208400e-01
0	15	R2	9.900990e+00	9.900990e+00	6.511045e-09	-1.812062e-14	1.960592e-01
0	16	R2	9.803922e+00	9.803922e+00	6.434091e-09	0.000000e+00	9.611688e-02
0	17	R2	9.523810e+00	9.523810e+00	6.211526e-09	-6.410847e-07	1.814059e-01
0	18	R2	9.900990e+00	9.900990e+00	6.511045e-09	-1.812062e-14	1.960592e-01
0	19	R2	9.433962e+00	9.433962e+00	6.139979e-09	9.979573e-15	1.779993e-01
0	20	R2	8.928571e+00	8.928571e+00	5.736077e-09	-1.114131e-14	1.594388e-01
0	21	R2	1.098901e+01	1.098901e+01	7.367860e-09	1.471001e-14	1.207584e-01
0	22	R2	9.900990e+00	9.900990e+00	6.511045e-09	-1.812062e-14	1.960592e-01
0	23	R2	1.030928e+01	1.030928e+01	6.833781e-09	0.000000e+00	1.062812e-01
0	24	R2	8.928571e+00	8.928571e+00	5.736077e-09	-5.570655e-15	3.188776e-01
0	25	R2	7.142857e+00	7.142857e+00	4.291757e-09	1.740830e-14	5.102041e-02
0	26	R2	9.523810e+00	9.523810e+00	6.211526e-09	-6.410847e-07	1.814059e-01
0	27	R2	9.803922e+00	9.803922e+00	6.434091e-09	0.000000e+00	1.922338e-01
0	29	R2	9.900990e+00	9.900990e+00	6.511045e-09	-3.624123e-14	9.802960e-02
0	30	R2	9.900990e+00	9.900990e+00	6.511045e-09	-1.812062e-14	1.960592e-01
0	32	R2	1.010101e+01	1.010101e+01	6.669342e-09	0.000000e+00	1.020304e-01
0	33	R2	1.020408e+01	1.020408e+01	6.750771e-09	8.530066e-15	2.082466e-01
0	34	R2	9.900990e+00	9.900990e+00	6.511045e-09	-3.624123e-14	9.802960e-02
0	35	R2	1.030928e+01	1.030928e+01	6.833781e-09	0.000000e+00	1.062812e-01
0	36	R2	1.030928e+01	1.030928e+01	6.833781e-09	0.000000e+00	2.125624e-01
0	37	R2	9.345794e+00	9.345794e+00	6.069694e-09	1.016875e-14	1.746877e-01
0	38	R2	1.041667e+01	1.041667e+01	6.918420e-09	1.637090e-14	1.085069e-01
0	39	R2	9.900990e+00	9.900990e+00	6.511045e-09	-7.248246e-15	4.901480e-01
0	40	R2	9.615385e+00	9.615385e+00	6.284370e-09	-1.921308e-14	1.849112e-01
0	41	R2	9.900990e+00	9.900990e+00	6.511045e-09	-3.624123e-14	9.802960e-02
0	42	R2	9.433962e+00	9.433962e+00	6.139979e-09	1.995915e-14	8.899964e-02
0	43	R2	8.264463e+00	8.264463e+00	5.201652e-09	0.000000e+00	6.830135e-02
0	44	R2	9.433962e+00	9.433962e+00	6.139979e-09	9.979573e-15	1.779993e-01
0	45	R2	8.771930e+00	8.771930e+00	5.610392e-09	0.000000e+00	3.847338e-01
0	46	R2	8.474576e+00	8.474576e+00	5.371169e-09	1.236700e-14	1.436369e-01
0	47	R2	1.052632e+01	1.052632e+01	7.004737e-09	1.603162e-14	2.216066e-01
0	48	R2	9.615385e+00	9.615385e+00	6.284370e-09	-1.921308e-14	1.849112e-01
0	50	R2	1.030928e+01	1.030928e+01	6.833781e-09	0.000000e+00	1.062812e-01
0	51	R2	1.041667e+01	1.041667e+01	6.918420e-09	1.637090e-14	1.085069e-01
0	52	R2	9.523810e+00	9.523810e+00	6.211526e-09	-3.205423e-07	3.628118e-01
0	53	R2	9.708738e+00	9.708738e+00	6.358545e-09	0.000000e+00	9.425959e-02
0	54	R2	8.928571e+00	8.928571e+00	5.736077e-09	-2.228262e-14	7.971939e-02
0	55	R2	9.259259e+00	9.259259e+00	6.000638e-09	-6.531243e-07	1.714678e-01
0	56	R2	9.174312e+00	9.174312e+00	5.932778e-09	-2.110490e-14	8.416800e-02
0	57	R2	8.849558e+00	8.849558e+00	5.672707e-09	2.268230e-14	1.566293e-01
0	58	R2	9.523810e+00	9.523810e+00	6.211526e-09	-1.282169e-06	9.070295e-02
0	60	R2	1.041667e+01	1.041667e+01	6.918420e-09	1.637090e-14	1.085069e-01
0	61	R2	1.030928e+01	1.030928e+01	6.833781e-09	0.000000e+00	1.062812e-01
0	62	R2	1.052632e+01	1.052632e+01	7.004737e-09	1.603162e-14	2.216066e-01
0	63	R2	1.052632e+01	1.052632e+01	7.004737e-09	3.206324e-14	1.108033e-01
0	64	R2	1.063830e+01	1.063830e+01	7.092784e-09	0.000000e+00	2.263468e-01
0	65	R2	1.075269e+01	1.075269e+01	7.182615e-09	1.536371e-14	1.156203e-01
0	66	R2	1.041667e+01	1.041667e+01	6.918420e-09	1.637090e-14	1.085069e-01
0	67	R2	1.041667e+01	1.041667e+01	6.918420e-09	8.185452e-15	2.170139e-01
0	68	R2	9.345794e+00	9.345794e+00	6.069694e-09	2.033751e-14	8.734387e-02
0	70	R2	9.803922e+00	9.803922e+00	6.434091e-09	0.000000e+00	9.611688e-02
0	72	R2	8.928571e+00	8.928571e+00	5.736077e-09	-2.228262e-14	7.971939e-02
0	73	R2	9.523810e+00	9.523810e+00	6.211526e-09	-1.282169e-06	9.070295e-02
0	74	R2	8.620690e+00	8.620690e+00	5.488820e-09	-1.195133e-14	1.486326e-01
0	75	R2	9.523810e+00	9.523810e+00	6.211526e-09	-6.410847e-07	1.814059e-01
0	76	R2	1.010101e+01	1.010101e+01	6.669342e-09	0.000000e+00	2.040608e-01
0	77	R2	1.000000e+01	1.000000e+01	6.589448e-09	0.000000e+00	2.000000e-01
0	78	R2	9.708738e+00	9.708738e+00	6.358545e-09	0.000000e+00	9.425959e-02
0	79	R2	9.803922e+00	9.803922e+00	6.434091e-09	0.000000e+00	2.883506e-01
0	80	R2	5.813953e+00	5.813953e+00	3.220105e-09	1.313794e-14	6.760411e-02
0	81	R2	1.010101e+01	1.010101e+01	6.669342e-09	0.000000e+00	6.121824e-01
0	82	R2	8.000000e+00	8.000000e+00	4.987767e-09	0.000000e+00	5.760000e-01
0	83	R2	9.259259e+00	9.259259e+00	6.000638e-09	-6.531243e-07	1.714678e-01
0	86	R2	9.433962e+00	9.433962e+00	6.139979e-09	9.979573e-15	1.779993e-01
0	87	R2	1.030928e+01	1.030928e+01	6.833781e-09	0.000000e+00	1.062812e-01
0	88	R2	9.803922e+00	9.803922e+00	6.434091e-09	0.000000e+00	2.883506e-01
0	89	R2	1.020408e+01	1.020408e+01	6.750771e-09	1.706013e-14	1.041233e-01
0	90	R2	1.030928e+01	1.030928e+01	6.833781e-09	0.000000e+00	1.062812e-01
0	91	R2	1.052632e+01	1.052632e+01	7.004737e-09	3.206324e-14	1.108033e-01
0	92	R2	1.010101e+01	1.010101e+01	6.669342e-09	nan	0.000000e+00
0	94	R2	1.041667e+01	1.041667e+01	6.918420e-09	8.185452e-15	2.170139e-01
0	95	R2	1.041667e+01	1.041667e+01	6.918420e-09	1.637090e-14	1.085069e-01
0	97	R2	1.030928e+01	1.030928e+01	6.833781e-09	0.000000e+00	1.062812e-01
0	98	R2	1.010101e+01	1.010101e+01	6.669342e-09	0.000000e+00	1.020304e-01
0	99	R2	9.009009e+00	9.009009e+00	5.800527e-09	-1.329784e-06	8.116224e-02
0	100	R2	5.952381e+00	5.952381e+00	3.330029e-09	0.000000e+00	2.480159e-01


1	2	NOE	-7.300000e-02	-7.300000e-02	9.864770e-10	1.341519e-14	3.000000e-02
1	3	NOE	7.470000e-01	7.470000e-01	3.506275e-09	0.000000e+00	3.000000e-02
1	5	NOE	7.960000e-01	7.960000e-01	5.316578e-09	3.700743e-15	3.000000e-02
1	6	NOE	7.860000e-01	7.860000e-01	4.730913e-09	-4.761612e-08	3.000000e-02
1	7	NOE	7.700000e-01	7.700000e-01	4.094597e-09	3.700743e-15	3.000000e-02
1	8	NOE	7.910000e-01	7.910000e-01	4.998504e-09	0.000000e+00	3.000000e-02
1	9	NOE	7.910000e-01	7.910000e-01	4.998504e-09	0.000000e+00	3.000000e-02
1	10	NOE	7.800000e-01	7.800000e-01	4.459675e-09	3.700743e-15	3.000000e-02
1	11	NOE	7.860000e-01	7.860000e-01	4.730913e-09	-4.761612e-08	3.000000e-02
1	12	NOE	8.140000e-01	8.140000e-01	7.305771e-09	0.000000e+00	3.000000e-02
1	13	NOE	8.130000e-01	8.130000e-01	7.132522e-09	3.700743e-15	3.000000e-02
1	14	NOE	6.790000e-01	6.790000e-01	2.610265e-09	0.000000e+00	3.000000e-02
1	15	NOE	7.760000e-01	7.760000e-01	4.302469e-09	0.000000e+00	3.000000e-02
1	16	NOE	7.950000e-01	7.950000e-01	5.248166e-09	0.000000e+00	3.000000e-02
1	17	NOE	8.310000e-01	8.310000e-01	1.786097e-08	0.000000e+00	3.000000e-02
1	18	NOE	7.820000e-01	7.820000e-01	4.544915e-09	0.000000e+00	3.000000e-02
1	19	NOE	7.370000e-01	7.370000e-01	3.317866e-09	3.700743e-15	3.000000e-02
1	20	NOE	7.770000e-01	7.770000e-01	4.340232e-09	-3.700743e-15	3.000000e-02
1	21	NOE	8.120000e-01	8.120000e-01	6.970975e-09	-2.217661e-08	3.000000e-02
1	22	NOE	7.950000e-01	7.950000e-01	5.248166e-09	0.000000e+00	3.000000e-02
1	23	NOE	8.230000e-01	8.230000e-01	9.776613e-09	0.000000e+00	3.000000e-02
1	24	NOE	7.930000e-01	7.930000e-01	5.118828e-09	0.000000e+00	3.000000e-02
1	25	NOE	6.130000e-01	6.130000e-01	2.170979e-09	0.000000e+00	3.000000e-02
1	26	NOE	7.330000e-01	7.330000e-01	3.250374e-09	-3.700743e-15	3.000000e-02
1	27	NOE	7.760000e-01	7.760000e-01	4.302469e-09	0.000000e+00	3.000000e-02
1	29	NOE	8.080000e-01	8.080000e-01	6.419111e-09	-3.700743e-15	3.000000e-02
1	30	NOE	8.130000e-01	8.130000e-01	7.132522e-09	3.700743e-15	3.000000e-02
1	32	NOE	7.790000e-01	7.790000e-01	4.418789e-09	-3.700743e-15	3.000000e-02
1	33	NOE	7.730000e-01	7.730000e-01	4.194742e-09	3.700743e-15	3.000000e-02
1	34	NOE	7.560000e-01	7.560000e-01	3.705595e-09	-7.401487e-15	3.000000e-02
1	35	NOE	7.640000e-01	7.640000e-01	3.913771e-09	0.000000e+00	3.000000e-02
1	36	NOE	7.980000e-01	7.980000e-01	5.461736e-09	0.000000e+00	3.000000e-02
1	37	NOE	7.960000e-01	7.960000e-01	5.316578e-09	3.700743e-15	3.000000e-02
1	38	NOE	8.180000e-01	8.180000e-01	8.150141e-09	3.700743e-15	3.000000e-02
1	39	NOE	8.020000e-01	8.020000e-01	5.791250e-09	0.000000e+00	3.000000e-02
1	40	NOE	8.020000e-01	8.020000e-01	5.791250e-09	0.000000e+00	3.000000e-02
1	41	NOE	8.090000e-01	8.090000e-01	6.544802e-09	-3.700743e-15	3.000000e-02
1	42	NOE	8.080000e-01	8.080000e-01	6.419111e-09	-3.700743e-15	3.000000e-02
1	43	NOE	7.850000e-01	7.850000e-01	4.682311e-09	-3.700743e-15	3.000000e-02
1	44	NOE	8.060000e-01	8.060000e-01	6.187890e-09	0.000000e+00	3.000000e-02
1	45	NOE	7.690000e-01	7.690000e-01	4.062748e-09	0.000000e+00	3.000000e-02
1	46	NOE	7.540000e-01	7.540000e-01	3.658442e-09	-3.700743e-15	3.000000e-02
1	47	NOE	8.050000e-01	8.050000e-01	6.081204e-09	0.000000e+00	3.000000e-02
1	48	NOE	7.880000e-01	7.880000e-01	4.832769e-09	-4.566938e-08	3.000000e-02
1	50	NOE	7.830000e-01	7.830000e-01	4.589381e-09	-5.053306e-08	3.000000e-02
1	51	NOE	7.870000e-01	7.870000e-01	4.781038e-09	-4.664296e-08	3.000000e-02
1	52	NOE	7.560000e-01	7.560000e-01	3.705595e-09	-7.401487e-15	3.000000e-02
1	53	NOE	7.740000e-01	7.740000e-01	4.229762e-09	3.700743e-15	3.000000e-02
1	54	NOE	7.620000e-01	7.620000e-01	3.858525e-09	3.700743e-15	3.000000e-02
1	55	NOE	7.570000e-01	7.570000e-01	3.729850e-09	3.700743e-15	3.000000e-02
1	56	NOE	7.960000e-01	7.960000e-01	5.316578e-09	3.700743e-15	3.000000e-02
1	57	NOE	7.810000e-01	7.810000e-01	4.501699e-09	3.700743e-15	3.000000e-02
1	58	NOE	7.930000e-01	7.930000e-01	5.118828e-09	0.000000e+00	3.000000e-02
1	60	NOE	7.930000e-01	7.930000e-01	5.118828e-09	0.000000e+00	3.000000e-02
1	61	NOE	7.980000e-01	7.980000e-01	5.461736e-09	0.000000e+00	3.000000e-02
1	62	NOE	8.090000e-01	8.090000e-01	6.544802e-09	-3.700743e-15	3.000000e-02
1	63	NOE	7.880000e-01	7.880000e-01	4.832769e-09	-4.566938e-08	3.000000e-02
1	64	NOE	7.920000e-01	7.920000e-01	5.057606e-09	0.000000e+00	3.000000e-02
1	65	NOE	7.960000e-01	7.960000e-01	5.316578e-09	3.700743e-15	3.000000e-02
1	66	NOE	8.030000e-01	8.030000e-01	5.883286e-09	0.000000e+00	3.000000e-02
1	67	NOE	7.980000e-01	7.980000e-01	5.461736e-09	0.000000e+00	3.000000e-02
1	68	NOE	7.730000e-01	7.730000e-01	4.194742e-09	3.700743e-15	3.000000e-02
1	70	NOE	7.240000e-01	7.240000e-01	3.112059e-09	0.000000e+00	3.000000e-02
1	72	NOE	7.460000e-01	7.460000e-01	3.486016e-09	-7.401487e-15	3.000000e-02
1	73	NOE	7.780000e-01	7.780000e-01	4.378991e-09	0.000000e+00	3.000000e-02
1	74	NOE	7.320000e-01	7.320000e-01	3.234117e-09	0.000000e+00	3.000000e-02
1	75	NOE	7.810000e-01	7.810000e-01	4.501699e-09	3.700743e-15	3.000000e-02
1	76	NOE	8.080000e-01	8.080000e-01	6.419111e-09	-3.700743e-15	3.000000e-02
1	77	NOE	7.820000e-01	7.820000e-01	4.544915e-09	0.000000e+00	3.000000e-02
1	78	NOE	7.530000e-01	7.530000e-01	3.635516e-09	0.000000e+00	3.000000e-02
1	79	NOE	8.070000e-01	8.070000e-01	6.300345e-09	-3.700743e-15	3.000000e-02
1	80	NOE	5.800000e-01	5.800000e-01	2.017819e-09	3.700743e-15	3.000000e-02
1	81	NOE	8.180000e-01	8.180000e-01	8.150141e-09	3.700743e-15	3.000000e-02
1	82	NOE	7.780000e-01	7.780000e-01	4.378991e-09	0.000000e+00	3.000000e-02
1	83	NOE	7.810000e-01	7.810000e-01	4.501699e-09	3.700743e-15	3.000000e-02
1	86	NOE	7.900000e-01	7.900000e-01	4.941403e-09	-7.401487e-15	3.000000e-02
1	87	NOE	7.970000e-01	7.970000e-01	5.387706e-09	0.000000e+00	3.000000e-02
1	88	NOE	8.070000e-01	8.070000e-01	6.300345e-09	-3.700743e-15	3.000000e-02
1	89	NOE	7.960000e-01	7.960000e-01	5.316578e-09	3.700743e-15	3.000000e-02
1	90	NOE	8.070000e-01	8.070000e-01	6.300345e-09	-3.700743e-15	3.000000e-02
1	91	NOE	7.940000e-01	7.940000e-01	5.182300e-09	0.000000e+00	3.000000e-02
1	92	NOE	7.910000e-01	7.910000e-01	4.998504e-09	0.000000e+00	3.000000e-02
1	94	NOE	7.980000e-01	7.980000e-01	5.461736e-09	0.000000e+00	3.000000e-02
1	95	NOE	8.040000e-01	8.040000e-01	5.979811e-09	0.000000e+00	3.000000e-02
1	97	NOE	7.910000e-01	7.910000e-01	4.998504e-09	0.000000e+00	3.000000e-02
1	98	NOE	7.860000e-01	7.860000e-01	4.730913e-09	-4.761612e-08	3.000000e-02
1	99	NOE	7.430000e-01	7.430000e-01	3.427232e-09	3.700743e-15	3.000000e-02
1	100	NOE	4.490000e-01	4.490000e-01	1.615053e-09	1.850372e-15	3.000000e-02


2	2	R1	1.086957e+00	1.086957e+00	1.271036e-08	-3.356046e-15	6.616257e-02
2	3	R1	1.490313e+00	1.490313e+00	8.902847e-09	1.176160e-14	3.775756e-02
2	5	R1	1.605136e+00	1.605136e+00	8.142242e-09	0.000000e+00	2.061170e-02
2	6	R1	1.600000e+00	1.600000e+00	8.174221e-09	2.478176e-14	1.792000e-02
2	7	R1	1.661130e+00	1.661130e+00	7.804698e-09	-1.149569e-14	1.931546e-02
2	8	R1	1.769912e+00	1.769912e+00	7.200802e-09	5.452476e-15	4.072363e-02
2	9	R1	1.661130e+00	1.661130e+00	7.804698e-09	2.682328e-14	8.278054e-03
2	10	R1	1.652893e+00	1.652893e+00	7.853126e-09	8.127388e-14	5.464108e-03
2	11	R1	1.686341e+00	1.686341e+00	7.658967e-09	1.561635e-14	1.421872e-02
2	12	R1	1.700680e+00	1.700680e+00	7.577702e-09	-1.279510e-14	1.735388e-02
2	13	R1	1.661130e+00	1.661130e+00	7.804698e-09	7.315441e-15	3.035287e-02
2	14	R1	1.672241e+00	1.672241e+00	7.740013e-09	9.925505e-15	2.237111e-02
2	15	R1	1.557632e+00	1.557632e+00	8.444967e-09	-1.830376e-14	1.213109e-02
2	16	R1	1.745201e+00	1.745201e+00	7.332505e-09	2.082962e-14	2.132008e-02
2	17	R1	1.572327e+00	1.572327e+00	8.349623e-09	9.979573e-15	2.224991e-02
2	18	R1	1.522070e+00	1.522070e+00	8.682385e-09	0.000000e+00	3.011706e-02
2	19	R1	1.508296e+00	1.508296e+00	8.776996e-09	0.000000e+00	1.592469e-02
2	20	R1	1.497006e+00	1.497006e+00	8.855692e-09	1.981633e-14	1.120513e-02
2	21	R1	1.686341e+00	1.686341e+00	7.658967e-09	2.342453e-14	2.843745e-02
2	22	R1	1.672241e+00	1.672241e+00	7.740013e-09	7.940404e-15	2.796389e-02
2	23	R1	1.607717e+00	1.607717e+00	8.126242e-09	1.431758e-14	1.550852e-02
2	24	R1	1.531394e+00	1.531394e+00	8.619201e-09	2.367045e-14	9.380665e-03
2	25	R1	1.340483e+00	1.340483e+00	1.006880e-08	0.000000e+00	1.617204e-02
2	26	R1	1.612903e+00	1.612903e+00	8.094221e-09	0.000000e+00	5.463059e-02
2	27	R1	1.706485e+00	1.706485e+00	7.545133e-09	4.600183e-07	4.368135e-02
2	29	R1	1.618123e+00	1.618123e+00	8.062172e-09	0.000000e+00	2.094658e-02
2	30	R1	1.661130e+00	1.661130e+00	7.804698e-09	-7.315441e-15	3.035287e-02
2	32	R1	1.543210e+00	1.543210e+00	8.540092e-09	-2.071943e-14	2.143347e-02
2	33	R1	1.663894e+00	1.663894e+00	7.788539e-09	0.000000e+00	1.661125e-02
2	34	R1	1.715266e+00	1.715266e+00	7.496210e-09	0.000000e+00	1.765282e-02
2	35	R1	1.697793e+00	1.697793e+00	7.593973e-09	2.567731e-14	8.647502e-03
2	36	R1	1.718213e+00	1.718213e+00	7.479884e-09	2.148910e-14	2.066579e-02
2	37	R1	1.610306e+00	1.610306e+00	8.110235e-09	-2.140738e-14	2.074468e-02
2	38	R1	1.788909e+00	1.788909e+00	7.101563e-09	2.775389e-14	1.600097e-02
2	39	R1	1.663894e+00	1.663894e+00	7.788539e-09	-8.020273e-14	5.537083e-03
2	40	R1	1.506024e+00	1.506024e+00	8.792746e-09	-3.263286e-15	6.804326e-02
2	41	R1	1.607717e+00	1.607717e+00	8.126242e-09	7.809591e-15	2.843229e-02
2	42	R1	1.485884e+00	1.485884e+00	8.934258e-09	0.000000e+00	1.103926e-02
2	43	R1	1.481481e+00	1.481481e+00	8.965649e-09	0.000000e+00	3.950617e-02
2	44	R1	1.552795e+00	1.552795e+00	8.476700e-09	1.315570e-14	1.687821e-02
2	45	R1	1.628664e+00	1.628664e+00	7.997986e-09	0.000000e+00	1.591529e-02
2	46	R1	1.398601e+00	1.398601e+00	9.589621e-09	5.974461e-15	3.716563e-02
2	47	R1	1.602564e+00	1.602564e+00	8.158235e-09	4.322942e-14	1.540927e-02
2	48	R1	1.636661e+00	1.636661e+00	7.949768e-09	0.000000e+00	2.142928e-02
2	50	R1	1.658375e+00	1.658375e+00	7.820849e-09	6.210571e-15	3.575269e-02
2	51	R1	1.650165e+00	1.650165e+00	7.869253e-09	0.000000e+00	1.906131e-02
2	52	R1	1.602564e+00	1.602564e+00	8.158235e-09	-1.235126e-14	1.797748e-02
2	53	R1	1.618123e+00	1.618123e+00	8.062172e-09	2.120104e-14	2.094658e-02
2	54	R1	1.589825e+00	1.589825e+00	8.238096e-09	-6.757688e-15	3.285807e-02
2	55	R1	1.492537e+00	1.492537e+00	8.887134e-09	1.993516e-14	1.113834e-02
2	56	R1	1.594896e+00	1.594896e+00	8.206172e-09	9.699130e-15	2.289325e-02
2	57	R1	1.560062e+00	1.560062e+00	8.429092e-09	1.824678e-14	1.216897e-02
2	58	R1	1.582278e+00	1.582278e+00	8.285932e-09	-2.956331e-14	2.253245e-02
2	60	R1	1.631321e+00	1.631321e+00	7.981921e-09	-1.854166e-14	2.395088e-02
2	61	R1	1.724138e+00	1.724138e+00	7.447202e-09	0.000000e+00	3.269917e-02
2	62	R1	1.686341e+00	1.686341e+00	7.658967e-09	2.602725e-14	8.531234e-03
2	63	R1	1.650165e+00	1.650165e+00	7.869253e-09	0.000000e+00	3.267653e-02
2	64	R1	1.669449e+00	1.669449e+00	7.756197e-09	0.000000e+00	3.901884e-02
2	65	R1	1.680672e+00	1.680672e+00	7.691411e-09	0.000000e+00	1.129864e-02
2	66	R1	1.680672e+00	1.680672e+00	7.691411e-09	0.000000e+00	1.129864e-02
2	67	R1	1.644737e+00	1.644737e+00	7.901482e-09	0.000000e+00	1.893611e-02
2	68	R1	1.524390e+00	1.524390e+00	8.666597e-09	-1.911076e-14	1.161883e-02
2	70	R1	1.584786e+00	1.584786e+00	8.269994e-09	0.000000e+00	2.511547e-02
2	72	R1	1.519757e+00	1.519757e+00	8.698167e-09	3.204577e-14	6.928983e-03
2	73	R1	1.572327e+00	1.572327e+00	8.349623e-09	4.490808e-14	4.944425e-03
2	74	R1	1.547988e+00	1.547988e+00	8.508408e-09	-1.158285e-14	1.917013e-02
2	75	R1	1.560062e+00	1.560062e+00	8.429092e-09	-1.013710e-14	2.190415e-02
2	76	R1	1.697793e+00	1.697793e+00	7.593973e-09	3.851597e-14	5.765001e-03
2	77	R1	1.652893e+00	1.652893e+00	7.853126e-09	1.083652e-14	4.098081e-02
2	78	R1	1.727116e+00	1.727116e+00	7.430846e-09	1.860961e-14	2.386343e-02
2	79	R1	1.721170e+00	1.721170e+00	7.463547e-09	1.362793e-14	3.258670e-02
2	80	R1	1.381215e+00	1.381215e+00	9.729098e-09	0.000000e+00	4.006288e-02
2	81	R1	1.666667e+00	1.666667e+00	7.772372e-09	-4.702121e-15	4.722222e-02
2	82	R1	1.459854e+00	1.459854e+00	9.122314e-09	0.000000e+00	1.363951e-01
2	83	R1	1.584786e+00	1.584786e+00	8.269994e-09	-1.262993e-14	1.758083e-02
2	86	R1	1.652893e+00	1.652893e+00	7.853126e-09	0.000000e+00	3.005259e-02
2	87	R1	1.712329e+00	1.712329e+00	7.512527e-09	1.262161e-14	1.759242e-02
2	88	R1	1.663894e+00	1.663894e+00	7.788539e-09	0.000000e+00	2.214833e-02
2	89	R1	1.675042e+00	1.675042e+00	7.723821e-09	0.000000e+00	3.647495e-02
2	90	R1	1.686341e+00	1.686341e+00	7.658967e-09	1.561635e-14	4.265617e-02
2	91	R1	1.666667e+00	1.666667e+00	7.772372e-09	-1.998401e-14	1.111111e-02
2	92	R1	1.727116e+00	1.727116e+00	7.430846e-09	1.240641e-14	3.579514e-02
2	94	R1	1.697793e+00	1.697793e+00	7.593973e-09	9.628992e-15	2.306001e-02
2	95	R1	1.661130e+00	1.661130e+00	7.804698e-09	-1.005873e-14	2.207481e-02
2	97	R1	1.697793e+00	1.697793e+00	7.593973e-09	8.559104e-15	2.594251e-02
2	98	R1	1.642036e+00	1.642036e+00	7.917585e-09	-9.150236e-15	2.426654e-02
2	99	R1	1.642036e+00	1.642036e+00	7.917585e-09	8.668645e-15	5.122937e-02
2	100	R1	1.270648e+00	1.270648e+00	1.069773e-08	4.125826e-14	1.614546e-02


