2	4.716981e+00	2.224991e-01	-7.300000e-02	3.000000e-02	1.086957e+00	6.616257e-02	1.182262e-01	
3	8.620690e+00	7.431629e-02	7.470000e-01	3.000000e-02	1.490313e+00	3.775756e-02	3.822081e-02	
5	9.174312e+00	2.525040e-01	7.960000e-01	3.000000e-02	1.605136e+00	2.061170e-02	3.319281e-02	
6	9.259259e+00	1.714678e-01	7.860000e-01	3.000000e-02	1.600000e+00	1.792000e-02	3.470848e-02	
7	9.900990e+00	9.802960e-02	7.700000e-01	3.000000e-02	1.661130e+00	1.931546e-02	3.872872e-02	
8	1.020408e+01	3.123698e-01	7.910000e-01	3.000000e-02	1.769912e+00	4.072363e-02	3.749727e-02	
9	1.030928e+01	1.062812e-01	7.910000e-01	3.000000e-02	1.661130e+00	8.278054e-03	3.519262e-02	
10	1.000000e+01	2.000000e-01	7.800000e-01	3.000000e-02	1.652893e+00	5.464108e-03	3.686117e-02	
11	1.052632e+01	2.216066e-01	7.860000e-01	3.000000e-02	1.686341e+00	1.421872e-02	3.658145e-02	
12	1.020408e+01	1.041233e-01	8.140000e-01	3.000000e-02	1.700680e+00	1.735388e-02	3.206546e-02	
13	1.020408e+01	0.000000e+00	8.130000e-01	3.000000e-02	1.661130e+00	3.035287e-02	3.148814e-02	
14	9.174312e+00	4.208400e-01	6.790000e-01	3.000000e-02	1.672241e+00	2.237111e-02	5.441338e-02	
15	9.900990e+00	1.960592e-01	7.760000e-01	3.000000e-02	1.557632e+00	1.213109e-02	3.536835e-02	
16	9.803922e+00	9.611688e-02	7.950000e-01	3.000000e-02	1.745201e+00	2.132008e-02	3.626612e-02	
17	9.523810e+00	1.814059e-01	8.310000e-01	3.000000e-02	1.572327e+00	2.224991e-02	2.693590e-02	
18	9.900990e+00	1.960592e-01	7.820000e-01	3.000000e-02	1.522070e+00	3.011706e-02	3.363512e-02	
19	9.433962e+00	1.779993e-01	7.370000e-01	3.000000e-02	1.508296e+00	1.592469e-02	4.021092e-02	
20	8.928571e+00	1.594388e-01	7.770000e-01	3.000000e-02	1.497006e+00	1.120513e-02	3.383999e-02	
21	1.098901e+01	1.207584e-01	8.120000e-01	3.000000e-02	1.686341e+00	2.843745e-02	3.213697e-02	
22	9.900990e+00	1.960592e-01	7.950000e-01	3.000000e-02	1.672241e+00	2.796389e-02	3.474998e-02	
23	1.030928e+01	1.062812e-01	8.230000e-01	3.000000e-02	1.607717e+00	1.550852e-02	2.884594e-02	
24	8.928571e+00	3.188776e-01	7.930000e-01	3.000000e-02	1.531394e+00	9.380665e-03	3.213357e-02	
25	7.142857e+00	5.102041e-02	6.130000e-01	3.000000e-02	1.340483e+00	1.617204e-02	5.258646e-02	
26	9.523810e+00	1.814059e-01	7.330000e-01	3.000000e-02	1.612903e+00	5.463059e-02	4.365374e-02	
27	9.803922e+00	1.922338e-01	7.760000e-01	3.000000e-02	1.706485e+00	4.368135e-02	3.874826e-02	
29	9.900990e+00	9.802960e-02	8.080000e-01	3.000000e-02	1.618123e+00	2.094658e-02	3.149304e-02	
30	9.900990e+00	1.960592e-01	8.130000e-01	3.000000e-02	1.661130e+00	3.035287e-02	3.148814e-02	
32	1.010101e+01	1.020304e-01	7.790000e-01	3.000000e-02	1.543210e+00	2.143347e-02	3.457157e-02	
33	1.020408e+01	2.082466e-01	7.730000e-01	3.000000e-02	1.663894e+00	1.661125e-02	3.828717e-02	
34	9.900990e+00	9.802960e-02	7.560000e-01	3.000000e-02	1.715266e+00	1.765282e-02	4.242512e-02	
35	1.030928e+01	1.062812e-01	7.640000e-01	3.000000e-02	1.697793e+00	8.647502e-03	4.061613e-02	
36	1.030928e+01	2.125624e-01	7.980000e-01	3.000000e-02	1.718213e+00	2.066579e-02	3.518279e-02	
37	9.345794e+00	1.746877e-01	7.960000e-01	3.000000e-02	1.610306e+00	2.074468e-02	3.329971e-02	
38	1.041667e+01	1.085069e-01	8.180000e-01	3.000000e-02	1.788909e+00	1.600097e-02	3.300361e-02	
39	9.900990e+00	4.901480e-01	8.020000e-01	3.000000e-02	1.663894e+00	5.537083e-03	3.339585e-02	
40	9.615385e+00	1.849112e-01	8.020000e-01	3.000000e-02	1.506024e+00	6.804326e-02	3.022727e-02	
41	9.900990e+00	9.802960e-02	8.090000e-01	3.000000e-02	1.607717e+00	2.843229e-02	3.112754e-02	
42	9.433962e+00	8.899964e-02	8.080000e-01	3.000000e-02	1.485884e+00	1.103926e-02	2.891932e-02	
43	8.264463e+00	6.830135e-02	7.850000e-01	3.000000e-02	1.481481e+00	3.950617e-02	3.228766e-02	
44	9.433962e+00	1.779993e-01	8.060000e-01	3.000000e-02	1.552795e+00	1.687821e-02	3.053639e-02	
45	8.771930e+00	3.847338e-01	7.690000e-01	3.000000e-02	1.628664e+00	1.591529e-02	3.813691e-02	
46	8.474576e+00	1.436369e-01	7.540000e-01	3.000000e-02	1.398601e+00	3.716563e-02	3.487634e-02	
47	1.052632e+01	2.216066e-01	8.050000e-01	3.000000e-02	1.602564e+00	1.540927e-02	3.167757e-02	
48	9.615385e+00	1.849112e-01	7.880000e-01	3.000000e-02	1.636661e+00	2.142928e-02	3.517195e-02	
50	1.030928e+01	1.062812e-01	7.830000e-01	3.000000e-02	1.658375e+00	3.575269e-02	3.647911e-02	
51	1.041667e+01	1.085069e-01	7.870000e-01	3.000000e-02	1.650165e+00	1.906131e-02	3.562943e-02	
52	9.523810e+00	3.628118e-01	7.560000e-01	3.000000e-02	1.602564e+00	1.797748e-02	3.963757e-02	
53	9.708738e+00	9.425959e-02	7.740000e-01	3.000000e-02	1.618123e+00	2.094658e-02	3.706993e-02	
54	8.928571e+00	7.971939e-02	7.620000e-01	3.000000e-02	1.589825e+00	3.285807e-02	3.835554e-02	
55	9.259259e+00	1.714678e-01	7.570000e-01	3.000000e-02	1.492537e+00	1.113834e-02	3.676489e-02	
56	9.174312e+00	8.416800e-02	7.960000e-01	3.000000e-02	1.594896e+00	2.289325e-02	3.298105e-02	
57	8.849558e+00	1.566293e-01	7.810000e-01	3.000000e-02	1.560062e+00	1.216897e-02	3.463283e-02	
58	9.523810e+00	9.070295e-02	7.930000e-01	3.000000e-02	1.582278e+00	2.253245e-02	3.320130e-02	
60	1.041667e+01	1.085069e-01	7.930000e-01	3.000000e-02	1.631321e+00	2.395088e-02	3.423038e-02	
61	1.030928e+01	1.062812e-01	7.980000e-01	3.000000e-02	1.724138e+00	3.269917e-02	3.530411e-02	
62	1.052632e+01	2.216066e-01	8.090000e-01	3.000000e-02	1.686341e+00	8.531234e-03	3.264980e-02	
63	1.052632e+01	1.108033e-01	7.880000e-01	3.000000e-02	1.650165e+00	3.267653e-02	3.546215e-02	
64	1.063830e+01	2.263468e-01	7.920000e-01	3.000000e-02	1.669449e+00	3.901884e-02	3.519965e-02	
65	1.075269e+01	1.156203e-01	7.960000e-01	3.000000e-02	1.680672e+00	1.129864e-02	3.475482e-02	
66	1.041667e+01	1.085069e-01	8.030000e-01	3.000000e-02	1.680672e+00	1.129864e-02	3.356225e-02	
67	1.041667e+01	2.170139e-01	7.980000e-01	3.000000e-02	1.644737e+00	1.893611e-02	3.367826e-02	
68	9.345794e+00	8.734387e-02	7.730000e-01	3.000000e-02	1.524390e+00	1.161883e-02	3.507711e-02	
70	9.803922e+00	9.611688e-02	7.240000e-01	3.000000e-02	1.584786e+00	2.511547e-02	4.433856e-02	
72	8.928571e+00	7.971939e-02	7.460000e-01	3.000000e-02	1.519757e+00	6.928983e-03	3.912998e-02	
73	9.523810e+00	9.070295e-02	7.780000e-01	3.000000e-02	1.572327e+00	4.944425e-03	3.538325e-02	
74	8.620690e+00	1.486326e-01	7.320000e-01	3.000000e-02	1.547988e+00	1.917013e-02	4.205369e-02	
75	9.523810e+00	1.814059e-01	7.810000e-01	3.000000e-02	1.560062e+00	2.190415e-02	3.463283e-02	
76	1.010101e+01	2.040608e-01	8.080000e-01	3.000000e-02	1.697793e+00	5.765001e-03	3.304363e-02	
77	1.000000e+01	2.000000e-01	7.820000e-01	3.000000e-02	1.652893e+00	4.098081e-02	3.652607e-02	
78	9.708738e+00	9.425959e-02	7.530000e-01	3.000000e-02	1.727116e+00	2.386343e-02	4.324344e-02	
79	9.803922e+00	2.883506e-01	8.070000e-01	3.000000e-02	1.721170e+00	3.258670e-02	3.367309e-02	
80	5.813953e+00	6.760411e-02	5.800000e-01	3.000000e-02	1.381215e+00	4.006288e-02	5.880477e-02	
81	1.010101e+01	6.121824e-01	8.180000e-01	3.000000e-02	1.666667e+00	4.722222e-02	3.074836e-02	
82	8.000000e+00	5.760000e-01	7.780000e-01	3.000000e-02	1.459854e+00	1.363951e-01	3.285218e-02	
83	9.259259e+00	1.714678e-01	7.810000e-01	3.000000e-02	1.584786e+00	1.758083e-02	3.518168e-02	
86	9.433962e+00	1.779993e-01	7.900000e-01	3.000000e-02	1.652893e+00	3.005259e-02	3.518566e-02	
87	1.030928e+01	1.062812e-01	7.970000e-01	3.000000e-02	1.712329e+00	1.759242e-02	3.523587e-02	
88	9.803922e+00	2.883506e-01	8.070000e-01	3.000000e-02	1.663894e+00	2.214833e-02	3.255252e-02	
89	1.020408e+01	1.041233e-01	7.960000e-01	3.000000e-02	1.675042e+00	3.647495e-02	3.463839e-02	
90	1.030928e+01	1.062812e-01	8.070000e-01	3.000000e-02	1.686341e+00	4.265617e-02	3.299168e-02	
91	1.052632e+01	1.108033e-01	7.940000e-01	3.000000e-02	1.666667e+00	1.111111e-02	3.480309e-02	
92	1.010101e+01	0.000000e+00	7.910000e-01	3.000000e-02	1.727116e+00	3.579514e-02	3.659060e-02	
94	1.041667e+01	2.170139e-01	7.980000e-01	3.000000e-02	1.697793e+00	2.306001e-02	3.476465e-02	
95	1.041667e+01	1.085069e-01	8.040000e-01	3.000000e-02	1.661130e+00	2.207481e-02	3.300361e-02	
97	1.030928e+01	1.062812e-01	7.910000e-01	3.000000e-02	1.697793e+00	2.594251e-02	3.596937e-02	
98	1.010101e+01	1.020304e-01	7.860000e-01	3.000000e-02	1.642036e+00	2.426654e-02	3.562036e-02	
99	9.009009e+00	8.116224e-02	7.430000e-01	3.000000e-02	1.642036e+00	5.122937e-02	4.277772e-02	
100	5.952381e+00	2.480159e-01	4.490000e-01	3.000000e-02	1.270648e+00	1.614546e-02	7.097064e-02	
