2	3.968254e+00	1.889645e-01	-1.330000e-01	3.000000e-02	1.170960e+00	1.275167e-01	1.344850e-01	
3	8.771930e+00	7.694675e-02	6.840000e-01	3.000000e-02	1.709402e+00	1.753233e-02	5.475617e-02	
5	9.174312e+00	8.416800e-02	7.420000e-01	3.000000e-02	1.865672e+00	2.088438e-02	4.879291e-02	
6	9.433962e+00	8.899964e-02	7.460000e-01	3.000000e-02	1.865672e+00	1.044219e-02	4.803643e-02	
7	1.010101e+01	1.020304e-01	7.410000e-01	3.000000e-02	1.923077e+00	2.958580e-02	5.048917e-02	
8	1.020408e+01	1.041233e-01	7.740000e-01	3.000000e-02	1.968504e+00	3.487507e-02	4.509689e-02	
9	1.030928e+01	1.062812e-01	7.460000e-01	3.000000e-02	1.949318e+00	1.139952e-02	5.019011e-02	
10	1.010101e+01	0.000000e+00	7.510000e-01	3.000000e-02	1.941748e+00	1.131115e-02	4.901104e-02	
11	1.075269e+01	0.000000e+00	7.510000e-01	3.000000e-02	2.008032e+00	8.064386e-03	5.068411e-02	
12	1.041667e+01	0.000000e+00	7.660000e-01	3.000000e-02	2.004008e+00	1.204814e-02	4.753540e-02	
13	1.030928e+01	0.000000e+00	7.690000e-01	3.000000e-02	2.004008e+00	2.008024e-02	4.692597e-02	
14	9.090909e+00	1.652893e-01	6.320000e-01	3.000000e-02	1.960784e+00	1.537870e-02	7.314413e-02	
15	9.900990e+00	0.000000e+00	7.340000e-01	3.000000e-02	1.876173e+00	1.408009e-02	5.058902e-02	
16	9.009009e+00	8.116224e-02	7.410000e-01	3.000000e-02	2.028398e+00	5.760155e-02	5.325430e-02	
17	9.615385e+00	9.245562e-02	7.580000e-01	3.000000e-02	1.893939e+00	1.076102e-02	4.646044e-02	
18	9.803922e+00	9.611688e-02	7.720000e-01	3.000000e-02	1.848429e+00	3.075020e-02	4.272080e-02	
19	9.523810e+00	9.070295e-02	7.650000e-01	3.000000e-02	1.792115e+00	2.248173e-02	4.269092e-02	
20	9.259259e+00	8.573388e-02	7.340000e-01	3.000000e-02	1.862197e+00	1.733890e-02	5.021219e-02	
21	1.086957e+01	1.181474e-01	7.360000e-01	3.000000e-02	2.008032e+00	2.016097e-02	5.373737e-02	
22	9.615385e+00	1.849112e-01	7.510000e-01	3.000000e-02	1.980198e+00	3.529066e-02	4.998156e-02	
23	1.020408e+01	0.000000e+00	7.780000e-01	3.000000e-02	1.915709e+00	1.467976e-02	4.311062e-02	
24	9.259259e+00	8.573388e-02	7.450000e-01	3.000000e-02	1.824818e+00	3.662955e-02	4.716952e-02	
25	7.352941e+00	5.406574e-02	5.450000e-01	3.000000e-02	1.562500e+00	1.953125e-02	7.206647e-02	
26	9.345794e+00	8.734387e-02	6.680000e-01	3.000000e-02	1.890359e+00	5.002841e-02	6.361862e-02	
27	9.523810e+00	9.070295e-02	7.060000e-01	3.000000e-02	2.020202e+00	2.448730e-02	6.020658e-02	
29	1.000000e+01	1.000000e-01	7.800000e-01	3.000000e-02	1.937984e+00	2.253470e-02	4.321901e-02	
30	1.010101e+01	1.020304e-01	7.500000e-01	3.000000e-02	1.984127e+00	2.362056e-02	5.028186e-02	
32	1.030928e+01	1.062812e-01	7.440000e-01	3.000000e-02	1.805054e+00	3.909865e-02	4.684163e-02	
33	1.030928e+01	1.062812e-01	7.470000e-01	3.000000e-02	1.972387e+00	1.556124e-02	5.058414e-02	
34	1.020408e+01	0.000000e+00	7.510000e-01	3.000000e-02	2.016129e+00	1.219433e-02	5.088848e-02	
35	1.041667e+01	1.085069e-01	7.540000e-01	3.000000e-02	2.004008e+00	1.606419e-02	4.997311e-02	
36	1.063830e+01	1.131734e-01	7.430000e-01	3.000000e-02	2.004008e+00	2.409629e-02	5.220768e-02	
37	9.803922e+00	9.611688e-02	7.880000e-01	3.000000e-02	1.869159e+00	1.746877e-02	4.016834e-02	
38	1.020408e+01	1.041233e-01	7.480000e-01	3.000000e-02	2.066116e+00	4.268834e-03	5.277850e-02	
39	1.030928e+01	1.062812e-01	7.440000e-01	3.000000e-02	1.945525e+00	3.785069e-02	5.048690e-02	
40	9.708738e+00	1.885192e-01	7.560000e-01	3.000000e-02	1.848429e+00	4.100027e-02	4.571876e-02	
41	1.000000e+01	1.000000e-01	7.720000e-01	3.000000e-02	1.883239e+00	3.901249e-02	4.352534e-02	
42	9.345794e+00	0.000000e+00	7.370000e-01	3.000000e-02	1.785714e+00	2.232143e-02	4.760686e-02	
43	8.333333e+00	6.944444e-02	7.320000e-01	3.000000e-02	1.773050e+00	3.458076e-02	4.816788e-02	
44	9.523810e+00	9.070295e-02	7.350000e-01	3.000000e-02	1.798561e+00	1.293929e-02	4.831399e-02	
45	9.009009e+00	8.116224e-02	7.490000e-01	3.000000e-02	1.930502e+00	3.354154e-02	4.911858e-02	
46	8.849558e+00	7.831467e-02	7.370000e-01	3.000000e-02	1.692047e+00	2.290419e-02	4.510972e-02	
47	1.041667e+01	0.000000e+00	7.590000e-01	3.000000e-02	1.901141e+00	1.807168e-02	4.644438e-02	
48	1.000000e+01	0.000000e+00	7.580000e-01	3.000000e-02	1.897533e+00	1.800316e-02	4.654860e-02	
50	1.020408e+01	0.000000e+00	7.620000e-01	3.000000e-02	1.988072e+00	1.976214e-02	4.796349e-02	
51	1.030928e+01	1.062812e-01	7.230000e-01	3.000000e-02	1.930502e+00	7.453675e-03	5.420656e-02	
52	1.000000e+01	0.000000e+00	7.280000e-01	3.000000e-02	1.893939e+00	3.587006e-02	5.221999e-02	
53	9.523810e+00	0.000000e+00	7.310000e-01	3.000000e-02	1.890359e+00	1.786729e-02	5.154641e-02	
54	8.771930e+00	7.694675e-02	7.500000e-01	3.000000e-02	1.883239e+00	2.837272e-02	4.772515e-02	
55	9.090909e+00	1.652893e-01	7.310000e-01	3.000000e-02	1.760563e+00	5.269292e-02	4.800713e-02	
56	9.345794e+00	8.734387e-02	7.550000e-01	3.000000e-02	1.904762e+00	1.451247e-02	4.730517e-02	
57	9.345794e+00	8.734387e-02	7.570000e-01	3.000000e-02	1.879699e+00	1.413308e-02	4.630165e-02	
58	9.900990e+00	0.000000e+00	7.620000e-01	3.000000e-02	1.915709e+00	1.100982e-02	4.621770e-02	
60	1.052632e+01	1.108033e-01	7.540000e-01	3.000000e-02	1.915709e+00	2.568958e-02	4.777123e-02	
61	1.030928e+01	1.062812e-01	7.560000e-01	3.000000e-02	1.960784e+00	1.922338e-02	4.849774e-02	
62	1.086957e+01	1.181474e-01	7.500000e-01	3.000000e-02	1.996008e+00	1.992024e-02	5.058295e-02	
63	1.063830e+01	0.000000e+00	7.500000e-01	3.000000e-02	1.964637e+00	2.315878e-02	4.978793e-02	
64	1.075269e+01	1.156203e-01	7.210000e-01	3.000000e-02	1.988072e+00	2.766700e-02	5.622611e-02	
65	1.086957e+01	1.181474e-01	7.170000e-01	3.000000e-02	1.980198e+00	2.352711e-02	5.680635e-02	
66	1.063830e+01	0.000000e+00	7.500000e-01	3.000000e-02	2.004008e+00	1.606419e-02	5.078568e-02	
67	1.041667e+01	0.000000e+00	7.390000e-01	3.000000e-02	1.953125e+00	1.907349e-02	5.167404e-02	
68	9.900990e+00	0.000000e+00	7.170000e-01	3.000000e-02	1.814882e+00	1.317519e-02	5.206390e-02	
70	1.000000e+01	0.000000e+00	7.130000e-01	3.000000e-02	1.858736e+00	1.727450e-02	5.407561e-02	
72	9.009009e+00	8.116224e-02	7.030000e-01	3.000000e-02	1.792115e+00	1.605838e-02	5.395405e-02	
73	9.803922e+00	9.611688e-02	7.240000e-01	3.000000e-02	1.845018e+00	1.021228e-02	5.161924e-02	
74	8.771930e+00	1.538935e-01	6.960000e-01	3.000000e-02	1.808318e+00	6.540030e-03	5.572503e-02	
75	9.900990e+00	0.000000e+00	7.120000e-01	3.000000e-02	1.876173e+00	1.056007e-02	5.477307e-02	
76	1.000000e+01	0.000000e+00	7.620000e-01	3.000000e-02	2.016129e+00	1.219433e-02	4.864040e-02	
77	1.041667e+01	1.085069e-01	7.570000e-01	3.000000e-02	1.953125e+00	2.288818e-02	4.811031e-02	
78	9.708738e+00	9.425959e-02	7.570000e-01	3.000000e-02	2.049180e+00	3.359312e-02	5.047639e-02	
79	1.010101e+01	1.020304e-01	7.280000e-01	3.000000e-02	2.020202e+00	1.632486e-02	5.570133e-02	
80	7.462687e+00	2.227668e-01	7.420000e-01	3.000000e-02	1.694915e+00	6.607297e-02	4.432712e-02	
81	9.090909e+00	3.305785e-01	7.060000e-01	3.000000e-02	2.008032e+00	1.975775e-01	5.984389e-02	
82	8.196721e+00	2.687450e-01	7.890000e-01	3.000000e-02	1.763668e+00	2.177368e-01	3.772257e-02	
83	1.010101e+01	1.020304e-01	6.850000e-01	3.000000e-02	1.901141e+00	2.168602e-02	6.070531e-02	
86	9.900990e+00	0.000000e+00	7.530000e-01	3.000000e-02	1.968504e+00	1.550003e-02	4.928731e-02	
87	1.052632e+01	0.000000e+00	7.230000e-01	3.000000e-02	1.964637e+00	1.157939e-02	5.516503e-02	
88	1.010101e+01	1.020304e-01	7.420000e-01	3.000000e-02	1.960784e+00	2.691273e-02	5.128040e-02	
89	1.030928e+01	1.062812e-01	7.530000e-01	3.000000e-02	1.996008e+00	1.593619e-02	4.997595e-02	
90	1.063830e+01	0.000000e+00	7.960000e-01	3.000000e-02	1.972387e+00	1.556124e-02	4.078721e-02	
91	1.075269e+01	1.156203e-01	7.350000e-01	3.000000e-02	1.964637e+00	2.315878e-02	5.277521e-02	
92	1.041667e+01	1.085069e-01	7.400000e-01	3.000000e-02	2.000000e+00	4.000000e-02	5.271148e-02	
94	1.052632e+01	0.000000e+00	7.460000e-01	3.000000e-02	1.984127e+00	1.968380e-02	5.108637e-02	
95	1.052632e+01	1.108033e-01	7.920000e-01	3.000000e-02	1.980198e+00	1.568474e-02	4.175166e-02	
97	1.052632e+01	1.108033e-01	7.370000e-01	3.000000e-02	1.992032e+00	1.190457e-02	5.310726e-02	
98	1.000000e+01	2.000000e-01	7.200000e-01	3.000000e-02	1.901141e+00	2.530035e-02	5.396027e-02	
99	9.009009e+00	0.000000e+00	7.140000e-01	3.000000e-02	1.893939e+00	1.076102e-02	5.490779e-02	
100	5.917160e+00	1.400511e-01	3.920000e-01	3.000000e-02	1.457726e+00	1.487475e-02	8.984239e-02	
