0	20	R2	1.357000e+01	1.357000e+01	9.365566e-09	-3.641933e-06	5.000000e-02
0	21	R2	1.698000e+01	1.698000e+01	1.195504e-08	0.000000e+00	3.000000e-01
0	25	R2	1.739000e+01	1.739000e+01	1.226379e-08	0.000000e+00	8.500000e-02
0	26	R2	1.789000e+01	1.789000e+01	1.263975e-08	4.800964e-14	7.400000e-02
0	27	R2	1.834000e+01	1.834000e+01	1.297759e-08	0.000000e+00	5.200000e-02
0	28	R2	1.708000e+01	1.708000e+01	1.203038e-08	-6.579099e-14	5.400000e-02
0	29	R2	1.776000e+01	1.776000e+01	1.254206e-08	6.767074e-14	1.050000e-01
0	30	R2	1.842000e+01	1.842000e+01	1.303760e-08	4.866731e-14	7.300000e-02
0	31	R2	1.498000e+01	1.498000e+01	1.044161e-08	-3.947460e-14	4.500000e-02
0	32	R2	1.876000e+01	1.876000e+01	1.329251e-08	0.000000e+00	1.450000e-01
0	33	R2	1.750000e+01	1.750000e+01	1.234656e-08	6.703233e-14	5.300000e-02
0	34	R2	1.716000e+01	1.716000e+01	1.209064e-08	0.000000e+00	7.800000e-02
0	35	R2	1.704000e+01	1.704000e+01	1.200025e-08	1.440289e-13	7.400000e-02
0	37	R2	1.504000e+01	1.504000e+01	1.048721e-08	2.574430e-14	6.900000e-02
0	38	R2	1.529000e+01	1.529000e+01	1.067708e-08	0.000000e+00	9.500000e-02
0	39	R2	1.200000e+01	1.200000e+01	8.155520e-09	0.000000e+00	9.900000e-02
0	40	R2	1.090000e+01	1.090000e+01	7.298141e-09	-2.193033e-14	8.100000e-02
0	41	R2	1.460000e+01	1.460000e+01	1.015246e-08	-3.625218e-14	4.900000e-02
0	42	R2	1.186000e+01	1.186000e+01	8.046883e-09	0.000000e+00	2.500000e-02
0	44	R2	1.057000e+01	1.057000e+01	7.039097e-09	0.000000e+00	6.000000e-02
0	45	R2	1.280000e+01	1.280000e+01	8.773886e-09	0.000000e+00	3.400000e-02
0	46	R2	1.041000e+01	1.041000e+01	6.913169e-09	0.000000e+00	3.100000e-02
0	47	R2	9.650000e+00	9.650000e+00	6.311884e-09	0.000000e+00	1.600000e-02
0	49	R2	1.189000e+01	1.189000e+01	8.070173e-09	-4.934325e-14	3.600000e-02
0	50	R2	1.903000e+01	1.903000e+01	1.349476e-08	3.289550e-14	1.080000e-01
0	51	R2	1.732000e+01	1.732000e+01	1.221111e-08	-7.325183e-14	9.700000e-02
0	52	R2	1.660000e+01	1.660000e+01	1.166846e-08	0.000000e+00	1.150000e-01
0	53	R2	1.885000e+01	1.885000e+01	1.335994e-08	0.000000e+00	2.130000e-01
0	54	R2	1.698000e+01	1.698000e+01	1.195504e-08	0.000000e+00	1.590000e-01
0	55	R2	2.027000e+01	2.027000e+01	1.442182e-08	1.776357e-14	2.000000e-01
0	57	R2	2.184000e+01	2.184000e+01	1.559196e-08	0.000000e+00	1.830000e-01
0	58	R2	2.238000e+01	2.238000e+01	1.599362e-08	-1.733031e-14	2.050000e-01
0	59	R2	1.841000e+01	1.841000e+01	1.303010e-08	0.000000e+00	1.150000e-01
0	60	R2	1.971000e+01	1.971000e+01	1.400349e-08	0.000000e+00	1.430000e-01
0	61	R2	1.788000e+01	1.788000e+01	1.263223e-08	-4.736952e-14	7.500000e-02
0	62	R2	1.999000e+01	1.999000e+01	1.421272e-08	0.000000e+00	1.340000e-01
0	63	R2	1.887000e+01	1.887000e+01	1.337492e-08	0.000000e+00	1.130000e-01
0	64	R2	2.231000e+01	2.231000e+01	1.594158e-08	-1.320711e-14	2.690000e-01
0	65	R2	2.525000e+01	2.525000e+01	1.812280e-08	0.000000e+00	5.500000e-01
0	66	R2	2.448000e+01	2.448000e+01	1.755239e-08	1.237879e-14	2.870000e-01
0	67	R2	2.075000e+01	2.075000e+01	1.477997e-08	-1.869849e-14	1.900000e-01
0	68	R2	1.820000e+01	1.820000e+01	1.287253e-08	0.000000e+00	1.240000e-01
0	69	R2	1.544000e+01	1.544000e+01	1.079089e-08	-3.116416e-14	5.700000e-02
0	70	R2	9.620000e+00	9.620000e+00	6.288039e-09	2.041789e-14	8.700000e-02
0	76	R2	2.002000e+01	2.002000e+01	1.423513e-08	-3.351617e-14	1.060000e-01
0	77	R2	1.308000e+01	1.308000e+01	8.989413e-09	-3.289550e-14	5.400000e-02
0	79	R2	1.704000e+01	1.704000e+01	1.200025e-08	1.315820e-13	8.100000e-02
0	80	R2	1.813000e+01	1.813000e+01	1.281999e-08	5.148860e-14	6.900000e-02
0	81	R2	1.816000e+01	1.816000e+01	1.284251e-08	-3.700743e-14	9.600000e-02
0	82	R2	1.641000e+01	1.641000e+01	1.152501e-08	1.044916e-13	6.800000e-02
0	83	R2	1.697000e+01	1.697000e+01	1.194750e-08	0.000000e+00	1.060000e-01
0	84	R2	1.691000e+01	1.691000e+01	1.190228e-08	4.554761e-14	7.800000e-02
0	86	R2	1.719000e+01	1.719000e+01	1.211324e-08	-7.723291e-14	9.200000e-02
0	88	R2	1.782000e+01	1.782000e+01	1.258715e-08	-7.250436e-14	4.900000e-02
0	89	R2	1.457000e+01	1.457000e+01	1.012960e-08	-2.574430e-14	6.900000e-02
0	90	R2	1.446000e+01	1.446000e+01	1.004578e-08	-7.105427e-14	2.500000e-02
0	92	R2	1.664000e+01	1.664000e+01	1.169864e-08	0.000000e+00	4.200000e-02
0	93	R2	1.679000e+01	1.679000e+01	1.181180e-08	0.000000e+00	4.000000e-02
0	94	R2	1.603000e+01	1.603000e+01	1.123778e-08	8.881784e-14	4.000000e-02
0	95	R2	1.768000e+01	1.768000e+01	1.248192e-08	0.000000e+00	5.900000e-02
0	96	R2	1.814000e+01	1.814000e+01	1.282749e-08	7.401487e-14	4.800000e-02
0	97	R2	1.699000e+01	1.699000e+01	1.196257e-08	5.551115e-14	6.400000e-02
0	98	R2	1.805000e+01	1.805000e+01	1.275992e-08	0.000000e+00	9.600000e-02
0	99	R2	1.830000e+01	1.830000e+01	1.294758e-08	-6.232831e-14	5.700000e-02
0	100	R2	1.715000e+01	1.715000e+01	1.208311e-08	0.000000e+00	4.400000e-02
0	101	R2	1.692000e+01	1.692000e+01	1.190981e-08	4.497106e-14	7.900000e-02
0	102	R2	1.896000e+01	1.896000e+01	1.344233e-08	0.000000e+00	6.600000e-02
0	103	R2	1.731000e+01	1.731000e+01	1.220358e-08	-9.349247e-14	3.800000e-02
0	104	R2	1.641000e+01	1.641000e+01	1.152501e-08	3.606816e-14	1.970000e-01
0	105	R2	1.557000e+01	1.557000e+01	1.088946e-08	1.812609e-14	9.800000e-02
0	106	R2	1.538000e+01	1.538000e+01	1.074538e-08	-2.337312e-14	7.600000e-02
0	107	R2	1.586000e+01	1.586000e+01	1.110914e-08	0.000000e+00	9.600000e-02
0	108	R2	1.710000e+01	1.710000e+01	1.204545e-08	8.994212e-14	7.900000e-02
0	109	R2	1.707000e+01	1.707000e+01	1.202285e-08	0.000000e+00	9.100000e-02
0	110	R2	1.740000e+01	1.740000e+01	1.227132e-08	2.337312e-14	1.520000e-01
0	111	R2	1.829000e+01	1.829000e+01	1.294007e-08	-3.570567e-14	1.990000e-01
0	112	R2	1.874000e+01	1.874000e+01	1.327752e-08	3.351617e-14	1.060000e-01
0	113	R2	1.688000e+01	1.688000e+01	1.187966e-08	4.280378e-14	8.300000e-02
0	117	R2	1.442000e+01	1.442000e+01	1.001528e-08	0.000000e+00	8.000000e-02
0	118	R2	1.543000e+01	1.543000e+01	1.078331e-08	9.601929e-14	3.700000e-02
0	121	R2	2.139000e+01	2.139000e+01	1.525694e-08	0.000000e+00	3.780000e-01
0	122	R2	2.079000e+01	2.079000e+01	1.480980e-08	-2.754042e-14	2.580000e-01
0	124	R2	2.018000e+01	2.018000e+01	1.435463e-08	-5.852906e-15	6.070000e-01
0	126	R2	1.734000e+01	1.734000e+01	1.222616e-08	0.000000e+00	1.140000e-01
0	127	R2	1.671000e+01	1.671000e+01	1.175146e-08	9.109522e-14	7.800000e-02
0	128	R2	1.672000e+01	1.672000e+01	1.175900e-08	1.110223e-13	6.400000e-02
0	129	R2	1.600000e+01	1.600000e+01	1.121509e-08	2.337312e-14	7.600000e-02
0	130	R2	1.580000e+01	1.580000e+01	1.106371e-08	8.458842e-14	4.200000e-02
0	131	R2	1.656000e+01	1.656000e+01	1.163827e-08	-7.401487e-14	4.800000e-02
0	132	R2	1.663000e+01	1.663000e+01	1.169110e-08	-7.558965e-14	4.700000e-02
0	133	R2	1.170000e+01	1.170000e+01	7.922561e-09	5.075305e-14	3.500000e-02
0	135	R2	1.661000e+01	1.661000e+01	1.167600e-08	-4.386066e-14	8.100000e-02
0	136	R2	1.615000e+01	1.615000e+01	1.132854e-08	8.074349e-14	4.400000e-02
0	137	R2	1.513000e+01	1.513000e+01	1.055559e-08	-4.934325e-14	3.600000e-02
0	138	R2	1.469000e+01	1.469000e+01	1.022099e-08	-3.625218e-14	4.900000e-02
0	140	R2	1.750000e+01	1.750000e+01	1.234656e-08	8.458842e-15	4.200000e-01
0	142	R2	1.672000e+01	1.672000e+01	1.175900e-08	1.000764e-13	7.100000e-02
0	143	R2	1.669000e+01	1.669000e+01	1.173637e-08	6.579099e-14	5.400000e-02
0	144	R2	1.766000e+01	1.766000e+01	1.246688e-08	0.000000e+00	4.800000e-02
0	145	R2	1.687000e+01	1.687000e+01	1.187212e-08	0.000000e+00	4.700000e-02
0	146	R2	1.740000e+01	1.740000e+01	1.227132e-08	4.613914e-14	7.700000e-02
0	147	R2	1.853000e+01	1.853000e+01	1.312010e-08	0.000000e+00	5.600000e-02
0	148	R2	1.733000e+01	1.733000e+01	1.221864e-08	-6.703233e-14	5.300000e-02
0	149	R2	1.571000e+01	1.571000e+01	1.099555e-08	-6.459479e-14	5.500000e-02
0	151	R2	1.721000e+01	1.721000e+01	1.212830e-08	-5.224579e-14	6.800000e-02
0	152	R2	1.626000e+01	1.626000e+01	1.141168e-08	4.800964e-14	7.400000e-02
0	153	R2	1.646000e+01	1.646000e+01	1.156277e-08	-4.386066e-14	8.100000e-02
0	154	R2	1.820000e+01	1.820000e+01	1.287253e-08	0.000000e+00	7.400000e-02
0	155	R2	1.672000e+01	1.672000e+01	1.175900e-08	8.881784e-14	8.000000e-02
0	156	R2	1.681000e+01	1.681000e+01	1.182688e-08	-1.093143e-13	6.500000e-02
0	157	R2	1.555000e+01	1.555000e+01	1.087430e-08	6.232831e-14	5.700000e-02
0	158	R2	1.764000e+01	1.764000e+01	1.245185e-08	-6.579099e-14	5.400000e-02
0	159	R2	1.725000e+01	1.725000e+01	1.215842e-08	-9.349247e-14	7.600000e-02
0	160	R2	1.862000e+01	1.862000e+01	1.318758e-08	8.881784e-14	4.000000e-02
0	161	R2	1.641000e+01	1.641000e+01	1.152501e-08	1.393221e-13	5.100000e-02
0	163	R2	1.547000e+01	1.547000e+01	1.081364e-08	-4.800964e-14	7.400000e-02
0	164	R2	1.579000e+01	1.579000e+01	1.105614e-08	0.000000e+00	7.600000e-02
0	165	R2	1.682000e+01	1.682000e+01	1.183442e-08	0.000000e+00	3.900000e-02
0	166	R2	1.643000e+01	1.643000e+01	1.154011e-08	0.000000e+00	6.000000e-02
0	167	R2	1.589000e+01	1.589000e+01	1.113185e-08	5.551115e-14	6.400000e-02
0	168	R2	1.807000e+01	1.807000e+01	1.277494e-08	0.000000e+00	1.860000e-01
0	169	R2	1.623000e+01	1.623000e+01	1.138901e-08	0.000000e+00	5.400000e-02
0	171	R2	1.509000e+01	1.509000e+01	1.052521e-08	5.148860e-14	6.900000e-02
0	172	R2	1.083000e+01	1.083000e+01	7.243267e-09	2.960595e-13	1.800000e-02
0	173	R2	1.578000e+01	1.578000e+01	1.104857e-08	3.483053e-14	1.020000e-01
0	174	R2	1.547000e+01	1.547000e+01	1.081364e-08	-6.344132e-14	5.600000e-02
0	175	R2	1.611000e+01	1.611000e+01	1.129829e-08	-4.229421e-14	8.400000e-02
0	176	R2	1.648000e+01	1.648000e+01	1.157787e-08	6.832142e-14	5.200000e-02
0	177	R2	1.595000e+01	1.595000e+01	1.117726e-08	0.000000e+00	1.110000e-01
0	178	R2	1.598000e+01	1.598000e+01	1.119996e-08	-5.224579e-14	6.800000e-02
0	179	R2	1.667000e+01	1.667000e+01	1.172128e-08	0.000000e+00	6.900000e-02
0	180	R2	1.666000e+01	1.666000e+01	1.171373e-08	-6.232831e-14	5.700000e-02


1	20	NOE	4.970000e-01	4.970000e-01	1.735703e-09	-2.775558e-15	4.000000e-02
1	21	NOE	5.590000e-01	5.590000e-01	1.934778e-09	5.843279e-15	3.800000e-02
1	25	NOE	8.290000e-01	8.290000e-01	1.419303e-08	0.000000e+00	3.800000e-02
1	26	NOE	7.850000e-01	7.850000e-01	4.682311e-09	-2.921640e-15	3.800000e-02
1	27	NOE	7.880000e-01	7.880000e-01	4.832769e-09	-3.605478e-08	3.800000e-02
1	28	NOE	8.050000e-01	8.050000e-01	6.081204e-09	0.000000e+00	3.800000e-02
1	29	NOE	7.950000e-01	7.950000e-01	5.248166e-09	0.000000e+00	3.800000e-02
1	30	NOE	7.960000e-01	7.960000e-01	5.316578e-09	2.921640e-15	3.800000e-02
1	31	NOE	6.930000e-01	6.930000e-01	2.740622e-09	-2.921640e-15	3.800000e-02
1	32	NOE	7.740000e-01	7.740000e-01	4.229762e-09	2.921640e-15	3.800000e-02
1	33	NOE	8.120000e-01	8.120000e-01	6.970975e-09	-1.750785e-08	3.800000e-02
1	34	NOE	7.060000e-01	7.060000e-01	2.880083e-09	0.000000e+00	4.000000e-02
1	35	NOE	7.630000e-01	7.630000e-01	3.885860e-09	2.921640e-15	3.800000e-02
1	37	NOE	6.410000e-01	6.410000e-01	2.330055e-09	-2.921640e-15	3.800000e-02
1	38	NOE	5.870000e-01	5.870000e-01	2.047775e-09	0.000000e+00	3.800000e-02
1	39	NOE	5.080000e-01	5.080000e-01	1.766934e-09	-5.843279e-15	3.800000e-02
1	40	NOE	4.500000e-01	4.500000e-01	1.617340e-09	-1.460820e-15	3.800000e-02
1	41	NOE	5.520000e-01	5.520000e-01	1.909137e-09	-2.921640e-15	3.800000e-02
1	42	NOE	5.230000e-01	5.230000e-01	1.812090e-09	2.921640e-15	3.800000e-02
1	44	NOE	4.760000e-01	4.760000e-01	1.680023e-09	-2.921640e-15	3.800000e-02
1	45	NOE	4.360000e-01	4.360000e-01	1.586085e-09	-1.460820e-15	3.800000e-02
1	46	NOE	4.460000e-01	4.460000e-01	1.608243e-09	-1.460820e-15	3.800000e-02
1	47	NOE	3.840000e-01	3.840000e-01	1.482655e-09	0.000000e+00	3.800000e-02
1	49	NOE	5.260000e-01	5.260000e-01	1.821505e-09	0.000000e+00	3.800000e-02
1	50	NOE	5.820000e-01	5.820000e-01	2.026253e-09	2.921640e-15	3.800000e-02
1	51	NOE	7.740000e-01	7.740000e-01	4.229762e-09	2.921640e-15	3.800000e-02
1	52	NOE	7.380000e-01	7.380000e-01	3.335387e-09	0.000000e+00	3.800000e-02
1	53	NOE	8.450000e-01	8.344307e-01	2.061235e-05	2.781406e-01	3.800000e-02
1	54	NOE	8.940000e-01	8.344307e-01	2.199740e-05	1.567614e+00	3.800000e-02
1	55	NOE	7.780000e-01	7.780000e-01	4.378991e-09	0.000000e+00	3.800000e-02
1	57	NOE	7.220000e-01	7.220000e-01	3.083583e-09	2.921640e-15	3.800000e-02
1	58	NOE	8.050000e-01	8.050000e-01	6.081204e-09	0.000000e+00	3.800000e-02
1	59	NOE	7.810000e-01	7.810000e-01	4.501699e-09	2.921640e-15	3.800000e-02
1	60	NOE	7.870000e-01	7.870000e-01	4.781038e-09	-3.682339e-08	3.800000e-02
1	61	NOE	8.630000e-01	8.344307e-01	2.198180e-05	7.518248e-01	3.800000e-02
1	62	NOE	8.370000e-01	8.344307e-01	2.580892e-05	6.761422e-02	3.800000e-02
1	63	NOE	7.910000e-01	7.910000e-01	4.998504e-09	0.000000e+00	3.800000e-02
1	64	NOE	7.940000e-01	7.940000e-01	5.182300e-09	0.000000e+00	3.800000e-02
1	65	NOE	7.450000e-01	7.450000e-01	3.466095e-09	2.921640e-15	3.800000e-02
1	66	NOE	7.780000e-01	7.780000e-01	4.378991e-09	0.000000e+00	3.800000e-02
1	67	NOE	7.880000e-01	7.880000e-01	4.832769e-09	-3.605478e-08	3.800000e-02
1	68	NOE	8.040000e-01	8.040000e-01	5.979811e-09	0.000000e+00	3.800000e-02
1	69	NOE	6.840000e-01	6.840000e-01	2.654750e-09	2.921640e-15	3.800000e-02
1	70	NOE	7.580000e-01	7.580000e-01	3.754577e-09	0.000000e+00	3.800000e-02
1	76	NOE	6.650000e-01	6.650000e-01	2.496242e-09	0.000000e+00	3.800000e-02
1	77	NOE	4.370000e-01	4.370000e-01	1.588264e-09	-4.382459e-15	3.800000e-02
1	79	NOE	7.810000e-01	7.810000e-01	4.501699e-09	2.921640e-15	3.800000e-02
1	80	NOE	7.780000e-01	7.780000e-01	4.378991e-09	0.000000e+00	3.800000e-02
1	81	NOE	8.060000e-01	8.060000e-01	6.187890e-09	0.000000e+00	3.800000e-02
1	82	NOE	7.880000e-01	7.880000e-01	4.832769e-09	-3.605478e-08	3.800000e-02
1	83	NOE	7.910000e-01	7.910000e-01	4.998504e-09	0.000000e+00	3.800000e-02
1	84	NOE	8.270000e-01	8.270000e-01	1.213096e-08	0.000000e+00	3.800000e-02
1	86	NOE	8.070000e-01	8.070000e-01	6.300345e-09	-2.921640e-15	3.800000e-02
1	88	NOE	8.320000e-01	8.320000e-01	2.122159e-08	0.000000e+00	3.800000e-02
1	89	NOE	7.370000e-01	7.370000e-01	3.317866e-09	2.921640e-15	3.800000e-02
1	90	NOE	6.060000e-01	6.060000e-01	2.135784e-09	0.000000e+00	3.800000e-02
1	92	NOE	7.630000e-01	7.630000e-01	3.885860e-09	2.921640e-15	3.800000e-02
1	93	NOE	8.020000e-01	8.020000e-01	5.791250e-09	0.000000e+00	3.800000e-02
1	94	NOE	7.810000e-01	7.810000e-01	4.501699e-09	2.921640e-15	3.800000e-02
1	95	NOE	8.060000e-01	8.060000e-01	6.187890e-09	0.000000e+00	3.800000e-02
1	96	NOE	7.920000e-01	7.920000e-01	5.057606e-09	0.000000e+00	3.800000e-02
1	97	NOE	7.860000e-01	7.860000e-01	4.730913e-09	-3.759167e-08	3.800000e-02
1	98	NOE	8.160000e-01	8.160000e-01	7.693598e-09	0.000000e+00	3.800000e-02
1	99	NOE	8.270000e-01	8.270000e-01	1.213096e-08	0.000000e+00	3.800000e-02
1	100	NOE	7.680000e-01	7.680000e-01	4.031619e-09	0.000000e+00	3.800000e-02
1	101	NOE	7.420000e-01	7.420000e-01	3.408273e-09	-2.921640e-15	3.800000e-02
1	102	NOE	7.920000e-01	7.920000e-01	5.057606e-09	0.000000e+00	3.800000e-02
1	103	NOE	8.060000e-01	8.060000e-01	6.187890e-09	0.000000e+00	3.800000e-02
1	104	NOE	7.030000e-01	7.030000e-01	2.846089e-09	-2.921640e-15	3.800000e-02
1	105	NOE	7.950000e-01	7.950000e-01	5.248166e-09	0.000000e+00	3.800000e-02
1	106	NOE	7.920000e-01	7.920000e-01	5.057606e-09	0.000000e+00	3.800000e-02
1	107	NOE	8.150000e-01	8.150000e-01	7.492208e-09	-2.921640e-15	3.800000e-02
1	108	NOE	8.050000e-01	8.050000e-01	6.081204e-09	0.000000e+00	3.800000e-02
1	109	NOE	8.240000e-01	8.240000e-01	1.023563e-08	-8.162336e-09	3.800000e-02
1	110	NOE	8.770000e-01	8.344307e-01	3.678520e-05	1.120246e+00	3.800000e-02
1	111	NOE	7.720000e-01	7.720000e-01	4.160563e-09	0.000000e+00	3.800000e-02
1	112	NOE	8.030000e-01	8.030000e-01	5.883286e-09	0.000000e+00	3.800000e-02
1	113	NOE	7.850000e-01	7.850000e-01	4.682311e-09	-2.921640e-15	3.800000e-02
1	117	NOE	5.290000e-01	5.290000e-01	1.831055e-09	2.921640e-15	3.800000e-02
1	118	NOE	5.340000e-01	5.340000e-01	1.847281e-09	0.000000e+00	3.800000e-02
1	121	NOE	5.180000e-01	5.180000e-01	1.796690e-09	5.843279e-15	3.800000e-02
1	122	NOE	7.580000e-01	7.580000e-01	3.754577e-09	0.000000e+00	3.800000e-02
1	124	NOE	7.710000e-01	7.710000e-01	4.127191e-09	2.921640e-15	3.800000e-02
1	126	NOE	7.780000e-01	7.780000e-01	4.378991e-09	0.000000e+00	3.800000e-02
1	127	NOE	7.910000e-01	7.910000e-01	4.998504e-09	0.000000e+00	3.800000e-02
1	128	NOE	7.640000e-01	7.640000e-01	3.913771e-09	0.000000e+00	3.800000e-02
1	129	NOE	7.830000e-01	7.830000e-01	4.589381e-09	-3.989452e-08	3.800000e-02
1	130	NOE	7.710000e-01	7.710000e-01	4.127191e-09	2.921640e-15	3.800000e-02
1	131	NOE	7.550000e-01	7.550000e-01	3.681797e-09	0.000000e+00	3.800000e-02
1	132	NOE	7.930000e-01	7.930000e-01	5.118828e-09	0.000000e+00	3.800000e-02
1	133	NOE	6.240000e-01	6.240000e-01	2.229734e-09	0.000000e+00	3.800000e-02
1	135	NOE	7.140000e-01	7.140000e-01	2.976806e-09	-5.843279e-15	3.800000e-02
1	136	NOE	6.430000e-01	6.430000e-01	2.342715e-09	-1.440153e-07	3.800000e-02
1	137	NOE	7.010000e-01	7.010000e-01	2.824060e-09	-2.921640e-15	3.800000e-02
1	138	NOE	7.430000e-01	7.430000e-01	3.427232e-09	2.921640e-15	3.800000e-02
1	140	NOE	7.340000e-01	7.340000e-01	3.266871e-09	2.921640e-15	3.800000e-02
1	142	NOE	8.200000e-01	8.200000e-01	8.698455e-09	0.000000e+00	3.800000e-02
1	143	NOE	7.430000e-01	7.430000e-01	3.427232e-09	2.921640e-15	3.800000e-02
1	144	NOE	7.620000e-01	7.620000e-01	3.858525e-09	2.921640e-15	3.800000e-02
1	145	NOE	7.910000e-01	7.910000e-01	4.998504e-09	0.000000e+00	3.800000e-02
1	146	NOE	8.350000e-01	8.344307e-01	2.055677e-05	1.498266e-02	3.800000e-02
1	147	NOE	8.180000e-01	8.180000e-01	8.150141e-09	2.921640e-15	3.800000e-02
1	148	NOE	7.850000e-01	7.850000e-01	4.682311e-09	-2.921640e-15	3.800000e-02
1	149	NOE	7.720000e-01	7.720000e-01	4.160563e-09	0.000000e+00	3.800000e-02
1	151	NOE	8.100000e-01	8.100000e-01	6.678119e-09	0.000000e+00	3.800000e-02
1	152	NOE	7.920000e-01	7.920000e-01	5.057606e-09	0.000000e+00	3.800000e-02
1	153	NOE	8.230000e-01	8.230000e-01	9.776613e-09	0.000000e+00	3.800000e-02
1	154	NOE	8.180000e-01	8.180000e-01	8.150141e-09	2.921640e-15	3.800000e-02
1	155	NOE	8.300000e-01	8.300000e-01	1.571497e-08	0.000000e+00	3.800000e-02
1	156	NOE	8.680000e-01	8.344307e-01	2.986049e-05	8.834037e-01	3.800000e-02
1	157	NOE	8.250000e-01	8.250000e-01	1.076578e-08	2.921640e-15	3.800000e-02
1	158	NOE	8.300000e-01	8.300000e-01	1.571497e-08	0.000000e+00	3.800000e-02
1	159	NOE	8.070000e-01	8.070000e-01	6.300345e-09	-2.921640e-15	3.800000e-02
1	160	NOE	8.070000e-01	8.070000e-01	6.300345e-09	-2.921640e-15	3.800000e-02
1	161	NOE	7.860000e-01	7.860000e-01	4.730913e-09	-3.571209e-08	4.000000e-02
1	163	NOE	7.800000e-01	7.800000e-01	4.459675e-09	2.921640e-15	3.800000e-02
1	164	NOE	7.820000e-01	7.820000e-01	4.544915e-09	0.000000e+00	3.800000e-02
1	165	NOE	7.680000e-01	7.680000e-01	4.031619e-09	0.000000e+00	3.800000e-02
1	166	NOE	7.990000e-01	7.990000e-01	5.538869e-09	2.921640e-15	3.800000e-02
1	167	NOE	8.170000e-01	8.170000e-01	7.912056e-09	0.000000e+00	3.800000e-02
1	168	NOE	8.430000e-01	8.344307e-01	2.225231e-05	2.255090e-01	3.800000e-02
1	169	NOE	8.060000e-01	8.060000e-01	6.187890e-09	0.000000e+00	3.900000e-02
1	171	NOE	7.950000e-01	7.950000e-01	5.248166e-09	0.000000e+00	3.800000e-02
1	172	NOE	2.750000e-01	2.750000e-01	1.313156e-09	-8.764919e-15	3.800000e-02
1	173	NOE	7.090000e-01	7.090000e-01	2.915278e-09	2.921640e-15	3.800000e-02
1	174	NOE	7.370000e-01	7.370000e-01	3.317866e-09	2.921640e-15	3.800000e-02
1	175	NOE	7.730000e-01	7.730000e-01	4.194742e-09	2.921640e-15	3.800000e-02
1	176	NOE	8.200000e-01	8.200000e-01	8.698455e-09	0.000000e+00	3.800000e-02
1	177	NOE	7.410000e-01	7.410000e-01	3.389616e-09	-2.921640e-15	3.800000e-02
1	178	NOE	8.060000e-01	8.060000e-01	6.187890e-09	0.000000e+00	3.800000e-02
1	179	NOE	7.640000e-01	7.640000e-01	3.913771e-09	0.000000e+00	3.800000e-02
1	180	NOE	6.700000e-01	6.700000e-01	2.535309e-09	-2.921640e-15	3.800000e-02


2	20	R1	1.321000e+00	1.321000e+00	1.023807e-08	3.700743e-14	6.000000e-03
2	21	R1	1.338000e+00	1.338000e+00	1.009012e-08	0.000000e+00	2.900000e-02
2	25	R1	1.173000e+00	1.173000e+00	1.169360e-08	-3.172066e-14	7.000000e-03
2	26	R1	1.181000e+00	1.181000e+00	1.160621e-08	-3.700743e-14	6.000000e-03
2	27	R1	1.187000e+00	1.187000e+00	1.154139e-08	-1.417306e-13	4.700000e-03
2	28	R1	1.191000e+00	1.191000e+00	1.149852e-08	4.189521e-14	5.300000e-03
2	29	R1	1.203000e+00	1.203000e+00	1.137151e-08	2.242875e-14	9.900000e-03
2	30	R1	1.156000e+00	1.156000e+00	1.188311e-08	4.270089e-14	5.200000e-03
2	31	R1	1.239000e+00	1.239000e+00	1.100438e-08	4.440892e-14	5.000000e-03
2	32	R1	1.168000e+00	1.168000e+00	1.174880e-08	1.914178e-14	1.160000e-02
2	33	R1	1.188000e+00	1.188000e+00	1.153064e-08	-5.551115e-14	4.000000e-03
2	34	R1	1.170000e+00	1.170000e+00	1.172667e-08	0.000000e+00	7.000000e-03
2	35	R1	1.134000e+00	1.134000e+00	1.213632e-08	2.302839e-06	6.700000e-03
2	37	R1	1.421000e+00	1.421000e+00	9.414512e-09	-2.494883e-14	8.900000e-03
2	38	R1	1.462000e+00	1.462000e+00	9.106584e-09	-3.861645e-14	1.150000e-02
2	39	R1	1.357000e+00	1.357000e+00	9.928796e-09	1.620764e-14	1.370000e-02
2	40	R1	1.437000e+00	1.437000e+00	9.292460e-09	-3.416071e-14	1.300000e-02
2	41	R1	1.439000e+00	1.439000e+00	9.277375e-09	-4.037175e-14	5.500000e-03
2	42	R1	1.587000e+00	1.587000e+00	8.255958e-09	0.000000e+00	4.200000e-03
2	44	R1	1.456000e+00	1.456000e+00	9.150670e-09	-2.094760e-14	1.060000e-02
2	45	R1	1.520000e+00	1.520000e+00	8.696506e-09	0.000000e+00	4.100000e-03
2	46	R1	1.540000e+00	1.540000e+00	8.561476e-09	7.049035e-14	6.300000e-03
2	47	R1	1.495000e+00	1.495000e+00	8.869785e-09	7.401487e-14	3.000000e-03
2	49	R1	1.472000e+00	1.472000e+00	9.033824e-09	-4.037175e-14	5.500000e-03
2	50	R1	1.321000e+00	1.321000e+00	1.023807e-08	2.643388e-14	8.400000e-03
2	51	R1	1.210000e+00	1.210000e+00	1.129852e-08	4.625929e-14	9.600000e-03
2	52	R1	1.187000e+00	1.187000e+00	1.154139e-08	2.018587e-14	1.100000e-02
2	53	R1	1.249000e+00	1.249000e+00	1.090592e-08	-1.313873e-14	1.690000e-02
2	54	R1	1.286000e+00	1.286000e+00	1.055405e-08	-3.062684e-14	1.450000e-02
2	55	R1	1.229000e+00	1.229000e+00	1.110434e-08	0.000000e+00	1.310000e-02
2	57	R1	1.248000e+00	1.248000e+00	1.091570e-08	2.176908e-14	1.020000e-02
2	58	R1	1.261000e+00	1.261000e+00	1.078970e-08	-1.982541e-14	1.120000e-02
2	59	R1	1.212000e+00	1.212000e+00	1.127782e-08	-2.265761e-14	9.800000e-03
2	60	R1	1.291000e+00	1.291000e+00	1.050794e-08	0.000000e+00	1.020000e-02
2	61	R1	1.103000e+00	1.103000e+00	1.250936e-08	0.000000e+00	6.600000e-03
2	62	R1	1.174000e+00	1.174000e+00	1.168262e-08	0.000000e+00	9.300000e-03
2	63	R1	1.206000e+00	1.206000e+00	1.134014e-08	0.000000e+00	9.300000e-03
2	64	R1	1.136000e+00	1.136000e+00	1.211292e-08	-2.980464e-14	1.490000e-02
2	65	R1	1.141000e+00	1.141000e+00	1.205475e-08	1.042463e-14	2.130000e-02
2	66	R1	1.186000e+00	1.186000e+00	1.155215e-08	0.000000e+00	1.220000e-02
2	67	R1	1.193000e+00	1.193000e+00	1.147718e-08	1.721276e-14	1.290000e-02
2	68	R1	1.152000e+00	1.152000e+00	1.192847e-08	2.176908e-14	1.020000e-02
2	69	R1	1.182000e+00	1.182000e+00	1.159536e-08	-3.364312e-14	6.600000e-03
2	70	R1	9.690000e-01	9.690000e-01	1.438297e-08	-9.489086e-15	1.170000e-02
2	76	R1	1.325000e+00	1.325000e+00	1.020295e-08	-2.846726e-14	7.800000e-03
2	77	R1	1.263000e+00	1.263000e+00	1.077052e-08	2.960595e-14	7.500000e-03
2	79	R1	1.333000e+00	1.333000e+00	1.013327e-08	0.000000e+00	7.500000e-03
2	80	R1	1.259000e+00	1.259000e+00	1.080892e-08	0.000000e+00	6.400000e-03
2	81	R1	1.169000e+00	1.169000e+00	1.173772e-08	0.000000e+00	7.200000e-03
2	82	R1	1.235000e+00	1.235000e+00	1.104419e-08	0.000000e+00	6.200000e-03
2	83	R1	1.236000e+00	1.236000e+00	1.103421e-08	0.000000e+00	1.090000e-02
2	84	R1	1.176000e+00	1.176000e+00	1.166070e-08	0.000000e+00	7.300000e-03
2	86	R1	1.218000e+00	1.218000e+00	1.121607e-08	0.000000e+00	8.200000e-03
2	88	R1	1.171000e+00	1.171000e+00	1.171563e-08	5.415722e-14	4.100000e-03
2	89	R1	1.295000e+00	1.295000e+00	1.047129e-08	0.000000e+00	8.800000e-03
2	90	R1	1.186000e+00	1.186000e+00	1.155215e-08	0.000000e+00	3.800000e-03
2	92	R1	1.291000e+00	1.291000e+00	1.050794e-08	0.000000e+00	4.300000e-03
2	93	R1	1.174000e+00	1.174000e+00	1.168262e-08	3.447548e-06	4.600000e-03
2	94	R1	1.218000e+00	1.218000e+00	1.121607e-08	0.000000e+00	4.200000e-03
2	95	R1	1.157000e+00	1.157000e+00	1.187182e-08	4.037175e-14	5.500000e-03
2	96	R1	1.155000e+00	1.155000e+00	1.189442e-08	5.286776e-14	4.200000e-03
2	97	R1	1.147000e+00	1.147000e+00	1.198559e-08	-3.265362e-14	6.800000e-03
2	98	R1	1.152000e+00	1.152000e+00	1.192847e-08	2.581914e-14	8.600000e-03
2	99	R1	1.140000e+00	1.140000e+00	1.206635e-08	-4.625929e-14	4.800000e-03
2	100	R1	1.130000e+00	1.130000e+00	1.218336e-08	0.000000e+00	4.600000e-03
2	101	R1	1.135000e+00	1.135000e+00	1.212461e-08	0.000000e+00	7.100000e-03
2	102	R1	1.228000e+00	1.228000e+00	1.111442e-08	-7.526936e-14	5.900000e-03
2	103	R1	1.163000e+00	1.163000e+00	1.180444e-08	0.000000e+00	3.600000e-03
2	104	R1	1.222000e+00	1.222000e+00	1.117522e-08	0.000000e+00	1.960000e-02
2	105	R1	1.235000e+00	1.235000e+00	1.104419e-08	2.312965e-14	9.600000e-03
2	106	R1	1.196000e+00	1.196000e+00	1.144531e-08	0.000000e+00	7.100000e-03
2	107	R1	1.216000e+00	1.216000e+00	1.123659e-08	-2.312965e-14	9.600000e-03
2	108	R1	1.212000e+00	1.212000e+00	1.127782e-08	-3.127389e-14	7.100000e-03
2	109	R1	1.131000e+00	1.131000e+00	1.217157e-08	2.581914e-14	8.600000e-03
2	110	R1	1.171000e+00	1.171000e+00	1.171563e-08	-1.850372e-14	1.200000e-02
2	111	R1	1.327000e+00	1.327000e+00	1.018545e-08	0.000000e+00	1.610000e-02
2	112	R1	1.256000e+00	1.256000e+00	1.083787e-08	2.775558e-14	8.000000e-03
2	113	R1	1.188000e+00	1.188000e+00	1.153064e-08	-2.810691e-14	7.900000e-03
2	117	R1	1.349000e+00	1.349000e+00	9.996212e-09	-4.827057e-14	9.200000e-03
2	118	R1	1.461000e+00	1.461000e+00	9.113909e-09	0.000000e+00	4.100000e-03
2	121	R1	1.260000e+00	1.260000e+00	1.079930e-08	0.000000e+00	2.090000e-02
2	122	R1	1.283000e+00	1.283000e+00	1.058188e-08	2.552237e-14	1.740000e-02
2	124	R1	1.346000e+00	1.346000e+00	1.002168e-08	0.000000e+00	3.810000e-02
2	126	R1	1.195000e+00	1.195000e+00	1.145592e-08	0.000000e+00	9.200000e-03
2	127	R1	1.189000e+00	1.189000e+00	1.151992e-08	5.621382e-14	7.900000e-03
2	128	R1	1.244000e+00	1.244000e+00	1.095497e-08	3.700743e-14	6.000000e-03
2	129	R1	1.227000e+00	1.227000e+00	1.112452e-08	-2.494883e-14	8.900000e-03
2	130	R1	1.255000e+00	1.255000e+00	1.084755e-08	1.057355e-13	4.200000e-03
2	131	R1	1.170000e+00	1.170000e+00	1.172667e-08	0.000000e+00	4.100000e-03
2	132	R1	1.131000e+00	1.131000e+00	1.217157e-08	5.046468e-14	4.400000e-03
2	133	R1	1.480000e+00	1.480000e+00	8.976250e-09	0.000000e+00	5.800000e-03
2	135	R1	1.223000e+00	1.223000e+00	1.116505e-08	2.581914e-14	8.600000e-03
2	136	R1	1.164000e+00	1.164000e+00	1.179328e-08	0.000000e+00	4.500000e-03
2	137	R1	1.075000e+00	1.075000e+00	1.286387e-08	6.001206e-14	3.700000e-03
2	138	R1	1.144000e+00	1.144000e+00	1.202008e-08	-3.965082e-14	5.600000e-03
2	140	R1	1.137000e+00	1.137000e+00	1.210125e-08	0.000000e+00	3.460000e-02
2	142	R1	1.169000e+00	1.169000e+00	1.173772e-08	0.000000e+00	6.100000e-03
2	143	R1	1.166000e+00	1.166000e+00	1.177100e-08	-4.189521e-14	5.300000e-03
2	144	R1	1.144000e+00	1.144000e+00	1.202008e-08	4.724353e-14	4.700000e-03
2	145	R1	1.178000e+00	1.178000e+00	1.163885e-08	0.000000e+00	4.500000e-03
2	146	R1	1.169000e+00	1.169000e+00	1.173772e-08	0.000000e+00	6.800000e-03
2	147	R1	1.162000e+00	1.162000e+00	1.181563e-08	3.836860e-06	4.100000e-03
2	148	R1	1.182000e+00	1.182000e+00	1.159536e-08	-4.531523e-14	4.900000e-03
2	149	R1	1.172000e+00	1.172000e+00	1.170461e-08	0.000000e+00	5.000000e-03
2	151	R1	1.211000e+00	1.211000e+00	1.128816e-08	-3.700743e-14	6.000000e-03
2	152	R1	1.246000e+00	1.246000e+00	1.093531e-08	0.000000e+00	7.000000e-03
2	153	R1	1.249000e+00	1.249000e+00	1.090592e-08	2.775558e-14	8.000000e-03
2	154	R1	1.193000e+00	1.193000e+00	1.147718e-08	-7.401487e-14	6.000000e-03
2	155	R1	1.226000e+00	1.226000e+00	1.113463e-08	0.000000e+00	7.000000e-03
2	156	R1	1.258000e+00	1.258000e+00	1.081856e-08	0.000000e+00	6.000000e-03
2	157	R1	1.209000e+00	1.209000e+00	1.130890e-08	0.000000e+00	6.000000e-03
2	158	R1	1.266000e+00	1.266000e+00	1.074187e-08	0.000000e+00	4.000000e-03
2	159	R1	1.202000e+00	1.202000e+00	1.138201e-08	0.000000e+00	6.000000e-03
2	160	R1	1.225000e+00	1.225000e+00	1.114475e-08	7.401487e-14	3.000000e-03
2	161	R1	1.258000e+00	1.258000e+00	1.081856e-08	0.000000e+00	5.000000e-03
2	163	R1	1.076000e+00	1.076000e+00	1.285091e-08	0.000000e+00	7.000000e-03
2	164	R1	1.111000e+00	1.111000e+00	1.241120e-08	3.172066e-14	7.000000e-03
2	165	R1	1.138000e+00	1.138000e+00	1.208959e-08	7.401487e-14	3.000000e-03
2	166	R1	1.136000e+00	1.136000e+00	1.211292e-08	0.000000e+00	5.000000e-03
2	167	R1	1.214000e+00	1.214000e+00	1.125717e-08	2.712607e-06	6.000000e-03
2	168	R1	1.242000e+00	1.242000e+00	1.097469e-08	0.000000e+00	1.500000e-02
2	169	R1	1.175000e+00	1.175000e+00	1.167165e-08	4.440892e-14	5.000000e-03
2	171	R1	1.172000e+00	1.172000e+00	1.170461e-08	0.000000e+00	7.000000e-03
2	172	R1	1.216000e+00	1.216000e+00	1.123659e-08	-7.401487e-14	3.000000e-03
2	173	R1	1.231000e+00	1.231000e+00	1.108423e-08	2.220446e-14	1.000000e-02
2	174	R1	1.238000e+00	1.238000e+00	1.101431e-08	0.000000e+00	6.000000e-03
2	175	R1	1.226000e+00	1.226000e+00	1.113463e-08	2.049767e-06	8.000000e-03
2	176	R1	1.200000e+00	1.200000e+00	1.140304e-08	-4.440892e-14	5.000000e-03
2	177	R1	1.190000e+00	1.190000e+00	1.150921e-08	0.000000e+00	6.000000e-03
2	178	R1	1.200000e+00	1.200000e+00	1.140304e-08	4.037175e-14	1.100000e-02
2	179	R1	1.152000e+00	1.152000e+00	1.192847e-08	3.700743e-14	6.000000e-03
2	180	R1	1.185000e+00	1.185000e+00	1.156292e-08	0.000000e+00	5.000000e-03


