0	20	R2	1.790000e+01	1.790000e+01	1.167897e-08	0.000000e+00	5.300000e-02
0	21	R2	2.255000e+01	2.255000e+01	1.486240e-08	0.000000e+00	4.350000e-01
0	25	R2	2.185000e+01	2.185000e+01	1.438493e-08	0.000000e+00	1.150000e-01
0	26	R2	2.318000e+01	2.318000e+01	1.529172e-08	6.518741e-14	1.090000e-01
0	27	R2	2.343000e+01	2.343000e+01	1.546198e-08	0.000000e+00	8.700000e-02
0	28	R2	2.178000e+01	2.178000e+01	1.433715e-08	9.109522e-14	7.800000e-02
0	29	R2	2.243000e+01	2.243000e+01	1.478059e-08	2.234411e-14	1.590000e-01
0	30	R2	2.370000e+01	2.370000e+01	1.564580e-08	-2.936127e-14	1.210000e-01
0	31	R2	2.122000e+01	2.122000e+01	1.395475e-08	8.881784e-14	8.000000e-02
0	32	R2	2.433000e+01	2.433000e+01	1.607448e-08	0.000000e+00	2.470000e-01
0	33	R2	2.268000e+01	2.268000e+01	1.495102e-08	0.000000e+00	8.000000e-02
0	34	R2	2.040000e+01	2.040000e+01	1.339413e-08	0.000000e+00	9.200000e-02
0	35	R2	2.052000e+01	2.052000e+01	1.347623e-08	3.625218e-14	9.800000e-02
0	37	R2	1.957000e+01	1.957000e+01	1.282578e-08	0.000000e+00	1.020000e-01
0	38	R2	1.946000e+01	1.946000e+01	1.275038e-08	3.229740e-14	1.100000e-01
0	39	R2	1.526000e+01	1.526000e+01	9.854434e-09	1.776357e-14	1.000000e-01
0	40	R2	1.421000e+01	1.421000e+01	9.123426e-09	4.440892e-14	8.000000e-02
0	41	R2	1.852000e+01	1.852000e+01	1.210529e-08	-5.824121e-14	6.100000e-02
0	42	R2	1.551000e+01	1.551000e+01	1.002797e-08	6.579099e-14	2.700000e-02
0	44	R2	1.330000e+01	1.330000e+01	8.486665e-09	-3.116416e-14	5.700000e-02
0	45	R2	1.599000e+01	1.599000e+01	1.036067e-08	0.000000e+00	3.900000e-02
0	46	R2	1.318000e+01	1.318000e+01	8.402442e-09	0.000000e+00	3.000000e-02
0	47	R2	1.228000e+01	1.228000e+01	7.768635e-09	-1.044916e-13	1.700000e-02
0	49	R2	1.529000e+01	1.529000e+01	9.875268e-09	0.000000e+00	3.900000e-02
0	50	R2	2.250000e+01	2.250000e+01	1.482832e-08	0.000000e+00	1.690000e-01
0	51	R2	2.282000e+01	2.282000e+01	1.504644e-08	0.000000e+00	1.430000e-01
0	52	R2	2.264000e+01	2.264000e+01	1.492376e-08	1.652425e-14	2.150000e-01
0	53	R2	2.270000e+01	2.270000e+01	1.496466e-08	1.146037e-14	3.100000e-01
0	54	R2	2.346000e+01	2.346000e+01	1.548241e-08	0.000000e+00	3.160000e-01
0	55	R2	2.696000e+01	2.696000e+01	1.786090e-08	0.000000e+00	4.300000e-01
0	57	R2	2.986000e+01	2.986000e+01	1.982606e-08	-1.575483e-14	4.510000e-01
0	58	R2	2.839000e+01	2.839000e+01	1.883046e-08	-1.925590e-14	3.690000e-01
0	59	R2	3.254000e+01	3.254000e+01	2.163888e-08	0.000000e+00	4.230000e-01
0	60	R2	2.717000e+01	2.717000e+01	1.800336e-08	-2.012869e-14	3.530000e-01
0	61	R2	2.337000e+01	2.337000e+01	1.542112e-08	0.000000e+00	1.260000e-01
0	62	R2	2.527000e+01	2.527000e+01	1.671352e-08	5.124106e-14	2.080000e-01
0	63	R2	2.534000e+01	2.534000e+01	1.676108e-08	1.652425e-14	2.150000e-01
0	64	R2	2.871000e+01	2.871000e+01	1.904727e-08	1.534650e-14	4.630000e-01
0	65	R2	3.567000e+01	3.567000e+01	2.375307e-08	-6.653022e-15	1.068000e+00
0	66	R2	3.144000e+01	3.144000e+01	2.089514e-08	6.993531e-15	5.080000e-01
0	67	R2	2.808000e+01	2.808000e+01	1.862037e-08	0.000000e+00	3.730000e-01
0	68	R2	2.312000e+01	2.312000e+01	1.525085e-08	1.652425e-14	2.150000e-01
0	69	R2	2.122000e+01	2.122000e+01	1.395475e-08	7.105427e-14	1.000000e-01
0	70	R2	2.521000e+01	2.521000e+01	1.667275e-08	1.306145e-14	5.440000e-01
0	76	R2	2.572000e+01	2.572000e+01	1.701921e-08	1.794300e-14	1.980000e-01
0	77	R2	1.747000e+01	1.747000e+01	1.138288e-08	0.000000e+00	7.400000e-02
0	79	R2	2.191000e+01	2.191000e+01	1.442588e-08	-2.368476e-14	1.500000e-01
0	80	R2	2.422000e+01	2.422000e+01	1.599965e-08	-2.691450e-14	1.320000e-01
0	81	R2	2.373000e+01	2.373000e+01	1.566622e-08	-2.140189e-14	1.660000e-01
0	82	R2	2.182000e+01	2.182000e+01	1.436446e-08	-6.459479e-14	1.100000e-01
0	83	R2	2.240000e+01	2.240000e+01	1.476013e-08	0.000000e+00	2.140000e-01
0	84	R2	2.308000e+01	2.308000e+01	1.522360e-08	-5.302558e-14	1.340000e-01
0	86	R2	2.127000e+01	2.127000e+01	1.398891e-08	0.000000e+00	1.270000e-01
0	88	R2	2.158000e+01	2.158000e+01	1.420062e-08	0.000000e+00	5.300000e-02
0	89	R2	1.865000e+01	1.865000e+01	1.219459e-08	3.739699e-14	9.500000e-02
0	90	R2	1.739000e+01	1.739000e+01	1.132775e-08	0.000000e+00	2.600000e-02
0	92	R2	2.170000e+01	2.170000e+01	1.428255e-08	5.824121e-14	6.100000e-02
0	93	R2	2.172000e+01	2.172000e+01	1.429620e-08	0.000000e+00	5.800000e-02
0	94	R2	2.092000e+01	2.092000e+01	1.374975e-08	-5.551115e-14	6.400000e-02
0	95	R2	2.185000e+01	2.185000e+01	1.438493e-08	0.000000e+00	9.300000e-02
0	96	R2	2.378000e+01	2.378000e+01	1.570025e-08	0.000000e+00	7.500000e-02
0	97	R2	2.254000e+01	2.254000e+01	1.485559e-08	0.000000e+00	8.700000e-02
0	98	R2	2.296000e+01	2.296000e+01	1.514184e-08	0.000000e+00	1.480000e-01
0	99	R2	2.328000e+01	2.328000e+01	1.535983e-08	0.000000e+00	8.600000e-02
0	100	R2	2.232000e+01	2.232000e+01	1.470558e-08	0.000000e+00	6.800000e-02
0	101	R2	2.082000e+01	2.082000e+01	1.368139e-08	6.344132e-14	1.120000e-01
0	102	R2	2.422000e+01	2.422000e+01	1.599965e-08	-3.200643e-14	1.110000e-01
0	103	R2	2.244000e+01	2.244000e+01	1.478741e-08	0.000000e+00	6.000000e-02
0	104	R2	2.151000e+01	2.151000e+01	1.415283e-08	0.000000e+00	2.870000e-01
0	105	R2	1.935000e+01	1.935000e+01	1.267496e-08	5.465713e-14	1.300000e-01
0	106	R2	2.054000e+01	2.054000e+01	1.348991e-08	0.000000e+00	1.240000e-01
0	107	R2	1.971000e+01	1.971000e+01	1.292171e-08	3.517538e-14	1.010000e-01
0	108	R2	2.218000e+01	2.218000e+01	1.461009e-08	0.000000e+00	1.140000e-01
0	109	R2	2.217000e+01	2.217000e+01	1.460327e-08	-3.089316e-14	1.150000e-01
0	110	R2	2.088000e+01	2.088000e+01	1.372240e-08	0.000000e+00	2.100000e-01
0	111	R2	2.351000e+01	2.351000e+01	1.551645e-08	2.248553e-14	3.160000e-01
0	112	R2	2.389000e+01	2.389000e+01	1.577512e-08	-2.140189e-14	1.660000e-01
0	113	R2	2.104000e+01	2.104000e+01	1.383176e-08	6.073015e-14	1.170000e-01
0	117	R2	1.738000e+01	1.738000e+01	1.132086e-08	3.861645e-14	9.200000e-02
0	118	R2	1.910000e+01	1.910000e+01	1.250349e-08	0.000000e+00	3.900000e-02
0	121	R2	2.692000e+01	2.692000e+01	1.783377e-08	1.807997e-14	3.930000e-01
0	122	R2	2.614000e+01	2.614000e+01	1.730441e-08	0.000000e+00	3.420000e-01
0	124	R2	2.555000e+01	2.555000e+01	1.690374e-08	-3.965082e-15	8.960000e-01
0	126	R2	2.144000e+01	2.144000e+01	1.410502e-08	2.322035e-14	1.530000e-01
0	127	R2	2.189000e+01	2.189000e+01	1.441223e-08	-3.062684e-14	1.160000e-01
0	128	R2	2.164000e+01	2.164000e+01	1.424159e-08	0.000000e+00	9.500000e-02
0	129	R2	2.188000e+01	2.188000e+01	1.440540e-08	-3.320293e-14	1.070000e-01
0	130	R2	2.051000e+01	2.051000e+01	1.346939e-08	6.459479e-14	5.500000e-02
0	131	R2	2.109000e+01	2.109000e+01	1.386593e-08	-4.736952e-14	7.500000e-02
0	132	R2	2.154000e+01	2.154000e+01	1.417331e-08	-5.382900e-14	6.600000e-02
0	133	R2	1.358000e+01	1.358000e+01	8.682944e-09	-1.665335e-13	3.200000e-02
0	135	R2	2.250000e+01	2.250000e+01	1.482832e-08	0.000000e+00	1.360000e-01
0	136	R2	2.069000e+01	2.069000e+01	1.359250e-08	0.000000e+00	5.200000e-02
0	137	R2	2.005000e+01	2.005000e+01	1.315458e-08	0.000000e+00	4.800000e-02
0	138	R2	1.996000e+01	1.996000e+01	1.309296e-08	5.148860e-14	6.900000e-02
0	140	R2	2.021000e+01	2.021000e+01	1.326411e-08	0.000000e+00	5.090000e-01
0	142	R2	2.136000e+01	2.136000e+01	1.405039e-08	3.588600e-14	9.900000e-02
0	143	R2	2.063000e+01	2.063000e+01	1.355147e-08	5.730183e-14	6.200000e-02
0	144	R2	2.284000e+01	2.284000e+01	1.506007e-08	0.000000e+00	7.500000e-02
0	145	R2	2.208000e+01	2.208000e+01	1.454187e-08	0.000000e+00	6.800000e-02
0	146	R2	2.304000e+01	2.304000e+01	1.519635e-08	-2.936127e-14	1.210000e-01
0	147	R2	2.357000e+01	2.357000e+01	1.555730e-08	0.000000e+00	8.200000e-02
0	148	R2	2.186000e+01	2.186000e+01	1.439176e-08	0.000000e+00	6.400000e-02
0	149	R2	2.118000e+01	2.118000e+01	1.392742e-08	-4.280378e-14	8.300000e-02
0	151	R2	2.233000e+01	2.233000e+01	1.471240e-08	0.000000e+00	1.010000e-01
0	152	R2	2.194000e+01	2.194000e+01	1.444635e-08	3.861645e-14	9.200000e-02
0	153	R2	2.209000e+01	2.209000e+01	1.454869e-08	-2.888385e-14	1.230000e-01
0	154	R2	2.311000e+01	2.311000e+01	1.524404e-08	0.000000e+00	1.090000e-01
0	155	R2	2.061000e+01	2.061000e+01	1.353779e-08	3.383537e-14	1.050000e-01
0	156	R2	2.077000e+01	2.077000e+01	1.364720e-08	-3.861645e-14	9.200000e-02
0	157	R2	1.897000e+01	1.897000e+01	1.241429e-08	0.000000e+00	7.400000e-02
0	158	R2	2.262000e+01	2.262000e+01	1.491013e-08	-4.866731e-14	7.300000e-02
0	159	R2	2.099000e+01	2.099000e+01	1.379759e-08	-3.779483e-14	9.400000e-02
0	160	R2	2.259000e+01	2.259000e+01	1.488967e-08	-1.869849e-13	5.700000e-02
0	161	R2	2.128000e+01	2.128000e+01	1.399574e-08	0.000000e+00	6.800000e-02
0	163	R2	2.012000e+01	2.012000e+01	1.320251e-08	-3.010774e-14	1.180000e-01
0	164	R2	2.105000e+01	2.105000e+01	1.383860e-08	0.000000e+00	1.250000e-01
0	165	R2	2.004000e+01	2.004000e+01	1.314774e-08	0.000000e+00	5.100000e-02
0	166	R2	2.102000e+01	2.102000e+01	1.381809e-08	0.000000e+00	8.100000e-02
0	167	R2	1.995000e+01	1.995000e+01	1.308611e-08	-4.386066e-14	8.100000e-02
0	168	R2	2.198000e+01	2.198000e+01	1.447364e-08	-1.350842e-14	2.630000e-01
0	169	R2	2.004000e+01	2.004000e+01	1.314774e-08	0.000000e+00	6.400000e-02
0	171	R2	1.765000e+01	1.765000e+01	1.150687e-08	-9.868649e-14	7.200000e-02
0	172	R2	1.498000e+01	1.498000e+01	9.659849e-09	0.000000e+00	2.300000e-02
0	173	R2	2.052000e+01	2.052000e+01	1.347623e-08	2.612289e-14	1.360000e-01
0	174	R2	2.035000e+01	2.035000e+01	1.335992e-08	0.000000e+00	7.500000e-02
0	175	R2	1.960000e+01	1.960000e+01	1.284634e-08	-2.985474e-14	1.190000e-01
0	176	R2	2.115000e+01	2.115000e+01	1.390693e-08	-9.733462e-14	7.300000e-02
0	177	R2	1.991000e+01	1.991000e+01	1.305872e-08	2.691450e-14	1.320000e-01
0	178	R2	2.126000e+01	2.126000e+01	1.398208e-08	-3.552714e-14	1.000000e-01
0	179	R2	1.981000e+01	1.981000e+01	1.299022e-08	0.000000e+00	8.400000e-02
0	180	R2	2.081000e+01	2.081000e+01	1.367455e-08	0.000000e+00	6.500000e-02


1	20	NOE	1.790000e+01	8.474948e-01	1.958510e-06	3.217454e+02	5.300000e-02
1	21	NOE	2.255000e+01	8.474948e-01	2.390215e-06	4.989082e+01	4.350000e-01
1	25	NOE	2.185000e+01	8.474948e-01	1.860202e-06	1.826305e+02	1.150000e-01
1	26	NOE	2.318000e+01	8.474948e-01	2.326273e-06	2.048854e+02	1.090000e-01
1	27	NOE	2.343000e+01	8.474947e-01	1.730369e-06	2.595690e+02	8.700000e-02
1	28	NOE	2.178000e+01	8.474947e-01	1.623140e-06	2.683655e+02	7.800000e-02
1	29	NOE	2.243000e+01	8.474948e-01	2.141177e-06	1.357390e+02	1.590000e-01
1	30	NOE	2.370000e+01	8.474948e-01	2.496980e-06	1.888637e+02	1.210000e-01
1	31	NOE	2.122000e+01	8.474948e-01	1.926743e-06	2.546563e+02	8.000000e-02
1	32	NOE	2.433000e+01	8.474947e-01	1.788857e-06	9.507087e+01	2.470000e-01
1	33	NOE	2.268000e+01	8.474947e-01	1.801738e-06	2.729063e+02	8.000000e-02
1	34	NOE	2.040000e+01	8.474949e-01	3.504917e-06	2.125272e+02	9.200000e-02
1	35	NOE	2.052000e+01	8.474948e-01	2.531999e-06	2.007398e+02	9.800000e-02
1	37	NOE	1.957000e+01	8.474948e-01	2.113554e-06	1.835540e+02	1.020000e-01
1	38	NOE	1.946000e+01	8.474948e-01	2.313665e-06	1.692046e+02	1.100000e-01
1	39	NOE	1.526000e+01	8.474949e-01	3.084050e-06	1.441251e+02	1.000000e-01
1	40	NOE	1.421000e+01	8.474948e-01	1.939081e-06	1.670313e+02	8.000000e-02
1	41	NOE	1.852000e+01	8.474948e-01	2.016071e-06	2.897132e+02	6.100000e-02
1	42	NOE	1.551000e+01	8.474948e-01	2.083919e-06	5.430557e+02	2.700000e-02
1	44	NOE	1.330000e+01	8.474948e-01	1.990825e-06	2.184650e+02	5.700000e-02
1	45	NOE	1.599000e+01	8.474948e-01	2.315506e-06	3.882694e+02	3.900000e-02
1	46	NOE	1.318000e+01	8.474949e-01	3.496527e-06	4.110835e+02	3.000000e-02
1	47	NOE	1.228000e+01	8.474949e-01	3.160666e-06	6.725003e+02	1.700000e-02
1	49	NOE	1.529000e+01	8.474948e-01	2.059409e-06	3.703206e+02	3.900000e-02
1	50	NOE	2.250000e+01	8.474947e-01	1.789205e-06	1.281213e+02	1.690000e-01
1	51	NOE	2.282000e+01	8.474947e-01	1.690727e-06	1.536539e+02	1.430000e-01
1	52	NOE	2.264000e+01	8.474948e-01	2.398571e-06	1.013605e+02	2.150000e-01
1	53	NOE	2.270000e+01	8.474948e-01	2.404141e-06	7.049195e+01	3.100000e-01
1	54	NOE	2.346000e+01	8.474948e-01	2.474698e-06	7.155856e+01	3.160000e-01
1	55	NOE	2.696000e+01	8.474947e-01	1.819753e-06	6.072676e+01	4.300000e-01
1	57	NOE	2.986000e+01	8.474947e-01	1.841324e-06	6.432928e+01	4.510000e-01
1	58	NOE	2.839000e+01	8.474947e-01	1.612826e-06	7.464094e+01	3.690000e-01
1	59	NOE	3.254000e+01	8.474947e-01	1.760434e-06	7.492318e+01	4.230000e-01
1	60	NOE	2.717000e+01	8.474947e-01	1.832426e-06	7.456800e+01	3.530000e-01
1	61	NOE	2.337000e+01	8.474948e-01	2.219719e-06	1.787500e+02	1.260000e-01
1	62	NOE	2.527000e+01	8.474948e-01	2.378472e-06	1.174159e+02	2.080000e-01
1	63	NOE	2.534000e+01	8.474947e-01	1.854494e-06	1.139186e+02	2.150000e-01
1	64	NOE	2.871000e+01	8.474949e-01	2.665845e-06	6.017820e+01	4.630000e-01
1	65	NOE	3.567000e+01	8.474947e-01	1.680069e-06	3.260534e+01	1.068000e+00
1	66	NOE	3.144000e+01	8.474947e-01	1.760112e-06	6.022147e+01	5.080000e-01
1	67	NOE	2.808000e+01	8.474949e-01	2.613204e-06	7.300940e+01	3.730000e-01
1	68	NOE	2.312000e+01	8.474948e-01	2.320982e-06	1.035930e+02	2.150000e-01
1	69	NOE	2.122000e+01	8.474948e-01	1.926743e-06	2.037251e+02	1.000000e-01
1	70	NOE	2.521000e+01	8.474947e-01	1.714192e-06	4.478402e+01	5.440000e-01
1	76	NOE	2.572000e+01	8.474948e-01	2.416072e-06	1.256187e+02	1.980000e-01
1	77	NOE	1.747000e+01	8.474948e-01	1.918588e-06	2.246284e+02	7.400000e-02
1	79	NOE	2.191000e+01	8.474948e-01	2.330798e-06	1.404167e+02	1.500000e-01
1	80	NOE	2.422000e+01	8.474947e-01	1.781709e-06	1.770644e+02	1.320000e-01
1	81	NOE	2.373000e+01	8.474948e-01	1.999832e-06	1.378464e+02	1.660000e-01
1	82	NOE	2.182000e+01	8.474949e-01	2.670794e-06	1.906591e+02	1.100000e-01
1	83	NOE	2.240000e+01	8.474948e-01	2.257480e-06	1.007126e+02	2.140000e-01
1	84	NOE	2.308000e+01	8.474949e-01	2.683352e-06	1.659142e+02	1.340000e-01
1	86	NOE	2.127000e+01	8.474947e-01	1.589997e-06	1.608071e+02	1.270000e-01
1	88	NOE	2.158000e+01	8.474947e-01	1.840149e-06	3.911793e+02	5.300000e-02
1	89	NOE	1.865000e+01	8.474948e-01	2.129543e-06	1.873948e+02	9.500000e-02
1	90	NOE	1.739000e+01	8.474948e-01	2.102267e-06	6.362502e+02	2.600000e-02
1	92	NOE	2.170000e+01	8.474947e-01	1.617941e-06	3.418443e+02	6.100000e-02
1	93	NOE	2.172000e+01	8.474948e-01	1.966200e-06	3.598708e+02	5.800000e-02
1	94	NOE	2.092000e+01	8.474949e-01	3.582160e-06	3.136329e+02	6.400000e-02
1	95	NOE	2.185000e+01	8.474948e-01	1.860202e-06	2.258334e+02	9.300000e-02
1	96	NOE	2.378000e+01	8.474948e-01	2.003545e-06	3.057667e+02	7.500000e-02
1	97	NOE	2.254000e+01	8.474948e-01	2.389287e-06	2.493391e+02	8.700000e-02
1	98	NOE	2.296000e+01	8.474947e-01	1.699825e-06	1.494088e+02	1.480000e-01
1	99	NOE	2.328000e+01	8.474948e-01	2.457987e-06	2.608431e+02	8.600000e-02
1	100	NOE	2.232000e+01	8.474947e-01	1.658233e-06	3.157721e+02	6.800000e-02
1	101	NOE	2.082000e+01	8.474948e-01	2.006653e-06	1.783259e+02	1.120000e-01
1	102	NOE	2.422000e+01	8.474947e-01	1.781709e-06	2.105631e+02	1.110000e-01
1	103	NOE	2.244000e+01	8.474948e-01	2.380003e-06	3.598751e+02	6.000000e-02
1	104	NOE	2.151000e+01	8.474948e-01	2.293663e-06	7.199479e+01	2.870000e-01
1	105	NOE	1.935000e+01	8.474948e-01	2.302432e-06	1.423270e+02	1.300000e-01
1	106	NOE	2.054000e+01	8.474948e-01	2.313784e-06	1.588105e+02	1.240000e-01
1	107	NOE	1.971000e+01	8.474948e-01	2.339196e-06	1.867575e+02	1.010000e-01
1	108	NOE	2.218000e+01	8.474947e-01	1.649135e-06	1.871272e+02	1.140000e-01
1	109	NOE	2.217000e+01	8.474948e-01	2.354936e-06	1.854131e+02	1.150000e-01
1	110	NOE	2.088000e+01	8.474948e-01	2.235174e-06	9.539288e+01	2.100000e-01
1	111	NOE	2.351000e+01	8.474948e-01	2.479340e-06	7.171679e+01	3.160000e-01
1	112	NOE	2.389000e+01	8.474948e-01	2.514619e-06	1.388103e+02	1.660000e-01
1	113	NOE	2.104000e+01	8.474949e-01	3.374992e-06	1.725855e+02	1.170000e-01
1	117	NOE	1.738000e+01	8.474948e-01	2.101245e-06	1.797011e+02	9.200000e-02
1	118	NOE	1.910000e+01	8.474948e-01	2.069919e-06	4.680130e+02	3.900000e-02
1	121	NOE	2.692000e+01	8.474947e-01	1.817339e-06	6.634225e+01	3.930000e-01
1	122	NOE	2.614000e+01	8.474947e-01	1.634143e-06	7.395469e+01	3.420000e-01
1	124	NOE	2.555000e+01	8.474947e-01	1.601278e-06	2.756976e+01	8.960000e-01
1	126	NOE	2.144000e+01	8.474948e-01	2.515870e-06	1.345915e+02	1.530000e-01
1	127	NOE	2.189000e+01	8.474947e-01	1.746731e-06	1.814009e+02	1.160000e-01
1	128	NOE	2.164000e+01	8.474948e-01	2.305732e-06	2.188685e+02	9.500000e-02
1	129	NOE	2.188000e+01	8.474947e-01	1.629639e-06	1.965655e+02	1.070000e-01
1	130	NOE	2.051000e+01	8.474948e-01	2.200823e-06	3.575001e+02	5.500000e-02
1	131	NOE	2.109000e+01	8.474947e-01	1.803756e-06	2.699001e+02	7.500000e-02
1	132	NOE	2.154000e+01	8.474948e-01	2.066813e-06	3.135228e+02	6.600000e-02
1	133	NOE	1.358000e+01	8.474948e-01	2.180354e-06	3.978908e+02	3.200000e-02
1	135	NOE	2.250000e+01	8.474947e-01	1.789205e-06	1.592096e+02	1.360000e-01
1	136	NOE	2.069000e+01	8.474947e-01	1.552304e-06	3.815866e+02	5.200000e-02
1	137	NOE	2.005000e+01	8.474948e-01	2.481819e-06	4.000522e+02	4.800000e-02
1	138	NOE	1.996000e+01	8.474948e-01	2.042278e-06	2.769928e+02	6.900000e-02
1	140	NOE	2.021000e+01	8.474947e-01	1.738397e-06	3.804029e+01	5.090000e-01
1	142	NOE	2.136000e+01	8.474948e-01	2.051773e-06	2.071970e+02	9.900000e-02
1	143	NOE	2.063000e+01	8.474948e-01	2.101371e-06	3.190727e+02	6.200000e-02
1	144	NOE	2.284000e+01	8.474948e-01	2.175435e-06	2.932334e+02	7.500000e-02
1	145	NOE	2.208000e+01	8.474947e-01	1.642637e-06	3.122427e+02	6.800000e-02
1	146	NOE	2.304000e+01	8.474948e-01	1.948585e-06	1.834091e+02	1.210000e-01
1	147	NOE	2.357000e+01	8.474948e-01	2.484911e-06	2.771037e+02	8.200000e-02
1	148	NOE	2.186000e+01	8.474948e-01	2.209853e-06	3.283204e+02	6.400000e-02
1	149	NOE	2.118000e+01	8.474948e-01	2.376172e-06	2.449699e+02	8.300000e-02
1	151	NOE	2.233000e+01	8.474948e-01	2.369791e-06	2.126981e+02	1.010000e-01
1	152	NOE	2.194000e+01	8.474947e-01	1.750213e-06	2.292664e+02	9.200000e-02
1	153	NOE	2.209000e+01	8.474947e-01	1.643286e-06	1.727033e+02	1.230000e-01
1	154	NOE	2.311000e+01	8.474948e-01	2.197994e-06	2.042432e+02	1.090000e-01
1	155	NOE	2.061000e+01	8.474949e-01	3.536112e-06	1.882143e+02	1.050000e-01
1	156	NOE	2.077000e+01	8.474948e-01	2.224961e-06	2.165490e+02	9.200000e-02
1	157	NOE	1.897000e+01	8.474948e-01	2.160737e-06	2.448987e+02	7.400000e-02
1	158	NOE	2.262000e+01	8.474948e-01	2.396714e-06	2.982535e+02	7.300000e-02
1	159	NOE	2.099000e+01	8.474948e-01	2.469915e-06	2.142820e+02	9.400000e-02
1	160	NOE	2.259000e+01	8.474949e-01	3.710535e-06	3.814475e+02	5.700000e-02
1	161	NOE	2.128000e+01	8.474947e-01	1.817868e-06	3.004780e+02	6.800000e-02
1	163	NOE	2.012000e+01	8.474947e-01	1.623487e-06	1.633263e+02	1.180000e-01
1	164	NOE	2.105000e+01	8.474948e-01	2.250957e-06	1.616200e+02	1.250000e-01
1	165	NOE	2.004000e+01	8.474948e-01	2.372897e-06	3.763236e+02	5.100000e-02
1	166	NOE	2.102000e+01	8.474948e-01	2.472978e-06	2.490433e+02	8.100000e-02
1	167	NOE	1.995000e+01	8.474948e-01	2.256270e-06	2.358334e+02	8.100000e-02
1	168	NOE	2.198000e+01	8.474947e-01	1.636138e-06	8.035173e+01	2.630000e-01
1	169	NOE	2.004000e+01	8.474948e-01	2.372897e-06	2.998829e+02	6.400000e-02
1	171	NOE	1.765000e+01	8.474949e-01	3.289939e-06	2.333681e+02	7.200000e-02
1	172	NOE	1.498000e+01	8.474948e-01	2.024871e-06	6.144567e+02	2.300000e-02
1	173	NOE	2.052000e+01	8.474948e-01	2.531999e-06	1.446508e+02	1.360000e-01
1	174	NOE	2.035000e+01	8.474948e-01	2.185969e-06	2.600334e+02	7.500000e-02
1	175	NOE	1.960000e+01	8.474948e-01	2.327963e-06	1.575841e+02	1.190000e-01
1	176	NOE	2.115000e+01	8.474948e-01	2.034226e-06	2.781165e+02	7.300000e-02
1	177	NOE	1.991000e+01	8.474947e-01	1.716115e-06	1.444129e+02	1.320000e-01
1	178	NOE	2.126000e+01	8.474947e-01	1.589347e-06	2.041251e+02	1.000000e-01
1	179	NOE	1.981000e+01	8.474948e-01	2.349409e-06	2.257441e+02	8.400000e-02
1	180	NOE	2.081000e+01	8.474948e-01	2.117246e-06	3.071155e+02	6.500000e-02


2	20	R1	1.160000e+00	1.160000e+00	9.367530e-09	0.000000e+00	4.000000e-03
2	21	R1	1.204000e+00	1.204000e+00	8.983521e-09	0.000000e+00	2.000000e-02
2	25	R1	9.580000e-01	9.580000e-01	1.155308e-08	2.220446e-14	5.000000e-03
2	26	R1	9.030000e-01	9.030000e-01	1.230893e-08	0.000000e+00	4.000000e-03
2	27	R1	9.210000e-01	9.210000e-01	1.205201e-08	3.700743e-14	3.000000e-03
2	28	R1	9.430000e-01	9.430000e-01	1.175082e-08	-1.110223e-13	3.000000e-03
2	29	R1	9.420000e-01	9.420000e-01	1.176421e-08	0.000000e+00	7.000000e-03
2	30	R1	9.240000e-01	9.240000e-01	1.201012e-08	-2.775558e-14	4.000000e-03
2	31	R1	9.510000e-01	9.510000e-01	1.164461e-08	3.700743e-14	3.000000e-03
2	32	R1	9.580000e-01	9.580000e-01	1.155308e-08	0.000000e+00	8.000000e-03
2	33	R1	9.530000e-01	9.530000e-01	1.161833e-08	3.700743e-14	3.000000e-03
2	34	R1	9.460000e-01	9.460000e-01	1.171079e-08	-5.551115e-14	4.000000e-03
2	35	R1	9.150000e-01	9.150000e-01	1.213657e-08	-8.326673e-14	4.000000e-03
2	37	R1	1.216000e+00	1.216000e+00	8.883276e-09	3.700743e-14	6.000000e-03
2	38	R1	1.291000e+00	1.291000e+00	8.295783e-09	0.000000e+00	7.000000e-03
2	39	R1	1.247000e+00	1.247000e+00	8.632574e-09	2.467162e-14	9.000000e-03
2	40	R1	1.319000e+00	1.319000e+00	8.092163e-09	0.000000e+00	8.000000e-03
2	41	R1	1.307000e+00	1.307000e+00	8.178458e-09	5.551115e-14	4.000000e-03
2	42	R1	1.375000e+00	1.375000e+00	7.707493e-09	7.401487e-14	3.000000e-03
2	44	R1	1.343000e+00	1.343000e+00	7.923767e-09	3.700743e-14	6.000000e-03
2	45	R1	1.366000e+00	1.366000e+00	7.767401e-09	-7.401487e-14	3.000000e-03
2	46	R1	1.382000e+00	1.382000e+00	7.661380e-09	-7.401487e-14	3.000000e-03
2	47	R1	1.339000e+00	1.339000e+00	7.951455e-09	0.000000e+00	2.000000e-03
2	49	R1	1.293000e+00	1.293000e+00	8.280973e-09	0.000000e+00	4.000000e-03
2	50	R1	1.050000e+00	1.050000e+00	1.045883e-08	3.700743e-14	6.000000e-03
2	51	R1	9.650000e-01	9.650000e-01	1.146283e-08	-2.220446e-14	5.000000e-03
2	52	R1	9.200000e-01	9.200000e-01	1.206603e-08	1.233581e-14	9.000000e-03
2	53	R1	9.920000e-01	9.920000e-01	1.112612e-08	0.000000e+00	1.200000e-02
2	54	R1	1.013000e+00	1.013000e+00	1.087612e-08	0.000000e+00	1.100000e-02
2	55	R1	1.015000e+00	1.015000e+00	1.085282e-08	0.000000e+00	1.100000e-02
2	57	R1	1.052000e+00	1.052000e+00	1.043707e-08	0.000000e+00	8.000000e-03
2	58	R1	1.068000e+00	1.068000e+00	1.026576e-08	4.934325e-14	9.000000e-03
2	59	R1	1.000000e+00	1.000000e+00	1.102970e-08	0.000000e+00	7.000000e-03
2	60	R1	1.006000e+00	1.006000e+00	1.095835e-08	2.467162e-14	9.000000e-03
2	61	R1	9.190000e-01	9.190000e-01	1.208008e-08	2.775558e-14	4.000000e-03
2	62	R1	9.660000e-01	9.660000e-01	1.145003e-08	0.000000e+00	6.000000e-03
2	63	R1	9.420000e-01	9.420000e-01	1.176421e-08	-1.850372e-14	6.000000e-03
2	64	R1	9.390000e-01	9.390000e-01	1.180457e-08	-1.110223e-14	1.000000e-02
2	65	R1	9.000000e-01	9.000000e-01	1.235272e-08	7.930164e-15	1.400000e-02
2	66	R1	9.670000e-01	9.670000e-01	1.143727e-08	3.700743e-14	9.000000e-03
2	67	R1	9.900000e-01	9.900000e-01	1.115046e-08	2.467162e-14	9.000000e-03
2	68	R1	9.380000e-01	9.380000e-01	1.181808e-08	1.586033e-14	7.000000e-03
2	69	R1	9.970000e-01	9.970000e-01	1.106569e-08	-2.220446e-14	5.000000e-03
2	70	R1	8.590000e-01	8.590000e-01	1.298066e-08	0.000000e+00	1.200000e-02
2	76	R1	1.157000e+00	1.157000e+00	9.394702e-09	0.000000e+00	6.000000e-03
2	77	R1	1.111000e+00	1.111000e+00	9.828522e-09	0.000000e+00	5.000000e-03
2	79	R1	1.144000e+00	1.144000e+00	9.513988e-09	-3.700743e-14	6.000000e-03
2	80	R1	1.020000e+00	1.020000e+00	1.079496e-08	0.000000e+00	4.000000e-03
2	81	R1	9.580000e-01	9.580000e-01	1.155308e-08	2.209797e-06	6.000000e-03
2	82	R1	1.003000e+00	1.003000e+00	1.099392e-08	0.000000e+00	5.000000e-03
2	83	R1	9.770000e-01	9.770000e-01	1.131098e-08	0.000000e+00	8.000000e-03
2	84	R1	9.420000e-01	9.420000e-01	1.176421e-08	0.000000e+00	5.000000e-03
2	86	R1	9.950000e-01	9.950000e-01	1.108979e-08	-2.220446e-14	5.000000e-03
2	88	R1	9.160000e-01	9.160000e-01	1.212240e-08	-1.665335e-13	2.000000e-03
2	89	R1	1.053000e+00	1.053000e+00	1.042622e-08	-4.440892e-14	5.000000e-03
2	90	R1	9.810000e-01	9.810000e-01	1.126116e-08	5.551115e-14	2.000000e-03
2	92	R1	1.073000e+00	1.073000e+00	1.021322e-08	0.000000e+00	3.000000e-03
2	93	R1	9.460000e-01	9.460000e-01	1.171079e-08	-1.110223e-13	2.000000e-03
2	94	R1	9.670000e-01	9.670000e-01	1.143727e-08	-3.700743e-14	3.000000e-03
2	95	R1	9.130000e-01	9.130000e-01	1.216499e-08	-1.480297e-13	3.000000e-03
2	96	R1	9.180000e-01	9.180000e-01	1.209415e-08	0.000000e+00	2.000000e-03
2	97	R1	9.180000e-01	9.180000e-01	1.209415e-08	3.700743e-14	3.000000e-03
2	98	R1	9.220000e-01	9.220000e-01	1.203802e-08	2.220446e-14	5.000000e-03
2	99	R1	8.830000e-01	8.830000e-01	1.260625e-08	7.401487e-14	3.000000e-03
2	100	R1	8.990000e-01	8.990000e-01	1.236737e-08	-3.700743e-14	3.000000e-03
2	101	R1	9.140000e-01	9.140000e-01	1.215076e-08	4.440892e-14	5.000000e-03
2	102	R1	9.810000e-01	9.810000e-01	1.126116e-08	-8.326673e-14	4.000000e-03
2	103	R1	9.730000e-01	9.730000e-01	1.136120e-08	5.551115e-14	2.000000e-03
2	104	R1	9.700000e-01	9.700000e-01	1.139912e-08	0.000000e+00	1.200000e-02
2	105	R1	1.021000e+00	1.021000e+00	1.078345e-08	-3.700743e-14	6.000000e-03
2	106	R1	9.300000e-01	9.300000e-01	1.192714e-08	-2.220446e-14	5.000000e-03
2	107	R1	9.970000e-01	9.970000e-01	1.106569e-08	-1.850372e-14	6.000000e-03
2	108	R1	9.830000e-01	9.830000e-01	1.123639e-08	5.551115e-14	4.000000e-03
2	109	R1	9.350000e-01	9.350000e-01	1.185876e-08	5.551115e-14	4.000000e-03
2	110	R1	9.520000e-01	9.520000e-01	1.163146e-08	0.000000e+00	9.000000e-03
2	111	R1	1.059000e+00	1.059000e+00	1.036152e-08	-1.850372e-14	1.200000e-02
2	112	R1	1.023000e+00	1.023000e+00	1.076050e-08	0.000000e+00	6.000000e-03
2	113	R1	9.690000e-01	9.690000e-01	1.141181e-08	4.440892e-14	5.000000e-03
2	117	R1	1.193000e+00	1.193000e+00	9.077053e-09	0.000000e+00	7.000000e-03
2	118	R1	1.264000e+00	1.264000e+00	8.499905e-09	1.110223e-13	2.000000e-03
2	121	R1	1.135000e+00	1.135000e+00	9.598068e-09	0.000000e+00	1.200000e-02
2	122	R1	1.037000e+00	1.037000e+00	1.060222e-08	0.000000e+00	9.000000e-03
2	124	R1	9.710000e-01	9.710000e-01	1.138645e-08	4.625929e-15	2.400000e-02
2	126	R1	9.570000e-01	9.570000e-01	1.156608e-08	-1.586033e-14	7.000000e-03
2	127	R1	9.650000e-01	9.650000e-01	1.146283e-08	-2.220446e-14	5.000000e-03
2	128	R1	9.880000e-01	9.880000e-01	1.117490e-08	5.551115e-14	4.000000e-03
2	129	R1	9.870000e-01	9.870000e-01	1.118715e-08	0.000000e+00	5.000000e-03
2	130	R1	1.027000e+00	1.027000e+00	1.071486e-08	1.480297e-13	3.000000e-03
2	131	R1	9.430000e-01	9.430000e-01	1.175082e-08	0.000000e+00	3.000000e-03
2	132	R1	9.060000e-01	9.060000e-01	1.226543e-08	-3.700743e-14	3.000000e-03
2	133	R1	1.327000e+00	1.327000e+00	8.035420e-09	0.000000e+00	3.000000e-03
2	135	R1	1.007000e+00	1.007000e+00	1.094653e-08	-3.700743e-14	6.000000e-03
2	136	R1	9.540000e-01	9.540000e-01	1.160523e-08	-1.110223e-13	2.000000e-03
2	137	R1	8.770000e-01	8.770000e-01	1.269799e-08	5.551115e-14	2.000000e-03
2	138	R1	9.220000e-01	9.220000e-01	1.203802e-08	2.775558e-14	4.000000e-03
2	140	R1	1.113000e+00	1.113000e+00	9.808961e-09	0.000000e+00	2.400000e-02
2	142	R1	9.340000e-01	9.340000e-01	1.187238e-08	2.775558e-14	4.000000e-03
2	143	R1	9.950000e-01	9.950000e-01	1.108979e-08	3.700743e-14	3.000000e-03
2	144	R1	8.990000e-01	8.990000e-01	1.236737e-08	7.401487e-14	3.000000e-03
2	145	R1	1.363000e+00	1.363000e+00	7.787528e-09	-5.551115e-14	4.000000e-03
2	146	R1	8.990000e-01	8.990000e-01	1.236737e-08	-2.220446e-14	5.000000e-03
2	147	R1	9.210000e-01	9.210000e-01	1.205201e-08	3.700743e-14	3.000000e-03
2	148	R1	9.360000e-01	9.360000e-01	1.184517e-08	3.700743e-14	3.000000e-03
2	149	R1	9.390000e-01	9.390000e-01	1.180457e-08	-2.775558e-14	4.000000e-03
2	151	R1	9.810000e-01	9.810000e-01	1.126116e-08	-8.326673e-14	4.000000e-03
2	152	R1	9.800000e-01	9.800000e-01	1.127358e-08	2.775558e-14	4.000000e-03
2	153	R1	9.950000e-01	9.950000e-01	1.108979e-08	2.220446e-14	5.000000e-03
2	154	R1	9.160000e-01	9.160000e-01	1.212240e-08	-8.326673e-14	4.000000e-03
2	155	R1	9.520000e-01	9.520000e-01	1.163146e-08	0.000000e+00	5.000000e-03
2	156	R1	9.800000e-01	9.800000e-01	1.127358e-08	2.775558e-14	4.000000e-03
2	157	R1	9.610000e-01	9.610000e-01	1.151425e-08	5.551115e-14	4.000000e-03
2	158	R1	9.880000e-01	9.880000e-01	1.117490e-08	7.401487e-14	3.000000e-03
2	159	R1	9.440000e-01	9.440000e-01	1.173745e-08	0.000000e+00	4.000000e-03
2	160	R1	9.760000e-01	9.760000e-01	1.132350e-08	-1.110223e-13	2.000000e-03
2	161	R1	1.023000e+00	1.023000e+00	1.076050e-08	1.480297e-13	3.000000e-03
2	163	R1	9.180000e-01	9.180000e-01	1.209415e-08	0.000000e+00	6.000000e-03
2	164	R1	8.950000e-01	8.950000e-01	1.242632e-08	0.000000e+00	6.000000e-03
2	165	R1	9.140000e-01	9.140000e-01	1.215076e-08	-1.665335e-13	2.000000e-03
2	166	R1	8.990000e-01	8.990000e-01	1.236737e-08	-2.775558e-14	4.000000e-03
2	167	R1	9.860000e-01	9.860000e-01	1.119942e-08	5.551115e-14	4.000000e-03
2	168	R1	9.670000e-01	9.670000e-01	1.143727e-08	-1.110223e-14	1.000000e-02
2	169	R1	9.290000e-01	9.290000e-01	1.194090e-08	0.000000e+00	3.000000e-03
2	171	R1	9.380000e-01	9.380000e-01	1.181808e-08	2.775558e-14	4.000000e-03
2	172	R1	1.059000e+00	1.059000e+00	1.036152e-08	-1.110223e-13	2.000000e-03
2	173	R1	1.036000e+00	1.036000e+00	1.061339e-08	-3.700743e-14	6.000000e-03
2	174	R1	1.020000e+00	1.020000e+00	1.079496e-08	0.000000e+00	4.000000e-03
2	175	R1	9.800000e-01	9.800000e-01	1.127358e-08	-7.401487e-14	6.000000e-03
2	176	R1	9.650000e-01	9.650000e-01	1.146283e-08	3.700743e-14	3.000000e-03
2	177	R1	9.520000e-01	9.520000e-01	1.163146e-08	-1.586033e-14	7.000000e-03
2	178	R1	9.570000e-01	9.570000e-01	1.156608e-08	2.775558e-14	4.000000e-03
2	179	R1	9.240000e-01	9.240000e-01	1.201012e-08	-2.775558e-14	4.000000e-03
2	180	R1	9.690000e-01	9.690000e-01	1.141181e-08	1.110223e-13	3.000000e-03


