20	1.790000e+01	5.300000e-02	1.790000e+01	5.300000e-02	1.160000e+00	4.000000e-03	-1.987223e+00	
21	2.255000e+01	4.350000e-01	2.255000e+01	4.350000e-01	1.204000e+00	2.000000e-02	-2.630120e+00	
25	2.185000e+01	1.150000e-01	2.185000e+01	1.150000e-01	9.580000e-01	5.000000e-03	-2.024759e+00	
26	2.318000e+01	1.090000e-01	2.318000e+01	1.090000e-01	9.030000e-01	4.000000e-03	-2.030258e+00	
27	2.343000e+01	8.700000e-02	2.343000e+01	8.700000e-02	9.210000e-01	3.000000e-03	-2.094068e+00	
28	2.178000e+01	7.800000e-02	2.178000e+01	7.800000e-02	9.430000e-01	3.000000e-03	-1.986365e+00	
29	2.243000e+01	1.590000e-01	2.243000e+01	1.590000e-01	9.420000e-01	7.000000e-03	-2.046326e+00	
30	2.370000e+01	1.210000e-01	2.370000e+01	1.210000e-01	9.240000e-01	4.000000e-03	-2.126178e+00	
31	2.122000e+01	8.000000e-02	2.122000e+01	8.000000e-02	9.510000e-01	3.000000e-03	-1.949232e+00	
32	2.433000e+01	2.470000e-01	2.433000e+01	2.470000e-01	9.580000e-01	8.000000e-03	-2.265594e+00	
33	2.268000e+01	8.000000e-02	2.268000e+01	8.000000e-02	9.530000e-01	3.000000e-03	-2.094373e+00	
34	2.040000e+01	9.200000e-02	2.040000e+01	9.200000e-02	9.460000e-01	4.000000e-03	-1.860350e+00	
35	2.052000e+01	9.800000e-02	2.052000e+01	9.800000e-02	9.150000e-01	4.000000e-03	-1.810518e+00	
37	1.957000e+01	1.020000e-01	1.957000e+01	1.020000e-01	1.216000e+00	6.000000e-03	-2.289008e+00	
38	1.946000e+01	1.100000e-01	1.946000e+01	1.100000e-01	1.291000e+00	7.000000e-03	-2.415793e+00	
39	1.526000e+01	1.000000e-01	1.526000e+01	1.000000e-01	1.247000e+00	9.000000e-03	-1.802552e+00	
40	1.421000e+01	8.000000e-02	1.421000e+01	8.000000e-02	1.319000e+00	8.000000e-03	-1.766239e+00	
41	1.852000e+01	6.100000e-02	1.852000e+01	6.100000e-02	1.307000e+00	4.000000e-03	-2.321194e+00	
42	1.551000e+01	2.700000e-02	1.551000e+01	2.700000e-02	1.375000e+00	3.000000e-03	-2.022423e+00	
44	1.330000e+01	5.700000e-02	1.330000e+01	5.700000e-02	1.343000e+00	6.000000e-03	-1.674492e+00	
45	1.599000e+01	3.900000e-02	1.599000e+01	3.900000e-02	1.366000e+00	3.000000e-03	-2.075650e+00	
46	1.318000e+01	3.000000e-02	1.318000e+01	3.000000e-02	1.382000e+00	3.000000e-03	-1.706307e+00	
47	1.228000e+01	1.700000e-02	1.228000e+01	1.700000e-02	1.339000e+00	2.000000e-03	-1.531058e+00	
49	1.529000e+01	3.900000e-02	1.529000e+01	3.900000e-02	1.293000e+00	4.000000e-03	-1.872978e+00	
50	2.250000e+01	1.690000e-01	2.250000e+01	1.690000e-01	1.050000e+00	6.000000e-03	-2.288388e+00	
51	2.282000e+01	1.430000e-01	2.282000e+01	1.430000e-01	9.650000e-01	5.000000e-03	-2.134440e+00	
52	2.264000e+01	2.150000e-01	2.264000e+01	2.150000e-01	9.200000e-01	9.000000e-03	-2.018120e+00	
53	2.270000e+01	3.100000e-01	2.270000e+01	3.100000e-01	9.920000e-01	1.200000e-02	-2.182093e+00	
54	2.346000e+01	3.160000e-01	2.346000e+01	3.160000e-01	1.013000e+00	1.100000e-02	-2.306328e+00	
55	2.696000e+01	4.300000e-01	2.696000e+01	4.300000e-01	1.015000e+00	1.100000e-02	-2.670992e+00	
57	2.986000e+01	4.510000e-01	2.986000e+01	4.510000e-01	1.052000e+00	8.000000e-03	-3.077612e+00	
58	2.839000e+01	3.690000e-01	2.839000e+01	3.690000e-01	1.068000e+00	9.000000e-03	-2.965276e+00	
59	3.254000e+01	4.230000e-01	3.254000e+01	4.230000e-01	1.000000e+00	7.000000e-03	-3.197154e+00	
60	2.717000e+01	3.530000e-01	2.717000e+01	3.530000e-01	1.006000e+00	9.000000e-03	-2.668723e+00	
61	2.337000e+01	1.260000e-01	2.337000e+01	1.260000e-01	9.190000e-01	4.000000e-03	-2.083931e+00	
62	2.527000e+01	2.080000e-01	2.527000e+01	2.080000e-01	9.660000e-01	6.000000e-03	-2.376560e+00	
63	2.534000e+01	2.150000e-01	2.534000e+01	2.150000e-01	9.420000e-01	6.000000e-03	-2.324199e+00	
64	2.871000e+01	4.630000e-01	2.871000e+01	4.630000e-01	9.390000e-01	1.000000e-02	-2.637570e+00	
65	3.567000e+01	1.068000e+00	3.567000e+01	1.068000e+00	9.000000e-01	1.400000e-02	-3.162993e+00	
66	3.144000e+01	5.080000e-01	3.144000e+01	5.080000e-01	9.670000e-01	9.000000e-03	-2.983822e+00	
67	2.808000e+01	3.730000e-01	2.808000e+01	3.730000e-01	9.900000e-01	9.000000e-03	-2.717601e+00	
68	2.312000e+01	2.150000e-01	2.312000e+01	2.150000e-01	9.380000e-01	7.000000e-03	-2.103245e+00	
69	2.122000e+01	1.000000e-01	2.122000e+01	1.000000e-01	9.970000e-01	5.000000e-03	-2.043516e+00	
70	2.521000e+01	5.440000e-01	2.521000e+01	5.440000e-01	8.590000e-01	1.200000e-02	-2.108093e+00	
76	2.572000e+01	1.980000e-01	2.572000e+01	1.980000e-01	1.157000e+00	6.000000e-03	-2.899237e+00	
77	1.747000e+01	7.400000e-02	1.747000e+01	7.400000e-02	1.111000e+00	5.000000e-03	-1.854853e+00	
79	2.191000e+01	1.500000e-01	2.191000e+01	1.500000e-01	1.144000e+00	6.000000e-03	-2.424833e+00	
80	2.422000e+01	1.320000e-01	2.422000e+01	1.320000e-01	1.020000e+00	4.000000e-03	-2.400846e+00	
81	2.373000e+01	1.660000e-01	2.373000e+01	1.660000e-01	9.580000e-01	6.000000e-03	-2.207328e+00	
82	2.182000e+01	1.100000e-01	2.182000e+01	1.100000e-01	1.003000e+00	5.000000e-03	-2.116818e+00	
83	2.240000e+01	2.140000e-01	2.240000e+01	2.140000e-01	9.770000e-01	8.000000e-03	-2.119387e+00	
84	2.308000e+01	1.340000e-01	2.308000e+01	1.340000e-01	9.420000e-01	5.000000e-03	-2.108394e+00	
86	2.127000e+01	1.270000e-01	2.127000e+01	1.270000e-01	9.950000e-01	5.000000e-03	-2.044460e+00	
88	2.158000e+01	5.300000e-02	2.158000e+01	5.300000e-02	9.160000e-01	2.000000e-03	-1.910921e+00	
89	1.865000e+01	9.500000e-02	1.865000e+01	9.500000e-02	1.053000e+00	5.000000e-03	-1.883974e+00	
90	1.739000e+01	2.600000e-02	1.739000e+01	2.600000e-02	9.810000e-01	2.000000e-03	-1.629858e+00	
92	2.170000e+01	6.100000e-02	2.170000e+01	6.100000e-02	1.073000e+00	3.000000e-03	-2.251500e+00	
93	2.172000e+01	5.800000e-02	2.172000e+01	5.800000e-02	9.460000e-01	2.000000e-03	-1.986931e+00	
94	2.092000e+01	6.400000e-02	2.092000e+01	6.400000e-02	9.670000e-01	3.000000e-03	-1.952620e+00	
95	2.185000e+01	9.300000e-02	2.185000e+01	9.300000e-02	9.130000e-01	3.000000e-03	-1.929651e+00	
96	2.378000e+01	7.500000e-02	2.378000e+01	7.500000e-02	9.180000e-01	2.000000e-03	-2.119816e+00	
97	2.254000e+01	8.700000e-02	2.254000e+01	8.700000e-02	9.180000e-01	3.000000e-03	-2.004427e+00	
98	2.296000e+01	1.480000e-01	2.296000e+01	1.480000e-01	9.220000e-01	5.000000e-03	-2.052415e+00	
99	2.328000e+01	8.600000e-02	2.328000e+01	8.600000e-02	8.830000e-01	3.000000e-03	-1.994241e+00	
100	2.232000e+01	6.800000e-02	2.232000e+01	6.800000e-02	8.990000e-01	3.000000e-03	-1.942892e+00	
101	2.082000e+01	1.120000e-01	2.082000e+01	1.120000e-01	9.140000e-01	5.000000e-03	-1.836334e+00	
102	2.422000e+01	1.110000e-01	2.422000e+01	1.110000e-01	9.810000e-01	4.000000e-03	-2.309049e+00	
103	2.244000e+01	6.000000e-02	2.244000e+01	6.000000e-02	9.730000e-01	2.000000e-03	-2.114655e+00	
104	2.151000e+01	2.870000e-01	2.151000e+01	2.870000e-01	9.700000e-01	1.200000e-02	-2.016690e+00	
105	1.935000e+01	1.300000e-01	1.935000e+01	1.300000e-01	1.021000e+00	6.000000e-03	-1.899169e+00	
106	2.054000e+01	1.240000e-01	2.054000e+01	1.240000e-01	9.300000e-01	5.000000e-03	-1.842084e+00	
107	1.971000e+01	1.010000e-01	1.971000e+01	1.010000e-01	9.970000e-01	6.000000e-03	-1.890910e+00	
108	2.218000e+01	1.140000e-01	2.218000e+01	1.140000e-01	9.830000e-01	4.000000e-03	-2.110480e+00	
109	2.217000e+01	1.150000e-01	2.217000e+01	1.150000e-01	9.350000e-01	4.000000e-03	-2.006478e+00	
110	2.088000e+01	2.100000e-01	2.088000e+01	2.100000e-01	9.520000e-01	9.000000e-03	-1.918471e+00	
111	2.351000e+01	3.160000e-01	2.351000e+01	3.160000e-01	1.059000e+00	1.200000e-02	-2.416425e+00	
112	2.389000e+01	1.660000e-01	2.389000e+01	1.660000e-01	1.023000e+00	6.000000e-03	-2.373686e+00	
113	2.104000e+01	1.170000e-01	2.104000e+01	1.170000e-01	9.690000e-01	5.000000e-03	-1.968445e+00	
117	1.738000e+01	9.200000e-02	1.738000e+01	9.200000e-02	1.193000e+00	7.000000e-03	-1.980871e+00	
118	1.910000e+01	3.900000e-02	1.910000e+01	3.900000e-02	1.264000e+00	2.000000e-03	-2.319143e+00	
121	2.692000e+01	3.930000e-01	2.692000e+01	3.930000e-01	1.135000e+00	1.200000e-02	-2.982172e+00	
122	2.614000e+01	3.420000e-01	2.614000e+01	3.420000e-01	1.037000e+00	9.000000e-03	-2.642688e+00	
124	2.555000e+01	8.960000e-01	2.555000e+01	8.960000e-01	9.710000e-01	2.400000e-02	-2.416421e+00	
126	2.144000e+01	1.530000e-01	2.144000e+01	1.530000e-01	9.570000e-01	7.000000e-03	-1.982872e+00	
127	2.189000e+01	1.160000e-01	2.189000e+01	1.160000e-01	9.650000e-01	5.000000e-03	-2.043467e+00	
128	2.164000e+01	9.500000e-02	2.164000e+01	9.500000e-02	9.880000e-01	4.000000e-03	-2.067133e+00	
129	2.188000e+01	1.070000e-01	2.188000e+01	1.070000e-01	9.870000e-01	5.000000e-03	-2.089053e+00	
130	2.051000e+01	5.500000e-02	2.051000e+01	5.500000e-02	1.027000e+00	3.000000e-03	-2.031092e+00	
131	2.109000e+01	7.500000e-02	2.109000e+01	7.500000e-02	9.430000e-01	3.000000e-03	-1.920408e+00	
132	2.154000e+01	6.600000e-02	2.154000e+01	6.600000e-02	9.060000e-01	3.000000e-03	-1.886386e+00	
133	1.358000e+01	3.200000e-02	1.358000e+01	3.200000e-02	1.327000e+00	3.000000e-03	-1.692207e+00	
135	2.250000e+01	1.360000e-01	2.250000e+01	1.360000e-01	1.007000e+00	6.000000e-03	-2.194673e+00	
136	2.069000e+01	5.200000e-02	2.069000e+01	5.200000e-02	9.540000e-01	2.000000e-03	-1.904127e+00	
137	2.005000e+01	4.800000e-02	2.005000e+01	4.800000e-02	8.770000e-01	2.000000e-03	-1.693544e+00	
138	1.996000e+01	6.900000e-02	1.996000e+01	6.900000e-02	9.220000e-01	4.000000e-03	-1.772030e+00	
140	2.021000e+01	5.090000e-01	2.021000e+01	5.090000e-01	1.113000e+00	2.400000e-02	-2.167327e+00	
142	2.136000e+01	9.900000e-02	2.136000e+01	9.900000e-02	9.340000e-01	4.000000e-03	-1.927642e+00	
143	2.063000e+01	6.200000e-02	2.063000e+01	6.200000e-02	9.950000e-01	3.000000e-03	-1.979909e+00	
144	2.284000e+01	7.500000e-02	2.284000e+01	7.500000e-02	8.990000e-01	3.000000e-03	-1.990280e+00	
145	2.208000e+01	6.800000e-02	2.208000e+01	6.800000e-02	1.363000e+00	4.000000e-03	-2.912516e+00	
146	2.304000e+01	1.210000e-01	2.304000e+01	1.210000e-01	8.990000e-01	5.000000e-03	-2.008506e+00	
147	2.357000e+01	8.200000e-02	2.357000e+01	8.200000e-02	9.210000e-01	3.000000e-03	-2.107138e+00	
148	2.186000e+01	6.400000e-02	2.186000e+01	6.400000e-02	9.360000e-01	3.000000e-03	-1.979211e+00	
149	2.118000e+01	8.300000e-02	2.118000e+01	8.300000e-02	9.390000e-01	4.000000e-03	-1.920829e+00	
151	2.233000e+01	1.010000e-01	2.233000e+01	1.010000e-01	9.810000e-01	4.000000e-03	-2.121103e+00	
152	2.194000e+01	9.200000e-02	2.194000e+01	9.200000e-02	9.800000e-01	4.000000e-03	-2.080198e+00	
153	2.209000e+01	1.230000e-01	2.209000e+01	1.230000e-01	9.950000e-01	5.000000e-03	-2.127167e+00	
154	2.311000e+01	1.090000e-01	2.311000e+01	1.090000e-01	9.160000e-01	4.000000e-03	-2.052986e+00	
155	2.061000e+01	1.050000e-01	2.061000e+01	1.050000e-01	9.520000e-01	5.000000e-03	-1.892415e+00	
156	2.077000e+01	9.200000e-02	2.077000e+01	9.200000e-02	9.800000e-01	4.000000e-03	-1.963969e+00	
157	1.897000e+01	7.400000e-02	1.897000e+01	7.400000e-02	9.610000e-01	4.000000e-03	-1.750545e+00	
158	2.262000e+01	7.300000e-02	2.262000e+01	7.300000e-02	9.880000e-01	3.000000e-03	-2.165282e+00	
159	2.099000e+01	9.400000e-02	2.099000e+01	9.400000e-02	9.440000e-01	4.000000e-03	-1.912875e+00	
160	2.259000e+01	5.700000e-02	2.259000e+01	5.700000e-02	9.760000e-01	2.000000e-03	-2.136015e+00	
161	2.128000e+01	6.800000e-02	2.128000e+01	6.800000e-02	1.023000e+00	3.000000e-03	-2.103030e+00	
163	2.012000e+01	1.180000e-01	2.012000e+01	1.180000e-01	9.180000e-01	6.000000e-03	-1.779231e+00	
164	2.105000e+01	1.250000e-01	2.105000e+01	1.250000e-01	8.950000e-01	6.000000e-03	-1.819027e+00	
165	2.004000e+01	5.100000e-02	2.004000e+01	5.100000e-02	9.140000e-01	2.000000e-03	-1.764067e+00	
166	2.102000e+01	8.100000e-02	2.102000e+01	8.100000e-02	8.990000e-01	4.000000e-03	-1.824423e+00	
167	1.995000e+01	8.100000e-02	1.995000e+01	8.100000e-02	9.860000e-01	4.000000e-03	-1.894035e+00	
168	2.198000e+01	2.630000e-01	2.198000e+01	2.630000e-01	9.670000e-01	1.000000e-02	-2.056524e+00	
169	2.004000e+01	6.400000e-02	2.004000e+01	6.400000e-02	9.290000e-01	3.000000e-03	-1.793017e+00	
171	1.765000e+01	7.200000e-02	1.765000e+01	7.200000e-02	9.380000e-01	4.000000e-03	-1.583139e+00	
172	1.498000e+01	2.300000e-02	1.498000e+01	2.300000e-02	1.059000e+00	2.000000e-03	-1.500738e+00	
173	2.052000e+01	1.360000e-01	2.052000e+01	1.360000e-01	1.036000e+00	6.000000e-03	-2.049941e+00	
174	2.035000e+01	7.500000e-02	2.035000e+01	7.500000e-02	1.020000e+00	4.000000e-03	-2.000705e+00	
175	1.960000e+01	1.190000e-01	1.960000e+01	1.190000e-01	9.800000e-01	6.000000e-03	-1.847740e+00	
176	2.115000e+01	7.300000e-02	2.115000e+01	7.300000e-02	9.650000e-01	3.000000e-03	-1.971080e+00	
177	1.991000e+01	1.320000e-01	1.991000e+01	1.320000e-01	9.520000e-01	7.000000e-03	-1.824863e+00	
178	2.126000e+01	1.000000e-01	2.126000e+01	1.000000e-01	9.570000e-01	4.000000e-03	-1.965410e+00	
179	1.981000e+01	8.400000e-02	1.981000e+01	8.400000e-02	9.240000e-01	4.000000e-03	-1.761824e+00	
180	2.081000e+01	6.500000e-02	2.081000e+01	6.500000e-02	9.690000e-01	3.000000e-03	-1.945853e+00	
