0	4	R2	1.631588e+00	1.631588e+00	5.280733e-10	0.000000e+00	8.598512e-02
0	5	R2	2.527167e+00	2.527167e+00	1.009019e-09	3.234178e-15	1.373113e-01
0	7	R2	3.373819e+00	3.373819e+00	1.492430e-09	2.549971e-15	1.741546e-01
0	8	R2	4.366812e+00	4.366812e+00	2.135218e-09	5.233367e-15	1.697145e-01
0	9	R2	6.079027e+00	6.079027e+00	3.431137e-09	-3.697589e-15	2.402047e-01
0	10	R2	6.587615e+00	6.587615e+00	3.840899e-09	-4.872978e-15	1.822660e-01
0	11	R2	7.331378e+00	7.331378e+00	4.445045e-09	8.474115e-15	2.096215e-01
0	12	R2	9.208103e+00	9.208103e+00	5.959780e-09	1.496449e-14	1.187048e-01
0	13	R2	9.871668e+00	9.871668e+00	6.487808e-09	1.657129e-14	1.071948e-01
0	14	R2	1.018330e+01	1.018330e+01	6.734360e-09	7.447754e-15	2.385090e-01
0	15	R2	1.078749e+01	1.078749e+01	7.209921e-09	-9.540468e-15	3.723836e-01
0	16	R2	1.400560e+01	1.400560e+01	9.698946e-09	-1.509299e-14	2.353883e-01
0	17	R2	1.295337e+01	1.295337e+01	8.891994e-09	1.924873e-14	1.845687e-01
0	18	R2	1.243781e+01	1.243781e+01	8.494421e-09	0.000000e+00	1.082894e-01
0	19	R2	1.322751e+01	1.322751e+01	9.102786e-09	5.640288e-15	3.149408e-01
0	20	R2	1.377410e+01	1.377410e+01	9.521887e-09	4.070761e-15	4.363697e-01
0	21	R2	1.328021e+01	1.328021e+01	9.143260e-09	-5.301107e-15	3.350917e-01
0	22	R2	1.312336e+01	1.312336e+01	9.022750e-09	0.000000e+00	3.272229e-01
0	23	R2	1.367989e+01	1.367989e+01	9.449755e-09	-7.301660e-15	2.432812e-01
0	24	R2	1.490313e+01	1.490313e+01	1.038316e-08	-7.997887e-15	2.221033e-01
0	25	R2	1.331558e+01	1.331558e+01	9.170415e-09	-3.346400e-06	5.319140e-02
0	27	R2	1.623377e+01	1.623377e+01	1.139186e-08	0.000000e+00	8.696660e-01
0	28	R2	1.388889e+01	1.388889e+01	9.609711e-09	0.000000e+00	1.543210e-01
0	29	R2	1.280410e+01	1.280410e+01	8.777044e-09	-6.019491e-15	2.951008e-01
0	30	R2	1.367989e+01	1.367989e+01	9.449755e-09	-5.932599e-15	2.994230e-01
0	31	R2	1.329787e+01	1.329787e+01	9.156820e-09	-4.018148e-15	4.420835e-01
0	32	R2	1.254705e+01	1.254705e+01	8.578794e-09	-1.880596e-14	1.889142e-01
0	33	R2	1.400560e+01	1.400560e+01	9.698946e-09	-3.018599e-14	1.176941e-01
0	34	R2	1.295337e+01	1.295337e+01	8.891994e-09	1.924873e-14	1.845687e-01
0	35	R2	1.371742e+01	1.371742e+01	9.478494e-09	0.000000e+00	4.139688e-01
0	36	R2	1.367989e+01	1.367989e+01	9.449755e-09	-6.780113e-15	2.619952e-01
0	38	R2	1.366120e+01	1.366120e+01	9.435442e-09	-4.759073e-14	3.732569e-02
0	40	R2	1.335113e+01	1.335114e+01	9.197707e-09	-3.339315e-06	5.347584e-02
0	41	R2	1.319261e+01	1.319261e+01	9.075973e-09	-1.458044e-14	2.436630e-01
0	42	R2	1.383126e+01	1.383126e+01	9.565625e-09	-2.380906e-15	7.460845e-01
0	43	R2	1.329787e+01	1.329787e+01	9.156820e-09	-1.435053e-14	1.237834e-01
0	44	R2	1.290323e+01	1.290323e+01	8.853395e-09	-1.778207e-14	9.989594e-02
0	46	R2	1.386963e+01	1.386963e+01	9.594976e-09	5.771394e-15	3.077864e-01
0	47	R2	1.457726e+01	1.457726e+01	1.013514e-08	0.000000e+00	3.187447e-01
0	48	R2	1.355014e+01	1.355014e+01	9.350341e-09	1.074980e-14	1.652456e-01
0	49	R2	1.406470e+01	1.406470e+01	9.744105e-09	1.122482e-14	1.582526e-01
0	50	R2	1.400560e+01	1.400560e+01	9.698946e-09	-5.488361e-15	6.473178e-01
0	52	R2	1.383126e+01	1.383126e+01	9.565625e-09	-4.421682e-15	4.017378e-01
0	53	R2	1.287001e+01	1.287001e+01	8.827820e-09	0.000000e+00	4.803480e-01
0	54	R2	1.485884e+01	1.485884e+01	1.034948e-08	-1.609127e-14	1.103926e-01
0	55	R2	1.416431e+01	1.416431e+01	9.820186e-09	-2.388009e-06	8.025103e-02
0	56	R2	1.447178e+01	1.447178e+01	1.005476e-08	0.000000e+00	3.979216e-01
0	58	R2	1.466276e+01	1.466276e+01	1.020025e-08	-8.440566e-07	2.364961e-01
0	59	R2	1.381215e+01	1.381215e+01	9.551007e-09	5.819523e-15	3.052410e-01
0	60	R2	1.524390e+01	1.524390e+01	1.064209e-08	8.493670e-15	4.182778e-01
0	61	R2	1.538462e+01	1.538462e+01	1.074888e-08	2.943179e-15	1.207101e+00
0	62	R2	1.416431e+01	1.416431e+01	9.820186e-09	-8.683669e-07	2.206903e-01
0	64	R2	1.658375e+01	1.658375e+01	1.165619e-08	-1.722398e-14	4.125310e-01
0	65	R2	1.173709e+01	1.173709e+01	7.951396e-09	0.000000e+00	1.790870e-01
0	66	R2	1.062699e+01	1.062699e+01	7.083900e-09	9.252531e-15	1.919861e-01
0	67	R2	1.231527e+01	1.231527e+01	8.399688e-09	4.780532e-15	7.431629e-01
0	68	R2	1.132503e+01	1.132503e+01	7.630489e-09	-7.694477e-15	4.617226e-01
0	69	R2	1.213592e+01	1.213592e+01	8.260867e-09	5.360461e-15	6.627627e-01
0	70	R2	1.175088e+01	1.175088e+01	7.962116e-09	-2.144066e-14	8.284993e-02
0	71	R2	1.222494e+01	1.222494e+01	8.329794e-09	-1.698004e-14	1.046144e-01
0	73	R2	1.245330e+01	1.245330e+01	8.506388e-09	3.818036e-14	4.652541e-02
0	74	R2	1.243781e+01	1.243781e+01	8.494421e-09	0.000000e+00	2.320487e-01
0	75	R2	1.488095e+01	1.488095e+01	1.036630e-08	-7.292494e-15	4.871740e-01
0	76	R2	1.223990e+01	1.223990e+01	8.341376e-09	-3.387710e-14	1.048706e-01
0	78	R2	1.029866e+01	1.029866e+01	6.825408e-09	3.894935e-15	4.560684e-01
0	79	R2	1.506024e+01	1.506024e+01	1.050259e-08	1.566377e-14	2.268109e-01
0	80	R2	1.146789e+01	1.146789e+01	7.741888e-09	6.753567e-15	2.630250e-01
0	81	R2	1.315789e+01	1.315789e+01	9.049295e-09	-9.327488e-15	1.904432e-01
0	82	R2	1.976285e+01	1.976285e+01	1.404299e-08	0.000000e+00	1.562280e-01
0	84	R2	1.103753e+01	1.103753e+01	7.405835e-09	0.000000e+00	3.045675e-01
0	85	R2	1.055966e+01	1.055966e+01	7.030967e-09	-2.450850e-14	1.449584e-01
0	86	R2	1.291990e+01	1.291990e+01	8.866230e-09	-6.047647e-07	2.837703e-01
0	88	R2	1.686341e+01	1.686341e+01	1.186715e-08	-6.575306e-15	5.403115e-01
0	89	R2	1.459854e+01	1.459854e+01	1.015135e-08	-5.823961e-07	3.409878e-01
0	90	R2	1.297017e+01	1.297017e+01	8.904924e-09	-2.135362e-07	8.074813e-01
0	91	R2	1.223990e+01	1.223990e+01	8.341376e-09	-1.394940e-14	2.546858e-01
0	92	R2	1.240695e+01	1.240695e+01	8.470570e-09	0.000000e+00	6.157294e-02
0	94	R2	1.267427e+01	1.267427e+01	8.676962e-09	-3.949355e-15	4.497840e-01
0	95	R2	1.349528e+01	1.349528e+01	9.308284e-09	-7.502798e-15	2.367592e-01
0	96	R2	1.315789e+01	1.315789e+01	9.049295e-09	-4.885827e-15	3.635734e-01
0	97	R2	1.293661e+01	1.293661e+01	8.879096e-09	7.581605e-15	2.342983e-01
0	98	R2	1.390821e+01	1.390821e+01	9.624484e-09	-1.938937e-06	9.671909e-02
0	99	R2	1.326260e+01	1.326260e+01	9.129735e-09	9.180793e-15	1.934862e-01
0	100	R2	1.349528e+01	1.349528e+01	9.308284e-09	-7.502798e-15	2.367592e-01
0	101	R2	1.338688e+01	1.338688e+01	9.225139e-09	-1.428093e-06	1.254460e-01
0	102	R2	1.315789e+01	1.315789e+01	9.049295e-09	-2.052047e-14	8.656510e-02
0	103	R2	1.287001e+01	1.287001e+01	8.827820e-09	0.000000e+00	8.281862e-02
0	104	R2	1.265823e+01	1.265823e+01	8.664588e-09	-3.869014e-07	4.326230e-01
0	105	R2	1.256281e+01	1.256281e+01	8.590962e-09	0.000000e+00	2.367364e-01
0	106	R2	6.238303e+00	6.238303e+00	3.558909e-09	0.000000e+00	1.829072e-01
0	107	R2	2.455796e+00	2.455796e+00	9.701499e-10	0.000000e+00	1.176032e-01
0	108	R2	1.331381e+00	1.331381e+00	3.710534e-10	0.000000e+00	2.394748e-01


1	4	NOE	-1.380000e+00	-1.380000e+00	5.083021e-10	0.000000e+00	6.000000e-02
1	5	NOE	-6.500000e-01	-6.500000e-01	7.093009e-10	2.379049e-15	1.400000e-01
1	7	NOE	-2.100000e-01	-2.100000e-01	9.025669e-10	inf	0.000000e+00
1	8	NOE	-2.000000e-02	-2.000000e-02	1.023755e-09	-5.117434e-15	4.000000e-02
1	9	NOE	1.500000e-01	1.500000e-01	1.169049e-09	-9.251859e-16	3.000000e-02
1	10	NOE	2.300000e-01	2.300000e-01	1.256412e-09	6.938894e-15	2.000000e-02
1	11	NOE	3.200000e-01	3.200000e-01	1.376840e-09	9.251859e-15	3.000000e-02
1	12	NOE	3.900000e-01	3.900000e-01	1.493686e-09	3.700743e-15	3.000000e-02
1	13	NOE	5.600000e-01	5.600000e-01	1.938519e-09	0.000000e+00	1.200000e-01
1	14	NOE	5.100000e-01	5.100000e-01	1.772777e-09	-3.700743e-15	3.000000e-02
1	15	NOE	6.200000e-01	6.200000e-01	2.207854e-09	4.440892e-15	5.000000e-02
1	16	NOE	7.700000e-01	7.700000e-01	4.094597e-09	1.586033e-15	7.000000e-02
1	17	NOE	7.700000e-01	7.700000e-01	4.094597e-09	1.850372e-15	6.000000e-02
1	18	NOE	7.400000e-01	7.400000e-01	3.371255e-09	0.000000e+00	6.000000e-02
1	19	NOE	7.600000e-01	7.600000e-01	3.805509e-09	0.000000e+00	7.000000e-02
1	20	NOE	8.200000e-01	8.200000e-01	8.698455e-09	0.000000e+00	2.000000e-02
1	21	NOE	8.100000e-01	8.100000e-01	6.678119e-09	0.000000e+00	4.000000e-02
1	22	NOE	7.800000e-01	7.800000e-01	4.459675e-09	2.775558e-15	4.000000e-02
1	23	NOE	8.500000e-01	8.344307e-01	3.133534e-05	2.594890e-01	6.000000e-02
1	24	NOE	7.800000e-01	7.800000e-01	4.459675e-09	3.700743e-15	3.000000e-02
1	25	NOE	8.100000e-01	8.100000e-01	6.678119e-09	0.000000e+00	6.000000e-02
1	27	NOE	8.200000e-01	8.200000e-01	8.698455e-09	0.000000e+00	8.000000e-02
1	28	NOE	7.900000e-01	7.900000e-01	4.941403e-09	-7.401487e-15	3.000000e-02
1	29	NOE	8.500000e-01	8.344307e-01	3.133534e-05	3.892335e-01	4.000000e-02
1	30	NOE	7.900000e-01	7.900000e-01	4.941403e-09	-1.110223e-14	2.000000e-02
1	31	NOE	8.100000e-01	8.100000e-01	6.678119e-09	0.000000e+00	4.000000e-02
1	32	NOE	8.000000e-01	8.000000e-01	5.619330e-09	0.000000e+00	3.000000e-02
1	33	NOE	8.300000e-01	8.300000e-01	1.571497e-08	0.000000e+00	2.000000e-02
1	34	NOE	7.800000e-01	7.800000e-01	4.459675e-09	2.220446e-15	5.000000e-02
1	35	NOE	8.600000e-01	8.344307e-01	2.435143e-05	3.652763e-01	7.000000e-02
1	36	NOE	7.600000e-01	7.600000e-01	3.805509e-09	0.000000e+00	3.000000e-02
1	38	NOE	7.800000e-01	7.800000e-01	4.459675e-09	2.775558e-15	4.000000e-02
1	40	NOE	7.900000e-01	7.900000e-01	4.941403e-09	-4.440892e-15	5.000000e-02
1	41	NOE	7.900000e-01	7.900000e-01	4.941403e-09	-5.551115e-15	4.000000e-02
1	42	NOE	8.200000e-01	8.200000e-01	8.698455e-09	0.000000e+00	8.000000e-02
1	43	NOE	7.700000e-01	7.700000e-01	4.094597e-09	1.387779e-15	8.000000e-02
1	44	NOE	8.000000e-01	8.000000e-01	5.619330e-09	0.000000e+00	2.000000e-02
1	46	NOE	8.200000e-01	8.200000e-01	8.698455e-09	0.000000e+00	6.000000e-02
1	47	NOE	7.900000e-01	7.900000e-01	4.941403e-09	-1.110223e-14	2.000000e-02
1	48	NOE	8.200000e-01	8.200000e-01	8.698455e-09	0.000000e+00	4.000000e-02
1	49	NOE	7.800000e-01	7.800000e-01	4.459675e-09	2.775558e-15	4.000000e-02
1	50	NOE	7.700000e-01	7.700000e-01	4.094597e-09	2.775558e-15	4.000000e-02
1	52	NOE	8.100000e-01	8.100000e-01	6.678119e-09	0.000000e+00	4.000000e-02
1	53	NOE	6.800000e-01	6.800000e-01	2.618991e-09	1.233581e-15	9.000000e-02
1	54	NOE	8.900000e-01	8.344307e-01	2.125429e-05	7.938477e-01	7.000000e-02
1	55	NOE	7.700000e-01	7.700000e-01	4.094597e-09	2.775558e-15	4.000000e-02
1	56	NOE	7.800000e-01	7.800000e-01	4.459675e-09	5.551115e-15	2.000000e-02
1	58	NOE	7.900000e-01	7.900000e-01	4.941403e-09	-7.401487e-15	3.000000e-02
1	59	NOE	7.800000e-01	7.800000e-01	4.459675e-09	1.233581e-15	9.000000e-02
1	60	NOE	8.000000e-01	8.000000e-01	5.619330e-09	0.000000e+00	9.000000e-02
1	61	NOE	7.700000e-01	7.700000e-01	4.094597e-09	1.110223e-14	1.000000e-02
1	62	NOE	8.200000e-01	8.200000e-01	8.698455e-09	0.000000e+00	6.000000e-02
1	64	NOE	7.400000e-01	7.400000e-01	3.371255e-09	0.000000e+00	5.000000e-02
1	65	NOE	6.600000e-01	6.600000e-01	2.458847e-09	5.551115e-15	2.000000e-02
1	66	NOE	6.500000e-01	6.500000e-01	2.388613e-09	2.220446e-15	5.000000e-02
1	67	NOE	6.200000e-01	6.200000e-01	2.207854e-09	1.850372e-15	1.200000e-01
1	68	NOE	5.900000e-01	5.900000e-01	2.060998e-09	1.586033e-15	7.000000e-02
1	69	NOE	6.400000e-01	6.400000e-01	2.323797e-09	-5.551115e-15	2.000000e-02
1	70	NOE	6.500000e-01	6.500000e-01	2.388613e-09	2.220446e-15	5.000000e-02
1	71	NOE	6.600000e-01	6.600000e-01	2.458847e-09	3.700743e-15	3.000000e-02
1	73	NOE	6.700000e-01	6.700000e-01	2.535309e-09	-3.700743e-15	3.000000e-02
1	74	NOE	6.500000e-01	6.500000e-01	2.388613e-09	1.586033e-15	7.000000e-02
1	75	NOE	6.000000e-01	6.000000e-01	2.106859e-09	-2.220446e-15	5.000000e-02
1	76	NOE	5.600000e-01	5.600000e-01	1.938519e-09	0.000000e+00	3.000000e-02
1	78	NOE	6.000000e-01	6.000000e-01	2.106859e-09	-2.220446e-15	5.000000e-02
1	79	NOE	6.700000e-01	6.700000e-01	2.535309e-09	-1.110223e-15	1.000000e-01
1	80	NOE	7.200000e-01	7.200000e-01	3.055851e-09	0.000000e+00	9.000000e-02
1	81	NOE	6.300000e-01	6.300000e-01	2.263731e-09	-5.551115e-15	2.000000e-02
1	82	NOE	7.200000e-01	7.200000e-01	3.055851e-09	0.000000e+00	1.100000e-01
1	84	NOE	6.000000e-01	6.000000e-01	2.106859e-09	-5.551115e-15	2.000000e-02
1	85	NOE	5.000000e-01	5.000000e-01	1.744072e-09	2.775558e-15	4.000000e-02
1	86	NOE	4.500000e-01	4.500000e-01	1.617340e-09	-6.167906e-16	9.000000e-02
1	88	NOE	5.200000e-01	5.200000e-01	1.802807e-09	0.000000e+00	1.000000e-01
1	89	NOE	6.200000e-01	6.200000e-01	2.207854e-09	2.220446e-15	1.000000e-01
1	90	NOE	4.800000e-01	4.800000e-01	1.690256e-09	-2.220446e-15	2.000000e-01
1	91	NOE	6.400000e-01	6.400000e-01	2.323797e-09	-5.551115e-15	2.000000e-02
1	92	NOE	6.800000e-01	6.800000e-01	2.618991e-09	2.775558e-15	4.000000e-02
1	94	NOE	7.100000e-01	7.100000e-01	2.927289e-09	0.000000e+00	6.000000e-02
1	95	NOE	7.800000e-01	7.800000e-01	4.459675e-09	5.551115e-15	2.000000e-02
1	96	NOE	7.900000e-01	7.900000e-01	4.941403e-09	-1.110223e-14	2.000000e-02
1	97	NOE	7.900000e-01	7.900000e-01	4.941403e-09	-3.700743e-15	6.000000e-02
1	98	NOE	7.900000e-01	7.900000e-01	4.941403e-09	-7.401487e-15	3.000000e-02
1	99	NOE	7.800000e-01	7.800000e-01	4.459675e-09	3.700743e-15	3.000000e-02
1	100	NOE	7.600000e-01	7.600000e-01	3.805509e-09	0.000000e+00	4.000000e-02
1	101	NOE	7.500000e-01	7.500000e-01	3.569183e-09	0.000000e+00	4.000000e-02
1	102	NOE	7.200000e-01	7.200000e-01	3.055851e-09	0.000000e+00	1.100000e-01
1	103	NOE	7.600000e-01	7.600000e-01	3.805509e-09	0.000000e+00	3.000000e-02
1	104	NOE	7.700000e-01	7.700000e-01	4.094597e-09	1.110223e-14	1.000000e-02
1	105	NOE	7.000000e-01	7.000000e-01	2.813229e-09	2.220446e-15	5.000000e-02
1	106	NOE	2.900000e-01	2.900000e-01	1.333543e-09	1.850372e-15	9.000000e-02
1	107	NOE	-3.800000e-01	-3.800000e-01	8.170574e-10	-1.110223e-14	3.000000e-02
1	108	NOE	-1.130000e+00	-1.130000e+00	5.673586e-10	-7.401487e-15	1.200000e-01


2	4	R1	9.149131e-01	9.149131e-01	2.060222e-10	1.115498e-15	9.952714e-02
2	5	R1	1.287996e+00	1.287996e+00	3.928149e-10	0.000000e+00	5.739910e-02
2	7	R1	1.298870e+00	1.298870e+00	3.998863e-10	0.000000e+00	5.803498e-02
2	8	R1	1.365188e+00	1.365188e+00	9.860548e-09	-2.259047e-07	7.846335e-02
2	9	R1	1.339585e+00	1.339585e+00	1.007650e-08	0.000000e+00	4.378549e-02
2	10	R1	1.282709e+00	1.282709e+00	1.058458e-08	0.000000e+00	3.586847e-02
2	11	R1	1.440300e+00	1.440300e+00	9.267594e-09	2.617045e-15	8.484553e-02
2	12	R1	1.328021e+00	1.328021e+00	1.017654e-08	1.640505e-07	1.059948e-01
2	13	R1	1.315443e+00	1.315443e+00	1.028720e-08	0.000000e+00	1.865362e-01
2	14	R1	1.377221e+00	1.377221e+00	9.761598e-09	-4.256968e-15	1.043205e-01
2	15	R1	1.295001e+00	1.295001e+00	1.047128e-08	0.000000e+00	2.834178e-02
2	16	R1	1.166861e+00	1.166861e+00	1.176143e-08	-4.853584e-15	4.574858e-02
2	17	R1	1.178828e+00	1.178828e+00	1.162982e-08	5.121351e-15	4.335664e-02
2	18	R1	1.253604e+00	1.253604e+00	1.086108e-08	3.003031e-15	1.478803e-01
2	19	R1	1.235178e+00	1.235178e+00	1.104241e-08	5.124634e-15	4.332887e-02
2	20	R1	1.205400e+00	1.205400e+00	1.134640e-08	-8.282879e-15	5.361532e-02
2	21	R1	1.230921e+00	1.230921e+00	1.108503e-08	0.000000e+00	7.303099e-02
2	22	R1	1.256755e+00	1.256755e+00	1.083057e-08	8.318638e-16	2.669242e-01
2	23	R1	1.194600e+00	1.194600e+00	1.146016e-08	2.288158e-14	9.704077e-03
2	24	R1	1.178134e+00	1.178134e+00	1.163739e-08	-9.936309e-15	2.234679e-02
2	25	R1	1.306165e+00	1.306165e+00	1.037009e-08	1.872661e-15	1.185717e-01
2	27	R1	1.184694e+00	1.184694e+00	1.156623e-08	0.000000e+00	7.845561e-02
2	28	R1	1.184834e+00	1.184834e+00	1.156471e-08	1.797391e-14	1.235372e-02
2	29	R1	1.276487e+00	1.276487e+00	1.064271e-08	3.494160e-15	6.354735e-02
2	30	R1	1.157140e+00	1.157140e+00	1.187024e-08	-3.865551e-15	5.744190e-02
2	31	R1	1.238697e+00	1.238697e+00	1.100739e-08	2.465313e-15	9.006752e-02
2	32	R1	1.152605e+00	1.152605e+00	1.192159e-08	2.318163e-15	9.578471e-02
2	33	R1	1.206709e+00	1.206709e+00	1.133274e-08	-3.176828e-15	6.989507e-02
2	34	R1	1.178828e+00	1.178828e+00	1.162982e-08	5.121351e-15	4.335664e-02
2	35	R1	1.247194e+00	1.247194e+00	1.092360e-08	4.014754e-07	4.137610e-02
2	36	R1	1.236400e+00	1.236400e+00	1.103023e-08	-1.030157e-14	2.155444e-02
2	38	R1	1.254233e+00	1.254233e+00	1.085498e-08	-8.877417e-15	2.501230e-02
2	40	R1	1.334223e+00	1.334223e+00	1.012269e-08	-7.924626e-16	2.801957e-01
2	41	R1	1.239618e+00	1.239618e+00	1.099825e-08	-3.299060e-15	6.730541e-02
2	42	R1	1.204674e+00	1.204674e+00	1.135399e-08	0.000000e+00	6.254843e-02
2	43	R1	1.237777e+00	1.237777e+00	1.101653e-08	-4.608237e-15	9.636857e-02
2	44	R1	1.119695e+00	1.119695e+00	1.230602e-08	-2.412928e-15	9.202289e-02
2	46	R1	1.127777e+00	1.127777e+00	1.220964e-08	2.649160e-15	8.381698e-02
2	47	R1	1.128796e+00	1.128796e+00	1.219759e-08	-5.947604e-15	3.733346e-02
2	48	R1	1.107174e+00	1.107174e+00	1.245797e-08	2.278458e-15	9.745391e-02
2	49	R1	1.117568e+00	1.117568e+00	1.233161e-08	-1.897372e-15	1.170274e-01
2	50	R1	1.117194e+00	1.117194e+00	1.233612e-08	-2.289614e-15	9.697905e-02
2	52	R1	1.202068e+00	1.202068e+00	1.138130e-08	3.392222e-15	6.545698e-02
2	53	R1	1.308216e+00	1.308216e+00	1.035168e-08	0.000000e+00	1.324645e-01
2	54	R1	1.200192e+00	1.200192e+00	1.140102e-08	-2.474291e-15	8.974071e-02
2	55	R1	1.223242e+00	1.223242e+00	1.116260e-08	-1.412602e-15	3.143768e-01
2	56	R1	1.276813e+00	1.276813e+00	1.063965e-08	6.742706e-16	3.293108e-01
2	58	R1	1.168088e+00	1.168088e+00	1.174783e-08	-2.324830e-15	9.551004e-02
2	59	R1	1.171097e+00	1.171097e+00	1.171455e-08	6.155998e-15	3.606963e-02
2	60	R1	1.142465e+00	1.142465e+00	1.203780e-08	-3.738890e-15	5.938784e-02
2	61	R1	1.212562e+00	1.212562e+00	1.127201e-08	0.000000e+00	1.177716e-01
2	62	R1	1.166725e+00	1.166725e+00	1.176295e-08	0.000000e+00	3.906780e-02
2	64	R1	1.324854e+00	1.324854e+00	1.020422e-08	0.000000e+00	1.427009e-01
2	65	R1	1.201923e+00	1.201923e+00	1.138282e-08	-1.133515e-15	1.958903e-01
2	66	R1	1.153004e+00	1.153004e+00	1.191706e-08	1.531326e-07	1.020992e-01
2	67	R1	1.280082e+00	1.280082e+00	1.060906e-08	-2.791100e-15	1.591090e-01
2	68	R1	1.275510e+00	1.275510e+00	1.065188e-08	-6.625294e-15	3.351468e-02
2	69	R1	1.206127e+00	1.206127e+00	1.133881e-08	0.000000e+00	6.982765e-03
2	70	R1	1.275836e+00	1.275836e+00	1.064882e-08	-3.686795e-15	6.022700e-02
2	71	R1	1.271133e+00	1.271133e+00	1.069315e-08	3.351774e-15	6.624690e-02
2	73	R1	1.210507e+00	1.210507e+00	1.129327e-08	7.653151e-15	5.802698e-02
2	74	R1	1.471021e+00	1.471021e+00	9.040908e-09	0.000000e+00	4.154693e-02
2	75	R1	1.255808e+00	1.255808e+00	1.083973e-08	0.000000e+00	7.601400e-02
2	76	R1	1.179802e+00	1.179802e+00	1.161922e-08	0.000000e+00	2.867380e-02
2	78	R1	1.251408e+00	1.251408e+00	1.088244e-08	-5.883360e-15	3.774112e-02
2	79	R1	1.360915e+00	1.360915e+00	9.896073e-09	-3.700271e-15	1.200153e-01
2	80	R1	1.337972e+00	1.337972e+00	1.009036e-08	1.834846e-15	1.210154e-01
2	81	R1	1.306165e+00	1.306165e+00	1.037009e-08	4.706756e-07	3.650984e-02
2	82	R1	1.190334e+00	1.190334e+00	1.150563e-08	0.000000e+00	9.847428e-02
2	84	R1	1.318739e+00	1.318739e+00	1.025801e-08	0.000000e+00	7.791048e-02
2	85	R1	1.337793e+00	1.337793e+00	1.009190e-08	-2.501387e-15	8.876858e-02
2	86	R1	1.280574e+00	1.280574e+00	1.060447e-08	0.000000e+00	1.302056e-01
2	88	R1	1.257703e+00	1.257703e+00	1.082142e-08	1.790473e-15	1.240145e-01
2	89	R1	1.235636e+00	1.235636e+00	1.103784e-08	3.951950e-15	5.618608e-02
2	90	R1	1.123217e+00	1.123217e+00	1.226386e-08	3.188408e-15	1.392824e-01
2	91	R1	1.216397e+00	1.216397e+00	1.123251e-08	8.932648e-15	2.485765e-02
2	92	R1	1.077818e+00	1.077818e+00	1.282739e-08	0.000000e+00	7.574236e-02
2	94	R1	1.170686e+00	1.170686e+00	1.171909e-08	3.665533e-15	6.057635e-02
2	95	R1	1.268392e+00	1.268392e+00	1.071912e-08	5.130754e-15	4.327719e-02
2	96	R1	1.203514e+00	1.203514e+00	1.136613e-08	0.000000e+00	1.122546e-01
2	97	R1	1.158749e+00	1.158749e+00	1.185211e-08	2.114731e-15	1.049990e-01
2	98	R1	1.151278e+00	1.151278e+00	1.193669e-08	2.400073e-15	9.251577e-02
2	99	R1	1.147974e+00	1.147974e+00	1.197442e-08	0.000000e+00	1.537924e-01
2	100	R1	1.167815e+00	1.167815e+00	1.175085e-08	-2.731781e-15	8.128200e-02
2	101	R1	1.196315e+00	1.196315e+00	1.144197e-08	2.248536e-15	9.875076e-02
2	102	R1	1.132888e+00	1.132888e+00	1.214937e-08	0.000000e+00	6.468510e-02
2	103	R1	1.135460e+00	1.135460e+00	1.211923e-08	5.340310e-15	8.315794e-02
2	104	R1	1.220256e+00	1.220256e+00	1.119300e-08	1.212364e-14	1.831501e-02
2	105	R1	1.207584e+00	1.207584e+00	1.132363e-08	-1.086845e-15	2.043020e-01
2	106	R1	1.237777e+00	1.237777e+00	1.101653e-08	0.000000e+00	1.509110e-01
2	107	R1	1.180220e+00	1.180220e+00	3.272249e-10	0.000000e+00	2.827624e-02
2	108	R1	7.392076e-01	7.392076e-01	1.510494e-10	0.000000e+00	6.158242e-02


