1.396275e+00	1.000000e+00	4.696873e-27
1.532389e+00	0.000000e+00	1.983083e-26
1.681773e+00	1.000000e+00	9.455376e-26
1.845718e+00	0.000000e+00	5.132143e-25
2.025646e+00	0.000000e+00	3.196497e-24
2.223114e+00	0.000000e+00	2.302534e-23
2.439832e+00	2.000000e+00	1.932548e-22
2.677677e+00	0.000000e+00	1.902839e-21
2.938707e+00	0.000000e+00	2.210774e-20
3.225184e+00	1.000000e+00	3.044112e-19
3.539588e+00	0.000000e+00	4.979621e-18
3.884641e+00	0.000000e+00	9.674790e-17
4.263331e+00	1.000000e+00	2.224142e-15
4.678937e+00	0.000000e+00	5.999883e-14
5.135059e+00	0.000000e+00	1.872479e-12
5.635645e+00	0.000000e+00	6.615672e-11
6.185030e+00	2.000000e+00	2.565068e-09
6.787971e+00	1.000000e+00	1.045496e-07
7.449689e+00	1.000000e+00	4.227979e-06
8.175914e+00	0.000000e+00	1.571823e-04
8.972935e+00	1.000000e+00	4.864896e-03
9.847652e+00	3.000000e+00	1.103588e-01
1.080764e+01	4.000000e+00	1.560077e+00
1.186121e+01	1.000000e+01	1.119561e+01
1.301749e+01	3.200000e+01	3.152653e+01
1.428649e+01	2.500000e+01	2.525190e+01
1.567919e+01	4.000000e+00	3.855397e+00
1.720766e+01	2.000000e+00	6.832221e-02
1.888513e+01	0.000000e+00	7.614283e-05


1.083701e-02	0.000000e+00	4.507411e-02
1.265114e-02	0.000000e+00	4.598254e-02
1.476897e-02	0.000000e+00	4.706498e-02
1.724132e-02	0.000000e+00	4.835914e-02
2.012755e-02	0.000000e+00	4.991259e-02
2.349693e-02	0.000000e+00	5.178584e-02
2.743036e-02	0.000000e+00	5.405685e-02
3.202225e-02	0.000000e+00	5.682724e-02
3.738283e-02	0.000000e+00	6.023127e-02
4.364078e-02	0.000000e+00	6.444901e-02
5.094633e-02	0.000000e+00	6.972585e-02
5.947483e-02	0.000000e+00	7.640217e-02
6.943102e-02	0.000000e+00	8.495921e-02
8.105390e-02	0.000000e+00	9.609166e-02
9.462246e-02	0.000000e+00	1.108254e-01
1.104624e-01	0.000000e+00	1.307129e-01
1.289540e-01	0.000000e+00	1.581676e-01
1.505412e-01	1.000000e+00	1.970509e-01
1.757420e-01	0.000000e+00	2.537384e-01
2.051616e-01	0.000000e+00	3.391171e-01
2.395060e-01	1.000000e+00	4.724604e-01
2.795997e-01	1.000000e+00	6.892152e-01
3.264052e-01	1.000000e+00	1.057210e+00
3.810460e-01	1.000000e+00	1.711559e+00
4.448337e-01	1.000000e+00	2.932123e+00
5.192997e-01	4.000000e+00	5.319190e+00
6.062314e-01	1.500000e+01	1.019461e+01
7.077156e-01	1.800000e+01	2.049742e+01
8.261884e-01	4.300000e+01	4.262867e+01


7.480827e-01	1.000000e+00	1.980683e-07
7.660460e-01	0.000000e+00	7.550083e-07
7.844407e-01	0.000000e+00	2.817219e-06
8.032771e-01	0.000000e+00	1.025818e-05
8.225658e-01	0.000000e+00	3.632976e-05
8.423176e-01	0.000000e+00	1.247001e-04
8.625438e-01	0.000000e+00	4.132901e-04
8.832556e-01	0.000000e+00	1.317339e-03
9.044648e-01	1.000000e+00	4.021211e-03
9.261832e-01	0.000000e+00	1.170257e-02
9.484232e-01	0.000000e+00	3.231462e-02
9.711972e-01	0.000000e+00	8.423902e-02
9.945181e-01	0.000000e+00	2.062022e-01
1.018399e+00	0.000000e+00	4.712690e-01
1.042853e+00	0.000000e+00	9.995896e-01
1.067895e+00	1.000000e+00	1.955144e+00
1.093538e+00	0.000000e+00	3.502701e+00
1.119796e+00	8.000000e+00	5.706709e+00
1.146685e+00	8.000000e+00	8.391440e+00
1.174220e+00	1.300000e+01	1.104776e+01
1.202416e+00	1.500000e+01	1.291271e+01
1.231289e+00	1.000000e+01	1.327921e+01
1.260855e+00	1.000000e+01	1.190210e+01
1.291132e+00	1.100000e+01	9.204968e+00
1.322135e+00	7.000000e+00	6.078160e+00
1.353883e+00	4.000000e+00	3.388588e+00
1.386393e+00	1.000000e+00	1.576286e+00
1.419683e+00	0.000000e+00	6.042374e-01
1.453774e+00	2.000000e+00	1.883742e-01


1.406178e-02	1.000000e+00	5.237273e-02
1.548876e-02	0.000000e+00	1.830783e-01
1.706055e-02	1.000000e+00	6.048081e-01
1.879184e-02	2.000000e+00	1.805335e+00
2.069882e-02	5.000000e+00	4.595842e+00
2.279933e-02	8.000000e+00	9.268351e+00
2.511298e-02	1.400000e+01	1.348485e+01
2.766143e-02	1.400000e+01	1.257986e+01
3.046849e-02	3.000000e+00	6.489615e+00
3.356041e-02	6.000000e+00	1.538690e+00
3.696610e-02	2.000000e+00	1.331788e-01
4.071739e-02	4.000000e+00	3.161219e-03
4.484936e-02	5.000000e+00	1.444005e-05
4.940064e-02	6.000000e+00	8.193647e-09
5.441378e-02	4.000000e+00	3.366179e-13
5.993565e-02	3.000000e+00	5.151343e-19
6.601788e-02	2.000000e+00	1.297280e-26
7.271732e-02	1.000000e+00	1.972151e-36
8.009662e-02	1.000000e+00	5.292050e-49
8.822477e-02	1.000000e+00	5.559324e-65
9.717775e-02	2.000000e+00	3.620734e-85
1.070393e-01	0.000000e+00	1.536219e-110
1.179015e-01	1.000000e+00	2.707614e-142
1.298661e-01	0.000000e+00	6.883184e-182
1.430448e-01	1.000000e+00	4.182429e-231
1.575609e-01	3.000000e+00	4.093826e-292
1.735501e-01	0.000000e+00	0.000000e+00
1.911618e-01	0.000000e+00	0.000000e+00
2.105608e-01	2.000000e+00	0.000000e+00


6.263929e-02	1.000000e+00	3.795436e-02
6.764861e-02	0.000000e+00	1.537074e-01
7.305853e-02	1.000000e+00	5.629125e-01
7.890109e-02	2.000000e+00	1.785089e+00
8.521088e-02	5.000000e+00	4.649984e+00
9.202528e-02	8.000000e+00	9.334844e+00
9.938462e-02	1.400000e+01	1.337302e+01
1.073325e-01	1.400000e+01	1.246522e+01
1.159160e-01	3.000000e+00	6.768129e+00
1.251859e-01	6.000000e+00	1.875565e+00
1.351971e-01	2.000000e+00	2.266056e-01
1.460090e-01	4.000000e+00	9.896872e-03
1.576854e-01	5.000000e+00	1.250769e-04
1.702957e-01	6.000000e+00	3.513560e-07
1.839144e-01	4.000000e+00	1.605440e-10
1.986222e-01	3.000000e+00	8.248752e-15
2.145062e-01	2.000000e+00	3.081777e-20
2.316605e-01	1.000000e+00	5.006061e-27
2.501866e-01	1.000000e+00	1.928721e-35
2.701942e-01	1.000000e+00	8.633796e-46
2.918019e-01	2.000000e+00	1.939338e-58
3.151376e-01	0.000000e+00	8.145328e-74
3.403394e-01	1.000000e+00	2.005592e-92
3.675567e-01	0.000000e+00	7.415675e-115
3.969505e-01	1.000000e+00	8.325824e-142
4.286950e-01	3.000000e+00	4.352486e-174
4.629782e-01	0.000000e+00	1.175611e-212
5.000030e-01	0.000000e+00	1.247198e-258
5.399887e-01	2.000000e+00	2.539066e-313


