0	3	R2	1.553700e+01	1.553700e+01	1.161595e-08	nan	nan
0	4	R2	1.691600e+01	1.691600e+01	1.275058e-08	nan	nan
0	6	R2	2.738300e+01	2.738300e+01	2.120773e-08	nan	nan
0	7	R2	2.215300e+01	2.215300e+01	1.700660e-08	nan	nan
0	8	R2	2.073900e+01	2.073900e+01	1.586380e-08	nan	nan
0	9	R2	2.036100e+01	2.036100e+01	1.555763e-08	nan	nan
0	10	R2	1.922700e+01	1.922700e+01	1.463719e-08	nan	nan
0	11	R2	1.880100e+01	1.880100e+01	1.429060e-08	nan	nan
0	12	R2	1.939500e+01	1.939500e+01	1.477375e-08	nan	nan
0	13	R2	1.992200e+01	1.992200e+01	1.520166e-08	nan	nan
0	14	R2	2.038900e+01	2.038900e+01	1.558032e-08	nan	nan
0	15	R2	1.830100e+01	1.830100e+01	1.388317e-08	nan	nan
0	16	R2	1.832000e+01	1.832000e+01	1.389866e-08	nan	nan
0	17	R2	2.041500e+01	2.041500e+01	1.560139e-08	nan	nan
0	18	R2	1.983700e+01	1.983700e+01	1.513269e-08	nan	nan
0	23	R2	2.108000e+01	2.108000e+01	1.613975e-08	nan	nan
0	24	R2	1.993700e+01	1.993700e+01	1.521383e-08	nan	nan
0	25	R2	2.074200e+01	2.074200e+01	1.586623e-08	nan	nan
0	26	R2	1.847400e+01	1.847400e+01	1.402422e-08	nan	nan
0	32	R2	2.032200e+01	2.032200e+01	1.552603e-08	nan	nan
0	33	R2	1.871300e+01	1.871300e+01	1.421894e-08	nan	nan
0	34	R2	1.906100e+01	1.906100e+01	1.450219e-08	nan	nan
0	35	R2	1.638600e+01	1.638600e+01	1.231540e-08	nan	nan
0	46	R2	1.950400e+01	1.950400e+01	1.486231e-08	nan	nan
0	47	R2	2.056200e+01	2.056200e+01	1.572047e-08	nan	nan
0	49	R2	2.036000e+01	2.036000e+01	1.555682e-08	nan	nan
0	50	R2	2.550000e+01	2.550000e+01	1.969899e-08	nan	nan
0	51	R2	1.706100e+01	1.706100e+01	1.286945e-08	nan	nan
0	52	R2	1.660700e+01	1.660700e+01	1.249699e-08	nan	nan
0	53	R2	1.974400e+01	1.974400e+01	1.505721e-08	nan	nan
0	56	R2	2.343600e+01	2.343600e+01	1.804054e-08	nan	nan
0	57	R2	1.370900e+01	1.370900e+01	1.009819e-08	nan	nan
0	58	R2	1.822900e+01	1.822900e+01	1.382444e-08	nan	nan
0	79	R2	1.891000e+01	1.891000e+01	1.437933e-08	nan	nan
0	82	R2	2.174400e+01	2.174400e+01	1.667643e-08	nan	nan
0	83	R2	1.929100e+01	1.929100e+01	1.468922e-08	nan	nan
0	84	R2	1.823100e+01	1.823100e+01	1.382607e-08	nan	nan
0	85	R2	2.072000e+01	2.072000e+01	1.584842e-08	nan	nan
0	86	R2	1.507500e+01	1.507500e+01	1.123398e-08	nan	nan
0	91	R2	1.894500e+01	1.894500e+01	1.440781e-08	nan	nan
0	95	R2	1.657600e+01	1.657600e+01	1.247153e-08	nan	nan
0	96	R2	1.875200e+01	1.875200e+01	1.425070e-08	nan	nan
0	98	R2	1.825700e+01	1.825700e+01	1.384728e-08	nan	nan
0	99	R2	1.847800e+01	1.847800e+01	1.402748e-08	nan	nan
0	100	R2	1.925600e+01	1.925600e+01	1.466077e-08	nan	nan
0	104	R2	2.486900e+01	2.486900e+01	1.919255e-08	nan	nan
0	105	R2	1.876400e+01	1.876400e+01	1.426047e-08	nan	nan
0	106	R2	2.022400e+01	2.022400e+01	1.544659e-08	nan	nan
0	107	R2	1.830600e+01	1.830600e+01	1.388725e-08	nan	nan
0	108	R2	1.681000e+01	1.681000e+01	1.266362e-08	nan	nan
0	117	R2	1.946700e+01	1.946700e+01	1.483225e-08	nan	nan
0	118	R2	1.855000e+01	1.855000e+01	1.408616e-08	nan	nan
0	119	R2	1.873000e+01	1.873000e+01	1.423279e-08	nan	nan
0	120	R2	1.562000e+01	1.562000e+01	1.168447e-08	nan	nan
0	121	R2	1.768000e+01	1.768000e+01	1.337611e-08	nan	nan
0	122	R2	1.765300e+01	1.765300e+01	1.335404e-08	nan	nan
0	125	R2	1.918000e+01	1.918000e+01	1.459898e-08	nan	nan
0	126	R2	1.697200e+01	1.697200e+01	1.279649e-08	nan	nan
0	127	R2	1.930000e+01	1.930000e+01	1.469654e-08	nan	nan
0	129	R2	2.001800e+01	2.001800e+01	1.527954e-08	nan	nan
0	130	R2	1.569500e+01	1.569500e+01	1.174635e-08	nan	nan
0	131	R2	1.527300e+01	1.527300e+01	1.139781e-08	nan	nan
0	132	R2	1.956500e+01	1.956500e+01	1.491186e-08	nan	nan
0	137	R2	2.403300e+01	2.403300e+01	1.852081e-08	nan	nan
0	150	R2	1.900500e+01	1.900500e+01	1.445663e-08	nan	nan
0	154	R2	1.600400e+01	1.600400e+01	1.200107e-08	nan	nan
0	155	R2	2.298900e+01	2.298900e+01	1.768061e-08	nan	nan
0	156	R2	1.938300e+01	1.938300e+01	1.476400e-08	nan	nan
0	161	R2	2.066900e+01	2.066900e+01	1.580713e-08	nan	nan
0	162	R2	1.967800e+01	1.967800e+01	1.500362e-08	nan	nan
0	171	R2	1.940500e+01	1.940500e+01	1.478188e-08	nan	nan
0	173	R2	1.977100e+01	1.977100e+01	1.507912e-08	nan	nan
0	174	R2	1.852600e+01	1.852600e+01	1.406660e-08	nan	nan
0	175	R2	2.215500e+01	2.215500e+01	1.700822e-08	nan	nan
0	176	R2	1.902100e+01	1.902100e+01	1.446965e-08	nan	nan
0	177	R2	1.982500e+01	1.982500e+01	1.512295e-08	nan	nan
0	178	R2	2.087700e+01	2.087700e+01	1.597550e-08	nan	nan
0	179	R2	1.936700e+01	1.936700e+01	1.475100e-08	nan	nan
0	180	R2	2.048000e+01	2.048000e+01	1.565405e-08	nan	nan
0	181	R2	2.265100e+01	2.265100e+01	1.740824e-08	nan	nan
0	182	R2	1.983100e+01	1.983100e+01	1.512782e-08	nan	nan
0	183	R2	2.302400e+01	2.302400e+01	1.770880e-08	nan	nan
0	184	R2	1.949400e+01	1.949400e+01	1.485419e-08	nan	nan
0	186	R2	2.354500e+01	2.354500e+01	1.812827e-08	nan	nan
0	187	R2	2.028700e+01	2.028700e+01	1.549766e-08	nan	nan
0	188	R2	1.988500e+01	1.988500e+01	1.517164e-08	nan	nan
0	191	R2	1.019000e+01	1.019000e+01	7.112513e-09	nan	nan


1	3	NOE	4.950000e-01	4.950000e-01	2.201854e-09	nan	nan
1	4	NOE	3.460000e-01	3.460000e-01	1.794015e-09	nan	nan
1	6	NOE	4.230000e-01	4.230000e-01	1.976999e-09	nan	nan
1	7	NOE	7.910000e-01	7.910000e-01	7.438492e-09	nan	nan
1	8	NOE	8.610000e-01	8.214888e-01	2.637085e-05	nan	nan
1	9	NOE	7.550000e-01	7.550000e-01	5.018186e-09	nan	nan
1	10	NOE	6.420000e-01	6.420000e-01	3.017784e-09	nan	nan
1	11	NOE	7.510000e-01	7.510000e-01	4.871678e-09	nan	nan
1	12	NOE	6.790000e-01	6.790000e-01	3.400464e-09	nan	nan
1	13	NOE	6.520000e-01	6.520000e-01	3.108874e-09	nan	nan
1	14	NOE	8.110000e-01	8.110000e-01	1.270850e-08	nan	nan
1	15	NOE	6.050000e-01	6.050000e-01	2.736863e-09	nan	nan
1	16	NOE	7.740000e-01	7.740000e-01	5.949623e-09	nan	nan
1	17	NOE	7.420000e-01	7.420000e-01	4.583263e-09	nan	nan
1	18	NOE	6.510000e-01	6.510000e-01	3.099410e-09	nan	nan
1	23	NOE	7.390000e-01	7.390000e-01	4.497727e-09	nan	nan
1	24	NOE	7.090000e-01	7.090000e-01	3.839366e-09	nan	nan
1	25	NOE	6.850000e-01	6.850000e-01	3.476625e-09	nan	nan
1	26	NOE	8.160000e-01	8.160000e-01	1.757692e-08	nan	nan
1	32	NOE	7.660000e-01	7.660000e-01	5.499447e-09	nan	nan
1	33	NOE	7.220000e-01	7.220000e-01	4.088129e-09	nan	nan
1	34	NOE	7.900000e-01	7.900000e-01	7.318664e-09	nan	nan
1	35	NOE	6.700000e-01	6.700000e-01	3.294737e-09	nan	nan
1	46	NOE	3.060000e-01	3.060000e-01	1.715043e-09	nan	nan
1	47	NOE	5.550000e-01	5.550000e-01	2.453365e-09	nan	nan
1	49	NOE	3.560000e-01	3.560000e-01	1.815271e-09	nan	nan
1	50	NOE	4.550000e-01	4.550000e-01	2.068953e-09	nan	nan
1	51	NOE	3.150000e-01	3.150000e-01	1.732024e-09	nan	nan
1	52	NOE	5.460000e-01	5.460000e-01	2.410573e-09	nan	nan
1	53	NOE	7.380000e-01	7.380000e-01	4.470239e-09	nan	nan
1	56	NOE	7.970000e-01	7.970000e-01	8.305053e-09	nan	nan
1	57	NOE	1.770000e-01	1.770000e-01	1.510614e-09	nan	nan
1	58	NOE	5.910000e-01	5.910000e-01	2.648410e-09	nan	nan
1	79	NOE	7.160000e-01	7.160000e-01	3.967646e-09	nan	nan
1	82	NOE	8.090000e-01	8.090000e-01	1.164412e-08	nan	nan
1	83	NOE	7.960000e-01	7.960000e-01	8.139661e-09	nan	nan
1	84	NOE	7.150000e-01	7.150000e-01	3.948555e-09	nan	nan
1	85	NOE	6.180000e-01	6.180000e-01	2.826911e-09	nan	nan
1	86	NOE	9.240000e-01	8.214888e-01	3.884047e-05	nan	nan
1	91	NOE	7.270000e-01	7.270000e-01	4.197116e-09	nan	nan
1	95	NOE	9.290000e-01	8.214888e-01	3.467720e-05	nan	nan
1	96	NOE	6.740000e-01	6.740000e-01	3.340544e-09	nan	nan
1	98	NOE	7.370000e-01	7.370000e-01	4.443238e-09	nan	nan
1	99	NOE	7.170000e-01	7.170000e-01	3.987009e-09	nan	nan
1	100	NOE	6.300000e-01	6.300000e-01	2.917922e-09	nan	nan
1	104	NOE	7.720000e-01	7.720000e-01	5.826943e-09	nan	nan
1	105	NOE	6.720000e-01	6.720000e-01	3.317413e-09	nan	nan
1	106	NOE	5.540000e-01	5.540000e-01	2.448506e-09	nan	nan
1	107	NOE	5.580000e-01	5.580000e-01	2.468104e-09	nan	nan
1	108	NOE	5.240000e-01	5.240000e-01	2.314109e-09	nan	nan
1	117	NOE	6.900000e-01	6.900000e-01	3.543996e-09	nan	nan
1	118	NOE	8.610000e-01	8.214888e-01	2.637085e-05	nan	nan
1	119	NOE	7.510000e-01	7.510000e-01	4.871678e-09	nan	nan
1	120	NOE	7.060000e-01	7.060000e-01	3.787966e-09	nan	nan
1	121	NOE	7.240000e-01	7.240000e-01	4.130724e-09	nan	nan
1	122	NOE	7.030000e-01	7.030000e-01	3.738515e-09	nan	nan
1	125	NOE	7.560000e-01	7.560000e-01	5.056885e-09	nan	nan
1	126	NOE	8.830000e-01	8.214888e-01	3.230942e-05	nan	nan
1	127	NOE	8.060000e-01	8.060000e-01	1.045257e-08	nan	nan
1	129	NOE	8.200000e-01	8.200000e-01	3.376293e-08	nan	nan
1	130	NOE	3.220000e-01	3.220000e-01	1.745535e-09	nan	nan
1	131	NOE	5.900000e-01	5.900000e-01	2.642396e-09	nan	nan
1	132	NOE	7.860000e-01	7.860000e-01	6.891016e-09	nan	nan
1	137	NOE	6.660000e-01	6.660000e-01	3.250691e-09	nan	nan
1	150	NOE	3.440000e-01	3.440000e-01	1.789841e-09	nan	nan
1	154	NOE	4.680000e-01	4.680000e-01	2.109727e-09	nan	nan
1	155	NOE	4.430000e-01	4.430000e-01	2.033145e-09	nan	nan
1	156	NOE	6.480000e-01	6.480000e-01	3.071505e-09	nan	nan
1	161	NOE	6.640000e-01	6.640000e-01	3.229293e-09	nan	nan
1	162	NOE	6.570000e-01	6.570000e-01	3.157464e-09	nan	nan
1	171	NOE	8.010000e-01	8.010000e-01	9.083399e-09	nan	nan
1	173	NOE	7.110000e-01	7.110000e-01	3.874780e-09	nan	nan
1	174	NOE	7.710000e-01	7.710000e-01	5.768346e-09	nan	nan
1	175	NOE	6.650000e-01	6.650000e-01	3.239941e-09	nan	nan
1	176	NOE	6.770000e-01	6.770000e-01	3.376127e-09	nan	nan
1	177	NOE	7.410000e-01	7.410000e-01	4.554223e-09	nan	nan
1	178	NOE	7.640000e-01	7.640000e-01	5.401808e-09	nan	nan
1	179	NOE	7.560000e-01	7.560000e-01	5.056885e-09	nan	nan
1	180	NOE	7.810000e-01	7.810000e-01	6.448148e-09	nan	nan
1	181	NOE	7.780000e-01	7.780000e-01	6.219819e-09	nan	nan
1	182	NOE	7.670000e-01	7.670000e-01	5.550262e-09	nan	nan
1	183	NOE	8.000000e-01	8.000000e-01	8.868608e-09	nan	nan
1	184	NOE	6.320000e-01	6.320000e-01	2.933913e-09	nan	nan
1	186	NOE	4.110000e-01	4.110000e-01	1.945241e-09	nan	nan
1	187	NOE	5.200000e-01	5.200000e-01	2.297690e-09	nan	nan
1	188	NOE	7.000000e-01	7.000000e-01	3.690892e-09	nan	nan
1	191	NOE	-2.200000e-02	-2.200000e-02	1.288459e-09	nan	nan


2	3	R1	1.233000e+00	1.233000e+00	1.494255e-08	0.000000e+00	7.100000e-02
2	4	R1	1.382000e+00	1.382000e+00	1.317580e-08	0.000000e+00	2.110000e-01
2	6	R1	1.169000e+00	1.169000e+00	1.583206e-08	-6.708296e-16	3.310000e-01
2	7	R1	1.282000e+00	1.282000e+00	1.431877e-08	0.000000e+00	1.060000e-01
2	8	R1	1.412000e+00	1.412000e+00	1.286259e-08	-3.041707e-15	7.300000e-02
2	9	R1	1.338000e+00	1.338000e+00	1.365891e-08	1.332268e-14	5.000000e-02
2	10	R1	1.257000e+00	1.257000e+00	1.463126e-08	5.163828e-15	4.300000e-02
2	11	R1	1.221000e+00	1.221000e+00	1.510256e-08	0.000000e+00	4.500000e-02
2	12	R1	1.258000e+00	1.258000e+00	1.461853e-08	-1.345725e-14	3.300000e-02
2	13	R1	1.238000e+00	1.238000e+00	1.487675e-08	0.000000e+00	3.900000e-02
2	14	R1	1.273000e+00	1.273000e+00	1.442992e-08	3.965082e-15	5.600000e-02
2	15	R1	1.269000e+00	1.269000e+00	1.447981e-08	-5.693451e-15	3.900000e-02
2	16	R1	1.259000e+00	1.259000e+00	1.460583e-08	0.000000e+00	3.700000e-02
2	17	R1	1.339000e+00	1.339000e+00	1.364760e-08	0.000000e+00	6.000000e-02
2	18	R1	1.208000e+00	1.208000e+00	1.527931e-08	0.000000e+00	6.100000e-02
2	23	R1	1.311000e+00	1.311000e+00	1.397042e-08	0.000000e+00	6.100000e-02
2	24	R1	1.148000e+00	1.148000e+00	1.614456e-08	0.000000e+00	5.900000e-02
2	25	R1	1.355000e+00	1.355000e+00	1.346877e-08	2.413528e-15	9.200000e-02
2	26	R1	1.219000e+00	1.219000e+00	1.512952e-08	-3.581365e-15	6.200000e-02
2	32	R1	1.159000e+00	1.159000e+00	1.597952e-08	2.960595e-15	7.500000e-02
2	33	R1	1.201000e+00	1.201000e+00	1.537600e-08	9.063045e-15	4.900000e-02
2	34	R1	1.222000e+00	1.222000e+00	1.508911e-08	0.000000e+00	3.200000e-02
2	35	R1	1.114000e+00	1.114000e+00	1.667444e-08	4.270089e-15	5.200000e-02
2	46	R1	1.475000e+00	1.475000e+00	1.224348e-08	5.415722e-15	8.200000e-02
2	47	R1	1.517000e+00	1.517000e+00	1.185720e-08	-2.094760e-15	1.060000e-01
2	49	R1	1.495000e+00	1.495000e+00	1.205705e-08	0.000000e+00	5.700000e-02
2	50	R1	1.212000e+00	1.212000e+00	1.522454e-08	1.132881e-15	1.960000e-01
2	51	R1	1.553000e+00	1.553000e+00	1.154138e-08	0.000000e+00	1.950000e-01
2	52	R1	1.447000e+00	1.447000e+00	1.251247e-08	7.049035e-15	6.300000e-02
2	53	R1	1.351000e+00	1.351000e+00	1.351310e-08	4.531523e-15	4.900000e-02
2	56	R1	1.379000e+00	1.379000e+00	1.320782e-08	0.000000e+00	8.300000e-02
2	57	R1	1.369000e+00	1.369000e+00	1.331551e-08	7.232723e-16	3.070000e-01
2	58	R1	1.416000e+00	1.416000e+00	1.282176e-08	-4.037175e-15	1.100000e-01
2	79	R1	1.380000e+00	1.380000e+00	1.319713e-08	0.000000e+00	7.900000e-02
2	82	R1	1.342000e+00	1.342000e+00	1.361376e-08	0.000000e+00	8.000000e-02
2	83	R1	1.346000e+00	1.346000e+00	1.356887e-08	-7.930164e-15	5.600000e-02
2	84	R1	1.373000e+00	1.373000e+00	1.327226e-08	2.921640e-15	7.600000e-02
2	85	R1	1.404000e+00	1.404000e+00	1.294489e-08	-1.708035e-15	1.300000e-01
2	86	R1	1.332000e+00	1.332000e+00	1.372710e-08	-2.362177e-15	9.400000e-02
2	91	R1	1.356000e+00	1.356000e+00	1.345772e-08	0.000000e+00	6.000000e-02
2	95	R1	1.380000e+00	1.380000e+00	1.319713e-08	-3.929993e-15	1.130000e-01
2	96	R1	1.296000e+00	1.296000e+00	1.414876e-08	-6.628197e-15	6.700000e-02
2	98	R1	1.358000e+00	1.358000e+00	1.343567e-08	7.401487e-15	3.000000e-02
2	99	R1	1.605000e+00	1.605000e+00	1.110800e-08	2.155773e-15	1.030000e-01
2	100	R1	1.468000e+00	1.468000e+00	1.230984e-08	0.000000e+00	6.800000e-02
2	104	R1	1.410000e+00	1.410000e+00	1.288308e-08	-1.115802e-15	1.990000e-01
2	105	R1	1.503000e+00	1.503000e+00	1.198376e-08	4.189521e-15	5.300000e-02
2	106	R1	1.640000e+00	1.640000e+00	1.083032e-08	-1.062414e-15	2.090000e-01
2	107	R1	1.625000e+00	1.625000e+00	1.094801e-08	0.000000e+00	6.100000e-02
2	108	R1	1.493000e+00	1.493000e+00	1.207549e-08	0.000000e+00	5.600000e-02
2	117	R1	1.254000e+00	1.254000e+00	1.466955e-08	4.381206e-07	3.900000e-02
2	118	R1	1.201000e+00	1.201000e+00	1.537600e-08	1.083144e-14	4.100000e-02
2	119	R1	1.320000e+00	1.320000e+00	1.386525e-08	8.881784e-15	2.500000e-02
2	120	R1	1.261000e+00	1.261000e+00	1.458047e-08	-7.930164e-15	5.600000e-02
2	121	R1	1.309000e+00	1.309000e+00	1.399397e-08	0.000000e+00	5.300000e-02
2	122	R1	1.389000e+00	1.389000e+00	1.310159e-08	5.415722e-15	4.100000e-02
2	125	R1	1.293000e+00	1.293000e+00	1.418490e-08	-1.024821e-14	6.500000e-02
2	126	R1	1.307000e+00	1.307000e+00	1.401760e-08	0.000000e+00	6.800000e-02
2	127	R1	1.237000e+00	1.237000e+00	1.488987e-08	-1.586033e-14	2.800000e-02
2	129	R1	1.536000e+00	1.536000e+00	1.168883e-08	0.000000e+00	7.500000e-02
2	130	R1	1.638000e+00	1.638000e+00	1.084590e-08	5.329071e-15	1.250000e-01
2	131	R1	1.296000e+00	1.296000e+00	1.414876e-08	7.709882e-16	2.880000e-01
2	132	R1	1.274000e+00	1.274000e+00	1.441750e-08	0.000000e+00	5.700000e-02
2	137	R1	1.642000e+00	1.642000e+00	1.081477e-08	8.881784e-16	2.500000e-01
2	150	R1	1.148000e+00	1.148000e+00	1.614456e-08	0.000000e+00	1.720000e-01
2	154	R1	1.499000e+00	1.499000e+00	1.202031e-08	-5.286776e-15	4.200000e-02
2	155	R1	1.378000e+00	1.378000e+00	1.321853e-08	-1.200241e-15	1.850000e-01
2	156	R1	1.400000e+00	1.400000e+00	1.298637e-08	0.000000e+00	4.100000e-02
2	161	R1	1.354000e+00	1.354000e+00	1.347983e-08	1.881734e-15	1.180000e-01
2	162	R1	1.213000e+00	1.213000e+00	1.521090e-08	9.796086e-15	6.800000e-02
2	171	R1	1.273000e+00	1.273000e+00	1.442992e-08	-5.224579e-15	8.500000e-02
2	173	R1	1.420000e+00	1.420000e+00	1.278115e-08	8.379042e-15	5.300000e-02
2	174	R1	1.218000e+00	1.218000e+00	1.514303e-08	-8.540177e-15	2.600000e-02
2	175	R1	1.371000e+00	1.371000e+00	1.329385e-08	-2.362177e-15	9.400000e-02
2	176	R1	1.294000e+00	1.294000e+00	1.417283e-08	1.138690e-14	3.900000e-02
2	177	R1	1.260000e+00	1.260000e+00	1.459314e-08	5.163828e-15	4.300000e-02
2	178	R1	1.312000e+00	1.312000e+00	1.395866e-08	0.000000e+00	4.300000e-02
2	179	R1	1.254000e+00	1.254000e+00	1.466955e-08	0.000000e+00	3.000000e-02
2	180	R1	1.398000e+00	1.398000e+00	1.300719e-08	-4.827057e-15	4.600000e-02
2	181	R1	1.256000e+00	1.256000e+00	1.464400e-08	2.155773e-15	1.030000e-01
2	182	R1	1.337000e+00	1.337000e+00	1.367023e-08	0.000000e+00	6.800000e-02
2	183	R1	1.289000e+00	1.289000e+00	1.423333e-08	0.000000e+00	7.600000e-02
2	184	R1	1.160000e+00	1.160000e+00	1.596466e-08	0.000000e+00	6.900000e-02
2	186	R1	1.525000e+00	1.525000e+00	1.178584e-08	0.000000e+00	2.630000e-01
2	187	R1	1.643000e+00	1.643000e+00	1.080701e-08	0.000000e+00	3.220000e-01
2	188	R1	1.433000e+00	1.433000e+00	1.265061e-08	3.000603e-15	7.400000e-02
2	191	R1	1.277000e+00	1.277000e+00	1.438034e-08	0.000000e+00	1.700000e-02


