3	1.553700e+01	nan	4.950000e-01	nan	1.233000e+00	7.100000e-02	6.311845e-02	
4	1.691600e+01	nan	3.460000e-01	nan	1.382000e+00	2.110000e-01	9.161944e-02	
6	2.738300e+01	nan	4.230000e-01	nan	1.169000e+00	3.310000e-01	6.837419e-02	
7	2.215300e+01	nan	7.910000e-01	nan	1.282000e+00	1.060000e-01	2.716040e-02	
8	2.073900e+01	nan	8.610000e-01	nan	1.412000e+00	7.300000e-02	1.989534e-02	
9	2.036100e+01	nan	7.550000e-01	nan	1.338000e+00	5.000000e-02	3.322952e-02	
10	1.922700e+01	nan	6.420000e-01	nan	1.257000e+00	4.300000e-02	4.561631e-02	
11	1.880100e+01	nan	7.510000e-01	nan	1.221000e+00	4.500000e-02	3.081888e-02	
12	1.939500e+01	nan	6.790000e-01	nan	1.258000e+00	3.300000e-02	4.093431e-02	
13	1.992200e+01	nan	6.520000e-01	nan	1.238000e+00	3.900000e-02	4.367186e-02	
14	2.038900e+01	nan	8.110000e-01	nan	1.273000e+00	5.600000e-02	2.438889e-02	
15	1.830100e+01	nan	6.050000e-01	nan	1.269000e+00	3.900000e-02	5.081133e-02	
16	1.832000e+01	nan	7.740000e-01	nan	1.259000e+00	3.700000e-02	2.884271e-02	
17	2.041500e+01	nan	7.420000e-01	nan	1.339000e+00	6.000000e-02	3.501887e-02	
18	1.983700e+01	nan	6.510000e-01	nan	1.208000e+00	6.100000e-02	4.273603e-02	
23	2.108000e+01	nan	7.390000e-01	nan	1.311000e+00	6.100000e-02	3.468527e-02	
24	1.993700e+01	nan	7.090000e-01	nan	1.148000e+00	5.900000e-02	3.386388e-02	
25	2.074200e+01	nan	6.850000e-01	nan	1.355000e+00	9.200000e-02	4.326649e-02	
26	1.847400e+01	nan	8.160000e-01	nan	1.219000e+00	6.200000e-02	2.273649e-02	
32	2.032200e+01	nan	7.660000e-01	nan	1.159000e+00	7.500000e-02	2.749167e-02	
33	1.871300e+01	nan	7.220000e-01	nan	1.201000e+00	4.900000e-02	3.384462e-02	
34	1.906100e+01	nan	7.900000e-01	nan	1.222000e+00	3.200000e-02	2.601311e-02	
35	1.638600e+01	nan	6.700000e-01	nan	1.114000e+00	5.200000e-02	3.726499e-02	
46	1.950400e+01	nan	3.060000e-01	nan	1.475000e+00	8.200000e-02	1.037656e-01	
47	2.056200e+01	nan	5.550000e-01	nan	1.517000e+00	1.060000e-01	6.843014e-02	
49	2.036000e+01	nan	3.560000e-01	nan	1.495000e+00	5.700000e-02	9.759530e-02	
50	2.550000e+01	nan	4.550000e-01	nan	1.212000e+00	1.960000e-01	6.695777e-02	
51	1.706100e+01	nan	3.150000e-01	nan	1.553000e+00	1.950000e-01	1.078360e-01	
52	1.660700e+01	nan	5.460000e-01	nan	1.447000e+00	6.300000e-02	6.659264e-02	
53	1.974400e+01	nan	7.380000e-01	nan	1.351000e+00	4.900000e-02	3.588050e-02	
56	2.343600e+01	nan	7.970000e-01	nan	1.379000e+00	8.300000e-02	2.837672e-02	
57	1.370900e+01	nan	1.770000e-01	nan	1.369000e+00	3.070000e-01	1.142103e-01	
58	1.822900e+01	nan	5.910000e-01	nan	1.416000e+00	1.100000e-01	5.870680e-02	
79	1.891000e+01	nan	7.160000e-01	nan	1.380000e+00	7.900000e-02	3.972823e-02	
82	2.174400e+01	nan	8.090000e-01	nan	1.342000e+00	8.000000e-02	2.598291e-02	
83	1.929100e+01	nan	7.960000e-01	nan	1.346000e+00	5.600000e-02	2.783409e-02	
84	1.823100e+01	nan	7.150000e-01	nan	1.373000e+00	7.600000e-02	3.966589e-02	
85	2.072000e+01	nan	6.180000e-01	nan	1.404000e+00	1.300000e-01	5.436662e-02	
86	1.507500e+01	nan	9.240000e-01	nan	1.332000e+00	9.400000e-02	1.026171e-02	
91	1.894500e+01	nan	7.270000e-01	nan	1.356000e+00	6.000000e-02	3.752530e-02	
95	1.657600e+01	nan	9.290000e-01	nan	1.380000e+00	1.130000e-01	9.932059e-03	
96	1.875200e+01	nan	6.740000e-01	nan	1.296000e+00	6.700000e-02	4.282767e-02	
98	1.825700e+01	nan	7.370000e-01	nan	1.358000e+00	3.000000e-02	3.620407e-02	
99	1.847800e+01	nan	7.170000e-01	nan	1.605000e+00	1.030000e-01	4.604297e-02	
100	1.925600e+01	nan	6.300000e-01	nan	1.468000e+00	6.800000e-02	5.505916e-02	
104	2.486900e+01	nan	7.720000e-01	nan	1.410000e+00	1.990000e-01	3.258786e-02	
105	1.876400e+01	nan	6.720000e-01	nan	1.503000e+00	5.300000e-02	4.997291e-02	
106	2.022400e+01	nan	5.540000e-01	nan	1.640000e+00	2.090000e-01	7.414477e-02	
107	1.830600e+01	nan	5.580000e-01	nan	1.625000e+00	6.100000e-02	7.280773e-02	
108	1.681000e+01	nan	5.240000e-01	nan	1.493000e+00	5.600000e-02	7.203915e-02	
117	1.946700e+01	nan	6.900000e-01	nan	1.254000e+00	3.900000e-02	3.940588e-02	
118	1.855000e+01	nan	8.610000e-01	nan	1.201000e+00	4.100000e-02	1.692231e-02	
119	1.873000e+01	nan	7.510000e-01	nan	1.320000e+00	2.500000e-02	3.331771e-02	
120	1.562000e+01	nan	7.060000e-01	nan	1.261000e+00	5.600000e-02	3.758065e-02	
121	1.768000e+01	nan	7.240000e-01	nan	1.309000e+00	5.300000e-02	3.662272e-02	
122	1.765300e+01	nan	7.030000e-01	nan	1.389000e+00	4.100000e-02	4.181774e-02	
125	1.918000e+01	nan	7.560000e-01	nan	1.293000e+00	6.500000e-02	3.198086e-02	
126	1.697200e+01	nan	8.830000e-01	nan	1.307000e+00	6.800000e-02	1.550113e-02	
127	1.930000e+01	nan	8.060000e-01	nan	1.237000e+00	2.800000e-02	2.432614e-02	
129	2.001800e+01	nan	8.200000e-01	nan	1.536000e+00	7.500000e-02	2.802629e-02	
130	1.569500e+01	nan	3.220000e-01	nan	1.638000e+00	1.250000e-01	1.125759e-01	
131	1.527300e+01	nan	5.900000e-01	nan	1.296000e+00	2.880000e-01	5.386302e-02	
132	1.956500e+01	nan	7.860000e-01	nan	1.274000e+00	5.700000e-02	2.763663e-02	
137	2.403300e+01	nan	6.660000e-01	nan	1.642000e+00	2.500000e-01	5.559317e-02	
150	1.900500e+01	nan	3.440000e-01	nan	1.148000e+00	1.720000e-01	7.633919e-02	
154	1.600400e+01	nan	4.680000e-01	nan	1.499000e+00	4.200000e-02	8.083792e-02	
155	2.298900e+01	nan	4.430000e-01	nan	1.378000e+00	1.850000e-01	7.780478e-02	
156	1.938300e+01	nan	6.480000e-01	nan	1.400000e+00	4.100000e-02	4.995426e-02	
161	2.066900e+01	nan	6.640000e-01	nan	1.354000e+00	1.180000e-01	4.611687e-02	
162	1.967800e+01	nan	6.570000e-01	nan	1.213000e+00	6.800000e-02	4.217516e-02	
171	1.940500e+01	nan	8.010000e-01	nan	1.273000e+00	8.500000e-02	2.567931e-02	
173	1.977100e+01	nan	7.110000e-01	nan	1.420000e+00	5.300000e-02	4.159949e-02	
174	1.852600e+01	nan	7.710000e-01	nan	1.218000e+00	2.600000e-02	2.827383e-02	
175	2.215500e+01	nan	6.650000e-01	nan	1.371000e+00	9.400000e-02	4.655690e-02	
176	1.902100e+01	nan	6.770000e-01	nan	1.294000e+00	3.900000e-02	4.236807e-02	
177	1.982500e+01	nan	7.410000e-01	nan	1.260000e+00	4.300000e-02	3.308051e-02	
178	2.087700e+01	nan	7.640000e-01	nan	1.312000e+00	4.300000e-02	3.138685e-02	
179	1.936700e+01	nan	7.560000e-01	nan	1.254000e+00	3.000000e-02	3.101624e-02	
180	2.048000e+01	nan	7.810000e-01	nan	1.398000e+00	4.600000e-02	3.103510e-02	
181	2.265100e+01	nan	7.780000e-01	nan	1.256000e+00	1.030000e-01	2.826470e-02	
182	1.983100e+01	nan	7.670000e-01	nan	1.337000e+00	6.800000e-02	3.157833e-02	
183	2.302400e+01	nan	8.000000e-01	nan	1.289000e+00	7.600000e-02	2.613273e-02	
184	1.949400e+01	nan	6.320000e-01	nan	1.160000e+00	6.900000e-02	4.327207e-02	
186	2.354500e+01	nan	4.110000e-01	nan	1.525000e+00	2.630000e-01	9.105147e-02	
187	2.028700e+01	nan	5.200000e-01	nan	1.643000e+00	3.220000e-01	7.994304e-02	
188	1.988500e+01	nan	7.000000e-01	nan	1.433000e+00	7.400000e-02	4.357820e-02	
191	1.019000e+01	nan	-2.200000e-02	nan	1.277000e+00	1.700000e-02	1.322951e-01	
