1.036667e+01	0.000000e+00	1.533898e-13
1.072612e+01	0.000000e+00	1.875050e-12
1.109804e+01	0.000000e+00	2.247637e-11
1.148286e+01	0.000000e+00	2.620489e-10
1.188102e+01	0.000000e+00	2.944921e-09
1.229299e+01	0.000000e+00	3.158718e-08
1.271924e+01	0.000000e+00	3.198838e-07
1.316027e+01	0.000000e+00	3.022534e-06
1.361660e+01	1.000000e+00	2.630391e-05
1.408874e+01	0.000000e+00	2.078711e-04
1.457726e+01	0.000000e+00	1.468883e-03
1.508272e+01	2.000000e+00	9.126236e-03
1.560570e+01	3.000000e+00	4.894961e-02
1.614682e+01	2.000000e+00	2.221778e-01
1.670670e+01	5.000000e+00	8.350883e-01
1.728599e+01	1.000000e+00	2.538733e+00
1.788537e+01	2.000000e+00	6.084875e+00
1.850554e+01	1.500000e+01	1.118383e+01
1.914721e+01	1.500000e+01	1.529582e+01
1.981112e+01	1.300000e+01	1.506765e+01
2.049806e+01	1.300000e+01	1.032002e+01
2.120882e+01	2.000000e+00	4.730260e+00
2.194422e+01	3.000000e+00	1.392216e+00
2.270512e+01	3.000000e+00	2.516117e-01
2.349241e+01	2.000000e+00	2.660544e-02
2.430699e+01	1.000000e+00	1.562241e-03
2.514982e+01	2.000000e+00	4.814706e-05
2.602187e+01	0.000000e+00	7.328058e-07
2.692417e+01	1.000000e+00	5.157759e-09


1.084565e-02	0.000000e+00	2.803715e-10
1.267997e-02	0.000000e+00	3.191712e-10
1.482452e-02	0.000000e+00	3.712375e-10
1.733179e-02	0.000000e+00	4.427221e-10
2.026310e-02	0.000000e+00	5.435077e-10
2.369019e-02	0.000000e+00	6.900506e-10
2.769690e-02	0.000000e+00	9.108689e-10
3.238126e-02	0.000000e+00	1.257639e-09
3.785789e-02	0.000000e+00	1.828796e-09
4.426077e-02	0.000000e+00	2.822640e-09
5.174657e-02	0.000000e+00	4.664545e-09
6.049844e-02	0.000000e+00	8.333561e-09
7.073051e-02	0.000000e+00	1.626809e-08
8.269313e-02	0.000000e+00	3.510083e-08
9.667897e-02	0.000000e+00	8.473246e-08
1.130302e-01	0.000000e+00	2.317085e-07
1.321470e-01	0.000000e+00	7.265670e-07
1.544969e-01	0.000000e+00	2.641209e-06
1.806269e-01	1.000000e+00	1.122366e-05
2.111763e-01	0.000000e+00	5.595438e-05
2.468924e-01	0.000000e+00	3.259089e-04
2.886492e-01	1.000000e+00	2.181942e-03
3.374682e-01	5.000000e+00	1.621855e-02
3.945441e-01	2.000000e+00	1.258094e-01
4.612731e-01	4.000000e+00	9.200801e-01
5.392880e-01	6.000000e+00	5.412907e+00
6.304975e-01	1.900000e+01	2.014914e+01
7.371332e-01	3.400000e+01	3.326652e+01
8.618042e-01	1.400000e+01	1.452174e+01


1.121513e+00	1.000000e+00	1.097244e+00
1.136641e+00	0.000000e+00	1.379481e+00
1.151974e+00	3.000000e+00	1.708167e+00
1.167513e+00	2.000000e+00	2.081816e+00
1.183261e+00	0.000000e+00	2.495382e+00
1.199222e+00	2.000000e+00	2.939611e+00
1.215399e+00	7.000000e+00	3.400676e+00
1.231793e+00	3.000000e+00	3.860263e+00
1.248409e+00	3.000000e+00	4.296229e+00
1.265249e+00	8.000000e+00	4.683902e+00
1.282316e+00	4.000000e+00	4.998011e+00
1.299613e+00	5.000000e+00	5.215099e+00
1.317143e+00	4.000000e+00	5.316163e+00
1.334910e+00	5.000000e+00	5.289150e+00
1.352917e+00	6.000000e+00	5.130899e+00
1.371166e+00	7.000000e+00	4.848145e+00
1.389662e+00	3.000000e+00	4.457308e+00
1.408407e+00	5.000000e+00	3.983001e+00
1.427405e+00	2.000000e+00	3.455414e+00
1.446660e+00	1.000000e+00	2.906947e+00
1.466174e+00	2.000000e+00	2.368653e+00
1.485951e+00	2.000000e+00	1.867053e+00
1.505995e+00	2.000000e+00	1.421836e+00
1.526309e+00	3.000000e+00	1.044744e+00
1.546898e+00	1.000000e+00	7.396895e-01
1.567764e+00	0.000000e+00	5.039206e-01
1.588911e+00	0.000000e+00	3.298549e-01
1.610344e+00	1.000000e+00	2.071512e-01
1.632066e+00	5.000000e+00	1.246212e-01


1.039585e-02	2.000000e+00	4.930325e-01
1.136674e-02	0.000000e+00	5.868419e-01
1.242831e-02	0.000000e+00	7.052651e-01
1.358901e-02	0.000000e+00	8.554555e-01
1.485812e-02	1.000000e+00	1.046546e+00
1.624576e-02	1.000000e+00	1.289962e+00
1.776299e-02	0.000000e+00	1.599546e+00
1.942191e-02	1.000000e+00	1.991180e+00
2.123577e-02	0.000000e+00	2.481427e+00
2.321903e-02	1.000000e+00	3.084406e+00
2.538751e-02	6.000000e+00	3.805844e+00
2.775850e-02	9.000000e+00	4.633331e+00
3.035093e-02	5.000000e+00	5.522626e+00
3.318548e-02	7.000000e+00	6.382527e+00
3.628474e-02	8.000000e+00	7.065933e+00
3.967346e-02	4.000000e+00	7.381334e+00
4.337866e-02	1.000000e+01	7.141648e+00
4.742989e-02	4.000000e+00	6.254508e+00
5.185948e-02	4.000000e+00	4.820370e+00
5.670275e-02	4.000000e+00	3.158464e+00
6.199835e-02	1.000000e+00	1.686865e+00
6.778852e-02	4.000000e+00	6.975797e-01
7.411945e-02	4.000000e+00	2.098439e-01
8.104163e-02	3.000000e+00	4.256580e-02
8.861030e-02	2.000000e+00	5.310937e-03
9.688582e-02	1.000000e+00	3.646737e-04
1.059342e-01	2.000000e+00	1.204567e-05
1.158276e-01	2.000000e+00	1.626957e-07
1.266451e-01	1.000000e+00	7.385501e-10


4.349826e-02	2.000000e+00	2.625024e-01
4.514388e-02	0.000000e+00	3.611593e-01
4.685175e-02	0.000000e+00	4.942712e-01
4.862424e-02	0.000000e+00	6.718377e-01
5.046379e-02	1.000000e+00	9.054355e-01
5.237293e-02	1.000000e+00	1.207619e+00
5.435430e-02	0.000000e+00	1.590685e+00
5.641062e-02	1.000000e+00	2.064586e+00
5.854474e-02	0.000000e+00	2.633849e+00
6.075960e-02	1.000000e+00	3.293568e+00
6.305825e-02	6.000000e+00	4.024892e+00
6.544386e-02	9.000000e+00	4.790959e+00
6.791973e-02	5.000000e+00	5.534839e+00
7.048926e-02	7.000000e+00	6.181427e+00
7.315600e-02	8.000000e+00	6.645099e+00
7.592363e-02	4.000000e+00	6.843825e+00
7.879596e-02	1.000000e+01	6.718153e+00
8.177696e-02	4.000000e+00	6.250597e+00
8.487074e-02	4.000000e+00	5.478499e+00
8.808156e-02	4.000000e+00	4.493465e+00
9.141385e-02	1.000000e+00	3.424014e+00
9.487221e-02	4.000000e+00	2.404926e+00
9.846140e-02	4.000000e+00	1.543678e+00
1.021864e-01	3.000000e+00	8.971265e-01
1.060523e-01	2.000000e+00	4.672979e-01
1.100644e-01	1.000000e+00	2.157740e-01
1.142284e-01	2.000000e+00	8.727320e-02
1.185499e-01	2.000000e+00	3.052160e-02
1.230348e-01	1.000000e+00	9.100524e-03


