0	5	R2	9.900990e+00	9.900990e+00	6.511045e-09	-2.787787e-15	1.274385e+00
0	6	R2	1.086957e+01	1.086957e+01	7.274288e-09	9.021051e-15	5.907372e-01
0	7	R2	1.010101e+01	1.010101e+01	6.669342e-09	0.000000e+00	6.121824e-01
0	8	R2	1.162791e+01	1.162791e+01	7.866486e-09	-2.189656e-15	8.112493e-01
0	9	R2	1.190476e+01	1.190476e+01	8.081631e-09	0.000000e+00	9.920635e-01
0	10	R2	1.075269e+01	1.075269e+01	7.182615e-09	2.560618e-15	6.937218e-01
0	13	R2	1.030928e+01	1.030928e+01	6.833781e-09	0.000000e+00	4.251249e-01
0	14	R2	1.136364e+01	1.136364e+01	7.660609e-09	-4.585369e-15	3.873967e-01
0	16	R2	1.052632e+01	1.052632e+01	7.004737e-09	8.015810e-15	4.432133e-01
0	17	R2	1.111111e+01	1.111111e+01	7.463394e-09	-2.055499e-15	8.641975e-01
0	18	R2	1.176471e+01	1.176471e+01	7.972860e-09	1.833454e-15	9.688581e-01
0	19	R2	1.123596e+01	1.123596e+01	7.560955e-09	2.345087e-15	7.574801e-01
0	20	R2	1.052632e+01	1.052632e+01	7.004737e-09	2.914840e-15	1.218837e+00
0	23	R2	1.204819e+01	1.204819e+01	8.192886e-09	0.000000e+00	1.016113e+00
0	24	R2	1.219512e+01	1.219512e+01	8.306712e-09	1.493028e-15	1.189768e+00
0	31	R2	1.052632e+01	1.052632e+01	7.004737e-09	2.003953e-15	1.772853e+00
0	42	R2	1.219512e+01	1.219512e+01	8.306712e-09	2.388845e-15	7.436050e-01
0	43	R2	1.086957e+01	1.086957e+01	7.274288e-09	9.021051e-15	5.907372e-01
0	46	R2	1.052632e+01	1.052632e+01	7.004737e-09	1.603162e-14	2.216066e-01
0	47	R2	8.928571e+00	8.928571e+00	5.736077e-09	-2.228262e-15	7.971939e-01
0	50	R2	9.433962e+00	9.433962e+00	6.139979e-09	1.425653e-15	1.245995e+00
0	53	R2	1.162791e+01	1.162791e+01	7.866486e-09	-1.459771e-15	1.216874e+00
0	65	R2	1.204819e+01	1.204819e+01	8.192886e-09	0.000000e+00	1.306431e+00
0	66	R2	1.086957e+01	1.086957e+01	7.274288e-09	1.127631e-14	4.725898e-01
0	68	R2	1.111111e+01	1.111111e+01	7.463394e-09	-2.877698e-15	6.172840e-01
0	69	R2	9.615385e+00	9.615385e+00	6.284370e-09	-9.606538e-15	3.698225e-01
0	70	R2	1.162791e+01	1.162791e+01	7.866486e-09	-2.627587e-15	6.760411e-01
0	71	R2	1.098901e+01	1.098901e+01	7.367860e-09	2.451668e-15	7.245502e-01
0	72	R2	1.123596e+01	1.123596e+01	7.560955e-09	4.690174e-15	3.787401e-01
0	89	R2	1.162791e+01	1.162791e+01	7.866486e-09	-1.876848e-15	9.464575e-01
0	90	R2	9.345794e+00	9.345794e+00	6.069694e-09	1.564424e-15	1.135470e+00
0	91	R2	9.708738e+00	9.708738e+00	6.358545e-09	0.000000e+00	6.598171e-01
0	92	R2	8.403361e+00	8.403361e+00	5.313757e-09	3.593570e-15	4.943154e-01
0	93	R2	9.900990e+00	9.900990e+00	6.511045e-09	-4.026804e-15	8.822664e-01
0	98	R2	9.900990e+00	9.900990e+00	6.511045e-09	-6.040205e-15	5.881776e-01
0	101	R2	1.098901e+01	1.098901e+01	7.367860e-09	1.634446e-15	1.086825e+00
0	104	R2	1.098901e+01	1.098901e+01	7.367860e-09	3.677503e-15	4.830335e-01
0	106	R2	1.234568e+01	1.234568e+01	8.423205e-09	-1.294964e-15	2.743484e+00
0	108	R2	1.020408e+01	1.020408e+01	6.750771e-09	1.706013e-15	1.041233e+00
0	110	R2	9.708738e+00	9.708738e+00	6.358545e-09	0.000000e+00	1.602413e+00
0	113	R2	1.000000e+01	1.000000e+01	6.589448e-09	0.000000e+00	3.000000e-01
0	114	R2	1.282051e+01	1.282051e+01	8.789691e-09	0.000000e+00	4.930966e-01
0	115	R2	1.123596e+01	1.123596e+01	7.560955e-09	4.690174e-15	3.787401e-01
0	117	R2	1.162791e+01	1.162791e+01	7.866486e-09	-3.284484e-15	5.408329e-01
0	118	R2	1.204819e+01	1.204819e+01	8.192886e-09	0.000000e+00	1.161272e+00
0	119	R2	1.176471e+01	1.176471e+01	7.972860e-09	1.833454e-15	9.688581e-01
0	120	R2	1.176471e+01	1.176471e+01	7.972860e-09	6.754831e-16	2.629758e+00
0	121	R2	1.136364e+01	1.136364e+01	7.660609e-09	-1.965158e-15	9.039256e-01
0	122	R2	1.162791e+01	1.162791e+01	7.866486e-09	-1.094828e-15	1.622499e+00
0	123	R2	1.136364e+01	1.136364e+01	7.660609e-09	-2.751221e-15	6.456612e-01
0	124	R2	1.075269e+01	1.075269e+01	7.182615e-09	3.072742e-15	5.781015e-01
0	125	R2	1.063830e+01	1.063830e+01	7.092784e-09	0.000000e+00	3.395201e-01
0	126	R2	1.030928e+01	1.030928e+01	6.833781e-09	0.000000e+00	3.188437e-01
0	131	R2	9.708738e+00	9.708738e+00	6.358545e-09	0.000000e+00	1.602413e+00
0	132	R2	1.098901e+01	1.098901e+01	7.367860e-09	2.942002e-15	6.037918e-01


1	5	NOE	8.040000e-01	8.040000e-01	5.979811e-09	0.000000e+00	8.000000e-02
1	6	NOE	8.840000e-01	8.344307e-01	3.248473e-05	6.196167e-01	8.000000e-02
1	7	NOE	7.240000e-01	7.240000e-01	3.112059e-09	0.000000e+00	8.000000e-02
1	8	NOE	8.110000e-01	8.110000e-01	6.819867e-09	-8.685128e-09	8.000000e-02
1	9	NOE	8.390000e-01	8.344307e-01	1.739019e-05	5.711678e-02	8.000000e-02
1	10	NOE	8.830000e-01	8.344307e-01	2.331426e-05	6.071168e-01	8.000000e-02
1	13	NOE	7.730000e-01	7.730000e-01	4.194742e-09	1.387779e-15	8.000000e-02
1	14	NOE	7.940000e-01	7.940000e-01	5.182300e-09	0.000000e+00	8.000000e-02
1	16	NOE	7.300000e-01	7.300000e-01	3.202302e-09	0.000000e+00	8.000000e-02
1	17	NOE	6.390000e-01	6.390000e-01	2.317587e-09	0.000000e+00	8.000000e-02
1	18	NOE	7.140000e-01	7.140000e-01	2.976806e-09	-2.775558e-15	8.000000e-02
1	19	NOE	7.020000e-01	7.020000e-01	2.835013e-09	0.000000e+00	8.000000e-02
1	20	NOE	8.620000e-01	8.344307e-01	2.053740e-05	3.446168e-01	8.000000e-02
1	23	NOE	8.480000e-01	8.344307e-01	1.922521e-05	1.696168e-01	8.000000e-02
1	24	NOE	8.640000e-01	8.344307e-01	2.550188e-05	3.696168e-01	8.000000e-02
1	31	NOE	8.560000e-01	8.344307e-01	1.543703e-05	2.696168e-01	8.000000e-02
1	42	NOE	8.350000e-01	8.344307e-01	2.055677e-05	7.116765e-03	8.000000e-02
1	43	NOE	8.710000e-01	8.344307e-01	2.778991e-05	4.571168e-01	8.000000e-02
1	46	NOE	8.180000e-01	8.180000e-01	8.150141e-09	1.387779e-15	8.000000e-02
1	47	NOE	7.540000e-01	7.540000e-01	3.658442e-09	-1.387779e-15	8.000000e-02
1	50	NOE	8.140000e-01	8.140000e-01	7.305771e-09	0.000000e+00	8.000000e-02
1	53	NOE	8.040000e-01	8.040000e-01	5.979811e-09	0.000000e+00	8.000000e-02
1	65	NOE	8.630000e-01	8.344307e-01	2.198180e-05	3.571168e-01	8.000000e-02
1	66	NOE	7.830000e-01	7.830000e-01	4.589381e-09	-1.894990e-08	8.000000e-02
1	68	NOE	8.220000e-01	8.220000e-01	9.374124e-09	0.000000e+00	8.000000e-02
1	69	NOE	8.940000e-01	8.344307e-01	2.199740e-05	7.446168e-01	8.000000e-02
1	70	NOE	8.150000e-01	8.150000e-01	7.492208e-09	-1.387779e-15	8.000000e-02
1	71	NOE	8.060000e-01	8.060000e-01	6.187890e-09	0.000000e+00	8.000000e-02
1	72	NOE	8.130000e-01	8.130000e-01	7.132522e-09	1.387779e-15	8.000000e-02
1	89	NOE	7.290000e-01	7.290000e-01	3.186732e-09	-1.387779e-15	8.000000e-02
1	90	NOE	7.880000e-01	7.880000e-01	4.832769e-09	-1.712602e-08	8.000000e-02
1	91	NOE	7.390000e-01	7.390000e-01	3.353181e-09	0.000000e+00	8.000000e-02
1	92	NOE	7.390000e-01	7.390000e-01	3.353181e-09	0.000000e+00	8.000000e-02
1	93	NOE	8.220000e-01	8.220000e-01	9.374124e-09	0.000000e+00	8.000000e-02
1	98	NOE	8.260000e-01	8.260000e-01	1.138760e-08	0.000000e+00	8.000000e-02
1	101	NOE	6.470000e-01	6.470000e-01	2.368632e-09	-1.387779e-15	8.000000e-02
1	104	NOE	8.530000e-01	8.344307e-01	2.403161e-05	2.321168e-01	8.000000e-02
1	106	NOE	7.860000e-01	7.860000e-01	4.730913e-09	-1.785604e-08	8.000000e-02
1	108	NOE	8.190000e-01	8.190000e-01	8.410981e-09	0.000000e+00	8.000000e-02
1	110	NOE	8.600000e-01	8.344307e-01	2.435143e-05	3.196168e-01	8.000000e-02
1	113	NOE	8.790000e-01	8.344307e-01	1.980699e-05	5.571168e-01	8.000000e-02
1	114	NOE	8.480000e-01	8.344307e-01	1.922521e-05	1.696168e-01	8.000000e-02
1	115	NOE	8.190000e-01	8.190000e-01	8.410981e-09	0.000000e+00	8.000000e-02
1	117	NOE	8.440000e-01	8.344307e-01	1.955962e-05	1.196168e-01	8.000000e-02
1	118	NOE	7.300000e-01	7.300000e-01	3.202302e-09	0.000000e+00	8.000000e-02
1	119	NOE	8.670000e-01	8.344307e-01	2.669689e-05	4.071168e-01	8.000000e-02
1	120	NOE	6.460000e-01	6.460000e-01	2.362077e-09	-1.387779e-15	8.000000e-02
1	121	NOE	7.970000e-01	7.970000e-01	5.387706e-09	0.000000e+00	8.000000e-02
1	122	NOE	9.000000e-01	8.344307e-01	2.313906e-05	8.196168e-01	8.000000e-02
1	123	NOE	8.750000e-01	8.344307e-01	2.681814e-05	5.071168e-01	8.000000e-02
1	124	NOE	7.870000e-01	7.870000e-01	4.781038e-09	-1.749111e-08	8.000000e-02
1	125	NOE	7.580000e-01	7.580000e-01	3.754577e-09	0.000000e+00	3.000000e-02
1	126	NOE	8.110000e-01	8.110000e-01	6.819867e-09	-2.316034e-08	3.000000e-02
1	131	NOE	7.740000e-01	7.740000e-01	4.229762e-09	1.387779e-15	8.000000e-02
1	132	NOE	7.700000e-01	7.700000e-01	4.094597e-09	1.387779e-15	8.000000e-02


2	5	R1	1.267427e+00	1.267427e+00	1.072829e-08	-1.151895e-15	1.927646e-01
2	6	R1	1.293661e+00	1.293661e+00	1.048353e-08	-2.457002e-15	9.037218e-02
2	7	R1	1.529052e+00	1.529052e+00	8.635005e-09	0.000000e+00	3.974600e-02
2	8	R1	1.472754e+00	1.472754e+00	9.028373e-09	2.861588e-07	6.507013e-02
2	9	R1	1.545595e+00	1.545595e+00	8.524253e-09	6.196658e-15	7.166592e-02
2	10	R1	1.466276e+00	1.466276e+00	9.075365e-09	0.000000e+00	6.879886e-02
2	13	R1	1.420455e+00	1.420455e+00	9.418717e-09	-7.336591e-15	3.026537e-02
2	14	R1	1.420455e+00	1.420455e+00	9.418717e-09	-4.401954e-15	5.044228e-02
2	16	R1	1.519757e+00	1.519757e+00	8.698167e-09	0.000000e+00	5.543186e-02
2	17	R1	1.754386e+00	1.754386e+00	7.283196e-09	-1.472292e-15	1.508156e-01
2	18	R1	1.259446e+00	1.259446e+00	1.080463e-08	-2.856835e-15	7.772399e-02
2	19	R1	1.288660e+00	1.288660e+00	1.052948e-08	3.146116e-15	1.411547e-01
2	20	R1	1.367989e+00	1.367989e+00	9.837370e-09	3.295888e-15	6.737019e-02
2	23	R1	1.512859e+00	1.512859e+00	8.745481e-09	-2.771884e-15	8.010601e-02
2	24	R1	1.416431e+00	1.416431e+00	9.449827e-09	2.305730e-15	9.630123e-02
2	31	R1	1.686341e+00	1.686341e+00	7.658967e-09	1.531015e-15	1.450310e-01
2	42	R1	1.305483e+00	1.305483e+00	1.037622e-08	-2.772043e-15	8.010144e-02
2	43	R1	1.490313e+00	1.490313e+00	8.902847e-09	9.997358e-15	4.442065e-02
2	46	R1	1.440922e+00	1.440922e+00	9.262914e-09	-8.912056e-15	4.983016e-02
2	47	R1	1.499250e+00	1.499250e+00	8.839963e-09	7.228186e-15	9.215782e-02
2	50	R1	1.503759e+00	1.503759e+00	8.808490e-09	0.000000e+00	1.130646e-01
2	53	R1	1.428571e+00	1.428571e+00	9.356447e-09	0.000000e+00	9.795918e-02
2	65	R1	1.369863e+00	1.369863e+00	9.821914e-09	-1.360087e-15	1.632576e-01
2	66	R1	1.474926e+00	1.474926e+00	9.012699e-09	3.292592e-15	6.743763e-02
2	68	R1	1.406470e+00	1.406470e+00	9.527530e-09	-3.207092e-15	6.923550e-02
2	69	R1	1.481481e+00	1.481481e+00	8.965649e-09	3.488589e-15	6.364883e-02
2	70	R1	1.457726e+00	1.457726e+00	9.137955e-09	2.291403e-07	8.074867e-02
2	71	R1	1.633987e+00	1.633987e+00	7.965848e-09	-6.397344e-15	6.941775e-02
2	72	R1	1.464129e+00	1.464129e+00	9.091019e-09	5.754520e-15	3.858612e-02
2	89	R1	1.213592e+00	1.213592e+00	1.126137e-08	0.000000e+00	8.836837e-02
2	90	R1	1.432665e+00	1.432665e+00	9.325287e-09	-3.033113e-15	2.196205e-01
2	91	R1	1.414427e+00	1.414427e+00	9.465376e-09	0.000000e+00	8.602598e-02
2	92	R1	1.371742e+00	1.371742e+00	9.806453e-09	-1.873073e-15	1.185456e-01
2	93	R1	1.438849e+00	1.438849e+00	9.278514e-09	0.000000e+00	1.138657e-01
2	98	R1	1.408451e+00	1.408451e+00	9.511998e-09	-5.330128e-15	4.165840e-02
2	101	R1	1.547988e+00	1.547988e+00	8.508408e-09	-9.857741e-16	2.252490e-01
2	104	R1	1.420455e+00	1.420455e+00	9.418717e-09	-1.100489e-14	2.017691e-02
2	106	R1	1.379310e+00	1.379310e+00	9.744576e-09	8.396561e-16	2.644471e-01
2	108	R1	1.342282e+00	1.342282e+00	1.005340e-08	0.000000e+00	9.729291e-02
2	110	R1	1.351351e+00	1.351351e+00	9.976321e-09	4.342558e-15	5.113221e-02
2	113	R1	1.432665e+00	1.432665e+00	9.325287e-09	0.000000e+00	8.210113e-02
2	114	R1	1.392758e+00	1.392758e+00	9.636148e-09	-5.723466e-15	3.879548e-02
2	115	R1	1.564945e+00	1.564945e+00	8.397323e-09	-4.121158e-15	5.387918e-02
2	117	R1	1.512859e+00	1.512859e+00	8.745481e-09	0.000000e+00	6.408481e-02
2	118	R1	1.321004e+00	1.321004e+00	1.023804e-08	2.650884e-15	8.376247e-02
2	119	R1	1.436782e+00	1.436782e+00	9.294109e-09	2.775510e-07	6.605892e-02
2	120	R1	1.406470e+00	1.406470e+00	9.527530e-09	-1.559003e-15	1.424273e-01
2	121	R1	1.321004e+00	1.321004e+00	1.023804e-08	0.000000e+00	6.980206e-02
2	122	R1	1.485884e+00	1.485884e+00	8.934258e-09	1.828553e-15	1.214318e-01
2	123	R1	1.602564e+00	1.602564e+00	8.158235e-09	-3.087816e-15	7.190993e-02
2	124	R1	1.515152e+00	1.515152e+00	8.729715e-09	3.335263e-15	6.657484e-02
2	125	R1	1.515152e+00	1.515152e+00	8.729715e-09	8.792966e-15	2.525253e-02
2	126	R1	1.506024e+00	1.506024e+00	8.792746e-09	-6.526572e-15	3.402163e-02
2	131	R1	1.461988e+00	1.461988e+00	9.106669e-09	3.521522e-15	1.261072e-01
2	132	R1	1.552795e+00	1.552795e+00	8.476700e-09	0.000000e+00	6.510166e-02


