0	5	R2	9.900990e+00	9.900990e+00	6.862455e-09	0.000000e+00	9.802960e-01
0	6	R2	1.052632e+01	1.052632e+01	7.402374e-09	-3.856458e-07	3.324100e-01
0	7	R2	9.615385e+00	9.615385e+00	6.614628e-09	-4.803269e-15	3.698225e-01
0	8	R2	9.259259e+00	9.259259e+00	6.304568e-09	-1.035971e-14	5.144033e-01
0	9	R2	9.900990e+00	9.900990e+00	6.862455e-09	0.000000e+00	1.470444e+00
0	10	R2	9.803922e+00	9.803922e+00	6.778312e-09	2.640174e-15	6.728181e-01
0	13	R2	9.615385e+00	9.615385e+00	6.614628e-09	-6.404359e-15	2.773669e-01
0	14	R2	1.010101e+01	1.010101e+01	7.035560e-09	-2.901679e-15	6.121824e-01
0	16	R2	9.259259e+00	9.259259e+00	6.304568e-09	-8.879754e-15	6.001372e-01
0	17	R2	9.615385e+00	9.615385e+00	6.614628e-09	-2.744725e-15	6.471893e-01
0	18	R2	1.234568e+01	1.234568e+01	8.953054e-09	-2.913669e-15	6.096632e-01
0	19	R2	1.063830e+01	1.063830e+01	7.498670e-09	-1.426899e-15	1.244907e+00
0	20	R2	8.849558e+00	8.849558e+00	5.946545e-09	0.000000e+00	3.132587e-01
0	23	R2	1.123596e+01	1.123596e+01	8.010651e-09	-2.768106e-07	5.049867e-01
0	24	R2	1.111111e+01	1.111111e+01	7.903972e-09	-1.859543e-07	7.407407e-01
0	31	R2	1.052632e+01	1.052632e+01	7.402374e-09	-9.641144e-08	1.329640e+00
0	42	R2	1.063830e+01	1.063830e+01	7.498670e-09	-5.231963e-15	3.395201e-01
0	43	R2	1.000000e+01	1.000000e+01	6.948189e-09	0.000000e+00	7.000000e-01
0	46	R2	1.010101e+01	1.010101e+01	7.035560e-09	-3.482015e-15	5.101520e-01
0	47	R2	8.849558e+00	8.849558e+00	5.946545e-09	0.000000e+00	5.482027e-01
0	50	R2	9.259259e+00	9.259259e+00	6.304568e-09	-7.769785e-15	6.858711e-01
0	53	R2	1.052632e+01	1.052632e+01	7.402374e-09	-3.856458e-07	3.324100e-01
0	65	R2	1.010101e+01	1.010101e+01	7.035560e-09	-2.901679e-15	6.121824e-01
0	66	R2	9.803922e+00	9.803922e+00	6.778312e-09	6.160406e-15	2.883506e-01
0	68	R2	1.010101e+01	1.010101e+01	7.035560e-09	-2.176259e-15	8.162432e-01
0	69	R2	9.615385e+00	9.615385e+00	6.614628e-09	-2.744725e-15	6.471893e-01
0	70	R2	1.000000e+01	1.000000e+01	6.948189e-09	0.000000e+00	4.000000e-01
0	71	R2	1.020408e+01	1.020408e+01	7.124614e-09	2.843355e-15	6.247397e-01
0	72	R2	1.010101e+01	1.010101e+01	7.035560e-09	-4.352518e-15	4.081216e-01
0	89	R2	1.000000e+01	1.000000e+01	6.948189e-09	0.000000e+00	9.000000e-01
0	90	R2	9.433962e+00	9.433962e+00	6.456814e-09	-2.217683e-15	8.009968e-01
0	91	R2	8.928571e+00	8.928571e+00	6.015693e-09	0.000000e+00	7.971939e-01
0	92	R2	8.695652e+00	8.695652e+00	5.811733e-09	0.000000e+00	9.073724e-01
0	93	R2	9.259259e+00	9.259259e+00	6.304568e-09	-6.215828e-15	8.573388e-01
0	98	R2	9.090909e+00	9.090909e+00	6.157614e-09	1.953993e-15	9.090909e-01
0	101	R2	8.064516e+00	8.064516e+00	5.257629e-09	-1.300632e-15	1.365765e+00
0	104	R2	9.523810e+00	9.523810e+00	6.535007e-09	6.528111e-15	2.721088e-01
0	106	R2	1.123596e+01	1.123596e+01	8.010651e-09	-1.230269e-07	1.136220e+00
0	108	R2	1.020408e+01	1.020408e+01	7.124614e-09	2.843355e-15	6.247397e-01
0	110	R2	9.900990e+00	9.900990e+00	6.862455e-09	0.000000e+00	1.764533e+00
0	113	R2	9.803922e+00	9.803922e+00	6.778312e-09	6.160406e-15	2.883506e-01
0	114	R2	1.149425e+01	1.149425e+01	8.230927e-09	3.361311e-15	5.284714e-01
0	115	R2	9.615385e+00	9.615385e+00	6.614628e-09	-4.803269e-15	3.698225e-01
0	117	R2	1.136364e+01	1.136364e+01	8.119610e-09	0.000000e+00	9.039256e-01
0	118	R2	1.176471e+01	1.176471e+01	8.460953e-09	1.604272e-15	1.107266e+00
0	119	R2	1.111111e+01	1.111111e+01	7.903972e-09	-1.239696e-07	1.111111e+00
0	120	R2	1.030928e+01	1.030928e+01	7.215400e-09	-1.303218e-07	9.565310e-01
0	121	R2	1.075269e+01	1.075269e+01	7.596917e-09	-1.425858e-07	9.249624e-01
0	122	R2	1.075269e+01	1.075269e+01	7.596917e-09	-2.851716e-07	4.624812e-01
0	123	R2	9.900990e+00	9.900990e+00	6.862455e-09	0.000000e+00	4.901480e-01
0	124	R2	1.000000e+01	1.000000e+01	6.948189e-09	0.000000e+00	3.000000e-01
0	125	R2	9.615385e+00	9.615385e+00	6.614628e-09	-6.404359e-15	2.773669e-01
0	126	R2	9.259259e+00	9.259259e+00	6.304568e-09	-2.071943e-14	2.572016e-01
0	131	R2	8.928571e+00	8.928571e+00	6.015693e-09	0.000000e+00	1.355230e+00
0	132	R2	1.041667e+01	1.041667e+01	7.307969e-09	1.818989e-15	9.765625e-01


1	5	NOE	6.410000e-01	6.410000e-01	3.008925e-09	2.775558e-15	8.000000e-02
1	6	NOE	7.680000e-01	7.680000e-01	5.602093e-09	1.387779e-15	8.000000e-02
1	7	NOE	7.650000e-01	7.650000e-01	5.449602e-09	0.000000e+00	8.000000e-02
1	8	NOE	6.360000e-01	6.360000e-01	2.966497e-09	-1.387779e-15	8.000000e-02
1	9	NOE	6.580000e-01	6.580000e-01	3.167271e-09	-1.387779e-15	8.000000e-02
1	10	NOE	7.000000e-01	7.000000e-01	3.690679e-09	-4.412044e-08	8.000000e-02
1	13	NOE	7.380000e-01	7.380000e-01	4.469960e-09	0.000000e+00	8.000000e-02
1	14	NOE	8.150000e-01	8.150000e-01	1.616029e-08	0.000000e+00	8.000000e-02
1	16	NOE	8.420000e-01	8.214914e-01	2.772714e-05	2.563580e-01	8.000000e-02
1	17	NOE	6.800000e-01	6.800000e-01	3.412632e-09	0.000000e+00	8.000000e-02
1	18	NOE	8.650000e-01	8.214914e-01	2.674301e-05	5.438580e-01	8.000000e-02
1	19	NOE	7.620000e-01	7.620000e-01	5.308751e-09	-1.387779e-15	8.000000e-02
1	20	NOE	7.620000e-01	7.620000e-01	5.308751e-09	-1.387779e-15	8.000000e-02
1	23	NOE	7.860000e-01	7.860000e-01	6.890444e-09	0.000000e+00	8.000000e-02
1	24	NOE	6.830000e-01	6.830000e-01	3.450499e-09	0.000000e+00	8.000000e-02
1	31	NOE	6.460000e-01	6.460000e-01	3.053130e-09	0.000000e+00	8.000000e-02
1	42	NOE	7.400000e-01	7.400000e-01	4.525432e-09	0.000000e+00	8.000000e-02
1	43	NOE	8.320000e-01	8.214914e-01	4.189521e-05	1.313579e-01	8.000000e-02
1	46	NOE	7.180000e-01	7.180000e-01	4.006411e-09	0.000000e+00	8.000000e-02
1	47	NOE	8.800000e-01	8.214914e-01	1.988281e-05	7.313580e-01	8.000000e-02
1	50	NOE	8.960000e-01	8.214914e-01	2.150184e-05	9.313580e-01	8.000000e-02
1	53	NOE	8.680000e-01	8.214914e-01	2.568510e-05	5.813580e-01	8.000000e-02
1	65	NOE	6.700000e-01	6.700000e-01	3.294554e-09	0.000000e+00	8.000000e-02
1	66	NOE	7.950000e-01	7.950000e-01	7.982950e-09	0.000000e+00	8.000000e-02
1	68	NOE	8.000000e-01	8.000000e-01	8.867666e-09	-1.387779e-15	8.000000e-02
1	69	NOE	6.870000e-01	6.870000e-01	3.502928e-09	0.000000e+00	8.000000e-02
1	70	NOE	7.340000e-01	7.340000e-01	4.364744e-09	0.000000e+00	8.000000e-02
1	71	NOE	8.900000e-01	8.214914e-01	3.187333e-05	8.563580e-01	8.000000e-02
1	72	NOE	8.140000e-01	8.140000e-01	1.504152e-08	1.387779e-15	8.000000e-02
1	89	NOE	7.720000e-01	7.720000e-01	5.826519e-09	2.775558e-15	8.000000e-02
1	90	NOE	8.600000e-01	8.214914e-01	3.067845e-05	4.813580e-01	8.000000e-02
1	91	NOE	8.600000e-01	8.214914e-01	3.067845e-05	4.813580e-01	8.000000e-02
1	92	NOE	6.170000e-01	6.170000e-01	2.819535e-09	0.000000e+00	8.000000e-02
1	93	NOE	7.190000e-01	7.190000e-01	4.026335e-09	0.000000e+00	8.000000e-02
1	98	NOE	7.680000e-01	7.680000e-01	5.602093e-09	1.387779e-15	8.000000e-02
1	101	NOE	6.780000e-01	6.780000e-01	3.388042e-09	1.387779e-15	8.000000e-02
1	104	NOE	8.540000e-01	8.214914e-01	3.608543e-05	4.063580e-01	8.000000e-02
1	106	NOE	7.830000e-01	7.830000e-01	6.614409e-09	-1.387779e-15	8.000000e-02
1	108	NOE	8.060000e-01	8.060000e-01	1.045122e-08	0.000000e+00	8.000000e-02
1	110	NOE	6.420000e-01	6.420000e-01	3.017620e-09	-6.437927e-08	8.000000e-02
1	113	NOE	8.460000e-01	8.214914e-01	3.993826e-05	3.063579e-01	8.000000e-02
1	114	NOE	7.480000e-01	7.480000e-01	4.769394e-09	0.000000e+00	8.000000e-02
1	115	NOE	7.320000e-01	7.320000e-01	4.314785e-09	0.000000e+00	8.000000e-02
1	117	NOE	8.510000e-01	8.214914e-01	3.793847e-05	3.688579e-01	8.000000e-02
1	118	NOE	7.080000e-01	7.080000e-01	3.821785e-09	0.000000e+00	8.000000e-02
1	119	NOE	6.210000e-01	6.210000e-01	2.848754e-09	1.387779e-15	8.000000e-02
1	120	NOE	7.050000e-01	7.050000e-01	3.771052e-09	0.000000e+00	8.000000e-02
1	121	NOE	6.810000e-01	6.810000e-01	3.425121e-09	0.000000e+00	8.000000e-02
1	122	NOE	7.640000e-01	7.640000e-01	5.401433e-09	1.387779e-15	8.000000e-02
1	123	NOE	8.010000e-01	8.010000e-01	9.082408e-09	0.000000e+00	8.000000e-02
1	124	NOE	7.290000e-01	7.290000e-01	4.242890e-09	0.000000e+00	8.000000e-02
1	125	NOE	8.320000e-01	8.214914e-01	4.189521e-05	1.313579e-01	8.000000e-02
1	126	NOE	7.780000e-01	7.780000e-01	6.219344e-09	-1.387779e-15	8.000000e-02
1	131	NOE	7.510000e-01	7.510000e-01	4.871360e-09	-1.387779e-15	8.000000e-02
1	132	NOE	7.670000e-01	7.670000e-01	5.549871e-09	1.387779e-15	8.000000e-02


2	5	R1	1.814882e+00	1.814882e+00	9.585607e-09	-9.769995e-16	2.272720e-01
2	6	R1	1.607717e+00	1.607717e+00	1.108528e-08	-2.202705e-15	1.008054e-01
2	7	R1	1.709402e+00	1.709402e+00	1.030913e-08	9.911637e-15	6.720725e-02
2	8	R1	1.721170e+00	1.721170e+00	1.022457e-08	0.000000e+00	6.517341e-02
2	9	R1	1.745201e+00	1.745201e+00	1.005503e-08	-3.645184e-15	6.091451e-02
2	10	R1	1.594896e+00	1.594896e+00	1.118942e-08	1.616522e-15	1.373595e-01
2	13	R1	1.647446e+00	1.647446e+00	1.077185e-08	-1.168744e-14	1.899856e-02
2	14	R1	1.686341e+00	1.686341e+00	1.047783e-08	7.808176e-15	5.687490e-02
2	16	R1	1.694915e+00	1.694915e+00	1.041463e-08	2.972836e-15	7.469118e-02
2	17	R1	1.876173e+00	1.876173e+00	9.197572e-09	0.000000e+00	1.161608e-01
2	18	R1	1.814882e+00	1.814882e+00	9.585607e-09	-1.982734e-15	1.119891e-01
2	19	R1	1.464129e+00	1.464129e+00	1.234594e-08	-2.113905e-15	1.050400e-01
2	20	R1	1.727116e+00	1.727116e+00	1.018224e-08	1.958907e-15	1.133513e-01
2	23	R1	1.795332e+00	1.795332e+00	9.714126e-09	3.625743e-15	6.124113e-02
2	24	R1	1.572327e+00	1.572327e+00	1.137647e-08	3.326524e-15	6.674973e-02
2	31	R1	1.879699e+00	1.879699e+00	9.175897e-09	0.000000e+00	1.766635e-01
2	42	R1	1.658375e+00	1.658375e+00	1.068800e-08	-2.523044e-15	8.800662e-02
2	43	R1	1.689189e+00	1.689189e+00	1.045677e-08	-2.779237e-15	7.989408e-02
2	46	R1	1.663894e+00	1.663894e+00	1.064603e-08	-6.169441e-15	3.599104e-02
2	47	R1	1.594896e+00	1.594896e+00	1.118942e-08	-4.718496e-15	9.411669e-02
2	50	R1	1.739130e+00	1.739130e+00	1.009747e-08	2.159221e-15	1.028355e-01
2	53	R1	1.811594e+00	1.811594e+00	9.607054e-09	1.650192e-15	1.345568e-01
2	65	R1	1.811594e+00	1.811594e+00	9.607054e-09	0.000000e+00	7.548309e-02
2	66	R1	1.724138e+00	1.724138e+00	1.020341e-08	0.000000e+00	8.323424e-02
2	68	R1	1.751313e+00	1.751313e+00	1.001255e-08	-1.956639e-15	1.134827e-01
2	69	R1	1.824818e+00	1.824818e+00	9.521199e-09	3.334044e-15	6.659918e-02
2	70	R1	1.631321e+00	1.631321e+00	1.089741e-08	-3.209134e-15	6.919144e-02
2	71	R1	1.879699e+00	1.879699e+00	9.175897e-09	0.000000e+00	8.479846e-02
2	72	R1	1.589825e+00	1.589825e+00	1.123103e-08	-7.320829e-15	9.099158e-02
2	89	R1	1.564945e+00	1.564945e+00	1.143871e-08	0.000000e+00	1.273508e-01
2	90	R1	1.600000e+00	1.600000e+00	1.114778e-08	-1.221636e-15	1.817600e-01
2	91	R1	1.715266e+00	1.715266e+00	1.026687e-08	-5.390751e-15	8.237984e-02
2	92	R1	1.727116e+00	1.727116e+00	1.018224e-08	0.000000e+00	1.640611e-01
2	93	R1	1.742160e+00	1.742160e+00	1.007626e-08	2.438612e-15	1.821073e-01
2	98	R1	1.795332e+00	1.795332e+00	9.714126e-09	-1.722228e-15	1.289287e-01
2	101	R1	1.855288e+00	1.855288e+00	9.327351e-09	8.063578e-15	2.753674e-02
2	104	R1	1.631321e+00	1.631321e+00	1.089741e-08	-3.627716e-15	6.120782e-02
2	106	R1	1.926782e+00	1.926782e+00	8.892900e-09	-1.220615e-15	1.819120e-01
2	108	R1	1.773050e+00	1.773050e+00	9.863585e-09	-1.441459e-15	1.540415e-01
2	110	R1	1.811594e+00	1.811594e+00	9.607054e-09	9.949688e-16	2.231674e-01
2	113	R1	1.769912e+00	1.769912e+00	9.884896e-09	3.375342e-15	6.578432e-02
2	114	R1	1.766784e+00	1.766784e+00	9.906197e-09	0.000000e+00	6.555207e-02
2	115	R1	1.824818e+00	1.824818e+00	9.521199e-09	5.129299e-15	4.328947e-02
2	117	R1	1.795332e+00	1.795332e+00	9.714126e-09	-7.654346e-15	5.801791e-02
2	118	R1	1.647446e+00	1.647446e+00	1.077185e-08	-2.639100e-15	8.413647e-02
2	119	R1	1.536098e+00	1.536098e+00	1.168715e-08	-1.120271e-15	1.982062e-01
2	120	R1	1.461988e+00	1.461988e+00	1.236644e-08	0.000000e+00	2.372525e-01
2	121	R1	1.661130e+00	1.661130e+00	1.066702e-08	1.183380e-15	1.876359e-01
2	122	R1	1.647446e+00	1.647446e+00	1.077185e-08	2.639100e-15	8.413647e-02
2	123	R1	1.848429e+00	1.848429e+00	9.370512e-09	5.734256e-15	1.161674e-01
2	124	R1	1.798561e+00	1.798561e+00	9.692733e-09	-4.576132e-15	4.852233e-02
2	125	R1	1.876173e+00	1.876173e+00	9.197572e-09	0.000000e+00	4.224028e-02
2	126	R1	1.828154e+00	1.828154e+00	9.499707e-09	-2.768239e-15	8.021149e-02
2	131	R1	1.718213e+00	1.718213e+00	1.024572e-08	0.000000e+00	1.092335e-01
2	132	R1	1.776199e+00	1.776199e+00	9.842264e-09	3.199148e-15	6.940742e-02


