5	9.900990e+00	9.802960e-01	6.410000e-01	8.000000e-02	1.814882e+00	2.272720e-01	6.604572e-02	
6	1.052632e+01	3.324100e-01	7.680000e-01	8.000000e-02	1.607717e+00	1.008054e-01	3.780937e-02	
7	9.615385e+00	3.698225e-01	7.650000e-01	8.000000e-02	1.709402e+00	6.720725e-02	4.072057e-02	
8	9.259259e+00	5.144033e-01	6.360000e-01	8.000000e-02	1.721170e+00	6.517341e-02	6.350780e-02	
9	9.900990e+00	1.470444e+00	6.580000e-01	8.000000e-02	1.745201e+00	6.091451e-02	6.050250e-02	
10	9.803922e+00	6.728181e-01	7.000000e-01	8.000000e-02	1.594896e+00	1.373595e-01	4.850154e-02	
13	9.615385e+00	2.773669e-01	7.380000e-01	8.000000e-02	1.647446e+00	1.899856e-02	4.375367e-02	
14	1.010101e+01	6.121824e-01	8.150000e-01	8.000000e-02	1.686341e+00	5.687490e-02	3.162415e-02	
16	9.259259e+00	6.001372e-01	8.420000e-01	8.000000e-02	1.694915e+00	7.469118e-02	2.714607e-02	
17	9.615385e+00	6.471893e-01	6.800000e-01	8.000000e-02	1.876173e+00	1.161608e-01	6.085897e-02	
18	1.234568e+01	6.096632e-01	8.650000e-01	8.000000e-02	1.814882e+00	1.119891e-01	2.483613e-02	
19	1.063830e+01	1.244907e+00	7.620000e-01	8.000000e-02	1.464129e+00	1.050400e-01	3.532304e-02	
20	8.849558e+00	3.132587e-01	7.620000e-01	8.000000e-02	1.727116e+00	1.133513e-01	4.166777e-02	
23	1.123596e+01	5.049867e-01	7.860000e-01	8.000000e-02	1.795332e+00	6.124113e-02	3.894578e-02	
24	1.111111e+01	7.407407e-01	6.830000e-01	8.000000e-02	1.572327e+00	6.674973e-02	5.052473e-02	
31	1.052632e+01	1.329640e+00	6.460000e-01	8.000000e-02	1.879699e+00	1.766635e-01	6.745179e-02	
42	1.063830e+01	3.395201e-01	7.400000e-01	8.000000e-02	1.658375e+00	8.800662e-02	4.370769e-02	
43	1.000000e+01	7.000000e-01	8.320000e-01	8.000000e-02	1.689189e+00	7.989408e-02	2.876666e-02	
46	1.010101e+01	5.101520e-01	7.180000e-01	8.000000e-02	1.663894e+00	3.599104e-02	4.756379e-02	
47	8.849558e+00	5.482027e-01	8.800000e-01	8.000000e-02	1.594896e+00	9.411669e-02	1.940062e-02	
50	9.259259e+00	6.858711e-01	8.960000e-01	8.000000e-02	1.739130e+00	1.028355e-01	1.833443e-02	
53	1.052632e+01	3.324100e-01	8.680000e-01	8.000000e-02	1.811594e+00	1.345568e-01	2.424023e-02	
65	1.010101e+01	6.121824e-01	6.700000e-01	8.000000e-02	1.811594e+00	7.548309e-02	6.060057e-02	
66	9.803922e+00	2.883506e-01	7.950000e-01	8.000000e-02	1.724138e+00	8.323424e-02	3.582842e-02	
68	1.010101e+01	8.162432e-01	8.000000e-01	8.000000e-02	1.751313e+00	1.134827e-01	3.550551e-02	
69	9.615385e+00	6.471893e-01	6.870000e-01	8.000000e-02	1.824818e+00	6.659918e-02	5.789827e-02	
70	1.000000e+01	4.000000e-01	7.340000e-01	8.000000e-02	1.631321e+00	6.919144e-02	4.398686e-02	
71	1.020408e+01	6.247397e-01	8.900000e-01	8.000000e-02	1.879699e+00	8.479846e-02	2.095960e-02	
72	1.010101e+01	4.081216e-01	8.140000e-01	8.000000e-02	1.589825e+00	9.099158e-02	2.997534e-02	
89	1.000000e+01	9.000000e-01	7.720000e-01	8.000000e-02	1.564945e+00	1.273508e-01	3.616894e-02	
90	9.433962e+00	8.009968e-01	8.600000e-01	8.000000e-02	1.600000e+00	1.817600e-01	2.270648e-02	
91	8.928571e+00	7.971939e-01	8.600000e-01	8.000000e-02	1.715266e+00	8.237984e-02	2.434228e-02	
92	8.695652e+00	9.073724e-01	6.170000e-01	8.000000e-02	1.727116e+00	1.640611e-01	6.705359e-02	
93	9.259259e+00	8.573388e-01	7.190000e-01	8.000000e-02	1.742160e+00	1.821073e-01	4.962451e-02	
98	9.090909e+00	9.090909e-01	7.680000e-01	8.000000e-02	1.795332e+00	1.289287e-01	4.222159e-02	
101	8.064516e+00	1.365765e+00	6.780000e-01	8.000000e-02	1.855288e+00	2.753674e-02	6.055764e-02	
104	9.523810e+00	2.721088e-01	8.540000e-01	8.000000e-02	1.631321e+00	6.120782e-02	2.414317e-02	
106	1.123596e+01	1.136220e+00	7.830000e-01	8.000000e-02	1.926782e+00	1.819120e-01	4.238325e-02	
108	1.020408e+01	6.247397e-01	8.060000e-01	8.000000e-02	1.773050e+00	1.540415e-01	3.486779e-02	
110	9.900990e+00	1.764533e+00	6.420000e-01	8.000000e-02	1.811594e+00	2.231674e-01	6.574244e-02	
113	9.803922e+00	2.883506e-01	8.460000e-01	8.000000e-02	1.769912e+00	6.578432e-02	2.762957e-02	
114	1.149425e+01	5.284714e-01	7.480000e-01	8.000000e-02	1.766784e+00	6.555207e-02	4.513214e-02	
115	9.615385e+00	3.698225e-01	7.320000e-01	8.000000e-02	1.824818e+00	4.328947e-02	4.957424e-02	
117	1.136364e+01	9.039256e-01	8.510000e-01	8.000000e-02	1.795332e+00	5.801791e-02	2.711645e-02	
118	1.176471e+01	1.107266e+00	7.080000e-01	8.000000e-02	1.647446e+00	8.413647e-02	4.876363e-02	
119	1.111111e+01	1.111111e+00	6.210000e-01	8.000000e-02	1.536098e+00	1.982062e-01	5.901468e-02	
120	1.030928e+01	9.565310e-01	7.050000e-01	8.000000e-02	1.461988e+00	2.372525e-01	4.371875e-02	
121	1.075269e+01	9.249624e-01	6.810000e-01	8.000000e-02	1.661130e+00	1.876359e-01	5.371506e-02	
122	1.075269e+01	4.624812e-01	7.640000e-01	8.000000e-02	1.647446e+00	8.413647e-02	3.941170e-02	
123	9.900990e+00	4.901480e-01	8.010000e-01	8.000000e-02	1.848429e+00	1.161674e-01	3.728702e-02	
124	1.000000e+01	3.000000e-01	7.290000e-01	8.000000e-02	1.798561e+00	4.852233e-02	4.940789e-02	
125	9.615385e+00	2.773669e-01	8.320000e-01	8.000000e-02	1.876173e+00	4.224028e-02	3.195096e-02	
126	9.259259e+00	2.572016e-01	7.780000e-01	8.000000e-02	1.828154e+00	8.021149e-02	4.114030e-02	
131	8.928571e+00	1.355230e+00	7.510000e-01	8.000000e-02	1.718213e+00	1.092335e-01	4.336888e-02	
132	1.041667e+01	9.765625e-01	7.670000e-01	8.000000e-02	1.776199e+00	6.940742e-02	4.195168e-02	
