5	9.900990e+00	1.274385e+00	8.040000e-01	8.000000e-02	1.267427e+00	1.927646e-01	2.518146e-02	
6	1.086957e+01	5.907372e-01	8.840000e-01	8.000000e-02	1.293661e+00	9.037218e-02	1.521179e-02	
7	1.010101e+01	6.121824e-01	7.240000e-01	8.000000e-02	1.529052e+00	3.974600e-02	4.277925e-02	
8	1.162791e+01	8.112493e-01	8.110000e-01	8.000000e-02	1.472754e+00	6.507013e-02	2.821590e-02	
9	1.190476e+01	9.920635e-01	8.390000e-01	8.000000e-02	1.545595e+00	7.166592e-02	2.522455e-02	
10	1.075269e+01	6.937218e-01	8.830000e-01	8.000000e-02	1.466276e+00	6.879886e-02	1.739015e-02	
13	1.030928e+01	4.251249e-01	7.730000e-01	8.000000e-02	1.420455e+00	3.026537e-02	3.268549e-02	
14	1.136364e+01	3.873967e-01	7.940000e-01	8.000000e-02	1.420455e+00	5.044228e-02	2.966172e-02	
16	1.052632e+01	4.432133e-01	7.300000e-01	8.000000e-02	1.519757e+00	5.543186e-02	4.159486e-02	
17	1.111111e+01	8.641975e-01	6.390000e-01	8.000000e-02	1.754386e+00	1.508156e-01	6.419988e-02	
18	1.176471e+01	9.688581e-01	7.140000e-01	8.000000e-02	1.259446e+00	7.772399e-02	3.651299e-02	
19	1.123596e+01	7.574801e-01	7.020000e-01	8.000000e-02	1.288660e+00	1.411547e-01	3.892749e-02	
20	1.052632e+01	1.218837e+00	8.620000e-01	8.000000e-02	1.367989e+00	6.737019e-02	1.913655e-02	
23	1.204819e+01	1.016113e+00	8.480000e-01	8.000000e-02	1.512859e+00	8.010601e-02	2.331009e-02	
24	1.219512e+01	1.189768e+00	8.640000e-01	8.000000e-02	1.416431e+00	9.630123e-02	1.952702e-02	
31	1.052632e+01	1.772853e+00	8.560000e-01	8.000000e-02	1.686341e+00	1.450310e-01	2.461556e-02	
42	1.219512e+01	7.436050e-01	8.350000e-01	8.000000e-02	1.305483e+00	8.010144e-02	2.183519e-02	
43	1.086957e+01	5.907372e-01	8.710000e-01	8.000000e-02	1.490313e+00	4.442065e-02	1.948808e-02	
46	1.052632e+01	2.216066e-01	8.180000e-01	8.000000e-02	1.440922e+00	4.983016e-02	2.658360e-02	
47	8.928571e+00	7.971939e-01	7.540000e-01	8.000000e-02	1.499250e+00	9.215782e-02	3.738618e-02	
50	9.433962e+00	1.245995e+00	8.140000e-01	8.000000e-02	1.503759e+00	1.130646e-01	2.835262e-02	
53	1.162791e+01	1.216874e+00	8.040000e-01	8.000000e-02	1.428571e+00	9.795918e-02	2.838310e-02	
65	1.204819e+01	1.306431e+00	8.630000e-01	8.000000e-02	1.369863e+00	1.632576e-01	1.902390e-02	
66	1.086957e+01	4.725898e-01	7.830000e-01	8.000000e-02	1.474926e+00	6.743763e-02	3.244381e-02	
68	1.111111e+01	6.172840e-01	8.220000e-01	8.000000e-02	1.406470e+00	6.923550e-02	2.537770e-02	
69	9.615385e+00	3.698225e-01	8.940000e-01	8.000000e-02	1.481481e+00	6.364883e-02	1.591857e-02	
70	1.162791e+01	6.760411e-01	8.150000e-01	8.000000e-02	1.457726e+00	8.074867e-02	2.733691e-02	
71	1.098901e+01	7.245502e-01	8.060000e-01	8.000000e-02	1.633987e+00	6.941775e-02	3.213306e-02	
72	1.123596e+01	3.787401e-01	8.130000e-01	8.000000e-02	1.464129e+00	3.858612e-02	2.775382e-02	
89	1.162791e+01	9.464575e-01	7.290000e-01	8.000000e-02	1.213592e+00	8.836837e-02	3.333834e-02	
90	9.345794e+00	1.135470e+00	7.880000e-01	8.000000e-02	1.432665e+00	2.196205e-01	3.078806e-02	
91	9.708738e+00	6.598171e-01	7.390000e-01	8.000000e-02	1.414427e+00	8.602598e-02	3.742165e-02	
92	8.403361e+00	4.943154e-01	7.390000e-01	8.000000e-02	1.371742e+00	1.185456e-01	3.629233e-02	
93	9.900990e+00	8.822664e-01	8.220000e-01	8.000000e-02	1.438849e+00	1.138657e-01	2.596193e-02	
98	9.900990e+00	5.881776e-01	8.260000e-01	8.000000e-02	1.408451e+00	4.165840e-02	2.484235e-02	
101	1.098901e+01	1.086825e+00	6.470000e-01	8.000000e-02	1.547988e+00	2.252490e-01	5.539161e-02	
104	1.098901e+01	4.830335e-01	8.530000e-01	8.000000e-02	1.420455e+00	2.017691e-02	2.116638e-02	
106	1.234568e+01	2.743484e+00	7.860000e-01	8.000000e-02	1.379310e+00	2.644471e-01	2.992110e-02	
108	1.020408e+01	1.041233e+00	8.190000e-01	8.000000e-02	1.342282e+00	9.729291e-02	2.462772e-02	
110	9.708738e+00	1.602413e+00	8.600000e-01	8.000000e-02	1.351351e+00	5.113221e-02	1.917777e-02	
113	1.000000e+01	3.000000e-01	8.790000e-01	8.000000e-02	1.432665e+00	8.210113e-02	1.757243e-02	
114	1.282051e+01	4.930966e-01	8.480000e-01	8.000000e-02	1.392758e+00	3.879548e-02	2.145957e-02	
115	1.123596e+01	3.787401e-01	8.190000e-01	8.000000e-02	1.564945e+00	5.387918e-02	2.871307e-02	
117	1.162791e+01	5.408329e-01	8.440000e-01	8.000000e-02	1.512859e+00	6.408481e-02	2.392351e-02	
118	1.204819e+01	1.161272e+00	7.300000e-01	8.000000e-02	1.321004e+00	8.376247e-02	3.615511e-02	
119	1.176471e+01	9.688581e-01	8.670000e-01	8.000000e-02	1.436782e+00	6.605892e-02	1.937065e-02	
120	1.176471e+01	2.629758e+00	6.460000e-01	8.000000e-02	1.406470e+00	1.424273e-01	5.047026e-02	
121	1.136364e+01	9.039256e-01	7.970000e-01	8.000000e-02	1.321004e+00	6.980206e-02	2.718329e-02	
122	1.162791e+01	1.622499e+00	9.000000e-01	8.000000e-02	1.485884e+00	1.214318e-01	1.506214e-02	
123	1.136364e+01	6.456612e-01	8.750000e-01	8.000000e-02	1.602564e+00	7.190993e-02	2.030613e-02	
124	1.075269e+01	5.781015e-01	7.870000e-01	8.000000e-02	1.515152e+00	6.657484e-02	3.271429e-02	
125	1.063830e+01	3.395201e-01	7.580000e-01	3.000000e-02	1.515152e+00	2.525253e-02	3.716835e-02	
126	1.030928e+01	3.188437e-01	8.110000e-01	3.000000e-02	1.506024e+00	3.402163e-02	2.885330e-02	
131	9.708738e+00	1.602413e+00	7.740000e-01	8.000000e-02	1.461988e+00	1.261072e-01	3.349301e-02	
132	1.098901e+01	6.037918e-01	7.700000e-01	8.000000e-02	1.552795e+00	6.510166e-02	3.620294e-02	
