8.465011e+00	1.000000e+00	1.101044e-01
8.589215e+00	0.000000e+00	1.515080e-01
8.715241e+00	0.000000e+00	2.062148e-01
8.843117e+00	0.000000e+00	2.774515e-01
8.972868e+00	1.000000e+00	3.687716e-01
9.104524e+00	0.000000e+00	4.838837e-01
9.238111e+00	0.000000e+00	6.263784e-01
9.373659e+00	2.000000e+00	7.993431e-01
9.511195e+00	0.000000e+00	1.004865e+00
9.650749e+00	4.000000e+00	1.243441e+00
9.792351e+00	0.000000e+00	1.513353e+00
9.936030e+00	4.000000e+00	1.810061e+00
1.008182e+01	1.000000e+00	2.125754e+00
1.022974e+01	1.000000e+00	2.449149e+00
1.037984e+01	2.000000e+00	2.765676e+00
1.053214e+01	4.000000e+00	3.058152e+00
1.068668e+01	3.000000e+00	3.307974e+00
1.084348e+01	3.000000e+00	3.496781e+00
1.100258e+01	4.000000e+00	3.608457e+00
1.116402e+01	5.000000e+00	3.631184e+00
1.132782e+01	3.000000e+00	3.559257e+00
1.149403e+01	0.000000e+00	3.394290e+00
1.166268e+01	6.000000e+00	3.145526e+00
1.183380e+01	4.000000e+00	2.829117e+00
1.200743e+01	3.000000e+00	2.466389e+00
1.218361e+01	2.000000e+00	2.081355e+00
1.236238e+01	1.000000e+00	1.697875e+00
1.254377e+01	0.000000e+00	1.336967e+00
1.272782e+01	1.000000e+00	1.014731e+00


6.427957e-01	2.000000e+00	6.061853e-02
6.504321e-01	1.000000e+00	8.390897e-02
6.581592e-01	0.000000e+00	1.150075e-01
6.659782e-01	0.000000e+00	1.560147e-01
6.738900e-01	0.000000e+00	2.093760e-01
6.818959e-01	0.000000e+00	2.778470e-01
6.899968e-01	0.000000e+00	3.644105e-01
6.981940e-01	1.000000e+00	4.721338e-01
7.064885e-01	0.000000e+00	6.039556e-01
7.148816e-01	1.000000e+00	7.623961e-01
7.233745e-01	1.000000e+00	9.491949e-01
7.319682e-01	3.000000e+00	1.164892e+00
7.406640e-01	2.000000e+00	1.408385e+00
7.494631e-01	0.000000e+00	1.676504e+00
7.583667e-01	2.000000e+00	1.963677e+00
7.673761e-01	1.000000e+00	2.261756e+00
7.764926e-01	2.000000e+00	2.560065e+00
7.857173e-01	4.000000e+00	2.845755e+00
7.950517e-01	2.000000e+00	3.104480e+00
8.044969e-01	3.000000e+00	3.321393e+00
8.140543e-01	6.000000e+00	3.482395e+00
8.237253e-01	5.000000e+00	3.575529e+00
8.335112e-01	1.000000e+00	3.592323e+00
8.434133e-01	4.000000e+00	3.528930e+00
8.534331e-01	2.000000e+00	3.386826e+00
8.635719e-01	5.000000e+00	3.172966e+00
8.738312e-01	2.000000e+00	2.899283e+00
8.842123e-01	3.000000e+00	2.581597e+00
8.947168e-01	2.000000e+00	2.238042e+00


1.221353e+00	1.000000e+00	9.890498e-02
1.236973e+00	0.000000e+00	1.625151e-01
1.252793e+00	1.000000e+00	2.594299e-01
1.268815e+00	1.000000e+00	4.018302e-01
1.285042e+00	1.000000e+00	6.031003e-01
1.301476e+00	2.000000e+00	8.759339e-01
1.318121e+00	2.000000e+00	1.229364e+00
1.334979e+00	1.000000e+00	1.664907e+00
1.352052e+00	1.000000e+00	2.172476e+00
1.369344e+00	3.000000e+00	2.727153e+00
1.386857e+00	2.000000e+00	3.288274e+00
1.404593e+00	3.000000e+00	3.802102e+00
1.422557e+00	6.000000e+00	4.208706e+00
1.440750e+00	5.000000e+00	4.452381e+00
1.459176e+00	4.000000e+00	4.493473e+00
1.477838e+00	4.000000e+00	4.318391e+00
1.496738e+00	4.000000e+00	3.944496e+00
1.515880e+00	5.000000e+00	3.417796e+00
1.535267e+00	1.000000e+00	2.803600e+00
1.554902e+00	3.000000e+00	2.172726e+00
1.574788e+00	1.000000e+00	1.587415e+00
1.594928e+00	1.000000e+00	1.090994e+00
1.615326e+00	0.000000e+00	7.037567e-01
1.635984e+00	1.000000e+00	4.250926e-01
1.656907e+00	0.000000e+00	2.398659e-01
1.678098e+00	1.000000e+00	1.261276e-01
1.699559e+00	0.000000e+00	6.164661e-02
1.721295e+00	0.000000e+00	2.793410e-02
1.743309e+00	1.000000e+00	1.170368e-02


1.544822e-02	1.000000e+00	1.026572e+00
1.624016e-02	1.000000e+00	1.179899e+00
1.707271e-02	1.000000e+00	1.353679e+00
1.794793e-02	1.000000e+00	1.548648e+00
1.886802e-02	3.000000e+00	1.764582e+00
1.983528e-02	4.000000e+00	1.999836e+00
2.085212e-02	1.000000e+00	2.250812e+00
2.192110e-02	2.000000e+00	2.511382e+00
2.304487e-02	1.000000e+00	2.772353e+00
2.422625e-02	3.000000e+00	3.021096e+00
2.546820e-02	5.000000e+00	3.241532e+00
2.677381e-02	3.000000e+00	3.414695e+00
2.814636e-02	5.000000e+00	3.520104e+00
2.958926e-02	3.000000e+00	3.538093e+00
3.110614e-02	1.000000e+00	3.453051e+00
3.270078e-02	6.000000e+00	3.257208e+00
3.437717e-02	0.000000e+00	2.954203e+00
3.613950e-02	4.000000e+00	2.561282e+00
3.799217e-02	4.000000e+00	2.108934e+00
3.993981e-02	0.000000e+00	1.637139e+00
4.198731e-02	2.000000e+00	1.188443e+00
4.413976e-02	0.000000e+00	7.994249e-01
4.640256e-02	0.000000e+00	4.932386e-01
4.878137e-02	0.000000e+00	2.759788e-01
5.128212e-02	1.000000e+00	1.382683e-01
5.391107e-02	0.000000e+00	6.115797e-02
5.667479e-02	1.000000e+00	2.350826e-02
5.958019e-02	0.000000e+00	7.716117e-03
6.263454e-02	1.000000e+00	2.120789e-03


1.052317e-01	1.000000e+00	7.908333e-01
1.069715e-01	1.000000e+00	9.857801e-01
1.087400e-01	1.000000e+00	1.211176e+00
1.105378e-01	1.000000e+00	1.465553e+00
1.123653e-01	3.000000e+00	1.744947e+00
1.142230e-01	4.000000e+00	2.042464e+00
1.161114e-01	1.000000e+00	2.348047e+00
1.180311e-01	2.000000e+00	2.648570e+00
1.199825e-01	1.000000e+00	2.928356e+00
1.219661e-01	3.000000e+00	3.170164e+00
1.239826e-01	5.000000e+00	3.356636e+00
1.260324e-01	3.000000e+00	3.472100e+00
1.281160e-01	5.000000e+00	3.504501e+00
1.302342e-01	3.000000e+00	3.447204e+00
1.323873e-01	1.000000e+00	3.300305e+00
1.345760e-01	6.000000e+00	3.071179e+00
1.368010e-01	0.000000e+00	2.774058e+00
1.390627e-01	4.000000e+00	2.428606e+00
1.413618e-01	4.000000e+00	2.057677e+00
1.436989e-01	0.000000e+00	1.684608e+00
1.460746e-01	2.000000e+00	1.330511e+00
1.484897e-01	0.000000e+00	1.012059e+00
1.509446e-01	0.000000e+00	7.401211e-01
1.534402e-01	0.000000e+00	5.194250e-01
1.559770e-01	1.000000e+00	3.491798e-01
1.585557e-01	0.000000e+00	2.244058e-01
1.611771e-01	1.000000e+00	1.375936e-01
1.638418e-01	0.000000e+00	8.032103e-02
1.665506e-01	1.000000e+00	4.454306e-02


