0	1	R2	2.366900e+00	2.366900e+00	8.242056e-10	-1.596467e-15	2.781700e-01
0	6	R2	4.061000e+00	4.061000e+00	1.710639e-09	0.000000e+00	2.851400e-02
0	7	R2	1.740100e+01	1.740100e+01	1.039896e-08	3.734470e-15	9.513300e-01
0	8	R2	1.435050e+01	1.435050e+01	8.470012e-09	1.581937e-15	1.122900e+00
0	11	R2	8.604100e+00	8.604100e+00	4.739548e-09	1.394972e-14	1.273400e-01
0	12	R2	6.013200e+00	6.013200e+00	2.983391e-09	-1.027010e-14	8.648200e-02
0	14	R2	8.194300e+00	8.194300e+00	4.465040e-09	-2.659018e-14	6.680500e-02
0	15	R2	1.820250e+01	1.820250e+01	1.090269e-08	0.000000e+00	3.558700e-01
0	17	R2	2.783100e+01	2.783100e+01	1.690088e-08	-3.812947e-15	1.863500e+00
0	18	R2	1.553440e+01	1.553440e+01	9.221202e-09	2.157947e-15	8.231700e-01
0	19	R2	1.700470e+01	1.700470e+01	1.014949e-08	0.000000e+00	4.607900e-01
0	21	R2	1.574610e+01	1.574610e+01	9.355150e-09	8.746648e-15	2.030900e-01
0	22	R2	1.508270e+01	1.508270e+01	8.935035e-09	0.000000e+00	1.749600e-01
0	23	R2	1.575090e+01	1.575090e+01	9.358186e-09	-8.773866e-15	2.024600e-01
0	24	R2	1.605710e+01	1.605710e+01	9.551741e-09	0.000000e+00	1.751600e-01
0	25	R2	1.505280e+01	1.505280e+01	8.916074e-09	-2.308356e-14	2.308600e-01
0	26	R2	1.387690e+01	1.387690e+01	8.168387e-09	-2.573684e-14	1.380400e-01
0	27	R2	1.580270e+01	1.580270e+01	9.390945e-09	0.000000e+00	1.722400e-01
0	28	R2	1.668220e+01	1.668220e+01	9.946255e-09	0.000000e+00	1.644300e-01
0	29	R2	1.514990e+01	1.514990e+01	8.977641e-09	1.322186e-14	1.343500e-01
0	30	R2	1.297320e+01	1.297320e+01	7.590746e-09	-1.654888e-14	1.073400e-01
0	31	R2	1.630230e+01	1.630230e+01	9.706589e-09	2.144193e-14	1.656900e-01
0	32	R2	1.619460e+01	1.619460e+01	9.638591e-09	-2.187228e-14	1.624300e-01
0	33	R2	1.551400e+01	1.551400e+01	9.208289e-09	2.311460e-14	1.537000e-01
0	34	R2	1.475710e+01	1.475710e+01	8.728429e-09	1.630433e-14	1.089500e-01
0	35	R2	1.482240e+01	1.482240e+01	8.769887e-09	-7.846792e-15	2.263800e-01
0	36	R2	1.409320e+01	1.409320e+01	8.306230e-09	0.000000e+00	2.588700e-01
0	37	R2	1.434300e+01	1.434300e+01	8.465241e-09	0.000000e+00	1.002300e-01
0	38	R2	1.345760e+01	1.345760e+01	7.900734e-09	0.000000e+00	1.056300e-01
0	40	R2	1.311980e+01	1.311980e+01	7.684654e-09	-1.132375e-14	1.568700e-01
0	42	R2	1.414760e+01	1.414760e+01	8.340875e-09	0.000000e+00	9.556300e-02
0	44	R2	1.598190e+01	1.598190e+01	9.504225e-09	0.000000e+00	1.962200e-01
0	45	R2	2.284760e+01	2.284760e+01	1.380583e-08	0.000000e+00	7.401100e-01
0	46	R2	1.538980e+01	1.538980e+01	9.129648e-09	7.643861e-15	2.323900e-01
0	48	R2	1.285060e+01	1.285060e+01	7.512147e-09	-2.903493e-14	1.223600e-01
0	49	R2	1.649350e+01	1.649350e+01	9.827247e-09	0.000000e+00	1.615100e-01
0	50	R2	1.236300e+01	1.236300e+01	7.198935e-09	-1.761036e-14	1.008700e-01
0	51	R2	1.650160e+01	1.650160e+01	9.832357e-09	1.828656e-14	1.942800e-01
0	54	R2	1.978240e+01	1.978240e+01	1.189286e-08	1.015816e-14	3.497400e-01
0	55	R2	1.629110e+01	1.629110e+01	9.699519e-09	0.000000e+00	3.546100e-01
0	56	R2	1.459930e+01	1.459930e+01	8.628194e-09	1.470129e-14	1.208300e-01
0	57	R2	1.277890e+01	1.277890e+01	7.466152e-09	0.000000e+00	1.366400e-01
0	58	R2	1.602020e+01	1.602020e+01	9.528427e-09	-1.898121e-14	1.871700e-01
0	59	R2	1.440420e+01	1.440420e+01	8.504169e-09	-2.055017e-14	1.728800e-01
0	60	R2	1.275800e+01	1.275800e+01	7.452741e-09	1.353415e-14	1.312500e-01
0	62	R2	1.696780e+01	1.696780e+01	1.012624e-08	-6.881503e-15	5.162700e-01
0	63	R2	1.505970e+01	1.505970e+01	8.920450e-09	2.559223e-14	1.388200e-01
0	64	R2	1.698380e+01	1.698380e+01	1.013632e-08	-1.372128e-14	2.589200e-01
0	65	R2	1.561380e+01	1.561380e+01	9.271453e-09	-7.195224e-15	2.468800e-01
0	67	R2	1.617740e+01	1.617740e+01	9.627729e-09	0.000000e+00	1.716500e-01
0	68	R2	1.645210e+01	1.645210e+01	9.801128e-09	2.001191e-14	1.775300e-01
0	69	R2	1.620850e+01	1.620850e+01	9.647368e-09	-1.718445e-14	2.067400e-01
0	70	R2	1.677500e+01	1.677500e+01	1.000476e-08	0.000000e+00	3.112400e-01
0	71	R2	1.647560e+01	1.647560e+01	9.815954e-09	0.000000e+00	2.123700e-01
0	72	R2	1.683280e+01	1.683280e+01	1.004118e-08	0.000000e+00	2.706000e-01
0	73	R2	1.343080e+01	1.343080e+01	7.883606e-09	0.000000e+00	2.359000e-01
0	74	R2	1.758710e+01	1.758710e+01	1.051601e-08	-1.290019e-14	2.754000e-01
0	75	R2	1.735610e+01	1.735610e+01	1.037071e-08	0.000000e+00	2.751700e-01
0	76	R2	1.342090e+01	1.342090e+01	7.877279e-09	1.200971e-14	1.479100e-01
0	77	R2	1.397600e+01	1.397600e+01	8.231560e-09	7.546121e-15	2.354000e-01
0	79	R2	1.709090e+01	1.709090e+01	1.020377e-08	0.000000e+00	7.325500e-01
0	80	R2	1.571670e+01	1.571670e+01	9.336554e-09	1.899542e-14	1.870300e-01
0	81	R2	1.594140e+01	1.594140e+01	9.478630e-09	0.000000e+00	1.510300e-01
0	82	R2	1.551280e+01	1.551280e+01	9.207529e-09	2.602339e-14	1.365200e-01
0	83	R2	1.744120e+01	1.744120e+01	1.042425e-08	0.000000e+00	2.328300e-01
0	84	R2	1.592910e+01	1.592910e+01	9.470856e-09	1.525556e-14	1.164400e-01
0	85	R2	1.534520e+01	1.534520e+01	9.101399e-09	-1.251132e-14	1.419800e-01
0	86	R2	1.674600e+01	1.674600e+01	9.986476e-09	0.000000e+00	1.902900e-01
0	87	R2	1.565080e+01	1.565080e+01	9.294864e-09	-2.579290e-14	1.377400e-01
0	88	R2	1.624800e+01	1.624800e+01	9.672309e-09	0.000000e+00	1.396200e-01
0	89	R2	1.607970e+01	1.607970e+01	9.566019e-09	0.000000e+00	1.808400e-01
0	90	R2	1.715400e+01	1.715400e+01	1.024350e-08	1.502776e-14	2.364100e-01
0	91	R2	1.614470e+01	1.614470e+01	9.607077e-09	-1.865627e-14	1.904300e-01
0	92	R2	1.591550e+01	1.591550e+01	9.462259e-09	-1.300122e-14	1.366300e-01
0	93	R2	1.616930e+01	1.616930e+01	9.622613e-09	2.619609e-14	1.356200e-01
0	94	R2	1.633300e+01	1.633300e+01	9.725967e-09	4.719646e-14	1.505500e-01
0	95	R2	1.467300e+01	1.467300e+01	8.675017e-09	1.200160e-14	1.480100e-01
0	97	R2	1.586960e+01	1.586960e+01	9.433244e-09	-1.131942e-14	1.569300e-01
0	98	R2	1.136750e+01	1.136750e+01	6.556086e-09	0.000000e+00	8.476700e-02
0	100	R2	1.585530e+01	1.585530e+01	9.424203e-09	0.000000e+00	1.540500e-01
0	101	R2	1.342490e+01	1.342490e+01	7.879835e-09	-2.381654e-14	7.458500e-02
0	102	R2	1.371350e+01	1.371350e+01	8.064154e-09	-3.570136e-14	9.951200e-02
0	103	R2	1.463220e+01	1.463220e+01	8.649098e-09	-1.673283e-14	1.061600e-01
0	104	R2	1.623470e+01	1.623470e+01	9.663911e-09	-2.150683e-14	1.651900e-01
0	105	R2	1.524610e+01	1.524610e+01	9.038613e-09	1.240733e-14	1.431700e-01
0	106	R2	1.506410e+01	1.506410e+01	8.923240e-09	0.000000e+00	1.431800e-01
0	107	R2	1.560760e+01	1.560760e+01	9.267530e-09	-1.267107e-14	1.401900e-01
0	108	R2	1.552540e+01	1.552540e+01	9.215505e-09	1.294815e-14	1.371900e-01
0	109	R2	1.515270e+01	1.515270e+01	8.979416e-09	0.000000e+00	1.059900e-01
0	110	R2	1.526200e+01	1.526200e+01	9.048689e-09	-2.748289e-14	1.292700e-01
0	111	R2	1.652680e+01	1.652680e+01	9.848253e-09	-2.417141e-14	1.469800e-01
0	112	R2	1.593400e+01	1.593400e+01	9.473953e-09	-1.380552e-14	1.286700e-01
0	113	R2	1.535110e+01	1.535110e+01	9.105137e-09	-5.124599e-14	1.039900e-01
0	114	R2	1.611060e+01	1.611060e+01	9.585538e-09	0.000000e+00	1.514500e-01
0	115	R2	1.712340e+01	1.712340e+01	1.022424e-08	1.777601e-14	1.998600e-01
0	116	R2	1.544110e+01	1.544110e+01	9.162135e-09	0.000000e+00	1.194300e-01
0	117	R2	1.450110e+01	1.450110e+01	8.565782e-09	1.403458e-14	1.265700e-01
0	118	R2	1.725450e+01	1.725450e+01	1.030677e-08	1.985200e-14	1.789600e-01
0	119	R2	1.591710e+01	1.591710e+01	9.463271e-09	1.507815e-14	1.178100e-01
0	120	R2	1.248020e+01	1.248020e+01	7.274311e-09	0.000000e+00	9.638500e-02
0	121	R2	1.211020e+01	1.211020e+01	7.036141e-09	2.684616e-14	6.616800e-02
0	123	R2	1.080820e+01	1.080820e+01	6.192620e-09	0.000000e+00	7.940200e-02
0	124	R2	9.851800e+00	9.851800e+00	5.566556e-09	0.000000e+00	7.703600e-02
0	125	R2	6.821200e+00	6.821200e+00	3.534921e-09	-2.029426e-14	4.376500e-02


1	1	NOE	-4.833000e-01	-4.833000e-01	5.185964e-10	-7.783789e-15	7.844800e-02
1	6	NOE	1.955000e-01	1.955000e-01	8.161729e-10	8.196552e-15	1.354500e-02
1	7	NOE	3.482000e-01	3.482000e-01	9.488780e-10	-6.856445e-16	8.096200e-02
1	8	NOE	2.768000e-01	2.768000e-01	8.806773e-10	2.146188e-15	7.759500e-02
1	11	NOE	3.566000e-01	3.566000e-01	9.577966e-10	1.020013e-14	2.721100e-02
1	12	NOE	3.203000e-01	3.203000e-01	9.206984e-10	-1.765622e-15	3.144000e-02
1	14	NOE	4.486000e-01	4.486000e-01	1.071927e-09	-6.489876e-15	1.710700e-02
1	15	NOE	7.097000e-01	7.097000e-01	1.829838e-09	-2.900800e-15	3.827300e-02
1	17	NOE	7.078000e-01	7.078000e-01	1.817991e-09	0.000000e+00	8.447100e-02
1	18	NOE	7.098000e-01	7.098000e-01	1.830468e-09	-3.838945e-15	5.784000e-02
1	19	NOE	8.421000e-01	8.421000e-01	5.355266e-09	-1.045666e-08	5.143400e-02
1	21	NOE	9.109000e-01	8.602211e-01	1.363215e-05	1.541236e+00	3.288200e-02
1	22	NOE	8.931000e-01	8.602211e-01	1.339264e-05	1.126917e+00	2.917600e-02
1	23	NOE	8.633000e-01	8.602211e-01	2.283349e-05	1.153628e-01	2.668900e-02
1	24	NOE	7.768000e-01	7.768000e-01	2.477287e-09	4.370269e-15	2.540400e-02
1	25	NOE	9.255000e-01	8.602211e-01	1.154671e-05	1.715789e+00	3.804600e-02
1	26	NOE	8.206000e-01	8.206000e-01	3.612789e-09	-4.947041e-08	2.365400e-02
1	27	NOE	8.305000e-01	8.305000e-01	4.176049e-09	0.000000e+00	2.527400e-02
1	28	NOE	8.208000e-01	8.208000e-01	3.622025e-09	-9.777393e-15	2.271000e-02
1	29	NOE	8.260000e-01	8.260000e-01	3.889802e-09	5.312326e-15	2.089900e-02
1	30	NOE	7.788000e-01	7.788000e-01	2.508108e-09	-6.299495e-15	1.762400e-02
1	31	NOE	8.449000e-01	8.449000e-01	5.825953e-09	0.000000e+00	2.094700e-02
1	32	NOE	8.506000e-01	8.506000e-01	7.356676e-09	0.000000e+00	2.150100e-02
1	33	NOE	8.218000e-01	8.218000e-01	3.669278e-09	-5.105882e-15	2.174400e-02
1	34	NOE	8.225000e-01	8.225000e-01	3.703465e-09	0.000000e+00	1.888700e-02
1	35	NOE	8.082000e-01	8.082000e-01	3.148458e-09	0.000000e+00	2.574600e-02
1	36	NOE	8.265000e-01	8.265000e-01	3.918758e-09	-3.121761e-15	3.556400e-02
1	37	NOE	8.706000e-01	8.602211e-01	1.299927e-05	6.253492e-01	1.659700e-02
1	38	NOE	8.212000e-01	8.212000e-01	3.640709e-09	-6.160376e-15	1.802200e-02
1	40	NOE	8.592000e-01	8.592000e-01	2.260412e-08	0.000000e+00	2.634800e-02
1	42	NOE	7.875000e-01	7.875000e-01	2.656572e-09	-7.184514e-15	1.545300e-02
1	44	NOE	8.020000e-01	8.020000e-01	2.973978e-09	0.000000e+00	2.720800e-02
1	45	NOE	7.956000e-01	7.956000e-01	2.820789e-09	2.190005e-15	5.069500e-02
1	46	NOE	6.803000e-01	6.803000e-01	1.667868e-09	0.000000e+00	3.468000e-02
1	48	NOE	6.446000e-01	6.446000e-01	1.517087e-09	-5.297118e-15	2.095900e-02
1	49	NOE	6.934000e-01	6.934000e-01	1.734806e-09	-5.007094e-15	2.217300e-02
1	50	NOE	7.687000e-01	7.687000e-01	2.362902e-09	-5.383683e-15	2.062200e-02
1	51	NOE	7.283000e-01	7.283000e-01	1.958859e-09	8.178740e-15	2.714900e-02
1	54	NOE	8.438000e-01	8.438000e-01	5.626734e-09	3.062938e-15	3.624700e-02
1	55	NOE	8.487000e-01	8.487000e-01	6.721296e-09	-2.440802e-15	4.548600e-02
1	56	NOE	7.797000e-01	7.797000e-01	2.522349e-09	-5.499693e-15	2.018700e-02
1	57	NOE	7.674000e-01	7.674000e-01	2.345943e-09	-4.777002e-15	2.324100e-02
1	58	NOE	8.288000e-01	8.288000e-01	4.060719e-09	0.000000e+00	2.442700e-02
1	59	NOE	7.856000e-01	7.856000e-01	2.621957e-09	0.000000e+00	2.632300e-02
1	60	NOE	7.858000e-01	7.858000e-01	2.625538e-09	0.000000e+00	2.331700e-02
1	62	NOE	8.939000e-01	8.602211e-01	1.734101e-05	4.944203e-01	6.811800e-02
1	63	NOE	8.762000e-01	8.602211e-01	1.186135e-05	8.234859e-01	1.940400e-02
1	64	NOE	8.321000e-01	8.321000e-01	4.293993e-09	0.000000e+00	3.073600e-02
1	65	NOE	8.604000e-01	8.602211e-01	2.238717e-05	4.794675e-03	3.731600e-02
1	67	NOE	8.528000e-01	8.528000e-01	8.378546e-09	-1.026609e-08	2.150700e-02
1	68	NOE	8.916000e-01	8.602211e-01	1.887164e-05	1.328489e+00	2.362000e-02
1	69	NOE	8.589000e-01	8.589000e-01	1.987185e-08	0.000000e+00	2.765300e-02
1	70	NOE	9.106000e-01	8.602211e-01	2.089508e-05	1.140181e+00	4.418500e-02
1	71	NOE	8.796000e-01	8.602211e-01	2.260765e-05	6.636389e-01	2.920100e-02
1	72	NOE	8.481000e-01	8.481000e-01	6.552384e-09	-3.034889e-15	3.658200e-02
1	73	NOE	9.052000e-01	8.602211e-01	2.149715e-05	9.587526e-01	4.691400e-02
1	74	NOE	7.342000e-01	7.342000e-01	2.005574e-09	0.000000e+00	3.232900e-02
1	75	NOE	8.606000e-01	8.602211e-01	1.056252e-05	1.011483e-02	3.746200e-02
1	76	NOE	8.494000e-01	8.494000e-01	6.935838e-09	0.000000e+00	2.761300e-02
1	77	NOE	8.246000e-01	8.246000e-01	3.811985e-09	0.000000e+00	3.778500e-02
1	79	NOE	9.826000e-01	8.602211e-01	1.478941e-05	1.321401e+00	9.261300e-02
1	80	NOE	7.735000e-01	7.735000e-01	2.428767e-09	-8.863543e-08	2.858400e-02
1	81	NOE	8.407000e-01	8.407000e-01	5.158837e-09	0.000000e+00	2.079500e-02
1	82	NOE	8.184000e-01	8.184000e-01	3.515593e-09	-6.221777e-08	1.984200e-02
1	83	NOE	8.675000e-01	8.602211e-01	2.109569e-05	2.793781e-01	2.605400e-02
1	84	NOE	8.322000e-01	8.322000e-01	4.301697e-09	0.000000e+00	1.704100e-02
1	85	NOE	8.216000e-01	8.216000e-01	3.659681e-09	-5.686161e-15	1.952500e-02
1	86	NOE	8.837000e-01	8.602211e-01	1.232253e-05	9.850193e-01	2.383600e-02
1	87	NOE	8.860000e-01	8.602211e-01	1.975307e-05	1.265720e+00	2.036700e-02
1	88	NOE	8.789000e-01	8.602211e-01	2.143087e-05	1.033869e+00	1.806700e-02
1	89	NOE	8.644000e-01	8.602211e-01	2.008204e-05	1.753490e-01	2.383200e-02
1	90	NOE	9.010000e-01	8.602211e-01	2.317255e-05	1.414412e+00	2.883100e-02
1	91	NOE	8.551000e-01	8.551000e-01	1.008869e-08	4.468238e-15	2.484700e-02
1	92	NOE	8.726000e-01	8.602211e-01	2.238871e-05	6.431275e-01	1.924800e-02
1	93	NOE	8.635000e-01	8.602211e-01	1.900224e-05	1.873775e-01	1.749900e-02
1	94	NOE	8.770000e-01	8.602211e-01	1.215101e-05	8.117523e-01	2.067000e-02
1	95	NOE	8.174000e-01	8.174000e-01	3.473902e-09	0.000000e+00	2.448200e-02
1	97	NOE	8.349000e-01	8.349000e-01	4.526631e-09	0.000000e+00	2.185800e-02
1	98	NOE	7.168000e-01	7.168000e-01	1.876150e-09	6.484948e-15	1.712000e-02
1	100	NOE	7.308000e-01	7.308000e-01	1.978267e-09	5.630220e-15	1.971900e-02
1	101	NOE	8.404000e-01	8.404000e-01	5.119473e-09	0.000000e+00	1.450000e-02
1	102	NOE	8.153000e-01	8.153000e-01	3.390913e-09	0.000000e+00	1.698400e-02
1	103	NOE	7.728000e-01	7.728000e-01	2.418827e-09	0.000000e+00	1.721200e-02
1	104	NOE	8.199000e-01	8.199000e-01	3.581004e-09	0.000000e+00	2.099400e-02
1	105	NOE	8.568000e-01	8.568000e-01	1.234576e-08	0.000000e+00	2.168200e-02
1	106	NOE	8.494000e-01	8.494000e-01	6.935838e-09	0.000000e+00	2.241300e-02
1	107	NOE	8.252000e-01	8.252000e-01	3.844765e-09	-5.863648e-15	1.893400e-02
1	108	NOE	8.534000e-01	8.534000e-01	8.739876e-09	0.000000e+00	2.016300e-02
1	109	NOE	8.422000e-01	8.422000e-01	5.370165e-09	0.000000e+00	1.770900e-02
1	110	NOE	8.756000e-01	8.602211e-01	1.423505e-05	7.477837e-01	2.056600e-02
1	111	NOE	9.008000e-01	8.602211e-01	1.941577e-05	1.957120e+00	2.073400e-02
1	112	NOE	8.521000e-01	8.521000e-01	8.008677e-09	-1.234004e-08	1.957700e-02
1	113	NOE	8.206000e-01	8.206000e-01	3.612789e-09	-7.283538e-08	1.606600e-02
1	114	NOE	8.490000e-01	8.490000e-01	6.810784e-09	0.000000e+00	1.979500e-02
1	115	NOE	8.612000e-01	8.602211e-01	2.107200e-05	3.986473e-02	2.455600e-02
1	116	NOE	8.365000e-01	8.365000e-01	4.677657e-09	-6.063148e-15	1.831100e-02
1	117	NOE	8.084000e-01	8.084000e-01	3.154601e-09	0.000000e+00	2.016200e-02
1	118	NOE	8.132000e-01	8.132000e-01	3.313529e-09	0.000000e+00	2.145500e-02
1	119	NOE	8.716000e-01	8.602211e-01	2.281265e-05	5.750123e-01	1.978900e-02
1	120	NOE	7.160000e-01	7.160000e-01	1.870764e-09	0.000000e+00	1.752900e-02
1	121	NOE	6.976000e-01	6.976000e-01	1.757937e-09	0.000000e+00	1.388600e-02
1	123	NOE	6.441000e-01	6.441000e-01	1.515240e-09	-1.170813e-14	1.896500e-02
1	124	NOE	5.559000e-01	5.559000e-01	1.263366e-09	5.554448e-15	1.998800e-02
1	125	NOE	4.641000e-01	4.641000e-01	1.094826e-09	-3.172428e-15	1.749800e-02


2	1	R1	9.604300e-01	9.604300e-01	2.369028e-10	0.000000e+00	1.474600e-01
2	6	R1	1.314800e+00	1.314800e+00	6.730040e-09	0.000000e+00	2.266200e-02
2	7	R1	1.282000e+00	1.282000e+00	6.932984e-09	0.000000e+00	1.712800e-01
2	8	R1	1.135700e+00	1.135700e+00	7.966886e-09	0.000000e+00	2.327800e-01
2	11	R1	1.263000e+00	1.263000e+00	7.054874e-09	-3.884411e-15	5.716300e-02
2	12	R1	1.177700e+00	1.177700e+00	7.645970e-09	0.000000e+00	4.888900e-02
2	14	R1	1.190300e+00	1.190300e+00	7.553780e-09	7.358806e-15	3.017400e-02
2	15	R1	1.091600e+00	1.091600e+00	8.328475e-09	0.000000e+00	5.801900e-02
2	17	R1	9.973800e-01	9.973800e-01	9.201111e-09	-6.683259e-16	1.661200e-01
2	18	R1	9.284200e-01	9.284200e-01	9.945794e-09	0.000000e+00	1.364100e-01
2	19	R1	1.014100e+00	1.014100e+00	9.035093e-09	0.000000e+00	6.600800e-02
2	21	R1	9.513900e-01	9.513900e-01	9.686314e-09	0.000000e+00	3.611400e-02
2	22	R1	1.024300e+00	1.024300e+00	8.936336e-09	-6.942148e-15	3.198500e-02
2	23	R1	9.760200e-01	9.760200e-01	9.421050e-09	0.000000e+00	3.048600e-02
2	24	R1	9.205900e-01	9.205900e-01	1.003707e-08	0.000000e+00	3.307500e-02
2	25	R1	9.716800e-01	9.716800e-01	9.466861e-09	-2.972087e-15	3.735500e-02
2	26	R1	1.040400e+00	1.040400e+00	8.784183e-09	0.000000e+00	2.669800e-02
2	27	R1	8.910100e-01	8.910100e-01	1.039578e-08	8.532629e-15	2.602300e-02
2	28	R1	9.338400e-01	9.338400e-01	9.883467e-09	-8.802561e-15	2.522500e-02
2	29	R1	9.155500e-01	9.155500e-01	1.009662e-08	6.023178e-07	2.103100e-02
2	30	R1	9.608800e-01	9.608800e-01	9.582572e-09	0.000000e+00	1.979400e-02
2	31	R1	9.414900e-01	9.414900e-01	9.796665e-09	-4.754295e-15	2.335200e-02
2	32	R1	9.134400e-01	9.134400e-01	1.012174e-08	0.000000e+00	2.403200e-02
2	33	R1	9.391000e-01	9.391000e-01	9.823638e-09	0.000000e+00	2.377800e-02
2	34	R1	1.073400e+00	1.073400e+00	8.485785e-09	0.000000e+00	2.309100e-02
2	35	R1	1.039600e+00	1.039600e+00	8.791639e-09	-5.147428e-15	4.313700e-02
2	36	R1	9.624600e-01	9.624600e-01	9.565489e-09	-2.387474e-15	4.650200e-02
2	37	R1	1.124000e+00	1.124000e+00	8.060239e-09	0.000000e+00	2.075800e-02
2	38	R1	1.039400e+00	1.039400e+00	8.793504e-09	0.000000e+00	2.329100e-02
2	40	R1	1.079400e+00	1.079400e+00	8.433375e-09	-1.227681e-14	3.617300e-02
2	42	R1	1.054900e+00	1.054900e+00	8.650905e-09	0.000000e+00	1.936100e-02
2	44	R1	9.793200e-01	9.793200e-01	9.386475e-09	0.000000e+00	3.154000e-02
2	45	R1	1.070100e+00	1.070100e+00	8.514846e-09	0.000000e+00	7.599100e-02
2	46	R1	9.826600e-01	9.826600e-01	9.351706e-09	-6.203403e-15	3.579400e-02
2	48	R1	9.678000e-01	9.678000e-01	9.508148e-09	-8.493463e-15	2.614300e-02
2	49	R1	9.799000e-01	9.799000e-01	9.380421e-09	9.375300e-15	2.368400e-02
2	50	R1	1.075500e+00	1.075500e+00	8.467379e-09	0.000000e+00	2.368100e-02
2	51	R1	9.768600e-01	9.768600e-01	9.412228e-09	3.677087e-15	3.019300e-02
2	54	R1	1.059500e+00	1.059500e+00	8.609342e-09	3.203879e-07	4.449800e-02
2	55	R1	9.841700e-01	9.841700e-01	9.336061e-09	0.000000e+00	5.307600e-02
2	56	R1	1.000600e+00	1.000600e+00	9.168730e-09	-9.381638e-15	2.366800e-02
2	57	R1	1.004600e+00	1.004600e+00	9.128779e-09	1.599572e-14	2.776300e-02
2	58	R1	9.890400e-01	9.890400e-01	9.285912e-09	-3.944935e-15	2.814300e-02
2	59	R1	1.027400e+00	1.027400e+00	8.906689e-09	-7.470464e-15	2.972300e-02
2	60	R1	9.950400e-01	9.950400e-01	9.224768e-09	0.000000e+00	2.617400e-02
2	62	R1	9.150700e-01	9.150700e-01	1.010232e-08	0.000000e+00	8.116300e-02
2	63	R1	9.587800e-01	9.587800e-01	9.605360e-09	-9.401101e-15	2.361900e-02
2	64	R1	9.276900e-01	9.276900e-01	9.954242e-09	3.055099e-15	3.634000e-02
2	65	R1	1.016800e+00	1.016800e+00	9.008769e-09	0.000000e+00	4.679200e-02
2	67	R1	9.294000e-01	9.294000e-01	9.934473e-09	0.000000e+00	2.642000e-02
2	68	R1	9.389100e-01	9.389100e-01	9.825788e-09	0.000000e+00	2.291400e-02
2	69	R1	9.261800e-01	9.261800e-01	9.971756e-09	0.000000e+00	2.936000e-02
2	70	R1	9.403700e-01	9.403700e-01	9.809289e-09	2.207993e-15	5.028200e-02
2	71	R1	9.006500e-01	9.006500e-01	1.027640e-08	0.000000e+00	2.911400e-02
2	72	R1	9.359800e-01	9.359800e-01	9.859048e-09	-2.782584e-15	3.989900e-02
2	73	R1	9.156000e-01	9.156000e-01	1.009603e-08	2.485555e-15	4.466700e-02
2	74	R1	1.079800e+00	1.079800e+00	8.429900e-09	-4.676888e-15	4.747700e-02
2	75	R1	1.038800e+00	1.038800e+00	8.799105e-09	0.000000e+00	4.340500e-02
2	76	R1	1.094400e+00	1.094400e+00	8.304709e-09	6.199939e-15	3.581400e-02
2	77	R1	9.885200e-01	9.885200e-01	9.291244e-09	2.345756e-15	4.732900e-02
2	79	R1	9.371800e-01	9.371800e-01	9.845402e-09	9.361071e-16	1.186000e-01
2	80	R1	9.437700e-01	9.437700e-01	9.771055e-09	-3.445437e-15	3.222300e-02
2	81	R1	9.629800e-01	9.629800e-01	9.559879e-09	5.185535e-15	2.141000e-02
2	82	R1	9.258800e-01	9.258800e-01	9.975243e-09	5.206692e-15	2.132300e-02
2	83	R1	9.174300e-01	9.174300e-01	1.007434e-08	3.622261e-15	3.065000e-02
2	84	R1	9.385400e-01	9.385400e-01	9.829977e-09	6.230907e-15	1.781800e-02
2	85	R1	9.201800e-01	9.201800e-01	1.004190e-08	-9.943780e-15	2.233000e-02
2	86	R1	9.113400e-01	9.113400e-01	1.014685e-08	8.278451e-15	2.682200e-02
2	87	R1	8.732800e-01	8.732800e-01	1.062197e-08	0.000000e+00	2.047800e-02
2	88	R1	9.280700e-01	9.280700e-01	9.949843e-09	5.277729e-15	2.103600e-02
2	89	R1	9.334700e-01	9.334700e-01	9.887700e-09	0.000000e+00	2.619400e-02
2	90	R1	9.323500e-01	9.323500e-01	9.900532e-09	7.203861e-15	3.082300e-02
2	91	R1	9.070700e-01	9.070700e-01	1.019824e-08	-3.941714e-15	2.816600e-02
2	92	R1	9.718700e-01	9.718700e-01	9.464847e-09	-4.944653e-15	2.245300e-02
2	93	R1	9.198300e-01	9.198300e-01	1.004601e-08	5.429760e-15	2.044700e-02
2	94	R1	9.435800e-01	9.435800e-01	9.773184e-09	5.046468e-15	2.200000e-02
2	95	R1	9.672000e-01	9.672000e-01	9.514561e-09	7.776032e-15	2.855500e-02
2	97	R1	8.919600e-01	8.919600e-01	1.038391e-08	5.257485e-15	2.111700e-02
2	98	R1	9.536600e-01	9.536600e-01	9.661320e-09	-1.233718e-14	1.799800e-02
2	100	R1	9.048600e-01	9.048600e-01	1.022503e-08	-9.936660e-15	2.234600e-02
2	101	R1	1.103100e+00	1.103100e+00	8.231584e-09	1.386912e-14	1.601000e-02
2	102	R1	9.029500e-01	9.029500e-01	1.024827e-08	-6.269259e-15	1.770900e-02
2	103	R1	9.658500e-01	9.658500e-01	9.529017e-09	5.950067e-15	1.865900e-02
2	104	R1	9.486400e-01	9.486400e-01	9.716746e-09	0.000000e+00	2.284500e-02
2	105	R1	9.538000e-01	9.538000e-01	9.659782e-09	-9.737090e-15	2.280400e-02
2	106	R1	9.750000e-01	9.750000e-01	9.431782e-09	4.402328e-15	2.521900e-02
2	107	R1	9.328400e-01	9.328400e-01	9.894914e-09	5.415722e-15	2.050000e-02
2	108	R1	9.260800e-01	9.260800e-01	9.972918e-09	1.080351e-14	2.055300e-02
2	109	R1	9.855000e-01	9.855000e-01	9.322318e-09	1.187531e-14	1.869800e-02
2	110	R1	9.566400e-01	9.566400e-01	9.628680e-09	0.000000e+00	2.189400e-02
2	111	R1	9.387400e-01	9.387400e-01	9.827713e-09	1.561568e-14	2.132900e-02
2	112	R1	9.271900e-01	9.271900e-01	9.960035e-09	-1.088454e-14	2.040000e-02
2	113	R1	9.651800e-01	9.651800e-01	9.536206e-09	6.471717e-15	1.715500e-02
2	114	R1	9.260300e-01	9.260300e-01	9.973499e-09	-1.565238e-14	2.127900e-02
2	115	R1	9.345500e-01	9.345500e-01	9.875354e-09	8.596384e-15	2.583000e-02
2	116	R1	9.272600e-01	9.272600e-01	9.959224e-09	0.000000e+00	1.803200e-02
2	117	R1	9.245800e-01	9.245800e-01	9.990375e-09	0.000000e+00	1.952800e-02
2	118	R1	9.199500e-01	9.199500e-01	1.004460e-08	0.000000e+00	2.341400e-02
2	119	R1	1.001300e+00	1.001300e+00	9.161717e-09	1.105194e-14	2.009100e-02
2	120	R1	9.355600e-01	9.355600e-01	9.863832e-09	0.000000e+00	1.924400e-02
2	121	R1	1.024400e+00	1.024400e+00	8.935377e-09	-1.435695e-14	1.546600e-02
2	123	R1	1.029700e+00	1.029700e+00	8.884803e-09	0.000000e+00	2.177500e-02
2	124	R1	1.228100e+00	1.228100e+00	7.287649e-09	1.573947e-14	2.821500e-02
2	125	R1	1.225900e+00	1.225900e+00	7.302727e-09	0.000000e+00	2.352500e-02


