1	2.366900e+00	2.781700e-01	-4.833000e-01	7.844800e-02	9.604300e-01	1.474600e-01	1.444098e-01	
6	4.061000e+00	2.851400e-02	1.955000e-01	1.354500e-02	1.314800e+00	2.266200e-02	1.072229e-01	
7	1.740100e+01	9.513300e-01	3.482000e-01	8.096200e-02	1.282000e+00	1.712800e-01	8.470406e-02	
8	1.435050e+01	1.122900e+00	2.768000e-01	7.759500e-02	1.135700e+00	2.327800e-01	8.325760e-02	
11	8.604100e+00	1.273400e-01	3.566000e-01	2.721100e-02	1.263000e+00	5.716300e-02	8.237326e-02	
12	6.013200e+00	8.648200e-02	3.203000e-01	3.144000e-02	1.177700e+00	4.888900e-02	8.114351e-02	
14	8.194300e+00	6.680500e-02	4.486000e-01	1.710700e-02	1.190300e+00	3.017400e-02	6.653115e-02	
15	1.820250e+01	3.558700e-01	7.097000e-01	3.827300e-02	1.091600e+00	5.801900e-02	3.212273e-02	
17	2.783100e+01	1.863500e+00	7.078000e-01	8.447100e-02	9.973800e-01	1.661200e-01	2.954219e-02	
18	1.553440e+01	8.231700e-01	7.098000e-01	5.784000e-02	9.284200e-01	1.364100e-01	2.731139e-02	
19	1.700470e+01	4.607900e-01	8.421000e-01	5.143400e-02	1.014100e+00	6.600800e-02	1.623173e-02	
21	1.574610e+01	2.030900e-01	9.109000e-01	3.288200e-02	9.513900e-01	3.611400e-02	8.592868e-03	
22	1.508270e+01	1.749600e-01	8.931000e-01	2.917600e-02	1.024300e+00	3.198500e-02	1.109958e-02	
23	1.575090e+01	2.024600e-01	8.633000e-01	2.668900e-02	9.760200e-01	3.048600e-02	1.352474e-02	
24	1.605710e+01	1.751600e-01	7.768000e-01	2.540400e-02	9.205900e-01	3.307500e-02	2.082871e-02	
25	1.505280e+01	2.308600e-01	9.255000e-01	3.804600e-02	9.716800e-01	3.735500e-02	7.338062e-03	
26	1.387690e+01	1.380400e-01	8.206000e-01	2.365400e-02	1.040400e+00	2.669800e-02	1.892015e-02	
27	1.580270e+01	1.722400e-01	8.305000e-01	2.527400e-02	8.910100e-01	2.602300e-02	1.530926e-02	
28	1.668220e+01	1.644300e-01	8.208000e-01	2.271000e-02	9.338400e-01	2.522500e-02	1.696338e-02	
29	1.514990e+01	1.343500e-01	8.260000e-01	2.089900e-02	9.155500e-01	2.103100e-02	1.614854e-02	
30	1.297320e+01	1.073400e-01	7.788000e-01	1.762400e-02	9.608800e-01	1.979400e-02	2.154548e-02	
31	1.630230e+01	1.656900e-01	8.449000e-01	2.094700e-02	9.414900e-01	2.335200e-02	1.480230e-02	
32	1.619460e+01	1.624300e-01	8.506000e-01	2.150100e-02	9.134400e-01	2.403200e-02	1.383351e-02	
33	1.551400e+01	1.537000e-01	8.218000e-01	2.174400e-02	9.391000e-01	2.377800e-02	1.696373e-02	
34	1.475710e+01	1.089500e-01	8.225000e-01	1.888700e-02	1.073400e+00	2.309100e-02	1.931354e-02	
35	1.482240e+01	2.263800e-01	8.082000e-01	2.574600e-02	1.039600e+00	4.313700e-02	2.021235e-02	
36	1.409320e+01	2.588700e-01	8.265000e-01	3.556400e-02	9.624600e-01	4.650200e-02	1.692716e-02	
37	1.434300e+01	1.002300e-01	8.706000e-01	1.659700e-02	1.124000e+00	2.075800e-02	1.474356e-02	
38	1.345760e+01	1.056300e-01	8.212000e-01	1.802200e-02	1.039400e+00	2.329100e-02	1.883875e-02	
40	1.311980e+01	1.568700e-01	8.592000e-01	2.634800e-02	1.079400e+00	3.617300e-02	1.540589e-02	
42	1.414760e+01	9.556300e-02	7.875000e-01	1.545300e-02	1.054900e+00	1.936100e-02	2.272333e-02	
44	1.598190e+01	1.962200e-01	8.020000e-01	2.720800e-02	9.793200e-01	3.154000e-02	1.965584e-02	
45	2.284760e+01	7.401100e-01	7.956000e-01	5.069500e-02	1.070100e+00	7.599100e-02	2.217211e-02	
46	1.538980e+01	2.323900e-01	6.803000e-01	3.468000e-02	9.826600e-01	3.579400e-02	3.184548e-02	
48	1.285060e+01	1.223600e-01	6.446000e-01	2.095900e-02	9.678000e-01	2.614300e-02	3.486622e-02	
49	1.649350e+01	1.615100e-01	6.934000e-01	2.217300e-02	9.799000e-01	2.368400e-02	3.045480e-02	
50	1.236300e+01	1.008700e-01	7.687000e-01	2.062200e-02	1.075500e+00	2.368100e-02	2.521668e-02	
51	1.650160e+01	1.942800e-01	7.283000e-01	2.714900e-02	9.768600e-01	3.019300e-02	2.690443e-02	
54	1.978240e+01	3.497400e-01	8.438000e-01	3.624700e-02	1.059500e+00	4.449800e-02	1.677582e-02	
55	1.629110e+01	3.546100e-01	8.487000e-01	4.548600e-02	9.841700e-01	5.307600e-02	1.509423e-02	
56	1.459930e+01	1.208300e-01	7.797000e-01	2.018700e-02	1.000600e+00	2.366800e-02	2.234482e-02	
57	1.277890e+01	1.366400e-01	7.674000e-01	2.324100e-02	1.004600e+00	2.776300e-02	2.368671e-02	
58	1.602020e+01	1.871700e-01	8.288000e-01	2.442700e-02	9.890400e-01	2.814300e-02	1.716404e-02	
59	1.440420e+01	1.728800e-01	7.856000e-01	2.632300e-02	1.027400e+00	2.972300e-02	2.232884e-02	
60	1.275800e+01	1.312500e-01	7.858000e-01	2.331700e-02	9.950400e-01	2.617400e-02	2.160538e-02	
62	1.696780e+01	5.162700e-01	8.939000e-01	6.811800e-02	9.150700e-01	8.116300e-02	9.841732e-03	
63	1.505970e+01	1.388200e-01	8.762000e-01	1.940400e-02	9.587800e-01	2.361900e-02	1.203210e-02	
64	1.698380e+01	2.589200e-01	8.321000e-01	3.073600e-02	9.276900e-01	3.634000e-02	1.578903e-02	
65	1.561380e+01	2.468800e-01	8.604000e-01	3.731600e-02	1.016800e+00	4.679200e-02	1.438874e-02	
67	1.617740e+01	1.716500e-01	8.528000e-01	2.150700e-02	9.294000e-01	2.642000e-02	1.386795e-02	
68	1.645210e+01	1.775300e-01	8.916000e-01	2.362000e-02	9.389100e-01	2.291400e-02	1.031704e-02	
69	1.620850e+01	2.067400e-01	8.589000e-01	2.765300e-02	9.261800e-01	2.936000e-02	1.324720e-02	
70	1.677500e+01	3.112400e-01	9.106000e-01	4.418500e-02	9.403700e-01	5.028200e-02	8.521933e-03	
71	1.647560e+01	2.123700e-01	8.796000e-01	2.920100e-02	9.006500e-01	2.911400e-02	1.099219e-02	
72	1.683280e+01	2.706000e-01	8.481000e-01	3.658200e-02	9.359800e-01	3.989900e-02	1.441206e-02	
73	1.343080e+01	2.359000e-01	9.052000e-01	4.691400e-02	9.156000e-01	4.466700e-02	8.798648e-03	
74	1.758710e+01	2.754000e-01	7.342000e-01	3.232900e-02	1.079800e+00	4.747700e-02	2.909378e-02	
75	1.735610e+01	2.751700e-01	8.606000e-01	3.746200e-02	1.038800e+00	4.340500e-02	1.467900e-02	
76	1.342090e+01	1.479100e-01	8.494000e-01	2.761300e-02	1.094400e+00	3.581400e-02	1.670717e-02	
77	1.397600e+01	2.354000e-01	8.246000e-01	3.778500e-02	9.885200e-01	4.732900e-02	1.757587e-02	
79	1.709090e+01	7.325500e-01	9.826000e-01	9.261300e-02	9.371800e-01	1.186000e-01	1.653005e-03	
80	1.571670e+01	1.870300e-01	7.735000e-01	2.858400e-02	9.437700e-01	3.222300e-02	2.166887e-02	
81	1.594140e+01	1.510300e-01	8.407000e-01	2.079500e-02	9.629800e-01	2.141000e-02	1.555016e-02	
82	1.551280e+01	1.365200e-01	8.184000e-01	1.984200e-02	9.258800e-01	2.132300e-02	1.704403e-02	
83	1.744120e+01	2.328300e-01	8.675000e-01	2.605400e-02	9.174300e-01	3.065000e-02	1.232227e-02	
84	1.592910e+01	1.164400e-01	8.322000e-01	1.704100e-02	9.385400e-01	1.781800e-02	1.596418e-02	
85	1.534520e+01	1.419800e-01	8.216000e-01	1.952500e-02	9.201800e-01	2.233000e-02	1.664062e-02	
86	1.674600e+01	1.902900e-01	8.837000e-01	2.383600e-02	9.113400e-01	2.682200e-02	1.074390e-02	
87	1.565080e+01	1.377400e-01	8.860000e-01	2.036700e-02	8.732800e-01	2.047800e-02	1.009160e-02	
88	1.624800e+01	1.396200e-01	8.789000e-01	1.806700e-02	9.280700e-01	2.103600e-02	1.139270e-02	
89	1.607970e+01	1.808400e-01	8.644000e-01	2.383200e-02	9.334700e-01	2.619400e-02	1.283104e-02	
90	1.715400e+01	2.364100e-01	9.010000e-01	2.883100e-02	9.323500e-01	3.082300e-02	9.356556e-03	
91	1.614470e+01	1.904300e-01	8.551000e-01	2.484700e-02	9.070700e-01	2.816600e-02	1.332328e-02	
92	1.591550e+01	1.366300e-01	8.726000e-01	1.924800e-02	9.718700e-01	2.245300e-02	1.255103e-02	
93	1.616930e+01	1.356200e-01	8.635000e-01	1.749900e-02	9.198300e-01	2.044700e-02	1.272747e-02	
94	1.633300e+01	1.505500e-01	8.770000e-01	2.067000e-02	9.435800e-01	2.200000e-02	1.176483e-02	
95	1.467300e+01	1.480100e-01	8.174000e-01	2.448200e-02	9.672000e-01	2.855500e-02	1.790272e-02	
97	1.586960e+01	1.569300e-01	8.349000e-01	2.185800e-02	8.919600e-01	2.111700e-02	1.492775e-02	
98	1.136750e+01	8.476700e-02	7.168000e-01	1.712000e-02	9.536600e-01	1.799800e-02	2.737718e-02	
100	1.585530e+01	1.540500e-01	7.308000e-01	1.971900e-02	9.048600e-01	2.234600e-02	2.469211e-02	
101	1.342490e+01	7.458500e-02	8.404000e-01	1.450000e-02	1.103100e+00	1.601000e-02	1.784636e-02	
102	1.371350e+01	9.951200e-02	8.153000e-01	1.698400e-02	9.029500e-01	1.770900e-02	1.690567e-02	
103	1.463220e+01	1.061600e-01	7.728000e-01	1.721200e-02	9.658500e-01	1.865900e-02	2.224436e-02	
104	1.623470e+01	1.651900e-01	8.199000e-01	2.099400e-02	9.486400e-01	2.284500e-02	1.731877e-02	
105	1.524610e+01	1.431700e-01	8.568000e-01	2.168200e-02	9.538000e-01	2.280400e-02	1.384529e-02	
106	1.506410e+01	1.431800e-01	8.494000e-01	2.241300e-02	9.750000e-01	2.521900e-02	1.488440e-02	
107	1.560760e+01	1.401900e-01	8.252000e-01	1.893400e-02	9.328400e-01	2.050000e-02	1.652915e-02	
108	1.552540e+01	1.371900e-01	8.534000e-01	2.016300e-02	9.260800e-01	2.055300e-02	1.376209e-02	
109	1.515270e+01	1.059900e-01	8.422000e-01	1.770900e-02	9.855000e-01	1.869800e-02	1.576397e-02	
110	1.526200e+01	1.292700e-01	8.756000e-01	2.056600e-02	9.566400e-01	2.189400e-02	1.206343e-02	
111	1.652680e+01	1.469800e-01	9.008000e-01	2.073400e-02	9.387400e-01	2.132900e-02	9.439714e-03	
112	1.593400e+01	1.286700e-01	8.521000e-01	1.957700e-02	9.271900e-01	2.040000e-02	1.390077e-02	
113	1.535110e+01	1.039900e-01	8.206000e-01	1.606600e-02	9.651800e-01	1.715500e-02	1.755224e-02	
114	1.611060e+01	1.514500e-01	8.490000e-01	1.979500e-02	9.260300e-01	2.127900e-02	1.417437e-02	
115	1.712340e+01	1.998600e-01	8.612000e-01	2.455600e-02	9.345500e-01	2.583000e-02	1.314903e-02	
116	1.544110e+01	1.194300e-01	8.365000e-01	1.831100e-02	9.272600e-01	1.803200e-02	1.536813e-02	
117	1.450110e+01	1.265700e-01	8.084000e-01	2.016200e-02	9.245800e-01	1.952800e-02	1.795733e-02	
118	1.725450e+01	1.789600e-01	8.132000e-01	2.145500e-02	9.199500e-01	2.341400e-02	1.741979e-02	
119	1.591710e+01	1.178100e-01	8.716000e-01	1.978900e-02	1.001300e+00	2.009100e-02	1.303260e-02	
120	1.248020e+01	9.638500e-02	7.160000e-01	1.752900e-02	9.355600e-01	1.924400e-02	2.693344e-02	
121	1.211020e+01	6.616800e-02	6.976000e-01	1.388600e-02	1.024400e+00	1.546600e-02	3.140170e-02	
123	1.080820e+01	7.940200e-02	6.441000e-01	1.896500e-02	1.029700e+00	2.177500e-02	3.714844e-02	
124	9.851800e+00	7.703600e-02	5.559000e-01	1.998800e-02	1.228100e+00	2.821500e-02	5.528615e-02	
125	6.821200e+00	4.376500e-02	4.641000e-01	1.749800e-02	1.225900e+00	2.352500e-02	6.659485e-02	
