0	9	R2	7.270000e+00	7.270000e+00	4.560193e-09	0.000000e+00	1.200000e-01
0	10	R2	9.110000e+00	9.110000e+00	6.174290e-09	4.332578e-15	4.100000e-01
0	11	R2	8.790000e+00	8.790000e+00	5.894395e-09	0.000000e+00	2.800000e-01
0	12	R2	9.410000e+00	9.410000e+00	6.435948e-09	0.000000e+00	3.800000e-01
0	13	R2	9.180000e+00	9.180000e+00	6.235411e-09	0.000000e+00	2.300000e-01
0	14	R2	9.540000e+00	9.540000e+00	6.549090e-09	-4.007333e-07	2.800000e-01
0	16	R2	9.480000e+00	9.480000e+00	6.496889e-09	0.000000e+00	2.900000e-01
0	18	R2	9.560000e+00	9.560000e+00	6.566482e-09	0.000000e+00	1.200000e-01
0	19	R2	8.720000e+00	8.720000e+00	5.833071e-09	9.349247e-15	1.900000e-01
0	20	R2	9.630000e+00	9.630000e+00	6.627329e-09	-4.059043e-07	2.800000e-01
0	22	R2	9.270000e+00	9.270000e+00	6.313936e-09	6.579099e-15	2.700000e-01
0	23	R2	9.320000e+00	9.320000e+00	6.357531e-09	2.220446e-14	1.600000e-01
0	24	R2	9.210000e+00	9.210000e+00	6.261594e-09	0.000000e+00	1.200000e-01
0	25	R2	9.540000e+00	9.540000e+00	6.549090e-09	-1.020048e-06	1.100000e-01
0	26	R2	8.940000e+00	8.940000e+00	6.025691e-09	0.000000e+00	1.700000e-01
0	27	R2	9.340000e+00	9.340000e+00	6.374963e-09	-6.125368e-15	2.900000e-01
0	28	R2	9.630000e+00	9.630000e+00	6.627329e-09	-4.546129e-07	2.500000e-01
0	29	R2	8.280000e+00	8.280000e+00	5.446977e-09	-1.480297e-14	1.200000e-01
0	30	R2	9.620000e+00	9.620000e+00	6.618639e-09	-5.973274e-07	1.900000e-01
0	31	R2	8.220000e+00	8.220000e+00	5.394265e-09	-1.184238e-14	1.500000e-01
0	32	R2	9.140000e+00	9.140000e+00	6.200490e-09	0.000000e+00	1.900000e-01
0	33	R2	9.140000e+00	9.140000e+00	6.200490e-09	0.000000e+00	3.900000e-01
0	34	R2	9.180000e+00	9.180000e+00	6.235411e-09	0.000000e+00	2.400000e-01
0	35	R2	8.710000e+00	8.710000e+00	5.824307e-09	0.000000e+00	1.000000e-01
0	36	R2	9.000000e+00	9.000000e+00	6.078163e-09	0.000000e+00	1.030000e+00
0	37	R2	9.280000e+00	9.280000e+00	6.322657e-09	-4.674623e-15	3.800000e-01
0	38	R2	8.920000e+00	8.920000e+00	6.008194e-09	-1.268826e-14	1.400000e-01
0	39	R2	1.009000e+01	1.009000e+01	7.026041e-09	6.125368e-15	2.900000e-01
0	40	R2	8.640000e+00	8.640000e+00	5.762948e-09	-8.458842e-15	2.100000e-01
0	41	R2	9.540000e+00	9.540000e+00	6.549090e-09	-6.600314e-07	1.700000e-01
0	42	R2	9.650000e+00	9.650000e+00	6.644705e-09	0.000000e+00	1.900000e-01
0	43	R2	9.370000e+00	9.370000e+00	6.401105e-09	-6.125368e-15	2.900000e-01
0	45	R2	9.590000e+00	9.590000e+00	6.592565e-09	-2.690699e-07	4.200000e-01
0	46	R2	9.780000e+00	9.780000e+00	6.757562e-09	1.268826e-14	1.400000e-01
0	49	R2	1.118000e+01	1.118000e+01	7.962855e-09	-3.625218e-15	4.900000e-01
0	50	R2	1.200000e+01	1.200000e+01	8.660580e-09	6.125368e-15	2.900000e-01
0	51	R2	1.096000e+01	1.096000e+01	7.774661e-09	0.000000e+00	5.900000e-01
0	52	R2	9.240000e+00	9.240000e+00	6.287769e-09	0.000000e+00	3.700000e-01
0	53	R2	1.122000e+01	1.122000e+01	7.997025e-09	-2.018587e-15	8.800000e-01
0	54	R2	1.067000e+01	1.067000e+01	7.525911e-09	0.000000e+00	2.400000e-01
0	55	R2	9.550000e+00	9.550000e+00	6.557787e-09	-6.242559e-07	1.800000e-01
0	56	R2	9.710000e+00	9.710000e+00	6.696813e-09	0.000000e+00	5.200000e-01
0	57	R2	9.790000e+00	9.790000e+00	6.766237e-09	0.000000e+00	1.500000e-01
0	58	R2	9.280000e+00	9.280000e+00	6.322657e-09	-9.349247e-15	1.900000e-01
0	59	R2	9.050000e+00	9.050000e+00	6.121869e-09	-8.881784e-15	2.000000e-01
0	60	R2	8.540000e+00	8.540000e+00	5.675241e-09	0.000000e+00	2.900000e-01
0	61	R2	9.790000e+00	9.790000e+00	6.766237e-09	0.000000e+00	2.000000e-01
0	62	R2	9.280000e+00	9.280000e+00	6.322657e-09	-3.625218e-15	4.900000e-01
0	63	R2	8.690000e+00	8.690000e+00	5.806779e-09	-8.458842e-15	2.100000e-01
0	66	R2	9.640000e+00	9.640000e+00	6.636018e-09	-2.775958e-07	4.100000e-01
0	68	R2	9.800000e+00	9.800000e+00	6.774911e-09	0.000000e+00	4.400000e-01
0	69	R2	9.400000e+00	9.400000e+00	6.427238e-09	-6.832142e-15	2.600000e-01
0	70	R2	9.580000e+00	9.580000e+00	6.583872e-09	0.000000e+00	1.200000e-01
0	71	R2	9.490000e+00	9.490000e+00	6.505592e-09	-7.426818e-07	1.500000e-01
0	72	R2	9.220000e+00	9.220000e+00	6.270320e-09	1.973730e-14	9.000000e-02
0	74	R2	9.500000e+00	9.500000e+00	6.514293e-09	-1.366428e-14	2.600000e-01
0	75	R2	8.960000e+00	8.960000e+00	6.043184e-09	-1.973730e-14	9.000000e-02
0	76	R2	9.680000e+00	9.680000e+00	6.670763e-09	4.131062e-15	4.300000e-01
0	81	R2	8.820000e+00	8.820000e+00	5.920667e-09	0.000000e+00	1.600000e-01
0	82	R2	9.780000e+00	9.780000e+00	6.757562e-09	1.110223e-14	1.600000e-01
0	84	R2	8.580000e+00	8.580000e+00	5.710330e-09	0.000000e+00	1.400000e-01
0	85	R2	9.070000e+00	9.070000e+00	6.139346e-09	0.000000e+00	2.200000e-01
0	86	R2	9.730000e+00	9.730000e+00	6.714174e-09	0.000000e+00	3.100000e-01
0	87	R2	1.084000e+01	1.084000e+01	7.671824e-09	1.724618e-15	1.030000e+00
0	88	R2	1.031000e+01	1.031000e+01	7.216022e-09	0.000000e+00	3.400000e-01
0	89	R2	9.670000e+00	9.670000e+00	6.662078e-09	2.220446e-14	8.000000e-02
0	90	R2	1.016000e+01	1.016000e+01	7.086540e-09	8.881784e-15	2.000000e-01
0	91	R2	8.850000e+00	8.850000e+00	5.946932e-09	4.131062e-15	4.300000e-01
0	92	R2	9.040000e+00	9.040000e+00	6.113129e-09	6.832142e-15	2.600000e-01
0	93	R2	9.390000e+00	9.390000e+00	6.418528e-09	-6.458773e-07	1.700000e-01
0	94	R2	9.110000e+00	9.110000e+00	6.174290e-09	1.110223e-14	1.600000e-01
0	95	R2	9.020000e+00	9.020000e+00	6.095648e-09	0.000000e+00	2.000000e-01
0	96	R2	9.450000e+00	9.450000e+00	6.470777e-09	0.000000e+00	6.200000e-01
0	97	R2	8.930000e+00	8.930000e+00	6.016943e-09	-1.614870e-14	1.100000e-01


1	9	NOE	5.100000e-01	5.100000e-01	2.257889e-09	0.000000e+00	3.000000e-02
1	10	NOE	7.800000e-01	7.800000e-01	6.368805e-09	-1.586033e-15	7.000000e-02
1	11	NOE	8.400000e-01	8.214914e-01	2.447318e-05	2.313580e-01	8.000000e-02
1	12	NOE	7.900000e-01	7.900000e-01	7.318024e-09	-3.172066e-15	7.000000e-02
1	13	NOE	6.400000e-01	6.400000e-01	3.000301e-09	-2.220446e-15	5.000000e-02
1	14	NOE	6.700000e-01	6.700000e-01	3.294554e-09	0.000000e+00	5.000000e-02
1	16	NOE	7.200000e-01	7.200000e-01	4.046550e-09	0.000000e+00	6.000000e-02
1	18	NOE	7.900000e-01	7.900000e-01	7.318024e-09	-4.440892e-15	5.000000e-02
1	19	NOE	7.100000e-01	7.100000e-01	3.856728e-09	0.000000e+00	4.000000e-02
1	20	NOE	7.400000e-01	7.400000e-01	4.525432e-09	0.000000e+00	7.000000e-02
1	22	NOE	6.700000e-01	6.700000e-01	3.294554e-09	0.000000e+00	5.000000e-02
1	23	NOE	8.200000e-01	8.200000e-01	3.373261e-08	1.850372e-15	6.000000e-02
1	24	NOE	6.500000e-01	6.500000e-01	3.089859e-09	-5.551115e-15	4.000000e-02
1	25	NOE	8.100000e-01	8.100000e-01	1.213965e-08	2.775558e-15	4.000000e-02
1	26	NOE	7.500000e-01	7.500000e-01	4.836663e-09	0.000000e+00	4.000000e-02
1	27	NOE	7.400000e-01	7.400000e-01	4.525432e-09	0.000000e+00	4.000000e-02
1	28	NOE	8.200000e-01	8.200000e-01	3.373261e-08	2.220446e-15	5.000000e-02
1	29	NOE	7.100000e-01	7.100000e-01	3.856728e-09	0.000000e+00	4.000000e-02
1	30	NOE	7.800000e-01	7.800000e-01	6.368805e-09	-2.220446e-15	5.000000e-02
1	31	NOE	5.600000e-01	5.600000e-01	2.477939e-09	0.000000e+00	3.000000e-02
1	32	NOE	7.300000e-01	7.300000e-01	4.266464e-09	0.000000e+00	4.000000e-02
1	33	NOE	8.500000e-01	8.214914e-01	3.253460e-05	5.701727e-01	5.000000e-02
1	34	NOE	7.400000e-01	7.400000e-01	4.525432e-09	0.000000e+00	4.000000e-02
1	35	NOE	7.000000e-01	7.000000e-01	3.690679e-09	-7.059271e-08	5.000000e-02
1	36	NOE	8.300000e-01	8.214914e-01	4.328855e-05	5.672424e-02	1.500000e-01
1	37	NOE	6.200000e-01	6.200000e-01	2.841369e-09	-2.220446e-15	5.000000e-02
1	38	NOE	6.200000e-01	6.200000e-01	2.841369e-09	-2.775558e-15	4.000000e-02
1	39	NOE	8.100000e-01	8.100000e-01	1.213965e-08	1.850372e-15	6.000000e-02
1	40	NOE	7.200000e-01	7.200000e-01	4.046550e-09	0.000000e+00	4.000000e-02
1	41	NOE	8.200000e-01	8.200000e-01	3.373261e-08	2.220446e-15	5.000000e-02
1	42	NOE	7.000000e-01	7.000000e-01	3.690679e-09	-8.824089e-08	4.000000e-02
1	43	NOE	8.700000e-01	8.214914e-01	2.316575e-05	6.929805e-01	7.000000e-02
1	45	NOE	7.900000e-01	7.900000e-01	7.318024e-09	-2.775558e-15	8.000000e-02
1	46	NOE	7.700000e-01	7.700000e-01	5.711048e-09	0.000000e+00	6.000000e-02
1	49	NOE	6.500000e-01	6.500000e-01	3.089859e-09	-3.172066e-15	7.000000e-02
1	50	NOE	7.500000e-01	7.500000e-01	4.836663e-09	0.000000e+00	6.000000e-02
1	51	NOE	8.100000e-01	8.100000e-01	1.213965e-08	1.586033e-15	7.000000e-02
1	52	NOE	7.600000e-01	7.600000e-01	5.220610e-09	-2.261578e-08	8.000000e-02
1	53	NOE	8.200000e-01	8.200000e-01	3.373261e-08	1.110223e-15	1.000000e-01
1	54	NOE	7.600000e-01	7.600000e-01	5.220610e-09	-3.015437e-08	6.000000e-02
1	55	NOE	7.300000e-01	7.300000e-01	4.266464e-09	0.000000e+00	5.000000e-02
1	56	NOE	6.800000e-01	6.800000e-01	3.412632e-09	0.000000e+00	6.000000e-02
1	57	NOE	7.100000e-01	7.100000e-01	3.856728e-09	0.000000e+00	5.000000e-02
1	58	NOE	7.700000e-01	7.700000e-01	5.711048e-09	0.000000e+00	6.000000e-02
1	59	NOE	7.500000e-01	7.500000e-01	4.836663e-09	0.000000e+00	6.000000e-02
1	60	NOE	6.600000e-01	6.600000e-01	3.187506e-09	0.000000e+00	5.000000e-02
1	61	NOE	8.200000e-01	8.200000e-01	3.373261e-08	2.220446e-15	5.000000e-02
1	62	NOE	7.200000e-01	7.200000e-01	4.046550e-09	0.000000e+00	7.000000e-02
1	63	NOE	8.100000e-01	8.100000e-01	1.213965e-08	1.850372e-15	6.000000e-02
1	66	NOE	8.000000e-01	8.000000e-01	8.867666e-09	-1.233581e-15	9.000000e-02
1	68	NOE	8.600000e-01	8.214914e-01	3.067845e-05	5.501234e-01	7.000000e-02
1	69	NOE	7.600000e-01	7.600000e-01	5.220610e-09	-3.015437e-08	6.000000e-02
1	70	NOE	7.400000e-01	7.400000e-01	4.525432e-09	0.000000e+00	5.000000e-02
1	71	NOE	7.700000e-01	7.700000e-01	5.711048e-09	0.000000e+00	5.000000e-02
1	72	NOE	7.900000e-01	7.900000e-01	7.318024e-09	-4.440892e-15	5.000000e-02
1	74	NOE	6.900000e-01	6.900000e-01	3.543795e-09	2.775558e-15	4.000000e-02
1	75	NOE	6.900000e-01	6.900000e-01	3.543795e-09	2.775558e-15	4.000000e-02
1	76	NOE	8.000000e-01	8.000000e-01	8.867666e-09	-1.586033e-15	7.000000e-02
1	81	NOE	9.000000e-01	8.214914e-01	2.190002e-05	1.121552e+00	7.000000e-02
1	82	NOE	7.100000e-01	7.100000e-01	3.856728e-09	0.000000e+00	5.000000e-02
1	84	NOE	7.900000e-01	7.900000e-01	7.318024e-09	-3.700743e-15	6.000000e-02
1	85	NOE	7.500000e-01	7.500000e-01	4.836663e-09	0.000000e+00	5.000000e-02
1	86	NOE	8.500000e-01	8.214914e-01	3.253460e-05	3.563580e-01	8.000000e-02
1	87	NOE	7.400000e-01	7.400000e-01	4.525432e-09	0.000000e+00	1.200000e-01
1	88	NOE	6.900000e-01	6.900000e-01	3.543795e-09	2.220446e-15	5.000000e-02
1	89	NOE	9.700000e-01	8.214914e-01	1.875597e-05	2.121552e+00	7.000000e-02
1	90	NOE	8.100000e-01	8.100000e-01	1.213965e-08	1.586033e-15	7.000000e-02
1	91	NOE	7.100000e-01	7.100000e-01	3.856728e-09	0.000000e+00	6.000000e-02
1	92	NOE	8.100000e-01	8.100000e-01	1.213965e-08	1.850372e-15	6.000000e-02
1	93	NOE	8.500000e-01	8.214914e-01	3.253460e-05	3.563580e-01	8.000000e-02
1	94	NOE	7.000000e-01	7.000000e-01	3.690679e-09	-7.059271e-08	5.000000e-02
1	95	NOE	7.600000e-01	7.600000e-01	5.220610e-09	-3.015437e-08	6.000000e-02
1	96	NOE	9.000000e-01	8.214914e-01	2.190002e-05	7.850864e-01	1.000000e-01
1	97	NOE	7.200000e-01	7.200000e-01	4.046550e-09	0.000000e+00	5.000000e-02


2	9	R1	1.900000e+00	1.900000e+00	9.052444e-09	-2.220446e-14	2.000000e-02
2	10	R1	2.070000e+00	2.070000e+00	8.097272e-09	0.000000e+00	6.000000e-02
2	11	R1	2.020000e+00	2.020000e+00	8.364782e-09	0.000000e+00	3.000000e-02
2	12	R1	2.090000e+00	2.090000e+00	7.993065e-09	0.000000e+00	5.000000e-02
2	13	R1	2.080000e+00	2.080000e+00	8.044976e-09	0.000000e+00	4.000000e-02
2	14	R1	2.140000e+00	2.140000e+00	7.739055e-09	8.881784e-15	5.000000e-02
2	16	R1	2.090000e+00	2.090000e+00	7.993065e-09	5.757178e-07	4.000000e-02
2	18	R1	1.950000e+00	1.950000e+00	8.757527e-09	5.551115e-15	4.000000e-02
2	19	R1	1.900000e+00	1.900000e+00	9.052444e-09	0.000000e+00	3.000000e-02
2	20	R1	2.190000e+00	2.190000e+00	7.493696e-09	0.000000e+00	7.000000e-02
2	22	R1	2.100000e+00	2.100000e+00	7.941532e-09	-1.110223e-14	4.000000e-02
2	23	R1	2.050000e+00	2.050000e+00	8.203049e-09	5.734390e-07	4.000000e-02
2	24	R1	2.060000e+00	2.060000e+00	8.149961e-09	0.000000e+00	3.000000e-02
2	25	R1	2.050000e+00	2.050000e+00	8.203049e-09	5.734390e-07	4.000000e-02
2	26	R1	2.040000e+00	2.040000e+00	8.256544e-09	1.110223e-14	4.000000e-02
2	27	R1	2.010000e+00	2.010000e+00	8.419541e-09	0.000000e+00	4.000000e-02
2	28	R1	2.100000e+00	2.100000e+00	7.941532e-09	-2.220446e-14	2.000000e-02
2	29	R1	2.060000e+00	2.060000e+00	8.149961e-09	0.000000e+00	6.000000e-02
2	30	R1	2.030000e+00	2.030000e+00	8.310453e-09	0.000000e+00	4.000000e-02
2	31	R1	2.030000e+00	2.030000e+00	8.310453e-09	1.110223e-14	4.000000e-02
2	32	R1	1.970000e+00	1.970000e+00	8.643015e-09	-1.110223e-14	2.000000e-02
2	33	R1	2.000000e+00	2.000000e+00	8.474735e-09	8.881784e-15	5.000000e-02
2	34	R1	2.060000e+00	2.060000e+00	8.149961e-09	1.110223e-14	4.000000e-02
2	35	R1	1.860000e+00	1.860000e+00	9.297853e-09	7.401487e-15	6.000000e-02
2	36	R1	1.910000e+00	1.910000e+00	8.992439e-09	0.000000e+00	1.600000e-01
2	37	R1	2.220000e+00	2.220000e+00	7.350312e-09	4.037175e-15	1.100000e-01
2	38	R1	1.980000e+00	1.980000e+00	8.586464e-09	0.000000e+00	5.000000e-02
2	39	R1	2.020000e+00	2.020000e+00	8.364782e-09	1.110223e-14	4.000000e-02
2	40	R1	2.080000e+00	2.080000e+00	8.044976e-09	0.000000e+00	3.000000e-02
2	41	R1	2.070000e+00	2.070000e+00	8.097272e-09	4.597268e-07	5.000000e-02
2	42	R1	2.040000e+00	2.040000e+00	8.256544e-09	7.636937e-07	3.000000e-02
2	43	R1	2.070000e+00	2.070000e+00	8.097272e-09	0.000000e+00	5.000000e-02
2	45	R1	2.060000e+00	2.060000e+00	8.149961e-09	5.551115e-15	8.000000e-02
2	46	R1	2.150000e+00	2.150000e+00	7.689317e-09	8.881784e-15	5.000000e-02
2	49	R1	1.960000e+00	1.960000e+00	8.700033e-09	-5.551115e-15	4.000000e-02
2	50	R1	2.440000e+00	2.440000e+00	6.370986e-09	3.700743e-15	1.200000e-01
2	51	R1	2.160000e+00	2.160000e+00	7.639918e-09	1.927022e-07	1.200000e-01
2	52	R1	2.130000e+00	2.130000e+00	7.789140e-09	2.309361e-07	1.000000e-01
2	53	R1	2.240000e+00	2.240000e+00	7.256220e-09	0.000000e+00	1.300000e-01
2	54	R1	2.240000e+00	2.240000e+00	7.256220e-09	0.000000e+00	3.000000e-02
2	55	R1	2.100000e+00	2.100000e+00	7.941532e-09	-1.110223e-14	4.000000e-02
2	56	R1	2.190000e+00	2.190000e+00	7.493696e-09	0.000000e+00	7.000000e-02
2	57	R1	2.030000e+00	2.030000e+00	8.310453e-09	5.720630e-07	4.000000e-02
2	58	R1	2.040000e+00	2.040000e+00	8.256544e-09	0.000000e+00	3.000000e-02
2	59	R1	2.080000e+00	2.080000e+00	8.044976e-09	5.752084e-07	4.000000e-02
2	60	R1	2.020000e+00	2.020000e+00	8.364782e-09	1.480297e-14	3.000000e-02
2	61	R1	1.950000e+00	1.950000e+00	8.757527e-09	-4.440892e-15	5.000000e-02
2	62	R1	1.880000e+00	1.880000e+00	9.174052e-09	0.000000e+00	4.000000e-02
2	63	R1	2.000000e+00	2.000000e+00	8.474735e-09	8.881784e-15	5.000000e-02
2	66	R1	2.230000e+00	2.230000e+00	7.303120e-09	3.700743e-15	1.200000e-01
2	68	R1	2.150000e+00	2.150000e+00	7.689317e-09	0.000000e+00	6.000000e-02
2	69	R1	2.150000e+00	2.150000e+00	7.689317e-09	0.000000e+00	6.000000e-02
2	70	R1	2.070000e+00	2.070000e+00	8.097272e-09	5.746585e-07	4.000000e-02
2	71	R1	2.060000e+00	2.060000e+00	8.149961e-09	0.000000e+00	5.000000e-02
2	72	R1	2.080000e+00	2.080000e+00	8.044976e-09	0.000000e+00	4.000000e-02
2	74	R1	2.020000e+00	2.020000e+00	8.364782e-09	8.881784e-15	5.000000e-02
2	75	R1	1.990000e+00	1.990000e+00	8.530374e-09	-2.220446e-14	2.000000e-02
2	76	R1	1.890000e+00	1.890000e+00	9.112979e-09	-2.220446e-14	2.000000e-02
2	81	R1	2.090000e+00	2.090000e+00	7.993065e-09	0.000000e+00	7.000000e-02
2	82	R1	1.780000e+00	1.780000e+00	9.816618e-09	-7.401487e-15	3.000000e-02
2	84	R1	2.010000e+00	2.010000e+00	8.419541e-09	-1.110223e-14	4.000000e-02
2	85	R1	2.050000e+00	2.050000e+00	8.203049e-09	0.000000e+00	2.000000e-02
2	86	R1	1.910000e+00	1.910000e+00	8.992439e-09	0.000000e+00	4.000000e-02
2	87	R1	2.120000e+00	2.120000e+00	7.839576e-09	-3.416071e-15	1.300000e-01
2	88	R1	2.010000e+00	2.010000e+00	8.419541e-09	-1.110223e-14	4.000000e-02
2	89	R1	2.000000e+00	2.000000e+00	8.474735e-09	1.480297e-14	3.000000e-02
2	90	R1	2.000000e+00	2.000000e+00	8.474735e-09	0.000000e+00	5.000000e-02
2	91	R1	2.090000e+00	2.090000e+00	7.993065e-09	-5.551115e-15	8.000000e-02
2	92	R1	1.960000e+00	1.960000e+00	8.700033e-09	-4.440892e-15	5.000000e-02
2	93	R1	2.010000e+00	2.010000e+00	8.419541e-09	-6.344132e-15	7.000000e-02
2	94	R1	2.150000e+00	2.150000e+00	7.689317e-09	0.000000e+00	5.000000e-02
2	95	R1	2.090000e+00	2.090000e+00	7.993065e-09	0.000000e+00	3.000000e-02
2	96	R1	2.180000e+00	2.180000e+00	7.542114e-09	0.000000e+00	6.000000e-02
2	97	R1	1.960000e+00	1.960000e+00	8.700033e-09	8.881784e-15	5.000000e-02


