9	7.270000e+00	1.200000e-01	5.100000e-01	3.000000e-02	1.900000e+00	2.000000e-02	9.437382e-02	
10	9.110000e+00	4.100000e-01	7.800000e-01	7.000000e-02	2.070000e+00	6.000000e-02	4.616309e-02	
11	8.790000e+00	2.800000e-01	8.400000e-01	8.000000e-02	2.020000e+00	3.000000e-02	3.276221e-02	
12	9.410000e+00	3.800000e-01	7.900000e-01	7.000000e-02	2.090000e+00	5.000000e-02	4.449051e-02	
13	9.180000e+00	2.300000e-01	6.400000e-01	5.000000e-02	2.080000e+00	4.000000e-02	7.590453e-02	
14	9.540000e+00	2.800000e-01	6.700000e-01	5.000000e-02	2.140000e+00	5.000000e-02	7.158624e-02	
16	9.480000e+00	2.900000e-01	7.200000e-01	6.000000e-02	2.090000e+00	4.000000e-02	5.932068e-02	
18	9.560000e+00	1.200000e-01	7.900000e-01	5.000000e-02	1.950000e+00	4.000000e-02	4.151029e-02	
19	8.720000e+00	1.900000e-01	7.100000e-01	4.000000e-02	1.900000e+00	3.000000e-02	5.585389e-02	
20	9.630000e+00	2.800000e-01	7.400000e-01	7.000000e-02	2.190000e+00	7.000000e-02	5.771907e-02	
22	9.270000e+00	2.700000e-01	6.700000e-01	5.000000e-02	2.100000e+00	4.000000e-02	7.024818e-02	
23	9.320000e+00	1.600000e-01	8.200000e-01	6.000000e-02	2.050000e+00	4.000000e-02	3.740487e-02	
24	9.210000e+00	1.200000e-01	6.500000e-01	4.000000e-02	2.060000e+00	3.000000e-02	7.308649e-02	
25	9.540000e+00	1.100000e-01	8.100000e-01	4.000000e-02	2.050000e+00	4.000000e-02	3.948292e-02	
26	8.940000e+00	1.700000e-01	7.500000e-01	4.000000e-02	2.040000e+00	4.000000e-02	5.169779e-02	
27	9.340000e+00	2.900000e-01	7.400000e-01	4.000000e-02	2.010000e+00	4.000000e-02	5.297503e-02	
28	9.630000e+00	2.500000e-01	8.200000e-01	5.000000e-02	2.100000e+00	2.000000e-02	3.831719e-02	
29	8.280000e+00	1.200000e-01	7.100000e-01	4.000000e-02	2.060000e+00	6.000000e-02	6.055738e-02	
30	9.620000e+00	1.900000e-01	7.800000e-01	5.000000e-02	2.030000e+00	4.000000e-02	4.527105e-02	
31	8.220000e+00	1.500000e-01	5.600000e-01	3.000000e-02	2.030000e+00	4.000000e-02	9.054210e-02	
32	9.140000e+00	1.900000e-01	7.300000e-01	4.000000e-02	1.970000e+00	2.000000e-02	5.391776e-02	
33	9.140000e+00	3.900000e-01	8.500000e-01	5.000000e-02	2.000000e+00	5.000000e-02	3.041047e-02	
34	9.180000e+00	2.400000e-01	7.400000e-01	4.000000e-02	2.060000e+00	4.000000e-02	5.429282e-02	
35	8.710000e+00	1.000000e-01	7.000000e-01	5.000000e-02	1.860000e+00	6.000000e-02	5.656347e-02	
36	9.000000e+00	1.030000e+00	8.300000e-01	1.500000e-01	1.910000e+00	1.600000e-01	3.291426e-02	
37	9.280000e+00	3.800000e-01	6.200000e-01	5.000000e-02	2.220000e+00	1.100000e-01	8.551423e-02	
38	8.920000e+00	1.400000e-01	6.200000e-01	4.000000e-02	1.980000e+00	5.000000e-02	7.626945e-02	
39	1.009000e+01	2.900000e-01	8.100000e-01	6.000000e-02	2.020000e+00	4.000000e-02	3.890512e-02	
40	8.640000e+00	2.100000e-01	7.200000e-01	4.000000e-02	2.080000e+00	3.000000e-02	5.903685e-02	
41	9.540000e+00	1.700000e-01	8.200000e-01	5.000000e-02	2.070000e+00	5.000000e-02	3.776980e-02	
42	9.650000e+00	1.900000e-01	7.000000e-01	4.000000e-02	2.040000e+00	3.000000e-02	6.203735e-02	
43	9.370000e+00	2.900000e-01	8.700000e-01	7.000000e-02	2.070000e+00	5.000000e-02	2.727819e-02	
45	9.590000e+00	4.200000e-01	7.900000e-01	8.000000e-02	2.060000e+00	8.000000e-02	4.385189e-02	
46	9.780000e+00	1.400000e-01	7.700000e-01	6.000000e-02	2.150000e+00	5.000000e-02	5.012659e-02	
49	1.118000e+01	4.900000e-01	6.500000e-01	7.000000e-02	1.960000e+00	4.000000e-02	6.953860e-02	
50	1.200000e+01	2.900000e-01	7.500000e-01	6.000000e-02	2.440000e+00	1.200000e-01	6.183462e-02	
51	1.096000e+01	5.900000e-01	8.100000e-01	7.000000e-02	2.160000e+00	1.200000e-01	4.160152e-02	
52	9.240000e+00	3.700000e-01	7.600000e-01	8.000000e-02	2.130000e+00	1.000000e-01	5.181944e-02	
53	1.122000e+01	8.800000e-01	8.200000e-01	1.000000e-01	2.240000e+00	1.300000e-01	4.087167e-02	
54	1.067000e+01	2.400000e-01	7.600000e-01	6.000000e-02	2.240000e+00	3.000000e-02	5.449556e-02	
55	9.550000e+00	1.800000e-01	7.300000e-01	5.000000e-02	2.100000e+00	4.000000e-02	5.747578e-02	
56	9.710000e+00	5.200000e-01	6.800000e-01	6.000000e-02	2.190000e+00	7.000000e-02	7.103885e-02	
57	9.790000e+00	1.500000e-01	7.100000e-01	5.000000e-02	2.030000e+00	4.000000e-02	5.967547e-02	
58	9.280000e+00	1.900000e-01	7.700000e-01	6.000000e-02	2.040000e+00	3.000000e-02	4.756197e-02	
59	9.050000e+00	2.000000e-01	7.500000e-01	6.000000e-02	2.080000e+00	4.000000e-02	5.271148e-02	
60	8.540000e+00	2.900000e-01	6.600000e-01	5.000000e-02	2.020000e+00	3.000000e-02	6.961970e-02	
61	9.790000e+00	2.000000e-01	8.200000e-01	5.000000e-02	1.950000e+00	5.000000e-02	3.558025e-02	
62	9.280000e+00	4.900000e-01	7.200000e-01	7.000000e-02	1.880000e+00	4.000000e-02	5.336023e-02	
63	8.690000e+00	2.100000e-01	8.100000e-01	6.000000e-02	2.000000e+00	5.000000e-02	3.851993e-02	
66	9.640000e+00	4.100000e-01	8.000000e-01	9.000000e-02	2.230000e+00	1.200000e-01	4.521023e-02	
68	9.800000e+00	4.400000e-01	8.600000e-01	7.000000e-02	2.150000e+00	6.000000e-02	3.051184e-02	
69	9.400000e+00	2.600000e-01	7.600000e-01	6.000000e-02	2.150000e+00	6.000000e-02	5.230600e-02	
70	9.580000e+00	1.200000e-01	7.400000e-01	5.000000e-02	2.070000e+00	4.000000e-02	5.455638e-02	
71	9.490000e+00	1.500000e-01	7.700000e-01	5.000000e-02	2.060000e+00	5.000000e-02	4.802826e-02	
72	9.220000e+00	9.000000e-02	7.900000e-01	5.000000e-02	2.080000e+00	4.000000e-02	4.427764e-02	
74	9.500000e+00	2.600000e-01	6.900000e-01	4.000000e-02	2.020000e+00	5.000000e-02	6.347678e-02	
75	8.960000e+00	9.000000e-02	6.900000e-01	4.000000e-02	1.990000e+00	2.000000e-02	6.253406e-02	
76	9.680000e+00	4.300000e-01	8.000000e-01	7.000000e-02	1.890000e+00	2.000000e-02	3.831719e-02	
81	8.820000e+00	1.600000e-01	9.000000e-01	7.000000e-02	2.090000e+00	7.000000e-02	2.118596e-02	
82	9.780000e+00	1.600000e-01	7.100000e-01	5.000000e-02	1.780000e+00	3.000000e-02	5.232628e-02	
84	8.580000e+00	1.400000e-01	7.900000e-01	6.000000e-02	2.010000e+00	4.000000e-02	4.278753e-02	
85	9.070000e+00	2.200000e-01	7.500000e-01	5.000000e-02	2.050000e+00	2.000000e-02	5.195121e-02	
86	9.730000e+00	3.100000e-01	8.500000e-01	8.000000e-02	1.910000e+00	4.000000e-02	2.904200e-02	
87	1.084000e+01	1.030000e+00	7.400000e-01	1.200000e-01	2.120000e+00	1.300000e-01	5.587417e-02	
88	1.031000e+01	3.400000e-01	6.900000e-01	5.000000e-02	2.010000e+00	4.000000e-02	6.316254e-02	
89	9.670000e+00	8.000000e-02	9.700000e-01	7.000000e-02	2.000000e+00	3.000000e-02	6.082093e-03	
90	1.016000e+01	2.000000e-01	8.100000e-01	7.000000e-02	2.000000e+00	5.000000e-02	3.851993e-02	
91	8.850000e+00	4.300000e-01	7.100000e-01	6.000000e-02	2.090000e+00	8.000000e-02	6.143928e-02	
92	9.040000e+00	2.600000e-01	8.100000e-01	6.000000e-02	1.960000e+00	5.000000e-02	3.774953e-02	
93	9.390000e+00	1.700000e-01	8.500000e-01	8.000000e-02	2.010000e+00	7.000000e-02	3.056252e-02	
94	9.110000e+00	1.600000e-01	7.000000e-01	5.000000e-02	2.150000e+00	5.000000e-02	6.538250e-02	
95	9.020000e+00	2.000000e-01	7.600000e-01	6.000000e-02	2.090000e+00	3.000000e-02	5.084630e-02	
96	9.450000e+00	6.200000e-01	9.000000e-01	1.000000e-01	2.180000e+00	6.000000e-02	2.209827e-02	
97	8.930000e+00	1.100000e-01	7.200000e-01	5.000000e-02	1.960000e+00	5.000000e-02	5.563088e-02	
