7.333363e+00	1.000000e+00	5.463246e-05
7.461192e+00	0.000000e+00	2.398075e-04
7.591250e+00	0.000000e+00	9.787867e-04
7.723575e+00	0.000000e+00	3.697186e-03
7.858206e+00	0.000000e+00	1.286082e-02
7.995184e+00	0.000000e+00	4.098680e-02
8.134550e+00	0.000000e+00	1.190325e-01
8.276345e+00	2.000000e+00	3.132583e-01
8.420612e+00	0.000000e+00	7.427120e-01
8.567394e+00	3.000000e+00	1.576805e+00
8.716734e+00	4.000000e+00	2.978675e+00
8.868677e+00	5.000000e+00	4.973793e+00
9.023269e+00	6.000000e+00	7.290952e+00
9.180556e+00	9.000000e+00	9.315390e+00
9.340584e+00	1.000000e+01	1.029668e+01
9.503402e+00	1.000000e+01	9.770078e+00
9.669058e+00	1.000000e+01	7.893868e+00
9.837602e+00	5.000000e+00	5.385363e+00
1.000908e+01	1.000000e+00	3.075147e+00
1.018355e+01	1.000000e+00	1.456398e+00
1.036107e+01	1.000000e+00	5.666745e-01
1.054167e+01	0.000000e+00	1.793643e-01
1.072543e+01	1.000000e+00	4.571124e-02
1.091238e+01	2.000000e+00	9.280055e-03
1.110260e+01	1.000000e+00	1.484185e-03
1.129613e+01	1.000000e+00	1.848467e-04
1.149304e+01	0.000000e+00	1.771317e-05
1.169337e+01	0.000000e+00	1.289760e-06
1.189720e+01	1.000000e+00	7.043697e-08


5.157161e-01	1.000000e+00	1.704968e-02
5.272764e-01	0.000000e+00	2.951665e-02
5.390958e-01	0.000000e+00	5.034208e-02
5.511802e-01	0.000000e+00	8.445535e-02
5.635354e-01	1.000000e+00	1.391341e-01
5.761677e-01	0.000000e+00	2.246921e-01
5.890830e-01	0.000000e+00	3.550448e-01
6.022879e-01	0.000000e+00	5.478571e-01
6.157888e-01	2.000000e+00	8.238340e-01
6.295923e-01	0.000000e+00	1.204618e+00
6.437053e-01	3.000000e+00	1.708804e+00
6.581346e-01	1.000000e+00	2.345894e+00
6.728873e-01	3.000000e+00	3.108708e+00
6.879708e-01	3.000000e+00	3.965766e+00
7.033923e-01	8.000000e+00	4.856310e+00
7.191596e-01	4.000000e+00	5.691234e+00
7.352803e-01	7.000000e+00	6.362755e+00
7.517623e-01	8.000000e+00	6.763421e+00
7.686138e-01	3.000000e+00	6.811392e+00
7.858431e-01	7.000000e+00	6.474972e+00
8.034585e-01	8.000000e+00	5.787232e+00
8.214689e-01	6.000000e+00	4.843325e+00
8.398829e-01	1.000000e+00	3.778947e+00
8.587097e-01	4.000000e+00	2.736328e+00
8.779586e-01	1.000000e+00	1.829987e+00
8.976389e-01	2.000000e+00	1.124643e+00
9.177604e-01	0.000000e+00	6.317682e-01
9.383329e-01	0.000000e+00	3.225884e-01
9.593666e-01	1.000000e+00	1.488448e-01


1.789732e+00	1.000000e+00	1.310782e-02
1.809302e+00	0.000000e+00	3.303878e-02
1.829086e+00	0.000000e+00	7.820641e-02
1.849087e+00	0.000000e+00	1.734567e-01
1.869306e+00	1.000000e+00	3.596247e-01
1.889746e+00	4.000000e+00	6.952965e-01
1.910410e+00	2.000000e+00	1.250483e+00
1.931300e+00	0.000000e+00	2.086746e+00
1.952418e+00	5.000000e+00	3.222654e+00
1.973767e+00	2.000000e+00	4.593554e+00
1.995349e+00	5.000000e+00	6.026754e+00
2.017168e+00	8.000000e+00	7.257639e+00
2.039225e+00	9.000000e+00	7.998909e+00
2.061523e+00	9.000000e+00	8.044580e+00
2.084065e+00	9.000000e+00	7.360274e+00
2.106854e+00	3.000000e+00	6.107301e+00
2.129892e+00	3.000000e+00	4.581225e+00
2.153181e+00	5.000000e+00	3.096475e+00
2.176726e+00	1.000000e+00	1.879522e+00
2.200528e+00	2.000000e+00	1.020997e+00
2.224590e+00	2.000000e+00	4.946110e-01
2.248915e+00	2.000000e+00	2.129078e-01
2.273506e+00	0.000000e+00	8.113234e-02
2.298366e+00	0.000000e+00	2.726571e-02
2.323498e+00	0.000000e+00	8.049401e-03
2.348905e+00	0.000000e+00	2.079197e-03
2.374589e+00	0.000000e+00	4.679829e-04
2.400555e+00	0.000000e+00	9.139858e-05
2.426804e+00	1.000000e+00	1.542236e-05


6.383652e-03	0.000000e+00	3.094337e-02
7.016673e-03	0.000000e+00	3.594364e-02
7.712466e-03	0.000000e+00	4.228032e-02
8.477255e-03	0.000000e+00	5.040249e-02
9.317883e-03	0.000000e+00	6.093815e-02
1.024187e-02	0.000000e+00	7.477509e-02
1.125748e-02	0.000000e+00	9.318144e-02
1.237381e-02	0.000000e+00	1.179867e-01
1.360083e-02	0.000000e+00	1.518535e-01
1.494952e-02	0.000000e+00	1.986861e-01
1.643196e-02	0.000000e+00	2.642387e-01
1.806140e-02	0.000000e+00	3.570094e-01
1.985242e-02	0.000000e+00	4.895170e-01
2.182104e-02	2.000000e+00	6.800354e-01
2.398487e-02	0.000000e+00	9.547406e-01
2.636328e-02	1.000000e+00	1.349874e+00
2.897754e-02	1.000000e+00	1.912721e+00
3.185103e-02	5.000000e+00	2.698663e+00
3.500947e-02	1.000000e+00	3.759132e+00
3.848110e-02	9.000000e+00	5.112984e+00
4.229699e-02	6.000000e+00	6.695096e+00
4.649128e-02	6.000000e+00	8.289054e+00
5.110149e-02	1.000000e+01	9.484704e+00
5.616885e-02	1.000000e+01	9.747188e+00
6.173871e-02	1.000000e+01	8.680068e+00
6.786089e-02	5.000000e+00	6.406064e+00
7.459017e-02	4.000000e+00	3.707263e+00
8.198674e-02	1.000000e+00	1.571006e+00
9.011677e-02	2.000000e+00	4.479971e-01


1.765283e-01	0.000000e+00	3.600475e-08
1.789756e-01	0.000000e+00	1.569932e-07
1.814568e-01	0.000000e+00	6.583786e-07
1.839724e-01	0.000000e+00	2.649655e-06
1.865229e-01	0.000000e+00	1.021019e-05
1.891088e-01	0.000000e+00	3.758260e-05
1.917305e-01	0.000000e+00	1.318227e-04
1.943885e-01	0.000000e+00	4.394906e-04
1.970834e-01	0.000000e+00	1.389099e-03
1.998157e-01	0.000000e+00	4.151165e-03
2.025858e-01	0.000000e+00	1.169633e-02
2.053944e-01	0.000000e+00	3.098273e-02
2.082419e-01	0.000000e+00	7.692835e-02
2.111288e-01	2.000000e+00	1.784891e-01
2.140558e-01	0.000000e+00	3.857555e-01
2.170234e-01	1.000000e+00	7.740318e-01
2.200321e-01	1.000000e+00	1.437058e+00
2.230825e-01	5.000000e+00	2.459983e+00
2.261752e-01	1.000000e+00	3.868612e+00
2.293108e-01	9.000000e+00	5.568189e+00
2.324898e-01	6.000000e+00	7.306769e+00
2.357129e-01	6.000000e+00	8.706642e+00
2.389807e-01	1.000000e+01	9.381971e+00
2.422938e-01	1.000000e+01	9.103344e+00
2.456529e-01	1.000000e+01	7.918741e+00
2.490585e-01	5.000000e+00	6.147266e+00
2.525113e-01	4.000000e+00	4.238739e+00
2.560120e-01	1.000000e+00	2.583522e+00
2.595612e-01	2.000000e+00	1.384945e+00


