0	2	R2	1.541782e+01	1.541782e+01	1.077407e-08	0.000000e+00	2.591031e-01
0	3	R2	1.512859e+01	1.512859e+01	1.055452e-08	1.398428e-14	2.540505e-01
0	4	R2	1.469940e+01	1.469940e+01	1.022815e-08	1.429761e-14	2.484831e-01
0	5	R2	1.568874e+01	1.568874e+01	1.097944e-08	1.361691e-14	2.609046e-01
0	6	R2	1.497454e+01	1.497454e+01	1.043746e-08	0.000000e+00	2.489030e-01
0	7	R2	1.442585e+01	1.442585e+01	1.001975e-08	7.172992e-15	2.476452e-01
0	8	R2	1.723841e+01	1.723841e+01	1.214969e-08	2.490719e-14	2.852762e-01
0	10	R2	2.062281e+01	2.062281e+01	1.468510e-08	-9.385871e-15	3.785172e-01
0	11	R2	1.807338e+01	1.807338e+01	1.277748e-08	0.000000e+00	2.972488e-01
0	12	R2	1.608752e+01	1.608752e+01	1.128129e-08	-1.319924e-14	2.691605e-01
0	13	R2	1.473839e+01	1.473839e+01	1.025783e-08	0.000000e+00	2.476311e-01
0	15	R2	1.638002e+01	1.638002e+01	1.150236e-08	0.000000e+00	2.683049e-01
0	16	R2	1.566416e+01	1.566416e+01	1.096082e-08	1.378976e-14	2.576342e-01
0	17	R2	1.592864e+01	1.592864e+01	1.116109e-08	-6.604911e-15	2.689449e-01
0	18	R2	1.479947e+01	1.479947e+01	1.030431e-08	7.177275e-15	2.474974e-01
0	19	R2	1.551831e+01	1.551831e+01	1.085028e-08	2.048985e-14	2.600834e-01
0	21	R2	1.589825e+01	1.589825e+01	1.113809e-08	-6.757688e-15	2.628646e-01
0	22	R2	1.477978e+01	1.477978e+01	1.028933e-08	0.000000e+00	2.446550e-01
0	23	R2	1.508296e+01	1.508296e+01	1.051985e-08	7.163591e-15	2.479702e-01
0	24	R2	1.499700e+01	1.499700e+01	1.045453e-08	-7.051855e-15	2.518992e-01
0	25	R2	1.501953e+01	1.501953e+01	1.047165e-08	7.158551e-15	2.481448e-01
0	26	R2	1.556905e+01	1.556905e+01	1.088874e-08	-6.848923e-15	2.593629e-01
0	28	R2	1.448436e+01	1.448436e+01	1.006434e-08	7.299175e-15	2.433640e-01
0	29	R2	2.047083e+01	2.047083e+01	1.457171e-08	9.525753e-15	3.729588e-01
0	30	R2	1.494768e+01	1.494768e+01	1.041704e-08	1.432483e-14	2.480109e-01
0	31	R2	1.574059e+01	1.574059e+01	1.101872e-08	-6.828080e-15	2.601546e-01
0	33	R2	1.332800e+01	1.332800e+01	9.179951e-09	0.000000e+00	2.362554e-01
0	34	R2	1.673640e+01	1.673640e+01	1.177137e-08	0.000000e+00	2.773061e-01
0	35	R2	1.537752e+01	1.537752e+01	1.074349e-08	2.756711e-14	2.577502e-01
0	36	R2	1.561524e+01	1.561524e+01	1.092375e-08	0.000000e+00	2.609042e-01
0	37	R2	1.556905e+01	1.556905e+01	1.088874e-08	-6.848923e-15	2.593629e-01
0	38	R2	1.438642e+01	1.438642e+01	9.989678e-09	0.000000e+00	2.400841e-01
0	39	R2	1.431844e+01	1.431844e+01	9.937828e-09	-7.281011e-15	2.439712e-01
0	40	R2	1.509434e+01	1.509434e+01	1.052850e-08	0.000000e+00	2.483446e-01
0	41	R2	1.413228e+01	1.413228e+01	9.795728e-09	0.000000e+00	2.376683e-01
0	42	R2	1.419245e+01	1.419245e+01	9.841674e-09	0.000000e+00	2.376822e-01
0	43	R2	1.378170e+01	1.378170e+01	9.527699e-09	-7.603607e-15	2.336203e-01
0	44	R2	1.526019e+01	1.526019e+01	1.065445e-08	-6.872070e-15	2.584893e-01
0	45	R2	1.429184e+01	1.429184e+01	9.917532e-09	-7.308142e-15	2.430654e-01
0	46	R2	1.422880e+01	1.422880e+01	9.869422e-09	-7.563725e-15	2.348521e-01
0	48	R2	1.396453e+01	1.396453e+01	9.667551e-09	0.000000e+00	2.340097e-01
0	49	R2	1.431844e+01	1.431844e+01	9.937828e-09	-7.281011e-15	2.439712e-01
0	50	R2	1.470805e+01	1.470805e+01	1.023473e-08	-7.331659e-15	2.422858e-01
0	51	R2	1.450747e+01	1.450747e+01	1.008196e-08	-7.275934e-15	2.441414e-01
0	52	R2	1.412429e+01	1.412429e+01	9.789630e-09	-7.978402e-07	2.393948e-01
0	53	R2	1.558118e+01	1.558118e+01	1.089793e-08	-1.367653e-14	2.597672e-01
0	54	R2	1.575051e+01	1.575051e+01	1.102623e-08	-6.755150e-15	2.629633e-01
0	55	R2	1.495215e+01	1.495215e+01	1.042044e-08	0.000000e+00	2.481592e-01
0	56	R2	1.467351e+01	1.467351e+01	1.020844e-08	0.000000e+00	2.454557e-01
0	57	R2	1.611344e+01	1.611344e+01	1.130089e-08	0.000000e+00	2.674322e-01
0	58	R2	1.432049e+01	1.432049e+01	9.939393e-09	-7.889012e-07	2.460918e-01
0	59	R2	1.504212e+01	1.504212e+01	1.048882e-08	0.000000e+00	2.556798e-01
0	60	R2	1.489647e+01	1.489647e+01	1.037810e-08	7.147357e-15	2.485334e-01
0	61	R2	1.541070e+01	1.541070e+01	1.076866e-08	-6.799752e-15	2.612385e-01
0	62	R2	1.509206e+01	1.509206e+01	1.052677e-08	-7.089905e-15	2.505474e-01
0	63	R2	1.594642e+01	1.594642e+01	1.117455e-08	1.343385e-14	2.644598e-01
0	64	R2	1.545356e+01	1.545356e+01	1.080118e-08	0.000000e+00	2.531413e-01
0	65	R2	1.611863e+01	1.611863e+01	1.130482e-08	-1.290024e-14	2.753990e-01
0	66	R2	1.568381e+01	1.568381e+01	1.097571e-08	-1.362545e-14	2.607410e-01
0	67	R2	1.496782e+01	1.496782e+01	1.043235e-08	-7.079379e-15	2.509199e-01
0	68	R2	1.539883e+01	1.539883e+01	1.075966e-08	2.937748e-14	2.418664e-01
0	69	R2	1.573812e+01	1.573812e+01	1.101685e-08	6.765794e-15	2.625497e-01
0	70	R2	1.522533e+01	1.522533e+01	1.062799e-08	1.393265e-14	2.549919e-01
0	71	R2	1.522997e+01	1.522997e+01	1.063151e-08	-1.392417e-14	2.551473e-01
0	72	R2	1.766784e+01	1.766784e+01	1.247278e-08	0.000000e+00	2.934236e-01
0	73	R2	1.652619e+01	1.652619e+01	1.161275e-08	0.000000e+00	2.731151e-01
0	74	R2	1.419648e+01	1.419648e+01	9.844751e-09	-8.012077e-07	2.398326e-01
0	75	R2	1.526019e+01	1.526019e+01	1.065445e-08	-6.872070e-15	2.584893e-01
0	76	R2	1.581028e+01	1.581028e+01	1.107149e-08	-2.030408e-14	2.624631e-01
0	77	R2	1.646904e+01	1.646904e+01	1.156959e-08	2.619713e-14	2.712292e-01
0	78	R2	1.527417e+01	1.527417e+01	1.066507e-08	-7.050033e-15	2.519643e-01
0	79	R2	1.440507e+01	1.440507e+01	1.000390e-08	-1.463334e-14	2.427821e-01
0	80	R2	1.333156e+01	1.333156e+01	9.182679e-09	-7.808337e-15	2.274949e-01
0	81	R2	1.482800e+01	1.482800e+01	1.032601e-08	0.000000e+00	2.506512e-01
0	82	R2	1.538225e+01	1.538225e+01	1.074708e-08	6.951312e-15	2.555427e-01
0	83	R2	1.589067e+01	1.589067e+01	1.113236e-08	-6.699716e-15	2.651391e-01
0	84	R2	2.131287e+01	2.131287e+01	1.519949e-08	8.887785e-15	3.997299e-01
0	86	R2	1.593118e+01	1.593118e+01	1.116301e-08	6.929679e-15	2.563404e-01
0	88	R2	1.633987e+01	1.633987e+01	1.147203e-08	-1.330648e-14	2.669913e-01
0	89	R2	1.501953e+01	1.501953e+01	1.047165e-08	7.158551e-15	2.481448e-01
0	90	R2	1.520913e+01	1.520913e+01	1.061569e-08	0.000000e+00	2.544492e-01
0	92	R2	1.537752e+01	1.537752e+01	1.074349e-08	2.782236e-14	2.553855e-01
0	93	R2	1.535627e+01	1.535627e+01	1.072737e-08	6.910866e-15	2.570382e-01
0	94	R2	1.591343e+01	1.591343e+01	1.114958e-08	1.985263e-14	2.684315e-01
0	95	R2	1.585037e+01	1.585037e+01	1.110185e-08	-2.693531e-14	2.637960e-01
0	96	R2	1.537752e+01	1.537752e+01	1.074349e-08	2.707040e-14	2.624795e-01
0	97	R2	1.562988e+01	1.562988e+01	1.093485e-08	-6.925153e-15	2.565079e-01
0	98	R2	1.610565e+01	1.610565e+01	1.129500e-08	-1.329739e-14	2.671738e-01
0	99	R2	1.492760e+01	1.492760e+01	1.040177e-08	7.054589e-15	2.518016e-01
0	100	R2	1.401935e+01	1.401935e+01	9.709451e-09	-8.162991e-07	2.319197e-01
0	101	R2	1.448436e+01	1.448436e+01	1.006434e-08	7.299175e-15	2.433640e-01
0	102	R2	1.199185e+01	1.199185e+01	8.149196e-09	0.000000e+00	2.185826e-01
0	103	R2	1.282380e+01	1.282380e+01	8.792224e-09	7.884535e-15	2.252963e-01
0	104	R2	1.623640e+01	1.623640e+01	1.139385e-08	2.668635e-14	2.662570e-01
0	105	R2	1.523229e+01	1.523229e+01	1.063328e-08	6.959964e-15	2.552250e-01
0	106	R2	1.437815e+01	1.437815e+01	9.983368e-09	0.000000e+00	2.377407e-01
0	107	R2	1.475144e+01	1.475144e+01	1.026776e-08	0.000000e+00	2.458936e-01
0	108	R2	1.509890e+01	1.509890e+01	1.053197e-08	7.083486e-15	2.507744e-01
0	109	R2	1.467782e+01	1.467782e+01	1.021172e-08	-8.066735e-07	2.477542e-01
0	110	R2	1.442585e+01	1.442585e+01	1.001975e-08	7.172992e-15	2.476452e-01
0	111	R2	1.501727e+01	1.501727e+01	1.046994e-08	7.032832e-15	2.525806e-01
0	113	R2	1.569612e+01	1.569612e+01	1.098504e-08	6.802046e-15	2.611504e-01
0	114	R2	1.558603e+01	1.558603e+01	1.090162e-08	-2.050201e-14	2.599292e-01
0	115	R2	1.577038e+01	1.577038e+01	1.104128e-08	1.373543e-14	2.586532e-01
0	116	R2	1.592357e+01	1.592357e+01	1.115725e-08	0.000000e+00	2.662380e-01
0	117	R2	1.603335e+01	1.603335e+01	1.124032e-08	0.000000e+00	2.647803e-01
0	118	R2	1.450326e+01	1.450326e+01	1.007875e-08	7.343463e-15	2.418963e-01
0	119	R2	1.673920e+01	1.673920e+01	1.177349e-08	-1.293792e-14	2.745969e-01
0	120	R2	1.490535e+01	1.490535e+01	1.038485e-08	0.000000e+00	2.088393e-01
0	121	R2	1.736111e+01	1.736111e+01	1.224205e-08	0.000000e+00	2.863378e-01
0	122	R2	1.747335e+01	1.747335e+01	1.232651e-08	0.000000e+00	2.839458e-01
0	123	R2	1.676165e+01	1.676165e+01	1.179042e-08	0.000000e+00	2.725243e-01
0	124	R2	1.725328e+01	1.725328e+01	1.216088e-08	1.269665e-14	2.798151e-01
0	125	R2	1.509206e+01	1.509206e+01	1.052677e-08	-7.089905e-15	2.505474e-01
0	126	R2	1.525320e+01	1.525320e+01	1.064915e-08	7.004572e-15	2.535996e-01
0	127	R2	1.508978e+01	1.508978e+01	1.052504e-08	-7.028152e-15	2.527488e-01
0	129	R2	1.467351e+01	1.467351e+01	1.020844e-08	0.000000e+00	2.454557e-01
0	130	R2	1.527417e+01	1.527417e+01	1.066507e-08	-6.985354e-15	2.542973e-01
0	131	R2	1.546073e+01	1.546073e+01	1.080661e-08	1.402150e-14	2.533762e-01
0	132	R2	1.552554e+01	1.552554e+01	1.085576e-08	0.000000e+00	2.530945e-01
0	133	R2	1.541307e+01	1.541307e+01	1.077047e-08	3.461769e-14	2.565678e-01
0	134	R2	1.495886e+01	1.495886e+01	1.042554e-08	0.000000e+00	2.483820e-01
0	135	R2	1.554243e+01	1.554243e+01	1.086856e-08	7.003305e-15	2.536455e-01
0	136	R2	1.555452e+01	1.555452e+01	1.087773e-08	1.372345e-14	2.588791e-01
0	137	R2	1.447178e+01	1.447178e+01	1.005476e-08	0.000000e+00	2.471303e-01
0	138	R2	1.425110e+01	1.425110e+01	9.886447e-09	-7.475621e-15	2.376200e-01
0	141	R2	1.412230e+01	1.412230e+01	9.788107e-09	1.496933e-14	2.373328e-01
0	142	R2	1.469508e+01	1.469508e+01	1.022486e-08	-7.153007e-15	2.483371e-01
0	143	R2	1.398601e+01	1.398601e+01	9.683974e-09	-7.505108e-15	2.366864e-01
0	144	R2	1.469076e+01	1.469076e+01	1.022157e-08	6.975249e-15	2.546657e-01
0	145	R2	1.518142e+01	1.518142e+01	1.059465e-08	0.000000e+00	2.512182e-01
0	146	R2	1.523461e+01	1.523461e+01	1.063504e-08	0.000000e+00	2.576237e-01
0	147	R2	1.486326e+01	1.486326e+01	1.035284e-08	7.179334e-15	2.474264e-01
0	148	R2	1.420858e+01	1.420858e+01	9.853990e-09	7.520434e-15	2.362040e-01
0	149	R2	1.467351e+01	1.467351e+01	1.020844e-08	0.000000e+00	2.454557e-01
0	150	R2	1.541307e+01	1.541307e+01	1.077047e-08	3.494122e-14	2.541921e-01
0	151	R2	1.576293e+01	1.576293e+01	1.103564e-08	0.000000e+00	2.608933e-01
0	152	R2	1.368176e+01	1.368176e+01	9.451188e-09	0.000000e+00	2.321164e-01
0	153	R2	1.525088e+01	1.525088e+01	1.064738e-08	2.102013e-14	2.535223e-01
0	154	R2	1.449906e+01	1.449906e+01	1.007555e-08	-1.469545e-14	2.417561e-01
0	155	R2	1.684920e+01	1.684920e+01	1.185644e-08	0.000000e+00	2.782176e-01
0	156	R2	1.492315e+01	1.492315e+01	1.039838e-08	7.058802e-15	2.516513e-01
0	158	R2	1.507613e+01	1.507613e+01	1.051467e-08	0.000000e+00	2.522917e-01
0	159	R2	2.656042e+01	2.656042e+01	1.909239e-08	7.747772e-15	4.585465e-01
0	160	R2	1.198466e+01	1.198466e+01	8.143622e-09	8.244941e-15	2.154481e-01
0	161	R2	1.564945e+01	1.564945e+01	1.094968e-08	2.052803e-14	2.595997e-01
0	162	R2	1.552554e+01	1.552554e+01	1.085576e-08	0.000000e+00	2.579153e-01
0	163	R2	1.534919e+01	1.534919e+01	1.072200e-08	1.383447e-14	2.568016e-01
0	164	R2	1.646362e+01	1.646362e+01	1.156550e-08	-1.310720e-14	2.710506e-01
0	165	R2	1.701259e+01	1.701259e+01	1.197959e-08	3.796373e-14	2.807453e-01
0	166	R2	1.672241e+01	1.672241e+01	1.176082e-08	-1.296392e-14	2.740462e-01
0	167	R2	1.665556e+01	1.665556e+01	1.171039e-08	0.000000e+00	2.718596e-01
0	168	R2	1.514922e+01	1.514922e+01	1.057019e-08	1.407301e-14	2.524487e-01
0	169	R2	1.638002e+01	1.638002e+01	1.150236e-08	0.000000e+00	2.683049e-01
0	170	R2	1.552554e+01	1.552554e+01	1.085576e-08	0.000000e+00	2.530945e-01
0	171	R2	1.648533e+01	1.648533e+01	1.158189e-08	-1.307269e-14	2.717660e-01
0	172	R2	1.706193e+01	1.706193e+01	1.201677e-08	-1.271254e-14	2.794652e-01
0	173	R2	1.588310e+01	1.588310e+01	1.112662e-08	2.708235e-14	2.623638e-01
0	174	R2	1.550628e+01	1.550628e+01	1.084115e-08	0.000000e+00	2.572759e-01
0	175	R2	1.550868e+01	1.550868e+01	1.084298e-08	0.000000e+00	2.525453e-01
0	176	R2	1.622060e+01	1.622060e+01	1.138191e-08	2.673837e-14	2.657389e-01
0	178	R2	1.649077e+01	1.649077e+01	1.158600e-08	1.293473e-14	2.746648e-01
0	179	R2	1.598465e+01	1.598465e+01	1.120348e-08	-1.986349e-14	2.682846e-01
0	180	R2	1.467351e+01	1.467351e+01	1.020844e-08	0.000000e+00	2.454557e-01
0	181	R2	1.634521e+01	1.634521e+01	1.147607e-08	2.633224e-14	2.698376e-01
0	182	R2	1.680672e+01	1.680672e+01	1.182441e-08	1.310156e-14	2.711673e-01
0	183	R2	1.673640e+01	1.673640e+01	1.177137e-08	0.000000e+00	2.773061e-01
0	184	R2	1.563966e+01	1.563966e+01	1.094226e-08	1.370249e-14	2.592750e-01
0	185	R2	1.543210e+01	1.543210e+01	1.078490e-08	6.971022e-15	2.548201e-01
0	186	R2	1.616815e+01	1.616815e+01	1.134226e-08	0.000000e+00	2.666372e-01
0	187	R2	1.556905e+01	1.556905e+01	1.088874e-08	-6.848923e-15	2.593629e-01
0	188	R2	1.549187e+01	1.549187e+01	1.083023e-08	2.766935e-14	2.567978e-01
0	189	R2	1.435956e+01	1.435956e+01	9.969196e-09	0.000000e+00	2.371266e-01
0	190	R2	1.450326e+01	1.450326e+01	1.007875e-08	7.343463e-15	2.418963e-01
0	191	R2	1.413228e+01	1.413228e+01	9.795728e-09	0.000000e+00	2.376683e-01
0	192	R2	1.438642e+01	1.438642e+01	9.989678e-09	0.000000e+00	2.400841e-01
0	193	R2	1.395284e+01	1.395284e+01	9.658613e-09	1.508168e-14	2.355649e-01
0	194	R2	1.509434e+01	1.509434e+01	1.052850e-08	0.000000e+00	2.529014e-01
0	195	R2	1.390047e+01	1.390047e+01	9.618570e-09	0.000000e+00	2.357322e-01
0	196	R2	1.541307e+01	1.541307e+01	1.077047e-08	3.461769e-14	2.565678e-01
0	197	R2	1.434103e+01	1.434103e+01	9.955059e-09	1.451619e-14	2.447415e-01
0	198	R2	1.455816e+01	1.455816e+01	1.012058e-08	-7.225356e-15	2.458504e-01
0	199	R2	1.683218e+01	1.683218e+01	1.184361e-08	0.000000e+00	2.691563e-01
0	200	R2	1.594388e+01	1.594388e+01	1.117262e-08	-6.719067e-15	2.643755e-01
0	202	R2	1.560793e+01	1.560793e+01	1.091821e-08	6.879134e-15	2.582239e-01
0	203	R2	1.671123e+01	1.671123e+01	1.175238e-08	0.000000e+00	2.764726e-01
0	204	R2	1.551109e+01	1.551109e+01	1.084480e-08	-1.393060e-14	2.550296e-01
0	205	R2	1.592610e+01	1.592610e+01	1.115917e-08	-6.734073e-15	2.637864e-01
0	206	R2	1.643115e+01	1.643115e+01	1.154098e-08	0.000000e+00	2.726826e-01
0	207	R2	1.623904e+01	1.623904e+01	1.139584e-08	0.000000e+00	2.663434e-01
0	208	R2	1.592357e+01	1.592357e+01	1.115725e-08	0.000000e+00	2.637024e-01
0	209	R2	1.654533e+01	1.654533e+01	1.162720e-08	-1.297804e-14	2.737481e-01
0	210	R2	1.615248e+01	1.615248e+01	1.133041e-08	0.000000e+00	2.609026e-01
0	211	R2	1.573069e+01	1.573069e+01	1.101122e-08	0.000000e+00	2.598274e-01
0	212	R2	1.513317e+01	1.513317e+01	1.055800e-08	-6.987910e-15	2.542043e-01
0	213	R2	1.535627e+01	1.535627e+01	1.072737e-08	7.040041e-15	2.523219e-01
0	214	R2	1.214034e+01	1.214034e+01	8.264291e-09	-1.617752e-14	2.196080e-01


1	2	NOE	7.860000e-01	7.860000e-01	4.730913e-09	-2.040691e-07	7.000000e-03
1	3	NOE	7.970000e-01	7.970000e-01	5.387706e-09	0.000000e+00	7.000000e-03
1	4	NOE	8.090000e-01	8.090000e-01	6.544802e-09	-1.586033e-14	7.000000e-03
1	5	NOE	8.060000e-01	8.060000e-01	6.187890e-09	0.000000e+00	1.400000e-02
1	6	NOE	8.100000e-01	8.100000e-01	6.678119e-09	0.000000e+00	8.000000e-03
1	7	NOE	7.520000e-01	7.520000e-01	3.613005e-09	0.000000e+00	7.000000e-03
1	8	NOE	8.210000e-01	8.210000e-01	9.017431e-09	1.233581e-14	9.000000e-03
1	10	NOE	8.250000e-01	8.250000e-01	1.076578e-08	4.827057e-15	2.300000e-02
1	11	NOE	7.970000e-01	7.970000e-01	5.387706e-09	0.000000e+00	9.000000e-03
1	12	NOE	8.340000e-01	8.340000e-01	5.042715e-08	0.000000e+00	1.500000e-02
1	13	NOE	7.280000e-01	7.280000e-01	3.171381e-09	0.000000e+00	7.000000e-03
1	15	NOE	8.090000e-01	8.090000e-01	6.544802e-09	-1.387779e-14	8.000000e-03
1	16	NOE	8.320000e-01	8.320000e-01	2.122159e-08	0.000000e+00	1.200000e-02
1	17	NOE	8.270000e-01	8.270000e-01	1.213096e-08	0.000000e+00	8.000000e-03
1	18	NOE	7.910000e-01	7.910000e-01	4.998504e-09	0.000000e+00	7.000000e-03
1	19	NOE	7.920000e-01	7.920000e-01	5.057606e-09	0.000000e+00	7.000000e-03
1	21	NOE	8.020000e-01	8.020000e-01	5.791250e-09	0.000000e+00	1.100000e-02
1	22	NOE	7.920000e-01	7.920000e-01	5.057606e-09	0.000000e+00	1.100000e-02
1	23	NOE	7.830000e-01	7.830000e-01	4.589381e-09	-2.165703e-07	7.000000e-03
1	24	NOE	7.950000e-01	7.950000e-01	5.248166e-09	0.000000e+00	7.000000e-03
1	25	NOE	7.960000e-01	7.960000e-01	5.316578e-09	1.586033e-14	7.000000e-03
1	26	NOE	8.050000e-01	8.050000e-01	6.081204e-09	0.000000e+00	7.000000e-03
1	28	NOE	7.660000e-01	7.660000e-01	3.971410e-09	0.000000e+00	7.000000e-03
1	29	NOE	7.980000e-01	7.980000e-01	5.461736e-09	0.000000e+00	7.000000e-03
1	30	NOE	8.000000e-01	8.000000e-01	5.619330e-09	0.000000e+00	7.000000e-03
1	31	NOE	8.280000e-01	8.280000e-01	1.304150e-08	0.000000e+00	8.000000e-03
1	33	NOE	6.130000e-01	6.130000e-01	2.170979e-09	0.000000e+00	1.800000e-02
1	34	NOE	8.220000e-01	8.220000e-01	9.374124e-09	0.000000e+00	8.000000e-03
1	35	NOE	8.190000e-01	8.190000e-01	8.410981e-09	0.000000e+00	1.000000e-02
1	36	NOE	8.110000e-01	8.110000e-01	6.819867e-09	-8.685128e-08	8.000000e-03
1	37	NOE	8.050000e-01	8.050000e-01	6.081204e-09	0.000000e+00	7.000000e-03
1	38	NOE	7.730000e-01	7.730000e-01	4.194742e-09	1.586033e-14	7.000000e-03
1	39	NOE	7.020000e-01	7.020000e-01	2.835013e-09	0.000000e+00	1.600000e-02
1	40	NOE	7.840000e-01	7.840000e-01	4.635158e-09	-2.124050e-07	7.000000e-03
1	41	NOE	7.460000e-01	7.460000e-01	3.486016e-09	-3.172066e-14	7.000000e-03
1	42	NOE	7.630000e-01	7.630000e-01	3.885860e-09	1.586033e-14	7.000000e-03
1	43	NOE	6.690000e-01	6.690000e-01	2.527356e-09	7.401487e-14	6.000000e-03
1	44	NOE	7.590000e-01	7.590000e-01	3.779791e-09	1.233581e-14	9.000000e-03
1	45	NOE	6.970000e-01	6.970000e-01	2.781440e-09	1.850372e-14	6.000000e-03
1	46	NOE	7.540000e-01	7.540000e-01	3.658442e-09	-1.586033e-14	7.000000e-03
1	48	NOE	6.710000e-01	6.710000e-01	2.543334e-09	0.000000e+00	9.000000e-03
1	49	NOE	7.550000e-01	7.550000e-01	3.681797e-09	0.000000e+00	9.000000e-03
1	50	NOE	7.880000e-01	7.880000e-01	4.832769e-09	-1.957259e-07	7.000000e-03
1	51	NOE	7.240000e-01	7.240000e-01	3.112059e-09	0.000000e+00	7.000000e-03
1	52	NOE	7.420000e-01	7.420000e-01	3.408273e-09	-1.586033e-14	7.000000e-03
1	53	NOE	7.960000e-01	7.960000e-01	5.316578e-09	1.586033e-14	7.000000e-03
1	54	NOE	7.970000e-01	7.970000e-01	5.387706e-09	0.000000e+00	9.000000e-03
1	55	NOE	7.830000e-01	7.830000e-01	4.589381e-09	-2.165703e-07	7.000000e-03
1	56	NOE	7.940000e-01	7.940000e-01	5.182300e-09	0.000000e+00	7.000000e-03
1	57	NOE	7.960000e-01	7.960000e-01	5.316578e-09	1.586033e-14	7.000000e-03
1	58	NOE	6.950000e-01	6.950000e-01	2.760814e-09	-1.387779e-14	8.000000e-03
1	59	NOE	7.890000e-01	7.890000e-01	4.886192e-09	1.009294e-14	1.100000e-02
1	60	NOE	7.300000e-01	7.300000e-01	3.202302e-09	0.000000e+00	1.400000e-02
1	61	NOE	7.960000e-01	7.960000e-01	5.316578e-09	1.387779e-14	8.000000e-03
1	62	NOE	7.810000e-01	7.810000e-01	4.501699e-09	1.586033e-14	7.000000e-03
1	63	NOE	7.930000e-01	7.930000e-01	5.118828e-09	0.000000e+00	8.000000e-03
1	64	NOE	7.210000e-01	7.210000e-01	3.069626e-09	-5.843279e-15	1.900000e-02
1	65	NOE	8.230000e-01	8.230000e-01	9.776613e-09	0.000000e+00	8.000000e-03
1	66	NOE	8.130000e-01	8.130000e-01	7.132522e-09	1.009294e-14	1.100000e-02
1	67	NOE	8.010000e-01	8.010000e-01	5.703366e-09	1.009294e-14	1.100000e-02
1	68	NOE	8.170000e-01	8.170000e-01	7.912056e-09	0.000000e+00	8.000000e-03
1	69	NOE	8.240000e-01	8.240000e-01	1.023563e-08	-3.877110e-08	8.000000e-03
1	70	NOE	8.080000e-01	8.080000e-01	6.419111e-09	-1.586033e-14	7.000000e-03
1	71	NOE	8.060000e-01	8.060000e-01	6.187890e-09	0.000000e+00	7.000000e-03
1	72	NOE	8.180000e-01	8.180000e-01	8.150141e-09	1.233581e-14	9.000000e-03
1	73	NOE	8.160000e-01	8.160000e-01	7.693598e-09	0.000000e+00	9.000000e-03
1	74	NOE	7.910000e-01	7.910000e-01	4.998504e-09	0.000000e+00	7.000000e-03
1	75	NOE	7.590000e-01	7.590000e-01	3.779791e-09	1.233581e-14	9.000000e-03
1	76	NOE	7.900000e-01	7.900000e-01	4.941403e-09	-3.172066e-14	7.000000e-03
1	77	NOE	8.070000e-01	8.070000e-01	6.300345e-09	-1.586033e-14	7.000000e-03
1	78	NOE	7.900000e-01	7.900000e-01	4.941403e-09	-3.172066e-14	7.000000e-03
1	79	NOE	7.330000e-01	7.330000e-01	3.250374e-09	-1.586033e-14	7.000000e-03
1	80	NOE	7.280000e-01	7.280000e-01	3.171381e-09	0.000000e+00	7.000000e-03
1	81	NOE	8.160000e-01	8.160000e-01	7.693598e-09	0.000000e+00	8.000000e-03
1	82	NOE	8.070000e-01	8.070000e-01	6.300345e-09	-1.586033e-14	7.000000e-03
1	83	NOE	8.130000e-01	8.130000e-01	7.132522e-09	1.387779e-14	8.000000e-03
1	84	NOE	8.100000e-01	8.100000e-01	6.678119e-09	0.000000e+00	1.300000e-02
1	86	NOE	8.370000e-01	8.344307e-01	2.580892e-05	3.211675e-01	8.000000e-03
1	88	NOE	7.870000e-01	7.870000e-01	4.781038e-09	-1.272081e-07	1.100000e-02
1	89	NOE	8.320000e-01	8.320000e-01	2.122159e-08	0.000000e+00	8.000000e-03
1	90	NOE	8.170000e-01	8.170000e-01	7.912056e-09	0.000000e+00	8.000000e-03
1	92	NOE	8.280000e-01	8.280000e-01	1.304150e-08	0.000000e+00	8.000000e-03
1	93	NOE	8.360000e-01	8.344307e-01	2.166614e-05	1.961676e-01	8.000000e-03
1	94	NOE	8.260000e-01	8.260000e-01	1.138760e-08	0.000000e+00	8.000000e-03
1	95	NOE	8.180000e-01	8.180000e-01	8.150141e-09	1.387779e-14	8.000000e-03
1	96	NOE	8.110000e-01	8.110000e-01	6.819867e-09	-8.685128e-08	8.000000e-03
1	97	NOE	7.930000e-01	7.930000e-01	5.118828e-09	0.000000e+00	7.000000e-03
1	98	NOE	8.010000e-01	8.010000e-01	5.703366e-09	1.009294e-14	1.100000e-02
1	99	NOE	7.680000e-01	7.680000e-01	4.031619e-09	0.000000e+00	7.000000e-03
1	100	NOE	7.940000e-01	7.940000e-01	5.182300e-09	0.000000e+00	7.000000e-03
1	101	NOE	7.870000e-01	7.870000e-01	4.781038e-09	-1.998984e-07	7.000000e-03
1	102	NOE	6.490000e-01	6.490000e-01	2.381899e-09	-8.846876e-07	6.000000e-03
1	103	NOE	6.270000e-01	6.270000e-01	2.246551e-09	3.700743e-14	6.000000e-03
1	104	NOE	8.070000e-01	8.070000e-01	6.300345e-09	-6.938894e-15	1.600000e-02
1	105	NOE	8.030000e-01	8.030000e-01	5.883286e-09	0.000000e+00	7.000000e-03
1	106	NOE	8.030000e-01	8.030000e-01	5.883286e-09	0.000000e+00	9.000000e-03
1	107	NOE	8.120000e-01	8.120000e-01	6.970975e-09	-8.316230e-08	8.000000e-03
1	108	NOE	8.170000e-01	8.170000e-01	7.912056e-09	0.000000e+00	8.000000e-03
1	109	NOE	8.080000e-01	8.080000e-01	6.419111e-09	-1.586033e-14	7.000000e-03
1	110	NOE	7.950000e-01	7.950000e-01	5.248166e-09	0.000000e+00	7.000000e-03
1	111	NOE	7.640000e-01	7.640000e-01	3.913771e-09	0.000000e+00	7.000000e-03
1	113	NOE	8.170000e-01	8.170000e-01	7.912056e-09	0.000000e+00	1.700000e-02
1	114	NOE	7.950000e-01	7.950000e-01	5.248166e-09	0.000000e+00	7.000000e-03
1	115	NOE	7.920000e-01	7.920000e-01	5.057606e-09	0.000000e+00	8.000000e-03
1	116	NOE	7.900000e-01	7.900000e-01	4.941403e-09	-1.387779e-14	1.600000e-02
1	117	NOE	7.890000e-01	7.890000e-01	4.886192e-09	1.387779e-14	8.000000e-03
1	118	NOE	7.610000e-01	7.610000e-01	3.831748e-09	0.000000e+00	7.000000e-03
1	119	NOE	7.870000e-01	7.870000e-01	4.781038e-09	-1.998984e-07	7.000000e-03
1	120	NOE	7.940000e-01	7.940000e-01	5.182300e-09	0.000000e+00	1.400000e-02
1	121	NOE	8.140000e-01	8.140000e-01	7.305771e-09	0.000000e+00	8.000000e-03
1	122	NOE	8.230000e-01	8.230000e-01	9.776613e-09	0.000000e+00	1.000000e-02
1	123	NOE	8.140000e-01	8.140000e-01	7.305771e-09	0.000000e+00	8.000000e-03
1	124	NOE	8.090000e-01	8.090000e-01	6.544802e-09	-1.009294e-14	1.100000e-02
1	125	NOE	7.810000e-01	7.810000e-01	4.501699e-09	1.586033e-14	7.000000e-03
1	126	NOE	7.820000e-01	7.820000e-01	4.544915e-09	0.000000e+00	7.000000e-03
1	127	NOE	7.460000e-01	7.460000e-01	3.486016e-09	-3.172066e-14	7.000000e-03
1	129	NOE	7.760000e-01	7.760000e-01	4.302469e-09	0.000000e+00	1.000000e-02
1	130	NOE	7.710000e-01	7.710000e-01	4.127191e-09	1.586033e-14	7.000000e-03
1	131	NOE	8.000000e-01	8.000000e-01	5.619330e-09	0.000000e+00	9.000000e-03
1	132	NOE	7.660000e-01	7.660000e-01	3.971410e-09	0.000000e+00	8.000000e-03
1	133	NOE	7.590000e-01	7.590000e-01	3.779791e-09	1.586033e-14	7.000000e-03
1	134	NOE	8.050000e-01	8.050000e-01	6.081204e-09	0.000000e+00	1.200000e-02
1	135	NOE	7.980000e-01	7.980000e-01	5.461736e-09	0.000000e+00	7.000000e-03
1	136	NOE	7.870000e-01	7.870000e-01	4.781038e-09	-1.998984e-07	7.000000e-03
1	137	NOE	7.750000e-01	7.750000e-01	4.265658e-09	5.843279e-15	1.900000e-02
1	138	NOE	7.760000e-01	7.760000e-01	4.302469e-09	0.000000e+00	7.000000e-03
1	141	NOE	7.840000e-01	7.840000e-01	4.635158e-09	-2.124050e-07	7.000000e-03
1	142	NOE	7.680000e-01	7.680000e-01	4.031619e-09	0.000000e+00	7.000000e-03
1	143	NOE	7.550000e-01	7.550000e-01	3.681797e-09	0.000000e+00	8.000000e-03
1	144	NOE	7.750000e-01	7.750000e-01	4.265658e-09	1.586033e-14	7.000000e-03
1	145	NOE	7.860000e-01	7.860000e-01	4.730913e-09	-2.040691e-07	7.000000e-03
1	146	NOE	7.940000e-01	7.940000e-01	5.182300e-09	0.000000e+00	7.000000e-03
1	147	NOE	8.020000e-01	8.020000e-01	5.791250e-09	0.000000e+00	7.000000e-03
1	148	NOE	7.810000e-01	7.810000e-01	4.501699e-09	1.586033e-14	7.000000e-03
1	149	NOE	7.990000e-01	7.990000e-01	5.538869e-09	1.586033e-14	7.000000e-03
1	150	NOE	7.970000e-01	7.970000e-01	5.387706e-09	0.000000e+00	7.000000e-03
1	151	NOE	7.910000e-01	7.910000e-01	4.998504e-09	0.000000e+00	7.000000e-03
1	152	NOE	7.340000e-01	7.340000e-01	3.266871e-09	1.586033e-14	7.000000e-03
1	153	NOE	7.420000e-01	7.420000e-01	3.408273e-09	-1.233581e-14	9.000000e-03
1	154	NOE	7.770000e-01	7.770000e-01	4.340232e-09	-1.586033e-14	7.000000e-03
1	155	NOE	7.570000e-01	7.570000e-01	3.729850e-09	1.387779e-14	8.000000e-03
1	156	NOE	7.730000e-01	7.730000e-01	4.194742e-09	8.540177e-15	1.300000e-02
1	158	NOE	7.300000e-01	7.300000e-01	3.202302e-09	0.000000e+00	7.000000e-03
1	159	NOE	7.800000e-01	7.800000e-01	4.459675e-09	8.540177e-15	1.300000e-02
1	160	NOE	5.930000e-01	5.930000e-01	2.074462e-09	-1.850372e-14	6.000000e-03
1	161	NOE	7.810000e-01	7.810000e-01	4.501699e-09	1.586033e-14	7.000000e-03
1	162	NOE	7.540000e-01	7.540000e-01	3.658442e-09	-1.586033e-14	7.000000e-03
1	163	NOE	7.810000e-01	7.810000e-01	4.501699e-09	1.586033e-14	7.000000e-03
1	164	NOE	8.170000e-01	8.170000e-01	7.912056e-09	0.000000e+00	9.000000e-03
1	165	NOE	8.160000e-01	8.160000e-01	7.693598e-09	0.000000e+00	8.000000e-03
1	166	NOE	8.160000e-01	8.160000e-01	7.693598e-09	0.000000e+00	8.000000e-03
1	167	NOE	8.210000e-01	8.210000e-01	9.017431e-09	1.110223e-14	1.000000e-02
1	168	NOE	7.990000e-01	7.990000e-01	5.538869e-09	1.110223e-14	1.000000e-02
1	169	NOE	8.070000e-01	8.070000e-01	6.300345e-09	-1.586033e-14	7.000000e-03
1	170	NOE	7.660000e-01	7.660000e-01	3.971410e-09	0.000000e+00	8.000000e-03
1	171	NOE	8.350000e-01	8.344307e-01	2.055677e-05	4.066723e-02	1.400000e-02
1	172	NOE	8.320000e-01	8.320000e-01	2.122159e-08	0.000000e+00	8.000000e-03
1	173	NOE	8.200000e-01	8.200000e-01	8.698455e-09	0.000000e+00	8.000000e-03
1	174	NOE	8.090000e-01	8.090000e-01	6.544802e-09	-1.586033e-14	7.000000e-03
1	175	NOE	8.230000e-01	8.230000e-01	9.776613e-09	0.000000e+00	8.000000e-03
1	176	NOE	8.200000e-01	8.200000e-01	8.698455e-09	0.000000e+00	8.000000e-03
1	178	NOE	8.230000e-01	8.230000e-01	9.776613e-09	0.000000e+00	9.000000e-03
1	179	NOE	8.260000e-01	8.260000e-01	1.138760e-08	0.000000e+00	8.000000e-03
1	180	NOE	8.290000e-01	8.290000e-01	1.419303e-08	0.000000e+00	8.000000e-03
1	181	NOE	8.310000e-01	8.310000e-01	1.786097e-08	0.000000e+00	8.000000e-03
1	182	NOE	8.390000e-01	8.344307e-01	1.739019e-05	5.711678e-01	8.000000e-03
1	183	NOE	8.220000e-01	8.220000e-01	9.374124e-09	0.000000e+00	8.000000e-03
1	184	NOE	8.150000e-01	8.150000e-01	7.492208e-09	-1.387779e-14	8.000000e-03
1	185	NOE	7.860000e-01	7.860000e-01	4.730913e-09	-1.785604e-07	8.000000e-03
1	186	NOE	8.090000e-01	8.090000e-01	6.544802e-09	-1.387779e-14	8.000000e-03
1	187	NOE	8.050000e-01	8.050000e-01	6.081204e-09	0.000000e+00	7.000000e-03
1	188	NOE	7.860000e-01	7.860000e-01	4.730913e-09	-2.040691e-07	7.000000e-03
1	189	NOE	7.960000e-01	7.960000e-01	5.316578e-09	1.586033e-14	7.000000e-03
1	190	NOE	8.130000e-01	8.130000e-01	7.132522e-09	1.233581e-14	9.000000e-03
1	191	NOE	7.710000e-01	7.710000e-01	4.127191e-09	1.586033e-14	7.000000e-03
1	192	NOE	7.730000e-01	7.730000e-01	4.194742e-09	1.586033e-14	7.000000e-03
1	193	NOE	7.560000e-01	7.560000e-01	3.705595e-09	-3.172066e-14	7.000000e-03
1	194	NOE	8.230000e-01	8.230000e-01	9.776613e-09	0.000000e+00	8.000000e-03
1	195	NOE	7.720000e-01	7.720000e-01	4.160563e-09	0.000000e+00	7.000000e-03
1	196	NOE	7.590000e-01	7.590000e-01	3.779791e-09	1.586033e-14	7.000000e-03
1	197	NOE	7.850000e-01	7.850000e-01	4.682311e-09	-1.586033e-14	7.000000e-03
1	198	NOE	8.040000e-01	8.040000e-01	5.979811e-09	0.000000e+00	7.000000e-03
1	199	NOE	8.280000e-01	8.280000e-01	1.304150e-08	0.000000e+00	9.000000e-03
1	200	NOE	8.010000e-01	8.010000e-01	5.703366e-09	1.387779e-14	8.000000e-03
1	202	NOE	8.180000e-01	8.180000e-01	8.150141e-09	1.233581e-14	9.000000e-03
1	203	NOE	8.220000e-01	8.220000e-01	9.374124e-09	0.000000e+00	8.000000e-03
1	204	NOE	7.930000e-01	7.930000e-01	5.118828e-09	0.000000e+00	7.000000e-03
1	205	NOE	8.180000e-01	8.180000e-01	8.150141e-09	1.387779e-14	8.000000e-03
1	206	NOE	8.210000e-01	8.210000e-01	9.017431e-09	1.387779e-14	8.000000e-03
1	207	NOE	8.180000e-01	8.180000e-01	8.150141e-09	1.387779e-14	8.000000e-03
1	208	NOE	8.010000e-01	8.010000e-01	5.703366e-09	1.233581e-14	9.000000e-03
1	209	NOE	7.960000e-01	7.960000e-01	5.316578e-09	1.586033e-14	7.000000e-03
1	210	NOE	8.310000e-01	8.310000e-01	1.786097e-08	0.000000e+00	9.000000e-03
1	211	NOE	7.890000e-01	7.890000e-01	4.886192e-09	1.586033e-14	7.000000e-03
1	212	NOE	7.650000e-01	7.650000e-01	3.942281e-09	1.586033e-14	7.000000e-03
1	213	NOE	7.830000e-01	7.830000e-01	4.589381e-09	-1.894990e-07	8.000000e-03
1	214	NOE	5.720000e-01	5.720000e-01	1.985034e-09	-2.220446e-14	5.000000e-03


2	2	R1	1.034982e+00	1.034982e+00	1.340228e-08	1.041649e-14	2.131665e-02
2	3	R1	1.098539e+00	1.098539e+00	1.256469e-08	0.000000e+00	2.304965e-02
2	4	R1	1.086012e+00	1.086012e+00	1.272237e-08	1.023182e-14	2.170137e-02
2	5	R1	1.147184e+00	1.147184e+00	1.198348e-08	9.219837e-15	2.408336e-02
2	6	R1	1.123091e+00	1.123091e+00	1.226537e-08	-9.779981e-15	2.270399e-02
2	7	R1	1.144689e+00	1.144689e+00	1.201215e-08	1.841949e-14	2.410974e-02
2	8	R1	1.144296e+00	1.144296e+00	1.201668e-08	6.557203e-07	2.370037e-02
2	10	R1	1.130454e+00	1.130454e+00	1.217800e-08	9.443137e-15	2.351386e-02
2	11	R1	1.166861e+00	1.166861e+00	1.176143e-08	9.060024e-15	2.450817e-02
2	12	R1	1.184834e+00	1.184834e+00	1.156471e-08	9.142796e-15	2.428629e-02
2	13	R1	1.192606e+00	1.192606e+00	1.148138e-08	0.000000e+00	2.574379e-02
2	15	R1	1.110864e+00	1.110864e+00	1.241285e-08	0.000000e+00	2.369317e-02
2	16	R1	1.173433e+00	1.173433e+00	1.168884e-08	8.860371e-15	2.506042e-02
2	17	R1	1.185818e+00	1.185818e+00	1.155411e-08	-8.772673e-15	2.531094e-02
2	18	R1	1.148501e+00	1.148501e+00	1.196839e-08	0.000000e+00	2.334727e-02
2	19	R1	1.157541e+00	1.157541e+00	1.186571e-08	0.000000e+00	2.438622e-02
2	21	R1	1.164822e+00	1.164822e+00	1.178411e-08	2.682817e-14	2.482964e-02
2	22	R1	1.148237e+00	1.148237e+00	1.197141e-08	9.253487e-15	2.399578e-02
2	23	R1	1.120951e+00	1.120951e+00	1.229096e-08	-9.203777e-15	2.412538e-02
2	24	R1	1.118443e+00	1.118443e+00	1.232107e-08	1.888359e-14	2.351720e-02
2	25	R1	1.096371e+00	1.096371e+00	1.259173e-08	0.000000e+00	2.331937e-02
2	26	R1	1.131734e+00	1.131734e+00	1.216294e-08	-9.270647e-15	2.395136e-02
2	28	R1	1.107420e+00	1.107420e+00	1.245496e-08	0.000000e+00	2.293328e-02
2	29	R1	1.120197e+00	1.120197e+00	1.230000e-08	9.513457e-15	2.334005e-02
2	30	R1	1.093374e+00	1.093374e+00	1.262928e-08	-1.014966e-14	2.187705e-02
2	31	R1	1.175779e+00	1.175779e+00	1.166312e-08	-9.074351e-15	2.446947e-02
2	33	R1	1.023227e+00	1.023227e+00	1.356809e-08	1.065720e-14	2.083518e-02
2	34	R1	1.153403e+00	1.153403e+00	1.191253e-08	6.354418e-07	2.461124e-02
2	35	R1	1.139731e+00	1.139731e+00	1.206947e-08	-9.496487e-15	2.338176e-02
2	36	R1	1.137786e+00	1.137786e+00	1.209209e-08	-9.690493e-15	2.291365e-02
2	37	R1	1.131734e+00	1.131734e+00	1.216294e-08	-9.270647e-15	2.395136e-02
2	38	R1	1.093853e+00	1.093853e+00	1.262328e-08	0.000000e+00	2.297306e-02
2	39	R1	1.132888e+00	1.132888e+00	1.214937e-08	-9.202559e-15	2.412857e-02
2	40	R1	1.105217e+00	1.105217e+00	1.248203e-08	0.000000e+00	2.320857e-02
2	41	R1	1.103996e+00	1.103996e+00	1.249706e-08	0.000000e+00	2.303547e-02
2	42	R1	1.196458e+00	1.196458e+00	1.144045e-08	0.000000e+00	2.591038e-02
2	43	R1	1.144951e+00	1.144951e+00	1.200913e-08	-8.961997e-15	2.477624e-02
2	44	R1	1.115573e+00	1.115573e+00	1.235569e-08	0.000000e+00	2.352113e-02
2	45	R1	1.157541e+00	1.157541e+00	1.186571e-08	-1.753619e-14	2.532415e-02
2	46	R1	1.182732e+00	1.182732e+00	1.158743e-08	8.917589e-15	2.489962e-02
2	48	R1	1.154468e+00	1.154468e+00	1.190045e-08	8.814847e-15	2.518984e-02
2	49	R1	1.132888e+00	1.132888e+00	1.214937e-08	-9.202559e-15	2.412857e-02
2	50	R1	1.130071e+00	1.130071e+00	1.218252e-08	0.000000e+00	2.337021e-02
2	51	R1	1.134559e+00	1.134559e+00	1.212978e-08	0.000000e+00	2.432852e-02
2	52	R1	1.116819e+00	1.116819e+00	1.234064e-08	9.781445e-15	2.270059e-02
2	53	R1	1.172470e+00	1.172470e+00	1.169943e-08	0.000000e+00	2.543171e-02
2	54	R1	1.157407e+00	1.157407e+00	1.186722e-08	1.841727e-14	2.411265e-02
2	55	R1	1.109508e+00	1.109508e+00	1.242940e-08	-9.856617e-15	2.252747e-02
2	56	R1	1.172608e+00	1.172608e+00	1.169792e-08	1.814448e-14	2.447516e-02
2	57	R1	1.128668e+00	1.128668e+00	1.219910e-08	0.000000e+00	2.293005e-02
2	58	R1	1.123091e+00	1.123091e+00	1.226537e-08	9.619654e-15	2.308239e-02
2	59	R1	1.133273e+00	1.133273e+00	1.214485e-08	0.000000e+00	2.311753e-02
2	60	R1	1.108525e+00	1.108525e+00	1.244143e-08	0.000000e+00	2.211888e-02
2	61	R1	1.162250e+00	1.162250e+00	1.181283e-08	9.286836e-15	2.390961e-02
2	62	R1	1.154734e+00	1.154734e+00	1.189743e-08	-9.251316e-15	2.400141e-02
2	63	R1	1.162385e+00	1.162385e+00	1.181132e-08	9.232516e-15	2.405028e-02
2	64	R1	1.140121e+00	1.140121e+00	1.206494e-08	9.596623e-15	2.313778e-02
2	65	R1	1.180220e+00	1.180220e+00	1.161468e-08	-9.214431e-15	2.409748e-02
2	66	R1	1.167270e+00	1.167270e+00	1.175690e-08	0.000000e+00	2.384408e-02
2	67	R1	1.139731e+00	1.139731e+00	1.206947e-08	-9.657444e-15	2.299207e-02
2	68	R1	1.168088e+00	1.168088e+00	1.174783e-08	9.142589e-15	2.428684e-02
2	69	R1	1.174398e+00	1.174398e+00	1.167825e-08	-8.749671e-15	2.537748e-02
2	70	R1	1.135203e+00	1.135203e+00	1.212224e-08	-9.415478e-15	2.358294e-02
2	71	R1	1.150086e+00	1.150086e+00	1.195027e-08	9.223760e-15	2.407311e-02
2	72	R1	1.177163e+00	1.177163e+00	1.164798e-08	0.000000e+00	2.508140e-02
2	73	R1	1.157541e+00	1.157541e+00	1.186571e-08	0.000000e+00	2.452021e-02
2	74	R1	1.078632e+00	1.078632e+00	1.281689e-08	1.020591e-14	2.175647e-02
2	75	R1	1.115573e+00	1.115573e+00	1.235569e-08	0.000000e+00	2.352113e-02
2	76	R1	1.137527e+00	1.137527e+00	1.209510e-08	0.000000e+00	2.380901e-02
2	77	R1	1.108525e+00	1.108525e+00	1.244143e-08	0.000000e+00	2.383924e-02
2	78	R1	1.127523e+00	1.127523e+00	1.221266e-08	6.324971e-07	2.428198e-02
2	79	R1	1.054296e+00	1.054296e+00	1.313755e-08	-1.008904e-14	2.200850e-02
2	80	R1	1.063377e+00	1.063377e+00	1.301625e-08	-1.017438e-14	2.182389e-02
2	81	R1	1.098418e+00	1.098418e+00	1.256619e-08	9.535587e-15	2.328589e-02
2	82	R1	1.087193e+00	1.087193e+00	1.270736e-08	-6.856089e-15	3.238648e-02
2	83	R1	1.097454e+00	1.097454e+00	1.257821e-08	6.531762e-07	2.300414e-02
2	84	R1	1.094930e+00	1.094930e+00	1.260976e-08	-1.006582e-14	2.205926e-02
2	86	R1	1.181893e+00	1.181893e+00	1.159652e-08	0.000000e+00	2.444526e-02
2	88	R1	1.080147e+00	1.080147e+00	1.279739e-08	0.000000e+00	2.263432e-02
2	89	R1	1.155936e+00	1.155936e+00	1.188384e-08	6.624047e-07	2.365052e-02
2	90	R1	1.135589e+00	1.135589e+00	1.211772e-08	0.000000e+00	2.437274e-02
2	92	R1	1.125239e+00	1.125239e+00	1.223977e-08	6.765375e-07	2.266432e-02
2	93	R1	1.167270e+00	1.167270e+00	1.175690e-08	0.000000e+00	2.534285e-02
2	94	R1	1.149425e+00	1.149425e+00	1.195782e-08	0.000000e+00	2.391333e-02
2	95	R1	1.129178e+00	1.129178e+00	1.219307e-08	-9.464499e-15	2.346079e-02
2	96	R1	1.146000e+00	1.146000e+00	1.199706e-08	9.089871e-15	2.442770e-02
2	97	R1	1.129816e+00	1.129816e+00	1.218554e-08	9.155273e-15	2.425319e-02
2	98	R1	1.088613e+00	1.088613e+00	1.268934e-08	6.526194e-07	2.287201e-02
2	99	R1	1.080380e+00	1.080380e+00	1.279439e-08	-1.011880e-14	2.194377e-02
2	100	R1	1.140901e+00	1.140901e+00	1.205590e-08	9.321654e-15	2.382030e-02
2	101	R1	1.107420e+00	1.107420e+00	1.245496e-08	0.000000e+00	2.293328e-02
2	102	R1	1.079098e+00	1.079098e+00	1.281089e-08	1.996711e-14	2.224104e-02
2	103	R1	1.054074e+00	1.054074e+00	1.314054e-08	0.000000e+00	2.099926e-02
2	104	R1	1.104850e+00	1.104850e+00	1.248654e-08	1.966489e-14	2.258284e-02
2	105	R1	1.104240e+00	1.104240e+00	1.249405e-08	-9.435301e-15	2.353339e-02
2	106	R1	1.050310e+00	1.050310e+00	1.319142e-08	-2.107667e-14	2.107018e-02
2	107	R1	1.110618e+00	1.110618e+00	1.241586e-08	-9.783480e-15	2.269587e-02
2	108	R1	1.086957e+00	1.086957e+00	1.271036e-08	1.021405e-14	2.173913e-02
2	109	R1	1.103266e+00	1.103266e+00	1.250608e-08	0.000000e+00	2.251811e-02
2	110	R1	1.063490e+00	1.063490e+00	1.301476e-08	-1.011979e-14	2.194163e-02
2	111	R1	1.055520e+00	1.055520e+00	1.312108e-08	0.000000e+00	2.239388e-02
2	113	R1	1.087784e+00	1.087784e+00	1.269985e-08	1.019851e-14	2.177225e-02
2	114	R1	1.131478e+00	1.131478e+00	1.216595e-08	9.176697e-15	2.419657e-02
2	115	R1	1.106072e+00	1.106072e+00	1.247150e-08	6.754355e-07	2.238815e-02
2	116	R1	1.135332e+00	1.135332e+00	1.212073e-08	1.893012e-14	2.345939e-02
2	117	R1	1.156872e+00	1.156872e+00	1.187326e-08	9.217162e-15	2.409034e-02
2	118	R1	1.144689e+00	1.144689e+00	1.201215e-08	1.831993e-14	2.424077e-02
2	119	R1	1.130327e+00	1.130327e+00	1.217951e-08	0.000000e+00	2.338078e-02
2	120	R1	1.124227e+00	1.124227e+00	1.225182e-08	-9.150207e-15	2.426662e-02
2	121	R1	1.191327e+00	1.191327e+00	1.149502e-08	0.000000e+00	2.540476e-02
2	122	R1	1.133144e+00	1.133144e+00	1.214636e-08	0.000000e+00	2.285549e-02
2	123	R1	1.193033e+00	1.193033e+00	1.147683e-08	0.000000e+00	2.647388e-02
2	124	R1	1.145869e+00	1.145869e+00	1.199857e-08	9.091954e-15	2.442210e-02
2	125	R1	1.154734e+00	1.154734e+00	1.189743e-08	-9.251316e-15	2.400141e-02
2	126	R1	1.106439e+00	1.106439e+00	1.246699e-08	9.596726e-15	2.313754e-02
2	127	R1	1.073653e+00	1.073653e+00	1.288138e-08	-9.777920e-15	2.270878e-02
2	129	R1	1.084481e+00	1.084481e+00	1.274188e-08	1.956451e-14	2.269871e-02
2	130	R1	1.123091e+00	1.123091e+00	1.226537e-08	-9.567373e-15	2.320852e-02
2	131	R1	1.159958e+00	1.159958e+00	1.183852e-08	-9.067428e-15	2.448816e-02
2	132	R1	1.093135e+00	1.093135e+00	1.263229e-08	-9.936900e-15	2.234546e-02
2	133	R1	1.111482e+00	1.111482e+00	1.240533e-08	1.943095e-14	2.285474e-02
2	134	R1	1.147447e+00	1.147447e+00	1.198046e-08	-9.266242e-15	2.396275e-02
2	135	R1	1.137010e+00	1.137010e+00	1.210113e-08	0.000000e+00	2.378735e-02
2	136	R1	1.120323e+00	1.120323e+00	1.229849e-08	9.614710e-15	2.309426e-02
2	137	R1	1.059434e+00	1.059434e+00	1.306867e-08	1.004213e-14	2.211130e-02
2	138	R1	1.087666e+00	1.087666e+00	1.270135e-08	-9.983697e-15	2.224072e-02
2	141	R1	1.101079e+00	1.101079e+00	1.253313e-08	-9.846690e-15	2.255018e-02
2	142	R1	1.078400e+00	1.078400e+00	1.281989e-08	-1.026521e-14	2.163079e-02
2	143	R1	1.050310e+00	1.050310e+00	1.319142e-08	-1.016577e-14	2.184239e-02
2	144	R1	1.080614e+00	1.080614e+00	1.279139e-08	1.022319e-14	2.171971e-02
2	145	R1	1.167951e+00	1.167951e+00	1.174934e-08	0.000000e+00	2.455399e-02
2	146	R1	1.122460e+00	1.122460e+00	1.227290e-08	1.864946e-14	2.381244e-02
2	147	R1	1.119445e+00	1.119445e+00	1.230903e-08	-1.915549e-14	2.318340e-02
2	148	R1	1.090750e+00	1.090750e+00	1.266232e-08	9.720491e-15	2.284294e-02
2	149	R1	1.100594e+00	1.100594e+00	1.253914e-08	-9.497917e-15	2.337824e-02
2	150	R1	1.152339e+00	1.152339e+00	1.192461e-08	0.000000e+00	2.443310e-02
2	151	R1	1.131222e+00	1.131222e+00	1.216896e-08	0.000000e+00	2.444156e-02
2	152	R1	1.081315e+00	1.081315e+00	1.278239e-08	0.000000e+00	2.163097e-02
2	153	R1	1.131350e+00	1.131350e+00	1.216746e-08	0.000000e+00	2.329513e-02
2	154	R1	1.096732e+00	1.096732e+00	1.258723e-08	0.000000e+00	2.237246e-02
2	155	R1	1.101807e+00	1.101807e+00	1.252412e-08	9.526382e-15	2.330839e-02
2	156	R1	1.187931e+00	1.187931e+00	1.153139e-08	-8.693196e-15	2.554234e-02
2	158	R1	1.221896e+00	1.221896e+00	1.117628e-08	0.000000e+00	2.523222e-02
2	159	R1	1.130966e+00	1.130966e+00	1.217198e-08	9.538275e-15	2.327932e-02
2	160	R1	1.055966e+00	1.055966e+00	1.311509e-08	0.000000e+00	2.129773e-02
2	161	R1	1.064509e+00	1.064509e+00	1.300127e-08	0.000000e+00	2.232365e-02
2	162	R1	1.124101e+00	1.124101e+00	1.225332e-08	6.449298e-07	2.375573e-02
2	163	R1	1.062361e+00	1.062361e+00	1.302973e-08	2.038774e-14	2.178217e-02
2	164	R1	1.106684e+00	1.106684e+00	1.246399e-08	9.747197e-15	2.278036e-02
2	165	R1	1.106072e+00	1.106072e+00	1.247150e-08	9.552555e-15	2.324452e-02
2	166	R1	1.081549e+00	1.081549e+00	1.277939e-08	9.784672e-15	2.269311e-02
2	167	R1	1.096611e+00	1.096611e+00	1.258873e-08	0.000000e+00	2.248781e-02
2	168	R1	1.093374e+00	1.093374e+00	1.262928e-08	0.000000e+00	2.211614e-02
2	169	R1	1.110864e+00	1.110864e+00	1.241285e-08	0.000000e+00	2.369317e-02
2	170	R1	1.093135e+00	1.093135e+00	1.263229e-08	-9.936900e-15	2.234546e-02
2	171	R1	1.104484e+00	1.104484e+00	1.249105e-08	0.000000e+00	2.317782e-02
2	172	R1	1.107297e+00	1.107297e+00	1.245647e-08	9.736413e-15	2.280559e-02
2	173	R1	1.062361e+00	1.062361e+00	1.302973e-08	0.000000e+00	2.189503e-02
2	174	R1	1.043950e+00	1.043950e+00	1.327819e-08	0.000000e+00	2.081580e-02
2	175	R1	1.073998e+00	1.073998e+00	1.287688e-08	1.002609e-14	2.214668e-02
2	176	R1	1.144951e+00	1.144951e+00	1.200913e-08	-9.255833e-15	2.398969e-02
2	178	R1	1.107297e+00	1.107297e+00	1.245647e-08	0.000000e+00	2.206992e-02
2	179	R1	1.121957e+00	1.121957e+00	1.227892e-08	-9.139675e-15	2.429459e-02
2	180	R1	1.085187e+00	1.085187e+00	1.273287e-08	9.619995e-15	2.308157e-02
2	181	R1	1.107910e+00	1.107910e+00	1.244895e-08	0.000000e+00	2.393558e-02
2	182	R1	1.110864e+00	1.110864e+00	1.241285e-08	0.000000e+00	2.356977e-02
2	183	R1	1.153403e+00	1.153403e+00	1.191253e-08	6.354418e-07	2.461124e-02
2	184	R1	1.141422e+00	1.141422e+00	1.204986e-08	9.113936e-15	2.436320e-02
2	185	R1	1.112471e+00	1.112471e+00	1.239330e-08	6.708193e-07	2.264792e-02
2	186	R1	1.136880e+00	1.136880e+00	1.210264e-08	0.000000e+00	2.455744e-02
2	187	R1	1.131734e+00	1.131734e+00	1.216294e-08	-9.270647e-15	2.395136e-02
2	188	R1	1.075269e+00	1.075269e+00	1.286038e-08	0.000000e+00	2.266158e-02
2	189	R1	1.093494e+00	1.093494e+00	1.262778e-08	0.000000e+00	2.259927e-02
2	190	R1	1.224740e+00	1.224740e+00	1.114739e-08	0.000000e+00	2.669978e-02
2	191	R1	1.143903e+00	1.143903e+00	1.202120e-08	0.000000e+00	2.446921e-02
2	192	R1	1.093853e+00	1.093853e+00	1.262328e-08	0.000000e+00	2.297306e-02
2	193	R1	1.057082e+00	1.057082e+00	1.310012e-08	-2.113950e-14	2.100756e-02
2	194	R1	1.108402e+00	1.108402e+00	1.244293e-08	9.822636e-15	2.260540e-02
2	195	R1	1.009999e+00	1.009999e+00	1.375911e-08	0.000000e+00	2.101402e-02
2	196	R1	1.111111e+00	1.111111e+00	1.240985e-08	0.000000e+00	2.283951e-02
2	197	R1	1.084246e+00	1.084246e+00	1.274488e-08	-1.015481e-14	2.186596e-02
2	198	R1	1.065644e+00	1.065644e+00	1.298629e-08	0.000000e+00	2.225769e-02
2	199	R1	1.149161e+00	1.149161e+00	1.196084e-08	9.553571e-15	2.324205e-02
2	200	R1	1.091346e+00	1.091346e+00	1.265481e-08	-9.864017e-15	2.251057e-02
2	202	R1	1.085541e+00	1.085541e+00	1.272837e-08	0.000000e+00	2.286093e-02
2	203	R1	1.117318e+00	1.117318e+00	1.233462e-08	9.614231e-15	2.309541e-02
2	204	R1	1.112595e+00	1.112595e+00	1.239180e-08	6.563833e-07	2.314811e-02
2	205	R1	1.092180e+00	1.092180e+00	1.264430e-08	6.745684e-07	2.218714e-02
2	206	R1	1.083189e+00	1.083189e+00	1.275838e-08	9.755063e-15	2.276199e-02
2	207	R1	1.096251e+00	1.096251e+00	1.259323e-08	0.000000e+00	2.235285e-02
2	208	R1	1.080847e+00	1.080847e+00	1.278839e-08	0.000000e+00	2.254686e-02
2	209	R1	1.080380e+00	1.080380e+00	1.279439e-08	9.607751e-15	2.311099e-02
2	210	R1	1.056301e+00	1.056301e+00	1.311060e-08	-1.005078e-14	2.209227e-02
2	211	R1	1.097333e+00	1.097333e+00	1.257971e-08	0.000000e+00	2.311950e-02
2	212	R1	1.005935e+00	1.005935e+00	1.381877e-08	-1.080947e-14	2.054168e-02
2	213	R1	1.096972e+00	1.096972e+00	1.258422e-08	1.994836e-14	2.226194e-02
2	214	R1	1.199616e+00	1.199616e+00	1.140709e-08	0.000000e+00	2.604733e-02


