2	1.541782e+01	2.591031e-01	7.860000e-01	7.000000e-03	1.034982e+00	2.131665e-02	2.245167e-02	
3	1.512859e+01	2.540505e-01	7.970000e-01	7.000000e-03	1.098539e+00	2.304965e-02	2.260546e-02	
4	1.469940e+01	2.484831e-01	8.090000e-01	7.000000e-03	1.086012e+00	2.170137e-02	2.102664e-02	
5	1.568874e+01	2.609046e-01	8.060000e-01	1.400000e-02	1.147184e+00	2.408336e-02	2.255987e-02	
6	1.497454e+01	2.489030e-01	8.100000e-01	8.000000e-03	1.123091e+00	2.270399e-02	2.163069e-02	
7	1.442585e+01	2.476452e-01	7.520000e-01	7.000000e-03	1.144689e+00	2.410974e-02	2.877669e-02	
8	1.723841e+01	2.852762e-01	8.210000e-01	9.000000e-03	1.144296e+00	2.370037e-02	2.076314e-02	
10	2.062281e+01	3.785172e-01	8.250000e-01	2.300000e-02	1.130454e+00	2.351386e-02	2.005363e-02	
11	1.807338e+01	2.972488e-01	7.970000e-01	9.000000e-03	1.166861e+00	2.450817e-02	2.401138e-02	
12	1.608752e+01	2.691605e-01	8.340000e-01	1.500000e-02	1.184834e+00	2.428629e-02	1.993735e-02	
13	1.473839e+01	2.476311e-01	7.280000e-01	7.000000e-03	1.192606e+00	2.574379e-02	3.288272e-02	
15	1.638002e+01	2.683049e-01	8.090000e-01	8.000000e-03	1.110864e+00	2.369317e-02	2.150781e-02	
16	1.566416e+01	2.576342e-01	8.320000e-01	1.200000e-02	1.173433e+00	2.506042e-02	1.998341e-02	
17	1.592864e+01	2.689449e-01	8.270000e-01	8.000000e-03	1.185818e+00	2.531094e-02	2.079533e-02	
18	1.479947e+01	2.474974e-01	7.910000e-01	7.000000e-03	1.148501e+00	2.334727e-02	2.433210e-02	
19	1.551831e+01	2.600834e-01	7.920000e-01	7.000000e-03	1.157541e+00	2.438622e-02	2.440629e-02	
21	1.589825e+01	2.628646e-01	8.020000e-01	1.100000e-02	1.164822e+00	2.482964e-02	2.337904e-02	
22	1.477978e+01	2.446550e-01	7.920000e-01	1.100000e-02	1.148237e+00	2.399578e-02	2.421012e-02	
23	1.508296e+01	2.479702e-01	7.830000e-01	7.000000e-03	1.120951e+00	2.412538e-02	2.465744e-02	
24	1.499700e+01	2.518992e-01	7.950000e-01	7.000000e-03	1.118443e+00	2.351720e-02	2.324179e-02	
25	1.501953e+01	2.481448e-01	7.960000e-01	7.000000e-03	1.096371e+00	2.331937e-02	2.267199e-02	
26	1.556905e+01	2.593629e-01	8.050000e-01	7.000000e-03	1.131734e+00	2.395136e-02	2.237076e-02	
28	1.448436e+01	2.433640e-01	7.660000e-01	7.000000e-03	1.107420e+00	2.293328e-02	2.626818e-02	
29	2.047083e+01	3.729588e-01	7.980000e-01	7.000000e-03	1.120197e+00	2.334005e-02	2.293758e-02	
30	1.494768e+01	2.480109e-01	8.000000e-01	7.000000e-03	1.093374e+00	2.187705e-02	2.216668e-02	
31	1.574059e+01	2.601546e-01	8.280000e-01	8.000000e-03	1.175779e+00	2.446947e-02	2.050010e-02	
33	1.332800e+01	2.362554e-01	6.130000e-01	1.800000e-02	1.023227e+00	2.083518e-02	4.014070e-02	
34	1.673640e+01	2.773061e-01	8.220000e-01	8.000000e-03	1.153403e+00	2.461124e-02	2.081147e-02	
35	1.537752e+01	2.577502e-01	8.190000e-01	1.000000e-02	1.139731e+00	2.338176e-02	2.091138e-02	
36	1.561524e+01	2.609042e-01	8.110000e-01	8.000000e-03	1.137786e+00	2.291365e-02	2.179838e-02	
37	1.556905e+01	2.593629e-01	8.050000e-01	7.000000e-03	1.131734e+00	2.395136e-02	2.237076e-02	
38	1.438642e+01	2.400841e-01	7.730000e-01	7.000000e-03	1.093853e+00	2.297306e-02	2.517019e-02	
39	1.431844e+01	2.439712e-01	7.020000e-01	1.600000e-02	1.132888e+00	2.412857e-02	3.422197e-02	
40	1.509434e+01	2.483446e-01	7.840000e-01	7.000000e-03	1.105217e+00	2.320857e-02	2.419931e-02	
41	1.413228e+01	2.376683e-01	7.460000e-01	7.000000e-03	1.103996e+00	2.303547e-02	2.842518e-02	
42	1.419245e+01	2.376822e-01	7.630000e-01	7.000000e-03	1.196458e+00	2.591038e-02	2.874404e-02	
43	1.378170e+01	2.336203e-01	6.690000e-01	6.000000e-03	1.144951e+00	2.477624e-02	3.841640e-02	
44	1.526019e+01	2.584893e-01	7.590000e-01	9.000000e-03	1.115573e+00	2.352113e-02	2.725317e-02	
45	1.429184e+01	2.430654e-01	6.970000e-01	6.000000e-03	1.157541e+00	2.532415e-02	3.555339e-02	
46	1.422880e+01	2.348521e-01	7.540000e-01	7.000000e-03	1.182732e+00	2.489962e-02	2.949330e-02	
48	1.396453e+01	2.340097e-01	6.710000e-01	9.000000e-03	1.154468e+00	2.518984e-02	3.850167e-02	
49	1.431844e+01	2.439712e-01	7.550000e-01	9.000000e-03	1.132888e+00	2.412857e-02	2.813551e-02	
50	1.470805e+01	2.422858e-01	7.880000e-01	7.000000e-03	1.130071e+00	2.337021e-02	2.428530e-02	
51	1.450747e+01	2.441414e-01	7.240000e-01	7.000000e-03	1.134559e+00	2.432852e-02	3.174226e-02	
52	1.412429e+01	2.393948e-01	7.420000e-01	7.000000e-03	1.116819e+00	2.270059e-02	2.920818e-02	
53	1.558118e+01	2.597672e-01	7.960000e-01	7.000000e-03	1.172470e+00	2.543171e-02	2.424565e-02	
54	1.575051e+01	2.629633e-01	7.970000e-01	9.000000e-03	1.157407e+00	2.411265e-02	2.381684e-02	
55	1.495215e+01	2.481592e-01	7.830000e-01	7.000000e-03	1.109508e+00	2.252747e-02	2.440575e-02	
56	1.467351e+01	2.454557e-01	7.940000e-01	7.000000e-03	1.172608e+00	2.447516e-02	2.448623e-02	
57	1.611344e+01	2.674322e-01	7.960000e-01	7.000000e-03	1.128668e+00	2.293005e-02	2.333986e-02	
58	1.432049e+01	2.460918e-01	6.950000e-01	8.000000e-03	1.123091e+00	2.308239e-02	3.472294e-02	
59	1.504212e+01	2.556798e-01	7.890000e-01	1.100000e-02	1.133273e+00	2.311753e-02	2.423923e-02	
60	1.489647e+01	2.485334e-01	7.300000e-01	1.400000e-02	1.108525e+00	2.211888e-02	3.033967e-02	
61	1.541070e+01	2.612385e-01	7.960000e-01	8.000000e-03	1.162250e+00	2.390961e-02	2.403431e-02	
62	1.509206e+01	2.505474e-01	7.810000e-01	7.000000e-03	1.154734e+00	2.400141e-02	2.563469e-02	
63	1.594642e+01	2.644598e-01	7.930000e-01	8.000000e-03	1.162385e+00	2.405028e-02	2.439059e-02	
64	1.545356e+01	2.531413e-01	7.210000e-01	1.900000e-02	1.140121e+00	2.313778e-02	3.224460e-02	
65	1.611863e+01	2.753990e-01	8.230000e-01	8.000000e-03	1.180220e+00	2.409748e-02	2.117571e-02	
66	1.568381e+01	2.607410e-01	8.130000e-01	1.100000e-02	1.167270e+00	2.384408e-02	2.212660e-02	
67	1.496782e+01	2.509199e-01	8.010000e-01	1.100000e-02	1.139731e+00	2.299207e-02	2.299097e-02	
68	1.539883e+01	2.418664e-01	8.170000e-01	8.000000e-03	1.168088e+00	2.428684e-02	2.166848e-02	
69	1.573812e+01	2.625497e-01	8.240000e-01	8.000000e-03	1.174398e+00	2.537748e-02	2.095221e-02	
70	1.522533e+01	2.549919e-01	8.080000e-01	7.000000e-03	1.135203e+00	2.358294e-02	2.209411e-02	
71	1.522997e+01	2.551473e-01	8.060000e-01	7.000000e-03	1.150086e+00	2.407311e-02	2.261695e-02	
72	1.766784e+01	2.934236e-01	8.180000e-01	9.000000e-03	1.177163e+00	2.508140e-02	2.171750e-02	
73	1.652619e+01	2.731151e-01	8.160000e-01	9.000000e-03	1.157541e+00	2.452021e-02	2.159018e-02	
74	1.419648e+01	2.398326e-01	7.910000e-01	7.000000e-03	1.078632e+00	2.175647e-02	2.285186e-02	
75	1.526019e+01	2.584893e-01	7.590000e-01	9.000000e-03	1.115573e+00	2.352113e-02	2.725317e-02	
76	1.581028e+01	2.624631e-01	7.900000e-01	7.000000e-03	1.137527e+00	2.380901e-02	2.421491e-02	
77	1.646904e+01	2.712292e-01	8.070000e-01	7.000000e-03	1.108525e+00	2.383924e-02	2.168725e-02	
78	1.527417e+01	2.519643e-01	7.900000e-01	7.000000e-03	1.127523e+00	2.428198e-02	2.400195e-02	
79	1.440507e+01	2.427821e-01	7.330000e-01	7.000000e-03	1.054296e+00	2.200850e-02	2.853486e-02	
80	1.333156e+01	2.274949e-01	7.280000e-01	7.000000e-03	1.063377e+00	2.182389e-02	2.931961e-02	
81	1.482800e+01	2.506512e-01	8.160000e-01	8.000000e-03	1.098418e+00	2.328589e-02	2.048743e-02	
82	1.538225e+01	2.555427e-01	8.070000e-01	7.000000e-03	1.087193e+00	3.238648e-02	2.126991e-02	
83	1.589067e+01	2.651391e-01	8.130000e-01	8.000000e-03	1.097454e+00	2.300414e-02	2.080318e-02	
84	2.131287e+01	3.997299e-01	8.100000e-01	1.300000e-02	1.094930e+00	2.205926e-02	2.108832e-02	
86	1.593118e+01	2.563404e-01	8.370000e-01	8.000000e-03	1.181893e+00	2.444526e-02	1.952845e-02	
88	1.633987e+01	2.669913e-01	7.870000e-01	1.100000e-02	1.080147e+00	2.263432e-02	2.332192e-02	
89	1.501953e+01	2.481448e-01	8.320000e-01	8.000000e-03	1.155936e+00	2.365052e-02	1.968543e-02	
90	1.520913e+01	2.544492e-01	8.170000e-01	8.000000e-03	1.135589e+00	2.437274e-02	2.106562e-02	
92	1.537752e+01	2.553855e-01	8.280000e-01	8.000000e-03	1.125239e+00	2.266432e-02	1.961892e-02	
93	1.535627e+01	2.570382e-01	8.360000e-01	8.000000e-03	1.167270e+00	2.534285e-02	1.940515e-02	
94	1.591343e+01	2.684315e-01	8.260000e-01	8.000000e-03	1.149425e+00	2.391333e-02	2.027364e-02	
95	1.585037e+01	2.637960e-01	8.180000e-01	8.000000e-03	1.129178e+00	2.346079e-02	2.083222e-02	
96	1.537752e+01	2.624795e-01	8.110000e-01	8.000000e-03	1.146000e+00	2.442770e-02	2.195576e-02	
97	1.562988e+01	2.565079e-01	7.930000e-01	7.000000e-03	1.129816e+00	2.425319e-02	2.370718e-02	
98	1.610565e+01	2.671738e-01	8.010000e-01	1.100000e-02	1.088613e+00	2.287201e-02	2.195980e-02	
99	1.492760e+01	2.518016e-01	7.680000e-01	7.000000e-03	1.080380e+00	2.194377e-02	2.540777e-02	
100	1.401935e+01	2.319197e-01	7.940000e-01	7.000000e-03	1.140901e+00	2.382030e-02	2.382413e-02	
101	1.448436e+01	2.433640e-01	7.870000e-01	7.000000e-03	1.107420e+00	2.293328e-02	2.391078e-02	
102	1.199185e+01	2.185826e-01	6.490000e-01	6.000000e-03	1.079098e+00	2.224104e-02	3.839457e-02	
103	1.282380e+01	2.252963e-01	6.270000e-01	6.000000e-03	1.054074e+00	2.099926e-02	3.985490e-02	
104	1.623640e+01	2.662570e-01	8.070000e-01	1.600000e-02	1.104850e+00	2.258284e-02	2.161537e-02	
105	1.523229e+01	2.552250e-01	8.030000e-01	7.000000e-03	1.104240e+00	2.353339e-02	2.205117e-02	
106	1.437815e+01	2.377407e-01	8.030000e-01	9.000000e-03	1.050310e+00	2.107018e-02	2.097420e-02	
107	1.475144e+01	2.458936e-01	8.120000e-01	8.000000e-03	1.110618e+00	2.269587e-02	2.116529e-02	
108	1.509890e+01	2.507744e-01	8.170000e-01	8.000000e-03	1.086957e+00	2.173913e-02	2.016346e-02	
109	1.467782e+01	2.477542e-01	8.080000e-01	7.000000e-03	1.103266e+00	2.251811e-02	2.147253e-02	
110	1.442585e+01	2.476452e-01	7.950000e-01	7.000000e-03	1.063490e+00	2.194163e-02	2.209985e-02	
111	1.501727e+01	2.525806e-01	7.640000e-01	7.000000e-03	1.055520e+00	2.239388e-02	2.525111e-02	
113	1.569612e+01	2.611504e-01	8.170000e-01	1.700000e-02	1.087784e+00	2.177225e-02	2.017882e-02	
114	1.558603e+01	2.599292e-01	7.950000e-01	7.000000e-03	1.131478e+00	2.419657e-02	2.351266e-02	
115	1.577038e+01	2.586532e-01	7.920000e-01	8.000000e-03	1.106072e+00	2.238815e-02	2.332108e-02	
116	1.592357e+01	2.662380e-01	7.900000e-01	1.600000e-02	1.135332e+00	2.345939e-02	2.416817e-02	
117	1.603335e+01	2.647803e-01	7.890000e-01	8.000000e-03	1.156872e+00	2.409034e-02	2.474398e-02	
118	1.450326e+01	2.418963e-01	7.610000e-01	7.000000e-03	1.144689e+00	2.424077e-02	2.773238e-02	
119	1.673920e+01	2.745969e-01	7.870000e-01	7.000000e-03	1.130327e+00	2.338078e-02	2.440537e-02	
120	1.490535e+01	2.088393e-01	7.940000e-01	1.400000e-02	1.124227e+00	2.426662e-02	2.347595e-02	
121	1.736111e+01	2.863378e-01	8.140000e-01	8.000000e-03	1.191327e+00	2.540476e-02	2.246187e-02	
122	1.747335e+01	2.839458e-01	8.230000e-01	1.000000e-02	1.133144e+00	2.285549e-02	2.033108e-02	
123	1.676165e+01	2.725243e-01	8.140000e-01	8.000000e-03	1.193033e+00	2.647388e-02	2.249402e-02	
124	1.725328e+01	2.798151e-01	8.090000e-01	1.100000e-02	1.145869e+00	2.442210e-02	2.218555e-02	
125	1.509206e+01	2.505474e-01	7.810000e-01	7.000000e-03	1.154734e+00	2.400141e-02	2.563469e-02	
126	1.525320e+01	2.535996e-01	7.820000e-01	7.000000e-03	1.106439e+00	2.313754e-02	2.445040e-02	
127	1.508978e+01	2.527488e-01	7.460000e-01	7.000000e-03	1.073653e+00	2.270878e-02	2.764390e-02	
129	1.467351e+01	2.454557e-01	7.760000e-01	1.000000e-02	1.084481e+00	2.269871e-02	2.462475e-02	
130	1.527417e+01	2.542973e-01	7.710000e-01	7.000000e-03	1.123091e+00	2.320852e-02	2.607067e-02	
131	1.546073e+01	2.533762e-01	8.000000e-01	9.000000e-03	1.159958e+00	2.448816e-02	2.351658e-02	
132	1.552554e+01	2.530945e-01	7.660000e-01	8.000000e-03	1.093135e+00	2.234546e-02	2.592934e-02	
133	1.541307e+01	2.565678e-01	7.590000e-01	7.000000e-03	1.111482e+00	2.285474e-02	2.715321e-02	
134	1.495886e+01	2.483820e-01	8.050000e-01	1.200000e-02	1.147447e+00	2.396275e-02	2.268136e-02	
135	1.554243e+01	2.536455e-01	7.980000e-01	7.000000e-03	1.137010e+00	2.378735e-02	2.328184e-02	
136	1.555452e+01	2.588791e-01	7.870000e-01	7.000000e-03	1.120323e+00	2.309426e-02	2.418937e-02	
137	1.447178e+01	2.471303e-01	7.750000e-01	1.900000e-02	1.059434e+00	2.211130e-02	2.416342e-02	
138	1.425110e+01	2.376200e-01	7.760000e-01	7.000000e-03	1.087666e+00	2.224072e-02	2.469707e-02	
141	1.412230e+01	2.373328e-01	7.840000e-01	7.000000e-03	1.101079e+00	2.255018e-02	2.410872e-02	
142	1.469508e+01	2.483371e-01	7.680000e-01	7.000000e-03	1.078400e+00	2.163079e-02	2.536119e-02	
143	1.398601e+01	2.366864e-01	7.550000e-01	8.000000e-03	1.050310e+00	2.184239e-02	2.608467e-02	
144	1.469076e+01	2.546657e-01	7.750000e-01	7.000000e-03	1.080614e+00	2.171971e-02	2.464648e-02	
145	1.518142e+01	2.512182e-01	7.860000e-01	7.000000e-03	1.167951e+00	2.455399e-02	2.533614e-02	
146	1.523461e+01	2.576237e-01	7.940000e-01	7.000000e-03	1.122460e+00	2.381244e-02	2.343906e-02	
147	1.486326e+01	2.474264e-01	8.020000e-01	7.000000e-03	1.119445e+00	2.318340e-02	2.246827e-02	
148	1.420858e+01	2.362040e-01	7.810000e-01	7.000000e-03	1.090750e+00	2.284294e-02	2.421427e-02	
149	1.467351e+01	2.454557e-01	7.990000e-01	7.000000e-03	1.100594e+00	2.337824e-02	2.242462e-02	
150	1.541307e+01	2.541921e-01	7.970000e-01	7.000000e-03	1.152339e+00	2.443310e-02	2.371255e-02	
151	1.576293e+01	2.608933e-01	7.910000e-01	7.000000e-03	1.131222e+00	2.444156e-02	2.396602e-02	
152	1.368176e+01	2.321164e-01	7.340000e-01	7.000000e-03	1.081315e+00	2.163097e-02	2.915652e-02	
153	1.525088e+01	2.535223e-01	7.420000e-01	9.000000e-03	1.131350e+00	2.329513e-02	2.958819e-02	
154	1.449906e+01	2.417561e-01	7.770000e-01	7.000000e-03	1.096732e+00	2.237246e-02	2.479175e-02	
155	1.684920e+01	2.782176e-01	7.570000e-01	8.000000e-03	1.101807e+00	2.330839e-02	2.714024e-02	
156	1.492315e+01	2.516513e-01	7.730000e-01	1.300000e-02	1.187931e+00	2.554234e-02	2.733498e-02	
158	1.507613e+01	2.522917e-01	7.300000e-01	7.000000e-03	1.221896e+00	2.523222e-02	3.344260e-02	
159	2.656042e+01	4.585465e-01	7.800000e-01	1.300000e-02	1.130966e+00	2.327932e-02	2.522168e-02	
160	1.198466e+01	2.154481e-01	5.930000e-01	6.000000e-03	1.055966e+00	2.129773e-02	4.356586e-02	
161	1.564945e+01	2.595997e-01	7.810000e-01	7.000000e-03	1.064509e+00	2.232365e-02	2.363172e-02	
162	1.552554e+01	2.579153e-01	7.540000e-01	7.000000e-03	1.124101e+00	2.375573e-02	2.803123e-02	
163	1.534919e+01	2.568016e-01	7.810000e-01	7.000000e-03	1.062361e+00	2.178217e-02	2.358402e-02	
164	1.646362e+01	2.710506e-01	8.170000e-01	9.000000e-03	1.106684e+00	2.278036e-02	2.052942e-02	
165	1.701259e+01	2.807453e-01	8.160000e-01	8.000000e-03	1.106072e+00	2.324452e-02	2.063019e-02	
166	1.672241e+01	2.740462e-01	8.160000e-01	8.000000e-03	1.081549e+00	2.269311e-02	2.017278e-02	
167	1.665556e+01	2.718596e-01	8.210000e-01	1.000000e-02	1.096611e+00	2.248781e-02	1.989792e-02	
168	1.514922e+01	2.524487e-01	7.990000e-01	1.000000e-02	1.093374e+00	2.211614e-02	2.227751e-02	
169	1.638002e+01	2.683049e-01	8.070000e-01	7.000000e-03	1.110864e+00	2.369317e-02	2.173302e-02	
170	1.552554e+01	2.530945e-01	7.660000e-01	8.000000e-03	1.093135e+00	2.234546e-02	2.592934e-02	
171	1.648533e+01	2.717660e-01	8.350000e-01	1.400000e-02	1.104484e+00	2.317782e-02	1.847333e-02	
172	1.706193e+01	2.794652e-01	8.320000e-01	8.000000e-03	1.107297e+00	2.280559e-02	1.885712e-02	
173	1.588310e+01	2.623638e-01	8.200000e-01	8.000000e-03	1.062361e+00	2.189503e-02	1.938413e-02	
174	1.550628e+01	2.572759e-01	8.090000e-01	7.000000e-03	1.043950e+00	2.081580e-02	2.021227e-02	
175	1.550868e+01	2.525453e-01	8.230000e-01	8.000000e-03	1.073998e+00	2.214668e-02	1.926987e-02	
176	1.622060e+01	2.657389e-01	8.200000e-01	8.000000e-03	1.144951e+00	2.398969e-02	2.089109e-02	
178	1.649077e+01	2.746648e-01	8.230000e-01	9.000000e-03	1.107297e+00	2.206992e-02	1.986732e-02	
179	1.598465e+01	2.682846e-01	8.260000e-01	8.000000e-03	1.121957e+00	2.429459e-02	1.978915e-02	
180	1.467351e+01	2.454557e-01	8.290000e-01	8.000000e-03	1.085187e+00	2.308157e-02	1.881060e-02	
181	1.634521e+01	2.698376e-01	8.310000e-01	8.000000e-03	1.107910e+00	2.393558e-02	1.897987e-02	
182	1.680672e+01	2.711673e-01	8.390000e-01	8.000000e-03	1.110864e+00	2.356977e-02	1.812962e-02	
183	1.673640e+01	2.773061e-01	8.220000e-01	8.000000e-03	1.153403e+00	2.461124e-02	2.081147e-02	
184	1.563966e+01	2.592750e-01	8.150000e-01	8.000000e-03	1.141422e+00	2.436320e-02	2.140523e-02	
185	1.543210e+01	2.548201e-01	7.860000e-01	8.000000e-03	1.112471e+00	2.264792e-02	2.413261e-02	
186	1.616815e+01	2.666372e-01	8.090000e-01	8.000000e-03	1.136880e+00	2.455744e-02	2.201152e-02	
187	1.556905e+01	2.593629e-01	8.050000e-01	7.000000e-03	1.131734e+00	2.395136e-02	2.237076e-02	
188	1.549187e+01	2.567978e-01	7.860000e-01	7.000000e-03	1.075269e+00	2.266158e-02	2.332559e-02	
189	1.435956e+01	2.371266e-01	7.960000e-01	7.000000e-03	1.093494e+00	2.259927e-02	2.261249e-02	
190	1.450326e+01	2.418963e-01	8.130000e-01	9.000000e-03	1.224740e+00	2.669978e-02	2.321599e-02	
191	1.413228e+01	2.376683e-01	7.710000e-01	7.000000e-03	1.143903e+00	2.446921e-02	2.655379e-02	
192	1.438642e+01	2.400841e-01	7.730000e-01	7.000000e-03	1.093853e+00	2.297306e-02	2.517019e-02	
193	1.395284e+01	2.355649e-01	7.560000e-01	7.000000e-03	1.057082e+00	2.100756e-02	2.614572e-02	
194	1.509434e+01	2.529014e-01	8.230000e-01	8.000000e-03	1.108402e+00	2.260540e-02	1.988714e-02	
195	1.390047e+01	2.357322e-01	7.720000e-01	7.000000e-03	1.009999e+00	2.101402e-02	2.334305e-02	
196	1.541307e+01	2.565678e-01	7.590000e-01	7.000000e-03	1.111111e+00	2.283951e-02	2.714416e-02	
197	1.434103e+01	2.447415e-01	7.850000e-01	7.000000e-03	1.084246e+00	2.186596e-02	2.363024e-02	
198	1.455816e+01	2.458504e-01	8.040000e-01	7.000000e-03	1.065644e+00	2.225769e-02	2.117239e-02	
199	1.683218e+01	2.691563e-01	8.280000e-01	9.000000e-03	1.149161e+00	2.324205e-02	2.003601e-02	
200	1.594388e+01	2.643755e-01	8.010000e-01	8.000000e-03	1.091346e+00	2.251057e-02	2.201493e-02	
202	1.560793e+01	2.582239e-01	8.180000e-01	9.000000e-03	1.085541e+00	2.286093e-02	2.002716e-02	
203	1.671123e+01	2.764726e-01	8.220000e-01	8.000000e-03	1.117318e+00	2.309541e-02	2.016038e-02	
204	1.551109e+01	2.550296e-01	7.930000e-01	7.000000e-03	1.112595e+00	2.314811e-02	2.334582e-02	
205	1.592610e+01	2.637864e-01	8.180000e-01	8.000000e-03	1.092180e+00	2.218714e-02	2.014965e-02	
206	1.643115e+01	2.726826e-01	8.210000e-01	8.000000e-03	1.083189e+00	2.276199e-02	1.965437e-02	
207	1.623904e+01	2.663434e-01	8.180000e-01	8.000000e-03	1.096251e+00	2.235285e-02	2.022475e-02	
208	1.592357e+01	2.637024e-01	8.010000e-01	9.000000e-03	1.080847e+00	2.254686e-02	2.180315e-02	
209	1.654533e+01	2.737481e-01	7.960000e-01	7.000000e-03	1.080380e+00	2.311099e-02	2.234131e-02	
210	1.615248e+01	2.609026e-01	8.310000e-01	9.000000e-03	1.056301e+00	2.209227e-02	1.809573e-02	
211	1.573069e+01	2.598274e-01	7.890000e-01	7.000000e-03	1.097333e+00	2.311950e-02	2.347053e-02	
212	1.513317e+01	2.542043e-01	7.650000e-01	7.000000e-03	1.005935e+00	2.054168e-02	2.396291e-02	
213	1.535627e+01	2.523219e-01	7.830000e-01	8.000000e-03	1.096972e+00	2.226194e-02	2.413000e-02	
214	1.214034e+01	2.196080e-01	5.720000e-01	5.000000e-03	1.199616e+00	2.604733e-02	5.204607e-02	
