1.215137e+01	2.000000e+00	3.033886e-02
1.248944e+01	0.000000e+00	1.244716e-01
1.283691e+01	1.000000e+00	4.512570e-01
1.319405e+01	2.000000e+00	1.427490e+00
1.356112e+01	1.000000e+00	3.887341e+00
1.393841e+01	8.000000e+00	8.982475e+00
1.432619e+01	2.600000e+01	1.734248e+01
1.472476e+01	1.900000e+01	2.752039e+01
1.513442e+01	3.400000e+01	3.526979e+01
1.555548e+01	4.500000e+01	3.582816e+01
1.598825e+01	2.200000e+01	2.827799e+01
1.643306e+01	1.500000e+01	1.697587e+01
1.689025e+01	1.100000e+01	7.577489e+00
1.736016e+01	4.000000e+00	2.454912e+00
1.784314e+01	2.000000e+00	5.625863e-01
1.833956e+01	0.000000e+00	8.873350e-02
1.884978e+01	0.000000e+00	9.355513e-03
1.937421e+01	0.000000e+00	6.392245e-04
1.991322e+01	0.000000e+00	2.738474e-05
2.046723e+01	2.000000e+00	7.102070e-07
2.103665e+01	1.000000e+00	1.074157e-08
2.162192e+01	0.000000e+00	9.105812e-11
2.222346e+01	0.000000e+00	4.147772e-13
2.284175e+01	0.000000e+00	9.706988e-16
2.347723e+01	0.000000e+00	1.112856e-18
2.413039e+01	0.000000e+00	5.941571e-22
2.480173e+01	0.000000e+00	1.400002e-25
2.549174e+01	0.000000e+00	1.375099e-29
2.620095e+01	1.000000e+00	5.299058e-34


5.758029e-01	1.000000e+00	1.976446e-15
5.834594e-01	0.000000e+00	2.343702e-14
5.912177e-01	1.000000e+00	2.634079e-13
5.990791e-01	0.000000e+00	2.797363e-12
6.070450e-01	0.000000e+00	2.798354e-11
6.151169e-01	1.000000e+00	2.628358e-10
6.232961e-01	1.000000e+00	2.310158e-09
6.315841e-01	0.000000e+00	1.893532e-08
6.399823e-01	0.000000e+00	1.442204e-07
6.484921e-01	1.000000e+00	1.016954e-06
6.571151e-01	0.000000e+00	6.613647e-06
6.658528e-01	1.000000e+00	3.951264e-05
6.747066e-01	1.000000e+00	2.159836e-04
6.836782e-01	0.000000e+00	1.075652e-03
6.927690e-01	2.000000e+00	4.859663e-03
7.019808e-01	1.000000e+00	1.982808e-02
7.113150e-01	0.000000e+00	7.272577e-02
7.207734e-01	2.000000e+00	2.386482e-01
7.303575e-01	6.000000e+00	6.971921e-01
7.400691e-01	2.000000e+00	1.804118e+00
7.499098e-01	5.000000e+00	4.113573e+00
7.598813e-01	1.100000e+01	8.219892e+00
7.699854e-01	1.400000e+01	1.431469e+01
7.802239e-01	1.600000e+01	2.160065e+01
7.905986e-01	3.100000e+01	2.807637e+01
8.011112e-01	3.100000e+01	3.124239e+01
8.117635e-01	3.100000e+01	2.957554e+01
8.225576e-01	2.400000e+01	2.366336e+01
8.334951e-01	1.400000e+01	1.589487e+01


1.009360e+00	2.000000e+00	3.124056e-01
1.016233e+00	0.000000e+00	4.983480e-01
1.023154e+00	1.000000e+00	7.737520e-01
1.030121e+00	0.000000e+00	1.168602e+00
1.037136e+00	1.000000e+00	1.715788e+00
1.044198e+00	1.000000e+00	2.447514e+00
1.051309e+00	4.000000e+00	3.389837e+00
1.058468e+00	5.000000e+00	4.555625e+00
1.065676e+00	6.000000e+00	5.936791e+00
1.072933e+00	3.000000e+00	7.497291e+00
1.080239e+00	1.100000e+01	9.168868e+00
1.087595e+00	1.100000e+01	1.085153e+01
1.095001e+00	1.900000e+01	1.242025e+01
1.102458e+00	1.100000e+01	1.373818e+01
1.109965e+00	1.900000e+01	1.467502e+01
1.117524e+00	9.000000e+00	1.512741e+01
1.125134e+00	1.000000e+01	1.503720e+01
1.132795e+00	2.000000e+01	1.440330e+01
1.140509e+00	1.100000e+01	1.328373e+01
1.148276e+00	1.300000e+01	1.178707e+01
1.156095e+00	1.300000e+01	1.005495e+01
1.163968e+00	6.000000e+00	8.239416e+00
1.171894e+00	7.000000e+00	6.480436e+00
1.179874e+00	4.000000e+00	4.888175e+00
1.187909e+00	4.000000e+00	3.533149e+00
1.195998e+00	4.000000e+00	2.445016e+00
1.204142e+00	0.000000e+00	1.618573e+00
1.212342e+00	0.000000e+00	1.024080e+00
1.220598e+00	2.000000e+00	6.187301e-01


1.843142e-02	3.000000e+00	5.957421e+00
1.911524e-02	6.000000e+00	8.755302e+00
1.982444e-02	1.800000e+01	1.218793e+01
2.055995e-02	1.600000e+01	1.595555e+01
2.132275e-02	1.700000e+01	1.948983e+01
2.211384e-02	2.400000e+01	2.202421e+01
2.293429e-02	1.800000e+01	2.281057e+01
2.378518e-02	2.900000e+01	2.143390e+01
2.466763e-02	1.600000e+01	1.807129e+01
2.558283e-02	1.100000e+01	1.350740e+01
2.653198e-02	5.000000e+00	8.834109e+00
2.751635e-02	8.000000e+00	4.984047e+00
2.853723e-02	6.000000e+00	2.388451e+00
2.959600e-02	5.000000e+00	9.560372e-01
3.069404e-02	1.000000e+00	3.138663e-01
3.183282e-02	2.000000e+00	8.285915e-02
3.301386e-02	2.000000e+00	1.721674e-02
3.423871e-02	2.000000e+00	2.750936e-03
3.550900e-02	1.000000e+00	3.296008e-04
3.682642e-02	0.000000e+00	2.881510e-05
3.819272e-02	3.000000e+00	1.784583e-06
3.960972e-02	2.000000e+00	7.582916e-08
4.107928e-02	0.000000e+00	2.135352e-09
4.260337e-02	0.000000e+00	3.838406e-11
4.418400e-02	1.000000e+00	4.229223e-13
4.582327e-02	0.000000e+00	2.733632e-15
4.752337e-02	0.000000e+00	9.885055e-18
4.928654e-02	0.000000e+00	1.899744e-20
5.111512e-02	1.000000e+00	1.835699e-23


4.320794e-02	3.000000e+00	5.820097e+00
4.448058e-02	6.000000e+00	8.691201e+00
4.579069e-02	1.800000e+01	1.221237e+01
4.713939e-02	1.600000e+01	1.604816e+01
4.852782e-02	1.700000e+01	1.959297e+01
4.995714e-02	2.400000e+01	2.206810e+01
5.142856e-02	1.800000e+01	2.275846e+01
5.294332e-02	2.900000e+01	2.131702e+01
5.450269e-02	1.600000e+01	1.797891e+01
5.610799e-02	1.100000e+01	1.352818e+01
5.776057e-02	5.000000e+00	8.992131e+00
5.946183e-02	8.000000e+00	5.224504e+00
6.121320e-02	6.000000e+00	2.623522e+00
6.301615e-02	5.000000e+00	1.124979e+00
6.487220e-02	1.000000e+00	4.066605e-01
6.678293e-02	2.000000e+00	1.222296e-01
6.874993e-02	2.000000e+00	3.010264e-02
7.077486e-02	2.000000e+00	5.980207e-03
7.285944e-02	1.000000e+00	9.424448e-04
7.500541e-02	0.000000e+00	1.157406e-04
7.721459e-02	3.000000e+00	1.086811e-05
7.948884e-02	2.000000e+00	7.646523e-07
8.183008e-02	0.000000e+00	3.944923e-08
8.424027e-02	0.000000e+00	1.458427e-09
8.672145e-02	1.000000e+00	3.770124e-11
8.927572e-02	0.000000e+00	6.639090e-13
9.190521e-02	0.000000e+00	7.745734e-15
9.461215e-02	0.000000e+00	5.812357e-17
9.739882e-02	1.000000e+00	2.718185e-19


