0	3	R2	1.241465e+01	1.241465e+01	9.011298e-09	0.000000e+00	3.853088e-01
0	7	R2	1.391401e+01	1.391401e+01	1.026921e-08	0.000000e+00	4.065594e-01
0	9	R2	1.546551e+01	1.546551e+01	1.155677e-08	6.458085e-15	5.501187e-01
0	10	R2	1.564945e+01	1.564945e+01	1.170863e-08	3.453923e-15	5.143012e-01
0	11	R2	1.529520e+01	1.529520e+01	1.141603e-08	0.000000e+00	6.082520e-01
0	13	R2	1.482360e+01	1.482360e+01	1.102557e-08	0.000000e+00	5.932955e-01
0	14	R2	1.490757e+01	1.490757e+01	1.109518e-08	2.960415e-15	6.000365e-01
0	15	R2	1.359250e+01	1.359250e+01	1.000071e-08	-3.101487e-15	5.727435e-01
0	17	R2	1.584535e+01	1.584535e+01	1.187020e-08	-3.076088e-15	5.774727e-01
0	18	R2	1.461561e+01	1.461561e+01	1.085302e-08	0.000000e+00	4.485937e-01
0	19	R2	1.439263e+01	1.439263e+01	1.066777e-08	-5.359569e-15	3.314365e-01
0	20	R2	1.543925e+01	1.543925e+01	1.153508e-08	0.000000e+00	5.244147e-01
0	21	R2	1.456240e+01	1.456240e+01	1.080883e-08	-2.263928e-15	7.846349e-01
0	23	R2	1.486547e+01	1.486547e+01	1.106028e-08	-3.921202e-15	9.060267e-01
0	24	R2	1.453066e+01	1.453066e+01	1.078247e-08	0.000000e+00	4.856222e-01
0	25	R2	9.947279e+00	9.947279e+00	6.902549e-09	0.000000e+00	3.166348e-01
0	26	R2	1.143641e+01	1.143641e+01	8.181652e-09	3.772663e-15	4.708496e-01
0	28	R2	1.424704e+01	1.424704e+01	1.054667e-08	5.834309e-15	3.044674e-01
0	29	R2	1.644196e+01	1.644196e+01	1.236125e-08	0.000000e+00	5.677099e-01
0	30	R2	1.527417e+01	1.527417e+01	1.139864e-08	-2.307283e-15	7.698910e-01
0	31	R2	1.438642e+01	1.438642e+01	1.066260e-08	0.000000e+00	7.450886e-01
0	32	R2	1.544163e+01	1.544163e+01	1.153705e-08	2.865303e-15	6.199543e-01
0	33	R2	1.497006e+01	1.497006e+01	1.114695e-08	0.000000e+00	5.602567e-01
0	34	R2	1.837560e+01	1.837560e+01	1.394382e-08	-5.537627e-15	6.415589e-01
0	35	R2	1.604621e+01	1.604621e+01	1.203569e-08	-5.749153e-15	6.179543e-01
0	36	R2	1.734305e+01	1.734305e+01	1.310031e-08	0.000000e+00	1.082812e+00
0	38	R2	1.597699e+01	1.597699e+01	1.197868e-08	0.000000e+00	7.147401e-01
0	39	R2	1.382170e+01	1.382170e+01	1.019218e-08	3.443844e-15	5.158064e-01
0	41	R2	1.445504e+01	1.445504e+01	1.071965e-08	-5.667611e-15	3.134225e-01
0	42	R2	1.384275e+01	1.384275e+01	1.020975e-08	-5.793829e-15	6.131892e-01
0	43	R2	1.504664e+01	1.504664e+01	1.121038e-08	-5.230698e-15	6.792045e-01
0	44	R2	1.507386e+01	1.507386e+01	1.123291e-08	0.000000e+00	5.453312e-01
0	45	R2	1.403312e+01	1.403312e+01	1.036851e-08	-3.221542e-15	5.513995e-01
0	46	R2	1.579030e+01	1.579030e+01	1.182482e-08	2.968506e-15	5.984009e-01
0	47	R2	1.506932e+01	1.506932e+01	1.122915e-08	0.000000e+00	3.179181e-01
0	48	R2	1.593372e+01	1.593372e+01	1.194302e-08	-6.084127e-15	5.839316e-01
0	49	R2	1.413228e+01	1.413228e+01	1.045113e-08	0.000000e+00	5.392475e-01
0	50	R2	1.317349e+01	1.317349e+01	9.649830e-09	3.655697e-15	4.859147e-01
0	51	R2	1.232894e+01	1.232894e+01	8.938909e-09	3.651985e-15	4.864085e-01
0	52	R2	1.200192e+01	1.200192e+01	8.662207e-09	-4.743025e-15	3.745198e-01
0	53	R2	9.717229e+00	9.717229e+00	6.703088e-09	0.000000e+00	3.021585e-01
0	55	R2	7.646429e+00	7.646429e+00	4.890243e-09	-6.076351e-15	2.923394e-01
0	56	R2	6.600224e+00	6.600224e+00	3.978219e-09	0.000000e+00	2.526652e-01
0	57	R2	8.247423e+00	8.247423e+00	5.418358e-09	0.000000e+00	2.924859e-01
0	58	R2	8.700191e+00	8.700191e+00	5.815711e-09	-6.902298e-15	2.573573e-01
0	59	R2	1.330141e+01	1.330141e+01	9.757070e-09	-3.137508e-15	5.661680e-01
0	60	R2	1.487874e+01	1.487874e+01	1.107128e-08	0.000000e+00	5.313044e-01
0	61	R2	1.541782e+01	1.541782e+01	1.151738e-08	7.116965e-15	4.991895e-01
0	62	R2	1.497679e+01	1.497679e+01	1.115252e-08	2.639804e-15	6.729124e-01
0	63	R2	1.555452e+01	1.555452e+01	1.163028e-08	-3.098634e-07	6.774405e-01
0	65	R2	1.733703e+01	1.733703e+01	1.309538e-08	0.000000e+00	2.104009e+00
0	70	R2	1.939112e+01	1.939112e+01	1.477041e-08	0.000000e+00	1.128046e+00
0	71	R2	1.625223e+01	1.625223e+01	1.220525e-08	0.000000e+00	1.399916e+00
0	72	R2	1.421060e+01	1.421060e+01	1.051634e-08	1.312897e-15	1.353006e+00
0	73	R2	1.955034e+01	1.955034e+01	1.489976e-08	-4.647522e-15	7.644318e-01
0	74	R2	1.685488e+01	1.685488e+01	1.270029e-08	0.000000e+00	5.965826e-01
0	75	R2	1.876877e+01	1.876877e+01	1.426418e-08	3.878960e-15	9.158934e-01
0	76	R2	8.509190e+00	8.509190e+00	5.648208e-09	4.628901e-15	3.837535e-01
0	78	R2	1.340662e+01	1.340662e+01	9.845197e-09	-3.088456e-15	5.751601e-01
0	79	R2	1.450326e+01	1.450326e+01	1.075971e-08	0.000000e+00	7.362063e-01
0	80	R2	1.349528e+01	1.349528e+01	9.919398e-09	-2.438409e-15	7.284900e-01
0	81	R2	1.593625e+01	1.593625e+01	1.194511e-08	-3.041094e-15	5.841177e-01
0	82	R2	1.521607e+01	1.521607e+01	1.135059e-08	0.000000e+00	6.714333e-01
0	83	R2	1.448855e+01	1.448855e+01	1.074749e-08	2.820713e-15	6.297546e-01
0	84	R2	1.477978e+01	1.477978e+01	1.098924e-08	2.391747e-15	7.427026e-01
0	85	R2	1.448646e+01	1.448646e+01	1.074575e-08	0.000000e+00	7.135151e-01
0	86	R2	1.477105e+01	1.477105e+01	1.098200e-08	2.907699e-15	6.109149e-01
0	87	R2	1.378550e+01	1.378550e+01	1.016196e-08	0.000000e+00	4.941039e-01
0	89	R2	1.309243e+01	1.309243e+01	9.581813e-09	6.095939e-15	5.828001e-01
0	90	R2	1.377600e+01	1.377600e+01	1.015403e-08	0.000000e+00	7.021795e-01
0	91	R2	1.463058e+01	1.463058e+01	1.086544e-08	-2.766215e-15	6.421614e-01
0	92	R2	1.393728e+01	1.393728e+01	1.028861e-08	0.000000e+00	5.633187e-01
0	93	R2	1.540357e+01	1.540357e+01	1.150560e-08	2.201954e-15	8.067183e-01
0	94	R2	1.524158e+01	1.524158e+01	1.137169e-08	4.133316e-15	8.595312e-01
0	95	R2	1.525088e+01	1.525088e+01	1.137938e-08	4.773321e-15	7.442856e-01
0	96	R2	1.918281e+01	1.918281e+01	1.460108e-08	2.011381e-15	1.766305e+00
0	97	R2	1.771793e+01	1.771793e+01	1.340695e-08	3.772359e-15	9.417752e-01
0	98	R2	1.554243e+01	1.554243e+01	1.162030e-08	0.000000e+00	1.207836e+00
0	99	R2	1.705030e+01	1.705030e+01	1.286052e-08	0.000000e+00	6.977104e-01
0	100	R2	1.672520e+01	1.672520e+01	1.259388e-08	0.000000e+00	5.314917e-01
0	101	R2	1.475579e+01	1.475579e+01	1.096934e-08	0.000000e+00	6.314268e-01
0	102	R2	1.317697e+01	1.317697e+01	9.652742e-09	9.743388e-15	3.646281e-01
0	103	R2	1.370990e+01	1.370990e+01	1.009883e-08	-4.295751e-15	4.135149e-01
0	105	R2	1.581028e+01	1.581028e+01	1.184128e-08	3.384013e-15	5.249262e-01
0	106	R2	1.559333e+01	1.559333e+01	1.166231e-08	2.435182e-15	7.294555e-01
0	107	R2	1.550388e+01	1.550388e+01	1.158846e-08	2.956035e-15	6.009254e-01
0	108	R2	1.562012e+01	1.562012e+01	1.168443e-08	3.165437e-15	5.611726e-01
0	109	R2	1.559576e+01	1.559576e+01	1.166432e-08	2.921307e-15	6.080692e-01
0	110	R2	1.488760e+01	1.488760e+01	1.107863e-08	2.585349e-15	6.870858e-01
0	112	R2	1.564700e+01	1.564700e+01	1.170661e-08	-6.046257e-15	5.875889e-01
0	115	R2	1.546790e+01	1.546790e+01	1.155875e-08	-2.749815e-15	6.459914e-01
0	116	R2	1.523229e+01	1.523229e+01	1.136401e-08	5.889200e-15	6.032591e-01
0	117	R2	1.554485e+01	1.554485e+01	1.162229e-08	-2.534891e-15	7.007626e-01
0	118	R2	1.547509e+01	1.547509e+01	1.156468e-08	-2.649147e-15	6.705391e-01
0	119	R2	1.605652e+01	1.605652e+01	1.204417e-08	-5.991417e-15	5.929671e-01
0	120	R2	1.630258e+01	1.630258e+01	1.224666e-08	4.455808e-15	7.973219e-01
0	121	R2	1.541545e+01	1.541545e+01	1.151541e-08	1.823199e-15	9.743075e-01
0	122	R2	1.524158e+01	1.524158e+01	1.137169e-08	6.372195e-15	5.575338e-01
0	123	R2	1.345533e+01	1.345533e+01	9.885969e-09	0.000000e+00	4.164055e-01
0	124	R2	1.153669e+01	1.153669e+01	8.267059e-09	-4.348921e-07	3.327378e-01
0	125	R2	6.842285e+00	6.842285e+00	4.187409e-09	-3.328304e-15	2.668562e-01
0	126	R2	3.140013e+00	3.140013e+00	1.397783e-09	0.000000e+00	1.222601e-01


1	3	NOE	5.560000e-01	5.560000e-01	2.458123e-09	1.387779e-14	2.400000e-02
1	7	NOE	6.670000e-01	6.670000e-01	3.261363e-09	0.000000e+00	2.400000e-02
1	9	NOE	7.730000e-01	7.730000e-01	5.886906e-09	4.625929e-15	2.400000e-02
1	10	NOE	7.520000e-01	7.520000e-01	4.906800e-09	0.000000e+00	2.400000e-02
1	11	NOE	7.640000e-01	7.640000e-01	5.401433e-09	4.625929e-15	2.400000e-02
1	13	NOE	7.820000e-01	7.820000e-01	6.529446e-09	0.000000e+00	2.400000e-02
1	14	NOE	7.730000e-01	7.730000e-01	5.886906e-09	4.625929e-15	2.400000e-02
1	15	NOE	6.440000e-01	6.440000e-01	3.035227e-09	-4.625929e-15	2.400000e-02
1	17	NOE	7.930000e-01	7.930000e-01	7.696062e-09	4.625929e-15	2.400000e-02
1	18	NOE	7.780000e-01	7.780000e-01	6.219344e-09	-4.625929e-15	2.400000e-02
1	19	NOE	7.970000e-01	7.970000e-01	8.304231e-09	0.000000e+00	2.400000e-02
1	20	NOE	7.800000e-01	7.800000e-01	6.368805e-09	-4.625929e-15	2.400000e-02
1	21	NOE	7.780000e-01	7.780000e-01	6.219344e-09	-4.625929e-15	2.400000e-02
1	23	NOE	7.310000e-01	7.310000e-01	4.290426e-09	-4.625929e-15	2.400000e-02
1	24	NOE	7.260000e-01	7.260000e-01	4.174387e-09	0.000000e+00	2.400000e-02
1	25	NOE	6.460000e-01	6.460000e-01	3.053130e-09	0.000000e+00	2.400000e-02
1	26	NOE	5.770000e-01	5.770000e-01	2.567409e-09	-2.882138e-07	2.400000e-02
1	28	NOE	7.170000e-01	7.170000e-01	3.986772e-09	-4.625929e-15	2.400000e-02
1	29	NOE	6.740000e-01	6.740000e-01	3.340357e-09	4.625929e-15	2.400000e-02
1	30	NOE	6.980000e-01	6.980000e-01	3.659893e-09	0.000000e+00	2.400000e-02
1	31	NOE	5.680000e-01	5.680000e-01	2.518942e-09	-4.625929e-15	2.400000e-02
1	32	NOE	6.530000e-01	6.530000e-01	3.118249e-09	0.000000e+00	2.400000e-02
1	33	NOE	6.490000e-01	6.490000e-01	3.080559e-09	0.000000e+00	2.400000e-02
1	34	NOE	7.080000e-01	7.080000e-01	3.821785e-09	0.000000e+00	2.400000e-02
1	35	NOE	6.650000e-01	6.650000e-01	3.239762e-09	0.000000e+00	2.400000e-02
1	36	NOE	7.520000e-01	7.520000e-01	4.906800e-09	0.000000e+00	2.400000e-02
1	38	NOE	7.550000e-01	7.550000e-01	5.017853e-09	4.625929e-15	2.400000e-02
1	39	NOE	7.420000e-01	7.420000e-01	4.582973e-09	0.000000e+00	2.400000e-02
1	41	NOE	7.800000e-01	7.800000e-01	6.368805e-09	-4.625929e-15	2.400000e-02
1	42	NOE	7.380000e-01	7.380000e-01	4.469960e-09	0.000000e+00	2.400000e-02
1	43	NOE	7.630000e-01	7.630000e-01	5.354500e-09	-4.625929e-15	2.400000e-02
1	44	NOE	7.500000e-01	7.500000e-01	4.836663e-09	0.000000e+00	2.400000e-02
1	45	NOE	7.100000e-01	7.100000e-01	3.856728e-09	0.000000e+00	2.400000e-02
1	46	NOE	7.790000e-01	7.790000e-01	6.292759e-09	4.625929e-15	2.400000e-02
1	47	NOE	7.650000e-01	7.650000e-01	5.449602e-09	0.000000e+00	2.400000e-02
1	48	NOE	7.910000e-01	7.910000e-01	7.437832e-09	4.625929e-15	2.400000e-02
1	49	NOE	6.620000e-01	6.620000e-01	3.208117e-09	4.625929e-15	2.400000e-02
1	50	NOE	5.990000e-01	5.990000e-01	2.697807e-09	-9.251859e-15	2.400000e-02
1	51	NOE	5.780000e-01	5.780000e-01	2.572957e-09	-4.625929e-15	2.400000e-02
1	52	NOE	5.070000e-01	5.070000e-01	2.246346e-09	-4.625929e-15	2.400000e-02
1	53	NOE	4.920000e-01	4.920000e-01	2.190963e-09	-3.811847e-07	2.400000e-02
1	55	NOE	3.630000e-01	3.630000e-01	1.830455e-09	0.000000e+00	2.400000e-02
1	56	NOE	2.160000e-01	2.160000e-01	1.565710e-09	5.782412e-15	2.400000e-02
1	57	NOE	3.500000e-01	3.500000e-01	1.802348e-09	-1.850372e-14	2.400000e-02
1	58	NOE	3.760000e-01	3.760000e-01	1.859739e-09	4.625929e-15	2.400000e-02
1	59	NOE	6.990000e-01	6.990000e-01	3.675192e-09	-4.625929e-15	2.400000e-02
1	60	NOE	7.310000e-01	7.310000e-01	4.290426e-09	-4.625929e-15	2.400000e-02
1	61	NOE	8.000000e-01	8.000000e-01	8.867666e-09	-4.625929e-15	2.400000e-02
1	62	NOE	7.710000e-01	7.710000e-01	5.767929e-09	-4.625929e-15	2.400000e-02
1	63	NOE	7.690000e-01	7.690000e-01	5.655795e-09	4.625929e-15	2.400000e-02
1	65	NOE	7.040000e-01	7.040000e-01	3.754571e-09	0.000000e+00	2.400000e-02
1	70	NOE	6.740000e-01	6.740000e-01	3.340357e-09	4.625929e-15	2.400000e-02
1	71	NOE	7.360000e-01	7.360000e-01	4.416434e-09	-4.625929e-15	2.400000e-02
1	72	NOE	7.350000e-01	7.350000e-01	4.390366e-09	4.625929e-15	2.400000e-02
1	73	NOE	7.390000e-01	7.390000e-01	4.497445e-09	0.000000e+00	2.400000e-02
1	74	NOE	7.640000e-01	7.640000e-01	5.401433e-09	4.625929e-15	2.400000e-02
1	75	NOE	6.630000e-01	6.630000e-01	3.218566e-09	0.000000e+00	2.400000e-02
1	76	NOE	2.640000e-01	2.640000e-01	1.641011e-09	0.000000e+00	2.400000e-02
1	78	NOE	5.620000e-01	5.620000e-01	2.488015e-09	-9.251859e-15	2.400000e-02
1	79	NOE	6.730000e-01	6.730000e-01	3.328735e-09	-4.625929e-15	2.400000e-02
1	80	NOE	6.770000e-01	6.770000e-01	3.375937e-09	0.000000e+00	2.400000e-02
1	81	NOE	6.830000e-01	6.830000e-01	3.450499e-09	0.000000e+00	2.400000e-02
1	82	NOE	7.320000e-01	7.320000e-01	4.314785e-09	0.000000e+00	2.400000e-02
1	83	NOE	7.860000e-01	7.860000e-01	6.890444e-09	0.000000e+00	2.400000e-02
1	84	NOE	7.880000e-01	7.880000e-01	7.094678e-09	0.000000e+00	2.400000e-02
1	85	NOE	8.120000e-01	8.120000e-01	1.336035e-08	0.000000e+00	2.400000e-02
1	86	NOE	7.680000e-01	7.680000e-01	5.602093e-09	4.625929e-15	2.400000e-02
1	87	NOE	7.930000e-01	7.930000e-01	7.696062e-09	4.625929e-15	2.400000e-02
1	89	NOE	7.260000e-01	7.260000e-01	4.174387e-09	0.000000e+00	2.400000e-02
1	90	NOE	7.410000e-01	7.410000e-01	4.553936e-09	4.625929e-15	2.400000e-02
1	91	NOE	7.010000e-01	7.010000e-01	3.706356e-09	4.625929e-15	2.400000e-02
1	92	NOE	7.690000e-01	7.690000e-01	5.655795e-09	4.625929e-15	2.400000e-02
1	93	NOE	7.220000e-01	7.220000e-01	4.087884e-09	0.000000e+00	2.400000e-02
1	94	NOE	7.400000e-01	7.400000e-01	4.525432e-09	0.000000e+00	2.400000e-02
1	95	NOE	7.750000e-01	7.750000e-01	6.013453e-09	-4.625929e-15	2.400000e-02
1	96	NOE	8.070000e-01	8.070000e-01	1.080693e-08	-1.794089e-08	2.400000e-02
1	97	NOE	8.390000e-01	8.214914e-01	2.590578e-05	7.295266e-01	2.400000e-02
1	98	NOE	7.540000e-01	7.540000e-01	4.980018e-09	-8.263754e-08	2.400000e-02
1	99	NOE	7.860000e-01	7.860000e-01	6.890444e-09	0.000000e+00	2.400000e-02
1	100	NOE	7.850000e-01	7.850000e-01	6.794668e-09	0.000000e+00	2.400000e-02
1	101	NOE	8.090000e-01	8.090000e-01	1.164239e-08	4.625929e-15	2.400000e-02
1	102	NOE	7.640000e-01	7.640000e-01	5.401433e-09	4.625929e-15	2.400000e-02
1	103	NOE	7.830000e-01	7.830000e-01	6.614409e-09	-4.625929e-15	2.400000e-02
1	105	NOE	7.860000e-01	7.860000e-01	6.890444e-09	0.000000e+00	2.400000e-02
1	106	NOE	7.760000e-01	7.760000e-01	6.079823e-09	4.625929e-15	2.400000e-02
1	107	NOE	7.630000e-01	7.630000e-01	5.354500e-09	-4.625929e-15	2.400000e-02
1	108	NOE	7.510000e-01	7.510000e-01	4.871360e-09	-4.625929e-15	2.400000e-02
1	109	NOE	7.440000e-01	7.440000e-01	4.642715e-09	0.000000e+00	2.400000e-02
1	110	NOE	7.510000e-01	7.510000e-01	4.871360e-09	-4.625929e-15	2.400000e-02
1	112	NOE	7.630000e-01	7.630000e-01	5.354500e-09	-4.625929e-15	2.400000e-02
1	115	NOE	7.010000e-01	7.010000e-01	3.706356e-09	4.625929e-15	2.400000e-02
1	116	NOE	7.120000e-01	7.120000e-01	3.892618e-09	0.000000e+00	2.400000e-02
1	117	NOE	7.940000e-01	7.940000e-01	7.835600e-09	0.000000e+00	2.400000e-02
1	118	NOE	7.230000e-01	7.230000e-01	4.109018e-09	4.625929e-15	2.400000e-02
1	119	NOE	7.070000e-01	7.070000e-01	3.804654e-09	0.000000e+00	2.400000e-02
1	120	NOE	7.530000e-01	7.530000e-01	4.943010e-09	4.625929e-15	2.400000e-02
1	121	NOE	7.230000e-01	7.230000e-01	4.109018e-09	4.625929e-15	2.400000e-02
1	122	NOE	6.860000e-01	6.860000e-01	3.489606e-09	4.625929e-15	2.400000e-02
1	123	NOE	6.390000e-01	6.390000e-01	2.991748e-09	-4.625929e-15	2.400000e-02
1	124	NOE	5.350000e-01	5.350000e-01	2.360859e-09	0.000000e+00	2.400000e-02
1	125	NOE	4.030000e-01	4.030000e-01	1.924711e-09	-4.625929e-15	2.400000e-02
1	126	NOE	-3.130000e-01	-3.130000e-01	1.069190e-09	-3.006854e-14	2.400000e-02


2	3	R1	2.072539e+00	2.072539e+00	8.083958e-09	0.000000e+00	1.949690e-01
2	7	R1	1.673920e+00	1.673920e+00	1.057040e-08	0.000000e+00	1.102310e-01
2	9	R1	1.794527e+00	1.794527e+00	9.719472e-09	6.312746e-15	1.406960e-01
2	10	R1	1.936633e+00	1.936633e+00	8.835137e-09	0.000000e+00	1.684747e-01
2	11	R1	1.908725e+00	1.908725e+00	9.000062e-09	0.000000e+00	1.345809e-01
2	13	R1	1.836311e+00	1.836311e+00	9.447434e-09	0.000000e+00	1.298909e-01
2	14	R1	1.886330e+00	1.886330e+00	9.135331e-09	0.000000e+00	1.675931e-01
2	15	R1	1.549715e+00	1.549715e+00	1.156883e-08	1.622001e-07	1.232990e-01
2	17	R1	1.716709e+00	1.716709e+00	1.025651e-08	0.000000e+00	1.295835e-01
2	18	R1	1.758613e+00	1.758613e+00	9.962171e-09	0.000000e+00	1.336982e-01
2	19	R1	1.916921e+00	1.916921e+00	8.951216e-09	-3.876018e-15	1.145736e-01
2	20	R1	2.007629e+00	2.007629e+00	8.432588e-09	-2.514954e-15	1.765795e-01
2	21	R1	1.914828e+00	1.914828e+00	8.963652e-09	5.017336e-15	1.327664e-01
2	23	R1	2.180740e+00	2.180740e+00	7.538521e-09	1.764586e-15	2.516677e-01
2	24	R1	1.757624e+00	1.757624e+00	9.968977e-09	0.000000e+00	9.829965e-02
2	25	R1	2.145923e+00	2.145923e+00	7.709555e-09	0.000000e+00	1.256700e-01
2	26	R1	1.706922e+00	1.706922e+00	1.032708e-08	1.630513e-15	1.361808e-01
2	28	R1	1.623113e+00	1.623113e+00	1.096218e-08	2.590947e-15	8.570016e-02
2	29	R1	1.577511e+00	1.577511e+00	1.133308e-08	1.574776e-15	1.410007e-01
2	30	R1	1.851303e+00	1.851303e+00	9.352390e-09	2.772211e-15	1.601931e-01
2	31	R1	1.794913e+00	1.794913e+00	9.716906e-09	1.336202e-15	1.661760e-01
2	32	R1	1.933114e+00	1.933114e+00	8.855716e-09	-3.317643e-15	2.007853e-01
2	33	R1	1.937909e+00	1.937909e+00	8.827690e-09	-1.340102e-15	1.656923e-01
2	34	R1	1.959708e+00	1.959708e+00	8.701703e-09	-1.366515e-15	1.624897e-01
2	35	R1	1.788013e+00	1.788013e+00	9.762862e-09	-1.332072e-15	1.666911e-01
2	36	R1	1.631401e+00	1.631401e+00	1.089678e-08	0.000000e+00	8.817450e-02
2	38	R1	1.732502e+00	1.732502e+00	1.014411e-08	-1.690115e-15	1.313784e-01
2	39	R1	1.613502e+00	1.613502e+00	1.103878e-08	1.829094e-15	1.213960e-01
2	41	R1	1.966414e+00	1.966414e+00	8.663409e-09	0.000000e+00	1.571847e-01
2	42	R1	1.752019e+00	1.752019e+00	1.000767e-08	1.898120e-15	1.169814e-01
2	43	R1	2.009606e+00	2.009606e+00	8.421708e-09	0.000000e+00	1.647715e-01
2	44	R1	1.755310e+00	1.755310e+00	9.984925e-09	0.000000e+00	1.586773e-01
2	45	R1	1.718922e+00	1.718922e+00	1.024065e-08	2.249087e-07	9.478653e-02
2	46	R1	1.692420e+00	1.692420e+00	1.043297e-08	-3.105843e-15	7.149254e-02
2	47	R1	1.579904e+00	1.579904e+00	1.131314e-08	2.332987e-15	9.517612e-02
2	48	R1	1.764011e+00	1.764011e+00	9.925146e-09	-1.552932e-15	1.429842e-01
2	49	R1	1.873607e+00	1.873607e+00	9.213386e-09	-1.555282e-15	1.427680e-01
2	50	R1	2.088206e+00	2.088206e+00	8.002350e-09	2.459339e-15	1.805726e-01
2	51	R1	1.748130e+00	1.748130e+00	1.003465e-08	4.427764e-15	1.002965e-01
2	52	R1	1.741008e+00	1.741008e+00	1.008432e-08	2.367230e-07	9.069075e-02
2	53	R1	2.096612e+00	2.096612e+00	7.958950e-09	0.000000e+00	2.170637e-01
2	55	R1	2.028521e+00	2.028521e+00	8.318461e-09	4.690235e-15	1.893676e-01
2	56	R1	1.752910e+00	1.752910e+00	1.000150e-08	-2.273163e-15	9.768091e-02
2	57	R1	1.665418e+00	1.665418e+00	1.063448e-08	-2.591648e-15	8.567699e-02
2	58	R1	1.629726e+00	1.629726e+00	1.090995e-08	-3.832267e-15	1.158816e-01
2	59	R1	1.676727e+00	1.676727e+00	1.054938e-08	0.000000e+00	9.449161e-02
2	60	R1	1.671011e+00	1.671011e+00	1.059226e-08	1.842895e-15	1.204868e-01
2	61	R1	1.682425e+00	1.682425e+00	1.050688e-08	2.015042e-15	1.101935e-01
2	62	R1	1.803101e+00	1.803101e+00	9.662765e-09	-2.194273e-15	2.023856e-01
2	63	R1	1.624616e+00	1.624616e+00	1.095028e-08	4.578375e-15	9.699713e-02
2	65	R1	1.575721e+00	1.575721e+00	1.134803e-08	0.000000e+00	1.527975e-01
2	70	R1	1.680418e+00	1.680418e+00	1.052182e-08	-2.577713e-15	1.722803e-01
2	71	R1	2.472555e+00	2.472555e+00	1.350323e-09	-2.358456e-15	3.765932e-01
2	72	R1	1.743618e+00	1.743618e+00	1.006607e-08	1.866021e-15	1.189936e-01
2	73	R1	1.701606e+00	1.701606e+00	1.036570e-08	-2.096994e-15	1.058871e-01
2	74	R1	1.818909e+00	1.818909e+00	9.559427e-09	0.000000e+00	1.340907e-01
2	75	R1	2.058715e+00	2.058715e+00	8.156763e-09	0.000000e+00	2.803639e-01
2	76	R1	2.540134e+00	2.540134e+00	5.957178e-09	9.252144e-16	4.799852e-01
2	78	R1	2.117119e+00	2.117119e+00	7.854173e-09	4.127413e-15	2.151901e-01
2	79	R1	1.949128e+00	1.949128e+00	8.762565e-09	-1.235136e-15	1.797734e-01
2	80	R1	2.194811e+00	2.194811e+00	7.470513e-09	-1.916198e-15	2.317554e-01
2	81	R1	1.925113e+00	1.925113e+00	8.902736e-09	0.000000e+00	1.886014e-01
2	82	R1	1.740705e+00	1.740705e+00	1.008644e-08	-3.103802e-15	1.430791e-01
2	83	R1	1.859600e+00	1.859600e+00	9.300351e-09	1.997193e-15	1.111783e-01
2	84	R1	1.860604e+00	1.860604e+00	9.294084e-09	-2.083161e-15	1.065902e-01
2	85	R1	1.730822e+00	1.730822e+00	1.015598e-08	0.000000e+00	1.109924e-01
2	86	R1	1.856424e+00	1.856424e+00	9.320225e-09	1.993183e-15	2.228040e-01
2	87	R1	1.623825e+00	1.623825e+00	1.095654e-08	-2.101039e-15	1.056832e-01
2	89	R1	1.446111e+00	1.446111e+00	1.252031e-08	9.232925e-15	4.809843e-02
2	90	R1	1.716002e+00	1.716002e+00	1.026158e-08	2.693065e-15	8.245053e-02
2	91	R1	1.974334e+00	1.974334e+00	8.618451e-09	0.000000e+00	2.245244e-01
2	92	R1	1.624326e+00	1.624326e+00	1.095258e-08	4.145700e-15	5.356022e-02
2	93	R1	1.886330e+00	1.886330e+00	9.135331e-09	-6.586061e-15	1.348573e-01
2	94	R1	1.916113e+00	1.916113e+00	8.956017e-09	3.369254e-15	1.318064e-01
2	95	R1	1.841010e+00	1.841010e+00	9.417502e-09	0.000000e+00	1.576033e-01
2	96	R1	1.732802e+00	1.732802e+00	1.014199e-08	1.033566e-07	2.071796e-01
2	97	R1	1.910001e+00	1.910001e+00	8.992434e-09	-1.148411e-15	1.933495e-01
2	98	R1	2.185840e+00	2.185840e+00	7.513799e-09	0.000000e+00	2.044940e-01
2	99	R1	2.219017e+00	2.219017e+00	7.354967e-09	2.040454e-15	2.176424e-01
2	100	R1	1.988704e+00	1.988704e+00	8.537617e-09	-3.177937e-15	2.096120e-01
2	101	R1	1.668419e+00	1.668419e+00	1.061180e-08	3.021526e-15	7.348758e-02
2	102	R1	1.465008e+00	1.465008e+00	1.233753e-08	0.000000e+00	2.768662e-02
2	103	R1	1.694226e+00	1.694226e+00	1.041969e-08	0.000000e+00	1.004641e-01
2	105	R1	1.762922e+00	1.762922e+00	9.932596e-09	6.698001e-15	9.945263e-02
2	106	R1	1.838506e+00	1.838506e+00	9.433440e-09	0.000000e+00	1.524426e-01
2	107	R1	2.137803e+00	2.137803e+00	7.750030e-09	-1.698787e-15	2.614155e-01
2	108	R1	2.028315e+00	2.028315e+00	8.319576e-09	-2.464479e-15	1.801960e-01
2	109	R1	2.005817e+00	2.005817e+00	8.442576e-09	-2.185729e-15	2.031767e-01
2	110	R1	2.170846e+00	2.170846e+00	7.586718e-09	-1.869743e-15	2.375135e-01
2	112	R1	1.993104e+00	1.993104e+00	8.513056e-09	2.546513e-15	1.743911e-01
2	115	R1	2.119542e+00	2.119542e+00	7.841894e-09	-2.042400e-15	2.174350e-01
2	116	R1	2.077706e+00	2.077706e+00	8.056937e-09	-2.202851e-15	2.015975e-01
2	117	R1	2.325744e+00	2.325744e+00	6.865244e-09	-1.420426e-15	3.126450e-01
2	118	R1	2.116716e+00	2.116716e+00	7.856219e-09	2.022782e-15	2.195438e-01
2	119	R1	2.155637e+00	2.155637e+00	7.661429e-09	0.000000e+00	2.462789e-01
2	120	R1	2.134107e+00	2.134107e+00	7.768526e-09	-1.782586e-15	2.491264e-01
2	121	R1	2.082639e+00	2.082639e+00	8.031239e-09	2.337589e-15	1.899775e-01
2	122	R1	1.900526e+00	1.900526e+00	9.049272e-09	3.081410e-15	1.441188e-01
2	123	R1	1.652811e+00	1.652811e+00	1.073057e-08	5.567256e-15	3.988403e-02
2	124	R1	1.711508e+00	1.711508e+00	1.029392e-08	1.923916e-15	1.154129e-01
2	125	R1	1.906905e+00	1.906905e+00	9.010955e-09	8.196452e-15	5.418067e-02
2	126	R1	1.296412e+00	1.296412e+00	3.567150e-10	0.000000e+00	4.689105e-02


