3	1.241465e+01	3.853088e-01	5.560000e-01	2.400000e-02	2.072539e+00	1.949690e-01	9.327978e-02	
7	1.391401e+01	4.065594e-01	6.670000e-01	2.400000e-02	1.673920e+00	1.102310e-01	5.650422e-02	
9	1.546551e+01	5.501187e-01	7.730000e-01	2.400000e-02	1.794527e+00	1.406960e-01	4.129311e-02	
10	1.564945e+01	5.143012e-01	7.520000e-01	2.400000e-02	1.936633e+00	1.684747e-01	4.868564e-02	
11	1.529520e+01	6.082520e-01	7.640000e-01	2.400000e-02	1.908725e+00	1.345809e-01	4.566223e-02	
13	1.482360e+01	5.932955e-01	7.820000e-01	2.400000e-02	1.836311e+00	1.298909e-01	4.057931e-02	
14	1.490757e+01	6.000365e-01	7.730000e-01	2.400000e-02	1.886330e+00	1.675931e-01	4.340556e-02	
15	1.359250e+01	5.727435e-01	6.440000e-01	2.400000e-02	1.549715e+00	1.232990e-01	5.592470e-02	
17	1.584535e+01	5.774727e-01	7.930000e-01	2.400000e-02	1.716709e+00	1.295835e-01	3.602208e-02	
18	1.461561e+01	4.485937e-01	7.780000e-01	2.400000e-02	1.758613e+00	1.336982e-01	3.957538e-02	
19	1.439263e+01	3.314365e-01	7.970000e-01	2.400000e-02	1.916921e+00	1.145736e-01	3.944591e-02	
20	1.543925e+01	5.244147e-01	7.800000e-01	2.400000e-02	2.007629e+00	1.765795e-01	4.477215e-02	
21	1.456240e+01	7.846349e-01	7.780000e-01	2.400000e-02	1.914828e+00	1.327664e-01	4.309081e-02	
23	1.486547e+01	9.060267e-01	7.310000e-01	2.400000e-02	2.180740e+00	2.516677e-01	5.946452e-02	
24	1.453066e+01	4.856222e-01	7.260000e-01	2.400000e-02	1.757624e+00	9.829965e-02	4.881781e-02	
25	9.947279e+00	3.166348e-01	6.460000e-01	2.400000e-02	2.145923e+00	1.256700e-01	7.700505e-02	
26	1.143641e+01	4.708496e-01	5.770000e-01	2.400000e-02	1.706922e+00	1.361808e-01	7.319068e-02	
28	1.424704e+01	3.044674e-01	7.170000e-01	2.400000e-02	1.623113e+00	8.570016e-02	4.656258e-02	
29	1.644196e+01	5.677099e-01	6.740000e-01	2.400000e-02	1.577511e+00	1.410007e-01	5.213049e-02	
30	1.527417e+01	7.698910e-01	6.980000e-01	2.400000e-02	1.851303e+00	1.601931e-01	5.667433e-02	
31	1.438642e+01	7.450886e-01	5.680000e-01	2.400000e-02	1.794913e+00	1.661760e-01	7.860118e-02	
32	1.544163e+01	6.199543e-01	6.530000e-01	2.400000e-02	1.933114e+00	2.007853e-01	6.799686e-02	
33	1.497006e+01	5.602567e-01	6.490000e-01	2.400000e-02	1.937909e+00	1.656923e-01	6.895129e-02	
34	1.837560e+01	6.415589e-01	7.080000e-01	2.400000e-02	1.959708e+00	1.624897e-01	5.800643e-02	
35	1.604621e+01	6.179543e-01	6.650000e-01	2.400000e-02	1.788013e+00	1.666911e-01	6.071799e-02	
36	1.734305e+01	1.082812e+00	7.520000e-01	2.400000e-02	1.631401e+00	8.817450e-02	4.101232e-02	
38	1.597699e+01	7.147401e-01	7.550000e-01	2.400000e-02	1.732502e+00	1.313784e-01	4.302705e-02	
39	1.382170e+01	5.158064e-01	7.420000e-01	2.400000e-02	1.613502e+00	1.213960e-01	4.219792e-02	
41	1.445504e+01	3.134225e-01	7.800000e-01	2.400000e-02	1.966414e+00	1.571847e-01	4.385301e-02	
42	1.384275e+01	6.131892e-01	7.380000e-01	2.400000e-02	1.752019e+00	1.169814e-01	4.653096e-02	
43	1.504664e+01	6.792045e-01	7.630000e-01	2.400000e-02	2.009606e+00	1.647715e-01	4.827931e-02	
44	1.507386e+01	5.453312e-01	7.500000e-01	2.400000e-02	1.755310e+00	1.586773e-01	4.448316e-02	
45	1.403312e+01	5.513995e-01	7.100000e-01	2.400000e-02	1.718922e+00	9.478653e-02	5.053078e-02	
46	1.579030e+01	5.984009e-01	7.790000e-01	2.400000e-02	1.692420e+00	7.149254e-02	3.791422e-02	
47	1.506932e+01	3.179181e-01	7.650000e-01	2.400000e-02	1.579904e+00	9.517612e-02	3.763573e-02	
48	1.593372e+01	5.839316e-01	7.910000e-01	2.400000e-02	1.764011e+00	1.429842e-01	3.737226e-02	
49	1.413228e+01	5.392475e-01	6.620000e-01	2.400000e-02	1.873607e+00	1.427680e-01	6.419437e-02	
50	1.317349e+01	4.859147e-01	5.990000e-01	2.400000e-02	2.088206e+00	1.805726e-01	8.488276e-02	
51	1.232894e+01	4.864085e-01	5.780000e-01	2.400000e-02	1.748130e+00	1.002965e-01	7.478042e-02	
52	1.200192e+01	3.745198e-01	5.070000e-01	2.400000e-02	1.741008e+00	9.069075e-02	8.700605e-02	
53	9.717229e+00	3.021585e-01	4.920000e-01	2.400000e-02	2.096612e+00	2.170637e-01	1.079651e-01	
55	7.646429e+00	2.923394e-01	3.630000e-01	2.400000e-02	2.028521e+00	1.893676e-01	1.309848e-01	
56	6.600224e+00	2.526652e-01	2.160000e-01	2.400000e-02	1.752910e+00	9.768091e-02	1.393085e-01	
57	8.247423e+00	2.924859e-01	3.500000e-01	2.400000e-02	1.665418e+00	8.567699e-02	1.097333e-01	
58	8.700191e+00	2.573573e-01	3.760000e-01	2.400000e-02	1.629726e+00	1.158816e-01	1.030863e-01	
59	1.330141e+01	5.661680e-01	6.990000e-01	2.400000e-02	1.676727e+00	9.449161e-02	5.116002e-02	
60	1.487874e+01	5.313044e-01	7.310000e-01	2.400000e-02	1.671011e+00	1.204868e-01	4.556522e-02	
61	1.541782e+01	4.991895e-01	8.000000e-01	2.400000e-02	1.682425e+00	1.101935e-01	3.410889e-02	
62	1.497679e+01	6.729124e-01	7.710000e-01	2.400000e-02	1.803101e+00	2.023856e-01	4.185597e-02	
63	1.555452e+01	6.774405e-01	7.690000e-01	2.400000e-02	1.624616e+00	9.699713e-02	3.804211e-02	
65	1.733703e+01	2.104009e+00	7.040000e-01	2.400000e-02	1.575721e+00	1.527975e-01	4.727951e-02	
70	1.939112e+01	1.128046e+00	6.740000e-01	2.400000e-02	1.680418e+00	1.722803e-01	5.553117e-02	
71	1.625223e+01	1.399916e+00	7.360000e-01	2.400000e-02	2.472555e+00	3.765932e-01	6.616856e-02	
72	1.421060e+01	1.353006e+00	7.350000e-01	2.400000e-02	1.743618e+00	1.189936e-01	4.683809e-02	
73	1.955034e+01	7.644318e-01	7.390000e-01	2.400000e-02	1.701606e+00	1.058871e-01	4.501958e-02	
74	1.685488e+01	5.965826e-01	7.640000e-01	2.400000e-02	1.818909e+00	1.340907e-01	4.351359e-02	
75	1.876877e+01	9.158934e-01	6.630000e-01	2.400000e-02	2.058715e+00	2.803639e-01	7.032794e-02	
76	8.509190e+00	3.837535e-01	2.640000e-01	2.400000e-02	2.540134e+00	4.799852e-01	1.895118e-01	
78	1.340662e+01	5.751601e-01	5.620000e-01	2.400000e-02	2.117119e+00	2.151901e-01	9.399857e-02	
79	1.450326e+01	7.362063e-01	6.730000e-01	2.400000e-02	1.949128e+00	1.797734e-01	6.460854e-02	
80	1.349528e+01	7.284900e-01	6.770000e-01	2.400000e-02	2.194811e+00	2.317554e-01	7.186238e-02	
81	1.593625e+01	5.841177e-01	6.830000e-01	2.400000e-02	1.925113e+00	1.886014e-01	6.186106e-02	
82	1.521607e+01	6.714333e-01	7.320000e-01	2.400000e-02	1.740705e+00	1.430791e-01	4.728917e-02	
83	1.448855e+01	6.297546e-01	7.860000e-01	2.400000e-02	1.859600e+00	1.111783e-01	4.033993e-02	
84	1.477978e+01	7.427026e-01	7.880000e-01	2.400000e-02	1.860604e+00	1.065902e-01	3.998449e-02	
85	1.448646e+01	7.135151e-01	8.120000e-01	2.400000e-02	1.730822e+00	1.109924e-01	3.298468e-02	
86	1.477105e+01	6.109149e-01	7.680000e-01	2.400000e-02	1.856424e+00	2.228040e-01	4.365832e-02	
87	1.378550e+01	4.941039e-01	7.930000e-01	2.400000e-02	1.623825e+00	1.056832e-01	3.407308e-02	
89	1.309243e+01	5.828001e-01	7.260000e-01	2.400000e-02	1.446111e+00	4.809843e-02	4.016557e-02	
90	1.377600e+01	7.021795e-01	7.410000e-01	2.400000e-02	1.716002e+00	8.245053e-02	4.505254e-02	
91	1.463058e+01	6.421614e-01	7.010000e-01	2.400000e-02	1.974334e+00	2.245244e-01	5.984027e-02	
92	1.393728e+01	5.633187e-01	7.690000e-01	2.400000e-02	1.624326e+00	5.356022e-02	3.803531e-02	
93	1.540357e+01	8.067183e-01	7.220000e-01	2.400000e-02	1.886330e+00	1.348573e-01	5.315746e-02	
94	1.524158e+01	8.595312e-01	7.400000e-01	2.400000e-02	1.916113e+00	1.318064e-01	5.050056e-02	
95	1.525088e+01	7.442856e-01	7.750000e-01	2.400000e-02	1.841010e+00	1.576033e-01	4.198949e-02	
96	1.918281e+01	1.766305e+00	8.070000e-01	2.400000e-02	1.732802e+00	2.071796e-01	3.390065e-02	
97	1.771793e+01	9.417752e-01	8.390000e-01	2.400000e-02	1.910001e+00	1.933495e-01	3.117176e-02	
98	1.554243e+01	1.207836e+00	7.540000e-01	2.400000e-02	2.185840e+00	2.044940e-01	5.450738e-02	
99	1.705030e+01	6.977104e-01	7.860000e-01	2.400000e-02	2.219017e+00	2.176424e-01	4.813669e-02	
100	1.672520e+01	5.314917e-01	7.850000e-01	2.400000e-02	1.988704e+00	2.096120e-01	4.334215e-02	
101	1.475579e+01	6.314268e-01	8.090000e-01	2.400000e-02	1.668419e+00	7.348758e-02	3.230280e-02	
102	1.317697e+01	3.646281e-01	7.640000e-01	2.400000e-02	1.465008e+00	2.768662e-02	3.504725e-02	
103	1.370990e+01	4.135149e-01	7.830000e-01	2.400000e-02	1.694226e+00	1.004641e-01	3.726773e-02	
105	1.581028e+01	5.249262e-01	7.860000e-01	2.400000e-02	1.762922e+00	9.945263e-02	3.824272e-02	
106	1.559333e+01	7.294555e-01	7.760000e-01	2.400000e-02	1.838506e+00	1.524426e-01	4.174600e-02	
107	1.550388e+01	6.009254e-01	7.630000e-01	2.400000e-02	2.137803e+00	2.614155e-01	5.135915e-02	
108	1.562012e+01	5.611726e-01	7.510000e-01	2.400000e-02	2.028315e+00	1.801960e-01	5.119607e-02	
109	1.559576e+01	6.080692e-01	7.440000e-01	2.400000e-02	2.005817e+00	2.031767e-01	5.205148e-02	
110	1.488760e+01	6.870858e-01	7.510000e-01	2.400000e-02	2.170846e+00	2.375135e-01	5.479363e-02	
112	1.564700e+01	5.875889e-01	7.630000e-01	2.400000e-02	1.993104e+00	1.743911e-01	4.788286e-02	
115	1.546790e+01	6.459914e-01	7.010000e-01	2.400000e-02	2.119542e+00	2.174350e-01	6.424141e-02	
116	1.523229e+01	6.032591e-01	7.120000e-01	2.400000e-02	2.077706e+00	2.015975e-01	6.065666e-02	
117	1.554485e+01	7.007626e-01	7.940000e-01	2.400000e-02	2.325744e+00	3.126450e-01	4.856584e-02	
118	1.547509e+01	6.705391e-01	7.230000e-01	2.400000e-02	2.116716e+00	2.195438e-01	5.943526e-02	
119	1.605652e+01	5.929671e-01	7.070000e-01	2.400000e-02	2.155637e+00	2.462789e-01	6.402434e-02	
120	1.630258e+01	7.973219e-01	7.530000e-01	2.400000e-02	2.134107e+00	2.491264e-01	5.343367e-02	
121	1.541545e+01	9.743075e-01	7.230000e-01	2.400000e-02	2.082639e+00	1.899775e-01	5.847842e-02	
122	1.524158e+01	5.575338e-01	6.860000e-01	2.400000e-02	1.900526e+00	1.441188e-01	6.049304e-02	
123	1.345533e+01	4.164055e-01	6.390000e-01	2.400000e-02	1.652811e+00	3.988403e-02	6.048283e-02	
124	1.153669e+01	3.327378e-01	5.350000e-01	2.400000e-02	1.711508e+00	1.154129e-01	8.067403e-02	
125	6.842285e+00	2.668562e-01	4.030000e-01	2.400000e-02	1.906905e+00	5.418067e-02	1.153998e-01	
126	3.140013e+00	1.222601e-01	-3.130000e-01	2.400000e-02	1.296412e+00	4.689105e-02	1.725478e-01	
