3.242208e+00	1.000000e+00	1.263250e-28
3.453248e+00	0.000000e+00	1.346087e-27
3.678026e+00	0.000000e+00	1.597460e-26
3.917435e+00	0.000000e+00	2.113002e-25
4.172428e+00	0.000000e+00	3.115179e-24
4.444018e+00	0.000000e+00	5.114063e-23
4.733287e+00	0.000000e+00	9.329141e-22
5.041384e+00	0.000000e+00	1.884572e-20
5.369536e+00	0.000000e+00	4.194525e-19
5.719049e+00	0.000000e+00	1.021479e-17
6.091311e+00	0.000000e+00	2.696865e-16
6.487805e+00	1.000000e+00	7.628511e-15
6.910107e+00	1.000000e+00	2.277759e-13
7.359898e+00	0.000000e+00	7.047720e-12
7.838966e+00	1.000000e+00	2.209240e-10
8.349217e+00	2.000000e+00	6.826165e-09
8.892682e+00	1.000000e+00	2.011454e-07
9.471522e+00	1.000000e+00	5.433712e-06
1.008804e+01	1.000000e+00	1.283953e-04
1.074469e+01	0.000000e+00	2.510400e-03
1.144408e+01	2.000000e+00	3.804082e-02
1.218899e+01	3.000000e+00	4.137030e-01
1.298239e+01	4.000000e+00	2.951121e+00
1.382744e+01	1.500000e+01	1.243191e+01
1.472749e+01	2.300000e+01	2.736764e+01
1.568613e+01	3.200000e+01	2.731417e+01
1.670716e+01	6.000000e+00	1.048212e+01
1.779466e+01	3.000000e+00	1.278242e+00
1.895295e+01	4.000000e+00	3.973583e-02


1.082514e-02	0.000000e+00	1.961719e-06
1.261160e-02	0.000000e+00	2.103622e-06
1.469288e-02	0.000000e+00	2.281539e-06
1.711763e-02	0.000000e+00	2.507288e-06
1.994252e-02	0.000000e+00	2.797711e-06
2.323361e-02	0.000000e+00	3.177363e-06
2.706783e-02	0.000000e+00	3.682930e-06
3.153479e-02	0.000000e+00	4.370722e-06
3.673894e-02	0.000000e+00	5.329787e-06
4.280192e-02	0.000000e+00	6.705648e-06
4.986546e-02	0.000000e+00	8.744922e-06
5.809469e-02	0.000000e+00	1.188269e-05
6.768199e-02	0.000000e+00	1.692148e-05
7.885145e-02	0.000000e+00	2.541626e-05
9.186421e-02	0.000000e+00	4.054844e-05
1.070244e-01	0.000000e+00	6.922896e-05
1.246865e-01	0.000000e+00	1.274894e-04
1.452634e-01	0.000000e+00	2.552731e-04
1.692360e-01	0.000000e+00	5.600515e-04
1.971648e-01	0.000000e+00	1.355487e-03
2.297027e-01	1.000000e+00	3.637155e-03
2.676102e-01	1.000000e+00	1.083908e-02
3.117736e-01	0.000000e+00	3.575289e-02
3.632251e-01	3.000000e+00	1.290575e-01
4.231677e-01	1.000000e+00	4.980787e-01
4.930025e-01	2.000000e+00	1.973123e+00
5.743621e-01	7.000000e+00	7.510914e+00
6.691483e-01	2.500000e+01	2.480944e+01
7.795770e-01	6.100000e+01	6.102584e+01


1.311622e+00	1.000000e+00	3.395472e-01
1.342398e+00	0.000000e+00	4.814951e-01
1.373897e+00	0.000000e+00	6.740501e-01
1.406136e+00	0.000000e+00	9.303263e-01
1.439130e+00	1.000000e+00	1.264217e+00
1.472899e+00	1.000000e+00	1.688948e+00
1.507460e+00	0.000000e+00	2.214858e+00
1.542832e+00	1.000000e+00	2.846416e+00
1.579035e+00	3.000000e+00	3.578657e+00
1.616086e+00	7.000000e+00	4.393525e+00
1.654007e+00	4.000000e+00	5.256955e+00
1.692818e+00	9.000000e+00	6.117747e+00
1.732540e+00	1.100000e+01	6.909429e+00
1.773193e+00	7.000000e+00	7.555969e+00
1.814801e+00	4.000000e+00	7.981475e+00
1.857385e+00	8.000000e+00	8.122876e+00
1.900968e+00	9.000000e+00	7.943223e+00
1.945573e+00	7.000000e+00	7.442267e+00
1.991226e+00	6.000000e+00	6.660826e+00
2.037949e+00	3.000000e+00	5.676571e+00
2.085769e+00	5.000000e+00	4.591178e+00
2.134711e+00	7.000000e+00	3.511623e+00
2.184802e+00	4.000000e+00	2.530575e+00
2.236068e+00	1.000000e+00	1.711403e+00
2.288537e+00	0.000000e+00	1.081706e+00
2.342236e+00	1.000000e+00	6.362019e-01
2.397196e+00	0.000000e+00	3.465877e-01
2.453446e+00	1.000000e+00	1.740446e-01
2.511016e+00	1.000000e+00	8.015327e-02


3.217263e-02	3.000000e+00	4.163769e+00
3.423866e-02	4.000000e+00	4.896679e+00
3.643736e-02	3.000000e+00	5.688849e+00
3.877726e-02	7.000000e+00	6.504504e+00
4.126742e-02	1.000000e+01	7.287060e+00
4.391749e-02	1.100000e+01	7.957963e+00
4.673773e-02	9.000000e+00	8.420944e+00
4.973909e-02	8.000000e+00	8.574513e+00
5.293318e-02	6.000000e+00	8.333947e+00
5.633239e-02	6.000000e+00	7.660225e+00
5.994988e-02	8.000000e+00	6.587416e+00
6.379968e-02	5.000000e+00	5.234713e+00
6.789670e-02	3.000000e+00	3.789520e+00
7.225682e-02	3.000000e+00	2.458510e+00
7.689694e-02	3.000000e+00	1.402761e+00
8.183502e-02	1.000000e+00	6.888792e-01
8.709022e-02	2.000000e+00	2.840565e-01
9.268289e-02	2.000000e+00	9.560103e-02
9.863470e-02	0.000000e+00	2.542351e-02
1.049687e-01	2.000000e+00	5.147810e-03
1.117095e-01	1.000000e+00	7.607195e-04
1.188831e-01	1.000000e+00	7.816822e-05
1.265174e-01	0.000000e+00	5.285158e-06
1.346420e-01	1.000000e+00	2.207753e-07
1.432883e-01	1.000000e+00	5.302914e-09
1.524899e-01	0.000000e+00	6.748375e-11
1.622823e-01	0.000000e+00	4.144802e-13
1.727036e-01	1.000000e+00	1.104858e-15
1.837941e-01	1.000000e+00	1.132668e-18


8.905563e-02	3.000000e+00	4.060989e+00
9.398111e-02	4.000000e+00	4.839420e+00
9.917902e-02	3.000000e+00	5.678206e+00
1.046644e-01	7.000000e+00	6.535317e+00
1.104532e-01	1.000000e+01	7.347008e+00
1.165621e-01	1.100000e+01	8.028477e+00
1.230089e-01	9.000000e+00	8.480723e+00
1.298123e-01	8.000000e+00	8.605569e+00
1.369919e-01	6.000000e+00	8.328645e+00
1.445687e-01	6.000000e+00	7.626133e+00
1.525645e-01	8.000000e+00	6.546248e+00
1.610025e-01	5.000000e+00	5.213634e+00
1.699072e-01	3.000000e+00	3.807736e+00
1.793044e-01	3.000000e+00	2.516724e+00
1.892214e-01	3.000000e+00	1.483125e+00
1.996868e-01	1.000000e+00	7.663101e-01
2.107311e-01	2.000000e+00	3.406498e-01
2.223862e-01	2.000000e+00	1.275419e-01
2.346859e-01	0.000000e+00	3.926934e-02
2.476659e-01	2.000000e+00	9.679177e-03
2.613638e-01	1.000000e+00	1.853094e-03
2.758193e-01	1.000000e+00	2.663869e-04
2.910743e-01	0.000000e+00	2.768023e-05
3.071730e-01	1.000000e+00	1.992253e-06
3.241621e-01	1.000000e+00	9.468249e-08
3.420909e-01	0.000000e+00	2.816252e-09
3.610112e-01	0.000000e+00	4.937152e-11
3.809780e-01	1.000000e+00	4.769627e-13
4.020491e-01	1.000000e+00	2.355074e-15


