0	10	R2	1.526951e+00	1.526951e+00	4.723427e-10	3.416575e-16	6.499042e-01
0	12	R2	3.266373e+00	3.266373e+00	1.428237e-09	2.816205e-15	1.576906e-01
0	13	R2	4.252605e+00	4.252605e+00	2.056571e-09	0.000000e+00	1.598683e-01
0	14	R2	6.777364e+00	6.777364e+00	3.994757e-09	0.000000e+00	5.360341e-01
0	16	R2	6.821282e+00	6.821282e+00	4.030412e-09	-6.697663e-14	2.652204e-02
0	17	R2	8.699435e+00	8.699435e+00	5.552145e-09	-1.343554e-15	1.322132e+00
0	18	R2	9.732360e+00	9.732360e+00	6.377302e-09	-1.562833e-14	1.136626e-01
0	19	R2	9.442871e+00	9.442871e+00	6.147077e-09	-4.605190e-06	2.496699e-02
0	20	R2	1.059547e+01	1.059547e+01	7.059119e-09	0.000000e+00	5.467251e-01
0	22	R2	1.122712e+01	1.122712e+01	7.554058e-09	6.405757e-15	2.773063e-01
0	23	R2	1.205255e+01	1.205255e+01	8.196263e-09	-2.130397e-15	8.338150e-01
0	24	R2	1.232894e+01	1.232894e+01	8.410257e-09	0.000000e+00	6.384112e-01
0	25	R2	1.336541e+01	1.336541e+01	9.208663e-09	0.000000e+00	1.571981e-01
0	26	R2	1.304291e+01	1.304291e+01	8.960890e-09	6.142317e-14	2.891998e-02
0	27	R2	1.266304e+01	1.266304e+01	8.668297e-09	0.000000e+00	1.988371e-01
0	28	R2	1.322227e+01	1.322227e+01	9.098756e-09	1.453588e-15	1.222050e+00
0	30	R2	1.245795e+01	1.245795e+01	8.509984e-09	1.434280e-15	1.238501e+00
0	31	R2	1.304631e+01	1.304631e+01	8.963508e-09	0.000000e+00	6.621026e-01
0	32	R2	1.747641e+01	1.747641e+01	1.232881e-08	1.956609e-15	3.631501e+00
0	33	R2	1.258653e+01	1.258653e+01	8.609269e-09	1.588230e-15	1.118451e+00
0	34	R2	1.285678e+01	1.285678e+01	8.817625e-09	0.000000e+00	2.297624e-01
0	35	R2	1.427348e+01	1.427348e+01	9.903522e-09	-4.918304e-07	3.932032e-01
0	36	R2	1.327845e+01	1.327845e+01	9.141906e-09	-3.266714e-07	5.430570e-01
0	37	R2	1.210361e+01	1.210361e+01	8.235832e-09	-6.589960e-15	2.695550e-01
0	38	R2	1.320655e+01	1.320655e+01	9.086682e-09	0.000000e+00	1.451116e+00
0	39	R2	1.266785e+01	1.266785e+01	8.672009e-09	-8.030908e-06	2.086167e-02
0	40	R2	1.417033e+01	1.417033e+01	9.824784e-09	0.000000e+00	1.024071e-01
0	41	R2	1.216397e+01	1.216397e+01	8.282591e-09	-1.013976e-15	1.751872e+00
0	43	R2	1.112347e+01	1.112347e+01	7.473058e-09	-4.137330e-15	8.586973e-01
0	44	R2	1.316829e+01	1.316829e+01	9.057284e-09	0.000000e+00	1.491273e-01
0	45	R2	1.338867e+01	1.338867e+01	9.226515e-09	-1.119726e-15	1.586421e+00
0	46	R2	1.278445e+01	1.278445e+01	8.761907e-09	-3.522984e-15	1.008439e+00
0	48	R2	1.335648e+01	1.335648e+01	9.201813e-09	0.000000e+00	1.962352e-02
0	49	R2	1.402525e+01	1.402525e+01	9.713959e-09	-7.818569e-16	2.271972e+00
0	51	R2	1.388310e+01	1.388310e+01	9.605286e-09	-2.889125e-15	6.148425e-01
0	52	R2	1.407460e+01	1.407460e+01	9.751667e-09	-2.187150e-07	8.696337e-01
0	53	R2	1.187366e+01	1.187366e+01	8.057492e-09	0.000000e+00	4.412796e-01
0	54	R2	1.257703e+01	1.257703e+01	8.601939e-09	0.000000e+00	7.165635e-01
0	55	R2	1.375705e+01	1.375705e+01	9.508834e-09	-4.657434e-07	3.974385e-01
0	56	R2	1.516070e+01	1.516070e+01	1.057891e-08	2.318530e-13	2.298469e-02
0	57	R2	1.389661e+01	1.389661e+01	9.615616e-09	-2.055345e-07	9.115063e-01
0	59	R2	1.470156e+01	1.470156e+01	1.022979e-08	-1.284931e-07	1.558339e+00
0	60	R2	1.390434e+01	1.390434e+01	9.621526e-09	6.314901e-15	5.625921e-01
0	61	R2	1.347709e+01	1.347709e+01	9.294337e-09	-8.578931e-15	2.070604e-01
0	64	R2	1.354096e+01	1.354096e+01	9.343308e-09	4.070561e-15	4.363912e-01
0	65	R2	1.384658e+01	1.384658e+01	9.577347e-09	-1.248652e-15	1.422620e+00
0	66	R2	1.482360e+01	1.482360e+01	1.032267e-08	-1.153201e-15	1.540371e+00
0	67	R2	1.309586e+01	1.309586e+01	9.001610e-09	-1.077571e-07	1.618975e+00
0	68	R2	1.305313e+01	1.305313e+01	8.968747e-09	-2.039699e-07	8.519205e-01
0	69	R2	1.380834e+01	1.380834e+01	9.548088e-09	0.000000e+00	2.955389e-01
0	70	R2	1.253761e+01	1.253761e+01	8.571507e-09	1.467607e-14	1.210376e-01
0	71	R2	1.051635e+01	1.051635e+01	6.996898e-09	-5.756993e-15	3.085564e-01
0	73	R2	1.031885e+01	1.031885e+01	6.841331e-09	9.516680e-16	1.866572e+00
0	75	R2	1.087311e+01	1.087311e+01	7.277067e-09	0.000000e+00	3.357577e-01
0	77	R2	1.157541e+01	1.157541e+01	7.825632e-09	-5.958366e-15	5.962564e-01
0	78	R2	1.210361e+01	1.210361e+01	8.235832e-09	-3.873970e-15	4.585365e-01
0	81	R2	9.681479e+00	9.681479e+00	6.336895e-09	1.997011e-15	8.895076e-01
0	83	R2	8.227067e+00	8.227067e+00	5.171442e-09	0.000000e+00	6.362355e-01
0	86	R2	1.510574e+01	1.510574e+01	1.053716e-08	-1.249563e-15	2.843165e+00
0	89	R2	1.216545e+01	1.216545e+01	8.283737e-09	0.000000e+00	2.619568e-01
0	90	R2	8.083421e+00	8.083421e+00	5.055293e-09	0.000000e+00	4.480480e+00
0	91	R2	1.237011e+01	1.237011e+01	8.442097e-09	-4.145957e-14	4.284552e-02
0	92	R2	1.261830e+01	1.261830e+01	8.633782e-09	1.837977e-15	9.664739e-01
0	94	R2	1.465846e+01	1.465846e+01	1.019698e-08	-8.217802e-16	2.161596e+00
0	95	R2	1.204384e+01	1.204384e+01	8.189511e-09	4.041640e-15	4.395138e-01
0	96	R2	8.945344e+00	8.945344e+00	5.749521e-09	-2.668061e-08	4.006560e+00
0	97	R2	1.183992e+01	1.183992e+01	8.031293e-09	1.007684e-14	7.051245e-01
0	99	R2	1.137268e+01	1.137268e+01	7.667665e-09	2.746846e-14	6.466896e-02
0	100	R2	1.274860e+01	1.274860e+01	8.734272e-09	3.755886e-15	4.729528e-01
0	101	R2	1.263743e+01	1.263743e+01	8.648545e-09	0.000000e+00	2.874684e-02
0	102	R2	1.304291e+01	1.304291e+01	8.960890e-09	6.142317e-14	2.891998e-02
0	103	R2	1.297690e+01	1.297690e+01	8.910105e-09	0.000000e+00	5.910839e-01
0	104	R2	1.279591e+01	1.279591e+01	8.770731e-09	1.643782e-15	1.080652e+00
0	105	R2	1.327140e+01	1.327140e+01	9.136493e-09	-3.355240e-05	5.283902e-03
0	106	R2	1.244555e+01	1.244555e+01	8.500401e-09	0.000000e+00	1.068753e-01
0	107	R2	1.255808e+01	1.255808e+01	8.587309e-09	3.444577e-15	5.156967e-01
0	108	R2	1.250156e+01	1.250156e+01	8.543669e-09	0.000000e+00	3.282070e-02
0	109	R2	1.220405e+01	1.220405e+01	8.313626e-09	-4.695571e-15	7.566095e-01
0	110	R2	1.191185e+01	1.191185e+01	8.087134e-09	0.000000e+00	5.576364e-01
0	111	R2	6.341154e+00	6.341154e+00	3.641719e-09	0.000000e+00	2.786569e-01
0	112	R2	2.576988e+00	2.576988e+00	1.036276e-09	-5.876292e-15	7.557304e-02
0	113	R2	1.126253e+00	1.126253e+00	2.759386e-10	0.000000e+00	2.387595e-01


1	10	NOE	-9.700000e-01	-9.700000e-01	6.096450e-10	7.930164e-16	2.800000e-01
1	12	NOE	-2.700000e-01	-2.700000e-01	8.703855e-10	2.220446e-14	3.000000e-02
1	13	NOE	-1.000000e-02	-1.000000e-02	1.031149e-09	3.782266e-16	6.100000e-01
1	14	NOE	1.900000e-01	1.900000e-01	1.210806e-09	1.387779e-15	4.000000e-02
1	16	NOE	2.900000e-01	2.900000e-01	1.333543e-09	8.326673e-15	2.000000e-02
1	17	NOE	4.200000e-01	4.200000e-01	1.552264e-09	1.850372e-15	3.000000e-02
1	18	NOE	4.900000e-01	4.900000e-01	1.716593e-09	7.401487e-15	3.000000e-02
1	19	NOE	5.400000e-01	5.400000e-01	1.867282e-09	0.000000e+00	2.000000e-02
1	20	NOE	4.900000e-01	4.900000e-01	1.716593e-09	2.220446e-15	1.000000e-01
1	22	NOE	7.000000e-01	7.000000e-01	2.813229e-09	3.700743e-15	3.000000e-02
1	23	NOE	7.800000e-01	7.800000e-01	4.459675e-09	5.551115e-15	2.000000e-02
1	24	NOE	7.900000e-01	7.900000e-01	4.941403e-09	-4.440892e-15	5.000000e-02
1	25	NOE	8.200000e-01	8.200000e-01	8.698455e-09	0.000000e+00	5.000000e-02
1	26	NOE	8.000000e-01	8.000000e-01	5.619330e-09	0.000000e+00	9.000000e-02
1	27	NOE	8.200000e-01	8.200000e-01	8.698455e-09	0.000000e+00	4.000000e-02
1	28	NOE	7.900000e-01	7.900000e-01	4.941403e-09	-3.700743e-15	6.000000e-02
1	30	NOE	7.900000e-01	7.900000e-01	4.941403e-09	-3.700743e-15	6.000000e-02
1	31	NOE	7.800000e-01	7.800000e-01	4.459675e-09	3.700743e-15	3.000000e-02
1	32	NOE	8.900000e-01	8.344307e-01	2.125429e-05	2.778467e+00	2.000000e-02
1	33	NOE	7.800000e-01	7.800000e-01	4.459675e-09	1.586033e-15	7.000000e-02
1	34	NOE	8.400000e-01	8.344307e-01	1.611966e-05	1.392336e-01	4.000000e-02
1	35	NOE	8.500000e-01	8.344307e-01	3.133534e-05	5.189780e-01	3.000000e-02
1	36	NOE	7.800000e-01	7.800000e-01	4.459675e-09	1.850372e-15	6.000000e-02
1	37	NOE	8.100000e-01	8.100000e-01	6.678119e-09	0.000000e+00	7.000000e-02
1	38	NOE	7.600000e-01	7.600000e-01	3.805509e-09	0.000000e+00	3.000000e-02
1	39	NOE	7.500000e-01	7.500000e-01	3.569183e-09	0.000000e+00	6.000000e-02
1	40	NOE	8.500000e-01	8.344307e-01	3.133534e-05	1.556934e-01	1.000000e-01
1	41	NOE	8.300000e-01	8.300000e-01	1.571497e-08	0.000000e+00	7.000000e-02
1	43	NOE	7.100000e-01	7.100000e-01	2.927289e-09	0.000000e+00	5.000000e-02
1	44	NOE	8.300000e-01	8.300000e-01	1.571497e-08	0.000000e+00	2.000000e-02
1	45	NOE	8.000000e-01	8.000000e-01	5.619330e-09	0.000000e+00	4.000000e-02
1	46	NOE	8.200000e-01	8.200000e-01	8.698455e-09	0.000000e+00	5.000000e-02
1	48	NOE	7.800000e-01	7.800000e-01	4.459675e-09	1.110223e-14	1.000000e-02
1	49	NOE	7.800000e-01	7.800000e-01	4.459675e-09	1.009294e-15	1.100000e-01
1	51	NOE	8.200000e-01	8.200000e-01	8.698455e-09	0.000000e+00	5.000000e-02
1	52	NOE	7.600000e-01	7.600000e-01	3.805509e-09	0.000000e+00	5.000000e-02
1	53	NOE	6.300000e-01	6.300000e-01	2.263731e-09	-5.551115e-15	2.000000e-02
1	54	NOE	8.200000e-01	8.200000e-01	8.698455e-09	0.000000e+00	7.000000e-02
1	55	NOE	7.700000e-01	7.700000e-01	4.094597e-09	1.586033e-15	7.000000e-02
1	56	NOE	8.200000e-01	8.200000e-01	8.698455e-09	0.000000e+00	3.000000e-02
1	57	NOE	8.100000e-01	8.100000e-01	6.678119e-09	0.000000e+00	6.000000e-02
1	59	NOE	8.600000e-01	8.344307e-01	2.435143e-05	2.130778e-01	1.200000e-01
1	60	NOE	8.300000e-01	8.300000e-01	1.571497e-08	0.000000e+00	3.000000e-02
1	61	NOE	7.700000e-01	7.700000e-01	4.094597e-09	1.850372e-15	6.000000e-02
1	64	NOE	8.200000e-01	8.200000e-01	8.698455e-09	0.000000e+00	2.000000e-02
1	65	NOE	7.800000e-01	7.800000e-01	4.459675e-09	3.700743e-15	3.000000e-02
1	66	NOE	8.300000e-01	8.300000e-01	1.571497e-08	0.000000e+00	6.000000e-02
1	67	NOE	7.800000e-01	7.800000e-01	4.459675e-09	3.700743e-15	3.000000e-02
1	68	NOE	7.800000e-01	7.800000e-01	4.459675e-09	3.700743e-15	3.000000e-02
1	69	NOE	7.700000e-01	7.700000e-01	4.094597e-09	5.551115e-15	2.000000e-02
1	70	NOE	7.600000e-01	7.600000e-01	3.805509e-09	0.000000e+00	5.000000e-02
1	71	NOE	6.300000e-01	6.300000e-01	2.263731e-09	-2.775558e-15	4.000000e-02
1	73	NOE	6.400000e-01	6.400000e-01	2.323797e-09	-1.233581e-15	9.000000e-02
1	75	NOE	6.400000e-01	6.400000e-01	2.323797e-09	-1.110223e-14	1.000000e-02
1	77	NOE	6.600000e-01	6.600000e-01	2.458847e-09	3.700743e-15	3.000000e-02
1	78	NOE	6.600000e-01	6.600000e-01	2.458847e-09	2.220446e-15	5.000000e-02
1	81	NOE	5.700000e-01	5.700000e-01	1.977067e-09	3.700743e-15	3.000000e-02
1	83	NOE	5.600000e-01	5.600000e-01	1.938519e-09	0.000000e+00	3.000000e-02
1	86	NOE	6.800000e-01	6.800000e-01	2.618991e-09	2.220446e-15	5.000000e-02
1	89	NOE	7.600000e-01	7.600000e-01	3.805509e-09	0.000000e+00	6.000000e-02
1	90	NOE	8.100000e-01	8.100000e-01	6.678119e-09	0.000000e+00	5.000000e-02
1	91	NOE	8.000000e-01	8.000000e-01	5.619330e-09	0.000000e+00	4.000000e-02
1	92	NOE	8.100000e-01	8.100000e-01	6.678119e-09	0.000000e+00	1.000000e-02
1	94	NOE	7.500000e-01	7.500000e-01	3.569183e-09	0.000000e+00	3.000000e-02
1	95	NOE	8.000000e-01	8.000000e-01	5.619330e-09	0.000000e+00	1.000000e-02
1	96	NOE	7.700000e-01	7.700000e-01	4.094597e-09	3.700743e-15	3.000000e-02
1	97	NOE	7.800000e-01	7.800000e-01	4.459675e-09	2.775558e-15	4.000000e-02
1	99	NOE	7.700000e-01	7.700000e-01	4.094597e-09	2.775558e-15	4.000000e-02
1	100	NOE	8.000000e-01	8.000000e-01	5.619330e-09	0.000000e+00	3.000000e-02
1	101	NOE	8.000000e-01	8.000000e-01	5.619330e-09	0.000000e+00	5.000000e-02
1	102	NOE	8.200000e-01	8.200000e-01	8.698455e-09	0.000000e+00	6.000000e-02
1	103	NOE	7.700000e-01	7.700000e-01	4.094597e-09	3.700743e-15	3.000000e-02
1	104	NOE	7.700000e-01	7.700000e-01	4.094597e-09	3.700743e-15	3.000000e-02
1	105	NOE	8.000000e-01	8.000000e-01	5.619330e-09	0.000000e+00	4.000000e-02
1	106	NOE	7.000000e-01	7.000000e-01	2.813229e-09	3.700743e-15	3.000000e-02
1	107	NOE	8.100000e-01	8.100000e-01	6.678119e-09	0.000000e+00	5.000000e-02
1	108	NOE	7.600000e-01	7.600000e-01	3.805509e-09	0.000000e+00	3.000000e-02
1	109	NOE	7.000000e-01	7.000000e-01	2.813229e-09	3.700743e-15	3.000000e-02
1	110	NOE	6.700000e-01	6.700000e-01	2.535309e-09	-1.850372e-15	6.000000e-02
1	111	NOE	2.700000e-01	2.700000e-01	1.306534e-09	3.700743e-15	3.000000e-02
1	112	NOE	-3.700000e-01	-3.700000e-01	8.216361e-10	3.330669e-14	1.000000e-02
1	113	NOE	-1.240000e+00	-1.240000e+00	5.404493e-10	1.110223e-14	2.000000e-02


2	10	R1	9.552923e-01	9.552923e-01	2.210172e-10	-5.024871e-16	2.209456e-01
2	12	R1	1.347981e+00	1.347981e+00	4.326661e-10	2.856483e-15	7.773356e-02
2	13	R1	1.350986e+00	1.350986e+00	9.979406e-09	-2.344072e-15	9.472600e-02
2	14	R1	1.361841e+00	1.361841e+00	9.888352e-09	0.000000e+00	2.124457e-01
2	16	R1	1.323452e+00	1.323452e+00	1.021652e-08	0.000000e+00	8.719087e-02
2	17	R1	1.360359e+00	1.360359e+00	9.900705e-09	2.049303e-15	1.083513e-01
2	18	R1	1.223840e+00	1.223840e+00	1.115652e-08	1.744101e-13	1.273118e-03
2	19	R1	1.298701e+00	1.298701e+00	1.043756e-08	-4.497788e-15	4.936752e-02
2	20	R1	1.300982e+00	1.300982e+00	1.041687e-08	1.062259e-13	4.180610e-03
2	22	R1	1.368551e+00	1.368551e+00	9.832734e-09	1.854734e-15	1.197178e-01
2	23	R1	1.350621e+00	1.350621e+00	9.982490e-09	6.884791e-15	3.225146e-02
2	24	R1	1.223466e+00	1.223466e+00	1.116032e-08	0.000000e+00	9.791022e-02
2	25	R1	1.169659e+00	1.169659e+00	1.173044e-08	-7.427971e-15	2.989303e-02
2	26	R1	1.200408e+00	1.200408e+00	1.139874e-08	5.380335e-15	4.126966e-02
2	27	R1	1.434000e+00	1.434000e+00	9.315156e-09	7.289026e-16	3.046286e-01
2	28	R1	1.189910e+00	1.189910e+00	1.151018e-08	4.264997e-15	5.206208e-02
2	30	R1	1.312594e+00	1.312594e+00	1.031254e-08	-2.724120e-15	8.151058e-02
2	31	R1	1.286091e+00	1.286091e+00	1.055321e-08	0.000000e+00	1.415850e-02
2	32	R1	1.220331e+00	1.220331e+00	1.119224e-08	1.396092e-14	1.590473e-02
2	33	R1	1.281640e+00	1.281640e+00	1.059453e-08	-1.944735e-15	1.141773e-01
2	34	R1	1.296596e+00	1.296596e+00	1.045672e-08	0.000000e+00	5.457053e-02
2	35	R1	1.286918e+00	1.286918e+00	1.054556e-08	1.028791e-15	2.158307e-01
2	36	R1	1.369300e+00	1.369300e+00	9.826551e-09	0.000000e+00	1.118990e-01
2	37	R1	1.214845e+00	1.214845e+00	1.124846e-08	-4.634999e-15	4.790607e-02
2	38	R1	1.195672e+00	1.195672e+00	1.144879e-08	-1.775649e-15	1.250498e-01
2	39	R1	1.263424e+00	1.263424e+00	1.076647e-08	1.734690e-15	1.280025e-01
2	40	R1	1.261909e+00	1.261909e+00	1.078097e-08	0.000000e+00	1.316290e-01
2	41	R1	1.230845e+00	1.230845e+00	1.108579e-08	-2.221708e-15	9.994319e-02
2	43	R1	1.303441e+00	1.303441e+00	1.039463e-08	-1.292470e-15	1.717987e-01
2	44	R1	1.192393e+00	1.192393e+00	1.148366e-08	-3.623468e-14	6.127958e-03
2	45	R1	1.315876e+00	1.315876e+00	1.028336e-08	-2.003689e-13	1.108179e-03
2	46	R1	1.270083e+00	1.270083e+00	1.070308e-08	0.000000e+00	2.168344e-01
2	48	R1	1.415629e+00	1.415629e+00	9.456047e-09	9.282881e-16	2.391979e-01
2	49	R1	1.242699e+00	1.242699e+00	1.096779e-08	-1.666665e-15	1.332269e-01
2	51	R1	1.100655e+00	1.100655e+00	1.253839e-08	0.000000e+00	1.789420e-01
2	52	R1	1.124353e+00	1.124353e+00	1.225031e-08	-2.598291e-15	8.545795e-02
2	53	R1	1.246417e+00	1.246417e+00	1.093122e-08	3.741540e-14	5.934577e-03
2	54	R1	1.220405e+00	1.220405e+00	1.119148e-08	0.000000e+00	1.684499e-02
2	55	R1	1.186029e+00	1.186029e+00	1.155184e-08	4.602097e-14	9.649714e-03
2	56	R1	1.222419e+00	1.222419e+00	1.117096e-08	0.000000e+00	1.489826e-02
2	57	R1	1.112656e+00	1.112656e+00	1.239104e-08	-2.584207e-15	1.718474e-01
2	59	R1	1.082896e+00	1.082896e+00	1.276213e-08	0.000000e+00	5.597121e-02
2	60	R1	1.285843e+00	1.285843e+00	1.055550e-08	2.173081e-15	1.021796e-01
2	61	R1	1.389951e+00	1.389951e+00	9.658623e-09	0.000000e+00	1.646226e-01
2	64	R1	1.145869e+00	1.145869e+00	1.199857e-08	-2.560726e-15	8.671158e-02
2	65	R1	1.204747e+00	1.204747e+00	1.135323e-08	0.000000e+00	1.098721e-02
2	66	R1	1.250313e+00	1.250313e+00	1.089311e-08	5.313786e-15	8.357303e-02
2	67	R1	1.188142e+00	1.188142e+00	1.152912e-08	-6.368048e-14	3.486855e-03
2	68	R1	1.159555e+00	1.159555e+00	1.184305e-08	0.000000e+00	3.612852e-02
2	69	R1	1.104606e+00	1.104606e+00	1.248954e-08	-1.816265e-15	2.445068e-01
2	70	R1	1.324591e+00	1.324591e+00	1.020653e-08	0.000000e+00	1.949120e-01
2	71	R1	1.124606e+00	1.124606e+00	1.224730e-08	0.000000e+00	6.367964e-02
2	73	R1	1.475253e+00	1.475253e+00	9.010348e-09	-1.604927e-15	1.383519e-01
2	75	R1	1.109139e+00	1.109139e+00	1.243391e-08	5.064427e-15	4.384397e-02
2	77	R1	1.319261e+00	1.319261e+00	1.025341e-08	-8.672932e-15	2.560202e-02
2	78	R1	1.197103e+00	1.197103e+00	1.143363e-08	0.000000e+00	2.219803e-02
2	81	R1	1.288411e+00	1.288411e+00	1.053178e-08	0.000000e+00	1.527202e-03
2	83	R1	1.248362e+00	1.248362e+00	1.091217e-08	0.000000e+00	1.122832e-01
2	86	R1	1.178550e+00	1.178550e+00	1.163285e-08	0.000000e+00	2.141809e-02
2	89	R1	1.237241e+00	1.237241e+00	1.102186e-08	9.878864e-15	6.743021e-02
2	90	R1	1.322576e+00	1.322576e+00	1.022421e-08	-5.663175e-15	7.841701e-02
2	91	R1	1.359897e+00	1.359897e+00	9.904565e-09	2.058079e-15	1.078893e-01
2	92	R1	1.196387e+00	1.196387e+00	1.144121e-08	3.370202e-15	6.588466e-02
2	94	R1	1.313370e+00	1.313370e+00	1.030563e-08	0.000000e+00	1.192969e-01
2	95	R1	1.223391e+00	1.223391e+00	1.116108e-08	6.811639e-15	3.259782e-02
2	96	R1	1.152206e+00	1.152206e+00	1.192612e-08	0.000000e+00	1.916892e-01
2	97	R1	1.266143e+00	1.266143e+00	1.074051e-08	1.314615e-15	1.689046e-01
2	99	R1	1.257466e+00	1.257466e+00	1.082371e-08	-5.570251e-15	7.972518e-02
2	100	R1	1.578906e+00	1.578906e+00	8.307439e-09	-1.612697e-15	1.376853e-01
2	101	R1	1.333422e+00	1.333422e+00	1.012962e-08	0.000000e+00	1.571765e-02
2	102	R1	1.200408e+00	1.200408e+00	1.139874e-08	5.380335e-15	4.126966e-02
2	103	R1	1.175019e+00	1.175019e+00	1.167144e-08	0.000000e+00	1.143195e-01
2	104	R1	1.101807e+00	1.101807e+00	1.252412e-08	0.000000e+00	3.656503e-02
2	105	R1	1.144165e+00	1.144165e+00	1.201818e-08	-4.010748e-15	5.536239e-02
2	106	R1	1.275348e+00	1.275348e+00	1.065341e-08	2.365960e-15	1.876994e-01
2	107	R1	1.263903e+00	1.263903e+00	1.076189e-08	0.000000e+00	1.683074e-01
2	108	R1	1.102111e+00	1.102111e+00	1.252036e-08	-1.606378e-14	1.382269e-02
2	109	R1	1.245408e+00	1.245408e+00	1.094113e-08	5.743572e-15	7.731934e-02
2	110	R1	1.399384e+00	1.399384e+00	9.583415e-09	0.000000e+00	8.446046e-02
2	111	R1	1.426941e+00	1.426941e+00	9.368907e-09	0.000000e+00	2.563525e-02
2	112	R1	1.307959e+00	1.307959e+00	4.058517e-10	2.203620e-15	1.007636e-01
2	113	R1	7.326007e-01	7.326007e-01	1.492444e-10	-1.539706e-15	7.210616e-02


