10	1.526951e+00	6.499042e-01	-9.700000e-01	2.800000e-01	9.552923e-01	2.209456e-01	1.907675e-01	
12	3.266373e+00	1.576906e-01	-2.700000e-01	3.000000e-02	1.347981e+00	7.773356e-02	1.735360e-01	
13	4.252605e+00	1.598683e-01	-1.000000e-02	6.100000e-01	1.350986e+00	9.472600e-02	1.383165e-01	
14	6.777364e+00	5.360341e-01	1.900000e-01	4.000000e-02	1.361841e+00	2.124457e-01	1.118184e-01	
16	6.821282e+00	2.652204e-02	2.900000e-01	2.000000e-02	1.323452e+00	8.719087e-02	9.525071e-02	
17	8.699435e+00	1.322132e+00	4.200000e-01	3.000000e-02	1.360359e+00	1.083513e-01	7.998037e-02	
18	9.732360e+00	1.136626e-01	4.900000e-01	3.000000e-02	1.223840e+00	1.273118e-03	6.326985e-02	
19	9.442871e+00	2.496699e-02	5.400000e-01	2.000000e-02	1.298701e+00	4.936752e-02	6.055764e-02	
20	1.059547e+01	5.467251e-01	4.900000e-01	1.000000e-01	1.300982e+00	4.180610e-03	6.725791e-02	
22	1.122712e+01	2.773063e-01	7.000000e-01	3.000000e-02	1.368551e+00	1.197178e-01	4.161827e-02	
23	1.205255e+01	8.338150e-01	7.800000e-01	2.000000e-02	1.350621e+00	3.225146e-02	3.012022e-02	
24	1.232894e+01	6.384112e-01	7.900000e-01	5.000000e-02	1.223466e+00	9.791022e-02	2.604432e-02	
25	1.336541e+01	1.571981e-01	8.200000e-01	5.000000e-02	1.169659e+00	2.989303e-02	2.134193e-02	
26	1.304291e+01	2.891998e-02	8.000000e-01	9.000000e-02	1.200408e+00	4.126966e-02	2.433665e-02	
27	1.266304e+01	1.988371e-01	8.200000e-01	4.000000e-02	1.434000e+00	3.046286e-01	2.616517e-02	
28	1.322227e+01	1.222050e+00	7.900000e-01	6.000000e-02	1.189910e+00	5.206208e-02	2.532999e-02	
30	1.245795e+01	1.238501e+00	7.900000e-01	6.000000e-02	1.312594e+00	8.151058e-02	2.794163e-02	
31	1.304631e+01	6.621026e-01	7.800000e-01	3.000000e-02	1.286091e+00	1.415850e-02	2.868113e-02	
32	1.747641e+01	3.631501e+00	8.900000e-01	2.000000e-02	1.220331e+00	1.590473e-02	1.360730e-02	
33	1.258653e+01	1.118451e+00	7.800000e-01	7.000000e-02	1.281640e+00	1.141773e-01	2.858188e-02	
34	1.285678e+01	2.297624e-01	8.400000e-01	4.000000e-02	1.296596e+00	5.457053e-02	2.102939e-02	
35	1.427348e+01	3.932032e-01	8.500000e-01	3.000000e-02	1.286918e+00	2.158307e-01	1.956790e-02	
36	1.327845e+01	5.430570e-01	7.800000e-01	6.000000e-02	1.369300e+00	1.118990e-01	3.053678e-02	
37	1.210361e+01	2.695550e-01	8.100000e-01	7.000000e-02	1.214845e+00	4.790607e-02	2.339788e-02	
38	1.320655e+01	1.451116e+00	7.600000e-01	3.000000e-02	1.195672e+00	1.250498e-01	2.908875e-02	
39	1.266785e+01	2.086167e-02	7.500000e-01	6.000000e-02	1.263424e+00	1.280025e-01	3.201776e-02	
40	1.417033e+01	1.024071e-01	8.500000e-01	1.000000e-01	1.261909e+00	1.316290e-01	1.918763e-02	
41	1.216397e+01	1.751872e+00	8.300000e-01	7.000000e-02	1.230845e+00	9.994319e-02	2.121066e-02	
43	1.112347e+01	8.586973e-01	7.100000e-01	5.000000e-02	1.303441e+00	1.717987e-01	3.831698e-02	
44	1.316829e+01	1.491273e-01	8.300000e-01	2.000000e-02	1.192393e+00	6.127958e-03	2.054802e-02	
45	1.338867e+01	1.586421e+00	8.000000e-01	4.000000e-02	1.315876e+00	1.108179e-03	2.667760e-02	
46	1.278445e+01	1.008439e+00	8.200000e-01	5.000000e-02	1.270083e+00	2.168344e-01	2.317429e-02	
48	1.335648e+01	1.962352e-02	7.800000e-01	1.000000e-02	1.415629e+00	2.391979e-01	3.156995e-02	
49	1.402525e+01	2.271972e+00	7.800000e-01	1.100000e-01	1.242699e+00	1.332269e-01	2.771345e-02	
51	1.388310e+01	6.148425e-01	8.200000e-01	5.000000e-02	1.100655e+00	1.789420e-01	2.008286e-02	
52	1.407460e+01	8.696337e-01	7.600000e-01	5.000000e-02	1.124353e+00	8.545795e-02	2.735369e-02	
53	1.187366e+01	4.412796e-01	6.300000e-01	2.000000e-02	1.246417e+00	5.934577e-03	4.674840e-02	
54	1.257703e+01	7.165635e-01	8.200000e-01	7.000000e-02	1.220405e+00	1.684499e-02	2.226785e-02	
55	1.375705e+01	3.974385e-01	7.700000e-01	7.000000e-02	1.186029e+00	9.649714e-03	2.765189e-02	
56	1.516070e+01	2.298469e-02	8.200000e-01	3.000000e-02	1.222419e+00	1.489826e-02	2.230460e-02	
57	1.389661e+01	9.115063e-01	8.100000e-01	6.000000e-02	1.112656e+00	1.718474e-01	2.142972e-02	
59	1.470156e+01	1.558339e+00	8.600000e-01	1.200000e-01	1.082896e+00	5.597121e-02	1.536797e-02	
60	1.390434e+01	5.625921e-01	8.300000e-01	3.000000e-02	1.285843e+00	1.021796e-01	2.215841e-02	
61	1.347709e+01	2.070604e-01	7.700000e-01	6.000000e-02	1.389951e+00	1.646226e-01	3.240627e-02	
64	1.354096e+01	4.363912e-01	8.200000e-01	2.000000e-02	1.145869e+00	8.671158e-02	2.090785e-02	
65	1.384658e+01	1.422620e+00	7.800000e-01	3.000000e-02	1.204747e+00	1.098721e-02	2.686707e-02	
66	1.482360e+01	1.540371e+00	8.300000e-01	6.000000e-02	1.250313e+00	8.357303e-02	2.154613e-02	
67	1.309586e+01	1.618975e+00	7.800000e-01	3.000000e-02	1.188142e+00	3.486855e-03	2.649677e-02	
68	1.305313e+01	8.519205e-01	7.800000e-01	3.000000e-02	1.159555e+00	3.612852e-02	2.585924e-02	
69	1.380834e+01	2.955389e-01	7.700000e-01	2.000000e-02	1.104606e+00	2.445068e-01	2.575355e-02	
70	1.253761e+01	1.210376e-01	7.600000e-01	5.000000e-02	1.324591e+00	1.949120e-01	3.222515e-02	
71	1.051635e+01	3.085564e-01	6.300000e-01	4.000000e-02	1.124606e+00	6.367964e-02	4.217976e-02	
73	1.031885e+01	1.866572e+00	6.400000e-01	9.000000e-02	1.475253e+00	1.383519e-01	5.383575e-02	
75	1.087311e+01	3.357577e-01	6.400000e-01	1.000000e-02	1.109139e+00	4.384397e-02	4.047533e-02	
77	1.157541e+01	5.962564e-01	6.600000e-01	3.000000e-02	1.319261e+00	2.560202e-02	4.546860e-02	
78	1.210361e+01	4.585365e-01	6.600000e-01	5.000000e-02	1.197103e+00	2.219803e-02	4.125839e-02	
81	9.681479e+00	8.895076e-01	5.700000e-01	3.000000e-02	1.288411e+00	1.527202e-03	5.615968e-02	
83	8.227067e+00	6.362355e-01	5.600000e-01	3.000000e-02	1.248362e+00	1.122832e-01	5.567944e-02	
86	1.510574e+01	2.843165e+00	6.800000e-01	5.000000e-02	1.178550e+00	2.141809e-02	3.822962e-02	
89	1.216545e+01	2.619568e-01	7.600000e-01	6.000000e-02	1.237241e+00	6.743021e-02	3.010006e-02	
90	8.083421e+00	4.480480e+00	8.100000e-01	5.000000e-02	1.322576e+00	7.841701e-02	2.547277e-02	
91	1.237011e+01	4.284552e-02	8.000000e-01	4.000000e-02	1.359897e+00	1.078893e-01	2.757006e-02	
92	1.261830e+01	9.664739e-01	8.100000e-01	1.000000e-02	1.196387e+00	6.588466e-02	2.304237e-02	
94	1.465846e+01	2.161596e+00	7.500000e-01	3.000000e-02	1.313370e+00	1.192969e-01	3.328350e-02	
95	1.204384e+01	4.395138e-01	8.000000e-01	1.000000e-02	1.223391e+00	3.259782e-02	2.480260e-02	
96	8.945344e+00	4.006560e+00	7.700000e-01	3.000000e-02	1.152206e+00	1.916892e-01	2.686334e-02	
97	1.183992e+01	7.051245e-01	7.800000e-01	4.000000e-02	1.266143e+00	1.689046e-01	2.823627e-02	
99	1.137268e+01	6.466896e-02	7.700000e-01	4.000000e-02	1.257466e+00	7.972518e-02	2.931744e-02	
100	1.274860e+01	4.729528e-01	8.000000e-01	3.000000e-02	1.578906e+00	1.376853e-01	3.201018e-02	
101	1.263743e+01	2.874684e-02	8.000000e-01	5.000000e-02	1.333422e+00	1.571765e-02	2.703333e-02	
102	1.304291e+01	2.891998e-02	8.200000e-01	6.000000e-02	1.200408e+00	4.126966e-02	2.190298e-02	
103	1.297690e+01	5.910839e-01	7.700000e-01	3.000000e-02	1.175019e+00	1.143195e-01	2.739521e-02	
104	1.279591e+01	1.080652e+00	7.700000e-01	3.000000e-02	1.101807e+00	3.656503e-02	2.568829e-02	
105	1.327140e+01	5.283902e-03	8.000000e-01	4.000000e-02	1.144165e+00	5.536239e-02	2.319639e-02	
106	1.244555e+01	1.068753e-01	7.000000e-01	3.000000e-02	1.275348e+00	1.876994e-01	3.878391e-02	
107	1.255808e+01	5.156967e-01	8.100000e-01	5.000000e-02	1.263903e+00	1.683074e-01	2.434272e-02	
108	1.250156e+01	3.282070e-02	7.600000e-01	3.000000e-02	1.102111e+00	1.382269e-02	2.681256e-02	
109	1.220405e+01	7.566095e-01	7.000000e-01	3.000000e-02	1.245408e+00	7.731934e-02	3.787343e-02	
110	1.191185e+01	5.576364e-01	6.700000e-01	6.000000e-02	1.399384e+00	8.446046e-02	4.681152e-02	
111	6.341154e+00	2.786569e-01	2.700000e-01	3.000000e-02	1.426941e+00	2.563525e-02	1.055919e-01	
112	2.576988e+00	7.557304e-02	-3.700000e-01	1.000000e-02	1.307959e+00	1.007636e-01	1.816421e-01	
113	1.126253e+00	2.387595e-01	-1.240000e+00	2.000000e-02	7.326007e-01	7.210616e-02	1.663479e-01	
