2	1.300000e+01	7.000000e-01	8.200000e-01	4.000000e-02	1.140000e+00	6.000000e-02	2.080076e-02	
3	1.310000e+01	7.000000e-01	7.000000e-01	5.000000e-02	1.090000e+00	6.000000e-02	3.314741e-02	
5	1.170000e+01	6.000000e-01	5.900000e-01	3.000000e-02	1.020000e+00	5.000000e-02	4.239219e-02	
6	1.250000e+01	6.000000e-01	6.700000e-01	4.000000e-02	1.050000e+00	5.000000e-02	3.512409e-02	
7	1.420000e+01	7.000000e-01	8.200000e-01	4.000000e-02	1.120000e+00	6.000000e-02	2.043583e-02	
8	1.200000e+01	6.000000e-01	8.600000e-01	1.100000e-01	1.090000e+00	5.000000e-02	1.546879e-02	
9	1.370000e+01	7.000000e-01	9.200000e-01	5.000000e-02	1.140000e+00	6.000000e-02	9.244782e-03	
10	1.260000e+01	7.000000e-01	9.100000e-01	5.000000e-02	1.170000e+00	6.000000e-02	1.067407e-02	
11	1.420000e+01	7.000000e-01	8.900000e-01	4.000000e-02	1.160000e+00	6.000000e-02	1.293459e-02	
12	1.400000e+01	8.000000e-01	8.300000e-01	6.000000e-02	1.130000e+00	6.000000e-02	1.947284e-02	
13	1.390000e+01	7.000000e-01	8.300000e-01	4.000000e-02	1.190000e+00	6.000000e-02	2.050679e-02	
14	1.470000e+01	7.000000e-01	8.400000e-01	4.000000e-02	1.160000e+00	6.000000e-02	1.881394e-02	
15	1.320000e+01	7.000000e-01	8.400000e-01	4.000000e-02	1.060000e+00	5.000000e-02	1.719205e-02	
18	1.560000e+01	8.000000e-01	8.900000e-01	4.000000e-02	1.200000e+00	6.000000e-02	1.338061e-02	
19	1.430000e+01	7.000000e-01	8.400000e-01	4.000000e-02	1.200000e+00	6.000000e-02	1.946270e-02	
21	1.510000e+01	4.000000e-01	8.500000e-01	4.000000e-02	1.080000e+00	2.000000e-02	1.642165e-02	
22	1.400000e+01	7.000000e-01	8.400000e-01	4.000000e-02	1.130000e+00	6.000000e-02	1.832737e-02	
23	1.490000e+01	7.000000e-01	8.100000e-01	4.000000e-02	1.130000e+00	6.000000e-02	2.176376e-02	
24	1.460000e+01	7.000000e-01	8.900000e-01	4.000000e-02	1.130000e+00	6.000000e-02	1.260007e-02	
25	1.190000e+01	6.000000e-01	8.100000e-01	5.000000e-02	1.150000e+00	6.000000e-02	2.214896e-02	
26	1.400000e+01	7.000000e-01	7.700000e-01	4.000000e-02	1.110000e+00	6.000000e-02	2.587931e-02	
27	1.490000e+01	7.000000e-01	8.200000e-01	4.000000e-02	1.200000e+00	6.000000e-02	2.189554e-02	
28	1.350000e+01	7.000000e-01	8.100000e-01	5.000000e-02	1.100000e+00	6.000000e-02	2.118596e-02	
29	1.540000e+01	8.000000e-01	8.200000e-01	4.000000e-02	1.170000e+00	6.000000e-02	2.134815e-02	
30	1.600000e+01	8.000000e-01	8.600000e-01	8.000000e-02	1.150000e+00	6.000000e-02	1.632028e-02	
31	1.590000e+01	4.000000e-01	8.100000e-01	6.000000e-02	1.220000e+00	2.000000e-02	2.349715e-02	
32	1.400000e+01	7.000000e-01	8.000000e-01	4.000000e-02	1.140000e+00	6.000000e-02	2.311196e-02	
33	1.470000e+01	7.000000e-01	8.500000e-01	6.000000e-02	1.150000e+00	6.000000e-02	1.748602e-02	
34	1.560000e+01	8.000000e-01	8.800000e-01	9.000000e-02	1.140000e+00	6.000000e-02	1.386717e-02	
35	1.500000e+01	7.000000e-01	8.800000e-01	4.000000e-02	1.120000e+00	6.000000e-02	1.362389e-02	
36	1.480000e+01	7.000000e-01	8.500000e-01	4.000000e-02	1.120000e+00	6.000000e-02	1.702986e-02	
37	1.480000e+01	7.000000e-01	8.700000e-01	4.000000e-02	1.080000e+00	5.000000e-02	1.423210e-02	
38	1.510000e+01	8.000000e-01	8.300000e-01	4.000000e-02	1.110000e+00	6.000000e-02	1.912818e-02	
39	1.440000e+01	7.000000e-01	8.100000e-01	4.000000e-02	1.210000e+00	6.000000e-02	2.330455e-02	
41	1.460000e+01	7.000000e-01	8.500000e-01	5.000000e-02	1.190000e+00	6.000000e-02	1.809423e-02	
42	1.280000e+01	6.000000e-01	7.700000e-01	4.000000e-02	1.160000e+00	6.000000e-02	2.704504e-02	
43	1.360000e+01	7.000000e-01	8.100000e-01	4.000000e-02	1.170000e+00	6.000000e-02	2.253416e-02	
44	1.390000e+01	7.000000e-01	8.600000e-01	8.000000e-02	1.120000e+00	6.000000e-02	1.589454e-02	
45	1.270000e+01	6.000000e-01	7.600000e-01	4.000000e-02	1.110000e+00	6.000000e-02	2.700449e-02	
46	1.300000e+01	7.000000e-01	8.500000e-01	5.000000e-02	1.150000e+00	6.000000e-02	1.748602e-02	
47	1.500000e+01	7.000000e-01	8.300000e-01	4.000000e-02	1.200000e+00	6.000000e-02	2.067912e-02	
48	1.430000e+01	7.000000e-01	7.900000e-01	4.000000e-02	1.060000e+00	5.000000e-02	2.256457e-02	
49	1.350000e+01	7.000000e-01	8.100000e-01	4.000000e-02	1.040000e+00	5.000000e-02	2.003036e-02	
50	1.390000e+01	7.000000e-01	8.300000e-01	4.000000e-02	1.100000e+00	6.000000e-02	1.895586e-02	
51	1.320000e+01	7.000000e-01	8.500000e-01	4.000000e-02	1.000000e+00	5.000000e-02	1.520523e-02	
53	1.400000e+01	9.000000e-01	8.300000e-01	2.000000e-02	1.090000e+00	7.000000e-02	1.878353e-02	
54	1.410000e+01	7.000000e-01	8.300000e-01	4.000000e-02	1.130000e+00	6.000000e-02	1.947284e-02	
55	1.290000e+01	6.000000e-01	8.200000e-01	4.000000e-02	1.170000e+00	6.000000e-02	2.134815e-02	
56	1.720000e+01	9.000000e-01	8.600000e-01	7.000000e-02	1.220000e+00	6.000000e-02	1.731369e-02	
57	1.340000e+01	7.000000e-01	8.800000e-01	1.100000e-01	1.150000e+00	6.000000e-02	1.398881e-02	
58	1.360000e+01	7.000000e-01	8.300000e-01	1.000000e-01	1.140000e+00	6.000000e-02	1.964516e-02	
59	1.310000e+01	7.000000e-01	8.300000e-01	6.000000e-02	1.140000e+00	6.000000e-02	1.964516e-02	
60	1.140000e+01	6.000000e-01	9.000000e-01	4.000000e-02	1.140000e+00	6.000000e-02	1.155598e-02	
61	1.450000e+01	8.000000e-01	7.900000e-01	4.000000e-02	1.130000e+00	6.000000e-02	2.405468e-02	
62	1.370000e+01	1.000000e+00	9.300000e-01	6.000000e-02	1.140000e+00	6.000000e-02	8.089184e-03	
63	1.870000e+01	3.200000e+00	8.100000e-01	6.000000e-02	1.200000e+00	7.000000e-02	2.311196e-02	
64	1.520000e+01	8.000000e-01	8.300000e-01	4.000000e-02	1.090000e+00	8.000000e-02	1.878353e-02	
65	9.800000e+00	1.000000e+00	8.300000e-01	3.000000e-02	1.080000e+00	7.000000e-02	1.861121e-02	
66	1.490000e+01	7.000000e-01	7.600000e-01	4.000000e-02	1.130000e+00	6.000000e-02	2.749106e-02	
70	1.370000e+01	7.000000e-01	8.500000e-01	4.000000e-02	1.170000e+00	6.000000e-02	1.779012e-02	
72	1.330000e+01	7.000000e-01	9.000000e-01	8.000000e-02	1.130000e+00	6.000000e-02	1.145461e-02	
73	1.380000e+01	7.000000e-01	8.500000e-01	4.000000e-02	1.160000e+00	6.000000e-02	1.763807e-02	
74	1.420000e+01	7.000000e-01	8.400000e-01	4.000000e-02	1.080000e+00	5.000000e-02	1.751643e-02	
75	1.340000e+01	7.000000e-01	9.900000e-01	1.000000e-01	1.180000e+00	6.000000e-02	1.196145e-03	
76	1.410000e+01	7.000000e-01	8.000000e-01	4.000000e-02	1.170000e+00	6.000000e-02	2.372016e-02	
77	1.410000e+01	7.000000e-01	8.700000e-01	6.000000e-02	1.150000e+00	6.000000e-02	1.515455e-02	
78	1.220000e+01	8.000000e-01	8.200000e-01	4.000000e-02	1.140000e+00	6.000000e-02	2.080076e-02	
79	1.360000e+01	7.000000e-01	9.200000e-01	5.000000e-02	1.140000e+00	6.000000e-02	9.244782e-03	
80	1.430000e+01	7.000000e-01	8.200000e-01	4.000000e-02	1.150000e+00	6.000000e-02	2.098322e-02	
82	1.320000e+01	7.000000e-01	9.500000e-01	7.000000e-02	1.220000e+00	6.000000e-02	6.183462e-03	
84	1.270000e+01	6.000000e-01	8.100000e-01	4.000000e-02	1.180000e+00	6.000000e-02	2.272676e-02	
85	1.500000e+01	7.000000e-01	7.900000e-01	1.000000e-01	1.170000e+00	6.000000e-02	2.490617e-02	
86	1.310000e+01	7.000000e-01	8.900000e-01	4.000000e-02	1.270000e+00	6.000000e-02	1.416114e-02	
87	1.560000e+01	9.000000e-01	8.400000e-01	7.000000e-02	1.170000e+00	4.000000e-02	1.897613e-02	
88	1.360000e+01	7.000000e-01	8.100000e-01	5.000000e-02	1.230000e+00	6.000000e-02	2.368975e-02	
89	1.350000e+01	7.000000e-01	8.300000e-01	4.000000e-02	1.150000e+00	6.000000e-02	1.981749e-02	
90	1.400000e+01	7.000000e-01	8.200000e-01	6.000000e-02	1.140000e+00	6.000000e-02	2.080076e-02	
91	1.300000e+01	7.000000e-01	8.700000e-01	1.300000e-01	1.220000e+00	6.000000e-02	1.607700e-02	
92	1.330000e+01	7.000000e-01	8.500000e-01	7.000000e-02	1.160000e+00	6.000000e-02	1.763807e-02	
93	1.260000e+01	6.000000e-01	8.500000e-01	4.000000e-02	1.200000e+00	6.000000e-02	1.824628e-02	
94	1.420000e+01	7.000000e-01	8.200000e-01	6.000000e-02	1.230000e+00	6.000000e-02	2.244292e-02	
95	1.450000e+01	4.000000e-01	8.700000e-01	4.000000e-02	1.220000e+00	3.000000e-02	1.607700e-02	
96	1.330000e+01	7.000000e-01	8.300000e-01	4.000000e-02	1.160000e+00	6.000000e-02	1.998981e-02	
97	1.380000e+01	7.000000e-01	8.900000e-01	4.000000e-02	1.140000e+00	6.000000e-02	1.271158e-02	
98	1.430000e+01	7.000000e-01	8.700000e-01	1.700000e-01	1.180000e+00	6.000000e-02	1.554989e-02	
99	1.220000e+01	1.300000e+00	8.000000e-01	5.000000e-02	9.900000e-01	6.000000e-02	2.007091e-02	
100	1.410000e+01	2.000000e-01	7.400000e-01	4.000000e-02	1.200000e+00	3.000000e-02	3.162689e-02	
103	9.800000e+00	5.000000e-01	6.100000e-01	3.000000e-02	1.170000e+00	6.000000e-02	4.625432e-02	
104	1.300000e+01	9.000000e-01	7.200000e-01	4.000000e-02	1.100000e+00	4.000000e-02	3.122141e-02	
106	1.420000e+01	7.000000e-01	7.200000e-01	1.100000e-01	1.240000e+00	6.000000e-02	3.519505e-02	
107	1.460000e+01	7.000000e-01	7.800000e-01	5.000000e-02	1.140000e+00	6.000000e-02	2.542315e-02	
108	1.510000e+01	8.000000e-01	7.800000e-01	4.000000e-02	1.220000e+00	6.000000e-02	2.720723e-02	
109	1.530000e+01	3.000000e-01	6.400000e-01	5.000000e-02	1.150000e+00	4.000000e-02	4.196644e-02	
110	1.550000e+01	8.000000e-01	9.200000e-01	8.000000e-02	1.230000e+00	2.000000e-02	9.974633e-03	
111	1.460000e+01	7.000000e-01	8.100000e-01	4.000000e-02	1.210000e+00	6.000000e-02	2.330455e-02	
112	1.420000e+01	7.000000e-01	8.000000e-01	4.000000e-02	1.150000e+00	6.000000e-02	2.331469e-02	
113	1.490000e+01	7.000000e-01	8.700000e-01	1.000000e-01	1.200000e+00	6.000000e-02	1.581344e-02	
114	1.550000e+01	4.000000e-01	8.700000e-01	6.000000e-02	1.140000e+00	3.000000e-02	1.502277e-02	
115	1.490000e+01	4.000000e-01	8.600000e-01	4.000000e-02	1.170000e+00	3.000000e-02	1.660412e-02	
116	1.480000e+01	7.000000e-01	9.200000e-01	5.000000e-02	1.180000e+00	6.000000e-02	9.569160e-03	
117	1.190000e+01	6.000000e-01	8.100000e-01	5.000000e-02	1.150000e+00	6.000000e-02	2.214896e-02	
118	1.400000e+01	7.000000e-01	8.400000e-01	4.000000e-02	1.170000e+00	6.000000e-02	1.897613e-02	
119	1.410000e+01	7.000000e-01	8.800000e-01	5.000000e-02	1.140000e+00	6.000000e-02	1.386717e-02	
120	1.520000e+01	8.000000e-01	8.900000e-01	6.000000e-02	1.210000e+00	6.000000e-02	1.349211e-02	
121	1.210000e+01	8.000000e-01	8.100000e-01	6.000000e-02	1.040000e+00	5.000000e-02	2.003036e-02	
122	1.330000e+01	7.000000e-01	9.300000e-01	9.000000e-02	1.060000e+00	5.000000e-02	7.521522e-03	
123	1.340000e+01	9.000000e-01	8.100000e-01	2.000000e-02	1.110000e+00	4.000000e-02	2.137856e-02	
125	1.300000e+01	4.000000e-01	8.100000e-01	3.000000e-02	9.200000e-01	2.000000e-02	1.771917e-02	
126	1.330000e+01	7.000000e-01	7.700000e-01	4.000000e-02	1.130000e+00	6.000000e-02	2.634560e-02	
127	1.630000e+01	8.000000e-01	8.100000e-01	5.000000e-02	1.220000e+00	6.000000e-02	2.349715e-02	
128	1.490000e+01	7.000000e-01	8.200000e-01	4.000000e-02	1.200000e+00	6.000000e-02	2.189554e-02	
129	1.550000e+01	9.000000e-01	8.000000e-01	8.000000e-02	1.120000e+00	6.000000e-02	2.270648e-02	
130	1.430000e+01	7.000000e-01	8.500000e-01	1.900000e-01	1.140000e+00	6.000000e-02	1.733397e-02	
131	1.390000e+01	7.000000e-01	8.900000e-01	4.000000e-02	1.230000e+00	6.000000e-02	1.371512e-02	
133	1.600000e+01	3.000000e-01	7.500000e-01	4.000000e-02	1.100000e+00	6.000000e-02	2.787626e-02	
136	1.940000e+01	5.000000e-01	7.700000e-01	9.000000e-02	1.210000e+00	6.000000e-02	2.821078e-02	
137	1.460000e+01	4.000000e-01	7.100000e-01	4.000000e-02	1.100000e+00	5.000000e-02	3.233646e-02	
138	1.240000e+01	6.000000e-01	7.000000e-01	3.000000e-02	1.080000e+00	5.000000e-02	3.284330e-02	
140	1.330000e+01	7.000000e-01	7.900000e-01	4.000000e-02	1.070000e+00	6.000000e-02	2.277744e-02	
141	1.250000e+01	6.000000e-01	6.000000e-01	3.000000e-02	1.180000e+00	6.000000e-02	4.784580e-02	
142	1.290000e+01	2.000000e-01	6.000000e-01	4.000000e-02	1.190000e+00	2.000000e-02	4.825127e-02	
143	1.200000e+01	6.000000e-01	6.300000e-01	3.000000e-02	1.100000e+00	6.000000e-02	4.125687e-02	
144	1.320000e+01	7.000000e-01	6.700000e-01	3.000000e-02	1.110000e+00	6.000000e-02	3.713118e-02	
145	1.280000e+01	3.000000e-01	7.000000e-01	5.000000e-02	1.130000e+00	4.000000e-02	3.436383e-02	
146	1.410000e+01	7.000000e-01	8.700000e-01	7.000000e-02	1.100000e+00	5.000000e-02	1.449566e-02	
147	1.320000e+01	8.000000e-01	8.600000e-01	8.000000e-02	1.210000e+00	6.000000e-02	1.717178e-02	
148	1.430000e+01	7.000000e-01	8.600000e-01	4.000000e-02	1.180000e+00	6.000000e-02	1.674603e-02	
149	1.450000e+01	7.000000e-01	8.500000e-01	4.000000e-02	1.200000e+00	6.000000e-02	1.824628e-02	
150	1.380000e+01	7.000000e-01	7.700000e-01	4.000000e-02	1.220000e+00	6.000000e-02	2.844392e-02	
151	1.500000e+01	7.000000e-01	8.300000e-01	4.000000e-02	1.200000e+00	6.000000e-02	2.067912e-02	
152	1.370000e+01	7.000000e-01	7.900000e-01	4.000000e-02	1.220000e+00	6.000000e-02	2.597054e-02	
153	1.450000e+01	7.000000e-01	7.900000e-01	6.000000e-02	1.230000e+00	6.000000e-02	2.618341e-02	
154	1.570000e+01	8.000000e-01	8.200000e-01	7.000000e-02	1.230000e+00	6.000000e-02	2.244292e-02	
155	1.570000e+01	8.000000e-01	8.700000e-01	5.000000e-02	1.160000e+00	6.000000e-02	1.528633e-02	
156	1.490000e+01	7.000000e-01	9.900000e-01	8.000000e-02	1.170000e+00	6.000000e-02	1.186008e-03	
157	1.290000e+01	6.000000e-01	9.500000e-01	7.000000e-02	1.090000e+00	5.000000e-02	5.524568e-03	
158	1.330000e+01	7.000000e-01	8.700000e-01	4.000000e-02	1.110000e+00	6.000000e-02	1.462743e-02	
162	7.800000e+00	4.000000e-01	4.300000e-01	2.000000e-02	1.100000e+00	5.000000e-02	6.355788e-02	
163	5.100000e+00	3.000000e-01	1.000000e-01	1.000000e-02	1.160000e+00	6.000000e-02	1.058284e-01	
165	3.000000e+00	1.000000e-01	-1.040000e+00	-2.000000e-02	1.100000e+00	5.000000e-02	2.274703e-01	
166	2.400000e+00	1.000000e-01	-1.610000e+00	-3.000000e-02	8.200000e-01	4.000000e-02	2.169483e-01	
