0	2	R2	7.800312e+00	7.800312e+00	4.825929e-09	-1.836154e-15	9.674334e-01
0	3	R2	8.417508e+00	8.417508e+00	5.325166e-09	4.821251e-15	3.684431e-01
0	4	R2	1.072961e+01	1.072961e+01	7.164504e-09	6.429109e-15	5.525981e-01
0	5	R2	1.149425e+01	1.149425e+01	7.762428e-09	0.000000e+00	5.945303e-01
0	6	R2	1.033058e+01	1.033058e+01	6.850577e-09	-4.380234e-15	4.055392e-01
0	7	R2	1.128668e+01	1.128668e+01	7.600561e-09	0.000000e+00	4.076454e-01
0	8	R2	1.123596e+01	1.123596e+01	7.560955e-09	4.690174e-15	3.787401e-01
0	9	R2	1.267427e+01	1.267427e+01	8.676962e-09	-2.988701e-15	5.943575e-01
0	10	R2	1.329787e+01	1.329787e+01	9.156820e-09	-2.283038e-15	7.780670e-01
0	11	R2	1.203369e+01	1.203369e+01	8.181646e-09	5.575831e-15	6.371631e-01
0	12	R2	1.219512e+01	1.219512e+01	8.306712e-09	2.596570e-15	6.841166e-01
0	13	R2	1.240695e+01	1.240695e+01	8.470570e-09	0.000000e+00	9.082009e-01
0	14	R2	1.438849e+01	1.438849e+01	9.991256e-09	2.318986e-15	7.660059e-01
0	15	R2	1.280410e+01	1.280410e+01	8.777044e-09	0.000000e+00	5.410182e-01
0	16	R2	1.310616e+01	1.310616e+01	9.009528e-09	0.000000e+00	1.013451e+00
0	17	R2	1.550388e+01	1.550388e+01	1.083933e-08	0.000000e+00	1.682591e+00
0	18	R2	1.207729e+01	1.207729e+01	8.215442e-09	-3.382894e-15	1.050200e+00
0	20	R2	1.618123e+01	1.618123e+01	1.135215e-08	-2.261444e-15	3.141986e+00
0	21	R2	1.251564e+01	1.251564e+01	8.554544e-09	-2.835070e-15	6.265654e-01
0	22	R2	1.533742e+01	1.533742e+01	1.071307e-08	-8.989719e-16	1.975987e+00
0	23	R2	1.187648e+01	1.187648e+01	8.059681e-09	0.000000e+00	7.898850e-01
0	24	R2	2.873563e+01	2.873563e+01	2.069902e-08	-5.121998e-16	6.936187e+00
0	26	R2	7.267442e+00	7.267442e+00	4.393061e-09	-1.557089e-15	5.704097e-01
0	27	R2	1.490313e+01	1.490313e+01	1.038316e-08	-8.788887e-16	2.021140e+00
0	28	R2	9.680542e+00	9.680542e+00	6.336151e-09	-4.120719e-15	4.310793e-01
0	29	R2	8.904720e+00	8.904720e+00	5.716954e-09	0.000000e+00	3.013173e-01
0	30	R2	1.434720e+01	1.434720e+01	9.959767e-09	-5.870545e-16	3.025881e+00
0	31	R2	1.574803e+01	1.574803e+01	1.102436e-08	3.704853e-15	1.438403e+00
0	32	R2	9.871668e+00	9.871668e+00	6.487808e-09	1.340325e-15	1.325318e+00
0	33	R2	1.006036e+01	1.006036e+01	6.637203e-09	-2.166796e-15	8.198082e-01
0	34	R2	2.624672e+01	2.624672e+01	1.886040e-08	0.000000e+00	4.477787e+00
0	35	R2	1.841621e+01	1.841621e+01	1.303476e-08	5.060454e-16	7.020543e+00
0	36	R2	1.175088e+01	1.175088e+01	7.962116e-09	-6.125902e-15	2.899747e-01
0	37	R2	1.340483e+01	1.340483e+01	9.238908e-09	2.017492e-15	8.804778e-01
0	38	R2	1.190476e+01	1.190476e+01	8.081631e-09	0.000000e+00	1.091270e+00
0	39	R2	1.272265e+01	1.272265e+01	8.714266e-09	2.743565e-15	6.474629e-01
0	40	R2	1.101322e+01	1.101322e+01	7.386808e-09	4.964550e-15	7.156164e-01
0	41	R2	1.165501e+01	1.165501e+01	7.887573e-09	6.538450e-15	8.150358e-01
0	42	R2	1.197605e+01	1.197605e+01	8.136943e-09	5.504535e-15	6.454158e-01
0	43	R2	1.199041e+01	1.199041e+01	8.148080e-09	0.000000e+00	4.600636e-01
0	44	R2	1.082251e+01	1.082251e+01	7.237394e-09	-6.148422e-15	8.667379e-01
0	45	R2	1.149425e+01	1.149425e+01	7.762428e-09	0.000000e+00	6.077421e-01
0	46	R2	1.101322e+01	1.101322e+01	7.386808e-09	7.916445e-15	4.487764e-01
0	47	R2	1.031992e+01	1.031992e+01	6.842171e-09	0.000000e+00	7.668050e-01
0	48	R2	1.267427e+01	1.267427e+01	8.676962e-09	-1.727843e-15	1.028078e+00
0	49	R2	1.035197e+01	1.035197e+01	6.867439e-09	0.000000e+00	4.929508e-01
0	50	R2	8.216927e+00	8.216927e+00	5.163248e-09	4.110848e-15	4.321145e-01
0	51	R2	7.727975e+00	7.727975e+00	4.767241e-09	2.478663e-15	3.583296e-01
0	52	R2	6.901311e+00	6.901311e+00	4.095414e-09	0.000000e+00	2.714802e-01
0	53	R2	6.734007e+00	6.734007e+00	3.959572e-09	-1.070291e-15	8.298473e-01
0	54	R2	7.127584e+00	7.127584e+00	4.279338e-09	0.000000e+00	6.502714e-01
0	55	R2	8.103728e+00	8.103728e+00	5.071722e-09	-3.423998e-15	5.187962e-01
0	56	R2	9.496676e+00	9.496676e+00	6.189928e-09	-1.668316e-07	6.944388e-01
0	57	R2	1.090513e+01	1.090513e+01	7.302157e-09	3.473765e-15	5.113636e-01
0	58	R2	1.071811e+01	1.071811e+01	7.155475e-09	3.596044e-15	4.939752e-01
0	59	R2	1.046025e+01	1.046025e+01	6.952743e-09	0.000000e+00	5.033175e-01
0	60	R2	1.175088e+01	1.175088e+01	7.962116e-09	-2.144066e-15	8.284993e-01
0	61	R2	1.233046e+01	1.233046e+01	8.411433e-09	0.000000e+00	8.362208e-01
0	62	R2	1.172333e+01	1.172333e+01	7.940700e-09	2.051577e-15	8.658497e-01
0	63	R2	1.161440e+01	1.161440e+01	7.855977e-09	-1.854719e-15	9.577497e-01
0	64	R2	1.321004e+01	1.321004e+01	9.089363e-09	-1.804062e-07	9.772288e-01
0	65	R2	1.251564e+01	1.251564e+01	8.554544e-09	-2.577336e-15	6.892220e-01
0	66	R2	1.137656e+01	1.137656e+01	7.670692e-09	0.000000e+00	7.118442e-01
0	67	R2	1.176471e+01	1.176471e+01	7.972860e-09	5.580077e-15	3.183391e-01
0	68	R2	1.262626e+01	1.262626e+01	8.639928e-09	3.011472e-15	5.898633e-01
0	69	R2	1.165501e+01	1.165501e+01	7.887573e-09	8.528413e-15	6.248608e-01
0	70	R2	1.172333e+01	1.172333e+01	7.940700e-09	2.534300e-15	7.009259e-01
0	71	R2	2.564103e+01	2.564103e+01	1.841227e-08	-1.637478e-15	4.339250e+00
0	72	R2	1.170960e+01	1.170960e+01	7.930027e-09	0.000000e+00	7.404198e-01
0	73	R2	1.136364e+01	1.136364e+01	7.660609e-09	-2.751221e-15	6.456612e-01
0	74	R2	1.531394e+01	1.531394e+01	1.069525e-08	-2.611912e-15	1.360196e+00
0	75	R2	1.447178e+01	1.447178e+01	1.005476e-08	0.000000e+00	3.057713e+00
0	76	R2	1.666667e+01	1.666667e+01	1.171876e-08	9.689219e-16	3.666667e+00
0	77	R2	2.227171e+01	2.227171e+01	1.591311e-08	7.958118e-16	4.464264e+00
0	78	R2	1.127396e+01	1.127396e+01	7.590628e-09	0.000000e+00	1.576066e+00
0	79	R2	9.009009e+00	9.009009e+00	5.800527e-09	-1.461301e-07	7.385764e-01
0	80	R2	1.275510e+01	1.275510e+01	8.739285e-09	-1.888111e-07	8.948095e-01
0	81	R2	1.400560e+01	1.400560e+01	9.698946e-09	-2.587370e-15	1.373098e+00
0	82	R2	1.215067e+01	1.215067e+01	8.272289e-09	5.468991e-15	3.248052e-01
0	83	R2	1.410437e+01	1.410437e+01	9.774414e-09	0.000000e+00	1.193600e+00
0	84	R2	1.146789e+01	1.146789e+01	7.741888e-09	2.046535e-15	8.679825e-01
0	85	R2	1.278772e+01	1.278772e+01	8.764427e-09	3.879589e-15	4.578725e-01
0	86	R2	1.396648e+01	1.396648e+01	9.669042e-09	4.922486e-15	7.217315e-01
0	87	R2	1.851852e+01	1.851852e+01	1.311149e-08	0.000000e+00	3.326475e+00
0	88	R2	1.264223e+01	1.264223e+01	8.652243e-09	0.000000e+00	1.214676e+00
0	89	R2	2.092050e+01	2.092050e+01	1.490710e-08	0.000000e+00	4.245374e+00
0	90	R2	1.216545e+01	1.216545e+01	8.283737e-09	0.000000e+00	5.327934e-01
0	91	R2	1.136364e+01	1.136364e+01	7.660609e-09	-6.550527e-15	2.711777e-01
0	92	R2	1.055966e+01	1.055966e+01	7.030967e-09	-4.364528e-15	8.139972e-01
0	93	R2	1.310616e+01	1.310616e+01	9.009528e-09	0.000000e+00	1.545943e+00
0	94	R2	1.275510e+01	1.275510e+01	8.739285e-09	-1.790450e-07	9.436172e-01
0	95	R2	1.180638e+01	1.180638e+01	8.005236e-09	7.496320e-15	2.369639e-01
0	96	R2	1.379310e+01	1.379310e+01	9.536428e-09	1.393578e-15	1.274673e+00
0	97	R2	1.210654e+01	1.210654e+01	8.238102e-09	0.000000e+00	6.009298e-01
0	98	R2	1.082251e+01	1.082251e+01	7.237394e-09	-5.548576e-15	9.604393e-01
0	99	R2	1.059322e+01	1.059322e+01	7.057354e-09	-1.283494e-14	4.152004e-01
0	100	R2	2.141328e+01	2.141328e+01	1.527428e-08	-1.076122e-15	3.301404e+00
0	101	R2	8.960573e+00	8.960574e+00	5.761726e-09	-2.668861e-07	4.014594e-01
0	102	R2	4.210526e+00	4.210526e+00	2.027901e-09	0.000000e+00	1.365097e-01


1	2	NOE	1.330000e-01	1.330000e-01	1.152333e-09	-1.174839e-15	1.890000e-01
1	3	NOE	3.960000e-01	3.960000e-01	1.504935e-09	-1.047380e-15	1.060000e-01
1	4	NOE	5.180000e-01	5.180000e-01	1.796690e-09	1.708035e-15	1.300000e-01
1	5	NOE	7.930000e-01	7.930000e-01	5.118828e-09	0.000000e+00	1.530000e-01
1	6	NOE	7.800000e-01	7.800000e-01	4.459675e-09	1.009294e-15	1.100000e-01
1	7	NOE	6.710000e-01	6.710000e-01	2.543334e-09	0.000000e+00	1.000000e-01
1	8	NOE	8.110000e-01	8.110000e-01	6.819867e-09	-7.635277e-09	9.100000e-02
1	9	NOE	8.150000e-01	8.150000e-01	7.492208e-09	-8.410780e-16	1.320000e-01
1	10	NOE	7.140000e-01	7.140000e-01	2.976806e-09	-1.414297e-15	1.570000e-01
1	11	NOE	8.210000e-01	8.210000e-01	9.017431e-09	8.673617e-16	1.280000e-01
1	12	NOE	7.250000e-01	7.250000e-01	3.126586e-09	-7.656711e-16	1.450000e-01
1	13	NOE	7.180000e-01	7.180000e-01	3.028830e-09	0.000000e+00	2.140000e-01
1	14	NOE	8.080000e-01	8.080000e-01	6.419111e-09	-7.501507e-16	1.480000e-01
1	15	NOE	7.680000e-01	7.680000e-01	4.031619e-09	0.000000e+00	1.250000e-01
1	16	NOE	8.780000e-01	8.344307e-01	2.545958e-05	2.461545e-01	1.770000e-01
1	17	NOE	7.230000e-01	7.230000e-01	3.097726e-09	3.868373e-16	2.870000e-01
1	18	NOE	8.080000e-01	8.080000e-01	6.419111e-09	-4.978579e-16	2.230000e-01
1	20	NOE	7.320000e-01	7.320000e-01	3.234117e-09	0.000000e+00	4.960000e-01
1	21	NOE	7.820000e-01	7.820000e-01	4.544915e-09	0.000000e+00	1.400000e-01
1	22	NOE	8.230000e-01	8.230000e-01	9.776613e-09	0.000000e+00	2.960000e-01
1	23	NOE	6.490000e-01	6.490000e-01	2.381899e-09	-3.217046e-08	1.650000e-01
1	24	NOE	6.720000e-01	6.720000e-01	2.551433e-09	0.000000e+00	4.090000e-01
1	26	NOE	4.790000e-01	4.790000e-01	1.687682e-09	6.982535e-16	1.590000e-01
1	27	NOE	7.080000e-01	7.080000e-01	2.903409e-09	7.116814e-16	3.120000e-01
1	28	NOE	6.180000e-01	6.180000e-01	2.197139e-09	0.000000e+00	1.220000e-01
1	29	NOE	5.910000e-01	5.910000e-01	2.065459e-09	1.121437e-15	9.900000e-02
1	30	NOE	6.720000e-01	6.720000e-01	2.551433e-09	0.000000e+00	4.340000e-01
1	31	NOE	7.410000e-01	7.410000e-01	3.389616e-09	-4.645285e-16	2.390000e-01
1	32	NOE	6.620000e-01	6.620000e-01	2.473612e-09	-3.604620e-16	3.080000e-01
1	33	NOE	6.290000e-01	6.290000e-01	2.257963e-09	-1.200241e-15	1.850000e-01
1	34	NOE	6.990000e-01	6.990000e-01	2.802516e-09	7.328205e-16	3.030000e-01
1	35	NOE	8.480000e-01	8.344307e-01	1.922521e-05	2.034384e-02	6.670000e-01
1	36	NOE	7.520000e-01	7.520000e-01	3.613005e-09	0.000000e+00	7.200000e-02
1	37	NOE	8.390000e-01	8.344307e-01	1.739019e-05	2.355331e-02	1.940000e-01
1	38	NOE	7.380000e-01	7.380000e-01	3.335387e-09	0.000000e+00	2.320000e-01
1	39	NOE	8.260000e-01	8.260000e-01	1.138760e-08	0.000000e+00	1.430000e-01
1	40	NOE	7.890000e-01	7.890000e-01	4.886192e-09	6.237208e-16	1.780000e-01
1	41	NOE	8.010000e-01	8.010000e-01	5.703366e-09	6.066792e-16	1.830000e-01
1	42	NOE	8.330000e-01	8.330000e-01	2.766418e-08	-9.026203e-16	1.230000e-01
1	43	NOE	8.240000e-01	8.240000e-01	1.023563e-08	-2.794313e-09	1.110000e-01
1	44	NOE	8.760000e-01	8.344307e-01	1.874241e-05	1.960818e-01	2.120000e-01
1	45	NOE	8.140000e-01	8.140000e-01	7.305771e-09	0.000000e+00	1.490000e-01
1	46	NOE	7.290000e-01	7.290000e-01	3.186732e-09	-1.132881e-15	9.800000e-02
1	47	NOE	6.970000e-01	6.970000e-01	2.781440e-09	6.853229e-16	1.620000e-01
1	48	NOE	7.590000e-01	7.590000e-01	3.779791e-09	5.187958e-16	2.140000e-01
1	49	NOE	6.130000e-01	6.130000e-01	2.170979e-09	0.000000e+00	1.270000e-01
1	50	NOE	4.490000e-01	4.490000e-01	1.615053e-09	5.139921e-16	1.080000e-01
1	51	NOE	4.270000e-01	4.270000e-01	1.566823e-09	-1.790682e-15	9.300000e-02
1	52	NOE	5.760000e-01	5.760000e-01	2.001240e-09	1.276118e-15	8.700000e-02
1	53	NOE	5.080000e-01	5.080000e-01	1.766934e-09	-8.606380e-16	2.580000e-01
1	54	NOE	5.830000e-01	5.830000e-01	2.030507e-09	0.000000e+00	1.810000e-01
1	55	NOE	6.610000e-01	6.610000e-01	2.466198e-09	8.163405e-16	1.360000e-01
1	56	NOE	7.890000e-01	7.890000e-01	4.886192e-09	6.569367e-16	1.690000e-01
1	57	NOE	8.430000e-01	8.344307e-01	2.225231e-05	7.141117e-02	1.200000e-01
1	58	NOE	6.570000e-01	6.570000e-01	2.437163e-09	0.000000e+00	1.120000e-01
1	59	NOE	8.490000e-01	8.344307e-01	1.892683e-05	1.071275e-01	1.360000e-01
1	60	NOE	8.380000e-01	8.344307e-01	2.534041e-05	2.163237e-02	1.650000e-01
1	61	NOE	7.880000e-01	7.880000e-01	4.832769e-09	-7.062276e-09	1.940000e-01
1	62	NOE	8.430000e-01	8.344307e-01	2.225231e-05	4.119875e-02	2.080000e-01
1	63	NOE	7.280000e-01	7.280000e-01	3.171381e-09	0.000000e+00	2.060000e-01
1	64	NOE	8.330000e-01	8.330000e-01	2.766418e-08	-5.389432e-16	2.060000e-01
1	65	NOE	8.610000e-01	8.344307e-01	2.105656e-05	1.600563e-01	1.660000e-01
1	66	NOE	7.480000e-01	7.480000e-01	3.526882e-09	0.000000e+00	1.690000e-01
1	67	NOE	7.660000e-01	7.660000e-01	3.971410e-09	0.000000e+00	9.000000e-02
1	68	NOE	7.590000e-01	7.590000e-01	3.779791e-09	7.501507e-16	1.480000e-01
1	69	NOE	8.180000e-01	8.180000e-01	8.150141e-09	7.162729e-16	1.550000e-01
1	70	NOE	8.260000e-01	8.260000e-01	1.138760e-08	0.000000e+00	1.550000e-01
1	71	NOE	6.520000e-01	6.520000e-01	2.402202e-09	3.841602e-16	2.890000e-01
1	72	NOE	8.350000e-01	8.344307e-01	2.055677e-05	3.044605e-03	1.870000e-01
1	73	NOE	7.900000e-01	7.900000e-01	4.941403e-09	-1.387779e-15	1.600000e-01
1	74	NOE	7.130000e-01	7.130000e-01	2.964200e-09	-4.890850e-16	2.270000e-01
1	75	NOE	8.270000e-01	8.270000e-01	1.213096e-08	0.000000e+00	6.680000e-01
1	76	NOE	6.660000e-01	6.660000e-01	2.503918e-09	-2.618451e-16	4.240000e-01
1	77	NOE	5.310000e-01	5.310000e-01	1.837498e-09	3.628180e-16	3.060000e-01
1	78	NOE	6.540000e-01	6.540000e-01	2.416014e-09	-1.673375e-08	3.090000e-01
1	79	NOE	6.890000e-01	6.890000e-01	2.701484e-09	6.272446e-16	1.770000e-01
1	80	NOE	6.480000e-01	6.480000e-01	2.375239e-09	-7.401487e-16	1.500000e-01
1	81	NOE	6.920000e-01	6.920000e-01	2.730685e-09	0.000000e+00	2.470000e-01
1	82	NOE	7.270000e-01	7.270000e-01	3.156243e-09	1.563694e-15	7.100000e-02
1	83	NOE	6.750000e-01	6.750000e-01	2.576177e-09	0.000000e+00	1.830000e-01
1	84	NOE	7.530000e-01	7.530000e-01	3.635516e-09	0.000000e+00	1.850000e-01
1	85	NOE	7.460000e-01	7.460000e-01	3.486016e-09	-2.741291e-15	8.100000e-02
1	86	NOE	7.630000e-01	7.630000e-01	3.885860e-09	8.673617e-16	1.280000e-01
1	87	NOE	7.490000e-01	7.490000e-01	3.547848e-09	-3.075410e-16	3.610000e-01
1	88	NOE	7.600000e-01	7.600000e-01	3.805509e-09	0.000000e+00	2.080000e-01
1	89	NOE	8.000000e-01	8.000000e-01	5.619330e-09	0.000000e+00	4.500000e-01
1	90	NOE	7.310000e-01	7.310000e-01	3.218095e-09	-2.153324e-08	1.400000e-01
1	91	NOE	7.460000e-01	7.460000e-01	3.486016e-09	-2.960595e-15	7.500000e-02
1	92	NOE	8.040000e-01	8.040000e-01	5.979811e-09	0.000000e+00	1.990000e-01
1	93	NOE	7.850000e-01	7.850000e-01	4.682311e-09	-3.965082e-16	2.800000e-01
1	94	NOE	8.230000e-01	8.230000e-01	9.776613e-09	0.000000e+00	1.780000e-01
1	95	NOE	7.420000e-01	7.420000e-01	3.408273e-09	-2.018587e-15	5.500000e-02
1	96	NOE	8.100000e-01	8.100000e-01	6.678119e-09	0.000000e+00	2.020000e-01
1	97	NOE	8.540000e-01	8.344307e-01	3.278693e-05	1.207984e-01	1.620000e-01
1	98	NOE	6.960000e-01	6.960000e-01	2.771071e-09	0.000000e+00	2.340000e-01
1	99	NOE	8.260000e-01	8.260000e-01	1.138760e-08	0.000000e+00	1.200000e-01
1	100	NOE	7.200000e-01	7.200000e-01	3.055851e-09	0.000000e+00	3.250000e-01
1	101	NOE	6.170000e-01	6.170000e-01	2.191836e-09	0.000000e+00	1.050000e-01
1	102	NOE	-7.800000e-02	-7.800000e-02	9.831155e-10	-9.860533e-15	3.800000e-02


2	2	R1	2.066116e+00	2.066116e+00	5.815795e-09	-1.576221e-15	2.817431e-01
2	3	R1	1.737921e+00	1.737921e+00	7.371885e-09	-2.341263e-15	9.483965e-02
2	4	R1	1.694054e+00	1.694054e+00	7.615112e-09	1.963765e-15	1.130708e-01
2	5	R1	1.663894e+00	1.663894e+00	7.788539e-09	4.221196e-15	1.052046e-01
2	6	R1	1.588058e+00	1.588058e+00	8.249263e-09	0.000000e+00	7.868414e-02
2	7	R1	1.593880e+00	1.593880e+00	8.212559e-09	-6.155182e-15	7.214883e-02
2	8	R1	1.653986e+00	1.653986e+00	7.846673e-09	5.903014e-15	7.523093e-02
2	9	R1	1.629992e+00	1.629992e+00	7.989954e-09	2.228631e-15	9.963275e-02
2	10	R1	1.647989e+00	1.647989e+00	7.882148e-09	1.762030e-15	1.260163e-01
2	11	R1	1.627075e+00	1.627075e+00	8.007621e-09	0.000000e+00	1.180728e-01
2	12	R1	1.627075e+00	1.627075e+00	8.007621e-09	-2.021051e-15	1.098659e-01
2	13	R1	1.636126e+00	1.636126e+00	7.952985e-09	0.000000e+00	1.689128e-01
2	14	R1	1.643926e+00	1.643926e+00	7.906314e-09	-3.959659e-15	1.121534e-01
2	15	R1	1.639882e+00	1.639882e+00	7.930462e-09	0.000000e+00	8.309667e-02
2	16	R1	1.646904e+00	1.646904e+00	7.888594e-09	0.000000e+00	1.529733e-01
2	17	R1	1.636126e+00	1.636126e+00	7.952985e-09	-9.578313e-16	2.318202e-01
2	18	R1	1.657001e+00	1.657001e+00	7.828921e-09	0.000000e+00	1.820367e-01
2	20	R1	1.686910e+00	1.686910e+00	7.655721e-09	-5.215849e-16	4.257113e-01
2	21	R1	1.658925e+00	1.658925e+00	7.817619e-09	0.000000e+00	1.131085e-01
2	22	R1	1.694915e+00	1.694915e+00	7.610235e-09	-1.644547e-15	2.700373e-01
2	23	R1	1.658100e+00	1.658100e+00	7.822463e-09	0.000000e+00	1.374648e-01
2	24	R1	1.671123e+00	1.671123e+00	7.746487e-09	-1.157355e-15	3.837104e-01
2	26	R1	1.686910e+00	1.686910e+00	7.655721e-09	-1.283373e-15	1.730164e-01
2	27	R1	1.632120e+00	1.632120e+00	7.977100e-09	-7.383156e-16	3.007448e-01
2	28	R1	1.666111e+00	1.666111e+00	7.775606e-09	-2.476451e-15	8.966244e-02
2	29	R1	1.636126e+00	1.636126e+00	7.952985e-09	-3.130120e-15	7.093804e-02
2	30	R1	1.702128e+00	1.702128e+00	7.569563e-09	9.075202e-16	4.893436e-01
2	31	R1	1.660027e+00	1.660027e+00	7.811159e-09	1.172880e-15	1.893158e-01
2	32	R1	1.627869e+00	1.627869e+00	8.002804e-09	0.000000e+00	2.787756e-01
2	33	R1	1.623113e+00	1.623113e+00	8.031698e-09	-2.609397e-15	1.701885e-01
2	34	R1	1.714972e+00	1.714972e+00	7.497842e-09	-1.547058e-15	2.870541e-01
2	35	R1	1.755926e+00	1.755926e+00	7.274968e-09	-2.809824e-16	7.902439e-01
2	36	R1	1.678979e+00	1.678979e+00	7.701138e-09	0.000000e+00	5.468804e-02
2	37	R1	1.680955e+00	1.680955e+00	7.689790e-09	3.372658e-15	1.316734e-01
2	38	R1	1.673920e+00	1.673920e+00	7.730299e-09	2.096423e-15	2.118319e-01
2	39	R1	1.678134e+00	1.678134e+00	7.706000e-09	0.000000e+00	1.109557e-01
2	40	R1	1.596934e+00	1.596934e+00	8.193395e-09	0.000000e+00	1.285300e-01
2	41	R1	1.663063e+00	1.663063e+00	7.793388e-09	1.451769e-15	1.529476e-01
2	42	R1	1.684920e+00	1.684920e+00	7.667081e-09	0.000000e+00	1.095837e-01
2	43	R1	1.639882e+00	1.639882e+00	7.930462e-09	2.672124e-15	8.309667e-02
2	44	R1	1.647989e+00	1.647989e+00	7.882148e-09	2.878810e-15	1.542614e-01
2	45	R1	1.646904e+00	1.646904e+00	7.888594e-09	1.661778e-07	1.190696e-01
2	46	R1	1.675884e+00	1.675884e+00	7.718962e-09	2.609214e-15	8.510019e-02
2	47	R1	1.636126e+00	1.636126e+00	7.952985e-09	0.000000e+00	1.472299e-01
2	48	R1	1.639076e+00	1.639076e+00	7.935290e-09	-2.523661e-15	1.759702e-01
2	49	R1	1.591090e+00	1.591090e+00	8.230118e-09	1.990861e-07	9.771849e-02
2	50	R1	1.514922e+00	1.514922e+00	8.731292e-09	0.000000e+00	1.014385e-01
2	51	R1	1.624959e+00	1.624959e+00	8.020464e-09	2.355521e-15	9.426560e-02
2	52	R1	1.675884e+00	1.675884e+00	7.718962e-09	2.906587e-15	7.639357e-02
2	53	R1	1.578034e+00	1.578034e+00	8.313013e-09	-9.863685e-16	2.251132e-01
2	54	R1	1.737921e+00	1.737921e+00	7.371885e-09	-2.341263e-15	1.896793e-01
2	55	R1	1.773993e+00	1.773993e+00	7.179334e-09	1.621986e-15	1.368968e-01
2	56	R1	1.734906e+00	1.734906e+00	7.388276e-09	1.505539e-15	1.474851e-01
2	57	R1	1.642036e+00	1.642036e+00	7.917585e-09	-2.415018e-15	9.194324e-02
2	58	R1	1.623904e+00	1.623904e+00	8.026884e-09	-4.551430e-15	9.757136e-02
2	59	R1	1.643926e+00	1.643926e+00	7.906314e-09	-4.453275e-15	9.972194e-02
2	60	R1	1.663894e+00	1.663894e+00	7.788539e-09	0.000000e+00	1.470096e-01
2	61	R1	1.694915e+00	1.694915e+00	7.610235e-09	-2.780350e-15	1.597242e-01
2	62	R1	1.666111e+00	1.666111e+00	7.775606e-09	0.000000e+00	1.504552e-01
2	63	R1	1.649077e+00	1.649077e+00	7.875701e-09	-1.195468e-15	1.857387e-01
2	64	R1	1.655903e+00	1.655903e+00	7.835377e-09	-1.418189e-15	1.565691e-01
2	65	R1	1.671123e+00	1.671123e+00	7.746487e-09	0.000000e+00	1.223182e-01
2	66	R1	1.666111e+00	1.666111e+00	7.775606e-09	1.433132e-07	1.387963e-01
2	67	R1	1.642036e+00	1.642036e+00	7.917585e-09	-8.113510e-15	5.473454e-02
2	68	R1	1.668892e+00	1.668892e+00	7.759432e-09	0.000000e+00	1.108510e-01
2	69	R1	1.680108e+00	1.680108e+00	7.694654e-09	5.605382e-15	1.188383e-01
2	70	R1	1.658100e+00	1.658100e+00	7.822463e-09	1.652043e-07	1.201442e-01
2	71	R1	1.638002e+00	1.638002e+00	7.941725e-09	0.000000e+00	2.852081e-01
2	72	R1	1.671123e+00	1.671123e+00	7.746487e-09	0.000000e+00	1.281827e-01
2	73	R1	1.677008e+00	1.677008e+00	7.712481e-09	0.000000e+00	1.212126e-01
2	74	R1	1.624959e+00	1.624959e+00	8.020464e-09	1.192796e-15	1.861548e-01
2	75	R1	1.652893e+00	1.652893e+00	7.853126e-09	0.000000e+00	4.439587e-01
2	76	R1	1.682935e+00	1.682935e+00	7.678438e-09	-1.390037e-15	4.792201e-01
2	77	R1	1.606942e+00	1.606942e+00	8.131043e-09	0.000000e+00	3.733952e-01
2	78	R1	1.595914e+00	1.595914e+00	8.199784e-09	-7.216956e-16	3.076707e-01
2	79	R1	1.682935e+00	1.682935e+00	7.678438e-09	0.000000e+00	1.756008e-01
2	80	R1	1.632120e+00	1.632120e+00	7.977100e-09	-1.624870e-15	1.366538e-01
2	81	R1	1.897173e+00	1.897173e+00	6.566282e-09	-9.019244e-16	2.461898e-01
2	82	R1	1.666111e+00	1.666111e+00	7.775606e-09	-4.060373e-15	5.468576e-02
2	83	R1	1.752848e+00	1.752848e+00	7.291420e-09	1.099983e-15	2.018618e-01
2	84	R1	1.876173e+00	1.876173e+00	6.666360e-09	1.112099e-07	1.858572e-01
2	85	R1	1.665002e+00	1.665002e+00	7.782073e-09	-3.282623e-15	6.764243e-02
2	86	R1	1.740947e+00	1.740947e+00	7.355483e-09	1.948414e-15	1.139617e-01
2	87	R1	1.686910e+00	1.686910e+00	7.655721e-09	-5.581481e-16	3.978238e-01
2	88	R1	1.660027e+00	1.660027e+00	7.811159e-09	2.160237e-15	2.055743e-01
2	89	R1	1.646091e+00	1.646091e+00	7.893428e-09	-5.544449e-16	4.004810e-01
2	90	R1	1.703868e+00	1.703868e+00	7.559794e-09	-2.420368e-15	9.174003e-02
2	91	R1	1.652073e+00	1.652073e+00	7.857965e-09	-4.304471e-15	5.158465e-02
2	92	R1	1.643115e+00	1.643115e+00	7.911145e-09	-2.901022e-15	1.530803e-01
2	93	R1	1.692047e+00	1.692047e+00	7.626488e-09	-8.429996e-16	2.633982e-01
2	94	R1	1.702128e+00	1.702128e+00	7.569563e-09	-1.358867e-15	1.634043e-01
2	95	R1	1.680108e+00	1.680108e+00	7.694654e-09	0.000000e+00	4.516418e-02
2	96	R1	1.655903e+00	1.655903e+00	7.835377e-09	1.263317e-15	1.757632e-01
2	97	R1	1.715854e+00	1.715854e+00	7.492946e-09	0.000000e+00	1.006902e-01
2	98	R1	1.666111e+00	1.666111e+00	7.775606e-09	-1.204659e-15	1.843215e-01
2	99	R1	1.598977e+00	1.598977e+00	8.180613e-09	2.376462e-07	8.207092e-02
2	100	R1	1.631055e+00	1.631055e+00	7.983528e-09	8.206952e-16	2.705567e-01
2	101	R1	1.705030e+00	1.705030e+00	7.553279e-09	0.000000e+00	9.622590e-02
2	102	R1	1.440922e+00	1.440922e+00	9.262914e-09	-1.080249e-14	4.110988e-02


