0	2	R2	7.358352e+00	7.358352e+00	4.637543e-09	-3.460789e-08	2.279519e+00
0	3	R2	6.925208e+00	6.925208e+00	4.259412e-09	-1.403010e-15	6.330522e-01
0	4	R2	8.223684e+00	8.223684e+00	5.397502e-09	-2.794277e-15	6.357124e-01
0	5	R2	9.794319e+00	9.794319e+00	6.769983e-09	0.000000e+00	6.906866e-01
0	6	R2	8.849558e+00	8.849558e+00	5.946545e-09	0.000000e+00	5.403712e-01
0	7	R2	9.165903e+00	9.165903e+00	6.223105e-09	0.000000e+00	6.133006e-01
0	8	R2	9.633911e+00	9.633911e+00	6.630728e-09	-1.250233e-07	9.095600e-01
0	9	R2	1.054852e+01	1.054852e+01	7.421480e-09	0.000000e+00	8.345351e-01
0	10	R2	1.092896e+01	1.092896e+01	7.748075e-09	-1.359393e-07	9.913703e-01
0	11	R2	9.910803e+00	9.910803e+00	6.870956e-09	2.318558e-15	7.661473e-01
0	12	R2	1.074114e+01	1.074114e+01	7.587002e-09	1.973945e-15	8.999020e-01
0	13	R2	1.028807e+01	1.028807e+01	7.197102e-09	-1.398561e-15	1.270132e+00
0	14	R2	1.149425e+01	1.149425e+01	8.230927e-09	1.701930e-15	1.043731e+00
0	15	R2	1.055966e+01	1.055966e+01	7.431061e-09	2.844737e-15	6.244362e-01
0	16	R2	1.098901e+01	1.098901e+01	7.799503e-09	-1.277417e-07	1.062674e+00
0	17	R2	1.203369e+01	1.203369e+01	8.689130e-09	0.000000e+00	2.070780e+00
0	18	R2	9.980040e+00	9.980040e+00	6.930913e-09	1.301802e-15	1.364536e+00
0	20	R2	1.345895e+01	1.345895e+01	9.889000e-09	-4.714596e-16	3.767781e+00
0	21	R2	9.980040e+00	9.980040e+00	6.930913e-09	1.877336e-15	9.462114e-01
0	22	R2	1.161440e+01	1.161440e+01	8.333193e-09	0.000000e+00	2.576482e+00
0	23	R2	1.024590e+01	1.024590e+01	7.160718e-09	1.627034e-15	1.091776e+00
0	24	R2	2.364066e+01	2.364066e+01	1.820500e-08	0.000000e+00	7.656668e+00
0	26	R2	5.446623e+00	5.446623e+00	3.015553e-09	1.367104e-15	6.496789e-01
0	27	R2	1.310616e+01	1.310616e+01	9.593334e-09	0.000000e+00	2.662457e+00
0	28	R2	7.788162e+00	7.788162e+00	5.014747e-09	0.000000e+00	5.337681e-01
0	29	R2	7.072136e+00	7.072136e+00	4.387341e-09	0.000000e+00	4.151254e-01
0	30	R2	1.212121e+01	1.212121e+01	8.763243e-09	4.686174e-16	3.790634e+00
0	31	R2	1.199041e+01	1.199041e+01	8.652450e-09	1.133537e-15	1.567092e+00
0	32	R2	8.110300e+00	8.110300e+00	5.297867e-09	0.000000e+00	1.532603e+00
0	33	R2	8.688097e+00	8.688097e+00	5.805111e-09	-1.568880e-15	1.132246e+00
0	34	R2	2.083333e+01	2.083333e+01	1.593995e-08	0.000000e+00	4.991319e+00
0	35	R2	1.445087e+01	1.445087e+01	1.071618e-08	-2.049719e-16	8.666344e+00
0	36	R2	9.794319e+00	9.794319e+00	6.769983e-09	0.000000e+00	3.357504e-01
0	37	R2	1.086957e+01	1.086957e+01	7.697173e-09	-1.379366e-15	1.287807e+00
0	38	R2	1.030928e+01	1.030928e+01	7.215400e-09	-7.978885e-08	1.562334e+00
0	39	R2	1.055966e+01	1.055966e+01	7.431061e-09	1.810287e-15	9.812569e-01
0	40	R2	9.699321e+00	9.699321e+00	6.687541e-09	-3.312628e-15	5.362379e-01
0	41	R2	1.019368e+01	1.019368e+01	7.115632e-09	-1.205669e-07	1.018329e+00
0	42	R2	9.920635e+00	9.920635e+00	6.879473e-09	0.000000e+00	7.479844e-01
0	43	R2	1.021450e+01	1.021450e+01	7.133614e-09	0.000000e+00	6.886183e-01
0	44	R2	1.035197e+01	1.035197e+01	7.252211e-09	-9.357815e-08	1.339540e+00
0	45	R2	9.784736e+00	9.784736e+00	6.761670e-09	-2.016713e-15	8.808177e-01
0	46	R2	9.099181e+00	9.099181e+00	6.164840e-09	-2.584922e-15	6.871993e-01
0	47	R2	1.001001e+01	1.001001e+01	6.956852e-09	0.000000e+00	1.322644e+00
0	48	R2	1.007049e+01	1.007049e+01	7.009174e-09	0.000000e+00	1.470515e+00
0	49	R2	8.488964e+00	8.488964e+00	5.630459e-09	-4.522976e-15	7.854814e-01
0	50	R2	6.653360e+00	6.653360e+00	4.023998e-09	0.000000e+00	5.931805e-01
0	51	R2	5.913661e+00	5.913661e+00	3.396608e-09	-1.968782e-15	4.511308e-01
0	52	R2	5.107252e+00	5.107252e+00	2.748584e-09	0.000000e+00	3.156167e-01
0	53	R2	6.016847e+00	6.016847e+00	3.482611e-09	0.000000e+00	1.176580e+00
0	54	R2	6.635700e+00	6.635700e+00	4.008773e-09	7.203917e-16	1.232910e+00
0	55	R2	7.173601e+00	7.173601e+00	4.475908e-09	0.000000e+00	8.490991e-01
0	56	R2	8.673027e+00	8.673027e+00	5.791902e-09	0.000000e+00	1.278764e+00
0	57	R2	9.587728e+00	9.587728e+00	6.590590e-09	2.927891e-15	6.067018e-01
0	58	R2	8.968610e+00	8.968610e+00	6.050714e-09	-2.629061e-15	6.756621e-01
0	59	R2	8.944544e+00	8.944544e+00	6.029665e-09	0.000000e+00	7.680467e-01
0	60	R2	1.004016e+01	1.004016e+01	6.982939e-09	3.356523e-15	1.058451e+00
0	61	R2	1.002004e+01	1.002004e+01	6.965531e-09	1.717727e-15	1.034132e+00
0	62	R2	1.040583e+01	1.040583e+01	7.298630e-09	0.000000e+00	1.136953e+00
0	63	R2	1.003009e+01	1.003009e+01	6.974227e-09	-3.181468e-15	1.116690e+00
0	64	R2	1.088139e+01	1.088139e+01	7.707312e-09	0.000000e+00	1.266930e+00
0	65	R2	1.022495e+01	1.022495e+01	7.142631e-09	1.887841e-15	9.409462e-01
0	66	R2	9.328358e+00	9.328358e+00	6.364817e-09	1.687075e-15	1.052921e+00
0	67	R2	9.541985e+00	9.541985e+00	6.550816e-09	-3.751884e-15	4.734573e-01
0	68	R2	1.077586e+01	1.077586e+01	7.616805e-09	0.000000e+00	7.896106e-01
0	69	R2	9.699321e+00	9.699321e+00	6.687541e-09	-2.008721e-15	8.843222e-01
0	70	R2	9.950249e+00	9.950249e+00	6.905120e-09	0.000000e+00	9.405708e-01
0	71	R2	1.949318e+01	1.949318e+01	1.485333e-08	0.000000e+00	4.293819e+00
0	72	R2	9.813543e+00	9.813543e+00	6.786656e-09	-2.712500e-15	6.548782e-01
0	73	R2	9.487666e+00	9.487666e+00	6.503561e-09	-1.330290e-07	8.371470e-01
0	74	R2	1.199041e+01	1.199041e+01	8.652450e-09	9.360270e-16	1.897762e+00
0	75	R2	1.237624e+01	1.237624e+01	8.978865e-09	0.000000e+00	2.726448e+00
0	76	R2	1.248439e+01	1.248439e+01	9.070159e-09	0.000000e+00	4.410841e+00
0	77	R2	1.517451e+01	1.517451e+01	1.131621e-08	0.000000e+00	3.154640e+00
0	78	R2	8.865248e+00	8.865248e+00	5.960280e-09	0.000000e+00	1.956956e+00
0	79	R2	7.315289e+00	7.315289e+00	4.599832e-09	0.000000e+00	9.525395e-01
0	80	R2	1.078749e+01	1.078749e+01	7.626780e-09	-1.094445e-07	1.210247e+00
0	81	R2	1.077586e+01	1.077586e+01	7.616805e-09	0.000000e+00	1.915967e+00
0	82	R2	9.970090e+00	9.970090e+00	6.922299e-09	0.000000e+00	3.876705e-01
0	83	R2	1.034126e+01	1.034126e+01	7.242981e-09	-8.301562e-08	1.507878e+00
0	84	R2	9.099181e+00	9.099181e+00	6.164840e-09	-1.324374e-15	1.341281e+00
0	85	R2	1.010101e+01	1.010101e+01	7.035560e-09	-4.048854e-15	4.387307e-01
0	86	R2	1.106195e+01	1.106195e+01	7.861923e-09	-1.243440e-07	1.101300e+00
0	87	R2	1.497006e+01	1.497006e+01	1.114695e-08	0.000000e+00	5.154362e+00
0	88	R2	1.035197e+01	1.035197e+01	7.252211e-09	-7.850516e-08	1.596732e+00
0	89	R2	1.540832e+01	1.540832e+01	1.150953e-08	0.000000e+00	6.030375e+00
0	90	R2	1.051525e+01	1.051525e+01	7.392849e-09	-2.362557e-15	7.518789e-01
0	91	R2	9.433962e+00	9.433962e+00	6.456814e-09	-4.338945e-15	4.093984e-01
0	92	R2	9.765625e+00	9.765625e+00	6.745090e-09	1.592004e-15	1.115799e+00
0	93	R2	1.076426e+01	1.076426e+01	7.606851e-09	1.732281e-15	2.050888e+00
0	94	R2	1.063830e+01	1.063830e+01	7.498670e-09	-1.480744e-15	1.199638e+00
0	95	R2	1.005025e+01	1.005025e+01	6.991667e-09	-2.908444e-07	4.141310e-01
0	96	R2	1.170960e+01	1.170960e+01	8.414136e-09	-7.740909e-08	1.905895e+00
0	97	R2	9.496676e+00	9.496676e+00	6.511401e-09	-3.015675e-07	3.697661e-01
0	98	R2	9.216590e+00	9.216590e+00	6.267344e-09	0.000000e+00	1.248699e+00
0	99	R2	8.787346e+00	8.787346e+00	5.892071e-09	-2.911975e-15	6.100179e-01
0	100	R2	1.897533e+01	1.897533e+01	1.443231e-08	0.000000e+00	4.608809e+00
0	101	R2	7.137759e+00	7.137759e+00	4.444604e-09	0.000000e+00	5.298550e-01
0	102	R2	3.226847e+00	3.226847e+00	1.450942e-09	-4.396850e-15	2.020034e-01


1	2	NOE	1.280000e-01	1.280000e-01	1.447597e-09	-6.811184e-16	3.260000e-01
1	3	NOE	6.640000e-01	6.640000e-01	3.229114e-09	7.604267e-16	1.460000e-01
1	4	NOE	8.150000e-01	8.150000e-01	1.616029e-08	0.000000e+00	1.240000e-01
1	5	NOE	6.440000e-01	6.440000e-01	3.035227e-09	-1.193788e-15	9.300000e-02
1	6	NOE	6.080000e-01	6.080000e-01	2.756776e-09	0.000000e+00	8.100000e-02
1	7	NOE	8.220000e-01	8.214914e-01	2.648491e-05	4.938225e-03	1.030000e-01
1	8	NOE	8.150000e-01	8.150000e-01	1.616029e-08	0.000000e+00	1.360000e-01
1	9	NOE	8.760000e-01	8.214914e-01	3.309327e-05	4.292019e-01	1.270000e-01
1	10	NOE	9.250000e-01	8.214914e-01	2.437082e-05	7.500626e-01	1.380000e-01
1	11	NOE	8.230000e-01	8.214914e-01	2.118938e-05	1.384072e-02	1.090000e-01
1	12	NOE	8.850000e-01	8.214914e-01	2.243438e-05	4.885280e-01	1.300000e-01
1	13	NOE	8.650000e-01	8.214914e-01	2.674301e-05	2.277939e-01	1.910000e-01
1	14	NOE	7.830000e-01	7.830000e-01	6.614409e-09	-8.347542e-16	1.330000e-01
1	15	NOE	9.250000e-01	8.214914e-01	2.437082e-05	1.078215e+00	9.600000e-02
1	16	NOE	8.590000e-01	8.214914e-01	3.670896e-05	2.841563e-01	1.320000e-01
1	17	NOE	7.860000e-01	7.860000e-01	6.890444e-09	0.000000e+00	2.260000e-01
1	18	NOE	7.150000e-01	7.150000e-01	3.948321e-09	6.344132e-16	1.750000e-01
1	20	NOE	7.770000e-01	7.770000e-01	6.148411e-09	3.547038e-16	3.130000e-01
1	21	NOE	5.810000e-01	5.810000e-01	2.589803e-09	0.000000e+00	1.220000e-01
1	22	NOE	6.210000e-01	6.210000e-01	2.848754e-09	4.912491e-16	2.260000e-01
1	23	NOE	6.460000e-01	6.460000e-01	3.053130e-09	0.000000e+00	1.400000e-01
1	24	NOE	3.910000e-01	3.910000e-01	1.895105e-09	4.303190e-16	2.580000e-01
1	26	NOE	5.190000e-01	5.190000e-01	2.293517e-09	-8.606380e-16	1.290000e-01
1	27	NOE	7.650000e-01	7.650000e-01	5.449602e-09	0.000000e+00	2.540000e-01
1	28	NOE	9.060000e-01	8.214914e-01	3.824070e-05	6.926937e-01	1.220000e-01
1	29	NOE	3.690000e-01	3.690000e-01	1.843819e-09	-1.423363e-15	7.800000e-02
1	30	NOE	5.740000e-01	5.740000e-01	2.550965e-09	3.384826e-16	3.280000e-01
1	31	NOE	6.630000e-01	6.630000e-01	3.218566e-09	0.000000e+00	1.650000e-01
1	32	NOE	6.600000e-01	6.600000e-01	3.187506e-09	0.000000e+00	2.040000e-01
1	33	NOE	8.210000e-01	8.210000e-01	5.877392e-08	0.000000e+00	1.820000e-01
1	34	NOE	8.740000e-01	8.214914e-01	3.851213e-05	1.848896e-01	2.840000e-01
1	35	NOE	7.750000e-01	7.750000e-01	6.013453e-09	-2.303367e-16	4.820000e-01
1	36	NOE	9.310000e-01	8.214914e-01	2.746021e-05	2.281430e+00	4.800000e-02
1	37	NOE	9.650000e-01	8.214914e-01	2.409640e-05	8.392318e-01	1.710000e-01
1	38	NOE	7.830000e-01	7.830000e-01	6.614409e-09	-5.664403e-16	1.960000e-01
1	39	NOE	7.940000e-01	7.940000e-01	7.835600e-09	0.000000e+00	1.360000e-01
1	40	NOE	7.390000e-01	7.390000e-01	4.497445e-09	0.000000e+00	7.800000e-02
1	41	NOE	9.050000e-01	8.214914e-01	5.150958e-05	5.839765e-01	1.430000e-01
1	42	NOE	8.320000e-01	8.214914e-01	4.189521e-05	1.000822e-01	1.050000e-01
1	43	NOE	9.480000e-01	8.214914e-01	1.997909e-05	1.204844e+00	1.050000e-01
1	44	NOE	8.480000e-01	8.214914e-01	3.874293e-05	1.523485e-01	1.740000e-01
1	45	NOE	7.200000e-01	7.200000e-01	4.046550e-09	0.000000e+00	1.240000e-01
1	46	NOE	7.020000e-01	7.020000e-01	3.722227e-09	-3.438620e-08	1.010000e-01
1	47	NOE	8.640000e-01	8.214914e-01	3.325673e-05	2.560761e-01	1.660000e-01
1	48	NOE	8.340000e-01	8.214914e-01	3.875740e-05	6.514915e-02	1.920000e-01
1	49	NOE	9.290000e-01	8.214914e-01	3.714889e-05	7.790481e-01	1.380000e-01
1	50	NOE	7.280000e-01	7.280000e-01	4.219692e-09	9.026203e-16	1.230000e-01
1	51	NOE	7.910000e-01	7.910000e-01	7.437832e-09	1.077886e-15	1.030000e-01
1	52	NOE	6.020000e-01	6.020000e-01	2.717066e-09	1.500301e-15	7.400000e-02
1	53	NOE	4.930000e-01	4.930000e-01	2.194540e-09	-4.262946e-08	2.140000e-01
1	54	NOE	5.950000e-01	5.950000e-01	2.672716e-09	0.000000e+00	1.930000e-01
1	55	NOE	6.170000e-01	6.170000e-01	2.819535e-09	0.000000e+00	1.440000e-01
1	56	NOE	6.140000e-01	6.140000e-01	2.798169e-09	0.000000e+00	1.530000e-01
1	57	NOE	7.890000e-01	7.890000e-01	7.203778e-09	0.000000e+00	8.800000e-02
1	58	NOE	8.950000e-01	8.214914e-01	2.568227e-05	6.392055e-01	1.150000e-01
1	59	NOE	6.030000e-01	6.030000e-01	2.723572e-09	0.000000e+00	1.160000e-01
1	60	NOE	7.030000e-01	7.030000e-01	3.738298e-09	8.103818e-16	1.370000e-01
1	61	NOE	8.580000e-01	8.214914e-01	3.080001e-05	2.417790e-01	1.510000e-01
1	62	NOE	7.690000e-01	7.690000e-01	5.655795e-09	7.763797e-16	1.430000e-01
1	63	NOE	9.190000e-01	8.214914e-01	2.853418e-05	5.982125e-01	1.630000e-01
1	64	NOE	8.200000e-01	8.200000e-01	3.373261e-08	6.417474e-16	1.730000e-01
1	65	NOE	7.980000e-01	7.980000e-01	8.480021e-09	0.000000e+00	1.270000e-01
1	66	NOE	9.000000e-01	8.214914e-01	2.190002e-05	4.591148e-01	1.710000e-01
1	67	NOE	8.660000e-01	8.214914e-01	3.710737e-05	5.563579e-01	8.000000e-02
1	68	NOE	8.420000e-01	8.214914e-01	2.772714e-05	1.783360e-01	1.150000e-01
1	69	NOE	7.860000e-01	7.860000e-01	6.890444e-09	0.000000e+00	1.340000e-01
1	70	NOE	8.170000e-01	8.170000e-01	1.943202e-08	0.000000e+00	1.260000e-01
1	71	NOE	8.450000e-01	8.214914e-01	3.329620e-05	8.366063e-02	2.810000e-01
1	72	NOE	6.310000e-01	6.310000e-01	2.925729e-09	0.000000e+00	9.000000e-02
1	73	NOE	7.660000e-01	7.660000e-01	5.499061e-09	-8.741914e-16	1.270000e-01
1	74	NOE	8.550000e-01	8.214914e-01	3.134744e-05	1.502629e-01	2.230000e-01
1	75	NOE	7.740000e-01	7.740000e-01	5.949183e-09	-4.684485e-16	2.370000e-01
1	76	NOE	6.430000e-01	6.430000e-01	3.026387e-09	0.000000e+00	3.770000e-01
1	77	NOE	7.570000e-01	7.570000e-01	5.096135e-09	-4.934325e-16	2.250000e-01
1	78	NOE	5.940000e-01	5.940000e-01	2.666545e-09	4.531523e-16	2.450000e-01
1	79	NOE	6.490000e-01	6.490000e-01	3.080559e-09	0.000000e+00	1.570000e-01
1	80	NOE	9.130000e-01	8.214914e-01	3.014220e-05	5.259117e-01	1.740000e-01
1	81	NOE	8.470000e-01	8.214914e-01	2.961577e-05	1.016280e-01	2.510000e-01
1	82	NOE	7.280000e-01	7.280000e-01	4.219692e-09	1.947760e-15	5.700000e-02
1	83	NOE	8.220000e-01	8.214914e-01	2.648491e-05	2.555966e-03	1.990000e-01
1	84	NOE	7.470000e-01	7.470000e-01	4.736775e-09	-5.496154e-16	2.020000e-01
1	85	NOE	7.410000e-01	7.410000e-01	4.553936e-09	1.820038e-15	6.100000e-02
1	86	NOE	9.220000e-01	8.214914e-01	2.768575e-05	6.612410e-01	1.520000e-01
1	87	NOE	6.600000e-01	6.600000e-01	3.187506e-09	0.000000e+00	2.830000e-01
1	88	NOE	8.950000e-01	8.214914e-01	2.568227e-05	3.356559e-01	2.190000e-01
1	89	NOE	8.670000e-01	8.214914e-01	2.435405e-05	9.744890e-02	4.670000e-01
1	90	NOE	9.300000e-01	8.214914e-01	3.232431e-05	9.775553e-01	1.110000e-01
1	91	NOE	8.470000e-01	8.214914e-01	2.961577e-05	3.751270e-01	6.800000e-02
1	92	NOE	8.810000e-01	8.214914e-01	5.595897e-05	3.719290e-01	1.600000e-01
1	93	NOE	7.480000e-01	7.480000e-01	4.769394e-09	0.000000e+00	2.380000e-01
1	94	NOE	8.390000e-01	8.214914e-01	2.590578e-05	1.175076e-01	1.490000e-01
1	95	NOE	8.140000e-01	8.140000e-01	1.504152e-08	1.914178e-15	5.800000e-02
1	96	NOE	8.340000e-01	8.214914e-01	3.875740e-05	6.549024e-02	1.910000e-01
1	97	NOE	1.002000e+00	8.214914e-01	3.054100e-05	3.112218e+00	5.800000e-02
1	98	NOE	7.400000e-01	7.400000e-01	4.525432e-09	0.000000e+00	1.720000e-01
1	99	NOE	7.360000e-01	7.360000e-01	4.416434e-09	-1.088454e-15	1.020000e-01
1	100	NOE	7.000000e-01	7.000000e-01	3.690679e-09	-1.434811e-08	2.460000e-01
1	101	NOE	3.950000e-01	3.950000e-01	1.904839e-09	-1.247442e-15	8.900000e-02
1	102	NOE	2.040000e-01	2.040000e-01	1.548207e-09	3.620292e-15	6.900000e-02


2	2	R1	2.556891e+00	2.556891e+00	5.889281e-09	1.737277e-15	5.112474e-01
2	3	R1	1.930129e+00	1.930129e+00	8.873220e-09	0.000000e+00	1.076640e-01
2	4	R1	2.039984e+00	2.039984e+00	8.256632e-09	0.000000e+00	1.019576e-01
2	5	R1	2.108815e+00	2.108815e+00	7.896416e-09	0.000000e+00	9.605736e-02
2	6	R1	2.028809e+00	2.028809e+00	8.316901e-09	0.000000e+00	7.779365e-02
2	7	R1	2.023063e+00	2.023063e+00	8.348096e-09	0.000000e+00	8.553918e-02
2	8	R1	2.039984e+00	2.039984e+00	8.256632e-09	0.000000e+00	1.206845e-01
2	9	R1	2.052967e+00	2.052967e+00	8.187258e-09	-4.265889e-15	1.041024e-01
2	10	R1	2.093802e+00	2.093802e+00	7.973426e-09	-3.643796e-15	1.218754e-01
2	11	R1	2.063132e+00	2.063132e+00	8.133417e-09	0.000000e+00	1.008794e-01
2	12	R1	2.127207e+00	2.127207e+00	7.803191e-09	0.000000e+00	1.217228e-01
2	13	R1	2.108815e+00	2.108815e+00	7.896416e-09	0.000000e+00	1.663215e-01
2	14	R1	2.066970e+00	2.066970e+00	8.113196e-09	1.920930e-07	1.196262e-01
2	15	R1	2.082899e+00	2.082899e+00	8.029885e-09	0.000000e+00	7.896015e-02
2	16	R1	2.050021e+00	2.050021e+00	8.202940e-09	-3.814820e-15	1.164116e-01
2	17	R1	2.129925e+00	2.129925e+00	7.789514e-09	0.000000e+00	2.231999e-01
2	18	R1	2.034174e+00	2.034174e+00	8.287900e-09	-2.555316e-15	1.737903e-01
2	20	R1	2.095997e+00	2.095997e+00	7.962117e-09	1.304330e-15	3.404732e-01
2	21	R1	2.079867e+00	2.079867e+00	8.045669e-09	-3.614771e-15	1.228540e-01
2	22	R1	2.118195e+00	2.118195e+00	7.848717e-09	3.343848e-15	2.656157e-01
2	23	R1	1.986887e+00	1.986887e+00	8.547789e-09	-1.664092e-15	1.334329e-01
2	24	R1	2.047083e+00	2.047083e+00	9.375173e-10	-1.428221e-15	3.109387e-01
2	26	R1	1.953888e+00	1.953888e+00	8.735115e-09	1.620117e-15	1.370547e-01
2	27	R1	2.055076e+00	2.055076e+00	8.176051e-09	9.087321e-08	2.525556e-01
2	28	R1	1.977066e+00	1.977066e+00	8.603008e-09	-2.593903e-15	8.560250e-02
2	29	R1	1.951981e+00	1.951981e+00	8.746098e-09	-1.239913e-14	7.163234e-02
2	30	R1	2.086811e+00	2.086811e+00	8.009576e-09	-1.145813e-15	3.875756e-01
2	31	R1	2.023882e+00	2.023882e+00	8.343642e-09	0.000000e+00	1.630247e-01
2	32	R1	2.044154e+00	2.044154e+00	8.234274e-09	1.971761e-15	2.252246e-01
2	33	R1	2.044990e+00	2.044990e+00	8.229800e-09	2.722848e-15	1.630973e-01
2	34	R1	2.234138e+00	2.234138e+00	7.283679e-09	-1.555444e-15	2.855064e-01
2	35	R1	2.510040e+00	2.510040e+00	6.079995e-09	0.000000e+00	7.062638e-01
2	36	R1	2.110150e+00	2.110150e+00	7.889608e-09	2.014830e-14	4.408205e-02
2	37	R1	2.092926e+00	2.092926e+00	7.977948e-09	3.026340e-15	1.467414e-01
2	38	R1	2.151000e+00	2.151000e+00	7.684361e-09	0.000000e+00	2.058927e-01
2	39	R1	2.139037e+00	2.139037e+00	7.743861e-09	6.932748e-15	1.281135e-01
2	40	R1	2.107038e+00	2.107038e+00	7.905490e-09	-5.557164e-15	7.991293e-02
2	41	R1	2.082899e+00	2.082899e+00	8.029885e-09	2.958404e-15	1.501111e-01
2	42	R1	2.111041e+00	2.111041e+00	7.885068e-09	-4.370611e-15	1.016080e-01
2	43	R1	2.092050e+00	2.092050e+00	7.982469e-09	4.675911e-15	9.497383e-02
2	44	R1	2.098196e+00	2.098196e+00	7.950803e-09	2.560248e-15	1.734555e-01
2	45	R1	2.084202e+00	2.084202e+00	8.023117e-09	0.000000e+00	1.238011e-01
2	46	R1	2.110150e+00	2.110150e+00	7.889608e-09	4.374302e-15	1.015223e-01
2	47	R1	2.075119e+00	2.075119e+00	8.070451e-09	0.000000e+00	1.619101e-01
2	48	R1	2.107926e+00	2.107926e+00	7.900953e-09	-4.839935e-15	1.835104e-01
2	49	R1	2.002002e+00	2.002002e+00	8.463650e-09	4.088574e-15	1.086171e-01
2	50	R1	1.836885e+00	1.836885e+00	9.443774e-09	2.238356e-15	9.919987e-02
2	51	R1	1.901141e+00	1.901141e+00	9.045573e-09	2.625402e-15	8.457546e-02
2	52	R1	1.924928e+00	1.924928e+00	8.903829e-09	0.000000e+00	6.299090e-02
2	53	R1	1.797914e+00	1.797914e+00	9.697012e-09	-2.289712e-15	1.939498e-01
2	54	R1	2.040816e+00	2.040816e+00	8.252162e-09	0.000000e+00	2.165764e-01
2	55	R1	2.092926e+00	2.092926e+00	7.977948e-09	2.938620e-15	1.511217e-01
2	56	R1	2.169197e+00	2.169197e+00	7.594778e-09	1.293607e-07	1.788059e-01
2	57	R1	2.042901e+00	2.042901e+00	8.240983e-09	-5.484965e-15	8.096482e-02
2	58	R1	2.050021e+00	2.050021e+00	8.202940e-09	-4.515834e-15	9.834047e-02
2	59	R1	2.110150e+00	2.110150e+00	7.889608e-09	-3.895863e-15	1.139899e-01
2	60	R1	2.125850e+00	2.125850e+00	7.810026e-09	-3.180141e-15	1.396445e-01
2	61	R1	2.091175e+00	2.091175e+00	7.986989e-09	3.234147e-15	1.373126e-01
2	62	R1	2.141786e+00	2.141786e+00	7.730145e-09	-3.102869e-15	1.431221e-01
2	63	R1	2.128112e+00	2.128112e+00	7.798633e-09	-2.875588e-15	1.544342e-01
2	64	R1	2.099076e+00	2.099076e+00	7.946276e-09	5.462826e-15	1.625859e-01
2	65	R1	2.103049e+00	2.103049e+00	7.925892e-09	-3.651225e-15	1.216275e-01
2	66	R1	2.108815e+00	2.108815e+00	7.896416e-09	0.000000e+00	1.512014e-01
2	67	R1	2.045827e+00	2.045827e+00	8.225325e-09	0.000000e+00	6.612942e-02
2	68	R1	2.110150e+00	2.110150e+00	7.889608e-09	-4.190508e-15	1.059750e-01
2	69	R1	2.138123e+00	2.138123e+00	7.748431e-09	0.000000e+00	1.248038e-01
2	70	R1	2.098196e+00	2.098196e+00	7.950803e-09	-3.681525e-15	1.206264e-01
2	71	R1	2.172968e+00	2.172968e+00	7.576351e-09	0.000000e+00	2.733917e-01
2	72	R1	2.099958e+00	2.099958e+00	7.941748e-09	0.000000e+00	9.084237e-02
2	73	R1	2.115059e+00	2.115059e+00	7.864628e-09	0.000000e+00	1.239153e-01
2	74	R1	2.075981e+00	2.075981e+00	8.065947e-09	0.000000e+00	1.935054e-01
2	75	R1	2.144082e+00	2.144082e+00	7.718709e-09	-1.909136e-15	2.326127e-01
2	76	R1	2.192021e+00	2.192021e+00	7.483950e-09	0.000000e+00	4.266801e-01
2	77	R1	1.982947e+00	1.982947e+00	8.569889e-09	-1.901348e-15	2.335654e-01
2	78	R1	1.888931e+00	1.888931e+00	9.119483e-09	-8.740336e-16	2.540459e-01
2	79	R1	2.016942e+00	2.016942e+00	8.381480e-09	2.702103e-15	1.643495e-01
2	80	R1	1.975894e+00	1.975894e+00	8.609627e-09	-1.611158e-15	1.378168e-01
2	81	R1	2.325041e+00	2.325041e+00	6.868374e-09	1.690335e-15	2.627226e-01
2	82	R1	2.079867e+00	2.079867e+00	8.045669e-09	8.147579e-15	5.450566e-02
2	83	R1	2.170139e+00	2.170139e+00	7.590173e-09	0.000000e+00	1.973282e-01
2	84	R1	2.379253e+00	2.379253e+00	6.630372e-09	-1.946632e-15	2.281320e-01
2	85	R1	2.045827e+00	2.045827e+00	8.225325e-09	0.000000e+00	5.650298e-02
2	86	R1	2.137209e+00	2.137209e+00	7.753000e-09	3.284616e-15	1.352028e-01
2	87	R1	2.192021e+00	2.192021e+00	7.483950e-09	0.000000e+00	4.012138e-01
2	88	R1	2.055921e+00	2.055921e+00	8.171567e-09	-2.279064e-15	1.948560e-01
2	89	R1	2.230152e+00	2.230152e+00	7.302407e-09	0.000000e+00	4.610505e-01
2	90	R1	2.167787e+00	2.167787e+00	7.601683e-09	0.000000e+00	9.821535e-02
2	91	R1	2.061856e+00	2.061856e+00	8.140154e-09	-7.737843e-15	5.739186e-02
2	92	R1	2.079002e+00	2.079002e+00	8.050177e-09	2.960949e-15	1.499821e-01
2	93	R1	2.144082e+00	2.144082e+00	7.718709e-09	1.725040e-15	2.574370e-01
2	94	R1	2.171081e+00	2.171081e+00	7.585567e-09	2.925918e-15	1.517777e-01
2	95	R1	2.157032e+00	2.157032e+00	7.654545e-09	-6.966851e-15	6.374318e-02
2	96	R1	2.075119e+00	2.075119e+00	8.070451e-09	0.000000e+00	1.830101e-01
2	97	R1	2.081165e+00	2.081165e+00	8.038906e-09	-9.237066e-15	4.807687e-02
2	98	R1	2.055921e+00	2.055921e+00	8.171567e-09	-2.646469e-15	1.678044e-01
2	99	R1	1.982947e+00	1.982947e+00	8.569889e-09	-5.133641e-15	8.650570e-02
2	100	R1	2.040816e+00	2.040816e+00	8.252162e-09	9.199706e-08	2.490629e-01
2	101	R1	2.028809e+00	2.028809e+00	8.316901e-09	0.000000e+00	9.508113e-02
2	102	R1	1.601025e+00	1.601025e+00	5.655163e-10	5.282024e-15	4.203779e-02


