2	7.358352e+00	2.279519e+00	1.280000e-01	3.260000e-01	2.556891e+00	5.112474e-01	2.260115e-01	
3	6.925208e+00	6.330522e-01	6.640000e-01	1.460000e-01	1.930129e+00	1.076640e-01	6.573967e-02	
4	8.223684e+00	6.357124e-01	8.150000e-01	1.240000e-01	2.039984e+00	1.019576e-01	3.825606e-02	
5	9.794319e+00	6.906866e-01	6.440000e-01	9.300000e-02	2.108815e+00	9.605736e-02	7.610099e-02	
6	8.849558e+00	5.403712e-01	6.080000e-01	8.100000e-02	2.028809e+00	7.779365e-02	8.061746e-02	
7	9.165903e+00	6.133006e-01	8.220000e-01	1.030000e-01	2.023063e+00	8.553918e-02	3.650322e-02	
8	9.633911e+00	9.095600e-01	8.150000e-01	1.360000e-01	2.039984e+00	1.206845e-01	3.825606e-02	
9	1.054852e+01	8.345351e-01	8.760000e-01	1.270000e-01	2.052967e+00	1.041024e-01	2.580509e-02	
10	1.092896e+01	9.913703e-01	9.250000e-01	1.380000e-01	2.093802e+00	1.218754e-01	1.591838e-02	
11	9.910803e+00	7.661473e-01	8.230000e-01	1.090000e-01	2.063132e+00	1.008794e-01	3.701707e-02	
12	1.074114e+01	8.999020e-01	8.850000e-01	1.300000e-01	2.127207e+00	1.217228e-01	2.479759e-02	
13	1.028807e+01	1.270132e+00	8.650000e-01	1.910000e-01	2.108815e+00	1.663215e-01	2.885852e-02	
14	1.149425e+01	1.043731e+00	7.830000e-01	1.330000e-01	2.066970e+00	1.196262e-01	4.546694e-02	
15	1.055966e+01	6.244362e-01	9.250000e-01	9.600000e-02	2.082899e+00	7.896015e-02	1.583549e-02	
16	1.098901e+01	1.062674e+00	8.590000e-01	1.320000e-01	2.050021e+00	1.164116e-01	2.930078e-02	
17	1.203369e+01	2.070780e+00	7.860000e-01	2.260000e-01	2.129925e+00	2.231999e-01	4.620405e-02	
18	9.980040e+00	1.364536e+00	7.150000e-01	1.750000e-01	2.034174e+00	1.737903e-01	5.876718e-02	
20	1.345895e+01	3.767781e+00	7.770000e-01	3.130000e-01	2.095997e+00	3.404732e-01	4.738024e-02	
21	9.980040e+00	9.462114e-01	5.810000e-01	1.220000e-01	2.079867e+00	1.228540e-01	8.833878e-02	
22	1.161440e+01	2.576482e+00	6.210000e-01	2.260000e-01	2.118195e+00	2.656157e-01	8.137801e-02	
23	1.024590e+01	1.091776e+00	6.460000e-01	1.400000e-01	1.986887e+00	1.334329e-01	7.129814e-02	
24	2.364066e+01	7.656668e+00	3.910000e-01	2.580000e-01	2.047083e+00	3.109387e-01	1.263731e-01	
26	5.446623e+00	6.496789e-01	5.190000e-01	1.290000e-01	1.953888e+00	1.370547e-01	9.526791e-02	
27	1.310616e+01	2.662457e+00	7.650000e-01	2.540000e-01	2.055076e+00	2.525556e-01	4.895506e-02	
28	7.788162e+00	5.337681e-01	9.060000e-01	1.220000e-01	1.977066e+00	8.560250e-02	1.883870e-02	
29	7.072136e+00	4.151254e-01	3.690000e-01	7.800000e-02	1.951981e+00	7.163234e-02	1.248553e-01	
30	1.212121e+01	3.790634e+00	5.740000e-01	3.280000e-01	2.086811e+00	3.875756e-01	9.011449e-02	
31	1.199041e+01	1.567092e+00	6.630000e-01	1.650000e-01	2.023882e+00	1.630247e-01	6.913801e-02	
32	8.110300e+00	1.532603e+00	6.600000e-01	2.040000e-01	2.044154e+00	2.252246e-01	7.045216e-02	
33	8.688097e+00	1.132246e+00	8.210000e-01	1.820000e-01	2.044990e+00	1.630973e-01	3.710616e-02	
34	2.083333e+01	4.991319e+00	8.740000e-01	2.840000e-01	2.234138e+00	2.855064e-01	2.853529e-02	
35	1.445087e+01	8.666344e+00	7.750000e-01	4.820000e-01	2.510040e+00	7.062638e-01	5.724862e-02	
36	9.794319e+00	3.357504e-01	9.310000e-01	4.800000e-02	2.110150e+00	4.408205e-02	1.475925e-02	
37	1.086957e+01	1.287807e+00	9.650000e-01	1.710000e-01	2.092926e+00	1.467414e-01	7.425466e-03	
38	1.030928e+01	1.562334e+00	7.830000e-01	1.960000e-01	2.151000e+00	2.058927e-01	4.731535e-02	
39	1.055966e+01	9.812569e-01	7.940000e-01	1.360000e-01	2.139037e+00	1.281135e-01	4.466707e-02	
40	9.699321e+00	5.362379e-01	7.390000e-01	7.800000e-02	2.107038e+00	7.991293e-02	5.574612e-02	
41	1.019368e+01	1.018329e+00	9.050000e-01	1.430000e-01	2.082899e+00	1.501111e-01	2.005828e-02	
42	9.920635e+00	7.479844e-01	8.320000e-01	1.050000e-01	2.111041e+00	1.016080e-01	3.595073e-02	
43	1.021450e+01	6.886183e-01	9.480000e-01	1.050000e-01	2.092050e+00	9.497383e-02	1.102751e-02	
44	1.035197e+01	1.339540e+00	8.480000e-01	1.740000e-01	2.098196e+00	1.734555e-01	3.232893e-02	
45	9.784736e+00	8.808177e-01	7.200000e-01	1.240000e-01	2.084202e+00	1.238011e-01	5.915611e-02	
46	9.099181e+00	6.871993e-01	7.020000e-01	1.010000e-01	2.110150e+00	1.015223e-01	6.374284e-02	
47	1.001001e+01	1.322644e+00	8.640000e-01	1.660000e-01	2.075119e+00	1.619101e-01	2.860776e-02	
48	1.007049e+01	1.470515e+00	8.340000e-01	1.920000e-01	2.107926e+00	1.835104e-01	3.547033e-02	
49	8.488964e+00	7.854814e-01	9.290000e-01	1.380000e-01	2.002002e+00	1.086171e-01	1.440870e-02	
50	6.653360e+00	5.931805e-01	7.280000e-01	1.230000e-01	1.836885e+00	9.919987e-02	5.064687e-02	
51	5.913661e+00	4.511308e-01	7.910000e-01	1.030000e-01	1.901141e+00	8.457546e-02	4.027749e-02	
52	5.107252e+00	3.156167e-01	6.020000e-01	7.400000e-02	1.924928e+00	6.299090e-02	7.766035e-02	
53	6.016847e+00	1.176580e+00	4.930000e-01	2.140000e-01	1.797914e+00	1.939498e-01	9.240146e-02	
54	6.635700e+00	1.232910e+00	5.950000e-01	1.930000e-01	2.040816e+00	2.165764e-01	8.378394e-02	
55	7.173601e+00	8.490991e-01	6.170000e-01	1.440000e-01	2.092926e+00	1.511217e-01	8.125582e-02	
56	8.673027e+00	1.278764e+00	6.140000e-01	1.530000e-01	2.169197e+00	1.788059e-01	8.487665e-02	
57	9.587728e+00	6.067018e-01	7.890000e-01	8.800000e-02	2.042901e+00	8.096482e-02	4.369499e-02	
58	8.968610e+00	6.756621e-01	8.950000e-01	1.150000e-01	2.050021e+00	9.834047e-02	2.181973e-02	
59	8.944544e+00	7.680467e-01	6.030000e-01	1.160000e-01	2.110150e+00	1.139899e-01	8.491915e-02	
60	1.004016e+01	1.058451e+00	7.030000e-01	1.370000e-01	2.125850e+00	1.396445e-01	6.400162e-02	
61	1.002004e+01	1.034132e+00	8.580000e-01	1.510000e-01	2.091175e+00	1.373126e-01	3.010098e-02	
62	1.040583e+01	1.136953e+00	7.690000e-01	1.430000e-01	2.141786e+00	1.431221e-01	5.015219e-02	
63	1.003009e+01	1.116690e+00	9.190000e-01	1.630000e-01	2.128112e+00	1.544342e-01	1.747356e-02	
64	1.088139e+01	1.266930e+00	8.200000e-01	1.730000e-01	2.099076e+00	1.625859e-01	3.830034e-02	
65	1.022495e+01	9.409462e-01	7.980000e-01	1.270000e-01	2.103049e+00	1.216275e-01	4.306284e-02	
66	9.328358e+00	1.052921e+00	9.000000e-01	1.710000e-01	2.108815e+00	1.512014e-01	2.137668e-02	
67	9.541985e+00	4.734573e-01	8.660000e-01	8.000000e-02	2.045827e+00	6.612942e-02	2.778916e-02	
68	1.077586e+01	7.896106e-01	8.420000e-01	1.150000e-01	2.110150e+00	1.059750e-01	3.379654e-02	
69	9.699321e+00	8.843222e-01	7.860000e-01	1.340000e-01	2.138123e+00	1.248038e-01	4.638187e-02	
70	9.950249e+00	9.405708e-01	8.170000e-01	1.260000e-01	2.098196e+00	1.206264e-01	3.892234e-02	
71	1.949318e+01	4.293819e+00	8.450000e-01	2.810000e-01	2.172968e+00	2.733917e-01	3.414184e-02	
72	9.813543e+00	6.548782e-01	6.310000e-01	9.000000e-02	2.099958e+00	9.084237e-02	7.854867e-02	
73	9.487666e+00	8.371470e-01	7.660000e-01	1.270000e-01	2.115059e+00	1.239153e-01	5.016955e-02	
74	1.199041e+01	1.897762e+00	8.550000e-01	2.230000e-01	2.075981e+00	1.935054e-01	3.051358e-02	
75	1.237624e+01	2.726448e+00	7.740000e-01	2.370000e-01	2.144082e+00	2.326127e-01	4.911925e-02	
76	1.248439e+01	4.410841e+00	6.430000e-01	3.770000e-01	2.192021e+00	4.266801e-01	7.932586e-02	
77	1.517451e+01	3.154640e+00	7.570000e-01	2.250000e-01	1.982947e+00	2.335654e-01	4.884489e-02	
78	8.865248e+00	1.956956e+00	5.940000e-01	2.450000e-01	1.888931e+00	2.540459e-01	7.773989e-02	
79	7.315289e+00	9.525395e-01	6.490000e-01	1.570000e-01	2.016942e+00	1.643495e-01	7.176331e-02	
80	1.078749e+01	1.210247e+00	9.130000e-01	1.740000e-01	1.975894e+00	1.378168e-01	1.742548e-02	
81	1.077586e+01	1.915967e+00	8.470000e-01	2.510000e-01	2.325041e+00	2.627226e-01	3.605984e-02	
82	9.970090e+00	3.876705e-01	7.280000e-01	5.700000e-02	2.079867e+00	5.450566e-02	5.734642e-02	
83	1.034126e+01	1.507878e+00	8.220000e-01	1.990000e-01	2.170139e+00	1.973282e-01	3.915700e-02	
84	9.099181e+00	1.341281e+00	7.470000e-01	2.020000e-01	2.379253e+00	2.281320e-01	6.101870e-02	
85	1.010101e+01	4.387307e-01	7.410000e-01	6.100000e-02	2.045827e+00	5.650298e-02	5.371189e-02	
86	1.106195e+01	1.101300e+00	9.220000e-01	1.520000e-01	2.137209e+00	1.352028e-01	1.689831e-02	
87	1.497006e+01	5.154362e+00	6.600000e-01	2.830000e-01	2.192021e+00	4.012138e-01	7.554844e-02	
88	1.035197e+01	1.596732e+00	8.950000e-01	2.190000e-01	2.055921e+00	1.948560e-01	2.188253e-02	
89	1.540832e+01	6.030375e+00	8.670000e-01	4.670000e-01	2.230152e+00	4.610505e-01	3.006685e-02	
90	1.051525e+01	7.518789e-01	9.300000e-01	1.110000e-01	2.167787e+00	9.821535e-02	1.538213e-02	
91	9.433962e+00	4.093984e-01	8.470000e-01	6.800000e-02	2.061856e+00	5.739186e-02	3.197802e-02	
92	9.765625e+00	1.115799e+00	8.810000e-01	1.600000e-01	2.079002e+00	1.499821e-01	2.507863e-02	
93	1.076426e+01	2.050888e+00	7.480000e-01	2.380000e-01	2.144082e+00	2.574370e-01	5.477014e-02	
94	1.063830e+01	1.199638e+00	8.390000e-01	1.490000e-01	2.171081e+00	1.517777e-01	3.543266e-02	
95	1.005025e+01	4.141310e-01	8.140000e-01	5.800000e-02	2.157032e+00	6.374318e-02	4.066974e-02	
96	1.170960e+01	1.905895e+00	8.340000e-01	1.910000e-01	2.075119e+00	1.830101e-01	3.491829e-02	
97	9.496676e+00	3.697661e-01	1.002000e+00	5.800000e-02	2.081165e+00	4.807687e-02	-4.219281e-04	
98	9.216590e+00	1.248699e+00	7.400000e-01	1.720000e-01	2.055921e+00	1.678044e-01	5.418532e-02	
99	8.787346e+00	6.100179e-01	7.360000e-01	1.020000e-01	1.982947e+00	8.650570e-02	5.306605e-02	
100	1.897533e+01	4.608809e+00	7.000000e-01	2.460000e-01	2.040816e+00	2.490629e-01	6.206218e-02	
101	7.137759e+00	5.298550e-01	3.950000e-01	8.900000e-02	2.028809e+00	9.508113e-02	1.244223e-01	
102	3.226847e+00	2.020034e-01	2.040000e-01	6.900000e-02	1.601025e+00	4.203779e-02	1.291852e-01	
