2	7.800312e+00	9.674334e-01	1.330000e-01	1.890000e-01	2.066116e+00	2.817431e-01	1.815832e-01	
3	8.417508e+00	3.684431e-01	3.960000e-01	1.060000e-01	1.737921e+00	9.483965e-02	1.064067e-01	
4	1.072961e+01	5.525981e-01	5.180000e-01	1.300000e-01	1.694054e+00	1.130708e-01	8.277060e-02	
5	1.149425e+01	5.945303e-01	7.930000e-01	1.530000e-01	1.663894e+00	1.052046e-01	3.491385e-02	
6	1.033058e+01	4.055392e-01	7.800000e-01	1.100000e-01	1.588058e+00	7.868414e-02	3.541529e-02	
7	1.128668e+01	4.076454e-01	6.710000e-01	1.000000e-01	1.593880e+00	7.214883e-02	5.315611e-02	
8	1.123596e+01	3.787401e-01	8.110000e-01	9.100000e-02	1.653986e+00	7.523093e-02	3.168805e-02	
9	1.267427e+01	5.943575e-01	8.150000e-01	1.320000e-01	1.629992e+00	9.963275e-02	3.056744e-02	
10	1.329787e+01	7.780670e-01	7.140000e-01	1.570000e-01	1.647989e+00	1.260163e-01	4.777738e-02	
11	1.203369e+01	6.371631e-01	8.210000e-01	1.280000e-01	1.627075e+00	1.180728e-01	2.952312e-02	
12	1.219512e+01	6.841166e-01	7.250000e-01	1.450000e-01	1.627075e+00	1.098659e-01	4.535676e-02	
13	1.240695e+01	9.082009e-01	7.180000e-01	2.140000e-01	1.636126e+00	1.689128e-01	4.677002e-02	
14	1.438849e+01	7.660059e-01	8.080000e-01	1.480000e-01	1.643926e+00	1.121534e-01	3.199523e-02	
15	1.280410e+01	5.410182e-01	7.680000e-01	1.250000e-01	1.639882e+00	8.309667e-02	3.856581e-02	
16	1.310616e+01	1.013451e+00	8.780000e-01	1.770000e-01	1.646904e+00	1.529733e-01	2.036713e-02	
17	1.550388e+01	1.682591e+00	7.230000e-01	2.870000e-01	1.636126e+00	2.318202e-01	4.594077e-02	
18	1.207729e+01	1.050200e+00	8.080000e-01	2.230000e-01	1.657001e+00	1.820367e-01	3.224971e-02	
20	1.618123e+01	3.141986e+00	7.320000e-01	4.960000e-01	1.686910e+00	4.257113e-01	4.582774e-02	
21	1.251564e+01	6.265654e-01	7.820000e-01	1.400000e-01	1.658925e+00	1.131085e-01	3.665938e-02	
22	1.533742e+01	1.975987e+00	8.230000e-01	2.960000e-01	1.694915e+00	2.700373e-01	3.041047e-02	
23	1.187648e+01	7.898850e-01	6.490000e-01	1.650000e-01	1.658100e+00	1.374648e-01	5.899560e-02	
24	2.873563e+01	6.936187e+00	6.720000e-01	4.090000e-01	1.671123e+00	3.837104e-01	5.556280e-02	
26	7.267442e+00	5.704097e-01	4.790000e-01	1.590000e-01	1.686910e+00	1.730164e-01	8.909049e-02	
27	1.490313e+01	2.021140e+00	7.080000e-01	3.120000e-01	1.632120e+00	3.007448e-01	4.830997e-02	
28	9.680542e+00	4.310793e-01	6.180000e-01	1.220000e-01	1.666111e+00	8.966244e-02	6.451626e-02	
29	8.904720e+00	3.013173e-01	5.910000e-01	9.900000e-02	1.636126e+00	7.093804e-02	6.783312e-02	
30	1.434720e+01	3.025881e+00	6.720000e-01	4.340000e-01	1.702128e+00	4.893436e-01	5.659366e-02	
31	1.574803e+01	1.438403e+00	7.410000e-01	2.390000e-01	1.660027e+00	1.893158e-01	4.358295e-02	
32	9.871668e+00	1.325318e+00	6.620000e-01	3.080000e-01	1.627869e+00	2.787756e-01	5.577480e-02	
33	1.006036e+01	8.198082e-01	6.290000e-01	1.850000e-01	1.623113e+00	1.701885e-01	6.104141e-02	
34	2.624672e+01	4.477787e+00	6.990000e-01	3.030000e-01	1.714972e+00	2.870541e-01	5.232693e-02	
35	1.841621e+01	7.020543e+00	8.480000e-01	6.670000e-01	1.755926e+00	7.902439e-01	2.705526e-02	
36	1.175088e+01	2.899747e-01	7.520000e-01	7.200000e-02	1.678979e+00	5.468804e-02	4.220839e-02	
37	1.340483e+01	8.804778e-01	8.390000e-01	1.940000e-01	1.680955e+00	1.316734e-01	2.743366e-02	
38	1.190476e+01	1.091270e+00	7.380000e-01	2.320000e-01	1.673920e+00	2.118319e-01	4.445677e-02	
39	1.272265e+01	6.474629e-01	8.260000e-01	1.430000e-01	1.678134e+00	1.109557e-01	2.959905e-02	
40	1.101322e+01	7.156164e-01	7.890000e-01	1.780000e-01	1.596934e+00	1.285300e-01	3.415633e-02	
41	1.165501e+01	8.150358e-01	8.010000e-01	1.830000e-01	1.663063e+00	1.529476e-01	3.354777e-02	
42	1.197605e+01	6.454158e-01	8.330000e-01	1.230000e-01	1.684920e+00	1.095837e-01	2.852316e-02	
43	1.199041e+01	4.600636e-01	8.240000e-01	1.110000e-01	1.639882e+00	8.309667e-02	2.925682e-02	
44	1.082251e+01	8.667379e-01	8.760000e-01	2.120000e-01	1.647989e+00	1.542614e-01	2.071467e-02	
45	1.149425e+01	6.077421e-01	8.140000e-01	1.490000e-01	1.646904e+00	1.190696e-01	3.105153e-02	
46	1.101322e+01	4.487764e-01	7.290000e-01	9.800000e-02	1.675884e+00	8.510019e-02	4.603786e-02	
47	1.031992e+01	7.668050e-01	6.970000e-01	1.620000e-01	1.636126e+00	1.472299e-01	5.025290e-02	
48	1.267427e+01	1.028078e+00	7.590000e-01	2.140000e-01	1.639076e+00	1.759702e-01	4.004219e-02	
49	1.035197e+01	4.929508e-01	6.130000e-01	1.270000e-01	1.591090e+00	9.771849e-02	6.241767e-02	
50	8.216927e+00	4.321145e-01	4.490000e-01	1.080000e-01	1.514922e+00	1.014385e-01	8.461429e-02	
51	7.727975e+00	3.583296e-01	4.270000e-01	9.300000e-02	1.624959e+00	9.426560e-02	9.438413e-02	
52	6.901311e+00	2.714802e-01	5.760000e-01	8.700000e-02	1.675884e+00	7.639357e-02	7.202971e-02	
53	6.734007e+00	8.298473e-01	5.080000e-01	2.580000e-01	1.578034e+00	2.251132e-01	7.870154e-02	
54	7.127584e+00	6.502714e-01	5.830000e-01	1.810000e-01	1.737921e+00	1.896793e-01	7.346289e-02	
55	8.103728e+00	5.187962e-01	6.610000e-01	1.360000e-01	1.773993e+00	1.368968e-01	6.096120e-02	
56	9.496676e+00	6.944388e-01	7.890000e-01	1.690000e-01	1.734906e+00	1.474851e-01	3.710738e-02	
57	1.090513e+01	5.113636e-01	8.430000e-01	1.200000e-01	1.642036e+00	9.194324e-02	2.613269e-02	
58	1.071811e+01	4.939752e-01	6.570000e-01	1.120000e-01	1.623904e+00	9.757136e-02	5.646200e-02	
59	1.046025e+01	5.033175e-01	8.490000e-01	1.360000e-01	1.643926e+00	9.972194e-02	2.516292e-02	
60	1.175088e+01	8.284993e-01	8.380000e-01	1.650000e-01	1.663894e+00	1.470096e-01	2.732388e-02	
61	1.233046e+01	8.362208e-01	7.880000e-01	1.940000e-01	1.694915e+00	1.597242e-01	3.642384e-02	
62	1.172333e+01	8.658497e-01	8.430000e-01	2.080000e-01	1.666111e+00	1.504552e-01	2.651585e-02	
63	1.161440e+01	9.577497e-01	7.280000e-01	2.060000e-01	1.649077e+00	1.857387e-01	4.546860e-02	
64	1.321004e+01	9.772288e-01	8.330000e-01	2.060000e-01	1.655903e+00	1.565691e-01	2.803195e-02	
65	1.251564e+01	6.892220e-01	8.610000e-01	1.660000e-01	1.671123e+00	1.223182e-01	2.354643e-02	
66	1.137656e+01	7.118442e-01	7.480000e-01	1.690000e-01	1.666111e+00	1.387963e-01	4.256047e-02	
67	1.176471e+01	3.183391e-01	7.660000e-01	9.000000e-02	1.642036e+00	5.473454e-02	3.894937e-02	
68	1.262626e+01	5.898633e-01	7.590000e-01	1.480000e-01	1.668892e+00	1.108510e-01	4.077060e-02	
69	1.165501e+01	6.248608e-01	8.180000e-01	1.550000e-01	1.680108e+00	1.188383e-01	3.099633e-02	
70	1.172333e+01	7.009259e-01	8.260000e-01	1.550000e-01	1.658100e+00	1.201442e-01	2.924568e-02	
71	2.564103e+01	4.339250e+00	6.520000e-01	2.890000e-01	1.638002e+00	2.852081e-01	5.778238e-02	
72	1.170960e+01	7.404198e-01	8.350000e-01	1.870000e-01	1.671123e+00	1.281827e-01	2.795080e-02	
73	1.136364e+01	6.456612e-01	7.900000e-01	1.600000e-01	1.677008e+00	1.212126e-01	3.569902e-02	
74	1.531394e+01	1.360196e+00	7.130000e-01	2.270000e-01	1.624959e+00	1.861548e-01	4.727442e-02	
75	1.447178e+01	3.057713e+00	8.270000e-01	6.680000e-01	1.652893e+00	4.439587e-01	2.898629e-02	
76	1.666667e+01	3.666667e+00	6.660000e-01	4.240000e-01	1.682935e+00	4.792201e-01	5.697911e-02	
77	2.227171e+01	4.464264e+00	5.310000e-01	3.060000e-01	1.606942e+00	3.733952e-01	7.639675e-02	
78	1.127396e+01	1.576066e+00	6.540000e-01	3.090000e-01	1.595914e+00	3.076707e-01	5.597416e-02	
79	9.009009e+00	7.385764e-01	6.890000e-01	1.770000e-01	1.682935e+00	1.756008e-01	5.305540e-02	
80	1.275510e+01	8.948095e-01	6.480000e-01	1.500000e-01	1.632120e+00	1.366538e-01	5.823668e-02	
81	1.400560e+01	1.373098e+00	6.920000e-01	2.470000e-01	1.897173e+00	2.461898e-01	5.923243e-02	
82	1.215067e+01	3.248052e-01	7.270000e-01	7.100000e-02	1.666111e+00	5.468576e-02	4.610717e-02	
83	1.410437e+01	1.193600e+00	6.750000e-01	1.830000e-01	1.752848e+00	2.018618e-01	5.774702e-02	
84	1.146789e+01	8.679825e-01	7.530000e-01	1.850000e-01	1.876173e+00	1.858572e-01	4.697552e-02	
85	1.278772e+01	4.578725e-01	7.460000e-01	8.100000e-02	1.665002e+00	6.764243e-02	4.286968e-02	
86	1.396648e+01	7.217315e-01	7.630000e-01	1.280000e-01	1.740947e+00	1.139617e-01	4.182498e-02	
87	1.851852e+01	3.326475e+00	7.490000e-01	3.610000e-01	1.686910e+00	3.978238e-01	4.292076e-02	
88	1.264223e+01	1.214676e+00	7.600000e-01	2.080000e-01	1.660027e+00	2.055743e-01	4.038575e-02	
89	2.092050e+01	4.245374e+00	8.000000e-01	4.500000e-01	1.646091e+00	4.004810e-01	3.337225e-02	
90	1.216545e+01	5.327934e-01	7.310000e-01	1.400000e-01	1.703868e+00	9.174003e-02	4.646116e-02	
91	1.136364e+01	2.711777e-01	7.460000e-01	7.500000e-02	1.652073e+00	5.158465e-02	4.253681e-02	
92	1.055966e+01	8.139972e-01	8.040000e-01	1.990000e-01	1.643115e+00	1.530803e-01	3.264570e-02	
93	1.310616e+01	1.545943e+00	7.850000e-01	2.800000e-01	1.692047e+00	2.633982e-01	3.687677e-02	
94	1.275510e+01	9.436172e-01	8.230000e-01	1.780000e-01	1.702128e+00	1.634043e-01	3.053987e-02	
95	1.180638e+01	2.369639e-01	7.420000e-01	5.500000e-02	1.680108e+00	4.516418e-02	4.393986e-02	
96	1.379310e+01	1.274673e+00	8.100000e-01	2.020000e-01	1.655903e+00	1.757632e-01	3.189264e-02	
97	1.210654e+01	6.009298e-01	8.540000e-01	1.620000e-01	1.715854e+00	1.006902e-01	2.539424e-02	
98	1.082251e+01	9.604393e-01	6.960000e-01	2.340000e-01	1.666111e+00	1.843215e-01	5.134279e-02	
99	1.059322e+01	4.152004e-01	8.260000e-01	1.200000e-01	1.598977e+00	8.207092e-02	2.820286e-02	
100	2.141328e+01	3.301404e+00	7.200000e-01	3.250000e-01	1.631055e+00	2.705567e-01	4.629441e-02	
101	8.960573e+00	4.014594e-01	6.170000e-01	1.050000e-01	1.705030e+00	9.622590e-02	6.619613e-02	
102	4.210526e+00	1.365097e-01	-7.800000e-02	3.800000e-02	1.440922e+00	4.110988e-02	1.574567e-01	
