0	26	R2	1.475400e+01	1.475400e+01	1.096786e-08	0.000000e+00	7.500000e-01
0	28	R2	1.533700e+01	1.533700e+01	1.145058e-08	2.574430e-15	6.900000e-01
0	29	R2	1.594900e+01	1.594900e+01	1.195561e-08	2.474035e-15	7.180000e-01
0	30	R2	1.532700e+01	1.532700e+01	1.144232e-08	-5.148860e-15	6.900000e-01
0	32	R2	1.599600e+01	1.599600e+01	1.199433e-08	0.000000e+00	7.200000e-01
0	33	R2	1.368900e+01	1.368900e+01	1.008137e-08	-2.883696e-15	6.160000e-01
0	34	R2	1.549600e+01	1.549600e+01	1.158196e-08	2.548575e-15	6.970000e-01
0	35	R2	1.645700e+01	1.645700e+01	1.237361e-08	0.000000e+00	7.410000e-01
0	36	R2	1.538700e+01	1.538700e+01	1.149191e-08	2.566990e-15	6.920000e-01
0	37	R2	1.543400e+01	1.543400e+01	1.153074e-08	0.000000e+00	6.950000e-01
0	38	R2	1.583700e+01	1.583700e+01	1.186331e-08	0.000000e+00	7.130000e-01
0	39	R2	1.616300e+01	1.616300e+01	1.213183e-08	0.000000e+00	7.270000e-01
0	41	R2	1.210200e+01	1.210200e+01	8.746979e-09	-2.824769e-07	5.450000e-01
0	42	R2	1.572000e+01	1.572000e+01	1.176684e-08	0.000000e+00	9.940000e-01
0	44	R2	1.545300e+01	1.545300e+01	1.154644e-08	0.000000e+00	6.950000e-01
0	45	R2	1.673800e+01	1.673800e+01	1.260439e-08	0.000000e+00	7.530000e-01
0	46	R2	1.626400e+01	1.626400e+01	1.221493e-08	0.000000e+00	7.320000e-01
0	47	R2	1.401000e+01	1.401000e+01	1.034924e-08	-2.819614e-15	6.300000e-01
0	49	R2	1.507200e+01	1.507200e+01	1.123137e-08	2.135044e-15	8.320000e-01
0	50	R2	1.456500e+01	1.456500e+01	1.081099e-08	0.000000e+00	6.550000e-01
0	52	R2	1.550800e+01	1.550800e+01	1.159187e-08	0.000000e+00	6.980000e-01
0	54	R2	1.355300e+01	1.355300e+01	9.967685e-09	5.824121e-15	6.100000e-01
0	55	R2	1.669500e+01	1.669500e+01	1.256909e-08	0.000000e+00	1.376000e+00
0	56	R2	1.603900e+01	1.603900e+01	1.202975e-08	0.000000e+00	7.220000e-01
0	57	R2	1.633600e+01	1.633600e+01	1.227414e-08	0.000000e+00	7.350000e-01
0	58	R2	1.596200e+01	1.596200e+01	1.196632e-08	0.000000e+00	7.180000e-01
0	59	R2	1.647400e+01	1.647400e+01	1.238758e-08	2.552237e-15	1.392000e+00
0	62	R2	1.421000e+01	1.421000e+01	1.051584e-08	0.000000e+00	6.390000e-01
0	63	R2	1.510500e+01	1.510500e+01	1.125869e-08	-2.612289e-15	6.800000e-01
0	66	R2	1.822100e+01	1.822100e+01	1.381774e-08	-3.559833e-15	9.980000e-01
0	67	R2	1.548800e+01	1.548800e+01	1.157535e-08	0.000000e+00	8.510000e-01
0	69	R2	1.801300e+01	1.801300e+01	1.364799e-08	0.000000e+00	8.500000e-01
0	70	R2	1.756900e+01	1.756900e+01	1.328518e-08	-2.477485e-15	1.434000e+00
0	71	R2	1.629100e+01	1.629100e+01	1.223714e-08	0.000000e+00	1.006000e+00
0	72	R2	1.647800e+01	1.647800e+01	1.239087e-08	0.000000e+00	8.140000e-01
0	73	R2	1.520600e+01	1.520600e+01	1.134226e-08	-2.435216e-07	8.390000e-01
0	74	R2	1.789000e+01	1.789000e+01	1.354754e-08	0.000000e+00	8.050000e-01
0	75	R2	1.756800e+01	1.756800e+01	1.328437e-08	0.000000e+00	8.860000e-01
0	76	R2	1.618500e+01	1.618500e+01	1.214993e-08	-4.880101e-15	7.280000e-01
0	77	R2	1.488300e+01	1.488300e+01	1.107481e-08	0.000000e+00	6.700000e-01
0	78	R2	1.651400e+01	1.651400e+01	1.242045e-08	-4.781580e-15	7.430000e-01
0	79	R2	1.704700e+01	1.704700e+01	1.285782e-08	0.000000e+00	8.330000e-01
0	80	R2	1.634100e+01	1.634100e+01	1.227825e-08	0.000000e+00	7.350000e-01
0	81	R2	1.616500e+01	1.616500e+01	1.213347e-08	-3.021934e-07	7.270000e-01
0	84	R2	1.570800e+01	1.570800e+01	1.175694e-08	2.512527e-15	7.070000e-01
0	85	R2	1.526200e+01	1.526200e+01	1.138858e-08	2.585672e-15	6.870000e-01
0	86	R2	1.640000e+01	1.640000e+01	1.232676e-08	0.000000e+00	7.380000e-01
0	87	R2	1.440900e+01	1.440900e+01	1.068138e-08	-5.482583e-15	6.480000e-01
0	88	R2	1.406000e+01	1.406000e+01	1.039091e-08	-2.806251e-15	6.330000e-01
0	89	R2	1.518200e+01	1.518200e+01	1.132241e-08	-4.497106e-15	7.900000e-01
0	91	R2	1.626300e+01	1.626300e+01	1.221411e-08	4.853434e-15	7.320000e-01
0	92	R2	1.588500e+01	1.588500e+01	1.190288e-08	-2.265761e-15	7.840000e-01
0	93	R2	1.584300e+01	1.584300e+01	1.186826e-08	2.014010e-15	8.820000e-01
0	95	R2	1.356100e+01	1.356100e+01	9.974375e-09	-2.913570e-07	6.100000e-01
0	96	R2	1.410300e+01	1.410300e+01	1.042674e-08	-2.937262e-07	6.350000e-01
0	97	R2	1.565700e+01	1.565700e+01	1.171486e-08	2.519655e-15	7.050000e-01
0	98	R2	1.776300e+01	1.776300e+01	1.344378e-08	3.666371e-15	9.690000e-01
0	99	R2	1.568500e+01	1.568500e+01	1.173796e-08	7.548259e-15	7.060000e-01
0	100	R2	1.549300e+01	1.549300e+01	1.157948e-08	-2.548575e-15	6.970000e-01
0	101	R2	1.509600e+01	1.509600e+01	1.125124e-08	0.000000e+00	9.580000e-01
0	102	R2	1.429600e+01	1.429600e+01	1.058741e-08	-2.762608e-15	6.430000e-01
0	103	R2	1.437300e+01	1.437300e+01	1.065145e-08	2.089832e-15	8.500000e-01
0	104	R2	1.416900e+01	1.416900e+01	1.048171e-08	0.000000e+00	6.380000e-01
0	107	R2	1.560700e+01	1.560700e+01	1.167360e-08	1.499035e-15	1.185000e+00
0	108	R2	1.729200e+01	1.729200e+01	1.305852e-08	-3.647550e-15	9.740000e-01
0	109	R2	1.671000e+01	1.671000e+01	1.258140e-08	0.000000e+00	7.520000e-01
0	110	R2	1.468700e+01	1.468700e+01	1.091227e-08	-2.687378e-15	6.610000e-01
0	111	R2	1.499100e+01	1.499100e+01	1.116430e-08	2.631640e-15	6.750000e-01
0	112	R2	1.493300e+01	1.493300e+01	1.111625e-08	3.581365e-15	9.920000e-01
0	113	R2	1.579000e+01	1.579000e+01	1.182457e-08	2.498392e-15	7.110000e-01
0	115	R2	1.585000e+01	1.585000e+01	1.187403e-08	-2.491384e-15	7.130000e-01
0	116	R2	1.444600e+01	1.444600e+01	1.071213e-08	2.537653e-15	7.000000e-01
0	118	R2	1.711800e+01	1.711800e+01	1.291600e-08	0.000000e+00	1.101000e+00
0	119	R2	1.680200e+01	1.680200e+01	1.265691e-08	-4.699357e-15	7.560000e-01
0	120	R2	1.637800e+01	1.637800e+01	1.230868e-08	6.615854e-15	1.074000e+00
0	125	R2	1.828100e+01	1.828100e+01	1.386668e-08	0.000000e+00	9.890000e-01
0	126	R2	2.102300e+01	2.102300e+01	1.609343e-08	0.000000e+00	1.614000e+00
0	129	R2	1.756500e+01	1.756500e+01	1.328191e-08	3.640075e-15	9.760000e-01
0	130	R2	1.584100e+01	1.584100e+01	1.186661e-08	0.000000e+00	1.252000e+00
0	134	R2	1.473800e+01	1.473800e+01	1.095458e-08	2.679271e-15	6.630000e-01
0	135	R2	1.584900e+01	1.584900e+01	1.187321e-08	2.257124e-15	7.870000e-01
0	136	R2	1.539200e+01	1.539200e+01	1.149604e-08	-2.991406e-07	6.930000e-01
0	139	R2	1.429300e+01	1.429300e+01	1.058491e-08	5.525216e-15	6.430000e-01
0	140	R2	1.463900e+01	1.463900e+01	1.087243e-08	-2.961759e-07	6.590000e-01
0	141	R2	1.452800e+01	1.452800e+01	1.078026e-08	2.716142e-15	6.540000e-01
0	142	R2	1.505700e+01	1.505700e+01	1.121895e-08	0.000000e+00	6.780000e-01
0	144	R2	1.639700e+01	1.639700e+01	1.232429e-08	0.000000e+00	7.380000e-01
0	145	R2	1.539200e+01	1.539200e+01	1.149604e-08	-2.991406e-07	6.930000e-01
0	146	R2	1.592300e+01	1.592300e+01	1.193419e-08	-2.477485e-15	7.170000e-01
0	147	R2	1.695000e+01	1.695000e+01	1.277830e-08	4.656243e-15	7.630000e-01
0	148	R2	1.611300e+01	1.611300e+01	1.209067e-08	0.000000e+00	7.250000e-01
0	149	R2	1.568600e+01	1.568600e+01	1.173879e-08	0.000000e+00	7.060000e-01
0	151	R2	1.677500e+01	1.677500e+01	1.263475e-08	-3.038851e-07	7.550000e-01
0	152	R2	1.622800e+01	1.622800e+01	1.218531e-08	0.000000e+00	7.300000e-01
0	153	R2	1.463300e+01	1.463300e+01	1.086745e-08	-5.399261e-15	6.580000e-01
0	156	R2	1.477100e+01	1.477100e+01	1.098196e-08	5.342427e-15	6.650000e-01
0	158	R2	1.414100e+01	1.414100e+01	1.045839e-08	2.793014e-15	6.360000e-01
0	159	R2	1.619600e+01	1.619600e+01	1.215898e-08	-4.800964e-15	7.400000e-01
0	161	R2	1.495800e+01	1.495800e+01	1.113696e-08	1.242208e-15	1.430000e+00
0	162	R2	1.556600e+01	1.556600e+01	1.163975e-08	-4.391488e-15	8.090000e-01
0	164	R2	1.714700e+01	1.714700e+01	1.293976e-08	0.000000e+00	1.087000e+00
0	167	R2	1.988100e+01	1.988100e+01	1.516820e-08	7.939025e-15	8.950000e-01
0	168	R2	1.813100e+01	1.813100e+01	1.374430e-08	-4.353816e-15	8.160000e-01
0	169	R2	1.690500e+01	1.690500e+01	1.274140e-08	0.000000e+00	7.610000e-01
0	173	R2	1.497700e+01	1.497700e+01	1.115270e-08	-5.271089e-15	6.740000e-01
0	175	R2	1.369100e+01	1.369100e+01	1.008304e-08	-2.526823e-15	7.030000e-01
0	177	R2	1.644900e+01	1.644900e+01	1.236704e-08	0.000000e+00	8.660000e-01
0	178	R2	1.512000e+01	1.512000e+01	1.127110e-08	2.612289e-15	6.800000e-01
0	179	R2	1.701000e+01	1.701000e+01	1.282749e-08	3.166411e-15	1.122000e+00
0	182	R2	1.580200e+01	1.580200e+01	1.183446e-08	0.000000e+00	7.110000e-01
0	183	R2	1.440200e+01	1.440200e+01	1.067556e-08	-2.741291e-15	6.480000e-01
0	184	R2	1.677700e+01	1.677700e+01	1.263639e-08	-3.039273e-07	7.550000e-01
0	185	R2	1.633200e+01	1.633200e+01	1.227085e-08	0.000000e+00	7.350000e-01
0	187	R2	1.507100e+01	1.507100e+01	1.123054e-08	0.000000e+00	6.780000e-01
0	188	R2	1.617200e+01	1.617200e+01	1.213923e-08	3.412789e-15	1.041000e+00
0	190	R2	1.543600e+01	1.543600e+01	1.153240e-08	0.000000e+00	6.950000e-01
0	191	R2	1.640800e+01	1.640800e+01	1.233334e-08	0.000000e+00	7.380000e-01
0	192	R2	1.540900e+01	1.540900e+01	1.151009e-08	2.563285e-15	6.930000e-01
0	193	R2	1.476000e+01	1.476000e+01	1.097283e-08	0.000000e+00	6.880000e-01
0	195	R2	1.363400e+01	1.363400e+01	1.003541e-08	0.000000e+00	6.140000e-01
0	196	R2	1.240700e+01	1.240700e+01	9.004840e-09	0.000000e+00	5.580000e-01
0	198	R2	1.670800e+01	1.670800e+01	1.257976e-08	-2.702547e-07	8.450000e-01
0	199	R2	1.504400e+01	1.504400e+01	1.120819e-08	0.000000e+00	6.770000e-01
0	200	R2	1.500500e+01	1.500500e+01	1.117589e-08	2.631640e-15	6.750000e-01
0	201	R2	1.555400e+01	1.555400e+01	1.162985e-08	-2.537653e-15	7.000000e-01
0	203	R2	1.596800e+01	1.596800e+01	1.197127e-08	4.941187e-15	7.190000e-01
0	204	R2	1.596500e+01	1.596500e+01	1.196880e-08	0.000000e+00	7.180000e-01
0	205	R2	1.620600e+01	1.620600e+01	1.216721e-08	4.873407e-15	7.290000e-01
0	206	R2	1.577600e+01	1.577600e+01	1.181302e-08	2.501911e-15	7.100000e-01
0	208	R2	1.509000e+01	1.509000e+01	1.124627e-08	-2.616137e-15	6.790000e-01
0	209	R2	1.619600e+01	1.619600e+01	1.215898e-08	-4.693149e-15	7.570000e-01
0	210	R2	1.777500e+01	1.777500e+01	1.345359e-08	-2.347636e-07	1.045000e+00
0	211	R2	1.581900e+01	1.581900e+01	1.184848e-08	-2.494883e-15	7.120000e-01
0	212	R2	1.811400e+01	1.811400e+01	1.373043e-08	-3.064762e-07	8.180000e-01
0	215	R2	1.539000e+01	1.539000e+01	1.149439e-08	-2.271556e-15	7.820000e-01
0	216	R2	2.364000e+01	2.364000e+01	1.820447e-08	0.000000e+00	3.341000e+00
0	218	R2	2.054600e+01	2.054600e+01	1.570731e-08	3.840772e-15	9.250000e-01
0	219	R2	1.888800e+01	1.888800e+01	1.436124e-08	-6.855906e-08	3.835000e+00
0	220	R2	1.729300e+01	1.729300e+01	1.305934e-08	-1.647105e-07	1.443000e+00
0	222	R2	1.437800e+01	1.437800e+01	1.065560e-08	-5.491057e-15	6.470000e-01
0	223	R2	1.536200e+01	1.536200e+01	1.147125e-08	5.141409e-15	6.910000e-01
0	225	R2	1.367800e+01	1.367800e+01	1.007218e-08	5.767392e-15	6.160000e-01
0	226	R2	1.375300e+01	1.375300e+01	1.013483e-08	0.000000e+00	8.960000e-01
0	229	R2	1.579600e+01	1.579600e+01	1.182951e-08	2.498392e-15	7.110000e-01
0	230	R2	1.569600e+01	1.569600e+01	1.174704e-08	-2.322035e-15	7.650000e-01
0	231	R2	1.601400e+01	1.601400e+01	1.200916e-08	0.000000e+00	1.379000e+00
0	232	R2	1.948100e+01	1.948100e+01	1.484344e-08	-2.554072e-15	1.391000e+00
0	234	R2	1.762900e+01	1.762900e+01	1.333425e-08	0.000000e+00	1.077000e+00
0	237	R2	1.725000e+01	1.725000e+01	1.302413e-08	-4.578239e-15	7.760000e-01
0	239	R2	1.591800e+01	1.591800e+01	1.193007e-08	4.961891e-15	7.160000e-01
0	240	R2	1.726400e+01	1.726400e+01	1.303559e-08	-4.572347e-15	7.770000e-01
0	242	R2	1.708500e+01	1.708500e+01	1.288896e-08	-2.700112e-07	8.680000e-01
0	243	R2	1.732100e+01	1.732100e+01	1.308226e-08	0.000000e+00	7.790000e-01
0	247	R2	1.558300e+01	1.558300e+01	1.165379e-08	2.534033e-15	7.010000e-01
0	248	R2	1.649600e+01	1.649600e+01	1.240566e-08	4.452022e-15	7.980000e-01
0	250	R2	1.847400e+01	1.847400e+01	1.402404e-08	-3.857452e-15	9.210000e-01
0	251	R2	2.216300e+01	2.216300e+01	1.701445e-08	2.819614e-15	1.260000e+00
0	252	R2	1.629800e+01	1.629800e+01	1.224289e-08	4.846813e-15	7.330000e-01
0	255	R2	1.572700e+01	1.572700e+01	1.177261e-08	5.017957e-15	7.080000e-01
0	257	R2	1.541100e+01	1.541100e+01	1.151174e-08	7.689856e-15	6.930000e-01
0	258	R2	1.556800e+01	1.556800e+01	1.164141e-08	0.000000e+00	9.300000e-01
0	260	R2	1.664800e+01	1.664800e+01	1.253051e-08	2.828594e-15	1.256000e+00
0	263	R2	1.827200e+01	1.827200e+01	1.385934e-08	0.000000e+00	8.340000e-01
0	264	R2	1.427600e+01	1.427600e+01	1.057077e-08	0.000000e+00	6.420000e-01
0	266	R2	1.390000e+01	1.390000e+01	1.025752e-08	-2.337312e-15	7.600000e-01
0	267	R2	1.620800e+01	1.620800e+01	1.216886e-08	0.000000e+00	7.290000e-01
0	272	R2	1.600300e+01	1.600300e+01	1.200010e-08	0.000000e+00	8.090000e-01
0	273	R2	1.708100e+01	1.708100e+01	1.288568e-08	-4.619914e-15	7.690000e-01
0	274	R2	1.658200e+01	1.658200e+01	1.247631e-08	0.000000e+00	7.460000e-01
0	275	R2	1.727200e+01	1.727200e+01	1.304214e-08	0.000000e+00	7.770000e-01
0	276	R2	1.503100e+01	1.503100e+01	1.119742e-08	-4.497106e-15	7.900000e-01
0	278	R2	1.398300e+01	1.398300e+01	1.032674e-08	0.000000e+00	9.890000e-01
0	279	R2	1.614500e+01	1.614500e+01	1.211701e-08	0.000000e+00	7.460000e-01
0	281	R2	1.584400e+01	1.584400e+01	1.186908e-08	4.982768e-15	7.130000e-01
0	282	R2	1.548500e+01	1.548500e+01	1.157287e-08	0.000000e+00	7.690000e-01
0	283	R2	1.675800e+01	1.675800e+01	1.262080e-08	0.000000e+00	7.540000e-01
0	286	R2	1.334100e+01	1.334100e+01	9.790240e-09	2.960595e-15	6.000000e-01


1	26	NOE	5.400000e-01	5.400000e-01	2.383047e-09	0.000000e+00	2.700000e-02
1	28	NOE	7.780000e-01	7.780000e-01	6.219344e-09	-2.846726e-15	3.900000e-02
1	29	NOE	7.240000e-01	7.240000e-01	4.130475e-09	0.000000e+00	3.600000e-02
1	30	NOE	8.340000e-01	8.214914e-01	3.875740e-05	2.978247e-01	4.200000e-02
1	32	NOE	7.320000e-01	7.320000e-01	4.314785e-09	0.000000e+00	3.700000e-02
1	33	NOE	5.600000e-01	5.600000e-01	2.477939e-09	0.000000e+00	2.800000e-02
1	34	NOE	6.620000e-01	6.620000e-01	3.208117e-09	3.364312e-15	3.300000e-02
1	35	NOE	7.470000e-01	7.470000e-01	4.736775e-09	-3.000603e-15	3.700000e-02
1	36	NOE	7.310000e-01	7.310000e-01	4.290426e-09	-3.000603e-15	3.700000e-02
1	37	NOE	6.950000e-01	6.950000e-01	3.615079e-09	-9.516197e-15	3.500000e-02
1	38	NOE	7.660000e-01	7.660000e-01	5.499061e-09	-2.921640e-15	3.800000e-02
1	39	NOE	7.650000e-01	7.650000e-01	5.449602e-09	0.000000e+00	3.800000e-02
1	41	NOE	5.680000e-01	5.680000e-01	2.518942e-09	-3.965082e-15	2.800000e-02
1	42	NOE	8.460000e-01	8.214914e-01	3.993826e-05	5.835389e-01	4.200000e-02
1	44	NOE	7.890000e-01	7.890000e-01	7.203778e-09	0.000000e+00	3.900000e-02
1	45	NOE	8.600000e-01	8.214914e-01	3.067845e-05	8.955497e-01	4.300000e-02
1	46	NOE	7.680000e-01	7.680000e-01	5.602093e-09	2.921640e-15	3.800000e-02
1	47	NOE	6.600000e-01	6.600000e-01	3.187506e-09	0.000000e+00	3.300000e-02
1	49	NOE	7.150000e-01	7.150000e-01	3.948321e-09	3.083953e-15	3.600000e-02
1	50	NOE	6.000000e-01	6.000000e-01	2.704184e-09	-3.700743e-15	3.000000e-02
1	52	NOE	8.120000e-01	8.120000e-01	1.336035e-08	0.000000e+00	4.100000e-02
1	54	NOE	6.950000e-01	6.950000e-01	3.615079e-09	-9.516197e-15	3.500000e-02
1	55	NOE	7.950000e-01	7.950000e-01	7.982950e-09	0.000000e+00	4.000000e-02
1	56	NOE	6.840000e-01	6.840000e-01	3.463394e-09	-3.265362e-15	3.400000e-02
1	57	NOE	7.250000e-01	7.250000e-01	4.152261e-09	-3.083953e-15	3.600000e-02
1	58	NOE	6.980000e-01	6.980000e-01	3.659893e-09	0.000000e+00	3.500000e-02
1	59	NOE	7.980000e-01	7.980000e-01	8.480021e-09	0.000000e+00	4.000000e-02
1	62	NOE	6.890000e-01	6.890000e-01	3.530020e-09	-9.796086e-15	3.400000e-02
1	63	NOE	7.750000e-01	7.750000e-01	6.013453e-09	-2.846726e-15	3.900000e-02
1	66	NOE	7.900000e-01	7.900000e-01	7.318024e-09	-5.551115e-15	4.000000e-02
1	67	NOE	7.250000e-01	7.250000e-01	4.152261e-09	-3.083953e-15	3.600000e-02
1	69	NOE	7.760000e-01	7.760000e-01	6.079823e-09	2.846726e-15	3.900000e-02
1	70	NOE	7.910000e-01	7.910000e-01	7.437832e-09	2.775558e-15	4.000000e-02
1	71	NOE	7.830000e-01	7.830000e-01	6.614409e-09	-2.846726e-15	3.900000e-02
1	72	NOE	6.510000e-01	6.510000e-01	3.099240e-09	0.000000e+00	3.300000e-02
1	73	NOE	6.900000e-01	6.900000e-01	3.543795e-09	3.172066e-15	3.500000e-02
1	74	NOE	6.770000e-01	6.770000e-01	3.375937e-09	0.000000e+00	3.400000e-02
1	75	NOE	7.860000e-01	7.860000e-01	6.890444e-09	0.000000e+00	3.900000e-02
1	76	NOE	7.380000e-01	7.380000e-01	4.469960e-09	0.000000e+00	3.700000e-02
1	77	NOE	8.750000e-01	8.214914e-01	3.194670e-05	1.216105e+00	4.400000e-02
1	78	NOE	7.470000e-01	7.470000e-01	4.736775e-09	-3.000603e-15	3.700000e-02
1	79	NOE	7.000000e-01	7.000000e-01	3.690679e-09	-1.008467e-07	3.500000e-02
1	80	NOE	7.720000e-01	7.720000e-01	5.826519e-09	5.693451e-15	3.900000e-02
1	81	NOE	7.580000e-01	7.580000e-01	5.136649e-09	-4.914012e-08	3.800000e-02
1	84	NOE	7.910000e-01	7.910000e-01	7.437832e-09	2.775558e-15	4.000000e-02
1	85	NOE	7.720000e-01	7.720000e-01	5.826519e-09	5.693451e-15	3.900000e-02
1	86	NOE	7.470000e-01	7.470000e-01	4.736775e-09	-3.000603e-15	3.700000e-02
1	87	NOE	7.960000e-01	7.960000e-01	8.138872e-09	0.000000e+00	4.000000e-02
1	88	NOE	7.200000e-01	7.200000e-01	4.046550e-09	0.000000e+00	3.600000e-02
1	89	NOE	7.310000e-01	7.310000e-01	4.290426e-09	-3.000603e-15	3.700000e-02
1	91	NOE	7.650000e-01	7.650000e-01	5.449602e-09	0.000000e+00	3.800000e-02
1	92	NOE	6.980000e-01	6.980000e-01	3.659893e-09	0.000000e+00	3.500000e-02
1	93	NOE	8.170000e-01	8.170000e-01	1.943202e-08	0.000000e+00	4.100000e-02
1	95	NOE	6.610000e-01	6.610000e-01	3.197764e-09	0.000000e+00	3.300000e-02
1	96	NOE	7.220000e-01	7.220000e-01	4.087884e-09	0.000000e+00	3.600000e-02
1	97	NOE	6.890000e-01	6.890000e-01	3.530020e-09	-9.796086e-15	3.400000e-02
1	98	NOE	7.320000e-01	7.320000e-01	4.314785e-09	0.000000e+00	3.700000e-02
1	99	NOE	7.490000e-01	7.490000e-01	4.802682e-09	-3.000603e-15	3.700000e-02
1	100	NOE	7.670000e-01	7.670000e-01	5.549871e-09	2.921640e-15	3.800000e-02
1	101	NOE	7.430000e-01	7.430000e-01	4.612560e-09	-3.000603e-15	3.700000e-02
1	102	NOE	7.700000e-01	7.700000e-01	5.711048e-09	0.000000e+00	3.900000e-02
1	103	NOE	6.910000e-01	6.910000e-01	3.557726e-09	-3.172066e-15	3.500000e-02
1	104	NOE	7.240000e-01	7.240000e-01	4.130475e-09	0.000000e+00	3.600000e-02
1	107	NOE	7.590000e-01	7.590000e-01	5.178128e-09	2.921640e-15	3.800000e-02
1	108	NOE	8.210000e-01	8.210000e-01	5.877392e-08	0.000000e+00	4.100000e-02
1	109	NOE	7.000000e-01	7.000000e-01	3.690679e-09	-1.008467e-07	3.500000e-02
1	110	NOE	7.040000e-01	7.040000e-01	3.754571e-09	0.000000e+00	3.500000e-02
1	111	NOE	7.590000e-01	7.590000e-01	5.178128e-09	2.921640e-15	3.800000e-02
1	112	NOE	6.600000e-01	6.600000e-01	3.187506e-09	0.000000e+00	3.300000e-02
1	113	NOE	6.080000e-01	6.080000e-01	2.756776e-09	0.000000e+00	3.000000e-02
1	115	NOE	7.560000e-01	7.560000e-01	5.056548e-09	-5.066677e-08	3.800000e-02
1	116	NOE	7.420000e-01	7.420000e-01	4.582973e-09	0.000000e+00	3.700000e-02
1	118	NOE	7.410000e-01	7.410000e-01	4.553936e-09	3.000603e-15	3.700000e-02
1	119	NOE	8.110000e-01	8.110000e-01	1.270636e-08	0.000000e+00	4.100000e-02
1	120	NOE	7.780000e-01	7.780000e-01	6.219344e-09	-2.846726e-15	3.900000e-02
1	125	NOE	6.730000e-01	6.730000e-01	3.328735e-09	-3.265362e-15	3.400000e-02
1	126	NOE	6.410000e-01	6.410000e-01	3.008925e-09	6.938894e-15	3.200000e-02
1	129	NOE	8.260000e-01	8.214914e-01	2.958264e-05	1.099667e-01	4.100000e-02
1	130	NOE	7.340000e-01	7.340000e-01	4.364744e-09	0.000000e+00	3.700000e-02
1	134	NOE	7.940000e-01	7.940000e-01	7.835600e-09	0.000000e+00	4.000000e-02
1	135	NOE	7.390000e-01	7.390000e-01	4.497445e-09	0.000000e+00	3.700000e-02
1	136	NOE	6.640000e-01	6.640000e-01	3.229114e-09	3.364312e-15	3.300000e-02
1	139	NOE	7.090000e-01	7.090000e-01	3.839141e-09	6.344132e-15	3.500000e-02
1	140	NOE	7.200000e-01	7.200000e-01	4.046550e-09	0.000000e+00	3.600000e-02
1	141	NOE	7.260000e-01	7.260000e-01	4.174387e-09	0.000000e+00	3.600000e-02
1	142	NOE	7.720000e-01	7.720000e-01	5.826519e-09	5.693451e-15	3.900000e-02
1	144	NOE	7.700000e-01	7.700000e-01	5.711048e-09	0.000000e+00	3.800000e-02
1	145	NOE	8.680000e-01	8.214914e-01	2.568510e-05	1.081596e+00	4.300000e-02
1	146	NOE	8.090000e-01	8.090000e-01	1.164239e-08	2.775558e-15	4.000000e-02
1	147	NOE	8.560000e-01	8.214914e-01	2.647224e-05	8.025264e-01	4.300000e-02
1	148	NOE	7.130000e-01	7.130000e-01	3.910931e-09	3.083953e-15	3.600000e-02
1	149	NOE	7.810000e-01	7.810000e-01	6.447642e-09	2.846726e-15	3.900000e-02
1	151	NOE	6.640000e-01	6.640000e-01	3.229114e-09	3.364312e-15	3.300000e-02
1	152	NOE	7.380000e-01	7.380000e-01	4.469960e-09	0.000000e+00	3.700000e-02
1	153	NOE	7.420000e-01	7.420000e-01	4.582973e-09	0.000000e+00	3.700000e-02
1	156	NOE	6.680000e-01	6.680000e-01	3.272319e-09	-3.364312e-15	3.300000e-02
1	158	NOE	8.130000e-01	8.130000e-01	1.412663e-08	0.000000e+00	4.100000e-02
1	159	NOE	7.830000e-01	7.830000e-01	6.614409e-09	-2.846726e-15	3.900000e-02
1	161	NOE	6.920000e-01	6.920000e-01	3.571817e-09	0.000000e+00	3.500000e-02
1	162	NOE	7.250000e-01	7.250000e-01	4.152261e-09	-3.083953e-15	3.600000e-02
1	164	NOE	6.710000e-01	6.710000e-01	3.305835e-09	3.265362e-15	3.400000e-02
1	167	NOE	7.950000e-01	7.950000e-01	7.982950e-09	0.000000e+00	4.000000e-02
1	168	NOE	7.720000e-01	7.720000e-01	5.826519e-09	5.693451e-15	3.900000e-02
1	169	NOE	7.770000e-01	7.770000e-01	6.148411e-09	2.846726e-15	3.900000e-02
1	173	NOE	7.450000e-01	7.450000e-01	4.673456e-09	3.000603e-15	3.700000e-02
1	175	NOE	7.340000e-01	7.340000e-01	4.364744e-09	0.000000e+00	3.700000e-02
1	177	NOE	8.620000e-01	8.214914e-01	4.005636e-05	9.420613e-01	4.300000e-02
1	178	NOE	8.470000e-01	8.214914e-01	2.961577e-05	6.073485e-01	4.200000e-02
1	179	NOE	8.200000e-01	8.200000e-01	3.373261e-08	2.707861e-15	4.100000e-02
1	182	NOE	7.030000e-01	7.030000e-01	3.738298e-09	3.172066e-15	3.500000e-02
1	183	NOE	8.210000e-01	8.210000e-01	5.877392e-08	0.000000e+00	4.100000e-02
1	184	NOE	8.040000e-01	8.040000e-01	9.833541e-09	0.000000e+00	4.000000e-02
1	185	NOE	6.620000e-01	6.620000e-01	3.208117e-09	3.364312e-15	3.300000e-02
1	187	NOE	8.010000e-01	8.010000e-01	9.082408e-09	0.000000e+00	4.000000e-02
1	188	NOE	7.050000e-01	7.050000e-01	3.771052e-09	0.000000e+00	3.500000e-02
1	190	NOE	7.120000e-01	7.120000e-01	3.892618e-09	0.000000e+00	3.600000e-02
1	191	NOE	7.440000e-01	7.440000e-01	4.642715e-09	0.000000e+00	3.700000e-02
1	192	NOE	7.080000e-01	7.080000e-01	3.821785e-09	0.000000e+00	3.500000e-02
1	193	NOE	6.950000e-01	6.950000e-01	3.615079e-09	-9.516197e-15	3.500000e-02
1	195	NOE	6.430000e-01	6.430000e-01	3.026387e-09	0.000000e+00	3.200000e-02
1	196	NOE	4.190000e-01	4.190000e-01	1.966161e-09	-1.321694e-14	2.100000e-02
1	198	NOE	8.300000e-01	8.214914e-01	4.328855e-05	2.025866e-01	4.200000e-02
1	199	NOE	7.510000e-01	7.510000e-01	4.871360e-09	-2.921640e-15	3.800000e-02
1	200	NOE	7.070000e-01	7.070000e-01	3.804654e-09	0.000000e+00	3.500000e-02
1	201	NOE	7.740000e-01	7.740000e-01	5.949183e-09	-2.846726e-15	3.900000e-02
1	203	NOE	7.070000e-01	7.070000e-01	3.804654e-09	0.000000e+00	3.500000e-02
1	204	NOE	8.500000e-01	8.214914e-01	3.253460e-05	6.629915e-01	4.300000e-02
1	205	NOE	7.710000e-01	7.710000e-01	5.767929e-09	-2.846726e-15	3.900000e-02
1	206	NOE	7.570000e-01	7.570000e-01	5.096135e-09	-2.921640e-15	3.800000e-02
1	208	NOE	7.640000e-01	7.640000e-01	5.401433e-09	2.921640e-15	3.800000e-02
1	209	NOE	7.410000e-01	7.410000e-01	4.553936e-09	3.000603e-15	3.700000e-02
1	210	NOE	7.800000e-01	7.800000e-01	6.368805e-09	-2.846726e-15	3.900000e-02
1	211	NOE	7.920000e-01	7.920000e-01	7.563670e-09	-2.775558e-15	4.000000e-02
1	212	NOE	7.780000e-01	7.780000e-01	6.219344e-09	-2.846726e-15	3.900000e-02
1	215	NOE	7.830000e-01	7.830000e-01	6.614409e-09	-2.846726e-15	3.900000e-02
1	216	NOE	6.180000e-01	6.180000e-01	2.826760e-09	3.581365e-15	3.100000e-02
1	218	NOE	7.300000e-01	7.300000e-01	4.266464e-09	0.000000e+00	3.600000e-02
1	219	NOE	1.020000e+00	8.214914e-01	2.553177e-05	3.892326e+00	5.100000e-02
1	220	NOE	7.270000e-01	7.270000e-01	4.196861e-09	3.083953e-15	3.600000e-02
1	222	NOE	7.640000e-01	7.640000e-01	5.401433e-09	2.921640e-15	3.800000e-02
1	223	NOE	8.140000e-01	8.140000e-01	1.504152e-08	2.707861e-15	4.100000e-02
1	225	NOE	6.350000e-01	6.350000e-01	2.958214e-09	0.000000e+00	3.200000e-02
1	226	NOE	7.200000e-01	7.200000e-01	4.046550e-09	0.000000e+00	3.600000e-02
1	229	NOE	7.900000e-01	7.900000e-01	7.318024e-09	-5.693451e-15	3.900000e-02
1	230	NOE	8.460000e-01	8.214914e-01	3.993826e-05	5.835389e-01	4.200000e-02
1	231	NOE	8.210000e-01	8.210000e-01	5.877392e-08	0.000000e+00	4.100000e-02
1	232	NOE	9.180000e-01	8.214914e-01	3.315162e-05	2.098014e+00	4.600000e-02
1	234	NOE	8.170000e-01	8.170000e-01	1.943202e-08	0.000000e+00	4.100000e-02
1	237	NOE	7.530000e-01	7.530000e-01	4.943010e-09	2.921640e-15	3.800000e-02
1	239	NOE	7.420000e-01	7.420000e-01	4.582973e-09	0.000000e+00	3.700000e-02
1	240	NOE	7.560000e-01	7.560000e-01	5.056548e-09	-5.066677e-08	3.800000e-02
1	242	NOE	6.900000e-01	6.900000e-01	3.543795e-09	3.172066e-15	3.500000e-02
1	243	NOE	7.620000e-01	7.620000e-01	5.308751e-09	-2.921640e-15	3.800000e-02
1	247	NOE	6.830000e-01	6.830000e-01	3.450499e-09	0.000000e+00	3.400000e-02
1	248	NOE	7.420000e-01	7.420000e-01	4.582973e-09	0.000000e+00	3.700000e-02
1	250	NOE	7.680000e-01	7.680000e-01	5.602093e-09	2.921640e-15	3.800000e-02
1	251	NOE	6.850000e-01	6.850000e-01	3.476429e-09	-3.265362e-15	3.400000e-02
1	252	NOE	7.750000e-01	7.750000e-01	6.013453e-09	-2.846726e-15	3.900000e-02
1	255	NOE	6.720000e-01	6.720000e-01	3.317228e-09	-3.265362e-15	3.400000e-02
1	257	NOE	7.520000e-01	7.520000e-01	4.906800e-09	0.000000e+00	3.800000e-02
1	258	NOE	8.650000e-01	8.214914e-01	2.674301e-05	1.011829e+00	4.300000e-02
1	260	NOE	7.680000e-01	7.680000e-01	5.602093e-09	2.921640e-15	3.800000e-02
1	263	NOE	8.080000e-01	8.080000e-01	1.120145e-08	-1.002379e-08	4.000000e-02
1	264	NOE	7.350000e-01	7.350000e-01	4.390366e-09	3.000603e-15	3.700000e-02
1	266	NOE	7.060000e-01	7.060000e-01	3.787745e-09	-9.598859e-08	3.500000e-02
1	267	NOE	7.330000e-01	7.330000e-01	4.339554e-09	3.000603e-15	3.700000e-02
1	272	NOE	7.940000e-01	7.940000e-01	7.835600e-09	0.000000e+00	4.000000e-02
1	273	NOE	7.350000e-01	7.350000e-01	4.390366e-09	3.000603e-15	3.700000e-02
1	274	NOE	7.890000e-01	7.890000e-01	7.203778e-09	0.000000e+00	3.900000e-02
1	275	NOE	7.040000e-01	7.040000e-01	3.754571e-09	0.000000e+00	3.500000e-02
1	276	NOE	7.360000e-01	7.360000e-01	4.416434e-09	-3.000603e-15	3.700000e-02
1	278	NOE	6.710000e-01	6.710000e-01	3.305835e-09	3.265362e-15	3.400000e-02
1	279	NOE	7.340000e-01	7.340000e-01	4.364744e-09	0.000000e+00	3.700000e-02
1	281	NOE	8.140000e-01	8.140000e-01	1.504152e-08	2.707861e-15	4.100000e-02
1	282	NOE	7.440000e-01	7.440000e-01	4.642715e-09	0.000000e+00	3.700000e-02
1	283	NOE	7.540000e-01	7.540000e-01	4.980018e-09	-5.219213e-08	3.800000e-02
1	286	NOE	7.330000e-01	7.330000e-01	4.339554e-09	3.000603e-15	3.700000e-02


2	26	R1	1.351000e+00	1.351000e+00	1.351217e-08	0.000000e+00	7.200000e-02
2	28	R1	1.263000e+00	1.263000e+00	1.455420e-08	0.000000e+00	5.400000e-02
2	29	R1	1.317000e+00	1.317000e+00	1.389920e-08	3.895519e-15	5.700000e-02
2	30	R1	1.343000e+00	1.343000e+00	1.360158e-08	7.656711e-15	5.800000e-02
2	32	R1	1.297000e+00	1.297000e+00	1.413578e-08	-7.930164e-15	5.600000e-02
2	33	R1	1.341000e+00	1.341000e+00	1.362409e-08	0.000000e+00	5.800000e-02
2	34	R1	1.358000e+00	1.358000e+00	1.343475e-08	0.000000e+00	5.800000e-02
2	35	R1	1.354000e+00	1.354000e+00	1.347890e-08	0.000000e+00	5.800000e-02
2	36	R1	1.298000e+00	1.298000e+00	1.412379e-08	0.000000e+00	5.600000e-02
2	37	R1	1.365000e+00	1.365000e+00	1.335808e-08	0.000000e+00	5.900000e-02
2	38	R1	1.342000e+00	1.342000e+00	1.361283e-08	3.640075e-15	6.100000e-02
2	39	R1	1.299000e+00	1.299000e+00	1.411181e-08	-3.965082e-15	5.600000e-02
2	41	R1	1.108000e+00	1.108000e+00	1.677006e-08	4.625929e-15	4.800000e-02
2	42	R1	1.190000e+00	1.190000e+00	1.552907e-08	2.707861e-15	8.200000e-02
2	44	R1	1.384000e+00	1.384000e+00	1.315362e-08	0.000000e+00	6.000000e-02
2	45	R1	1.472000e+00	1.472000e+00	1.227100e-08	7.049035e-15	6.300000e-02
2	46	R1	1.334000e+00	1.334000e+00	1.370337e-08	3.895519e-15	5.700000e-02
2	47	R1	1.334000e+00	1.334000e+00	1.370337e-08	0.000000e+00	5.700000e-02
2	49	R1	1.406000e+00	1.406000e+00	1.292334e-08	2.883696e-15	7.700000e-02
2	50	R1	1.249000e+00	1.249000e+00	1.473276e-08	-8.223874e-15	5.400000e-02
2	52	R1	1.411000e+00	1.411000e+00	1.287194e-08	0.000000e+00	6.100000e-02
2	54	R1	1.324000e+00	1.324000e+00	1.381799e-08	0.000000e+00	5.700000e-02
2	55	R1	1.273000e+00	1.273000e+00	1.442894e-08	-2.337312e-15	9.500000e-02
2	56	R1	1.225000e+00	1.225000e+00	1.504787e-08	4.189521e-15	5.300000e-02
2	57	R1	1.238000e+00	1.238000e+00	1.487574e-08	0.000000e+00	5.300000e-02
2	58	R1	1.261000e+00	1.261000e+00	1.457948e-08	3.895519e-15	5.700000e-02
2	59	R1	1.230000e+00	1.230000e+00	1.498126e-08	0.000000e+00	9.800000e-02
2	62	R1	1.384000e+00	1.384000e+00	1.315362e-08	-7.526936e-15	5.900000e-02
2	63	R1	1.284000e+00	1.284000e+00	1.429329e-08	-4.037175e-15	5.500000e-02
2	66	R1	1.506000e+00	1.506000e+00	1.195562e-08	2.387576e-15	9.300000e-02
2	67	R1	1.351000e+00	1.351000e+00	1.351217e-08	-2.921640e-15	7.600000e-02
2	69	R1	1.469000e+00	1.469000e+00	1.229947e-08	-3.218038e-15	6.900000e-02
2	70	R1	1.455000e+00	1.455000e+00	1.243378e-08	4.229421e-15	1.050000e-01
2	71	R1	1.352000e+00	1.352000e+00	1.350107e-08	-3.265362e-15	6.800000e-02
2	72	R1	1.323000e+00	1.323000e+00	1.382954e-08	6.832142e-15	6.500000e-02
2	73	R1	1.335000e+00	1.335000e+00	1.369199e-08	-5.621382e-15	7.900000e-02
2	74	R1	1.443000e+00	1.443000e+00	1.255082e-08	0.000000e+00	6.800000e-02
2	75	R1	1.306000e+00	1.306000e+00	1.402847e-08	-3.524518e-15	6.300000e-02
2	76	R1	1.357000e+00	1.357000e+00	1.344577e-08	-3.828355e-15	5.800000e-02
2	77	R1	1.430000e+00	1.430000e+00	1.267966e-08	3.099039e-07	6.100000e-02
2	78	R1	1.339000e+00	1.339000e+00	1.364666e-08	3.828355e-15	5.800000e-02
2	79	R1	1.361000e+00	1.361000e+00	1.340180e-08	-6.628197e-15	6.700000e-02
2	80	R1	1.375000e+00	1.375000e+00	1.324981e-08	0.000000e+00	5.900000e-02
2	81	R1	1.360000e+00	1.360000e+00	1.341277e-08	-7.656711e-15	5.800000e-02
2	84	R1	1.314000e+00	1.314000e+00	1.393425e-08	7.930164e-15	5.600000e-02
2	85	R1	1.284000e+00	1.284000e+00	1.429329e-08	-4.037175e-15	5.500000e-02
2	86	R1	1.260000e+00	1.260000e+00	1.459214e-08	4.111937e-15	5.400000e-02
2	87	R1	1.187000e+00	1.187000e+00	1.557158e-08	8.707632e-15	5.100000e-02
2	88	R1	1.262000e+00	1.262000e+00	1.456683e-08	0.000000e+00	5.400000e-02
2	89	R1	1.356000e+00	1.356000e+00	1.345680e-08	6.728624e-15	6.600000e-02
2	91	R1	1.348000e+00	1.348000e+00	1.354558e-08	3.828355e-15	5.800000e-02
2	92	R1	1.228000e+00	1.228000e+00	1.500784e-08	0.000000e+00	5.300000e-02
2	93	R1	1.292000e+00	1.292000e+00	1.419601e-08	0.000000e+00	6.100000e-02
2	95	R1	1.285000e+00	1.285000e+00	1.428107e-08	4.037175e-15	5.500000e-02
2	96	R1	1.215000e+00	1.215000e+00	1.518266e-08	-4.270089e-15	5.200000e-02
2	97	R1	1.277000e+00	1.277000e+00	1.437936e-08	-4.037175e-15	5.500000e-02
2	98	R1	1.247000e+00	1.247000e+00	1.475858e-08	-7.526936e-15	5.900000e-02
2	99	R1	1.264000e+00	1.264000e+00	1.454159e-08	4.111937e-15	5.400000e-02
2	100	R1	1.246000e+00	1.246000e+00	1.477151e-08	0.000000e+00	5.400000e-02
2	101	R1	1.354000e+00	1.354000e+00	1.347890e-08	0.000000e+00	9.300000e-02
2	102	R1	1.383000e+00	1.383000e+00	1.316425e-08	0.000000e+00	5.900000e-02
2	103	R1	1.287000e+00	1.287000e+00	1.425667e-08	3.218038e-15	6.900000e-02
2	104	R1	1.310000e+00	1.310000e+00	1.398123e-08	-3.965082e-15	5.600000e-02
2	107	R1	1.185000e+00	1.185000e+00	1.560003e-08	5.551115e-15	8.000000e-02
2	108	R1	1.231000e+00	1.231000e+00	1.496799e-08	3.469447e-15	6.400000e-02
2	109	R1	1.315000e+00	1.315000e+00	1.392255e-08	0.000000e+00	5.700000e-02
2	110	R1	1.260000e+00	1.260000e+00	1.459214e-08	-4.111937e-15	5.400000e-02
2	111	R1	1.346000e+00	1.346000e+00	1.356793e-08	-3.828355e-15	5.800000e-02
2	112	R1	1.311000e+00	1.311000e+00	1.396946e-08	0.000000e+00	7.000000e-02
2	113	R1	1.353000e+00	1.353000e+00	1.348998e-08	2.355505e-07	7.700000e-02
2	115	R1	1.439000e+00	1.439000e+00	1.259023e-08	-3.581365e-15	6.200000e-02
2	116	R1	1.366000e+00	1.366000e+00	1.334718e-08	0.000000e+00	6.400000e-02
2	118	R1	1.385000e+00	1.385000e+00	1.314301e-08	0.000000e+00	8.900000e-02
2	119	R1	1.339000e+00	1.339000e+00	1.364666e-08	3.828355e-15	5.800000e-02
2	120	R1	1.321000e+00	1.321000e+00	1.385269e-08	2.581914e-15	8.600000e-02
2	125	R1	1.294000e+00	1.294000e+00	1.417186e-08	0.000000e+00	6.800000e-02
2	126	R1	1.347000e+00	1.347000e+00	1.355675e-08	0.000000e+00	7.100000e-02
2	129	R1	1.469000e+00	1.469000e+00	1.229947e-08	2.643388e-15	8.400000e-02
2	130	R1	1.535000e+00	1.535000e+00	1.169678e-08	2.055969e-15	1.080000e-01
2	134	R1	1.383000e+00	1.383000e+00	1.316425e-08	0.000000e+00	5.900000e-02
2	135	R1	1.452000e+00	1.452000e+00	1.246287e-08	-5.693451e-15	7.800000e-02
2	136	R1	1.331000e+00	1.331000e+00	1.373758e-08	-3.895519e-15	5.700000e-02
2	139	R1	1.387000e+00	1.387000e+00	1.312182e-08	0.000000e+00	6.000000e-02
2	140	R1	1.435000e+00	1.435000e+00	1.262985e-08	7.162729e-15	6.200000e-02
2	141	R1	1.350000e+00	1.350000e+00	1.352329e-08	-3.828355e-15	5.800000e-02
2	142	R1	1.386000e+00	1.386000e+00	1.313240e-08	-3.700743e-15	6.000000e-02
2	144	R1	1.330000e+00	1.330000e+00	1.374902e-08	-3.895519e-15	5.700000e-02
2	145	R1	1.281000e+00	1.281000e+00	1.433006e-08	0.000000e+00	5.500000e-02
2	146	R1	1.442000e+00	1.442000e+00	1.256065e-08	-7.162729e-15	6.200000e-02
2	147	R1	1.257000e+00	1.257000e+00	1.463026e-08	0.000000e+00	5.400000e-02
2	148	R1	1.365000e+00	1.365000e+00	1.335808e-08	0.000000e+00	5.900000e-02
2	149	R1	1.403000e+00	1.403000e+00	1.295435e-08	0.000000e+00	6.000000e-02
2	151	R1	1.373000e+00	1.373000e+00	1.327134e-08	-7.526936e-15	5.900000e-02
2	152	R1	1.317000e+00	1.317000e+00	1.389920e-08	0.000000e+00	5.700000e-02
2	153	R1	1.353000e+00	1.353000e+00	1.348998e-08	0.000000e+00	5.800000e-02
2	156	R1	1.294000e+00	1.294000e+00	1.417186e-08	0.000000e+00	5.600000e-02
2	158	R1	1.325000e+00	1.325000e+00	1.380645e-08	3.763468e-15	5.900000e-02
2	159	R1	1.404000e+00	1.404000e+00	1.294400e-08	0.000000e+00	6.700000e-02
2	161	R1	1.315000e+00	1.315000e+00	1.392255e-08	0.000000e+00	1.220000e-01
2	162	R1	1.194000e+00	1.194000e+00	1.547272e-08	3.314099e-15	6.700000e-02
2	164	R1	1.422000e+00	1.422000e+00	1.276004e-08	-2.220446e-15	1.000000e-01
2	167	R1	1.376000e+00	1.376000e+00	1.323906e-08	0.000000e+00	6.300000e-02
2	168	R1	1.329000e+00	1.329000e+00	1.376047e-08	-3.895519e-15	5.700000e-02
2	169	R1	1.342000e+00	1.342000e+00	1.361283e-08	7.656711e-15	5.800000e-02
2	173	R1	1.331000e+00	1.331000e+00	1.373758e-08	3.895519e-15	5.700000e-02
2	175	R1	1.336000e+00	1.336000e+00	1.368064e-08	0.000000e+00	7.000000e-02
2	177	R1	1.421000e+00	1.421000e+00	1.277014e-08	-8.651089e-15	7.700000e-02
2	178	R1	1.345000e+00	1.345000e+00	1.357913e-08	-3.828355e-15	5.800000e-02
2	179	R1	1.423000e+00	1.423000e+00	1.274995e-08	0.000000e+00	8.900000e-02
2	182	R1	1.393000e+00	1.393000e+00	1.305859e-08	0.000000e+00	6.000000e-02
2	183	R1	1.264000e+00	1.264000e+00	1.454159e-08	-4.111937e-15	5.400000e-02
2	184	R1	1.411000e+00	1.411000e+00	1.287194e-08	0.000000e+00	6.200000e-02
2	185	R1	1.400000e+00	1.400000e+00	1.298547e-08	0.000000e+00	6.000000e-02
2	187	R1	1.420000e+00	1.420000e+00	1.278026e-08	3.640075e-15	6.100000e-02
2	188	R1	1.333000e+00	1.333000e+00	1.371476e-08	0.000000e+00	5.700000e-02
2	190	R1	1.485000e+00	1.485000e+00	1.214885e-08	0.000000e+00	6.400000e-02
2	191	R1	1.446000e+00	1.446000e+00	1.252139e-08	3.581365e-15	6.200000e-02
2	192	R1	1.356000e+00	1.356000e+00	1.345680e-08	-3.828355e-15	5.800000e-02
2	193	R1	1.412000e+00	1.412000e+00	1.286170e-08	-7.280151e-15	6.100000e-02
2	195	R1	1.255000e+00	1.255000e+00	1.465577e-08	-4.111937e-15	5.400000e-02
2	196	R1	1.138000e+00	1.138000e+00	1.629615e-08	0.000000e+00	4.900000e-02
2	198	R1	1.267000e+00	1.267000e+00	1.450387e-08	3.469447e-15	6.400000e-02
2	199	R1	1.339000e+00	1.339000e+00	1.364666e-08	3.828355e-15	5.800000e-02
2	200	R1	1.351000e+00	1.351000e+00	1.351217e-08	0.000000e+00	5.800000e-02
2	201	R1	1.300000e+00	1.300000e+00	1.409986e-08	-3.965082e-15	5.600000e-02
2	203	R1	1.385000e+00	1.385000e+00	1.314301e-08	0.000000e+00	6.000000e-02
2	204	R1	1.391000e+00	1.391000e+00	1.307961e-08	7.401487e-15	6.000000e-02
2	205	R1	1.475000e+00	1.475000e+00	1.224264e-08	0.000000e+00	6.300000e-02
2	206	R1	1.384000e+00	1.384000e+00	1.315362e-08	0.000000e+00	6.000000e-02
2	208	R1	1.362000e+00	1.362000e+00	1.339085e-08	7.526936e-15	5.900000e-02
2	209	R1	1.410000e+00	1.410000e+00	1.288219e-08	8.432074e-15	7.900000e-02
2	210	R1	1.374000e+00	1.374000e+00	1.326057e-08	0.000000e+00	7.300000e-02
2	211	R1	1.318000e+00	1.318000e+00	1.388755e-08	0.000000e+00	5.700000e-02
2	212	R1	1.349000e+00	1.349000e+00	1.353443e-08	-3.640075e-15	6.100000e-02
2	215	R1	1.371000e+00	1.371000e+00	1.329294e-08	-3.763468e-15	5.900000e-02
2	216	R1	1.299000e+00	1.299000e+00	1.411181e-08	0.000000e+00	1.500000e-01
2	218	R1	1.209000e+00	1.209000e+00	1.526455e-08	0.000000e+00	5.300000e-02
2	219	R1	1.325000e+00	1.325000e+00	1.380645e-08	1.480297e-15	1.500000e-01
2	220	R1	1.310000e+00	1.310000e+00	1.398123e-08	0.000000e+00	1.080000e-01
2	222	R1	1.308000e+00	1.308000e+00	1.400482e-08	7.930164e-15	5.600000e-02
2	223	R1	1.217000e+00	1.217000e+00	1.515553e-08	4.270089e-15	5.200000e-02
2	225	R1	1.208000e+00	1.208000e+00	1.527827e-08	0.000000e+00	5.200000e-02
2	226	R1	1.169000e+00	1.169000e+00	1.583099e-08	2.372234e-07	6.800000e-02
2	229	R1	1.340000e+00	1.340000e+00	1.363537e-08	3.104043e-07	5.800000e-02
2	230	R1	1.266000e+00	1.266000e+00	1.451642e-08	-3.524518e-15	6.300000e-02
2	231	R1	1.282000e+00	1.282000e+00	1.431779e-08	0.000000e+00	9.700000e-02
2	232	R1	1.254000e+00	1.254000e+00	1.466855e-08	-2.810691e-15	7.900000e-02
2	234	R1	1.210000e+00	1.210000e+00	1.525085e-08	-3.524518e-15	6.300000e-02
2	237	R1	1.331000e+00	1.331000e+00	1.373758e-08	-3.895519e-15	5.700000e-02
2	239	R1	1.311000e+00	1.311000e+00	1.396946e-08	7.930164e-15	5.600000e-02
2	240	R1	1.350000e+00	1.350000e+00	1.352329e-08	0.000000e+00	5.800000e-02
2	242	R1	1.345000e+00	1.345000e+00	1.357913e-08	3.640075e-15	6.100000e-02
2	243	R1	1.371000e+00	1.371000e+00	1.329294e-08	-3.763468e-15	5.900000e-02
2	247	R1	1.426000e+00	1.426000e+00	1.271975e-08	0.000000e+00	6.100000e-02
2	248	R1	1.389000e+00	1.389000e+00	1.310069e-08	0.000000e+00	6.400000e-02
2	250	R1	1.256000e+00	1.256000e+00	1.464301e-08	6.728624e-15	6.600000e-02
2	251	R1	1.350000e+00	1.350000e+00	1.352329e-08	0.000000e+00	6.800000e-02
2	252	R1	1.240000e+00	1.240000e+00	1.484956e-08	-4.189521e-15	5.300000e-02
2	255	R1	1.470000e+00	1.470000e+00	1.228997e-08	-3.524518e-15	6.300000e-02
2	257	R1	1.326000e+00	1.326000e+00	1.379493e-08	-1.947760e-14	5.700000e-02
2	258	R1	1.324000e+00	1.324000e+00	1.381799e-08	1.057355e-14	6.300000e-02
2	260	R1	1.233000e+00	1.233000e+00	1.494153e-08	-5.551115e-15	8.000000e-02
2	263	R1	1.231000e+00	1.231000e+00	1.496799e-08	3.895519e-15	5.700000e-02
2	264	R1	1.383000e+00	1.383000e+00	1.316425e-08	0.000000e+00	5.900000e-02
2	266	R1	1.344000e+00	1.344000e+00	1.359035e-08	-3.700743e-15	6.000000e-02
2	267	R1	1.260000e+00	1.260000e+00	1.459214e-08	4.111937e-15	5.400000e-02
2	272	R1	1.312000e+00	1.312000e+00	1.395771e-08	-3.965082e-15	5.600000e-02
2	273	R1	1.413000e+00	1.413000e+00	1.285147e-08	0.000000e+00	6.100000e-02
2	274	R1	1.336000e+00	1.336000e+00	1.368064e-08	0.000000e+00	5.700000e-02
2	275	R1	1.360000e+00	1.360000e+00	1.341277e-08	-7.656711e-15	5.800000e-02
2	276	R1	1.416000e+00	1.416000e+00	1.282087e-08	-3.218038e-15	6.900000e-02
2	278	R1	1.367000e+00	1.367000e+00	1.333630e-08	-2.387576e-15	9.300000e-02
2	279	R1	1.367000e+00	1.367000e+00	1.333630e-08	-3.640075e-15	6.100000e-02
2	281	R1	1.328000e+00	1.328000e+00	1.377194e-08	0.000000e+00	5.700000e-02
2	282	R1	1.391000e+00	1.391000e+00	1.307961e-08	0.000000e+00	7.100000e-02
2	283	R1	1.417000e+00	1.417000e+00	1.281070e-08	-7.280151e-15	6.100000e-02
2	286	R1	1.276000e+00	1.276000e+00	1.439172e-08	0.000000e+00	5.500000e-02


