26	1.475400e+01	7.500000e-01	5.400000e-01	2.700000e-02	1.351000e+00	7.200000e-02	6.299630e-02	
28	1.533700e+01	6.900000e-01	7.780000e-01	3.900000e-02	1.263000e+00	5.400000e-02	2.842223e-02	
29	1.594900e+01	7.180000e-01	7.240000e-01	3.600000e-02	1.317000e+00	5.700000e-02	3.684654e-02	
30	1.532700e+01	6.900000e-01	8.340000e-01	4.200000e-02	1.343000e+00	5.800000e-02	2.259883e-02	
32	1.599600e+01	7.200000e-01	7.320000e-01	3.700000e-02	1.297000e+00	5.600000e-02	3.523519e-02	
33	1.368900e+01	6.160000e-01	5.600000e-01	2.800000e-02	1.341000e+00	5.800000e-02	5.981131e-02	
34	1.549600e+01	6.970000e-01	6.620000e-01	3.300000e-02	1.358000e+00	5.800000e-02	4.652842e-02	
35	1.645700e+01	7.410000e-01	7.470000e-01	3.700000e-02	1.354000e+00	5.800000e-02	3.472490e-02	
36	1.538700e+01	6.920000e-01	7.310000e-01	3.700000e-02	1.298000e+00	5.600000e-02	3.539393e-02	
37	1.543400e+01	6.950000e-01	6.950000e-01	3.500000e-02	1.365000e+00	5.900000e-02	4.220213e-02	
38	1.583700e+01	7.130000e-01	7.660000e-01	3.800000e-02	1.342000e+00	6.100000e-02	3.183246e-02	
39	1.616300e+01	7.270000e-01	7.650000e-01	3.800000e-02	1.299000e+00	5.600000e-02	3.094417e-02	
41	1.210200e+01	5.450000e-01	5.680000e-01	2.800000e-02	1.108000e+00	4.800000e-02	4.852051e-02	
42	1.572000e+01	9.940000e-01	8.460000e-01	4.200000e-02	1.190000e+00	8.200000e-02	1.857674e-02	
44	1.545300e+01	6.950000e-01	7.890000e-01	3.900000e-02	1.384000e+00	6.000000e-02	2.960195e-02	
45	1.673800e+01	7.530000e-01	8.600000e-01	4.300000e-02	1.472000e+00	6.300000e-02	2.088996e-02	
46	1.626400e+01	7.320000e-01	7.680000e-01	3.800000e-02	1.334000e+00	5.700000e-02	3.137225e-02	
47	1.401000e+01	6.300000e-01	6.600000e-01	3.300000e-02	1.334000e+00	5.700000e-02	4.597657e-02	
49	1.507200e+01	8.320000e-01	7.150000e-01	3.600000e-02	1.406000e+00	7.700000e-02	4.061926e-02	
50	1.456500e+01	6.550000e-01	6.000000e-01	3.000000e-02	1.249000e+00	5.400000e-02	5.064356e-02	
52	1.550800e+01	6.980000e-01	8.120000e-01	4.100000e-02	1.411000e+00	6.100000e-02	2.688975e-02	
54	1.355300e+01	6.100000e-01	6.950000e-01	3.500000e-02	1.324000e+00	5.700000e-02	4.093452e-02	
55	1.669500e+01	1.376000e+00	7.950000e-01	4.000000e-02	1.273000e+00	9.500000e-02	2.645356e-02	
56	1.603900e+01	7.220000e-01	6.840000e-01	3.400000e-02	1.225000e+00	5.300000e-02	3.923964e-02	
57	1.633600e+01	7.350000e-01	7.250000e-01	3.600000e-02	1.238000e+00	5.300000e-02	3.451081e-02	
58	1.596200e+01	7.180000e-01	6.980000e-01	3.500000e-02	1.261000e+00	5.700000e-02	3.860325e-02	
59	1.647400e+01	1.392000e+00	7.980000e-01	4.000000e-02	1.230000e+00	9.800000e-02	2.518595e-02	
62	1.421000e+01	6.390000e-01	6.890000e-01	3.400000e-02	1.384000e+00	5.900000e-02	4.363132e-02	
63	1.510500e+01	6.800000e-01	7.750000e-01	3.900000e-02	1.284000e+00	5.500000e-02	2.928528e-02	
66	1.822100e+01	9.980000e-01	7.900000e-01	4.000000e-02	1.506000e+00	9.300000e-02	3.205871e-02	
67	1.548800e+01	8.510000e-01	7.250000e-01	3.600000e-02	1.351000e+00	7.600000e-02	3.766083e-02	
69	1.801300e+01	8.500000e-01	7.760000e-01	3.900000e-02	1.469000e+00	6.900000e-02	3.335582e-02	
70	1.756900e+01	1.434000e+00	7.910000e-01	4.000000e-02	1.455000e+00	1.050000e-01	3.082557e-02	
71	1.629100e+01	1.006000e+00	7.830000e-01	3.900000e-02	1.352000e+00	6.800000e-02	2.973982e-02	
72	1.647800e+01	8.140000e-01	6.510000e-01	3.300000e-02	1.323000e+00	6.500000e-02	4.680445e-02	
73	1.520600e+01	8.390000e-01	6.900000e-01	3.500000e-02	1.335000e+00	7.900000e-02	4.195124e-02	
74	1.789000e+01	8.050000e-01	6.770000e-01	3.400000e-02	1.443000e+00	6.800000e-02	4.724661e-02	
75	1.756800e+01	8.860000e-01	7.860000e-01	3.900000e-02	1.306000e+00	6.300000e-02	2.833080e-02	
76	1.618500e+01	7.280000e-01	7.380000e-01	3.700000e-02	1.357000e+00	5.800000e-02	3.603985e-02	
77	1.488300e+01	6.700000e-01	8.750000e-01	4.400000e-02	1.430000e+00	6.100000e-02	1.811957e-02	
78	1.651400e+01	7.430000e-01	7.470000e-01	3.700000e-02	1.339000e+00	5.800000e-02	3.434021e-02	
79	1.704700e+01	8.330000e-01	7.000000e-01	3.500000e-02	1.361000e+00	6.700000e-02	4.138865e-02	
80	1.634100e+01	7.350000e-01	7.720000e-01	3.900000e-02	1.375000e+00	5.900000e-02	3.177894e-02	
81	1.616500e+01	7.270000e-01	7.580000e-01	3.800000e-02	1.360000e+00	5.800000e-02	3.336231e-02	
84	1.570800e+01	7.070000e-01	7.910000e-01	4.000000e-02	1.314000e+00	5.600000e-02	2.783835e-02	
85	1.526200e+01	6.870000e-01	7.720000e-01	3.900000e-02	1.284000e+00	5.500000e-02	2.967575e-02	
86	1.640000e+01	7.380000e-01	7.470000e-01	3.700000e-02	1.260000e+00	5.400000e-02	3.231416e-02	
87	1.440900e+01	6.480000e-01	7.960000e-01	4.000000e-02	1.187000e+00	5.100000e-02	2.454611e-02	
88	1.406000e+01	6.330000e-01	7.200000e-01	3.600000e-02	1.262000e+00	5.400000e-02	3.581948e-02	
89	1.518200e+01	7.900000e-01	7.310000e-01	3.700000e-02	1.356000e+00	6.600000e-02	3.697548e-02	
91	1.626300e+01	7.320000e-01	7.650000e-01	3.800000e-02	1.348000e+00	5.800000e-02	3.211143e-02	
92	1.588500e+01	7.840000e-01	6.980000e-01	3.500000e-02	1.228000e+00	5.300000e-02	3.759301e-02	
93	1.584300e+01	8.820000e-01	8.170000e-01	4.100000e-02	1.292000e+00	6.100000e-02	2.396710e-02	
95	1.356100e+01	6.100000e-01	6.610000e-01	3.300000e-02	1.285000e+00	5.500000e-02	4.415752e-02	
96	1.410300e+01	6.350000e-01	7.220000e-01	3.600000e-02	1.215000e+00	5.200000e-02	3.423915e-02	
97	1.565700e+01	7.050000e-01	6.890000e-01	3.400000e-02	1.277000e+00	5.500000e-02	4.025809e-02	
98	1.776300e+01	9.690000e-01	7.320000e-01	3.700000e-02	1.247000e+00	5.900000e-02	3.387686e-02	
99	1.568500e+01	7.060000e-01	7.490000e-01	3.700000e-02	1.264000e+00	5.400000e-02	3.216049e-02	
100	1.549300e+01	6.970000e-01	7.670000e-01	3.800000e-02	1.246000e+00	5.400000e-02	2.942902e-02	
101	1.509600e+01	9.580000e-01	7.430000e-01	3.700000e-02	1.354000e+00	9.300000e-02	3.527391e-02	
102	1.429600e+01	6.430000e-01	7.700000e-01	3.900000e-02	1.383000e+00	5.900000e-02	3.224422e-02	
103	1.437300e+01	8.500000e-01	6.910000e-01	3.500000e-02	1.287000e+00	6.900000e-02	4.031242e-02	
104	1.416900e+01	6.380000e-01	7.240000e-01	3.600000e-02	1.310000e+00	5.600000e-02	3.665070e-02	
107	1.560700e+01	1.185000e+00	7.590000e-01	3.800000e-02	1.185000e+00	8.000000e-02	2.894924e-02	
108	1.729200e+01	9.740000e-01	8.210000e-01	4.100000e-02	1.231000e+00	6.400000e-02	2.233639e-02	
109	1.671000e+01	7.520000e-01	7.000000e-01	3.500000e-02	1.315000e+00	5.700000e-02	3.998976e-02	
110	1.468700e+01	6.610000e-01	7.040000e-01	3.500000e-02	1.260000e+00	5.400000e-02	3.780629e-02	
111	1.499100e+01	6.750000e-01	7.590000e-01	3.800000e-02	1.346000e+00	5.800000e-02	3.288243e-02	
112	1.493300e+01	9.920000e-01	6.600000e-01	3.300000e-02	1.311000e+00	7.000000e-02	4.518387e-02	
113	1.579000e+01	7.110000e-01	6.080000e-01	3.000000e-02	1.353000e+00	7.700000e-02	5.376327e-02	
115	1.585000e+01	7.130000e-01	7.560000e-01	3.800000e-02	1.439000e+00	6.200000e-02	3.559201e-02	
116	1.444600e+01	7.000000e-01	7.420000e-01	3.700000e-02	1.366000e+00	6.400000e-02	3.572500e-02	
118	1.711800e+01	1.101000e+00	7.410000e-01	3.700000e-02	1.385000e+00	8.900000e-02	3.636230e-02	
119	1.680200e+01	7.560000e-01	8.110000e-01	4.100000e-02	1.339000e+00	5.800000e-02	2.565336e-02	
120	1.637800e+01	1.074000e+00	7.780000e-01	3.900000e-02	1.321000e+00	8.600000e-02	2.972745e-02	
125	1.828100e+01	9.890000e-01	6.730000e-01	3.400000e-02	1.294000e+00	6.800000e-02	4.289275e-02	
126	2.102300e+01	1.614000e+00	6.410000e-01	3.200000e-02	1.347000e+00	7.100000e-02	4.901894e-02	
129	1.756500e+01	9.760000e-01	8.260000e-01	4.100000e-02	1.469000e+00	8.400000e-02	2.591033e-02	
130	1.584100e+01	1.252000e+00	7.340000e-01	3.700000e-02	1.535000e+00	1.080000e-01	4.138966e-02	
134	1.473800e+01	6.630000e-01	7.940000e-01	4.000000e-02	1.383000e+00	5.900000e-02	2.887960e-02	
135	1.584900e+01	7.870000e-01	7.390000e-01	3.700000e-02	1.452000e+00	7.800000e-02	3.841572e-02	
136	1.539200e+01	6.930000e-01	6.640000e-01	3.300000e-02	1.331000e+00	5.700000e-02	4.533349e-02	
139	1.429300e+01	6.430000e-01	7.090000e-01	3.500000e-02	1.387000e+00	6.000000e-02	4.091394e-02	
140	1.463900e+01	6.590000e-01	7.200000e-01	3.600000e-02	1.435000e+00	6.200000e-02	4.072975e-02	
141	1.452800e+01	6.540000e-01	7.260000e-01	3.600000e-02	1.350000e+00	5.800000e-02	3.749611e-02	
142	1.505700e+01	6.780000e-01	7.720000e-01	3.900000e-02	1.386000e+00	6.000000e-02	3.203317e-02	
144	1.639700e+01	7.380000e-01	7.700000e-01	3.800000e-02	1.330000e+00	5.700000e-02	3.100854e-02	
145	1.539200e+01	6.930000e-01	8.680000e-01	4.300000e-02	1.281000e+00	5.500000e-02	1.714056e-02	
146	1.592300e+01	7.170000e-01	8.090000e-01	4.000000e-02	1.442000e+00	6.200000e-02	2.791904e-02	
147	1.695000e+01	7.630000e-01	8.560000e-01	4.300000e-02	1.257000e+00	5.400000e-02	1.834846e-02	
148	1.611300e+01	7.250000e-01	7.130000e-01	3.600000e-02	1.365000e+00	5.900000e-02	3.971151e-02	
149	1.568600e+01	7.060000e-01	7.810000e-01	3.900000e-02	1.403000e+00	6.000000e-02	3.114610e-02	
151	1.677500e+01	7.550000e-01	6.640000e-01	3.300000e-02	1.373000e+00	5.900000e-02	4.676400e-02	
152	1.622800e+01	7.300000e-01	7.380000e-01	3.700000e-02	1.317000e+00	5.700000e-02	3.497751e-02	
153	1.463300e+01	6.580000e-01	7.420000e-01	3.700000e-02	1.353000e+00	5.800000e-02	3.538501e-02	
156	1.477100e+01	6.650000e-01	6.680000e-01	3.300000e-02	1.294000e+00	5.600000e-02	4.354860e-02	
158	1.414100e+01	6.360000e-01	8.130000e-01	4.100000e-02	1.325000e+00	5.900000e-02	2.511651e-02	
159	1.619600e+01	7.400000e-01	7.830000e-01	3.900000e-02	1.404000e+00	6.700000e-02	3.088365e-02	
161	1.495800e+01	1.430000e+00	6.920000e-01	3.500000e-02	1.315000e+00	1.220000e-01	4.105616e-02	
162	1.556600e+01	8.090000e-01	7.250000e-01	3.600000e-02	1.194000e+00	6.700000e-02	3.328426e-02	
164	1.714700e+01	1.087000e+00	6.710000e-01	3.400000e-02	1.422000e+00	1.000000e-01	4.742391e-02	
167	1.988100e+01	8.950000e-01	7.950000e-01	4.000000e-02	1.376000e+00	6.300000e-02	2.859395e-02	
168	1.813100e+01	8.160000e-01	7.720000e-01	3.900000e-02	1.329000e+00	5.700000e-02	3.071579e-02	
169	1.690500e+01	7.610000e-01	7.770000e-01	3.900000e-02	1.342000e+00	5.800000e-02	3.033606e-02	
173	1.497700e+01	6.740000e-01	7.450000e-01	3.700000e-02	1.331000e+00	5.700000e-02	3.440488e-02	
175	1.369100e+01	7.030000e-01	7.340000e-01	3.700000e-02	1.336000e+00	7.000000e-02	3.602383e-02	
177	1.644900e+01	8.660000e-01	8.620000e-01	4.300000e-02	1.421000e+00	7.700000e-02	1.987811e-02	
178	1.512000e+01	6.800000e-01	8.470000e-01	4.200000e-02	1.345000e+00	5.800000e-02	2.086006e-02	
179	1.701000e+01	1.122000e+00	8.200000e-01	4.100000e-02	1.423000e+00	8.900000e-02	2.596446e-02	
182	1.580200e+01	7.110000e-01	7.030000e-01	3.500000e-02	1.393000e+00	6.000000e-02	4.193816e-02	
183	1.440200e+01	6.480000e-01	8.210000e-01	4.100000e-02	1.264000e+00	5.400000e-02	2.293517e-02	
184	1.677700e+01	7.550000e-01	8.040000e-01	4.000000e-02	1.411000e+00	6.200000e-02	2.803399e-02	
185	1.633200e+01	7.350000e-01	6.620000e-01	3.300000e-02	1.400000e+00	6.000000e-02	4.796744e-02	
187	1.507100e+01	6.780000e-01	8.010000e-01	4.000000e-02	1.420000e+00	6.100000e-02	2.864463e-02	
188	1.617200e+01	1.041000e+00	7.050000e-01	3.500000e-02	1.333000e+00	5.700000e-02	3.986153e-02	
190	1.543600e+01	6.950000e-01	7.120000e-01	3.600000e-02	1.485000e+00	6.400000e-02	4.335316e-02	
191	1.640800e+01	7.380000e-01	7.440000e-01	3.700000e-02	1.446000e+00	6.200000e-02	3.752408e-02	
192	1.540900e+01	6.930000e-01	7.080000e-01	3.500000e-02	1.356000e+00	5.800000e-02	4.013695e-02	
193	1.476000e+01	6.880000e-01	6.950000e-01	3.500000e-02	1.412000e+00	6.100000e-02	4.365524e-02	
195	1.363400e+01	6.140000e-01	6.430000e-01	3.200000e-02	1.255000e+00	5.400000e-02	4.541651e-02	
196	1.240700e+01	5.580000e-01	4.190000e-01	2.100000e-02	1.138000e+00	4.900000e-02	6.702244e-02	
198	1.670800e+01	8.450000e-01	8.300000e-01	4.200000e-02	1.267000e+00	6.400000e-02	2.183370e-02	
199	1.504400e+01	6.770000e-01	7.510000e-01	3.800000e-02	1.339000e+00	5.800000e-02	3.379728e-02	
200	1.500500e+01	6.750000e-01	7.070000e-01	3.500000e-02	1.351000e+00	5.800000e-02	4.012590e-02	
201	1.555400e+01	7.000000e-01	7.740000e-01	3.900000e-02	1.300000e+00	5.600000e-02	2.978198e-02	
203	1.596800e+01	7.190000e-01	7.070000e-01	3.500000e-02	1.385000e+00	6.000000e-02	4.113573e-02	
204	1.596500e+01	7.180000e-01	8.500000e-01	4.300000e-02	1.391000e+00	6.000000e-02	2.115048e-02	
205	1.620600e+01	7.290000e-01	7.710000e-01	3.900000e-02	1.475000e+00	6.300000e-02	3.423965e-02	
206	1.577600e+01	7.100000e-01	7.570000e-01	3.800000e-02	1.384000e+00	6.000000e-02	3.409135e-02	
208	1.509000e+01	6.790000e-01	7.640000e-01	3.800000e-02	1.362000e+00	5.900000e-02	3.258299e-02	
209	1.619600e+01	7.570000e-01	7.410000e-01	3.700000e-02	1.410000e+00	7.900000e-02	3.701866e-02	
210	1.777500e+01	1.045000e+00	7.800000e-01	3.900000e-02	1.374000e+00	7.300000e-02	3.064159e-02	
211	1.581900e+01	7.120000e-01	7.920000e-01	4.000000e-02	1.318000e+00	5.700000e-02	2.778949e-02	
212	1.811400e+01	8.180000e-01	7.780000e-01	3.900000e-02	1.349000e+00	6.100000e-02	3.035755e-02	
215	1.539000e+01	7.820000e-01	7.830000e-01	3.900000e-02	1.371000e+00	5.900000e-02	3.015776e-02	
216	2.364000e+01	3.341000e+00	6.180000e-01	3.100000e-02	1.299000e+00	1.500000e-01	5.030074e-02	
218	2.054600e+01	9.250000e-01	7.300000e-01	3.600000e-02	1.209000e+00	5.300000e-02	3.308963e-02	
219	1.888800e+01	3.835000e+00	1.020000e+00	5.100000e-02	1.325000e+00	1.500000e-01	-2.686258e-03	
220	1.729300e+01	1.443000e+00	7.270000e-01	3.600000e-02	1.310000e+00	1.080000e-01	3.625232e-02	
222	1.437800e+01	6.470000e-01	7.640000e-01	3.800000e-02	1.308000e+00	5.600000e-02	3.129115e-02	
223	1.536200e+01	6.910000e-01	8.140000e-01	4.100000e-02	1.217000e+00	5.200000e-02	2.294591e-02	
225	1.367800e+01	6.160000e-01	6.350000e-01	3.200000e-02	1.208000e+00	5.200000e-02	4.469528e-02	
226	1.375300e+01	8.960000e-01	7.200000e-01	3.600000e-02	1.169000e+00	6.800000e-02	3.317985e-02	
229	1.579600e+01	7.110000e-01	7.900000e-01	3.900000e-02	1.340000e+00	5.800000e-02	2.852502e-02	
230	1.569600e+01	7.650000e-01	8.460000e-01	4.200000e-02	1.266000e+00	6.300000e-02	1.976315e-02	
231	1.601400e+01	1.379000e+00	8.210000e-01	4.100000e-02	1.282000e+00	9.700000e-02	2.326178e-02	
232	1.948100e+01	1.391000e+00	9.180000e-01	4.600000e-02	1.254000e+00	7.900000e-02	1.042349e-02	
234	1.762900e+01	1.077000e+00	8.170000e-01	4.100000e-02	1.210000e+00	6.300000e-02	2.244597e-02	
237	1.725000e+01	7.760000e-01	7.530000e-01	3.800000e-02	1.331000e+00	5.700000e-02	3.332551e-02	
239	1.591800e+01	7.160000e-01	7.420000e-01	3.700000e-02	1.311000e+00	5.600000e-02	3.428659e-02	
240	1.726400e+01	7.770000e-01	7.560000e-01	3.800000e-02	1.350000e+00	5.800000e-02	3.339069e-02	
242	1.708500e+01	8.680000e-01	6.900000e-01	3.500000e-02	1.345000e+00	6.100000e-02	4.226548e-02	
243	1.732100e+01	7.790000e-01	7.620000e-01	3.800000e-02	1.371000e+00	5.900000e-02	3.307625e-02	
247	1.558300e+01	7.010000e-01	6.830000e-01	3.400000e-02	1.426000e+00	6.100000e-02	4.582269e-02	
248	1.649600e+01	7.980000e-01	7.420000e-01	3.700000e-02	1.389000e+00	6.400000e-02	3.632652e-02	
250	1.847400e+01	9.210000e-01	7.680000e-01	3.800000e-02	1.256000e+00	6.600000e-02	2.953789e-02	
251	2.216300e+01	1.260000e+00	6.850000e-01	3.400000e-02	1.350000e+00	6.800000e-02	4.310684e-02	
252	1.629800e+01	7.330000e-01	7.750000e-01	3.900000e-02	1.240000e+00	5.300000e-02	2.828173e-02	
255	1.572700e+01	7.080000e-01	6.720000e-01	3.400000e-02	1.470000e+00	6.300000e-02	4.887570e-02	
257	1.541100e+01	6.930000e-01	7.520000e-01	3.800000e-02	1.326000e+00	5.700000e-02	3.333474e-02	
258	1.556800e+01	9.300000e-01	8.650000e-01	4.300000e-02	1.324000e+00	6.300000e-02	1.811856e-02	
260	1.664800e+01	1.256000e+00	7.680000e-01	3.800000e-02	1.233000e+00	8.000000e-02	2.899699e-02	
263	1.827200e+01	8.340000e-01	8.080000e-01	4.000000e-02	1.231000e+00	5.700000e-02	2.395858e-02	
264	1.427600e+01	6.420000e-01	7.350000e-01	3.700000e-02	1.383000e+00	5.900000e-02	3.715095e-02	
266	1.390000e+01	7.600000e-01	7.060000e-01	3.500000e-02	1.344000e+00	6.000000e-02	4.005423e-02	
267	1.620800e+01	7.290000e-01	7.330000e-01	3.700000e-02	1.260000e+00	5.400000e-02	3.410230e-02	
272	1.600300e+01	8.090000e-01	7.940000e-01	4.000000e-02	1.312000e+00	5.600000e-02	2.739699e-02	
273	1.708100e+01	7.690000e-01	7.350000e-01	3.700000e-02	1.413000e+00	6.100000e-02	3.795682e-02	
274	1.658200e+01	7.460000e-01	7.890000e-01	3.900000e-02	1.336000e+00	5.700000e-02	2.857530e-02	
275	1.727200e+01	7.770000e-01	7.040000e-01	3.500000e-02	1.360000e+00	5.800000e-02	4.080679e-02	
276	1.503100e+01	7.900000e-01	7.360000e-01	3.700000e-02	1.416000e+00	6.900000e-02	3.789388e-02	
278	1.398300e+01	9.890000e-01	6.710000e-01	3.400000e-02	1.367000e+00	9.300000e-02	4.558965e-02	
279	1.614500e+01	7.460000e-01	7.340000e-01	3.700000e-02	1.367000e+00	6.100000e-02	3.685972e-02	
281	1.584400e+01	7.130000e-01	8.140000e-01	4.100000e-02	1.328000e+00	5.700000e-02	2.503876e-02	
282	1.548500e+01	7.690000e-01	7.440000e-01	3.700000e-02	1.391000e+00	7.100000e-02	3.609682e-02	
283	1.675800e+01	7.540000e-01	7.540000e-01	3.800000e-02	1.417000e+00	6.100000e-02	3.533514e-02	
286	1.334100e+01	6.000000e-01	7.330000e-01	3.700000e-02	1.276000e+00	5.500000e-02	3.453534e-02	
