26	1.475200e+01	4.030000e-01	7.360000e-01	3.700000e-02	1.050000e+00	3.400000e-02	2.809927e-02	
28	1.647700e+01	4.450000e-01	8.690000e-01	4.300000e-02	1.075000e+00	3.100000e-02	1.427518e-02	
29	1.765300e+01	4.770000e-01	7.380000e-01	3.700000e-02	1.062000e+00	3.100000e-02	2.820510e-02	
30	1.659400e+01	4.480000e-01	7.910000e-01	3.900000e-02	1.060000e+00	3.100000e-02	2.245712e-02	
32	1.729200e+01	4.670000e-01	8.040000e-01	4.000000e-02	1.073000e+00	3.100000e-02	2.131855e-02	
33	1.611700e+01	4.350000e-01	7.760000e-01	3.900000e-02	1.085000e+00	3.100000e-02	2.463653e-02	
34	1.613400e+01	4.360000e-01	7.490000e-01	3.700000e-02	1.080000e+00	3.100000e-02	2.747890e-02	
35	1.760000e+01	5.650000e-01	8.060000e-01	4.000000e-02	1.066000e+00	3.100000e-02	2.096335e-02	
36	1.618100e+01	4.370000e-01	7.700000e-01	3.800000e-02	1.045000e+00	3.000000e-02	2.436385e-02	
37	1.685200e+01	4.550000e-01	7.550000e-01	3.800000e-02	1.070000e+00	3.100000e-02	2.657368e-02	
38	1.705200e+01	6.300000e-01	7.580000e-01	3.800000e-02	1.058000e+00	3.100000e-02	2.595391e-02	
39	1.712100e+01	4.620000e-01	8.540000e-01	4.200000e-02	1.028000e+00	3.000000e-02	1.521415e-02	
41	1.258300e+01	3.400000e-01	5.640000e-01	2.800000e-02	8.970000e-01	2.600000e-02	3.964430e-02	
42	1.751700e+01	4.730000e-01	7.620000e-01	3.800000e-02	9.560000e-01	3.800000e-02	2.306411e-02	
44	1.691700e+01	6.650000e-01	8.120000e-01	4.000000e-02	1.076000e+00	3.100000e-02	2.050558e-02	
45	1.580400e+01	4.270000e-01	7.990000e-01	4.000000e-02	1.102000e+00	3.200000e-02	2.245326e-02	
46	1.607100e+01	6.050000e-01	7.860000e-01	3.900000e-02	1.054000e+00	3.300000e-02	2.286421e-02	
47	1.547500e+01	4.180000e-01	7.390000e-01	3.700000e-02	1.027000e+00	3.000000e-02	2.717145e-02	
49	1.654700e+01	5.760000e-01	8.460000e-01	4.200000e-02	1.121000e+00	3.500000e-02	1.749960e-02	
50	1.544000e+01	4.170000e-01	6.090000e-01	3.000000e-02	1.019000e+00	3.000000e-02	4.038804e-02	
52	1.610300e+01	4.350000e-01	8.070000e-01	4.000000e-02	1.110000e+00	3.200000e-02	2.171611e-02	
54	1.421300e+01	3.840000e-01	7.650000e-01	3.800000e-02	1.030000e+00	3.000000e-02	2.453618e-02	
55	1.847600e+01	4.990000e-01	7.790000e-01	3.900000e-02	9.700000e-01	4.500000e-02	2.173031e-02	
56	1.752900e+01	4.920000e-01	7.900000e-01	3.900000e-02	9.460000e-01	2.700000e-02	2.013781e-02	
57	1.656100e+01	4.470000e-01	7.330000e-01	3.600000e-02	9.380000e-01	2.700000e-02	2.538727e-02	
58	1.627700e+01	4.390000e-01	7.590000e-01	3.800000e-02	9.510000e-01	2.800000e-02	2.323268e-02	
59	1.577900e+01	5.570000e-01	8.000000e-01	4.000000e-02	1.004000e+00	3.100000e-02	2.035474e-02	
62	1.571400e+01	4.500000e-01	8.020000e-01	4.000000e-02	1.056000e+00	3.100000e-02	2.119488e-02	
63	1.597000e+01	4.310000e-01	7.660000e-01	3.800000e-02	1.009000e+00	2.900000e-02	2.393365e-02	
66	1.932100e+01	9.270000e-01	7.700000e-01	3.800000e-02	1.058000e+00	5.600000e-02	2.466694e-02	
67	1.740200e+01	4.700000e-01	7.910000e-01	3.900000e-02	1.103000e+00	3.800000e-02	2.336811e-02	
69	1.798000e+01	9.210000e-01	7.670000e-01	3.800000e-02	1.147000e+00	3.800000e-02	2.709076e-02	
70	1.778900e+01	4.800000e-01	8.470000e-01	4.200000e-02	1.153000e+00	7.600000e-02	1.788227e-02	
71	1.711600e+01	4.620000e-01	8.970000e-01	4.500000e-02	1.045000e+00	5.000000e-02	1.091077e-02	
72	1.775900e+01	4.790000e-01	7.990000e-01	4.000000e-02	1.018000e+00	3.800000e-02	2.074176e-02	
73	1.699000e+01	4.590000e-01	8.680000e-01	4.300000e-02	1.059000e+00	4.400000e-02	1.417006e-02	
74	1.809000e+01	4.880000e-01	8.170000e-01	4.100000e-02	1.036000e+00	4.400000e-02	1.921820e-02	
75	2.103500e+01	2.096000e+00	8.400000e-01	4.200000e-02	1.046000e+00	4.400000e-02	1.696499e-02	
76	1.654200e+01	9.500000e-01	8.220000e-01	4.100000e-02	1.065000e+00	3.600000e-02	1.921637e-02	
77	1.672500e+01	4.520000e-01	8.780000e-01	4.400000e-02	1.119000e+00	3.200000e-02	1.383859e-02	
78	1.801700e+01	4.860000e-01	7.680000e-01	3.800000e-02	1.048000e+00	3.000000e-02	2.464626e-02	
79	1.807200e+01	4.880000e-01	7.810000e-01	3.900000e-02	9.990000e-01	3.600000e-02	2.217744e-02	
80	1.784900e+01	4.820000e-01	8.300000e-01	4.100000e-02	1.073000e+00	3.100000e-02	1.849058e-02	
81	1.819800e+01	1.145000e+00	7.920000e-01	3.900000e-02	1.038000e+00	3.200000e-02	2.188581e-02	
84	1.658100e+01	4.590000e-01	8.430000e-01	4.200000e-02	1.045000e+00	3.000000e-02	1.663098e-02	
85	1.637000e+01	4.420000e-01	8.310000e-01	4.100000e-02	9.950000e-01	2.900000e-02	1.704557e-02	
86	1.741100e+01	5.160000e-01	7.850000e-01	3.900000e-02	9.730000e-01	2.800000e-02	2.120573e-02	
87	1.546300e+01	4.170000e-01	8.600000e-01	4.300000e-02	9.510000e-01	2.800000e-02	1.349617e-02	
88	1.484300e+01	4.010000e-01	8.250000e-01	4.100000e-02	9.700000e-01	3.200000e-02	1.720726e-02	
89	1.533200e+01	4.670000e-01	8.090000e-01	4.000000e-02	1.055000e+00	3.100000e-02	2.042620e-02	
91	1.783800e+01	5.740000e-01	8.520000e-01	4.200000e-02	1.057000e+00	3.100000e-02	1.585764e-02	
92	1.672200e+01	4.510000e-01	8.270000e-01	4.100000e-02	9.480000e-01	3.500000e-02	1.662479e-02	
93	1.625100e+01	5.950000e-01	7.940000e-01	3.900000e-02	1.013000e+00	3.200000e-02	2.115332e-02	
95	1.398100e+01	3.770000e-01	7.790000e-01	3.900000e-02	9.800000e-01	2.800000e-02	2.195433e-02	
96	1.526600e+01	4.120000e-01	8.380000e-01	4.200000e-02	9.760000e-01	2.800000e-02	1.602753e-02	
97	1.638300e+01	4.420000e-01	7.900000e-01	3.900000e-02	1.010000e+00	2.900000e-02	2.150020e-02	
98	1.727100e+01	4.660000e-01	7.830000e-01	3.900000e-02	1.005000e+00	2.900000e-02	2.210689e-02	
99	1.823700e+01	1.034000e+00	8.050000e-01	4.000000e-02	1.022000e+00	3.000000e-02	2.020167e-02	
100	1.740000e+01	4.700000e-01	8.240000e-01	4.100000e-02	9.440000e-01	2.700000e-02	1.684172e-02	
101	1.641500e+01	4.430000e-01	8.590000e-01	4.300000e-02	1.061000e+00	6.300000e-02	1.516479e-02	
102	1.518200e+01	4.100000e-01	7.240000e-01	3.600000e-02	1.072000e+00	3.100000e-02	2.999202e-02	
103	1.414400e+01	3.820000e-01	7.120000e-01	3.500000e-02	9.510000e-01	3.700000e-02	2.776354e-02	
104	1.536800e+01	4.150000e-01	7.250000e-01	3.600000e-02	1.022000e+00	3.000000e-02	2.848954e-02	
107	1.724400e+01	9.920000e-01	7.890000e-01	3.900000e-02	9.540000e-01	5.100000e-02	2.040482e-02	
108	1.933300e+01	5.220000e-01	8.190000e-01	4.100000e-02	1.008000e+00	2.900000e-02	1.849443e-02	
109	1.725600e+01	4.660000e-01	7.870000e-01	3.900000e-02	1.019000e+00	3.000000e-02	2.200167e-02	
110	1.620000e+01	4.370000e-01	7.790000e-01	3.900000e-02	9.830000e-01	2.900000e-02	2.202154e-02	
111	1.631700e+01	4.410000e-01	7.830000e-01	3.900000e-02	1.079000e+00	3.100000e-02	2.373466e-02	
112	1.667700e+01	5.910000e-01	7.920000e-01	3.900000e-02	1.013000e+00	3.200000e-02	2.135869e-02	
113	1.755600e+01	7.000000e-01	7.520000e-01	3.700000e-02	1.057000e+00	3.100000e-02	2.657226e-02	
115	1.585300e+01	4.280000e-01	8.030000e-01	4.000000e-02	1.041000e+00	3.000000e-02	2.078829e-02	
116	1.594100e+01	5.990000e-01	8.410000e-01	4.200000e-02	1.089000e+00	3.200000e-02	1.755201e-02	
118	1.722700e+01	5.540000e-01	8.350000e-01	4.200000e-02	1.026000e+00	3.100000e-02	1.716063e-02	
119	1.825600e+01	4.930000e-01	7.950000e-01	4.000000e-02	1.016000e+00	2.900000e-02	2.111297e-02	
120	1.730100e+01	8.580000e-01	7.810000e-01	3.900000e-02	1.072000e+00	3.500000e-02	2.379802e-02	
125	1.731600e+01	4.680000e-01	7.940000e-01	4.000000e-02	9.910000e-01	4.500000e-02	2.069392e-02	
126	2.270300e+01	1.008000e+00	8.240000e-01	4.100000e-02	9.410000e-01	5.100000e-02	1.678820e-02	
129	2.081400e+01	1.353000e+00	9.810000e-01	4.900000e-02	1.077000e+00	7.800000e-02	2.074298e-03	
130	1.595700e+01	1.337000e+00	6.930000e-01	3.400000e-02	1.134000e+00	5.400000e-02	3.529013e-02	
134	1.744300e+01	6.350000e-01	7.770000e-01	3.900000e-02	1.085000e+00	3.100000e-02	2.452655e-02	
135	1.753000e+01	7.830000e-01	7.480000e-01	3.700000e-02	1.082000e+00	3.800000e-02	2.763947e-02	
136	1.727300e+01	4.660000e-01	8.070000e-01	4.000000e-02	1.060000e+00	3.600000e-02	2.073791e-02	
139	2.773800e+01	4.366000e+00	6.580000e-01	3.300000e-02	1.110000e+00	3.200000e-02	3.848141e-02	
140	1.599200e+01	4.320000e-01	7.900000e-01	3.900000e-02	1.055000e+00	3.100000e-02	2.245813e-02	
141	1.698600e+01	4.590000e-01	8.160000e-01	4.100000e-02	1.114000e+00	3.200000e-02	2.077805e-02	
142	1.527300e+01	4.120000e-01	7.900000e-01	3.900000e-02	1.058000e+00	3.100000e-02	2.252199e-02	
144	1.724400e+01	4.660000e-01	7.300000e-01	3.600000e-02	1.105000e+00	3.200000e-02	3.024321e-02	
145	1.677300e+01	4.530000e-01	8.380000e-01	4.200000e-02	1.032000e+00	3.000000e-02	1.694715e-02	
146	1.714200e+01	4.630000e-01	8.360000e-01	4.200000e-02	1.097000e+00	3.200000e-02	1.823695e-02	
147	1.740200e+01	4.700000e-01	8.390000e-01	4.200000e-02	1.057000e+00	3.100000e-02	1.725054e-02	
148	1.775700e+01	4.790000e-01	7.980000e-01	4.000000e-02	1.049000e+00	3.000000e-02	2.147972e-02	
149	1.646900e+01	5.460000e-01	8.410000e-01	4.200000e-02	1.058000e+00	3.100000e-02	1.705237e-02	
151	1.726400e+01	4.660000e-01	8.190000e-01	4.100000e-02	1.051000e+00	3.000000e-02	1.928338e-02	
152	1.687000e+01	4.550000e-01	8.520000e-01	4.200000e-02	1.048000e+00	3.000000e-02	1.572262e-02	
153	1.544800e+01	4.170000e-01	7.600000e-01	3.800000e-02	1.026000e+00	3.000000e-02	2.496091e-02	
156	1.592800e+01	4.300000e-01	7.950000e-01	4.000000e-02	9.900000e-01	2.900000e-02	2.057268e-02	
158	1.584300e+01	4.280000e-01	8.510000e-01	4.200000e-02	1.039000e+00	3.000000e-02	1.569292e-02	
159	1.730200e+01	4.670000e-01	7.900000e-01	3.900000e-02	1.081000e+00	3.100000e-02	2.301160e-02	
161	1.494100e+01	6.100000e-01	8.550000e-01	4.300000e-02	9.720000e-01	5.300000e-02	1.428684e-02	
162	1.583200e+01	4.270000e-01	8.640000e-01	4.300000e-02	8.980000e-01	3.100000e-02	1.237990e-02	
164	1.760500e+01	5.140000e-01	8.450000e-01	4.200000e-02	1.010000e+00	5.200000e-02	1.586920e-02	
167	2.152400e+01	1.619000e+00	8.210000e-01	4.100000e-02	1.043000e+00	3.200000e-02	1.892514e-02	
168	1.930900e+01	5.210000e-01	8.560000e-01	4.300000e-02	1.042000e+00	3.000000e-02	1.521010e-02	
169	1.875500e+01	5.110000e-01	8.640000e-01	4.300000e-02	1.017000e+00	3.000000e-02	1.402044e-02	
173	1.514100e+01	4.090000e-01	8.040000e-01	4.000000e-02	1.016000e+00	2.900000e-02	2.018606e-02	
175	1.487600e+01	5.250000e-01	8.360000e-01	4.200000e-02	1.043000e+00	3.000000e-02	1.733924e-02	
177	1.716300e+01	5.670000e-01	7.710000e-01	3.800000e-02	1.053000e+00	3.900000e-02	2.444363e-02	
178	1.635400e+01	4.670000e-01	8.460000e-01	4.200000e-02	1.009000e+00	2.900000e-02	1.575120e-02	
179	1.660900e+01	4.480000e-01	8.790000e-01	4.400000e-02	1.039000e+00	3.200000e-02	1.274391e-02	
182	1.665700e+01	4.500000e-01	7.940000e-01	4.000000e-02	1.060000e+00	3.100000e-02	2.213477e-02	
183	1.524100e+01	4.110000e-01	8.410000e-01	4.200000e-02	9.460000e-01	2.700000e-02	1.524720e-02	
184	1.690800e+01	4.570000e-01	7.600000e-01	3.800000e-02	1.050000e+00	3.000000e-02	2.554479e-02	
185	1.733700e+01	4.680000e-01	8.060000e-01	4.000000e-02	1.099000e+00	3.200000e-02	2.161231e-02	
187	1.615200e+01	4.360000e-01	8.690000e-01	4.300000e-02	1.067000e+00	3.100000e-02	1.416895e-02	
188	1.772500e+01	6.550000e-01	7.950000e-01	4.000000e-02	1.060000e+00	3.100000e-02	2.202732e-02	
190	1.709000e+01	4.610000e-01	8.010000e-01	4.000000e-02	1.110000e+00	3.200000e-02	2.239123e-02	
191	1.730400e+01	6.460000e-01	8.150000e-01	4.100000e-02	1.044000e+00	3.200000e-02	1.957826e-02	
192	1.599200e+01	4.320000e-01	8.400000e-01	4.200000e-02	1.039000e+00	3.000000e-02	1.685145e-02	
193	1.510400e+01	4.840000e-01	7.780000e-01	3.900000e-02	1.114000e+00	3.200000e-02	2.506917e-02	
195	1.472400e+01	3.980000e-01	6.830000e-01	3.400000e-02	9.580000e-01	2.800000e-02	3.078411e-02	
196	1.288800e+01	3.480000e-01	4.290000e-01	2.100000e-02	9.070000e-01	2.600000e-02	5.249830e-02	
198	1.697000e+01	4.750000e-01	8.030000e-01	4.000000e-02	9.930000e-01	2.900000e-02	1.982975e-02	
199	1.502400e+01	4.060000e-01	7.990000e-01	4.000000e-02	1.072000e+00	3.100000e-02	2.184201e-02	
200	1.674900e+01	4.520000e-01	8.060000e-01	4.000000e-02	1.054000e+00	3.100000e-02	2.072737e-02	
201	1.589200e+01	4.290000e-01	7.950000e-01	4.000000e-02	1.067000e+00	3.100000e-02	2.217278e-02	
203	1.733500e+01	4.680000e-01	7.870000e-01	3.900000e-02	1.078000e+00	3.200000e-02	2.327556e-02	
204	1.783200e+01	4.810000e-01	7.740000e-01	3.800000e-02	1.068000e+00	3.100000e-02	2.446705e-02	
205	1.670600e+01	4.510000e-01	7.870000e-01	3.900000e-02	1.111000e+00	3.800000e-02	2.398808e-02	
206	1.723100e+01	5.740000e-01	7.790000e-01	3.900000e-02	1.101000e+00	3.200000e-02	2.466502e-02	
208	1.731200e+01	4.670000e-01	8.340000e-01	4.100000e-02	1.086000e+00	3.100000e-02	1.827426e-02	
209	1.734500e+01	4.680000e-01	8.080000e-01	4.000000e-02	1.065000e+00	4.900000e-02	2.072777e-02	
210	2.115800e+01	5.710000e-01	8.070000e-01	4.000000e-02	1.112000e+00	5.300000e-02	2.175524e-02	
211	1.719600e+01	4.640000e-01	8.690000e-01	4.300000e-02	1.061000e+00	3.100000e-02	1.408927e-02	
212	2.190100e+01	1.296000e+00	8.260000e-01	4.100000e-02	1.047000e+00	3.600000e-02	1.846706e-02	
215	1.684500e+01	4.550000e-01	7.570000e-01	3.800000e-02	1.100000e+00	3.200000e-02	2.709573e-02	
216	2.764900e+01	1.604000e+00	7.760000e-01	3.900000e-02	1.081000e+00	1.000000e-01	2.454571e-02	
218	2.209500e+01	1.095000e+00	6.970000e-01	3.500000e-02	9.780000e-01	2.800000e-02	3.003885e-02	
219	2.330100e+01	1.299000e+00	7.210000e-01	3.600000e-02	9.690000e-01	6.200000e-02	2.740500e-02	
220	1.846900e+01	6.710000e-01	7.890000e-01	3.900000e-02	1.061000e+00	4.000000e-02	2.269341e-02	
222	1.530300e+01	5.130000e-01	7.630000e-01	3.800000e-02	1.008000e+00	2.900000e-02	2.421646e-02	
223	1.662300e+01	4.490000e-01	7.930000e-01	3.900000e-02	9.170000e-01	2.700000e-02	1.924161e-02	
225	1.527700e+01	4.120000e-01	7.740000e-01	3.800000e-02	9.720000e-01	2.800000e-02	2.226776e-02	
226	1.562700e+01	4.220000e-01	7.470000e-01	3.700000e-02	9.320000e-01	3.000000e-02	2.390222e-02	
229	1.664600e+01	4.860000e-01	8.320000e-01	4.100000e-02	1.002000e+00	2.900000e-02	1.706392e-02	
230	1.740700e+01	5.080000e-01	7.870000e-01	3.900000e-02	9.450000e-01	2.800000e-02	2.040390e-02	
231	1.702300e+01	7.500000e-01	8.330000e-01	4.100000e-02	1.031000e+00	4.300000e-02	1.745328e-02	
232	2.251500e+01	1.223000e+00	8.610000e-01	4.300000e-02	1.039000e+00	4.000000e-02	1.463970e-02	
234	2.010400e+01	1.141000e+00	7.920000e-01	3.900000e-02	9.560000e-01	4.000000e-02	2.015687e-02	
237	1.850700e+01	5.940000e-01	8.460000e-01	4.200000e-02	1.102000e+00	3.200000e-02	1.720300e-02	
239	1.704800e+01	4.600000e-01	7.770000e-01	3.900000e-02	1.016000e+00	2.900000e-02	2.296680e-02	
240	1.921900e+01	5.190000e-01	8.060000e-01	4.000000e-02	1.054000e+00	3.100000e-02	2.072737e-02	
242	1.710900e+01	6.590000e-01	8.660000e-01	4.300000e-02	9.690000e-01	2.800000e-02	1.316226e-02	
243	1.817300e+01	4.910000e-01	7.980000e-01	4.000000e-02	1.066000e+00	3.100000e-02	2.182782e-02	
247	1.672800e+01	4.520000e-01	7.910000e-01	3.900000e-02	1.057000e+00	3.100000e-02	2.239356e-02	
248	1.799600e+01	9.190000e-01	8.040000e-01	4.000000e-02	1.070000e+00	3.100000e-02	2.125894e-02	
250	2.000900e+01	7.230000e-01	7.380000e-01	3.700000e-02	1.011000e+00	2.900000e-02	2.685062e-02	
251	2.373700e+01	7.360000e-01	7.930000e-01	3.900000e-02	1.046000e+00	5.400000e-02	2.194845e-02	
252	1.734700e+01	4.680000e-01	8.130000e-01	4.000000e-02	9.870000e-01	2.900000e-02	1.870943e-02	
255	1.689200e+01	4.600000e-01	7.360000e-01	3.700000e-02	1.113000e+00	3.200000e-02	2.978523e-02	
257	1.691400e+01	4.570000e-01	7.820000e-01	3.900000e-02	1.008000e+00	2.900000e-02	2.227506e-02	
258	1.679200e+01	7.020000e-01	7.700000e-01	3.800000e-02	9.880000e-01	3.100000e-02	2.303492e-02	
260	1.744700e+01	9.390000e-01	7.900000e-01	3.900000e-02	1.002000e+00	3.700000e-02	2.132990e-02	
263	1.889600e+01	5.100000e-01	7.810000e-01	3.900000e-02	9.960000e-01	2.900000e-02	2.211084e-02	
264	1.535700e+01	4.150000e-01	7.940000e-01	3.900000e-02	1.079000e+00	3.100000e-02	2.253152e-02	
266	1.475200e+01	5.980000e-01	7.750000e-01	3.900000e-02	1.071000e+00	3.100000e-02	2.442721e-02	
267	1.640200e+01	5.640000e-01	7.010000e-01	3.500000e-02	1.028000e+00	3.000000e-02	3.115775e-02	
272	1.682300e+01	4.540000e-01	8.100000e-01	4.000000e-02	1.065000e+00	3.100000e-02	2.051186e-02	
273	1.832300e+01	4.950000e-01	8.210000e-01	4.100000e-02	1.092000e+00	3.200000e-02	1.981424e-02	
274	1.682300e+01	4.540000e-01	8.710000e-01	4.300000e-02	1.049000e+00	3.000000e-02	1.371725e-02	
275	2.013700e+01	1.505000e+00	8.820000e-01	4.400000e-02	1.063000e+00	3.100000e-02	1.271502e-02	
276	1.620800e+01	4.380000e-01	8.000000e-01	4.000000e-02	1.093000e+00	3.500000e-02	2.215909e-02	
278	1.623000e+01	5.700000e-01	8.300000e-01	4.100000e-02	1.067000e+00	3.400000e-02	1.838718e-02	
279	1.718100e+01	4.640000e-01	8.020000e-01	4.000000e-02	1.091000e+00	3.200000e-02	2.189736e-02	
281	1.621900e+01	4.380000e-01	7.630000e-01	3.800000e-02	1.040000e+00	3.000000e-02	2.498524e-02	
282	1.614400e+01	4.370000e-01	7.780000e-01	3.900000e-02	1.065000e+00	3.200000e-02	2.396649e-02	
283	1.825400e+01	4.930000e-01	7.680000e-01	3.800000e-02	1.108000e+00	3.200000e-02	2.605731e-02	
286	1.474600e+01	3.980000e-01	7.200000e-01	3.600000e-02	1.008000e+00	2.900000e-02	2.861017e-02	
