0	4	R1	1.063830e+00	1.063830e+00	2.485022e-10	0.000000e+00	4.096876e-01
0	5	R1	1.119821e+00	1.119821e+00	2.708237e-10	1.553239e-15	1.429559e-01
0	6	R1	1.194743e+00	1.194743e+00	3.041457e-10	-1.571289e-15	1.413137e-01
0	7	R1	1.420455e+00	1.420455e+00	4.333418e-10	2.116324e-15	1.049199e-01
0	8	R1	1.408451e+00	1.408451e+00	4.253419e-10	0.000000e+00	4.165840e-02
0	9	R1	1.265823e+00	1.265823e+00	3.399445e-10	4.199334e-15	5.287614e-02
0	11	R1	1.251564e+00	1.251564e+00	3.324134e-10	-5.906396e-15	3.759393e-02
0	14	R1	1.273885e+00	1.273885e+00	3.442832e-10	0.000000e+00	3.894681e-02
0	15	R1	1.253133e+00	1.253133e+00	3.332330e-10	0.000000e+00	8.165778e-02
0	16	R1	1.262626e+00	1.262626e+00	3.382404e-10	8.192976e-15	5.420365e-02
0	17	R1	1.184834e+00	1.184834e+00	2.994911e-10	6.326815e-15	3.509580e-02
0	19	R1	1.189061e+00	1.189061e+00	3.014668e-10	-1.256383e-14	3.534663e-02
0	20	R1	1.251564e+00	1.251564e+00	3.324134e-10	-4.572693e-15	4.855882e-02
0	21	R1	1.251564e+00	1.251564e+00	3.324134e-10	-5.906396e-15	3.759393e-02
0	23	R1	1.146789e+00	1.146789e+00	2.823338e-10	0.000000e+00	4.208400e-02
0	24	R1	1.094092e+00	1.094092e+00	2.603135e-10	3.785616e-15	5.865482e-02
0	25	R1	1.106195e+00	1.106195e+00	2.652020e-10	-5.498740e-15	4.038100e-02
0	26	R1	1.182033e+00	1.182033e+00	2.981896e-10	-3.783830e-15	5.868249e-02
0	27	R1	1.170960e+00	1.170960e+00	2.931052e-10	0.000000e+00	3.564984e-02
0	28	R1	1.160093e+00	1.160093e+00	2.882076e-10	0.000000e+00	4.575772e-02
0	29	R1	1.203369e+00	1.203369e+00	3.082625e-10	5.679087e-15	3.909865e-02
0	30	R1	1.272265e+00	1.272265e+00	3.434063e-10	0.000000e+00	5.341569e-02
0	31	R1	1.201923e+00	1.201923e+00	3.075680e-10	5.489450e-15	4.044933e-02
0	32	R1	1.333333e+00	1.333333e+00	3.780878e-10	0.000000e+00	6.044444e-02
0	33	R1	1.201923e+00	1.201923e+00	3.075680e-10	3.659633e-15	6.067400e-02
0	34	R1	1.153403e+00	1.153403e+00	2.852372e-10	-4.172712e-15	5.321350e-02
0	35	R1	1.191895e+00	1.191895e+00	3.027998e-10	0.000000e+00	6.392763e-02
0	36	R1	1.257862e+00	1.257862e+00	3.357173e-10	4.127581e-15	5.379534e-02
0	37	R1	1.300390e+00	1.300390e+00	3.589584e-10	0.000000e+00	3.889333e-02
0	38	R1	1.297017e+00	1.297017e+00	3.570554e-10	0.000000e+00	5.551434e-02
0	39	R1	1.164144e+00	1.164144e+00	2.900229e-10	0.000000e+00	5.963021e-02
0	40	R1	1.085776e+00	1.085776e+00	2.570103e-10	0.000000e+00	6.366115e-02
0	41	R1	1.215067e+00	1.215067e+00	3.139430e-10	-1.953211e-15	1.136818e-01
0	43	R1	1.366120e+00	1.366120e+00	3.981020e-10	2.531422e-15	8.771537e-02
0	46	R1	1.297017e+00	1.297017e+00	3.570554e-10	0.000000e+00	2.792540e-01
0	48	R1	1.245330e+00	1.245330e+00	3.291767e-10	0.000000e+00	5.893218e-02
0	52	R1	1.222494e+00	1.222494e+00	3.176092e-10	0.000000e+00	9.863643e-02
0	53	R1	1.144165e+00	1.144165e+00	2.811907e-10	0.000000e+00	2.670591e-01
0	54	R1	1.132503e+00	1.132503e+00	2.761716e-10	-1.882203e-07	5.130251e-02
0	55	R1	1.148106e+00	1.148106e+00	2.829092e-10	-4.010765e-15	5.536215e-02
0	56	R1	1.169591e+00	1.169591e+00	2.924829e-10	-2.898574e-15	7.660477e-02
0	57	R1	1.206273e+00	1.206273e+00	3.096618e-10	-3.912773e-15	5.674865e-02
0	58	R1	1.169591e+00	1.169591e+00	2.924829e-10	-5.597247e-15	3.967033e-02
0	60	R1	1.261034e+00	1.261034e+00	3.373950e-10	-5.585301e-15	3.975517e-02
0	61	R1	1.112347e+00	1.112347e+00	2.677245e-10	0.000000e+00	1.336301e-01
0	62	R1	1.170960e+00	1.170960e+00	2.931052e-10	0.000000e+00	4.387673e-02
0	63	R1	1.242236e+00	1.242236e+00	3.275831e-10	5.995436e-15	3.703561e-02
0	64	R1	1.199041e+00	1.199041e+00	3.061891e-10	0.000000e+00	3.594247e-02
0	65	R1	1.219512e+00	1.219512e+00	3.161318e-10	0.000000e+00	5.056514e-02
0	66	R1	1.287001e+00	1.287001e+00	3.514659e-10	0.000000e+00	4.140931e-02
0	67	R1	1.170960e+00	1.170960e+00	2.931052e-10	0.000000e+00	5.621706e-02
0	68	R1	1.190476e+00	1.190476e+00	3.021317e-10	3.916867e-15	5.668934e-02
0	69	R1	1.104972e+00	1.104972e+00	2.647038e-10	0.000000e+00	8.546748e-02
0	71	R1	1.109878e+00	1.109878e+00	2.667091e-10	-4.743580e-15	4.680950e-02
0	76	R1	1.256281e+00	1.256281e+00	3.348849e-10	9.702829e-15	4.576905e-02
0	77	R1	1.201923e+00	1.201923e+00	3.075680e-10	3.941144e-15	5.634014e-02
0	78	R1	1.176471e+00	1.176471e+00	2.956234e-10	0.000000e+00	5.813149e-02
0	79	R1	1.083424e+00	1.083424e+00	2.560838e-10	0.000000e+00	3.638801e-02
0	80	R1	1.215067e+00	1.215067e+00	3.139430e-10	-4.423449e-15	5.019717e-02
0	82	R1	1.095290e+00	1.095290e+00	2.607932e-10	0.000000e+00	7.437897e-02
0	83	R1	1.138952e+00	1.138952e+00	2.789351e-10	0.000000e+00	3.761915e-02
0	84	R1	1.240695e+00	1.240695e+00	3.267923e-10	0.000000e+00	8.620212e-02
0	87	R1	1.156069e+00	1.156069e+00	2.864172e-10	-1.180471e-07	8.152628e-02
0	88	R1	1.231527e+00	1.231527e+00	3.221313e-10	0.000000e+00	4.398311e-02
0	89	R1	1.226994e+00	1.226994e+00	3.198532e-10	0.000000e+00	4.064888e-02
0	92	R1	1.280410e+00	1.280410e+00	3.478367e-10	5.888633e-15	3.770733e-02
0	93	R1	1.199041e+00	1.199041e+00	3.061891e-10	0.000000e+00	5.750795e-02
0	94	R1	1.236094e+00	1.236094e+00	3.244441e-10	-5.382369e-15	4.125406e-02
0	95	R1	1.152074e+00	1.152074e+00	2.846512e-10	-1.286875e-14	3.450912e-02
0	96	R1	1.225490e+00	1.225490e+00	3.191014e-10	-2.640174e-15	8.410227e-02
0	97	R1	1.209190e+00	1.209190e+00	3.110748e-10	0.000000e+00	1.959268e-01
0	98	R1	1.190476e+00	1.190476e+00	3.021317e-10	5.802766e-15	3.826531e-02
0	99	R1	1.272265e+00	1.272265e+00	3.434063e-10	0.000000e+00	3.884777e-02
0	100	R1	1.225490e+00	1.225490e+00	3.191014e-10	-5.098267e-15	4.355296e-02
0	101	R1	1.168224e+00	1.168224e+00	2.918636e-10	0.000000e+00	3.821294e-02
0	104	R1	1.189061e+00	1.189061e+00	3.014668e-10	-1.163318e-14	3.817436e-02
0	105	R1	1.137656e+00	1.137656e+00	2.783775e-10	-1.222219e-07	7.894999e-02
0	106	R1	1.175088e+00	1.175088e+00	2.949894e-10	0.000000e+00	4.004413e-02
0	107	R1	1.207729e+00	1.207729e+00	3.103666e-10	0.000000e+00	3.646526e-02
0	108	R1	1.265823e+00	1.265823e+00	3.399445e-10	5.774085e-15	3.845538e-02
0	109	R1	1.164144e+00	1.164144e+00	2.900229e-10	0.000000e+00	3.523603e-02
0	110	R1	1.236094e+00	1.236094e+00	3.244441e-10	-4.152114e-15	5.347749e-02
0	112	R1	1.317523e+00	1.317523e+00	3.687839e-10	-3.553213e-15	6.249121e-02
0	113	R1	1.237624e+00	1.237624e+00	3.252229e-10	-1.208041e-14	3.676110e-02
0	115	R1	1.267427e+00	1.267427e+00	3.408032e-10	0.000000e+00	7.549946e-02
0	116	R1	1.305483e+00	1.305483e+00	3.618512e-10	0.000000e+00	4.090286e-02
0	117	R1	1.223990e+00	1.223990e+00	3.183534e-10	-5.293298e-15	4.194826e-02
0	118	R1	1.230012e+00	1.230012e+00	3.213681e-10	5.241593e-15	4.236205e-02
0	119	R1	1.177856e+00	1.177856e+00	2.962604e-10	4.325675e-15	5.133178e-02
0	120	R1	1.187648e+00	1.187648e+00	3.008051e-10	-2.121901e-07	4.513628e-02
0	122	R1	1.215067e+00	1.215067e+00	3.139430e-10	-2.685665e-15	8.267769e-02
0	123	R1	1.225490e+00	1.225490e+00	3.191014e-10	-5.686528e-15	3.904748e-02
0	124	R1	1.218027e+00	1.218027e+00	3.153985e-10	5.986687e-15	3.708973e-02
0	125	R1	1.243781e+00	1.243781e+00	3.283779e-10	5.980549e-15	3.712779e-02
0	127	R1	1.234568e+00	1.234568e+00	3.236692e-10	5.603210e-15	3.962811e-02
0	128	R1	1.158749e+00	1.158749e+00	2.876080e-10	4.134298e-15	5.370793e-02
0	129	R1	1.291990e+00	1.291990e+00	3.542384e-10	2.015479e-15	1.101697e-01
0	130	R1	1.230012e+00	1.230012e+00	3.213681e-10	3.413130e-15	6.505600e-02
0	131	R1	1.152074e+00	1.152074e+00	2.846512e-10	-1.286875e-14	3.450912e-02
0	132	R1	1.206273e+00	1.206273e+00	3.096618e-10	-6.103926e-15	3.637734e-02
0	133	R1	1.222494e+00	1.222494e+00	3.176092e-10	0.000000e+00	4.931821e-02
0	134	R1	1.288660e+00	1.288660e+00	3.523852e-10	0.000000e+00	3.819481e-02
0	135	R1	1.240695e+00	1.240695e+00	3.267923e-10	0.000000e+00	3.694377e-02
0	136	R1	1.300390e+00	1.300390e+00	3.589584e-10	0.000000e+00	3.889333e-02
0	137	R1	1.164144e+00	1.164144e+00	2.900229e-10	0.000000e+00	5.827498e-02
0	138	R1	1.215067e+00	1.215067e+00	3.139430e-10	-6.015890e-15	3.690968e-02
0	139	R1	1.234568e+00	1.234568e+00	3.236692e-10	3.642087e-15	6.096632e-02
0	140	R1	1.314060e+00	1.314060e+00	3.667766e-10	0.000000e+00	6.388993e-02
0	141	R1	1.169591e+00	1.169591e+00	2.924829e-10	-3.959028e-15	5.608563e-02
0	142	R1	1.218027e+00	1.218027e+00	3.153985e-10	4.988906e-15	4.450768e-02
0	143	R1	1.111111e+00	1.111111e+00	2.672157e-10	2.997602e-15	7.407407e-02
0	144	R1	1.112347e+00	1.112347e+00	2.677245e-10	0.000000e+00	3.340753e-02
0	146	R1	1.031992e+00	1.031992e+00	2.366725e-10	0.000000e+00	4.473029e-02
0	148	R1	1.251564e+00	1.251564e+00	3.324134e-10	-2.835070e-15	7.832068e-02
0	150	R1	1.270648e+00	1.270648e+00	3.425341e-10	0.000000e+00	3.874911e-02
0	151	R1	1.251564e+00	1.251564e+00	3.324134e-10	-5.906396e-15	3.759393e-02
0	152	R1	1.293661e+00	1.293661e+00	3.551724e-10	0.000000e+00	3.849186e-02
0	154	R1	1.287001e+00	1.287001e+00	3.514659e-10	0.000000e+00	3.809656e-02
0	155	R1	1.288660e+00	1.288660e+00	3.523852e-10	0.000000e+00	3.819481e-02
0	156	R1	1.256281e+00	1.256281e+00	3.348849e-10	1.172425e-14	3.787783e-02
0	157	R1	1.251564e+00	1.251564e+00	3.324134e-10	-5.906396e-15	3.759393e-02
0	158	R1	1.288660e+00	1.288660e+00	3.523852e-10	0.000000e+00	4.317675e-02
0	159	R1	1.156069e+00	1.156069e+00	2.864172e-10	-1.894966e-07	5.078686e-02
0	160	R1	1.219512e+00	1.219512e+00	3.161318e-10	0.000000e+00	4.164188e-02
0	161	R1	1.270648e+00	1.270648e+00	3.425341e-10	0.000000e+00	3.874911e-02
0	162	R1	1.240695e+00	1.240695e+00	3.267923e-10	0.000000e+00	3.694377e-02
0	165	R1	1.347709e+00	1.347709e+00	3.867442e-10	3.820305e-15	5.812222e-02
0	167	R1	1.203369e+00	1.203369e+00	3.082625e-10	4.509863e-15	4.923533e-02
0	168	R1	1.218027e+00	1.218027e+00	3.153985e-10	5.986687e-15	3.708973e-02
0	169	R1	1.085776e+00	1.085776e+00	2.570103e-10	0.000000e+00	3.890404e-02
0	171	R1	1.237624e+00	1.237624e+00	3.252229e-10	-1.035464e-14	4.288795e-02
0	173	R1	1.201923e+00	1.201923e+00	3.075680e-10	1.031575e-15	2.152482e-01
0	175	R1	9.505703e-01	9.505703e-01	2.088727e-10	2.014243e-15	5.511862e-02
0	176	R1	1.053741e+00	1.053741e+00	2.446896e-10	0.000000e+00	1.354651e-01
0	178	R1	1.148106e+00	1.148106e+00	2.829092e-10	-3.828458e-15	5.799845e-02
0	179	R1	1.098901e+00	1.098901e+00	2.622444e-10	0.000000e+00	3.864268e-02


1	4	R2	3.151592e+00	3.151592e+00	1.404846e-09	-9.412755e-16	4.717951e-01
1	5	R2	4.103406e+00	4.103406e+00	2.017667e-09	0.000000e+00	2.357312e-01
1	6	R2	5.353319e+00	5.353319e+00	2.941251e-09	5.252934e-15	1.690823e-01
1	7	R2	5.851375e+00	5.851375e+00	3.344986e-09	0.000000e+00	1.335305e-01
1	8	R2	8.576329e+00	8.576329e+00	5.707111e-09	0.000000e+00	1.691729e-01
1	9	R2	1.321004e+01	1.321004e+01	9.680479e-09	-1.357253e-14	2.617577e-01
1	11	R2	1.477105e+01	1.477105e+01	1.098200e-08	5.815399e-15	3.054574e-01
1	14	R2	1.221001e+01	1.221001e+01	8.838380e-09	-5.415959e-15	3.279857e-01
1	15	R2	1.610306e+01	1.610306e+01	1.208249e-08	6.850360e-15	5.186171e-01
1	16	R2	1.519757e+01	1.519757e+01	1.133528e-08	1.183229e-14	3.002559e-01
1	17	R2	1.550388e+01	1.550388e+01	1.158846e-08	5.684683e-15	3.124812e-01
1	19	R2	1.390821e+01	1.390821e+01	1.026436e-08	6.559337e-15	2.708135e-01
1	20	R2	1.564945e+01	1.564945e+01	1.170863e-08	4.835492e-15	3.673580e-01
1	21	R2	1.499250e+01	1.499250e+01	1.116554e-08	0.000000e+00	3.371628e-01
1	23	R2	1.533742e+01	1.533742e+01	1.145093e-08	5.808742e-15	3.058075e-01
1	24	R2	1.472754e+01	1.472754e+01	1.094591e-08	5.849810e-15	3.036606e-01
1	25	R2	1.490313e+01	1.490313e+01	1.109150e-08	-1.230444e-14	2.887343e-01
1	26	R2	1.600000e+01	1.600000e+01	1.199763e-08	0.000000e+00	3.328000e-01
1	27	R2	1.392758e+01	1.392758e+01	1.028052e-08	-6.541104e-15	2.715683e-01
1	28	R2	1.587302e+01	1.587302e+01	1.189300e-08	5.423354e-15	3.275384e-01
1	29	R2	1.447178e+01	1.447178e+01	1.073356e-08	6.058405e-15	2.932054e-01
1	30	R2	1.519757e+01	1.519757e+01	1.133528e-08	1.183229e-14	3.002559e-01
1	31	R2	1.615509e+01	1.615509e+01	1.212532e-08	1.134384e-14	3.131843e-01
1	32	R2	1.531394e+01	1.531394e+01	1.143152e-08	3.606926e-15	4.924849e-01
1	33	R2	1.620746e+01	1.620746e+01	1.216841e-08	0.000000e+00	3.940224e-01
1	34	R2	1.633987e+01	1.633987e+01	1.227732e-08	-2.217746e-14	3.203896e-01
1	35	R2	2.028398e+01	2.028398e+01	1.549501e-08	0.000000e+00	7.405914e-01
1	36	R2	1.560062e+01	1.560062e+01	1.166834e-08	0.000000e+00	3.163933e-01
1	37	R2	1.658375e+01	1.658375e+01	1.247774e-08	0.000000e+00	3.300248e-01
1	38	R2	1.675042e+01	1.675042e+01	1.261458e-08	-1.055183e-14	3.366918e-01
1	39	R2	1.569859e+01	1.569859e+01	1.174917e-08	-5.148504e-15	3.450239e-01
1	40	R2	1.763668e+01	1.763668e+01	1.334053e-08	8.785834e-15	4.043684e-01
1	41	R2	1.730104e+01	1.730104e+01	1.306592e-08	-4.965428e-07	4.789215e-01
1	43	R2	2.083333e+01	2.083333e+01	1.593995e-08	0.000000e+00	6.944444e-01
1	46	R2	1.594896e+01	1.594896e+01	1.195558e-08	2.182304e-15	8.139822e-01
1	48	R2	1.636661e+01	1.636661e+01	1.229931e-08	1.020233e-14	3.482258e-01
1	52	R2	2.288330e+01	2.288330e+01	1.759521e-08	3.769212e-15	9.425614e-01
1	53	R2	2.079002e+01	2.079002e+01	1.590490e-08	0.000000e+00	1.642455e+00
1	54	R2	1.612903e+01	1.612903e+01	1.210387e-08	0.000000e+00	3.121748e-01
1	55	R2	1.567398e+01	1.567398e+01	1.172887e-08	-6.632648e-07	3.193758e-01
1	56	R2	1.666667e+01	1.666667e+01	1.254583e-08	0.000000e+00	6.944444e-01
1	57	R2	1.531394e+01	1.531394e+01	1.143152e-08	4.734091e-15	3.752266e-01
1	58	R2	1.464129e+01	1.464129e+01	1.087433e-08	0.000000e+00	3.001143e-01
1	60	R2	1.529052e+01	1.529052e+01	1.141216e-08	-5.844433e-15	3.039400e-01
1	61	R2	1.453488e+01	1.453488e+01	1.078598e-08	4.671266e-15	3.802731e-01
1	62	R2	1.459854e+01	1.459854e+01	1.083884e-08	5.953650e-15	2.983643e-01
1	63	R2	1.494768e+01	1.494768e+01	1.112841e-08	0.000000e+00	2.904632e-01
1	64	R2	1.362398e+01	1.362398e+01	1.002703e-08	1.276031e-14	2.784192e-01
1	65	R2	1.526718e+01	1.526718e+01	1.139286e-08	0.000000e+00	3.030126e-01
1	66	R2	1.623377e+01	1.623377e+01	1.219006e-08	0.000000e+00	3.162422e-01
1	67	R2	1.412429e+01	1.412429e+01	1.044448e-08	0.000000e+00	3.590922e-01
1	68	R2	1.655629e+01	1.655629e+01	1.245519e-08	-1.080072e-14	3.289329e-01
1	69	R2	1.536098e+01	1.536098e+01	1.147041e-08	3.011287e-15	5.898995e-01
1	71	R2	1.594896e+01	1.594896e+01	1.195558e-08	4.655583e-15	3.815541e-01
1	76	R2	1.443001e+01	1.443001e+01	1.069885e-08	-1.218705e-14	2.915154e-01
1	77	R2	1.838235e+01	1.838235e+01	1.394933e-08	0.000000e+00	4.392842e-01
1	78	R2	1.633987e+01	1.633987e+01	1.227732e-08	-2.047150e-14	3.470887e-01
1	79	R2	1.686341e+01	1.686341e+01	1.270728e-08	-1.041090e-14	3.412494e-01
1	80	R2	1.639344e+01	1.639344e+01	1.232137e-08	-9.442605e-15	3.762429e-01
1	82	R2	1.545595e+01	1.545595e+01	1.154888e-08	7.435990e-15	4.777728e-01
1	83	R2	1.430615e+01	1.430615e+01	1.059585e-08	0.000000e+00	2.865324e-01
1	84	R2	1.633987e+01	1.633987e+01	1.227732e-08	-1.774197e-14	4.004870e-01
1	87	R2	1.383126e+01	1.383126e+01	1.020016e-08	-4.642766e-15	3.826074e-01
1	88	R2	1.492537e+01	1.492537e+01	1.110993e-08	-7.974066e-15	4.455335e-01
1	89	R2	1.248439e+01	1.248439e+01	9.070159e-09	0.000000e+00	2.493762e-01
1	92	R2	1.652893e+01	1.652893e+01	1.243271e-08	-1.083652e-14	3.278465e-01
1	93	R2	1.499250e+01	1.499250e+01	1.116554e-08	0.000000e+00	2.922077e-01
1	94	R2	1.592357e+01	1.592357e+01	1.193466e-08	5.388975e-15	3.296280e-01
1	95	R2	1.459854e+01	1.459854e+01	1.083884e-08	5.953650e-15	2.983643e-01
1	96	R2	1.517451e+01	1.517451e+01	1.131621e-08	0.000000e+00	6.447438e-01
1	97	R2	1.466276e+01	1.466276e+01	1.089215e-08	-4.331485e-07	4.514925e-01
1	98	R2	1.555210e+01	1.555210e+01	1.162828e-08	0.000000e+00	3.628017e-01
1	99	R2	1.572327e+01	1.572327e+01	1.176953e-08	5.527148e-15	3.213876e-01
1	100	R2	1.481481e+01	1.481481e+01	1.101829e-08	5.781090e-15	3.072702e-01
1	101	R2	1.531394e+01	1.531394e+01	1.143152e-08	5.826573e-15	3.048716e-01
1	104	R2	1.524390e+01	1.524390e+01	1.137361e-08	-5.880233e-15	3.020895e-01
1	105	R2	1.669449e+01	1.669449e+01	1.256867e-08	0.000000e+00	3.344472e-01
1	106	R2	1.481481e+01	1.481481e+01	1.101829e-08	5.781090e-15	3.072702e-01
1	107	R2	1.572327e+01	1.572327e+01	1.176953e-08	5.132352e-15	3.461097e-01
1	108	R2	1.564945e+01	1.564945e+01	1.170863e-08	5.579414e-15	3.183770e-01
1	109	R2	1.545595e+01	1.545595e+01	1.154888e-08	1.143998e-14	3.105523e-01
1	110	R2	1.529052e+01	1.529052e+01	1.141216e-08	-5.844433e-15	3.039400e-01
1	112	R2	1.602564e+01	1.602564e+01	1.201874e-08	-9.881010e-15	3.595496e-01
1	113	R2	1.560062e+01	1.560062e+01	1.166834e-08	0.000000e+00	3.163933e-01
1	115	R2	1.760563e+01	1.760563e+01	1.331514e-08	0.000000e+00	3.409542e-01
1	116	R2	1.642036e+01	1.642036e+01	1.234350e-08	0.000000e+00	4.314052e-01
1	117	R2	1.577287e+01	1.577287e+01	1.181044e-08	1.098488e-14	3.234185e-01
1	118	R2	1.650165e+01	1.650165e+01	1.241030e-08	0.000000e+00	3.267653e-01
1	119	R2	1.692047e+01	1.692047e+01	1.275409e-08	0.000000e+00	3.435629e-01
1	120	R2	1.680672e+01	1.680672e+01	1.266078e-08	-6.783673e-07	3.389591e-01
1	122	R2	1.582278e+01	1.582278e+01	1.185160e-08	-5.067997e-15	3.505047e-01
1	123	R2	1.605136e+01	1.605136e+01	1.203993e-08	7.257427e-15	4.895280e-01
1	124	R2	1.597444e+01	1.597444e+01	1.197657e-08	0.000000e+00	3.317376e-01
1	125	R2	1.623377e+01	1.623377e+01	1.219006e-08	0.000000e+00	3.162422e-01
1	127	R2	1.618123e+01	1.618123e+01	1.214683e-08	0.000000e+00	4.712980e-01
1	128	R2	1.628664e+01	1.628664e+01	1.223355e-08	0.000000e+00	3.183058e-01
1	129	R2	1.600000e+01	1.600000e+01	1.199763e-08	0.000000e+00	4.608000e-01
1	130	R2	1.589825e+01	1.589825e+01	1.191380e-08	5.406151e-15	3.285807e-01
1	131	R2	1.416431e+01	1.416431e+01	1.047780e-08	6.324287e-15	2.808786e-01
1	132	R2	1.479290e+01	1.479290e+01	1.100012e-08	5.798232e-15	3.063618e-01
1	133	R2	1.531394e+01	1.531394e+01	1.143152e-08	4.734091e-15	3.752266e-01
1	134	R2	1.545595e+01	1.545595e+01	1.154888e-08	1.143998e-14	3.105523e-01
1	135	R2	1.620746e+01	1.620746e+01	1.216841e-08	0.000000e+00	3.152179e-01
1	136	R2	1.652893e+01	1.652893e+01	1.243271e-08	-7.649306e-15	4.644491e-01
1	137	R2	1.919386e+01	1.919386e+01	1.461006e-08	0.000000e+00	5.526063e-01
1	138	R2	1.615509e+01	1.615509e+01	1.212532e-08	5.918528e-15	6.002699e-01
1	139	R2	1.536098e+01	1.536098e+01	1.147041e-08	5.377299e-15	3.303437e-01
1	140	R2	1.639344e+01	1.639344e+01	1.232137e-08	-1.101637e-14	3.224940e-01
1	141	R2	1.650165e+01	1.650165e+01	1.241030e-08	0.000000e+00	3.539958e-01
1	142	R2	1.499250e+01	1.499250e+01	1.116554e-08	0.000000e+00	3.596403e-01
1	143	R2	1.490313e+01	1.490313e+01	1.109150e-08	-1.230444e-14	2.887343e-01
1	144	R2	1.436782e+01	1.436782e+01	1.064714e-08	6.146398e-15	2.890078e-01
1	146	R2	1.204819e+01	1.204819e+01	8.701412e-09	7.198425e-15	2.467702e-01
1	148	R2	1.652893e+01	1.652893e+01	1.243271e-08	-1.083652e-14	3.278465e-01
1	150	R2	1.550388e+01	1.550388e+01	1.158846e-08	5.684683e-15	3.124812e-01
1	151	R2	1.642036e+01	1.642036e+01	1.234350e-08	0.000000e+00	3.235539e-01
1	152	R2	1.612903e+01	1.612903e+01	1.210387e-08	0.000000e+00	3.121748e-01
1	154	R2	1.623377e+01	1.623377e+01	1.219006e-08	0.000000e+00	3.162422e-01
1	155	R2	1.618123e+01	1.618123e+01	1.214683e-08	0.000000e+00	3.141986e-01
1	156	R2	1.677852e+01	1.677852e+01	1.263764e-08	0.000000e+00	3.378226e-01
1	157	R2	1.612903e+01	1.612903e+01	1.210387e-08	0.000000e+00	3.121748e-01
1	158	R2	1.412429e+01	1.412429e+01	1.044448e-08	0.000000e+00	6.982349e-01
1	159	R2	1.577287e+01	1.577287e+01	1.181044e-08	1.098488e-14	3.234185e-01
1	160	R2	1.597444e+01	1.597444e+01	1.197657e-08	0.000000e+00	3.317376e-01
1	161	R2	1.508296e+01	1.508296e+01	1.124044e-08	0.000000e+00	2.957442e-01
1	162	R2	1.639344e+01	1.639344e+01	1.232137e-08	-1.101637e-14	3.224940e-01
1	165	R2	1.404494e+01	1.404494e+01	1.037837e-08	0.000000e+00	3.945209e-01
1	167	R2	1.623377e+01	1.623377e+01	1.219006e-08	0.000000e+00	3.162422e-01
1	168	R2	1.677852e+01	1.677852e+01	1.263764e-08	0.000000e+00	3.378226e-01
1	169	R2	1.594896e+01	1.594896e+01	1.195558e-08	5.371826e-15	3.306803e-01
1	171	R2	1.623377e+01	1.623377e+01	1.219006e-08	0.000000e+00	3.953027e-01
1	173	R2	2.267574e+01	2.267574e+01	1.742795e-08	1.502033e-15	2.365270e+00
1	175	R2	1.277139e+01	1.277139e+01	9.311992e-09	-5.445324e-15	3.262169e-01
1	176	R2	2.341920e+01	2.341920e+01	1.802678e-08	3.321860e-15	2.138991e+00
1	178	R2	1.792115e+01	1.792115e+01	1.357298e-08	0.000000e+00	3.532843e-01
1	179	R2	6.531679e+00	6.531679e+00	3.919295e-09	0.000000e+00	1.322548e-01


2	4	NOE	-6.510000e-01	-6.510000e-01	8.938314e-10	-4.853434e-15
2	5	NOE	-3.540000e-01	-3.540000e-01	1.044457e-09	3.828355e-15
2	6	NOE	-5.200000e-02	-5.200000e-02	1.261264e-09	-3.336007e-15
2	7	NOE	1.120000e-01	1.120000e-01	1.428393e-09	2.775558e-16
2	8	NOE	3.100000e-01	3.100000e-01	1.722451e-09	1.110223e-15
2	9	NOE	6.270000e-01	6.270000e-01	2.894237e-09	3.469447e-15
2	11	NOE	7.400000e-01	7.400000e-01	4.525432e-09	0.000000e+00
2	14	NOE	7.220000e-01	7.220000e-01	4.087884e-09	0.000000e+00
2	15	NOE	7.750000e-01	7.750000e-01	6.013453e-09	-2.220446e-15
2	16	NOE	7.580000e-01	7.580000e-01	5.136649e-09	-3.734649e-08
2	17	NOE	8.070000e-01	8.070000e-01	1.080693e-08	-8.611629e-09
2	19	NOE	7.530000e-01	7.530000e-01	4.943010e-09	2.220446e-15
2	20	NOE	8.500000e-01	8.214914e-01	3.253460e-05	5.090828e-01
2	21	NOE	7.990000e-01	7.990000e-01	8.667389e-09	0.000000e+00
2	23	NOE	7.740000e-01	7.740000e-01	5.949183e-09	-2.220446e-15
2	24	NOE	7.930000e-01	7.930000e-01	7.696062e-09	1.734723e-15
2	25	NOE	8.300000e-01	8.214914e-01	4.328855e-05	1.701727e-01
2	26	NOE	8.380000e-01	8.214914e-01	2.578095e-05	3.301727e-01
2	27	NOE	7.700000e-01	7.700000e-01	5.711048e-09	0.000000e+00
2	28	NOE	8.090000e-01	8.090000e-01	1.164239e-08	2.220446e-15
2	29	NOE	7.490000e-01	7.490000e-01	4.802682e-09	-2.220446e-15
2	30	NOE	8.630000e-01	8.214914e-01	2.414746e-05	6.485725e-01
2	31	NOE	8.650000e-01	8.214914e-01	2.674301e-05	8.701727e-01
2	32	NOE	8.130000e-01	8.130000e-01	1.412663e-08	0.000000e+00
2	33	NOE	8.070000e-01	8.070000e-01	1.080693e-08	-7.058712e-09
2	34	NOE	8.130000e-01	8.130000e-01	1.412663e-08	0.000000e+00
2	35	NOE	7.980000e-01	7.980000e-01	8.480021e-09	0.000000e+00
2	36	NOE	8.120000e-01	8.120000e-01	1.336035e-08	0.000000e+00
2	37	NOE	8.020000e-01	8.020000e-01	9.313447e-09	0.000000e+00
2	38	NOE	7.790000e-01	7.790000e-01	6.292759e-09	2.176908e-15
2	39	NOE	7.080000e-01	7.080000e-01	3.821785e-09	0.000000e+00
2	40	NOE	8.530000e-01	8.214914e-01	2.203940e-05	4.774036e-01
2	41	NOE	7.340000e-01	7.340000e-01	4.364744e-09	0.000000e+00
2	43	NOE	7.090000e-01	7.090000e-01	3.839141e-09	1.632681e-15
2	46	NOE	4.520000e-01	4.520000e-01	2.059738e-09	3.185066e-15
2	48	NOE	7.740000e-01	7.740000e-01	5.949183e-09	-1.708035e-15
2	52	NOE	7.160000e-01	7.160000e-01	3.967411e-09	0.000000e+00
2	53	NOE	6.370000e-01	6.370000e-01	2.974846e-09	0.000000e+00
2	54	NOE	8.420000e-01	8.214914e-01	2.772714e-05	3.060991e-01
2	55	NOE	8.560000e-01	8.214914e-01	2.647224e-05	4.792866e-01
2	56	NOE	8.130000e-01	8.130000e-01	1.412663e-08	0.000000e+00
2	57	NOE	7.530000e-01	7.530000e-01	4.943010e-09	1.734723e-15
2	58	NOE	8.280000e-01	8.214914e-01	1.952195e-05	1.301728e-01
2	60	NOE	7.470000e-01	7.470000e-01	4.736775e-09	-2.018587e-15
2	61	NOE	7.280000e-01	7.280000e-01	4.219692e-09	1.708035e-15
2	62	NOE	7.580000e-01	7.580000e-01	5.136649e-09	-3.734649e-08
2	63	NOE	7.720000e-01	7.720000e-01	5.826519e-09	4.440892e-15
2	64	NOE	7.390000e-01	7.390000e-01	4.497445e-09	0.000000e+00
2	65	NOE	7.760000e-01	7.760000e-01	6.079823e-09	2.055969e-15
2	66	NOE	8.830000e-01	8.214914e-01	2.422902e-05	1.008338e+00
2	67	NOE	8.290000e-01	8.214914e-01	4.116215e-05	1.365206e-01
2	68	NOE	8.560000e-01	8.214914e-01	2.647224e-05	4.663329e-01
2	69	NOE	9.010000e-01	8.214914e-01	3.299867e-05	6.974442e-01
2	71	NOE	7.320000e-01	7.320000e-01	4.314785e-09	0.000000e+00
2	76	NOE	6.770000e-01	6.770000e-01	3.375937e-09	0.000000e+00
2	77	NOE	6.960000e-01	6.960000e-01	3.629840e-09	0.000000e+00
2	78	NOE	7.810000e-01	7.810000e-01	6.447642e-09	1.586033e-15
2	79	NOE	7.330000e-01	7.330000e-01	4.339554e-09	2.220446e-15
2	80	NOE	8.780000e-01	8.214914e-01	5.705791e-05	9.114296e-01
2	82	NOE	7.180000e-01	7.180000e-01	4.006411e-09	0.000000e+00
2	83	NOE	7.770000e-01	7.770000e-01	6.148411e-09	1.762259e-15
2	84	NOE	7.660000e-01	7.660000e-01	5.499061e-09	-1.734723e-15
2	87	NOE	7.310000e-01	7.310000e-01	4.290426e-09	-1.500301e-15
2	88	NOE	8.200000e-01	8.200000e-01	3.373261e-08	2.220446e-15
2	89	NOE	5.530000e-01	5.530000e-01	2.443547e-09	-2.220446e-15
2	92	NOE	7.960000e-01	7.960000e-01	8.138872e-09	0.000000e+00
2	93	NOE	7.300000e-01	7.300000e-01	4.266464e-09	0.000000e+00
2	94	NOE	7.820000e-01	7.820000e-01	6.529446e-09	0.000000e+00
2	95	NOE	8.650000e-01	8.214914e-01	2.674301e-05	6.693636e-01
2	96	NOE	7.120000e-01	7.120000e-01	3.892618e-09	0.000000e+00
2	97	NOE	8.620000e-01	8.214914e-01	4.005636e-05	3.821569e-01
2	98	NOE	7.700000e-01	7.700000e-01	5.711048e-09	0.000000e+00
2	99	NOE	7.260000e-01	7.260000e-01	4.174387e-09	0.000000e+00
2	100	NOE	8.230000e-01	8.214914e-01	2.118938e-05	3.017277e-02
2	101	NOE	7.550000e-01	7.550000e-01	5.017853e-09	2.220446e-15
2	104	NOE	7.190000e-01	7.190000e-01	4.026335e-09	0.000000e+00
2	105	NOE	7.640000e-01	7.640000e-01	5.401433e-09	1.850372e-15
2	106	NOE	7.760000e-01	7.760000e-01	6.079823e-09	2.220446e-15
2	107	NOE	7.660000e-01	7.660000e-01	5.499061e-09	-2.094760e-15
2	108	NOE	7.650000e-01	7.650000e-01	5.449602e-09	0.000000e+00
2	109	NOE	7.850000e-01	7.850000e-01	6.794668e-09	0.000000e+00
2	110	NOE	7.840000e-01	7.840000e-01	6.702740e-09	0.000000e+00
2	112	NOE	8.960000e-01	8.214914e-01	2.150184e-05	9.676447e-01
2	113	NOE	8.180000e-01	8.180000e-01	2.204218e-08	0.000000e+00
2	115	NOE	7.780000e-01	7.780000e-01	6.219344e-09	-1.881734e-15
2	116	NOE	7.970000e-01	7.970000e-01	8.304231e-09	0.000000e+00
2	117	NOE	8.290000e-01	8.214914e-01	4.116215e-05	1.501727e-01
2	118	NOE	8.450000e-01	8.214914e-01	3.329620e-05	4.609537e-01
2	119	NOE	8.810000e-01	8.214914e-01	5.595897e-05	8.751270e-01
2	120	NOE	8.510000e-01	8.214914e-01	3.793847e-05	5.901727e-01
2	122	NOE	8.860000e-01	8.214914e-01	4.304197e-05	8.717383e-01
2	123	NOE	8.150000e-01	8.150000e-01	1.616029e-08	0.000000e+00
2	124	NOE	8.400000e-01	8.214914e-01	2.447318e-05	3.701728e-01
2	125	NOE	8.190000e-01	8.190000e-01	2.609626e-08	0.000000e+00
2	127	NOE	8.540000e-01	8.214914e-01	3.608543e-05	4.453238e-01
2	128	NOE	7.820000e-01	7.820000e-01	6.529446e-09	0.000000e+00
2	129	NOE	8.260000e-01	8.214914e-01	2.958264e-05	5.432092e-02
2	130	NOE	7.070000e-01	7.070000e-01	3.804654e-09	0.000000e+00
2	131	NOE	6.890000e-01	6.890000e-01	3.530020e-09	-6.661338e-15
2	132	NOE	7.260000e-01	7.260000e-01	4.174387e-09	0.000000e+00
2	133	NOE	7.420000e-01	7.420000e-01	4.582973e-09	0.000000e+00
2	134	NOE	7.640000e-01	7.640000e-01	5.401433e-09	2.220446e-15
2	135	NOE	8.410000e-01	8.214914e-01	2.052766e-05	3.901728e-01
2	136	NOE	8.450000e-01	8.214914e-01	3.329620e-05	3.457152e-01
2	137	NOE	7.990000e-01	7.990000e-01	8.667389e-09	0.000000e+00
2	138	NOE	9.030000e-01	8.214914e-01	1.553858e-05	1.116557e+00
2	139	NOE	7.950000e-01	7.950000e-01	7.982950e-09	0.000000e+00
2	140	NOE	7.630000e-01	7.630000e-01	5.354500e-09	-1.762259e-15
2	141	NOE	8.610000e-01	8.214914e-01	3.013277e-05	6.372361e-01
2	142	NOE	8.300000e-01	8.214914e-01	4.328855e-05	1.701727e-01
2	143	NOE	7.520000e-01	7.520000e-01	4.906800e-09	0.000000e+00
2	144	NOE	6.800000e-01	6.800000e-01	3.412632e-09	0.000000e+00
2	146	NOE	6.220000e-01	6.220000e-01	2.856194e-09	-2.220446e-15
2	148	NOE	8.310000e-01	8.214914e-01	2.466378e-05	1.901728e-01
2	150	NOE	7.610000e-01	7.610000e-01	5.264137e-09	2.220446e-15
2	151	NOE	7.850000e-01	7.850000e-01	6.794668e-09	0.000000e+00
2	152	NOE	8.270000e-01	8.214914e-01	2.557036e-05	1.101727e-01
2	154	NOE	7.990000e-01	7.990000e-01	8.667389e-09	0.000000e+00
2	155	NOE	7.900000e-01	7.900000e-01	7.318024e-09	-4.440892e-15
2	156	NOE	8.190000e-01	8.190000e-01	2.609626e-08	0.000000e+00
2	157	NOE	7.900000e-01	7.900000e-01	7.318024e-09	-4.440892e-15
2	158	NOE	7.990000e-01	7.990000e-01	8.667389e-09	0.000000e+00
2	159	NOE	8.260000e-01	8.214914e-01	2.958264e-05	9.017273e-02
2	160	NOE	8.080000e-01	8.080000e-01	1.120145e-08	-8.019034e-09
2	161	NOE	8.460000e-01	8.214914e-01	3.993826e-05	4.901727e-01
2	162	NOE	8.180000e-01	8.180000e-01	2.204218e-08	0.000000e+00
2	165	NOE	7.880000e-01	7.880000e-01	7.094678e-09	0.000000e+00
2	167	NOE	8.250000e-01	8.214914e-01	3.392159e-05	6.049373e-02
2	168	NOE	7.870000e-01	7.870000e-01	6.990345e-09	0.000000e+00
2	169	NOE	7.730000e-01	7.730000e-01	5.886906e-09	2.176908e-15
2	171	NOE	7.180000e-01	7.180000e-01	4.006411e-09	0.000000e+00
2	173	NOE	7.210000e-01	7.210000e-01	4.067064e-09	0.000000e+00
2	175	NOE	5.340000e-01	5.340000e-01	2.356490e-09	0.000000e+00
2	176	NOE	7.030000e-01	7.030000e-01	3.738298e-09	7.656711e-16
2	178	NOE	7.080000e-01	7.080000e-01	3.821785e-09	0.000000e+00
2	179	NOE	-2.240000e-01	-2.240000e-01	1.127266e-09	3.885781e-15


