0	4	R2	3.561254e+00	3.561254e+00	1.606777e-09	1.045249e-14	8.497293e-02
0	5	R2	4.336513e+00	4.336513e+00	2.114235e-09	-6.652126e-15	1.335180e-01
0	6	R2	5.055612e+00	5.055612e+00	2.633664e-09	-8.687460e-15	1.022368e-01
0	7	R2	5.720824e+00	5.720824e+00	3.146549e-09	0.000000e+00	1.145474e-01
0	8	R2	8.912656e+00	8.912656e+00	5.723317e-09	-6.086627e-07	1.747580e-01
0	9	R2	1.418440e+01	1.418440e+01	9.835526e-09	-1.261277e-14	2.816760e-01
0	11	R2	1.602564e+01	1.602564e+01	1.123449e-08	0.000000e+00	3.338675e-01
0	14	R2	1.577287e+01	1.577287e+01	1.104317e-08	0.000000e+00	3.234185e-01
0	15	R2	1.766784e+01	1.766784e+01	1.247278e-08	0.000000e+00	6.243055e-01
0	16	R2	1.718213e+01	1.718213e+01	1.210731e-08	-1.002824e-14	3.542707e-01
0	17	R2	1.694915e+01	1.694915e+01	1.193179e-08	-1.030583e-14	3.447285e-01
0	19	R2	1.522070e+01	1.522070e+01	1.062447e-08	-5.898174e-15	3.011706e-01
0	20	R2	1.677852e+01	1.677852e+01	1.180314e-08	1.051651e-14	3.378226e-01
0	21	R2	1.631321e+01	1.631321e+01	1.145190e-08	-9.535712e-15	3.725693e-01
0	23	R2	1.680672e+01	1.680672e+01	1.182441e-08	1.048125e-14	3.389591e-01
0	24	R2	1.607717e+01	1.607717e+01	1.127346e-08	1.374488e-14	5.169508e-01
0	25	R2	1.623377e+01	1.623377e+01	1.139186e-08	0.000000e+00	3.425957e-01
0	26	R2	1.730104e+01	1.730104e+01	1.219684e-08	-9.890873e-15	3.591911e-01
0	27	R2	1.579779e+01	1.579779e+01	1.106204e-08	-1.095026e-14	3.244412e-01
0	28	R2	1.736111e+01	1.736111e+01	1.224205e-08	0.000000e+00	3.616898e-01
0	29	R2	1.652893e+01	1.652893e+01	1.161481e-08	1.083652e-14	3.278465e-01
0	30	R2	1.650165e+01	1.650165e+01	1.159422e-08	0.000000e+00	5.173785e-01
0	31	R2	1.663894e+01	1.663894e+01	1.169784e-08	0.000000e+00	3.322250e-01
0	32	R2	1.675042e+01	1.675042e+01	1.178194e-08	-6.664311e-15	5.330954e-01
0	33	R2	1.801802e+01	1.801802e+01	1.273590e-08	1.989681e-14	3.571139e-01
0	34	R2	1.697793e+01	1.697793e+01	1.195347e-08	0.000000e+00	4.900251e-01
0	35	R2	1.976285e+01	1.976285e+01	1.404299e-08	0.000000e+00	1.601337e+00
0	36	R2	1.168224e+01	1.168224e+01	7.908753e-09	-5.006156e-15	7.096690e-01
0	37	R2	1.724138e+01	1.724138e+01	1.215192e-08	-9.959441e-15	3.567182e-01
0	38	R2	1.838235e+01	1.838235e+01	1.300936e-08	1.911593e-14	3.717020e-01
0	39	R2	1.733102e+01	1.733102e+01	1.221941e-08	0.000000e+00	5.406558e-01
0	40	R2	1.824818e+01	1.824818e+01	1.290869e-08	0.000000e+00	3.662955e-01
0	41	R2	1.739130e+01	1.739130e+01	1.226478e-08	0.000000e+00	3.629490e-01
0	43	R2	1.992032e+01	1.992032e+01	1.416067e-08	-7.460817e-15	4.761829e-01
0	46	R2	1.351351e+01	1.351351e+01	9.322267e-09	3.890932e-15	4.565376e-01
0	48	R2	1.555210e+01	1.555210e+01	1.087589e-08	-1.546175e-14	4.595488e-01
0	52	R2	2.159827e+01	2.159827e+01	1.541203e-08	2.058356e-15	1.725996e+00
0	53	R2	2.217295e+01	2.217295e+01	1.583966e-08	2.408752e-15	1.474919e+00
0	54	R2	1.754386e+01	1.754386e+01	1.237955e-08	1.049342e-14	3.385657e-01
0	55	R2	1.742160e+01	1.742160e+01	1.228758e-08	8.072648e-15	8.801855e-01
0	56	R2	1.805054e+01	1.805054e+01	1.276033e-08	7.269231e-15	4.887331e-01
0	57	R2	1.631321e+01	1.631321e+01	1.145190e-08	-1.112500e-14	3.193451e-01
0	58	R2	1.636661e+01	1.636661e+01	1.149224e-08	-1.020233e-14	6.964516e-01
0	60	R2	1.683502e+01	1.683502e+01	1.184574e-08	-6.267626e-15	5.668356e-01
0	61	R2	1.631321e+01	1.631321e+01	1.145190e-08	-1.112500e-14	3.193451e-01
0	62	R2	1.623377e+01	1.623377e+01	1.139186e-08	0.000000e+00	3.162422e-01
0	63	R2	1.703578e+01	1.703578e+01	1.199707e-08	0.000000e+00	3.482612e-01
0	64	R2	1.610306e+01	1.610306e+01	1.129304e-08	9.133814e-15	3.889628e-01
0	65	R2	1.658375e+01	1.658375e+01	1.165619e-08	-1.435332e-14	4.950373e-01
0	66	R2	1.706485e+01	1.706485e+01	1.201897e-08	1.016656e-14	3.494508e-01
0	67	R2	1.631321e+01	1.631321e+01	1.145190e-08	-9.535712e-15	3.725693e-01
0	68	R2	1.742160e+01	1.742160e+01	1.228758e-08	1.950890e-14	3.642147e-01
0	69	R2	1.663894e+01	1.663894e+01	1.169784e-08	0.000000e+00	8.582479e-01
0	71	R2	1.620746e+01	1.620746e+01	1.137197e-08	0.000000e+00	4.465587e-01
0	76	R2	1.618123e+01	1.618123e+01	1.135215e-08	-2.261444e-14	3.141986e-01
0	77	R2	2.150538e+01	2.150538e+01	1.534287e-08	-6.401546e-15	5.549775e-01
0	78	R2	1.805054e+01	1.805054e+01	1.276033e-08	9.912588e-15	3.584043e-01
0	79	R2	1.834862e+01	1.834862e+01	1.298406e-08	0.000000e+00	3.703392e-01
0	80	R2	1.776199e+01	1.776199e+01	1.254355e-08	0.000000e+00	3.470371e-01
0	82	R2	1.769912e+01	1.769912e+01	1.249629e-08	0.000000e+00	6.265173e-01
0	83	R2	1.594896e+01	1.594896e+01	1.117647e-08	1.074365e-14	3.306803e-01
0	84	R2	1.612903e+01	1.612903e+01	1.131268e-08	9.104421e-15	3.902185e-01
0	87	R2	1.477105e+01	1.477105e+01	1.028269e-08	-4.285031e-15	4.145494e-01
0	88	R2	1.675042e+01	1.675042e+01	1.178194e-08	-1.055183e-14	3.366918e-01
0	89	R2	1.404494e+01	1.404494e+01	9.729012e-09	6.432239e-15	2.761646e-01
0	92	R2	1.785714e+01	1.785714e+01	1.261506e-08	7.958079e-15	4.464286e-01
0	93	R2	1.618123e+01	1.618123e+01	1.135215e-08	-2.261444e-14	3.141986e-01
0	94	R2	1.694915e+01	1.694915e+01	1.193179e-08	-1.030583e-14	3.447285e-01
0	95	R2	1.727116e+01	1.727116e+01	1.217434e-08	0.000000e+00	3.877807e-01
0	96	R2	1.763668e+01	1.763668e+01	1.244935e-08	2.076652e-14	3.421579e-01
0	97	R2	1.639344e+01	1.639344e+01	1.151250e-08	0.000000e+00	3.224940e-01
0	98	R2	1.727116e+01	1.727116e+01	1.217434e-08	0.000000e+00	3.877807e-01
0	99	R2	1.733102e+01	1.733102e+01	1.221941e-08	0.000000e+00	3.604372e-01
0	100	R2	1.582278e+01	1.582278e+01	1.108096e-08	5.457843e-15	3.254687e-01
0	101	R2	1.694915e+01	1.694915e+01	1.193179e-08	-1.030583e-14	3.447285e-01
0	104	R2	1.666667e+01	1.666667e+01	1.171876e-08	1.065814e-14	3.333333e-01
0	105	R2	1.828154e+01	1.828154e+01	1.293372e-08	-8.858366e-15	4.010575e-01
0	106	R2	1.610306e+01	1.610306e+01	1.129304e-08	1.141727e-14	3.111702e-01
0	107	R2	1.612903e+01	1.612903e+01	1.131268e-08	1.138053e-14	3.121748e-01
0	108	R2	1.669449e+01	1.669449e+01	1.173976e-08	-1.062264e-14	3.344472e-01
0	109	R2	1.652893e+01	1.652893e+01	1.161481e-08	8.669213e-15	4.098081e-01
0	110	R2	1.706485e+01	1.706485e+01	1.201897e-08	1.016656e-14	3.494508e-01
0	112	R2	1.683502e+01	1.683502e+01	1.184574e-08	-9.642502e-15	3.684431e-01
0	113	R2	1.694915e+01	1.694915e+01	1.193179e-08	-1.030583e-14	3.447285e-01
0	115	R2	1.841621e+01	1.841621e+01	1.303476e-08	5.819523e-15	6.104820e-01
0	116	R2	1.721170e+01	1.721170e+01	1.212958e-08	4.283063e-15	8.294797e-01
0	117	R2	1.715266e+01	1.715266e+01	1.208511e-08	1.006274e-14	3.530564e-01
0	118	R2	1.689189e+01	1.689189e+01	1.188862e-08	1.037582e-14	3.424032e-01
0	119	R2	1.736111e+01	1.736111e+01	1.224205e-08	0.000000e+00	3.616898e-01
0	120	R2	1.736111e+01	1.736111e+01	1.224205e-08	0.000000e+00	3.616898e-01
0	122	R2	1.697793e+01	1.697793e+01	1.195347e-08	0.000000e+00	3.459001e-01
0	123	R2	1.754386e+01	1.754386e+01	1.237955e-08	6.075140e-15	5.847953e-01
0	124	R2	1.727116e+01	1.727116e+01	1.217434e-08	0.000000e+00	3.579514e-01
0	125	R2	1.811594e+01	1.811594e+01	1.280943e-08	-6.367800e-15	5.579185e-01
0	127	R2	1.639344e+01	1.639344e+01	1.151250e-08	0.000000e+00	4.568664e-01
0	128	R2	1.795332e+01	1.795332e+01	1.268731e-08	-1.002024e-14	3.545539e-01
0	129	R2	1.700680e+01	1.700680e+01	1.197523e-08	0.000000e+00	3.470776e-01
0	130	R2	1.754386e+01	1.754386e+01	1.237955e-08	7.214229e-15	4.924592e-01
0	131	R2	1.543210e+01	1.543210e+01	1.078490e-08	5.737687e-15	3.095946e-01
0	132	R2	1.597444e+01	1.597444e+01	1.119575e-08	0.000000e+00	3.317376e-01
0	133	R2	1.715266e+01	1.715266e+01	1.208511e-08	1.006274e-14	3.530564e-01
0	134	R2	1.661130e+01	1.661130e+01	1.167698e-08	0.000000e+00	3.311222e-01
0	135	R2	1.766784e+01	1.766784e+01	1.247278e-08	0.000000e+00	3.433680e-01
0	136	R2	1.792115e+01	1.792115e+01	1.266314e-08	-1.005625e-14	3.532843e-01
0	137	R2	2.123142e+01	2.123142e+01	1.513882e-08	1.313563e-14	5.409280e-01
0	138	R2	1.792115e+01	1.792115e+01	1.266314e-08	-6.145484e-15	5.781015e-01
0	139	R2	1.766784e+01	1.766784e+01	1.247278e-08	0.000000e+00	4.057985e-01
0	140	R2	1.694915e+01	1.694915e+01	1.193179e-08	-1.030583e-14	3.447285e-01
0	141	R2	1.733102e+01	1.733102e+01	1.221941e-08	0.000000e+00	3.604372e-01
0	142	R2	1.739130e+01	1.739130e+01	1.226478e-08	0.000000e+00	5.444234e-01
0	143	R2	1.620746e+01	1.620746e+01	1.137197e-08	0.000000e+00	4.728269e-01
0	144	R2	1.597444e+01	1.597444e+01	1.119575e-08	0.000000e+00	3.572559e-01
0	146	R2	1.412429e+01	1.412429e+01	9.789630e-09	-5.983802e-07	3.191931e-01
0	148	R2	1.730104e+01	1.730104e+01	1.219684e-08	-9.890873e-15	3.591911e-01
0	150	R2	1.658375e+01	1.658375e+01	1.165619e-08	-2.152998e-14	3.300248e-01
0	151	R2	1.792115e+01	1.792115e+01	1.266314e-08	-1.005625e-14	3.532843e-01
0	152	R2	1.785714e+01	1.785714e+01	1.261506e-08	1.012846e-14	3.507653e-01
0	154	R2	1.724138e+01	1.724138e+01	1.215192e-08	-9.193330e-15	3.864447e-01
0	155	R2	1.757469e+01	1.757469e+01	1.240274e-08	-1.045664e-14	3.397568e-01
0	156	R2	1.788909e+01	1.788909e+01	1.263906e-08	-1.009232e-14	3.520214e-01
0	157	R2	1.776199e+01	1.776199e+01	1.254355e-08	0.000000e+00	3.470371e-01
0	158	R2	1.872659e+01	1.872659e+01	1.326747e-08	-9.209797e-15	3.857538e-01
0	159	R2	1.733102e+01	1.733102e+01	1.221941e-08	0.000000e+00	3.604372e-01
0	160	R2	1.795332e+01	1.795332e+01	1.268731e-08	-1.002024e-14	3.545539e-01
0	161	R2	1.642036e+01	1.642036e+01	1.153283e-08	1.098028e-14	3.235539e-01
0	162	R2	1.818182e+01	1.818182e+01	1.285889e-08	1.953993e-14	3.636364e-01
0	165	R2	1.607717e+01	1.607717e+01	1.127346e-08	2.290813e-14	3.101705e-01
0	167	R2	1.692047e+01	1.692047e+01	1.191017e-08	0.000000e+00	3.435629e-01
0	168	R2	1.834862e+01	1.834862e+01	1.298406e-08	0.000000e+00	3.703392e-01
0	169	R2	1.745201e+01	1.745201e+01	1.231045e-08	-9.720491e-15	3.654871e-01
0	171	R2	1.712329e+01	1.712329e+01	1.206299e-08	-1.009729e-14	3.518484e-01
0	173	R2	3.003003e+01	3.003003e+01	2.165367e-08	-2.317393e-15	1.533065e+00
0	175	R2	1.375516e+01	1.375516e+01	9.507385e-09	5.215867e-15	3.405679e-01
0	176	R2	2.695418e+01	2.695418e+01	1.938346e-08	6.985701e-15	5.085694e-01
0	178	R2	2.036660e+01	2.036660e+01	1.449393e-08	-8.564918e-15	4.147983e-01
0	179	R2	7.479432e+00	7.479432e+00	4.565391e-09	0.000000e+00	1.510431e-01


1	4	NOE	-8.600000e-02	-8.600000e-02	9.777895e-10	-2.775558e-15	5.000000e-02
1	5	NOE	1.760000e-01	1.760000e-01	1.195783e-09	-3.330669e-15	5.000000e-02
1	6	NOE	-1.150000e-01	-1.150000e-01	9.590033e-10	4.163336e-15	5.000000e-02
1	7	NOE	6.200000e-02	6.200000e-02	1.088237e-09	-1.110223e-15	5.000000e-02
1	8	NOE	4.930000e-01	4.930000e-01	1.724713e-09	-2.220446e-15	5.000000e-02
1	9	NOE	7.060000e-01	7.060000e-01	2.880083e-09	0.000000e+00	5.000000e-02
1	11	NOE	8.390000e-01	8.344307e-01	1.739019e-05	9.138684e-02	5.000000e-02
1	14	NOE	7.770000e-01	7.770000e-01	4.340232e-09	-2.220446e-15	5.000000e-02
1	15	NOE	7.900000e-01	7.900000e-01	4.941403e-09	-4.440892e-15	5.000000e-02
1	16	NOE	7.020000e-01	7.020000e-01	2.835013e-09	0.000000e+00	5.000000e-02
1	17	NOE	8.120000e-01	8.120000e-01	6.970975e-09	-1.330597e-08	5.000000e-02
1	19	NOE	7.840000e-01	7.840000e-01	4.635158e-09	-2.973670e-08	5.000000e-02
1	20	NOE	7.520000e-01	7.520000e-01	3.613005e-09	0.000000e+00	5.000000e-02
1	21	NOE	7.370000e-01	7.370000e-01	3.317866e-09	2.220446e-15	5.000000e-02
1	23	NOE	8.310000e-01	8.310000e-01	1.786097e-08	0.000000e+00	5.000000e-02
1	24	NOE	7.240000e-01	7.240000e-01	3.112059e-09	0.000000e+00	5.400000e-02
1	25	NOE	8.370000e-01	8.344307e-01	2.580892e-05	5.138680e-02	5.000000e-02
1	26	NOE	8.070000e-01	8.070000e-01	6.300345e-09	-2.220446e-15	5.000000e-02
1	27	NOE	7.630000e-01	7.630000e-01	3.885860e-09	2.220446e-15	5.000000e-02
1	28	NOE	8.580000e-01	8.344307e-01	2.061991e-05	4.713868e-01	5.000000e-02
1	29	NOE	7.840000e-01	7.840000e-01	4.635158e-09	-2.973670e-08	5.000000e-02
1	30	NOE	7.780000e-01	7.780000e-01	4.378991e-09	0.000000e+00	5.200000e-02
1	31	NOE	7.430000e-01	7.430000e-01	3.427232e-09	2.220446e-15	5.000000e-02
1	32	NOE	8.240000e-01	8.240000e-01	1.023563e-08	-5.743866e-09	5.400000e-02
1	33	NOE	8.420000e-01	8.344307e-01	3.979613e-05	1.484184e-01	5.100000e-02
1	34	NOE	8.640000e-01	8.344307e-01	2.550188e-05	4.549129e-01	6.500000e-02
1	35	NOE	8.690000e-01	8.344307e-01	2.821720e-05	3.717133e-01	9.300000e-02
1	36	NOE	8.070000e-01	8.070000e-01	6.300345e-09	-2.018587e-15	5.500000e-02
1	37	NOE	7.910000e-01	7.910000e-01	4.998504e-09	0.000000e+00	5.000000e-02
1	38	NOE	9.160000e-01	8.344307e-01	1.846745e-05	1.631387e+00	5.000000e-02
1	39	NOE	7.690000e-01	7.690000e-01	4.062748e-09	0.000000e+00	5.000000e-02
1	40	NOE	8.320000e-01	8.320000e-01	2.122159e-08	0.000000e+00	5.000000e-02
1	41	NOE	8.490000e-01	8.344307e-01	1.892683e-05	2.698026e-01	5.400000e-02
1	43	NOE	6.490000e-01	6.490000e-01	2.381899e-09	-1.061625e-07	5.000000e-02
1	46	NOE	5.370000e-01	5.370000e-01	1.857208e-09	1.586033e-15	7.000000e-02
1	48	NOE	4.070000e-01	4.070000e-01	1.526149e-09	2.921640e-15	5.700000e-02
1	52	NOE	8.790000e-01	8.344307e-01	1.980699e-05	4.165359e-01	1.070000e-01
1	53	NOE	8.490000e-01	8.344307e-01	1.892683e-05	1.048154e-01	1.390000e-01
1	54	NOE	8.070000e-01	8.070000e-01	6.300345e-09	-1.914178e-15	5.800000e-02
1	55	NOE	8.030000e-01	8.030000e-01	5.883286e-09	0.000000e+00	5.000000e-02
1	56	NOE	7.880000e-01	7.880000e-01	4.832769e-09	-1.802739e-08	7.600000e-02
1	57	NOE	9.010000e-01	8.344307e-01	1.555529e-05	1.147747e+00	5.800000e-02
1	58	NOE	8.610000e-01	8.344307e-01	2.105656e-05	5.313868e-01	5.000000e-02
1	60	NOE	8.390000e-01	8.344307e-01	1.739019e-05	9.138684e-02	5.000000e-02
1	61	NOE	8.220000e-01	8.220000e-01	9.374124e-09	0.000000e+00	5.000000e-02
1	62	NOE	7.750000e-01	7.750000e-01	4.265658e-09	2.220446e-15	5.000000e-02
1	63	NOE	7.780000e-01	7.780000e-01	4.378991e-09	0.000000e+00	5.000000e-02
1	64	NOE	7.570000e-01	7.570000e-01	3.729850e-09	2.220446e-15	5.000000e-02
1	65	NOE	7.900000e-01	7.900000e-01	4.941403e-09	-4.440892e-15	5.000000e-02
1	66	NOE	8.800000e-01	8.344307e-01	2.377074e-05	9.113868e-01	5.000000e-02
1	67	NOE	8.510000e-01	8.344307e-01	2.598583e-05	3.313868e-01	5.000000e-02
1	68	NOE	9.510000e-01	8.344307e-01	3.007304e-05	1.766202e+00	6.600000e-02
1	69	NOE	9.300000e-01	8.344307e-01	2.408043e-05	1.137730e+00	8.400000e-02
1	71	NOE	8.180000e-01	8.180000e-01	8.150141e-09	1.790682e-15	6.200000e-02
1	76	NOE	6.170000e-01	6.170000e-01	2.191836e-09	0.000000e+00	5.000000e-02
1	77	NOE	7.580000e-01	7.580000e-01	3.754577e-09	0.000000e+00	5.000000e-02
1	78	NOE	7.740000e-01	7.740000e-01	4.229762e-09	2.055969e-15	5.400000e-02
1	79	NOE	7.670000e-01	7.670000e-01	4.001181e-09	-2.220446e-15	5.000000e-02
1	80	NOE	8.520000e-01	8.344307e-01	2.660826e-05	3.137382e-01	5.600000e-02
1	82	NOE	8.320000e-01	8.320000e-01	2.122159e-08	0.000000e+00	6.900000e-02
1	83	NOE	7.620000e-01	7.620000e-01	3.858525e-09	2.220446e-15	5.000000e-02
1	84	NOE	8.050000e-01	8.050000e-01	6.081204e-09	0.000000e+00	5.400000e-02
1	87	NOE	7.400000e-01	7.400000e-01	3.371255e-09	0.000000e+00	6.600000e-02
1	88	NOE	7.720000e-01	7.720000e-01	4.160563e-09	0.000000e+00	5.000000e-02
1	89	NOE	6.350000e-01	6.350000e-01	2.293208e-09	0.000000e+00	5.000000e-02
1	92	NOE	7.590000e-01	7.590000e-01	3.779791e-09	2.220446e-15	5.000000e-02
1	93	NOE	6.760000e-01	6.760000e-01	2.584579e-09	0.000000e+00	5.000000e-02
1	94	NOE	7.500000e-01	7.500000e-01	3.569183e-09	0.000000e+00	5.000000e-02
1	95	NOE	8.690000e-01	8.344307e-01	2.821720e-05	6.064796e-01	5.700000e-02
1	96	NOE	8.330000e-01	8.330000e-01	2.766418e-08	-1.423363e-15	7.800000e-02
1	97	NOE	7.560000e-01	7.560000e-01	3.705595e-09	-4.440892e-15	5.000000e-02
1	98	NOE	8.490000e-01	8.344307e-01	1.892683e-05	2.913868e-01	5.000000e-02
1	99	NOE	7.180000e-01	7.180000e-01	3.028830e-09	0.000000e+00	5.000000e-02
1	100	NOE	7.730000e-01	7.730000e-01	4.194742e-09	2.220446e-15	5.000000e-02
1	101	NOE	6.990000e-01	6.990000e-01	2.802516e-09	4.440892e-15	5.000000e-02
1	104	NOE	6.610000e-01	6.610000e-01	2.466198e-09	2.220446e-15	5.000000e-02
1	105	NOE	7.220000e-01	7.220000e-01	3.083583e-09	1.947760e-15	5.700000e-02
1	106	NOE	8.670000e-01	8.344307e-01	2.669689e-05	6.513868e-01	5.000000e-02
1	107	NOE	7.870000e-01	7.870000e-01	4.781038e-09	-2.798578e-08	5.000000e-02
1	108	NOE	8.060000e-01	8.060000e-01	6.187890e-09	0.000000e+00	5.300000e-02
1	109	NOE	7.930000e-01	7.930000e-01	5.118828e-09	0.000000e+00	5.200000e-02
1	110	NOE	8.580000e-01	8.344307e-01	2.061991e-05	4.713868e-01	5.000000e-02
1	112	NOE	8.220000e-01	8.220000e-01	9.374124e-09	0.000000e+00	6.400000e-02
1	113	NOE	8.410000e-01	8.344307e-01	2.322976e-05	1.313868e-01	5.000000e-02
1	115	NOE	9.000000e-01	8.344307e-01	2.313906e-05	1.214247e+00	5.400000e-02
1	116	NOE	8.390000e-01	8.344307e-01	1.739019e-05	6.174787e-02	7.400000e-02
1	117	NOE	8.680000e-01	8.344307e-01	2.986049e-05	6.713868e-01	5.000000e-02
1	118	NOE	8.740000e-01	8.344307e-01	2.247786e-05	7.913868e-01	5.000000e-02
1	119	NOE	8.720000e-01	8.344307e-01	1.904269e-05	7.513868e-01	5.000000e-02
1	120	NOE	7.790000e-01	7.790000e-01	4.418789e-09	-2.220446e-15	5.000000e-02
1	122	NOE	8.190000e-01	8.190000e-01	8.410981e-09	0.000000e+00	6.000000e-02
1	123	NOE	9.010000e-01	8.344307e-01	1.555529e-05	9.119088e-01	7.300000e-02
1	124	NOE	8.030000e-01	8.030000e-01	5.883286e-09	0.000000e+00	5.000000e-02
1	125	NOE	7.630000e-01	7.630000e-01	3.885860e-09	2.220446e-15	5.000000e-02
1	127	NOE	7.270000e-01	7.270000e-01	3.156243e-09	2.094760e-15	5.300000e-02
1	128	NOE	7.090000e-01	7.090000e-01	2.915278e-09	2.220446e-15	5.000000e-02
1	129	NOE	7.590000e-01	7.590000e-01	3.779791e-09	2.220446e-15	5.000000e-02
1	130	NOE	7.320000e-01	7.320000e-01	3.234117e-09	0.000000e+00	5.000000e-02
1	131	NOE	6.310000e-01	6.310000e-01	2.269540e-09	0.000000e+00	5.000000e-02
1	132	NOE	7.980000e-01	7.980000e-01	5.461736e-09	0.000000e+00	5.000000e-02
1	133	NOE	8.110000e-01	8.110000e-01	6.819867e-09	-1.197949e-08	5.800000e-02
1	134	NOE	7.260000e-01	7.260000e-01	3.141313e-09	0.000000e+00	5.000000e-02
1	135	NOE	7.160000e-01	7.160000e-01	3.002491e-09	0.000000e+00	5.000000e-02
1	136	NOE	7.250000e-01	7.250000e-01	3.126586e-09	-2.176908e-15	5.100000e-02
1	137	NOE	7.290000e-01	7.290000e-01	3.186732e-09	-1.708035e-15	6.500000e-02
1	138	NOE	8.310000e-01	8.310000e-01	1.786097e-08	0.000000e+00	5.300000e-02
1	139	NOE	8.230000e-01	8.230000e-01	9.776613e-09	0.000000e+00	5.300000e-02
1	140	NOE	8.350000e-01	8.344307e-01	2.055677e-05	9.649851e-03	5.900000e-02
1	141	NOE	7.760000e-01	7.760000e-01	4.302469e-09	0.000000e+00	5.200000e-02
1	142	NOE	7.580000e-01	7.580000e-01	3.754577e-09	0.000000e+00	5.000000e-02
1	143	NOE	8.610000e-01	8.344307e-01	2.105656e-05	4.830789e-01	5.500000e-02
1	144	NOE	6.880000e-01	6.880000e-01	2.691948e-09	2.220446e-15	5.000000e-02
1	146	NOE	7.210000e-01	7.210000e-01	3.069626e-09	-2.220446e-15	5.000000e-02
1	148	NOE	9.390000e-01	8.344307e-01	2.894590e-05	2.091387e+00	5.000000e-02
1	150	NOE	7.860000e-01	7.860000e-01	4.730913e-09	-2.856967e-08	5.000000e-02
1	151	NOE	8.810000e-01	8.344307e-01	2.180731e-05	9.313868e-01	5.000000e-02
1	152	NOE	7.820000e-01	7.820000e-01	4.544915e-09	0.000000e+00	5.000000e-02
1	154	NOE	8.670000e-01	8.344307e-01	2.669689e-05	6.513868e-01	5.000000e-02
1	155	NOE	9.100000e-01	8.344307e-01	2.511027e-05	1.511387e+00	5.000000e-02
1	156	NOE	7.640000e-01	7.640000e-01	3.913771e-09	0.000000e+00	5.000000e-02
1	157	NOE	8.200000e-01	8.200000e-01	8.698455e-09	0.000000e+00	5.000000e-02
1	158	NOE	7.830000e-01	7.830000e-01	4.589381e-09	-3.031984e-08	5.000000e-02
1	159	NOE	8.930000e-01	8.344307e-01	2.786862e-05	1.171387e+00	5.000000e-02
1	160	NOE	8.210000e-01	8.210000e-01	9.017431e-09	2.220446e-15	5.000000e-02
1	161	NOE	9.040000e-01	8.344307e-01	2.257626e-05	1.391387e+00	5.000000e-02
1	162	NOE	8.330000e-01	8.330000e-01	2.766418e-08	-2.220446e-15	5.000000e-02
1	165	NOE	7.760000e-01	7.760000e-01	4.302469e-09	0.000000e+00	5.000000e-02
1	167	NOE	8.460000e-01	8.344307e-01	2.604892e-05	2.313868e-01	5.000000e-02
1	168	NOE	7.470000e-01	7.470000e-01	3.506275e-09	0.000000e+00	5.000000e-02
1	169	NOE	7.020000e-01	7.020000e-01	2.835013e-09	0.000000e+00	5.000000e-02
1	171	NOE	7.370000e-01	7.370000e-01	3.317866e-09	2.220446e-15	5.000000e-02
1	173	NOE	9.920000e-01	8.344307e-01	2.503372e-05	7.129834e-01	2.210000e-01
1	175	NOE	6.170000e-01	6.170000e-01	2.191836e-09	0.000000e+00	6.100000e-02
1	176	NOE	8.710000e-01	8.344307e-01	2.778991e-05	4.353493e-01	8.400000e-02
1	178	NOE	6.820000e-01	6.820000e-01	2.636696e-09	-2.220446e-15	5.000000e-02
1	179	NOE	-1.450000e-01	-1.450000e-01	9.403786e-10	5.551115e-16	5.000000e-02


2	4	R1	1.298701e+00	1.298701e+00	3.997761e-10	-5.063471e-15	4.385225e-02
2	5	R1	1.418440e+00	1.418440e+00	9.434274e-09	0.000000e+00	5.231125e-02
2	6	R1	1.457726e+00	1.457726e+00	9.137955e-09	5.499648e-15	4.037433e-02
2	7	R1	1.492537e+00	1.492537e+00	8.887134e-09	7.667371e-15	2.895968e-02
2	8	R1	1.200480e+00	1.200480e+00	1.139799e-08	-9.063195e-15	2.449960e-02
2	9	R1	1.010101e+00	1.010101e+00	1.375762e-08	0.000000e+00	4.795429e-02
2	11	R1	9.708738e-01	9.708738e-01	1.435335e-08	1.121748e-14	1.979451e-02
2	14	R1	9.813543e-01	9.813543e-01	1.418970e-08	-1.729218e-14	1.926112e-02
2	15	R1	1.061571e+00	1.061571e+00	1.304022e-08	5.970739e-15	3.718880e-02
2	16	R1	1.009082e+00	1.009082e+00	1.377254e-08	4.914311e-07	2.851089e-02
2	17	R1	9.671180e-01	9.671180e-01	1.441283e-08	-1.130478e-14	1.964166e-02
2	19	R1	9.225092e-01	9.225092e-01	1.515500e-08	-5.929883e-15	1.872251e-02
2	20	R1	1.004016e+00	1.004016e+00	1.384710e-08	0.000000e+00	3.326559e-02
2	21	R1	9.596929e-01	9.596929e-01	1.453174e-08	-5.740191e-15	1.934122e-02
2	23	R1	9.416196e-01	9.416196e-01	1.482873e-08	5.962659e-15	1.861960e-02
2	24	R1	9.041591e-01	9.041591e-01	1.548084e-08	2.469209e-15	4.496271e-02
2	25	R1	9.115770e-01	9.115770e-01	1.534759e-08	3.425775e-15	3.240793e-02
2	26	R1	1.008065e+00	1.008065e+00	1.378745e-08	-2.185061e-14	2.032388e-02
2	27	R1	9.310987e-01	9.310987e-01	1.500675e-08	-1.113579e-14	1.993973e-02
2	28	R1	9.532888e-01	9.532888e-01	1.463573e-08	-1.110628e-14	2.998907e-02
2	29	R1	9.478673e-01	9.478673e-01	1.472483e-08	-3.861581e-15	2.875048e-02
2	30	R1	9.920635e-01	9.920635e-01	1.402592e-08	-1.219522e-14	3.641503e-02
2	31	R1	9.310987e-01	9.310987e-01	1.500675e-08	-6.098170e-15	1.820584e-02
2	32	R1	1.008065e+00	1.008065e+00	1.378745e-08	-1.248606e-14	3.556679e-02
2	33	R1	9.551098e-01	9.551098e-01	1.460602e-08	1.303968e-14	2.554257e-02
2	34	R1	9.149131e-01	9.149131e-01	1.528835e-08	2.411503e-15	4.603863e-02
2	35	R1	9.124088e-01	9.124088e-01	1.533278e-08	2.424759e-15	4.578694e-02
2	36	R1	9.165903e-01	9.165903e-01	1.525872e-08	0.000000e+00	2.856468e-02
2	37	R1	9.746589e-01	9.746589e-01	1.429386e-08	-7.083061e-15	3.134868e-02
2	38	R1	9.140768e-01	9.140768e-01	1.530316e-08	0.000000e+00	2.673716e-02
2	39	R1	9.433962e-01	9.433962e-01	1.479905e-08	2.772104e-15	4.004984e-02
2	40	R1	9.803922e-01	9.803922e-01	1.420458e-08	-2.511035e-15	4.421376e-02
2	41	R1	9.980040e-01	9.980040e-01	1.393653e-08	2.653972e-15	4.183250e-02
2	43	R1	9.765625e-01	9.765625e-01	1.426410e-08	7.937408e-15	4.196167e-02
2	46	R1	1.123596e+00	1.123596e+00	1.225935e-08	0.000000e+00	5.681101e-02
2	48	R1	1.170960e+00	1.170960e+00	1.171607e-08	7.711461e-15	2.879410e-02
2	52	R1	9.615385e-01	9.615385e-01	1.450202e-08	6.927792e-15	4.807692e-02
2	53	R1	9.615385e-01	9.615385e-01	1.450202e-08	0.000000e+00	4.807692e-02
2	54	R1	9.920635e-01	9.920635e-01	1.402592e-08	8.355983e-15	2.657313e-02
2	55	R1	9.505703e-01	9.505703e-01	1.468028e-08	0.000000e+00	3.523978e-02
2	56	R1	9.708738e-01	9.708738e-01	1.435335e-08	4.530137e-15	4.901499e-02
2	57	R1	8.826125e-01	8.826125e-01	1.588021e-08	0.000000e+00	3.349721e-02
2	58	R1	9.433962e-01	9.433962e-01	1.479905e-08	7.196807e-15	4.627981e-02
2	60	R1	1.070664e+00	1.070664e+00	1.292035e-08	6.053186e-15	3.668227e-02
2	61	R1	1.036269e+00	1.036269e+00	1.338435e-08	0.000000e+00	2.040323e-02
2	62	R1	9.074410e-01	9.074410e-01	1.542163e-08	6.128451e-15	1.811588e-02
2	63	R1	1.001001e+00	1.001001e+00	1.389182e-08	5.036380e-15	4.408813e-02
2	64	R1	1.001001e+00	1.001001e+00	1.389182e-08	5.036380e-15	4.408813e-02
2	65	R1	9.259259e-01	9.259259e-01	1.509571e-08	-3.320421e-15	3.343621e-02
2	66	R1	9.478673e-01	9.478673e-01	1.472483e-08	-3.251858e-15	3.414119e-02
2	67	R1	9.891197e-01	9.891197e-01	1.407060e-08	1.565217e-14	2.837237e-02
2	68	R1	9.680542e-01	9.680542e-01	1.439796e-08	3.384877e-15	3.279951e-02
2	69	R1	9.624639e-01	9.624639e-01	1.448716e-08	3.153971e-15	3.520080e-02
2	71	R1	9.708738e-01	9.708738e-01	1.435335e-08	-1.812055e-14	3.676124e-02
2	76	R1	1.017294e+00	1.017294e+00	1.365318e-08	0.000000e+00	2.069774e-02
2	77	R1	8.756567e-01	8.756567e-01	1.601321e-08	0.000000e+00	2.070292e-02
2	78	R1	9.099181e-01	9.099181e-01	1.537721e-08	-3.438278e-15	3.229009e-02
2	79	R1	9.090909e-01	9.090909e-01	1.539202e-08	-4.198031e-15	2.644628e-02
2	80	R1	9.090909e-01	9.090909e-01	1.539202e-08	-2.442491e-15	4.545455e-02
2	82	R1	9.523810e-01	9.523810e-01	1.465058e-08	-4.800082e-15	4.625850e-02
2	83	R1	8.826125e-01	8.826125e-01	1.588021e-08	-1.125143e-14	2.960219e-02
2	84	R1	9.049774e-01	9.049774e-01	1.546604e-08	-3.663811e-15	3.030241e-02
2	87	R1	9.718173e-01	9.718173e-01	1.433848e-08	-6.187103e-15	3.588830e-02
2	88	R1	9.680542e-01	9.680542e-01	1.439796e-08	3.821635e-15	2.905100e-02
2	89	R1	9.960159e-01	9.960159e-01	1.396633e-08	1.119123e-14	1.984095e-02
2	92	R1	1.006036e+00	1.006036e+00	1.381728e-08	0.000000e+00	2.024218e-02
2	93	R1	1.027749e+00	1.027749e+00	1.350388e-08	9.555276e-15	2.323791e-02
2	94	R1	9.514748e-01	9.514748e-01	1.466543e-08	3.832355e-15	2.896974e-02
2	95	R1	9.803922e-01	9.803922e-01	1.420458e-08	-9.625634e-15	3.460208e-02
2	96	R1	9.970090e-01	9.970090e-01	1.395143e-08	2.906616e-07	4.771329e-02
2	97	R1	1.092896e+00	1.092896e+00	1.263529e-08	8.082665e-15	2.747171e-02
2	98	R1	9.460738e-01	9.460738e-01	1.475452e-08	-3.876236e-15	2.864178e-02
2	99	R1	1.007049e+00	1.007049e+00	1.380237e-08	1.094734e-14	2.028297e-02
2	100	R1	9.823183e-01	9.823183e-01	1.417482e-08	0.000000e+00	2.605363e-02
2	101	R1	9.551098e-01	9.551098e-01	1.460602e-08	1.587439e-14	2.098140e-02
2	104	R1	9.871668e-01	9.871668e-01	1.410038e-08	5.696382e-15	1.948997e-02
2	105	R1	9.066183e-01	9.066183e-01	1.543644e-08	0.000000e+00	2.630262e-02
2	106	R1	9.587728e-01	9.587728e-01	1.454660e-08	-4.831020e-15	2.298113e-02
2	107	R1	9.442871e-01	9.442871e-01	1.478421e-08	-1.204930e-14	2.764202e-02
2	108	R1	9.380863e-01	9.380863e-01	1.488809e-08	3.604596e-15	3.080021e-02
2	109	R1	9.442871e-01	9.442871e-01	1.478421e-08	0.000000e+00	1.872524e-02
2	110	R1	9.823183e-01	9.823183e-01	1.417482e-08	0.000000e+00	2.508868e-02
2	112	R1	9.990010e-01	9.990010e-01	1.392163e-08	-3.178413e-15	3.493010e-02
2	113	R1	9.363296e-01	9.363296e-01	1.491776e-08	5.065388e-15	2.191783e-02
2	115	R1	9.433962e-01	9.433962e-01	1.479905e-08	2.772104e-15	4.004984e-02
2	116	R1	1.000000e+00	1.000000e+00	1.390672e-08	2.780774e-07	5.000000e-02
2	117	R1	9.041591e-01	9.041591e-01	1.548084e-08	3.880185e-15	2.861263e-02
2	118	R1	1.047120e+00	1.047120e+00	1.323481e-08	-7.232508e-15	3.070091e-02
2	119	R1	9.469697e-01	9.469697e-01	1.473968e-08	-2.879185e-15	3.856032e-02
2	120	R1	9.551098e-01	9.551098e-01	1.460602e-08	0.000000e+00	3.010375e-02
2	122	R1	8.912656e-01	8.912656e-01	1.571757e-08	9.750991e-15	3.415724e-02
2	123	R1	9.398496e-01	9.398496e-01	1.485841e-08	6.615153e-15	3.356606e-02
2	124	R1	9.487666e-01	9.487666e-01	1.470998e-08	0.000000e+00	2.610458e-02
2	125	R1	9.551098e-01	9.551098e-01	1.460602e-08	4.883947e-07	2.736704e-02
2	127	R1	9.606148e-01	9.606148e-01	1.451688e-08	0.000000e+00	2.768342e-02
2	128	R1	9.671180e-01	9.671180e-01	1.441283e-08	4.248656e-07	3.180078e-02
2	129	R1	1.000000e+00	1.000000e+00	1.390672e-08	0.000000e+00	3.400000e-02
2	130	R1	9.746589e-01	9.746589e-01	1.429386e-08	0.000000e+00	2.279904e-02
2	131	R1	9.671180e-01	9.671180e-01	1.441283e-08	0.000000e+00	2.712420e-02
2	132	R1	9.267841e-01	9.267841e-01	1.508089e-08	5.875305e-15	1.889643e-02
2	133	R1	9.199632e-01	9.199632e-01	1.519946e-08	3.199525e-15	3.469962e-02
2	134	R1	9.652510e-01	9.652510e-01	1.444256e-08	0.000000e+00	1.956590e-02
2	135	R1	9.345794e-01	9.345794e-01	1.494743e-08	9.079245e-15	2.445628e-02
2	136	R1	9.099181e-01	9.099181e-01	1.537721e-08	-4.325576e-15	2.566648e-02
2	137	R1	9.587728e-01	9.587728e-01	1.454660e-08	-2.464806e-15	4.504302e-02
2	138	R1	9.337068e-01	9.337068e-01	1.496226e-08	8.128540e-15	4.097500e-02
2	139	R1	9.765625e-01	9.765625e-01	1.426410e-08	7.761021e-15	4.291534e-02
2	140	R1	9.174312e-01	9.174312e-01	1.524391e-08	-1.099213e-14	3.030048e-02
2	141	R1	9.442871e-01	9.442871e-01	1.478421e-08	0.000000e+00	1.872524e-02
2	142	R1	9.615385e-01	9.615385e-01	1.450202e-08	0.000000e+00	2.773669e-02
2	143	R1	9.469697e-01	9.469697e-01	1.473968e-08	-3.641323e-15	3.048955e-02
2	144	R1	8.568980e-01	8.568980e-01	1.638234e-08	3.024001e-15	3.671371e-02
2	146	R1	8.149959e-01	8.149959e-01	1.726659e-08	0.000000e+00	2.789717e-02
2	148	R1	1.053741e+00	1.053741e+00	1.314503e-08	-1.666447e-14	2.664887e-02
2	150	R1	9.606148e-01	9.606148e-01	1.451688e-08	-1.145836e-14	1.937840e-02
2	151	R1	9.671180e-01	9.671180e-01	1.441283e-08	6.878777e-07	1.964166e-02
2	152	R1	9.930487e-01	9.930487e-01	1.401102e-08	5.629103e-15	1.972291e-02
2	154	R1	1.014199e+00	1.014199e+00	1.369795e-08	1.079354e-14	2.057198e-02
2	155	R1	9.970090e-01	9.970090e-01	1.395143e-08	6.975879e-07	1.988054e-02
2	156	R1	1.001001e+00	1.001001e+00	1.389182e-08	0.000000e+00	2.805608e-02
2	157	R1	9.680542e-01	9.680542e-01	1.439796e-08	5.641461e-15	1.967971e-02
2	158	R1	1.000000e+00	1.000000e+00	1.390672e-08	0.000000e+00	2.000000e-02
2	159	R1	9.541985e-01	9.541985e-01	1.462088e-08	1.434544e-14	3.095682e-02
2	160	R1	9.910803e-01	9.910803e-01	1.404081e-08	0.000000e+00	1.964480e-02
2	161	R1	9.718173e-01	9.718173e-01	1.433848e-08	0.000000e+00	2.077743e-02
2	162	R1	9.354537e-01	9.354537e-01	1.493259e-08	-6.041522e-15	1.837655e-02
2	165	R1	1.031992e+00	1.031992e+00	1.344412e-08	0.000000e+00	2.023513e-02
2	167	R1	9.433962e-01	9.433962e-01	1.479905e-08	4.301540e-15	2.580990e-02
2	168	R1	9.615385e-01	9.615385e-01	1.450202e-08	0.000000e+00	2.311391e-02
2	169	R1	9.191176e-01	9.191176e-01	1.521427e-08	-3.285550e-15	3.379109e-02
2	171	R1	9.699321e-01	9.699321e-01	1.436822e-08	0.000000e+00	2.822305e-02
2	173	R1	8.756567e-01	8.756567e-01	1.601321e-08	2.833459e-07	4.370616e-02
2	175	R1	8.680556e-01	8.680556e-01	1.616092e-08	0.000000e+00	2.260561e-02
2	176	R1	9.784736e-01	9.784736e-01	1.423435e-08	0.000000e+00	4.882794e-02
2	178	R1	9.756098e-01	9.756098e-01	1.427898e-08	-3.645088e-15	3.045806e-02
2	179	R1	1.016260e+00	1.016260e+00	1.366811e-08	0.000000e+00	2.168848e-02


