4	3.151592e+00	4.717951e-01	-6.510000e-01	1.830000e-01	1.063830e+00	4.096876e-01	1.780414e-01	
5	4.103406e+00	2.357312e-01	-3.540000e-01	8.700000e-02	1.119821e+00	1.429559e-01	1.536983e-01	
6	5.353319e+00	1.690823e-01	-5.200000e-02	5.200000e-02	1.194743e+00	1.413137e-01	1.274067e-01	
7	5.851375e+00	1.335305e-01	1.120000e-01	5.000000e-02	1.420455e+00	1.049199e-01	1.278622e-01	
8	8.576329e+00	1.691729e-01	3.100000e-01	5.000000e-02	1.408451e+00	4.165840e-02	9.851278e-02	
9	1.321004e+01	2.617577e-01	6.270000e-01	6.400000e-02	1.265823e+00	5.287614e-02	4.786120e-02	
11	1.477105e+01	3.054574e-01	7.400000e-01	5.000000e-02	1.251564e+00	3.759393e-02	3.298591e-02	
14	1.221001e+01	3.279857e-01	7.220000e-01	5.000000e-02	1.273885e+00	3.894681e-02	3.589856e-02	
15	1.610306e+01	5.186171e-01	7.750000e-01	5.000000e-02	1.253133e+00	8.165778e-02	2.858127e-02	
16	1.519757e+01	3.002559e-01	7.580000e-01	5.000000e-02	1.262626e+00	5.420365e-02	3.097362e-02	
17	1.550388e+01	3.124812e-01	8.070000e-01	5.000000e-02	1.184834e+00	3.509580e-02	2.318017e-02	
19	1.390821e+01	2.708135e-01	7.530000e-01	5.000000e-02	1.189061e+00	3.534663e-02	2.977164e-02	
20	1.564945e+01	3.673580e-01	8.500000e-01	5.600000e-02	1.251564e+00	4.855882e-02	1.903033e-02	
21	1.499250e+01	3.371628e-01	7.990000e-01	5.000000e-02	1.251564e+00	3.759393e-02	2.550064e-02	
23	1.533742e+01	3.058075e-01	7.740000e-01	5.000000e-02	1.146789e+00	4.208400e-02	2.627204e-02	
24	1.472754e+01	3.036606e-01	7.930000e-01	6.400000e-02	1.094092e+00	5.865482e-02	2.295757e-02	
25	1.490313e+01	2.887343e-01	8.300000e-01	5.000000e-02	1.106195e+00	4.038100e-02	1.906261e-02	
26	1.600000e+01	3.328000e-01	8.380000e-01	5.000000e-02	1.182033e+00	5.868249e-02	1.941094e-02	
27	1.392758e+01	2.715683e-01	7.700000e-01	5.000000e-02	1.170960e+00	3.564984e-02	2.730058e-02	
28	1.587302e+01	3.275384e-01	8.090000e-01	5.000000e-02	1.160093e+00	4.575772e-02	2.246094e-02	
29	1.447178e+01	2.932054e-01	7.490000e-01	5.000000e-02	1.203369e+00	3.909865e-02	3.061784e-02	
30	1.519757e+01	3.002559e-01	8.630000e-01	6.400000e-02	1.272265e+00	5.341569e-02	1.766851e-02	
31	1.615509e+01	3.131843e-01	8.650000e-01	5.000000e-02	1.201923e+00	4.044933e-02	1.644797e-02	
32	1.531394e+01	4.924849e-01	8.130000e-01	5.600000e-02	1.333333e+00	6.044444e-02	2.527448e-02	
33	1.620746e+01	3.940224e-01	8.070000e-01	6.100000e-02	1.201923e+00	6.067400e-02	2.351450e-02	
34	1.633987e+01	3.203896e-01	8.130000e-01	7.400000e-02	1.153403e+00	5.321350e-02	2.186373e-02	
35	2.028398e+01	7.405914e-01	7.980000e-01	1.040000e-01	1.191895e+00	6.392763e-02	2.440570e-02	
36	1.560062e+01	3.163933e-01	8.120000e-01	5.900000e-02	1.257862e+00	5.379534e-02	2.397135e-02	
37	1.658375e+01	3.300248e-01	8.020000e-01	5.500000e-02	1.300390e+00	3.889333e-02	2.610001e-02	
38	1.675042e+01	3.366918e-01	7.790000e-01	5.100000e-02	1.297017e+00	5.551434e-02	2.905626e-02	
39	1.569859e+01	3.450239e-01	7.080000e-01	6.400000e-02	1.164144e+00	5.963021e-02	3.445812e-02	
40	1.763668e+01	4.043684e-01	8.530000e-01	6.600000e-02	1.085776e+00	6.366115e-02	1.617929e-02	
41	1.730104e+01	4.789215e-01	7.340000e-01	8.900000e-02	1.215067e+00	1.136818e-01	3.276300e-02	
43	2.083333e+01	6.944444e-01	7.090000e-01	1.360000e-01	1.366120e+00	8.771537e-02	4.029802e-02	
46	1.594896e+01	8.139822e-01	4.520000e-01	1.220000e-01	1.297017e+00	2.792540e-01	7.204901e-02	
48	1.636661e+01	3.482258e-01	7.740000e-01	6.500000e-02	1.245330e+00	5.893218e-02	2.852954e-02	
52	2.288330e+01	9.425614e-01	7.160000e-01	1.300000e-01	1.222494e+00	9.863643e-02	3.519386e-02	
53	2.079002e+01	1.642455e+00	6.370000e-01	1.400000e-01	1.144165e+00	2.670591e-01	4.210145e-02	
54	1.612903e+01	3.121748e-01	8.420000e-01	6.700000e-02	1.132503e+00	5.130251e-02	1.813837e-02	
55	1.567398e+01	3.193758e-01	8.560000e-01	7.200000e-02	1.148106e+00	5.536215e-02	1.675893e-02	
56	1.666667e+01	6.944444e-01	8.130000e-01	1.000000e-01	1.169591e+00	7.660477e-02	2.217059e-02	
57	1.531394e+01	3.752266e-01	7.530000e-01	6.400000e-02	1.206273e+00	5.674865e-02	3.020260e-02	
58	1.464129e+01	3.001143e-01	8.280000e-01	5.000000e-02	1.169591e+00	3.967033e-02	2.039220e-02	
60	1.529052e+01	3.039400e-01	7.470000e-01	5.500000e-02	1.261034e+00	3.975517e-02	3.234068e-02	
61	1.453488e+01	3.802731e-01	7.280000e-01	6.500000e-02	1.112347e+00	1.336301e-01	3.066981e-02	
62	1.459854e+01	2.983643e-01	7.580000e-01	5.000000e-02	1.170960e+00	4.387673e-02	2.872495e-02	
63	1.494768e+01	2.904632e-01	7.720000e-01	5.000000e-02	1.242236e+00	3.703561e-02	2.871050e-02	
64	1.362398e+01	2.784192e-01	7.390000e-01	5.000000e-02	1.199041e+00	3.594247e-02	3.172315e-02	
65	1.526718e+01	3.030126e-01	7.760000e-01	5.400000e-02	1.219512e+00	5.056514e-02	2.769083e-02	
66	1.623377e+01	3.162422e-01	8.830000e-01	6.100000e-02	1.287001e+00	4.140931e-02	1.526394e-02	
67	1.412429e+01	3.590922e-01	8.290000e-01	5.500000e-02	1.170960e+00	5.621706e-02	2.029738e-02	
68	1.655629e+01	3.289329e-01	8.560000e-01	7.400000e-02	1.190476e+00	5.668934e-02	1.737741e-02	
69	1.536098e+01	5.898995e-01	9.010000e-01	1.140000e-01	1.104972e+00	8.546748e-02	1.108890e-02	
71	1.594896e+01	3.815541e-01	7.320000e-01	6.700000e-02	1.109878e+00	4.680950e-02	3.015170e-02	
76	1.443001e+01	2.915154e-01	6.770000e-01	5.000000e-02	1.256281e+00	4.576905e-02	4.113309e-02	
77	1.838235e+01	4.392842e-01	6.960000e-01	5.300000e-02	1.201923e+00	5.634014e-02	3.703839e-02	
78	1.633987e+01	3.470887e-01	7.810000e-01	7.000000e-02	1.176471e+00	5.813149e-02	2.611722e-02	
79	1.686341e+01	3.412494e-01	7.330000e-01	5.000000e-02	1.083424e+00	3.638801e-02	2.932320e-02	
80	1.639344e+01	3.762429e-01	8.780000e-01	6.200000e-02	1.215067e+00	5.019717e-02	1.502664e-02	
82	1.545595e+01	4.777728e-01	7.180000e-01	7.400000e-02	1.095290e+00	7.437897e-02	3.130979e-02	
83	1.430615e+01	2.865324e-01	7.770000e-01	6.300000e-02	1.138952e+00	3.761915e-02	2.574614e-02	
84	1.633987e+01	4.004870e-01	7.660000e-01	6.400000e-02	1.240695e+00	8.620212e-02	2.942948e-02	
87	1.383126e+01	3.826074e-01	7.310000e-01	7.400000e-02	1.156069e+00	8.152628e-02	3.152376e-02	
88	1.492537e+01	4.455335e-01	8.200000e-01	5.000000e-02	1.231527e+00	4.398311e-02	2.247079e-02	
89	1.248439e+01	2.493762e-01	5.530000e-01	5.000000e-02	1.226994e+00	4.064888e-02	5.559705e-02	
92	1.652893e+01	3.278465e-01	7.960000e-01	5.000000e-02	1.280410e+00	3.770733e-02	2.647774e-02	
93	1.499250e+01	2.922077e-01	7.300000e-01	5.000000e-02	1.199041e+00	5.750795e-02	3.281705e-02	
94	1.592357e+01	3.296280e-01	7.820000e-01	6.200000e-02	1.236094e+00	4.125406e-02	2.731554e-02	
95	1.459854e+01	2.983643e-01	8.650000e-01	6.500000e-02	1.152074e+00	3.450912e-02	1.576580e-02	
96	1.517451e+01	6.447438e-01	7.120000e-01	8.000000e-02	1.225490e+00	8.410227e-02	3.577702e-02	
97	1.466276e+01	4.514925e-01	8.620000e-01	1.060000e-01	1.209190e+00	1.959268e-01	1.691513e-02	
98	1.555210e+01	3.628017e-01	7.700000e-01	5.000000e-02	1.190476e+00	3.826531e-02	2.775559e-02	
99	1.572327e+01	3.213876e-01	7.260000e-01	5.000000e-02	1.272265e+00	3.884777e-02	3.533701e-02	
100	1.481481e+01	3.072702e-01	8.230000e-01	5.000000e-02	1.225490e+00	4.355296e-02	2.198796e-02	
101	1.531394e+01	3.048716e-01	7.550000e-01	5.000000e-02	1.168224e+00	3.821294e-02	2.901310e-02	
104	1.524390e+01	3.020895e-01	7.190000e-01	5.000000e-02	1.189061e+00	3.817436e-02	3.386976e-02	
105	1.669449e+01	3.344472e-01	7.640000e-01	6.000000e-02	1.137656e+00	7.894999e-02	2.721604e-02	
106	1.481481e+01	3.072702e-01	7.760000e-01	5.000000e-02	1.175088e+00	4.004413e-02	2.668212e-02	
107	1.572327e+01	3.461097e-01	7.660000e-01	5.300000e-02	1.207729e+00	3.646526e-02	2.864754e-02	
108	1.564945e+01	3.183770e-01	7.650000e-01	6.300000e-02	1.265823e+00	3.845538e-02	3.015384e-02	
109	1.545595e+01	3.105523e-01	7.850000e-01	5.500000e-02	1.164144e+00	3.523603e-02	2.537156e-02	
110	1.529052e+01	3.039400e-01	7.840000e-01	5.000000e-02	1.236094e+00	5.347749e-02	2.706494e-02	
112	1.602564e+01	3.595496e-01	8.960000e-01	7.700000e-02	1.317523e+00	6.249121e-02	1.388972e-02	
113	1.560062e+01	3.163933e-01	8.180000e-01	5.000000e-02	1.237624e+00	3.676110e-02	2.283294e-02	
115	1.760563e+01	3.409542e-01	7.780000e-01	5.900000e-02	1.267427e+00	7.549946e-02	2.852186e-02	
116	1.642036e+01	4.314052e-01	7.970000e-01	8.000000e-02	1.305483e+00	4.090286e-02	2.686390e-02	
117	1.577287e+01	3.234185e-01	8.290000e-01	5.000000e-02	1.223990e+00	4.194826e-02	2.121661e-02	
118	1.650165e+01	3.267653e-01	8.450000e-01	5.100000e-02	1.230012e+00	4.236205e-02	1.932605e-02	
119	1.692047e+01	3.435629e-01	8.810000e-01	6.800000e-02	1.177856e+00	5.133178e-02	1.420827e-02	
120	1.680672e+01	3.389591e-01	8.510000e-01	5.000000e-02	1.187648e+00	4.513628e-02	1.793808e-02	
122	1.582278e+01	3.505047e-01	8.860000e-01	7.400000e-02	1.215067e+00	8.267769e-02	1.404129e-02	
123	1.605136e+01	4.895280e-01	8.150000e-01	7.700000e-02	1.225490e+00	3.904748e-02	2.298177e-02	
124	1.597444e+01	3.317376e-01	8.400000e-01	5.000000e-02	1.218027e+00	3.708973e-02	1.975507e-02	
125	1.623377e+01	3.162422e-01	8.190000e-01	5.000000e-02	1.243781e+00	3.712779e-02	2.282046e-02	
127	1.618123e+01	4.712980e-01	8.540000e-01	7.300000e-02	1.234568e+00	3.962811e-02	1.827131e-02	
128	1.628664e+01	3.183058e-01	7.820000e-01	5.100000e-02	1.158749e+00	5.370793e-02	2.560634e-02	
129	1.600000e+01	4.608000e-01	8.260000e-01	8.300000e-02	1.291990e+00	1.101697e-01	2.278821e-02	
130	1.589825e+01	3.285807e-01	7.070000e-01	5.000000e-02	1.230012e+00	6.505600e-02	3.653246e-02	
131	1.416431e+01	2.808786e-01	6.890000e-01	5.000000e-02	1.152074e+00	3.450912e-02	3.631972e-02	
132	1.479290e+01	3.063618e-01	7.260000e-01	5.000000e-02	1.206273e+00	3.637734e-02	3.350409e-02	
133	1.531394e+01	3.752266e-01	7.420000e-01	6.700000e-02	1.222494e+00	4.931821e-02	3.197188e-02	
134	1.545595e+01	3.105523e-01	7.640000e-01	5.000000e-02	1.288660e+00	3.819481e-02	3.082848e-02	
135	1.620746e+01	3.152179e-01	8.410000e-01	5.000000e-02	1.240695e+00	3.694377e-02	1.999696e-02	
136	1.652893e+01	4.644491e-01	8.450000e-01	6.800000e-02	1.300390e+00	3.889333e-02	2.043183e-02	
137	1.919386e+01	5.526063e-01	7.990000e-01	8.000000e-02	1.164144e+00	5.827498e-02	2.371946e-02	
138	1.615509e+01	6.002699e-01	9.030000e-01	7.300000e-02	1.215067e+00	3.690968e-02	1.194741e-02	
139	1.536098e+01	3.303437e-01	7.950000e-01	5.900000e-02	1.234568e+00	6.096632e-02	2.565492e-02	
140	1.639344e+01	3.224940e-01	7.630000e-01	6.300000e-02	1.314060e+00	6.388993e-02	3.156934e-02	
141	1.650165e+01	3.539958e-01	8.610000e-01	6.200000e-02	1.169591e+00	5.608563e-02	1.647975e-02	
142	1.499250e+01	3.596403e-01	8.300000e-01	5.000000e-02	1.218027e+00	4.450768e-02	2.098977e-02	
143	1.490313e+01	2.887343e-01	7.520000e-01	5.700000e-02	1.111111e+00	7.407407e-02	2.793258e-02	
144	1.436782e+01	2.890078e-01	6.800000e-01	5.000000e-02	1.112347e+00	3.340753e-02	3.608213e-02	
146	1.204819e+01	2.467702e-01	6.220000e-01	5.000000e-02	1.031992e+00	4.473029e-02	3.954302e-02	
148	1.652893e+01	3.278465e-01	8.310000e-01	5.000000e-02	1.251564e+00	7.832068e-02	2.144084e-02	
150	1.550388e+01	3.124812e-01	7.610000e-01	5.000000e-02	1.270648e+00	3.874911e-02	3.078400e-02	
151	1.642036e+01	3.235539e-01	7.850000e-01	5.000000e-02	1.251564e+00	3.759393e-02	2.727681e-02	
152	1.612903e+01	3.121748e-01	8.270000e-01	5.000000e-02	1.293661e+00	3.849186e-02	2.268655e-02	
154	1.623377e+01	3.162422e-01	7.990000e-01	5.000000e-02	1.287001e+00	3.809656e-02	2.622267e-02	
155	1.618123e+01	3.141986e-01	7.900000e-01	5.000000e-02	1.288660e+00	3.819481e-02	2.743212e-02	
156	1.677852e+01	3.378226e-01	8.190000e-01	5.000000e-02	1.256281e+00	3.787783e-02	2.304981e-02	
157	1.612903e+01	3.121748e-01	7.900000e-01	5.000000e-02	1.251564e+00	3.759393e-02	2.664246e-02	
158	1.412429e+01	6.982349e-01	7.990000e-01	5.000000e-02	1.288660e+00	4.317675e-02	2.625646e-02	
159	1.577287e+01	3.234185e-01	8.260000e-01	5.000000e-02	1.156069e+00	5.078686e-02	2.039083e-02	
160	1.597444e+01	3.317376e-01	8.080000e-01	5.000000e-02	1.219512e+00	4.164188e-02	2.373500e-02	
161	1.508296e+01	2.957442e-01	8.460000e-01	5.000000e-02	1.270648e+00	3.874911e-02	1.983571e-02	
162	1.639344e+01	3.224940e-01	8.180000e-01	5.000000e-02	1.240695e+00	3.694377e-02	2.288960e-02	
165	1.404494e+01	3.945209e-01	7.880000e-01	5.500000e-02	1.347709e+00	5.812222e-02	2.896235e-02	
167	1.623377e+01	3.162422e-01	8.250000e-01	5.800000e-02	1.203369e+00	4.923533e-02	2.134710e-02	
168	1.677852e+01	3.378226e-01	7.870000e-01	5.400000e-02	1.218027e+00	3.708973e-02	2.629894e-02	
169	1.594896e+01	3.306803e-01	7.730000e-01	5.100000e-02	1.085776e+00	3.890404e-02	2.498435e-02	
171	1.623377e+01	3.953027e-01	7.180000e-01	5.300000e-02	1.237624e+00	4.288795e-02	3.537851e-02	
173	2.267574e+01	2.365270e+00	7.210000e-01	1.890000e-01	1.201923e+00	2.152482e-01	3.399247e-02	
175	1.277139e+01	3.262169e-01	5.340000e-01	6.300000e-02	9.505703e-01	5.511862e-02	4.490265e-02	
176	2.341920e+01	2.138991e+00	7.030000e-01	1.450000e-01	1.053741e+00	1.354651e-01	3.172430e-02	
178	1.792115e+01	3.532843e-01	7.080000e-01	5.000000e-02	1.148106e+00	5.799845e-02	3.398338e-02	
179	6.531679e+00	1.322548e-01	-2.240000e-01	5.000000e-02	1.098901e+00	3.864268e-02	1.363458e-01	
