4	3.561254e+00	8.497293e-02	-8.600000e-02	5.000000e-02	1.298701e+00	4.385225e-02	1.429687e-01	
5	4.336513e+00	1.335180e-01	1.760000e-01	5.000000e-02	1.418440e+00	5.231125e-02	1.184786e-01	
6	5.055612e+00	1.022368e-01	-1.150000e-01	5.000000e-02	1.457726e+00	4.037433e-02	1.647603e-01	
7	5.720824e+00	1.145474e-01	6.200000e-02	5.000000e-02	1.492537e+00	2.895968e-02	1.419155e-01	
8	8.912656e+00	1.747580e-01	4.930000e-01	5.000000e-02	1.200480e+00	2.449960e-02	6.169711e-02	
9	1.418440e+01	2.816760e-01	7.060000e-01	5.000000e-02	1.010101e+00	4.795429e-02	3.010329e-02	
11	1.602564e+01	3.338675e-01	8.390000e-01	5.000000e-02	9.708738e-01	1.979451e-02	1.584494e-02	
14	1.577287e+01	3.234185e-01	7.770000e-01	5.000000e-02	9.813543e-01	1.926112e-02	2.218363e-02	
15	1.766784e+01	6.243055e-01	7.900000e-01	5.000000e-02	1.061571e+00	3.718880e-02	2.259801e-02	
16	1.718213e+01	3.542707e-01	7.020000e-01	5.000000e-02	1.009082e+00	2.851089e-02	3.048207e-02	
17	1.694915e+01	3.447285e-01	8.120000e-01	5.000000e-02	9.671180e-01	1.964166e-02	1.843059e-02	
19	1.522070e+01	3.011706e-01	7.840000e-01	5.000000e-02	9.225092e-01	1.872251e-02	2.019883e-02	
20	1.677852e+01	3.378226e-01	7.520000e-01	5.000000e-02	1.004016e+00	3.326559e-02	2.524028e-02	
21	1.631321e+01	3.725693e-01	7.370000e-01	5.000000e-02	9.596929e-01	1.934122e-02	2.558526e-02	
23	1.680672e+01	3.389591e-01	8.310000e-01	5.000000e-02	9.416196e-01	1.861960e-02	1.613110e-02	
24	1.607717e+01	5.169508e-01	7.240000e-01	5.400000e-02	9.041591e-01	4.496271e-02	2.529623e-02	
25	1.623377e+01	3.425957e-01	8.370000e-01	5.000000e-02	9.115770e-01	3.240793e-02	1.506201e-02	
26	1.730104e+01	3.591911e-01	8.070000e-01	5.000000e-02	1.008065e+00	2.032388e-02	1.972184e-02	
27	1.579779e+01	3.244412e-01	7.630000e-01	5.000000e-02	9.310987e-01	1.993973e-02	2.236897e-02	
28	1.736111e+01	3.616898e-01	8.580000e-01	5.000000e-02	9.532888e-01	2.998907e-02	1.372191e-02	
29	1.652893e+01	3.278465e-01	7.840000e-01	5.000000e-02	9.478673e-01	2.875048e-02	2.075406e-02	
30	1.650165e+01	5.173785e-01	7.780000e-01	5.200000e-02	9.920635e-01	3.641503e-02	2.232514e-02	
31	1.663894e+01	3.322250e-01	7.430000e-01	5.000000e-02	9.310987e-01	1.820584e-02	2.425664e-02	
32	1.675042e+01	5.330954e-01	8.240000e-01	5.400000e-02	1.008065e+00	3.556679e-02	1.798468e-02	
33	1.801802e+01	3.571139e-01	8.420000e-01	5.100000e-02	9.551098e-01	2.554257e-02	1.529721e-02	
34	1.697793e+01	4.900251e-01	8.640000e-01	6.500000e-02	9.149131e-01	4.603863e-02	1.261306e-02	
35	1.976285e+01	1.601337e+00	8.690000e-01	9.300000e-02	9.124088e-01	4.578694e-02	1.211609e-02	
36	1.168224e+01	7.096690e-01	8.070000e-01	5.500000e-02	9.165903e-01	2.856468e-02	1.793223e-02	
37	1.724138e+01	3.567182e-01	7.910000e-01	5.000000e-02	9.746589e-01	3.134868e-02	2.064908e-02	
38	1.838235e+01	3.717020e-01	9.160000e-01	5.000000e-02	9.140768e-01	2.673716e-02	7.783301e-03	
39	1.733102e+01	5.406558e-01	7.690000e-01	5.000000e-02	9.433962e-01	4.004984e-02	2.209062e-02	
40	1.824818e+01	3.662955e-01	8.320000e-01	5.000000e-02	9.803922e-01	4.421376e-02	1.669594e-02	
41	1.739130e+01	3.629490e-01	8.490000e-01	5.400000e-02	9.980040e-01	4.183250e-02	1.527605e-02	
43	1.992032e+01	4.761829e-01	6.490000e-01	5.000000e-02	9.765625e-01	4.196167e-02	3.474633e-02	
46	1.351351e+01	4.565376e-01	5.370000e-01	7.000000e-02	1.123596e+00	5.681101e-02	5.273426e-02	
48	1.555210e+01	4.595488e-01	4.070000e-01	5.700000e-02	1.170960e+00	2.879410e-02	7.038801e-02	
52	2.159827e+01	1.725996e+00	8.790000e-01	1.070000e-01	9.615385e-01	4.807692e-02	1.179380e-02	
53	2.217295e+01	1.474919e+00	8.490000e-01	1.390000e-01	9.615385e-01	4.807692e-02	1.471789e-02	
54	1.754386e+01	3.385657e-01	8.070000e-01	5.800000e-02	9.920635e-01	2.657313e-02	1.940880e-02	
55	1.742160e+01	8.801855e-01	8.030000e-01	5.000000e-02	9.505703e-01	3.523978e-02	1.898245e-02	
56	1.805054e+01	4.887331e-01	7.880000e-01	7.600000e-02	9.708738e-01	4.901499e-02	2.086414e-02	
57	1.631321e+01	3.193451e-01	9.010000e-01	5.800000e-02	8.826125e-01	3.349721e-02	8.857418e-03	
58	1.636661e+01	6.964516e-01	8.610000e-01	5.000000e-02	9.433962e-01	4.627981e-02	1.329263e-02	
60	1.683502e+01	5.668356e-01	8.390000e-01	5.000000e-02	1.070664e+00	3.668227e-02	1.747354e-02	
61	1.631321e+01	3.193451e-01	8.220000e-01	5.000000e-02	1.036269e+00	2.040323e-02	1.869797e-02	
62	1.623377e+01	3.162422e-01	7.750000e-01	5.000000e-02	9.074410e-01	1.811588e-02	2.069678e-02	
63	1.703578e+01	3.482612e-01	7.780000e-01	5.000000e-02	1.001001e+00	4.408813e-02	2.252627e-02	
64	1.610306e+01	3.889628e-01	7.570000e-01	5.000000e-02	1.001001e+00	4.408813e-02	2.465714e-02	
65	1.658375e+01	4.950373e-01	7.900000e-01	5.000000e-02	9.259259e-01	3.343621e-02	1.971049e-02	
66	1.706485e+01	3.494508e-01	8.800000e-01	5.000000e-02	9.478673e-01	3.414119e-02	1.153003e-02	
67	1.631321e+01	3.725693e-01	8.510000e-01	5.000000e-02	9.891197e-01	2.837237e-02	1.493953e-02	
68	1.742160e+01	3.642147e-01	9.510000e-01	6.600000e-02	9.680542e-01	3.279951e-02	4.808367e-03	
69	1.663894e+01	8.582479e-01	9.300000e-01	8.400000e-02	9.624639e-01	3.520080e-02	6.829428e-03	
71	1.620746e+01	4.465587e-01	8.180000e-01	6.200000e-02	9.708738e-01	3.676124e-02	1.791167e-02	
76	1.618123e+01	3.141986e-01	6.170000e-01	5.000000e-02	1.017294e+00	2.069774e-02	3.949545e-02	
77	2.150538e+01	5.549775e-01	7.580000e-01	5.000000e-02	8.756567e-01	2.070292e-02	2.148083e-02	
78	1.805054e+01	3.584043e-01	7.740000e-01	5.400000e-02	9.099181e-01	3.229009e-02	2.084551e-02	
79	1.834862e+01	3.703392e-01	7.670000e-01	5.000000e-02	9.090909e-01	2.644628e-02	2.147163e-02	
80	1.776199e+01	3.470371e-01	8.520000e-01	5.600000e-02	9.090909e-01	4.545455e-02	1.363863e-02	
82	1.769912e+01	6.265173e-01	8.320000e-01	6.900000e-02	9.523810e-01	4.625850e-02	1.621892e-02	
83	1.594896e+01	3.306803e-01	7.620000e-01	5.000000e-02	8.826125e-01	2.960219e-02	2.129359e-02	
84	1.612903e+01	3.902185e-01	8.050000e-01	5.400000e-02	9.049774e-01	3.030241e-02	1.788851e-02	
87	1.477105e+01	4.145494e-01	7.400000e-01	6.600000e-02	9.718173e-01	3.588830e-02	2.561296e-02	
88	1.675042e+01	3.366918e-01	7.720000e-01	5.000000e-02	9.680542e-01	2.905100e-02	2.237363e-02	
89	1.404494e+01	2.761646e-01	6.350000e-01	5.000000e-02	9.960159e-01	1.984095e-02	3.685199e-02	
92	1.785714e+01	4.464286e-01	7.590000e-01	5.000000e-02	1.006036e+00	2.024218e-02	2.457721e-02	
93	1.618123e+01	3.141986e-01	6.760000e-01	5.000000e-02	1.027749e+00	2.323791e-02	3.375468e-02	
94	1.694915e+01	3.447285e-01	7.500000e-01	5.000000e-02	9.514748e-01	2.896974e-02	2.411233e-02	
95	1.727116e+01	3.877807e-01	8.690000e-01	5.700000e-02	9.803922e-01	3.460208e-02	1.301886e-02	
96	1.763668e+01	3.421579e-01	8.330000e-01	7.800000e-02	9.970090e-01	4.771329e-02	1.687786e-02	
97	1.639344e+01	3.224940e-01	7.560000e-01	5.000000e-02	1.092896e+00	2.747171e-02	2.703153e-02	
98	1.727116e+01	3.877807e-01	8.490000e-01	5.000000e-02	9.460738e-01	2.864178e-02	1.448117e-02	
99	1.733102e+01	3.604372e-01	7.180000e-01	5.000000e-02	1.007049e+00	2.028297e-02	2.878735e-02	
100	1.582278e+01	3.254687e-01	7.730000e-01	5.000000e-02	9.823183e-01	2.605363e-02	2.260372e-02	
101	1.694915e+01	3.447285e-01	6.990000e-01	5.000000e-02	9.551098e-01	2.098140e-02	2.914215e-02	
104	1.666667e+01	3.333333e-01	6.610000e-01	5.000000e-02	9.871668e-01	1.948997e-02	3.392283e-02	
105	1.828154e+01	4.010575e-01	7.220000e-01	5.700000e-02	9.066183e-01	2.630262e-02	2.554884e-02	
106	1.610306e+01	3.111702e-01	8.670000e-01	5.000000e-02	9.587728e-01	2.298113e-02	1.292615e-02	
107	1.612903e+01	3.121748e-01	7.870000e-01	5.000000e-02	9.442871e-01	2.764202e-02	2.038851e-02	
108	1.669449e+01	3.344472e-01	8.060000e-01	5.300000e-02	9.380863e-01	3.080021e-02	1.844788e-02	
109	1.652893e+01	4.098081e-01	7.930000e-01	5.200000e-02	9.442871e-01	1.872524e-02	1.981419e-02	
110	1.706485e+01	3.494508e-01	8.580000e-01	5.000000e-02	9.823183e-01	2.508868e-02	1.413977e-02	
112	1.683502e+01	3.684431e-01	8.220000e-01	6.400000e-02	9.990010e-01	3.493010e-02	1.802552e-02	
113	1.694915e+01	3.447285e-01	8.410000e-01	5.000000e-02	9.363296e-01	2.191783e-02	1.509134e-02	
115	1.841621e+01	6.104820e-01	9.000000e-01	5.400000e-02	9.433962e-01	4.004984e-02	9.563040e-03	
116	1.721170e+01	8.294797e-01	8.390000e-01	7.400000e-02	1.000000e+00	5.000000e-02	1.632028e-02	
117	1.715266e+01	3.530564e-01	8.680000e-01	5.000000e-02	9.041591e-01	2.861263e-02	1.209820e-02	
118	1.689189e+01	3.424032e-01	8.740000e-01	5.000000e-02	1.047120e+00	3.070091e-02	1.337424e-02	
119	1.736111e+01	3.616898e-01	8.720000e-01	5.000000e-02	9.469697e-01	3.856032e-02	1.228706e-02	
120	1.736111e+01	3.616898e-01	7.790000e-01	5.000000e-02	9.551098e-01	3.010375e-02	2.139673e-02	
122	1.697793e+01	3.459001e-01	8.190000e-01	6.000000e-02	8.912656e-01	3.415724e-02	1.635263e-02	
123	1.754386e+01	5.847953e-01	9.010000e-01	7.300000e-02	9.398496e-01	3.356606e-02	9.431818e-03	
124	1.727116e+01	3.579514e-01	8.030000e-01	5.000000e-02	9.487666e-01	2.610458e-02	1.894643e-02	
125	1.811594e+01	5.579185e-01	7.630000e-01	5.000000e-02	9.551098e-01	2.736704e-02	2.294582e-02	
127	1.639344e+01	4.568664e-01	7.270000e-01	5.300000e-02	9.606148e-01	2.768342e-02	2.658360e-02	
128	1.795332e+01	3.545539e-01	7.090000e-01	5.000000e-02	9.671180e-01	3.180078e-02	2.852819e-02	
129	1.700680e+01	3.470776e-01	7.590000e-01	5.000000e-02	1.000000e+00	3.400000e-02	2.442974e-02	
130	1.754386e+01	4.924592e-01	7.320000e-01	5.000000e-02	9.746589e-01	2.279904e-02	2.647825e-02	
131	1.543210e+01	3.095946e-01	6.310000e-01	5.000000e-02	9.671180e-01	2.712420e-02	3.617493e-02	
132	1.597444e+01	3.317376e-01	7.980000e-01	5.000000e-02	9.267841e-01	1.889643e-02	1.897718e-02	
133	1.715266e+01	3.530564e-01	8.110000e-01	5.800000e-02	9.199632e-01	3.469962e-02	1.762520e-02	
134	1.661130e+01	3.311222e-01	7.260000e-01	5.000000e-02	9.652510e-01	1.956590e-02	2.680974e-02	
135	1.766784e+01	3.433680e-01	7.160000e-01	5.000000e-02	9.345794e-01	2.445628e-02	2.690521e-02	
136	1.792115e+01	3.532843e-01	7.250000e-01	5.100000e-02	9.099181e-01	2.566648e-02	2.536512e-02	
137	2.123142e+01	5.409280e-01	7.290000e-01	6.500000e-02	9.587728e-01	4.504302e-02	2.633824e-02	
138	1.792115e+01	5.781015e-01	8.310000e-01	5.300000e-02	9.337068e-01	4.097500e-02	1.599555e-02	
139	1.766784e+01	4.057985e-01	8.230000e-01	5.300000e-02	9.765625e-01	4.291534e-02	1.752166e-02	
140	1.694915e+01	3.447285e-01	8.350000e-01	5.900000e-02	9.174312e-01	3.030048e-02	1.534473e-02	
141	1.733102e+01	3.604372e-01	7.760000e-01	5.200000e-02	9.442871e-01	1.872524e-02	2.144144e-02	
142	1.739130e+01	5.444234e-01	7.580000e-01	5.000000e-02	9.615385e-01	2.773669e-02	2.358761e-02	
143	1.620746e+01	4.728269e-01	8.610000e-01	5.500000e-02	9.469697e-01	3.048955e-02	1.334298e-02	
144	1.597444e+01	3.572559e-01	6.880000e-01	5.000000e-02	8.568980e-01	3.671371e-02	2.710102e-02	
146	1.412429e+01	3.191931e-01	7.210000e-01	5.000000e-02	8.149959e-01	2.789717e-02	2.304950e-02	
148	1.730104e+01	3.591911e-01	9.390000e-01	5.000000e-02	1.053741e+00	2.664887e-02	6.515766e-03	
150	1.658375e+01	3.300248e-01	7.860000e-01	5.000000e-02	9.606148e-01	1.937840e-02	2.083842e-02	
151	1.792115e+01	3.532843e-01	8.810000e-01	5.000000e-02	9.671180e-01	1.964166e-02	1.166617e-02	
152	1.785714e+01	3.507653e-01	7.820000e-01	5.000000e-02	9.930487e-01	1.972291e-02	2.194466e-02	
154	1.724138e+01	3.864447e-01	8.670000e-01	5.000000e-02	1.014199e+00	2.057198e-02	1.367340e-02	
155	1.757469e+01	3.397568e-01	9.100000e-01	5.000000e-02	9.970090e-01	1.988054e-02	9.095853e-03	
156	1.788909e+01	3.520214e-01	7.640000e-01	5.000000e-02	1.001001e+00	2.805608e-02	2.394685e-02	
157	1.776199e+01	3.470371e-01	8.200000e-01	5.000000e-02	9.680542e-01	1.967971e-02	1.766339e-02	
158	1.872659e+01	3.857538e-01	7.830000e-01	5.000000e-02	1.000000e+00	2.000000e-02	2.199690e-02	
159	1.733102e+01	3.604372e-01	8.930000e-01	5.000000e-02	9.541985e-01	3.095682e-02	1.034962e-02	
160	1.795332e+01	3.545539e-01	8.210000e-01	5.000000e-02	9.910803e-01	1.964480e-02	1.798306e-02	
161	1.642036e+01	3.235539e-01	9.040000e-01	5.000000e-02	9.718173e-01	2.077743e-02	9.457094e-03	
162	1.818182e+01	3.636364e-01	8.330000e-01	5.000000e-02	9.354537e-01	1.837655e-02	1.583582e-02	
165	1.607717e+01	3.101705e-01	7.760000e-01	5.000000e-02	1.031992e+00	2.023513e-02	2.343290e-02	
167	1.692047e+01	3.435629e-01	8.460000e-01	5.000000e-02	9.433962e-01	2.580990e-02	1.472708e-02	
168	1.834862e+01	3.703392e-01	7.470000e-01	5.000000e-02	9.615385e-01	2.311391e-02	2.465977e-02	
169	1.745201e+01	3.654871e-01	7.020000e-01	5.000000e-02	9.191176e-01	3.379109e-02	2.776446e-02	
171	1.712329e+01	3.518484e-01	7.370000e-01	5.000000e-02	9.699321e-01	2.822305e-02	2.585824e-02	
173	3.003003e+01	1.533065e+00	9.920000e-01	2.210000e-01	8.756567e-01	4.370616e-02	7.101102e-04	
175	1.375516e+01	3.405679e-01	6.170000e-01	6.100000e-02	8.680556e-01	2.260561e-02	3.370141e-02	
176	2.695418e+01	5.085694e-01	8.710000e-01	8.400000e-02	9.784736e-01	4.882794e-02	1.279501e-02	
178	2.036660e+01	4.147983e-01	6.820000e-01	5.000000e-02	9.756098e-01	3.045806e-02	3.144887e-02	
179	7.479432e+00	1.510431e-01	-1.450000e-01	5.000000e-02	1.016260e+00	2.168848e-02	1.179539e-01	
