0	3	R2	2.095100e+00	2.095100e+00	7.760028e-10	0.000000e+00	2.899700e-02
0	5	R2	2.907900e+00	2.907900e+00	1.220554e-09	1.709153e-14	2.598300e-02
0	6	R2	3.539100e+00	3.539100e+00	1.593101e-09	5.770015e-15	7.696500e-02
0	7	R2	4.744200e+00	4.744200e+00	2.403460e-09	0.000000e+00	2.494100e-01
0	10	R2	1.225410e+01	1.225410e+01	8.352363e-09	1.688071e-14	1.052300e-01
0	11	R2	1.433710e+01	1.433710e+01	9.952061e-09	-1.063687e-14	1.670000e-01
0	12	R2	1.465180e+01	1.465180e+01	1.019191e-08	0.000000e+00	3.023000e-01
0	13	R2	1.489010e+01	1.489010e+01	1.037325e-08	2.382986e-14	2.236300e-01
0	14	R2	1.493850e+01	1.493850e+01	1.041006e-08	1.073457e-14	1.654800e-01
0	15	R2	1.442880e+01	1.442880e+01	1.002199e-08	0.000000e+00	1.509300e-01
0	16	R2	1.473510e+01	1.473510e+01	1.025533e-08	0.000000e+00	1.528200e-01
0	17	R2	1.408380e+01	1.408380e+01	9.758699e-09	-9.243859e-07	2.059200e-01
0	18	R2	1.449580e+01	1.449580e+01	1.007307e-08	-1.596914e-06	1.233300e-01
0	19	R2	1.446710e+01	1.446710e+01	1.005119e-08	-1.187484e-14	1.495900e-01
0	20	R2	1.432240e+01	1.432240e+01	9.940848e-09	1.144634e-14	1.551900e-01
0	21	R2	1.455110e+01	1.455110e+01	1.011521e-08	0.000000e+00	1.358800e-01
0	22	R2	1.404400e+01	1.404400e+01	9.728290e-09	0.000000e+00	1.369300e-01
0	23	R2	1.328420e+01	1.328420e+01	9.146322e-09	-1.387996e-14	1.279800e-01
0	24	R2	1.475050e+01	1.475050e+01	1.026705e-08	0.000000e+00	1.610700e-01
0	25	R2	1.544330e+01	1.544330e+01	1.079339e-08	2.135301e-14	1.663800e-01
0	26	R2	1.396220e+01	1.396220e+01	9.665770e-09	-3.079142e-14	1.153800e-01
0	29	R2	1.317320e+01	1.317320e+01	9.061057e-09	-1.219319e-06	1.441000e-01
0	30	R2	1.394870e+01	1.394870e+01	9.655449e-09	2.759604e-14	1.287400e-01
0	32	R2	1.459230e+01	1.459230e+01	1.014659e-08	-4.724605e-15	3.759800e-01
0	33	R2	1.328040e+01	1.328040e+01	9.143404e-09	-8.071358e-07	2.198300e-01
0	34	R2	1.248130e+01	1.248130e+01	8.528019e-09	0.000000e+00	1.459900e-01
0	36	R2	1.303350e+01	1.303350e+01	8.953651e-09	0.000000e+00	1.532900e-01
0	37	R2	1.331310e+01	1.331310e+01	9.168511e-09	-1.071191e-14	1.658300e-01
0	38	R2	1.368430e+01	1.368430e+01	9.453132e-09	0.000000e+00	1.230100e-01
0	40	R2	1.320820e+01	1.320820e+01	9.087949e-09	0.000000e+00	8.741900e-02
0	41	R2	1.231020e+01	1.231020e+01	8.395766e-09	2.295658e-14	7.737900e-02
0	42	R2	1.195590e+01	1.195590e+01	8.121313e-09	0.000000e+00	8.503300e-02
0	43	R2	1.419020e+01	1.419020e+01	9.839957e-09	0.000000e+00	9.648500e-02
0	44	R2	1.260240e+01	1.260240e+01	8.621515e-09	0.000000e+00	9.028900e-02
0	45	R2	1.969140e+01	1.969140e+01	1.398959e-08	1.389081e-14	2.557600e-01
0	46	R2	1.248100e+01	1.248100e+01	8.527787e-09	7.650445e-15	2.321900e-01
0	47	R2	1.262430e+01	1.262430e+01	8.638414e-09	6.000192e-14	8.881500e-02
0	51	R2	1.589780e+01	1.589780e+01	1.113775e-08	-3.552003e-14	1.500300e-01
0	52	R2	1.391760e+01	1.391760e+01	9.631668e-09	0.000000e+00	2.287100e-01
0	53	R2	1.211710e+01	1.211710e+01	8.246286e-09	-1.123565e-14	1.581000e-01
0	54	R2	1.554420e+01	1.554420e+01	1.086990e-08	1.707543e-14	2.080600e-01
0	58	R2	1.447410e+01	1.447410e+01	1.005653e-08	-1.233454e-06	1.593900e-01
0	59	R2	1.367090e+01	1.367090e+01	9.442870e-09	-1.786981e-06	1.028100e-01
0	60	R2	1.364920e+01	1.364920e+01	9.426248e-09	1.478080e-14	1.201800e-01
0	61	R2	1.454930e+01	1.454930e+01	1.011383e-08	1.125274e-14	1.578600e-01
0	62	R2	1.474670e+01	1.474670e+01	1.026415e-08	-7.392467e-07	2.718400e-01
0	63	R2	1.441980e+01	1.441980e+01	1.001513e-08	-2.375603e-14	1.495500e-01
0	64	R2	1.529900e+01	1.529900e+01	1.068391e-08	-2.440218e-14	1.455900e-01
0	65	R2	1.449260e+01	1.449260e+01	1.007063e-08	0.000000e+00	1.400500e-01
0	66	R2	1.359780e+01	1.359780e+01	9.386869e-09	1.274196e-14	1.394100e-01
0	67	R2	1.373860e+01	1.373860e+01	9.494709e-09	0.000000e+00	1.504800e-01
0	68	R2	1.509730e+01	1.509730e+01	1.053075e-08	2.288530e-14	1.552400e-01
0	69	R2	1.412740e+01	1.412740e+01	9.792003e-09	-1.310707e-06	1.457600e-01
0	70	R2	1.302680e+01	1.302680e+01	8.948497e-09	0.000000e+00	1.233100e-01
0	71	R2	1.336120e+01	1.336120e+01	9.205432e-09	-1.385327e-06	1.290200e-01
0	72	R2	1.096080e+01	1.096080e+01	7.345770e-09	2.062054e-14	8.614500e-02
0	73	R2	1.243490e+01	1.243490e+01	8.492172e-09	-1.787781e-14	9.936100e-02
0	74	R2	1.294100e+01	1.294100e+01	8.882475e-09	1.827227e-14	9.721600e-02
0	75	R2	1.458350e+01	1.458350e+01	1.013989e-08	-1.589085e-06	1.248200e-01
0	76	R2	1.376440e+01	1.376440e+01	9.514459e-09	-1.329094e-06	1.393600e-01
0	77	R2	1.418290e+01	1.418290e+01	9.834383e-09	1.112518e-14	1.596700e-01
0	78	R2	1.477790e+01	1.477790e+01	1.028790e-08	-1.049955e-06	1.918700e-01
0	79	R2	1.604120e+01	1.604120e+01	1.124626e-08	3.007079e-14	2.362900e-01
0	80	R2	1.548890e+01	1.548890e+01	1.082798e-08	1.037349e-14	1.712400e-01
0	81	R2	1.550090e+01	1.550090e+01	1.083708e-08	-1.066049e-14	1.666300e-01
0	82	R2	1.506560e+01	1.506560e+01	1.050667e-08	0.000000e+00	1.939900e-01
0	83	R2	1.591500e+01	1.591500e+01	1.115077e-08	1.444839e-14	2.458900e-01
0	85	R2	1.505170e+01	1.505170e+01	1.049610e-08	-1.599673e-14	2.220900e-01
0	86	R2	1.710510e+01	1.710510e+01	1.204929e-08	1.319877e-14	2.691700e-01
0	89	R2	1.530060e+01	1.530060e+01	1.068513e-08	-1.821624e-14	1.950300e-01
0	90	R2	2.284420e+01	2.284420e+01	1.633861e-08	3.582845e-15	9.915900e-01
0	93	R2	1.655550e+01	1.655550e+01	1.163487e-08	9.700507e-15	3.662400e-01
0	96	R2	1.390760e+01	1.390760e+01	9.624021e-09	-1.139054e-06	1.646300e-01
0	97	R2	1.353110e+01	1.353110e+01	9.335749e-09	-6.999869e-15	2.537700e-01
0	98	R2	1.571680e+01	1.571680e+01	1.100070e-08	0.000000e+00	1.827400e-01
0	99	R2	1.578610e+01	1.578610e+01	1.105319e-08	-9.207380e-15	7.717100e-01
0	100	R2	1.598450e+01	1.598450e+01	1.120336e-08	8.030909e-15	2.211900e-01
0	101	R2	1.499450e+01	1.499450e+01	1.045263e-08	-1.177838e-14	3.016300e-01
0	102	R2	1.379220e+01	1.379220e+01	9.535737e-09	-1.324600e-06	1.401700e-01
0	104	R2	1.628190e+01	1.628190e+01	1.142823e-08	-5.127977e-15	6.928100e-01
0	105	R2	1.765220e+01	1.765220e+01	1.246102e-08	-7.147167e-15	4.970800e-01
0	106	R2	1.676680e+01	1.676680e+01	1.179430e-08	-8.841995e-15	4.018000e-01
0	107	R2	2.157230e+01	2.157230e+01	1.539270e-08	0.000000e+00	6.811900e-01
0	110	R2	1.540730e+01	1.540730e+01	1.076609e-08	8.756565e-15	2.028600e-01
0	111	R2	1.910690e+01	1.910690e+01	1.355233e-08	7.180100e-15	4.948000e-01
0	113	R2	1.966920e+01	1.966920e+01	1.397299e-08	0.000000e+00	4.787000e-01
0	114	R2	1.852860e+01	1.852860e+01	1.311905e-08	7.579123e-15	4.687500e-01
0	115	R2	1.396240e+01	1.396240e+01	9.665923e-09	1.256264e-14	1.414000e-01
0	119	R2	1.037890e+01	1.037890e+01	6.888666e-09	0.000000e+00	7.266200e-02
0	120	R2	3.907200e+00	3.907200e+00	1.826205e-09	0.000000e+00	4.006600e-02


1	3	NOE	-8.089000e-01	-8.089000e-01	6.568721e-10	3.607841e-14	1.230900e-02
1	5	NOE	-2.713000e-01	-2.713000e-01	8.697144e-10	4.338390e-14	7.677200e-03
1	6	NOE	-6.190000e-02	-6.190000e-02	9.940315e-10	-1.029024e-14	1.483500e-02
1	7	NOE	1.787000e-01	1.787000e-01	1.198644e-09	-5.083572e-15	3.821900e-02
1	10	NOE	5.686000e-01	5.686000e-01	1.971542e-09	0.000000e+00	1.020700e-02
1	11	NOE	6.826000e-01	6.826000e-01	2.642075e-09	8.583093e-15	1.293500e-02
1	12	NOE	7.789000e-01	7.789000e-01	4.414761e-09	5.045322e-15	2.200500e-02
1	13	NOE	7.416000e-01	7.416000e-01	3.400774e-09	0.000000e+00	1.542600e-02
1	14	NOE	8.296000e-01	8.296000e-01	1.504963e-08	8.362002e-15	1.327700e-02
1	15	NOE	8.439000e-01	8.344307e-01	3.761433e-05	7.995052e-01	1.184400e-02
1	16	NOE	8.045000e-01	8.045000e-01	6.029874e-09	0.000000e+00	1.211800e-02
1	17	NOE	8.210000e-01	8.210000e-01	9.017431e-09	7.352470e-15	1.510000e-02
1	18	NOE	8.310000e-01	8.310000e-01	1.786097e-08	0.000000e+00	9.961100e-03
1	19	NOE	8.493000e-01	8.344307e-01	2.493504e-05	1.214518e+00	1.224300e-02
1	20	NOE	8.532000e-01	8.344307e-01	1.931457e-05	1.593052e+00	1.178200e-02
1	21	NOE	8.414000e-01	8.344307e-01	3.734794e-05	6.872438e-01	1.014100e-02
1	22	NOE	8.541000e-01	8.344307e-01	3.286189e-05	1.865276e+00	1.054500e-02
1	23	NOE	8.374000e-01	8.344307e-01	2.514217e-05	2.801529e-01	1.059900e-02
1	24	NOE	8.120000e-01	8.120000e-01	6.970975e-09	-6.101416e-08	1.090400e-02
1	25	NOE	8.256000e-01	8.256000e-01	1.112622e-08	-1.015200e-14	1.093600e-02
1	26	NOE	8.261000e-01	8.261000e-01	1.145586e-08	0.000000e+00	9.205300e-03
1	29	NOE	8.067000e-01	8.067000e-01	6.265972e-09	0.000000e+00	1.204700e-02
1	30	NOE	8.278000e-01	8.278000e-01	1.284303e-08	1.090271e-14	1.018300e-02
1	32	NOE	8.089000e-01	8.089000e-01	6.531902e-09	0.000000e+00	1.973500e-02
1	33	NOE	8.146000e-01	8.146000e-01	7.415945e-09	0.000000e+00	1.528800e-02
1	34	NOE	9.076000e-01	8.344307e-01	2.120334e-05	6.106095e+00	1.198300e-02
1	36	NOE	8.193000e-01	8.193000e-01	8.494227e-09	0.000000e+00	9.730400e-03
1	37	NOE	8.326000e-01	8.326000e-01	2.445478e-08	0.000000e+00	1.090500e-02
1	38	NOE	8.260000e-01	8.260000e-01	1.138760e-08	0.000000e+00	8.600700e-03
1	40	NOE	7.202000e-01	7.202000e-01	3.058591e-09	0.000000e+00	8.342300e-03
1	41	NOE	6.561000e-01	6.561000e-01	2.430763e-09	0.000000e+00	7.712800e-03
1	42	NOE	5.588000e-01	5.588000e-01	1.934032e-09	-2.447851e-14	9.071000e-03
1	43	NOE	6.885000e-01	6.885000e-01	2.696704e-09	-1.237596e-14	8.970800e-03
1	44	NOE	6.808000e-01	6.808000e-01	2.626032e-09	-1.369276e-14	8.108100e-03
1	45	NOE	6.567000e-01	6.567000e-01	2.435024e-09	-8.223265e-15	1.350100e-02
1	46	NOE	6.982000e-01	6.982000e-01	2.794030e-09	-5.463696e-15	2.032000e-02
1	47	NOE	7.416000e-01	7.416000e-01	3.400774e-09	0.000000e+00	9.108500e-03
1	51	NOE	7.442000e-01	7.442000e-01	3.450396e-09	0.000000e+00	1.020500e-02
1	52	NOE	8.017000e-01	8.017000e-01	5.764463e-09	-6.483811e-15	1.712300e-02
1	53	NOE	7.851000e-01	7.851000e-01	4.687105e-09	-7.822879e-15	1.419200e-02
1	54	NOE	7.964000e-01	7.964000e-01	5.344693e-09	0.000000e+00	1.301300e-02
1	58	NOE	7.877000e-01	7.877000e-01	4.817076e-09	-8.685832e-15	1.278200e-02
1	59	NOE	8.266000e-01	8.266000e-01	1.181657e-08	0.000000e+00	8.309600e-03
1	60	NOE	8.331000e-01	8.331000e-01	2.868515e-08	-1.171443e-14	9.477400e-03
1	61	NOE	8.553000e-01	8.344307e-01	2.496531e-05	1.849299e+00	1.128500e-02
1	62	NOE	8.751000e-01	8.344307e-01	2.684352e-05	2.137904e+00	1.902300e-02
1	63	NOE	8.300000e-01	8.300000e-01	1.571497e-08	0.000000e+00	1.079800e-02
1	64	NOE	8.429000e-01	8.344307e-01	1.967360e-05	8.515410e-01	9.945900e-03
1	65	NOE	8.326000e-01	8.326000e-01	2.445478e-08	0.000000e+00	9.651000e-03
1	66	NOE	8.456000e-01	8.344307e-01	2.551664e-05	1.048075e+00	1.065700e-02
1	67	NOE	8.409000e-01	8.344307e-01	2.749429e-05	6.376247e-01	1.014600e-02
1	68	NOE	7.958000e-01	7.958000e-01	5.302684e-09	0.000000e+00	9.531300e-03
1	69	NOE	8.031000e-01	8.031000e-01	5.892730e-09	0.000000e+00	8.925200e-03
1	70	NOE	8.247000e-01	8.247000e-01	1.059819e-08	1.175648e-14	9.443500e-03
1	71	NOE	7.959000e-01	7.959000e-01	5.309617e-09	0.000000e+00	8.689900e-03
1	72	NOE	7.117000e-01	7.117000e-01	2.948040e-09	0.000000e+00	8.045600e-03
1	73	NOE	7.823000e-01	7.823000e-01	4.558121e-09	-1.242569e-14	8.934900e-03
1	74	NOE	7.744000e-01	7.744000e-01	4.244013e-09	0.000000e+00	8.398500e-03
1	75	NOE	7.830000e-01	7.830000e-01	4.589381e-09	-1.557035e-07	9.736400e-03
1	76	NOE	7.565000e-01	7.565000e-01	3.717665e-09	0.000000e+00	1.011600e-02
1	77	NOE	8.500000e-01	8.344307e-01	3.133534e-05	1.306043e+00	1.192100e-02
1	78	NOE	8.182000e-01	8.182000e-01	8.200376e-09	0.000000e+00	1.065900e-02
1	79	NOE	8.689000e-01	8.344307e-01	4.033895e-05	2.582747e+00	1.334600e-02
1	80	NOE	8.267000e-01	8.267000e-01	1.189288e-08	0.000000e+00	1.029000e-02
1	81	NOE	8.979000e-01	8.344307e-01	1.642028e-05	5.272416e+00	1.203800e-02
1	82	NOE	8.156000e-01	8.156000e-01	7.611121e-09	8.906723e-15	1.246500e-02
1	83	NOE	8.311000e-01	8.311000e-01	1.812731e-08	7.593345e-15	1.462100e-02
1	85	NOE	8.340000e-01	8.340000e-01	5.042715e-08	0.000000e+00	1.415900e-02
1	86	NOE	8.810000e-01	8.344307e-01	2.180731e-05	3.059545e+00	1.522100e-02
1	89	NOE	8.538000e-01	8.344307e-01	3.549299e-05	1.555520e+00	1.245200e-02
1	90	NOE	8.353000e-01	8.344307e-01	2.379446e-05	2.954428e-02	2.942500e-02
1	93	NOE	8.496000e-01	8.344307e-01	1.699344e-05	6.865509e-01	2.209500e-02
1	96	NOE	8.367000e-01	8.344307e-01	2.710631e-05	1.712193e-01	1.325400e-02
1	97	NOE	7.868000e-01	7.868000e-01	4.770887e-09	-7.429041e-08	1.891400e-02
1	98	NOE	8.126000e-01	8.126000e-01	7.066574e-09	-4.983341e-08	1.299500e-02
1	99	NOE	8.043000e-01	8.043000e-01	6.009700e-09	0.000000e+00	4.396900e-02
1	100	NOE	8.045000e-01	8.045000e-01	6.029874e-09	0.000000e+00	1.416700e-02
1	101	NOE	8.102000e-01	8.102000e-01	6.705766e-09	0.000000e+00	2.008300e-02
1	102	NOE	8.478000e-01	8.344307e-01	4.598991e-05	1.098729e+00	1.216800e-02
1	104	NOE	9.402000e-01	8.344307e-01	2.352401e-05	2.718587e+00	3.890600e-02
1	105	NOE	8.514000e-01	8.344307e-01	3.163520e-05	8.596423e-01	1.974000e-02
1	106	NOE	8.431000e-01	8.344307e-01	1.988680e-05	4.288993e-01	2.021300e-02
1	107	NOE	8.795000e-01	8.344307e-01	2.043576e-05	1.953422e+00	2.307200e-02
1	110	NOE	8.326000e-01	8.326000e-01	2.445478e-08	0.000000e+00	1.418300e-02
1	111	NOE	8.522000e-01	8.344307e-01	2.673331e-05	8.740023e-01	2.033100e-02
1	113	NOE	8.090000e-01	8.090000e-01	6.544802e-09	-6.189224e-15	1.793800e-02
1	114	NOE	8.149000e-01	8.149000e-01	7.472923e-09	-5.439070e-15	2.041200e-02
1	115	NOE	8.236000e-01	8.236000e-01	1.004441e-08	0.000000e+00	1.017300e-02
1	119	NOE	4.122000e-01	4.122000e-01	1.536455e-09	-5.857151e-14	7.582000e-03
1	120	NOE	8.460000e-02	8.460000e-02	1.107711e-09	-4.726187e-14	7.340900e-03


2	3	R1	9.429100e-01	9.429100e-01	2.163067e-10	0.000000e+00	6.454300e-03
2	5	R1	1.184800e+00	1.184800e+00	3.298285e-10	0.000000e+00	7.151000e-03
2	6	R1	1.275200e+00	1.275200e+00	3.845896e-10	0.000000e+00	2.035800e-02
2	7	R1	1.206700e+00	1.206700e+00	1.133284e-08	4.222424e-15	5.258700e-02
2	10	R1	1.182200e+00	1.182200e+00	1.159319e-08	-2.108085e-14	1.053300e-02
2	11	R1	1.110800e+00	1.110800e+00	1.241364e-08	-1.639432e-14	1.354400e-02
2	12	R1	1.178900e+00	1.178900e+00	1.162904e-08	-7.996421e-15	2.776800e-02
2	13	R1	1.148200e+00	1.148200e+00	1.197183e-08	-1.274068e-14	1.742800e-02
2	14	R1	1.107800e+00	1.107800e+00	1.245030e-08	-1.831145e-14	1.212600e-02
2	15	R1	1.088500e+00	1.088500e+00	1.269078e-08	0.000000e+00	1.111600e-02
2	16	R1	1.128600e+00	1.128600e+00	1.219990e-08	0.000000e+00	1.157700e-02
2	17	R1	1.071200e+00	1.071200e+00	1.291334e-08	-1.618755e-14	1.371700e-02
2	18	R1	1.056800e+00	1.056800e+00	1.310390e-08	0.000000e+00	8.359600e-03
2	19	R1	1.168900e+00	1.168900e+00	1.173883e-08	0.000000e+00	1.189700e-02
2	20	R1	1.130100e+00	1.130100e+00	1.218218e-08	1.924797e-14	1.153600e-02
2	21	R1	1.114200e+00	1.114200e+00	1.237231e-08	0.000000e+00	1.021400e-02
2	22	R1	1.076800e+00	1.076800e+00	1.284055e-08	2.322497e-14	9.560600e-03
2	23	R1	1.146800e+00	1.146800e+00	1.198788e-08	-2.019322e-14	1.099600e-02
2	24	R1	1.095500e+00	1.095500e+00	1.260263e-08	3.857285e-14	1.151300e-02
2	25	R1	1.004200e+00	1.004200e+00	1.384438e-08	-2.012367e-14	1.103400e-02
2	26	R1	1.193200e+00	1.193200e+00	1.147505e-08	-2.235761e-14	9.931500e-03
2	29	R1	1.119500e+00	1.119500e+00	1.230837e-08	0.000000e+00	1.231400e-02
2	30	R1	1.108400e+00	1.108400e+00	1.244295e-08	2.096541e-14	1.059100e-02
2	32	R1	1.031600e+00	1.031600e+00	1.344962e-08	-8.695015e-15	2.553700e-02
2	33	R1	1.123500e+00	1.123500e+00	1.226048e-08	0.000000e+00	1.946400e-02
2	34	R1	1.174100e+00	1.174100e+00	1.168152e-08	0.000000e+00	1.362100e-02
2	36	R1	1.228300e+00	1.228300e+00	1.111140e-08	1.713572e-14	1.295800e-02
2	37	R1	1.148000e+00	1.148000e+00	1.197412e-08	0.000000e+00	1.250200e-02
2	38	R1	1.105200e+00	1.105200e+00	1.248223e-08	0.000000e+00	8.863900e-03
2	40	R1	1.123700e+00	1.123700e+00	1.225810e-08	0.000000e+00	6.700800e-03
2	41	R1	1.180600e+00	1.180600e+00	1.161055e-08	0.000000e+00	6.725300e-03
2	42	R1	1.010600e+00	1.010600e+00	1.375033e-08	0.000000e+00	6.619400e-03
2	43	R1	1.077900e+00	1.077900e+00	1.282634e-08	-3.094483e-14	7.175500e-03
2	44	R1	1.044700e+00	1.044700e+00	1.326791e-08	3.506207e-14	6.332900e-03
2	45	R1	1.061500e+00	1.061500e+00	1.304116e-08	1.945200e-14	1.141500e-02
2	46	R1	1.133200e+00	1.133200e+00	1.214571e-08	0.000000e+00	2.107600e-02
2	47	R1	1.122900e+00	1.122900e+00	1.226765e-08	0.000000e+00	7.529800e-03
2	51	R1	1.101900e+00	1.101900e+00	1.252296e-08	0.000000e+00	9.775000e-03
2	52	R1	1.073700e+00	1.073700e+00	1.288076e-08	-2.860478e-14	1.552500e-02
2	53	R1	1.111300e+00	1.111300e+00	1.240755e-08	0.000000e+00	1.334000e-02
2	54	R1	1.095200e+00	1.095200e+00	1.260638e-08	1.813497e-14	1.224400e-02
2	58	R1	1.048700e+00	1.048700e+00	1.321329e-08	0.000000e+00	1.122800e-02
2	59	R1	1.071200e+00	1.071200e+00	1.291334e-08	0.000000e+00	7.894300e-03
2	60	R1	1.062400e+00	1.062400e+00	1.302921e-08	0.000000e+00	9.596600e-03
2	61	R1	1.029400e+00	1.029400e+00	1.348057e-08	2.192817e-14	1.012600e-02
2	62	R1	1.042100e+00	1.042100e+00	1.330363e-08	-1.216749e-14	1.824900e-02
2	63	R1	1.059700e+00	1.059700e+00	1.306513e-08	2.158078e-14	1.028900e-02
2	64	R1	1.067300e+00	1.067300e+00	1.296447e-08	5.220525e-14	8.506600e-03
2	65	R1	1.046000e+00	1.046000e+00	1.325012e-08	-2.411300e-14	9.208500e-03
2	66	R1	1.092600e+00	1.092600e+00	1.263902e-08	-4.208977e-14	1.055100e-02
2	67	R1	1.077500e+00	1.077500e+00	1.283150e-08	2.194550e-14	1.011800e-02
2	68	R1	1.073000e+00	1.073000e+00	1.288987e-08	2.238646e-14	9.918700e-03
2	69	R1	1.090100e+00	1.090100e+00	1.267053e-08	2.289970e-14	9.696400e-03
2	70	R1	1.223900e+00	1.223900e+00	1.115591e-08	1.913353e-14	1.160500e-02
2	71	R1	1.148200e+00	1.148200e+00	1.197183e-08	2.264144e-14	9.807000e-03
2	72	R1	1.100300e+00	1.100300e+00	1.254280e-08	-2.917494e-14	7.610800e-03
2	73	R1	1.042800e+00	1.042800e+00	1.329399e-08	-5.755508e-14	7.715900e-03
2	74	R1	1.045500e+00	1.045500e+00	1.325695e-08	3.052789e-14	7.273500e-03
2	75	R1	1.035200e+00	1.035200e+00	1.339925e-08	-2.640936e-14	8.407800e-03
2	76	R1	1.035100e+00	1.035100e+00	1.340064e-08	2.433552e-14	9.124300e-03
2	77	R1	1.072800e+00	1.072800e+00	1.289247e-08	0.000000e+00	1.115500e-02
2	78	R1	1.039700e+00	1.039700e+00	1.333675e-08	1.915003e-14	1.159500e-02
2	79	R1	1.085000e+00	1.085000e+00	1.273526e-08	9.816078e-07	1.516500e-02
2	80	R1	1.115000e+00	1.115000e+00	1.236262e-08	0.000000e+00	1.144400e-02
2	81	R1	1.044900e+00	1.044900e+00	1.326517e-08	2.361649e-14	9.402100e-03
2	82	R1	1.089500e+00	1.089500e+00	1.267812e-08	0.000000e+00	1.190100e-02
2	83	R1	1.074400e+00	1.074400e+00	1.287166e-08	-1.472542e-14	1.507900e-02
2	85	R1	1.052400e+00	1.052400e+00	1.316313e-08	0.000000e+00	1.431000e-02
2	86	R1	1.035800e+00	1.035800e+00	1.339088e-08	0.000000e+00	1.460300e-02
2	89	R1	1.044500e+00	1.044500e+00	1.327065e-08	1.779204e-14	1.248000e-02
2	90	R1	1.074500e+00	1.074500e+00	1.287036e-08	5.860552e-15	3.788800e-02
2	93	R1	1.000600e+00	1.000600e+00	1.389779e-08	1.079563e-14	2.056800e-02
2	96	R1	1.096500e+00	1.096500e+00	1.259012e-08	1.823775e-14	1.217500e-02
2	97	R1	1.158100e+00	1.158100e+00	1.185942e-08	1.047380e-14	2.120000e-02
2	98	R1	1.004700e+00	1.004700e+00	1.383699e-08	1.771680e-14	1.253300e-02
2	99	R1	1.113100e+00	1.113100e+00	1.238566e-08	4.328439e-15	5.129900e-02
2	100	R1	1.060400e+00	1.060400e+00	1.305580e-08	0.000000e+00	1.242600e-02
2	101	R1	1.054500e+00	1.054500e+00	1.313480e-08	1.191546e-14	1.863500e-02
2	102	R1	1.065100e+00	1.065100e+00	1.299347e-08	-2.061504e-14	1.077100e-02
2	104	R1	1.034700e+00	1.034700e+00	1.340622e-08	0.000000e+00	4.493800e-02
2	105	R1	1.052500e+00	1.052500e+00	1.316177e-08	1.949812e-14	2.277600e-02
2	106	R1	1.105400e+00	1.105400e+00	1.247977e-08	-9.544558e-15	2.326400e-02
2	107	R1	1.082000e+00	1.082000e+00	1.277360e-08	9.135007e-15	2.430700e-02
2	110	R1	1.042500e+00	1.042500e+00	1.329812e-08	0.000000e+00	1.261800e-02
2	111	R1	1.081800e+00	1.081800e+00	1.277617e-08	-1.027176e-14	2.161700e-02
2	113	R1	1.016600e+00	1.016600e+00	1.366320e-08	-1.160471e-14	1.913400e-02
2	114	R1	1.079500e+00	1.079500e+00	1.280571e-08	0.000000e+00	2.494200e-02
2	115	R1	1.088600e+00	1.088600e+00	1.268951e-08	0.000000e+00	1.019400e-02
2	119	R1	1.120400e+00	1.120400e+00	1.229756e-08	5.564958e-14	7.980100e-03
2	120	R1	1.256900e+00	1.256900e+00	3.730156e-10	5.276600e-14	8.416200e-03


