0	3	R2	2.354500e+00	2.354500e+00	8.185205e-10	0.000000e+00	1.416000e-02
0	5	R2	3.372300e+00	3.372300e+00	1.320771e-09	0.000000e+00	1.538300e-02
0	6	R2	4.027200e+00	4.027200e+00	1.690531e-09	-2.410908e-14	3.684000e-02
0	7	R2	5.054300e+00	5.054300e+00	2.337914e-09	0.000000e+00	1.309400e-01
0	10	R2	1.530680e+01	1.530680e+01	9.077073e-09	0.000000e+00	6.688900e-02
0	11	R2	1.942460e+01	1.942460e+01	1.166891e-08	-2.729078e-14	1.301800e-01
0	12	R2	1.735570e+01	1.735570e+01	1.037046e-08	0.000000e+00	2.770000e-01
0	13	R2	1.813400e+01	1.813400e+01	1.085968e-08	0.000000e+00	1.855000e-01
0	14	R2	1.811710e+01	1.811710e+01	1.084907e-08	-3.011285e-14	1.179800e-01
0	15	R2	1.783620e+01	1.783620e+01	1.067261e-08	3.937572e-14	9.022600e-02
0	16	R2	1.750010e+01	1.750010e+01	1.046130e-08	3.900823e-14	9.107600e-02
0	17	R2	1.834630e+01	1.834630e+01	1.099296e-08	0.000000e+00	1.275400e-01
0	18	R2	1.690040e+01	1.690040e+01	1.008378e-08	0.000000e+00	7.614500e-02
0	19	R2	1.777370e+01	1.777370e+01	1.063333e-08	-3.103620e-14	1.144700e-01
0	20	R2	1.696270e+01	1.696270e+01	1.012303e-08	3.574770e-14	9.938300e-02
0	21	R2	1.829470e+01	1.829470e+01	1.096057e-08	0.000000e+00	1.093400e-01
0	22	R2	1.830160e+01	1.830160e+01	1.096490e-08	-6.951793e-14	1.022100e-01
0	23	R2	1.723620e+01	1.723620e+01	1.029525e-08	-3.582484e-14	9.916900e-02
0	24	R2	1.814030e+01	1.814030e+01	1.086364e-08	0.000000e+00	1.116900e-01
0	25	R2	1.817860e+01	1.817860e+01	1.088768e-08	2.912538e-14	1.219800e-01
0	26	R2	1.687420e+01	1.687420e+01	1.006727e-08	-9.216457e-14	7.709500e-02
0	29	R2	1.640500e+01	1.640500e+01	9.771408e-09	3.949522e-14	8.995300e-02
0	30	R2	1.759990e+01	1.759990e+01	1.052406e-08	0.000000e+00	9.940200e-02
0	32	R2	1.910390e+01	1.910390e+01	1.146804e-08	1.302219e-14	2.728200e-01
0	33	R2	1.663730e+01	1.663730e+01	9.917944e-09	2.227686e-14	1.594800e-01
0	34	R2	1.614670e+01	1.614670e+01	9.608340e-09	0.000000e+00	1.055500e-01
0	36	R2	1.569240e+01	1.569240e+01	9.321183e-09	-2.860939e-14	1.241800e-01
0	37	R2	1.724860e+01	1.724860e+01	1.030306e-08	0.000000e+00	1.231900e-01
0	38	R2	1.606970e+01	1.606970e+01	9.559702e-09	0.000000e+00	8.754700e-02
0	40	R2	1.718830e+01	1.718830e+01	1.026510e-08	-5.207730e-14	6.822000e-02
0	41	R2	1.675210e+01	1.675210e+01	9.990321e-09	-6.129807e-14	5.795800e-02
0	42	R2	1.486020e+01	1.486020e+01	8.793881e-09	3.027606e-14	5.867200e-02
0	43	R2	1.738830e+01	1.738830e+01	1.039097e-08	-5.323694e-14	6.673400e-02
0	44	R2	1.541960e+01	1.541960e+01	9.148520e-09	6.086645e-14	5.836900e-02
0	45	R2	2.695010e+01	2.695010e+01	1.635478e-08	-1.271369e-14	2.794400e-01
0	46	R2	1.650520e+01	1.650520e+01	9.834628e-09	1.545532e-14	2.298700e-01
0	47	R2	1.515700e+01	1.515700e+01	8.982142e-09	-5.986946e-14	5.934100e-02
0	51	R2	2.136160e+01	2.136160e+01	1.287957e-08	-2.587555e-14	1.373000e-01
0	52	R2	1.766420e+01	1.766420e+01	1.056449e-08	0.000000e+00	2.053600e-01
0	53	R2	1.468270e+01	1.468270e+01	8.681179e-09	0.000000e+00	1.035700e-01
0	54	R2	1.913060e+01	1.913060e+01	1.148476e-08	0.000000e+00	1.831300e-01
0	58	R2	1.751790e+01	1.751790e+01	1.047250e-08	0.000000e+00	1.164500e-01
0	59	R2	1.671650e+01	1.671650e+01	9.967879e-09	0.000000e+00	6.898700e-02
0	60	R2	1.792900e+01	1.792900e+01	1.073092e-08	-3.960000e-14	8.971500e-02
0	61	R2	1.841940e+01	1.841940e+01	1.103883e-08	-3.198914e-14	1.110600e-01
0	62	R2	1.767050e+01	1.767050e+01	1.056845e-08	0.000000e+00	1.927300e-01
0	63	R2	1.792730e+01	1.792730e+01	1.072985e-08	0.000000e+00	1.078600e-01
0	64	R2	1.873250e+01	1.873250e+01	1.123524e-08	3.459312e-14	1.027000e-01
0	65	R2	1.731250e+01	1.731250e+01	1.034327e-08	-4.306424e-14	8.249800e-02
0	66	R2	1.744680e+01	1.744680e+01	1.042777e-08	3.509200e-14	1.012400e-01
0	67	R2	1.774880e+01	1.774880e+01	1.061768e-08	3.117783e-14	1.139500e-01
0	68	R2	1.829810e+01	1.829810e+01	1.096271e-08	3.003647e-14	1.182800e-01
0	69	R2	1.686730e+01	1.686730e+01	1.006292e-08	3.447563e-14	1.030500e-01
0	70	R2	1.603120e+01	1.603120e+01	9.535378e-09	0.000000e+00	9.186500e-02
0	71	R2	1.610940e+01	1.610940e+01	9.584780e-09	0.000000e+00	9.118900e-02
0	72	R2	1.388250e+01	1.388250e+01	8.171958e-09	0.000000e+00	6.109100e-02
0	73	R2	1.618920e+01	1.618920e+01	9.635181e-09	0.000000e+00	7.851100e-02
0	74	R2	1.730740e+01	1.730740e+01	1.034006e-08	0.000000e+00	9.110700e-02
0	75	R2	1.814850e+01	1.814850e+01	1.086878e-08	0.000000e+00	8.872100e-02
0	76	R2	1.760240e+01	1.760240e+01	1.052564e-08	3.186290e-14	1.115000e-01
0	77	R2	1.835000e+01	1.835000e+01	1.099528e-08	-2.763467e-14	1.285600e-01
0	78	R2	1.815240e+01	1.815240e+01	1.087123e-08	-2.948800e-14	1.204800e-01
0	79	R2	1.917230e+01	1.917230e+01	1.151089e-08	3.973064e-14	1.788400e-01
0	80	R2	1.915450e+01	1.915450e+01	1.149974e-08	3.016398e-14	1.177800e-01
0	81	R2	1.859130e+01	1.859130e+01	1.114668e-08	0.000000e+00	1.084500e-01
0	82	R2	1.865610e+01	1.865610e+01	1.118733e-08	0.000000e+00	1.217700e-01
0	83	R2	1.946580e+01	1.946580e+01	1.169470e-08	-1.879246e-14	1.890500e-01
0	85	R2	1.890280e+01	1.890280e+01	1.134201e-08	0.000000e+00	1.714600e-01
0	86	R2	2.069220e+01	2.069220e+01	1.246164e-08	0.000000e+00	2.185200e-01
0	89	R2	1.922610e+01	1.922610e+01	1.154459e-08	-5.154089e-14	1.378600e-01
0	90	R2	3.092210e+01	3.092210e+01	1.881463e-08	4.700911e-15	1.511500e+00
0	93	R2	2.147440e+01	2.147440e+01	1.294995e-08	-8.270010e-15	4.295900e-01
0	96	R2	1.592650e+01	1.592650e+01	9.469212e-09	1.522287e-14	1.166900e-01
0	97	R2	1.727870e+01	1.727870e+01	1.032200e-08	0.000000e+00	2.386700e-01
0	98	R2	2.048000e+01	2.048000e+01	1.232906e-08	0.000000e+00	1.411700e-01
0	99	R2	2.168090e+01	2.168090e+01	1.307876e-08	-6.712098e-15	1.058600e+00
0	100	R2	1.928000e+01	1.928000e+01	1.157835e-08	0.000000e+00	1.342500e-01
0	101	R2	1.930400e+01	1.930400e+01	1.159338e-08	-1.529562e-14	2.322700e-01
0	102	R2	1.769990e+01	1.769990e+01	1.058694e-08	-3.460323e-14	1.026700e-01
0	104	R2	1.860240e+01	1.860240e+01	1.115365e-08	0.000000e+00	7.962800e-01
0	105	R2	2.319630e+01	2.319630e+01	1.402291e-08	0.000000e+00	4.940300e-01
0	106	R2	1.919210e+01	1.919210e+01	1.152329e-08	0.000000e+00	3.702300e-01
0	107	R2	3.084250e+01	3.084250e+01	1.876539e-08	-3.344675e-15	1.062200e+00
0	110	R2	2.032240e+01	2.032240e+01	1.223056e-08	0.000000e+00	1.552700e-01
0	111	R2	2.711760e+01	2.711760e+01	1.645864e-08	-5.197825e-15	6.835000e-01
0	113	R2	2.657750e+01	2.657750e+01	1.612368e-08	0.000000e+00	5.525400e-01
0	114	R2	2.269660e+01	2.269660e+01	1.371179e-08	-7.286273e-15	4.875900e-01
0	115	R2	1.782940e+01	1.782940e+01	1.066833e-08	0.000000e+00	1.180300e-01
0	119	R2	1.351590e+01	1.351590e+01	7.937985e-09	-2.917177e-14	6.089300e-02
0	120	R2	4.564600e+00	4.564600e+00	2.020792e-09	0.000000e+00	2.121300e-02


1	3	NOE	-2.238000e-01	-2.238000e-01	6.017931e-10	0.000000e+00	8.711500e-03
1	5	NOE	1.611000e-01	1.611000e-01	7.921398e-10	1.067221e-14	7.802200e-03
1	6	NOE	2.492000e-01	2.492000e-01	8.574210e-10	1.915366e-15	1.449100e-02
1	7	NOE	3.664000e-01	3.664000e-01	9.684751e-10	-7.928352e-15	3.500800e-02
1	10	NOE	6.533000e-01	6.533000e-01	1.550262e-09	1.153778e-14	9.622500e-03
1	11	NOE	7.333000e-01	7.333000e-01	1.998240e-09	9.089014e-15	1.221500e-02
1	12	NOE	8.104000e-01	8.104000e-01	3.218036e-09	8.149622e-15	2.724600e-02
1	13	NOE	7.998000e-01	7.998000e-01	2.918594e-09	6.196133e-15	1.791800e-02
1	14	NOE	8.535000e-01	8.535000e-01	8.804754e-09	0.000000e+00	1.261400e-02
1	15	NOE	8.606000e-01	8.602211e-01	1.056252e-05	3.760636e-02	1.007600e-02
1	16	NOE	8.549000e-01	8.549000e-01	9.897055e-09	1.089095e-14	1.019400e-02
1	17	NOE	8.658000e-01	8.602211e-01	2.271249e-05	4.207646e-01	1.325900e-02
1	18	NOE	8.670000e-01	8.602211e-01	1.358418e-05	7.187074e-01	9.432100e-03
1	19	NOE	8.508000e-01	8.508000e-01	7.434522e-09	-1.030274e-14	1.077600e-02
1	20	NOE	8.886000e-01	8.602211e-01	2.520997e-05	2.746967e+00	1.033100e-02
1	21	NOE	8.671000e-01	8.602211e-01	1.367933e-05	7.268973e-01	9.463400e-03
1	22	NOE	8.826000e-01	8.602211e-01	1.352542e-05	2.384008e+00	9.387100e-03
1	23	NOE	8.758000e-01	8.602211e-01	2.083164e-05	1.634398e+00	9.531900e-03
1	24	NOE	8.821000e-01	8.602211e-01	1.098551e-05	2.094679e+00	1.044500e-02
1	25	NOE	8.811000e-01	8.602211e-01	1.371797e-05	1.954589e+00	1.068200e-02
1	26	NOE	8.916000e-01	8.602211e-01	1.887164e-05	3.867161e+00	8.114200e-03
1	29	NOE	8.706000e-01	8.602211e-01	1.299927e-05	9.848107e-01	1.053900e-02
1	30	NOE	8.763000e-01	8.602211e-01	1.718461e-05	1.548134e+00	1.038600e-02
1	32	NOE	8.982000e-01	8.602211e-01	1.431095e-05	1.917449e+00	1.980700e-02
1	33	NOE	8.659000e-01	8.602211e-01	1.884139e-05	4.333729e-01	1.310400e-02
1	34	NOE	8.986000e-01	8.602211e-01	1.528344e-05	3.772255e+00	1.017400e-02
1	36	NOE	8.790000e-01	8.602211e-01	1.576273e-05	1.857276e+00	1.011100e-02
1	37	NOE	8.935000e-01	8.602211e-01	2.692644e-05	3.311006e+00	1.005100e-02
1	38	NOE	8.735000e-01	8.602211e-01	1.091371e-05	1.498733e+00	8.860100e-03
1	40	NOE	7.387000e-01	7.387000e-01	2.043446e-09	0.000000e+00	8.674400e-03
1	41	NOE	6.603000e-01	6.603000e-01	1.578487e-09	-1.423764e-14	7.797800e-03
1	42	NOE	6.080000e-01	6.080000e-01	1.396545e-09	-1.163768e-14	9.539900e-03
1	43	NOE	7.529000e-01	7.529000e-01	2.178041e-09	1.272083e-14	8.727600e-03
1	44	NOE	7.238000e-01	7.238000e-01	1.925264e-09	0.000000e+00	8.924400e-03
1	45	NOE	6.937000e-01	6.937000e-01	1.736429e-09	0.000000e+00	1.546500e-02
1	46	NOE	7.286000e-01	7.286000e-01	1.961159e-09	4.174712e-15	2.659400e-02
1	47	NOE	7.664000e-01	7.664000e-01	2.333137e-09	0.000000e+00	8.609600e-03
1	51	NOE	7.796000e-01	7.796000e-01	2.520755e-09	9.767072e-15	1.136700e-02
1	52	NOE	8.153000e-01	8.153000e-01	3.390913e-09	0.000000e+00	1.922200e-02
1	53	NOE	7.492000e-01	7.492000e-01	2.140516e-09	0.000000e+00	1.198900e-02
1	54	NOE	8.338000e-01	8.338000e-01	4.430843e-09	-7.647217e-15	1.451800e-02
1	58	NOE	8.757000e-01	8.602211e-01	1.557648e-05	1.200661e+00	1.289200e-02
1	59	NOE	8.829000e-01	8.602211e-01	1.284164e-05	3.010170e+00	7.534100e-03
1	60	NOE	8.893000e-01	8.602211e-01	2.068061e-05	3.409937e+00	8.527700e-03
1	61	NOE	9.021000e-01	8.602211e-01	1.597805e-05	3.968061e+00	1.055400e-02
1	62	NOE	9.026000e-01	8.602211e-01	1.513322e-05	2.232467e+00	1.898300e-02
1	63	NOE	8.714000e-01	8.602211e-01	1.756348e-05	1.097263e+00	1.018800e-02
1	64	NOE	8.532000e-01	8.532000e-01	8.614300e-09	-1.187798e-14	9.346900e-03
1	65	NOE	8.626000e-01	8.602211e-01	1.972914e-05	2.839991e-01	8.376500e-03
1	66	NOE	8.875000e-01	8.602211e-01	1.862208e-05	2.875036e+00	9.488200e-03
1	67	NOE	8.695000e-01	8.602211e-01	1.265967e-05	9.376435e-01	9.896000e-03
1	68	NOE	8.625000e-01	8.602211e-01	2.586542e-05	2.320927e-01	9.819000e-03
1	69	NOE	8.597000e-01	8.597000e-01	3.164386e-08	0.000000e+00	8.928000e-03
1	70	NOE	8.554000e-01	8.554000e-01	1.039821e-08	2.593828e-14	8.560500e-03
1	71	NOE	8.670000e-01	8.602211e-01	1.358418e-05	7.596194e-01	8.924100e-03
1	72	NOE	8.062000e-01	8.062000e-01	3.088916e-09	0.000000e+00	8.043900e-03
1	73	NOE	8.129000e-01	8.129000e-01	3.302895e-09	1.232636e-14	9.006900e-03
1	74	NOE	8.372000e-01	8.372000e-01	4.748620e-09	0.000000e+00	8.572200e-03
1	75	NOE	8.371000e-01	8.371000e-01	4.738286e-09	0.000000e+00	9.181600e-03
1	76	NOE	8.197000e-01	8.197000e-01	3.572074e-09	-1.140508e-07	1.049100e-02
1	77	NOE	8.519000e-01	8.519000e-01	7.911666e-09	-2.367697e-08	1.045400e-02
1	78	NOE	8.777000e-01	8.602211e-01	1.654425e-05	1.767172e+00	9.890900e-03
1	79	NOE	8.916000e-01	8.602211e-01	1.887164e-05	2.437198e+00	1.287500e-02
1	80	NOE	8.909000e-01	8.602211e-01	1.544409e-05	3.278398e+00	9.357900e-03
1	81	NOE	8.514000e-01	8.514000e-01	7.683732e-09	0.000000e+00	9.177700e-03
1	82	NOE	8.763000e-01	8.602211e-01	1.718461e-05	1.371921e+00	1.172000e-02
1	83	NOE	8.694000e-01	8.602211e-01	1.600415e-05	6.244587e-01	1.469900e-02
1	85	NOE	8.853000e-01	8.602211e-01	1.353959e-05	1.816392e+00	1.380700e-02
1	86	NOE	9.053000e-01	8.602211e-01	1.614311e-05	3.089290e+00	1.459200e-02
1	89	NOE	8.908000e-01	8.602211e-01	1.542333e-05	2.824581e+00	1.082600e-02
1	90	NOE	9.260000e-01	8.602211e-01	2.526353e-05	1.417619e+00	4.640100e-02
1	93	NOE	9.038000e-01	8.602211e-01	1.248256e-05	1.431116e+00	3.045100e-02
1	96	NOE	8.643000e-01	8.602211e-01	1.461890e-05	3.150475e-01	1.294700e-02
1	97	NOE	8.925000e-01	8.602211e-01	1.660814e-05	1.349905e+00	2.391200e-02
1	98	NOE	8.488000e-01	8.488000e-01	6.750734e-09	0.000000e+00	1.201300e-02
1	99	NOE	9.297000e-01	8.602211e-01	1.611950e-05	9.436224e-01	7.363000e-02
1	100	NOE	8.454000e-01	8.454000e-01	5.923747e-09	0.000000e+00	1.347100e-02
1	101	NOE	8.152000e-01	8.152000e-01	3.387106e-09	-5.477444e-15	2.026900e-02
1	102	NOE	8.700000e-01	8.602211e-01	2.369179e-05	9.149437e-01	1.068800e-02
1	104	NOE	9.782000e-01	8.602211e-01	1.034591e-05	2.442577e+00	4.830100e-02
1	105	NOE	8.805000e-01	8.602211e-01	1.347913e-05	8.296073e-01	2.444400e-02
1	106	NOE	8.374000e-01	8.374000e-01	4.769492e-09	0.000000e+00	2.179500e-02
1	107	NOE	9.066000e-01	8.602211e-01	1.093784e-05	1.482749e+00	3.127900e-02
1	110	NOE	8.784000e-01	8.602211e-01	1.478117e-05	1.411516e+00	1.287900e-02
1	111	NOE	8.963000e-01	8.602211e-01	1.701962e-05	1.323075e+00	2.726900e-02
1	113	NOE	8.158000e-01	8.158000e-01	3.410139e-09	0.000000e+00	2.086900e-02
1	114	NOE	8.567000e-01	8.567000e-01	1.216905e-08	-4.089410e-09	2.564000e-02
1	115	NOE	8.391000e-01	8.391000e-01	4.958684e-09	0.000000e+00	9.620900e-03
1	119	NOE	4.858000e-01	4.858000e-01	1.129162e-09	0.000000e+00	9.348600e-03
1	120	NOE	2.837000e-01	2.837000e-01	8.867369e-10	-1.692207e-14	9.841200e-03


2	3	R1	9.805200e-01	9.805200e-01	2.462020e-10	-6.805044e-07	1.148500e-02
2	5	R1	1.161700e+00	1.161700e+00	3.401002e-10	1.569220e-14	1.415000e-02
2	6	R1	1.190900e+00	1.190900e+00	7.549435e-09	0.000000e+00	2.880200e-02
2	7	R1	1.102800e+00	1.102800e+00	8.234087e-09	-3.178059e-15	6.986800e-02
2	10	R1	9.653000e-01	9.653000e-01	9.534918e-09	0.000000e+00	1.332700e-02
2	11	R1	8.772900e-01	8.772900e-01	1.057004e-08	6.647644e-15	1.670100e-02
2	12	R1	8.621800e-01	8.621800e-01	1.076813e-08	5.398473e-15	4.113100e-02
2	13	R1	8.624700e-01	8.624700e-01	1.076427e-08	0.000000e+00	2.532100e-02
2	14	R1	7.963700e-01	7.963700e-01	1.171538e-08	-1.586713e-14	1.399400e-02
2	15	R1	8.072700e-01	8.072700e-01	1.154817e-08	-2.819972e-14	1.181100e-02
2	16	R1	8.329700e-01	8.329700e-01	1.117070e-08	0.000000e+00	1.338000e-02
2	17	R1	7.658600e-01	7.658600e-01	1.220797e-08	6.899223e-15	1.609200e-02
2	18	R1	7.683300e-01	7.683300e-01	1.216668e-08	1.122605e-14	9.889700e-03
2	19	R1	8.458200e-01	8.458200e-01	1.099030e-08	0.000000e+00	1.476800e-02
2	20	R1	8.163300e-01	8.163300e-01	1.141247e-08	8.490293e-07	1.351900e-02
2	21	R1	8.045600e-01	8.045600e-01	1.158933e-08	9.325687e-15	1.190500e-02
2	22	R1	7.857000e-01	7.857000e-01	1.188342e-08	0.000000e+00	1.150700e-02
2	23	R1	8.262600e-01	8.262600e-01	1.126706e-08	0.000000e+00	1.205800e-02
2	24	R1	7.807700e-01	7.807700e-01	1.196257e-08	0.000000e+00	1.297600e-02
2	25	R1	7.121400e-01	7.121400e-01	1.317497e-08	0.000000e+00	1.270000e-02
2	26	R1	8.713500e-01	8.713500e-01	1.064713e-08	1.019021e-14	1.089500e-02
2	29	R1	7.917300e-01	7.917300e-01	1.178792e-08	0.000000e+00	1.286000e-02
2	30	R1	7.898800e-01	7.898800e-01	1.181707e-08	0.000000e+00	1.247200e-02
2	32	R1	7.693500e-01	7.693500e-01	1.214970e-08	0.000000e+00	2.905800e-02
2	33	R1	8.214400e-01	8.214400e-01	1.133722e-08	-5.292321e-15	2.097800e-02
2	34	R1	8.415000e-01	8.415000e-01	1.105035e-08	0.000000e+00	1.512000e-02
2	36	R1	8.712200e-01	8.712200e-01	1.064882e-08	0.000000e+00	1.654400e-02
2	37	R1	8.202700e-01	8.202700e-01	1.135437e-08	0.000000e+00	1.488900e-02
2	38	R1	8.317600e-01	8.317600e-01	1.118797e-08	0.000000e+00	1.224800e-02
2	40	R1	8.274300e-01	8.274300e-01	1.125015e-08	4.199028e-14	7.932000e-03
2	41	R1	8.985500e-01	8.985500e-01	1.030219e-08	0.000000e+00	8.811700e-03
2	42	R1	7.546300e-01	7.546300e-01	1.239902e-08	1.443742e-14	7.689900e-03
2	43	R1	8.142000e-01	8.142000e-01	1.144411e-08	0.000000e+00	7.891600e-03
2	44	R1	7.884400e-01	7.884400e-01	1.183985e-08	1.377482e-14	8.059800e-03
2	45	R1	8.020300e-01	8.020300e-01	1.162800e-08	0.000000e+00	1.794700e-02
2	46	R1	8.733900e-01	8.733900e-01	1.062054e-08	-3.212916e-15	3.455500e-02
2	47	R1	8.435200e-01	8.435200e-01	1.102220e-08	3.763085e-14	8.850900e-03
2	51	R1	8.149000e-01	8.149000e-01	1.143370e-08	-8.009111e-15	1.386200e-02
2	52	R1	8.036800e-01	8.036800e-01	1.160275e-08	0.000000e+00	2.393400e-02
2	53	R1	8.037600e-01	8.037600e-01	1.160153e-08	7.280628e-15	1.524900e-02
2	54	R1	7.797400e-01	7.797400e-01	1.197923e-08	0.000000e+00	1.904600e-02
2	58	R1	7.534700e-01	7.534700e-01	1.241907e-08	-8.124574e-15	1.366500e-02
2	59	R1	7.841000e-01	7.841000e-01	1.190900e-08	0.000000e+00	9.031400e-03
2	60	R1	7.589800e-01	7.589800e-01	1.232437e-08	0.000000e+00	1.131400e-02
2	61	R1	7.369000e-01	7.369000e-01	1.271220e-08	2.795123e-14	1.191600e-02
2	62	R1	7.580400e-01	7.580400e-01	1.234043e-08	-1.436252e-14	2.319000e-02
2	63	R1	7.672300e-01	7.672300e-01	1.218503e-08	-1.731342e-14	1.282500e-02
2	64	R1	7.653800e-01	7.653800e-01	1.221602e-08	1.064350e-14	1.043100e-02
2	65	R1	7.564500e-01	7.564500e-01	1.236769e-08	0.000000e+00	1.010400e-02
2	66	R1	8.151900e-01	8.151900e-01	1.142939e-08	8.613725e-15	1.288900e-02
2	67	R1	7.782500e-01	7.782500e-01	1.200341e-08	-8.126953e-15	1.366100e-02
2	68	R1	7.931700e-01	7.931700e-01	1.176532e-08	8.393612e-15	1.322700e-02
2	69	R1	7.928400e-01	7.928400e-01	1.177049e-08	-9.517557e-15	1.166500e-02
2	70	R1	8.807600e-01	8.807600e-01	1.052548e-08	0.000000e+00	1.316100e-02
2	71	R1	8.487700e-01	8.487700e-01	1.094963e-08	9.327969e-07	1.273000e-02
2	72	R1	8.103200e-01	8.103200e-01	1.150216e-08	1.121913e-14	9.895800e-03
2	73	R1	7.592800e-01	7.592800e-01	1.231925e-08	0.000000e+00	1.107000e-02
2	74	R1	7.655100e-01	7.655100e-01	1.221384e-08	0.000000e+00	9.360000e-03
2	75	R1	7.705000e-01	7.705000e-01	1.213061e-08	1.076191e-06	1.013400e-02
2	76	R1	7.753100e-01	7.753100e-01	1.205137e-08	0.000000e+00	1.268000e-02
2	77	R1	7.652900e-01	7.652900e-01	1.221754e-08	0.000000e+00	1.250600e-02
2	78	R1	7.496400e-01	7.496400e-01	1.248571e-08	2.441660e-14	1.364100e-02
2	79	R1	7.856100e-01	7.856100e-01	1.188486e-08	5.842357e-15	1.900300e-02
2	80	R1	8.303900e-01	8.303900e-01	1.120757e-08	0.000000e+00	1.240800e-02
2	81	R1	7.526200e-01	7.526200e-01	1.243381e-08	1.070817e-14	1.036800e-02
2	82	R1	7.999300e-01	7.999300e-01	1.166028e-08	0.000000e+00	1.201500e-02
2	83	R1	7.679300e-01	7.679300e-01	1.217335e-08	-1.328972e-14	1.670800e-02
2	85	R1	7.523100e-01	7.523100e-01	1.243919e-08	-1.294796e-14	1.714900e-02
2	86	R1	7.519400e-01	7.519400e-01	1.244561e-08	0.000000e+00	1.914200e-02
2	89	R1	7.435100e-01	7.435100e-01	1.259374e-08	1.615810e-14	1.374200e-02
2	90	R1	7.347200e-01	7.347200e-01	1.275172e-08	0.000000e+00	6.627500e-02
2	93	R1	7.204600e-01	7.204600e-01	1.301600e-08	0.000000e+00	3.600200e-02
2	96	R1	8.120400e-01	8.120400e-01	1.147636e-08	1.987747e-14	1.675600e-02
2	97	R1	8.827300e-01	8.827300e-01	1.050032e-08	-3.579056e-15	3.102000e-02
2	98	R1	7.472900e-01	7.472900e-01	1.252692e-08	0.000000e+00	1.448100e-02
2	99	R1	7.458900e-01	7.458900e-01	1.255159e-08	-1.193583e-15	9.301600e-02
2	100	R1	7.884500e-01	7.884500e-01	1.183969e-08	-7.874481e-15	1.409900e-02
2	101	R1	7.771100e-01	7.771100e-01	1.202196e-08	0.000000e+00	2.374000e-02
2	102	R1	7.617200e-01	7.617200e-01	1.227777e-08	1.783921e-14	1.244700e-02
2	104	R1	8.008100e-01	8.008100e-01	1.164673e-08	1.312864e-15	8.456500e-02
2	105	R1	7.349900e-01	7.349900e-01	1.274681e-08	3.354249e-15	3.309900e-02
2	106	R1	7.663300e-01	7.663300e-01	1.220009e-08	3.067084e-15	3.619800e-02
2	107	R1	7.726100e-01	7.726100e-01	1.209573e-08	2.412322e-15	4.602300e-02
2	110	R1	7.645600e-01	7.645600e-01	1.222981e-08	-7.950609e-15	1.396400e-02
2	111	R1	7.727300e-01	7.727300e-01	1.209376e-08	2.960485e-07	3.693400e-02
2	113	R1	7.166100e-01	7.166100e-01	1.308912e-08	0.000000e+00	2.958000e-02
2	114	R1	7.693400e-01	7.693400e-01	1.214987e-08	0.000000e+00	3.925400e-02
2	115	R1	7.902700e-01	7.902700e-01	1.181091e-08	0.000000e+00	1.302200e-02
2	119	R1	9.269300e-01	9.269300e-01	9.963050e-09	0.000000e+00	1.300600e-02
2	120	R1	1.155500e+00	1.155500e+00	7.812907e-09	0.000000e+00	1.516100e-02


