3	2.095100e+00	2.899700e-02	-8.089000e-01	1.230900e-02	9.429100e-01	6.454300e-03	1.728967e-01	
5	2.907900e+00	2.598300e-02	-2.713000e-01	7.677200e-03	1.184800e+00	7.151000e-03	1.526845e-01	
6	3.539100e+00	7.696500e-02	-6.190000e-02	1.483500e-02	1.275200e+00	2.035800e-02	1.372662e-01	
7	4.744200e+00	2.494100e-01	1.787000e-01	3.821900e-02	1.206700e+00	5.258700e-02	1.004623e-01	
10	1.225410e+01	1.052300e-01	5.686000e-01	1.020700e-02	1.182200e+00	1.053300e-02	5.169790e-02	
11	1.433710e+01	1.670000e-01	6.826000e-01	1.293500e-02	1.110800e+00	1.354400e-02	3.573918e-02	
12	1.465180e+01	3.023000e-01	7.789000e-01	2.200500e-02	1.178900e+00	2.776800e-02	2.642211e-02	
13	1.489010e+01	2.236300e-01	7.416000e-01	1.542600e-02	1.148200e+00	1.742800e-02	3.007543e-02	
14	1.493850e+01	1.654800e-01	8.296000e-01	1.327700e-02	1.107800e+00	1.212600e-02	1.913519e-02	
15	1.442880e+01	1.509300e-01	8.439000e-01	1.184400e-02	1.088500e+00	1.111600e-02	1.722397e-02	
16	1.473510e+01	1.528200e-01	8.045000e-01	1.211800e-02	1.128600e+00	1.157700e-02	2.236602e-02	
17	1.408380e+01	2.059200e-01	8.210000e-01	1.510000e-02	1.071200e+00	1.371700e-02	1.943683e-02	
18	1.449580e+01	1.233300e-01	8.310000e-01	9.961100e-03	1.056800e+00	8.359600e-03	1.810428e-02	
19	1.446710e+01	1.495900e-01	8.493000e-01	1.224300e-02	1.168900e+00	1.189700e-02	1.785634e-02	
20	1.432240e+01	1.551900e-01	8.532000e-01	1.178200e-02	1.130100e+00	1.153600e-02	1.681685e-02	
21	1.455110e+01	1.358800e-01	8.414000e-01	1.014100e-02	1.114200e+00	1.021400e-02	1.791299e-02	
22	1.404400e+01	1.369300e-01	8.541000e-01	1.054500e-02	1.076800e+00	9.560600e-03	1.592547e-02	
23	1.328420e+01	1.279800e-01	8.374000e-01	1.059900e-02	1.146800e+00	1.099600e-02	1.890210e-02	
24	1.475050e+01	1.610700e-01	8.120000e-01	1.090400e-02	1.095500e+00	1.151300e-02	2.087719e-02	
25	1.544330e+01	1.663800e-01	8.256000e-01	1.093600e-02	1.004200e+00	1.103400e-02	1.775287e-02	
26	1.396220e+01	1.153800e-01	8.261000e-01	9.205300e-03	1.193200e+00	9.931500e-03	2.103365e-02	
29	1.317320e+01	1.441000e-01	8.067000e-01	1.204700e-02	1.119500e+00	1.231400e-02	2.193602e-02	
30	1.394870e+01	1.287400e-01	8.278000e-01	1.018300e-02	1.108400e+00	1.059100e-02	1.934780e-02	
32	1.459230e+01	3.759800e-01	8.089000e-01	1.973500e-02	1.031600e+00	2.553700e-02	1.998361e-02	
33	1.328040e+01	2.198300e-01	8.146000e-01	1.528800e-02	1.123500e+00	1.946400e-02	2.111469e-02	
34	1.248130e+01	1.459900e-01	9.076000e-01	1.198300e-02	1.174100e+00	1.362100e-02	1.099712e-02	
36	1.303350e+01	1.532900e-01	8.193000e-01	9.730400e-03	1.228300e+00	1.295800e-02	2.249906e-02	
37	1.331310e+01	1.658300e-01	8.326000e-01	1.090500e-02	1.148000e+00	1.250200e-02	1.948046e-02	
38	1.368430e+01	1.230100e-01	8.260000e-01	8.600700e-03	1.105200e+00	8.863900e-03	1.949360e-02	
40	1.320820e+01	8.741900e-02	7.202000e-01	8.342300e-03	1.123700e+00	6.700800e-03	3.187131e-02	
41	1.231020e+01	7.737900e-02	6.561000e-01	7.712800e-03	1.180600e+00	6.725300e-03	4.115634e-02	
42	1.195590e+01	8.503300e-02	5.588000e-01	9.071000e-03	1.010600e+00	6.619400e-03	4.519773e-02	
43	1.419020e+01	9.648500e-02	6.885000e-01	8.970800e-03	1.077900e+00	7.175500e-03	3.403599e-02	
44	1.260240e+01	9.028900e-02	6.808000e-01	8.108100e-03	1.044700e+00	6.332900e-03	3.380308e-02	
45	1.969140e+01	2.557600e-01	6.567000e-01	1.350100e-02	1.061500e+00	1.141500e-02	3.693989e-02	
46	1.248100e+01	2.321900e-01	6.982000e-01	2.032000e-02	1.133200e+00	2.107600e-02	3.466791e-02	
47	1.262430e+01	8.881500e-02	7.416000e-01	9.108500e-03	1.122900e+00	7.529800e-03	2.941274e-02	
51	1.589780e+01	1.500300e-01	7.442000e-01	1.020500e-02	1.101900e+00	9.775000e-03	2.857226e-02	
52	1.391760e+01	2.287100e-01	8.017000e-01	1.712300e-02	1.073700e+00	1.552500e-02	2.158279e-02	
53	1.211710e+01	1.581000e-01	7.851000e-01	1.419200e-02	1.111300e+00	1.334000e-02	2.420859e-02	
54	1.554420e+01	2.080600e-01	7.964000e-01	1.301300e-02	1.095200e+00	1.224400e-02	2.260336e-02	
58	1.447410e+01	1.593900e-01	7.877000e-01	1.278200e-02	1.048700e+00	1.122800e-02	2.256852e-02	
59	1.367090e+01	1.028100e-01	8.266000e-01	8.309600e-03	1.071200e+00	7.894300e-03	1.882875e-02	
60	1.364920e+01	1.201800e-01	8.331000e-01	9.477400e-03	1.062400e+00	9.596600e-03	1.797406e-02	
61	1.454930e+01	1.578600e-01	8.553000e-01	1.128500e-02	1.029400e+00	1.012600e-02	1.509922e-02	
62	1.474670e+01	2.718400e-01	8.751000e-01	1.902300e-02	1.042100e+00	1.824900e-02	1.319391e-02	
63	1.441980e+01	1.495500e-01	8.300000e-01	1.079800e-02	1.059700e+00	1.028900e-02	1.826138e-02	
64	1.529900e+01	1.455900e-01	8.429000e-01	9.945900e-03	1.067300e+00	8.506600e-03	1.699670e-02	
65	1.449260e+01	1.400500e-01	8.326000e-01	9.651000e-03	1.046000e+00	9.208500e-03	1.774962e-02	
66	1.359780e+01	1.394100e-01	8.456000e-01	1.065700e-02	1.092600e+00	1.055100e-02	1.710056e-02	
67	1.373860e+01	1.504800e-01	8.409000e-01	1.014600e-02	1.077500e+00	1.011800e-02	1.737758e-02	
68	1.509730e+01	1.552400e-01	7.958000e-01	9.531300e-03	1.073000e+00	9.918700e-03	2.221045e-02	
69	1.412740e+01	1.457600e-01	8.031000e-01	8.925200e-03	1.090100e+00	9.696400e-03	2.175775e-02	
70	1.302680e+01	1.233100e-01	8.247000e-01	9.443500e-03	1.223900e+00	1.160500e-02	2.174852e-02	
71	1.336120e+01	1.290200e-01	7.959000e-01	8.689900e-03	1.148200e+00	9.807000e-03	2.375540e-02	
72	1.096080e+01	8.614500e-02	7.117000e-01	8.045600e-03	1.100300e+00	7.610800e-03	3.215567e-02	
73	1.243490e+01	9.936100e-02	7.823000e-01	8.934900e-03	1.042800e+00	7.715900e-03	2.301237e-02	
74	1.294100e+01	9.721600e-02	7.744000e-01	8.398500e-03	1.045500e+00	7.273500e-03	2.390920e-02	
75	1.458350e+01	1.248200e-01	7.830000e-01	9.736400e-03	1.035200e+00	8.407800e-03	2.277120e-02	
76	1.376440e+01	1.393600e-01	7.565000e-01	1.011600e-02	1.035100e+00	9.124300e-03	2.554954e-02	
77	1.418290e+01	1.596700e-01	8.500000e-01	1.192100e-02	1.072800e+00	1.115500e-02	1.631217e-02	
78	1.477790e+01	1.918700e-01	8.182000e-01	1.065900e-02	1.039700e+00	1.159500e-02	1.916036e-02	
79	1.604120e+01	2.362900e-01	8.689000e-01	1.334600e-02	1.085000e+00	1.516500e-02	1.441897e-02	
80	1.548890e+01	1.712400e-01	8.267000e-01	1.029000e-02	1.115000e+00	1.144400e-02	1.958733e-02	
81	1.550090e+01	1.666300e-01	8.979000e-01	1.203800e-02	1.044900e+00	9.402100e-03	1.081440e-02	
82	1.506560e+01	1.939900e-01	8.156000e-01	1.246500e-02	1.089500e+00	1.190100e-02	2.036526e-02	
83	1.591500e+01	2.458900e-01	8.311000e-01	1.462100e-02	1.074400e+00	1.507900e-02	1.839490e-02	
85	1.505170e+01	2.220900e-01	8.340000e-01	1.415900e-02	1.052400e+00	1.431000e-02	1.770887e-02	
86	1.710510e+01	2.691700e-01	8.810000e-01	1.522100e-02	1.035800e+00	1.460300e-02	1.249467e-02	
89	1.530060e+01	1.950300e-01	8.538000e-01	1.245200e-02	1.044500e+00	1.248000e-02	1.547953e-02	
90	2.284420e+01	9.915900e-01	8.353000e-01	2.942500e-02	1.074500e+00	3.788800e-02	1.793915e-02	
93	1.655550e+01	3.662400e-01	8.496000e-01	2.209500e-02	1.000600e+00	2.056800e-02	1.525493e-02	
96	1.390760e+01	1.646300e-01	8.367000e-01	1.325400e-02	1.096500e+00	1.217500e-02	1.815084e-02	
97	1.353110e+01	2.537700e-01	7.868000e-01	1.891400e-02	1.158100e+00	2.120000e-02	2.502852e-02	
98	1.571680e+01	1.827400e-01	8.126000e-01	1.299500e-02	1.004700e+00	1.253300e-02	1.908569e-02	
99	1.578610e+01	7.717100e-01	8.043000e-01	4.396900e-02	1.113100e+00	5.129900e-02	2.208141e-02	
100	1.598450e+01	2.211900e-01	8.045000e-01	1.416700e-02	1.060400e+00	1.242600e-02	2.101446e-02	
101	1.499450e+01	3.016300e-01	8.102000e-01	2.008300e-02	1.054500e+00	1.863500e-02	2.028825e-02	
102	1.379220e+01	1.401700e-01	8.478000e-01	1.216800e-02	1.065100e+00	1.077100e-02	1.643262e-02	
104	1.628190e+01	6.928100e-01	9.402000e-01	3.890600e-02	1.034700e+00	4.493800e-02	6.272165e-03	
105	1.765220e+01	4.970800e-01	8.514000e-01	1.974000e-02	1.052500e+00	2.277600e-02	1.585414e-02	
106	1.676680e+01	4.018000e-01	8.431000e-01	2.021300e-02	1.105400e+00	2.326400e-02	1.758103e-02	
107	2.157230e+01	6.811900e-01	8.795000e-01	2.307200e-02	1.082000e+00	2.430700e-02	1.321649e-02	
110	1.540730e+01	2.028600e-01	8.326000e-01	1.418300e-02	1.042500e+00	1.261800e-02	1.769022e-02	
111	1.910690e+01	4.948000e-01	8.522000e-01	2.033100e-02	1.081800e+00	2.161700e-02	1.620777e-02	
113	1.966920e+01	4.787000e-01	8.090000e-01	1.793800e-02	1.016600e+00	1.913400e-02	1.968273e-02	
114	1.852860e+01	4.687500e-01	8.149000e-01	2.041200e-02	1.079500e+00	2.494200e-02	2.025494e-02	
115	1.396240e+01	1.414000e-01	8.236000e-01	1.017300e-02	1.088600e+00	1.019400e-02	1.946564e-02	
119	1.037890e+01	7.266200e-02	4.122000e-01	7.582000e-03	1.120400e+00	7.980100e-03	6.675819e-02	
120	3.907200e+00	4.006600e-02	8.460000e-02	7.340900e-03	1.256900e+00	8.416200e-03	1.166309e-01	
