3	2.354500e+00	1.416000e-02	-2.238000e-01	8.711500e-03	9.805200e-01	1.148500e-02	1.216379e-01	
5	3.372300e+00	1.538300e-02	1.611000e-01	7.802200e-03	1.161700e+00	1.415000e-02	9.878842e-02	
6	4.027200e+00	3.684000e-02	2.492000e-01	1.449100e-02	1.190900e+00	2.880200e-02	9.063614e-02	
7	5.054300e+00	1.309400e-01	3.664000e-01	3.500800e-02	1.102800e+00	6.986800e-02	7.082943e-02	
10	1.530680e+01	6.688900e-02	6.533000e-01	9.622500e-03	9.653000e-01	1.332700e-02	3.392485e-02	
11	1.942460e+01	1.301800e-01	7.333000e-01	1.221500e-02	8.772900e-01	1.670100e-02	2.371745e-02	
12	1.735570e+01	2.770000e-01	8.104000e-01	2.724600e-02	8.621800e-01	4.113100e-02	1.657060e-02	
13	1.813400e+01	1.855000e-01	7.998000e-01	1.791800e-02	8.624700e-01	2.532100e-02	1.750290e-02	
14	1.811710e+01	1.179800e-01	8.535000e-01	1.261400e-02	7.963700e-01	1.399400e-02	1.182645e-02	
15	1.783620e+01	9.022600e-02	8.606000e-01	1.007600e-02	8.072700e-01	1.181100e-02	1.140731e-02	
16	1.750010e+01	9.107600e-02	8.549000e-01	1.019400e-02	8.329700e-01	1.338000e-02	1.225176e-02	
17	1.834630e+01	1.275400e-01	8.658000e-01	1.325900e-02	7.658600e-01	1.609200e-02	1.041847e-02	
18	1.690040e+01	7.614500e-02	8.670000e-01	9.432100e-03	7.683300e-01	9.889700e-03	1.035860e-02	
19	1.777370e+01	1.144700e-01	8.508000e-01	1.077600e-02	8.458200e-01	1.476800e-02	1.279230e-02	
20	1.696270e+01	9.938300e-02	8.886000e-01	1.033100e-02	8.163300e-01	1.351900e-02	9.218341e-03	
21	1.829470e+01	1.093400e-01	8.671000e-01	9.463400e-03	8.045600e-01	1.190500e-02	1.083890e-02	
22	1.830160e+01	1.022100e-01	8.826000e-01	9.387100e-03	7.857000e-01	1.150700e-02	9.350325e-03	
23	1.723620e+01	9.916900e-02	8.758000e-01	9.531900e-03	8.262600e-01	1.205800e-02	1.040256e-02	
24	1.814030e+01	1.116900e-01	8.821000e-01	1.044500e-02	7.807700e-01	1.297600e-02	9.331227e-03	
25	1.817860e+01	1.219800e-01	8.811000e-01	1.068200e-02	7.121400e-01	1.270000e-02	8.583197e-03	
26	1.687420e+01	7.709500e-02	8.916000e-01	8.114200e-03	8.713500e-01	1.089500e-02	9.574669e-03	
29	1.640500e+01	8.995300e-02	8.706000e-01	1.053900e-02	7.917300e-01	1.286000e-02	1.038516e-02	
30	1.759990e+01	9.940200e-02	8.763000e-01	1.038600e-02	7.898800e-01	1.247200e-02	9.904502e-03	
32	1.910390e+01	2.728200e-01	8.982000e-01	1.980700e-02	7.693500e-01	2.905800e-02	7.939142e-03	
33	1.663730e+01	1.594800e-01	8.659000e-01	1.310400e-02	8.214400e-01	2.097800e-02	1.116623e-02	
34	1.614670e+01	1.055500e-01	8.986000e-01	1.017400e-02	8.415000e-01	1.512000e-02	8.649558e-03	
36	1.569240e+01	1.241800e-01	8.790000e-01	1.011100e-02	8.712200e-01	1.654400e-02	1.068600e-02	
37	1.724860e+01	1.231900e-01	8.935000e-01	1.005100e-02	8.202700e-01	1.488900e-02	8.855402e-03	
38	1.606970e+01	8.754700e-02	8.735000e-01	8.860100e-03	8.317600e-01	1.224800e-02	1.066573e-02	
40	1.718830e+01	6.822000e-02	7.387000e-01	8.674400e-03	8.274300e-01	7.932000e-03	2.191657e-02	
41	1.675210e+01	5.795800e-02	6.603000e-01	7.797800e-03	8.985500e-01	8.811700e-03	3.094138e-02	
42	1.486020e+01	5.867200e-02	6.080000e-01	9.539900e-03	7.546300e-01	7.689900e-03	2.998624e-02	
43	1.738830e+01	6.673400e-02	7.529000e-01	8.727600e-03	8.142000e-01	7.891600e-03	2.039415e-02	
44	1.541960e+01	5.836900e-02	7.238000e-01	8.924400e-03	7.884400e-01	8.059800e-03	2.207467e-02	
45	2.695010e+01	2.794400e-01	6.937000e-01	1.546500e-02	8.020300e-01	1.794700e-02	2.490230e-02	
46	1.650520e+01	2.298700e-01	7.286000e-01	2.659400e-02	8.733900e-01	3.455500e-02	2.402813e-02	
47	1.515700e+01	5.934100e-02	7.664000e-01	8.609600e-03	8.435200e-01	8.850900e-03	1.997423e-02	
51	2.136160e+01	1.373000e-01	7.796000e-01	1.136700e-02	8.149000e-01	1.386200e-02	1.820613e-02	
52	1.766420e+01	2.053600e-01	8.153000e-01	1.922200e-02	8.036800e-01	2.393400e-02	1.504707e-02	
53	1.468270e+01	1.035700e-01	7.492000e-01	1.198900e-02	8.037600e-01	1.524900e-02	2.043411e-02	
54	1.913060e+01	1.831300e-01	8.338000e-01	1.451800e-02	7.797400e-01	1.904600e-02	1.313659e-02	
58	1.751790e+01	1.164500e-01	8.757000e-01	1.289200e-02	7.534700e-01	1.366500e-02	9.493775e-03	
59	1.671650e+01	6.898700e-02	8.829000e-01	7.534100e-03	7.841000e-01	9.031400e-03	9.307439e-03	
60	1.792900e+01	8.971500e-02	8.893000e-01	8.527700e-03	7.589800e-01	1.131400e-02	8.516866e-03	
61	1.841940e+01	1.110600e-01	9.021000e-01	1.055400e-02	7.369000e-01	1.191600e-02	7.312958e-03	
62	1.767050e+01	1.927300e-01	9.026000e-01	1.898300e-02	7.580400e-01	2.319000e-02	7.484330e-03	
63	1.792730e+01	1.078600e-01	8.714000e-01	1.018800e-02	7.672300e-01	1.282500e-02	1.000157e-02	
64	1.873250e+01	1.027000e-01	8.532000e-01	9.346900e-03	7.653800e-01	1.043100e-02	1.138951e-02	
65	1.731250e+01	8.249800e-02	8.626000e-01	8.376500e-03	7.564500e-01	1.010400e-02	1.053583e-02	
66	1.744680e+01	1.012400e-01	8.875000e-01	9.488200e-03	8.151900e-01	1.288900e-02	9.296366e-03	
67	1.774880e+01	1.139500e-01	8.695000e-01	9.896000e-03	7.782500e-01	1.366100e-02	1.029512e-02	
68	1.829810e+01	1.182800e-01	8.625000e-01	9.819000e-03	7.931700e-01	1.322700e-02	1.105531e-02	
69	1.686730e+01	1.030500e-01	8.597000e-01	8.928000e-03	7.928400e-01	1.166500e-02	1.127574e-02	
70	1.603120e+01	9.186500e-02	8.554000e-01	8.560500e-03	8.807600e-01	1.316100e-02	1.291004e-02	
71	1.610940e+01	9.118900e-02	8.670000e-01	8.924100e-03	8.487700e-01	1.273000e-02	1.144309e-02	
72	1.388250e+01	6.109100e-02	8.062000e-01	8.043900e-03	8.103200e-01	9.895800e-03	1.591887e-02	
73	1.618920e+01	7.851100e-02	8.129000e-01	9.006900e-03	7.592800e-01	1.107000e-02	1.440050e-02	
74	1.730740e+01	9.110700e-02	8.372000e-01	8.572200e-03	7.655100e-01	9.360000e-03	1.263302e-02	
75	1.814850e+01	8.872100e-02	8.371000e-01	9.181600e-03	7.705000e-01	1.013400e-02	1.272318e-02	
76	1.760240e+01	1.115000e-01	8.197000e-01	1.049100e-02	7.753100e-01	1.268000e-02	1.417010e-02	
77	1.835000e+01	1.285600e-01	8.519000e-01	1.045400e-02	7.652900e-01	1.250600e-02	1.148902e-02	
78	1.815240e+01	1.204800e-01	8.777000e-01	9.890900e-03	7.496400e-01	1.364100e-02	9.293537e-03	
79	1.917230e+01	1.788400e-01	8.916000e-01	1.287500e-02	7.856100e-01	1.900300e-02	8.632531e-03	
80	1.915450e+01	1.177800e-01	8.909000e-01	9.357900e-03	8.303900e-01	1.240800e-02	9.183510e-03	
81	1.859130e+01	1.084500e-01	8.514000e-01	9.177700e-03	7.526200e-01	1.036800e-02	1.133695e-02	
82	1.865610e+01	1.217700e-01	8.763000e-01	1.172000e-02	7.999300e-01	1.201500e-02	1.003052e-02	
83	1.946580e+01	1.890500e-01	8.694000e-01	1.469900e-02	7.679300e-01	1.670800e-02	1.016639e-02	
85	1.890280e+01	1.714600e-01	8.853000e-01	1.380700e-02	7.523100e-01	1.714900e-02	8.747060e-03	
86	2.069220e+01	2.185200e-01	9.053000e-01	1.459200e-02	7.519400e-01	1.914200e-02	7.218301e-03	
89	1.922610e+01	1.378600e-01	8.908000e-01	1.082600e-02	7.435100e-01	1.374200e-02	8.230217e-03	
90	3.092210e+01	1.511500e+00	9.260000e-01	4.640100e-02	7.347200e-01	6.627500e-02	5.511317e-03	
93	2.147440e+01	4.295900e-01	9.038000e-01	3.045100e-02	7.204600e-01	3.600200e-02	7.025654e-03	
96	1.592650e+01	1.166900e-01	8.643000e-01	1.294700e-02	8.120400e-01	1.675600e-02	1.117015e-02	
97	1.727870e+01	2.386700e-01	8.925000e-01	2.391200e-02	8.827300e-01	3.102000e-02	9.619183e-03	
98	2.048000e+01	1.411700e-01	8.488000e-01	1.201300e-02	7.472900e-01	1.448100e-02	1.145362e-02	
99	2.168090e+01	1.058600e+00	9.297000e-01	7.363000e-02	7.458900e-01	9.301600e-02	5.315351e-03	
100	1.928000e+01	1.342500e-01	8.454000e-01	1.347100e-02	7.884500e-01	1.409900e-02	1.235622e-02	
101	1.930400e+01	2.322700e-01	8.152000e-01	2.026900e-02	7.771100e-01	2.374000e-02	1.455748e-02	
102	1.769990e+01	1.026700e-01	8.700000e-01	1.068800e-02	7.617200e-01	1.244700e-02	1.003785e-02	
104	1.860240e+01	7.962800e-01	9.782000e-01	4.830100e-02	8.008100e-01	8.456500e-02	1.769652e-03	
105	2.319630e+01	4.940300e-01	8.805000e-01	2.444400e-02	7.349900e-01	3.309900e-02	8.903303e-03	
106	1.919210e+01	3.702300e-01	8.374000e-01	2.179500e-02	7.663300e-01	3.619800e-02	1.263101e-02	
107	3.084250e+01	1.062200e+00	9.066000e-01	3.127900e-02	7.726100e-01	4.602300e-02	7.314911e-03	
110	2.032240e+01	1.552700e-01	8.784000e-01	1.287900e-02	7.645600e-01	1.396400e-02	9.424254e-03	
111	2.711760e+01	6.835000e-01	8.963000e-01	2.726900e-02	7.727300e-01	3.693400e-02	8.122849e-03	
113	2.657750e+01	5.525400e-01	8.158000e-01	2.086900e-02	7.166100e-01	2.958000e-02	1.338056e-02	
114	2.269660e+01	4.875900e-01	8.567000e-01	2.564000e-02	7.693400e-01	3.925400e-02	1.117548e-02	
115	1.782940e+01	1.180300e-01	8.391000e-01	9.620900e-03	7.902700e-01	1.302200e-02	1.288942e-02	
119	1.351590e+01	6.089300e-02	4.858000e-01	9.348600e-03	9.269300e-01	1.300600e-02	4.831487e-02	
120	4.564600e+00	2.121300e-02	2.837000e-01	9.841200e-03	1.155500e+00	1.516100e-02	8.390092e-02	
