0	3	R2	1.792920e+01	1.792920e+01	1.025990e-08	1.900019e-14	1.869830e-01
0	4	R2	2.068678e+01	2.068678e+01	1.190899e-08	0.000000e+00	2.568640e-01
0	5	R2	2.216888e+01	2.216888e+01	1.279201e-08	0.000000e+00	6.840437e-01
0	6	R2	2.064649e+01	2.064649e+01	1.188496e-08	-6.970241e-15	5.096974e-01
0	7	R2	2.106356e+01	2.106356e+01	1.213366e-08	6.219214e-15	5.712480e-01
0	8	R2	2.433203e+01	2.433203e+01	1.407770e-08	6.220287e-15	5.711494e-01
0	9	R2	2.242498e+01	2.242498e+01	1.294441e-08	0.000000e+00	4.541459e-01
0	10	R2	2.209205e+01	2.209205e+01	1.274628e-08	5.220922e-15	6.804763e-01
0	11	R2	2.327091e+01	2.327091e+01	1.344742e-08	-3.193834e-15	1.112366e+00
0	12	R2	2.342199e+01	2.342199e+01	1.353721e-08	0.000000e+00	1.074409e+00
0	13	R2	2.124921e+01	2.124921e+01	1.224431e-08	-4.925234e-15	7.213288e-01
0	14	R2	2.295496e+01	2.295496e+01	1.325961e-08	-3.734104e-15	9.514233e-01
0	15	R2	2.604692e+01	2.604692e+01	1.509490e-08	-9.130924e-15	7.781718e-01
0	16	R2	2.262134e+01	2.262134e+01	1.306121e-08	6.917232e-15	5.136034e-01
0	17	R2	2.331368e+01	2.331368e+01	1.347284e-08	0.000000e+00	1.770664e+00
0	18	R2	2.517049e+01	2.517049e+01	1.457524e-08	-3.198451e-15	2.221521e+00
0	19	R2	2.152886e+01	2.152886e+01	1.241093e-08	-3.192652e-15	1.112778e+00
0	20	R2	2.371961e+01	2.371961e+01	1.371403e-08	0.000000e+00	1.031668e+00
0	21	R2	2.371342e+01	2.371342e+01	1.371035e-08	-5.175847e-15	6.864024e-01
0	22	R2	2.471427e+01	2.471427e+01	1.430458e-08	0.000000e+00	1.359166e+00
0	24	R2	2.321233e+01	2.321233e+01	1.341261e-08	0.000000e+00	8.686889e-01
0	25	R2	2.284574e+01	2.284574e+01	1.319467e-08	0.000000e+00	8.942323e-01
0	26	R2	2.052330e+01	2.052330e+01	1.181146e-08	0.000000e+00	2.023742e+00
0	27	R2	2.082930e+01	2.082930e+01	1.199399e-08	3.817300e-15	9.306875e-01
0	28	R2	2.246323e+01	2.246323e+01	1.296716e-08	0.000000e+00	4.831613e-01
0	29	R2	2.144687e+01	2.144687e+01	1.236208e-08	-4.452091e-15	7.979876e-01
0	30	R2	2.233471e+01	2.233471e+01	1.289069e-08	0.000000e+00	4.272048e-01
0	31	R2	2.431355e+01	2.431355e+01	1.406674e-08	-4.338954e-15	8.187950e-01
0	32	R2	2.436630e+01	2.436630e+01	1.409805e-08	3.879368e-15	9.157971e-01
0	33	R2	2.413163e+01	2.413163e+01	1.395873e-08	0.000000e+00	1.104789e+00
0	34	R2	2.653083e+01	2.653083e+01	1.538165e-08	0.000000e+00	1.758471e+00
0	35	R2	2.583450e+01	2.583450e+01	1.496899e-08	-8.545461e-15	4.157428e-01
0	36	R2	2.313703e+01	2.313703e+01	1.336785e-08	-5.521797e-15	6.433981e-01
0	37	R2	2.211408e+01	2.211408e+01	1.275940e-08	-1.257059e-14	5.652421e-01
0	38	R2	2.214989e+01	2.214989e+01	1.278071e-08	-1.015251e-14	6.998691e-01
0	39	R2	2.165713e+01	2.165713e+01	1.248733e-08	0.000000e+00	9.031292e-01
0	40	R2	2.375609e+01	2.375609e+01	1.373570e-08	-1.106471e-15	3.210852e+00
0	41	R2	2.186271e+01	2.186271e+01	1.260975e-08	2.169185e-15	1.637810e+00
0	42	R2	2.397332e+01	2.397332e+01	1.386472e-08	0.000000e+00	3.319183e+00
0	45	R2	2.649574e+01	2.649574e+01	1.536086e-08	3.302036e-16	1.075916e+01
0	46	R2	2.383088e+01	2.383088e+01	1.378013e-08	1.887250e-15	3.764963e+00
0	47	R2	2.665709e+01	2.665709e+01	1.545645e-08	-1.693018e-15	2.098451e+00
0	49	R2	2.378259e+01	2.378259e+01	1.375144e-08	-1.413758e-15	2.512957e+00
0	50	R2	2.501678e+01	2.501678e+01	1.448406e-08	5.788645e-16	1.227477e+01
0	51	R2	2.383071e+01	2.383071e+01	1.378002e-08	0.000000e+00	1.023568e+00
0	52	R2	2.234277e+01	2.234277e+01	1.289549e-08	0.000000e+00	9.411628e-01
0	53	R2	2.423611e+01	2.423611e+01	1.402076e-08	-4.369739e-15	8.130265e-01
0	54	R2	2.282117e+01	2.282117e+01	1.318006e-08	-8.993375e-15	7.900735e-01
0	55	R2	2.465948e+01	2.465948e+01	1.427206e-08	0.000000e+00	1.122611e+00
0	56	R2	2.202068e+01	2.202068e+01	1.270380e-08	0.000000e+00	8.646760e-01
0	57	R2	2.396963e+01	2.396963e+01	1.386253e-08	0.000000e+00	6.791334e-01
0	59	R2	2.550861e+01	2.550861e+01	1.477577e-08	-6.050985e-16	5.871298e+00
0	60	R2	1.898138e+01	1.898138e+01	1.089022e-08	6.226236e-15	5.706037e-01
0	61	R2	2.628587e+01	2.628587e+01	1.523651e-08	3.295231e-15	2.156276e+00
0	62	R2	2.320420e+01	2.320420e+01	1.340777e-08	0.000000e+00	1.319731e+00
0	63	R2	2.215646e+01	2.215646e+01	1.278462e-08	1.248292e-14	5.692120e-01
0	64	R2	3.345453e+01	3.345453e+01	1.947467e-08	3.676448e-15	1.932688e+00
0	65	R2	2.572265e+01	2.572265e+01	1.490268e-08	2.465677e-15	1.440868e+00
0	66	R2	3.279834e+01	3.279834e+01	1.908739e-08	0.000000e+00	3.397601e+00
0	67	R2	2.203672e+01	2.203672e+01	1.271335e-08	-1.499565e-14	4.738325e-01
0	68	R2	2.360073e+01	2.360073e+01	1.364341e-08	5.303209e-15	1.339835e+00
0	69	R2	2.922921e+01	2.922921e+01	1.697878e-08	-3.626392e-16	9.796827e+00
0	70	R2	2.630230e+01	2.630230e+01	1.524625e-08	0.000000e+00	3.455695e+00
0	71	R2	2.449736e+01	2.449736e+01	1.417584e-08	1.580569e-15	2.247744e+00
0	72	R2	2.768352e+01	2.768352e+01	1.606427e-08	1.469398e-15	2.417803e+00
0	73	R2	2.624346e+01	2.624346e+01	1.521138e-08	0.000000e+00	1.621724e+00
0	74	R2	3.875165e+01	3.875165e+01	2.259777e-08	1.097355e-15	6.475049e+00
0	75	R2	3.109821e+01	3.109821e+01	1.808344e-08	0.000000e+00	1.541843e+01
0	79	R2	2.423505e+01	2.423505e+01	1.402013e-08	1.888326e-15	1.881409e+00
0	81	R2	3.401383e+01	3.401383e+01	1.980469e-08	8.065500e-16	8.809655e+00
0	82	R2	2.961796e+01	2.961796e+01	1.720864e-08	-2.734177e-15	1.299372e+00
0	83	R2	3.040893e+01	3.040893e+01	1.767617e-08	0.000000e+00	5.501443e+00
0	84	R2	2.200833e+01	2.200833e+01	1.269645e-08	1.652123e-15	2.150393e+00
0	85	R2	5.969989e+01	5.969989e+01	3.491682e-08	-8.039074e-16	8.838614e+00
0	87	R2	2.283434e+01	2.283434e+01	1.318789e-08	0.000000e+00	1.098120e+00
0	88	R2	2.981026e+01	2.981026e+01	1.732232e-08	-1.538177e-15	4.619381e+00
0	89	R2	2.202769e+01	2.202769e+01	1.270797e-08	0.000000e+00	1.097382e+00
0	90	R2	2.566015e+01	2.566015e+01	1.486562e-08	0.000000e+00	3.469967e+00
0	91	R2	2.488536e+01	2.488536e+01	1.440609e-08	0.000000e+00	9.371711e-01
0	92	R2	2.457460e+01	2.457460e+01	1.422169e-08	1.187402e-15	2.992005e+00
0	93	R2	2.855822e+01	2.855822e+01	1.658190e-08	2.124828e-15	3.344001e+00
0	94	R2	2.378513e+01	2.378513e+01	1.375295e-08	0.000000e+00	1.173121e+00
0	95	R2	2.478153e+01	2.478153e+01	1.434449e-08	0.000000e+00	1.049035e+00
0	96	R2	2.665599e+01	2.665599e+01	1.545580e-08	7.547604e-16	4.707075e+00
0	97	R2	2.276617e+01	2.276617e+01	1.314735e-08	-1.968705e-15	1.804594e+00
0	105	R2	2.739566e+01	2.739566e+01	1.589386e-08	1.076326e-15	6.601559e+00
0	109	R2	2.475093e+01	2.475093e+01	1.432633e-08	-2.379396e-15	1.493116e+00
0	110	R2	2.077940e+01	2.077940e+01	1.196423e-08	-3.415137e-15	1.040284e+00
0	111	R2	2.340583e+01	2.340583e+01	1.352760e-08	1.352689e-14	7.879226e-01
0	112	R2	2.283977e+01	2.283977e+01	1.319112e-08	0.000000e+00	5.946507e-01
0	113	R2	2.276212e+01	2.276212e+01	1.314494e-08	5.545859e-15	6.406066e-01
0	114	R2	2.045844e+01	2.045844e+01	1.177277e-08	5.820182e-15	6.104128e-01
0	115	R2	1.976956e+01	1.976956e+01	1.136146e-08	2.860252e-15	1.242098e+00
0	117	R2	1.750175e+01	1.750175e+01	1.000338e-08	0.000000e+00	1.055661e+00
0	118	R2	2.003900e+01	2.003900e+01	1.152240e-08	1.013725e-14	7.009226e-01
0	119	R2	2.966294e+01	2.966294e+01	1.723523e-08	1.458377e-15	4.872146e+00
0	120	R2	2.466438e+01	2.466438e+01	1.427497e-08	4.310570e-15	8.241865e-01
0	121	R2	2.760365e+01	2.760365e+01	1.601699e-08	4.497436e-15	7.899420e-01
0	122	R2	2.545220e+01	2.545220e+01	1.474232e-08	0.000000e+00	2.841065e+00
0	123	R2	2.207266e+01	2.207266e+01	1.273474e-08	4.382213e-15	1.621424e+00
0	124	R2	2.661199e+01	2.661199e+01	1.542974e-08	7.601148e-15	9.347835e-01
0	125	R2	2.563356e+01	2.563356e+01	1.484986e-08	1.381636e-15	2.571382e+00
0	126	R2	2.408022e+01	2.408022e+01	1.392820e-08	-2.707187e-15	1.312327e+00
0	127	R2	2.355019e+01	2.355019e+01	1.361338e-08	-2.189679e-15	1.622481e+00
0	128	R2	2.485077e+01	2.485077e+01	1.438557e-08	0.000000e+00	1.228992e+00
0	129	R2	2.291834e+01	2.291834e+01	1.323784e-08	6.067121e-15	1.171137e+00
0	130	R2	2.377793e+01	2.377793e+01	1.374867e-08	0.000000e+00	1.065877e+00
0	131	R2	2.189813e+01	2.189813e+01	1.263084e-08	-8.321239e-15	4.269453e-01
0	132	R2	2.437953e+01	2.437953e+01	1.410591e-08	0.000000e+00	9.379597e-01
0	133	R2	2.210959e+01	2.210959e+01	1.275672e-08	0.000000e+00	5.944212e-01
0	134	R2	2.406279e+01	2.406279e+01	1.391785e-08	3.818404e-15	9.304184e-01
0	135	R2	2.413499e+01	2.413499e+01	1.396072e-08	-1.694755e-15	2.096300e+00
0	136	R2	2.881404e+01	2.881404e+01	1.673323e-08	-1.395014e-15	2.546722e+00
0	137	R2	2.285957e+01	2.285957e+01	1.320289e-08	-1.735247e-15	2.047382e+00
0	138	R2	2.218525e+01	2.218525e+01	1.280175e-08	1.768281e-15	2.009135e+00
0	139	R2	2.124316e+01	2.124316e+01	1.224071e-08	3.008251e-15	1.180990e+00
0	140	R2	2.227018e+01	2.227018e+01	1.285230e-08	0.000000e+00	4.664588e-01
0	143	R2	2.975587e+01	2.975587e+01	1.729017e-08	0.000000e+00	5.114756e+00
0	144	R2	2.648277e+01	2.648277e+01	1.535318e-08	0.000000e+00	1.329554e+00
0	145	R2	2.814745e+01	2.814745e+01	1.633886e-08	0.000000e+00	3.790030e+00
0	146	R2	2.483891e+01	2.483891e+01	1.437854e-08	0.000000e+00	8.541305e-01
0	150	R2	2.293263e+01	2.293263e+01	1.324633e-08	1.992159e-15	1.783348e+00
0	151	R2	2.206829e+01	2.206829e+01	1.273214e-08	0.000000e+00	9.595789e-01
0	152	R2	2.479471e+01	2.479471e+01	1.435231e-08	0.000000e+00	1.357313e+00
0	153	R2	2.527125e+01	2.527125e+01	1.463501e-08	-4.545493e-15	1.563181e+00
0	154	R2	2.672883e+01	2.672883e+01	1.549895e-08	1.356320e-14	7.858129e-01
0	155	R2	2.453750e+01	2.453750e+01	1.419967e-08	2.852313e-15	1.245555e+00
0	156	R2	2.348020e+01	2.348020e+01	1.357180e-08	0.000000e+00	1.952696e+00
0	157	R2	2.348314e+01	2.348314e+01	1.357355e-08	-5.661314e-15	6.275422e-01
0	159	R2	2.207378e+01	2.207378e+01	1.273541e-08	-3.515823e-15	1.010493e+00
0	160	R2	2.123150e+01	2.123150e+01	1.223376e-08	0.000000e+00	1.656978e-01
0	161	R2	2.474292e+01	2.474292e+01	1.432158e-08	0.000000e+00	8.114278e-01
0	162	R2	2.569457e+01	2.569457e+01	1.488603e-08	0.000000e+00	1.298919e+00
0	163	R2	2.254431e+01	2.254431e+01	1.301539e-08	0.000000e+00	1.681688e+00
0	164	R2	2.304028e+01	2.304028e+01	1.331034e-08	-2.806595e-15	1.265845e+00
0	165	R2	2.230714e+01	2.230714e+01	1.287429e-08	-4.585574e-15	7.747587e-01
0	166	R2	2.445497e+01	2.445497e+01	1.415069e-08	-2.646577e-15	1.342381e+00
0	167	R2	2.323113e+01	2.323113e+01	1.342378e-08	0.000000e+00	8.416500e-01
0	168	R2	2.384651e+01	2.384651e+01	1.378941e-08	0.000000e+00	6.294554e-01
0	169	R2	2.313755e+01	2.313755e+01	1.336815e-08	-7.180077e-15	9.896032e-01
0	170	R2	2.304171e+01	2.304171e+01	1.331118e-08	-2.716136e-15	1.308003e+00
0	171	R2	1.813356e+01	1.813356e+01	1.038245e-08	0.000000e+00	1.025029e+00
0	172	R2	2.174796e+01	2.174796e+01	1.254142e-08	5.319863e-15	1.335641e+00
0	173	R2	2.558211e+01	2.558211e+01	1.481935e-08	0.000000e+00	1.271589e+00
0	174	R2	2.389453e+01	2.389453e+01	1.381793e-08	0.000000e+00	1.338525e+00
0	177	R2	2.186942e+01	2.186942e+01	1.261375e-08	-1.212296e-14	2.930567e-01
0	178	R2	1.936173e+01	1.936173e+01	1.111772e-08	3.427854e-15	1.036425e+00
0	179	R2	2.200671e+01	2.200671e+01	1.269548e-08	6.257165e-15	5.677833e-01
0	180	R2	2.268624e+01	2.268624e+01	1.309982e-08	0.000000e+00	8.027277e-01
0	181	R2	2.180608e+01	2.180608e+01	1.257604e-08	-7.175580e-15	4.951117e-01
0	182	R2	2.239760e+01	2.239760e+01	1.292812e-08	2.916998e-15	1.217935e+00
0	183	R2	2.352668e+01	2.352668e+01	1.359941e-08	-3.142400e-15	1.130573e+00
0	184	R2	2.289615e+01	2.289615e+01	1.322464e-08	0.000000e+00	5.779682e-01
0	185	R2	2.276005e+01	2.276005e+01	1.314371e-08	-9.094301e-15	3.906527e-01
0	186	R2	2.340126e+01	2.340126e+01	1.352489e-08	0.000000e+00	1.481837e+00
0	187	R2	2.680682e+01	2.680682e+01	1.554515e-08	0.000000e+00	8.077874e-01
0	188	R2	2.339574e+01	2.339574e+01	1.352161e-08	-4.647367e-15	7.644573e-01
0	189	R2	2.175586e+01	2.175586e+01	1.254613e-08	-1.398298e-14	5.081483e-01
0	191	R2	3.352350e+01	3.352350e+01	1.951537e-08	0.000000e+00	3.879171e+00
0	192	R2	2.365296e+01	2.365296e+01	1.367444e-08	2.114687e-15	1.680019e+00
0	193	R2	2.694352e+01	2.694352e+01	1.562611e-08	1.228891e-15	2.890993e+00
0	194	R2	2.314843e+01	2.314843e+01	1.337463e-08	-6.385533e-15	5.563692e-01
0	195	R2	2.343245e+01	2.343245e+01	1.354342e-08	-2.388780e-15	1.487251e+00
0	196	R2	3.491533e+01	3.491533e+01	2.033649e-08	0.000000e+00	7.924449e+00
0	197	R2	2.323265e+01	2.323265e+01	1.342469e-08	0.000000e+00	3.063236e+00
0	198	R2	2.260492e+01	2.260492e+01	1.305144e-08	-3.850507e-15	9.226612e-01
0	199	R2	2.423404e+01	2.423404e+01	1.401953e-08	0.000000e+00	1.327290e+00
0	200	R2	2.356990e+01	2.356990e+01	1.362509e-08	-4.192102e-15	8.474778e-01
0	202	R2	2.151963e+01	2.151963e+01	1.240543e-08	0.000000e+00	6.822393e-01
0	203	R2	2.313203e+01	2.313203e+01	1.336488e-08	0.000000e+00	5.603034e-01
0	204	R2	2.315857e+01	2.315857e+01	1.338065e-08	0.000000e+00	6.995747e-01
0	205	R2	2.227943e+01	2.227943e+01	1.285780e-08	0.000000e+00	1.489577e+00
0	206	R2	2.139101e+01	2.139101e+01	1.232881e-08	4.144470e-15	8.572178e-01
0	207	R2	2.566680e+01	2.566680e+01	1.486956e-08	0.000000e+00	1.144490e+00
0	208	R2	2.319563e+01	2.319563e+01	1.340268e-08	2.886049e-15	1.230996e+00
0	209	R2	2.888869e+01	2.888869e+01	1.677738e-08	1.178541e-15	3.014502e+00
0	213	R2	2.836310e+01	2.836310e+01	1.646646e-08	1.460721e-15	4.864330e+00
0	215	R2	2.275276e+01	2.275276e+01	1.313938e-08	-3.597095e-15	1.975324e+00
0	216	R2	2.512611e+01	2.512611e+01	1.454892e-08	0.000000e+00	3.655168e+00
0	217	R2	2.421635e+01	2.421635e+01	1.400903e-08	5.011172e-15	1.417917e+00
0	218	R2	2.330138e+01	2.330138e+01	1.346553e-08	-2.148255e-15	1.653767e+00
0	219	R2	2.357499e+01	2.357499e+01	1.362812e-08	0.000000e+00	2.101627e+00
0	220	R2	2.336868e+01	2.336868e+01	1.350553e-08	0.000000e+00	2.696414e+00
0	221	R2	1.990617e+01	1.990617e+01	1.144307e-08	0.000000e+00	9.000925e+00
0	222	R2	2.549256e+01	2.549256e+01	1.476626e-08	0.000000e+00	2.570250e+00
0	223	R2	2.152955e+01	2.152955e+01	1.241134e-08	-1.102028e-14	6.447595e-01
0	224	R2	2.127433e+01	2.127433e+01	1.225928e-08	0.000000e+00	1.169499e+00
0	225	R2	1.957534e+01	1.957534e+01	1.124541e-08	1.566246e-15	2.268299e+00
0	226	R2	2.054143e+01	2.054143e+01	1.182228e-08	0.000000e+00	9.997931e-01
0	228	R2	2.010975e+01	2.010975e+01	1.156464e-08	0.000000e+00	5.311037e-01
0	229	R2	2.145761e+01	2.145761e+01	1.236848e-08	0.000000e+00	6.463151e-01
0	230	R2	2.277596e+01	2.277596e+01	1.315317e-08	0.000000e+00	4.066833e-01
0	232	R2	2.116456e+01	2.116456e+01	1.219386e-08	-4.196330e-15	8.466239e-01
0	233	R2	2.529824e+01	2.529824e+01	1.465101e-08	0.000000e+00	7.821931e-01
0	234	R2	2.429282e+01	2.429282e+01	1.405443e-08	-2.056189e-15	1.727815e+00
0	235	R2	2.527405e+01	2.527405e+01	1.463667e-08	-7.926261e-15	8.964412e-01
0	236	R2	2.232191e+01	2.232191e+01	1.288307e-08	0.000000e+00	1.581647e+00
0	237	R2	2.365840e+01	2.365840e+01	1.367767e-08	-3.782956e-15	9.391370e-01
0	238	R2	2.437805e+01	2.437805e+01	1.410503e-08	2.516764e-15	1.411620e+00
0	239	R2	2.506691e+01	2.506691e+01	1.451380e-08	-2.346823e-15	3.027679e+00
0	240	R2	2.395138e+01	2.395138e+01	1.385169e-08	0.000000e+00	1.591556e+00
0	241	R2	2.010965e+01	2.010965e+01	1.156458e-08	-1.973639e-14	3.600165e-01
0	242	R2	2.134884e+01	2.134884e+01	1.230368e-08	0.000000e+00	8.811002e-01
0	243	R2	2.068874e+01	2.068874e+01	1.191016e-08	-2.756640e-15	1.288784e+00
0	244	R2	2.018902e+01	2.018902e+01	1.161197e-08	-1.375378e-14	2.583082e-01
0	245	R2	2.124777e+01	2.124777e+01	1.224345e-08	9.604639e-15	3.698956e-01
0	246	R2	2.563145e+01	2.563145e+01	1.484861e-08	1.092264e-15	3.252615e+00
0	247	R2	2.382216e+01	2.382216e+01	1.377495e-08	8.397865e-15	8.460993e-01
0	248	R2	2.169410e+01	2.169410e+01	1.250935e-08	0.000000e+00	1.308929e+00
0	250	R2	2.113120e+01	2.113120e+01	1.217398e-08	-1.897550e-14	3.744527e-01
0	251	R2	2.226923e+01	2.226923e+01	1.285173e-08	0.000000e+00	5.751262e-01
0	252	R2	2.251307e+01	2.251307e+01	1.299681e-08	0.000000e+00	8.633513e-01
0	253	R2	2.469951e+01	2.469951e+01	1.429582e-08	-1.864003e-15	1.905959e+00
0	254	R2	2.361554e+01	2.361554e+01	1.365221e-08	-3.597523e-15	9.875443e-01
0	255	R2	2.257037e+01	2.257037e+01	1.303090e-08	0.000000e+00	6.135148e-01
0	256	R2	2.386575e+01	2.386575e+01	1.380084e-08	-4.928781e-15	7.208099e-01
0	257	R2	2.517719e+01	2.517719e+01	1.457922e-08	0.000000e+00	1.533031e+00
0	258	R2	2.200920e+01	2.200920e+01	1.269697e-08	1.223018e-14	2.904875e-01
0	259	R2	2.283198e+01	2.283198e+01	1.318648e-08	0.000000e+00	1.146766e+00
0	260	R2	2.267473e+01	2.267473e+01	1.309297e-08	0.000000e+00	2.770776e-01
0	261	R2	2.235337e+01	2.235337e+01	1.290180e-08	-6.172514e-15	1.151140e+00
0	262	R2	1.863103e+01	1.863103e+01	1.068051e-08	0.000000e+00	4.310935e-01
0	263	R2	2.029488e+01	2.029488e+01	1.167516e-08	0.000000e+00	6.658844e-01
0	264	R2	2.369721e+01	2.369721e+01	1.370072e-08	6.179142e-15	5.749526e-01
0	265	R2	1.946547e+01	1.946547e+01	1.117974e-08	1.449349e-14	4.902494e-01
0	266	R2	1.239739e+01	1.239739e+01	6.909883e-09	2.719283e-14	1.306489e-01


1	3	NOE	6.424056e-01	6.424056e-01	1.368438e-09	1.642860e-14	6.757868e-03
1	4	NOE	7.843339e-01	7.843339e-01	2.300079e-09	-2.019697e-14	5.496977e-03
1	5	NOE	8.382417e-01	8.382417e-01	3.953624e-09	0.000000e+00	9.343940e-03
1	6	NOE	8.634744e-01	8.634744e-01	1.238768e-08	0.000000e+00	1.232435e-02
1	7	NOE	8.318741e-01	8.318741e-01	3.567295e-09	0.000000e+00	1.212153e-02
1	8	NOE	9.024266e-01	8.663549e-01	1.546480e-05	3.012277e+00	1.197491e-02
1	9	NOE	8.494756e-01	8.494756e-01	5.109065e-09	0.000000e+00	9.604154e-03
1	10	NOE	8.359258e-01	8.359258e-01	3.799169e-09	0.000000e+00	1.315860e-02
1	11	NOE	8.541729e-01	8.541729e-01	6.017221e-09	0.000000e+00	1.338269e-02
1	12	NOE	9.328627e-01	8.663549e-01	1.667045e-05	4.085888e+00	1.627746e-02
1	13	NOE	8.660031e-01	8.660031e-01	3.545964e-08	9.080145e-15	1.222693e-02
1	14	NOE	8.721202e-01	8.663549e-01	2.597636e-05	3.729003e-01	1.546087e-02
1	15	NOE	8.590672e-01	8.590672e-01	7.784095e-09	-6.901918e-15	1.608572e-02
1	16	NOE	8.567593e-01	8.567593e-01	6.781884e-09	0.000000e+00	1.506548e-02
1	17	NOE	8.360670e-01	8.360670e-01	3.808077e-09	-3.737801e-15	2.970257e-02
1	18	NOE	8.455145e-01	8.455145e-01	4.595837e-09	-1.748591e-08	3.534826e-02
1	19	NOE	9.660072e-01	8.663549e-01	1.593400e-05	4.094895e+00	2.433575e-02
1	20	NOE	8.514192e-01	8.514192e-01	5.432539e-09	4.943237e-15	2.245943e-02
1	21	NOE	8.648819e-01	8.648819e-01	1.732617e-08	0.000000e+00	1.963349e-02
1	22	NOE	8.305853e-01	8.305853e-01	3.501915e-09	0.000000e+00	2.204656e-02
1	24	NOE	8.496329e-01	8.496329e-01	5.133126e-09	0.000000e+00	1.287403e-02
1	25	NOE	8.114266e-01	8.114266e-01	2.819623e-09	0.000000e+00	1.501722e-02
1	26	NOE	7.042702e-01	7.042702e-01	1.620650e-09	-6.301166e-15	1.761933e-02
1	27	NOE	6.697563e-01	6.697563e-01	1.465405e-09	9.852871e-15	1.126802e-02
1	28	NOE	8.222031e-01	8.222031e-01	3.148931e-09	0.000000e+00	1.300050e-02
1	29	NOE	8.115940e-01	8.115940e-01	2.823987e-09	0.000000e+00	1.073269e-02
1	30	NOE	8.635290e-01	8.635290e-01	1.250700e-08	0.000000e+00	1.033096e-02
1	31	NOE	8.223016e-01	8.223016e-01	3.152486e-09	-4.988859e-08	2.604805e-02
1	32	NOE	8.969703e-01	8.663549e-01	1.067272e-05	2.185585e+00	1.400789e-02
1	33	NOE	8.929922e-01	8.663549e-01	2.143378e-05	1.829298e+00	1.456149e-02
1	34	NOE	8.669982e-01	8.663549e-01	1.789912e-05	4.500613e-02	1.429433e-02
1	35	NOE	9.021683e-01	8.663549e-01	1.504960e-05	3.211604e+00	1.115128e-02
1	36	NOE	8.436799e-01	8.436799e-01	4.405053e-09	0.000000e+00	9.951119e-03
1	37	NOE	9.005381e-01	8.663549e-01	1.295508e-05	2.571200e+00	1.329465e-02
1	38	NOE	8.921400e-01	8.663549e-01	1.300690e-05	1.684948e+00	1.530320e-02
1	39	NOE	8.370404e-01	8.370404e-01	3.871222e-09	0.000000e+00	2.363412e-02
1	40	NOE	9.257515e-01	8.663549e-01	1.155138e-05	1.738792e+00	3.415969e-02
1	41	NOE	8.516302e-01	8.516302e-01	5.471462e-09	2.065839e-15	5.374199e-02
1	42	NOE	8.187144e-01	8.187144e-01	3.030205e-09	-2.185074e-15	5.080941e-02
1	45	NOE	8.546780e-01	8.546780e-01	6.146331e-09	0.000000e+00	1.029300e-01
1	46	NOE	9.554918e-01	8.663549e-01	2.070822e-05	1.486050e+00	5.998248e-02
1	47	NOE	8.896410e-01	8.663549e-01	2.368302e-05	7.615270e-01	3.057829e-02
1	49	NOE	8.911678e-01	8.663549e-01	1.197136e-05	8.854973e-01	2.802147e-02
1	50	NOE	7.906804e-01	7.906804e-01	2.396378e-09	0.000000e+00	5.179634e-02
1	51	NOE	9.403338e-01	8.663549e-01	1.780003e-05	4.940973e+00	1.497254e-02
1	52	NOE	8.527711e-01	8.527711e-01	5.697356e-09	0.000000e+00	1.553474e-02
1	53	NOE	8.868452e-01	8.663549e-01	1.695140e-05	9.051373e-01	2.263788e-02
1	54	NOE	8.930710e-01	8.663549e-01	1.555338e-05	1.334825e+00	2.001475e-02
1	55	NOE	8.365157e-01	8.365157e-01	3.836804e-09	0.000000e+00	2.377868e-02
1	56	NOE	8.757942e-01	8.663549e-01	1.593896e-05	5.427456e-01	1.739185e-02
1	57	NOE	7.874518e-01	7.874518e-01	2.345945e-09	0.000000e+00	1.212800e-02
1	59	NOE	8.359078e-01	8.359078e-01	3.798038e-09	0.000000e+00	3.313353e-02
1	60	NOE	7.843795e-01	7.843795e-01	2.300730e-09	-1.000828e-14	1.109305e-02
1	61	NOE	8.908032e-01	8.663549e-01	1.744712e-05	1.404495e+00	1.740719e-02
1	62	NOE	9.216719e-01	8.663549e-01	1.932204e-05	3.299938e+00	1.676307e-02
1	63	NOE	8.948463e-01	8.663549e-01	1.608334e-05	2.109675e+00	1.350513e-02
1	64	NOE	8.740583e-01	8.663549e-01	1.473723e-05	5.645443e-01	1.364540e-02
1	65	NOE	7.894112e-01	7.894112e-01	2.376176e-09	0.000000e+00	1.724705e-02
1	66	NOE	8.121193e-01	8.121193e-01	2.837803e-09	-3.209254e-15	3.459442e-02
1	67	NOE	8.677493e-01	8.663549e-01	2.203797e-05	1.191686e-01	1.170173e-02
1	68	NOE	8.332230e-01	8.332230e-01	3.639760e-09	0.000000e+00	2.062749e-02
1	69	NOE	6.157535e-01	6.157535e-01	1.289401e-09	-1.182989e-15	9.384895e-02
1	70	NOE	8.575546e-01	8.575546e-01	7.082331e-09	3.337605e-15	3.326406e-02
1	71	NOE	8.486126e-01	8.486126e-01	4.982760e-09	0.000000e+00	1.877305e-02
1	72	NOE	8.036517e-01	8.036517e-01	2.636623e-09	0.000000e+00	1.794171e-02
1	73	NOE	8.684955e-01	8.663549e-01	1.129198e-05	5.853862e-02	3.656792e-02
1	74	NOE	7.707030e-01	7.707030e-01	2.126466e-09	-7.269307e-08	3.834613e-02
1	75	NOE	7.479477e-01	7.479477e-01	1.906086e-09	1.478380e-15	7.509725e-02
1	79	NOE	7.660174e-01	7.660174e-01	2.075069e-09	-6.029588e-08	4.844111e-02
1	81	NOE	6.854017e-01	6.854017e-01	1.530341e-09	-1.440380e-15	7.707846e-02
1	82	NOE	8.887356e-01	8.663549e-01	1.387094e-05	5.680206e-01	3.940130e-02
1	83	NOE	8.355793e-01	8.355793e-01	3.777567e-09	0.000000e+00	7.172634e-02
1	84	NOE	8.617319e-01	8.617319e-01	9.776355e-09	0.000000e+00	2.683149e-02
1	85	NOE	8.663187e-01	8.663187e-01	1.105990e-07	0.000000e+00	4.761083e-02
1	87	NOE	8.589022e-01	8.589022e-01	7.697294e-09	-6.491515e-15	1.710268e-02
1	88	NOE	8.758895e-01	8.663549e-01	1.457530e-05	3.178552e-01	2.999672e-02
1	89	NOE	9.080683e-01	8.663549e-01	2.362285e-05	2.109675e+00	1.977245e-02
1	90	NOE	8.896741e-01	8.663549e-01	1.354529e-05	1.019685e+00	2.286908e-02
1	91	NOE	8.472560e-01	8.472560e-01	4.801775e-09	0.000000e+00	2.475606e-02
1	92	NOE	8.690938e-01	8.663549e-01	1.237020e-05	1.335408e-01	2.051020e-02
1	93	NOE	8.561078e-01	8.561078e-01	6.562241e-09	0.000000e+00	3.542227e-02
1	94	NOE	8.571685e-01	8.571685e-01	6.931590e-09	-1.507055e-08	1.812766e-02
1	95	NOE	9.432664e-01	8.663549e-01	1.521465e-05	2.712844e+00	2.835090e-02
1	96	NOE	7.955665e-01	7.955665e-01	2.479128e-09	0.000000e+00	4.160575e-02
1	97	NOE	8.971636e-01	8.663549e-01	1.380466e-05	1.058211e+00	2.911403e-02
1	105	NOE	8.875731e-01	8.663549e-01	1.344552e-05	4.604794e-01	4.607859e-02
1	109	NOE	8.673596e-01	8.663549e-01	1.574760e-05	2.845308e-02	3.531171e-02
1	110	NOE	9.166713e-01	8.663549e-01	1.304272e-05	1.525145e+00	3.299123e-02
1	111	NOE	9.207699e-01	8.663549e-01	2.550226e-05	2.368957e+00	2.297002e-02
1	112	NOE	8.723465e-01	8.663549e-01	1.241257e-05	2.893270e-01	2.070893e-02
1	113	NOE	8.466212e-01	8.466212e-01	4.723559e-09	-3.385613e-08	1.729151e-02
1	114	NOE	8.413718e-01	8.413718e-01	4.195519e-09	0.000000e+00	2.095282e-02
1	115	NOE	7.962060e-01	7.962060e-01	2.490590e-09	0.000000e+00	1.644004e-02
1	117	NOE	7.486829e-01	7.486829e-01	1.912199e-09	-5.756157e-15	1.928758e-02
1	118	NOE	7.608744e-01	7.608744e-01	2.022614e-09	0.000000e+00	1.337697e-02
1	119	NOE	7.416606e-01	7.416606e-01	1.856021e-09	0.000000e+00	4.663932e-02
1	120	NOE	8.258236e-01	8.258236e-01	3.287955e-09	-5.471768e-08	2.186849e-02
1	121	NOE	8.872132e-01	8.663549e-01	2.663133e-05	1.262214e+00	1.652519e-02
1	122	NOE	8.808484e-01	8.663549e-01	2.620544e-05	7.670848e-01	1.889435e-02
1	123	NOE	8.534573e-01	8.534573e-01	5.847433e-09	0.000000e+00	1.372647e-02
1	124	NOE	8.721533e-01	8.663549e-01	1.990916e-05	2.578640e-01	2.248650e-02
1	125	NOE	8.194586e-01	8.194586e-01	3.054420e-09	0.000000e+00	2.184393e-02
1	126	NOE	9.637577e-01	8.663549e-01	2.627513e-05	5.490726e+00	1.773953e-02
1	127	NOE	9.097540e-01	8.663549e-01	9.637061e-06	2.023956e+00	2.144274e-02
1	128	NOE	8.977509e-01	8.663549e-01	1.807868e-05	1.912872e+00	1.641303e-02
1	129	NOE	8.969617e-01	8.663549e-01	1.239268e-05	1.906894e+00	1.605064e-02
1	130	NOE	9.226873e-01	8.663549e-01	1.209052e-05	3.370615e+00	1.671281e-02
1	131	NOE	9.052073e-01	8.663549e-01	1.218138e-05	2.605178e+00	1.491355e-02
1	132	NOE	9.061197e-01	8.663549e-01	2.385732e-05	2.463286e+00	1.614303e-02
1	133	NOE	8.225029e-01	8.225029e-01	3.159786e-09	-8.117732e-08	1.593579e-02
1	134	NOE	8.742335e-01	8.663549e-01	1.490129e-05	3.806372e-01	2.069869e-02
1	135	NOE	9.588985e-01	8.663549e-01	1.180950e-05	3.482008e+00	2.657767e-02
1	136	NOE	9.640595e-01	8.663549e-01	1.684028e-05	2.897511e+00	3.372020e-02
1	137	NOE	8.305203e-01	8.305203e-01	3.498709e-09	0.000000e+00	2.359515e-02
1	138	NOE	7.736443e-01	7.736443e-01	2.160687e-09	-3.792105e-15	2.927723e-02
1	139	NOE	9.596238e-01	8.663549e-01	1.545732e-05	2.646101e+00	3.524767e-02
1	140	NOE	8.781820e-01	8.663549e-01	1.787316e-05	5.083667e-01	2.326506e-02
1	143	NOE	8.840562e-01	8.663549e-01	1.571069e-05	3.516936e-01	5.033170e-02
1	144	NOE	8.822566e-01	8.663549e-01	1.660319e-05	6.726252e-01	2.364137e-02
1	145	NOE	9.281105e-01	8.663549e-01	2.124951e-05	1.452657e+00	4.251217e-02
1	146	NOE	8.752889e-01	8.663549e-01	1.966196e-05	2.882930e-01	3.098943e-02
1	150	NOE	8.745135e-01	8.663549e-01	1.873423e-05	3.556678e-01	2.293902e-02
1	151	NOE	7.888734e-01	7.888734e-01	2.367765e-09	5.398045e-15	2.056713e-02
1	152	NOE	8.171772e-01	8.171772e-01	2.981932e-09	0.000000e+00	1.891153e-02
1	153	NOE	8.183940e-01	8.183940e-01	3.019952e-09	-5.525621e-15	2.009228e-02
1	154	NOE	9.816972e-01	8.663549e-01	1.142685e-05	4.576501e+00	2.520318e-02
1	155	NOE	7.951927e-01	7.951927e-01	2.472499e-09	0.000000e+00	1.996297e-02
1	156	NOE	8.333142e-01	8.333142e-01	3.644822e-09	-4.217440e-15	2.632457e-02
1	157	NOE	8.830392e-01	8.663549e-01	1.697107e-05	1.095538e+00	1.522935e-02
1	159	NOE	9.092098e-01	8.663549e-01	1.197017e-05	1.706188e+00	2.511740e-02
1	160	NOE	8.009738e-01	8.009738e-01	2.581250e-09	0.000000e+00	6.553979e-03
1	161	NOE	8.444598e-01	8.444598e-01	4.483233e-09	0.000000e+00	1.743043e-02
1	162	NOE	8.398532e-01	8.398532e-01	4.072818e-09	0.000000e+00	1.426788e-02
1	163	NOE	8.376486e-01	8.376486e-01	3.912296e-09	0.000000e+00	1.507770e-02
1	164	NOE	9.972674e-01	8.663549e-01	1.716770e-05	5.049624e+00	2.592520e-02
1	165	NOE	8.600990e-01	8.600990e-01	8.402502e-09	0.000000e+00	1.901813e-02
1	166	NOE	8.571120e-01	8.571120e-01	6.910323e-09	-1.544788e-08	1.779342e-02
1	167	NOE	8.553445e-01	8.553445e-01	6.330123e-09	6.429715e-15	1.726706e-02
1	168	NOE	9.532478e-01	8.663549e-01	1.149082e-05	4.170689e+00	2.083420e-02
1	169	NOE	8.929290e-01	8.663549e-01	1.549506e-05	1.473710e+00	1.803215e-02
1	170	NOE	8.914188e-01	8.663549e-01	1.772280e-05	1.500554e+00	1.670313e-02
1	171	NOE	7.785039e-01	7.785039e-01	2.220919e-09	0.000000e+00	1.739925e-02
1	172	NOE	7.826460e-01	7.826460e-01	2.276317e-09	5.652957e-15	1.963969e-02
1	173	NOE	9.333037e-01	8.663549e-01	1.264508e-05	4.591181e+00	1.458206e-02
1	174	NOE	9.261608e-01	8.663549e-01	1.643971e-05	2.643677e+00	2.262227e-02
1	177	NOE	8.468149e-01	8.468149e-01	4.747028e-09	-1.030368e-14	1.077502e-02
1	178	NOE	8.512686e-01	8.512686e-01	5.405271e-09	7.042017e-15	1.576570e-02
1	179	NOE	8.368460e-01	8.368460e-01	3.858362e-09	0.000000e+00	1.772929e-02
1	180	NOE	8.421921e-01	8.421921e-01	4.266543e-09	0.000000e+00	1.150874e-02
1	181	NOE	8.982159e-01	8.663549e-01	1.748463e-05	2.285108e+00	1.394292e-02
1	182	NOE	9.023562e-01	8.663549e-01	9.565514e-06	1.972650e+00	1.825025e-02
1	183	NOE	8.707202e-01	8.663549e-01	1.710590e-05	2.485682e-01	1.756187e-02
1	184	NOE	9.360131e-01	8.663549e-01	2.398416e-05	3.849096e+00	1.809729e-02
1	185	NOE	8.354065e-01	8.354065e-01	3.766931e-09	0.000000e+00	1.149386e-02
1	186	NOE	9.498304e-01	8.663549e-01	2.063410e-05	3.412769e+00	2.445978e-02
1	187	NOE	9.086588e-01	8.663549e-01	1.387566e-05	1.822881e+00	2.320718e-02
1	188	NOE	8.165834e-01	8.165834e-01	2.963884e-09	7.609939e-15	1.458912e-02
1	189	NOE	9.015005e-01	8.663549e-01	1.747698e-05	2.146709e+00	1.637185e-02
1	191	NOE	8.472801e-01	8.472801e-01	4.804826e-09	0.000000e+00	4.599081e-02
1	192	NOE	7.918603e-01	7.918603e-01	2.415617e-09	8.779375e-15	2.529162e-02
1	193	NOE	8.425310e-01	8.425310e-01	4.296950e-09	3.467550e-15	3.201751e-02
1	194	NOE	8.955067e-01	8.663549e-01	1.216558e-05	2.391008e+00	1.219229e-02
1	195	NOE	8.444737e-01	8.444737e-01	4.484665e-09	0.000000e+00	2.563764e-02
1	196	NOE	7.877593e-01	7.877593e-01	2.350615e-09	0.000000e+00	7.777049e-02
1	197	NOE	7.525084e-01	7.525084e-01	1.944946e-09	0.000000e+00	3.626479e-02
1	198	NOE	9.312425e-01	8.663549e-01	2.322707e-05	4.405160e+00	1.472992e-02
1	199	NOE	8.839215e-01	8.663549e-01	1.333368e-05	8.788511e-01	1.998822e-02
1	200	NOE	8.447674e-01	8.447674e-01	4.515222e-09	-7.881700e-15	1.408609e-02
1	202	NOE	8.636069e-01	8.636069e-01	1.268310e-08	0.000000e+00	1.192279e-02
1	203	NOE	8.220988e-01	8.220988e-01	3.145181e-09	-1.194767e-07	1.092615e-02
1	204	NOE	8.707043e-01	8.663549e-01	1.409991e-05	3.484002e-01	1.248398e-02
1	205	NOE	8.307324e-01	8.307324e-01	3.509198e-09	-7.747639e-15	1.432982e-02
1	206	NOE	8.212081e-01	8.212081e-01	3.113674e-09	-8.260412e-08	1.611805e-02
1	207	NOE	8.623597e-01	8.623597e-01	1.051724e-08	-4.593851e-09	2.589410e-02
1	208	NOE	8.524686e-01	8.524686e-01	5.634755e-09	0.000000e+00	1.247470e-02
1	209	NOE	9.683450e-01	8.663549e-01	1.772149e-05	1.195703e+00	8.529726e-02
1	213	NOE	7.823211e-01	7.823211e-01	2.271826e-09	-1.670768e-15	6.644987e-02
1	215	NOE	8.985659e-01	8.663549e-01	2.598994e-05	7.864631e-01	4.095690e-02
1	216	NOE	8.655368e-01	8.655368e-01	2.325038e-08	-5.838115e-10	4.175292e-02
1	217	NOE	9.088994e-01	8.663549e-01	1.192693e-05	1.740982e+00	2.443709e-02
1	218	NOE	9.349135e-01	8.663549e-01	1.912908e-05	4.923181e+00	1.392569e-02
1	219	NOE	8.438100e-01	8.438100e-01	4.417815e-09	0.000000e+00	5.537394e-02
1	220	NOE	7.400827e-01	7.400827e-01	1.844041e-09	-3.595807e-15	3.087549e-02
1	221	NOE	8.701312e-01	8.663549e-01	2.191125e-05	6.392260e-02	5.907682e-02
1	222	NOE	8.483707e-01	8.483707e-01	4.948991e-09	0.000000e+00	2.650384e-02
1	223	NOE	9.383145e-01	8.663549e-01	1.205338e-05	6.155845e+00	1.168964e-02
1	224	NOE	8.852300e-01	8.663549e-01	1.622469e-05	1.237240e+00	1.525589e-02
1	225	NOE	8.365308e-01	8.365308e-01	3.837778e-09	0.000000e+00	2.210531e-02
1	226	NOE	9.031939e-01	8.663549e-01	2.452697e-05	1.929958e+00	1.908799e-02
1	228	NOE	7.778506e-01	7.778506e-01	2.212536e-09	0.000000e+00	1.419022e-02
1	229	NOE	8.538608e-01	8.538608e-01	5.941371e-09	0.000000e+00	1.406750e-02
1	230	NOE	8.722913e-01	8.663549e-01	1.849673e-05	3.723966e-01	1.594127e-02
1	232	NOE	8.388328e-01	8.388328e-01	3.996128e-09	0.000000e+00	2.044608e-02
1	233	NOE	9.270662e-01	8.663549e-01	2.539911e-05	2.504473e+00	2.424117e-02
1	234	NOE	8.864860e-01	8.663549e-01	1.430075e-05	1.159652e+00	1.735966e-02
1	235	NOE	8.562890e-01	8.562890e-01	6.621187e-09	0.000000e+00	1.970656e-02
1	236	NOE	8.835440e-01	8.663549e-01	2.180020e-05	7.696990e-01	2.233229e-02
1	237	NOE	9.061518e-01	8.663549e-01	1.000875e-05	1.478765e+00	2.691228e-02
1	238	NOE	9.733380e-01	8.663549e-01	1.319286e-05	4.631704e+00	2.309801e-02
1	239	NOE	9.475384e-01	8.663549e-01	1.165797e-05	2.673850e+00	3.036203e-02
1	240	NOE	9.627095e-01	8.663549e-01	1.882415e-05	3.141848e+00	3.066813e-02
1	241	NOE	7.937909e-01	7.937909e-01	2.448097e-09	0.000000e+00	8.818614e-03
1	242	NOE	7.456863e-01	7.456863e-01	1.887633e-09	7.813751e-15	1.420858e-02
1	243	NOE	8.118682e-01	8.118682e-01	2.831174e-09	0.000000e+00	1.467863e-02
1	244	NOE	8.385276e-01	8.385276e-01	3.974009e-09	0.000000e+00	1.302823e-02
1	245	NOE	7.932498e-01	7.932498e-01	2.438865e-09	0.000000e+00	1.894638e-02
1	246	NOE	7.494709e-01	7.494709e-01	1.918814e-09	-1.845856e-15	6.014677e-02
1	247	NOE	8.667402e-01	8.663549e-01	1.262120e-05	2.518526e-02	1.529918e-02
1	248	NOE	8.504941e-01	8.504941e-01	5.271170e-09	0.000000e+00	1.890639e-02
1	250	NOE	7.833917e-01	7.833917e-01	2.286726e-09	0.000000e+00	1.172193e-02
1	251	NOE	8.477619e-01	8.477619e-01	4.866950e-09	-2.408850e-08	2.290423e-02
1	252	NOE	8.718672e-01	8.663549e-01	1.652126e-05	4.379762e-01	1.258594e-02
1	253	NOE	8.698173e-01	8.663549e-01	1.959286e-05	1.621988e-01	2.134667e-02
1	254	NOE	8.778162e-01	8.663549e-01	2.184935e-05	5.987874e-01	1.914101e-02
1	255	NOE	9.338433e-01	8.663549e-01	1.403987e-05	4.196132e+00	1.608348e-02
1	256	NOE	8.694302e-01	8.663549e-01	1.733640e-05	1.887268e-01	1.629545e-02
1	257	NOE	9.002972e-01	8.663549e-01	1.291696e-05	2.151705e+00	1.577464e-02
1	258	NOE	8.618159e-01	8.618159e-01	9.866442e-09	-9.407755e-15	1.180115e-02
1	259	NOE	9.052247e-01	8.663549e-01	1.751414e-05	3.096310e+00	1.255362e-02
1	260	NOE	7.786723e-01	7.786723e-01	2.223094e-09	-9.013061e-15	1.231794e-02
1	261	NOE	8.728372e-01	8.663549e-01	1.682917e-05	4.470777e-01	1.449930e-02
1	262	NOE	8.079804e-01	8.079804e-01	2.734021e-09	0.000000e+00	9.436097e-03
1	263	NOE	8.571514e-01	8.571514e-01	6.925128e-09	9.722221e-15	1.141944e-02
1	264	NOE	8.283513e-01	8.283513e-01	3.396542e-09	0.000000e+00	1.398373e-02
1	265	NOE	8.058803e-01	8.058803e-01	2.685468e-09	1.645363e-14	1.349517e-02
1	266	NOE	7.276674e-01	7.276674e-01	1.756958e-09	0.000000e+00	5.320390e-03


2	3	R1	8.403336e-01	8.403336e-01	1.024219e-08	0.000000e+00	8.075262e-02
2	4	R1	6.287912e-01	6.287912e-01	1.388389e-08	0.000000e+00	2.691697e-02
2	5	R1	5.803087e-01	5.803087e-01	1.508321e-08	-4.099123e-15	2.708440e-02
2	6	R1	6.292931e-01	6.292931e-01	1.387242e-08	0.000000e+00	4.654681e-02
2	7	R1	5.963997e-01	5.963997e-01	1.466391e-08	0.000000e+00	2.805619e-02
2	8	R1	6.098550e-01	6.098550e-01	1.433000e-08	-2.621129e-14	1.270700e-02
2	9	R1	6.149303e-01	6.149303e-01	1.420779e-08	6.636965e-15	1.672787e-02
2	10	R1	6.485409e-01	6.485409e-01	1.344587e-08	-8.655758e-15	2.565282e-02
2	11	R1	5.751258e-01	5.751258e-01	1.522318e-08	3.134848e-15	3.541553e-02
2	12	R1	5.791285e-01	5.791285e-01	1.511487e-08	-2.176208e-15	5.101639e-02
2	13	R1	6.379886e-01	6.379886e-01	1.367659e-08	2.182916e-07	4.201699e-02
2	14	R1	5.697000e-01	5.697000e-01	1.537241e-08	0.000000e+00	1.762491e-02
2	15	R1	5.419945e-01	5.419945e-01	1.618025e-08	-1.500435e-15	7.399341e-02
2	16	R1	5.618884e-01	5.618884e-01	1.559223e-08	-6.524056e-15	1.701737e-02
2	17	R1	5.495793e-01	5.495793e-01	1.595111e-08	0.000000e+00	5.598301e-02
2	18	R1	5.324669e-01	5.324669e-01	1.647721e-08	-7.905421e-16	1.404382e-01
2	19	R1	5.676322e-01	5.676322e-01	1.543001e-08	-7.091461e-16	1.565577e-01
2	20	R1	5.525082e-01	5.525082e-01	1.586428e-08	0.000000e+00	1.218110e-01
2	21	R1	5.834082e-01	5.834082e-01	1.500067e-08	-1.077154e-15	1.030701e-01
2	22	R1	5.242887e-01	5.242887e-01	1.674061e-08	6.236386e-15	3.560469e-02
2	24	R1	5.827572e-01	5.827572e-01	1.501794e-08	4.747913e-07	1.775376e-02
2	25	R1	5.562539e-01	5.562539e-01	1.575456e-08	1.315989e-15	8.436415e-02
2	26	R1	6.144491e-01	6.144491e-01	1.421929e-08	1.978464e-15	5.611539e-02
2	27	R1	6.556885e-01	6.556885e-01	1.329372e-08	3.618221e-15	3.068422e-02
2	28	R1	5.816994e-01	5.816994e-01	1.504607e-08	-1.490785e-15	7.447236e-02
2	29	R1	5.575625e-01	5.575625e-01	1.571657e-08	-5.871867e-15	1.890750e-02
2	30	R1	6.226434e-01	6.226434e-01	1.402580e-08	8.362974e-15	1.327546e-02
2	31	R1	5.128057e-01	5.128057e-01	1.712445e-08	0.000000e+00	7.757624e-02
2	32	R1	5.378674e-01	5.378674e-01	1.630761e-08	4.569950e-15	2.429399e-02
2	33	R1	5.146739e-01	5.146739e-01	1.706085e-08	-1.733078e-15	6.406075e-02
2	34	R1	5.264968e-01	5.264968e-01	1.666870e-08	2.598149e-15	4.273130e-02
2	35	R1	5.377059e-01	5.377059e-01	1.631263e-08	6.902515e-15	3.216865e-02
2	36	R1	5.181219e-01	5.181219e-01	1.694466e-08	0.000000e+00	5.292508e-02
2	37	R1	6.257786e-01	6.257786e-01	1.395309e-08	-3.200067e-15	3.469375e-02
2	38	R1	5.379400e-01	5.379400e-01	1.630535e-08	0.000000e+00	2.133736e-02
2	39	R1	5.659869e-01	5.659869e-01	1.547615e-08	2.267526e-15	4.896187e-02
2	40	R1	6.274332e-01	6.274332e-01	1.391500e-08	2.478469e-15	4.479471e-02
2	41	R1	8.445281e-01	8.445281e-01	1.018795e-08	-3.322956e-16	3.341070e-01
2	42	R1	6.940566e-01	6.940565e-01	1.252951e-08	7.918519e-08	1.251468e-01
2	45	R1	7.767725e-01	7.767725e-01	1.113324e-08	-2.844577e-17	3.902946e+00
2	46	R1	7.396507e-01	7.396507e-01	1.172224e-08	0.000000e+00	5.392033e-01
2	47	R1	5.835851e-01	5.835851e-01	1.499599e-08	-8.892957e-16	1.248429e-01
2	49	R1	6.421326e-01	6.421326e-01	1.358510e-08	-1.138120e-15	9.754881e-02
2	50	R1	5.470552e-01	5.470552e-01	1.602666e-08	0.000000e+00	1.643378e-01
2	51	R1	5.927092e-01	5.927092e-01	1.475809e-08	1.520423e-15	7.302067e-02
2	52	R1	6.263264e-01	6.263264e-01	1.394045e-08	1.680127e-15	6.607970e-02
2	53	R1	5.558698e-01	5.558698e-01	1.576574e-08	6.282075e-08	1.283427e-01
2	54	R1	5.749276e-01	5.749276e-01	1.522858e-08	-3.809058e-15	2.914692e-02
2	55	R1	5.836529e-01	5.836529e-01	1.499419e-08	-1.015747e-15	1.093011e-01
2	56	R1	6.074792e-01	6.074792e-01	1.438790e-08	1.080687e-07	8.109268e-02
2	57	R1	5.655594e-01	5.655594e-01	1.548818e-08	1.459812e-07	5.613824e-02
2	59	R1	5.681180e-01	5.681180e-01	1.541644e-08	1.071085e-15	1.036541e-01
2	60	R1	6.299740e-01	6.299740e-01	1.385689e-08	2.049909e-15	5.415961e-02
2	61	R1	6.412096e-01	6.412096e-01	1.360537e-08	1.633677e-15	6.795854e-02
2	62	R1	6.110590e-01	6.110590e-01	1.430083e-08	0.000000e+00	4.183499e-02
2	63	R1	5.974751e-01	5.974751e-01	1.463668e-08	2.931717e-15	7.573875e-02
2	64	R1	5.601318e-01	5.601318e-01	1.564249e-08	2.303913e-15	4.818858e-02
2	65	R1	5.500502e-01	5.500502e-01	1.593708e-08	0.000000e+00	5.378845e-02
2	66	R1	5.297291e-01	5.297291e-01	1.656449e-08	1.240479e-15	8.949953e-02
2	67	R1	5.882810e-01	5.882810e-01	1.487264e-08	0.000000e+00	3.234043e-02
2	68	R1	6.054500e-01	6.054500e-01	1.443771e-08	-1.066559e-15	1.040939e-01
2	69	R1	6.203197e-01	6.203197e-01	1.408016e-08	-7.745312e-17	1.433413e+00
2	70	R1	5.732149e-01	5.732149e-01	1.527542e-08	0.000000e+00	3.207635e-02
2	71	R1	6.634802e-01	6.634802e-01	1.313153e-08	3.537360e-15	3.138564e-02
2	72	R1	6.002529e-01	6.002529e-01	1.456678e-08	0.000000e+00	6.073626e-02
2	73	R1	6.160029e-01	6.160029e-01	1.418221e-08	0.000000e+00	1.435153e-01
2	74	R1	5.831112e-01	5.831112e-01	1.500854e-08	3.655162e-15	6.074823e-02
2	75	R1	1.029706e+00	1.029706e+00	8.217826e-09	-2.252526e-16	9.857584e-01
2	79	R1	7.330093e-01	7.330093e-01	1.183373e-08	0.000000e+00	4.817084e-01
2	81	R1	5.804144e-01	5.804144e-01	1.508038e-08	0.000000e+00	3.926865e-01
2	82	R1	5.786204e-01	5.786204e-01	1.512853e-08	1.100094e-15	1.009207e-01
2	83	R1	5.634680e-01	5.634680e-01	1.554729e-08	7.183973e-16	1.545417e-01
2	84	R1	6.336183e-01	6.336183e-01	1.377435e-08	0.000000e+00	1.077647e-01
2	85	R1	6.522576e-01	6.522576e-01	1.336634e-08	-1.954925e-15	5.679109e-02
2	87	R1	6.074731e-01	6.074731e-01	1.438805e-08	-1.438481e-15	7.718026e-02
2	88	R1	6.158002e-01	6.158002e-01	1.418704e-08	1.070390e-15	1.037214e-01
2	89	R1	5.849307e-01	5.849307e-01	1.496045e-08	-2.165254e-15	5.127449e-02
2	90	R1	6.066377e-01	6.066377e-01	1.440852e-08	0.000000e+00	1.169154e-01
2	91	R1	5.729328e-01	5.729328e-01	1.528316e-08	9.762903e-16	1.137185e-01
2	92	R1	5.448083e-01	5.448083e-01	1.609451e-08	-2.355039e-15	4.714245e-02
2	93	R1	5.818315e-01	5.818315e-01	1.504255e-08	0.000000e+00	1.714048e-01
2	94	R1	5.970456e-01	5.970456e-01	1.464754e-08	0.000000e+00	6.875987e-02
2	95	R1	5.491164e-01	5.491164e-01	1.596491e-08	1.389527e-07	5.735734e-02
2	96	R1	5.682706e-01	5.682706e-01	1.541218e-08	0.000000e+00	7.637727e-02
2	97	R1	6.696267e-01	6.696267e-01	1.300619e-08	1.190208e-15	9.327977e-02
2	105	R1	7.021233e-01	7.021233e-01	1.237923e-08	0.000000e+00	1.928274e-01
2	109	R1	6.506288e-01	6.506288e-01	1.340108e-08	-1.758810e-15	1.262471e-01
2	110	R1	6.402567e-01	6.402567e-01	1.362637e-08	-1.599555e-15	1.388165e-01
2	111	R1	5.992308e-01	5.992308e-01	1.459243e-08	-2.451891e-15	4.528027e-02
2	112	R1	6.491498e-01	6.491498e-01	1.343278e-08	-1.413248e-15	7.855826e-02
2	113	R1	5.863089e-01	5.863089e-01	1.492421e-08	0.000000e+00	7.843799e-02
2	114	R1	6.517992e-01	6.517992e-01	1.337610e-08	-1.502818e-15	7.387609e-02
2	115	R1	7.016385e-01	7.016385e-01	1.238817e-08	1.688781e-15	6.574110e-02
2	117	R1	6.841861e-01	6.841861e-01	1.271810e-08	-2.821571e-15	7.869539e-02
2	118	R1	7.270462e-01	7.270462e-01	1.193553e-08	0.000000e+00	3.253425e-02
2	119	R1	7.631905e-01	7.631905e-01	1.134228e-08	1.189196e-15	2.800775e-01
2	120	R1	5.910706e-01	5.910706e-01	1.480028e-08	-9.918219e-16	1.119377e-01
2	121	R1	6.108044e-01	6.108044e-01	1.430699e-08	-5.786192e-15	3.837491e-02
2	122	R1	5.672843e-01	5.672843e-01	1.543975e-08	0.000000e+00	6.887050e-02
2	123	R1	6.457477e-01	6.457477e-01	1.350622e-08	0.000000e+00	4.564663e-02
2	124	R1	5.783821e-01	5.783821e-01	1.513495e-08	-4.574343e-15	4.854131e-02
2	125	R1	5.751740e-01	5.751740e-01	1.522187e-08	0.000000e+00	4.185398e-02
2	126	R1	6.586689e-01	6.586689e-01	1.323124e-08	-3.415610e-15	1.300175e-01
2	127	R1	6.017823e-01	6.017823e-01	1.452857e-08	0.000000e+00	1.215724e-01
2	128	R1	5.852265e-01	5.852265e-01	1.495265e-08	-1.552682e-15	7.150359e-02
2	129	R1	6.092357e-01	6.092357e-01	1.434505e-08	7.790078e-15	2.850351e-02
2	130	R1	6.001374e-01	6.001374e-01	1.456968e-08	1.408591e-15	7.881798e-02
2	131	R1	6.422207e-01	6.422207e-01	1.358316e-08	-1.821095e-15	1.219292e-01
2	132	R1	5.896104e-01	5.896104e-01	1.483808e-08	6.541293e-15	3.394506e-02
2	133	R1	5.404353e-01	5.404353e-01	1.622814e-08	0.000000e+00	6.312891e-02
2	134	R1	6.214988e-01	6.214988e-01	1.405252e-08	2.606531e-15	4.259390e-02
2	135	R1	6.601379e-01	6.601379e-01	1.320064e-08	0.000000e+00	1.418832e-01
2	136	R1	6.564422e-01	6.564422e-01	1.327787e-08	-2.868383e-15	7.741106e-02
2	137	R1	6.079783e-01	6.079783e-01	1.437570e-08	-2.262159e-15	9.815606e-02
2	138	R1	5.891345e-01	5.891345e-01	1.485043e-08	1.835202e-15	6.049594e-02
2	139	R1	5.134283e-01	5.134283e-01	1.710320e-08	1.263956e-15	8.783719e-02
2	140	R1	5.700700e-01	5.700700e-01	1.536214e-08	1.083252e-15	1.024898e-01
2	143	R1	6.219036e-01	6.219036e-01	1.404306e-08	8.536000e-16	2.601272e-01
2	144	R1	6.144697e-01	6.144697e-01	1.421880e-08	9.044888e-16	1.227459e-01
2	145	R1	7.218379e-01	7.218379e-01	1.202578e-08	6.228455e-16	1.782501e-01
2	146	R1	6.106149e-01	6.106149e-01	1.431158e-08	-8.991350e-16	1.234768e-01
2	150	R1	5.963701e-01	5.963701e-01	1.466466e-08	2.753402e-15	8.064373e-02
2	151	R1	6.056849e-01	6.056849e-01	1.443193e-08	0.000000e+00	4.990919e-02
2	152	R1	6.064708e-01	6.064708e-01	1.441261e-08	-2.107760e-15	5.267311e-02
2	153	R1	6.170033e-01	6.170033e-01	1.415844e-08	2.989341e-15	7.427879e-02
2	154	R1	5.377061e-01	5.377061e-01	1.631263e-08	2.958192e-15	7.506092e-02
2	155	R1	5.997762e-01	5.997762e-01	1.457873e-08	0.000000e+00	5.198607e-02
2	156	R1	5.856221e-01	5.856221e-01	1.494224e-08	0.000000e+00	6.299897e-02
2	157	R1	5.702112e-01	5.702112e-01	1.535823e-08	-1.513047e-15	7.337666e-02
2	159	R1	5.884047e-01	5.884047e-01	1.486942e-08	0.000000e+00	1.001070e-01
2	160	R1	6.356724e-01	6.356724e-01	1.372824e-08	3.623694e-15	3.063788e-02
2	161	R1	5.842376e-01	5.842376e-01	1.497873e-08	5.828834e-15	1.904709e-02
2	162	R1	6.380690e-01	6.380690e-01	1.367480e-08	0.000000e+00	4.080446e-02
2	163	R1	5.971830e-01	5.971830e-01	1.464406e-08	2.287486e-07	3.770395e-02
2	164	R1	5.913085e-01	5.913085e-01	1.479415e-08	0.000000e+00	2.855181e-02
2	165	R1	6.154016e-01	6.154016e-01	1.419654e-08	4.811307e-15	4.615058e-02
2	166	R1	5.787052e-01	5.787052e-01	1.512625e-08	0.000000e+00	9.768493e-02
2	167	R1	6.073222e-01	6.073222e-01	1.439174e-08	1.607484e-15	6.906589e-02
2	168	R1	5.927115e-01	5.927115e-01	1.475803e-08	-2.554234e-15	4.346599e-02
2	169	R1	5.917602e-01	5.917602e-01	1.478250e-08	-2.443837e-15	4.542950e-02
2	170	R1	6.042320e-01	6.042320e-01	1.446776e-08	7.541740e-15	2.944209e-02
2	171	R1	5.315073e-01	5.315073e-01	1.650770e-08	0.000000e+00	5.585066e-02
2	172	R1	5.253595e-01	5.253595e-01	1.670566e-08	-2.524199e-15	8.796638e-02
2	173	R1	5.860370e-01	5.860370e-01	1.493134e-08	2.535953e-15	4.377933e-02
2	174	R1	5.839303e-01	5.839303e-01	1.498685e-08	1.405067e-15	7.901565e-02
2	177	R1	6.425441e-01	6.425441e-01	1.357607e-08	-5.397936e-15	2.056755e-02
2	178	R1	5.899431e-01	5.899431e-01	1.482945e-08	0.000000e+00	1.904881e-02
2	179	R1	6.468579e-01	6.468579e-01	1.348217e-08	1.887047e-15	5.883388e-02
2	180	R1	6.400246e-01	6.400246e-01	1.363149e-08	4.350220e-15	2.552108e-02
2	181	R1	5.906477e-01	5.906477e-01	1.481121e-08	-2.953793e-15	3.758636e-02
2	182	R1	5.908645e-01	5.908645e-01	1.480561e-08	0.000000e+00	4.436520e-02
2	183	R1	5.756312e-01	5.756312e-01	1.520943e-08	0.000000e+00	3.402693e-02
2	184	R1	6.306501e-01	6.306501e-01	1.384151e-08	0.000000e+00	9.109295e-02
2	185	R1	5.966288e-01	5.966288e-01	1.465810e-08	0.000000e+00	3.976319e-02
2	186	R1	5.935909e-01	5.935909e-01	1.473549e-08	1.185886e-15	9.361969e-02
2	187	R1	6.570739e-01	6.570739e-01	1.326461e-08	-9.322333e-16	1.190928e-01
2	188	R1	5.672838e-01	5.672838e-01	1.543976e-08	0.000000e+00	1.028171e-01
2	189	R1	6.290624e-01	6.290624e-01	1.387769e-08	1.677710e-15	6.617492e-02
2	191	R1	7.626429e-01	7.626429e-01	1.135086e-08	-1.699645e-16	6.532088e-01
2	192	R1	6.229754e-01	6.229754e-01	1.401806e-08	-1.206598e-15	1.840253e-01
2	193	R1	6.837059e-01	6.837059e-01	1.272741e-08	-1.970827e-15	1.126657e-01
2	194	R1	5.119044e-01	5.119044e-01	1.715530e-08	3.463689e-15	3.205320e-02
2	195	R1	5.406139e-01	5.406139e-01	1.622264e-08	0.000000e+00	2.266805e-01
2	196	R1	5.780399e-01	5.780399e-01	1.514418e-08	0.000000e+00	1.787069e-01
2	197	R1	5.122304e-01	5.122304e-01	1.714413e-08	-1.494266e-15	7.429890e-02
2	198	R1	5.980045e-01	5.980045e-01	1.462330e-08	3.047145e-15	7.286972e-02
2	199	R1	5.227712e-01	5.227712e-01	1.679038e-08	-2.871584e-15	3.866239e-02
2	200	R1	5.223618e-01	5.223618e-01	1.680386e-08	0.000000e+00	5.038905e-02
2	202	R1	5.817075e-01	5.817075e-01	1.504585e-08	1.658250e-15	6.695151e-02
2	203	R1	5.566532e-01	5.566532e-01	1.574295e-08	0.000000e+00	2.813814e-02
2	204	R1	5.704597e-01	5.704597e-01	1.535134e-08	-4.486456e-15	4.949221e-02
2	205	R1	5.573333e-01	5.573333e-01	1.572321e-08	1.941205e-15	5.719248e-02
2	206	R1	5.778369e-01	5.778369e-01	1.514966e-08	0.000000e+00	4.785341e-02
2	207	R1	5.686245e-01	5.686245e-01	1.540232e-08	1.549121e-15	7.166793e-02
2	208	R1	6.098446e-01	6.098446e-01	1.433025e-08	0.000000e+00	4.665123e-02
2	209	R1	5.274222e-01	5.274222e-01	1.663873e-08	0.000000e+00	7.358875e-02
2	213	R1	6.509059e-01	6.509059e-01	1.339516e-08	-3.143150e-16	3.532198e-01
2	215	R1	5.623050e-01	5.623050e-01	1.558035e-08	6.879917e-16	1.613716e-01
2	216	R1	6.201263e-01	6.201263e-01	1.408470e-08	5.277226e-16	2.103801e-01
2	217	R1	5.966093e-01	5.966093e-01	1.465859e-08	0.000000e+00	1.247550e-01
2	218	R1	6.009945e-01	6.009945e-01	1.454823e-08	0.000000e+00	1.895038e-02
2	219	R1	5.818638e-01	5.818638e-01	1.504169e-08	0.000000e+00	1.435453e-01
2	220	R1	6.352942e-01	6.352942e-01	1.373671e-08	0.000000e+00	1.166261e-01
2	221	R1	6.875100e-01	6.875100e-01	1.265400e-08	-6.332369e-16	3.506502e-01
2	222	R1	5.468208e-01	5.468208e-01	1.603372e-08	0.000000e+00	9.115590e-02
2	223	R1	5.806776e-01	5.806776e-01	1.507334e-08	9.826271e-16	1.129852e-01
2	224	R1	6.286538e-01	6.286538e-01	1.388703e-08	1.564349e-07	5.783558e-02
2	225	R1	5.863863e-01	5.863863e-01	1.492218e-08	8.243279e-16	1.346822e-01
2	226	R1	6.011745e-01	6.011745e-01	1.454373e-08	1.155035e-15	9.612025e-02
2	228	R1	6.023329e-01	6.023329e-01	1.451486e-08	5.424492e-15	4.093371e-02
2	229	R1	6.107928e-01	6.107928e-01	1.430727e-08	0.000000e+00	2.660797e-02
2	230	R1	5.962556e-01	5.962556e-01	1.466756e-08	0.000000e+00	6.319562e-02
2	232	R1	5.831220e-01	5.831220e-01	1.500826e-08	3.198870e-15	3.470672e-02
2	233	R1	5.696623e-01	5.696623e-01	1.537345e-08	0.000000e+00	8.525046e-02
2	234	R1	5.365704e-01	5.365704e-01	1.634804e-08	1.360514e-15	8.160321e-02
2	235	R1	5.816520e-01	5.816520e-01	1.504733e-08	1.638370e-15	6.776389e-02
2	236	R1	5.350052e-01	5.350052e-01	1.639707e-08	-1.397375e-15	7.945060e-02
2	237	R1	5.462936e-01	5.462936e-01	1.604960e-08	-3.021180e-15	7.349599e-02
2	238	R1	5.351142e-01	5.351142e-01	1.639365e-08	1.189702e-15	9.331939e-02
2	239	R1	5.181631e-01	5.181631e-01	1.694328e-08	1.058510e-15	1.048855e-01
2	240	R1	4.928720e-01	4.928720e-01	1.783273e-08	0.000000e+00	1.287694e-01
2	241	R1	5.999258e-01	5.999258e-01	1.457498e-08	0.000000e+00	1.411641e-02
2	242	R1	6.408244e-01	6.408244e-01	1.361385e-08	-2.043426e-15	1.086629e-01
2	243	R1	6.534306e-01	6.534306e-01	1.334143e-08	3.207255e-07	2.923636e-02
2	244	R1	6.780656e-01	6.780656e-01	1.283773e-08	0.000000e+00	4.159361e-02
2	245	R1	6.414490e-01	6.414490e-01	1.360011e-08	0.000000e+00	7.530543e-02
2	246	R1	6.058645e-01	6.058645e-01	1.442751e-08	0.000000e+00	1.398365e-01
2	247	R1	6.374460e-01	6.374460e-01	1.368866e-08	0.000000e+00	4.763255e-02
2	248	R1	5.747495e-01	5.747495e-01	1.523344e-08	1.309813e-15	8.476192e-02
2	250	R1	5.767925e-01	5.767925e-01	1.517790e-08	0.000000e+00	5.278167e-02
2	251	R1	6.247135e-01	6.247135e-01	1.397771e-08	2.706901e-15	8.202908e-02
2	252	R1	6.312822e-01	6.312822e-01	1.382716e-08	0.000000e+00	2.610211e-02
2	253	R1	6.265005e-01	6.265005e-01	1.393644e-08	-1.196472e-15	9.279142e-02
2	254	R1	5.701259e-01	5.701259e-01	1.536059e-08	0.000000e+00	2.309436e-02
2	255	R1	6.328218e-01	6.328218e-01	1.379231e-08	0.000000e+00	5.216622e-02
2	256	R1	5.784343e-01	5.784343e-01	1.513355e-08	3.146445e-15	3.528500e-02
2	257	R1	5.915435e-01	5.915435e-01	1.478808e-08	0.000000e+00	4.802697e-02
2	258	R1	5.720199e-01	5.720199e-01	1.530826e-08	-4.333807e-15	5.123546e-02
2	259	R1	5.864134e-01	5.864134e-01	1.492146e-08	-1.733294e-15	6.405280e-02
2	260	R1	6.195435e-01	6.195435e-01	1.409841e-08	4.687380e-15	2.368536e-02
2	261	R1	5.654203e-01	5.654203e-01	1.549210e-08	0.000000e+00	6.325248e-02
2	262	R1	6.424071e-01	6.424071e-01	1.357907e-08	-3.088468e-15	3.594737e-02
2	263	R1	6.159863e-01	6.159863e-01	1.418261e-08	0.000000e+00	6.066691e-02
2	264	R1	5.644208e-01	5.644208e-01	1.552031e-08	0.000000e+00	3.262232e-02
2	265	R1	6.911971e-01	6.911971e-01	1.258360e-08	-4.166824e-15	2.664435e-02
2	266	R1	9.855702e-01	9.855702e-01	8.623247e-09	-6.946958e-15	3.196285e-02


