3	1.792920e+01	1.869830e-01	6.424056e-01	6.757868e-03	8.403336e-01	8.075262e-02	3.046101e-02	
4	2.068678e+01	2.568640e-01	7.843339e-01	5.496977e-03	6.287912e-01	2.691697e-02	1.374644e-02	
5	2.216888e+01	6.840437e-01	8.382417e-01	9.343940e-03	5.803087e-01	2.708440e-02	9.515408e-03	
6	2.064649e+01	5.096974e-01	8.634744e-01	1.232435e-02	6.292931e-01	4.654681e-02	8.709014e-03	
7	2.106356e+01	5.712480e-01	8.318741e-01	1.212153e-02	5.963997e-01	2.805619e-02	1.016422e-02	
8	2.433203e+01	5.711494e-01	9.024266e-01	1.197491e-02	6.098550e-01	1.270700e-02	6.031979e-03	
9	2.242498e+01	4.541459e-01	8.494756e-01	9.604154e-03	6.149303e-01	1.672787e-02	9.382844e-03	
10	2.209205e+01	6.804763e-01	8.359258e-01	1.315860e-02	6.485409e-01	2.565282e-02	1.078647e-02	
11	2.327091e+01	1.112366e+00	8.541729e-01	1.338269e-02	5.751258e-01	3.541553e-02	8.501644e-03	
12	2.342199e+01	1.074409e+00	9.328627e-01	1.627746e-02	5.791285e-01	5.101639e-02	3.941308e-03	
13	2.124921e+01	7.213288e-01	8.660031e-01	1.222693e-02	6.379886e-01	4.201699e-02	8.665817e-03	
14	2.295496e+01	9.514233e-01	8.721202e-01	1.546087e-02	5.697000e-01	1.762491e-02	7.384990e-03	
15	2.604692e+01	7.781718e-01	8.590672e-01	1.608572e-02	5.419945e-01	7.399341e-02	7.742990e-03	
16	2.262134e+01	5.136034e-01	8.567593e-01	1.506548e-02	5.618884e-01	1.701737e-02	8.158648e-03	
17	2.331368e+01	1.770664e+00	8.360670e-01	2.970257e-02	5.495793e-01	5.598301e-02	9.132687e-03	
18	2.517049e+01	2.221521e+00	8.455145e-01	3.534826e-02	5.324669e-01	1.404382e-01	8.338392e-03	
19	2.152886e+01	1.112778e+00	9.660072e-01	2.433575e-02	5.676322e-01	1.565577e-01	1.955942e-03	
20	2.371961e+01	1.031668e+00	8.514192e-01	2.245943e-02	5.525082e-01	1.218110e-01	8.321533e-03	
21	2.371342e+01	6.864024e-01	8.648819e-01	1.963349e-02	5.834082e-01	1.030701e-01	7.990755e-03	
22	2.471427e+01	1.359166e+00	8.305853e-01	2.204656e-02	5.242887e-01	3.560469e-02	9.003749e-03	
24	2.321233e+01	8.686889e-01	8.496329e-01	1.287403e-02	5.827572e-01	1.775376e-02	8.882644e-03	
25	2.284574e+01	8.942323e-01	8.114266e-01	1.501722e-02	5.562539e-01	8.436415e-02	1.063299e-02	
26	2.052330e+01	2.023742e+00	7.042702e-01	1.761933e-02	6.144491e-01	5.611539e-02	1.841971e-02	
27	2.082930e+01	9.306875e-01	6.697563e-01	1.126802e-02	6.556885e-01	3.068422e-02	2.194997e-02	
28	2.246323e+01	4.831613e-01	8.222031e-01	1.300050e-02	5.816994e-01	7.447236e-02	1.048394e-02	
29	2.144687e+01	7.979876e-01	8.115940e-01	1.073269e-02	5.575625e-01	1.890750e-02	1.064854e-02	
30	2.233471e+01	4.272048e-01	8.635290e-01	1.033096e-02	6.226434e-01	1.327546e-02	8.613536e-03	
31	2.431355e+01	8.187950e-01	8.223016e-01	2.604805e-02	5.128057e-01	7.757624e-02	9.237153e-03	
32	2.436630e+01	9.157971e-01	8.969703e-01	1.400789e-02	5.378674e-01	2.429399e-02	5.617455e-03	
33	2.413163e+01	1.104789e+00	8.929922e-01	1.456149e-02	5.146739e-01	6.406075e-02	5.582768e-03	
34	2.653083e+01	1.758471e+00	8.669982e-01	1.429433e-02	5.264968e-01	4.273130e-02	7.098313e-03	
35	2.583450e+01	4.157428e-01	9.021683e-01	1.115128e-02	5.377059e-01	3.216865e-02	5.332441e-03	
36	2.313703e+01	6.433981e-01	8.436799e-01	9.951119e-03	5.181219e-01	5.292508e-02	8.210105e-03	
37	2.211408e+01	5.652421e-01	9.005381e-01	1.329465e-02	6.257786e-01	3.469375e-02	6.309275e-03	
38	2.214989e+01	6.998691e-01	8.921400e-01	1.530320e-02	5.379400e-01	2.133736e-02	5.881610e-03	
39	2.165713e+01	9.031292e-01	8.370404e-01	2.363412e-02	5.659869e-01	4.896187e-02	9.349497e-03	
40	2.375609e+01	3.210852e+00	9.257515e-01	3.415969e-02	6.274332e-01	4.479471e-02	4.722340e-03	
41	2.186271e+01	1.637810e+00	8.516302e-01	5.374199e-02	8.445281e-01	3.341070e-01	1.270169e-02	
42	2.397332e+01	3.319183e+00	8.187144e-01	5.080941e-02	6.940566e-01	1.251468e-01	1.275440e-02	
45	2.649574e+01	1.075916e+01	8.546780e-01	1.029300e-01	7.767725e-01	3.902946e+00	1.144267e-02	
46	2.383088e+01	3.764963e+00	9.554918e-01	5.998248e-02	7.396507e-01	5.392033e-01	3.337094e-03	
47	2.665709e+01	2.098451e+00	8.896410e-01	3.057829e-02	5.835851e-01	1.248429e-01	6.528503e-03	
49	2.378259e+01	2.512957e+00	8.911678e-01	2.802147e-02	6.421326e-01	9.754881e-02	7.084089e-03	
50	2.501678e+01	1.227477e+01	7.906804e-01	5.179634e-02	5.470552e-01	1.643378e-01	1.160762e-02	
51	2.383071e+01	1.023568e+00	9.403338e-01	1.497254e-02	5.927092e-01	7.302067e-02	3.584859e-03	
52	2.234277e+01	9.411628e-01	8.527711e-01	1.553474e-02	6.263264e-01	6.607970e-02	9.347504e-03	
53	2.423611e+01	8.130265e-01	8.868452e-01	2.263788e-02	5.558698e-01	1.283427e-01	6.375992e-03	
54	2.282117e+01	7.900735e-01	8.930710e-01	2.001475e-02	5.749276e-01	2.914692e-02	6.231755e-03	
55	2.465948e+01	1.122611e+00	8.365157e-01	2.377868e-02	5.836529e-01	1.093011e-01	9.672361e-03	
56	2.202068e+01	8.646760e-01	8.757942e-01	1.739185e-02	6.074792e-01	8.109268e-02	7.648480e-03	
57	2.396963e+01	6.791334e-01	7.874518e-01	1.212800e-02	5.655594e-01	5.613824e-02	1.218533e-02	
59	2.550861e+01	5.871298e+00	8.359078e-01	3.313353e-02	5.681180e-01	1.036541e-01	9.449924e-03	
60	1.898138e+01	5.706037e-01	7.843795e-01	1.109305e-02	6.299740e-01	5.415961e-02	1.376939e-02	
61	2.628587e+01	2.156276e+00	8.908032e-01	1.740719e-02	6.412096e-01	6.795854e-02	7.097606e-03	
62	2.320420e+01	1.319731e+00	9.216719e-01	1.676307e-02	6.110590e-01	4.183499e-02	4.851794e-03	
63	2.215646e+01	5.692120e-01	8.948463e-01	1.350513e-02	5.974751e-01	7.573875e-02	6.368633e-03	
64	3.345453e+01	1.932688e+00	8.740583e-01	1.364540e-02	5.601318e-01	4.818858e-02	7.150916e-03	
65	2.572265e+01	1.440868e+00	7.894112e-01	1.724705e-02	5.500502e-01	5.378845e-02	1.174193e-02	
66	3.279834e+01	3.397601e+00	8.121193e-01	3.459442e-02	5.297291e-01	8.949953e-02	1.008876e-02	
67	2.203672e+01	4.738325e-01	8.677493e-01	1.170173e-02	5.882810e-01	3.234043e-02	7.886504e-03	
68	2.360073e+01	1.339835e+00	8.332230e-01	2.062749e-02	6.054500e-01	1.040939e-01	1.023567e-02	
69	2.922921e+01	9.796827e+00	6.157535e-01	9.384895e-02	6.203197e-01	1.433413e+00	2.416169e-02	
70	2.630230e+01	3.455695e+00	8.575546e-01	3.326406e-02	5.732149e-01	3.207635e-02	8.276903e-03	
71	2.449736e+01	2.247744e+00	8.486126e-01	1.877305e-02	6.634802e-01	3.138564e-02	1.018168e-02	
72	2.768352e+01	2.417803e+00	8.036517e-01	1.794171e-02	6.002529e-01	6.073626e-02	1.194712e-02	
73	2.624346e+01	1.621724e+00	8.684955e-01	3.656792e-02	6.160029e-01	1.435153e-01	8.211552e-03	
74	3.875165e+01	6.475049e+00	7.707030e-01	3.834613e-02	5.831112e-01	6.074823e-02	1.355350e-02	
75	3.109821e+01	1.541843e+01	7.479477e-01	7.509725e-02	1.029706e+00	9.857584e-01	2.630908e-02	
79	2.423505e+01	1.881409e+00	7.660174e-01	4.844111e-02	7.330093e-01	4.817084e-01	1.738581e-02	
81	3.401383e+01	8.809655e+00	6.854017e-01	7.707846e-02	5.804144e-01	3.926865e-01	1.850957e-02	
82	2.961796e+01	1.299372e+00	8.887356e-01	3.940130e-02	5.786204e-01	1.009207e-01	6.526071e-03	
83	3.040893e+01	5.501443e+00	8.355793e-01	7.172634e-02	5.634680e-01	1.545417e-01	9.391341e-03	
84	2.200833e+01	2.150393e+00	8.617319e-01	2.683149e-02	6.336183e-01	1.077647e-01	8.880786e-03	
85	5.969989e+01	8.838614e+00	8.663187e-01	4.761083e-02	6.522576e-01	5.679109e-02	8.838766e-03	
87	2.283434e+01	1.098120e+00	8.589022e-01	1.710268e-02	6.074731e-01	7.718026e-02	8.688584e-03	
88	2.981026e+01	4.619381e+00	8.758895e-01	2.999672e-02	6.158002e-01	1.037214e-01	7.747299e-03	
89	2.202769e+01	1.097382e+00	9.080683e-01	1.977245e-02	5.849307e-01	5.127449e-02	5.450942e-03	
90	2.566015e+01	3.469967e+00	8.896741e-01	2.286908e-02	6.066377e-01	1.169154e-01	6.784356e-03	
91	2.488536e+01	9.371711e-01	8.472560e-01	2.475606e-02	5.729328e-01	1.137185e-01	8.870941e-03	
92	2.457460e+01	2.992005e+00	8.690938e-01	2.051020e-02	5.448083e-01	4.714245e-02	7.229459e-03	
93	2.855822e+01	3.344001e+00	8.561078e-01	3.542227e-02	5.818315e-01	1.714048e-01	8.486651e-03	
94	2.378513e+01	1.173121e+00	8.571685e-01	1.812766e-02	5.970456e-01	6.875987e-02	8.644372e-03	
95	2.478153e+01	1.049035e+00	9.432664e-01	2.835090e-02	5.491164e-01	5.735734e-02	3.157958e-03	
96	2.665599e+01	4.707075e+00	7.955665e-01	4.160575e-02	5.682706e-01	7.637727e-02	1.177631e-02	
97	2.276617e+01	1.804594e+00	8.971636e-01	2.911403e-02	6.696267e-01	9.327977e-02	6.980416e-03	
105	2.739566e+01	6.601559e+00	8.875731e-01	4.607859e-02	7.021233e-01	1.928274e-01	8.001760e-03	
109	2.475093e+01	1.493116e+00	8.673596e-01	3.531171e-02	6.506288e-01	1.262471e-01	8.748045e-03	
110	2.077940e+01	1.040284e+00	9.166713e-01	3.299123e-02	6.402567e-01	1.388165e-01	5.408175e-03	
111	2.340583e+01	7.879226e-01	9.207699e-01	2.297002e-02	5.992308e-01	4.528027e-02	4.812674e-03	
112	2.283977e+01	5.946507e-01	8.723465e-01	2.070893e-02	6.491498e-01	7.855826e-02	8.400004e-03	
113	2.276212e+01	6.406066e-01	8.466212e-01	1.729151e-02	5.863089e-01	7.843799e-02	9.115779e-03	
114	2.045844e+01	6.104128e-01	8.413718e-01	2.095282e-02	6.517992e-01	7.387609e-02	1.048084e-02	
115	1.976956e+01	1.242098e+00	7.962060e-01	1.644004e-02	7.016385e-01	6.574110e-02	1.449462e-02	
117	1.750175e+01	1.055661e+00	7.486829e-01	1.928758e-02	6.841861e-01	7.869539e-02	1.743003e-02	
118	2.003900e+01	7.009226e-01	7.608744e-01	1.337697e-02	7.270462e-01	3.253425e-02	1.762341e-02	
119	2.966294e+01	4.872146e+00	7.416606e-01	4.663932e-02	7.631905e-01	2.800775e-01	1.998598e-02	
120	2.466438e+01	8.241865e-01	8.258236e-01	2.186849e-02	5.910706e-01	1.119377e-01	1.043591e-02	
121	2.760365e+01	7.899420e-01	8.872132e-01	1.652519e-02	6.108044e-01	3.837491e-02	6.983326e-03	
122	2.545220e+01	2.841065e+00	8.808484e-01	1.889435e-02	5.672843e-01	6.887050e-02	6.851764e-03	
123	2.207266e+01	1.621424e+00	8.534573e-01	1.372647e-02	6.457477e-01	4.564663e-02	9.592432e-03	
124	2.661199e+01	9.347835e-01	8.721533e-01	2.248650e-02	5.783821e-01	4.854131e-02	7.495596e-03	
125	2.563356e+01	2.571382e+00	8.194586e-01	2.184393e-02	5.751740e-01	4.185398e-02	1.052635e-02	
126	2.408022e+01	1.312327e+00	9.637577e-01	1.773953e-02	6.586689e-01	1.300175e-01	2.419826e-03	
127	2.355019e+01	1.622481e+00	9.097540e-01	2.144274e-02	6.017823e-01	1.215724e-01	5.505151e-03	
128	2.485077e+01	1.228992e+00	8.977509e-01	1.641303e-02	5.852265e-01	7.150359e-02	6.065762e-03	
129	2.291834e+01	1.171137e+00	8.969617e-01	1.605064e-02	6.092357e-01	2.850351e-02	6.363351e-03	
130	2.377793e+01	1.065877e+00	9.226873e-01	1.671281e-02	6.001374e-01	7.881798e-02	4.703307e-03	
131	2.189813e+01	4.269453e-01	9.052073e-01	1.491355e-02	6.422207e-01	1.219292e-01	6.171077e-03	
132	2.437953e+01	9.379597e-01	9.061197e-01	1.614303e-02	5.896104e-01	3.394506e-02	5.611012e-03	
133	2.210959e+01	5.944212e-01	8.225029e-01	1.593579e-02	5.404353e-01	6.312891e-02	9.723819e-03	
134	2.406279e+01	9.304184e-01	8.742335e-01	2.069869e-02	6.214988e-01	4.259390e-02	7.923316e-03	
135	2.413499e+01	2.096300e+00	9.588985e-01	2.657767e-02	6.601379e-01	1.418832e-01	2.750389e-03	
136	2.881404e+01	2.546722e+00	9.640595e-01	3.372020e-02	6.564422e-01	7.741106e-02	2.391566e-03	
137	2.285957e+01	2.047382e+00	8.305203e-01	2.359515e-02	6.079783e-01	9.815606e-02	1.044498e-02	
138	2.218525e+01	2.009135e+00	7.736443e-01	2.927723e-02	5.891345e-01	6.049594e-02	1.351785e-02	
139	2.124316e+01	1.180990e+00	9.596238e-01	3.524767e-02	5.134283e-01	8.783719e-02	2.101394e-03	
140	2.227018e+01	4.664588e-01	8.781820e-01	2.326506e-02	5.700700e-01	1.024898e-01	7.039492e-03	
143	2.975587e+01	5.114756e+00	8.840562e-01	5.033170e-02	6.219036e-01	2.601272e-01	7.309244e-03	
144	2.648277e+01	1.329554e+00	8.822566e-01	2.364137e-02	6.144697e-01	1.227459e-01	7.333963e-03	
145	2.814745e+01	3.790030e+00	9.281105e-01	4.251217e-02	7.218379e-01	1.782501e-01	5.260260e-03	
146	2.483891e+01	8.541305e-01	8.752889e-01	3.098943e-02	6.106149e-01	1.234768e-01	7.719236e-03	
150	2.293263e+01	1.783348e+00	8.745135e-01	2.293902e-02	5.963701e-01	8.064373e-02	7.586032e-03	
151	2.206829e+01	9.595789e-01	7.888734e-01	2.056713e-02	6.056849e-01	4.990919e-02	1.296258e-02	
152	2.479471e+01	1.357313e+00	8.171772e-01	1.891153e-02	6.064708e-01	5.267311e-02	1.123937e-02	
153	2.527125e+01	1.563181e+00	8.183940e-01	2.009228e-02	6.170033e-01	7.427879e-02	1.135846e-02	
154	2.672883e+01	7.858129e-01	9.816972e-01	2.520318e-02	5.377061e-01	7.506092e-02	9.976176e-04	
155	2.453750e+01	1.245555e+00	7.951927e-01	1.996297e-02	5.997762e-01	5.198607e-02	1.245193e-02	
156	2.348020e+01	1.952696e+00	8.333142e-01	2.632457e-02	5.856221e-01	6.299897e-02	9.895046e-03	
157	2.348314e+01	6.275422e-01	8.830392e-01	1.522935e-02	5.702112e-01	7.337666e-02	6.760487e-03	
159	2.207378e+01	1.010493e+00	9.092098e-01	2.511740e-02	5.884047e-01	1.001070e-01	5.415228e-03	
160	2.123150e+01	1.656978e-01	8.009738e-01	6.553979e-03	6.356724e-01	3.063788e-02	1.282465e-02	
161	2.474292e+01	8.114278e-01	8.444598e-01	1.743043e-02	5.842376e-01	1.904709e-02	9.211577e-03	
162	2.569457e+01	1.298919e+00	8.398532e-01	1.426788e-02	6.380690e-01	4.080446e-02	1.035828e-02	
163	2.254431e+01	1.681688e+00	8.376486e-01	1.507770e-02	5.971830e-01	3.770395e-02	9.828004e-03	
164	2.304028e+01	1.265845e+00	9.972674e-01	2.592520e-02	5.913085e-01	2.855181e-02	1.637939e-04	
165	2.230714e+01	7.747587e-01	8.600990e-01	1.901813e-02	6.154016e-01	4.615058e-02	8.727329e-03	
166	2.445497e+01	1.342381e+00	8.571120e-01	1.779342e-02	5.787052e-01	9.768493e-02	8.382144e-03	
167	2.323113e+01	8.416500e-01	8.553445e-01	1.726706e-02	6.073222e-01	6.906589e-02	8.905453e-03	
168	2.384651e+01	6.294554e-01	9.532478e-01	2.083420e-02	5.927115e-01	4.346599e-02	2.808971e-03	
169	2.313755e+01	9.896032e-01	8.929290e-01	1.803215e-02	5.917602e-01	4.542950e-02	6.422726e-03	
170	2.304171e+01	1.308003e+00	8.914188e-01	1.670313e-02	6.042320e-01	2.944209e-02	6.650590e-03	
171	1.813356e+01	1.025029e+00	7.785039e-01	1.739925e-02	5.315073e-01	5.585066e-02	1.193376e-02	
172	2.174796e+01	1.335641e+00	7.826460e-01	1.963969e-02	5.253595e-01	8.796638e-02	1.157514e-02	
173	2.558211e+01	1.271589e+00	9.333037e-01	1.458206e-02	5.860370e-01	4.377933e-02	3.962127e-03	
174	2.389453e+01	1.338525e+00	9.261608e-01	2.262227e-02	5.839303e-01	7.901565e-02	4.370687e-03	
177	2.186942e+01	2.930567e-01	8.468149e-01	1.077502e-02	6.425441e-01	2.056755e-02	9.977487e-03	
178	1.936173e+01	1.036425e+00	8.512686e-01	1.576570e-02	5.899431e-01	1.904881e-02	8.894357e-03	
179	2.200671e+01	5.677833e-01	8.368460e-01	1.772929e-02	6.468579e-01	5.883388e-02	1.069815e-02	
180	2.268624e+01	8.027277e-01	8.421921e-01	1.150874e-02	6.400246e-01	2.552108e-02	1.023829e-02	
181	2.180608e+01	4.951117e-01	8.982159e-01	1.394292e-02	5.906477e-01	3.758636e-02	6.094108e-03	
182	2.239760e+01	1.217935e+00	9.023562e-01	1.825025e-02	5.908645e-01	4.436520e-02	5.848364e-03	
183	2.352668e+01	1.130573e+00	8.707202e-01	1.756187e-02	5.756312e-01	3.402693e-02	7.543570e-03	
184	2.289615e+01	5.779682e-01	9.360131e-01	1.809729e-02	6.306501e-01	9.109295e-02	4.090548e-03	
185	2.276005e+01	3.906527e-01	8.354065e-01	1.149386e-02	5.966288e-01	3.976319e-02	9.954483e-03	
186	2.340126e+01	1.481837e+00	9.498304e-01	2.445978e-02	5.935909e-01	9.361969e-02	3.018766e-03	
187	2.680682e+01	8.077874e-01	9.086588e-01	2.320718e-02	6.570739e-01	1.190928e-01	6.083912e-03	
188	2.339574e+01	7.644573e-01	8.165834e-01	1.458912e-02	5.672838e-01	1.028171e-01	1.054729e-02	
189	2.175586e+01	5.081483e-01	9.015005e-01	1.637185e-02	6.290624e-01	6.617492e-02	6.281014e-03	
191	3.352350e+01	3.879171e+00	8.472801e-01	4.599081e-02	7.626429e-01	6.532088e-01	1.180643e-02	
192	2.365296e+01	1.680019e+00	7.918603e-01	2.529162e-02	6.229754e-01	1.840253e-01	1.314400e-02	
193	2.694352e+01	2.890993e+00	8.425310e-01	3.201751e-02	6.837059e-01	1.126657e-01	1.091356e-02	
194	2.314843e+01	5.563692e-01	8.955067e-01	1.219229e-02	5.119044e-01	3.205320e-02	5.422245e-03	
195	2.343245e+01	1.487251e+00	8.444737e-01	2.563764e-02	5.406139e-01	2.266805e-01	8.523006e-03	
196	3.491533e+01	7.924449e+00	7.877593e-01	7.777049e-02	5.780399e-01	1.787069e-01	1.243622e-02	
197	2.323265e+01	3.063236e+00	7.525084e-01	3.626479e-02	5.122304e-01	7.429890e-02	1.285072e-02	
198	2.260492e+01	9.226612e-01	9.312425e-01	1.472992e-02	5.980045e-01	7.286972e-02	4.167988e-03	
199	2.423404e+01	1.327290e+00	8.839215e-01	1.998822e-02	5.227712e-01	3.866239e-02	6.151276e-03	
200	2.356990e+01	8.474778e-01	8.447674e-01	1.408609e-02	5.223618e-01	5.038905e-02	8.219703e-03	
202	2.151963e+01	6.822393e-01	8.636069e-01	1.192279e-02	5.817075e-01	6.695151e-02	8.042644e-03	
203	2.313203e+01	5.603034e-01	8.220988e-01	1.092615e-02	5.566532e-01	2.813814e-02	1.003842e-02	
204	2.315857e+01	6.995747e-01	8.707043e-01	1.248398e-02	5.704597e-01	4.949221e-02	7.476717e-03	
205	2.227943e+01	1.489577e+00	8.307324e-01	1.432982e-02	5.573333e-01	5.719248e-02	9.562923e-03	
206	2.139101e+01	8.572178e-01	8.212081e-01	1.611805e-02	5.778369e-01	4.785341e-02	1.047261e-02	
207	2.566680e+01	1.144490e+00	8.623597e-01	2.589410e-02	5.686245e-01	7.166793e-02	7.933647e-03	
208	2.319563e+01	1.230996e+00	8.524686e-01	1.247470e-02	6.098446e-01	4.665123e-02	9.120227e-03	
209	2.888869e+01	3.014502e+00	9.683450e-01	8.529726e-02	5.274222e-01	7.358875e-02	1.692398e-03	
213	2.836310e+01	4.864330e+00	7.823211e-01	6.644987e-02	6.509059e-01	3.532198e-01	1.436271e-02	
215	2.275276e+01	1.975324e+00	8.985659e-01	4.095690e-02	5.623050e-01	1.613716e-01	5.781728e-03	
216	2.512611e+01	3.655168e+00	8.655368e-01	4.175292e-02	6.201263e-01	2.103801e-01	8.452506e-03	
217	2.421635e+01	1.417917e+00	9.088994e-01	2.443709e-02	5.966093e-01	1.247550e-01	5.509513e-03	
218	2.330138e+01	1.653767e+00	9.349135e-01	1.392569e-02	6.009945e-01	1.895038e-02	3.965181e-03	
219	2.357499e+01	2.101627e+00	8.438100e-01	5.537394e-02	5.818638e-01	1.435453e-01	9.212478e-03	
220	2.336868e+01	2.696414e+00	7.400827e-01	3.087549e-02	6.352942e-01	1.166261e-01	1.673832e-02	
221	1.990617e+01	9.000925e+00	8.701312e-01	5.907682e-02	6.875100e-01	3.506502e-01	9.050773e-03	
222	2.549256e+01	2.570250e+00	8.483707e-01	2.650384e-02	5.468208e-01	9.115590e-02	8.404851e-03	
223	2.152955e+01	6.447595e-01	9.383145e-01	1.168964e-02	5.806776e-01	1.129852e-01	3.630949e-03	
224	2.127433e+01	1.169499e+00	8.852300e-01	1.525589e-02	6.286538e-01	5.783558e-02	7.313774e-03	
225	1.957534e+01	2.268299e+00	8.365308e-01	2.210531e-02	5.863863e-01	1.346822e-01	9.716764e-03	
226	2.054143e+01	9.997931e-01	9.031939e-01	1.908799e-02	6.011745e-01	9.612025e-02	5.899365e-03	
228	2.010975e+01	5.311037e-01	7.778506e-01	1.419022e-02	6.023329e-01	4.093371e-02	1.356387e-02	
229	2.145761e+01	6.463151e-01	8.538608e-01	1.406750e-02	6.107928e-01	2.660797e-02	9.048206e-03	
230	2.277596e+01	4.066833e-01	8.722913e-01	1.594127e-02	5.962556e-01	6.319562e-02	7.718887e-03	
232	2.116456e+01	8.466239e-01	8.388328e-01	2.044608e-02	5.831220e-01	3.470672e-02	9.526600e-03	
233	2.529824e+01	7.821931e-01	9.270662e-01	2.424117e-02	5.696623e-01	8.525046e-02	4.211610e-03	
234	2.429282e+01	1.727815e+00	8.864860e-01	1.735966e-02	5.365704e-01	8.160321e-02	6.174159e-03	
235	2.527405e+01	8.964412e-01	8.562890e-01	1.970656e-02	5.816520e-01	6.776389e-02	8.473347e-03	
236	2.232191e+01	1.581647e+00	8.835440e-01	2.233229e-02	5.350052e-01	7.945060e-02	6.315704e-03	
237	2.365840e+01	9.391370e-01	9.061518e-01	2.691228e-02	5.462936e-01	7.349599e-02	5.197015e-03	
238	2.437805e+01	1.411620e+00	9.733380e-01	2.309801e-02	5.351142e-01	9.331939e-02	1.446241e-03	
239	2.506691e+01	3.027679e+00	9.475384e-01	3.036203e-02	5.181631e-01	1.048855e-01	2.755562e-03	
240	2.395138e+01	1.591556e+00	9.627095e-01	3.066813e-02	4.928720e-01	1.287694e-01	1.863093e-03	
241	2.010965e+01	3.600165e-01	7.937909e-01	8.818614e-03	5.999258e-01	1.411641e-02	1.254028e-02	
242	2.134884e+01	8.811002e-01	7.456863e-01	1.420858e-02	6.408244e-01	1.086629e-01	1.652002e-02	
243	2.068874e+01	1.288784e+00	8.118682e-01	1.467863e-02	6.534306e-01	2.923636e-02	1.246130e-02	
244	2.018902e+01	2.583082e-01	8.385276e-01	1.302823e-02	6.780656e-01	4.159361e-02	1.109870e-02	
245	2.124777e+01	3.698956e-01	7.932498e-01	1.894638e-02	6.414490e-01	7.530543e-02	1.344342e-02	
246	2.563145e+01	3.252615e+00	7.494709e-01	6.014677e-02	6.058645e-01	1.398365e-01	1.538635e-02	
247	2.382216e+01	8.460993e-01	8.667402e-01	1.529918e-02	6.374460e-01	4.763255e-02	8.610820e-03	
248	2.169410e+01	1.308929e+00	8.504941e-01	1.890639e-02	5.747495e-01	8.476192e-02	8.710413e-03	
250	2.113120e+01	3.744527e-01	7.833917e-01	1.172193e-02	5.767925e-01	5.278167e-02	1.266475e-02	
251	2.226923e+01	5.751262e-01	8.477619e-01	2.290423e-02	6.247135e-01	8.202908e-02	9.640643e-03	
252	2.251307e+01	8.633513e-01	8.718672e-01	1.258594e-02	6.312822e-01	2.610211e-02	8.199469e-03	
253	2.469951e+01	1.905959e+00	8.698173e-01	2.134667e-02	6.265005e-01	9.279142e-02	8.267547e-03	
254	2.361554e+01	9.875443e-01	8.778162e-01	1.914101e-02	5.701259e-01	2.309436e-02	7.061323e-03	
255	2.257037e+01	6.135148e-01	9.338433e-01	1.608348e-02	6.328218e-01	5.216622e-02	4.243823e-03	
256	2.386575e+01	7.208099e-01	8.694302e-01	1.629545e-02	5.784343e-01	3.528500e-02	7.655939e-03	
257	2.517719e+01	1.533031e+00	9.002972e-01	1.577464e-02	5.915435e-01	4.802697e-02	5.978550e-03	
258	2.200920e+01	2.904875e-01	8.618159e-01	1.180115e-02	5.720199e-01	5.123546e-02	8.012556e-03	
259	2.283198e+01	1.146766e+00	9.052247e-01	1.255362e-02	5.864134e-01	6.405280e-02	5.633791e-03	
260	2.267473e+01	2.770776e-01	7.786723e-01	1.231794e-02	6.195435e-01	2.368536e-02	1.389983e-02	
261	2.235337e+01	1.151140e+00	8.728372e-01	1.449930e-02	5.654203e-01	6.325248e-02	7.288421e-03	
262	1.863103e+01	4.310935e-01	8.079804e-01	9.436097e-03	6.424071e-01	3.594737e-02	1.250426e-02	
263	2.029488e+01	6.658844e-01	8.571514e-01	1.141944e-02	6.159863e-01	6.066691e-02	8.919674e-03	
264	2.369721e+01	5.749526e-01	8.283513e-01	1.398373e-02	5.644208e-01	3.262232e-02	9.820765e-03	
265	1.946547e+01	4.902494e-01	8.058803e-01	1.349517e-02	6.911971e-01	2.664435e-02	1.360108e-02	
266	1.239739e+01	1.306489e-01	7.276674e-01	5.320390e-03	9.855702e-01	3.196285e-02	2.720753e-02	
