0	4	R2	3.295979e+01	3.295979e+01	2.007444e-08	0.000000e+00	1.086348e-02
0	5	R2	4.633920e+01	4.633920e+01	2.832531e-08	0.000000e+00	2.791518e+00
0	6	R2	5.122951e+01	5.122951e+01	3.133558e-08	0.000000e+00	7.873388e-02
0	8	R2	4.325260e+01	4.325260e+01	2.642417e-08	-1.726407e-14	4.115731e-01
0	9	R2	4.921260e+01	4.921260e+01	3.009430e-08	2.256806e-15	3.148444e+00
0	10	R2	4.686036e+01	4.686036e+01	2.864621e-08	0.000000e+00	3.513429e+00
0	11	R2	4.482295e+01	4.482295e+01	2.739153e-08	-8.521994e-15	1.667550e+00
0	12	R2	4.631774e+01	4.631774e+01	2.831209e-08	0.000000e+00	8.795865e-01
0	13	R2	4.807692e+01	4.807692e+01	2.939521e-08	-8.783120e-14	1.617973e-01
0	14	R2	4.608295e+01	4.608295e+01	2.816751e-08	0.000000e+00	3.822549e-01
0	15	R2	4.233700e+01	4.233700e+01	2.586001e-08	-9.910373e-14	7.169687e-02
0	16	R2	3.772161e+01	3.772161e+01	2.301441e-08	-2.496776e-13	2.845840e-02
0	17	R2	5.321980e+01	5.321980e+01	3.256020e-08	-3.919799e-15	1.812702e+00
0	18	R2	5.500550e+01	5.500550e+01	3.365872e-08	0.000000e+00	3.025605e-01
0	19	R2	4.975124e+01	4.975124e+01	3.042583e-08	0.000000e+00	9.900745e-02
0	20	R2	4.943154e+01	4.943154e+01	3.022905e-08	0.000000e+00	3.909563e-01
0	21	R2	6.451613e+01	6.451613e+01	3.950666e-08	0.000000e+00	4.162331e-01
0	22	R2	4.409171e+01	4.409171e+01	2.694111e-08	0.000000e+00	2.332895e+00
0	23	R2	5.694761e+01	5.694761e+01	3.485324e-08	-3.651640e-14	1.945818e-01
0	24	R2	5.813953e+01	5.813953e+01	3.558626e-08	0.000000e+00	2.028123e-01
0	26	R2	5.330490e+01	5.330490e+01	3.261256e-08	0.000000e+00	1.136565e-01
0	27	R2	5.321980e+01	5.321980e+01	3.256020e-08	-3.300883e-15	2.152584e+00
0	28	R2	4.889976e+01	4.889976e+01	2.990173e-08	0.000000e+00	2.199891e+00
0	29	R2	5.558644e+01	5.558644e+01	3.401605e-08	2.874502e-14	2.471882e-01
0	30	R2	4.488330e+01	4.488330e+01	2.742870e-08	2.713171e-14	2.618864e-01
0	31	R2	5.387931e+01	5.387931e+01	3.296594e-08	0.000000e+00	1.451490e-01
0	32	R2	4.004806e+01	4.004806e+01	2.444917e-08	0.000000e+00	1.603847e-02
0	33	R2	3.799392e+01	3.799392e+01	2.318239e-08	-4.922231e-13	1.443538e-02
0	34	R2	3.900156e+01	3.900156e+01	2.380388e-08	0.000000e+00	4.563365e-02
0	35	R2	4.351610e+01	4.351610e+01	2.658651e-08	1.250746e-13	5.680953e-02
0	36	R2	4.076641e+01	4.076641e+01	2.489202e-08	0.000000e+00	6.647600e-02
0	37	R2	4.118616e+01	4.118616e+01	2.515076e-08	-2.094390e-13	3.392600e-02
0	38	R2	4.510600e+01	4.510600e+01	2.756586e-08	0.000000e+00	6.103653e-02
0	39	R2	4.045307e+01	4.045307e+01	2.469887e-08	-2.170987e-13	3.272902e-02
0	40	R2	4.589261e+01	4.589261e+01	2.805030e-08	1.349474e-15	5.265329e+00
0	42	R2	4.688233e+01	4.688233e+01	2.865974e-08	0.000000e+00	2.637543e-01
0	43	R2	4.432624e+01	4.432624e+01	2.708558e-08	-3.806666e-15	3.733150e+00
0	46	R2	4.284490e+01	4.284490e+01	2.617297e-08	4.300801e-14	1.652117e-01
0	47	R2	6.134969e+01	6.134969e+01	3.756011e-08	0.000000e+00	4.892920e+00
0	48	R2	5.402485e+01	5.402485e+01	3.305547e-08	1.738902e-14	4.086158e-01
0	49	R2	5.455537e+01	5.455537e+01	3.338183e-08	2.170313e-15	3.273918e+00
0	50	R2	5.035247e+01	5.035247e+01	3.079585e-08	-5.189852e-15	1.369100e+00
0	51	R2	5.282620e+01	5.282620e+01	3.231804e-08	0.000000e+00	2.344110e+00
0	52	R2	5.998800e+01	5.998800e+01	3.672289e-08	0.000000e+00	8.636545e-01
0	53	R2	5.213764e+01	5.213764e+01	3.189439e-08	3.734129e-14	1.902834e-01
0	54	R2	4.432624e+01	4.432624e+01	2.708558e-08	-7.232666e-14	1.964816e-01
0	55	R2	4.837929e+01	4.837929e+01	2.958135e-08	0.000000e+00	4.447057e+00
0	56	R2	4.625347e+01	4.625347e+01	2.827252e-08	0.000000e+00	1.283630e-01
0	57	R2	4.340278e+01	4.340278e+01	2.651669e-08	0.000000e+00	3.767602e-02
0	58	R2	4.601933e+01	4.601933e+01	2.812834e-08	-3.050120e-15	2.329556e+00
0	59	R2	4.640371e+01	4.640371e+01	2.836503e-08	8.249446e-14	8.613218e-02
0	60	R2	5.053057e+01	5.053057e+01	3.090546e-08	0.000000e+00	7.660016e-02
0	61	R2	4.351610e+01	4.351610e+01	2.658651e-08	6.253728e-14	1.136191e-01
0	62	R2	4.504505e+01	4.504505e+01	2.752832e-08	0.000000e+00	2.231962e-01
0	63	R2	4.454343e+01	4.454343e+01	2.721936e-08	-3.255594e-14	2.182529e-01
0	64	R2	4.975124e+01	4.975124e+01	3.042583e-08	0.000000e+00	4.207817e-01
0	65	R2	4.478280e+01	4.478280e+01	2.736680e-08	0.000000e+00	1.203300e-01
0	66	R2	5.010020e+01	5.010020e+01	3.064060e-08	0.000000e+00	1.480918e+00
0	67	R2	4.158004e+01	4.158004e+01	2.539352e-08	0.000000e+00	2.247570e-01
0	71	R2	4.572474e+01	4.572474e+01	2.794692e-08	0.000000e+00	1.045376e-01
0	72	R2	4.308488e+01	4.308488e+01	2.632083e-08	-7.655446e-14	9.281533e-02
0	73	R2	4.248088e+01	4.248088e+01	2.594867e-08	1.968671e-13	3.609251e-02
0	74	R2	4.679457e+01	4.679457e+01	2.860571e-08	0.000000e+00	1.313839e-01
0	75	R2	4.960317e+01	4.960317e+01	3.033470e-08	0.000000e+00	7.627472e+00
0	76	R2	4.796163e+01	4.796163e+01	2.932424e-08	-4.408038e-06	1.610223e-01
0	77	R2	5.834306e+01	5.834306e+01	3.571141e-08	-4.638732e-14	3.063521e-01
0	78	R2	5.184033e+01	5.184033e+01	3.171145e-08	0.000000e+00	1.612452e-01
0	79	R2	6.056935e+01	6.056935e+01	3.708034e-08	-5.533709e-14	2.568052e-01
0	81	R2	5.136107e+01	5.136107e+01	3.141654e-08	-3.366915e-14	4.220735e-01
0	82	R2	4.699248e+01	4.699248e+01	2.872756e-08	-2.681342e-14	2.649952e-01
0	84	R2	3.816794e+01	3.816794e+01	2.328974e-08	2.869088e-15	4.953091e+00
0	85	R2	5.211047e+01	5.211047e+01	3.187767e-08	0.000000e+00	1.629301e-01
0	87	R2	4.332756e+01	4.332756e+01	2.647035e-08	4.205516e-14	1.689549e-01
0	88	R2	5.707763e+01	5.707763e+01	3.493320e-08	0.000000e+00	3.583641e-01
0	89	R2	4.553734e+01	4.553734e+01	2.783151e-08	3.807259e-14	1.866284e-01
0	90	R2	4.940711e+01	4.940711e+01	3.021402e-08	-1.712231e-14	4.149807e-01
0	94	R2	5.567929e+01	5.567929e+01	3.407316e-08	0.000000e+00	3.720220e+00
0	95	R2	5.636979e+01	5.636979e+01	3.449786e-08	-2.484591e-14	2.859797e-01
0	97	R2	4.759638e+01	4.759638e+01	2.909937e-08	0.000000e+00	2.718499e-01
0	98	R2	5.470460e+01	5.470460e+01	3.347362e-08	1.483961e-15	4.788148e+00
0	100	R2	5.694761e+01	5.694761e+01	3.485324e-08	-1.825820e-14	3.891636e-01
0	101	R2	4.214075e+01	4.214075e+01	2.573908e-08	0.000000e+00	4.617191e-01
0	102	R2	6.631300e+01	6.631300e+01	4.061111e-08	-1.319036e-14	2.154733e+00
0	103	R2	5.167959e+01	5.167959e+01	3.161254e-08	-4.434053e-14	1.602468e-01
0	104	R2	3.770739e+01	3.770739e+01	2.300563e-08	1.249330e-13	5.687389e-02
0	105	R2	5.146680e+01	5.146680e+01	3.148160e-08	1.788317e-13	7.946496e-02
0	106	R2	4.768717e+01	4.768717e+01	2.915527e-08	1.249819e-13	1.137033e-01
0	107	R2	4.668534e+01	4.668534e+01	2.853845e-08	8.150217e-14	8.718084e-02
0	108	R2	5.181347e+01	5.181347e+01	3.169492e-08	-6.616752e-14	1.073854e-01
0	109	R2	4.699248e+01	4.699248e+01	2.872756e-08	-1.608805e-15	4.416587e+00
0	110	R2	4.782401e+01	4.782401e+01	2.923951e-08	-6.213385e-14	1.143568e-01
0	111	R2	4.587156e+01	4.587156e+01	2.803734e-08	0.000000e+00	1.052100e-01
0	115	R2	5.017561e+01	5.017561e+01	3.068701e-08	9.407702e-14	7.552777e-02
0	118	R2	4.413063e+01	4.413063e+01	2.696508e-08	-4.618308e-15	1.538535e+00
0	119	R2	3.787879e+01	3.787879e+01	2.311137e-08	4.126832e-14	1.721763e-01
0	120	R2	4.791567e+01	4.791567e+01	2.929594e-08	-2.579015e-14	2.755094e-01
0	121	R2	5.076142e+01	5.076142e+01	3.104753e-08	-4.595909e-14	1.546033e-01
0	122	R2	4.144219e+01	4.144219e+01	2.530856e-08	0.000000e+00	1.305266e+00
0	128	R2	4.655493e+01	4.655493e+01	2.845815e-08	2.980342e-14	2.384098e-01
0	130	R2	4.595588e+01	4.595588e+01	2.808927e-08	0.000000e+00	5.068663e+00
0	131	R2	6.600660e+01	6.600660e+01	4.042279e-08	-1.418135e-14	1.002080e+00
0	137	R2	5.327651e+01	5.327651e+01	3.259509e-08	-4.172223e-15	3.406063e+00
0	139	R2	5.617978e+01	5.617978e+01	3.438100e-08	-2.369772e-15	5.996718e+00
0	140	R2	5.991612e+01	5.991612e+01	3.667869e-08	0.000000e+00	2.477059e+00
0	147	R2	4.708098e+01	4.708098e+01	2.878205e-08	-1.282210e-15	5.541547e+00
0	148	R2	4.043672e+01	4.043672e+01	2.468878e-08	2.287098e-14	3.106743e-01
0	149	R2	5.073567e+01	5.073567e+01	3.103168e-08	-3.450432e-14	2.059286e-01
0	150	R2	4.478280e+01	4.478280e+01	2.736680e-08	0.000000e+00	1.203300e-01
0	151	R2	5.479452e+01	5.479452e+01	3.352894e-08	-1.577701e-15	4.503659e+00
0	152	R2	4.012841e+01	4.012841e+01	2.449871e-08	0.000000e+00	1.610289e-01
0	153	R2	3.805175e+01	3.805175e+01	2.321806e-08	-2.336800e-14	3.040665e-01
0	154	R2	4.420866e+01	4.420866e+01	2.701315e-08	0.000000e+00	1.368084e-01
0	155	R2	5.157298e+01	5.157298e+01	3.154694e-08	3.816346e-14	1.861840e-01
0	156	R2	4.083299e+01	4.083299e+01	2.493307e-08	1.420517e-13	1.000400e-01
0	157	R2	4.191115e+01	4.191115e+01	2.559758e-08	-3.111628e-15	2.283508e+00
0	158	R2	4.478280e+01	4.478280e+01	2.736680e-08	0.000000e+00	2.807699e-01
0	159	R2	3.640335e+01	3.640335e+01	2.220099e-08	-4.124432e-14	1.722765e-01
0	160	R2	4.826255e+01	4.826255e+01	2.950948e-08	-1.525245e-13	4.658547e-02
0	165	R2	4.582951e+01	4.582951e+01	2.801145e-08	1.879434e-14	3.780620e-01
0	167	R2	4.681648e+01	4.681648e+01	2.861919e-08	0.000000e+00	1.095891e-01
0	168	R2	2.059732e+01	2.059732e+01	1.240237e-08	0.000000e+00	5.090996e-01
0	169	R2	2.967359e+01	2.967359e+01	1.804209e-08	0.000000e+00	8.805220e-03
0	170	R2	2.455193e+01	2.455193e+01	1.486603e-08	5.893714e-13	6.027971e-03
0	171	R2	2.297266e+01	2.297266e+01	1.388370e-08	5.048924e-13	2.110973e-02
0	172	R2	2.101723e+01	2.101723e+01	1.266463e-08	-1.608567e-13	2.208621e-02
0	173	R2	2.106594e+01	2.106594e+01	1.269503e-08	0.000000e+00	3.550189e-02
0	174	R2	1.769598e+01	1.769598e+01	1.058447e-08	-5.672583e-13	6.262956e-03
0	175	R2	2.059732e+01	2.059732e+01	1.240237e-08	0.000000e+00	5.515246e-01
0	176	R2	1.628930e+01	1.628930e+01	9.698381e-09	6.694613e-13	5.306825e-03
0	177	R2	3.920031e+01	3.920031e+01	2.392645e-08	-9.633185e-15	7.375990e-01
0	179	R2	4.701457e+01	4.701457e+01	2.874117e-08	6.429174e-14	1.105185e-01
0	180	R2	4.844961e+01	4.844961e+01	2.962464e-08	-6.726623e-14	2.112628e-01
0	181	R2	5.035247e+01	5.035247e+01	3.079585e-08	-3.503150e-14	2.028297e-01
0	182	R2	4.699248e+01	4.699248e+01	2.872756e-08	-5.362684e-14	1.324976e-01
0	183	R2	4.191115e+01	4.191115e+01	2.559758e-08	-8.090234e-14	8.782722e-02
0	184	R2	5.025126e+01	5.025126e+01	3.073357e-08	1.563233e-14	4.545340e-01
0	185	R2	4.407228e+01	4.407228e+01	2.692914e-08	0.000000e+00	2.525075e-01
0	186	R2	5.128205e+01	5.128205e+01	3.136792e-08	-6.235013e-14	3.418803e-01
0	187	R2	4.531038e+01	4.531038e+01	2.769173e-08	6.921893e-14	2.053030e-01
0	188	R2	4.016064e+01	4.016064e+01	2.451858e-08	0.000000e+00	7.257947e-01
0	189	R2	4.892368e+01	4.892368e+01	2.991646e-08	2.968602e-15	2.393526e+00
0	190	R2	4.444444e+01	4.444444e+01	2.715839e-08	0.000000e+00	1.382716e-01
0	191	R2	3.508772e+01	3.508772e+01	2.138885e-08	0.000000e+00	5.417051e-01
0	193	R2	4.975124e+01	4.975124e+01	3.042583e-08	0.000000e+00	1.955397e+00
0	194	R2	4.415011e+01	4.415011e+01	2.697708e-08	0.000000e+00	2.144155e+00
0	195	R2	4.006410e+01	4.006410e+01	2.445906e-08	-2.951128e-14	2.407698e-01
0	196	R2	4.741584e+01	4.741584e+01	2.898822e-08	0.000000e+00	2.023435e-01
0	197	R2	4.242681e+01	4.242681e+01	2.591536e-08	-7.894768e-14	9.000173e-02
0	198	R2	5.076142e+01	5.076142e+01	3.104753e-08	-1.313117e-14	5.411116e-01
0	199	R2	4.506534e+01	4.506534e+01	2.754082e-08	0.000000e+00	1.218531e-01
0	200	R2	4.714757e+01	4.714757e+01	2.882305e-08	-5.327461e-14	1.333736e-01
0	201	R2	4.906771e+01	4.906771e+01	3.000511e-08	-4.918666e-14	1.444584e-01
0	202	R2	4.142502e+01	4.142502e+01	2.529798e-08	0.000000e+00	2.745652e+00
0	203	R2	4.576659e+01	4.576659e+01	2.797270e-08	0.000000e+00	6.283742e-01
0	204	R2	5.091650e+01	5.091650e+01	3.114296e-08	0.000000e+00	5.444228e-01
0	205	R2	4.555809e+01	4.555809e+01	2.784429e-08	0.000000e+00	1.452877e-01
0	209	R2	5.235602e+01	5.235602e+01	3.202875e-08	7.406088e-15	1.918807e+00
0	211	R2	4.027386e+01	4.027386e+01	2.458838e-08	-2.920468e-14	2.432976e-01
0	212	R2	4.649000e+01	4.649000e+01	2.841817e-08	0.000000e+00	4.322641e-02
0	213	R2	5.208333e+01	5.208333e+01	3.186097e-08	-1.746230e-13	8.138021e-02
0	214	R2	5.162623e+01	5.162623e+01	3.157970e-08	0.000000e+00	1.066107e-01
0	215	R2	4.308488e+01	4.308488e+01	2.632083e-08	-2.014591e-15	3.526983e+00
0	216	R2	5.800464e+01	5.800464e+01	3.550330e-08	0.000000e+00	3.700992e+00
0	217	R2	5.200208e+01	5.200208e+01	3.181097e-08	1.545610e-15	4.597168e+00
0	218	R2	4.823927e+01	4.823927e+01	2.949515e-08	6.106872e-14	1.163513e-01
0	219	R2	4.504505e+01	4.504505e+01	2.752832e-08	0.000000e+00	1.602954e+00
0	220	R2	4.595588e+01	4.595588e+01	2.808927e-08	0.000000e+00	1.900749e-01
0	221	R2	4.446421e+01	4.446421e+01	2.717056e-08	0.000000e+00	1.581653e-01
0	222	R2	4.253509e+01	4.253509e+01	2.598208e-08	0.000000e+00	2.171081e-01
0	223	R2	5.672150e+01	5.672150e+01	3.471418e-08	0.000000e+00	1.608664e-01
0	224	R2	4.746084e+01	4.746084e+01	2.901593e-08	0.000000e+00	9.010127e-02
0	226	R2	5.827506e+01	5.827506e+01	3.566960e-08	0.000000e+00	2.377188e-01
0	227	R2	4.500450e+01	4.500450e+01	2.750335e-08	5.011645e-14	1.417784e-01
0	228	R2	5.810575e+01	5.810575e+01	3.556548e-08	9.788440e-16	1.451800e+01
0	231	R2	3.478261e+01	3.478261e+01	2.120045e-08	0.000000e+00	6.170132e+00
0	232	R2	4.775549e+01	4.775549e+01	2.919733e-08	-1.038538e-13	6.841761e-02
0	234	R2	4.621072e+01	4.621072e+01	2.824619e-08	0.000000e+00	1.259904e+00
0	235	R2	3.957262e+01	3.957262e+01	2.415603e-08	-1.814933e-15	3.914980e+00
0	236	R2	4.587156e+01	4.587156e+01	2.803734e-08	0.000000e+00	2.735460e-01
0	237	R2	4.614675e+01	4.614675e+01	2.820680e-08	0.000000e+00	1.064761e-01
0	239	R2	4.549591e+01	4.549591e+01	2.780600e-08	6.865554e-14	1.034939e-01
0	240	R2	5.175983e+01	5.175983e+01	3.166192e-08	0.000000e+00	1.634239e+00
0	241	R2	4.334634e+01	4.334634e+01	2.648192e-08	0.000000e+00	3.006248e+00
0	242	R2	4.640371e+01	4.640371e+01	2.836503e-08	2.749815e-14	2.583965e-01
0	243	R2	5.649718e+01	5.649718e+01	3.457621e-08	0.000000e+00	4.468703e+00
0	244	R2	5.162623e+01	5.162623e+01	3.157970e-08	0.000000e+00	3.464847e-01
0	245	R2	4.793864e+01	4.793864e+01	2.931008e-08	0.000000e+00	1.838490e-01
0	246	R2	5.449591e+01	5.449591e+01	3.334525e-08	0.000000e+00	1.781883e-01
0	247	R2	5.485464e+01	5.485464e+01	3.356592e-08	9.445469e-14	1.504516e-01
0	248	R2	3.240441e+01	3.240441e+01	1.973119e-08	3.383390e-13	2.100091e-02


1	4	NOE	4.000000e-03	4.000000e-03	7.002959e-10	-8.208204e-15	4.100000e-02
1	5	NOE	6.870000e-01	6.870000e-01	1.701168e-09	0.000000e+00	7.600000e-02
1	6	NOE	7.910000e-01	7.910000e-01	2.724006e-09	0.000000e+00	7.000000e-02
1	8	NOE	1.090000e+00	8.602211e-01	1.461801e-05	1.154668e+00	1.990000e-01
1	9	NOE	1.020000e+00	8.602211e-01	1.844535e-05	9.343796e-01	1.710000e-01
1	10	NOE	1.020000e+00	8.602211e-01	1.844535e-05	7.501358e-01	2.130000e-01
1	11	NOE	7.740000e-01	7.740000e-01	2.435940e-09	0.000000e+00	7.700000e-02
1	12	NOE	9.270000e-01	8.602211e-01	2.011312e-05	3.164878e-01	2.110000e-01
1	13	NOE	8.230000e-01	8.230000e-01	3.728470e-09	1.037592e-15	1.070000e-01
1	14	NOE	7.080000e-01	7.080000e-01	1.819228e-09	1.018553e-15	1.090000e-01
1	15	NOE	7.890000e-01	7.890000e-01	2.684866e-09	-1.682156e-15	6.600000e-02
1	16	NOE	7.430000e-01	7.430000e-01	2.081633e-09	0.000000e+00	5.100000e-02
1	17	NOE	5.890000e-01	5.890000e-01	1.343647e-09	0.000000e+00	8.400000e-02
1	18	NOE	7.640000e-01	7.640000e-01	2.303214e-09	0.000000e+00	1.100000e-01
1	19	NOE	7.770000e-01	7.770000e-01	2.480319e-09	1.370646e-15	8.100000e-02
1	20	NOE	8.080000e-01	8.080000e-01	3.142351e-09	0.000000e+00	1.270000e-01
1	21	NOE	8.770000e-01	8.602211e-01	1.215101e-05	1.446459e-01	1.160000e-01
1	22	NOE	9.440000e-01	8.602211e-01	2.089102e-05	8.055665e-01	1.040000e-01
1	23	NOE	8.880000e-01	8.602211e-01	1.250141e-05	2.750388e-01	1.010000e-01
1	24	NOE	9.000000e-01	8.602211e-01	1.372842e-05	4.187255e-01	9.500000e-02
1	26	NOE	8.660000e-01	8.602211e-01	1.220111e-05	7.047464e-02	8.200000e-02
1	27	NOE	7.110000e-01	7.110000e-01	1.838073e-09	-1.220025e-15	9.100000e-02
1	28	NOE	7.040000e-01	7.040000e-01	1.794940e-09	1.193788e-15	9.300000e-02
1	29	NOE	8.960000e-01	8.602211e-01	1.999641e-05	3.507737e-01	1.020000e-01
1	30	NOE	7.910000e-01	7.910000e-01	2.724006e-09	0.000000e+00	9.500000e-02
1	31	NOE	7.680000e-01	7.680000e-01	2.353726e-09	-3.587732e-08	7.500000e-02
1	32	NOE	6.830000e-01	6.830000e-01	1.681063e-09	0.000000e+00	5.000000e-02
1	33	NOE	5.730000e-01	5.730000e-01	1.303148e-09	0.000000e+00	3.900000e-02
1	34	NOE	5.920000e-01	5.920000e-01	1.351632e-09	1.682156e-15	6.600000e-02
1	35	NOE	6.690000e-01	6.690000e-01	1.615668e-09	-6.412859e-08	8.500000e-02
1	36	NOE	7.190000e-01	7.190000e-01	1.891196e-09	-1.563694e-15	7.100000e-02
1	37	NOE	6.020000e-01	6.020000e-01	1.379224e-09	-1.820038e-15	6.100000e-02
1	38	NOE	8.730000e-01	8.602211e-01	2.387040e-05	1.852017e-01	6.900000e-02
1	39	NOE	7.450000e-01	7.450000e-01	2.100112e-09	-2.094760e-15	5.300000e-02
1	40	NOE	8.710000e-01	8.602211e-01	1.453543e-05	5.471533e-02	1.970000e-01
1	42	NOE	8.460000e-01	8.460000e-01	6.047833e-09	6.728624e-16	1.650000e-01
1	43	NOE	8.000000e-01	8.000000e-01	2.923503e-09	0.000000e+00	1.190000e-01
1	46	NOE	4.870000e-01	4.870000e-01	1.131145e-09	1.790682e-15	6.200000e-02
1	47	NOE	5.880000e-01	5.880000e-01	1.341014e-09	0.000000e+00	1.680000e-01
1	48	NOE	7.380000e-01	7.380000e-01	2.037419e-09	0.000000e+00	1.260000e-01
1	49	NOE	8.370000e-01	8.370000e-01	4.728019e-09	0.000000e+00	1.180000e-01
1	50	NOE	7.070000e-01	7.070000e-01	1.813068e-09	0.000000e+00	8.200000e-02
1	51	NOE	1.060000e+00	8.602211e-01	1.152015e-05	1.068336e+00	1.870000e-01
1	52	NOE	9.960000e-01	8.602211e-01	2.629979e-05	7.222283e-01	1.880000e-01
1	53	NOE	8.270000e-01	8.270000e-01	3.948364e-09	2.612289e-15	8.500000e-02
1	54	NOE	7.820000e-01	7.820000e-01	2.559845e-09	0.000000e+00	9.300000e-02
1	55	NOE	7.410000e-01	7.410000e-01	2.063617e-09	1.018553e-15	1.090000e-01
1	56	NOE	9.030000e-01	8.602211e-01	2.186352e-05	5.154087e-01	8.300000e-02
1	57	NOE	7.030000e-01	7.030000e-01	1.789012e-09	2.094760e-15	5.300000e-02
1	58	NOE	8.260000e-01	8.260000e-01	3.889802e-09	1.181088e-15	9.400000e-02
1	59	NOE	8.290000e-01	8.290000e-01	4.073797e-09	0.000000e+00	7.200000e-02
1	60	NOE	8.640000e-01	8.602211e-01	2.587024e-05	5.725633e-02	6.600000e-02
1	61	NOE	8.420000e-01	8.420000e-01	5.340490e-09	0.000000e+00	9.300000e-02
1	62	NOE	9.450000e-01	8.602211e-01	1.108395e-05	6.471673e-01	1.310000e-01
1	63	NOE	7.780000e-01	7.780000e-01	2.495646e-09	-2.206051e-08	1.090000e-01
1	64	NOE	7.890000e-01	7.890000e-01	2.684866e-09	-8.223874e-16	1.350000e-01
1	65	NOE	6.970000e-01	6.970000e-01	1.754579e-09	1.261617e-15	8.800000e-02
1	66	NOE	7.340000e-01	7.340000e-01	2.003938e-09	0.000000e+00	9.900000e-02
1	67	NOE	9.540000e-01	8.602211e-01	2.200200e-05	6.169666e-01	1.520000e-01
1	71	NOE	7.200000e-01	7.200000e-01	1.898151e-09	-1.708035e-15	6.500000e-02
1	72	NOE	8.280000e-01	8.280000e-01	4.009624e-09	-1.480297e-15	7.500000e-02
1	73	NOE	8.560000e-01	8.560000e-01	1.111344e-08	0.000000e+00	5.800000e-02
1	74	NOE	8.420000e-01	8.420000e-01	5.340490e-09	0.000000e+00	8.600000e-02
1	75	NOE	7.840000e-01	7.840000e-01	2.593812e-09	0.000000e+00	1.690000e-01
1	76	NOE	9.380000e-01	8.602211e-01	1.911263e-05	6.375321e-01	1.220000e-01
1	77	NOE	8.080000e-01	8.080000e-01	3.142351e-09	0.000000e+00	1.100000e-01
1	78	NOE	9.990000e-01	8.602211e-01	1.600808e-05	1.146933e+00	1.210000e-01
1	79	NOE	8.820000e-01	8.602211e-01	2.034184e-05	2.054615e-01	1.060000e-01
1	81	NOE	7.060000e-01	7.060000e-01	1.806967e-09	0.000000e+00	1.350000e-01
1	82	NOE	7.330000e-01	7.330000e-01	1.995813e-09	-1.077886e-15	1.030000e-01
1	84	NOE	8.790000e-01	8.602211e-01	1.576273e-05	1.433505e-01	1.310000e-01
1	85	NOE	7.800000e-01	7.800000e-01	2.527149e-09	1.657049e-15	6.700000e-02
1	87	NOE	6.930000e-01	6.930000e-01	1.732648e-09	-1.632681e-15	6.800000e-02
1	88	NOE	8.100000e-01	8.100000e-01	3.205047e-09	0.000000e+00	1.090000e-01
1	89	NOE	7.370000e-01	7.370000e-01	2.028897e-09	1.156482e-15	9.600000e-02
1	90	NOE	9.200000e-01	8.602211e-01	1.118797e-05	4.239640e-01	1.410000e-01
1	94	NOE	9.420000e-01	8.602211e-01	1.952363e-05	4.493347e-01	1.820000e-01
1	95	NOE	8.000000e-01	8.000000e-01	2.923503e-09	0.000000e+00	1.070000e-01
1	97	NOE	9.430000e-01	8.602211e-01	2.078142e-05	6.086685e-01	1.360000e-01
1	98	NOE	8.120000e-01	8.120000e-01	3.271589e-09	0.000000e+00	1.550000e-01
1	100	NOE	7.770000e-01	7.770000e-01	2.480319e-09	9.329605e-16	1.190000e-01
1	101	NOE	7.390000e-01	7.390000e-01	2.046044e-09	0.000000e+00	1.580000e-01
1	102	NOE	8.130000e-01	8.130000e-01	3.306429e-09	0.000000e+00	1.980000e-01
1	103	NOE	8.320000e-01	8.320000e-01	4.286329e-09	0.000000e+00	9.400000e-02
1	104	NOE	7.700000e-01	7.700000e-01	2.380224e-09	-4.463842e-08	5.900000e-02
1	105	NOE	8.790000e-01	8.602211e-01	1.576273e-05	2.019239e-01	9.300000e-02
1	106	NOE	8.320000e-01	8.320000e-01	4.286329e-09	0.000000e+00	9.600000e-02
1	107	NOE	8.340000e-01	8.340000e-01	4.447811e-09	-1.321694e-15	8.400000e-02
1	108	NOE	8.970000e-01	8.602211e-01	1.849533e-05	3.283832e-01	1.120000e-01
1	109	NOE	9.480000e-01	8.602211e-01	1.659164e-05	5.931008e-01	1.480000e-01
1	110	NOE	7.930000e-01	7.930000e-01	2.764870e-09	0.000000e+00	7.900000e-02
1	111	NOE	8.180000e-01	8.180000e-01	3.498739e-09	-1.661624e-08	7.500000e-02
1	115	NOE	8.190000e-01	8.190000e-01	3.541330e-09	-1.901533e-08	6.400000e-02
1	118	NOE	9.140000e-01	8.602211e-01	2.224947e-05	8.963153e-01	6.000000e-02
1	119	NOE	6.850000e-01	6.850000e-01	1.691031e-09	0.000000e+00	7.700000e-02
1	120	NOE	5.940000e-01	5.940000e-01	1.357028e-09	-1.423363e-15	7.800000e-02
1	121	NOE	8.220000e-01	8.220000e-01	3.678950e-09	-1.546833e-08	7.300000e-02
1	122	NOE	8.130000e-01	8.130000e-01	3.306429e-09	0.000000e+00	2.890000e-01
1	128	NOE	7.710000e-01	7.710000e-01	2.393803e-09	0.000000e+00	1.130000e-01
1	130	NOE	8.260000e-01	8.260000e-01	3.889802e-09	5.337611e-16	2.080000e-01
1	131	NOE	6.180000e-01	6.180000e-01	1.426801e-09	0.000000e+00	1.320000e-01
1	137	NOE	8.640000e-01	8.602211e-01	2.587024e-05	2.171792e-02	1.740000e-01
1	139	NOE	4.570000e-01	4.570000e-01	1.084178e-09	2.761749e-16	2.010000e-01
1	140	NOE	6.880000e-01	6.880000e-01	1.706302e-09	0.000000e+00	8.700000e-02
1	147	NOE	9.740000e-01	8.602211e-01	1.351290e-05	5.957012e-01	1.910000e-01
1	148	NOE	8.110000e-01	8.110000e-01	3.237813e-09	-1.099231e-15	1.010000e-01
1	149	NOE	6.710000e-01	6.710000e-01	1.624570e-09	-6.830998e-08	7.900000e-02
1	150	NOE	9.380000e-01	8.602211e-01	1.911263e-05	7.856456e-01	9.900000e-02
1	151	NOE	6.440000e-01	6.440000e-01	1.514872e-09	-5.968941e-16	1.860000e-01
1	152	NOE	1.010000e+00	8.602211e-01	1.597773e-05	1.337312e+00	1.120000e-01
1	153	NOE	9.750000e-01	8.602211e-01	1.901133e-05	8.829148e-01	1.300000e-01
1	154	NOE	6.780000e-01	6.780000e-01	1.656857e-09	-1.541976e-15	7.200000e-02
1	155	NOE	5.940000e-01	5.940000e-01	1.357028e-09	-1.077886e-15	1.030000e-01
1	156	NOE	3.150000e-01	3.150000e-01	9.155800e-10	-1.982541e-15	8.400000e-02
1	157	NOE	5.930000e-01	5.930000e-01	1.354323e-09	9.329605e-16	1.190000e-01
1	158	NOE	7.370000e-01	7.370000e-01	2.028897e-09	8.953411e-16	1.240000e-01
1	159	NOE	5.030000e-01	5.030000e-01	1.158501e-09	-8.474985e-16	1.310000e-01
1	160	NOE	6.990000e-01	6.990000e-01	1.765845e-09	2.220446e-15	5.000000e-02
1	165	NOE	1.100000e+00	8.602211e-01	1.819236e-05	1.223362e+00	1.960000e-01
1	167	NOE	6.580000e-01	6.580000e-01	1.569054e-09	-1.132881e-15	9.800000e-02
1	168	NOE	4.140000e-01	4.140000e-01	1.025037e-09	7.240585e-15	2.300000e-02
1	169	NOE	4.160000e-01	4.160000e-01	1.027603e-09	-1.632681e-15	3.400000e-02
1	170	NOE	4.550000e-01	4.550000e-01	1.081228e-09	-3.965082e-15	4.200000e-02
1	171	NOE	4.760000e-01	4.760000e-01	1.113307e-09	-4.189521e-15	5.300000e-02
1	172	NOE	4.400000e-01	4.400000e-01	1.059753e-09	-6.476301e-15	6.000000e-02
1	173	NOE	3.860000e-01	3.860000e-01	9.907739e-10	1.541976e-15	7.200000e-02
1	174	NOE	4.200000e-01	4.200000e-01	1.032785e-09	1.460820e-15	3.800000e-02
1	175	NOE	4.140000e-01	4.140000e-01	1.025037e-09	7.240585e-15	2.300000e-02
1	176	NOE	4.780000e-01	4.780000e-01	1.116495e-09	0.000000e+00	4.000000e-02
1	177	NOE	5.570000e-01	5.570000e-01	1.265826e-09	0.000000e+00	5.500000e-02
1	179	NOE	7.790000e-01	7.790000e-01	2.511253e-09	0.000000e+00	7.900000e-02
1	180	NOE	7.800000e-01	7.800000e-01	2.527149e-09	1.247442e-15	8.900000e-02
1	181	NOE	7.200000e-01	7.200000e-01	1.898151e-09	-1.181088e-15	9.400000e-02
1	182	NOE	9.130000e-01	8.602211e-01	1.881860e-05	5.441126e-01	9.700000e-02
1	183	NOE	9.280000e-01	8.602211e-01	2.129044e-05	8.068919e-01	8.400000e-02
1	184	NOE	6.300000e-01	6.300000e-01	1.465627e-09	1.037592e-15	1.070000e-01
1	185	NOE	7.700000e-01	7.700000e-01	2.380224e-09	-2.894140e-08	9.100000e-02
1	186	NOE	8.810000e-01	8.602211e-01	1.899687e-05	1.978945e-01	1.050000e-01
1	187	NOE	8.730000e-01	8.602211e-01	2.387040e-05	1.331137e-01	9.600000e-02
1	188	NOE	9.750000e-01	8.602211e-01	1.901133e-05	6.272072e-01	1.830000e-01
1	189	NOE	7.200000e-01	7.200000e-01	1.898151e-09	-1.423363e-15	7.800000e-02
1	190	NOE	7.680000e-01	7.680000e-01	2.353726e-09	-3.494544e-08	7.700000e-02
1	191	NOE	7.090000e-01	7.090000e-01	1.825448e-09	-9.912706e-16	1.120000e-01
1	193	NOE	8.640000e-01	8.602211e-01	2.587024e-05	2.122988e-02	1.780000e-01
1	194	NOE	7.610000e-01	7.610000e-01	2.267336e-09	0.000000e+00	1.030000e-01
1	195	NOE	1.100000e+00	8.602211e-01	1.819236e-05	1.688584e+00	1.420000e-01
1	196	NOE	8.290000e-01	8.290000e-01	4.073797e-09	0.000000e+00	1.120000e-01
1	197	NOE	7.980000e-01	7.980000e-01	2.875471e-09	0.000000e+00	1.020000e-01
1	198	NOE	7.210000e-01	7.210000e-01	1.905179e-09	-5.843279e-16	1.900000e-01
1	199	NOE	6.350000e-01	6.350000e-01	1.482696e-09	2.643388e-15	8.400000e-02
1	200	NOE	8.470000e-01	8.470000e-01	6.273098e-09	0.000000e+00	8.600000e-02
1	201	NOE	7.380000e-01	7.380000e-01	2.037419e-09	0.000000e+00	1.140000e-01
1	202	NOE	8.100000e-01	8.100000e-01	3.205047e-09	0.000000e+00	1.090000e-01
1	203	NOE	9.360000e-01	8.602211e-01	2.446946e-05	3.252314e-01	2.330000e-01
1	204	NOE	6.730000e-01	6.730000e-01	1.633613e-09	0.000000e+00	1.200000e-01
1	205	NOE	8.660000e-01	8.602211e-01	1.220111e-05	5.721704e-02	1.010000e-01
1	209	NOE	9.040000e-01	8.602211e-01	1.347645e-05	2.292090e-01	1.910000e-01
1	211	NOE	5.580000e-01	5.580000e-01	1.268074e-09	-8.741914e-16	1.270000e-01
1	212	NOE	6.850000e-01	6.850000e-01	1.691031e-09	0.000000e+00	7.400000e-02
1	213	NOE	7.940000e-01	7.940000e-01	2.785989e-09	1.480297e-15	7.500000e-02
1	214	NOE	8.030000e-01	8.030000e-01	3.000197e-09	-1.233581e-15	9.000000e-02
1	215	NOE	7.300000e-01	7.300000e-01	1.971996e-09	1.283495e-15	1.730000e-01
1	216	NOE	6.520000e-01	6.520000e-01	1.545176e-09	8.673617e-16	1.280000e-01
1	217	NOE	6.180000e-01	6.180000e-01	1.426801e-09	0.000000e+00	1.450000e-01
1	218	NOE	8.770000e-01	8.602211e-01	1.215101e-05	1.766202e-01	9.500000e-02
1	219	NOE	5.840000e-01	5.840000e-01	1.330622e-09	1.520853e-15	7.300000e-02
1	220	NOE	7.280000e-01	7.280000e-01	1.956566e-09	0.000000e+00	1.120000e-01
1	221	NOE	6.920000e-01	6.920000e-01	1.727286e-09	2.612289e-15	8.500000e-02
1	222	NOE	8.120000e-01	8.120000e-01	3.271589e-09	0.000000e+00	1.160000e-01
1	223	NOE	7.010000e-01	7.010000e-01	1.777321e-09	1.387779e-15	8.000000e-02
1	224	NOE	6.890000e-01	6.890000e-01	1.711480e-09	-1.632681e-15	6.800000e-02
1	226	NOE	8.050000e-01	8.050000e-01	3.054748e-09	0.000000e+00	8.200000e-02
1	227	NOE	9.060000e-01	8.602211e-01	1.924531e-05	4.870098e-01	9.400000e-02
1	228	NOE	6.510000e-01	6.510000e-01	1.541294e-09	0.000000e+00	1.600000e-01
1	231	NOE	7.310000e-01	7.310000e-01	1.979844e-09	-5.023634e-16	2.210000e-01
1	232	NOE	7.180000e-01	7.180000e-01	1.884314e-09	-1.321694e-15	8.400000e-02
1	234	NOE	8.580000e-01	8.580000e-01	1.532416e-08	0.000000e+00	1.400000e-01
1	235	NOE	4.040000e-01	4.040000e-01	1.012453e-09	-2.135044e-15	5.200000e-02
1	236	NOE	9.460000e-01	8.602211e-01	2.228381e-05	6.917655e-01	1.240000e-01
1	237	NOE	7.970000e-01	7.970000e-01	2.852310e-09	-1.370646e-15	8.100000e-02
1	239	NOE	6.490000e-01	6.490000e-01	1.533613e-09	0.000000e+00	6.800000e-02
1	240	NOE	7.950000e-01	7.950000e-01	2.807590e-09	-1.276118e-15	8.700000e-02
1	241	NOE	7.550000e-01	7.550000e-01	2.200206e-09	0.000000e+00	1.040000e-01
1	242	NOE	1.050000e+00	8.602211e-01	9.040590e-06	1.282290e+00	1.480000e-01
1	243	NOE	9.710000e-01	8.602211e-01	1.531130e-05	5.710254e-01	1.940000e-01
1	244	NOE	9.520000e-01	8.602211e-01	1.512334e-05	7.585035e-01	1.210000e-01
1	245	NOE	6.560000e-01	6.560000e-01	1.560980e-09	-1.441848e-15	7.700000e-02
1	246	NOE	7.170000e-01	7.170000e-01	1.877504e-09	-1.405346e-15	7.900000e-02
1	247	NOE	6.240000e-01	6.240000e-01	1.445851e-09	0.000000e+00	6.500000e-02
1	248	NOE	4.770000e-01	4.770000e-01	1.114898e-09	2.581914e-15	4.300000e-02


2	4	R1	4.743833e-01	4.743833e-01	2.002019e-08	2.371855e-15	2.340411e-02
2	5	R1	3.166561e-01	3.166561e-01	3.014992e-08	0.000000e+00	2.807591e-02
2	6	R1	3.146633e-01	3.146633e-01	3.034246e-08	0.000000e+00	1.445590e-02
2	8	R1	3.702332e-01	3.702332e-01	2.574725e-08	0.000000e+00	9.828110e-02
2	9	R1	3.147624e-01	3.147624e-01	3.033283e-08	0.000000e+00	3.933291e-02
2	10	R1	3.473428e-01	3.473428e-01	2.746290e-08	-8.489151e-16	6.539070e-02
2	11	R1	2.836075e-01	2.836075e-01	3.369109e-08	0.000000e+00	1.930397e-02
2	12	R1	4.215852e-01	4.215852e-01	2.257250e-08	-1.154629e-15	9.615412e-02
2	13	R1	3.289474e-01	3.289474e-01	2.901375e-08	-1.441045e-15	3.852147e-02
2	14	R1	2.903600e-01	2.903600e-01	3.290227e-08	0.000000e+00	3.136293e-02
2	15	R1	2.982404e-01	2.982404e-01	3.202672e-08	-2.526681e-15	2.196999e-02
2	16	R1	3.141690e-01	3.141690e-01	3.039059e-08	0.000000e+00	1.707548e-02
2	17	R1	2.742732e-01	2.742732e-01	3.484524e-08	-3.823457e-15	1.451857e-02
2	18	R1	3.045067e-01	3.045067e-01	3.136273e-08	-1.209432e-15	4.589854e-02
2	19	R1	3.239391e-01	3.239391e-01	2.946634e-08	-1.706443e-15	3.253033e-02
2	20	R1	2.701972e-01	2.701972e-01	3.537414e-08	-1.226385e-15	4.526406e-02
2	21	R1	3.138732e-01	3.138732e-01	3.041947e-08	0.000000e+00	4.413534e-02
2	22	R1	2.561475e-01	2.561475e-01	3.732588e-08	0.000000e+00	2.453872e-02
2	23	R1	2.906977e-01	2.906977e-01	3.286379e-08	0.000000e+00	3.414008e-02
2	24	R1	2.192502e-01	2.192502e-01	4.363914e-08	-1.987578e-15	2.792904e-02
2	26	R1	2.760144e-01	2.760144e-01	3.462405e-08	3.928014e-15	2.826424e-02
2	27	R1	3.105590e-01	3.105590e-01	3.074675e-08	0.000000e+00	3.337063e-02
2	28	R1	3.727171e-01	3.727171e-01	2.557369e-08	0.000000e+00	4.042515e-02
2	29	R1	2.915452e-01	2.915452e-01	3.276759e-08	0.000000e+00	2.184464e-02
2	30	R1	3.536068e-01	3.536068e-01	2.697146e-08	0.000000e+00	5.764241e-02
2	31	R1	3.026634e-01	3.026634e-01	3.155520e-08	0.000000e+00	5.019963e-02
2	32	R1	3.793627e-01	3.793627e-01	2.512044e-08	4.215508e-15	2.633663e-02
2	33	R1	3.573981e-01	3.573981e-01	2.668233e-08	0.000000e+00	1.226241e-02
2	34	R1	4.145937e-01	4.145937e-01	2.295879e-08	-3.197521e-15	1.736068e-02
2	35	R1	3.868472e-01	3.868472e-01	2.462850e-08	-1.686082e-15	3.292317e-02
2	36	R1	4.100041e-01	4.100041e-01	2.321949e-08	0.000000e+00	3.429309e-02
2	37	R1	3.386387e-01	3.386387e-01	2.817582e-08	-2.534392e-15	2.190314e-02
2	38	R1	3.334445e-01	3.334445e-01	2.861889e-08	-1.822144e-15	3.046475e-02
2	39	R1	2.994012e-01	2.994012e-01	3.190163e-08	6.192602e-15	8.964108e-03
2	40	R1	3.457815e-01	3.457815e-01	2.758816e-08	7.476274e-16	7.424975e-02
2	42	R1	1.805706e-01	1.805706e-01	5.302088e-08	-7.035108e-16	3.945295e-02
2	43	R1	2.423068e-01	2.423068e-01	3.946926e-08	-7.119526e-16	3.898514e-02
2	46	R1	3.828484e-01	3.828484e-01	2.488895e-08	1.245813e-15	4.455816e-02
2	47	R1	3.437607e-01	3.437607e-01	2.775194e-08	1.879004e-15	2.954286e-02
2	48	R1	3.264773e-01	3.264773e-01	2.923524e-08	2.394501e-15	4.636553e-02
2	49	R1	4.058442e-01	4.058442e-01	2.346084e-08	0.000000e+00	7.691933e-02
2	50	R1	3.076923e-01	3.076923e-01	3.103550e-08	-2.812166e-15	3.947929e-02
2	51	R1	2.642706e-01	2.642706e-01	3.617222e-08	9.837192e-16	5.642988e-02
2	52	R1	3.478261e-01	3.478261e-01	2.742436e-08	6.372699e-16	8.710775e-02
2	53	R1	3.217503e-01	3.217503e-01	2.966854e-08	0.000000e+00	5.766246e-02
2	54	R1	3.235199e-01	3.235199e-01	2.950486e-08	0.000000e+00	4.751797e-02
2	55	R1	3.615329e-01	3.615329e-01	2.637389e-08	1.037421e-07	5.136747e-02
2	56	R1	3.203075e-01	3.203075e-01	2.980334e-08	3.536345e-15	3.139465e-02
2	57	R1	3.012048e-01	3.012048e-01	3.170917e-08	0.000000e+00	1.261068e-02
2	58	R1	3.276540e-01	3.276540e-01	2.912931e-08	1.353586e-15	4.101043e-02
2	59	R1	3.139717e-01	3.139717e-01	3.040984e-08	-2.085621e-15	2.661613e-02
2	60	R1	3.080715e-01	3.080715e-01	3.099700e-08	5.908022e-15	1.879179e-02
2	61	R1	3.013864e-01	3.013864e-01	3.168993e-08	2.057674e-15	2.697762e-02
2	62	R1	3.133814e-01	3.133814e-01	3.046760e-08	0.000000e+00	2.396273e-02
2	63	R1	2.391772e-01	2.391772e-01	3.998820e-08	6.213185e-08	5.709134e-02
2	64	R1	2.270148e-01	2.270148e-01	4.214050e-08	0.000000e+00	5.153570e-02
2	65	R1	3.040438e-01	3.040438e-01	3.141084e-08	1.429745e-15	3.882590e-02
2	66	R1	2.506894e-01	2.506894e-01	3.814294e-08	0.000000e+00	2.425824e-02
2	67	R1	3.275467e-01	3.275467e-01	2.913894e-08	0.000000e+00	5.160496e-02
2	71	R1	3.353454e-01	3.353454e-01	2.845515e-08	-2.118554e-15	2.620237e-02
2	72	R1	2.769316e-01	2.769316e-01	3.450864e-08	6.733281e-15	1.648859e-02
2	73	R1	3.397893e-01	3.397893e-01	2.807949e-08	5.254600e-15	2.112859e-02
2	74	R1	2.661698e-01	2.661698e-01	3.591261e-08	1.929908e-15	2.876363e-02
2	75	R1	3.219575e-01	3.219575e-01	2.964929e-08	4.656775e-16	1.192051e-01
2	76	R1	2.835271e-01	2.835271e-01	3.370071e-08	-1.386634e-15	4.003303e-02
2	77	R1	3.100775e-01	3.100775e-01	3.079487e-08	0.000000e+00	5.855417e-02
2	78	R1	2.477087e-01	2.477087e-01	3.860429e-08	1.449817e-15	3.828839e-02
2	79	R1	3.354579e-01	3.354579e-01	2.844552e-08	1.586148e-15	3.499745e-02
2	81	R1	2.402114e-01	2.402114e-01	3.981522e-08	-6.329209e-16	4.385315e-02
2	82	R1	2.812148e-01	2.812148e-01	3.397965e-08	-1.065169e-15	5.211490e-02
2	84	R1	3.131851e-01	3.131851e-01	3.048685e-08	-7.731558e-16	7.179815e-02
2	85	R1	3.183699e-01	3.183699e-01	2.998626e-08	0.000000e+00	2.310995e-02
2	87	R1	2.790179e-01	2.790179e-01	3.424896e-08	1.449276e-15	3.830267e-02
2	88	R1	3.202049e-01	3.202049e-01	2.981296e-08	-1.010088e-15	5.495672e-02
2	89	R1	2.503756e-01	2.503756e-01	3.819100e-08	1.612962e-15	3.441567e-02
2	90	R1	2.818489e-01	2.818489e-01	3.390271e-08	0.000000e+00	4.528013e-02
2	94	R1	2.130379e-01	2.130379e-01	4.491666e-08	4.050041e-16	6.853159e-02
2	95	R1	2.865330e-01	2.865330e-01	3.334480e-08	0.000000e+00	4.802916e-02
2	97	R1	3.736921e-01	3.736921e-01	2.550619e-08	1.404643e-15	7.903951e-02
2	98	R1	2.395210e-01	2.395210e-01	3.993054e-08	4.099975e-16	6.769694e-02
2	100	R1	5.037783e-01	5.037783e-01	1.882905e-08	2.025245e-15	1.096384e-01
2	101	R1	4.618938e-01	4.618938e-01	2.057171e-08	9.292616e-16	5.973684e-02
2	102	R1	4.144219e-01	4.144219e-01	2.296845e-08	1.958894e-16	2.833801e-01
2	103	R1	2.652520e-01	2.652520e-01	3.603761e-08	1.753277e-15	3.166138e-02
2	104	R1	4.440497e-01	4.440497e-01	2.141299e-08	0.000000e+00	4.002757e-02
2	105	R1	3.809524e-01	3.809524e-01	2.501434e-08	0.000000e+00	2.017234e-02
2	106	R1	3.182686e-01	3.182686e-01	2.999589e-08	2.615824e-15	4.244257e-02
2	107	R1	3.572705e-01	3.572705e-01	2.669197e-08	0.000000e+00	3.076176e-02
2	108	R1	2.598753e-01	2.598753e-01	3.678753e-08	2.180264e-15	2.546075e-02
2	109	R1	2.556891e-01	2.556891e-01	3.739317e-08	-1.031706e-15	5.380519e-02
2	110	R1	3.211304e-01	3.211304e-01	2.972631e-08	2.008550e-15	2.763743e-02
2	111	R1	3.154574e-01	3.154574e-01	3.026544e-08	-2.890290e-15	1.920608e-02
2	115	R1	3.563792e-01	3.563792e-01	2.675943e-08	4.576697e-15	2.425817e-02
2	118	R1	3.805175e-01	3.805175e-01	2.504328e-08	0.000000e+00	2.041589e-02
2	119	R1	2.465483e-01	2.465483e-01	3.878691e-08	0.000000e+00	3.270291e-02
2	120	R1	3.450656e-01	3.450656e-01	2.764596e-08	0.000000e+00	4.024574e-02
2	121	R1	2.724796e-01	2.724796e-01	3.507604e-08	-1.846109e-15	3.006927e-02
2	122	R1	3.131851e-01	3.131851e-01	3.048685e-08	-7.456522e-16	7.444644e-02
2	128	R1	3.927730e-01	3.927730e-01	2.425222e-08	0.000000e+00	3.903046e-02
2	130	R1	3.266906e-01	3.266906e-01	2.921598e-08	0.000000e+00	2.123863e-01
2	131	R1	4.681648e-01	4.681648e-01	2.029115e-08	6.363553e-16	8.723295e-02
2	137	R1	2.264493e-01	2.264493e-01	4.224618e-08	0.000000e+00	7.999567e-02
2	139	R1	2.505638e-01	2.505638e-01	3.816216e-08	0.000000e+00	1.575833e-01
2	140	R1	4.011231e-01	4.011231e-01	2.374076e-08	-3.039687e-15	3.652425e-02
2	147	R1	3.829950e-01	3.829950e-01	2.487930e-08	-5.045831e-16	2.200278e-01
2	148	R1	3.599712e-01	3.599712e-01	2.648956e-08	0.000000e+00	5.856983e-02
2	149	R1	2.596054e-01	2.596054e-01	3.682598e-08	1.301215e-15	4.266101e-02
2	150	R1	3.562522e-01	3.562522e-01	2.676907e-08	3.102030e-15	3.579021e-02
2	151	R1	4.506534e-01	4.506534e-01	2.109395e-08	1.196213e-15	9.281146e-02
2	152	R1	2.849003e-01	2.849003e-01	3.353719e-08	-1.780997e-15	3.116858e-02
2	153	R1	3.629764e-01	3.629764e-01	2.626786e-08	1.480953e-15	7.496681e-02
2	154	R1	3.542331e-01	3.542331e-01	2.692327e-08	0.000000e+00	2.760584e-02
2	155	R1	3.685957e-01	3.685957e-01	2.586295e-08	7.361848e-16	7.540383e-02
2	156	R1	3.485535e-01	3.485535e-01	2.736655e-08	0.000000e+00	5.612817e-02
2	157	R1	3.775009e-01	3.775009e-01	2.524581e-08	-2.984926e-15	3.719432e-02
2	158	R1	3.739716e-01	3.739716e-01	2.548690e-08	1.509202e-15	3.678180e-02
2	159	R1	4.149378e-01	4.149378e-01	2.293948e-08	-2.664581e-15	4.166595e-02
2	160	R1	2.881014e-01	2.881014e-01	3.316202e-08	1.789799e-07	2.382170e-02
2	165	R1	4.022526e-01	4.022526e-01	2.367320e-08	0.000000e+00	7.313684e-02
2	167	R1	4.319654e-01	4.319654e-01	2.202185e-08	3.613321e-15	4.608875e-02
2	168	R1	8.841733e-01	8.841733e-01	1.048197e-08	5.796547e-15	3.830636e-02
2	169	R1	7.256894e-01	7.256894e-01	1.291791e-08	0.000000e+00	2.791113e-02
2	170	R1	8.045052e-01	8.045052e-01	1.159016e-08	0.000000e+00	3.948095e-02
2	171	R1	8.936550e-01	8.936550e-01	1.036278e-08	2.074892e-15	5.350750e-02
2	172	R1	1.014199e+00	1.014199e+00	9.034127e-09	0.000000e+00	8.434513e-02
2	173	R1	1.355014e+00	1.355014e+00	6.493231e-09	0.000000e+00	9.914733e-02
2	174	R1	1.054852e+00	1.054852e+00	8.651337e-09	0.000000e+00	3.226869e-02
2	175	R1	8.841733e-01	8.841733e-01	1.048197e-08	5.680616e-15	3.908812e-02
2	176	R1	9.523810e-01	9.523810e-01	9.675389e-09	5.563731e-15	3.990930e-02
2	177	R1	5.558644e-01	5.558644e-01	1.702460e-08	-4.606573e-15	2.410085e-02
2	179	R1	3.365870e-01	3.365870e-01	2.834920e-08	0.000000e+00	4.565620e-02
2	180	R1	4.206984e-01	4.206984e-01	2.262079e-08	1.323397e-15	4.194594e-02
2	181	R1	3.944773e-01	3.944773e-01	2.414608e-08	2.026859e-15	2.738777e-02
2	182	R1	2.849815e-01	2.849815e-01	3.352757e-08	-1.600734e-15	3.467857e-02
2	183	R1	3.532321e-01	3.532321e-01	2.700037e-08	-2.586613e-15	2.146094e-02
2	184	R1	2.909514e-01	2.909514e-01	3.283493e-08	1.357664e-15	4.088727e-02
2	185	R1	3.840246e-01	3.840246e-01	2.481178e-08	0.000000e+00	2.890508e-02
2	186	R1	3.640335e-01	3.640335e-01	2.619074e-08	-1.360025e-15	4.081628e-02
2	187	R1	2.693240e-01	2.693240e-01	3.548953e-08	-2.284469e-15	2.429936e-02
2	188	R1	1.485663e-01	1.485663e-01	6.447073e-08	5.111805e-16	5.429701e-02
2	189	R1	3.336670e-01	3.336670e-01	2.859963e-08	0.000000e+00	3.607211e-02
2	190	R1	4.393673e-01	4.393673e-01	2.164497e-08	-9.553406e-16	5.810613e-02
2	191	R1	4.812320e-01	4.812320e-01	1.972980e-08	-1.435340e-15	7.734912e-02
2	193	R1	2.706360e-01	2.706360e-01	3.531645e-08	-1.070473e-15	5.185664e-02
2	194	R1	3.226847e-01	3.226847e-01	2.958189e-08	-1.620420e-15	3.425727e-02
2	195	R1	2.949853e-01	2.949853e-01	3.238274e-08	0.000000e+00	7.291966e-02
2	196	R1	2.644104e-01	2.644104e-01	3.615299e-08	1.260326e-15	4.404509e-02
2	197	R1	2.714441e-01	2.714441e-01	3.521067e-08	0.000000e+00	2.512552e-02
2	198	R1	4.184100e-01	4.184100e-01	2.274634e-08	-4.840996e-16	1.146689e-01
2	199	R1	3.816794e-01	3.816794e-01	2.496612e-08	-1.241208e-15	4.472350e-02
2	200	R1	2.901073e-01	2.901073e-01	3.293114e-08	0.000000e+00	4.065038e-02
2	201	R1	3.305785e-01	3.305785e-01	2.886930e-08	8.609521e-16	6.447647e-02
2	202	R1	2.877698e-01	2.877698e-01	3.320050e-08	-3.184474e-15	3.486362e-02
2	203	R1	5.367687e-01	5.367687e-01	1.764598e-08	1.315129e-15	8.441933e-02
2	204	R1	3.370408e-01	3.370408e-01	2.831067e-08	-3.956839e-15	5.611667e-02
2	205	R1	2.716653e-01	2.716653e-01	3.518182e-08	-1.480635e-15	3.749144e-02
2	209	R1	2.688172e-01	2.688172e-01	3.555684e-08	-1.063969e-15	5.217366e-02
2	211	R1	3.249919e-01	3.249919e-01	2.937005e-08	5.609132e-16	9.896568e-02
2	212	R1	2.896032e-01	2.896032e-01	3.298886e-08	-3.501963e-15	1.585144e-02
2	213	R1	2.830456e-01	2.830456e-01	3.375843e-08	0.000000e+00	2.852087e-02
2	214	R1	3.601008e-01	3.601008e-01	2.647992e-08	0.000000e+00	3.384455e-02
2	215	R1	1.088021e-01	1.088021e-01	8.807024e-08	1.199917e-16	1.156562e-01
2	216	R1	3.132832e-01	3.132832e-01	3.047723e-08	0.000000e+00	7.233387e-02
2	217	R1	2.477087e-01	2.477087e-01	3.860429e-08	4.970801e-16	1.116745e-01
2	218	R1	3.736921e-01	3.736921e-01	2.550619e-08	0.000000e+00	2.094687e-02
2	219	R1	3.921569e-01	3.921569e-01	2.429082e-08	-2.270197e-15	4.890427e-02
2	220	R1	3.407155e-01	3.407155e-01	2.800242e-08	-2.627393e-15	2.112784e-02
2	221	R1	2.409639e-01	2.409639e-01	3.969030e-08	1.654394e-07	2.159965e-02
2	222	R1	2.427184e-01	2.427184e-01	3.940199e-08	0.000000e+00	4.895608e-02
2	223	R1	2.729258e-01	2.729258e-01	3.501834e-08	0.000000e+00	2.845460e-02
2	224	R1	3.270111e-01	3.270111e-01	2.918709e-08	-1.696422e-15	3.272250e-02
2	226	R1	2.879355e-01	2.879355e-01	3.318126e-08	0.000000e+00	3.258239e-02
2	227	R1	2.337541e-01	2.337541e-01	4.092028e-08	1.026856e-07	3.376812e-02
2	228	R1	3.390980e-01	3.390980e-01	2.813728e-08	-5.574577e-16	9.957913e-02
2	231	R1	4.382121e-01	4.382121e-01	2.170296e-08	0.000000e+00	8.775764e-02
2	232	R1	3.700962e-01	3.700962e-01	2.575689e-08	2.094450e-15	5.300786e-02
2	234	R1	3.789314e-01	3.789314e-01	2.514937e-08	0.000000e+00	5.226640e-02
2	235	R1	2.643405e-01	2.643405e-01	3.616260e-08	2.903928e-08	1.348605e-01
2	236	R1	3.147624e-01	3.147624e-01	3.033283e-08	0.000000e+00	2.764202e-02
2	237	R1	3.323363e-01	3.323363e-01	2.871521e-08	-3.430734e-15	3.236110e-02
2	239	R1	3.514938e-01	3.514938e-01	2.713528e-08	-1.826458e-15	3.039279e-02
2	240	R1	3.775009e-01	3.775009e-01	2.524581e-08	-1.863794e-15	2.978396e-02
2	241	R1	2.701972e-01	2.701972e-01	3.537414e-08	0.000000e+00	4.424197e-02
2	242	R1	3.149606e-01	3.149606e-01	3.031358e-08	0.000000e+00	3.938248e-02
2	243	R1	1.362027e-01	1.362027e-01	7.033322e-08	0.000000e+00	6.585664e-02
2	244	R1	3.204101e-01	3.204101e-01	2.979371e-08	0.000000e+00	5.471919e-02
2	245	R1	3.471017e-01	3.471017e-01	2.748217e-08	0.000000e+00	4.024018e-02
2	246	R1	2.455796e-01	2.455796e-01	3.894068e-08	-2.629830e-15	2.110826e-02
2	247	R1	3.150599e-01	3.150599e-01	3.030395e-08	0.000000e+00	2.372379e-02
2	248	R1	6.540222e-01	6.540222e-01	1.439557e-08	-4.553552e-15	2.438147e-02


