0	4	R2	3.340013e+01	3.340013e+01	2.413531e-08	0.000000e+00	2.565809e+00
0	5	R2	3.850597e+01	3.850597e+01	2.788702e-08	0.000000e+00	1.453055e+00
0	6	R2	4.490346e+01	4.490346e+01	3.257861e-08	-2.710736e-15	2.621217e+00
0	8	R2	3.880481e+01	3.880481e+01	2.810637e-08	0.000000e+00	2.861045e+00
0	9	R2	4.089980e+01	4.089980e+01	2.964351e-08	-2.123821e-15	3.345587e+00
0	10	R2	3.313453e+01	3.313453e+01	2.393990e-08	0.000000e+00	2.305583e+00
0	11	R2	4.302926e+01	4.302926e+01	3.120499e-08	8.165158e-15	8.702131e-01
0	12	R2	3.152585e+01	3.152585e+01	2.275579e-08	-1.985885e-15	5.366948e+00
0	13	R2	3.589375e+01	3.589375e+01	2.596861e-08	-3.063938e-15	2.319051e+00
0	14	R2	4.694836e+01	4.694836e+01	3.407670e-08	0.000000e+00	5.069541e+00
0	15	R2	3.734130e+01	3.734130e+01	2.703192e-08	-4.632535e-15	1.533810e+00
0	16	R2	3.388682e+01	3.388682e+01	2.449329e-08	-3.093846e-15	2.296633e+00
0	17	R2	4.251701e+01	4.251701e+01	3.082945e-08	2.620436e-15	2.711544e+00
0	18	R2	4.826255e+01	4.826255e+01	3.503915e-08	-2.033660e-15	3.493910e+00
0	19	R2	4.349717e+01	4.349717e+01	3.154799e-08	-6.828188e-15	2.081204e+00
0	20	R2	5.305040e+01	5.305040e+01	3.854380e-08	-1.992128e-07	3.940083e+00
0	21	R2	4.514673e+01	4.514673e+01	3.275686e-08	-1.743041e-15	4.076454e+00
0	22	R2	3.927730e+01	3.927730e+01	2.845313e-08	9.211641e-14	7.713531e-02
0	23	R2	4.739336e+01	4.739336e+01	3.440263e-08	0.000000e+00	2.470744e+00
0	24	R2	4.948046e+01	4.948046e+01	3.593089e-08	2.418475e-15	2.937979e+00
0	26	R2	4.985045e+01	4.985045e+01	3.620176e-08	-4.027112e-15	1.764398e+00
0	27	R2	4.448399e+01	4.448399e+01	3.227123e-08	0.000000e+00	3.759767e+00
0	28	R2	3.720238e+01	3.720238e+01	2.692990e-08	0.000000e+00	2.491231e+00
0	29	R2	4.248088e+01	4.248088e+01	3.080297e-08	9.374623e-15	1.515885e+00
0	30	R2	3.799392e+01	3.799392e+01	2.751112e-08	-2.590648e-15	2.742722e+00
0	31	R2	4.805382e+01	4.805382e+01	3.488630e-08	-1.923155e-15	3.694671e+00
0	32	R2	3.789314e+01	3.789314e+01	2.743713e-08	0.000000e+00	2.297424e+00
0	33	R2	4.528986e+01	4.528986e+01	3.286173e-08	-2.664680e-15	2.666522e+00
0	34	R2	3.503854e+01	3.503854e+01	2.534010e-08	0.000000e+00	2.087089e+00
0	35	R2	4.861449e+01	4.861449e+01	3.529686e-08	-4.294976e-15	1.654358e+00
0	36	R2	3.411805e+01	3.411805e+01	2.466334e-08	0.000000e+00	1.862466e+00
0	37	R2	3.625816e+01	3.625816e+01	2.623635e-08	-4.503991e-15	1.577585e+00
0	38	R2	4.743833e+01	4.743833e+01	3.443556e-08	0.000000e+00	2.700474e+00
0	39	R2	4.248088e+01	4.248088e+01	3.080297e-08	6.562236e-15	2.165551e+00
0	40	R2	3.456619e+01	3.456619e+01	2.499286e-08	0.000000e+00	2.748090e+00
0	42	R2	3.958828e+01	3.958828e+01	2.868134e-08	0.000000e+00	2.037402e+00
0	43	R2	4.024145e+01	4.024145e+01	2.916057e-08	3.375201e-15	2.105186e+00
0	46	R2	3.966680e+01	3.966680e+01	2.873895e-08	0.000000e+00	3.618946e+00
0	47	R2	4.960317e+01	4.960317e+01	3.602074e-08	0.000000e+00	8.119567e+00
0	48	R2	3.749531e+01	3.749531e+01	2.714502e-08	-4.211676e-14	1.687078e-01
0	49	R2	4.533092e+01	4.533092e+01	3.289182e-08	-4.322263e-15	3.287827e+00
0	50	R2	4.029009e+01	4.029009e+01	2.919626e-08	-2.735733e-15	2.597266e+00
0	51	R2	4.344049e+01	4.344049e+01	3.150644e-08	-1.017652e-15	6.982181e+00
0	52	R2	5.017561e+01	5.017561e+01	3.643980e-08	0.000000e+00	5.035185e+00
0	53	R2	3.961965e+01	3.961965e+01	2.870436e-08	0.000000e+00	6.278867e-02
0	54	R2	3.866976e+01	3.866976e+01	2.800724e-08	-2.262705e-15	3.140236e+00
0	55	R2	3.802281e+01	3.802281e+01	2.753233e-08	0.000000e+00	2.024028e+00
0	56	R2	4.359198e+01	4.359198e+01	3.161748e-08	5.752593e-15	2.470339e+00
0	57	R2	4.139073e+01	4.139073e+01	3.000358e-08	0.000000e+00	1.884512e+00
0	58	R2	3.690037e+01	3.690037e+01	2.670810e-08	2.899054e-15	2.450947e+00
0	59	R2	4.476276e+01	4.476276e+01	3.247551e-08	0.000000e+00	2.204075e+00
0	60	R2	4.418913e+01	4.418913e+01	3.205514e-08	0.000000e+00	2.538483e+00
0	61	R2	3.904725e+01	3.904725e+01	2.828430e-08	-7.767086e-15	1.829625e+00
0	62	R2	3.607504e+01	3.607504e+01	2.610181e-08	3.033222e-15	2.342535e+00
0	63	R2	3.912363e+01	3.912363e+01	2.834036e-08	0.000000e+00	3.214383e+00
0	64	R2	4.319654e+01	4.319654e+01	3.132762e-08	1.464599e-15	4.851448e+00
0	65	R2	3.960396e+01	3.960396e+01	2.869284e-08	-2.516752e-15	2.823253e+00
0	66	R2	4.206984e+01	4.206984e+01	3.050158e-08	0.000000e+00	2.300832e+00
0	67	R2	3.909304e+01	3.909304e+01	2.831791e-08	0.000000e+00	2.598052e+00
0	71	R2	4.321521e+01	4.321521e+01	3.134131e-08	2.717621e-15	2.614576e+00
0	72	R2	3.709199e+01	3.709199e+01	2.684883e-08	1.721507e-13	4.127447e-02
0	73	R2	4.835590e+01	4.835590e+01	3.510751e-08	0.000000e+00	3.039781e+00
0	74	R2	3.793627e+01	3.793627e+01	2.746879e-08	2.468602e-15	2.878321e+00
0	75	R2	5.561735e+01	5.561735e+01	4.042182e-08	-1.093831e-15	6.495909e+00
0	76	R2	3.259452e+01	3.259452e+01	2.354254e-08	0.000000e+00	4.355852e+00
0	77	R2	4.918839e+01	4.918839e+01	3.571706e-08	1.631520e-15	4.355096e+00
0	78	R2	4.042037e+01	4.042037e+01	2.929183e-08	-2.558236e-15	2.777471e+00
0	79	R2	5.094244e+01	5.094244e+01	3.700111e-08	0.000000e+00	2.854645e+00
0	81	R2	3.453039e+01	3.453039e+01	2.496654e-08	0.000000e+00	5.723269e+00
0	82	R2	4.063389e+01	4.063389e+01	2.944846e-08	0.000000e+00	3.137115e+00
0	84	R2	3.827019e+01	3.827019e+01	2.771394e-08	0.000000e+00	3.222136e+00
0	85	R2	4.288165e+01	4.288165e+01	3.109678e-08	5.520129e-15	2.574370e+00
0	87	R2	3.816794e+01	3.816794e+01	2.763887e-08	0.000000e+00	2.039508e+00
0	88	R2	5.249344e+01	5.249344e+01	3.813624e-08	2.148814e-15	3.306673e+00
0	89	R2	4.017678e+01	4.017678e+01	2.911313e-08	2.934599e-15	2.421260e+00
0	90	R2	4.051864e+01	4.051864e+01	2.936392e-08	0.000000e+00	3.283520e+00
0	94	R2	3.861004e+01	3.861004e+01	2.796341e-08	-1.401880e-15	5.068499e+00
0	95	R2	4.142502e+01	4.142502e+01	3.002873e-08	-2.070307e-15	3.432065e+00
0	97	R2	4.156276e+01	4.156276e+01	3.012974e-08	2.419538e-15	2.936687e+00
0	98	R2	4.043672e+01	4.043672e+01	2.930382e-08	-3.103919e-14	2.289179e-01
0	100	R2	4.198153e+01	4.198153e+01	3.043683e-08	0.000000e+00	2.291183e-01
0	101	R2	3.692762e+01	3.692762e+01	2.672811e-08	0.000000e+00	8.318260e+00
0	102	R2	4.175365e+01	4.175365e+01	3.026973e-08	1.198733e-14	5.927450e-01
0	103	R2	3.635042e+01	3.635042e+01	2.630413e-08	0.000000e+00	2.114165e+00
0	104	R2	3.721623e+01	3.721623e+01	2.694007e-08	0.000000e+00	2.631590e+00
0	105	R2	4.336513e+01	4.336513e+01	3.145120e-08	0.000000e+00	2.820802e+00
0	106	R2	4.149378e+01	4.149378e+01	3.007915e-08	0.000000e+00	2.754774e+00
0	107	R2	4.100041e+01	4.100041e+01	2.971731e-08	0.000000e+00	2.185344e+00
0	108	R2	3.988831e+01	3.988831e+01	2.890149e-08	0.000000e+00	1.591077e+00
0	109	R2	4.514673e+01	4.514673e+01	3.275686e-08	-2.050637e-15	3.464986e+00
0	110	R2	4.372540e+01	4.372540e+01	3.171528e-08	0.000000e+00	2.676675e+00
0	111	R2	3.765060e+01	3.765060e+01	2.725905e-08	0.000000e+00	2.551622e+00
0	115	R2	4.240882e+01	4.240882e+01	3.075013e-08	-2.633823e-15	2.697762e+00
0	118	R2	4.484305e+01	4.484305e+01	3.253435e-08	-3.212235e-15	2.211989e+00
0	119	R2	4.068348e+01	4.068348e+01	2.948484e-08	2.259438e-15	3.144777e+00
0	120	R2	3.863988e+01	3.863988e+01	2.798531e-08	6.798619e-15	2.090256e+00
0	121	R2	4.239084e+01	4.239084e+01	3.073695e-08	-2.325933e-15	3.054872e+00
0	122	R2	5.458515e+01	5.458515e+01	3.966672e-08	-9.172079e-16	7.746801e+00
0	128	R2	4.246285e+01	4.246285e+01	3.078974e-08	0.000000e+00	3.245568e+00
0	130	R2	3.588088e+01	3.588088e+01	2.595915e-08	1.226455e-15	5.793468e+00
0	131	R2	5.162623e+01	5.162623e+01	3.750159e-08	1.904239e-15	3.731374e+00
0	137	R2	3.769318e+01	3.769318e+01	2.729031e-08	0.000000e+00	3.267784e+00
0	139	R2	4.562044e+01	4.562044e+01	3.310394e-08	0.000000e+00	7.700530e+00
0	140	R2	5.115090e+01	5.115090e+01	3.715369e-08	6.034916e-15	2.354773e+00
0	147	R2	5.399568e+01	5.399568e+01	3.923545e-08	1.218547e-15	5.831067e+00
0	148	R2	4.284490e+01	4.284490e+01	3.106984e-08	-2.977478e-15	2.386391e+00
0	149	R2	4.156276e+01	4.156276e+01	3.012974e-08	4.197159e-15	1.692914e+00
0	150	R2	4.032258e+01	4.032258e+01	2.922009e-08	0.000000e+00	3.089230e+00
0	151	R2	4.280822e+01	4.280822e+01	3.104295e-08	0.000000e+00	4.581359e+00
0	152	R2	3.477051e+01	3.477051e+01	2.514308e-08	0.000000e+00	1.934382e+00
0	153	R2	3.783579e+01	3.783579e+01	2.739502e-08	-5.514956e-14	1.288392e-01
0	154	R2	4.258944e+01	4.258944e+01	3.088256e-08	4.896620e-15	2.902176e+00
0	155	R2	4.456328e+01	4.456328e+01	3.232934e-08	0.000000e+00	4.964715e+00
0	156	R2	3.982477e+01	3.982477e+01	2.885486e-08	2.133361e-15	3.330626e+00
0	157	R2	3.688676e+01	3.688676e+01	2.669810e-08	-2.748499e-15	2.585202e+00
0	158	R2	3.765060e+01	3.765060e+01	2.725905e-08	0.000000e+00	3.260406e+00
0	159	R2	2.819284e+01	2.819284e+01	2.029840e-08	-1.489914e-15	2.384509e+00
0	160	R2	4.177109e+01	4.177109e+01	3.028252e-08	-4.966205e-15	1.430756e+00
0	165	R2	4.510600e+01	4.510600e+01	3.272702e-08	0.000000e+00	4.069102e+00
0	167	R2	3.960396e+01	3.960396e+01	2.869284e-08	-3.020103e-15	2.352711e+00
0	168	R2	2.008839e+01	2.008839e+01	1.428621e-08	5.869198e-15	1.210630e+00
0	169	R2	2.751032e+01	2.751032e+01	1.979438e-08	-1.564760e-15	2.270453e+00
0	170	R2	2.227668e+01	2.227668e+01	1.591680e-08	-2.105622e-15	1.687251e+00
0	171	R2	1.835536e+01	1.835536e+01	1.298911e-08	0.000000e+00	1.044450e+00
0	172	R2	1.776830e+01	1.776830e+01	1.254830e-08	0.000000e+00	2.841413e-02
0	173	R2	1.521838e+01	1.521838e+01	1.062272e-08	1.111589e-15	1.598035e+00
0	174	R2	1.397624e+01	1.397624e+01	9.676503e-09	0.000000e+00	1.386881e+00
0	175	R2	2.008839e+01	2.008839e+01	1.428621e-08	6.288426e-15	1.129921e+00
0	176	R2	1.535862e+01	1.535862e+01	1.072916e-08	0.000000e+00	1.651211e+00
0	177	R2	3.061849e+01	3.061849e+01	2.208738e-08	1.114586e-14	1.593737e+00
0	179	R2	3.856537e+01	3.856537e+01	2.793062e-08	-3.981200e-15	1.784745e+00
0	180	R2	3.875969e+01	3.875969e+01	2.807325e-08	7.628478e-15	9.314344e-01
0	181	R2	3.628447e+01	3.628447e+01	2.625568e-08	0.000000e+00	2.369813e+00
0	182	R2	3.669725e+01	3.669725e+01	2.655890e-08	0.000000e+00	1.616026e+00
0	183	R2	3.886514e+01	3.886514e+01	2.815065e-08	2.613348e-15	2.718898e+00
0	184	R2	4.528986e+01	4.528986e+01	3.286173e-08	-2.474345e-15	2.871639e+00
0	185	R2	3.944773e+01	3.944773e+01	2.857820e-08	-3.044072e-15	2.334185e+00
0	186	R2	3.757986e+01	3.757986e+01	2.720710e-08	0.000000e+00	1.977144e+00
0	187	R2	3.576538e+01	3.576538e+01	2.587428e-08	-5.290238e-15	2.686241e+00
0	188	R2	4.159734e+01	4.159734e+01	3.015510e-08	-1.710992e-15	4.152812e+00
0	189	R2	3.949447e+01	3.949447e+01	2.861250e-08	-2.679592e-15	2.651682e+00
0	190	R2	3.707824e+01	3.707824e+01	2.683873e-08	6.460440e-15	2.199673e+00
0	191	R2	4.743833e+01	4.743833e+01	3.443556e-08	0.000000e+00	3.825672e+00
0	193	R2	3.333333e+01	3.333333e+01	2.408617e-08	0.000000e+00	4.666667e+00
0	194	R2	3.728561e+01	3.728561e+01	2.699102e-08	0.000000e+00	1.529238e+00
0	195	R2	3.824092e+01	3.824092e+01	2.769245e-08	-2.024521e-15	3.509683e+00
0	196	R2	4.798464e+01	4.798464e+01	3.483565e-08	2.805388e-15	2.532779e+00
0	197	R2	3.421143e+01	3.421143e+01	2.473201e-08	0.000000e+00	2.223801e+00
0	198	R2	3.313453e+01	3.313453e+01	2.393990e-08	0.000000e+00	5.709063e+00
0	199	R2	4.045307e+01	4.045307e+01	2.931582e-08	0.000000e+00	3.436548e+00
0	200	R2	3.709199e+01	3.709199e+01	2.684883e-08	3.972708e-15	1.788560e+00
0	201	R2	3.495281e+01	3.495281e+01	2.527709e-08	-4.154300e-15	1.710379e+00
0	202	R2	3.537319e+01	3.537319e+01	2.558607e-08	2.988741e-15	2.377398e+00
0	203	R2	3.507541e+01	3.507541e+01	2.536720e-08	0.000000e+00	7.012622e+00
0	204	R2	4.196391e+01	4.196391e+01	3.042391e-08	2.123659e-15	3.345843e+00
0	205	R2	5.027652e+01	5.027652e+01	3.651367e-08	0.000000e+00	2.780501e+00
0	209	R2	4.293688e+01	4.293688e+01	3.113727e-08	-4.282394e-15	4.977655e+00
0	211	R2	2.692515e+01	2.692515e+01	1.936200e-08	-9.424117e-16	3.769811e+00
0	212	R2	5.050505e+01	5.050505e+01	3.668096e-08	-2.871765e-15	2.474237e+00
0	213	R2	4.597701e+01	4.597701e+01	3.336517e-08	2.400937e-15	2.959440e+00
0	214	R2	4.246285e+01	4.246285e+01	3.078974e-08	0.000000e+00	2.344021e+00
0	215	R2	4.492363e+01	4.492363e+01	3.259339e-08	-3.642200e-15	5.852584e+00
0	216	R2	4.761905e+01	4.761905e+01	3.456791e-08	0.000000e+00	4.308390e-01
0	217	R2	4.061738e+01	4.061738e+01	2.943635e-08	1.722766e-14	4.124430e-01
0	218	R2	4.003203e+01	4.003203e+01	2.900693e-08	2.771118e-15	2.564101e+00
0	219	R2	3.874467e+01	3.874467e+01	2.806223e-08	3.155549e-15	2.251724e+00
0	220	R2	4.498426e+01	4.498426e+01	3.263781e-08	4.035988e-15	1.760517e+00
0	221	R2	3.303601e+01	3.303601e+01	2.386742e-08	-2.034535e-15	3.492409e+00
0	222	R2	3.193868e+01	3.193868e+01	2.305977e-08	1.024348e-15	3.468269e+00
0	223	R2	4.299226e+01	4.299226e+01	3.117787e-08	0.000000e+00	2.033168e+00
0	224	R2	4.083299e+01	4.083299e+01	2.959451e-08	0.000000e+00	2.334267e+00
0	226	R2	4.723666e+01	4.723666e+01	3.428785e-08	1.516396e-15	4.685733e+00
0	227	R2	3.915427e+01	3.915427e+01	2.836285e-08	0.000000e+00	2.299585e+00
0	228	R2	4.068348e+01	4.068348e+01	2.948484e-08	1.192481e-15	5.958525e+00
0	231	R2	3.681885e+01	3.681885e+01	2.664822e-08	-1.115198e-15	6.371451e+00
0	232	R2	3.996803e+01	3.996803e+01	2.895997e-08	0.000000e+00	2.236420e+00
0	234	R2	3.759398e+01	3.759398e+01	2.721747e-08	2.094798e-14	3.391938e-01
0	235	R2	2.900232e+01	2.900232e+01	2.089579e-08	1.689486e-15	2.102836e+00
0	236	R2	4.545455e+01	4.545455e+01	3.298240e-08	2.292685e-15	3.099174e+00
0	237	R2	4.589261e+01	4.589261e+01	3.330334e-08	2.409776e-15	2.948584e+00
0	239	R2	3.572705e+01	3.572705e+01	2.584611e-08	0.000000e+00	2.042275e+00
0	240	R2	3.466205e+01	3.466205e+01	2.506333e-08	0.000000e+00	1.441749e+00
0	241	R2	4.081633e+01	4.081633e+01	2.958228e-08	0.000000e+00	2.665556e+00
0	242	R2	4.502476e+01	4.502476e+01	3.266750e-08	0.000000e+00	4.662627e+00
0	243	R2	3.632401e+01	3.632401e+01	2.628473e-08	1.252374e-15	5.673565e+00
0	244	R2	4.277160e+01	4.277160e+01	3.101610e-08	-2.774286e-15	2.561174e+00
0	245	R2	4.531038e+01	4.531038e+01	3.287677e-08	0.000000e+00	3.284848e+00
0	246	R2	5.313496e+01	5.313496e+01	3.860568e-08	-3.226524e-15	2.202193e+00
0	247	R2	4.149378e+01	4.149378e+01	3.007915e-08	0.000000e+00	1.256865e+00
0	248	R2	3.635042e+01	3.635042e+01	2.630413e-08	0.000000e+00	2.642706e+00


1	4	NOE	4.530000e-01	4.530000e-01	1.624253e-09	-4.163336e-15	4.000000e-02
1	5	NOE	6.670000e-01	6.670000e-01	2.511662e-09	0.000000e+00	6.000000e-02
1	6	NOE	7.210000e-01	7.210000e-01	3.069626e-09	-1.850372e-15	6.000000e-02
1	8	NOE	8.380000e-01	8.344307e-01	2.534041e-05	2.766930e-02	1.290000e-01
1	9	NOE	1.080000e+00	8.344307e-01	2.325412e-05	1.427729e+00	1.720000e-01
1	10	NOE	8.200000e-01	8.200000e-01	8.698455e-09	0.000000e+00	1.650000e-01
1	11	NOE	9.630000e-01	8.344307e-01	2.376836e-05	1.494992e+00	8.600000e-02
1	12	NOE	7.850000e-01	7.850000e-01	4.682311e-09	-5.635650e-16	1.970000e-01
1	13	NOE	1.030000e+00	8.344307e-01	1.786889e-05	1.603027e+00	1.220000e-01
1	14	NOE	7.450000e-01	7.450000e-01	3.466095e-09	1.018553e-15	1.090000e-01
1	15	NOE	9.170000e-01	8.344307e-01	2.812153e-05	1.045182e+00	7.900000e-02
1	16	NOE	8.670000e-01	8.344307e-01	2.669689e-05	6.646804e-01	4.900000e-02
1	17	NOE	7.740000e-01	7.740000e-01	4.229762e-09	1.110223e-15	1.000000e-01
1	18	NOE	7.210000e-01	7.210000e-01	3.069626e-09	-1.156482e-15	9.600000e-02
1	19	NOE	7.920000e-01	7.920000e-01	5.057606e-09	0.000000e+00	7.600000e-02
1	20	NOE	9.530000e-01	8.344307e-01	3.602413e-05	7.057699e-01	1.680000e-01
1	21	NOE	8.680000e-01	8.344307e-01	2.986049e-05	2.562545e-01	1.310000e-01
1	22	NOE	8.520000e-01	8.344307e-01	2.660826e-05	1.739539e-01	1.010000e-01
1	23	NOE	7.240000e-01	7.240000e-01	3.112059e-09	0.000000e+00	7.200000e-02
1	24	NOE	7.520000e-01	7.520000e-01	3.613005e-09	0.000000e+00	6.900000e-02
1	26	NOE	9.460000e-01	8.344307e-01	2.537513e-05	1.186908e+00	9.400000e-02
1	27	NOE	7.600000e-01	7.600000e-01	3.805509e-09	0.000000e+00	9.800000e-02
1	28	NOE	8.740000e-01	8.344307e-01	2.247786e-05	3.440812e-01	1.150000e-01
1	29	NOE	8.180000e-01	8.180000e-01	8.150141e-09	1.132881e-15	9.800000e-02
1	30	NOE	6.900000e-01	6.900000e-01	2.711117e-09	0.000000e+00	7.600000e-02
1	31	NOE	7.360000e-01	7.360000e-01	3.300611e-09	0.000000e+00	6.600000e-02
1	32	NOE	7.070000e-01	7.070000e-01	2.891678e-09	2.467162e-15	4.500000e-02
1	33	NOE	6.690000e-01	6.690000e-01	2.527356e-09	1.110223e-14	4.000000e-02
1	34	NOE	6.190000e-01	6.190000e-01	2.202478e-09	3.581365e-15	6.200000e-02
1	35	NOE	7.060000e-01	7.060000e-01	2.880083e-09	0.000000e+00	8.500000e-02
1	36	NOE	7.720000e-01	7.720000e-01	4.160563e-09	0.000000e+00	9.300000e-02
1	37	NOE	5.340000e-01	5.340000e-01	1.847281e-09	0.000000e+00	5.200000e-02
1	38	NOE	8.390000e-01	8.344307e-01	1.739019e-05	7.878176e-02	5.800000e-02
1	39	NOE	7.670000e-01	7.670000e-01	4.001181e-09	-2.413528e-15	4.600000e-02
1	40	NOE	7.920000e-01	7.920000e-01	5.057606e-09	0.000000e+00	1.460000e-01
1	42	NOE	9.210000e-01	8.344307e-01	2.074780e-05	7.214112e-01	1.200000e-01
1	43	NOE	8.710000e-01	8.344307e-01	2.778991e-05	2.437956e-01	1.500000e-01
1	46	NOE	4.840000e-01	4.840000e-01	1.700659e-09	-2.581914e-15	4.300000e-02
1	47	NOE	7.500000e-01	7.500000e-01	3.569183e-09	0.000000e+00	1.370000e-01
1	48	NOE	9.810000e-01	8.344307e-01	3.288165e-05	9.335627e-01	1.570000e-01
1	49	NOE	8.870000e-01	8.344307e-01	2.760709e-05	3.458509e-01	1.520000e-01
1	50	NOE	7.880000e-01	7.880000e-01	4.832769e-09	-1.670831e-08	8.200000e-02
1	51	NOE	9.760000e-01	8.344307e-01	2.160854e-05	7.693986e-01	1.840000e-01
1	52	NOE	8.380000e-01	8.344307e-01	2.534041e-05	2.586478e-02	1.380000e-01
1	53	NOE	7.080000e-01	7.080000e-01	2.903409e-09	3.127389e-15	7.100000e-02
1	54	NOE	6.590000e-01	6.590000e-01	2.451558e-09	0.000000e+00	7.400000e-02
1	55	NOE	9.040000e-01	8.344307e-01	2.257626e-05	6.382508e-01	1.090000e-01
1	56	NOE	8.630000e-01	8.344307e-01	2.198180e-05	4.081334e-01	7.000000e-02
1	57	NOE	8.120000e-01	8.120000e-01	6.970975e-09	-1.304507e-08	5.100000e-02
1	58	NOE	7.650000e-01	7.650000e-01	3.942281e-09	1.290957e-15	8.600000e-02
1	59	NOE	9.120000e-01	8.344307e-01	3.473693e-05	1.048234e+00	7.400000e-02
1	60	NOE	8.700000e-01	8.344307e-01	1.425039e-05	5.928224e-01	6.000000e-02
1	61	NOE	7.240000e-01	7.240000e-01	3.112059e-09	0.000000e+00	6.700000e-02
1	62	NOE	7.500000e-01	7.500000e-01	3.569183e-09	0.000000e+00	9.200000e-02
1	63	NOE	7.510000e-01	7.510000e-01	3.590899e-09	1.261617e-15	8.800000e-02
1	64	NOE	8.330000e-01	8.330000e-01	2.766418e-08	-8.103818e-16	1.370000e-01
1	65	NOE	1.050000e+00	8.344307e-01	3.007756e-05	1.858356e+00	1.160000e-01
1	66	NOE	7.310000e-01	7.310000e-01	3.218095e-09	-3.465120e-08	8.700000e-02
1	67	NOE	7.400000e-01	7.400000e-01	3.371255e-09	0.000000e+00	1.030000e-01
1	71	NOE	7.510000e-01	7.510000e-01	3.590899e-09	1.820038e-15	6.100000e-02
1	72	NOE	8.690000e-01	8.344307e-01	2.821720e-05	4.735526e-01	7.300000e-02
1	73	NOE	8.530000e-01	8.344307e-01	2.403161e-05	3.094890e-01	6.000000e-02
1	74	NOE	8.180000e-01	8.180000e-01	8.150141e-09	1.353931e-15	8.200000e-02
1	75	NOE	7.650000e-01	7.650000e-01	3.942281e-09	6.380592e-16	1.740000e-01
1	76	NOE	8.040000e-01	8.040000e-01	5.979811e-09	0.000000e+00	1.060000e-01
1	77	NOE	8.900000e-01	8.344307e-01	2.125429e-05	4.832117e-01	1.150000e-01
1	78	NOE	8.690000e-01	8.344307e-01	2.821720e-05	3.973487e-01	8.700000e-02
1	79	NOE	7.990000e-01	7.990000e-01	5.538869e-09	1.387779e-15	8.000000e-02
1	81	NOE	1.010000e+00	8.344307e-01	2.203829e-05	9.096857e-01	1.930000e-01
1	82	NOE	6.700000e-01	6.700000e-01	2.535309e-09	-1.057355e-15	1.050000e-01
1	84	NOE	8.580000e-01	8.344307e-01	2.061991e-05	1.870583e-01	1.260000e-01
1	85	NOE	8.960000e-01	8.344307e-01	1.988824e-05	6.996516e-01	8.800000e-02
1	87	NOE	8.570000e-01	8.344307e-01	2.016922e-05	3.134631e-01	7.200000e-02
1	88	NOE	6.570000e-01	6.570000e-01	2.437163e-09	0.000000e+00	8.300000e-02
1	89	NOE	7.780000e-01	7.780000e-01	4.378991e-09	0.000000e+00	9.900000e-02
1	90	NOE	7.790000e-01	7.790000e-01	4.418789e-09	-9.175397e-16	1.210000e-01
1	94	NOE	9.120000e-01	8.344307e-01	3.473693e-05	3.658931e-01	2.120000e-01
1	95	NOE	8.200000e-01	8.200000e-01	8.698455e-09	0.000000e+00	1.150000e-01
1	97	NOE	9.330000e-01	8.344307e-01	4.864891e-05	5.730776e-01	1.720000e-01
1	98	NOE	9.800000e-01	8.344307e-01	1.639404e-05	7.351987e-01	1.980000e-01
1	100	NOE	6.890000e-01	6.890000e-01	2.701484e-09	1.067522e-15	1.040000e-01
1	101	NOE	6.530000e-01	6.530000e-01	2.409080e-09	0.000000e+00	1.220000e-01
1	102	NOE	6.880000e-01	6.880000e-01	2.691948e-09	5.752451e-16	1.930000e-01
1	103	NOE	8.660000e-01	8.344307e-01	2.554700e-05	3.323088e-01	9.500000e-02
1	104	NOE	9.160000e-01	8.344307e-01	1.846745e-05	1.148864e+00	7.100000e-02
1	105	NOE	8.020000e-01	8.020000e-01	5.791250e-09	0.000000e+00	8.500000e-02
1	106	NOE	7.130000e-01	7.130000e-01	2.964200e-09	-1.405346e-15	7.900000e-02
1	107	NOE	7.640000e-01	7.640000e-01	3.913771e-09	0.000000e+00	8.800000e-02
1	108	NOE	9.890000e-01	8.344307e-01	3.123143e-05	1.380083e+00	1.120000e-01
1	109	NOE	7.800000e-01	7.800000e-01	4.459675e-09	9.570888e-16	1.160000e-01
1	110	NOE	8.800000e-01	8.344307e-01	2.377074e-05	6.075912e-01	7.500000e-02
1	111	NOE	7.130000e-01	7.130000e-01	2.964200e-09	-1.609019e-15	6.900000e-02
1	115	NOE	8.510000e-01	8.344307e-01	2.598583e-05	2.761557e-01	6.000000e-02
1	118	NOE	9.400000e-01	8.344307e-01	2.920178e-05	1.353453e+00	7.800000e-02
1	119	NOE	7.870000e-01	7.870000e-01	4.781038e-09	-1.817258e-08	7.700000e-02
1	120	NOE	8.050000e-01	8.050000e-01	6.081204e-09	0.000000e+00	8.200000e-02
1	121	NOE	6.910000e-01	6.910000e-01	2.720850e-09	-1.708035e-15	6.500000e-02
1	122	NOE	6.340000e-01	6.340000e-01	2.287226e-09	-6.608470e-16	1.680000e-01
1	128	NOE	7.290000e-01	7.290000e-01	3.186732e-09	-1.321694e-15	8.400000e-02
1	130	NOE	1.260000e+00	8.344307e-01	2.591926e-05	1.297468e+00	3.280000e-01
1	131	NOE	5.860000e-01	5.860000e-01	2.043419e-09	1.018553e-15	1.090000e-01
1	137	NOE	8.090000e-01	8.090000e-01	6.544802e-09	-7.552538e-16	1.470000e-01
1	139	NOE	6.960000e-01	6.960000e-01	2.771071e-09	0.000000e+00	1.770000e-01
1	140	NOE	6.790000e-01	6.790000e-01	2.610265e-09	0.000000e+00	8.200000e-02
1	147	NOE	1.160000e+00	8.344307e-01	2.178452e-05	1.261897e+00	2.580000e-01
1	148	NOE	9.700000e-01	8.344307e-01	1.971724e-05	1.111224e+00	1.220000e-01
1	149	NOE	9.380000e-01	8.344307e-01	3.434705e-05	9.770692e-01	1.060000e-01
1	150	NOE	9.060000e-01	8.344307e-01	2.970253e-05	7.533615e-01	9.500000e-02
1	151	NOE	7.370000e-01	7.370000e-01	3.317866e-09	6.454785e-16	1.720000e-01
1	152	NOE	7.500000e-01	7.500000e-01	3.569183e-09	0.000000e+00	7.100000e-02
1	153	NOE	9.190000e-01	8.344307e-01	2.961273e-05	5.997826e-01	1.410000e-01
1	154	NOE	6.750000e-01	6.750000e-01	2.576177e-09	0.000000e+00	6.500000e-02
1	155	NOE	8.010000e-01	8.010000e-01	5.703366e-09	6.769653e-16	1.640000e-01
1	156	NOE	2.640000e-01	2.640000e-01	1.298697e-09	0.000000e+00	8.900000e-02
1	157	NOE	4.050000e-01	4.050000e-01	1.522234e-09	0.000000e+00	1.010000e-01
1	158	NOE	7.480000e-01	7.480000e-01	3.526882e-09	0.000000e+00	1.190000e-01
1	159	NOE	3.940000e-01	3.940000e-01	1.501161e-09	-2.312965e-15	9.600000e-02
1	160	NOE	7.390000e-01	7.390000e-01	3.353181e-09	0.000000e+00	4.700000e-02
1	165	NOE	9.040000e-01	8.344307e-01	2.257626e-05	5.078054e-01	1.370000e-01
1	167	NOE	5.260000e-01	5.260000e-01	1.821505e-09	0.000000e+00	6.500000e-02
1	168	NOE	4.140000e-01	4.140000e-01	1.540065e-09	-1.110223e-14	2.500000e-02
1	169	NOE	4.210000e-01	4.210000e-01	1.554322e-09	1.460820e-15	3.800000e-02
1	170	NOE	3.070000e-01	3.070000e-01	1.357644e-09	-1.460820e-15	3.800000e-02
1	171	NOE	4.330000e-01	4.330000e-01	1.579595e-09	-9.738798e-16	5.700000e-02
1	172	NOE	3.940000e-01	3.940000e-01	1.501161e-09	-2.810691e-15	7.900000e-02
1	173	NOE	3.390000e-01	3.390000e-01	1.406186e-09	1.682156e-15	9.900000e-02
1	174	NOE	1.930000e-01	1.930000e-01	1.214085e-09	1.290957e-15	4.300000e-02
1	175	NOE	4.140000e-01	4.140000e-01	1.540065e-09	-1.110223e-14	2.500000e-02
1	176	NOE	2.610000e-01	2.610000e-01	1.294823e-09	-4.165519e-07	3.600000e-02
1	177	NOE	6.070000e-01	6.070000e-01	2.140714e-09	-3.640075e-15	6.100000e-02
1	179	NOE	7.990000e-01	7.990000e-01	5.538869e-09	1.247442e-15	8.900000e-02
1	180	NOE	8.080000e-01	8.080000e-01	6.419111e-09	-1.500301e-15	7.400000e-02
1	181	NOE	9.330000e-01	8.344307e-01	4.864891e-05	8.283138e-01	1.190000e-01
1	182	NOE	9.950000e-01	8.344307e-01	1.628571e-05	1.543936e+00	1.040000e-01
1	183	NOE	8.590000e-01	8.344307e-01	1.832820e-05	3.509906e-01	7.000000e-02
1	184	NOE	6.850000e-01	6.850000e-01	2.663911e-09	0.000000e+00	8.700000e-02
1	185	NOE	8.980000e-01	8.344307e-01	2.212265e-05	6.171781e-01	1.030000e-01
1	186	NOE	7.180000e-01	7.180000e-01	3.028830e-09	0.000000e+00	8.600000e-02
1	187	NOE	7.710000e-01	7.710000e-01	4.127191e-09	1.306145e-15	8.500000e-02
1	188	NOE	1.020000e+00	8.344307e-01	4.091185e-05	1.066490e+00	1.740000e-01
1	189	NOE	7.940000e-01	7.940000e-01	5.182300e-09	0.000000e+00	7.700000e-02
1	190	NOE	9.500000e-01	8.344307e-01	4.425505e-05	1.298532e+00	8.900000e-02
1	191	NOE	7.750000e-01	7.750000e-01	4.265658e-09	8.953411e-16	1.240000e-01
1	193	NOE	9.300000e-01	8.344307e-01	2.408043e-05	5.369064e-01	1.780000e-01
1	194	NOE	8.440000e-01	8.344307e-01	1.955962e-05	8.178924e-02	1.170000e-01
1	195	NOE	7.770000e-01	7.770000e-01	4.340232e-09	-8.811294e-16	1.260000e-01
1	196	NOE	7.910000e-01	7.910000e-01	4.998504e-09	0.000000e+00	9.500000e-02
1	197	NOE	6.500000e-01	6.500000e-01	2.388613e-09	1.480297e-15	7.500000e-02
1	198	NOE	5.050000e-01	5.050000e-01	1.758265e-09	1.507090e-15	2.210000e-01
1	199	NOE	7.750000e-01	7.750000e-01	4.265658e-09	1.156482e-15	9.600000e-02
1	200	NOE	1.000000e+00	8.344307e-01	2.146411e-05	1.639300e+00	1.010000e-01
1	201	NOE	1.030000e+00	8.344307e-01	1.786889e-05	1.470446e+00	1.330000e-01
1	202	NOE	1.010000e+00	8.344307e-01	2.203829e-05	1.162711e+00	1.510000e-01
1	203	NOE	7.570000e-01	7.570000e-01	3.729850e-09	5.693451e-16	1.950000e-01
1	204	NOE	7.650000e-01	7.650000e-01	3.942281e-09	8.474985e-16	1.310000e-01
1	205	NOE	1.030000e+00	8.344307e-01	1.786889e-05	1.827751e+00	1.070000e-01
1	209	NOE	8.160000e-01	8.160000e-01	7.693598e-09	0.000000e+00	1.370000e-01
1	211	NOE	6.120000e-01	6.120000e-01	2.165851e-09	7.026728e-16	1.580000e-01
1	212	NOE	6.730000e-01	6.730000e-01	2.559605e-09	0.000000e+00	6.100000e-02
1	213	NOE	7.930000e-01	7.930000e-01	5.118828e-09	0.000000e+00	7.200000e-02
1	214	NOE	7.420000e-01	7.420000e-01	3.408273e-09	-1.520853e-15	7.300000e-02
1	215	NOE	8.110000e-01	8.110000e-01	6.819867e-09	-3.007836e-09	2.310000e-01
1	216	NOE	7.680000e-01	7.680000e-01	4.031619e-09	0.000000e+00	1.500000e-01
1	217	NOE	6.110000e-01	6.110000e-01	2.160757e-09	0.000000e+00	1.450000e-01
1	218	NOE	8.230000e-01	8.230000e-01	9.776613e-09	0.000000e+00	8.500000e-02
1	219	NOE	6.820000e-01	6.820000e-01	2.636696e-09	-1.609019e-15	6.900000e-02
1	220	NOE	9.340000e-01	8.344307e-01	2.440590e-05	1.016014e+00	9.800000e-02
1	221	NOE	8.390000e-01	8.344307e-01	1.739019e-05	4.615497e-02	9.900000e-02
1	222	NOE	7.470000e-01	7.470000e-01	3.506275e-09	0.000000e+00	1.090000e-01
1	223	NOE	6.850000e-01	6.850000e-01	2.663911e-09	0.000000e+00	6.400000e-02
1	224	NOE	7.860000e-01	7.860000e-01	4.730913e-09	-2.232006e-08	6.400000e-02
1	226	NOE	9.050000e-01	8.344307e-01	2.544169e-05	7.929139e-01	8.900000e-02
1	227	NOE	7.940000e-01	7.940000e-01	5.182300e-09	0.000000e+00	7.200000e-02
1	228	NOE	9.430000e-01	8.344307e-01	1.745401e-05	3.863678e-01	2.810000e-01
1	231	NOE	8.400000e-01	8.344307e-01	1.611966e-05	2.690504e-02	2.070000e-01
1	232	NOE	7.950000e-01	7.950000e-01	5.248166e-09	0.000000e+00	8.100000e-02
1	234	NOE	7.270000e-01	7.270000e-01	3.156243e-09	7.501507e-16	1.480000e-01
1	235	NOE	8.880000e-01	8.344307e-01	3.699592e-05	2.747146e-01	1.950000e-01
1	236	NOE	9.200000e-01	8.344307e-01	2.132019e-05	6.291863e-01	1.360000e-01
1	237	NOE	6.910000e-01	6.910000e-01	2.720850e-09	-1.820038e-15	6.100000e-02
1	239	NOE	7.100000e-01	7.100000e-01	2.927289e-09	0.000000e+00	7.000000e-02
1	240	NOE	6.120000e-01	6.120000e-01	2.165851e-09	1.088454e-15	1.020000e-01
1	241	NOE	6.610000e-01	6.610000e-01	2.466198e-09	1.387779e-15	8.000000e-02
1	242	NOE	1.300000e+00	8.344307e-01	1.836223e-05	2.293445e+00	2.030000e-01
1	243	NOE	6.790000e-01	6.790000e-01	2.610265e-09	0.000000e+00	1.270000e-01
1	244	NOE	8.120000e-01	8.120000e-01	6.970975e-09	-6.522533e-09	1.020000e-01
1	245	NOE	7.420000e-01	7.420000e-01	3.408273e-09	-1.276118e-15	8.700000e-02
1	246	NOE	6.970000e-01	6.970000e-01	2.781440e-09	1.563694e-15	7.100000e-02
1	247	NOE	6.520000e-01	6.520000e-01	2.402202e-09	1.441848e-15	7.700000e-02
1	248	NOE	3.750000e-01	3.750000e-01	1.466500e-09	0.000000e+00	3.900000e-02


2	4	R1	6.009615e-01	6.009615e-01	2.365921e-08	-5.123487e-15	2.166929e-02
2	5	R1	4.699248e-01	4.699248e-01	3.039830e-08	-2.167033e-15	2.561620e-02
2	6	R1	4.271679e-01	4.271679e-01	3.348339e-08	1.913313e-15	2.901311e-02
2	8	R1	3.095017e-01	3.095017e-01	4.634477e-08	0.000000e+00	6.178539e-02
2	9	R1	5.977286e-01	5.977286e-01	2.379027e-08	-1.181534e-15	9.396451e-02
2	10	R1	5.032713e-01	5.032713e-01	2.835362e-08	2.010710e-15	5.521547e-02
2	11	R1	3.765060e-01	3.765060e-01	3.803976e-08	0.000000e+00	3.501393e-02
2	12	R1	7.434944e-01	7.434944e-01	1.899982e-08	1.115790e-15	9.950111e-02
2	13	R1	3.738318e-01	3.738318e-01	3.831441e-08	1.465745e-15	3.787230e-02
2	14	R1	4.741584e-01	4.741584e-01	3.012291e-08	0.000000e+00	5.598171e-02
2	15	R1	4.180602e-01	4.180602e-01	3.422152e-08	1.076665e-15	5.155843e-02
2	16	R1	4.510600e-01	4.510600e-01	3.168786e-08	2.872024e-15	1.932824e-02
2	17	R1	3.539823e-01	3.539823e-01	4.048206e-08	1.690892e-15	3.282951e-02
2	18	R1	2.893519e-01	2.893519e-01	4.959167e-08	1.389982e-15	3.993658e-02
2	19	R1	3.706449e-01	3.706449e-01	3.864685e-08	-7.871630e-15	2.115616e-02
2	20	R1	5.091650e-01	5.091650e-01	2.801986e-08	0.000000e+00	5.884952e-02
2	21	R1	3.335557e-01	3.335557e-01	4.298091e-08	9.763884e-16	5.685356e-02
2	22	R1	4.081633e-01	4.081633e-01	3.506075e-08	1.034800e-15	5.364431e-02
2	23	R1	3.855050e-01	3.855050e-01	3.714342e-08	0.000000e+00	2.511579e-02
2	24	R1	3.456619e-01	3.456619e-01	4.146441e-08	0.000000e+00	3.799533e-02
2	26	R1	4.364906e-01	4.364906e-01	3.275953e-08	1.332597e-07	4.820259e-02
2	27	R1	3.903201e-01	3.903201e-01	3.668071e-08	3.023789e-15	3.671629e-02
2	28	R1	3.396739e-01	3.396739e-01	4.220105e-08	1.642057e-15	3.380586e-02
2	29	R1	3.828484e-01	3.828484e-01	3.740367e-08	-2.337823e-15	2.374481e-02
2	30	R1	4.582951e-01	4.582951e-01	3.118082e-08	8.443945e-16	6.574078e-02
2	31	R1	3.598417e-01	3.598417e-01	3.981742e-08	0.000000e+00	2.861641e-02
2	32	R1	4.805382e-01	4.805382e-01	2.971699e-08	6.410518e-15	1.731877e-02
2	33	R1	4.127115e-01	4.127115e-01	3.467010e-08	-6.267347e-15	8.857201e-03
2	34	R1	4.823927e-01	4.823927e-01	2.960099e-08	-5.022099e-15	2.210676e-02
2	35	R1	4.852014e-01	4.852014e-01	2.942699e-08	0.000000e+00	5.367584e-02
2	36	R1	5.257624e-01	5.257624e-01	2.711984e-08	0.000000e+00	3.676467e-02
2	37	R1	4.180602e-01	4.180602e-01	3.422152e-08	3.308502e-15	1.677834e-02
2	38	R1	4.498426e-01	4.498426e-01	3.177477e-08	0.000000e+00	2.043819e-02
2	39	R1	4.363002e-01	4.363002e-01	3.277401e-08	3.888196e-15	1.427684e-02
2	40	R1	3.935458e-01	3.935458e-01	3.637702e-08	-5.600278e-16	9.912213e-02
2	42	R1	5.173306e-01	5.173306e-01	2.756991e-08	1.060956e-15	1.046437e-01
2	43	R1	3.809524e-01	3.809524e-01	3.759162e-08	2.002652e-15	8.315646e-02
2	46	R1	4.784689e-01	4.784689e-01	2.984747e-08	8.753728e-16	6.341430e-02
2	47	R1	5.980861e-01	5.980861e-01	2.377571e-08	1.124537e-15	9.872714e-02
2	48	R1	3.189793e-01	3.189793e-01	4.495901e-08	8.445450e-16	6.572906e-02
2	49	R1	3.984064e-01	3.984064e-01	3.592868e-08	0.000000e+00	1.007921e-01
2	50	R1	3.416467e-01	3.416467e-01	4.195551e-08	-1.151531e-15	4.820639e-02
2	51	R1	7.230658e-01	7.230658e-01	1.955662e-08	0.000000e+00	1.411625e-01
2	52	R1	3.720238e-01	3.720238e-01	3.850231e-08	-6.763696e-16	8.207222e-02
2	53	R1	3.388682e-01	3.388682e-01	4.230215e-08	1.145539e-07	4.375086e-02
2	54	R1	3.900156e-01	3.900156e-01	3.670963e-08	1.392884e-15	3.985339e-02
2	55	R1	5.221932e-01	5.221932e-01	2.730859e-08	0.000000e+00	7.089830e-02
2	56	R1	4.310345e-01	4.310345e-01	3.317939e-08	0.000000e+00	3.790131e-02
2	57	R1	4.454343e-01	4.454343e-01	3.209341e-08	0.000000e+00	1.825388e-02
2	58	R1	4.642526e-01	4.642526e-01	3.077511e-08	0.000000e+00	4.978753e-02
2	59	R1	4.108463e-01	4.108463e-01	3.482926e-08	0.000000e+00	2.565680e-02
2	60	R1	3.883495e-01	3.883495e-01	3.686869e-08	0.000000e+00	1.870110e-02
2	61	R1	4.264392e-01	4.264392e-01	3.354128e-08	3.792015e-15	2.927792e-02
2	62	R1	5.396654e-01	5.396654e-01	2.640814e-08	-1.406669e-15	7.892570e-02
2	63	R1	4.120313e-01	4.120313e-01	3.472798e-08	1.362412e-15	4.074475e-02
2	64	R1	2.633658e-01	2.633658e-01	5.451037e-08	-1.569247e-15	7.074878e-02
2	65	R1	3.913894e-01	3.913894e-01	3.657948e-08	0.000000e+00	2.634794e-02
2	66	R1	2.503129e-01	2.503129e-01	5.736543e-08	0.000000e+00	4.285708e-02
2	67	R1	3.808073e-01	3.808073e-01	3.760607e-08	7.505843e-16	7.395725e-02
2	71	R1	4.440497e-01	4.440497e-01	3.219479e-08	4.504400e-15	2.464752e-02
2	72	R1	4.524887e-01	4.524887e-01	3.158646e-08	2.409973e-15	4.606785e-02
2	73	R1	4.752852e-01	4.752852e-01	3.005043e-08	3.613789e-15	3.072186e-02
2	74	R1	4.524887e-01	4.524887e-01	3.158646e-08	3.389025e-15	3.275936e-02
2	75	R1	3.074085e-01	3.074085e-01	4.666230e-08	0.000000e+00	1.767150e-01
2	76	R1	4.262575e-01	4.262575e-01	3.355576e-08	0.000000e+00	6.922596e-02
2	77	R1	3.992016e-01	3.992016e-01	3.585636e-08	-1.485432e-15	7.474074e-02
2	78	R1	4.142502e-01	4.142502e-01	3.453987e-08	0.000000e+00	4.393043e-02
2	79	R1	4.140787e-01	4.140787e-01	3.455434e-08	-2.258746e-15	7.372829e-02
2	81	R1	4.852014e-01	4.852014e-01	2.942699e-08	0.000000e+00	9.864113e-02
2	82	R1	3.471017e-01	3.471017e-01	4.129107e-08	7.903113e-16	7.023960e-02
2	84	R1	3.443526e-01	3.443526e-01	4.162330e-08	7.867858e-16	7.055434e-02
2	85	R1	5.125577e-01	5.125577e-01	2.783119e-08	0.000000e+00	3.730558e-02
2	87	R1	3.897116e-01	3.897116e-01	3.673855e-08	-1.286990e-15	4.313254e-02
2	88	R1	4.076641e-01	4.076641e-01	3.510415e-08	0.000000e+00	4.187988e-02
2	89	R1	4.557885e-01	4.557885e-01	3.135467e-08	-1.151769e-15	4.819642e-02
2	90	R1	5.096840e-01	5.096840e-01	2.799084e-08	1.933820e-15	5.741089e-02
2	94	R1	3.821169e-01	3.821169e-01	3.747596e-08	-4.746300e-16	1.169567e-01
2	95	R1	3.402518e-01	3.402518e-01	4.212883e-08	0.000000e+00	7.189396e-02
2	97	R1	4.719207e-01	4.719207e-01	3.026786e-08	0.000000e+00	9.799203e-02
2	98	R1	4.226543e-01	4.226543e-01	3.384524e-08	-5.499982e-16	1.009297e-01
2	100	R1	4.800768e-01	4.800768e-01	2.974598e-08	0.000000e+00	6.407170e-02
2	101	R1	4.366812e-01	4.366812e-01	3.274505e-08	-1.420029e-15	7.818310e-02
2	102	R1	5.518764e-01	5.518764e-01	2.581235e-08	0.000000e+00	1.157357e-01
2	103	R1	4.716981e-01	4.716981e-01	3.028235e-08	3.981213e-15	4.182983e-02
2	104	R1	4.591368e-01	4.591368e-01	3.112287e-08	-1.323253e-15	4.195052e-02
2	105	R1	2.688172e-01	2.688172e-01	5.339989e-08	0.000000e+00	4.097294e-02
2	106	R1	3.924647e-01	3.924647e-01	3.647825e-08	-3.232245e-15	3.434836e-02
2	107	R1	4.359198e-01	4.359198e-01	3.280297e-08	9.737463e-16	5.700782e-02
2	108	R1	3.831418e-01	3.831418e-01	3.737475e-08	1.500585e-15	3.699300e-02
2	109	R1	3.877472e-01	3.877472e-01	3.692653e-08	1.663144e-15	3.337723e-02
2	110	R1	4.301075e-01	4.301075e-01	3.325177e-08	-1.010345e-15	5.494277e-02
2	111	R1	4.506534e-01	4.506534e-01	3.171683e-08	-2.222234e-15	2.497989e-02
2	115	R1	4.389816e-01	4.389816e-01	3.257130e-08	0.000000e+00	2.794220e-02
2	118	R1	4.472272e-01	4.472272e-01	3.196306e-08	-2.151464e-15	2.580157e-02
2	119	R1	3.863988e-01	3.863988e-01	3.705667e-08	4.257246e-15	3.911765e-02
2	120	R1	4.053506e-01	4.053506e-01	3.530668e-08	-2.098421e-15	2.645377e-02
2	121	R1	4.662005e-01	4.662005e-01	3.064468e-08	-3.077207e-15	3.607892e-02
2	122	R1	4.591368e-01	4.591368e-01	3.112287e-08	-4.876433e-16	1.138356e-01
2	128	R1	4.299226e-01	4.299226e-01	3.326625e-08	-1.173167e-15	4.731736e-02
2	130	R1	5.211047e-01	5.211047e-01	2.736667e-08	-1.135684e-15	9.775805e-02
2	131	R1	5.081301e-01	5.081301e-01	2.807791e-08	2.311785e-15	4.802449e-02
2	137	R1	3.903201e-01	3.903201e-01	3.668071e-08	2.149655e-15	5.164657e-02
2	139	R1	8.326395e-01	8.326395e-01	1.688369e-08	8.340556e-16	1.331114e-01
2	140	R1	4.952947e-01	4.952947e-01	2.881786e-08	0.000000e+00	3.508031e-02
2	147	R1	3.946330e-01	3.946330e-01	3.627579e-08	0.000000e+00	1.219407e-01
2	148	R1	3.627131e-01	3.627131e-01	3.949952e-08	1.278615e-15	4.341506e-02
2	149	R1	4.113534e-01	4.113534e-01	3.478585e-08	0.000000e+00	4.687161e-02
2	150	R1	4.723666e-01	4.723666e-01	3.023887e-08	-1.275814e-15	4.351038e-02
2	151	R1	5.434783e-01	5.434783e-01	2.621926e-08	-9.737749e-16	1.140123e-01
2	152	R1	4.330879e-01	4.330879e-01	3.302014e-08	2.216904e-15	5.007989e-02
2	153	R1	3.694126e-01	3.694126e-01	3.877693e-08	-1.279174e-15	4.339609e-02
2	154	R1	3.907776e-01	3.907776e-01	3.663733e-08	0.000000e+00	2.840353e-02
2	155	R1	5.376344e-01	5.376344e-01	2.650983e-08	0.000000e+00	6.070066e-02
2	156	R1	4.019293e-01	4.019293e-01	3.561046e-08	0.000000e+00	3.069395e-02
2	157	R1	5.189414e-01	5.189414e-01	2.748281e-08	0.000000e+00	7.809704e-02
2	158	R1	3.597122e-01	3.597122e-01	3.983187e-08	7.809238e-08	6.806066e-02
2	159	R1	5.927682e-01	5.927682e-01	2.399410e-08	3.590523e-15	3.092093e-02
2	160	R1	3.611412e-01	3.611412e-01	3.967293e-08	-7.153345e-15	1.552033e-02
2	165	R1	3.645643e-01	3.645643e-01	3.929721e-08	1.800296e-15	6.166892e-02
2	167	R1	5.452563e-01	5.452563e-01	2.613207e-08	2.363479e-15	4.697410e-02
2	168	R1	9.451796e-01	9.451796e-01	1.476937e-08	0.000000e+00	3.126776e-02
2	169	R1	8.695652e-01	8.695652e-01	1.613138e-08	6.673954e-15	3.327032e-02
2	170	R1	9.389671e-01	9.389671e-01	1.487325e-08	0.000000e+00	2.556812e-02
2	171	R1	1.096491e+00	1.096491e+00	1.259023e-08	-1.273685e-14	3.486650e-02
2	172	R1	9.910803e-01	9.910803e-01	1.404081e-08	0.000000e+00	5.598769e-02
2	173	R1	1.107420e+00	1.107420e+00	1.245496e-08	2.235274e-15	9.933665e-02
2	174	R1	1.176471e+00	1.176471e+00	1.165555e-08	-4.583635e-15	4.844291e-02
2	175	R1	9.451796e-01	9.451796e-01	1.476937e-08	0.000000e+00	3.037439e-02
2	176	R1	1.095290e+00	1.095290e+00	1.260525e-08	1.028275e-14	2.159389e-02
2	177	R1	6.082725e-01	6.082725e-01	2.336791e-08	-2.190248e-15	5.068938e-02
2	179	R1	4.882812e-01	4.882812e-01	2.923847e-08	0.000000e+00	3.242493e-02
2	180	R1	4.321521e-01	4.321521e-01	3.309253e-08	-1.869433e-15	2.969412e-02
2	181	R1	3.960396e-01	3.960396e-01	3.614563e-08	0.000000e+00	3.685913e-02
2	182	R1	4.374453e-01	4.374453e-01	3.268714e-08	-5.950563e-15	3.731489e-02
2	183	R1	4.520796e-01	4.520796e-01	3.161543e-08	1.796805e-07	3.699204e-02
2	184	R1	4.280822e-01	4.280822e-01	3.341101e-08	8.581263e-16	6.468879e-02
2	185	R1	4.268032e-01	4.268032e-01	3.351234e-08	1.348393e-15	4.116839e-02
2	186	R1	3.828484e-01	3.828484e-01	3.740367e-08	1.183523e-15	4.690333e-02
2	187	R1	4.029009e-01	4.029009e-01	3.552367e-08	0.000000e+00	4.188091e-02
2	188	R1	3.267974e-01	3.267974e-01	4.387619e-08	7.249431e-16	7.657311e-02
2	189	R1	3.880481e-01	3.880481e-01	3.689761e-08	0.000000e+00	3.734417e-02
2	190	R1	4.500450e-01	4.500450e-01	3.176028e-08	1.343502e-15	4.131826e-02
2	191	R1	5.810575e-01	5.810575e-01	2.448896e-08	0.000000e+00	1.087162e-01
2	193	R1	3.407155e-01	3.407155e-01	4.207106e-08	-4.511184e-16	1.230523e-01
2	194	R1	3.988831e-01	3.988831e-01	3.588529e-08	1.026148e-15	5.409663e-02
2	195	R1	4.194631e-01	4.194631e-01	3.410575e-08	-5.941529e-16	9.342907e-02
2	196	R1	3.394433e-01	3.394433e-01	4.222993e-08	7.411948e-16	7.489415e-02
2	197	R1	3.810976e-01	3.810976e-01	3.757716e-08	1.698733e-07	3.311366e-02
2	198	R1	4.757374e-01	4.757374e-01	3.002143e-08	0.000000e+00	1.749500e-01
2	199	R1	4.566210e-01	4.566210e-01	3.129672e-08	-1.113962e-15	4.983216e-02
2	200	R1	4.739336e-01	4.739336e-01	3.013740e-08	1.335898e-15	4.155342e-02
2	201	R1	4.803074e-01	4.803074e-01	2.973149e-08	8.978564e-16	6.182631e-02
2	202	R1	3.947888e-01	3.947888e-01	3.626133e-08	2.290447e-15	4.847190e-02
2	203	R1	5.820722e-01	5.820722e-01	2.444530e-08	0.000000e+00	1.114678e-01
2	204	R1	2.833664e-01	2.833664e-01	5.064484e-08	-5.575218e-16	9.956768e-02
2	205	R1	4.293688e-01	4.293688e-01	3.330968e-08	0.000000e+00	4.369275e-02
2	209	R1	3.074085e-01	3.074085e-01	4.666230e-08	5.654444e-08	8.051401e-02
2	211	R1	4.743833e-01	4.743833e-01	3.010841e-08	6.308770e-16	8.799045e-02
2	212	R1	3.880481e-01	3.880481e-01	3.689761e-08	0.000000e+00	1.912383e-02
2	213	R1	3.679176e-01	3.679176e-01	3.893591e-08	0.000000e+00	5.428070e-02
2	214	R1	3.441156e-01	3.441156e-01	4.165219e-08	-2.741419e-15	2.024906e-02
2	215	R1	4.397537e-01	4.397537e-01	3.251338e-08	6.005280e-16	9.243724e-02
2	216	R1	4.952947e-01	4.952947e-01	2.881786e-08	-1.491979e-15	1.116192e-01
2	217	R1	6.016847e-01	6.016847e-01	2.363009e-08	1.053851e-15	2.106983e-01
2	218	R1	3.980892e-01	3.980892e-01	3.595761e-08	0.000000e+00	3.343822e-02
2	219	R1	4.420866e-01	4.420866e-01	3.233961e-08	0.000000e+00	3.576563e-02
2	220	R1	3.972984e-01	3.972984e-01	3.602992e-08	0.000000e+00	4.182919e-02
2	221	R1	4.498426e-01	4.498426e-01	3.177477e-08	0.000000e+00	7.183721e-02
2	222	R1	3.318951e-01	3.318951e-01	4.319752e-08	-9.366907e-16	5.926305e-02
2	223	R1	3.868472e-01	3.868472e-01	3.701329e-08	1.466158e-15	3.786164e-02
2	224	R1	4.480287e-01	4.480287e-01	3.190513e-08	-2.323923e-15	2.388683e-02
2	226	R1	3.498950e-01	3.498950e-01	4.095881e-08	0.000000e+00	3.305516e-02
2	227	R1	3.639010e-01	3.639010e-01	3.936946e-08	0.000000e+00	5.919351e-02
2	228	R1	3.891051e-01	3.891051e-01	3.679639e-08	-8.506859e-16	1.305092e-01
2	231	R1	7.473842e-01	7.473842e-01	1.889719e-08	-1.234516e-15	1.798638e-01
2	232	R1	3.783579e-01	3.783579e-01	3.785184e-08	0.000000e+00	4.495058e-02
2	234	R1	7.002801e-01	7.002801e-01	2.021527e-08	0.000000e+00	6.424138e-02
2	235	R1	5.109862e-01	5.109862e-01	2.791827e-08	7.947638e-16	1.396922e-01
2	236	R1	4.627487e-01	4.627487e-01	3.087654e-08	9.672862e-16	5.738855e-02
2	237	R1	3.763643e-01	3.763643e-01	3.805422e-08	3.407733e-15	3.257952e-02
2	239	R1	4.549591e-01	4.549591e-01	3.141262e-08	0.000000e+00	3.580888e-02
2	240	R1	4.089980e-01	4.089980e-01	3.498841e-08	-1.063612e-15	5.219115e-02
2	241	R1	4.486317e-01	4.486317e-01	3.186168e-08	1.585080e-15	3.502105e-02
2	242	R1	2.207018e-01	2.207018e-01	6.509157e-08	0.000000e+00	4.437417e-02
2	243	R1	5.257624e-01	5.257624e-01	2.711984e-08	0.000000e+00	9.564341e-02
2	244	R1	4.187605e-01	4.187605e-01	3.416363e-08	-1.041299e-15	5.330954e-02
2	245	R1	4.480287e-01	4.480287e-01	3.190513e-08	4.823490e-15	3.452551e-02
2	246	R1	3.462604e-01	3.462604e-01	4.139218e-08	-2.076203e-15	2.673687e-02
2	247	R1	4.071661e-01	4.071661e-01	3.514755e-08	2.700320e-15	4.111449e-02
2	248	R1	7.861635e-01	7.861635e-01	1.792839e-08	0.000000e+00	2.781239e-02


