4	3.340013e+01	2.565809e+00	4.530000e-01	4.000000e-02	6.009615e-01	2.166929e-02	3.332237e-02	
5	3.850597e+01	1.453055e+00	6.670000e-01	6.000000e-02	4.699248e-01	2.561620e-02	1.586260e-02	
6	4.490346e+01	2.621217e+00	7.210000e-01	6.000000e-02	4.271679e-01	2.901311e-02	1.208105e-02	
8	3.880481e+01	2.861045e+00	8.380000e-01	1.290000e-01	3.095017e-01	6.178539e-02	5.082529e-03	
9	4.089980e+01	3.345587e+00	1.080000e+00	1.720000e-01	5.977286e-01	9.396451e-02	-4.847255e-03	
10	3.313453e+01	2.305583e+00	8.200000e-01	1.650000e-01	5.032713e-01	5.521547e-02	9.182829e-03	
11	4.302926e+01	8.702131e-01	9.630000e-01	8.600000e-02	3.765060e-01	3.501393e-02	1.412133e-03	
12	3.152585e+01	5.366948e+00	7.850000e-01	1.970000e-01	7.434944e-01	9.950111e-02	1.620384e-02	
13	3.589375e+01	2.319051e+00	1.030000e+00	1.220000e-01	3.738318e-01	3.787230e-02	-1.136840e-03	
14	4.694836e+01	5.069541e+00	7.450000e-01	1.090000e-01	4.741584e-01	5.598171e-02	1.225647e-02	
15	3.734130e+01	1.533810e+00	9.170000e-01	7.900000e-02	4.180602e-01	5.155843e-02	3.517376e-03	
16	3.388682e+01	2.296633e+00	8.670000e-01	4.900000e-02	4.510600e-01	1.932824e-02	6.081179e-03	
17	4.251701e+01	2.711544e+00	7.740000e-01	1.000000e-01	3.539823e-01	3.282951e-02	8.109458e-03	
18	4.826255e+01	3.493910e+00	7.210000e-01	9.600000e-02	2.893519e-01	3.993658e-02	8.183372e-03	
19	4.349717e+01	2.081204e+00	7.920000e-01	7.600000e-02	3.706449e-01	2.115616e-02	7.814896e-03	
20	5.305040e+01	3.940083e+00	9.530000e-01	1.680000e-01	5.091650e-01	5.884952e-02	2.425818e-03	
21	4.514673e+01	4.076454e+00	8.680000e-01	1.310000e-01	3.335557e-01	5.685356e-02	4.463177e-03	
22	3.927730e+01	7.713531e-02	8.520000e-01	1.010000e-01	4.081633e-01	5.364431e-02	6.123468e-03	
23	4.739336e+01	2.470744e+00	7.240000e-01	7.200000e-02	3.855050e-01	2.511579e-02	1.078552e-02	
24	4.948046e+01	2.937979e+00	7.520000e-01	6.900000e-02	3.456619e-01	3.799533e-02	8.689706e-03	
26	4.985045e+01	1.764398e+00	9.460000e-01	9.400000e-02	4.364906e-01	4.820259e-02	2.389299e-03	
27	4.448399e+01	3.759767e+00	7.600000e-01	9.800000e-02	3.903201e-01	3.671629e-02	9.495852e-03	
28	3.720238e+01	2.491231e+00	8.740000e-01	1.150000e-01	3.396739e-01	3.380586e-02	4.338450e-03	
29	4.248088e+01	1.515885e+00	8.180000e-01	9.800000e-02	3.828484e-01	2.374481e-02	7.063176e-03	
30	3.799392e+01	2.742722e+00	6.900000e-01	7.600000e-02	4.582951e-01	6.574078e-02	1.440154e-02	
31	4.805382e+01	3.694671e+00	7.360000e-01	6.600000e-02	3.598417e-01	2.861641e-02	9.629799e-03	
32	3.789314e+01	2.297424e+00	7.070000e-01	4.500000e-02	4.805382e-01	1.731877e-02	1.427241e-02	
33	4.528986e+01	2.666522e+00	6.690000e-01	4.000000e-02	4.127115e-01	8.857201e-03	1.384766e-02	
34	3.503854e+01	2.087089e+00	6.190000e-01	6.200000e-02	4.823927e-01	2.210676e-02	1.863063e-02	
35	4.861449e+01	1.654358e+00	7.060000e-01	8.500000e-02	4.852014e-01	5.367584e-02	1.446010e-02	
36	3.411805e+01	1.862466e+00	7.720000e-01	9.300000e-02	5.257624e-01	3.676467e-02	1.215140e-02	
37	3.625816e+01	1.577585e+00	5.340000e-01	5.200000e-02	4.180602e-01	1.677834e-02	1.974816e-02	
38	4.743833e+01	2.700474e+00	8.390000e-01	5.800000e-02	4.498426e-01	2.043819e-02	7.341558e-03	
39	4.248088e+01	2.165551e+00	7.670000e-01	4.600000e-02	4.363002e-01	1.427684e-02	1.030488e-02	
40	3.456619e+01	2.748090e+00	7.920000e-01	1.460000e-01	3.935458e-01	9.912213e-02	8.297753e-03	
42	3.958828e+01	2.037402e+00	9.210000e-01	1.200000e-01	5.173306e-01	1.046437e-01	4.142830e-03	
43	4.024145e+01	2.105186e+00	8.710000e-01	1.500000e-01	3.809524e-01	8.315646e-02	4.981524e-03	
46	3.966680e+01	3.618946e+00	4.840000e-01	4.300000e-02	4.784689e-01	6.341430e-02	2.502680e-02	
47	4.960317e+01	8.119567e+00	7.500000e-01	1.370000e-01	5.980861e-01	9.872714e-02	1.515673e-02	
48	3.749531e+01	1.687078e-01	9.810000e-01	1.570000e-01	3.189793e-01	6.572906e-02	6.143529e-04	
49	4.533092e+01	3.287827e+00	8.870000e-01	1.520000e-01	3.984064e-01	1.007921e-01	4.563589e-03	
50	4.029009e+01	2.597266e+00	7.880000e-01	8.200000e-02	3.416467e-01	4.820639e-02	7.342010e-03	
51	4.344049e+01	6.982181e+00	9.760000e-01	1.840000e-01	7.230658e-01	1.411625e-01	1.759102e-03	
52	5.017561e+01	5.035185e+00	8.380000e-01	1.380000e-01	3.720238e-01	8.207222e-02	6.109246e-03	
53	3.961965e+01	6.278867e-02	7.080000e-01	7.100000e-02	3.388682e-01	4.375086e-02	1.003034e-02	
54	3.866976e+01	3.140236e+00	6.590000e-01	7.400000e-02	3.900156e-01	3.985339e-02	1.348150e-02	
55	3.802281e+01	2.024028e+00	9.040000e-01	1.090000e-01	5.221932e-01	7.089830e-02	5.081645e-03	
56	4.359198e+01	2.470339e+00	8.630000e-01	7.000000e-02	4.310345e-01	3.790131e-02	5.985968e-03	
57	4.139073e+01	1.884512e+00	8.120000e-01	5.100000e-02	4.454343e-01	1.825388e-02	8.488742e-03	
58	3.690037e+01	2.450947e+00	7.650000e-01	8.600000e-02	4.642526e-01	4.978753e-02	1.105921e-02	
59	4.476276e+01	2.204075e+00	9.120000e-01	7.400000e-02	4.108463e-01	2.565680e-02	3.664915e-03	
60	4.418913e+01	2.538483e+00	8.700000e-01	6.000000e-02	3.883495e-01	1.870110e-02	5.117619e-03	
61	3.904725e+01	1.829625e+00	7.240000e-01	6.700000e-02	4.264392e-01	2.927792e-02	1.193076e-02	
62	3.607504e+01	2.342535e+00	7.500000e-01	9.200000e-02	5.396654e-01	7.892570e-02	1.367623e-02	
63	3.912363e+01	3.214383e+00	7.510000e-01	8.800000e-02	4.120313e-01	4.074475e-02	1.039995e-02	
64	4.319654e+01	4.851448e+00	8.330000e-01	1.370000e-01	2.633658e-01	7.074878e-02	4.458386e-03	
65	3.960396e+01	2.823253e+00	1.050000e+00	1.160000e-01	3.913894e-01	2.634794e-02	-1.983723e-03	
66	4.206984e+01	2.300832e+00	7.310000e-01	8.700000e-02	2.503129e-01	4.285708e-02	6.825545e-03	
67	3.909304e+01	2.598052e+00	7.400000e-01	1.030000e-01	3.808073e-01	7.395725e-02	1.003646e-02	
71	4.321521e+01	2.614576e+00	7.510000e-01	6.100000e-02	4.440497e-01	2.464752e-02	1.120812e-02	
72	3.709199e+01	4.127447e-02	8.690000e-01	7.300000e-02	4.524887e-01	4.606785e-02	6.008705e-03	
73	4.835590e+01	3.039781e+00	8.530000e-01	6.000000e-02	4.752852e-01	3.072186e-02	7.082286e-03	
74	3.793627e+01	2.878321e+00	8.180000e-01	8.200000e-02	4.524887e-01	3.275936e-02	8.347971e-03	
75	5.561735e+01	6.495909e+00	7.650000e-01	1.740000e-01	3.074085e-01	1.767150e-01	7.322943e-03	
76	3.259452e+01	4.355852e+00	8.040000e-01	1.060000e-01	4.262575e-01	6.922596e-02	8.468957e-03	
77	4.918839e+01	4.355096e+00	8.900000e-01	1.150000e-01	3.992016e-01	7.474074e-02	4.451299e-03	
78	4.042037e+01	2.777471e+00	8.690000e-01	8.700000e-02	4.142502e-01	4.393043e-02	5.500927e-03	
79	5.094244e+01	2.854645e+00	7.990000e-01	8.000000e-02	4.140787e-01	7.372829e-02	8.436858e-03	
81	3.453039e+01	5.723269e+00	1.010000e+00	1.930000e-01	4.852014e-01	9.864113e-02	-4.918400e-04	
82	4.063389e+01	3.137115e+00	6.700000e-01	1.050000e-01	3.471017e-01	7.023960e-02	1.161108e-02	
84	3.827019e+01	3.222136e+00	8.580000e-01	1.260000e-01	3.443526e-01	7.055434e-02	4.956711e-03	
85	4.288165e+01	2.574370e+00	8.960000e-01	8.800000e-02	5.125577e-01	3.730558e-02	5.403534e-03	
87	3.816794e+01	2.039508e+00	8.570000e-01	7.200000e-02	3.897116e-01	4.313254e-02	5.649126e-03	
88	5.249344e+01	3.306673e+00	6.570000e-01	8.300000e-02	4.076641e-01	4.187988e-02	1.417420e-02	
89	4.017678e+01	2.421260e+00	7.780000e-01	9.900000e-02	4.557885e-01	4.819642e-02	1.025695e-02	
90	4.051864e+01	3.283520e+00	7.790000e-01	1.210000e-01	5.096840e-01	5.741089e-02	1.141813e-02	
94	3.861004e+01	5.068499e+00	9.120000e-01	2.120000e-01	3.821169e-01	1.169567e-01	3.408637e-03	
95	4.142502e+01	3.432065e+00	8.200000e-01	1.150000e-01	3.402518e-01	7.189396e-02	6.208329e-03	
97	4.156276e+01	2.936687e+00	9.330000e-01	1.720000e-01	4.719207e-01	9.799203e-02	3.205130e-03	
98	4.043672e+01	2.289179e-01	9.800000e-01	1.980000e-01	4.226543e-01	1.009297e-01	8.568743e-04	
100	4.198153e+01	2.291183e-01	6.890000e-01	1.040000e-01	4.800768e-01	6.407170e-02	1.513467e-02	
101	3.692762e+01	8.318260e+00	6.530000e-01	1.220000e-01	4.366812e-01	7.818310e-02	1.536016e-02	
102	4.175365e+01	5.927450e-01	6.880000e-01	1.930000e-01	5.518764e-01	1.157357e-01	1.745413e-02	
103	3.635042e+01	2.114165e+00	8.660000e-01	9.500000e-02	4.716981e-01	4.182983e-02	6.407237e-03	
104	3.721623e+01	2.631590e+00	9.160000e-01	7.100000e-02	4.591368e-01	4.195052e-02	3.909518e-03	
105	4.336513e+01	2.820802e+00	8.020000e-01	8.500000e-02	2.688172e-01	4.097294e-02	5.395405e-03	
106	4.149378e+01	2.754774e+00	7.130000e-01	7.900000e-02	3.924647e-01	3.434836e-02	1.141785e-02	
107	4.100041e+01	2.185344e+00	7.640000e-01	8.800000e-02	4.359198e-01	5.700782e-02	1.042847e-02	
108	3.988831e+01	1.591077e+00	9.890000e-01	1.120000e-01	3.831418e-01	3.699300e-02	4.272224e-04	
109	4.514673e+01	3.464986e+00	7.800000e-01	1.160000e-01	3.877472e-01	3.337723e-02	8.647154e-03	
110	4.372540e+01	2.676675e+00	8.800000e-01	7.500000e-02	4.301075e-01	5.494277e-02	5.231908e-03	
111	3.765060e+01	2.551622e+00	7.130000e-01	6.900000e-02	4.506534e-01	2.497989e-02	1.311072e-02	
115	4.240882e+01	2.697762e+00	8.510000e-01	6.000000e-02	4.389816e-01	2.794220e-02	6.630318e-03	
118	4.484305e+01	2.211989e+00	9.400000e-01	7.800000e-02	4.472272e-01	2.580157e-02	2.720078e-03	
119	4.068348e+01	3.144777e+00	7.870000e-01	7.700000e-02	3.863988e-01	3.911765e-02	8.342903e-03	
120	3.863988e+01	2.090256e+00	8.050000e-01	8.200000e-02	4.053506e-01	2.645377e-02	8.012486e-03	
121	4.239084e+01	3.054872e+00	6.910000e-01	6.500000e-02	4.662005e-01	3.607892e-02	1.460270e-02	
122	5.458515e+01	7.746801e+00	6.340000e-01	1.680000e-01	4.591368e-01	1.138356e-01	1.703433e-02	
128	4.246285e+01	3.245568e+00	7.290000e-01	8.400000e-02	4.299226e-01	4.731736e-02	1.181031e-02	
130	3.588088e+01	5.793468e+00	1.260000e+00	3.280000e-01	5.211047e-01	9.775805e-02	-1.373410e-02	
131	5.162623e+01	3.731374e+00	5.860000e-01	1.090000e-01	5.081301e-01	4.802449e-02	2.132441e-02	
137	3.769318e+01	3.267784e+00	8.090000e-01	1.470000e-01	3.903201e-01	5.164657e-02	7.557116e-03	
139	4.562044e+01	7.700530e+00	6.960000e-01	1.770000e-01	8.326395e-01	1.331114e-01	2.565857e-02	
140	5.115090e+01	2.354773e+00	6.790000e-01	8.200000e-02	4.952947e-01	3.508031e-02	1.611649e-02	
147	5.399568e+01	5.831067e+00	1.160000e+00	2.580000e-01	3.946330e-01	1.219407e-01	-6.400519e-03	
148	4.284490e+01	2.386391e+00	9.700000e-01	1.220000e-01	3.627131e-01	4.341506e-02	1.103027e-03	
149	4.156276e+01	1.692914e+00	9.380000e-01	1.060000e-01	4.113534e-01	4.687161e-02	2.585286e-03	
150	4.032258e+01	3.089230e+00	9.060000e-01	9.500000e-02	4.723666e-01	4.351038e-02	4.500998e-03	
151	4.280822e+01	4.581359e+00	7.370000e-01	1.720000e-01	5.434783e-01	1.140123e-01	1.448905e-02	
152	3.477051e+01	1.934382e+00	7.500000e-01	7.100000e-02	4.330879e-01	5.007989e-02	1.097534e-02	
153	3.783579e+01	1.288392e-01	9.190000e-01	1.410000e-01	3.694126e-01	4.339609e-02	3.033183e-03	
154	4.258944e+01	2.902176e+00	6.750000e-01	6.500000e-02	3.907776e-01	2.840353e-02	1.287404e-02	
155	4.456328e+01	4.964715e+00	8.010000e-01	1.640000e-01	5.376344e-01	6.070066e-02	1.084531e-02	
156	3.982477e+01	3.330626e+00	2.640000e-01	8.900000e-02	4.019293e-01	3.069395e-02	2.998674e-02	
157	3.688676e+01	2.585202e+00	4.050000e-01	1.010000e-01	5.189414e-01	7.809704e-02	3.129948e-02	
158	3.765060e+01	3.260406e+00	7.480000e-01	1.190000e-01	3.597122e-01	6.806066e-02	9.188774e-03	
159	2.819284e+01	2.384509e+00	3.940000e-01	9.600000e-02	5.927682e-01	3.092093e-02	3.641324e-02	
160	4.177109e+01	1.430756e+00	7.390000e-01	4.700000e-02	3.611412e-01	1.552033e-02	9.554751e-03	
165	4.510600e+01	4.069102e+00	9.040000e-01	1.370000e-01	3.645643e-01	6.166892e-02	3.547703e-03	
167	3.960396e+01	2.352711e+00	5.260000e-01	6.500000e-02	5.452563e-01	4.697410e-02	2.619877e-02	
168	2.008839e+01	1.210630e+00	4.140000e-01	2.500000e-02	9.451796e-01	3.126776e-02	5.614535e-02	
169	2.751032e+01	2.270453e+00	4.210000e-01	3.800000e-02	8.695652e-01	3.327032e-02	5.103670e-02	
170	2.227668e+01	1.687251e+00	3.070000e-01	3.800000e-02	9.389671e-01	2.556812e-02	6.596073e-02	
171	1.835536e+01	1.044450e+00	4.330000e-01	5.700000e-02	1.096491e+00	3.486650e-02	6.302169e-02	
172	1.776830e+01	2.841413e-02	3.940000e-01	7.900000e-02	9.910803e-01	5.598769e-02	6.088121e-02	
173	1.521838e+01	1.598035e+00	3.390000e-01	9.900000e-02	1.107420e+00	9.933665e-02	7.420199e-02	
174	1.397624e+01	1.386881e+00	1.930000e-01	4.300000e-02	1.176471e+00	4.844291e-02	9.624018e-02	
175	2.008839e+01	1.129921e+00	4.140000e-01	2.500000e-02	9.451796e-01	3.037439e-02	5.614535e-02	
176	1.535862e+01	1.651211e+00	2.610000e-01	3.600000e-02	1.095290e+00	2.159389e-02	8.204942e-02	
177	3.061849e+01	1.593737e+00	6.070000e-01	6.100000e-02	6.082725e-01	5.068938e-02	2.423219e-02	
179	3.856537e+01	1.784745e+00	7.990000e-01	8.900000e-02	4.882812e-01	3.242493e-02	9.948737e-03	
180	3.875969e+01	9.314344e-01	8.080000e-01	7.400000e-02	4.321521e-01	2.969412e-02	8.410847e-03	
181	3.628447e+01	2.369813e+00	9.330000e-01	1.190000e-01	3.960396e-01	3.685913e-02	2.689771e-03	
182	3.669725e+01	1.616026e+00	9.950000e-01	1.040000e-01	4.374453e-01	3.731489e-02	2.217153e-04	
183	3.886514e+01	2.718898e+00	8.590000e-01	7.000000e-02	4.520796e-01	3.699204e-02	6.461537e-03	
184	4.528986e+01	2.871639e+00	6.850000e-01	8.700000e-02	4.280822e-01	6.468879e-02	1.366909e-02	
185	3.944773e+01	2.334185e+00	8.980000e-01	1.030000e-01	4.268032e-01	4.116839e-02	4.412957e-03	
186	3.757986e+01	1.977144e+00	7.180000e-01	8.600000e-02	3.828484e-01	4.690333e-02	1.094404e-02	
187	3.576538e+01	2.686241e+00	7.710000e-01	8.500000e-02	4.029009e-01	4.188091e-02	9.352669e-03	
188	4.159734e+01	4.152812e+00	1.020000e+00	1.740000e-01	3.267974e-01	7.657311e-02	-6.625374e-04	
189	3.949447e+01	2.651682e+00	7.940000e-01	7.700000e-02	3.880481e-01	3.734417e-02	8.103164e-03	
190	3.707824e+01	2.199673e+00	9.500000e-01	8.900000e-02	4.500450e-01	4.131826e-02	2.281013e-03	
191	4.743833e+01	3.825672e+00	7.750000e-01	1.240000e-01	5.810575e-01	1.087162e-01	1.325267e-02	
193	3.333333e+01	4.666667e+00	9.300000e-01	1.780000e-01	3.407155e-01	1.230523e-01	2.417641e-03	
194	3.728561e+01	1.529238e+00	8.440000e-01	1.170000e-01	3.988831e-01	5.409663e-02	6.307716e-03	
195	3.824092e+01	3.509683e+00	7.770000e-01	1.260000e-01	4.194631e-01	9.342907e-02	9.482011e-03	
196	4.798464e+01	2.532779e+00	7.910000e-01	9.500000e-02	3.394433e-01	7.489415e-02	7.191432e-03	
197	3.421143e+01	2.223801e+00	6.500000e-01	7.500000e-02	3.810976e-01	3.311366e-02	1.352091e-02	
198	3.313453e+01	5.709063e+00	5.050000e-01	2.210000e-01	4.757374e-01	1.749500e-01	2.387120e-02	
199	4.045307e+01	3.436548e+00	7.750000e-01	9.600000e-02	4.566210e-01	4.983216e-02	1.041454e-02	
200	3.709199e+01	1.788560e+00	1.000000e+00	1.010000e-01	4.739336e-01	4.155342e-02	-0.000000e+00	
201	3.495281e+01	1.710379e+00	1.030000e+00	1.330000e-01	4.803074e-01	6.182631e-02	-1.460637e-03	
202	3.537319e+01	2.377398e+00	1.010000e+00	1.510000e-01	3.947888e-01	4.847190e-02	-4.001904e-04	
203	3.507541e+01	7.012622e+00	7.570000e-01	1.950000e-01	5.820722e-01	1.114678e-01	1.433788e-02	
204	4.196391e+01	3.345843e+00	7.650000e-01	1.310000e-01	2.833664e-01	9.956768e-02	6.750222e-03	
205	5.027652e+01	2.780501e+00	1.030000e+00	1.070000e-01	4.293688e-01	4.369275e-02	-1.305731e-03	
209	4.293688e+01	4.977655e+00	8.160000e-01	1.370000e-01	3.074085e-01	8.051401e-02	5.733708e-03	
211	2.692515e+01	3.769811e+00	6.120000e-01	1.580000e-01	4.743833e-01	8.799045e-02	1.865791e-02	
212	5.050505e+01	2.474237e+00	6.730000e-01	6.100000e-02	3.880481e-01	1.912383e-02	1.286279e-02	
213	4.597701e+01	2.959440e+00	7.930000e-01	7.200000e-02	3.679176e-01	5.428070e-02	7.720097e-03	
214	4.246285e+01	2.344021e+00	7.420000e-01	7.300000e-02	3.441156e-01	2.024906e-02	8.999657e-03	
215	4.492363e+01	5.852584e+00	8.110000e-01	2.310000e-01	4.397537e-01	9.243724e-02	8.425063e-03	
216	4.761905e+01	4.308390e-01	7.680000e-01	1.500000e-01	4.952947e-01	1.116192e-01	1.164806e-02	
217	4.061738e+01	4.124430e-01	6.110000e-01	1.450000e-01	6.016847e-01	2.106983e-01	2.372578e-02	
218	4.003203e+01	2.564101e+00	8.230000e-01	8.500000e-02	3.980892e-01	3.343822e-02	7.142586e-03	
219	3.874467e+01	2.251724e+00	6.820000e-01	6.900000e-02	4.420866e-01	3.576563e-02	1.425071e-02	
220	4.498426e+01	1.760517e+00	9.340000e-01	9.800000e-02	3.972984e-01	4.182919e-02	2.658046e-03	
221	3.303601e+01	3.492409e+00	8.390000e-01	9.900000e-02	4.498426e-01	7.183721e-02	7.341558e-03	
222	3.193868e+01	3.468269e+00	7.470000e-01	1.090000e-01	3.318951e-01	5.926305e-02	8.511836e-03	
223	4.299226e+01	2.033168e+00	6.850000e-01	6.400000e-02	3.868472e-01	3.786164e-02	1.235241e-02	
224	4.083299e+01	2.334267e+00	7.860000e-01	6.400000e-02	4.480287e-01	2.388683e-02	9.718996e-03	
226	4.723666e+01	4.685733e+00	9.050000e-01	8.900000e-02	3.498950e-01	3.305516e-02	3.369483e-03	
227	3.915427e+01	2.299585e+00	7.940000e-01	7.200000e-02	3.639010e-01	5.919351e-02	7.598928e-03	
228	4.068348e+01	5.958525e+00	9.430000e-01	2.810000e-01	3.891051e-01	1.305092e-01	2.248245e-03	
231	3.681885e+01	6.371451e+00	8.400000e-01	2.070000e-01	7.473842e-01	1.798638e-01	1.212176e-02	
232	3.996803e+01	2.236420e+00	7.950000e-01	8.100000e-02	3.783579e-01	4.495058e-02	7.862462e-03	
234	3.759398e+01	3.391938e-01	7.270000e-01	1.480000e-01	7.002801e-01	6.424138e-02	1.937922e-02	
235	2.900232e+01	2.102836e+00	8.880000e-01	1.950000e-01	5.109862e-01	1.396922e-01	5.801350e-03	
236	4.545455e+01	3.099174e+00	9.200000e-01	1.360000e-01	4.627487e-01	5.738855e-02	3.752641e-03	
237	4.589261e+01	2.948584e+00	6.910000e-01	6.100000e-02	3.763643e-01	3.257952e-02	1.178878e-02	
239	3.572705e+01	2.042275e+00	7.100000e-01	7.000000e-02	4.549591e-01	3.580888e-02	1.337433e-02	
240	3.466205e+01	1.441749e+00	6.120000e-01	1.020000e-01	4.089980e-01	5.219115e-02	1.608625e-02	
241	4.081633e+01	2.665556e+00	6.610000e-01	8.000000e-02	4.486317e-01	3.502105e-02	1.541670e-02	
242	4.502476e+01	4.662627e+00	1.300000e+00	2.030000e-01	2.207018e-01	4.437417e-02	-6.711646e-03	
243	3.632401e+01	5.673565e+00	6.790000e-01	1.270000e-01	5.257624e-01	9.564341e-02	1.710789e-02	
244	4.277160e+01	2.561174e+00	8.120000e-01	1.020000e-01	4.187605e-01	5.330954e-02	7.980413e-03	
245	4.531038e+01	3.284848e+00	7.420000e-01	8.700000e-02	4.480287e-01	3.452551e-02	1.171729e-02	
246	5.313496e+01	2.202193e+00	6.970000e-01	7.100000e-02	3.462604e-01	2.673687e-02	1.063524e-02	
247	4.149378e+01	1.256865e+00	6.520000e-01	7.700000e-02	4.071661e-01	4.111449e-02	1.436325e-02	
248	3.635042e+01	2.642706e+00	3.750000e-01	3.900000e-02	7.861635e-01	2.781239e-02	4.980750e-02	
