0	4	R2	3.224101e+00	3.224101e+00	1.403164e-09	2.758314e-14	1.610003e-02
0	5	R2	4.431504e+00	4.431504e+00	2.180191e-09	-4.131037e-14	2.150013e-02
0	6	R2	5.825401e+00	5.825401e+00	3.229002e-09	0.000000e+00	2.470001e-02
0	7	R2	2.465872e+01	2.465872e+01	1.768314e-08	-5.316058e-15	6.682985e-01
0	8	R2	3.986796e+00	3.986796e+00	1.878186e-09	-4.827066e-14	9.199982e-03
0	9	R2	8.267674e+00	8.267674e+00	5.203889e-09	0.000000e+00	3.969978e-02
0	10	R2	5.124395e+00	5.124395e+00	2.685338e-09	3.524523e-14	2.519996e-02
0	11	R2	5.140463e+01	5.140463e+01	3.733573e-08	-1.083082e-15	6.560376e+00
0	12	R2	8.631479e+00	8.631479e+00	5.497111e-09	0.000000e+00	3.040988e-01
0	13	R2	6.312016e+00	6.312016e+00	3.618038e-09	-9.290514e-15	9.560057e-02
0	14	R2	1.363100e+01	1.363100e+01	9.411482e-09	0.000000e+00	1.721399e+00
0	16	R2	5.654094e+00	5.654094e+00	3.093905e-09	0.000000e+00	6.579974e-02
0	17	R2	5.108792e+00	5.108792e+00	2.673558e-09	1.926645e-14	4.609973e-02
0	18	R2	5.576094e+00	5.576094e+00	3.032808e-09	-1.831302e-14	4.849983e-02
0	19	R2	4.566794e+00	4.566794e+00	2.275692e-09	0.000000e+00	2.699988e-03
0	20	R2	4.916397e+00	4.916397e+00	2.529712e-09	0.000000e+00	3.470007e-02
0	21	R2	4.090297e+00	4.090297e+00	1.946807e-09	0.000000e+00	3.059998e-02
0	22	R2	4.111994e+00	4.111994e+00	1.961321e-09	-1.082429e-06	4.029988e-02
0	23	R2	4.070799e+00	4.070799e+00	1.933802e-09	-1.609018e-14	5.520002e-02
0	24	R2	4.064694e+00	4.064694e+00	1.929737e-09	0.000000e+00	6.869985e-02
0	25	R2	4.582006e+00	4.582006e+00	2.286532e-09	0.000000e+00	4.510015e-02
0	26	R2	4.460005e+00	4.460005e+00	2.200173e-09	-1.510505e-14	1.176002e-01
0	29	R2	5.366189e+00	5.366189e+00	2.869886e-09	0.000000e+00	1.190996e-01
0	30	R2	4.535209e+00	4.535209e+00	2.253250e-09	0.000000e+00	5.060025e-02
0	31	R2	6.316481e+00	6.316481e+00	3.621635e-09	0.000000e+00	5.879958e-02
0	32	R2	5.501488e+00	5.501488e+00	2.974641e-09	0.000000e+00	7.699977e-03
0	33	R2	5.856412e+00	5.856412e+00	3.253580e-09	-3.364299e-14	2.640011e-02
0	34	R2	4.926205e+00	4.926205e+00	2.536980e-09	0.000000e+00	3.700017e-02
0	35	R2	3.757506e+00	3.757506e+00	1.729795e-09	0.000000e+00	5.730022e-02
0	36	R2	1.971500e+00	1.971500e+00	7.098971e-10	1.657044e-14	4.020013e-02


1	4	NOE	-8.340000e-02	-8.340000e-02	9.792515e-10	-1.771632e-14	4.700000e-03
1	5	NOE	2.275000e-01	2.275000e-01	1.253098e-09	9.912706e-15	8.400000e-03
1	6	NOE	3.853000e-01	3.853000e-01	1.484620e-09	8.811294e-15	1.260000e-02
1	7	NOE	4.831000e-01	4.831000e-01	1.697831e-09	-8.285246e-15	2.680000e-02
1	8	NOE	4.703000e-01	4.703000e-01	1.665262e-09	4.758099e-14	3.500000e-03
1	9	NOE	4.782000e-01	4.782000e-01	1.685162e-09	6.853229e-15	8.100000e-03
1	10	NOE	4.537000e-01	4.537000e-01	1.625428e-09	1.632681e-14	6.800000e-03
1	11	NOE	4.573000e-01	4.573000e-01	1.633849e-09	5.782412e-15	2.880000e-02
1	12	NOE	6.012000e-01	6.012000e-01	2.111945e-09	0.000000e+00	1.300000e-02
1	13	NOE	6.488000e-01	6.488000e-01	2.379854e-09	-1.130649e-06	4.700000e-03
1	14	NOE	6.055000e-01	6.055000e-01	2.132712e-09	2.600054e-15	8.540000e-02
1	16	NOE	6.637000e-01	6.637000e-01	2.485614e-09	-4.440892e-13	5.000000e-04
1	17	NOE	7.096000e-01	7.096000e-01	2.921536e-09	0.000000e+00	5.600000e-03
1	18	NOE	7.330000e-01	7.330000e-01	3.249290e-09	-5.282329e-07	5.600000e-03
1	19	NOE	6.568000e-01	6.568000e-01	2.435006e-09	-9.251859e-14	2.400000e-03
1	20	NOE	5.719000e-01	5.719000e-01	1.984067e-09	-1.820038e-14	6.100000e-03
1	21	NOE	4.003000e-01	4.003000e-01	1.512720e-09	0.000000e+00	1.240000e-02
1	22	NOE	3.823000e-01	3.823000e-01	1.479163e-09	0.000000e+00	3.900000e-03
1	23	NOE	4.473000e-01	4.473000e-01	1.610739e-09	3.881899e-15	1.430000e-02
1	24	NOE	4.591000e-01	4.591000e-01	1.638104e-09	5.204170e-14	3.200000e-03
1	25	NOE	5.464000e-01	5.464000e-01	1.888752e-09	-2.014395e-05	4.000000e-04
1	26	NOE	5.597000e-01	5.597000e-01	1.936844e-09	-5.116235e-15	2.170000e-02
1	29	NOE	6.600000e-01	6.600000e-01	2.458107e-09	1.387779e-14	8.000000e-03
1	30	NOE	6.496000e-01	6.496000e-01	2.385210e-09	0.000000e+00	8.200000e-03
1	31	NOE	7.312000e-01	7.312000e-01	3.220211e-09	-3.343791e-07	9.000000e-03
1	32	NOE	6.953000e-01	6.953000e-01	2.763016e-09	0.000000e+00	4.700000e-03
1	33	NOE	6.367000e-01	6.367000e-01	2.302799e-09	0.000000e+00	4.000000e-04
1	34	NOE	6.542000e-01	6.542000e-01	2.416684e-09	-2.467162e-14	4.500000e-03
1	35	NOE	4.906000e-01	4.906000e-01	1.717730e-09	-4.163336e-14	4.000000e-03
1	36	NOE	-1.005400e+00	-1.005400e+00	5.997677e-10	5.551115e-13	1.200000e-03


2	4	R1	1.611601e+00	1.611601e+00	6.234491e-10	-2.337308e-14	9.500015e-03
2	5	R1	1.822798e+00	1.822798e+00	6.926253e-09	-2.810697e-14	1.579997e-02
2	6	R1	1.888100e+00	1.888100e+00	6.606991e-09	-2.337308e-14	9.500016e-03
2	7	R1	1.988499e+00	1.988499e+00	6.147251e-09	-3.447894e-15	6.440007e-02
2	8	R1	1.968500e+00	1.968500e+00	9.077817e-10	1.889741e-14	2.350001e-02
2	9	R1	1.906901e+00	1.906901e+00	6.518190e-09	-5.551103e-13	4.000009e-04
2	10	R1	1.807798e+00	1.807798e+00	7.002125e-09	0.000000e+00	6.099975e-03
2	11	R1	1.933499e+00	1.933499e+00	6.394775e-09	-2.176909e-14	2.039999e-02
2	12	R1	1.961100e+00	1.961100e+00	6.269315e-09	5.905445e-15	3.759998e-02
2	13	R1	2.125399e+00	2.125399e+00	5.569611e-09	2.349683e-14	1.889997e-02
2	14	R1	2.211298e+00	2.211298e+00	5.229576e-09	0.000000e+00	2.569998e-02
2	16	R1	2.216499e+00	2.216499e+00	5.209434e-09	-8.074344e-14	5.500003e-03
2	17	R1	2.287701e+00	2.287701e+00	4.937814e-09	0.000000e+00	2.100004e-03
2	18	R1	2.333298e+00	2.333298e+00	4.767222e-09	-2.453540e-14	1.809994e-02
2	19	R1	2.073299e+00	2.073299e+00	5.783634e-09	0.000000e+00	2.990000e-02
2	20	R1	2.081902e+00	2.081902e+00	5.747840e-09	1.591716e-14	2.790004e-02
2	21	R1	1.884598e+00	1.884598e+00	8.375494e-10	0.000000e+00	7.140006e-02
2	22	R1	1.769999e+00	1.769999e+00	7.454425e-10	-1.881741e-14	3.539986e-02
2	23	R1	1.899902e+00	1.899902e+00	8.501612e-10	0.000000e+00	8.900004e-03
2	24	R1	1.924402e+00	1.924402e+00	8.705289e-10	-6.728615e-14	3.300005e-03
2	25	R1	1.959601e+00	1.959601e+00	6.276062e-09	-2.643388e-14	8.400001e-03
2	26	R1	2.064699e+00	2.064699e+00	9.921435e-10	-2.530423e-14	3.510000e-02
2	29	R1	2.165599e+00	2.165599e+00	5.408660e-09	1.032765e-13	8.600003e-03
2	30	R1	2.100902e+00	2.100902e+00	5.669433e-09	0.000000e+00	4.100009e-02
2	31	R1	2.286801e+00	2.286801e+00	4.941203e-09	0.000000e+00	5.700008e-03
2	32	R1	2.231102e+00	2.231102e+00	5.153111e-09	2.254254e-14	1.970006e-02
2	33	R1	2.265201e+00	2.265201e+00	5.022874e-09	-2.846720e-14	1.560003e-02
2	34	R1	2.231202e+00	2.231202e+00	5.152728e-09	0.000000e+00	2.690003e-02
2	35	R1	1.954499e+00	1.954499e+00	8.958674e-10	-9.570890e-15	2.319999e-02
2	36	R1	9.287983e-01	9.287983e-01	2.110717e-10	4.286589e-15	2.589992e-02


