4	3.224101e+00	1.610003e-02	-8.340000e-02	4.700000e-03	1.611601e+00	9.500015e-03	1.769898e-01	
5	4.431504e+00	2.150013e-02	2.275000e-01	8.400000e-03	1.822798e+00	1.579997e-02	1.427378e-01	
6	5.825401e+00	2.470001e-02	3.853000e-01	1.260000e-02	1.888100e+00	9.500016e-03	1.176495e-01	
7	2.465872e+01	6.682985e-01	4.831000e-01	2.680000e-02	1.988499e+00	6.440007e-02	1.041918e-01	
8	3.986796e+00	9.199982e-03	4.703000e-01	3.500000e-03	1.968500e+00	2.350001e-02	1.056981e-01	
9	8.267674e+00	3.969978e-02	4.782000e-01	8.100000e-03	1.906901e+00	4.000009e-04	1.008635e-01	
10	5.124395e+00	2.519996e-02	4.537000e-01	6.800000e-03	1.807798e+00	6.099975e-03	1.001113e-01	
11	5.140463e+01	6.560376e+00	4.573000e-01	2.880000e-02	1.933499e+00	2.039999e-02	1.063667e-01	
12	8.631479e+00	3.040988e-01	6.012000e-01	1.300000e-02	1.961100e+00	3.759998e-02	7.927872e-02	
13	6.312016e+00	9.560057e-02	6.488000e-01	4.700000e-03	2.125399e+00	1.889997e-02	7.566529e-02	
14	1.363100e+01	1.721399e+00	6.055000e-01	8.540000e-02	2.211298e+00	2.569998e-02	8.842930e-02	
16	5.654094e+00	6.579974e-02	6.637000e-01	5.000000e-04	2.216499e+00	5.500003e-03	7.556074e-02	
17	5.108792e+00	4.609973e-02	7.096000e-01	5.600000e-03	2.287701e+00	2.100004e-03	6.734382e-02	
18	5.576094e+00	4.849983e-02	7.330000e-01	5.600000e-03	2.333298e+00	1.809994e-02	6.315144e-02	
19	4.566794e+00	2.699988e-03	6.568000e-01	2.400000e-03	2.073299e+00	2.990000e-02	7.212921e-02	
20	4.916397e+00	3.470007e-02	5.719000e-01	6.100000e-03	2.081902e+00	2.790004e-02	9.034567e-02	
21	4.090297e+00	3.059998e-02	4.003000e-01	1.240000e-02	1.884598e+00	7.140006e-02	1.145657e-01	
22	4.111994e+00	4.029988e-02	3.823000e-01	3.900000e-03	1.769999e+00	3.539986e-02	1.108288e-01	
23	4.070799e+00	5.520002e-02	4.473000e-01	1.430000e-02	1.899902e+00	8.900004e-03	1.064443e-01	
24	4.064694e+00	6.869985e-02	4.591000e-01	3.200000e-03	1.924402e+00	3.300005e-03	1.055151e-01	
25	4.582006e+00	4.510015e-02	5.464000e-01	4.000000e-04	1.959601e+00	8.400001e-03	9.010368e-02	
26	4.460005e+00	1.176002e-01	5.597000e-01	2.170000e-02	2.064699e+00	3.510000e-02	9.215255e-02	
29	5.366189e+00	1.190996e-01	6.600000e-01	8.000000e-03	2.165599e+00	8.600003e-03	7.463780e-02	
30	4.535209e+00	5.060025e-02	6.496000e-01	8.200000e-03	2.100902e+00	4.100009e-02	7.462284e-02	
31	6.316481e+00	5.879958e-02	7.312000e-01	9.000000e-03	2.286801e+00	5.700008e-03	6.231026e-02	
32	5.501488e+00	7.699977e-03	6.953000e-01	4.700000e-03	2.231102e+00	1.970006e-02	6.891182e-02	
33	5.856412e+00	2.640011e-02	6.367000e-01	4.000000e-04	2.265201e+00	1.560003e-02	8.342072e-02	
34	4.926205e+00	3.700017e-02	6.542000e-01	4.500000e-03	2.231202e+00	2.690003e-02	7.821060e-02	
35	3.757506e+00	5.730022e-02	4.906000e-01	4.000000e-03	1.954499e+00	2.319999e-02	1.009244e-01	
36	1.971500e+00	4.020013e-02	-1.005400e+00	1.200000e-03	9.287983e-01	2.589992e-02	1.888097e-01	
