0	17	R2	5.379236e+00	5.379236e+00	2.961823e-09	8.077471e-15	1.099575e-01
0	18	R2	5.767013e+00	5.767013e+00	3.275437e-09	7.418155e-15	1.197304e-01
0	19	R2	6.341154e+00	6.341154e+00	3.756384e-09	-6.902615e-15	1.286728e-01
0	20	R2	7.396450e+00	7.396450e+00	4.670924e-09	0.000000e+00	1.531809e-01
0	21	R2	8.583691e+00	8.583691e+00	5.713568e-09	8.610414e-15	2.063033e-01
0	22	R2	1.029866e+01	1.029866e+01	7.206242e-09	0.000000e+00	3.181873e-01
0	23	R2	1.457726e+01	1.457726e+01	1.082117e-08	0.000000e+00	9.137349e-01
0	25	R2	1.618123e+01	1.618123e+01	1.214683e-08	0.000000e+00	9.687791e-01
0	26	R2	1.801802e+01	1.801802e+01	1.365208e-08	3.218602e-15	1.103807e+00
0	27	R2	1.633987e+01	1.633987e+01	1.227732e-08	-5.913989e-15	1.201461e+00
0	30	R2	1.901141e+01	1.901141e+01	1.446166e-08	-1.638251e-15	2.168602e+00
0	31	R2	1.597444e+01	1.597444e+01	1.197657e-08	0.000000e+00	1.071768e+00
0	32	R2	2.028398e+01	2.028398e+01	1.549501e-08	0.000000e+00	3.373805e+00
0	33	R2	1.730104e+01	1.730104e+01	1.306592e-08	-2.206857e-07	1.077573e+00
0	34	R2	1.980198e+01	1.980198e+01	1.510407e-08	1.927725e-15	1.842957e+00
0	35	R2	2.044990e+01	2.044990e+01	1.562946e-08	0.000000e+00	2.425550e+00
0	36	R2	2.028398e+01	2.028398e+01	1.549501e-08	0.000000e+00	1.604615e+00
0	37	R2	2.061856e+01	2.061856e+01	1.576607e-08	2.089218e-15	1.700500e+00
0	38	R2	1.992032e+01	1.992032e+01	1.520010e-08	2.131662e-15	1.666640e+00
0	39	R2	1.949318e+01	1.949318e+01	1.485333e-08	0.000000e+00	2.165909e+00
0	41	R2	2.087683e+01	2.087683e+01	1.597515e-08	0.000000e+00	1.612615e+00
0	45	R2	2.074689e+01	2.074689e+01	1.586998e-08	1.756129e-15	2.023037e+00
0	47	R2	1.919386e+01	1.919386e+01	1.461006e-08	0.000000e+00	1.142053e+00
0	48	R2	1.876173e+01	1.876173e+01	1.425844e-08	-1.853201e-07	1.408009e+00
0	50	R2	1.782531e+01	1.782531e+01	1.349470e-08	-6.389221e-15	1.112096e+00
0	51	R2	1.897533e+01	1.897533e+01	1.443231e-08	0.000000e+00	1.224215e+00
0	52	R2	1.886792e+01	1.886792e+01	1.434490e-08	0.000000e+00	2.491990e+00
0	53	R2	1.766784e+01	1.766784e+01	1.336601e-08	-2.107654e-15	1.685625e+00
0	54	R2	1.631321e+01	1.631321e+01	1.225541e-08	0.000000e+00	1.703174e+00
0	56	R2	1.908397e+01	1.908397e+01	1.452069e-08	-1.424073e-15	4.989511e+00
0	59	R2	2.024291e+01	2.024291e+01	1.546172e-08	-1.494810e-15	2.376699e+00
0	62	R2	2.702703e+01	2.702703e+01	2.092250e-08	-9.353202e-16	3.798393e+00
0	64	R2	1.890359e+01	1.890359e+01	1.437393e-08	2.259534e-15	1.572321e+00
0	65	R2	1.739130e+01	1.739130e+01	1.313981e-08	0.000000e+00	1.361059e+00
0	66	R2	1.751313e+01	1.751313e+01	1.323949e-08	0.000000e+00	2.024285e+00
0	67	R2	1.904762e+01	1.904762e+01	1.449112e-08	0.000000e+00	1.414966e+00
0	68	R2	1.795332e+01	1.795332e+01	1.359926e-08	8.045444e-16	4.415808e+00
0	69	R2	1.897533e+01	1.897533e+01	1.443231e-08	0.000000e+00	1.656291e+00
0	70	R2	1.968504e+01	1.968504e+01	1.500915e-08	0.000000e+00	2.867506e+00
0	72	R2	1.555210e+01	1.555210e+01	1.162828e-08	0.000000e+00	1.620514e+00
0	73	R2	1.960784e+01	1.960784e+01	1.494646e-08	0.000000e+00	1.960784e+00
0	74	R2	1.949318e+01	1.949318e+01	1.485333e-08	0.000000e+00	2.545893e+00
0	75	R2	1.964637e+01	1.964637e+01	1.497774e-08	0.000000e+00	1.389527e+00
0	76	R2	1.960784e+01	1.960784e+01	1.494646e-08	0.000000e+00	1.268743e+00
0	79	R2	1.766784e+01	1.766784e+01	1.336601e-08	-2.231634e-15	1.591979e+00
0	80	R2	1.879699e+01	1.879699e+01	1.428716e-08	0.000000e+00	1.271977e+00
0	81	R2	2.024291e+01	2.024291e+01	1.546172e-08	-2.343216e-15	1.516170e+00
0	82	R2	1.988072e+01	1.988072e+01	1.516797e-08	0.000000e+00	2.331933e+00
0	83	R2	1.828154e+01	1.828154e+01	1.386712e-08	0.000000e+00	1.771337e+00
0	85	R2	2.202643e+01	2.202643e+01	1.690423e-08	0.000000e+00	2.716917e+00
0	87	R2	1.742160e+01	1.742160e+01	1.316460e-08	2.341068e-15	1.517561e+00
0	88	R2	1.972387e+01	1.972387e+01	1.504067e-08	-2.075503e-15	1.711736e+00
0	91	R2	1.851852e+01	1.851852e+01	1.406032e-08	3.139307e-15	1.131687e+00
0	93	R2	1.865672e+01	1.865672e+01	1.417292e-08	-2.617129e-15	1.357485e+00
0	96	R2	2.044990e+01	2.044990e+01	1.562946e-08	0.000000e+00	2.300091e+00
0	98	R2	1.934236e+01	1.934236e+01	1.473078e-08	1.300824e-15	2.731126e+00
0	99	R2	1.724138e+01	1.724138e+01	1.301707e-08	0.000000e+00	2.318668e+00
0	100	R2	1.727116e+01	1.727116e+01	1.304145e-08	0.000000e+00	1.968733e+00
0	101	R2	1.680672e+01	1.680672e+01	1.266078e-08	-1.850093e-07	1.242850e+00
0	103	R2	1.949318e+01	1.949318e+01	1.485333e-08	0.000000e+00	2.241905e+00
0	106	R2	1.901141e+01	1.901141e+01	1.446166e-08	-1.694742e-15	2.096315e+00
0	107	R2	2.044990e+01	2.044990e+01	1.562946e-08	0.000000e+00	1.380054e+00
0	110	R2	1.801802e+01	1.801802e+01	1.365208e-08	2.879802e-15	1.233666e+00
0	111	R2	1.831502e+01	1.831502e+01	1.389442e-08	0.000000e+00	1.274672e+00
0	112	R2	1.766784e+01	1.766784e+01	1.336601e-08	-2.188718e-15	1.623194e+00
0	113	R2	1.282051e+01	1.282051e+01	9.353323e-09	3.726674e-15	4.766601e-01
0	115	R2	1.934236e+01	1.934236e+01	1.473078e-08	1.791701e-15	1.982872e+00
0	116	R2	1.886792e+01	1.886792e+01	1.434490e-08	0.000000e+00	2.990388e+00
0	118	R2	1.912046e+01	1.912046e+01	1.455037e-08	2.067596e-15	1.718282e+00
0	119	R2	1.901141e+01	1.901141e+01	1.446166e-08	-1.489319e-15	2.385462e+00
0	120	R2	1.893939e+01	1.893939e+01	1.440307e-08	0.000000e+00	2.439164e+00
0	121	R2	1.672241e+01	1.672241e+01	1.259159e-08	0.000000e+00	1.621906e+00
0	123	R2	1.703578e+01	1.703578e+01	1.284862e-08	0.000000e+00	1.944458e+00
0	124	R2	1.650165e+01	1.650165e+01	1.241030e-08	0.000000e+00	1.579366e+00
0	125	R2	1.718213e+01	1.718213e+01	1.296854e-08	1.744043e-15	2.037057e+00
0	127	R2	1.628664e+01	1.628664e+01	1.223355e-08	0.000000e+00	2.148564e+00
0	128	R2	1.831502e+01	1.831502e+01	1.389442e-08	0.000000e+00	1.811375e+00
0	130	R2	1.930502e+01	1.930502e+01	1.470043e-08	3.404566e-15	1.043515e+00
0	133	R2	2.262443e+01	2.262443e+01	1.738659e-08	-1.652553e-15	2.149833e+00
0	135	R2	2.096436e+01	2.096436e+01	1.604599e-08	0.000000e+00	1.889869e+00
0	137	R2	1.964637e+01	1.964637e+01	1.497774e-08	0.000000e+00	1.466723e+00
0	138	R2	1.964637e+01	1.964637e+01	1.497774e-08	0.000000e+00	1.505321e+00
0	141	R2	1.949318e+01	1.949318e+01	1.485333e-08	0.000000e+00	1.253947e+00
0	142	R2	1.953125e+01	1.953125e+01	1.488426e-08	-1.626793e-07	1.678467e+00
0	143	R2	1.689189e+01	1.689189e+01	1.273065e-08	0.000000e+00	1.141344e+00
0	144	R2	8.771930e+00	8.771930e+00	5.878567e-09	8.550198e-15	2.077562e-01


1	17	NOE	1.167734e-01	1.167734e-01	1.434058e-09	6.713867e-15	1.240220e-02
1	18	NOE	3.281360e-02	3.281360e-02	1.341617e-09	9.116105e-15	1.217870e-02
1	19	NOE	1.610441e-01	1.610441e-01	1.489318e-09	-1.954802e-14	1.277880e-02
1	20	NOE	1.235451e-01	1.235451e-01	1.442188e-09	2.094877e-14	1.258680e-02
1	21	NOE	2.701370e-01	2.701370e-01	1.651309e-09	3.695742e-15	1.502030e-02
1	22	NOE	3.250851e-01	3.250851e-01	1.751489e-09	-5.922390e-15	1.874620e-02
1	23	NOE	4.736995e-01	4.736995e-01	2.128191e-09	-1.105718e-14	3.514260e-02
1	25	NOE	6.511292e-01	6.511292e-01	3.100458e-09	0.000000e+00	3.257450e-02
1	26	NOE	7.137361e-01	7.137361e-01	3.924572e-09	0.000000e+00	3.188100e-02
1	27	NOE	7.012066e-01	7.012066e-01	3.709619e-09	-2.928746e-15	3.790780e-02
1	30	NOE	7.393995e-01	7.393995e-01	4.508565e-09	2.027049e-15	5.477040e-02
1	31	NOE	6.891091e-01	6.891091e-01	3.531515e-09	0.000000e+00	3.327910e-02
1	32	NOE	7.477812e-01	7.477812e-01	4.762200e-09	1.993699e-15	5.568660e-02
1	33	NOE	7.300988e-01	7.300988e-01	4.268814e-09	3.893170e-15	2.851720e-02
1	34	NOE	7.918822e-01	7.918822e-01	7.548516e-09	-2.395649e-15	4.634330e-02
1	35	NOE	8.848240e-01	8.214914e-01	2.241468e-05	1.070012e+00	5.918870e-02
1	36	NOE	7.713461e-01	7.713461e-01	5.788009e-09	-2.783400e-15	3.988730e-02
1	37	NOE	7.537113e-01	7.537113e-01	4.969250e-09	-2.867445e-15	3.871820e-02
1	38	NOE	6.626070e-01	6.626070e-01	3.214448e-09	0.000000e+00	3.709040e-02
1	39	NOE	7.645566e-01	7.645566e-01	5.428088e-09	2.152062e-15	5.158880e-02
1	41	NOE	6.973547e-01	6.973547e-01	3.650117e-09	0.000000e+00	3.518380e-02
1	45	NOE	8.512220e-01	8.214914e-01	3.749486e-05	6.015461e-01	4.942370e-02
1	47	NOE	6.569102e-01	6.569102e-01	3.156398e-09	-8.222565e-15	2.700430e-02
1	48	NOE	7.173518e-01	7.173518e-01	3.993649e-09	-3.335195e-15	3.328810e-02
1	50	NOE	7.361680e-01	7.361680e-01	4.420858e-09	0.000000e+00	3.105440e-02
1	51	NOE	7.121181e-01	7.121181e-01	3.894768e-09	3.722258e-15	2.982660e-02
1	52	NOE	7.163311e-01	7.163311e-01	3.973791e-09	-2.116537e-15	5.245470e-02
1	53	NOE	8.638720e-01	8.214914e-01	2.246128e-05	7.999486e-01	5.297920e-02
1	54	NOE	6.618114e-01	6.618114e-01	3.206157e-09	-2.558501e-15	4.339350e-02
1	56	NOE	5.489223e-01	5.489223e-01	2.424114e-09	1.574523e-15	7.051170e-02
1	59	NOE	8.353813e-01	8.214914e-01	3.016389e-05	3.047623e-01	4.557630e-02
1	62	NOE	8.181033e-01	8.181033e-01	2.237592e-08	0.000000e+00	5.406570e-02
1	64	NOE	8.247297e-01	8.214914e-01	2.484032e-05	7.876158e-02	4.111570e-02
1	65	NOE	7.548732e-01	7.548732e-01	5.013009e-09	0.000000e+00	3.501710e-02
1	66	NOE	7.811744e-01	7.811744e-01	6.461690e-09	0.000000e+00	4.961960e-02
1	67	NOE	8.468966e-01	8.214914e-01	3.968744e-05	6.929847e-01	3.666060e-02
1	68	NOE	7.609984e-01	7.609984e-01	5.264066e-09	-1.344929e-15	8.254880e-02
1	69	NOE	8.052130e-01	8.052130e-01	1.019462e-08	0.000000e+00	4.005750e-02
1	70	NOE	7.364981e-01	7.364981e-01	4.429589e-09	0.000000e+00	5.792670e-02
1	72	NOE	5.947284e-01	5.947284e-01	2.671036e-09	-2.562652e-15	4.332320e-02
1	73	NOE	7.991094e-01	7.991094e-01	8.688645e-09	2.239974e-15	4.956410e-02
1	74	NOE	6.886392e-01	6.886392e-01	3.525088e-09	-2.023610e-15	5.486350e-02
1	75	NOE	7.875299e-01	7.875299e-01	7.045058e-09	3.012179e-15	3.685780e-02
1	76	NOE	7.894626e-01	7.894626e-01	7.255965e-09	-2.690227e-08	3.524630e-02
1	79	NOE	6.704895e-01	6.704895e-01	3.300062e-09	0.000000e+00	4.183300e-02
1	80	NOE	7.423310e-01	7.423310e-01	4.592705e-09	2.945186e-15	3.769620e-02
1	81	NOE	6.480404e-01	6.480404e-01	3.071709e-09	3.294557e-15	3.369870e-02
1	82	NOE	7.273574e-01	7.273574e-01	4.204979e-09	0.000000e+00	4.947930e-02
1	83	NOE	7.798306e-01	7.798306e-01	6.355731e-09	2.346401e-15	4.731600e-02
1	85	NOE	7.540214e-01	7.540214e-01	4.980819e-09	-4.307732e-08	4.602610e-02
1	87	NOE	7.079179e-01	7.079179e-01	3.820370e-09	2.626323e-15	4.227290e-02
1	88	NOE	6.976225e-01	6.976225e-01	3.654165e-09	0.000000e+00	3.995620e-02
1	91	NOE	6.732117e-01	6.732117e-01	3.331186e-09	3.978225e-15	2.790750e-02
1	93	NOE	6.652460e-01	6.652460e-01	3.242396e-09	0.000000e+00	2.995910e-02
1	96	NOE	8.086199e-01	8.086199e-01	1.146875e-08	-1.864038e-15	5.956010e-02
1	98	NOE	6.930575e-01	6.930575e-01	3.586895e-09	0.000000e+00	5.757520e-02
1	99	NOE	7.408852e-01	7.408852e-01	4.550637e-09	0.000000e+00	5.898470e-02
1	100	NOE	8.232126e-01	8.214914e-01	2.241651e-05	2.988105e-02	5.760300e-02
1	101	NOE	7.239723e-01	7.239723e-01	4.129876e-09	0.000000e+00	3.301060e-02
1	103	NOE	8.101242e-01	8.101242e-01	1.220595e-08	0.000000e+00	5.219580e-02
1	106	NOE	7.321889e-01	7.321889e-01	4.319433e-09	-2.401303e-15	4.623420e-02
1	107	NOE	7.549911e-01	7.549911e-01	5.017513e-09	-5.932526e-08	3.294690e-02
1	110	NOE	7.538946e-01	7.538946e-01	4.976079e-09	-6.339982e-08	3.133060e-02
1	111	NOE	7.647952e-01	7.647952e-01	5.439634e-09	0.000000e+00	3.511980e-02
1	112	NOE	6.743358e-01	6.743358e-01	3.344286e-09	2.789982e-15	3.979320e-02
1	113	NOE	4.869887e-01	4.869887e-01	2.173276e-09	7.920622e-15	2.102530e-02
1	115	NOE	6.154131e-01	6.154131e-01	2.808175e-09	-2.763405e-15	4.017590e-02
1	116	NOE	7.671061e-01	7.671061e-01	5.555344e-09	0.000000e+00	6.707680e-02
1	118	NOE	7.792954e-01	7.792954e-01	6.314942e-09	0.000000e+00	4.353390e-02
1	119	NOE	7.851172e-01	7.851172e-01	6.805689e-09	0.000000e+00	5.400000e-02
1	120	NOE	7.612705e-01	7.612705e-01	5.276096e-09	0.000000e+00	5.175520e-02
1	121	NOE	7.042131e-01	7.042131e-01	3.758066e-09	-8.293135e-08	4.112180e-02
1	123	NOE	7.556027e-01	7.556027e-01	5.041070e-09	0.000000e+00	4.791030e-02
1	124	NOE	7.717857e-01	7.717857e-01	5.813815e-09	2.615299e-15	4.245110e-02
1	125	NOE	6.048160e-01	6.048160e-01	2.735501e-09	0.000000e+00	4.268490e-02
1	127	NOE	6.669700e-01	6.669700e-01	3.261036e-09	0.000000e+00	5.302640e-02
1	128	NOE	7.990865e-01	7.990865e-01	8.684183e-09	0.000000e+00	4.470790e-02
1	130	NOE	7.979011e-01	7.979011e-01	8.462140e-09	0.000000e+00	2.818630e-02
1	133	NOE	8.728390e-01	8.214914e-01	2.104664e-05	1.057916e+00	4.853660e-02
1	135	NOE	7.529706e-01	7.529706e-01	4.941934e-09	-2.749983e-15	4.037200e-02
1	137	NOE	7.554936e-01	7.554936e-01	5.036844e-09	-3.463537e-15	3.205460e-02
1	138	NOE	6.577691e-01	6.577691e-01	3.164958e-09	3.667879e-15	3.026880e-02
1	141	NOE	7.985535e-01	7.985535e-01	8.582218e-09	-3.277005e-15	3.387920e-02
1	142	NOE	7.334569e-01	7.334569e-01	4.351010e-09	5.652536e-15	3.928230e-02
1	143	NOE	6.558922e-01	6.558922e-01	3.146338e-09	-3.351414e-15	3.312700e-02
1	144	NOE	1.474210e-01	1.474210e-01	1.471767e-09	-1.764562e-14	1.415650e-02


2	17	R1	1.713502e+00	1.713502e+00	1.027955e-08	0.000000e+00	3.200339e-02
2	18	R1	1.615248e+00	1.615248e+00	5.766432e-10	-1.372683e-14	3.235192e-02
2	19	R1	1.656726e+00	1.656726e+00	1.070058e-08	-6.855777e-15	3.238796e-02
2	20	R1	1.540832e+00	1.540832e+00	1.164580e-08	1.450006e-14	3.062671e-02
2	21	R1	1.523461e+00	1.523461e+00	1.179869e-08	-5.942258e-15	3.736704e-02
2	22	R1	1.386578e+00	1.386578e+00	1.312628e-08	1.079364e-14	4.114360e-02
2	23	R1	1.387155e+00	1.387155e+00	1.312018e-08	2.564353e-15	8.658895e-02
2	25	R1	1.269358e+00	1.269358e+00	1.447435e-08	0.000000e+00	7.782429e-02
2	26	R1	1.229710e+00	1.229710e+00	1.498511e-08	3.151005e-15	7.046788e-02
2	27	R1	1.216397e+00	1.216397e+00	1.516370e-08	2.363283e-15	9.395598e-02
2	30	R1	1.280410e+00	1.280410e+00	1.433732e-08	-1.593395e-15	1.393532e-01
2	31	R1	1.249531e+00	1.249531e+00	1.472591e-08	0.000000e+00	8.337496e-02
2	32	R1	1.190476e+00	1.190476e+00	1.552234e-08	0.000000e+00	2.128685e-01
2	33	R1	1.157541e+00	1.157541e+00	1.600014e-08	0.000000e+00	7.315865e-02
2	34	R1	1.239465e+00	1.239465e+00	1.485656e-08	1.982643e-15	1.119943e-01
2	35	R1	1.179941e+00	1.179941e+00	1.567241e-08	0.000000e+00	1.353277e-01
2	36	R1	1.289990e+00	1.289990e+00	1.422034e-08	5.274086e-15	8.420211e-02
2	37	R1	1.237011e+00	1.237011e+00	1.488871e-08	-4.927283e-15	9.012861e-02
2	38	R1	1.303611e+00	1.303611e+00	1.405682e-08	4.482349e-15	9.907512e-02
2	39	R1	1.296344e+00	1.296344e+00	1.414365e-08	1.678900e-15	1.322560e-01
2	41	R1	1.269036e+00	1.269036e+00	1.447837e-08	2.548563e-15	8.712541e-02
2	45	R1	1.243163e+00	1.243163e+00	1.480833e-08	1.853884e-15	1.197726e-01
2	47	R1	1.169864e+00	1.169864e+00	1.581836e-08	3.311107e-15	6.706054e-02
2	48	R1	1.158212e+00	1.158212e+00	1.599016e-08	0.000000e+00	8.974330e-02
2	50	R1	1.289324e+00	1.289324e+00	1.422841e-08	2.613936e-15	8.494646e-02
2	51	R1	1.181335e+00	1.181335e+00	1.565241e-08	-3.048061e-15	7.284782e-02
2	52	R1	1.252348e+00	1.252348e+00	1.468971e-08	0.000000e+00	1.653068e-01
2	53	R1	1.201634e+00	1.201634e+00	1.536615e-08	1.411065e-07	1.169579e-01
2	54	R1	1.284192e+00	1.284192e+00	1.429094e-08	1.741811e-15	1.274791e-01
2	56	R1	9.856101e-01	9.856101e-01	1.899093e-08	1.264246e-15	3.512681e-01
2	59	R1	1.275998e+00	1.275998e+00	1.439174e-08	0.000000e+00	1.475124e-01
2	62	R1	1.314233e+00	1.314233e+00	1.393152e-08	0.000000e+00	1.564851e-01
2	64	R1	1.210068e+00	1.210068e+00	1.524992e-08	0.000000e+00	1.001557e-01
2	65	R1	1.220703e+00	1.220703e+00	1.510553e-08	2.191347e-15	1.013279e-01
2	66	R1	1.270164e+00	1.270164e+00	1.446427e-08	-1.489528e-15	1.490704e-01
2	67	R1	1.238083e+00	1.238083e+00	1.487465e-08	-2.288425e-15	9.702944e-02
2	68	R1	1.289990e+00	1.289990e+00	1.422034e-08	1.339030e-15	3.316498e-01
2	69	R1	1.196745e+00	1.196745e+00	1.543425e-08	0.000000e+00	1.071284e-01
2	70	R1	1.338151e+00	1.338151e+00	1.365626e-08	2.391561e-15	1.856901e-01
2	72	R1	1.291990e+00	1.291990e+00	1.419613e-08	0.000000e+00	1.405498e-01
2	73	R1	1.312164e+00	1.312164e+00	1.395578e-08	1.834462e-15	1.210407e-01
2	74	R1	1.290156e+00	1.290156e+00	1.421833e-08	0.000000e+00	1.567962e-01
2	75	R1	1.272750e+00	1.272750e+00	1.443204e-08	-2.547836e-15	8.715028e-02
2	76	R1	1.338330e+00	1.338330e+00	1.365424e-08	0.000000e+00	8.006336e-02
2	79	R1	1.195600e+00	1.195600e+00	1.545027e-08	2.071128e-15	1.072095e-01
2	80	R1	1.250625e+00	1.250625e+00	1.471183e-08	2.688759e-15	8.258256e-02
2	81	R1	1.339585e+00	1.339585e+00	1.364005e-08	0.000000e+00	8.936546e-02
2	82	R1	1.232894e+00	1.232894e+00	1.494294e-08	1.197388e-07	1.407545e-01
2	83	R1	1.276324e+00	1.276324e+00	1.438771e-08	1.849485e-15	1.200576e-01
2	85	R1	1.269841e+00	1.269841e+00	1.446830e-08	-1.496765e-15	1.483497e-01
2	87	R1	1.312164e+00	1.312164e+00	1.395578e-08	2.040549e-15	1.088161e-01
2	88	R1	1.332268e+00	1.332268e+00	1.372311e-08	4.156147e-15	1.068512e-01
2	91	R1	1.254705e+00	1.254705e+00	1.465954e-08	-3.039757e-15	7.304682e-02
2	93	R1	1.173709e+00	1.173709e+00	1.576239e-08	-2.587208e-15	8.582402e-02
2	96	R1	1.287333e+00	1.287333e+00	1.425262e-08	3.275936e-15	1.355610e-01
2	98	R1	1.326964e+00	1.326964e+00	1.378385e-08	-2.555259e-15	1.737942e-01
2	99	R1	1.191895e+00	1.191895e+00	1.550233e-08	1.375897e-15	1.613817e-01
2	100	R1	1.304631e+00	1.304631e+00	1.404470e-08	-1.509909e-15	1.470583e-01
2	101	R1	1.254705e+00	1.254705e+00	1.465954e-08	-2.509693e-15	8.847482e-02
2	103	R1	1.283038e+00	1.283038e+00	1.430506e-08	0.000000e+00	1.498030e-01
2	106	R1	1.164415e+00	1.164415e+00	1.589828e-08	0.000000e+00	1.239259e-01
2	107	R1	1.192748e+00	1.192748e+00	1.549032e-08	-3.121568e-15	7.113240e-02
2	110	R1	1.252348e+00	1.252348e+00	1.468971e-08	-5.332435e-15	8.328076e-02
2	111	R1	1.228199e+00	1.228199e+00	1.500518e-08	5.694320e-15	7.798810e-02
2	112	R1	1.190476e+00	1.190476e+00	1.552234e-08	0.000000e+00	1.172052e-01
2	113	R1	1.076658e+00	1.076658e+00	1.729229e-08	-5.320864e-15	4.173093e-02
2	115	R1	1.284357e+00	1.284357e+00	1.428893e-08	1.838899e-15	1.207486e-01
2	116	R1	1.192037e+00	1.192037e+00	1.550032e-08	0.000000e+00	1.942442e-01
2	118	R1	1.236858e+00	1.236858e+00	1.489072e-08	-2.001992e-15	1.109119e-01
2	119	R1	1.313888e+00	1.313888e+00	1.393557e-08	4.144720e-15	1.607186e-01
2	120	R1	1.192321e+00	1.192321e+00	1.549632e-08	-1.458358e-15	1.522566e-01
2	121	R1	1.334401e+00	1.334401e+00	1.369881e-08	-1.687420e-15	1.315882e-01
2	123	R1	1.339047e+00	1.339047e+00	1.364613e-08	0.000000e+00	1.497193e-01
2	124	R1	1.294666e+00	1.294666e+00	1.416384e-08	3.532592e-15	1.257120e-01
2	125	R1	1.187790e+00	1.187790e+00	1.556037e-08	0.000000e+00	1.650687e-01
2	127	R1	1.304972e+00	1.304972e+00	1.404066e-08	-1.136775e-15	1.953286e-01
2	128	R1	1.298364e+00	1.298364e+00	1.411943e-08	-1.675810e-15	1.324999e-01
2	130	R1	1.244400e+00	1.244400e+00	1.479226e-08	-3.381849e-15	6.565775e-02
2	133	R1	1.285017e+00	1.285017e+00	1.428086e-08	-3.972501e-15	1.117908e-01
2	135	R1	1.186099e+00	1.186099e+00	1.558438e-08	2.171021e-15	1.022766e-01
2	137	R1	1.230164e+00	1.230164e+00	1.497908e-08	0.000000e+00	8.671223e-02
2	138	R1	1.173847e+00	1.173847e+00	1.576039e-08	0.000000e+00	8.446625e-02
2	141	R1	1.266464e+00	1.266464e+00	1.451060e-08	-2.951764e-15	7.522437e-02
2	142	R1	1.246417e+00	1.246417e+00	1.476612e-08	2.236727e-15	9.927211e-02
2	143	R1	1.290656e+00	1.290656e+00	1.421227e-08	5.331869e-15	8.328960e-02
2	144	R1	1.492315e+00	1.492315e+00	1.208098e-08	1.286524e-14	3.451854e-02


