17	5.379236e+00	1.099575e-01	1.167734e-01	1.240220e-02	1.713502e+00	3.200339e-02	1.534118e-01	
18	5.767013e+00	1.197304e-01	3.281360e-02	1.217870e-02	1.615248e+00	3.235192e-02	1.583621e-01	
19	6.341154e+00	1.286728e-01	1.610441e-01	1.277880e-02	1.656726e+00	3.238796e-02	1.408938e-01	
20	7.396450e+00	1.531809e-01	1.235451e-01	1.258680e-02	1.540832e+00	3.062671e-02	1.368947e-01	
21	8.583691e+00	2.063033e-01	2.701370e-01	1.502030e-02	1.523461e+00	3.736704e-02	1.127132e-01	
22	1.029866e+01	3.181873e-01	3.250851e-01	1.874620e-02	1.386578e+00	4.114360e-02	9.486262e-02	
23	1.457726e+01	9.137349e-01	4.736995e-01	3.514260e-02	1.387155e+00	8.658895e-02	7.400492e-02	
25	1.618123e+01	9.687791e-01	6.511292e-01	3.257450e-02	1.269358e+00	7.782429e-02	4.489009e-02	
26	1.801802e+01	1.103807e+00	7.137361e-01	3.188100e-02	1.229710e+00	7.046788e-02	3.568380e-02	
27	1.633987e+01	1.201461e+00	7.012066e-01	3.790780e-02	1.216397e+00	9.395598e-02	3.684242e-02	
30	1.901141e+01	2.168602e+00	7.393995e-01	5.477040e-02	1.280410e+00	1.393532e-01	3.382408e-02	
31	1.597444e+01	1.071768e+00	6.891091e-01	3.327910e-02	1.249531e+00	8.337496e-02	3.937831e-02	
32	2.028398e+01	3.373805e+00	7.477812e-01	5.568660e-02	1.190476e+00	2.128685e-01	3.043687e-02	
33	1.730104e+01	1.077573e+00	7.300988e-01	2.851720e-02	1.157541e+00	7.315865e-02	3.166964e-02	
34	1.980198e+01	1.842957e+00	7.918822e-01	4.634330e-02	1.239465e+00	1.119943e-01	2.614840e-02	
35	2.044990e+01	2.425550e+00	8.848240e-01	5.918870e-02	1.179941e+00	1.353277e-01	1.377603e-02	
36	2.028398e+01	1.604615e+00	7.713461e-01	3.988730e-02	1.289990e+00	8.420211e-02	2.989969e-02	
37	2.061856e+01	1.700500e+00	7.537113e-01	3.871820e-02	1.237011e+00	9.012861e-02	3.088304e-02	
38	1.992032e+01	1.666640e+00	6.626070e-01	3.709040e-02	1.303611e+00	9.907512e-02	4.458471e-02	
39	1.949318e+01	2.165909e+00	7.645566e-01	5.158880e-02	1.296344e+00	1.322560e-01	3.093917e-02	
41	2.087683e+01	1.612615e+00	6.973547e-01	3.518380e-02	1.269036e+00	8.712541e-02	3.893225e-02	
45	2.074689e+01	2.023037e+00	8.512220e-01	4.942370e-02	1.243163e+00	1.197726e-01	1.874858e-02	
47	1.919386e+01	1.142053e+00	6.569102e-01	2.700430e-02	1.169864e+00	6.706054e-02	4.068601e-02	
48	1.876173e+01	1.408009e+00	7.173518e-01	3.328810e-02	1.158212e+00	8.974330e-02	3.318456e-02	
50	1.782531e+01	1.112096e+00	7.361680e-01	3.105440e-02	1.289324e+00	8.494646e-02	3.448193e-02	
51	1.897533e+01	1.224215e+00	7.121181e-01	2.982660e-02	1.181335e+00	7.284782e-02	3.447381e-02	
52	1.886792e+01	2.491990e+00	7.163311e-01	5.245470e-02	1.252348e+00	1.653068e-01	3.601129e-02	
53	1.766784e+01	1.685625e+00	8.638720e-01	5.297920e-02	1.201634e+00	1.169579e-01	1.658142e-02	
54	1.631321e+01	1.703174e+00	6.618114e-01	4.339350e-02	1.284192e+00	1.274791e-01	4.402411e-02	
56	1.908397e+01	4.989511e+00	5.489223e-01	7.051170e-02	9.856101e-01	3.512681e-01	4.506697e-02	
59	2.024291e+01	2.376699e+00	8.353813e-01	4.557630e-02	1.275998e+00	1.475124e-01	2.129272e-02	
62	2.702703e+01	3.798393e+00	8.181033e-01	5.406570e-02	1.314233e+00	1.564851e-01	2.423255e-02	
64	1.890359e+01	1.572321e+00	8.247297e-01	4.111570e-02	1.210068e+00	1.001557e-01	2.149908e-02	
65	1.739130e+01	1.361059e+00	7.548732e-01	3.501710e-02	1.220703e+00	1.013279e-01	3.033211e-02	
66	1.751313e+01	2.024285e+00	7.811744e-01	4.961960e-02	1.270164e+00	1.490704e-01	2.817473e-02	
67	1.904762e+01	1.414966e+00	8.468966e-01	3.666060e-02	1.238083e+00	9.702944e-02	1.921483e-02	
68	1.795332e+01	4.415808e+00	7.609984e-01	8.254880e-02	1.289990e+00	3.316498e-01	3.125280e-02	
69	1.897533e+01	1.656291e+00	8.052130e-01	4.005750e-02	1.196745e+00	1.071284e-01	2.362998e-02	
70	1.968504e+01	2.867506e+00	7.364981e-01	5.792670e-02	1.338151e+00	1.856901e-01	3.574297e-02	
72	1.555210e+01	1.620514e+00	5.947284e-01	4.332320e-02	1.291990e+00	1.405498e-01	5.307708e-02	
73	1.960784e+01	1.960784e+00	7.991094e-01	4.956410e-02	1.312164e+00	1.210407e-01	2.672080e-02	
74	1.949318e+01	2.545893e+00	6.886392e-01	5.486350e-02	1.290156e+00	1.567962e-01	4.072003e-02	
75	1.964637e+01	1.389527e+00	7.875299e-01	3.685780e-02	1.272750e+00	8.715028e-02	2.741214e-02	
76	1.960784e+01	1.268743e+00	7.894626e-01	3.524630e-02	1.338330e+00	8.006336e-02	2.856237e-02	
79	1.766784e+01	1.591979e+00	6.704895e-01	4.183300e-02	1.195600e+00	1.072095e-01	3.993531e-02	
80	1.879699e+01	1.271977e+00	7.423310e-01	3.769620e-02	1.250625e+00	8.258256e-02	3.266564e-02	
81	2.024291e+01	1.516170e+00	6.480404e-01	3.369870e-02	1.339585e+00	8.936546e-02	4.779306e-02	
82	1.988072e+01	2.331933e+00	7.273574e-01	4.947930e-02	1.232894e+00	1.407545e-01	3.407385e-02	
83	1.828154e+01	1.771337e+00	7.798306e-01	4.731600e-02	1.276324e+00	1.200576e-01	2.848523e-02	
85	2.202643e+01	2.716917e+00	7.540214e-01	4.602610e-02	1.269841e+00	1.483497e-01	3.166275e-02	
87	1.742160e+01	1.517561e+00	7.079179e-01	4.227290e-02	1.312164e+00	1.088161e-01	3.885034e-02	
88	1.972387e+01	1.711736e+00	6.976225e-01	3.995620e-02	1.332268e+00	1.068512e-01	4.083596e-02	
91	1.851852e+01	1.131687e+00	6.732117e-01	2.790750e-02	1.254705e+00	7.304682e-02	4.156330e-02	
93	1.865672e+01	1.357485e+00	6.652460e-01	2.995910e-02	1.173709e+00	8.582402e-02	3.982796e-02	
96	2.044990e+01	2.300091e+00	8.086199e-01	5.956010e-02	1.287333e+00	1.355610e-01	2.497407e-02	
98	1.934236e+01	2.731126e+00	6.930575e-01	5.757520e-02	1.326964e+00	1.737942e-01	4.128744e-02	
99	1.724138e+01	2.318668e+00	7.408852e-01	5.898470e-02	1.191895e+00	1.613817e-01	3.130633e-02	
100	1.727116e+01	1.968733e+00	8.232126e-01	5.760300e-02	1.304631e+00	1.470583e-01	2.337981e-02	
101	1.680672e+01	1.242850e+00	7.239723e-01	3.301060e-02	1.254705e+00	8.847482e-02	3.510720e-02	
103	1.949318e+01	2.241905e+00	8.101242e-01	5.219580e-02	1.283038e+00	1.498030e-01	2.469512e-02	
106	1.901141e+01	2.096315e+00	7.321889e-01	4.623420e-02	1.164415e+00	1.239259e-01	3.161101e-02	
107	2.044990e+01	1.380054e+00	7.549911e-01	3.294690e-02	1.192748e+00	7.113240e-02	2.962323e-02	
110	1.801802e+01	1.233666e+00	7.538946e-01	3.133060e-02	1.252348e+00	8.328076e-02	3.124266e-02	
111	1.831502e+01	1.274672e+00	7.647952e-01	3.511980e-02	1.228199e+00	7.798810e-02	2.928309e-02	
112	1.766784e+01	1.623194e+00	6.743358e-01	3.979320e-02	1.190476e+00	1.172052e-01	3.930000e-02	
113	1.282051e+01	4.766601e-01	4.869887e-01	2.102530e-02	1.076658e+00	4.173093e-02	5.598950e-02	
115	1.934236e+01	1.982872e+00	6.154131e-01	4.017590e-02	1.284357e+00	1.207486e-01	5.007050e-02	
116	1.886792e+01	2.990388e+00	7.671061e-01	6.707680e-02	1.192037e+00	1.942442e-01	2.814166e-02	
118	1.912046e+01	1.718282e+00	7.792954e-01	4.353390e-02	1.236858e+00	1.109119e-01	2.767153e-02	
119	1.901141e+01	2.385462e+00	7.851172e-01	5.400000e-02	1.313888e+00	1.607186e-01	2.861948e-02	
120	1.893939e+01	2.439164e+00	7.612705e-01	5.175520e-02	1.192321e+00	1.522566e-01	2.885368e-02	
121	1.672241e+01	1.621906e+00	7.042131e-01	4.112180e-02	1.334401e+00	1.315882e-01	4.000986e-02	
123	1.703578e+01	1.944458e+00	7.556027e-01	4.791030e-02	1.339047e+00	1.497193e-01	3.317370e-02	
124	1.650165e+01	1.579366e+00	7.717857e-01	4.245110e-02	1.294666e+00	1.257120e-01	2.995039e-02	
125	1.718213e+01	2.037057e+00	6.048160e-01	4.268490e-02	1.187790e+00	1.650687e-01	4.758178e-02	
127	1.628664e+01	2.148564e+00	6.669700e-01	5.302640e-02	1.304972e+00	1.953286e-01	4.405410e-02	
128	1.831502e+01	1.811375e+00	7.990865e-01	4.470790e-02	1.298364e+00	1.324999e-01	2.644280e-02	
130	1.930502e+01	1.043515e+00	7.979011e-01	2.818630e-02	1.244400e+00	6.565775e-02	2.549329e-02	
133	2.262443e+01	2.149833e+00	8.728390e-01	4.853660e-02	1.285017e+00	1.117908e-01	1.656397e-02	
135	2.096436e+01	1.889869e+00	7.529706e-01	4.037200e-02	1.186099e+00	1.022766e-01	2.970102e-02	
137	1.964637e+01	1.466723e+00	7.554936e-01	3.205460e-02	1.230164e+00	8.671223e-02	3.048983e-02	
138	1.964637e+01	1.505321e+00	6.577691e-01	3.026880e-02	1.173847e+00	8.446625e-02	4.072231e-02	
141	1.949318e+01	1.253947e+00	7.985535e-01	3.387920e-02	1.266464e+00	7.522437e-02	2.586154e-02	
142	1.953125e+01	1.678467e+00	7.334569e-01	3.928230e-02	1.246417e+00	9.927211e-02	3.367693e-02	
143	1.689189e+01	1.141344e+00	6.558922e-01	3.312700e-02	1.290656e+00	8.328960e-02	4.502013e-02	
144	8.771930e+00	2.077562e-01	1.474210e-01	1.415650e-02	1.492315e+00	3.451854e-02	1.289724e-01	
