17	5.005005e+00	7.765523e-02	1.762539e-01	1.175030e-02	1.547269e+00	9.576166e-03	1.291996e-01	
18	5.361930e+00	8.625089e-02	1.794125e-01	1.296560e-02	1.521838e+00	9.958766e-03	1.265888e-01	
19	5.770340e+00	8.657176e-02	2.280505e-01	1.273600e-02	1.522533e+00	9.736055e-03	1.191400e-01	
20	6.527415e+00	9.373573e-02	1.738227e-01	1.406870e-02	1.393922e+00	9.132194e-03	1.167384e-01	
21	7.668712e+00	1.176183e-01	3.407168e-01	1.438620e-02	1.407460e+00	1.030090e-02	9.406104e-02	
22	9.233610e+00	1.449413e-01	3.772730e-01	1.662330e-02	1.259922e+00	1.063560e-02	7.953223e-02	
23	1.199041e+01	3.019167e-01	5.214731e-01	2.449130e-02	1.225190e+00	1.771287e-02	5.943080e-02	
25	1.360544e+01	3.146837e-01	6.322744e-01	2.334910e-02	1.208021e+00	1.663620e-02	4.502983e-02	
26	1.479290e+01	3.501278e-01	6.242089e-01	2.368880e-02	1.106439e+00	1.530260e-02	4.214790e-02	
27	1.394700e+01	4.279415e-01	7.376401e-01	2.843150e-02	1.076426e+00	1.784388e-02	2.862751e-02	
30	1.540832e+01	5.697992e-01	8.015922e-01	3.414670e-02	1.187366e+00	2.467218e-02	2.388061e-02	
31	1.416431e+01	4.012551e-01	7.228355e-01	2.469430e-02	1.090275e+00	1.866257e-02	3.063200e-02	
32	1.721170e+01	1.629335e+00	8.084730e-01	4.903570e-02	1.051525e+00	5.528521e-02	2.041509e-02	
33	1.459854e+01	3.409878e-01	8.157986e-01	2.426970e-02	1.111852e+00	1.631805e-02	2.076069e-02	
34	1.672241e+01	5.313140e-01	8.005082e-01	2.906230e-02	1.119821e+00	1.956238e-02	2.264516e-02	
35	1.631321e+01	6.120782e-01	7.686540e-01	3.240990e-02	1.144951e+00	2.464515e-02	2.685039e-02	
36	1.607717e+01	3.877131e-01	7.560502e-01	2.419870e-02	1.147315e+00	1.605925e-02	2.837168e-02	
37	1.594896e+01	4.324280e-01	8.169903e-01	2.788920e-02	1.120197e+00	1.719133e-02	2.078119e-02	
38	1.686341e+01	4.834366e-01	7.530488e-01	2.621130e-02	1.123469e+00	1.842787e-02	2.812381e-02	
39	1.615509e+01	5.480725e-01	7.833434e-01	3.153950e-02	1.135074e+00	2.228919e-02	2.492860e-02	
41	1.811594e+01	4.922810e-01	8.090914e-01	2.622210e-02	1.112842e+00	1.721401e-02	2.153580e-02	
45	1.647446e+01	5.428160e-01	8.220652e-01	3.017370e-02	1.146526e+00	2.063799e-02	2.067982e-02	
47	1.587302e+01	3.527337e-01	8.161519e-01	2.212110e-02	1.122209e+00	1.448255e-02	2.091388e-02	
48	1.494768e+01	4.021798e-01	7.716898e-01	2.653060e-02	1.075963e+00	1.794429e-02	2.490144e-02	
50	1.390821e+01	3.481887e-01	7.531904e-01	2.381270e-02	1.172745e+00	1.691658e-02	2.934051e-02	
51	1.757469e+01	4.324177e-01	1.103264e+00	2.987540e-02	1.195743e+00	1.658570e-02	-1.251667e-02	
52	1.440922e+01	6.021145e-01	7.804552e-01	3.296360e-02	1.111235e+00	2.716653e-02	2.473038e-02	
53	1.481481e+01	5.267490e-01	7.935073e-01	3.047480e-02	1.096972e+00	2.202127e-02	2.296160e-02	
54	1.508296e+01	5.687389e-01	8.029344e-01	3.377130e-02	1.160362e+00	2.477450e-02	2.317961e-02	
56	1.712329e+01	2.990711e+00	8.381737e-01	7.370690e-02	1.202646e+00	1.171549e-01	1.972826e-02	
59	1.597444e+01	5.869204e-01	7.927999e-01	3.113340e-02	1.137139e+00	2.599101e-02	2.388391e-02	
62	1.584786e+01	5.525403e-01	7.574532e-01	3.025650e-02	1.202501e+00	2.458216e-02	2.956534e-02	
64	1.400560e+01	3.923138e-01	7.675026e-01	2.736210e-02	1.139601e+00	1.999984e-02	2.685795e-02	
65	1.367989e+01	3.742788e-01	7.930780e-01	2.582330e-02	1.123848e+00	1.793509e-02	2.357307e-02	
66	1.369863e+01	5.066617e-01	7.977569e-01	3.245460e-02	1.152605e+00	2.550716e-02	2.362958e-02	
67	1.485884e+01	3.974133e-01	7.956108e-01	2.581530e-02	1.183712e+00	1.877574e-02	2.452482e-02	
68	1.453488e+01	9.929354e-01	7.937472e-01	4.902550e-02	1.223840e+00	5.152382e-02	2.558742e-02	
69	1.445087e+01	4.176551e-01	7.878584e-01	2.519890e-02	1.108279e+00	1.817857e-02	2.383289e-02	
70	1.592357e+01	8.113919e-01	8.519548e-01	4.345230e-02	1.133401e+00	3.442724e-02	1.700904e-02	
72	1.430615e+01	5.525981e-01	7.377868e-01	3.600830e-02	1.134945e+00	2.679248e-02	3.016694e-02	
73	1.540832e+01	4.985743e-01	7.541131e-01	2.941790e-02	1.173709e+00	2.190372e-02	2.925483e-02	
74	1.485884e+01	6.181984e-01	8.003132e-01	3.789330e-02	1.175088e+00	2.816898e-02	2.378601e-02	
75	1.533742e+01	3.763785e-01	8.229191e-01	2.542000e-02	1.162520e+00	1.648773e-02	2.086768e-02	
76	1.623377e+01	3.689492e-01	8.650809e-01	2.454880e-02	1.225340e+00	1.516473e-02	1.675837e-02	
79	1.392758e+01	4.267503e-01	7.402585e-01	2.982350e-02	1.058537e+00	1.927261e-02	2.787079e-02	
80	1.464129e+01	3.644245e-01	7.583740e-01	2.471070e-02	1.141553e+00	1.550739e-02	2.796027e-02	
81	1.655629e+01	4.385773e-01	7.330647e-01	2.649370e-02	1.217582e+00	1.779007e-02	3.294625e-02	
82	1.522070e+01	6.023413e-01	7.626682e-01	3.491700e-02	1.157541e+00	2.639607e-02	2.784802e-02	
83	1.876173e+01	7.744052e-01	1.160119e+00	4.176720e-02	1.244245e+00	2.662812e-02	-2.019532e-02	
85	1.597444e+01	5.869204e-01	8.368790e-01	3.294690e-02	1.193317e+00	2.563212e-02	1.973185e-02	
87	1.379310e+01	3.995244e-01	7.192651e-01	2.765220e-02	1.139341e+00	1.947148e-02	3.242292e-02	
88	1.577287e+01	4.229319e-01	7.841647e-01	2.713300e-02	1.172883e+00	1.912160e-02	2.566132e-02	
91	1.416431e+01	3.210041e-01	7.889494e-01	2.402800e-02	1.166453e+00	1.564704e-02	2.495489e-02	
93	1.543210e+01	3.810395e-01	7.448253e-01	2.542240e-02	1.130071e+00	1.698491e-02	2.923111e-02	
96	1.605136e+01	6.441157e-01	7.831696e-01	3.502000e-02	1.157006e+00	2.583618e-02	2.543065e-02	
98	1.602564e+01	6.934172e-01	7.912900e-01	3.842400e-02	1.147315e+00	2.935421e-02	2.427325e-02	
99	1.353180e+01	5.676398e-01	7.980547e-01	3.445720e-02	1.165365e+00	2.688991e-02	2.385600e-02	
100	1.547988e+01	5.751038e-01	8.078123e-01	3.196870e-02	1.155669e+00	2.444093e-02	2.251442e-02	
101	1.449275e+01	3.780718e-01	8.408121e-01	2.711740e-02	1.136235e+00	1.833261e-02	1.833496e-02	
103	1.620746e+01	6.304359e-01	7.868240e-01	3.176000e-02	1.134945e+00	2.601962e-02	2.452533e-02	
106	1.658375e+01	5.775435e-01	7.986084e-01	3.184340e-02	1.116570e+00	2.306447e-02	2.279445e-02	
107	1.773050e+01	4.086817e-01	7.943165e-01	2.313240e-02	1.130710e+00	1.508636e-02	2.357505e-02	
110	1.587302e+01	4.031242e-01	7.729318e-01	2.486080e-02	1.147579e+00	1.751526e-02	2.641439e-02	
111	1.464129e+01	3.429877e-01	7.762496e-01	2.318400e-02	1.148501e+00	1.582866e-02	2.604936e-02	
112	1.400560e+01	5.688550e-01	6.693400e-01	2.839990e-02	1.064056e+00	2.649384e-02	3.566548e-02	
113	1.113586e+01	1.736102e-01	5.331340e-01	1.526000e-02	9.809692e-01	8.949395e-03	4.642474e-02	
115	1.545595e+01	5.255501e-01	7.650580e-01	2.778260e-02	1.143249e+00	2.195791e-02	2.722722e-02	
116	1.381215e+01	6.677147e-01	7.910511e-01	4.208210e-02	1.112347e+00	3.377873e-02	2.356038e-02	
118	1.552795e+01	4.822345e-01	7.600079e-01	2.784850e-02	1.112595e+00	1.943451e-02	2.706673e-02	
119	1.481481e+01	5.706447e-01	8.174841e-01	3.464680e-02	1.131990e+00	2.626873e-02	2.094330e-02	
120	1.655629e+01	6.852770e-01	8.222570e-01	3.487980e-02	1.164280e+00	2.778873e-02	2.097740e-02	
121	1.519757e+01	5.081254e-01	8.051521e-01	2.850060e-02	1.195600e+00	2.344314e-02	2.361476e-02	
123	1.529052e+01	6.078800e-01	7.708178e-01	3.157280e-02	1.150483e+00	2.647223e-02	2.672779e-02	
124	1.424501e+01	6.290533e-01	7.544097e-01	3.004920e-02	1.130710e+00	2.748786e-02	2.814909e-02	
125	1.356852e+01	7.548295e-01	6.700287e-01	3.370760e-02	1.076658e+00	3.547129e-02	3.601271e-02	
127	1.385042e+01	7.865194e-01	6.167448e-01	3.355000e-02	1.184273e+00	3.730656e-02	4.600888e-02	
128	1.453488e+01	5.070308e-01	7.362900e-01	2.996800e-02	1.176332e+00	2.421576e-02	3.144549e-02	
130	1.531394e+01	3.283233e-01	7.403266e-01	1.713450e-02	1.131990e+00	1.332658e-02	2.979696e-02	
133	1.683502e+01	5.101520e-01	8.044739e-01	2.632100e-02	1.126253e+00	1.928037e-02	2.232248e-02	
135	1.703578e+01	5.223917e-01	7.965128e-01	2.846520e-02	1.136364e+00	2.014463e-02	2.343993e-02	
137	1.529052e+01	4.208400e-01	8.161854e-01	2.635140e-02	1.114703e+00	1.752013e-02	2.077021e-02	
138	1.536098e+01	4.011317e-01	7.417520e-01	2.604570e-02	1.100352e+00	1.743516e-02	2.880517e-02	
141	1.526718e+01	3.496300e-01	7.698381e-01	2.377030e-02	1.165909e+00	1.522465e-02	2.720194e-02	
142	1.557632e+01	4.609816e-01	7.649573e-01	3.282830e-02	1.160901e+00	2.048490e-02	2.765946e-02	
143	1.360544e+01	3.146837e-01	6.508988e-01	2.203770e-02	1.153403e+00	1.516585e-02	4.081634e-02	
144	7.385524e+00	9.272815e-02	2.094722e-01	1.172000e-02	1.375327e+00	8.133550e-03	1.102110e-01	
